torchrun --redirects 1:0,2:0,3:0 --standalone --nnodes=1 --nproc_per_node=4 submission_runner.py --framework=pytorch --workload=criteo1tb --submission_path=submissions_algorithms/submissions/self_tuning/ademamix_golden/submission.py --data_dir=/data/criteo1tb --experiment_dir=/experiment_runs --experiment_name=submissions_a100/ademamix_golden/study_2 --overwrite=True --save_checkpoints=False --rng_seed=-826981189 --torch_compile=true --tuning_ruleset=self 2>&1 | tee -a /logs/criteo1tb_pytorch_09-14-2026-22-26-15.log
W0914 22:26:43.657000 9 site-packages/torch/distributed/run.py:803] 
W0914 22:26:43.657000 9 site-packages/torch/distributed/run.py:803] *****************************************
W0914 22:26:43.657000 9 site-packages/torch/distributed/run.py:803] Setting OMP_NUM_THREADS environment variable for each process to be 1 in default, to avoid your system being overloaded, please further tune the variable for optimal performance in your application as needed. 
W0914 22:26:43.657000 9 site-packages/torch/distributed/run.py:803] *****************************************
2026-09-14 22:26:59.801131: E external/local_xla/xla/stream_executor/cuda/cuda_fft.cc:467] Unable to register cuFFT factory: Attempting to register factory for plugin cuFFT when one has already been registered
2026-09-14 22:26:59.801131: E external/local_xla/xla/stream_executor/cuda/cuda_fft.cc:467] Unable to register cuFFT factory: Attempting to register factory for plugin cuFFT when one has already been registered
2026-09-14 22:26:59.801176: E external/local_xla/xla/stream_executor/cuda/cuda_fft.cc:467] Unable to register cuFFT factory: Attempting to register factory for plugin cuFFT when one has already been registered
2026-09-14 22:26:59.801131: E external/local_xla/xla/stream_executor/cuda/cuda_fft.cc:467] Unable to register cuFFT factory: Attempting to register factory for plugin cuFFT when one has already been registered
WARNING: All log messages before absl::InitializeLog() is called are written to STDERR
WARNING: All log messages before absl::InitializeLog() is called are written to STDERR
E0000 00:00:1789424820.321323      40 cuda_dnn.cc:8579] Unable to register cuDNN factory: Attempting to register factory for plugin cuDNN when one has already been registered
E0000 00:00:1789424820.321311      38 cuda_dnn.cc:8579] Unable to register cuDNN factory: Attempting to register factory for plugin cuDNN when one has already been registered
WARNING: All log messages before absl::InitializeLog() is called are written to STDERR
E0000 00:00:1789424820.321333      39 cuda_dnn.cc:8579] Unable to register cuDNN factory: Attempting to register factory for plugin cuDNN when one has already been registered
WARNING: All log messages before absl::InitializeLog() is called are written to STDERR
E0000 00:00:1789424820.321304      41 cuda_dnn.cc:8579] Unable to register cuDNN factory: Attempting to register factory for plugin cuDNN when one has already been registered
E0000 00:00:1789424820.406534      40 cuda_blas.cc:1407] Unable to register cuBLAS factory: Attempting to register factory for plugin cuBLAS when one has already been registered
E0000 00:00:1789424820.406539      39 cuda_blas.cc:1407] Unable to register cuBLAS factory: Attempting to register factory for plugin cuBLAS when one has already been registered
E0000 00:00:1789424820.406543      38 cuda_blas.cc:1407] Unable to register cuBLAS factory: Attempting to register factory for plugin cuBLAS when one has already been registered
E0000 00:00:1789424820.406560      41 cuda_blas.cc:1407] Unable to register cuBLAS factory: Attempting to register factory for plugin cuBLAS when one has already been registered
W0000 00:00:1789424821.741981      38 computation_placer.cc:177] computation placer already registered. Please check linkage and avoid linking the same target more than once.
W0000 00:00:1789424821.741981      40 computation_placer.cc:177] computation placer already registered. Please check linkage and avoid linking the same target more than once.
W0000 00:00:1789424821.741983      39 computation_placer.cc:177] computation placer already registered. Please check linkage and avoid linking the same target more than once.
W0000 00:00:1789424821.741985      41 computation_placer.cc:177] computation placer already registered. Please check linkage and avoid linking the same target more than once.
W0000 00:00:1789424821.742024      41 computation_placer.cc:177] computation placer already registered. Please check linkage and avoid linking the same target more than once.
W0000 00:00:1789424821.742024      40 computation_placer.cc:177] computation placer already registered. Please check linkage and avoid linking the same target more than once.
W0000 00:00:1789424821.742024      39 computation_placer.cc:177] computation placer already registered. Please check linkage and avoid linking the same target more than once.
W0000 00:00:1789424821.742027      41 computation_placer.cc:177] computation placer already registered. Please check linkage and avoid linking the same target more than once.
W0000 00:00:1789424821.742026      38 computation_placer.cc:177] computation placer already registered. Please check linkage and avoid linking the same target more than once.
W0000 00:00:1789424821.742027      40 computation_placer.cc:177] computation placer already registered. Please check linkage and avoid linking the same target more than once.
W0000 00:00:1789424821.742028      39 computation_placer.cc:177] computation placer already registered. Please check linkage and avoid linking the same target more than once.
W0000 00:00:1789424821.742029      41 computation_placer.cc:177] computation placer already registered. Please check linkage and avoid linking the same target more than once.
W0000 00:00:1789424821.742030      38 computation_placer.cc:177] computation placer already registered. Please check linkage and avoid linking the same target more than once.
W0000 00:00:1789424821.742030      40 computation_placer.cc:177] computation placer already registered. Please check linkage and avoid linking the same target more than once.
W0000 00:00:1789424821.742031      39 computation_placer.cc:177] computation placer already registered. Please check linkage and avoid linking the same target more than once.
W0000 00:00:1789424821.742032      38 computation_placer.cc:177] computation placer already registered. Please check linkage and avoid linking the same target more than once.
W0000 00:00:1789424852.251685      41 gpu_device.cc:2341] Cannot dlopen some GPU libraries. Please make sure the missing libraries mentioned above are installed properly if you would like to use GPU. Follow the guide at https://www.tensorflow.org/install/gpu for how to download and setup the required libraries for your platform.
Skipping registering GPU devices...
W0000 00:00:1789424852.251717      39 gpu_device.cc:2341] Cannot dlopen some GPU libraries. Please make sure the missing libraries mentioned above are installed properly if you would like to use GPU. Follow the guide at https://www.tensorflow.org/install/gpu for how to download and setup the required libraries for your platform.
Skipping registering GPU devices...
W0000 00:00:1789424852.396547      40 gpu_device.cc:2341] Cannot dlopen some GPU libraries. Please make sure the missing libraries mentioned above are installed properly if you would like to use GPU. Follow the guide at https://www.tensorflow.org/install/gpu for how to download and setup the required libraries for your platform.
Skipping registering GPU devices...
W0000 00:00:1789424852.410173      38 gpu_device.cc:2341] Cannot dlopen some GPU libraries. Please make sure the missing libraries mentioned above are installed properly if you would like to use GPU. Follow the guide at https://www.tensorflow.org/install/gpu for how to download and setup the required libraries for your platform.
Skipping registering GPU devices...
/usr/local/lib/python3.11/site-packages/torch/__init__.py:1617: UserWarning: Please use the new API settings to control TF32 behavior, such as torch.backends.cudnn.conv.fp32_precision = 'tf32' or torch.backends.cuda.matmul.fp32_precision = 'ieee'. Old settings, e.g, torch.backends.cuda.matmul.allow_tf32 = True, torch.backends.cudnn.allow_tf32 = True, allowTF32CuDNN() and allowTF32CuBLAS() will be deprecated after Pytorch 2.9. Please see https://pytorch.org/docs/main/notes/cuda.html#tensorfloat-32-tf32-on-ampere-and-later-devices (Triggered internally at /pytorch/aten/src/ATen/Context.cpp:80.)
  _C._set_float32_matmul_precision(precision)
/usr/local/lib/python3.11/site-packages/torch/__init__.py:1617: UserWarning: Please use the new API settings to control TF32 behavior, such as torch.backends.cudnn.conv.fp32_precision = 'tf32' or torch.backends.cuda.matmul.fp32_precision = 'ieee'. Old settings, e.g, torch.backends.cuda.matmul.allow_tf32 = True, torch.backends.cudnn.allow_tf32 = True, allowTF32CuDNN() and allowTF32CuBLAS() will be deprecated after Pytorch 2.9. Please see https://pytorch.org/docs/main/notes/cuda.html#tensorfloat-32-tf32-on-ampere-and-later-devices (Triggered internally at /pytorch/aten/src/ATen/Context.cpp:80.)
  _C._set_float32_matmul_precision(precision)
/usr/local/lib/python3.11/site-packages/torch/__init__.py:1617: UserWarning: Please use the new API settings to control TF32 behavior, such as torch.backends.cudnn.conv.fp32_precision = 'tf32' or torch.backends.cuda.matmul.fp32_precision = 'ieee'. Old settings, e.g, torch.backends.cuda.matmul.allow_tf32 = True, torch.backends.cudnn.allow_tf32 = True, allowTF32CuDNN() and allowTF32CuBLAS() will be deprecated after Pytorch 2.9. Please see https://pytorch.org/docs/main/notes/cuda.html#tensorfloat-32-tf32-on-ampere-and-later-devices (Triggered internally at /pytorch/aten/src/ATen/Context.cpp:80.)
  _C._set_float32_matmul_precision(precision)
/usr/local/lib/python3.11/site-packages/torch/__init__.py:1617: UserWarning: Please use the new API settings to control TF32 behavior, such as torch.backends.cudnn.conv.fp32_precision = 'tf32' or torch.backends.cuda.matmul.fp32_precision = 'ieee'. Old settings, e.g, torch.backends.cuda.matmul.allow_tf32 = True, torch.backends.cudnn.allow_tf32 = True, allowTF32CuDNN() and allowTF32CuBLAS() will be deprecated after Pytorch 2.9. Please see https://pytorch.org/docs/main/notes/cuda.html#tensorfloat-32-tf32-on-ampere-and-later-devices (Triggered internally at /pytorch/aten/src/ATen/Context.cpp:80.)
  _C._set_float32_matmul_precision(precision)
/usr/local/lib/python3.11/site-packages/pydantic/_internal/_generate_schema.py:2249: UnsupportedFieldAttributeWarning: The 'repr' attribute with value False was provided to the `Field()` function, which has no effect in the context it was used. 'repr' is field-specific metadata, and can only be attached to a model field using `Annotated` metadata or by assignment. This may have happened because an `Annotated` type alias using the `type` statement was used, or if the `Field()` function was attached to a single member of a union type.
  warnings.warn(
/usr/local/lib/python3.11/site-packages/pydantic/_internal/_generate_schema.py:2249: UnsupportedFieldAttributeWarning: The 'repr' attribute with value False was provided to the `Field()` function, which has no effect in the context it was used. 'repr' is field-specific metadata, and can only be attached to a model field using `Annotated` metadata or by assignment. This may have happened because an `Annotated` type alias using the `type` statement was used, or if the `Field()` function was attached to a single member of a union type.
  warnings.warn(
/usr/local/lib/python3.11/site-packages/pydantic/_internal/_generate_schema.py:2249: UnsupportedFieldAttributeWarning: The 'repr' attribute with value False was provided to the `Field()` function, which has no effect in the context it was used. 'repr' is field-specific metadata, and can only be attached to a model field using `Annotated` metadata or by assignment. This may have happened because an `Annotated` type alias using the `type` statement was used, or if the `Field()` function was attached to a single member of a union type.
  warnings.warn(
/usr/local/lib/python3.11/site-packages/pydantic/_internal/_generate_schema.py:2249: UnsupportedFieldAttributeWarning: The 'repr' attribute with value False was provided to the `Field()` function, which has no effect in the context it was used. 'repr' is field-specific metadata, and can only be attached to a model field using `Annotated` metadata or by assignment. This may have happened because an `Annotated` type alias using the `type` statement was used, or if the `Field()` function was attached to a single member of a union type.
  warnings.warn(
/usr/local/lib/python3.11/site-packages/pydantic/_internal/_generate_schema.py:2249: UnsupportedFieldAttributeWarning: The 'frozen' attribute with value True was provided to the `Field()` function, which has no effect in the context it was used. 'frozen' is field-specific metadata, and can only be attached to a model field using `Annotated` metadata or by assignment. This may have happened because an `Annotated` type alias using the `type` statement was used, or if the `Field()` function was attached to a single member of a union type.
  warnings.warn(
/usr/local/lib/python3.11/site-packages/pydantic/_internal/_generate_schema.py:2249: UnsupportedFieldAttributeWarning: The 'frozen' attribute with value True was provided to the `Field()` function, which has no effect in the context it was used. 'frozen' is field-specific metadata, and can only be attached to a model field using `Annotated` metadata or by assignment. This may have happened because an `Annotated` type alias using the `type` statement was used, or if the `Field()` function was attached to a single member of a union type.
  warnings.warn(
/usr/local/lib/python3.11/site-packages/pydantic/_internal/_generate_schema.py:2249: UnsupportedFieldAttributeWarning: The 'frozen' attribute with value True was provided to the `Field()` function, which has no effect in the context it was used. 'frozen' is field-specific metadata, and can only be attached to a model field using `Annotated` metadata or by assignment. This may have happened because an `Annotated` type alias using the `type` statement was used, or if the `Field()` function was attached to a single member of a union type.
  warnings.warn(
/usr/local/lib/python3.11/site-packages/pydantic/_internal/_generate_schema.py:2249: UnsupportedFieldAttributeWarning: The 'frozen' attribute with value True was provided to the `Field()` function, which has no effect in the context it was used. 'frozen' is field-specific metadata, and can only be attached to a model field using `Annotated` metadata or by assignment. This may have happened because an `Annotated` type alias using the `type` statement was used, or if the `Field()` function was attached to a single member of a union type.
  warnings.warn(
/usr/local/lib/python3.11/site-packages/torch/distributed/distributed_c10d.py:4876: UserWarning: barrier(): using the device under current context. You can specify `device_id` in `init_process_group` to mute this warning.
  warnings.warn(  # warn only once
[rank0]:[W914 22:27:40.445159598 ProcessGroupNCCL.cpp:5068] Guessing device ID based on global rank. This can cause a hang if rank to GPU mapping is heterogeneous. You can specify device_id in init_process_group()
I0914 22:27:43.228543 140430692230336 logger_utils.py:84] Creating experiment directory at /experiment_runs/submissions_a100/ademamix_golden/study_2/criteo1tb_pytorch.
I0914 22:27:43.228545 139969034814656 logger_utils.py:84] Creating experiment directory at /experiment_runs/submissions_a100/ademamix_golden/study_2/criteo1tb_pytorch.
I0914 22:27:43.228534 140006173705408 logger_utils.py:84] Creating experiment directory at /experiment_runs/submissions_a100/ademamix_golden/study_2/criteo1tb_pytorch.
I0914 22:27:43.228574 139983003481280 logger_utils.py:84] Creating experiment directory at /experiment_runs/submissions_a100/ademamix_golden/study_2/criteo1tb_pytorch.
I0914 22:27:43.455733 140430692230336 submission_runner.py:741] Creating directory at /experiment_runs/submissions_a100/ademamix_golden/study_2/criteo1tb_pytorch/trial_1.
I0914 22:27:43.728600 140430692230336 submission_runner.py:242] Initializing dataset.
I0914 22:27:43.728780 140430692230336 submission_runner.py:251] Initializing model.
W0914 22:27:58.932130 140006173705408 submission_runner.py:273] These workloads cannot be fully compiled under current PyTorch version. Proceeding without `torch.compile`.
W0914 22:27:58.932133 140430692230336 submission_runner.py:273] These workloads cannot be fully compiled under current PyTorch version. Proceeding without `torch.compile`.
W0914 22:27:58.932135 139983003481280 submission_runner.py:273] These workloads cannot be fully compiled under current PyTorch version. Proceeding without `torch.compile`.
W0914 22:27:58.932179 139969034814656 submission_runner.py:273] These workloads cannot be fully compiled under current PyTorch version. Proceeding without `torch.compile`.
I0914 22:27:58.932327 140430692230336 submission_runner.py:294] Initializing optimizer.
I0914 22:27:58.932711 140430692230336 submission_runner.py:299] Initializing metrics bundle.
I0914 22:27:58.932871 140430692230336 submission_runner.py:321] Initializing checkpoint and logger.
I0914 22:27:58.934438 140430692230336 submission_runner.py:344] Saving meta data to /experiment_runs/submissions_a100/ademamix_golden/study_2/criteo1tb_pytorch/trial_1/meta_data_0.json.
I0914 22:27:58.934554 140006173705408 logger_utils.py:283] Unable to record workload.train_mean information. Continuing without it.
I0914 22:27:58.934573 139983003481280 logger_utils.py:283] Unable to record workload.train_mean information. Continuing without it.
I0914 22:27:58.934639 140430692230336 logger_utils.py:283] Unable to record workload.train_mean information. Continuing without it.
I0914 22:27:58.934574 139969034814656 logger_utils.py:283] Unable to record workload.train_mean information. Continuing without it.
I0914 22:27:58.934685 139983003481280 logger_utils.py:283] Unable to record workload.train_stddev information. Continuing without it.
I0914 22:27:58.934686 140006173705408 logger_utils.py:283] Unable to record workload.train_stddev information. Continuing without it.
I0914 22:27:58.934695 140430692230336 logger_utils.py:283] Unable to record workload.train_stddev information. Continuing without it.
I0914 22:27:58.934710 139969034814656 logger_utils.py:283] Unable to record workload.train_stddev information. Continuing without it.
I0914 22:27:59.354190 140430692230336 submission_runner.py:348] Saving flags to /experiment_runs/submissions_a100/ademamix_golden/study_2/criteo1tb_pytorch/trial_1/flags_0.json.
I0914 22:27:59.481465 140430692230336 submission_runner.py:359] Starting training loop.
I0914 22:28:10.453137 140406406772480 logging_writer.py:48] [0] global_step=0, grad_norm=0.5, loss=1.9295
I0914 22:28:10.706327 140430692230336 submission.py:307] 0) loss = 1.929, grad_norm = 0.500
I0914 22:28:11.029697 140430692230336 spec.py:333] Evaluating on the training split.
I0914 22:39:03.003396 140430692230336 spec.py:346] Evaluating on the validation split.
I0914 22:50:14.415499 140430692230336 spec.py:363] Evaluating on the test split.
I0914 23:02:43.954076 140430692230336 submission_runner.py:516] Time since start: 2084.47s, 	Step: 1, 	{'train/loss': 1.9395356163303379, 'validation/loss': 1.9414668747834611, 'validation/num_examples': 83274637, 'test/loss': 1.9351263324861225, 'test/num_examples': 95000000, 'score': 11.226190328598022, 'total_duration': 2084.472838163376, 'accumulated_submission_time': 11.226190328598022, 'accumulated_eval_time': 2072.9244389533997, 'accumulated_logging_time': 0}
I0914 23:02:44.041604 140387398096640 logging_writer.py:48] [1] accumulated_eval_time=2072.92, accumulated_logging_time=0, accumulated_submission_time=11.2262, global_step=1, preemption_count=0, score=11.2262, test/loss=1.93513, test/num_examples=95000000, total_duration=2084.47, train/loss=1.93954, validation/loss=1.94147, validation/num_examples=83274637
I0914 23:02:44.634194 140387389703936 logging_writer.py:48] [1] global_step=1, grad_norm=0.5, loss=1.92905
I0914 23:02:44.637041 140430692230336 submission.py:307] 1) loss = 1.929, grad_norm = 0.500
I0914 23:02:44.871863 140387398096640 logging_writer.py:48] [2] global_step=2, grad_norm=0.5, loss=1.92104
I0914 23:02:44.874739 140430692230336 submission.py:307] 2) loss = 1.921, grad_norm = 0.500
I0914 23:02:45.106596 140387389703936 logging_writer.py:48] [3] global_step=3, grad_norm=0.5, loss=1.90505
I0914 23:02:45.109170 140430692230336 submission.py:307] 3) loss = 1.905, grad_norm = 0.500
I0914 23:02:45.343038 140387398096640 logging_writer.py:48] [4] global_step=4, grad_norm=0.5, loss=1.88017
I0914 23:02:45.345636 140430692230336 submission.py:307] 4) loss = 1.880, grad_norm = 0.500
I0914 23:02:45.578295 140387389703936 logging_writer.py:48] [5] global_step=5, grad_norm=0.5, loss=1.84612
I0914 23:02:45.580843 140430692230336 submission.py:307] 5) loss = 1.846, grad_norm = 0.500
I0914 23:02:45.812871 140387398096640 logging_writer.py:48] [6] global_step=6, grad_norm=0.5, loss=1.80347
I0914 23:02:45.815384 140430692230336 submission.py:307] 6) loss = 1.803, grad_norm = 0.500
I0914 23:02:46.048357 140387389703936 logging_writer.py:48] [7] global_step=7, grad_norm=0.5, loss=1.75278
I0914 23:02:46.050935 140430692230336 submission.py:307] 7) loss = 1.753, grad_norm = 0.500
I0914 23:02:46.285104 140387398096640 logging_writer.py:48] [8] global_step=8, grad_norm=0.5, loss=1.69302
I0914 23:02:46.287961 140430692230336 submission.py:307] 8) loss = 1.693, grad_norm = 0.500
I0914 23:02:46.522460 140387389703936 logging_writer.py:48] [9] global_step=9, grad_norm=0.5, loss=1.62577
I0914 23:02:46.525203 140430692230336 submission.py:307] 9) loss = 1.626, grad_norm = 0.500
I0914 23:02:46.759504 140387398096640 logging_writer.py:48] [10] global_step=10, grad_norm=0.5, loss=1.54895
I0914 23:02:46.762338 140430692230336 submission.py:307] 10) loss = 1.549, grad_norm = 0.500
I0914 23:02:46.994683 140387389703936 logging_writer.py:48] [11] global_step=11, grad_norm=0.5, loss=1.46508
I0914 23:02:46.997619 140430692230336 submission.py:307] 11) loss = 1.465, grad_norm = 0.500
I0914 23:02:47.232993 140387398096640 logging_writer.py:48] [12] global_step=12, grad_norm=0.5, loss=1.37202
I0914 23:02:47.235915 140430692230336 submission.py:307] 12) loss = 1.372, grad_norm = 0.500
I0914 23:02:47.469985 140387389703936 logging_writer.py:48] [13] global_step=13, grad_norm=0.5, loss=1.27374
I0914 23:02:47.472707 140430692230336 submission.py:307] 13) loss = 1.274, grad_norm = 0.500
I0914 23:02:47.702679 140387398096640 logging_writer.py:48] [14] global_step=14, grad_norm=0.5, loss=1.16958
I0914 23:02:47.705397 140430692230336 submission.py:307] 14) loss = 1.170, grad_norm = 0.500
I0914 23:02:47.936929 140387389703936 logging_writer.py:48] [15] global_step=15, grad_norm=0.5, loss=1.0591
I0914 23:02:47.939608 140430692230336 submission.py:307] 15) loss = 1.059, grad_norm = 0.500
I0914 23:02:48.171444 140387398096640 logging_writer.py:48] [16] global_step=16, grad_norm=0.5, loss=0.947731
I0914 23:02:48.174058 140430692230336 submission.py:307] 16) loss = 0.948, grad_norm = 0.500
I0914 23:02:48.407999 140387389703936 logging_writer.py:48] [17] global_step=17, grad_norm=0.5, loss=0.834504
I0914 23:02:48.410865 140430692230336 submission.py:307] 17) loss = 0.835, grad_norm = 0.500
I0914 23:02:48.646030 140387398096640 logging_writer.py:48] [18] global_step=18, grad_norm=0.5, loss=0.72431
I0914 23:02:48.648757 140430692230336 submission.py:307] 18) loss = 0.724, grad_norm = 0.500
I0914 23:02:48.881209 140387389703936 logging_writer.py:48] [19] global_step=19, grad_norm=0.5, loss=0.636142
I0914 23:02:48.883986 140430692230336 submission.py:307] 19) loss = 0.636, grad_norm = 0.500
I0914 23:02:49.116657 140387398096640 logging_writer.py:48] [20] global_step=20, grad_norm=0.5, loss=0.540781
I0914 23:02:49.119635 140430692230336 submission.py:307] 20) loss = 0.541, grad_norm = 0.500
I0914 23:02:49.353076 140387389703936 logging_writer.py:48] [21] global_step=21, grad_norm=0.5, loss=0.454188
I0914 23:02:49.356092 140430692230336 submission.py:307] 21) loss = 0.454, grad_norm = 0.500
I0914 23:02:49.589178 140387398096640 logging_writer.py:48] [22] global_step=22, grad_norm=0.5, loss=0.383834
I0914 23:02:49.591818 140430692230336 submission.py:307] 22) loss = 0.384, grad_norm = 0.500
I0914 23:02:49.823233 140387389703936 logging_writer.py:48] [23] global_step=23, grad_norm=0.5, loss=0.325052
I0914 23:02:49.825895 140430692230336 submission.py:307] 23) loss = 0.325, grad_norm = 0.500
I0914 23:02:50.058040 140387398096640 logging_writer.py:48] [24] global_step=24, grad_norm=0.5, loss=0.281876
I0914 23:02:50.060604 140430692230336 submission.py:307] 24) loss = 0.282, grad_norm = 0.500
I0914 23:02:50.292833 140387389703936 logging_writer.py:48] [25] global_step=25, grad_norm=0.5, loss=0.250862
I0914 23:02:50.295437 140430692230336 submission.py:307] 25) loss = 0.251, grad_norm = 0.500
I0914 23:02:50.527888 140387398096640 logging_writer.py:48] [26] global_step=26, grad_norm=0.499999, loss=0.234136
I0914 23:02:50.530688 140430692230336 submission.py:307] 26) loss = 0.234, grad_norm = 0.500
I0914 23:02:50.762810 140387389703936 logging_writer.py:48] [27] global_step=27, grad_norm=0.39336, loss=0.223328
I0914 23:02:50.765589 140430692230336 submission.py:307] 27) loss = 0.223, grad_norm = 0.393
I0914 23:02:50.997238 140387398096640 logging_writer.py:48] [28] global_step=28, grad_norm=0.499999, loss=0.226137
I0914 23:02:50.999999 140430692230336 submission.py:307] 28) loss = 0.226, grad_norm = 0.500
I0914 23:02:51.938717 140387389703936 logging_writer.py:48] [29] global_step=29, grad_norm=0.499999, loss=0.222923
I0914 23:02:51.941550 140430692230336 submission.py:307] 29) loss = 0.223, grad_norm = 0.500
I0914 23:02:54.028677 140387398096640 logging_writer.py:48] [30] global_step=30, grad_norm=0.499999, loss=0.223002
I0914 23:02:54.031557 140430692230336 submission.py:307] 30) loss = 0.223, grad_norm = 0.500
I0914 23:02:56.130604 140387389703936 logging_writer.py:48] [31] global_step=31, grad_norm=0.499999, loss=0.224685
I0914 23:02:56.133478 140430692230336 submission.py:307] 31) loss = 0.225, grad_norm = 0.500
I0914 23:02:58.240663 140387398096640 logging_writer.py:48] [32] global_step=32, grad_norm=0.499999, loss=0.217748
I0914 23:02:58.243553 140430692230336 submission.py:307] 32) loss = 0.218, grad_norm = 0.500
I0914 23:02:59.952702 140387389703936 logging_writer.py:48] [33] global_step=33, grad_norm=0.499999, loss=0.210751
I0914 23:02:59.955524 140430692230336 submission.py:307] 33) loss = 0.211, grad_norm = 0.500
I0914 23:03:02.232655 140387398096640 logging_writer.py:48] [34] global_step=34, grad_norm=0.366001, loss=0.20293
I0914 23:03:02.235592 140430692230336 submission.py:307] 34) loss = 0.203, grad_norm = 0.366
I0914 23:03:04.489333 140387389703936 logging_writer.py:48] [35] global_step=35, grad_norm=0.279079, loss=0.199795
I0914 23:03:04.492147 140430692230336 submission.py:307] 35) loss = 0.200, grad_norm = 0.279
I0914 23:03:06.614038 140387398096640 logging_writer.py:48] [36] global_step=36, grad_norm=0.411395, loss=0.195405
I0914 23:03:06.616852 140430692230336 submission.py:307] 36) loss = 0.195, grad_norm = 0.411
I0914 23:03:08.927439 140387389703936 logging_writer.py:48] [37] global_step=37, grad_norm=0.418858, loss=0.191518
I0914 23:03:08.930265 140430692230336 submission.py:307] 37) loss = 0.192, grad_norm = 0.419
I0914 23:03:10.932263 140387398096640 logging_writer.py:48] [38] global_step=38, grad_norm=0.240729, loss=0.186488
I0914 23:03:10.935114 140430692230336 submission.py:307] 38) loss = 0.186, grad_norm = 0.241
I0914 23:03:12.942209 140387389703936 logging_writer.py:48] [39] global_step=39, grad_norm=0.236696, loss=0.181854
I0914 23:03:12.945029 140430692230336 submission.py:307] 39) loss = 0.182, grad_norm = 0.237
I0914 23:03:15.073035 140387398096640 logging_writer.py:48] [40] global_step=40, grad_norm=0.327448, loss=0.175272
I0914 23:03:15.075908 140430692230336 submission.py:307] 40) loss = 0.175, grad_norm = 0.327
I0914 23:03:17.046324 140387389703936 logging_writer.py:48] [41] global_step=41, grad_norm=0.416997, loss=0.178122
I0914 23:03:17.049175 140430692230336 submission.py:307] 41) loss = 0.178, grad_norm = 0.417
I0914 23:03:19.063582 140387398096640 logging_writer.py:48] [42] global_step=42, grad_norm=0.251776, loss=0.17229
I0914 23:03:19.066422 140430692230336 submission.py:307] 42) loss = 0.172, grad_norm = 0.252
I0914 23:03:21.218919 140387389703936 logging_writer.py:48] [43] global_step=43, grad_norm=0.142066, loss=0.168994
I0914 23:03:21.221781 140430692230336 submission.py:307] 43) loss = 0.169, grad_norm = 0.142
I0914 23:03:23.402291 140387398096640 logging_writer.py:48] [44] global_step=44, grad_norm=0.242732, loss=0.166525
I0914 23:03:23.405148 140430692230336 submission.py:307] 44) loss = 0.167, grad_norm = 0.243
I0914 23:03:25.752980 140387389703936 logging_writer.py:48] [45] global_step=45, grad_norm=0.180022, loss=0.163673
I0914 23:03:25.755795 140430692230336 submission.py:307] 45) loss = 0.164, grad_norm = 0.180
I0914 23:03:27.802547 140387398096640 logging_writer.py:48] [46] global_step=46, grad_norm=0.14188, loss=0.16333
I0914 23:03:27.805367 140430692230336 submission.py:307] 46) loss = 0.163, grad_norm = 0.142
I0914 23:03:30.100560 140387389703936 logging_writer.py:48] [47] global_step=47, grad_norm=0.199593, loss=0.160264
I0914 23:03:30.103356 140430692230336 submission.py:307] 47) loss = 0.160, grad_norm = 0.200
I0914 23:03:32.579326 140387398096640 logging_writer.py:48] [48] global_step=48, grad_norm=0.123993, loss=0.153118
I0914 23:03:32.582230 140430692230336 submission.py:307] 48) loss = 0.153, grad_norm = 0.124
I0914 23:03:34.883906 140387389703936 logging_writer.py:48] [49] global_step=49, grad_norm=0.106184, loss=0.152692
I0914 23:03:34.886793 140430692230336 submission.py:307] 49) loss = 0.153, grad_norm = 0.106
I0914 23:03:36.873198 140387398096640 logging_writer.py:48] [50] global_step=50, grad_norm=0.104461, loss=0.148599
I0914 23:03:36.876121 140430692230336 submission.py:307] 50) loss = 0.149, grad_norm = 0.104
I0914 23:03:39.034761 140387389703936 logging_writer.py:48] [51] global_step=51, grad_norm=0.14195, loss=0.147986
I0914 23:03:39.037581 140430692230336 submission.py:307] 51) loss = 0.148, grad_norm = 0.142
I0914 23:03:41.113715 140387398096640 logging_writer.py:48] [52] global_step=52, grad_norm=0.0898748, loss=0.143886
I0914 23:03:41.116516 140430692230336 submission.py:307] 52) loss = 0.144, grad_norm = 0.090
I0914 23:03:43.035330 140387389703936 logging_writer.py:48] [53] global_step=53, grad_norm=0.0972307, loss=0.141108
I0914 23:03:43.038150 140430692230336 submission.py:307] 53) loss = 0.141, grad_norm = 0.097
I0914 23:03:45.350298 140387398096640 logging_writer.py:48] [54] global_step=54, grad_norm=0.0722353, loss=0.140235
I0914 23:03:45.353144 140430692230336 submission.py:307] 54) loss = 0.140, grad_norm = 0.072
I0914 23:03:47.656296 140387389703936 logging_writer.py:48] [55] global_step=55, grad_norm=0.106609, loss=0.139295
I0914 23:03:47.659134 140430692230336 submission.py:307] 55) loss = 0.139, grad_norm = 0.107
I0914 23:03:49.636959 140387398096640 logging_writer.py:48] [56] global_step=56, grad_norm=0.0651724, loss=0.138552
I0914 23:03:49.639810 140430692230336 submission.py:307] 56) loss = 0.139, grad_norm = 0.065
I0914 23:03:52.126024 140387389703936 logging_writer.py:48] [57] global_step=57, grad_norm=0.112882, loss=0.13618
I0914 23:03:52.128804 140430692230336 submission.py:307] 57) loss = 0.136, grad_norm = 0.113
I0914 23:03:54.237980 140387398096640 logging_writer.py:48] [58] global_step=58, grad_norm=0.101619, loss=0.134654
I0914 23:03:54.240794 140430692230336 submission.py:307] 58) loss = 0.135, grad_norm = 0.102
I0914 23:03:56.441434 140387389703936 logging_writer.py:48] [59] global_step=59, grad_norm=0.0567257, loss=0.133586
I0914 23:03:56.444210 140430692230336 submission.py:307] 59) loss = 0.134, grad_norm = 0.057
I0914 23:03:58.412776 140387398096640 logging_writer.py:48] [60] global_step=60, grad_norm=0.132492, loss=0.131982
I0914 23:03:58.415731 140430692230336 submission.py:307] 60) loss = 0.132, grad_norm = 0.132
I0914 23:04:00.465005 140387389703936 logging_writer.py:48] [61] global_step=61, grad_norm=0.216153, loss=0.134381
I0914 23:04:00.467797 140430692230336 submission.py:307] 61) loss = 0.134, grad_norm = 0.216
I0914 23:04:02.811802 140387398096640 logging_writer.py:48] [62] global_step=62, grad_norm=0.29776, loss=0.132264
I0914 23:04:02.814677 140430692230336 submission.py:307] 62) loss = 0.132, grad_norm = 0.298
I0914 23:04:04.923826 140387389703936 logging_writer.py:48] [63] global_step=63, grad_norm=0.318907, loss=0.132512
I0914 23:04:04.926633 140430692230336 submission.py:307] 63) loss = 0.133, grad_norm = 0.319
I0914 23:04:07.362839 140387398096640 logging_writer.py:48] [64] global_step=64, grad_norm=0.205518, loss=0.133203
I0914 23:04:07.365694 140430692230336 submission.py:307] 64) loss = 0.133, grad_norm = 0.206
I0914 23:04:09.422798 140387389703936 logging_writer.py:48] [65] global_step=65, grad_norm=0.03573, loss=0.132058
I0914 23:04:09.425666 140430692230336 submission.py:307] 65) loss = 0.132, grad_norm = 0.036
I0914 23:04:11.635332 140387398096640 logging_writer.py:48] [66] global_step=66, grad_norm=0.155827, loss=0.131264
I0914 23:04:11.638214 140430692230336 submission.py:307] 66) loss = 0.131, grad_norm = 0.156
I0914 23:04:13.725629 140387389703936 logging_writer.py:48] [67] global_step=67, grad_norm=0.199905, loss=0.134263
I0914 23:04:13.728471 140430692230336 submission.py:307] 67) loss = 0.134, grad_norm = 0.200
I0914 23:04:15.874047 140387398096640 logging_writer.py:48] [68] global_step=68, grad_norm=0.178979, loss=0.133268
I0914 23:04:15.876847 140430692230336 submission.py:307] 68) loss = 0.133, grad_norm = 0.179
I0914 23:04:18.115293 140387389703936 logging_writer.py:48] [69] global_step=69, grad_norm=0.143134, loss=0.132882
I0914 23:04:18.118114 140430692230336 submission.py:307] 69) loss = 0.133, grad_norm = 0.143
I0914 23:04:20.280470 140387398096640 logging_writer.py:48] [70] global_step=70, grad_norm=0.146267, loss=0.134626
I0914 23:04:20.283284 140430692230336 submission.py:307] 70) loss = 0.135, grad_norm = 0.146
I0914 23:04:22.404596 140387389703936 logging_writer.py:48] [71] global_step=71, grad_norm=0.247903, loss=0.13033
I0914 23:04:22.407385 140430692230336 submission.py:307] 71) loss = 0.130, grad_norm = 0.248
I0914 23:04:24.725711 140387398096640 logging_writer.py:48] [72] global_step=72, grad_norm=0.404345, loss=0.133258
I0914 23:04:24.728502 140430692230336 submission.py:307] 72) loss = 0.133, grad_norm = 0.404
I0914 23:04:26.906914 140387389703936 logging_writer.py:48] [73] global_step=73, grad_norm=0.499999, loss=0.133942
I0914 23:04:26.909829 140430692230336 submission.py:307] 73) loss = 0.134, grad_norm = 0.500
I0914 23:04:29.223294 140387398096640 logging_writer.py:48] [74] global_step=74, grad_norm=0.450488, loss=0.132875
I0914 23:04:29.226192 140430692230336 submission.py:307] 74) loss = 0.133, grad_norm = 0.450
I0914 23:04:31.106035 140387389703936 logging_writer.py:48] [75] global_step=75, grad_norm=0.185724, loss=0.131912
I0914 23:04:31.108898 140430692230336 submission.py:307] 75) loss = 0.132, grad_norm = 0.186
I0914 23:04:33.573101 140387398096640 logging_writer.py:48] [76] global_step=76, grad_norm=0.127402, loss=0.131882
I0914 23:04:33.575940 140430692230336 submission.py:307] 76) loss = 0.132, grad_norm = 0.127
I0914 23:04:35.976170 140387389703936 logging_writer.py:48] [77] global_step=77, grad_norm=0.33013, loss=0.132283
I0914 23:04:35.979029 140430692230336 submission.py:307] 77) loss = 0.132, grad_norm = 0.330
I0914 23:04:38.269359 140387398096640 logging_writer.py:48] [78] global_step=78, grad_norm=0.422593, loss=0.131522
I0914 23:04:38.272680 140430692230336 submission.py:307] 78) loss = 0.132, grad_norm = 0.423
I0914 23:04:40.520259 140387389703936 logging_writer.py:48] [79] global_step=79, grad_norm=0.414949, loss=0.13177
I0914 23:04:40.523099 140430692230336 submission.py:307] 79) loss = 0.132, grad_norm = 0.415
I0914 23:04:42.718775 140387398096640 logging_writer.py:48] [80] global_step=80, grad_norm=0.293137, loss=0.130834
I0914 23:04:42.721562 140430692230336 submission.py:307] 80) loss = 0.131, grad_norm = 0.293
I0914 23:04:44.945537 140387389703936 logging_writer.py:48] [81] global_step=81, grad_norm=0.139599, loss=0.131651
I0914 23:04:44.948335 140430692230336 submission.py:307] 81) loss = 0.132, grad_norm = 0.140
I0914 23:04:47.072991 140387398096640 logging_writer.py:48] [82] global_step=82, grad_norm=0.0212233, loss=0.129501
I0914 23:04:47.075776 140430692230336 submission.py:307] 82) loss = 0.130, grad_norm = 0.021
I0914 23:04:49.239839 140387389703936 logging_writer.py:48] [83] global_step=83, grad_norm=0.0839629, loss=0.129585
I0914 23:04:49.242631 140430692230336 submission.py:307] 83) loss = 0.130, grad_norm = 0.084
I0914 23:04:51.165052 140387398096640 logging_writer.py:48] [84] global_step=84, grad_norm=0.138993, loss=0.129141
I0914 23:04:51.167833 140430692230336 submission.py:307] 84) loss = 0.129, grad_norm = 0.139
I0914 23:04:53.398364 140387389703936 logging_writer.py:48] [85] global_step=85, grad_norm=0.158664, loss=0.128606
I0914 23:04:53.401169 140430692230336 submission.py:307] 85) loss = 0.129, grad_norm = 0.159
I0914 23:04:55.742145 140387398096640 logging_writer.py:48] [86] global_step=86, grad_norm=0.263354, loss=0.131454
I0914 23:04:55.744899 140430692230336 submission.py:307] 86) loss = 0.131, grad_norm = 0.263
I0914 23:04:58.017858 140387389703936 logging_writer.py:48] [87] global_step=87, grad_norm=0.499999, loss=0.13145
I0914 23:04:58.020595 140430692230336 submission.py:307] 87) loss = 0.131, grad_norm = 0.500
I0914 23:05:00.319971 140387398096640 logging_writer.py:48] [88] global_step=88, grad_norm=0.499999, loss=0.131742
I0914 23:05:00.322756 140430692230336 submission.py:307] 88) loss = 0.132, grad_norm = 0.500
I0914 23:05:02.521898 140387389703936 logging_writer.py:48] [89] global_step=89, grad_norm=0.0280385, loss=0.130329
I0914 23:05:02.524749 140430692230336 submission.py:307] 89) loss = 0.130, grad_norm = 0.028
I0914 23:05:04.580273 140387398096640 logging_writer.py:48] [90] global_step=90, grad_norm=0.499999, loss=0.132278
I0914 23:05:04.583293 140430692230336 submission.py:307] 90) loss = 0.132, grad_norm = 0.500
I0914 23:05:06.685330 140387389703936 logging_writer.py:48] [91] global_step=91, grad_norm=0.443706, loss=0.130978
I0914 23:05:06.688234 140430692230336 submission.py:307] 91) loss = 0.131, grad_norm = 0.444
I0914 23:05:08.925490 140387398096640 logging_writer.py:48] [92] global_step=92, grad_norm=0.174317, loss=0.128247
I0914 23:05:08.928274 140430692230336 submission.py:307] 92) loss = 0.128, grad_norm = 0.174
I0914 23:05:10.833920 140387389703936 logging_writer.py:48] [93] global_step=93, grad_norm=0.0411293, loss=0.128909
I0914 23:05:10.836707 140430692230336 submission.py:307] 93) loss = 0.129, grad_norm = 0.041
I0914 23:05:12.942585 140387398096640 logging_writer.py:48] [94] global_step=94, grad_norm=0.229357, loss=0.130899
I0914 23:05:12.945359 140430692230336 submission.py:307] 94) loss = 0.131, grad_norm = 0.229
I0914 23:05:15.547581 140387389703936 logging_writer.py:48] [95] global_step=95, grad_norm=0.499999, loss=0.128129
I0914 23:05:15.550989 140430692230336 submission.py:307] 95) loss = 0.128, grad_norm = 0.500
I0914 23:05:17.705840 140387398096640 logging_writer.py:48] [96] global_step=96, grad_norm=0.499999, loss=0.130716
I0914 23:05:17.708619 140430692230336 submission.py:307] 96) loss = 0.131, grad_norm = 0.500
I0914 23:05:20.102333 140387389703936 logging_writer.py:48] [97] global_step=97, grad_norm=0.0999199, loss=0.128044
I0914 23:05:20.105106 140430692230336 submission.py:307] 97) loss = 0.128, grad_norm = 0.100
I0914 23:05:22.045558 140387398096640 logging_writer.py:48] [98] global_step=98, grad_norm=0.5, loss=0.132737
I0914 23:05:22.048346 140430692230336 submission.py:307] 98) loss = 0.133, grad_norm = 0.500
I0914 23:05:24.327086 140387389703936 logging_writer.py:48] [99] global_step=99, grad_norm=0.140322, loss=0.129019
I0914 23:05:24.329942 140430692230336 submission.py:307] 99) loss = 0.129, grad_norm = 0.140
I0914 23:05:26.544862 140387398096640 logging_writer.py:48] [100] global_step=100, grad_norm=0.385797, loss=0.127836
I0914 23:05:26.547734 140430692230336 submission.py:307] 100) loss = 0.128, grad_norm = 0.386
I0914 23:08:41.644727 140430692230336 spec.py:333] Evaluating on the training split.
I0914 23:19:17.896546 140430692230336 spec.py:346] Evaluating on the validation split.
I0914 23:22:52.292607 140430692230336 spec.py:363] Evaluating on the test split.
I0914 23:27:01.020378 140430692230336 submission_runner.py:516] Time since start: 3541.54s, 	Step: 191, 	{'train/loss': 0.12909747092187046, 'validation/loss': 0.12998375527518646, 'validation/num_examples': 83274637, 'test/loss': 0.1327623055301064, 'test/num_examples': 95000000, 'score': 368.1394748687744, 'total_duration': 3541.5391387939453, 'accumulated_submission_time': 368.1394748687744, 'accumulated_eval_time': 3172.300148487091, 'accumulated_logging_time': 0.09424114227294922}
I0914 23:27:01.158732 140387389703936 logging_writer.py:48] [191] accumulated_eval_time=3172.3, accumulated_logging_time=0.0942411, accumulated_submission_time=368.139, global_step=191, preemption_count=0, score=368.139, test/loss=0.132762, test/num_examples=95000000, total_duration=3541.54, train/loss=0.129097, validation/loss=0.129984, validation/num_examples=83274637
I0914 23:32:58.463673 140430692230336 spec.py:333] Evaluating on the training split.
I0914 23:43:19.362220 140430692230336 spec.py:346] Evaluating on the validation split.
I0914 23:46:53.964073 140430692230336 spec.py:363] Evaluating on the test split.
I0914 23:50:58.595853 140430692230336 submission_runner.py:516] Time since start: 4979.11s, 	Step: 381, 	{'train/loss': 0.1258799900329567, 'validation/loss': 0.12747986184228655, 'validation/num_examples': 83274637, 'test/loss': 0.12999943839930483, 'test/num_examples': 95000000, 'score': 724.754016160965, 'total_duration': 4979.114598989487, 'accumulated_submission_time': 724.754016160965, 'accumulated_eval_time': 4252.43236041069, 'accumulated_logging_time': 0.239152193069458}
I0914 23:50:58.618936 140387398096640 logging_writer.py:48] [381] accumulated_eval_time=4252.43, accumulated_logging_time=0.239152, accumulated_submission_time=724.754, global_step=381, preemption_count=0, score=724.754, test/loss=0.129999, test/num_examples=95000000, total_duration=4979.11, train/loss=0.12588, validation/loss=0.12748, validation/num_examples=83274637
I0914 23:53:57.327730 140387389703936 logging_writer.py:48] [500] global_step=500, grad_norm=0.0853532, loss=0.132422
I0914 23:53:57.330902 140430692230336 submission.py:307] 500) loss = 0.132, grad_norm = 0.085
I0914 23:56:55.252526 140430692230336 spec.py:333] Evaluating on the training split.
I0915 00:06:51.641778 140430692230336 spec.py:346] Evaluating on the validation split.
I0915 00:10:25.516654 140430692230336 spec.py:363] Evaluating on the test split.
I0915 00:14:28.058506 140430692230336 submission_runner.py:516] Time since start: 6388.58s, 	Step: 582, 	{'train/loss': 0.12766485183422616, 'validation/loss': 0.1268212165814573, 'validation/num_examples': 83274637, 'test/loss': 0.1294382748072574, 'test/num_examples': 95000000, 'score': 1080.6785175800323, 'total_duration': 6388.577245473862, 'accumulated_submission_time': 1080.6785175800323, 'accumulated_eval_time': 5305.238393068314, 'accumulated_logging_time': 0.26903295516967773}
I0915 00:14:28.080744 140387398096640 logging_writer.py:48] [582] accumulated_eval_time=5305.24, accumulated_logging_time=0.269033, accumulated_submission_time=1080.68, global_step=582, preemption_count=0, score=1080.68, test/loss=0.129438, test/num_examples=95000000, total_duration=6388.58, train/loss=0.127665, validation/loss=0.126821, validation/num_examples=83274637
I0915 00:20:24.693846 140430692230336 spec.py:333] Evaluating on the training split.
I0915 00:29:27.626880 140430692230336 spec.py:346] Evaluating on the validation split.
I0915 00:33:01.343981 140430692230336 spec.py:363] Evaluating on the test split.
I0915 00:37:04.043601 140430692230336 submission_runner.py:516] Time since start: 7744.56s, 	Step: 799, 	{'train/loss': 0.12682287451323213, 'validation/loss': 0.1262535467938525, 'validation/num_examples': 83274637, 'test/loss': 0.1286774359707481, 'test/num_examples': 95000000, 'score': 1436.580223083496, 'total_duration': 7744.562363862991, 'accumulated_submission_time': 1436.580223083496, 'accumulated_eval_time': 6304.588199138641, 'accumulated_logging_time': 0.29724669456481934}
I0915 00:37:04.065424 140387389703936 logging_writer.py:48] [799] accumulated_eval_time=6304.59, accumulated_logging_time=0.297247, accumulated_submission_time=1436.58, global_step=799, preemption_count=0, score=1436.58, test/loss=0.128677, test/num_examples=95000000, total_duration=7744.56, train/loss=0.126823, validation/loss=0.126254, validation/num_examples=83274637
I0915 00:42:52.119241 140387398096640 logging_writer.py:48] [1000] global_step=1000, grad_norm=0.0104396, loss=0.121036
I0915 00:42:52.122713 140430692230336 submission.py:307] 1000) loss = 0.121, grad_norm = 0.010
I0915 00:43:00.398355 140430692230336 spec.py:333] Evaluating on the training split.
I0915 00:52:46.453541 140430692230336 spec.py:346] Evaluating on the validation split.
I0915 00:56:19.699054 140430692230336 spec.py:363] Evaluating on the test split.
I0915 01:00:21.585541 140430692230336 submission_runner.py:516] Time since start: 9142.10s, 	Step: 1005, 	{'train/loss': 0.12701274664200785, 'validation/loss': 0.12602205896306515, 'validation/num_examples': 83274637, 'test/loss': 0.12834169397502698, 'test/num_examples': 95000000, 'score': 1792.2344620227814, 'total_duration': 9142.104288339615, 'accumulated_submission_time': 1792.2344620227814, 'accumulated_eval_time': 7345.77540397644, 'accumulated_logging_time': 0.32527947425842285}
I0915 01:00:21.608212 140387389703936 logging_writer.py:48] [1005] accumulated_eval_time=7345.78, accumulated_logging_time=0.325279, accumulated_submission_time=1792.23, global_step=1005, preemption_count=0, score=1792.23, test/loss=0.128342, test/num_examples=95000000, total_duration=9142.1, train/loss=0.127013, validation/loss=0.126022, validation/num_examples=83274637
I0915 01:06:18.129926 140430692230336 spec.py:333] Evaluating on the training split.
I0915 01:15:18.855147 140430692230336 spec.py:346] Evaluating on the validation split.
I0915 01:18:51.701303 140430692230336 spec.py:363] Evaluating on the test split.
I0915 01:22:52.105368 140430692230336 submission_runner.py:516] Time since start: 10492.62s, 	Step: 1211, 	{'train/loss': 0.1238404780887573, 'validation/loss': 0.12567188756322203, 'validation/num_examples': 83274637, 'test/loss': 0.12807911515599302, 'test/num_examples': 95000000, 'score': 2148.102383852005, 'total_duration': 10492.624114513397, 'accumulated_submission_time': 2148.102383852005, 'accumulated_eval_time': 8339.750897169113, 'accumulated_logging_time': 0.3561697006225586}
I0915 01:22:52.126776 140387398096640 logging_writer.py:48] [1211] accumulated_eval_time=8339.75, accumulated_logging_time=0.35617, accumulated_submission_time=2148.1, global_step=1211, preemption_count=0, score=2148.1, test/loss=0.128079, test/num_examples=95000000, total_duration=10492.6, train/loss=0.12384, validation/loss=0.125672, validation/num_examples=83274637
I0915 01:28:49.266469 140430692230336 spec.py:333] Evaluating on the training split.
I0915 01:38:03.022549 140430692230336 spec.py:346] Evaluating on the validation split.
I0915 01:41:34.572609 140430692230336 spec.py:363] Evaluating on the test split.
I0915 01:45:32.003397 140430692230336 submission_runner.py:516] Time since start: 11852.52s, 	Step: 1425, 	{'train/loss': 0.12282566049235345, 'validation/loss': 0.1254992503295916, 'validation/num_examples': 83274637, 'test/loss': 0.12776067463925012, 'test/num_examples': 95000000, 'score': 2504.586869239807, 'total_duration': 11852.522161483765, 'accumulated_submission_time': 2504.586869239807, 'accumulated_eval_time': 9342.487866640091, 'accumulated_logging_time': 0.38373899459838867}
I0915 01:45:32.025853 140387389703936 logging_writer.py:48] [1425] accumulated_eval_time=9342.49, accumulated_logging_time=0.383739, accumulated_submission_time=2504.59, global_step=1425, preemption_count=0, score=2504.59, test/loss=0.127761, test/num_examples=95000000, total_duration=11852.5, train/loss=0.122826, validation/loss=0.125499, validation/num_examples=83274637
I0915 01:47:05.837143 140387398096640 logging_writer.py:48] [1500] global_step=1500, grad_norm=0.0444963, loss=0.123239
I0915 01:47:05.840025 140430692230336 submission.py:307] 1500) loss = 0.123, grad_norm = 0.044
I0915 01:51:28.865372 140430692230336 spec.py:333] Evaluating on the training split.
I0915 01:59:06.250723 140430692230336 spec.py:346] Evaluating on the validation split.
I0915 02:02:35.272696 140430692230336 spec.py:363] Evaluating on the test split.
I0915 02:06:27.814889 140430692230336 submission_runner.py:516] Time since start: 13108.33s, 	Step: 1640, 	{'train/loss': 0.12378746897426325, 'validation/loss': 0.12538934788679798, 'validation/num_examples': 83274637, 'test/loss': 0.12786424584687886, 'test/num_examples': 95000000, 'score': 2860.7693309783936, 'total_duration': 13108.333644151688, 'accumulated_submission_time': 2860.7693309783936, 'accumulated_eval_time': 10241.437473535538, 'accumulated_logging_time': 0.4124159812927246}
I0915 02:06:27.836892 140387389703936 logging_writer.py:48] [1640] accumulated_eval_time=10241.4, accumulated_logging_time=0.412416, accumulated_submission_time=2860.77, global_step=1640, preemption_count=0, score=2860.77, test/loss=0.127864, test/num_examples=95000000, total_duration=13108.3, train/loss=0.123787, validation/loss=0.125389, validation/num_examples=83274637
I0915 02:12:25.116022 140430692230336 spec.py:333] Evaluating on the training split.
I0915 02:21:14.654291 140430692230336 spec.py:346] Evaluating on the validation split.
I0915 02:24:39.033711 140430692230336 spec.py:363] Evaluating on the test split.
I0915 02:28:21.718361 140430692230336 submission_runner.py:516] Time since start: 14422.24s, 	Step: 1865, 	{'train/loss': 0.12348188611105475, 'validation/loss': 0.12534701745935206, 'validation/num_examples': 83274637, 'test/loss': 0.12775242581401625, 'test/num_examples': 95000000, 'score': 3217.3857910633087, 'total_duration': 14422.237087965012, 'accumulated_submission_time': 3217.3857910633087, 'accumulated_eval_time': 11198.039835691452, 'accumulated_logging_time': 0.4407162666320801}
I0915 02:28:21.741493 140387398096640 logging_writer.py:48] [1865] accumulated_eval_time=11198, accumulated_logging_time=0.440716, accumulated_submission_time=3217.39, global_step=1865, preemption_count=0, score=3217.39, test/loss=0.127752, test/num_examples=95000000, total_duration=14422.2, train/loss=0.123482, validation/loss=0.125347, validation/num_examples=83274637
I0915 02:31:05.847508 140387389703936 logging_writer.py:48] [2000] global_step=2000, grad_norm=0.0298743, loss=0.121125
I0915 02:31:05.850475 140430692230336 submission.py:307] 2000) loss = 0.121, grad_norm = 0.030
I0915 02:34:19.410855 140430692230336 spec.py:333] Evaluating on the training split.
I0915 02:41:43.787057 140430692230336 spec.py:346] Evaluating on the validation split.
I0915 02:44:58.443597 140430692230336 spec.py:363] Evaluating on the test split.
I0915 02:48:20.103129 140430692230336 submission_runner.py:516] Time since start: 15620.62s, 	Step: 2110, 	{'train/loss': 0.12460651552788701, 'validation/loss': 0.12529222731759918, 'validation/num_examples': 83274637, 'test/loss': 0.12772872356069465, 'test/num_examples': 95000000, 'score': 3574.3835921287537, 'total_duration': 15620.62188577652, 'accumulated_submission_time': 3574.3835921287537, 'accumulated_eval_time': 12038.732187271118, 'accumulated_logging_time': 0.4701969623565674}
I0915 02:48:20.126259 140387398096640 logging_writer.py:48] [2110] accumulated_eval_time=12038.7, accumulated_logging_time=0.470197, accumulated_submission_time=3574.38, global_step=2110, preemption_count=0, score=3574.38, test/loss=0.127729, test/num_examples=95000000, total_duration=15620.6, train/loss=0.124607, validation/loss=0.125292, validation/num_examples=83274637
I0915 02:54:17.422877 140430692230336 spec.py:333] Evaluating on the training split.
I0915 03:00:44.089213 140430692230336 spec.py:346] Evaluating on the validation split.
I0915 03:03:38.713424 140430692230336 spec.py:363] Evaluating on the test split.
I0915 03:06:18.743510 140430692230336 submission_runner.py:516] Time since start: 16699.26s, 	Step: 2343, 	{'train/loss': 0.1233789449432704, 'validation/loss': 0.12505935572070498, 'validation/num_examples': 83274637, 'test/loss': 0.12741919558362458, 'test/num_examples': 95000000, 'score': 3931.008520126343, 'total_duration': 16699.2622692585, 'accumulated_submission_time': 3931.008520126343, 'accumulated_eval_time': 12760.052886724472, 'accumulated_logging_time': 0.49965381622314453}
I0915 03:06:18.772725 140387389703936 logging_writer.py:48] [2343] accumulated_eval_time=12760.1, accumulated_logging_time=0.499654, accumulated_submission_time=3931.01, global_step=2343, preemption_count=0, score=3931.01, test/loss=0.127419, test/num_examples=95000000, total_duration=16699.3, train/loss=0.123379, validation/loss=0.125059, validation/num_examples=83274637
I0915 03:09:54.862778 140387398096640 logging_writer.py:48] [2500] global_step=2500, grad_norm=0.0113501, loss=0.124823
I0915 03:09:54.865822 140430692230336 submission.py:307] 2500) loss = 0.125, grad_norm = 0.011
I0915 03:12:15.163441 140430692230336 spec.py:333] Evaluating on the training split.
I0915 03:16:38.403301 140430692230336 spec.py:346] Evaluating on the validation split.
I0915 03:18:48.342651 140430692230336 spec.py:363] Evaluating on the test split.
I0915 03:20:49.387460 140430692230336 submission_runner.py:516] Time since start: 17569.91s, 	Step: 2572, 	{'train/loss': 0.1220150500905709, 'validation/loss': 0.12465657975991778, 'validation/num_examples': 83274637, 'test/loss': 0.12701075822079308, 'test/num_examples': 95000000, 'score': 4286.738893270493, 'total_duration': 17569.906219482422, 'accumulated_submission_time': 4286.738893270493, 'accumulated_eval_time': 13274.276980161667, 'accumulated_logging_time': 0.5351388454437256}
I0915 03:20:49.410027 140387389703936 logging_writer.py:48] [2572] accumulated_eval_time=13274.3, accumulated_logging_time=0.535139, accumulated_submission_time=4286.74, global_step=2572, preemption_count=0, score=4286.74, test/loss=0.127011, test/num_examples=95000000, total_duration=17569.9, train/loss=0.122015, validation/loss=0.124657, validation/num_examples=83274637
I0915 03:26:47.014801 140430692230336 spec.py:333] Evaluating on the training split.
I0915 03:29:33.829569 140430692230336 spec.py:346] Evaluating on the validation split.
I0915 03:31:00.345729 140430692230336 spec.py:363] Evaluating on the test split.
I0915 03:32:16.433936 140430692230336 submission_runner.py:516] Time since start: 18256.95s, 	Step: 2802, 	{'train/loss': 0.12319279921402525, 'validation/loss': 0.12489396141441854, 'validation/num_examples': 83274637, 'test/loss': 0.127454749205258, 'test/num_examples': 95000000, 'score': 4643.671773433685, 'total_duration': 18256.95265340805, 'accumulated_submission_time': 4643.671773433685, 'accumulated_eval_time': 13603.696100711823, 'accumulated_logging_time': 0.5641770362854004}
I0915 03:32:16.456236 140387398096640 logging_writer.py:48] [2802] accumulated_eval_time=13603.7, accumulated_logging_time=0.564177, accumulated_submission_time=4643.67, global_step=2802, preemption_count=0, score=4643.67, test/loss=0.127455, test/num_examples=95000000, total_duration=18257, train/loss=0.123193, validation/loss=0.124894, validation/num_examples=83274637
I0915 03:37:36.933861 140387389703936 logging_writer.py:48] [3000] global_step=3000, grad_norm=0.0185175, loss=0.123084
I0915 03:37:36.936878 140430692230336 submission.py:307] 3000) loss = 0.123, grad_norm = 0.019
I0915 03:38:14.363247 140430692230336 spec.py:333] Evaluating on the training split.
I0915 03:39:45.050985 140430692230336 spec.py:346] Evaluating on the validation split.
I0915 03:40:43.462168 140430692230336 spec.py:363] Evaluating on the test split.
I0915 03:41:50.312085 140430692230336 submission_runner.py:516] Time since start: 18830.83s, 	Step: 3020, 	{'train/loss': 0.12243054694558941, 'validation/loss': 0.12509942581828104, 'validation/num_examples': 83274637, 'test/loss': 0.12761369219633403, 'test/num_examples': 95000000, 'score': 5000.901176691055, 'total_duration': 18830.83085513115, 'accumulated_submission_time': 5000.901176691055, 'accumulated_eval_time': 13819.645005702972, 'accumulated_logging_time': 0.5928189754486084}
I0915 03:41:50.334920 140387398096640 logging_writer.py:48] [3020] accumulated_eval_time=13819.6, accumulated_logging_time=0.592819, accumulated_submission_time=5000.9, global_step=3020, preemption_count=0, score=5000.9, test/loss=0.127614, test/num_examples=95000000, total_duration=18830.8, train/loss=0.122431, validation/loss=0.125099, validation/num_examples=83274637
I0915 03:47:48.055094 140430692230336 spec.py:333] Evaluating on the training split.
I0915 03:48:55.947328 140430692230336 spec.py:346] Evaluating on the validation split.
I0915 03:49:54.040784 140430692230336 spec.py:363] Evaluating on the test split.
I0915 03:51:00.749458 140430692230336 submission_runner.py:516] Time since start: 19381.27s, 	Step: 3262, 	{'train/loss': 0.12204526610523697, 'validation/loss': 0.12501785966782103, 'validation/num_examples': 83274637, 'test/loss': 0.1275428946753251, 'test/num_examples': 95000000, 'score': 5357.929572105408, 'total_duration': 19381.26821088791, 'accumulated_submission_time': 5357.929572105408, 'accumulated_eval_time': 14012.339433670044, 'accumulated_logging_time': 0.6221432685852051}
I0915 03:51:00.772340 140387389703936 logging_writer.py:48] [3262] accumulated_eval_time=14012.3, accumulated_logging_time=0.622143, accumulated_submission_time=5357.93, global_step=3262, preemption_count=0, score=5357.93, test/loss=0.127543, test/num_examples=95000000, total_duration=19381.3, train/loss=0.122045, validation/loss=0.125018, validation/num_examples=83274637
I0915 03:56:58.035090 140430692230336 spec.py:333] Evaluating on the training split.
I0915 03:57:59.052765 140430692230336 spec.py:346] Evaluating on the validation split.
I0915 03:58:57.337307 140430692230336 spec.py:363] Evaluating on the test split.
I0915 04:00:04.298829 140430692230336 submission_runner.py:516] Time since start: 19924.82s, 	Step: 3500, 	{'train/loss': 0.1239425728552684, 'validation/loss': 0.12483808297920312, 'validation/num_examples': 83274637, 'test/loss': 0.12739757180320338, 'test/num_examples': 95000000, 'score': 5714.501089096069, 'total_duration': 19924.81757092476, 'accumulated_submission_time': 5714.501089096069, 'accumulated_eval_time': 14198.603212356567, 'accumulated_logging_time': 0.6516408920288086}
I0915 04:00:04.321601 140387398096640 logging_writer.py:48] [3500] accumulated_eval_time=14198.6, accumulated_logging_time=0.651641, accumulated_submission_time=5714.5, global_step=3500, preemption_count=0, score=5714.5, test/loss=0.127398, test/num_examples=95000000, total_duration=19924.8, train/loss=0.123943, validation/loss=0.124838, validation/num_examples=83274637
I0915 04:00:04.873746 140387389703936 logging_writer.py:48] [3500] global_step=3500, grad_norm=0.035451, loss=0.121755
I0915 04:00:04.876606 140430692230336 submission.py:307] 3500) loss = 0.122, grad_norm = 0.035
I0915 04:06:00.598782 140430692230336 spec.py:333] Evaluating on the training split.
I0915 04:06:58.784576 140430692230336 spec.py:346] Evaluating on the validation split.
I0915 04:07:57.077200 140430692230336 spec.py:363] Evaluating on the test split.
I0915 04:09:03.960178 140430692230336 submission_runner.py:516] Time since start: 20464.48s, 	Step: 3717, 	{'train/loss': 0.12529232250953456, 'validation/loss': 0.12474395436402373, 'validation/num_examples': 83274637, 'test/loss': 0.12714521083486457, 'test/num_examples': 95000000, 'score': 6070.098887205124, 'total_duration': 20464.478921175003, 'accumulated_submission_time': 6070.098887205124, 'accumulated_eval_time': 14381.964620828629, 'accumulated_logging_time': 0.6807894706726074}
I0915 04:09:03.982598 140387398096640 logging_writer.py:48] [3717] accumulated_eval_time=14382, accumulated_logging_time=0.680789, accumulated_submission_time=6070.1, global_step=3717, preemption_count=0, score=6070.1, test/loss=0.127145, test/num_examples=95000000, total_duration=20464.5, train/loss=0.125292, validation/loss=0.124744, validation/num_examples=83274637
I0915 04:15:00.552976 140430692230336 spec.py:333] Evaluating on the training split.
I0915 04:15:58.781959 140430692230336 spec.py:346] Evaluating on the validation split.
I0915 04:16:56.974576 140430692230336 spec.py:363] Evaluating on the test split.
I0915 04:18:03.851663 140430692230336 submission_runner.py:516] Time since start: 21004.37s, 	Step: 3926, 	{'train/loss': 0.12420619381989272, 'validation/loss': 0.12467618500307047, 'validation/num_examples': 83274637, 'test/loss': 0.12713146270671644, 'test/num_examples': 95000000, 'score': 6425.994694471359, 'total_duration': 21004.370398521423, 'accumulated_submission_time': 6425.994694471359, 'accumulated_eval_time': 14565.263352394104, 'accumulated_logging_time': 0.7095613479614258}
I0915 04:18:03.873322 140387389703936 logging_writer.py:48] [3926] accumulated_eval_time=14565.3, accumulated_logging_time=0.709561, accumulated_submission_time=6425.99, global_step=3926, preemption_count=0, score=6425.99, test/loss=0.127131, test/num_examples=95000000, total_duration=21004.4, train/loss=0.124206, validation/loss=0.124676, validation/num_examples=83274637
I0915 04:19:17.515185 140387398096640 logging_writer.py:48] [4000] global_step=4000, grad_norm=0.0418413, loss=0.121179
I0915 04:19:17.518374 140430692230336 submission.py:307] 4000) loss = 0.121, grad_norm = 0.042
I0915 04:24:00.871923 140430692230336 spec.py:333] Evaluating on the training split.
I0915 04:24:58.923568 140430692230336 spec.py:346] Evaluating on the validation split.
I0915 04:25:57.170121 140430692230336 spec.py:363] Evaluating on the test split.
I0915 04:27:03.922461 140430692230336 submission_runner.py:516] Time since start: 21544.44s, 	Step: 4167, 	{'train/loss': 0.12163764439701313, 'validation/loss': 0.12446432338516199, 'validation/num_examples': 83274637, 'test/loss': 0.12677098810601486, 'test/num_examples': 95000000, 'score': 6782.304340839386, 'total_duration': 21544.441210746765, 'accumulated_submission_time': 6782.304340839386, 'accumulated_eval_time': 14748.313912153244, 'accumulated_logging_time': 0.7375872135162354}
I0915 04:27:03.945153 140387389703936 logging_writer.py:48] [4167] accumulated_eval_time=14748.3, accumulated_logging_time=0.737587, accumulated_submission_time=6782.3, global_step=4167, preemption_count=0, score=6782.3, test/loss=0.126771, test/num_examples=95000000, total_duration=21544.4, train/loss=0.121638, validation/loss=0.124464, validation/num_examples=83274637
I0915 04:33:01.923356 140430692230336 spec.py:333] Evaluating on the training split.
I0915 04:33:59.827790 140430692230336 spec.py:346] Evaluating on the validation split.
I0915 04:34:57.937195 140430692230336 spec.py:363] Evaluating on the test split.
I0915 04:36:04.564912 140430692230336 submission_runner.py:516] Time since start: 22085.08s, 	Step: 4385, 	{'train/loss': 0.1238337018820797, 'validation/loss': 0.12463919110672007, 'validation/num_examples': 83274637, 'test/loss': 0.1270552308603387, 'test/num_examples': 95000000, 'score': 7139.600712776184, 'total_duration': 22085.083664894104, 'accumulated_submission_time': 7139.600712776184, 'accumulated_eval_time': 14930.95549082756, 'accumulated_logging_time': 0.7668135166168213}
I0915 04:36:04.589308 140387398096640 logging_writer.py:48] [4385] accumulated_eval_time=14931, accumulated_logging_time=0.766814, accumulated_submission_time=7139.6, global_step=4385, preemption_count=0, score=7139.6, test/loss=0.127055, test/num_examples=95000000, total_duration=22085.1, train/loss=0.123834, validation/loss=0.124639, validation/num_examples=83274637
I0915 04:39:03.537482 140387389703936 logging_writer.py:48] [4500] global_step=4500, grad_norm=0.0251874, loss=0.116085
I0915 04:39:03.540636 140430692230336 submission.py:307] 4500) loss = 0.116, grad_norm = 0.025
I0915 04:42:02.363955 140430692230336 spec.py:333] Evaluating on the training split.
I0915 04:43:00.585655 140430692230336 spec.py:346] Evaluating on the validation split.
I0915 04:43:58.962604 140430692230336 spec.py:363] Evaluating on the test split.
I0915 04:45:05.766148 140430692230336 submission_runner.py:516] Time since start: 22626.28s, 	Step: 4603, 	{'train/loss': 0.12345669351000732, 'validation/loss': 0.12454528752425037, 'validation/num_examples': 83274637, 'test/loss': 0.12706868935562937, 'test/num_examples': 95000000, 'score': 7496.691490888596, 'total_duration': 22626.284920215607, 'accumulated_submission_time': 7496.691490888596, 'accumulated_eval_time': 15114.357768058777, 'accumulated_logging_time': 0.7977817058563232}
I0915 04:45:05.790121 140387398096640 logging_writer.py:48] [4603] accumulated_eval_time=15114.4, accumulated_logging_time=0.797782, accumulated_submission_time=7496.69, global_step=4603, preemption_count=0, score=7496.69, test/loss=0.127069, test/num_examples=95000000, total_duration=22626.3, train/loss=0.123457, validation/loss=0.124545, validation/num_examples=83274637
I0915 04:51:03.321946 140430692230336 spec.py:333] Evaluating on the training split.
I0915 04:52:01.217181 140430692230336 spec.py:346] Evaluating on the validation split.
I0915 04:52:59.224866 140430692230336 spec.py:363] Evaluating on the test split.
I0915 04:54:06.087891 140430692230336 submission_runner.py:516] Time since start: 23166.61s, 	Step: 4804, 	{'train/loss': 0.12165446601974438, 'validation/loss': 0.12426333800135851, 'validation/num_examples': 83274637, 'test/loss': 0.12664656422054893, 'test/num_examples': 95000000, 'score': 7853.557901144028, 'total_duration': 23166.60662317276, 'accumulated_submission_time': 7853.557901144028, 'accumulated_eval_time': 15297.123735904694, 'accumulated_logging_time': 0.8283920288085938}
I0915 04:54:06.110568 140387389703936 logging_writer.py:48] [4804] accumulated_eval_time=15297.1, accumulated_logging_time=0.828392, accumulated_submission_time=7853.56, global_step=4804, preemption_count=0, score=7853.56, test/loss=0.126647, test/num_examples=95000000, total_duration=23166.6, train/loss=0.121654, validation/loss=0.124263, validation/num_examples=83274637
I0915 04:59:02.474852 140387398096640 logging_writer.py:48] [5000] global_step=5000, grad_norm=0.0292757, loss=0.121053
I0915 04:59:02.479732 140430692230336 submission.py:307] 5000) loss = 0.121, grad_norm = 0.029
I0915 05:00:03.625482 140430692230336 spec.py:333] Evaluating on the training split.
I0915 05:01:01.911742 140430692230336 spec.py:346] Evaluating on the validation split.
I0915 05:02:00.370590 140430692230336 spec.py:363] Evaluating on the test split.
I0915 05:03:07.390422 140430692230336 submission_runner.py:516] Time since start: 23707.91s, 	Step: 5036, 	{'train/loss': 0.12223824308739915, 'validation/loss': 0.12430292438670795, 'validation/num_examples': 83274637, 'test/loss': 0.12667685665363512, 'test/num_examples': 95000000, 'score': 8210.377913236618, 'total_duration': 23707.909193515778, 'accumulated_submission_time': 8210.377913236618, 'accumulated_eval_time': 15480.888777971268, 'accumulated_logging_time': 0.857440710067749}
I0915 05:03:07.413786 140387389703936 logging_writer.py:48] [5036] accumulated_eval_time=15480.9, accumulated_logging_time=0.857441, accumulated_submission_time=8210.38, global_step=5036, preemption_count=0, score=8210.38, test/loss=0.126677, test/num_examples=95000000, total_duration=23707.9, train/loss=0.122238, validation/loss=0.124303, validation/num_examples=83274637
I0915 05:09:03.765746 140430692230336 spec.py:333] Evaluating on the training split.
I0915 05:10:01.665147 140430692230336 spec.py:346] Evaluating on the validation split.
I0915 05:10:59.959233 140430692230336 spec.py:363] Evaluating on the test split.
I0915 05:12:06.749243 140430692230336 submission_runner.py:516] Time since start: 24247.27s, 	Step: 5244, 	{'train/loss': 0.12157833373759286, 'validation/loss': 0.12443081815811288, 'validation/num_examples': 83274637, 'test/loss': 0.12688449270710192, 'test/num_examples': 95000000, 'score': 8566.05491733551, 'total_duration': 24247.26802277565, 'accumulated_submission_time': 8566.05491733551, 'accumulated_eval_time': 15663.872374534607, 'accumulated_logging_time': 0.8873980045318604}
I0915 05:12:06.772192 140387398096640 logging_writer.py:48] [5244] accumulated_eval_time=15663.9, accumulated_logging_time=0.887398, accumulated_submission_time=8566.05, global_step=5244, preemption_count=0, score=8566.05, test/loss=0.126884, test/num_examples=95000000, total_duration=24247.3, train/loss=0.121578, validation/loss=0.124431, validation/num_examples=83274637
I0915 05:18:03.114362 140430692230336 spec.py:333] Evaluating on the training split.
I0915 05:19:01.008723 140430692230336 spec.py:346] Evaluating on the validation split.
I0915 05:19:58.938573 140430692230336 spec.py:363] Evaluating on the test split.
I0915 05:21:05.633595 140430692230336 submission_runner.py:516] Time since start: 24786.15s, 	Step: 5455, 	{'train/loss': 0.12259185467902575, 'validation/loss': 0.12423333122155497, 'validation/num_examples': 83274637, 'test/loss': 0.1265792360459177, 'test/num_examples': 95000000, 'score': 8921.71652340889, 'total_duration': 24786.152362585068, 'accumulated_submission_time': 8921.71652340889, 'accumulated_eval_time': 15846.391675710678, 'accumulated_logging_time': 0.9166655540466309}
I0915 05:21:05.658561 140387389703936 logging_writer.py:48] [5455] accumulated_eval_time=15846.4, accumulated_logging_time=0.916666, accumulated_submission_time=8921.72, global_step=5455, preemption_count=0, score=8921.72, test/loss=0.126579, test/num_examples=95000000, total_duration=24786.2, train/loss=0.122592, validation/loss=0.124233, validation/num_examples=83274637
I0915 05:21:47.342798 140387398096640 logging_writer.py:48] [5500] global_step=5500, grad_norm=0.0171384, loss=0.120783
I0915 05:21:47.345771 140430692230336 submission.py:307] 5500) loss = 0.121, grad_norm = 0.017
I0915 05:27:03.559641 140430692230336 spec.py:333] Evaluating on the training split.
I0915 05:28:01.781203 140430692230336 spec.py:346] Evaluating on the validation split.
I0915 05:29:00.104547 140430692230336 spec.py:363] Evaluating on the test split.
I0915 05:30:06.954770 140430692230336 submission_runner.py:516] Time since start: 25327.47s, 	Step: 5681, 	{'train/loss': 0.12107022227922803, 'validation/loss': 0.12432816125522116, 'validation/num_examples': 83274637, 'test/loss': 0.12672340302589818, 'test/num_examples': 95000000, 'score': 9278.934896945953, 'total_duration': 25327.473544597626, 'accumulated_submission_time': 9278.934896945953, 'accumulated_eval_time': 16029.786890268326, 'accumulated_logging_time': 0.9480431079864502}
I0915 05:30:06.978257 140387389703936 logging_writer.py:48] [5681] accumulated_eval_time=16029.8, accumulated_logging_time=0.948043, accumulated_submission_time=9278.93, global_step=5681, preemption_count=0, score=9278.93, test/loss=0.126723, test/num_examples=95000000, total_duration=25327.5, train/loss=0.12107, validation/loss=0.124328, validation/num_examples=83274637
I0915 05:36:04.035876 140430692230336 spec.py:333] Evaluating on the training split.
I0915 05:37:02.438550 140430692230336 spec.py:346] Evaluating on the validation split.
I0915 05:38:00.929816 140430692230336 spec.py:363] Evaluating on the test split.
I0915 05:39:07.668882 140430692230336 submission_runner.py:516] Time since start: 25868.19s, 	Step: 5893, 	{'train/loss': 0.12172740083477311, 'validation/loss': 0.12428990918299418, 'validation/num_examples': 83274637, 'test/loss': 0.12659455729675292, 'test/num_examples': 95000000, 'score': 9635.31711769104, 'total_duration': 25868.187648296356, 'accumulated_submission_time': 9635.31711769104, 'accumulated_eval_time': 16213.41997885704, 'accumulated_logging_time': 0.9778847694396973}
I0915 05:39:07.693088 140387398096640 logging_writer.py:48] [5893] accumulated_eval_time=16213.4, accumulated_logging_time=0.977885, accumulated_submission_time=9635.32, global_step=5893, preemption_count=0, score=9635.32, test/loss=0.126595, test/num_examples=95000000, total_duration=25868.2, train/loss=0.121727, validation/loss=0.12429, validation/num_examples=83274637
I0915 05:41:59.206768 140387389703936 logging_writer.py:48] [6000] global_step=6000, grad_norm=0.0231908, loss=0.120849
I0915 05:41:59.209823 140430692230336 submission.py:307] 6000) loss = 0.121, grad_norm = 0.023
I0915 05:45:04.563751 140430692230336 spec.py:333] Evaluating on the training split.
I0915 05:46:02.683717 140430692230336 spec.py:346] Evaluating on the validation split.
I0915 05:47:00.989512 140430692230336 spec.py:363] Evaluating on the test split.
I0915 05:48:07.778337 140430692230336 submission_runner.py:516] Time since start: 26408.30s, 	Step: 6094, 	{'train/loss': 0.12039696787248182, 'validation/loss': 0.12430679226261986, 'validation/num_examples': 83274637, 'test/loss': 0.12671427263424523, 'test/num_examples': 95000000, 'score': 9991.516325712204, 'total_duration': 26408.29709792137, 'accumulated_submission_time': 9991.516325712204, 'accumulated_eval_time': 16396.634641885757, 'accumulated_logging_time': 1.0087382793426514}
I0915 05:48:07.801823 140387398096640 logging_writer.py:48] [6094] accumulated_eval_time=16396.6, accumulated_logging_time=1.00874, accumulated_submission_time=9991.52, global_step=6094, preemption_count=0, score=9991.52, test/loss=0.126714, test/num_examples=95000000, total_duration=26408.3, train/loss=0.120397, validation/loss=0.124307, validation/num_examples=83274637
I0915 05:54:04.835966 140430692230336 spec.py:333] Evaluating on the training split.
I0915 05:55:02.820064 140430692230336 spec.py:346] Evaluating on the validation split.
I0915 05:56:00.971880 140430692230336 spec.py:363] Evaluating on the test split.
I0915 05:57:07.680451 140430692230336 submission_runner.py:516] Time since start: 26948.20s, 	Step: 6306, 	{'train/loss': 0.12273077348317894, 'validation/loss': 0.12418806031891497, 'validation/num_examples': 83274637, 'test/loss': 0.12653463702199835, 'test/num_examples': 95000000, 'score': 10347.876336097717, 'total_duration': 26948.199214220047, 'accumulated_submission_time': 10347.876336097717, 'accumulated_eval_time': 16579.479200601578, 'accumulated_logging_time': 1.0386712551116943}
I0915 05:57:07.704881 140387389703936 logging_writer.py:48] [6306] accumulated_eval_time=16579.5, accumulated_logging_time=1.03867, accumulated_submission_time=10347.9, global_step=6306, preemption_count=0, score=10347.9, test/loss=0.126535, test/num_examples=95000000, total_duration=26948.2, train/loss=0.122731, validation/loss=0.124188, validation/num_examples=83274637
I0915 06:02:29.442329 140387398096640 logging_writer.py:48] [6500] global_step=6500, grad_norm=0.0182925, loss=0.115627
I0915 06:02:29.445437 140430692230336 submission.py:307] 6500) loss = 0.116, grad_norm = 0.018
I0915 06:03:05.291252 140430692230336 spec.py:333] Evaluating on the training split.
I0915 06:04:03.513678 140430692230336 spec.py:346] Evaluating on the validation split.
I0915 06:05:01.892437 140430692230336 spec.py:363] Evaluating on the test split.
I0915 06:06:08.767637 140430692230336 submission_runner.py:516] Time since start: 27489.29s, 	Step: 6519, 	{'train/loss': 0.12139838587543274, 'validation/loss': 0.12410659305994814, 'validation/num_examples': 83274637, 'test/loss': 0.12643457385012977, 'test/num_examples': 95000000, 'score': 10704.78233575821, 'total_duration': 27489.286378383636, 'accumulated_submission_time': 10704.78233575821, 'accumulated_eval_time': 16762.955620765686, 'accumulated_logging_time': 1.0695700645446777}
I0915 06:06:08.791215 140387389703936 logging_writer.py:48] [6519] accumulated_eval_time=16763, accumulated_logging_time=1.06957, accumulated_submission_time=10704.8, global_step=6519, preemption_count=0, score=10704.8, test/loss=0.126435, test/num_examples=95000000, total_duration=27489.3, train/loss=0.121398, validation/loss=0.124107, validation/num_examples=83274637
I0915 06:12:05.977186 140430692230336 spec.py:333] Evaluating on the training split.
I0915 06:13:04.502259 140430692230336 spec.py:346] Evaluating on the validation split.
I0915 06:14:02.698162 140430692230336 spec.py:363] Evaluating on the test split.
I0915 06:15:09.541615 140430692230336 submission_runner.py:516] Time since start: 28030.06s, 	Step: 6766, 	{'train/loss': 0.12086757048271918, 'validation/loss': 0.12405763866279226, 'validation/num_examples': 83274637, 'test/loss': 0.12640602687843724, 'test/num_examples': 95000000, 'score': 11061.276944637299, 'total_duration': 28030.06036734581, 'accumulated_submission_time': 11061.276944637299, 'accumulated_eval_time': 16946.520087957382, 'accumulated_logging_time': 1.0994818210601807}
I0915 06:15:09.566431 140387398096640 logging_writer.py:48] [6766] accumulated_eval_time=16946.5, accumulated_logging_time=1.09948, accumulated_submission_time=11061.3, global_step=6766, preemption_count=0, score=11061.3, test/loss=0.126406, test/num_examples=95000000, total_duration=28030.1, train/loss=0.120868, validation/loss=0.124058, validation/num_examples=83274637
I0915 06:21:07.582036 140430692230336 spec.py:333] Evaluating on the training split.
I0915 06:22:30.319368 140430692230336 spec.py:346] Evaluating on the validation split.
I0915 06:23:30.602824 140430692230336 spec.py:363] Evaluating on the test split.
I0915 06:24:40.019474 140430692230336 submission_runner.py:516] Time since start: 28600.54s, 	Step: 6968, 	{'train/loss': 0.12346100642106007, 'validation/loss': 0.1240783339262097, 'validation/num_examples': 83274637, 'test/loss': 0.126419649889173, 'test/num_examples': 95000000, 'score': 11418.616167068481, 'total_duration': 28600.53822851181, 'accumulated_submission_time': 11418.616167068481, 'accumulated_eval_time': 17158.9575817585, 'accumulated_logging_time': 1.131810188293457}
I0915 06:24:40.043388 140387389703936 logging_writer.py:48] [6968] accumulated_eval_time=17159, accumulated_logging_time=1.13181, accumulated_submission_time=11418.6, global_step=6968, preemption_count=0, score=11418.6, test/loss=0.12642, test/num_examples=95000000, total_duration=28600.5, train/loss=0.123461, validation/loss=0.124078, validation/num_examples=83274637
I0915 06:24:55.368246 140387398096640 logging_writer.py:48] [7000] global_step=7000, grad_norm=0.00531687, loss=0.122083
I0915 06:24:55.372456 140430692230336 submission.py:307] 7000) loss = 0.122, grad_norm = 0.005
I0915 06:30:36.403476 140430692230336 spec.py:333] Evaluating on the training split.
I0915 06:32:14.043318 140430692230336 spec.py:346] Evaluating on the validation split.
I0915 06:33:12.613742 140430692230336 spec.py:363] Evaluating on the test split.
I0915 06:34:19.467794 140430692230336 submission_runner.py:516] Time since start: 29179.99s, 	Step: 7182, 	{'train/loss': 0.12337468109549282, 'validation/loss': 0.12390680204242814, 'validation/num_examples': 83274637, 'test/loss': 0.1261435647168611, 'test/num_examples': 95000000, 'score': 11774.297981977463, 'total_duration': 29179.986558675766, 'accumulated_submission_time': 11774.297981977463, 'accumulated_eval_time': 17382.02194261551, 'accumulated_logging_time': 1.162308931350708}
I0915 06:34:19.490882 140387389703936 logging_writer.py:48] [7182] accumulated_eval_time=17382, accumulated_logging_time=1.16231, accumulated_submission_time=11774.3, global_step=7182, preemption_count=0, score=11774.3, test/loss=0.126144, test/num_examples=95000000, total_duration=29180, train/loss=0.123375, validation/loss=0.123907, validation/num_examples=83274637
I0915 06:40:17.338822 140430692230336 spec.py:333] Evaluating on the training split.
I0915 06:41:27.681159 140430692230336 spec.py:346] Evaluating on the validation split.
I0915 06:42:25.829924 140430692230336 spec.py:363] Evaluating on the test split.
I0915 06:43:32.434200 140430692230336 submission_runner.py:516] Time since start: 29732.95s, 	Step: 7383, 	{'train/loss': 0.12210321974814724, 'validation/loss': 0.12390433231433495, 'validation/num_examples': 83274637, 'test/loss': 0.12622765955521434, 'test/num_examples': 95000000, 'score': 12131.475723743439, 'total_duration': 29732.952960252762, 'accumulated_submission_time': 12131.475723743439, 'accumulated_eval_time': 17577.117379665375, 'accumulated_logging_time': 1.191917896270752}
I0915 06:43:32.459191 140387398096640 logging_writer.py:48] [7383] accumulated_eval_time=17577.1, accumulated_logging_time=1.19192, accumulated_submission_time=12131.5, global_step=7383, preemption_count=0, score=12131.5, test/loss=0.126228, test/num_examples=95000000, total_duration=29733, train/loss=0.122103, validation/loss=0.123904, validation/num_examples=83274637
I0915 06:46:27.065687 140387389703936 logging_writer.py:48] [7500] global_step=7500, grad_norm=0.00893666, loss=0.112597
I0915 06:46:27.068716 140430692230336 submission.py:307] 7500) loss = 0.113, grad_norm = 0.009
I0915 06:49:29.986634 140430692230336 spec.py:333] Evaluating on the training split.
I0915 06:50:37.170899 140430692230336 spec.py:346] Evaluating on the validation split.
I0915 06:51:35.315681 140430692230336 spec.py:363] Evaluating on the test split.
I0915 06:52:42.043971 140430692230336 submission_runner.py:516] Time since start: 30282.56s, 	Step: 7592, 	{'train/loss': 0.12073468999321914, 'validation/loss': 0.1239396156478079, 'validation/num_examples': 83274637, 'test/loss': 0.12631729120788573, 'test/num_examples': 95000000, 'score': 12488.324034929276, 'total_duration': 30282.56272673607, 'accumulated_submission_time': 12488.324034929276, 'accumulated_eval_time': 17769.174802541733, 'accumulated_logging_time': 1.2236275672912598}
I0915 06:52:42.067519 140387398096640 logging_writer.py:48] [7592] accumulated_eval_time=17769.2, accumulated_logging_time=1.22363, accumulated_submission_time=12488.3, global_step=7592, preemption_count=0, score=12488.3, test/loss=0.126317, test/num_examples=95000000, total_duration=30282.6, train/loss=0.120735, validation/loss=0.12394, validation/num_examples=83274637
I0915 06:58:39.013337 140430692230336 spec.py:333] Evaluating on the training split.
I0915 06:59:37.394168 140430692230336 spec.py:346] Evaluating on the validation split.
I0915 07:00:35.815369 140430692230336 spec.py:363] Evaluating on the test split.
I0915 07:01:42.409938 140430692230336 submission_runner.py:516] Time since start: 30822.93s, 	Step: 7810, 	{'train/loss': 0.12293512181760188, 'validation/loss': 0.12395364025189097, 'validation/num_examples': 83274637, 'test/loss': 0.12631050040138647, 'test/num_examples': 95000000, 'score': 12844.588040351868, 'total_duration': 30822.928701400757, 'accumulated_submission_time': 12844.588040351868, 'accumulated_eval_time': 17952.57149863243, 'accumulated_logging_time': 1.2534687519073486}
I0915 07:01:42.433655 140387389703936 logging_writer.py:48] [7810] accumulated_eval_time=17952.6, accumulated_logging_time=1.25347, accumulated_submission_time=12844.6, global_step=7810, preemption_count=0, score=12844.6, test/loss=0.126311, test/num_examples=95000000, total_duration=30822.9, train/loss=0.122935, validation/loss=0.123954, validation/num_examples=83274637
I0915 07:07:37.690515 140387398096640 logging_writer.py:48] [8000] global_step=8000, grad_norm=0.00617268, loss=0.11821
I0915 07:07:37.693492 140430692230336 submission.py:307] 8000) loss = 0.118, grad_norm = 0.006
I0915 07:07:40.203955 140430692230336 spec.py:333] Evaluating on the training split.
I0915 07:08:49.109611 140430692230336 spec.py:346] Evaluating on the validation split.
I0915 07:09:47.266132 140430692230336 spec.py:363] Evaluating on the test split.
I0915 07:10:54.070553 140430692230336 submission_runner.py:516] Time since start: 31374.59s, 	Step: 8002, 	{'train/loss': 0.12136180953056898, 'validation/loss': 0.12385063270517058, 'validation/num_examples': 83274637, 'test/loss': 0.12613237252727308, 'test/num_examples': 95000000, 'score': 13201.688807487488, 'total_duration': 31374.58929824829, 'accumulated_submission_time': 13201.688807487488, 'accumulated_eval_time': 18146.438154935837, 'accumulated_logging_time': 1.283888578414917}
I0915 07:10:54.097156 140387389703936 logging_writer.py:48] [8002] accumulated_eval_time=18146.4, accumulated_logging_time=1.28389, accumulated_submission_time=13201.7, global_step=8002, preemption_count=0, score=13201.7, test/loss=0.126132, test/num_examples=95000000, total_duration=31374.6, train/loss=0.121362, validation/loss=0.123851, validation/num_examples=83274637
I0915 07:16:51.034896 140387398096640 logging_writer.py:48] [8207] global_step=8207, preemption_count=0, score=13558.2
I0915 07:16:56.349802 140430692230336 submission_runner.py:857] Final criteo1tb score: 13558.222728013992
