I0316 17:14:39.420135 140334807258304 shampoo_preconditioner_list.py:615] Rank 3: ShampooPreconditionerList Bytes Breakdown: (2097800, 2097152, 4194952, 2097152, 10485760, 10485760, 10485760, 10485760, 10485760, 10485760, 10485760, 10485760, 10485760, 10485760, 2097152, 2097152, 2097152, 10485760, 10485760, 8388608, 8388608, 10485760, 10485760, 2097152, 2097152, 2097152, 10485760, 4194304)
I0316 17:14:39.420145 140537744712896 shampoo_preconditioner_list.py:574] Instantiated Shampoo Preconditioner 128.block_1 ([torch.Size([0]), torch.Size([0])]) for Parameter 128 (torch.Size([2048, 512])), Block block_1 (torch.Size([1024, 512])).
I0316 17:14:39.420173 140334807258304 shampoo_preconditioner_list.py:618] Rank 3: ShampooPreconditionerList Total Elements: 234390028
I0316 17:14:39.420186 140326017963200 shampoo_preconditioner_list.py:574] Instantiated Shampoo Preconditioner 132.block_0 ([torch.Size([0])]) for Parameter 132 (torch.Size([512])), Block block_0 (torch.Size([512])).
I0316 17:14:39.420209 140334807258304 shampoo_preconditioner_list.py:621] Rank 3: ShampooPreconditionerList Total Bytes: 201327888
I0316 17:14:39.420214 140334174860480 shampoo_preconditioner_list.py:574] Instantiated Shampoo Preconditioner 134.block_0 ([torch.Size([0])]) for Parameter 134 (torch.Size([512])), Block block_0 (torch.Size([512])).
I0316 17:14:39.420238 140537744712896 shampoo_preconditioner_list.py:574] Instantiated Shampoo Preconditioner 129.block_0 ([torch.Size([0])]) for Parameter 129 (torch.Size([2048])), Block block_0 (torch.Size([1024])).
I0316 17:14:39.420277 140326017963200 shampoo_preconditioner_list.py:574] Instantiated Shampoo Preconditioner 133.block_0 ([torch.Size([0])]) for Parameter 133 (torch.Size([512])), Block block_0 (torch.Size([512])).
I0316 17:14:39.420304 140334174860480 shampoo_preconditioner_list.py:574] Instantiated Shampoo Preconditioner 135.block_0 ([torch.Size([0])]) for Parameter 135 (torch.Size([512])), Block block_0 (torch.Size([512])).
I0316 17:14:39.420326 140537744712896 shampoo_preconditioner_list.py:574] Instantiated Shampoo Preconditioner 129.block_1 ([torch.Size([0])]) for Parameter 129 (torch.Size([2048])), Block block_1 (torch.Size([1024])).
I0316 17:14:39.420329 139651183445184 shampoo_preconditioner_list.py:574] Instantiated Shampoo Preconditioner 133.block_0 ([torch.Size([512, 512])]) for Parameter 133 (torch.Size([512])), Block block_0 (torch.Size([512])).
I0316 17:14:39.420368 140326017963200 shampoo_preconditioner_list.py:574] Instantiated Shampoo Preconditioner 134.block_0 ([torch.Size([0])]) for Parameter 134 (torch.Size([512])), Block block_0 (torch.Size([512])).
I0316 17:14:39.420421 140334174860480 shampoo_preconditioner_list.py:574] Instantiated Shampoo Preconditioner 136.block_0 ([torch.Size([0]), torch.Size([0])]) for Parameter 136 (torch.Size([1024, 512])), Block block_0 (torch.Size([1024, 512])).
I0316 17:14:39.420439 140537744712896 shampoo_preconditioner_list.py:574] Instantiated Shampoo Preconditioner 130.block_0 ([torch.Size([0]), torch.Size([0])]) for Parameter 130 (torch.Size([512, 2048])), Block block_0 (torch.Size([512, 1024])).
I0316 17:14:39.420454 139651183445184 shampoo_preconditioner_list.py:574] Instantiated Shampoo Preconditioner 134.block_0 ([torch.Size([0])]) for Parameter 134 (torch.Size([512])), Block block_0 (torch.Size([512])).
I0316 17:14:39.420545 140537744712896 shampoo_preconditioner_list.py:574] Instantiated Shampoo Preconditioner 130.block_1 ([torch.Size([0]), torch.Size([0])]) for Parameter 130 (torch.Size([512, 2048])), Block block_1 (torch.Size([512, 1024])).
I0316 17:14:39.420548 139651183445184 shampoo_preconditioner_list.py:574] Instantiated Shampoo Preconditioner 135.block_0 ([torch.Size([0])]) for Parameter 135 (torch.Size([512])), Block block_0 (torch.Size([512])).
I0316 17:14:39.420640 140537744712896 shampoo_preconditioner_list.py:574] Instantiated Shampoo Preconditioner 131.block_0 ([torch.Size([0])]) for Parameter 131 (torch.Size([512])), Block block_0 (torch.Size([512])).
I0316 17:14:39.420665 139651183445184 shampoo_preconditioner_list.py:574] Instantiated Shampoo Preconditioner 136.block_0 ([torch.Size([0]), torch.Size([0])]) for Parameter 136 (torch.Size([1024, 512])), Block block_0 (torch.Size([1024, 512])).
I0316 17:14:39.420782 139651183445184 shampoo_preconditioner_list.py:574] Instantiated Shampoo Preconditioner 137.block_0 ([torch.Size([0])]) for Parameter 137 (torch.Size([1024])), Block block_0 (torch.Size([1024])).
I0316 17:14:39.420882 140326017963200 shampoo_preconditioner_list.py:574] Instantiated Shampoo Preconditioner 135.block_0 ([torch.Size([512, 512])]) for Parameter 135 (torch.Size([512])), Block block_0 (torch.Size([512])).
I0316 17:14:39.420979 140334174860480 shampoo_preconditioner_list.py:574] Instantiated Shampoo Preconditioner 137.block_0 ([torch.Size([1024, 1024])]) for Parameter 137 (torch.Size([1024])), Block block_0 (torch.Size([1024])).
I0316 17:14:39.421028 140326017963200 shampoo_preconditioner_list.py:574] Instantiated Shampoo Preconditioner 136.block_0 ([torch.Size([0]), torch.Size([0])]) for Parameter 136 (torch.Size([1024, 512])), Block block_0 (torch.Size([1024, 512])).
I0316 17:14:39.421051 139651183445184 shampoo_preconditioner_list.py:612] Rank 7: ShampooPreconditionerList Numel Breakdown: (524450, 524288, 1048738, 524288, 2621440, 2621440, 2621440, 2621440, 2621440, 2621440, 2621440, 2621440, 2621440, 2621440, 524288, 524288, 524288, 2621440, 2621440, 2097152, 2097152, 2621440, 2621440, 524288, 524288, 524288, 2621440, 1048576, 2097152, 524288, 1048576, 524288, 8192, 524288, 524288, 1048576, 524288, 1048576, 524288, 524338, 524288, 524288, 1048576, 524288, 524288, 524288, 2621440, 2621440, 2097152, 2097152, 2621440, 2621440, 524288, 524288, 524288, 524288, 524288, 2621440, 2621440, 2097152, 2097152, 2621440, 2621440, 524288, 524288, 524288, 2621440, 1048576, 2097152, 524288, 1048576, 524288, 8192, 524288, 524288, 1048576, 524288, 1048576, 524288, 524338, 524288, 524288, 1048576, 524288, 524288, 524288, 2621440, 2621440, 2097152, 2097152, 2621440, 2621440, 524288, 524288, 524288, 524288, 524288, 2621440, 2621440, 2097152, 2097152, 2621440, 2621440, 524288, 524288, 524288, 2621440, 1048576, 2097152, 524288, 1048576, 524288, 8192, 524288, 524288, 1048576, 524288, 1048576, 524288, 524338, 524288, 524288, 1048576, 524288, 524288, 524288, 2621440, 2621440, 2097152, 2097152, 2621440, 2621440, 524288, 524288, 524288, 524288, 524288, 2621440, 2621440, 2097152, 2097152, 2621440, 2621440, 524288, 524288, 524288, 2621440, 1048576, 2097152, 524288, 1048576, 524288, 8192, 524288, 524288, 1048576, 524288, 1048576, 524288, 524338, 524288, 524288, 1048576, 524288, 524288, 524288, 2621440, 2621440, 2097152, 2097152, 2621440, 2621440, 524288, 524288, 524288, 524288, 524288, 2621440, 2097152)
I0316 17:14:39.421104 139651183445184 shampoo_preconditioner_list.py:615] Rank 7: ShampooPreconditionerList Bytes Breakdown: (2097800, 2097152, 4194952, 2097152, 10485760, 10485760, 10485760, 10485760, 10485760, 10485760, 10485760, 10485760, 10485760, 10485760, 2097152, 2097152, 2097152, 10485760, 10485760, 8388608, 8388608, 10485760, 10485760, 2097152, 2097152, 2097152, 10485760, 4194304, 8388608, 2097152, 4194304, 2097152)
I0316 17:14:39.421119 140326017963200 shampoo_preconditioner_list.py:574] Instantiated Shampoo Preconditioner 137.block_0 ([torch.Size([0])]) for Parameter 137 (torch.Size([1024])), Block block_0 (torch.Size([1024])).
I0316 17:14:39.421143 139651183445184 shampoo_preconditioner_list.py:618] Rank 7: ShampooPreconditionerList Total Elements: 234390028
I0316 17:14:39.421176 139651183445184 shampoo_preconditioner_list.py:621] Rank 7: ShampooPreconditionerList Total Bytes: 218105104
I0316 17:14:39.421276 140334174860480 shampoo_preconditioner_list.py:612] Rank 5: ShampooPreconditionerList Numel Breakdown: (524450, 524288, 1048738, 524288, 2621440, 2621440, 2621440, 2621440, 2621440, 2621440, 2621440, 2621440, 2621440, 2621440, 524288, 524288, 524288, 2621440, 2621440, 2097152, 2097152, 2621440, 2621440, 524288, 524288, 524288, 2621440, 1048576, 2097152, 524288, 1048576, 524288, 8192, 524288, 524288, 1048576, 524288, 1048576, 524288, 524338, 524288, 524288, 1048576, 524288, 524288, 524288, 2621440, 2621440, 2097152, 2097152, 2621440, 2621440, 524288, 524288, 524288, 524288, 524288, 2621440, 2621440, 2097152, 2097152, 2621440, 2621440, 524288, 524288, 524288, 2621440, 1048576, 2097152, 524288, 1048576, 524288, 8192, 524288, 524288, 1048576, 524288, 1048576, 524288, 524338, 524288, 524288, 1048576, 524288, 524288, 524288, 2621440, 2621440, 2097152, 2097152, 2621440, 2621440, 524288, 524288, 524288, 524288, 524288, 2621440, 2621440, 2097152, 2097152, 2621440, 2621440, 524288, 524288, 524288, 2621440, 1048576, 2097152, 524288, 1048576, 524288, 8192, 524288, 524288, 1048576, 524288, 1048576, 524288, 524338, 524288, 524288, 1048576, 524288, 524288, 524288, 2621440, 2621440, 2097152, 2097152, 2621440, 2621440, 524288, 524288, 524288, 524288, 524288, 2621440, 2621440, 2097152, 2097152, 2621440, 2621440, 524288, 524288, 524288, 2621440, 1048576, 2097152, 524288, 1048576, 524288, 8192, 524288, 524288, 1048576, 524288, 1048576, 524288, 524338, 524288, 524288, 1048576, 524288, 524288, 524288, 2621440, 2621440, 2097152, 2097152, 2621440, 2621440, 524288, 524288, 524288, 524288, 524288, 2621440, 2097152)
I0316 17:14:39.421333 140334174860480 shampoo_preconditioner_list.py:615] Rank 5: ShampooPreconditionerList Bytes Breakdown: (2097800, 2097152, 4194952, 2097152, 10485760, 10485760, 10485760, 10485760, 10485760, 10485760, 10485760, 10485760, 10485760, 10485760, 2097152, 2097152, 2097152, 10485760, 10485760, 8388608, 8388608, 10485760, 10485760, 2097152, 2097152, 2097152, 10485760, 4194304, 8388608, 2097152, 4194304, 2097152)
I0316 17:14:39.421373 140334174860480 shampoo_preconditioner_list.py:618] Rank 5: ShampooPreconditionerList Total Elements: 234390028
I0316 17:14:39.421394 140326017963200 shampoo_preconditioner_list.py:612] Rank 4: ShampooPreconditionerList Numel Breakdown: (524450, 524288, 1048738, 524288, 2621440, 2621440, 2621440, 2621440, 2621440, 2621440, 2621440, 2621440, 2621440, 2621440, 524288, 524288, 524288, 2621440, 2621440, 2097152, 2097152, 2621440, 2621440, 524288, 524288, 524288, 2621440, 1048576, 2097152, 524288, 1048576, 524288, 8192, 524288, 524288, 1048576, 524288, 1048576, 524288, 524338, 524288, 524288, 1048576, 524288, 524288, 524288, 2621440, 2621440, 2097152, 2097152, 2621440, 2621440, 524288, 524288, 524288, 524288, 524288, 2621440, 2621440, 2097152, 2097152, 2621440, 2621440, 524288, 524288, 524288, 2621440, 1048576, 2097152, 524288, 1048576, 524288, 8192, 524288, 524288, 1048576, 524288, 1048576, 524288, 524338, 524288, 524288, 1048576, 524288, 524288, 524288, 2621440, 2621440, 2097152, 2097152, 2621440, 2621440, 524288, 524288, 524288, 524288, 524288, 2621440, 2621440, 2097152, 2097152, 2621440, 2621440, 524288, 524288, 524288, 2621440, 1048576, 2097152, 524288, 1048576, 524288, 8192, 524288, 524288, 1048576, 524288, 1048576, 524288, 524338, 524288, 524288, 1048576, 524288, 524288, 524288, 2621440, 2621440, 2097152, 2097152, 2621440, 2621440, 524288, 524288, 524288, 524288, 524288, 2621440, 2621440, 2097152, 2097152, 2621440, 2621440, 524288, 524288, 524288, 2621440, 1048576, 2097152, 524288, 1048576, 524288, 8192, 524288, 524288, 1048576, 524288, 1048576, 524288, 524338, 524288, 524288, 1048576, 524288, 524288, 524288, 2621440, 2621440, 2097152, 2097152, 2621440, 2621440, 524288, 524288, 524288, 524288, 524288, 2621440, 2097152)
I0316 17:14:39.421408 140334174860480 shampoo_preconditioner_list.py:621] Rank 5: ShampooPreconditionerList Total Bytes: 218105104
I0316 17:14:39.421456 140326017963200 shampoo_preconditioner_list.py:615] Rank 4: ShampooPreconditionerList Bytes Breakdown: (2097800, 2097152, 4194952, 2097152, 10485760, 10485760, 10485760, 10485760, 10485760, 10485760, 10485760, 10485760, 10485760, 10485760, 2097152, 2097152, 2097152, 10485760, 10485760, 8388608, 8388608, 10485760, 10485760, 2097152, 2097152, 2097152, 10485760, 4194304, 8388608, 2097152, 4194304)
I0316 17:14:39.421497 140326017963200 shampoo_preconditioner_list.py:618] Rank 4: ShampooPreconditionerList Total Elements: 234390028
I0316 17:14:39.421531 140326017963200 shampoo_preconditioner_list.py:621] Rank 4: ShampooPreconditionerList Total Bytes: 216007952
I0316 17:14:39.421645 140537744712896 shampoo_preconditioner_list.py:574] Instantiated Shampoo Preconditioner 132.block_0 ([torch.Size([512, 512])]) for Parameter 132 (torch.Size([512])), Block block_0 (torch.Size([512])).
I0316 17:14:39.421777 140537744712896 shampoo_preconditioner_list.py:574] Instantiated Shampoo Preconditioner 133.block_0 ([torch.Size([0])]) for Parameter 133 (torch.Size([512])), Block block_0 (torch.Size([512])).
I0316 17:14:39.421865 140537744712896 shampoo_preconditioner_list.py:574] Instantiated Shampoo Preconditioner 134.block_0 ([torch.Size([0])]) for Parameter 134 (torch.Size([512])), Block block_0 (torch.Size([512])).
I0316 17:14:39.421948 140537744712896 shampoo_preconditioner_list.py:574] Instantiated Shampoo Preconditioner 135.block_0 ([torch.Size([0])]) for Parameter 135 (torch.Size([512])), Block block_0 (torch.Size([512])).
I0316 17:14:39.422057 140537744712896 shampoo_preconditioner_list.py:574] Instantiated Shampoo Preconditioner 136.block_0 ([torch.Size([0]), torch.Size([0])]) for Parameter 136 (torch.Size([1024, 512])), Block block_0 (torch.Size([1024, 512])).
I0316 17:14:39.422142 140537744712896 shampoo_preconditioner_list.py:574] Instantiated Shampoo Preconditioner 137.block_0 ([torch.Size([0])]) for Parameter 137 (torch.Size([1024])), Block block_0 (torch.Size([1024])).
I0316 17:14:39.422405 140537744712896 shampoo_preconditioner_list.py:612] Rank 6: ShampooPreconditionerList Numel Breakdown: (524450, 524288, 1048738, 524288, 2621440, 2621440, 2621440, 2621440, 2621440, 2621440, 2621440, 2621440, 2621440, 2621440, 524288, 524288, 524288, 2621440, 2621440, 2097152, 2097152, 2621440, 2621440, 524288, 524288, 524288, 2621440, 1048576, 2097152, 524288, 1048576, 524288, 8192, 524288, 524288, 1048576, 524288, 1048576, 524288, 524338, 524288, 524288, 1048576, 524288, 524288, 524288, 2621440, 2621440, 2097152, 2097152, 2621440, 2621440, 524288, 524288, 524288, 524288, 524288, 2621440, 2621440, 2097152, 2097152, 2621440, 2621440, 524288, 524288, 524288, 2621440, 1048576, 2097152, 524288, 1048576, 524288, 8192, 524288, 524288, 1048576, 524288, 1048576, 524288, 524338, 524288, 524288, 1048576, 524288, 524288, 524288, 2621440, 2621440, 2097152, 2097152, 2621440, 2621440, 524288, 524288, 524288, 524288, 524288, 2621440, 2621440, 2097152, 2097152, 2621440, 2621440, 524288, 524288, 524288, 2621440, 1048576, 2097152, 524288, 1048576, 524288, 8192, 524288, 524288, 1048576, 524288, 1048576, 524288, 524338, 524288, 524288, 1048576, 524288, 524288, 524288, 2621440, 2621440, 2097152, 2097152, 2621440, 2621440, 524288, 524288, 524288, 524288, 524288, 2621440, 2621440, 2097152, 2097152, 2621440, 2621440, 524288, 524288, 524288, 2621440, 1048576, 2097152, 524288, 1048576, 524288, 8192, 524288, 524288, 1048576, 524288, 1048576, 524288, 524338, 524288, 524288, 1048576, 524288, 524288, 524288, 2621440, 2621440, 2097152, 2097152, 2621440, 2621440, 524288, 524288, 524288, 524288, 524288, 2621440, 2097152)
I0316 17:14:39.422458 140537744712896 shampoo_preconditioner_list.py:615] Rank 6: ShampooPreconditionerList Bytes Breakdown: (2097800, 2097152, 4194952, 2097152, 10485760, 10485760, 10485760, 10485760, 10485760, 10485760, 10485760, 10485760, 10485760, 10485760, 2097152, 2097152, 2097152, 10485760, 10485760, 8388608, 8388608, 10485760, 10485760, 2097152, 2097152, 2097152, 10485760, 4194304, 8388608, 2097152, 4194304, 2097152)
I0316 17:14:39.422497 140537744712896 shampoo_preconditioner_list.py:618] Rank 6: ShampooPreconditionerList Total Elements: 234390028
I0316 17:14:39.422531 140537744712896 shampoo_preconditioner_list.py:621] Rank 6: ShampooPreconditionerList Total Bytes: 218105104
I0316 17:14:39.424180 140334807258304 logger_utils.py:262] Unable to record workload.train_mean information. Continuing without it.
I0316 17:14:39.424258 140334807258304 logger_utils.py:262] Unable to record workload.train_stddev information. Continuing without it.
I0316 17:14:39.426020 140326017963200 logger_utils.py:262] Unable to record workload.train_mean information. Continuing without it.
I0316 17:14:39.426096 140326017963200 logger_utils.py:262] Unable to record workload.train_stddev information. Continuing without it.
I0316 17:14:39.426243 140334174860480 logger_utils.py:262] Unable to record workload.train_mean information. Continuing without it.
I0316 17:14:39.426318 140334174860480 logger_utils.py:262] Unable to record workload.train_stddev information. Continuing without it.
I0316 17:14:39.427130 139651183445184 logger_utils.py:262] Unable to record workload.train_mean information. Continuing without it.
I0316 17:14:39.427202 139651183445184 logger_utils.py:262] Unable to record workload.train_stddev information. Continuing without it.
I0316 17:14:39.428219 140537744712896 logger_utils.py:262] Unable to record workload.train_mean information. Continuing without it.
I0316 17:14:39.428293 140537744712896 logger_utils.py:262] Unable to record workload.train_stddev information. Continuing without it.
I0316 17:14:39.695742 139946938389696 submission_runner.py:325] Saving flags to /experiment_runs/submissions/rolling_leaderboard/external_tuning/shampoo/study_1/librispeech_conformer_pytorch/trial_3/flags_0.json.
I0316 17:14:39.739442 139946938389696 submission_runner.py:337] Starting training loop.
/usr/local/lib/python3.11/multiprocessing/popen_fork.py:66: RuntimeWarning: os.fork() was called. os.fork() is incompatible with multithreaded code, and JAX is multithreaded, so this will likely lead to a deadlock.
  self.pid = os.fork()
/usr/local/lib/python3.11/multiprocessing/popen_fork.py:66: RuntimeWarning: os.fork() was called. os.fork() is incompatible with multithreaded code, and JAX is multithreaded, so this will likely lead to a deadlock.
  self.pid = os.fork()
/usr/local/lib/python3.11/multiprocessing/popen_fork.py:66: RuntimeWarning: os.fork() was called. os.fork() is incompatible with multithreaded code, and JAX is multithreaded, so this will likely lead to a deadlock.
  self.pid = os.fork()
/usr/local/lib/python3.11/multiprocessing/popen_fork.py:66: RuntimeWarning: os.fork() was called. os.fork() is incompatible with multithreaded code, and JAX is multithreaded, so this will likely lead to a deadlock.
  self.pid = os.fork()
/usr/local/lib/python3.11/multiprocessing/popen_fork.py:66: RuntimeWarning: os.fork() was called. os.fork() is incompatible with multithreaded code, and JAX is multithreaded, so this will likely lead to a deadlock.
  self.pid = os.fork()
/usr/local/lib/python3.11/multiprocessing/popen_fork.py:66: RuntimeWarning: os.fork() was called. os.fork() is incompatible with multithreaded code, and JAX is multithreaded, so this will likely lead to a deadlock.
  self.pid = os.fork()
/usr/local/lib/python3.11/multiprocessing/popen_fork.py:66: RuntimeWarning: os.fork() was called. os.fork() is incompatible with multithreaded code, and JAX is multithreaded, so this will likely lead to a deadlock.
  self.pid = os.fork()
/usr/local/lib/python3.11/multiprocessing/popen_fork.py:66: RuntimeWarning: os.fork() was called. os.fork() is incompatible with multithreaded code, and JAX is multithreaded, so this will likely lead to a deadlock.
  self.pid = os.fork()
/algorithmic-efficiency/algoperf/workloads/librispeech_conformer/librispeech_pytorch/preprocessor.py:488: UserWarning: Specified kernel cache directory could not be created! This disables kernel caching. Specified directory is /root/.cache/torch/kernels. This warning will appear only once per process. (Triggered internally at ../aten/src/ATen/native/cuda/jit_utils.cpp:1442.)
  spectrum = torch.abs(spectrum)
/algorithmic-efficiency/algoperf/workloads/librispeech_conformer/librispeech_pytorch/preprocessor.py:488: UserWarning: Specified kernel cache directory could not be created! This disables kernel caching. Specified directory is /root/.cache/torch/kernels. This warning will appear only once per process. (Triggered internally at ../aten/src/ATen/native/cuda/jit_utils.cpp:1442.)
  spectrum = torch.abs(spectrum)
/algorithmic-efficiency/algoperf/workloads/librispeech_conformer/librispeech_pytorch/preprocessor.py:488: UserWarning: Specified kernel cache directory could not be created! This disables kernel caching. Specified directory is /root/.cache/torch/kernels. This warning will appear only once per process. (Triggered internally at ../aten/src/ATen/native/cuda/jit_utils.cpp:1442.)
  spectrum = torch.abs(spectrum)
/algorithmic-efficiency/algoperf/workloads/librispeech_conformer/librispeech_pytorch/preprocessor.py:488: UserWarning: Specified kernel cache directory could not be created! This disables kernel caching. Specified directory is /root/.cache/torch/kernels. This warning will appear only once per process. (Triggered internally at ../aten/src/ATen/native/cuda/jit_utils.cpp:1442.)
  spectrum = torch.abs(spectrum)
/algorithmic-efficiency/algoperf/workloads/librispeech_conformer/librispeech_pytorch/preprocessor.py:488: UserWarning: Specified kernel cache directory could not be created! This disables kernel caching. Specified directory is /root/.cache/torch/kernels. This warning will appear only once per process. (Triggered internally at ../aten/src/ATen/native/cuda/jit_utils.cpp:1442.)
  spectrum = torch.abs(spectrum)
/algorithmic-efficiency/algoperf/workloads/librispeech_conformer/librispeech_pytorch/preprocessor.py:488: UserWarning: Specified kernel cache directory could not be created! This disables kernel caching. Specified directory is /root/.cache/torch/kernels. This warning will appear only once per process. (Triggered internally at ../aten/src/ATen/native/cuda/jit_utils.cpp:1442.)
  spectrum = torch.abs(spectrum)
/algorithmic-efficiency/algoperf/workloads/librispeech_conformer/librispeech_pytorch/preprocessor.py:488: UserWarning: Specified kernel cache directory could not be created! This disables kernel caching. Specified directory is /root/.cache/torch/kernels. This warning will appear only once per process. (Triggered internally at ../aten/src/ATen/native/cuda/jit_utils.cpp:1442.)
  spectrum = torch.abs(spectrum)
I0316 17:14:58.719938 139928036919040 logging_writer.py:48] [0] global_step=0, grad_norm=125.455, loss=30.8801
I0316 17:14:58.752460 139946938389696 submission.py:265] 0) loss = 30.880, grad_norm = 125.455
I0316 17:14:59.880531 139946938389696 spec.py:321] Evaluating on the training split.
I0316 17:14:59.881354 139946938389696 input_pipeline.py:20] Loading split = train-clean-100
I0316 17:14:59.907816 139946938389696 input_pipeline.py:20] Loading split = train-clean-360
I0316 17:14:59.999110 139946938389696 input_pipeline.py:20] Loading split = train-other-500
I0316 17:15:33.722986 139946938389696 spec.py:333] Evaluating on the validation split.
I0316 17:15:33.724127 139946938389696 input_pipeline.py:20] Loading split = dev-clean
I0316 17:15:33.797274 139946938389696 input_pipeline.py:20] Loading split = dev-other
I0316 17:15:53.808418 139946938389696 spec.py:349] Evaluating on the test split.
I0316 17:15:53.809856 139946938389696 input_pipeline.py:20] Loading split = test-clean
I0316 17:16:04.196854 139946938389696 submission_runner.py:469] Time since start: 84.46s, 	Step: 1, 	{'train/ctc_loss': 29.37704568527919, 'train/wer': 2.4836070916438535, 'validation/ctc_loss': 28.169841805578994, 'validation/wer': 2.2241973639743158, 'validation/num_examples': 5348, 'test/ctc_loss': 28.23174252826363, 'test/wer': 2.2819653484451488, 'test/num_examples': 2472, 'score': 19.01413655281067, 'total_duration': 84.45718264579773, 'accumulated_submission_time': 19.01413655281067, 'accumulated_eval_time': 64.31623315811157, 'accumulated_logging_time': 0}
I0316 17:16:04.211246 139926066685696 logging_writer.py:48] [1] accumulated_eval_time=64.3162, accumulated_logging_time=0, accumulated_submission_time=19.0141, global_step=1, preemption_count=0, score=19.0141, test/ctc_loss=28.2317, test/num_examples=2472, test/wer=2.28197, total_duration=84.4572, train/ctc_loss=29.377, train/wer=2.48361, validation/ctc_loss=28.1698, validation/num_examples=5348, validation/wer=2.2242
I0316 17:16:06.486156 139926058292992 logging_writer.py:48] [1] global_step=1, grad_norm=121.156, loss=30.0766
I0316 17:16:06.489398 139946938389696 submission.py:265] 1) loss = 30.077, grad_norm = 121.156
I0316 17:16:07.175313 139926066685696 logging_writer.py:48] [2] global_step=2, grad_norm=162.146, loss=25.3226
I0316 17:16:07.178600 139946938389696 submission.py:265] 2) loss = 25.323, grad_norm = 162.146
I0316 17:16:07.868661 139926058292992 logging_writer.py:48] [3] global_step=3, grad_norm=110.761, loss=11.8292
I0316 17:16:07.872403 139946938389696 submission.py:265] 3) loss = 11.829, grad_norm = 110.761
I0316 17:16:08.563713 139926066685696 logging_writer.py:48] [4] global_step=4, grad_norm=21.4593, loss=7.97922
I0316 17:16:08.566945 139946938389696 submission.py:265] 4) loss = 7.979, grad_norm = 21.459
I0316 17:16:09.256101 139926058292992 logging_writer.py:48] [5] global_step=5, grad_norm=26.6696, loss=10.172
I0316 17:16:09.259399 139946938389696 submission.py:265] 5) loss = 10.172, grad_norm = 26.670
I0316 17:16:09.946446 139926066685696 logging_writer.py:48] [6] global_step=6, grad_norm=28.5479, loss=11.3308
I0316 17:16:09.950276 139946938389696 submission.py:265] 6) loss = 11.331, grad_norm = 28.548
I0316 17:16:10.633699 139926058292992 logging_writer.py:48] [7] global_step=7, grad_norm=30.9143, loss=11.374
I0316 17:16:10.636853 139946938389696 submission.py:265] 7) loss = 11.374, grad_norm = 30.914
I0316 17:16:11.318720 139926066685696 logging_writer.py:48] [8] global_step=8, grad_norm=33.3286, loss=10.1709
I0316 17:16:11.322544 139946938389696 submission.py:265] 8) loss = 10.171, grad_norm = 33.329
I0316 17:16:12.006556 139926058292992 logging_writer.py:48] [9] global_step=9, grad_norm=27.9097, loss=7.84431
I0316 17:16:12.009733 139946938389696 submission.py:265] 9) loss = 7.844, grad_norm = 27.910
I0316 17:16:12.694639 139926066685696 logging_writer.py:48] [10] global_step=10, grad_norm=130.701, loss=10.8612
I0316 17:16:12.698250 139946938389696 submission.py:265] 10) loss = 10.861, grad_norm = 130.701
I0316 17:16:13.382643 139926058292992 logging_writer.py:48] [11] global_step=11, grad_norm=36.3412, loss=9.44389
I0316 17:16:13.386016 139946938389696 submission.py:265] 11) loss = 9.444, grad_norm = 36.341
I0316 17:16:14.070770 139926066685696 logging_writer.py:48] [12] global_step=12, grad_norm=34.3535, loss=8.2885
I0316 17:16:14.074683 139946938389696 submission.py:265] 12) loss = 8.289, grad_norm = 34.354
I0316 17:16:14.760210 139926058292992 logging_writer.py:48] [13] global_step=13, grad_norm=18.5214, loss=7.11801
I0316 17:16:14.763412 139946938389696 submission.py:265] 13) loss = 7.118, grad_norm = 18.521
I0316 17:16:15.451290 139926066685696 logging_writer.py:48] [14] global_step=14, grad_norm=4.33156, loss=6.98348
I0316 17:16:15.454347 139946938389696 submission.py:265] 14) loss = 6.983, grad_norm = 4.332
I0316 17:16:16.684199 139926058292992 logging_writer.py:48] [15] global_step=15, grad_norm=23.2816, loss=7.05134
I0316 17:16:16.687281 139946938389696 submission.py:265] 15) loss = 7.051, grad_norm = 23.282
I0316 17:16:17.471308 139926066685696 logging_writer.py:48] [16] global_step=16, grad_norm=32.4964, loss=7.5885
I0316 17:16:17.474448 139946938389696 submission.py:265] 16) loss = 7.588, grad_norm = 32.496
I0316 17:16:18.339110 139926058292992 logging_writer.py:48] [17] global_step=17, grad_norm=71.5724, loss=7.78397
I0316 17:16:18.342259 139946938389696 submission.py:265] 17) loss = 7.784, grad_norm = 71.572
I0316 17:16:19.165990 139926066685696 logging_writer.py:48] [18] global_step=18, grad_norm=39.6109, loss=12.1247
I0316 17:16:19.169085 139946938389696 submission.py:265] 18) loss = 12.125, grad_norm = 39.611
I0316 17:16:21.257700 139926058292992 logging_writer.py:48] [19] global_step=19, grad_norm=39.973, loss=10.3539
I0316 17:16:21.260837 139946938389696 submission.py:265] 19) loss = 10.354, grad_norm = 39.973
I0316 17:16:21.994800 139926066685696 logging_writer.py:48] [20] global_step=20, grad_norm=4.87149, loss=6.59337
I0316 17:16:21.998298 139946938389696 submission.py:265] 20) loss = 6.593, grad_norm = 4.871
I0316 17:16:22.685361 139926058292992 logging_writer.py:48] [21] global_step=21, grad_norm=136.55, loss=10.4884
I0316 17:16:22.688377 139946938389696 submission.py:265] 21) loss = 10.488, grad_norm = 136.550
I0316 17:16:23.575816 139926066685696 logging_writer.py:48] [22] global_step=22, grad_norm=36.669, loss=19.8288
I0316 17:16:23.579374 139946938389696 submission.py:265] 22) loss = 19.829, grad_norm = 36.669
I0316 17:16:25.680272 139926058292992 logging_writer.py:48] [23] global_step=23, grad_norm=36.0183, loss=21.0023
I0316 17:16:25.683493 139946938389696 submission.py:265] 23) loss = 21.002, grad_norm = 36.018
I0316 17:16:26.695461 139926066685696 logging_writer.py:48] [24] global_step=24, grad_norm=35.9809, loss=19.4249
I0316 17:16:26.698504 139946938389696 submission.py:265] 24) loss = 19.425, grad_norm = 35.981
I0316 17:16:27.385634 139926058292992 logging_writer.py:48] [25] global_step=25, grad_norm=36.3035, loss=14.9026
I0316 17:16:27.388739 139946938389696 submission.py:265] 25) loss = 14.903, grad_norm = 36.304
I0316 17:16:28.299153 139926066685696 logging_writer.py:48] [26] global_step=26, grad_norm=29.7751, loss=7.34011
I0316 17:16:28.302864 139946938389696 submission.py:265] 26) loss = 7.340, grad_norm = 29.775
I0316 17:16:29.934826 139926058292992 logging_writer.py:48] [27] global_step=27, grad_norm=66.3244, loss=14.8149
I0316 17:16:29.938161 139946938389696 submission.py:265] 27) loss = 14.815, grad_norm = 66.324
I0316 17:16:30.772598 139926066685696 logging_writer.py:48] [28] global_step=28, grad_norm=46.2957, loss=18.9819
I0316 17:16:30.775761 139946938389696 submission.py:265] 28) loss = 18.982, grad_norm = 46.296
I0316 17:16:31.460820 139926058292992 logging_writer.py:48] [29] global_step=29, grad_norm=43.3394, loss=16.6906
I0316 17:16:31.463808 139946938389696 submission.py:265] 29) loss = 16.691, grad_norm = 43.339
I0316 17:16:32.703934 139926066685696 logging_writer.py:48] [30] global_step=30, grad_norm=20.1356, loss=12.2457
I0316 17:16:32.706999 139946938389696 submission.py:265] 30) loss = 12.246, grad_norm = 20.136
I0316 17:16:34.533402 139926058292992 logging_writer.py:48] [31] global_step=31, grad_norm=39.4827, loss=14.5698
I0316 17:16:34.536492 139946938389696 submission.py:265] 31) loss = 14.570, grad_norm = 39.483
I0316 17:16:35.220005 139926066685696 logging_writer.py:48] [32] global_step=32, grad_norm=6.03767, loss=10.7372
I0316 17:16:35.223798 139946938389696 submission.py:265] 32) loss = 10.737, grad_norm = 6.038
I0316 17:16:35.909628 139926058292992 logging_writer.py:48] [33] global_step=33, grad_norm=16.3576, loss=11.0497
I0316 17:16:35.912763 139946938389696 submission.py:265] 33) loss = 11.050, grad_norm = 16.358
I0316 17:16:37.009878 139926066685696 logging_writer.py:48] [34] global_step=34, grad_norm=19.5739, loss=11.4932
I0316 17:16:37.012965 139946938389696 submission.py:265] 34) loss = 11.493, grad_norm = 19.574
I0316 17:16:38.614803 139926058292992 logging_writer.py:48] [35] global_step=35, grad_norm=28.7919, loss=13.0236
I0316 17:16:38.617902 139946938389696 submission.py:265] 35) loss = 13.024, grad_norm = 28.792
I0316 17:16:39.567673 139926066685696 logging_writer.py:48] [36] global_step=36, grad_norm=66.8098, loss=20.1548
I0316 17:16:39.571018 139946938389696 submission.py:265] 36) loss = 20.155, grad_norm = 66.810
I0316 17:16:40.512272 139926058292992 logging_writer.py:48] [37] global_step=37, grad_norm=23.2211, loss=11.7271
I0316 17:16:40.515345 139946938389696 submission.py:265] 37) loss = 11.727, grad_norm = 23.221
I0316 17:16:41.632772 139926066685696 logging_writer.py:48] [38] global_step=38, grad_norm=36.1188, loss=10.4318
I0316 17:16:41.636358 139946938389696 submission.py:265] 38) loss = 10.432, grad_norm = 36.119
I0316 17:16:42.846516 139926058292992 logging_writer.py:48] [39] global_step=39, grad_norm=22.6576, loss=13.0405
I0316 17:16:42.849765 139946938389696 submission.py:265] 39) loss = 13.041, grad_norm = 22.658
I0316 17:16:43.811306 139926066685696 logging_writer.py:48] [40] global_step=40, grad_norm=22.2231, loss=12.5595
I0316 17:16:43.814898 139946938389696 submission.py:265] 40) loss = 12.560, grad_norm = 22.223
I0316 17:16:44.808948 139926058292992 logging_writer.py:48] [41] global_step=41, grad_norm=18.6844, loss=10.5662
I0316 17:16:44.811986 139946938389696 submission.py:265] 41) loss = 10.566, grad_norm = 18.684
I0316 17:16:46.153276 139926066685696 logging_writer.py:48] [42] global_step=42, grad_norm=43.9571, loss=11.52
I0316 17:16:46.156448 139946938389696 submission.py:265] 42) loss = 11.520, grad_norm = 43.957
I0316 17:16:47.295256 139926058292992 logging_writer.py:48] [43] global_step=43, grad_norm=21.7748, loss=12.5025
I0316 17:16:47.298516 139946938389696 submission.py:265] 43) loss = 12.503, grad_norm = 21.775
I0316 17:16:48.387720 139926066685696 logging_writer.py:48] [44] global_step=44, grad_norm=16.673, loss=10.6317
I0316 17:16:48.390906 139946938389696 submission.py:265] 44) loss = 10.632, grad_norm = 16.673
I0316 17:16:49.215740 139926058292992 logging_writer.py:48] [45] global_step=45, grad_norm=44.2012, loss=11.7119
I0316 17:16:49.219542 139946938389696 submission.py:265] 45) loss = 11.712, grad_norm = 44.201
I0316 17:16:50.521234 139926066685696 logging_writer.py:48] [46] global_step=46, grad_norm=22.0972, loss=13.8078
I0316 17:16:50.524416 139946938389696 submission.py:265] 46) loss = 13.808, grad_norm = 22.097
I0316 17:16:51.624021 139926058292992 logging_writer.py:48] [47] global_step=47, grad_norm=20.5783, loss=11.9617
I0316 17:16:51.627369 139946938389696 submission.py:265] 47) loss = 11.962, grad_norm = 20.578
I0316 17:16:52.994560 139926066685696 logging_writer.py:48] [48] global_step=48, grad_norm=21.96, loss=10.888
I0316 17:16:52.998088 139946938389696 submission.py:265] 48) loss = 10.888, grad_norm = 21.960
I0316 17:16:53.834651 139926058292992 logging_writer.py:48] [49] global_step=49, grad_norm=16.4655, loss=11.228
I0316 17:16:53.837725 139946938389696 submission.py:265] 49) loss = 11.228, grad_norm = 16.466
I0316 17:16:55.010462 139926066685696 logging_writer.py:48] [50] global_step=50, grad_norm=32.4895, loss=11.4558
I0316 17:16:55.013827 139946938389696 submission.py:265] 50) loss = 11.456, grad_norm = 32.490
I0316 17:16:55.869957 139926058292992 logging_writer.py:48] [51] global_step=51, grad_norm=21.6955, loss=13.6376
I0316 17:16:55.873456 139946938389696 submission.py:265] 51) loss = 13.638, grad_norm = 21.695
I0316 17:16:57.915468 139926066685696 logging_writer.py:48] [52] global_step=52, grad_norm=16.0745, loss=11.395
I0316 17:16:57.918584 139946938389696 submission.py:265] 52) loss = 11.395, grad_norm = 16.074
I0316 17:16:58.599766 139926058292992 logging_writer.py:48] [53] global_step=53, grad_norm=50.3507, loss=12.9615
I0316 17:16:58.602875 139946938389696 submission.py:265] 53) loss = 12.962, grad_norm = 50.351
I0316 17:16:59.693182 139926066685696 logging_writer.py:48] [54] global_step=54, grad_norm=22.1154, loss=16.2058
I0316 17:16:59.697010 139946938389696 submission.py:265] 54) loss = 16.206, grad_norm = 22.115
I0316 17:17:00.380588 139926058292992 logging_writer.py:48] [55] global_step=55, grad_norm=21.7549, loss=15.0968
I0316 17:17:00.384021 139946938389696 submission.py:265] 55) loss = 15.097, grad_norm = 21.755
I0316 17:17:02.259222 139926066685696 logging_writer.py:48] [56] global_step=56, grad_norm=16.4814, loss=11.7131
I0316 17:17:02.262465 139946938389696 submission.py:265] 56) loss = 11.713, grad_norm = 16.481
I0316 17:17:02.944095 139926058292992 logging_writer.py:48] [57] global_step=57, grad_norm=80.1676, loss=16.8702
I0316 17:17:02.947312 139946938389696 submission.py:265] 57) loss = 16.870, grad_norm = 80.168
I0316 17:17:03.981532 139926066685696 logging_writer.py:48] [58] global_step=58, grad_norm=21.6248, loss=20.6323
I0316 17:17:03.984729 139946938389696 submission.py:265] 58) loss = 20.632, grad_norm = 21.625
I0316 17:17:04.665805 139926058292992 logging_writer.py:48] [59] global_step=59, grad_norm=21.5543, loss=21.5392
I0316 17:17:04.669488 139946938389696 submission.py:265] 59) loss = 21.539, grad_norm = 21.554
I0316 17:17:06.678915 139926066685696 logging_writer.py:48] [60] global_step=60, grad_norm=21.3452, loss=19.6508
I0316 17:17:06.682704 139946938389696 submission.py:265] 60) loss = 19.651, grad_norm = 21.345
I0316 17:17:07.362766 139926058292992 logging_writer.py:48] [61] global_step=61, grad_norm=21.3304, loss=16.0511
I0316 17:17:07.366420 139946938389696 submission.py:265] 61) loss = 16.051, grad_norm = 21.330
I0316 17:17:08.231969 139926066685696 logging_writer.py:48] [62] global_step=62, grad_norm=7.30225, loss=11.1389
I0316 17:17:08.235497 139946938389696 submission.py:265] 62) loss = 11.139, grad_norm = 7.302
I0316 17:17:08.921779 139926058292992 logging_writer.py:48] [63] global_step=63, grad_norm=65.5336, loss=14.5932
I0316 17:17:08.924893 139946938389696 submission.py:265] 63) loss = 14.593, grad_norm = 65.534
I0316 17:17:11.308164 139926066685696 logging_writer.py:48] [64] global_step=64, grad_norm=20.7917, loss=19.1367
I0316 17:17:11.312046 139946938389696 submission.py:265] 64) loss = 19.137, grad_norm = 20.792
I0316 17:17:11.993895 139926058292992 logging_writer.py:48] [65] global_step=65, grad_norm=20.652, loss=18.6887
I0316 17:17:11.997073 139946938389696 submission.py:265] 65) loss = 18.689, grad_norm = 20.652
I0316 17:17:12.693219 139926066685696 logging_writer.py:48] [66] global_step=66, grad_norm=20.4597, loss=15.7372
I0316 17:17:12.696516 139946938389696 submission.py:265] 66) loss = 15.737, grad_norm = 20.460
I0316 17:17:13.378476 139926058292992 logging_writer.py:48] [67] global_step=67, grad_norm=8.45519, loss=10.9962
I0316 17:17:13.381882 139946938389696 submission.py:265] 67) loss = 10.996, grad_norm = 8.455
I0316 17:17:15.361747 139926066685696 logging_writer.py:48] [68] global_step=68, grad_norm=81.0281, loss=19.8669
I0316 17:17:15.364981 139946938389696 submission.py:265] 68) loss = 19.867, grad_norm = 81.028
I0316 17:17:16.046356 139926058292992 logging_writer.py:48] [69] global_step=69, grad_norm=20.0497, loss=20.8212
I0316 17:17:16.049271 139946938389696 submission.py:265] 69) loss = 20.821, grad_norm = 20.050
I0316 17:17:17.087160 139926066685696 logging_writer.py:48] [70] global_step=70, grad_norm=19.8816, loss=21.6436
I0316 17:17:17.090144 139946938389696 submission.py:265] 70) loss = 21.644, grad_norm = 19.882
I0316 17:17:17.769343 139926058292992 logging_writer.py:48] [71] global_step=71, grad_norm=19.587, loss=19.8992
I0316 17:17:17.772494 139946938389696 submission.py:265] 71) loss = 19.899, grad_norm = 19.587
I0316 17:17:19.904281 139926066685696 logging_writer.py:48] [72] global_step=72, grad_norm=19.2268, loss=15.828
I0316 17:17:19.907294 139946938389696 submission.py:265] 72) loss = 15.828, grad_norm = 19.227
I0316 17:17:20.588554 139926058292992 logging_writer.py:48] [73] global_step=73, grad_norm=46.813, loss=13.2542
I0316 17:17:20.591792 139946938389696 submission.py:265] 73) loss = 13.254, grad_norm = 46.813
I0316 17:17:21.304529 139926066685696 logging_writer.py:48] [74] global_step=74, grad_norm=18.1594, loss=12.8101
I0316 17:17:21.310388 139946938389696 submission.py:265] 74) loss = 12.810, grad_norm = 18.159
I0316 17:17:21.994007 139926058292992 logging_writer.py:48] [75] global_step=75, grad_norm=26.4068, loss=11.2501
I0316 17:17:21.997287 139946938389696 submission.py:265] 75) loss = 11.250, grad_norm = 26.407
I0316 17:17:24.146999 139926066685696 logging_writer.py:48] [76] global_step=76, grad_norm=16.6863, loss=11.929
I0316 17:17:24.150666 139946938389696 submission.py:265] 76) loss = 11.929, grad_norm = 16.686
I0316 17:17:24.833274 139926058292992 logging_writer.py:48] [77] global_step=77, grad_norm=15.2984, loss=10.8951
I0316 17:17:24.836834 139946938389696 submission.py:265] 77) loss = 10.895, grad_norm = 15.298
I0316 17:17:25.540766 139926066685696 logging_writer.py:48] [78] global_step=78, grad_norm=13.3234, loss=11.4426
I0316 17:17:25.544115 139946938389696 submission.py:265] 78) loss = 11.443, grad_norm = 13.323
I0316 17:17:26.229194 139926058292992 logging_writer.py:48] [79] global_step=79, grad_norm=22.6454, loss=11.3452
I0316 17:17:26.232704 139946938389696 submission.py:265] 79) loss = 11.345, grad_norm = 22.645
I0316 17:17:28.289430 139926066685696 logging_writer.py:48] [80] global_step=80, grad_norm=16.5391, loss=12.7668
I0316 17:17:28.292895 139946938389696 submission.py:265] 80) loss = 12.767, grad_norm = 16.539
I0316 17:17:28.976274 139926058292992 logging_writer.py:48] [81] global_step=81, grad_norm=7.77549, loss=10.472
I0316 17:17:28.979929 139946938389696 submission.py:265] 81) loss = 10.472, grad_norm = 7.775
I0316 17:17:29.896359 139926066685696 logging_writer.py:48] [82] global_step=82, grad_norm=29.356, loss=11.8231
I0316 17:17:29.899878 139946938389696 submission.py:265] 82) loss = 11.823, grad_norm = 29.356
I0316 17:17:30.585876 139926058292992 logging_writer.py:48] [83] global_step=83, grad_norm=16.2892, loss=13.5901
I0316 17:17:30.589289 139946938389696 submission.py:265] 83) loss = 13.590, grad_norm = 16.289
I0316 17:17:32.820697 139926066685696 logging_writer.py:48] [84] global_step=84, grad_norm=14.5936, loss=12.1415
I0316 17:17:32.824373 139946938389696 submission.py:265] 84) loss = 12.141, grad_norm = 14.594
I0316 17:17:33.505648 139926058292992 logging_writer.py:48] [85] global_step=85, grad_norm=14.66, loss=10.8861
I0316 17:17:33.509326 139946938389696 submission.py:265] 85) loss = 10.886, grad_norm = 14.660
I0316 17:17:34.605939 139926066685696 logging_writer.py:48] [86] global_step=86, grad_norm=9.23529, loss=10.9459
I0316 17:17:34.609268 139946938389696 submission.py:265] 86) loss = 10.946, grad_norm = 9.235
I0316 17:17:35.294901 139926058292992 logging_writer.py:48] [87] global_step=87, grad_norm=18.5196, loss=11.4886
I0316 17:17:35.298392 139946938389696 submission.py:265] 87) loss = 11.489, grad_norm = 18.520
I0316 17:17:36.830952 139926066685696 logging_writer.py:48] [88] global_step=88, grad_norm=13.4489, loss=11.9428
I0316 17:17:36.834396 139946938389696 submission.py:265] 88) loss = 11.943, grad_norm = 13.449
I0316 17:17:37.517117 139926058292992 logging_writer.py:48] [89] global_step=89, grad_norm=3.59031, loss=10.7425
I0316 17:17:37.520551 139946938389696 submission.py:265] 89) loss = 10.742, grad_norm = 3.590
I0316 17:17:38.693388 139926066685696 logging_writer.py:48] [90] global_step=90, grad_norm=12.1598, loss=11.0886
I0316 17:17:38.696932 139946938389696 submission.py:265] 90) loss = 11.089, grad_norm = 12.160
I0316 17:17:39.378852 139926058292992 logging_writer.py:48] [91] global_step=91, grad_norm=9.88002, loss=11.4747
I0316 17:17:39.382574 139946938389696 submission.py:265] 91) loss = 11.475, grad_norm = 9.880
I0316 17:17:41.835714 139926066685696 logging_writer.py:48] [92] global_step=92, grad_norm=5.4586, loss=10.6147
I0316 17:17:41.839265 139946938389696 submission.py:265] 92) loss = 10.615, grad_norm = 5.459
I0316 17:17:42.524183 139926058292992 logging_writer.py:48] [93] global_step=93, grad_norm=3.80597, loss=10.8707
I0316 17:17:42.527691 139946938389696 submission.py:265] 93) loss = 10.871, grad_norm = 3.806
I0316 17:17:43.212232 139926066685696 logging_writer.py:48] [94] global_step=94, grad_norm=4.89907, loss=10.5959
I0316 17:17:43.215836 139946938389696 submission.py:265] 94) loss = 10.596, grad_norm = 4.899
I0316 17:17:43.899332 139926058292992 logging_writer.py:48] [95] global_step=95, grad_norm=3.39515, loss=10.6906
I0316 17:17:43.902899 139946938389696 submission.py:265] 95) loss = 10.691, grad_norm = 3.395
I0316 17:17:45.939013 139926066685696 logging_writer.py:48] [96] global_step=96, grad_norm=2.23746, loss=10.4566
I0316 17:17:45.942435 139946938389696 submission.py:265] 96) loss = 10.457, grad_norm = 2.237
I0316 17:17:46.626154 139926058292992 logging_writer.py:48] [97] global_step=97, grad_norm=0.882185, loss=10.1641
I0316 17:17:46.629843 139946938389696 submission.py:265] 97) loss = 10.164, grad_norm = 0.882
I0316 17:17:47.309193 139926066685696 logging_writer.py:48] [98] global_step=98, grad_norm=0.762166, loss=10.4586
I0316 17:17:47.312739 139946938389696 submission.py:265] 98) loss = 10.459, grad_norm = 0.762
I0316 17:17:49.028913 139926058292992 logging_writer.py:48] [99] global_step=99, grad_norm=0.904635, loss=10.2609
I0316 17:17:49.032428 139946938389696 submission.py:265] 99) loss = 10.261, grad_norm = 0.905
I0316 17:17:50.096974 139926066685696 logging_writer.py:48] [100] global_step=100, grad_norm=0.777476, loss=10.3689
I0316 17:17:50.100444 139946938389696 submission.py:265] 100) loss = 10.369, grad_norm = 0.777
I0316 17:25:11.282533 139926058292992 logging_writer.py:48] [500] global_step=500, grad_norm=0.162412, loss=8.26268
I0316 17:25:11.358731 139946938389696 submission.py:265] 500) loss = 8.263, grad_norm = 0.162
[rank2]: Traceback (most recent call last):
[rank2]:   File "/algorithmic-efficiency/submission_runner.py", line 766, in <module>
[rank2]:     app.run(main)
[rank2]:   File "/usr/local/lib/python3.11/site-packages/absl/app.py", line 308, in run
[rank2]:     _run_main(main, args)
[rank2]:   File "/usr/local/lib/python3.11/site-packages/absl/app.py", line 254, in _run_main
[rank2]:     sys.exit(main(argv))
[rank2]:              ^^^^^^^^^^
[rank2]:   File "/algorithmic-efficiency/submission_runner.py", line 734, in main
[rank2]:     score = score_submission_on_workload(
[rank2]:             ^^^^^^^^^^^^^^^^^^^^^^^^^^^^^
[rank2]:   File "/algorithmic-efficiency/submission_runner.py", line 630, in score_submission_on_workload
[rank2]:     timing, metrics = train_once(workload, workload_name,
[rank2]:                       ^^^^^^^^^^^^^^^^^^^^^^^^^^^^^^^^^^^
[rank2]:   File "/algorithmic-efficiency/submission_runner.py", line 361, in train_once
[rank2]:     optimizer_state, model_params, model_state = update_params(
[rank2]:                                                  ^^^^^^^^^^^^^^
[rank2]:   File "/algorithmic-efficiency/submissions_algorithms/leaderboard/external_tuning/shampoo_submission/submission.py", line 241, in update_params
[rank2]:     optimizer_state['optimizer'].step()
[rank2]:   File "/usr/local/lib/python3.11/site-packages/torch/optim/lr_scheduler.py", line 137, in wrapper
[rank2]:     return func.__get__(opt, opt.__class__)(*args, **kwargs)
[rank2]:            ^^^^^^^^^^^^^^^^^^^^^^^^^^^^^^^^^^^^^^^^^^^^^^^^^
[rank2]:   File "/usr/local/lib/python3.11/site-packages/torch/optim/optimizer.py", line 487, in wrapper
[rank2]:     out = func(*args, **kwargs)
[rank2]:           ^^^^^^^^^^^^^^^^^^^^^
[rank2]:   File "/usr/local/lib/python3.11/site-packages/torch/utils/_contextlib.py", line 116, in decorate_context
[rank2]:     return func(*args, **kwargs)
[rank2]:            ^^^^^^^^^^^^^^^^^^^^^
[rank2]:   File "/algorithmic-efficiency/submissions_algorithms/leaderboard/external_tuning/shampoo_submission/optimizers/distributed_shampoo/distributed_shampoo.py", line 954, in step
[rank2]:     self._per_group_step(
[rank2]:   File "/usr/local/lib/python3.11/site-packages/torch/utils/_contextlib.py", line 116, in decorate_context
[rank2]:     return func(*args, **kwargs)
[rank2]:            ^^^^^^^^^^^^^^^^^^^^^
[rank2]:   File "/algorithmic-efficiency/submissions_algorithms/leaderboard/external_tuning/shampoo_submission/optimizers/distributed_shampoo/distributed_shampoo.py", line 781, in _per_group_step_impl
[rank2]:     self._compute_root_inverse(state_lists, compute_root_inverse)
[rank2]:   File "/usr/local/lib/python3.11/site-packages/torch/utils/_contextlib.py", line 116, in decorate_context
[rank2]:     return func(*args, **kwargs)
[rank2]:            ^^^^^^^^^^^^^^^^^^^^^
[rank2]:   File "/usr/local/lib/python3.11/site-packages/torch/_dynamo/eval_frame.py", line 632, in _fn
[rank2]:     return fn(*args, **kwargs)
[rank2]:            ^^^^^^^^^^^^^^^^^^^
[rank2]:   File "/algorithmic-efficiency/submissions_algorithms/leaderboard/external_tuning/shampoo_submission/optimizers/distributed_shampoo/distributed_shampoo.py", line 732, in _compute_root_inverse
[rank2]:     state_lists[SHAMPOO_PRECONDITIONER_LIST].compute_root_inverse()
[rank2]:   File "/algorithmic-efficiency/submissions_algorithms/leaderboard/external_tuning/shampoo_submission/optimizers/distributed_shampoo/utils/shampoo_preconditioner_list.py", line 766, in compute_root_inverse
[rank2]:     raise ValueError(
[rank2]: ValueError: Encountered nan values in bias-corrected factor matrix 4.block_1.0! To mitigate, check if nan inputs are being passed into the network or nan gradients are being passed to the optimizer.For debugging purposes, factor_matrix 4.block_1.0: torch.min(factor_matrix)=tensor(nan, device='cuda:2'), torch.max(factor_matrix)=tensor(nan, device='cuda:2'), factor_matrix.isinf().any()=tensor(False, device='cuda:2'), factor_matrix.isnan().any()=tensor(True, device='cuda:2').
[rank7]: Traceback (most recent call last):
[rank7]:   File "/algorithmic-efficiency/submission_runner.py", line 766, in <module>
[rank7]:     app.run(main)
[rank7]:   File "/usr/local/lib/python3.11/site-packages/absl/app.py", line 308, in run
[rank7]:     _run_main(main, args)
[rank7]:   File "/usr/local/lib/python3.11/site-packages/absl/app.py", line 254, in _run_main
[rank7]:     sys.exit(main(argv))
[rank7]:              ^^^^^^^^^^
[rank7]:   File "/algorithmic-efficiency/submission_runner.py", line 734, in main
