torchrun --redirects 1:0,2:0,3:0 --standalone --nnodes=1 --nproc_per_node=4 submission_runner.py --framework=pytorch --workload=finewebedu_lm --submission_path=submissions_algorithms/submissions/self_tuning/ademamix_golden/submission.py --data_dir=/data/fineweb_edu_10B --experiment_dir=/experiment_runs --experiment_name=submissions_a100/ademamix_golden/study_0 --overwrite=True --save_checkpoints=False --rng_seed=-235185075 --torch_compile=true --tuning_ruleset=self 2>&1 | tee -a /logs/finewebedu_lm_pytorch_09-11-2026-18-40-54.log
W0911 18:40:56.999000 9 site-packages/torch/distributed/run.py:803] 
W0911 18:40:56.999000 9 site-packages/torch/distributed/run.py:803] *****************************************
W0911 18:40:56.999000 9 site-packages/torch/distributed/run.py:803] Setting OMP_NUM_THREADS environment variable for each process to be 1 in default, to avoid your system being overloaded, please further tune the variable for optimal performance in your application as needed. 
W0911 18:40:56.999000 9 site-packages/torch/distributed/run.py:803] *****************************************
2026-09-11 18:40:58.602540: E external/local_xla/xla/stream_executor/cuda/cuda_fft.cc:467] Unable to register cuFFT factory: Attempting to register factory for plugin cuFFT when one has already been registered
2026-09-11 18:40:58.602535: E external/local_xla/xla/stream_executor/cuda/cuda_fft.cc:467] Unable to register cuFFT factory: Attempting to register factory for plugin cuFFT when one has already been registered
2026-09-11 18:40:58.602537: E external/local_xla/xla/stream_executor/cuda/cuda_fft.cc:467] Unable to register cuFFT factory: Attempting to register factory for plugin cuFFT when one has already been registered
2026-09-11 18:40:58.602538: E external/local_xla/xla/stream_executor/cuda/cuda_fft.cc:467] Unable to register cuFFT factory: Attempting to register factory for plugin cuFFT when one has already been registered
WARNING: All log messages before absl::InitializeLog() is called are written to STDERR
WARNING: All log messages before absl::InitializeLog() is called are written to STDERR
E0000 00:00:1789152058.623338      40 cuda_dnn.cc:8579] Unable to register cuDNN factory: Attempting to register factory for plugin cuDNN when one has already been registered
WARNING: All log messages before absl::InitializeLog() is called are written to STDERR
E0000 00:00:1789152058.623339      41 cuda_dnn.cc:8579] Unable to register cuDNN factory: Attempting to register factory for plugin cuDNN when one has already been registered
E0000 00:00:1789152058.623342      39 cuda_dnn.cc:8579] Unable to register cuDNN factory: Attempting to register factory for plugin cuDNN when one has already been registered
WARNING: All log messages before absl::InitializeLog() is called are written to STDERR
E0000 00:00:1789152058.623521      38 cuda_dnn.cc:8579] Unable to register cuDNN factory: Attempting to register factory for plugin cuDNN when one has already been registered
E0000 00:00:1789152058.630272      41 cuda_blas.cc:1407] Unable to register cuBLAS factory: Attempting to register factory for plugin cuBLAS when one has already been registered
E0000 00:00:1789152058.630270      40 cuda_blas.cc:1407] Unable to register cuBLAS factory: Attempting to register factory for plugin cuBLAS when one has already been registered
E0000 00:00:1789152058.630272      39 cuda_blas.cc:1407] Unable to register cuBLAS factory: Attempting to register factory for plugin cuBLAS when one has already been registered
E0000 00:00:1789152058.630518      38 cuda_blas.cc:1407] Unable to register cuBLAS factory: Attempting to register factory for plugin cuBLAS when one has already been registered
W0000 00:00:1789152058.647842      39 computation_placer.cc:177] computation placer already registered. Please check linkage and avoid linking the same target more than once.
W0000 00:00:1789152058.647842      41 computation_placer.cc:177] computation placer already registered. Please check linkage and avoid linking the same target more than once.
W0000 00:00:1789152058.647843      40 computation_placer.cc:177] computation placer already registered. Please check linkage and avoid linking the same target more than once.
W0000 00:00:1789152058.647843      38 computation_placer.cc:177] computation placer already registered. Please check linkage and avoid linking the same target more than once.
W0000 00:00:1789152058.647864      41 computation_placer.cc:177] computation placer already registered. Please check linkage and avoid linking the same target more than once.
W0000 00:00:1789152058.647864      40 computation_placer.cc:177] computation placer already registered. Please check linkage and avoid linking the same target more than once.
W0000 00:00:1789152058.647867      41 computation_placer.cc:177] computation placer already registered. Please check linkage and avoid linking the same target more than once.
W0000 00:00:1789152058.647866      38 computation_placer.cc:177] computation placer already registered. Please check linkage and avoid linking the same target more than once.
W0000 00:00:1789152058.647867      40 computation_placer.cc:177] computation placer already registered. Please check linkage and avoid linking the same target more than once.
W0000 00:00:1789152058.647869      41 computation_placer.cc:177] computation placer already registered. Please check linkage and avoid linking the same target more than once.
W0000 00:00:1789152058.647869      38 computation_placer.cc:177] computation placer already registered. Please check linkage and avoid linking the same target more than once.
W0000 00:00:1789152058.647869      40 computation_placer.cc:177] computation placer already registered. Please check linkage and avoid linking the same target more than once.
W0000 00:00:1789152058.647869      39 computation_placer.cc:177] computation placer already registered. Please check linkage and avoid linking the same target more than once.
W0000 00:00:1789152058.647872      38 computation_placer.cc:177] computation placer already registered. Please check linkage and avoid linking the same target more than once.
W0000 00:00:1789152058.647872      39 computation_placer.cc:177] computation placer already registered. Please check linkage and avoid linking the same target more than once.
W0000 00:00:1789152058.647874      39 computation_placer.cc:177] computation placer already registered. Please check linkage and avoid linking the same target more than once.
W0000 00:00:1789152064.831392      38 gpu_device.cc:2341] Cannot dlopen some GPU libraries. Please make sure the missing libraries mentioned above are installed properly if you would like to use GPU. Follow the guide at https://www.tensorflow.org/install/gpu for how to download and setup the required libraries for your platform.
Skipping registering GPU devices...
W0000 00:00:1789152065.013069      40 gpu_device.cc:2341] Cannot dlopen some GPU libraries. Please make sure the missing libraries mentioned above are installed properly if you would like to use GPU. Follow the guide at https://www.tensorflow.org/install/gpu for how to download and setup the required libraries for your platform.
Skipping registering GPU devices...
W0000 00:00:1789152065.039855      41 gpu_device.cc:2341] Cannot dlopen some GPU libraries. Please make sure the missing libraries mentioned above are installed properly if you would like to use GPU. Follow the guide at https://www.tensorflow.org/install/gpu for how to download and setup the required libraries for your platform.
Skipping registering GPU devices...
W0000 00:00:1789152065.131356      39 gpu_device.cc:2341] Cannot dlopen some GPU libraries. Please make sure the missing libraries mentioned above are installed properly if you would like to use GPU. Follow the guide at https://www.tensorflow.org/install/gpu for how to download and setup the required libraries for your platform.
Skipping registering GPU devices...
/usr/local/lib/python3.11/site-packages/torch/__init__.py:1617: UserWarning: Please use the new API settings to control TF32 behavior, such as torch.backends.cudnn.conv.fp32_precision = 'tf32' or torch.backends.cuda.matmul.fp32_precision = 'ieee'. Old settings, e.g, torch.backends.cuda.matmul.allow_tf32 = True, torch.backends.cudnn.allow_tf32 = True, allowTF32CuDNN() and allowTF32CuBLAS() will be deprecated after Pytorch 2.9. Please see https://pytorch.org/docs/main/notes/cuda.html#tensorfloat-32-tf32-on-ampere-and-later-devices (Triggered internally at /pytorch/aten/src/ATen/Context.cpp:80.)
  _C._set_float32_matmul_precision(precision)
/usr/local/lib/python3.11/site-packages/torch/__init__.py:1617: UserWarning: Please use the new API settings to control TF32 behavior, such as torch.backends.cudnn.conv.fp32_precision = 'tf32' or torch.backends.cuda.matmul.fp32_precision = 'ieee'. Old settings, e.g, torch.backends.cuda.matmul.allow_tf32 = True, torch.backends.cudnn.allow_tf32 = True, allowTF32CuDNN() and allowTF32CuBLAS() will be deprecated after Pytorch 2.9. Please see https://pytorch.org/docs/main/notes/cuda.html#tensorfloat-32-tf32-on-ampere-and-later-devices (Triggered internally at /pytorch/aten/src/ATen/Context.cpp:80.)
  _C._set_float32_matmul_precision(precision)
/usr/local/lib/python3.11/site-packages/torch/__init__.py:1617: UserWarning: Please use the new API settings to control TF32 behavior, such as torch.backends.cudnn.conv.fp32_precision = 'tf32' or torch.backends.cuda.matmul.fp32_precision = 'ieee'. Old settings, e.g, torch.backends.cuda.matmul.allow_tf32 = True, torch.backends.cudnn.allow_tf32 = True, allowTF32CuDNN() and allowTF32CuBLAS() will be deprecated after Pytorch 2.9. Please see https://pytorch.org/docs/main/notes/cuda.html#tensorfloat-32-tf32-on-ampere-and-later-devices (Triggered internally at /pytorch/aten/src/ATen/Context.cpp:80.)
  _C._set_float32_matmul_precision(precision)
/usr/local/lib/python3.11/site-packages/torch/__init__.py:1617: UserWarning: Please use the new API settings to control TF32 behavior, such as torch.backends.cudnn.conv.fp32_precision = 'tf32' or torch.backends.cuda.matmul.fp32_precision = 'ieee'. Old settings, e.g, torch.backends.cuda.matmul.allow_tf32 = True, torch.backends.cudnn.allow_tf32 = True, allowTF32CuDNN() and allowTF32CuBLAS() will be deprecated after Pytorch 2.9. Please see https://pytorch.org/docs/main/notes/cuda.html#tensorfloat-32-tf32-on-ampere-and-later-devices (Triggered internally at /pytorch/aten/src/ATen/Context.cpp:80.)
  _C._set_float32_matmul_precision(precision)
/usr/local/lib/python3.11/site-packages/pydantic/_internal/_generate_schema.py:2249: UnsupportedFieldAttributeWarning: The 'repr' attribute with value False was provided to the `Field()` function, which has no effect in the context it was used. 'repr' is field-specific metadata, and can only be attached to a model field using `Annotated` metadata or by assignment. This may have happened because an `Annotated` type alias using the `type` statement was used, or if the `Field()` function was attached to a single member of a union type.
  warnings.warn(
/usr/local/lib/python3.11/site-packages/pydantic/_internal/_generate_schema.py:2249: UnsupportedFieldAttributeWarning: The 'frozen' attribute with value True was provided to the `Field()` function, which has no effect in the context it was used. 'frozen' is field-specific metadata, and can only be attached to a model field using `Annotated` metadata or by assignment. This may have happened because an `Annotated` type alias using the `type` statement was used, or if the `Field()` function was attached to a single member of a union type.
  warnings.warn(
/usr/local/lib/python3.11/site-packages/pydantic/_internal/_generate_schema.py:2249: UnsupportedFieldAttributeWarning: The 'repr' attribute with value False was provided to the `Field()` function, which has no effect in the context it was used. 'repr' is field-specific metadata, and can only be attached to a model field using `Annotated` metadata or by assignment. This may have happened because an `Annotated` type alias using the `type` statement was used, or if the `Field()` function was attached to a single member of a union type.
  warnings.warn(
/usr/local/lib/python3.11/site-packages/pydantic/_internal/_generate_schema.py:2249: UnsupportedFieldAttributeWarning: The 'repr' attribute with value False was provided to the `Field()` function, which has no effect in the context it was used. 'repr' is field-specific metadata, and can only be attached to a model field using `Annotated` metadata or by assignment. This may have happened because an `Annotated` type alias using the `type` statement was used, or if the `Field()` function was attached to a single member of a union type.
  warnings.warn(
/usr/local/lib/python3.11/site-packages/pydantic/_internal/_generate_schema.py:2249: UnsupportedFieldAttributeWarning: The 'frozen' attribute with value True was provided to the `Field()` function, which has no effect in the context it was used. 'frozen' is field-specific metadata, and can only be attached to a model field using `Annotated` metadata or by assignment. This may have happened because an `Annotated` type alias using the `type` statement was used, or if the `Field()` function was attached to a single member of a union type.
  warnings.warn(
/usr/local/lib/python3.11/site-packages/pydantic/_internal/_generate_schema.py:2249: UnsupportedFieldAttributeWarning: The 'frozen' attribute with value True was provided to the `Field()` function, which has no effect in the context it was used. 'frozen' is field-specific metadata, and can only be attached to a model field using `Annotated` metadata or by assignment. This may have happened because an `Annotated` type alias using the `type` statement was used, or if the `Field()` function was attached to a single member of a union type.
  warnings.warn(
/usr/local/lib/python3.11/site-packages/pydantic/_internal/_generate_schema.py:2249: UnsupportedFieldAttributeWarning: The 'repr' attribute with value False was provided to the `Field()` function, which has no effect in the context it was used. 'repr' is field-specific metadata, and can only be attached to a model field using `Annotated` metadata or by assignment. This may have happened because an `Annotated` type alias using the `type` statement was used, or if the `Field()` function was attached to a single member of a union type.
  warnings.warn(
/usr/local/lib/python3.11/site-packages/pydantic/_internal/_generate_schema.py:2249: UnsupportedFieldAttributeWarning: The 'frozen' attribute with value True was provided to the `Field()` function, which has no effect in the context it was used. 'frozen' is field-specific metadata, and can only be attached to a model field using `Annotated` metadata or by assignment. This may have happened because an `Annotated` type alias using the `type` statement was used, or if the `Field()` function was attached to a single member of a union type.
  warnings.warn(
/usr/local/lib/python3.11/site-packages/torch/distributed/distributed_c10d.py:4876: UserWarning: barrier(): using the device under current context. You can specify `device_id` in `init_process_group` to mute this warning.
  warnings.warn(  # warn only once
[rank0]:[W911 18:41:07.856316316 ProcessGroupNCCL.cpp:5068] Guessing device ID based on global rank. This can cause a hang if rank to GPU mapping is heterogeneous. You can specify device_id in init_process_group()
I0911 18:41:08.281187 139763972338880 logger_utils.py:84] Creating experiment directory at /experiment_runs/submissions_a100/ademamix_golden/study_0/finewebedu_lm_pytorch.
I0911 18:41:08.281187 140504811476160 logger_utils.py:84] Creating experiment directory at /experiment_runs/submissions_a100/ademamix_golden/study_0/finewebedu_lm_pytorch.
I0911 18:41:08.281187 139767878051008 logger_utils.py:84] Creating experiment directory at /experiment_runs/submissions_a100/ademamix_golden/study_0/finewebedu_lm_pytorch.
I0911 18:41:08.281210 140410517628096 logger_utils.py:84] Creating experiment directory at /experiment_runs/submissions_a100/ademamix_golden/study_0/finewebedu_lm_pytorch.
I0911 18:41:08.304763 139763972338880 submission_runner.py:741] Creating directory at /experiment_runs/submissions_a100/ademamix_golden/study_0/finewebedu_lm_pytorch/trial_1.
I0911 18:41:08.562975 139763972338880 submission_runner.py:242] Initializing dataset.
I0911 18:41:08.563141 139763972338880 submission_runner.py:251] Initializing model.
I0911 18:41:15.309361 139763972338880 submission_runner.py:290] Performing `torch.compile`.
I0911 18:41:16.813744 140410517628096 logger_utils.py:283] Unable to record workload.train_mean information. Continuing without it.
I0911 18:41:16.813756 140504811476160 logger_utils.py:283] Unable to record workload.train_mean information. Continuing without it.
I0911 18:41:16.813900 140504811476160 logger_utils.py:283] Unable to record workload.train_stddev information. Continuing without it.
I0911 18:41:16.813902 140410517628096 logger_utils.py:283] Unable to record workload.train_stddev information. Continuing without it.
I0911 18:41:16.814075 139763972338880 submission_runner.py:294] Initializing optimizer.
I0911 18:41:16.814785 139763972338880 submission_runner.py:299] Initializing metrics bundle.
I0911 18:41:16.814934 139763972338880 submission_runner.py:321] Initializing checkpoint and logger.
I0911 18:41:16.815514 139763972338880 submission_runner.py:344] Saving meta data to /experiment_runs/submissions_a100/ademamix_golden/study_0/finewebedu_lm_pytorch/trial_1/meta_data_0.json.
I0911 18:41:16.815703 139763972338880 logger_utils.py:283] Unable to record workload.train_mean information. Continuing without it.
I0911 18:41:16.815760 139763972338880 logger_utils.py:283] Unable to record workload.train_stddev information. Continuing without it.
I0911 18:41:16.820118 139767878051008 logger_utils.py:283] Unable to record workload.train_mean information. Continuing without it.
I0911 18:41:16.820275 139767878051008 logger_utils.py:283] Unable to record workload.train_stddev information. Continuing without it.
I0911 18:41:17.061790 139763972338880 submission_runner.py:348] Saving flags to /experiment_runs/submissions_a100/ademamix_golden/study_0/finewebedu_lm_pytorch/trial_1/flags_0.json.
I0911 18:41:17.076434 139763972338880 submission_runner.py:359] Starting training loop.
[rank0]:W0911 18:41:18.985000 38 site-packages/torch/_logging/_internal.py:1199] [0/0] Profiler function <class 'torch.autograd.profiler.record_function'> will be ignored
[rank1]:W0911 18:41:18.998000 39 site-packages/torch/_logging/_internal.py:1199] [0/0] Profiler function <class 'torch.autograd.profiler.record_function'> will be ignored
[rank2]:W0911 18:41:19.022000 40 site-packages/torch/_logging/_internal.py:1199] [0/0] Profiler function <class 'torch.autograd.profiler.record_function'> will be ignored
[rank3]:W0911 18:41:19.023000 41 site-packages/torch/_logging/_internal.py:1199] [0/0] Profiler function <class 'torch.autograd.profiler.record_function'> will be ignored
I0911 18:42:02.224758 139737750558464 logging_writer.py:48] [0] global_step=0, grad_norm=0.5, loss=10.9965
I0911 18:42:02.301408 139763972338880 submission.py:307] 0) loss = 10.996, grad_norm = 0.500
I0911 18:42:02.914943 139763972338880 spec.py:333] Evaluating on the training split.
/usr/local/lib/python3.11/site-packages/torch/_dynamo/variables/functions.py:1598: UserWarning: Dynamo does not know how to trace the builtin `torch._C._distributed_c10d.pybind11_detail_function_record_v1_system_libstdcpp_gxx_abi_1xxx_use_cxx11_abi_1._broadcast_coalesced.` This function is either a Python builtin (e.g. _warnings.warn) or a third-party C/C++ Python extension (perhaps created with pybind).
If it is a Python builtin, please file an issue on GitHub so the PyTorch team can add support for it and see the next case for a workaround.
If it is a third-party C/C++ Python extension, please either wrap it into a PyTorch-understood custom operator (see https://pytorch.org/tutorials/advanced/custom_ops_landing_page.html for more details) or, if it is traceable, use `torch.compiler.allow_in_graph`.
  torch._dynamo.utils.warn_once(explanation + "\n" + "\n".join(hints))
/usr/local/lib/python3.11/site-packages/torch/_dynamo/variables/functions.py:1598: UserWarning: Dynamo does not know how to trace the builtin `torch._C._distributed_c10d.pybind11_detail_function_record_v1_system_libstdcpp_gxx_abi_1xxx_use_cxx11_abi_1._broadcast_coalesced.` This function is either a Python builtin (e.g. _warnings.warn) or a third-party C/C++ Python extension (perhaps created with pybind).
If it is a Python builtin, please file an issue on GitHub so the PyTorch team can add support for it and see the next case for a workaround.
If it is a third-party C/C++ Python extension, please either wrap it into a PyTorch-understood custom operator (see https://pytorch.org/tutorials/advanced/custom_ops_landing_page.html for more details) or, if it is traceable, use `torch.compiler.allow_in_graph`.
  torch._dynamo.utils.warn_once(explanation + "\n" + "\n".join(hints))
/usr/local/lib/python3.11/site-packages/torch/_dynamo/variables/functions.py:1598: UserWarning: Dynamo does not know how to trace the builtin `torch._C._distributed_c10d.pybind11_detail_function_record_v1_system_libstdcpp_gxx_abi_1xxx_use_cxx11_abi_1._broadcast_coalesced.` This function is either a Python builtin (e.g. _warnings.warn) or a third-party C/C++ Python extension (perhaps created with pybind).
If it is a Python builtin, please file an issue on GitHub so the PyTorch team can add support for it and see the next case for a workaround.
If it is a third-party C/C++ Python extension, please either wrap it into a PyTorch-understood custom operator (see https://pytorch.org/tutorials/advanced/custom_ops_landing_page.html for more details) or, if it is traceable, use `torch.compiler.allow_in_graph`.
  torch._dynamo.utils.warn_once(explanation + "\n" + "\n".join(hints))
/usr/local/lib/python3.11/site-packages/torch/_dynamo/variables/functions.py:1598: UserWarning: Dynamo does not know how to trace the builtin `torch._C._distributed_c10d.pybind11_detail_function_record_v1_system_libstdcpp_gxx_abi_1xxx_use_cxx11_abi_1._broadcast_coalesced.` This function is either a Python builtin (e.g. _warnings.warn) or a third-party C/C++ Python extension (perhaps created with pybind).
If it is a Python builtin, please file an issue on GitHub so the PyTorch team can add support for it and see the next case for a workaround.
If it is a third-party C/C++ Python extension, please either wrap it into a PyTorch-understood custom operator (see https://pytorch.org/tutorials/advanced/custom_ops_landing_page.html for more details) or, if it is traceable, use `torch.compiler.allow_in_graph`.
  torch._dynamo.utils.warn_once(explanation + "\n" + "\n".join(hints))
I0911 18:42:57.093676 139763972338880 spec.py:346] Evaluating on the validation split.
I0911 18:45:47.797976 139763972338880 spec.py:363] Evaluating on the test split.
I0911 18:45:47.798639 139763972338880 submission_runner.py:516] Time since start: 270.72s, 	Step: 1, 	{'train/loss': 11.000336456298829, 'train/ppl': 59894.29013665645, 'validation/loss': 10.999931315936701, 'validation/ppl': 59870.02945708319, 'validation/num_examples': 100000, 'test/loss': 0.0, 'test/ppl': 1.0, 'test/num_examples': 0, 'score': 45.22602105140686, 'total_duration': 270.7221882343292, 'accumulated_submission_time': 45.22602105140686, 'accumulated_eval_time': 224.88363099098206, 'accumulated_logging_time': 0}
I0911 18:45:47.831084 139735811856128 logging_writer.py:48] [1] accumulated_eval_time=224.884, accumulated_logging_time=0, accumulated_submission_time=45.226, global_step=1, preemption_count=0, score=45.226, test/loss=0, test/num_examples=0, test/ppl=1, total_duration=270.722, train/loss=11.0003, train/ppl=59894.3, validation/loss=10.9999, validation/num_examples=100000, validation/ppl=59870
I0911 18:45:49.548801 139735803463424 logging_writer.py:48] [1] global_step=1, grad_norm=0.5, loss=11.0073
I0911 18:45:49.551675 139763972338880 submission.py:307] 1) loss = 11.007, grad_norm = 0.500
I0911 18:45:49.989794 139735811856128 logging_writer.py:48] [2] global_step=2, grad_norm=0.5, loss=10.9815
I0911 18:45:49.992761 139763972338880 submission.py:307] 2) loss = 10.981, grad_norm = 0.500
I0911 18:45:50.423228 139735803463424 logging_writer.py:48] [3] global_step=3, grad_norm=0.5, loss=10.9541
I0911 18:45:50.426172 139763972338880 submission.py:307] 3) loss = 10.954, grad_norm = 0.500
I0911 18:45:50.852049 139735811856128 logging_writer.py:48] [4] global_step=4, grad_norm=0.5, loss=10.906
I0911 18:45:50.854909 139763972338880 submission.py:307] 4) loss = 10.906, grad_norm = 0.500
I0911 18:45:51.283553 139735803463424 logging_writer.py:48] [5] global_step=5, grad_norm=0.5, loss=10.833
I0911 18:45:51.286563 139763972338880 submission.py:307] 5) loss = 10.833, grad_norm = 0.500
I0911 18:45:51.714295 139735811856128 logging_writer.py:48] [6] global_step=6, grad_norm=0.5, loss=10.7457
I0911 18:45:51.717133 139763972338880 submission.py:307] 6) loss = 10.746, grad_norm = 0.500
I0911 18:45:52.142734 139735803463424 logging_writer.py:48] [7] global_step=7, grad_norm=0.5, loss=10.6298
I0911 18:45:52.145547 139763972338880 submission.py:307] 7) loss = 10.630, grad_norm = 0.500
I0911 18:45:52.573957 139735811856128 logging_writer.py:48] [8] global_step=8, grad_norm=0.5, loss=10.5443
I0911 18:45:52.576819 139763972338880 submission.py:307] 8) loss = 10.544, grad_norm = 0.500
I0911 18:45:53.009006 139735803463424 logging_writer.py:48] [9] global_step=9, grad_norm=0.5, loss=10.4063
I0911 18:45:53.011955 139763972338880 submission.py:307] 9) loss = 10.406, grad_norm = 0.500
I0911 18:45:53.438341 139735811856128 logging_writer.py:48] [10] global_step=10, grad_norm=0.5, loss=10.3104
I0911 18:45:53.441161 139763972338880 submission.py:307] 10) loss = 10.310, grad_norm = 0.500
I0911 18:45:53.869719 139735803463424 logging_writer.py:48] [11] global_step=11, grad_norm=0.5, loss=10.1627
I0911 18:45:53.872570 139763972338880 submission.py:307] 11) loss = 10.163, grad_norm = 0.500
I0911 18:45:54.301736 139735811856128 logging_writer.py:48] [12] global_step=12, grad_norm=0.5, loss=10.0831
I0911 18:45:54.304547 139763972338880 submission.py:307] 12) loss = 10.083, grad_norm = 0.500
I0911 18:45:54.731983 139735803463424 logging_writer.py:48] [13] global_step=13, grad_norm=0.5, loss=9.92597
I0911 18:45:54.734800 139763972338880 submission.py:307] 13) loss = 9.926, grad_norm = 0.500
I0911 18:45:55.161995 139735811856128 logging_writer.py:48] [14] global_step=14, grad_norm=0.5, loss=9.81596
I0911 18:45:55.164871 139763972338880 submission.py:307] 14) loss = 9.816, grad_norm = 0.500
I0911 18:45:55.594337 139735803463424 logging_writer.py:48] [15] global_step=15, grad_norm=0.5, loss=9.79638
I0911 18:45:55.597197 139763972338880 submission.py:307] 15) loss = 9.796, grad_norm = 0.500
I0911 18:45:56.023986 139735811856128 logging_writer.py:48] [16] global_step=16, grad_norm=0.5, loss=9.67793
I0911 18:45:56.026865 139763972338880 submission.py:307] 16) loss = 9.678, grad_norm = 0.500
I0911 18:45:56.451277 139735803463424 logging_writer.py:48] [17] global_step=17, grad_norm=0.5, loss=9.56807
I0911 18:45:56.454164 139763972338880 submission.py:307] 17) loss = 9.568, grad_norm = 0.500
I0911 18:45:56.881242 139735811856128 logging_writer.py:48] [18] global_step=18, grad_norm=0.5, loss=9.51242
I0911 18:45:56.884105 139763972338880 submission.py:307] 18) loss = 9.512, grad_norm = 0.500
I0911 18:45:57.313086 139735803463424 logging_writer.py:48] [19] global_step=19, grad_norm=0.5, loss=9.46872
I0911 18:45:57.315822 139763972338880 submission.py:307] 19) loss = 9.469, grad_norm = 0.500
I0911 18:45:57.743370 139735811856128 logging_writer.py:48] [20] global_step=20, grad_norm=0.5, loss=9.3479
I0911 18:45:57.746214 139763972338880 submission.py:307] 20) loss = 9.348, grad_norm = 0.500
I0911 18:45:58.173027 139735803463424 logging_writer.py:48] [21] global_step=21, grad_norm=0.5, loss=9.35899
I0911 18:45:58.176019 139763972338880 submission.py:307] 21) loss = 9.359, grad_norm = 0.500
I0911 18:45:58.602866 139735811856128 logging_writer.py:48] [22] global_step=22, grad_norm=0.5, loss=9.29358
I0911 18:45:58.605807 139763972338880 submission.py:307] 22) loss = 9.294, grad_norm = 0.500
I0911 18:45:59.035263 139735803463424 logging_writer.py:48] [23] global_step=23, grad_norm=0.5, loss=9.24652
I0911 18:45:59.038172 139763972338880 submission.py:307] 23) loss = 9.247, grad_norm = 0.500
I0911 18:45:59.466051 139735811856128 logging_writer.py:48] [24] global_step=24, grad_norm=0.5, loss=9.28879
I0911 18:45:59.468868 139763972338880 submission.py:307] 24) loss = 9.289, grad_norm = 0.500
I0911 18:45:59.894564 139735803463424 logging_writer.py:48] [25] global_step=25, grad_norm=0.5, loss=9.2383
I0911 18:45:59.897475 139763972338880 submission.py:307] 25) loss = 9.238, grad_norm = 0.500
I0911 18:46:00.323560 139735811856128 logging_writer.py:48] [26] global_step=26, grad_norm=0.5, loss=9.21029
I0911 18:46:00.326418 139763972338880 submission.py:307] 26) loss = 9.210, grad_norm = 0.500
I0911 18:46:00.755624 139735803463424 logging_writer.py:48] [27] global_step=27, grad_norm=0.5, loss=9.21307
I0911 18:46:00.758482 139763972338880 submission.py:307] 27) loss = 9.213, grad_norm = 0.500
I0911 18:46:01.186837 139735811856128 logging_writer.py:48] [28] global_step=28, grad_norm=0.5, loss=9.16776
I0911 18:46:01.189640 139763972338880 submission.py:307] 28) loss = 9.168, grad_norm = 0.500
I0911 18:46:01.616074 139735803463424 logging_writer.py:48] [29] global_step=29, grad_norm=0.5, loss=9.16667
I0911 18:46:01.618903 139763972338880 submission.py:307] 29) loss = 9.167, grad_norm = 0.500
I0911 18:46:02.045222 139735811856128 logging_writer.py:48] [30] global_step=30, grad_norm=0.5, loss=9.10725
I0911 18:46:02.048123 139763972338880 submission.py:307] 30) loss = 9.107, grad_norm = 0.500
I0911 18:46:02.477123 139735803463424 logging_writer.py:48] [31] global_step=31, grad_norm=0.5, loss=9.14014
I0911 18:46:02.480018 139763972338880 submission.py:307] 31) loss = 9.140, grad_norm = 0.500
I0911 18:46:02.907379 139735811856128 logging_writer.py:48] [32] global_step=32, grad_norm=0.5, loss=9.11178
I0911 18:46:02.910269 139763972338880 submission.py:307] 32) loss = 9.112, grad_norm = 0.500
I0911 18:46:03.337271 139735803463424 logging_writer.py:48] [33] global_step=33, grad_norm=0.5, loss=9.04429
I0911 18:46:03.340099 139763972338880 submission.py:307] 33) loss = 9.044, grad_norm = 0.500
I0911 18:46:03.767253 139735811856128 logging_writer.py:48] [34] global_step=34, grad_norm=0.5, loss=9.03998
I0911 18:46:03.770131 139763972338880 submission.py:307] 34) loss = 9.040, grad_norm = 0.500
I0911 18:46:04.197762 139735803463424 logging_writer.py:48] [35] global_step=35, grad_norm=0.5, loss=8.98115
I0911 18:46:04.200580 139763972338880 submission.py:307] 35) loss = 8.981, grad_norm = 0.500
I0911 18:46:04.629127 139735811856128 logging_writer.py:48] [36] global_step=36, grad_norm=0.5, loss=8.9003
I0911 18:46:04.631973 139763972338880 submission.py:307] 36) loss = 8.900, grad_norm = 0.500
I0911 18:46:05.059368 139735803463424 logging_writer.py:48] [37] global_step=37, grad_norm=0.5, loss=8.89531
I0911 18:46:05.062202 139763972338880 submission.py:307] 37) loss = 8.895, grad_norm = 0.500
I0911 18:46:05.488600 139735811856128 logging_writer.py:48] [38] global_step=38, grad_norm=0.5, loss=8.85006
I0911 18:46:05.491429 139763972338880 submission.py:307] 38) loss = 8.850, grad_norm = 0.500
I0911 18:46:05.919637 139735803463424 logging_writer.py:48] [39] global_step=39, grad_norm=0.5, loss=8.83963
I0911 18:46:05.922558 139763972338880 submission.py:307] 39) loss = 8.840, grad_norm = 0.500
I0911 18:46:06.349917 139735811856128 logging_writer.py:48] [40] global_step=40, grad_norm=0.5, loss=8.81861
I0911 18:46:06.352711 139763972338880 submission.py:307] 40) loss = 8.819, grad_norm = 0.500
I0911 18:46:06.778993 139735803463424 logging_writer.py:48] [41] global_step=41, grad_norm=0.5, loss=8.84278
I0911 18:46:06.781920 139763972338880 submission.py:307] 41) loss = 8.843, grad_norm = 0.500
I0911 18:46:07.208624 139735811856128 logging_writer.py:48] [42] global_step=42, grad_norm=0.5, loss=8.85248
I0911 18:46:07.211542 139763972338880 submission.py:307] 42) loss = 8.852, grad_norm = 0.500
I0911 18:46:07.639378 139735803463424 logging_writer.py:48] [43] global_step=43, grad_norm=0.5, loss=8.79128
I0911 18:46:07.642249 139763972338880 submission.py:307] 43) loss = 8.791, grad_norm = 0.500
I0911 18:46:08.070110 139735811856128 logging_writer.py:48] [44] global_step=44, grad_norm=0.5, loss=8.81408
I0911 18:46:08.072968 139763972338880 submission.py:307] 44) loss = 8.814, grad_norm = 0.500
I0911 18:46:08.500030 139735803463424 logging_writer.py:48] [45] global_step=45, grad_norm=0.5, loss=8.7221
I0911 18:46:08.502940 139763972338880 submission.py:307] 45) loss = 8.722, grad_norm = 0.500
I0911 18:46:08.930345 139735811856128 logging_writer.py:48] [46] global_step=46, grad_norm=0.5, loss=8.73811
I0911 18:46:08.933158 139763972338880 submission.py:307] 46) loss = 8.738, grad_norm = 0.500
I0911 18:46:09.361110 139735803463424 logging_writer.py:48] [47] global_step=47, grad_norm=0.5, loss=8.73262
I0911 18:46:09.363938 139763972338880 submission.py:307] 47) loss = 8.733, grad_norm = 0.500
I0911 18:46:09.790918 139735811856128 logging_writer.py:48] [48] global_step=48, grad_norm=0.5, loss=8.70247
I0911 18:46:09.793769 139763972338880 submission.py:307] 48) loss = 8.702, grad_norm = 0.500
I0911 18:46:10.220173 139735803463424 logging_writer.py:48] [49] global_step=49, grad_norm=0.5, loss=8.67884
I0911 18:46:10.223124 139763972338880 submission.py:307] 49) loss = 8.679, grad_norm = 0.500
I0911 18:46:10.650801 139735811856128 logging_writer.py:48] [50] global_step=50, grad_norm=0.5, loss=8.63155
I0911 18:46:10.653668 139763972338880 submission.py:307] 50) loss = 8.632, grad_norm = 0.500
I0911 18:46:11.079909 139735803463424 logging_writer.py:48] [51] global_step=51, grad_norm=0.5, loss=8.68553
I0911 18:46:11.082773 139763972338880 submission.py:307] 51) loss = 8.686, grad_norm = 0.500
I0911 18:46:11.508217 139735811856128 logging_writer.py:48] [52] global_step=52, grad_norm=0.5, loss=8.60084
I0911 18:46:11.511097 139763972338880 submission.py:307] 52) loss = 8.601, grad_norm = 0.500
I0911 18:46:11.938268 139735803463424 logging_writer.py:48] [53] global_step=53, grad_norm=0.5, loss=8.6264
I0911 18:46:11.941141 139763972338880 submission.py:307] 53) loss = 8.626, grad_norm = 0.500
I0911 18:46:12.366814 139735811856128 logging_writer.py:48] [54] global_step=54, grad_norm=0.5, loss=8.63744
I0911 18:46:12.369752 139763972338880 submission.py:307] 54) loss = 8.637, grad_norm = 0.500
I0911 18:46:12.797422 139735803463424 logging_writer.py:48] [55] global_step=55, grad_norm=0.5, loss=8.46224
I0911 18:46:12.800253 139763972338880 submission.py:307] 55) loss = 8.462, grad_norm = 0.500
I0911 18:46:13.226403 139735811856128 logging_writer.py:48] [56] global_step=56, grad_norm=0.5, loss=8.51831
I0911 18:46:13.229241 139763972338880 submission.py:307] 56) loss = 8.518, grad_norm = 0.500
I0911 18:46:13.653945 139735803463424 logging_writer.py:48] [57] global_step=57, grad_norm=0.5, loss=8.57827
I0911 18:46:13.656745 139763972338880 submission.py:307] 57) loss = 8.578, grad_norm = 0.500
I0911 18:46:14.082845 139735811856128 logging_writer.py:48] [58] global_step=58, grad_norm=0.5, loss=8.51476
I0911 18:46:14.085729 139763972338880 submission.py:307] 58) loss = 8.515, grad_norm = 0.500
I0911 18:46:14.511308 139735803463424 logging_writer.py:48] [59] global_step=59, grad_norm=0.5, loss=8.45858
I0911 18:46:14.514149 139763972338880 submission.py:307] 59) loss = 8.459, grad_norm = 0.500
I0911 18:46:14.940954 139735811856128 logging_writer.py:48] [60] global_step=60, grad_norm=0.5, loss=8.40233
I0911 18:46:14.943780 139763972338880 submission.py:307] 60) loss = 8.402, grad_norm = 0.500
I0911 18:46:15.371856 139735803463424 logging_writer.py:48] [61] global_step=61, grad_norm=0.5, loss=8.45324
I0911 18:46:15.374675 139763972338880 submission.py:307] 61) loss = 8.453, grad_norm = 0.500
I0911 18:46:15.801887 139735811856128 logging_writer.py:48] [62] global_step=62, grad_norm=0.5, loss=8.43485
I0911 18:46:15.804831 139763972338880 submission.py:307] 62) loss = 8.435, grad_norm = 0.500
I0911 18:46:16.230703 139735803463424 logging_writer.py:48] [63] global_step=63, grad_norm=0.5, loss=8.36662
I0911 18:46:16.233562 139763972338880 submission.py:307] 63) loss = 8.367, grad_norm = 0.500
I0911 18:46:16.660272 139735811856128 logging_writer.py:48] [64] global_step=64, grad_norm=0.5, loss=8.35069
I0911 18:46:16.663102 139763972338880 submission.py:307] 64) loss = 8.351, grad_norm = 0.500
I0911 18:46:17.091844 139735803463424 logging_writer.py:48] [65] global_step=65, grad_norm=0.5, loss=8.35641
I0911 18:46:17.094705 139763972338880 submission.py:307] 65) loss = 8.356, grad_norm = 0.500
I0911 18:46:17.522319 139735811856128 logging_writer.py:48] [66] global_step=66, grad_norm=0.5, loss=8.33245
I0911 18:46:17.525141 139763972338880 submission.py:307] 66) loss = 8.332, grad_norm = 0.500
I0911 18:46:17.952859 139735803463424 logging_writer.py:48] [67] global_step=67, grad_norm=0.5, loss=8.39039
I0911 18:46:17.955671 139763972338880 submission.py:307] 67) loss = 8.390, grad_norm = 0.500
I0911 18:46:18.382304 139735811856128 logging_writer.py:48] [68] global_step=68, grad_norm=0.5, loss=8.30402
I0911 18:46:18.385169 139763972338880 submission.py:307] 68) loss = 8.304, grad_norm = 0.500
I0911 18:46:18.813443 139735803463424 logging_writer.py:48] [69] global_step=69, grad_norm=0.5, loss=8.27834
I0911 18:46:18.816382 139763972338880 submission.py:307] 69) loss = 8.278, grad_norm = 0.500
I0911 18:46:19.244419 139735811856128 logging_writer.py:48] [70] global_step=70, grad_norm=0.5, loss=8.28062
I0911 18:46:19.247375 139763972338880 submission.py:307] 70) loss = 8.281, grad_norm = 0.500
I0911 18:46:19.674335 139735803463424 logging_writer.py:48] [71] global_step=71, grad_norm=0.5, loss=8.22634
I0911 18:46:19.677233 139763972338880 submission.py:307] 71) loss = 8.226, grad_norm = 0.500
I0911 18:46:20.104752 139735811856128 logging_writer.py:48] [72] global_step=72, grad_norm=0.5, loss=8.14752
I0911 18:46:20.107662 139763972338880 submission.py:307] 72) loss = 8.148, grad_norm = 0.500
I0911 18:46:20.536331 139735803463424 logging_writer.py:48] [73] global_step=73, grad_norm=0.5, loss=8.21035
I0911 18:46:20.539249 139763972338880 submission.py:307] 73) loss = 8.210, grad_norm = 0.500
I0911 18:46:20.965736 139735811856128 logging_writer.py:48] [74] global_step=74, grad_norm=0.5, loss=8.16009
I0911 18:46:20.968638 139763972338880 submission.py:307] 74) loss = 8.160, grad_norm = 0.500
I0911 18:46:21.395159 139735803463424 logging_writer.py:48] [75] global_step=75, grad_norm=0.5, loss=8.14442
I0911 18:46:21.398075 139763972338880 submission.py:307] 75) loss = 8.144, grad_norm = 0.500
I0911 18:46:21.826696 139735811856128 logging_writer.py:48] [76] global_step=76, grad_norm=0.5, loss=8.15403
I0911 18:46:21.829882 139763972338880 submission.py:307] 76) loss = 8.154, grad_norm = 0.500
I0911 18:46:22.257148 139735803463424 logging_writer.py:48] [77] global_step=77, grad_norm=0.5, loss=8.08907
I0911 18:46:22.259984 139763972338880 submission.py:307] 77) loss = 8.089, grad_norm = 0.500
I0911 18:46:22.686375 139735811856128 logging_writer.py:48] [78] global_step=78, grad_norm=0.5, loss=8.04899
I0911 18:46:22.689214 139763972338880 submission.py:307] 78) loss = 8.049, grad_norm = 0.500
I0911 18:46:23.115890 139735803463424 logging_writer.py:48] [79] global_step=79, grad_norm=0.5, loss=8.05287
I0911 18:46:23.118823 139763972338880 submission.py:307] 79) loss = 8.053, grad_norm = 0.500
I0911 18:46:23.547844 139735811856128 logging_writer.py:48] [80] global_step=80, grad_norm=0.5, loss=8.03002
I0911 18:46:23.550737 139763972338880 submission.py:307] 80) loss = 8.030, grad_norm = 0.500
I0911 18:46:23.977715 139735803463424 logging_writer.py:48] [81] global_step=81, grad_norm=0.5, loss=8.0331
I0911 18:46:23.980611 139763972338880 submission.py:307] 81) loss = 8.033, grad_norm = 0.500
I0911 18:46:24.407056 139735811856128 logging_writer.py:48] [82] global_step=82, grad_norm=0.5, loss=8.03717
I0911 18:46:24.410187 139763972338880 submission.py:307] 82) loss = 8.037, grad_norm = 0.500
I0911 18:46:24.836998 139735803463424 logging_writer.py:48] [83] global_step=83, grad_norm=0.5, loss=7.93711
I0911 18:46:24.839935 139763972338880 submission.py:307] 83) loss = 7.937, grad_norm = 0.500
I0911 18:46:25.268724 139735811856128 logging_writer.py:48] [84] global_step=84, grad_norm=0.5, loss=7.88457
I0911 18:46:25.271585 139763972338880 submission.py:307] 84) loss = 7.885, grad_norm = 0.500
I0911 18:46:25.700227 139735803463424 logging_writer.py:48] [85] global_step=85, grad_norm=0.5, loss=7.95179
I0911 18:46:25.703006 139763972338880 submission.py:307] 85) loss = 7.952, grad_norm = 0.500
I0911 18:46:26.130257 139735811856128 logging_writer.py:48] [86] global_step=86, grad_norm=0.5, loss=7.88491
I0911 18:46:26.133163 139763972338880 submission.py:307] 86) loss = 7.885, grad_norm = 0.500
I0911 18:46:26.561942 139735803463424 logging_writer.py:48] [87] global_step=87, grad_norm=0.5, loss=7.98065
I0911 18:46:26.564891 139763972338880 submission.py:307] 87) loss = 7.981, grad_norm = 0.500
I0911 18:46:26.991867 139735811856128 logging_writer.py:48] [88] global_step=88, grad_norm=0.5, loss=7.91532
I0911 18:46:26.994719 139763972338880 submission.py:307] 88) loss = 7.915, grad_norm = 0.500
I0911 18:46:27.420949 139735803463424 logging_writer.py:48] [89] global_step=89, grad_norm=0.5, loss=7.86703
I0911 18:46:27.423874 139763972338880 submission.py:307] 89) loss = 7.867, grad_norm = 0.500
I0911 18:46:27.851954 139735811856128 logging_writer.py:48] [90] global_step=90, grad_norm=0.5, loss=7.87383
I0911 18:46:27.854859 139763972338880 submission.py:307] 90) loss = 7.874, grad_norm = 0.500
I0911 18:46:28.284431 139735803463424 logging_writer.py:48] [91] global_step=91, grad_norm=0.5, loss=7.83459
I0911 18:46:28.287254 139763972338880 submission.py:307] 91) loss = 7.835, grad_norm = 0.500
I0911 18:46:28.714359 139735811856128 logging_writer.py:48] [92] global_step=92, grad_norm=0.5, loss=7.81115
I0911 18:46:28.717122 139763972338880 submission.py:307] 92) loss = 7.811, grad_norm = 0.500
I0911 18:46:29.144162 139735803463424 logging_writer.py:48] [93] global_step=93, grad_norm=0.5, loss=7.74458
I0911 18:46:29.147131 139763972338880 submission.py:307] 93) loss = 7.745, grad_norm = 0.500
I0911 18:46:29.576316 139735811856128 logging_writer.py:48] [94] global_step=94, grad_norm=0.5, loss=7.77569
I0911 18:46:29.579218 139763972338880 submission.py:307] 94) loss = 7.776, grad_norm = 0.500
I0911 18:46:30.007078 139735803463424 logging_writer.py:48] [95] global_step=95, grad_norm=0.5, loss=7.7814
I0911 18:46:30.010081 139763972338880 submission.py:307] 95) loss = 7.781, grad_norm = 0.500
I0911 18:46:30.436945 139735811856128 logging_writer.py:48] [96] global_step=96, grad_norm=0.5, loss=7.77128
I0911 18:46:30.439833 139763972338880 submission.py:307] 96) loss = 7.771, grad_norm = 0.500
I0911 18:46:30.868331 139735803463424 logging_writer.py:48] [97] global_step=97, grad_norm=0.5, loss=7.69231
I0911 18:46:30.871290 139763972338880 submission.py:307] 97) loss = 7.692, grad_norm = 0.500
I0911 18:46:31.300275 139735811856128 logging_writer.py:48] [98] global_step=98, grad_norm=0.5, loss=7.79662
I0911 18:46:31.303206 139763972338880 submission.py:307] 98) loss = 7.797, grad_norm = 0.500
I0911 18:46:31.729624 139735803463424 logging_writer.py:48] [99] global_step=99, grad_norm=0.5, loss=7.73477
I0911 18:46:31.732521 139763972338880 submission.py:307] 99) loss = 7.735, grad_norm = 0.500
I0911 18:46:32.161160 139735811856128 logging_writer.py:48] [100] global_step=100, grad_norm=0.5, loss=7.69495
I0911 18:46:32.164736 139763972338880 submission.py:307] 100) loss = 7.695, grad_norm = 0.500
I0911 18:49:19.000717 139735803463424 logging_writer.py:48] [500] global_step=500, grad_norm=0.5, loss=5.60618
I0911 18:49:19.004961 139763972338880 submission.py:307] 500) loss = 5.606, grad_norm = 0.500
I0911 18:52:48.075905 139735811856128 logging_writer.py:48] [1000] global_step=1000, grad_norm=0.499999, loss=4.56653
I0911 18:52:48.079109 139763972338880 submission.py:307] 1000) loss = 4.567, grad_norm = 0.500
I0911 18:56:17.163715 139735803463424 logging_writer.py:48] [1500] global_step=1500, grad_norm=0.468964, loss=4.18384
I0911 18:56:17.166995 139763972338880 submission.py:307] 1500) loss = 4.184, grad_norm = 0.469
I0911 18:59:46.253277 139735811856128 logging_writer.py:48] [2000] global_step=2000, grad_norm=0.333149, loss=3.88318
I0911 18:59:46.256353 139763972338880 submission.py:307] 2000) loss = 3.883, grad_norm = 0.333
I0911 19:03:15.304781 139735803463424 logging_writer.py:48] [2500] global_step=2500, grad_norm=0.322272, loss=3.8495
I0911 19:03:15.308016 139763972338880 submission.py:307] 2500) loss = 3.850, grad_norm = 0.322
I0911 19:06:44.326397 139735811856128 logging_writer.py:48] [3000] global_step=3000, grad_norm=0.27576, loss=3.64443
I0911 19:06:44.329654 139763972338880 submission.py:307] 3000) loss = 3.644, grad_norm = 0.276
I0911 19:10:13.307483 139735803463424 logging_writer.py:48] [3500] global_step=3500, grad_norm=0.240318, loss=3.50689
I0911 19:10:13.310672 139763972338880 submission.py:307] 3500) loss = 3.507, grad_norm = 0.240
I0911 19:13:42.322683 139735811856128 logging_writer.py:48] [4000] global_step=4000, grad_norm=0.247899, loss=3.56549
I0911 19:13:42.325902 139763972338880 submission.py:307] 4000) loss = 3.565, grad_norm = 0.248
I0911 19:17:11.320040 139735803463424 logging_writer.py:48] [4500] global_step=4500, grad_norm=0.218377, loss=3.5659
I0911 19:17:11.323283 139763972338880 submission.py:307] 4500) loss = 3.566, grad_norm = 0.218
I0911 19:20:40.311736 139735811856128 logging_writer.py:48] [5000] global_step=5000, grad_norm=0.220346, loss=3.50436
I0911 19:20:40.315048 139763972338880 submission.py:307] 5000) loss = 3.504, grad_norm = 0.220
I0911 19:24:09.280971 139735803463424 logging_writer.py:48] [5500] global_step=5500, grad_norm=0.213338, loss=3.50955
I0911 19:24:09.284109 139763972338880 submission.py:307] 5500) loss = 3.510, grad_norm = 0.213
I0911 19:27:38.243821 139735811856128 logging_writer.py:48] [6000] global_step=6000, grad_norm=0.190012, loss=3.49698
I0911 19:27:38.247045 139763972338880 submission.py:307] 6000) loss = 3.497, grad_norm = 0.190
I0911 19:28:39.401021 139763972338880 spec.py:333] Evaluating on the training split.
I0911 19:28:57.433778 139763972338880 spec.py:346] Evaluating on the validation split.
I0911 19:31:48.162038 139763972338880 spec.py:363] Evaluating on the test split.
I0911 19:31:48.162694 139763972338880 submission_runner.py:516] Time since start: 3031.09s, 	Step: 6146, 	{'train/loss': 3.466053009033203, 'train/ppl': 32.01014900854314, 'validation/loss': 3.458917564138427, 'validation/ppl': 31.782555311014857, 'validation/num_examples': 100000, 'test/loss': 0.0, 'test/ppl': 1.0, 'test/num_examples': 0, 'score': 2613.3255043029785, 'total_duration': 3031.0862398147583, 'accumulated_submission_time': 2613.3255043029785, 'accumulated_eval_time': 413.6452341079712, 'accumulated_logging_time': 0.04180479049682617}
I0911 19:31:48.183355 139735803463424 logging_writer.py:48] [6146] accumulated_eval_time=413.645, accumulated_logging_time=0.0418048, accumulated_submission_time=2613.33, global_step=6146, preemption_count=0, score=2613.33, test/loss=0, test/num_examples=0, test/ppl=1, total_duration=3031.09, train/loss=3.46605, train/ppl=32.0101, validation/loss=3.45892, validation/num_examples=100000, validation/ppl=31.7826
I0911 19:34:17.024529 139735811856128 logging_writer.py:48] [6500] global_step=6500, grad_norm=0.176083, loss=3.39211
I0911 19:34:17.027547 139763972338880 submission.py:307] 6500) loss = 3.392, grad_norm = 0.176
I0911 19:37:45.893343 139735803463424 logging_writer.py:48] [7000] global_step=7000, grad_norm=0.170934, loss=3.4183
I0911 19:37:45.896480 139763972338880 submission.py:307] 7000) loss = 3.418, grad_norm = 0.171
I0911 19:41:14.801310 139735811856128 logging_writer.py:48] [7500] global_step=7500, grad_norm=0.163011, loss=3.46124
I0911 19:41:14.804433 139763972338880 submission.py:307] 7500) loss = 3.461, grad_norm = 0.163
I0911 19:44:43.684625 139735803463424 logging_writer.py:48] [8000] global_step=8000, grad_norm=0.162153, loss=3.4257
I0911 19:44:43.687786 139763972338880 submission.py:307] 8000) loss = 3.426, grad_norm = 0.162
I0911 19:48:12.599257 139735811856128 logging_writer.py:48] [8500] global_step=8500, grad_norm=0.156455, loss=3.3786
I0911 19:48:12.602507 139763972338880 submission.py:307] 8500) loss = 3.379, grad_norm = 0.156
I0911 19:51:41.543694 139735803463424 logging_writer.py:48] [9000] global_step=9000, grad_norm=0.156523, loss=3.36242
I0911 19:51:41.546889 139763972338880 submission.py:307] 9000) loss = 3.362, grad_norm = 0.157
I0911 19:55:10.339560 139735811856128 logging_writer.py:48] [9500] global_step=9500, grad_norm=0.145001, loss=3.40642
I0911 19:55:10.342673 139763972338880 submission.py:307] 9500) loss = 3.406, grad_norm = 0.145
I0911 19:58:39.190506 139735803463424 logging_writer.py:48] [10000] global_step=10000, grad_norm=0.138121, loss=3.32296
I0911 19:58:39.193705 139763972338880 submission.py:307] 10000) loss = 3.323, grad_norm = 0.138
I0911 20:02:08.042866 139735811856128 logging_writer.py:48] [10500] global_step=10500, grad_norm=0.141208, loss=3.39661
I0911 20:02:08.046285 139763972338880 submission.py:307] 10500) loss = 3.397, grad_norm = 0.141
I0911 20:05:36.882253 139735803463424 logging_writer.py:48] [11000] global_step=11000, grad_norm=0.136448, loss=3.27632
I0911 20:05:36.885576 139763972338880 submission.py:307] 11000) loss = 3.276, grad_norm = 0.136
I0911 20:09:05.731206 139735811856128 logging_writer.py:48] [11500] global_step=11500, grad_norm=0.136914, loss=3.23481
I0911 20:09:05.734534 139763972338880 submission.py:307] 11500) loss = 3.235, grad_norm = 0.137
I0911 20:12:34.614608 139735803463424 logging_writer.py:48] [12000] global_step=12000, grad_norm=0.13332, loss=3.31982
I0911 20:12:34.617948 139763972338880 submission.py:307] 12000) loss = 3.320, grad_norm = 0.133
I0911 20:14:40.063895 139763972338880 spec.py:333] Evaluating on the training split.
I0911 20:14:58.110746 139763972338880 spec.py:346] Evaluating on the validation split.
I0911 20:17:49.025152 139763972338880 spec.py:363] Evaluating on the test split.
I0911 20:17:49.025815 139763972338880 submission_runner.py:516] Time since start: 5791.95s, 	Step: 12300, 	{'train/loss': 3.2905982971191405, 'train/ppl': 26.85892846917991, 'validation/loss': 3.278693079643542, 'validation/ppl': 26.541062967911998, 'validation/num_examples': 100000, 'test/loss': 0.0, 'test/ppl': 1.0, 'test/num_examples': 0, 'score': 5181.962565422058, 'total_duration': 5791.94936466217, 'accumulated_submission_time': 5181.962565422058, 'accumulated_eval_time': 602.607102394104, 'accumulated_logging_time': 0.07037472724914551}
I0911 20:17:49.048414 139735811856128 logging_writer.py:48] [12300] accumulated_eval_time=602.607, accumulated_logging_time=0.0703747, accumulated_submission_time=5181.96, global_step=12300, preemption_count=0, score=5181.96, test/loss=0, test/num_examples=0, test/ppl=1, total_duration=5791.95, train/loss=3.2906, train/ppl=26.8589, validation/loss=3.27869, validation/num_examples=100000, validation/ppl=26.5411
I0911 20:19:13.554959 139735803463424 logging_writer.py:48] [12500] global_step=12500, grad_norm=0.122619, loss=3.23642
I0911 20:19:13.558076 139763972338880 submission.py:307] 12500) loss = 3.236, grad_norm = 0.123
I0911 20:22:42.222485 139735811856128 logging_writer.py:48] [13000] global_step=13000, grad_norm=0.127325, loss=3.32034
I0911 20:22:42.225719 139763972338880 submission.py:307] 13000) loss = 3.320, grad_norm = 0.127
I0911 20:26:11.065748 139735803463424 logging_writer.py:48] [13500] global_step=13500, grad_norm=0.119928, loss=3.22378
I0911 20:26:11.068928 139763972338880 submission.py:307] 13500) loss = 3.224, grad_norm = 0.120
I0911 20:29:39.901938 139735811856128 logging_writer.py:48] [14000] global_step=14000, grad_norm=0.117869, loss=3.29569
I0911 20:29:39.905191 139763972338880 submission.py:307] 14000) loss = 3.296, grad_norm = 0.118
I0911 20:33:08.761705 139735803463424 logging_writer.py:48] [14500] global_step=14500, grad_norm=0.117992, loss=3.21283
I0911 20:33:08.764969 139763972338880 submission.py:307] 14500) loss = 3.213, grad_norm = 0.118
I0911 20:36:37.629409 139735811856128 logging_writer.py:48] [15000] global_step=15000, grad_norm=0.114852, loss=3.22927
I0911 20:36:37.632820 139763972338880 submission.py:307] 15000) loss = 3.229, grad_norm = 0.115
I0911 20:40:06.490961 139735803463424 logging_writer.py:48] [15500] global_step=15500, grad_norm=0.111421, loss=3.23412
I0911 20:40:06.494086 139763972338880 submission.py:307] 15500) loss = 3.234, grad_norm = 0.111
I0911 20:43:35.288583 139735811856128 logging_writer.py:48] [16000] global_step=16000, grad_norm=0.108328, loss=3.18099
I0911 20:43:35.291715 139763972338880 submission.py:307] 16000) loss = 3.181, grad_norm = 0.108
I0911 20:47:04.159064 139735803463424 logging_writer.py:48] [16500] global_step=16500, grad_norm=0.109052, loss=3.2039
I0911 20:47:04.162192 139763972338880 submission.py:307] 16500) loss = 3.204, grad_norm = 0.109
I0911 20:50:33.028659 139735811856128 logging_writer.py:48] [17000] global_step=17000, grad_norm=0.105648, loss=3.18207
I0911 20:50:33.031789 139763972338880 submission.py:307] 17000) loss = 3.182, grad_norm = 0.106
I0911 20:54:01.874623 139735803463424 logging_writer.py:48] [17500] global_step=17500, grad_norm=0.102925, loss=3.2082
I0911 20:54:01.877755 139763972338880 submission.py:307] 17500) loss = 3.208, grad_norm = 0.103
I0911 20:57:30.732680 139735811856128 logging_writer.py:48] [18000] global_step=18000, grad_norm=0.105047, loss=3.21049
I0911 20:57:30.735792 139763972338880 submission.py:307] 18000) loss = 3.210, grad_norm = 0.105
I0911 21:00:40.920991 139763972338880 spec.py:333] Evaluating on the training split.
I0911 21:00:58.952296 139763972338880 spec.py:346] Evaluating on the validation split.
I0911 21:03:49.692125 139763972338880 spec.py:363] Evaluating on the test split.
I0911 21:03:49.692757 139763972338880 submission_runner.py:516] Time since start: 8552.62s, 	Step: 18455, 	{'train/loss': 3.202191162109375, 'train/ppl': 24.58634388344877, 'validation/loss': 3.190901109934463, 'validation/ppl': 24.31032385040944, 'validation/num_examples': 100000, 'test/loss': 0.0, 'test/ppl': 1.0, 'test/num_examples': 0, 'score': 7750.686523199081, 'total_duration': 8552.616321086884, 'accumulated_submission_time': 7750.686523199081, 'accumulated_eval_time': 791.3788175582886, 'accumulated_logging_time': 0.1010887622833252}
I0911 21:03:49.714180 139735803463424 logging_writer.py:48] [18455] accumulated_eval_time=791.379, accumulated_logging_time=0.101089, accumulated_submission_time=7750.69, global_step=18455, preemption_count=0, score=7750.69, test/loss=0, test/num_examples=0, test/ppl=1, total_duration=8552.62, train/loss=3.20219, train/ppl=24.5863, validation/loss=3.1909, validation/num_examples=100000, validation/ppl=24.3103
I0911 21:04:09.772276 139735811856128 logging_writer.py:48] [18500] global_step=18500, grad_norm=0.104617, loss=3.12964
I0911 21:04:09.775074 139763972338880 submission.py:307] 18500) loss = 3.130, grad_norm = 0.105
I0911 21:07:38.094745 139735803463424 logging_writer.py:48] [19000] global_step=19000, grad_norm=0.104328, loss=3.23505
I0911 21:07:38.097871 139763972338880 submission.py:307] 19000) loss = 3.235, grad_norm = 0.104
I0911 21:11:06.875363 139735811856128 logging_writer.py:48] [19500] global_step=19500, grad_norm=0.103594, loss=3.21332
I0911 21:11:06.878681 139763972338880 submission.py:307] 19500) loss = 3.213, grad_norm = 0.104
I0911 21:14:35.701996 139735803463424 logging_writer.py:48] [20000] global_step=20000, grad_norm=0.105567, loss=3.09047
I0911 21:14:35.705133 139763972338880 submission.py:307] 20000) loss = 3.090, grad_norm = 0.106
I0911 21:18:04.567746 139735811856128 logging_writer.py:48] [20500] global_step=20500, grad_norm=0.10024, loss=3.12662
I0911 21:18:04.570787 139763972338880 submission.py:307] 20500) loss = 3.127, grad_norm = 0.100
I0911 21:21:33.476871 139735803463424 logging_writer.py:48] [21000] global_step=21000, grad_norm=0.100148, loss=3.13243
I0911 21:21:33.480005 139763972338880 submission.py:307] 21000) loss = 3.132, grad_norm = 0.100
I0911 21:25:02.362744 139735811856128 logging_writer.py:48] [21500] global_step=21500, grad_norm=0.0955079, loss=3.17231
I0911 21:25:02.365844 139763972338880 submission.py:307] 21500) loss = 3.172, grad_norm = 0.096
I0911 21:28:31.224794 139735803463424 logging_writer.py:48] [22000] global_step=22000, grad_norm=0.0931489, loss=3.22211
I0911 21:28:31.227832 139763972338880 submission.py:307] 22000) loss = 3.222, grad_norm = 0.093
I0911 21:32:00.081736 139735811856128 logging_writer.py:48] [22500] global_step=22500, grad_norm=0.0951964, loss=3.20982
I0911 21:32:00.084855 139763972338880 submission.py:307] 22500) loss = 3.210, grad_norm = 0.095
I0911 21:35:28.968810 139735803463424 logging_writer.py:48] [23000] global_step=23000, grad_norm=0.0969174, loss=3.08953
I0911 21:35:28.971735 139763972338880 submission.py:307] 23000) loss = 3.090, grad_norm = 0.097
I0911 21:38:57.842157 139735811856128 logging_writer.py:48] [23500] global_step=23500, grad_norm=0.0898363, loss=3.16319
I0911 21:38:57.845649 139763972338880 submission.py:307] 23500) loss = 3.163, grad_norm = 0.090
I0911 21:42:26.653769 139735803463424 logging_writer.py:48] [24000] global_step=24000, grad_norm=0.102909, loss=3.12792
I0911 21:42:26.656882 139763972338880 submission.py:307] 24000) loss = 3.128, grad_norm = 0.103
I0911 21:45:55.463252 139735811856128 logging_writer.py:48] [24500] global_step=24500, grad_norm=0.0898039, loss=3.14852
I0911 21:45:55.466315 139763972338880 submission.py:307] 24500) loss = 3.149, grad_norm = 0.090
I0911 21:46:41.547969 139763972338880 spec.py:333] Evaluating on the training split.
I0911 21:46:59.599065 139763972338880 spec.py:346] Evaluating on the validation split.
I0911 21:49:50.500432 139763972338880 spec.py:363] Evaluating on the test split.
I0911 21:49:50.501061 139763972338880 submission_runner.py:516] Time since start: 11313.42s, 	Step: 24610, 	{'train/loss': 3.1430374145507813, 'train/ppl': 23.1741495649204, 'validation/loss': 3.130363600943095, 'validation/ppl': 22.88229805519267, 'validation/num_examples': 100000, 'test/loss': 0.0, 'test/ppl': 1.0, 'test/num_examples': 0, 'score': 10319.529506444931, 'total_duration': 11313.424616098404, 'accumulated_submission_time': 10319.529506444931, 'accumulated_eval_time': 980.3318119049072, 'accumulated_logging_time': 0.13015317916870117}
I0911 21:49:50.525649 139735803463424 logging_writer.py:48] [24610] accumulated_eval_time=980.332, accumulated_logging_time=0.130153, accumulated_submission_time=10319.5, global_step=24610, preemption_count=0, score=10319.5, test/loss=0, test/num_examples=0, test/ppl=1, total_duration=11313.4, train/loss=3.14304, train/ppl=23.1741, validation/loss=3.13036, validation/num_examples=100000, validation/ppl=22.8823
I0911 21:52:34.261528 139735811856128 logging_writer.py:48] [25000] global_step=25000, grad_norm=0.0978632, loss=3.1133
I0911 21:52:34.264635 139763972338880 submission.py:307] 25000) loss = 3.113, grad_norm = 0.098
I0911 21:56:03.011642 139735803463424 logging_writer.py:48] [25500] global_step=25500, grad_norm=0.0904389, loss=3.12338
I0911 21:56:03.014721 139763972338880 submission.py:307] 25500) loss = 3.123, grad_norm = 0.090
I0911 21:59:31.813566 139735811856128 logging_writer.py:48] [26000] global_step=26000, grad_norm=0.0890102, loss=3.14372
I0911 21:59:31.816641 139763972338880 submission.py:307] 26000) loss = 3.144, grad_norm = 0.089
I0911 22:03:00.649780 139735803463424 logging_writer.py:48] [26500] global_step=26500, grad_norm=0.0920315, loss=3.08516
I0911 22:03:00.652701 139763972338880 submission.py:307] 26500) loss = 3.085, grad_norm = 0.092
I0911 22:06:29.451318 139735811856128 logging_writer.py:48] [27000] global_step=27000, grad_norm=0.0918943, loss=3.07421
I0911 22:06:29.454442 139763972338880 submission.py:307] 27000) loss = 3.074, grad_norm = 0.092
I0911 22:09:58.286328 139735803463424 logging_writer.py:48] [27500] global_step=27500, grad_norm=0.0912201, loss=3.15301
I0911 22:09:58.289347 139763972338880 submission.py:307] 27500) loss = 3.153, grad_norm = 0.091
I0911 22:13:27.125559 139735811856128 logging_writer.py:48] [28000] global_step=28000, grad_norm=0.0889787, loss=3.09085
I0911 22:13:27.128843 139763972338880 submission.py:307] 28000) loss = 3.091, grad_norm = 0.089
I0911 22:16:55.971328 139735803463424 logging_writer.py:48] [28500] global_step=28500, grad_norm=0.0930773, loss=3.10612
I0911 22:16:55.974379 139763972338880 submission.py:307] 28500) loss = 3.106, grad_norm = 0.093
I0911 22:20:24.866701 139735811856128 logging_writer.py:48] [29000] global_step=29000, grad_norm=0.0919089, loss=3.08057
I0911 22:20:24.869637 139763972338880 submission.py:307] 29000) loss = 3.081, grad_norm = 0.092
I0911 22:23:53.750704 139735803463424 logging_writer.py:48] [29500] global_step=29500, grad_norm=0.0852187, loss=3.10156
I0911 22:23:53.753729 139763972338880 submission.py:307] 29500) loss = 3.102, grad_norm = 0.085
I0911 22:27:22.608004 139735811856128 logging_writer.py:48] [30000] global_step=30000, grad_norm=0.0920981, loss=3.05721
I0911 22:27:22.611037 139763972338880 submission.py:307] 30000) loss = 3.057, grad_norm = 0.092
I0911 22:30:51.480327 139735803463424 logging_writer.py:48] [30500] global_step=30500, grad_norm=0.0921593, loss=3.08131
I0911 22:30:51.485231 139763972338880 submission.py:307] 30500) loss = 3.081, grad_norm = 0.092
I0911 22:32:42.295324 139763972338880 spec.py:333] Evaluating on the training split.
I0911 22:33:00.349437 139763972338880 spec.py:346] Evaluating on the validation split.
I0911 22:35:51.432903 139763972338880 spec.py:363] Evaluating on the test split.
I0911 22:35:51.433494 139763972338880 submission_runner.py:516] Time since start: 14074.36s, 	Step: 30765, 	{'train/loss': 3.0971553802490233, 'train/ppl': 22.13489627707, 'validation/loss': 3.084546959918478, 'validation/ppl': 21.85756224687316, 'validation/num_examples': 100000, 'test/loss': 0.0, 'test/ppl': 1.0, 'test/num_examples': 0, 'score': 12888.320937633514, 'total_duration': 14074.357086896896, 'accumulated_submission_time': 12888.320937633514, 'accumulated_eval_time': 1169.4699122905731, 'accumulated_logging_time': 0.16238999366760254}
I0911 22:35:51.456528 139735811856128 logging_writer.py:48] [30765] accumulated_eval_time=1169.47, accumulated_logging_time=0.16239, accumulated_submission_time=12888.3, global_step=30765, preemption_count=0, score=12888.3, test/loss=0, test/num_examples=0, test/ppl=1, total_duration=14074.4, train/loss=3.09716, train/ppl=22.1349, validation/loss=3.08455, validation/num_examples=100000, validation/ppl=21.8576
I0911 22:35:51.993564 139735803463424 logging_writer.py:48] [30765] global_step=30765, preemption_count=0, score=12888.3
I0911 22:35:52.001876 139763972338880 submission_runner.py:857] Final finewebedu_lm score: 12888.320937633514
