I0307 20:32:04.039215 140393707492544 submission_runner.py:469] Time since start: 60433.92s, 	Step: 104909, 	{'train/accuracy': 0.7283760905265808, 'train/loss': 1.1514848470687866, 'validation/accuracy': 0.6637799739837646, 'validation/loss': 1.4325437545776367, 'validation/num_examples': 50000, 'test/accuracy': 0.5385000109672546, 'test/loss': 2.0986835956573486, 'test/num_examples': 10000, 'score': 56194.78654503822, 'total_duration': 60433.91994857788, 'accumulated_submission_time': 56194.78654503822, 'accumulated_eval_time': 4219.493124723434, 'accumulated_logging_time': 8.441278219223022}
I0307 20:32:04.076183 140237686679296 logging_writer.py:48] [104909] accumulated_eval_time=4219.49, accumulated_logging_time=8.44128, accumulated_submission_time=56194.8, global_step=104909, preemption_count=0, score=56194.8, test/accuracy=0.5385, test/loss=2.09868, test/num_examples=10000, total_duration=60433.9, train/accuracy=0.728376, train/loss=1.15148, validation/accuracy=0.66378, validation/loss=1.43254, validation/num_examples=50000
I0307 20:33:07.924017 140237678286592 logging_writer.py:48] [105000] global_step=105000, grad_norm=4.572478294372559, loss=2.4607136249542236
I0307 20:34:25.329057 140237686679296 logging_writer.py:48] [105100] global_step=105100, grad_norm=3.573070526123047, loss=2.484622001647949
I0307 20:36:48.102217 140237678286592 logging_writer.py:48] [105200] global_step=105200, grad_norm=3.679715394973755, loss=2.4938392639160156
I0307 20:40:34.859581 140393707492544 spec.py:321] Evaluating on the training split.
I0307 20:40:45.082787 140393707492544 spec.py:333] Evaluating on the validation split.
I0307 20:41:10.693071 140393707492544 spec.py:349] Evaluating on the test split.
I0307 20:41:12.467675 140393707492544 submission_runner.py:469] Time since start: 60982.35s, 	Step: 105254, 	{'train/accuracy': 0.7225565910339355, 'train/loss': 1.1946988105773926, 'validation/accuracy': 0.6688599586486816, 'validation/loss': 1.433799386024475, 'validation/num_examples': 50000, 'test/accuracy': 0.5353000164031982, 'test/loss': 2.1130459308624268, 'test/num_examples': 10000, 'score': 56705.52609848976, 'total_duration': 60982.34839582443, 'accumulated_submission_time': 56705.52609848976, 'accumulated_eval_time': 4257.101182937622, 'accumulated_logging_time': 8.486390352249146}
I0307 20:41:12.521022 140237686679296 logging_writer.py:48] [105254] accumulated_eval_time=4257.1, accumulated_logging_time=8.48639, accumulated_submission_time=56705.5, global_step=105254, preemption_count=0, score=56705.5, test/accuracy=0.5353, test/loss=2.11305, test/num_examples=10000, total_duration=60982.3, train/accuracy=0.722557, train/loss=1.1947, validation/accuracy=0.66886, validation/loss=1.4338, validation/num_examples=50000
I0307 20:44:12.596872 140237678286592 logging_writer.py:48] [105300] global_step=105300, grad_norm=4.25819730758667, loss=2.5128173828125
I0307 20:49:04.221526 140237686679296 logging_writer.py:48] [105400] global_step=105400, grad_norm=4.170720100402832, loss=2.5728118419647217
I0307 20:49:43.172286 140393707492544 spec.py:321] Evaluating on the training split.
I0307 20:49:53.625584 140393707492544 spec.py:333] Evaluating on the validation split.
I0307 20:50:13.672152 140393707492544 spec.py:349] Evaluating on the test split.
I0307 20:50:15.480041 140393707492544 submission_runner.py:469] Time since start: 61525.36s, 	Step: 105443, 	{'train/accuracy': 0.7262834906578064, 'train/loss': 1.2042301893234253, 'validation/accuracy': 0.6696400046348572, 'validation/loss': 1.4560136795043945, 'validation/num_examples': 50000, 'test/accuracy': 0.5407000184059143, 'test/loss': 2.113462209701538, 'test/num_examples': 10000, 'score': 57216.15009188652, 'total_duration': 61525.36075305939, 'accumulated_submission_time': 57216.15009188652, 'accumulated_eval_time': 4289.408891439438, 'accumulated_logging_time': 8.547240495681763}
I0307 20:50:15.504597 140237678286592 logging_writer.py:48] [105443] accumulated_eval_time=4289.41, accumulated_logging_time=8.54724, accumulated_submission_time=57216.2, global_step=105443, preemption_count=0, score=57216.2, test/accuracy=0.5407, test/loss=2.11346, test/num_examples=10000, total_duration=61525.4, train/accuracy=0.726283, train/loss=1.20423, validation/accuracy=0.66964, validation/loss=1.45601, validation/num_examples=50000
I0307 20:50:58.857965 140237686679296 logging_writer.py:48] [105500] global_step=105500, grad_norm=3.32468843460083, loss=2.434910535812378
I0307 20:52:31.138435 140237678286592 logging_writer.py:48] [105600] global_step=105600, grad_norm=3.7223267555236816, loss=2.4592010974884033
I0307 20:54:03.531883 140237686679296 logging_writer.py:48] [105700] global_step=105700, grad_norm=3.727952241897583, loss=2.4324746131896973
I0307 20:55:37.256097 140237678286592 logging_writer.py:48] [105800] global_step=105800, grad_norm=4.194421768188477, loss=2.545719861984253
I0307 20:57:09.805551 140237686679296 logging_writer.py:48] [105900] global_step=105900, grad_norm=3.857799530029297, loss=2.512406349182129
I0307 20:58:43.657632 140237678286592 logging_writer.py:48] [106000] global_step=106000, grad_norm=4.496206760406494, loss=2.5052993297576904
I0307 20:58:45.626712 140393707492544 spec.py:321] Evaluating on the training split.
I0307 20:58:56.550597 140393707492544 spec.py:333] Evaluating on the validation split.
I0307 20:59:17.146900 140393707492544 spec.py:349] Evaluating on the test split.
I0307 20:59:18.928944 140393707492544 submission_runner.py:469] Time since start: 62068.81s, 	Step: 106003, 	{'train/accuracy': 0.7354711294174194, 'train/loss': 1.140196681022644, 'validation/accuracy': 0.6699199676513672, 'validation/loss': 1.4432976245880127, 'validation/num_examples': 50000, 'test/accuracy': 0.5416000485420227, 'test/loss': 2.1022963523864746, 'test/num_examples': 10000, 'score': 57726.20394182205, 'total_duration': 62068.80967712402, 'accumulated_submission_time': 57726.20394182205, 'accumulated_eval_time': 4322.711086988449, 'accumulated_logging_time': 8.580191373825073}
I0307 20:59:19.025082 140237686679296 logging_writer.py:48] [106003] accumulated_eval_time=4322.71, accumulated_logging_time=8.58019, accumulated_submission_time=57726.2, global_step=106003, preemption_count=0, score=57726.2, test/accuracy=0.5416, test/loss=2.1023, test/num_examples=10000, total_duration=62068.8, train/accuracy=0.735471, train/loss=1.1402, validation/accuracy=0.66992, validation/loss=1.4433, validation/num_examples=50000
I0307 21:00:40.949154 140237678286592 logging_writer.py:48] [106100] global_step=106100, grad_norm=3.9795944690704346, loss=2.4848814010620117
I0307 21:02:16.395800 140237686679296 logging_writer.py:48] [106200] global_step=106200, grad_norm=4.158579349517822, loss=2.4780333042144775
I0307 21:03:50.139316 140237678286592 logging_writer.py:48] [106300] global_step=106300, grad_norm=4.268260478973389, loss=2.4915196895599365
I0307 21:05:21.749655 140237686679296 logging_writer.py:48] [106400] global_step=106400, grad_norm=3.854017734527588, loss=2.5445361137390137
I0307 21:06:52.117578 140237678286592 logging_writer.py:48] [106500] global_step=106500, grad_norm=3.658622980117798, loss=2.4311041831970215
I0307 21:07:49.043832 140393707492544 spec.py:321] Evaluating on the training split.
I0307 21:07:59.402972 140393707492544 spec.py:333] Evaluating on the validation split.
I0307 21:08:19.483146 140393707492544 spec.py:349] Evaluating on the test split.
I0307 21:08:21.272466 140393707492544 submission_runner.py:469] Time since start: 62611.15s, 	Step: 106564, 	{'train/accuracy': 0.7276785373687744, 'train/loss': 1.1678117513656616, 'validation/accuracy': 0.6691399812698364, 'validation/loss': 1.4272679090499878, 'validation/num_examples': 50000, 'test/accuracy': 0.5475000143051147, 'test/loss': 2.067735195159912, 'test/num_examples': 10000, 'score': 58236.15479302406, 'total_duration': 62611.15320158005, 'accumulated_submission_time': 58236.15479302406, 'accumulated_eval_time': 4354.939691781998, 'accumulated_logging_time': 8.68401026725769}
I0307 21:08:21.377184 140237686679296 logging_writer.py:48] [106564] accumulated_eval_time=4354.94, accumulated_logging_time=8.68401, accumulated_submission_time=58236.2, global_step=106564, preemption_count=0, score=58236.2, test/accuracy=0.5475, test/loss=2.06774, test/num_examples=10000, total_duration=62611.2, train/accuracy=0.727679, train/loss=1.16781, validation/accuracy=0.66914, validation/loss=1.42727, validation/num_examples=50000
I0307 21:08:44.257384 140237678286592 logging_writer.py:48] [106600] global_step=106600, grad_norm=4.858497619628906, loss=2.5849077701568604
I0307 21:10:15.473611 140237686679296 logging_writer.py:48] [106700] global_step=106700, grad_norm=3.838007926940918, loss=2.4347567558288574
I0307 21:11:46.319020 140237678286592 logging_writer.py:48] [106800] global_step=106800, grad_norm=4.015160083770752, loss=2.5611743927001953
I0307 21:13:16.766714 140237686679296 logging_writer.py:48] [106900] global_step=106900, grad_norm=4.122817516326904, loss=2.4210307598114014
I0307 21:14:46.516539 140237678286592 logging_writer.py:48] [107000] global_step=107000, grad_norm=3.9564688205718994, loss=2.5540900230407715
I0307 21:16:16.858162 140237686679296 logging_writer.py:48] [107100] global_step=107100, grad_norm=4.044083118438721, loss=2.5286216735839844
I0307 21:16:52.017287 140393707492544 spec.py:321] Evaluating on the training split.
I0307 21:17:02.370012 140393707492544 spec.py:333] Evaluating on the validation split.
I0307 21:17:21.281578 140393707492544 spec.py:349] Evaluating on the test split.
I0307 21:17:23.080474 140393707492544 submission_runner.py:469] Time since start: 63152.96s, 	Step: 107140, 	{'train/accuracy': 0.7466118931770325, 'train/loss': 1.0786799192428589, 'validation/accuracy': 0.6642599701881409, 'validation/loss': 1.4460047483444214, 'validation/num_examples': 50000, 'test/accuracy': 0.539400041103363, 'test/loss': 2.1041030883789062, 'test/num_examples': 10000, 'score': 58746.72533559799, 'total_duration': 63152.96120882034, 'accumulated_submission_time': 58746.72533559799, 'accumulated_eval_time': 4386.002843618393, 'accumulated_logging_time': 8.796464204788208}
I0307 21:17:23.122745 140237678286592 logging_writer.py:48] [107140] accumulated_eval_time=4386, accumulated_logging_time=8.79646, accumulated_submission_time=58746.7, global_step=107140, preemption_count=0, score=58746.7, test/accuracy=0.5394, test/loss=2.1041, test/num_examples=10000, total_duration=63153, train/accuracy=0.746612, train/loss=1.07868, validation/accuracy=0.66426, validation/loss=1.446, validation/num_examples=50000
I0307 21:18:08.249088 140237686679296 logging_writer.py:48] [107200] global_step=107200, grad_norm=3.760857582092285, loss=2.503246307373047
I0307 21:19:38.344758 140237678286592 logging_writer.py:48] [107300] global_step=107300, grad_norm=3.7037744522094727, loss=2.4376425743103027
I0307 21:21:08.574834 140237686679296 logging_writer.py:48] [107400] global_step=107400, grad_norm=4.732773303985596, loss=2.438206195831299
I0307 21:22:38.534508 140237678286592 logging_writer.py:48] [107500] global_step=107500, grad_norm=3.7951691150665283, loss=2.4424972534179688
2025-03-07 21:23:51.831957: W tensorflow/core/kernels/data/prefetch_autotuner.cc:52] Prefetch autotuner tried to allocate 91453 bytes after encountering the first element of size 91453 bytes.This already causes the autotune ram budget to be exceeded. To stay within the ram budget, either increase the ram budget or reduce element size
I0307 21:24:10.213913 140237686679296 logging_writer.py:48] [107600] global_step=107600, grad_norm=3.853945016860962, loss=2.4943604469299316
I0307 21:25:40.355568 140237678286592 logging_writer.py:48] [107700] global_step=107700, grad_norm=3.9807302951812744, loss=2.596273422241211
I0307 21:25:53.081499 140393707492544 spec.py:321] Evaluating on the training split.
I0307 21:26:03.342547 140393707492544 spec.py:333] Evaluating on the validation split.
I0307 21:26:24.033736 140393707492544 spec.py:349] Evaluating on the test split.
I0307 21:26:25.821150 140393707492544 submission_runner.py:469] Time since start: 63695.70s, 	Step: 107715, 	{'train/accuracy': 0.7308274507522583, 'train/loss': 1.1577601432800293, 'validation/accuracy': 0.6692599654197693, 'validation/loss': 1.4366854429244995, 'validation/num_examples': 50000, 'test/accuracy': 0.5412999987602234, 'test/loss': 2.1156527996063232, 'test/num_examples': 10000, 'score': 59256.584094285965, 'total_duration': 63695.701869249344, 'accumulated_submission_time': 59256.584094285965, 'accumulated_eval_time': 4418.74244594574, 'accumulated_logging_time': 8.87801480293274}
I0307 21:26:25.909696 140237686679296 logging_writer.py:48] [107715] accumulated_eval_time=4418.74, accumulated_logging_time=8.87801, accumulated_submission_time=59256.6, global_step=107715, preemption_count=0, score=59256.6, test/accuracy=0.5413, test/loss=2.11565, test/num_examples=10000, total_duration=63695.7, train/accuracy=0.730827, train/loss=1.15776, validation/accuracy=0.66926, validation/loss=1.43669, validation/num_examples=50000
I0307 21:27:34.331573 140237678286592 logging_writer.py:48] [107800] global_step=107800, grad_norm=4.614690780639648, loss=2.578995704650879
I0307 21:31:26.488872 140237686679296 logging_writer.py:48] [107900] global_step=107900, grad_norm=4.370129108428955, loss=2.6014797687530518
I0307 21:34:56.844843 140393707492544 spec.py:321] Evaluating on the training split.
I0307 21:35:07.213327 140393707492544 spec.py:333] Evaluating on the validation split.
I0307 21:35:29.849088 140393707492544 spec.py:349] Evaluating on the test split.
I0307 21:35:31.657553 140393707492544 submission_runner.py:469] Time since start: 64241.54s, 	Step: 107950, 	{'train/accuracy': 0.7295918464660645, 'train/loss': 1.143438458442688, 'validation/accuracy': 0.6731599569320679, 'validation/loss': 1.4076335430145264, 'validation/num_examples': 50000, 'test/accuracy': 0.5525000095367432, 'test/loss': 2.050673246383667, 'test/num_examples': 10000, 'score': 59767.48608708382, 'total_duration': 64241.538284778595, 'accumulated_submission_time': 59767.48608708382, 'accumulated_eval_time': 4453.555124044418, 'accumulated_logging_time': 8.974353551864624}
I0307 21:35:31.680038 140237678286592 logging_writer.py:48] [107950] accumulated_eval_time=4453.56, accumulated_logging_time=8.97435, accumulated_submission_time=59767.5, global_step=107950, preemption_count=0, score=59767.5, test/accuracy=0.5525, test/loss=2.05067, test/num_examples=10000, total_duration=64241.5, train/accuracy=0.729592, train/loss=1.14344, validation/accuracy=0.67316, validation/loss=1.40763, validation/num_examples=50000
I0307 21:38:49.988700 140237686679296 logging_writer.py:48] [108000] global_step=108000, grad_norm=3.6905806064605713, loss=2.432750940322876
I0307 21:44:02.309491 140393707492544 spec.py:321] Evaluating on the training split.
I0307 21:44:12.233465 140393707492544 spec.py:333] Evaluating on the validation split.
I0307 21:44:36.444639 140393707492544 spec.py:349] Evaluating on the test split.
I0307 21:44:38.211004 140393707492544 submission_runner.py:469] Time since start: 64788.09s, 	Step: 108074, 	{'train/accuracy': 0.7307078838348389, 'train/loss': 1.1458221673965454, 'validation/accuracy': 0.6693599820137024, 'validation/loss': 1.4208639860153198, 'validation/num_examples': 50000, 'test/accuracy': 0.5539000034332275, 'test/loss': 2.05647349357605, 'test/num_examples': 10000, 'score': 60278.09408926964, 'total_duration': 64788.09173464775, 'accumulated_submission_time': 60278.09408926964, 'accumulated_eval_time': 4489.4566123485565, 'accumulated_logging_time': 9.005134344100952}
I0307 21:44:38.233649 140237678286592 logging_writer.py:48] [108074] accumulated_eval_time=4489.46, accumulated_logging_time=9.00513, accumulated_submission_time=60278.1, global_step=108074, preemption_count=0, score=60278.1, test/accuracy=0.5539, test/loss=2.05647, test/num_examples=10000, total_duration=64788.1, train/accuracy=0.730708, train/loss=1.14582, validation/accuracy=0.66936, validation/loss=1.42086, validation/num_examples=50000
I0307 21:46:13.519642 140237686679296 logging_writer.py:48] [108100] global_step=108100, grad_norm=3.415797710418701, loss=2.3829829692840576
I0307 21:53:09.382102 140393707492544 spec.py:321] Evaluating on the training split.
I0307 21:53:19.303527 140393707492544 spec.py:333] Evaluating on the validation split.
I0307 21:53:44.352494 140393707492544 spec.py:349] Evaluating on the test split.
I0307 21:53:46.169832 140393707492544 submission_runner.py:469] Time since start: 65336.05s, 	Step: 108198, 	{'train/accuracy': 0.7258051633834839, 'train/loss': 1.1665153503417969, 'validation/accuracy': 0.6667799949645996, 'validation/loss': 1.4418220520019531, 'validation/num_examples': 50000, 'test/accuracy': 0.5376999974250793, 'test/loss': 2.0967540740966797, 'test/num_examples': 10000, 'score': 60789.18449521065, 'total_duration': 65336.05056142807, 'accumulated_submission_time': 60789.18449521065, 'accumulated_eval_time': 4526.244311094284, 'accumulated_logging_time': 9.072465181350708}
I0307 21:53:46.192486 140237678286592 logging_writer.py:48] [108198] accumulated_eval_time=4526.24, accumulated_logging_time=9.07247, accumulated_submission_time=60789.2, global_step=108198, preemption_count=0, score=60789.2, test/accuracy=0.5377, test/loss=2.09675, test/num_examples=10000, total_duration=65336.1, train/accuracy=0.725805, train/loss=1.16652, validation/accuracy=0.66678, validation/loss=1.44182, validation/num_examples=50000
I0307 21:53:47.342544 140237686679296 logging_writer.py:48] [108200] global_step=108200, grad_norm=4.36112642288208, loss=2.5485081672668457
I0307 22:00:46.777285 140237678286592 logging_writer.py:48] [108300] global_step=108300, grad_norm=4.496201515197754, loss=2.5304298400878906
I0307 22:02:17.389391 140393707492544 spec.py:321] Evaluating on the training split.
I0307 22:02:27.398519 140393707492544 spec.py:333] Evaluating on the validation split.
I0307 22:02:51.308042 140393707492544 spec.py:349] Evaluating on the test split.
I0307 22:02:53.129760 140393707492544 submission_runner.py:469] Time since start: 65883.01s, 	Step: 108322, 	{'train/accuracy': 0.7287747263908386, 'train/loss': 1.1600546836853027, 'validation/accuracy': 0.6708799600601196, 'validation/loss': 1.415154218673706, 'validation/num_examples': 50000, 'test/accuracy': 0.5455999970436096, 'test/loss': 2.070884943008423, 'test/num_examples': 10000, 'score': 61300.36177492142, 'total_duration': 65883.01047825813, 'accumulated_submission_time': 61300.36177492142, 'accumulated_eval_time': 4561.984658479691, 'accumulated_logging_time': 9.1028311252594}
I0307 22:02:53.154022 140237686679296 logging_writer.py:48] [108322] accumulated_eval_time=4561.98, accumulated_logging_time=9.10283, accumulated_submission_time=61300.4, global_step=108322, preemption_count=0, score=61300.4, test/accuracy=0.5456, test/loss=2.07088, test/num_examples=10000, total_duration=65883, train/accuracy=0.728775, train/loss=1.16005, validation/accuracy=0.67088, validation/loss=1.41515, validation/num_examples=50000
I0307 22:08:10.645165 140237678286592 logging_writer.py:48] [108400] global_step=108400, grad_norm=4.105504035949707, loss=2.405515432357788
I0307 22:11:24.944806 140393707492544 spec.py:321] Evaluating on the training split.
I0307 22:11:35.639431 140393707492544 spec.py:333] Evaluating on the validation split.
I0307 22:11:55.009766 140393707492544 spec.py:349] Evaluating on the test split.
I0307 22:11:56.803012 140393707492544 submission_runner.py:469] Time since start: 66426.68s, 	Step: 108446, 	{'train/accuracy': 0.7276985049247742, 'train/loss': 1.1638103723526, 'validation/accuracy': 0.669979989528656, 'validation/loss': 1.4223161935806274, 'validation/num_examples': 50000, 'test/accuracy': 0.5457000136375427, 'test/loss': 2.0719552040100098, 'test/num_examples': 10000, 'score': 61812.13180017471, 'total_duration': 66426.68374371529, 'accumulated_submission_time': 61812.13180017471, 'accumulated_eval_time': 4593.8428428173065, 'accumulated_logging_time': 9.134752035140991}
I0307 22:11:56.825703 140237686679296 logging_writer.py:48] [108446] accumulated_eval_time=4593.84, accumulated_logging_time=9.13475, accumulated_submission_time=61812.1, global_step=108446, preemption_count=0, score=61812.1, test/accuracy=0.5457, test/loss=2.07196, test/num_examples=10000, total_duration=66426.7, train/accuracy=0.727699, train/loss=1.16381, validation/accuracy=0.66998, validation/loss=1.42232, validation/num_examples=50000
I0307 22:12:32.950421 140237678286592 logging_writer.py:48] [108500] global_step=108500, grad_norm=4.153036117553711, loss=2.533959150314331
I0307 22:13:54.692703 140237686679296 logging_writer.py:48] [108600] global_step=108600, grad_norm=3.786263942718506, loss=2.470386028289795
I0307 22:15:19.255254 140237678286592 logging_writer.py:48] [108700] global_step=108700, grad_norm=3.99099063873291, loss=2.4972822666168213
I0307 22:16:43.153741 140237686679296 logging_writer.py:48] [108800] global_step=108800, grad_norm=3.513038158416748, loss=2.390967845916748
I0307 22:18:00.293704 140237678286592 logging_writer.py:48] [108900] global_step=108900, grad_norm=3.7453818321228027, loss=2.4212138652801514
I0307 22:19:13.843757 140237686679296 logging_writer.py:48] [109000] global_step=109000, grad_norm=3.8065974712371826, loss=2.5179758071899414
I0307 22:20:26.831551 140393707492544 spec.py:321] Evaluating on the training split.
I0307 22:20:38.472712 140393707492544 spec.py:333] Evaluating on the validation split.
I0307 22:21:01.631189 140393707492544 spec.py:349] Evaluating on the test split.
I0307 22:21:03.425443 140393707492544 submission_runner.py:469] Time since start: 66973.31s, 	Step: 109100, 	{'train/accuracy': 0.7307278513908386, 'train/loss': 1.1489639282226562, 'validation/accuracy': 0.6688799858093262, 'validation/loss': 1.4371027946472168, 'validation/num_examples': 50000, 'test/accuracy': 0.5433000326156616, 'test/loss': 2.0681846141815186, 'test/num_examples': 10000, 'score': 62322.05839467049, 'total_duration': 66973.30617070198, 'accumulated_submission_time': 62322.05839467049, 'accumulated_eval_time': 4630.436698913574, 'accumulated_logging_time': 9.166320085525513}
I0307 22:21:03.524528 140237678286592 logging_writer.py:48] [109100] accumulated_eval_time=4630.44, accumulated_logging_time=9.16632, accumulated_submission_time=62322.1, global_step=109100, preemption_count=0, score=62322.1, test/accuracy=0.5433, test/loss=2.06818, test/num_examples=10000, total_duration=66973.3, train/accuracy=0.730728, train/loss=1.14896, validation/accuracy=0.66888, validation/loss=1.4371, validation/num_examples=50000
I0307 22:21:03.877072 140237686679296 logging_writer.py:48] [109100] global_step=109100, grad_norm=3.84247088432312, loss=2.520463705062866
I0307 22:22:12.527389 140237678286592 logging_writer.py:48] [109200] global_step=109200, grad_norm=4.11837100982666, loss=2.500131607055664
I0307 22:23:26.512744 140237686679296 logging_writer.py:48] [109300] global_step=109300, grad_norm=4.3446736335754395, loss=2.390007972717285
I0307 22:24:40.891644 140237678286592 logging_writer.py:48] [109400] global_step=109400, grad_norm=4.22847318649292, loss=2.555129051208496
I0307 22:25:54.948306 140237686679296 logging_writer.py:48] [109500] global_step=109500, grad_norm=4.70937967300415, loss=2.5060184001922607
I0307 22:27:08.990314 140237678286592 logging_writer.py:48] [109600] global_step=109600, grad_norm=4.261394023895264, loss=2.4306535720825195
I0307 22:28:23.085621 140237686679296 logging_writer.py:48] [109700] global_step=109700, grad_norm=4.2138671875, loss=2.3870739936828613
I0307 22:29:33.832924 140393707492544 spec.py:321] Evaluating on the training split.
I0307 22:29:43.893945 140393707492544 spec.py:333] Evaluating on the validation split.
I0307 22:30:02.889189 140393707492544 spec.py:349] Evaluating on the test split.
I0307 22:30:04.727190 140393707492544 submission_runner.py:469] Time since start: 67514.61s, 	Step: 109747, 	{'train/accuracy': 0.7344746589660645, 'train/loss': 1.1202000379562378, 'validation/accuracy': 0.6791999936103821, 'validation/loss': 1.3814679384231567, 'validation/num_examples': 50000, 'test/accuracy': 0.5506000518798828, 'test/loss': 2.0251922607421875, 'test/num_examples': 10000, 'score': 62832.286561489105, 'total_duration': 67514.60792064667, 'accumulated_submission_time': 62832.286561489105, 'accumulated_eval_time': 4661.330931186676, 'accumulated_logging_time': 9.274696111679077}
I0307 22:30:04.794384 140237678286592 logging_writer.py:48] [109747] accumulated_eval_time=4661.33, accumulated_logging_time=9.2747, accumulated_submission_time=62832.3, global_step=109747, preemption_count=0, score=62832.3, test/accuracy=0.5506, test/loss=2.02519, test/num_examples=10000, total_duration=67514.6, train/accuracy=0.734475, train/loss=1.1202, validation/accuracy=0.6792, validation/loss=1.38147, validation/num_examples=50000
I0307 22:31:18.676771 140237686679296 logging_writer.py:48] [109800] global_step=109800, grad_norm=4.2327961921691895, loss=2.431880474090576
I0307 22:34:08.348490 140237678286592 logging_writer.py:48] [109900] global_step=109900, grad_norm=3.467811346054077, loss=2.4452924728393555
I0307 22:37:04.110281 140237686679296 logging_writer.py:48] [110000] global_step=110000, grad_norm=4.06317138671875, loss=2.442270040512085
I0307 22:38:36.104335 140393707492544 spec.py:321] Evaluating on the training split.
I0307 22:38:45.508262 140393707492544 spec.py:333] Evaluating on the validation split.
I0307 22:39:05.398735 140393707492544 spec.py:349] Evaluating on the test split.
I0307 22:39:07.203510 140393707492544 submission_runner.py:469] Time since start: 68057.08s, 	Step: 110054, 	{'train/accuracy': 0.760164201259613, 'train/loss': 1.0102070569992065, 'validation/accuracy': 0.6690599918365479, 'validation/loss': 1.4101848602294922, 'validation/num_examples': 50000, 'test/accuracy': 0.5442000031471252, 'test/loss': 2.077561140060425, 'test/num_examples': 10000, 'score': 63343.556574344635, 'total_duration': 68057.08423185349, 'accumulated_submission_time': 63343.556574344635, 'accumulated_eval_time': 4692.430089712143, 'accumulated_logging_time': 9.3498694896698}
I0307 22:39:07.254227 140237678286592 logging_writer.py:48] [110054] accumulated_eval_time=4692.43, accumulated_logging_time=9.34987, accumulated_submission_time=63343.6, global_step=110054, preemption_count=0, score=63343.6, test/accuracy=0.5442, test/loss=2.07756, test/num_examples=10000, total_duration=68057.1, train/accuracy=0.760164, train/loss=1.01021, validation/accuracy=0.66906, validation/loss=1.41018, validation/num_examples=50000
2025-03-07 22:39:37.532567: W tensorflow/core/kernels/data/prefetch_autotuner.cc:52] Prefetch autotuner tried to allocate 91453 bytes after encountering the first element of size 91453 bytes.This already causes the autotune ram budget to be exceeded. To stay within the ram budget, either increase the ram budget or reduce element size
I0307 22:40:03.048091 140237686679296 logging_writer.py:48] [110100] global_step=110100, grad_norm=4.065702438354492, loss=2.430061101913452
I0307 22:42:23.542756 140237678286592 logging_writer.py:48] [110200] global_step=110200, grad_norm=3.7219765186309814, loss=2.4985573291778564
I0307 22:44:43.637789 140237686679296 logging_writer.py:48] [110300] global_step=110300, grad_norm=4.110191345214844, loss=2.4660613536834717
I0307 22:47:04.645993 140237678286592 logging_writer.py:48] [110400] global_step=110400, grad_norm=4.580552101135254, loss=2.5412662029266357
I0307 22:47:38.461019 140393707492544 spec.py:321] Evaluating on the training split.
I0307 22:47:48.747277 140393707492544 spec.py:333] Evaluating on the validation split.
I0307 22:48:10.701076 140393707492544 spec.py:349] Evaluating on the test split.
I0307 22:48:12.482117 140393707492544 submission_runner.py:469] Time since start: 68602.36s, 	Step: 110425, 	{'train/accuracy': 0.7470703125, 'train/loss': 1.0757482051849365, 'validation/accuracy': 0.6789999604225159, 'validation/loss': 1.386796474456787, 'validation/num_examples': 50000, 'test/accuracy': 0.5504000186920166, 'test/loss': 2.053622245788574, 'test/num_examples': 10000, 'score': 63854.71561408043, 'total_duration': 68602.3628358841, 'accumulated_submission_time': 63854.71561408043, 'accumulated_eval_time': 4726.451149463654, 'accumulated_logging_time': 9.408446073532104}
I0307 22:48:12.565467 140237686679296 logging_writer.py:48] [110425] accumulated_eval_time=4726.45, accumulated_logging_time=9.40845, accumulated_submission_time=63854.7, global_step=110425, preemption_count=0, score=63854.7, test/accuracy=0.5504, test/loss=2.05362, test/num_examples=10000, total_duration=68602.4, train/accuracy=0.74707, train/loss=1.07575, validation/accuracy=0.679, validation/loss=1.3868, validation/num_examples=50000
I0307 22:49:46.608515 140237678286592 logging_writer.py:48] [110500] global_step=110500, grad_norm=4.227410793304443, loss=2.4937477111816406
I0307 22:52:09.273323 140237686679296 logging_writer.py:48] [110600] global_step=110600, grad_norm=4.089635848999023, loss=2.3585729598999023
I0307 22:54:31.663191 140237678286592 logging_writer.py:48] [110700] global_step=110700, grad_norm=4.0528244972229, loss=2.3899588584899902
I0307 22:56:42.764721 140393707492544 spec.py:321] Evaluating on the training split.
I0307 22:56:52.733207 140393707492544 spec.py:333] Evaluating on the validation split.
2025-03-07 22:56:54.758827: E external/xla/xla/stream_executor/cuda/cuda_driver.cc:1635] failed to alloc 1073741824 bytes on host: CUDA_ERROR_INVALID_VALUE: invalid argument
2025-03-07 22:56:54.800378: E external/xla/xla/stream_executor/cuda/cuda_driver.cc:1635] failed to alloc 966367744 bytes on host: CUDA_ERROR_INVALID_VALUE: invalid argument
2025-03-07 22:56:54.832650: E external/xla/xla/stream_executor/cuda/cuda_driver.cc:1635] failed to alloc 869731072 bytes on host: CUDA_ERROR_INVALID_VALUE: invalid argument
2025-03-07 22:56:54.842742: E external/xla/xla/stream_executor/cuda/cuda_driver.cc:1635] failed to alloc 782758144 bytes on host: CUDA_ERROR_INVALID_VALUE: invalid argument
2025-03-07 22:56:55.466924: E external/xla/xla/stream_executor/cuda/cuda_driver.cc:1635] failed to alloc 704482304 bytes on host: CUDA_ERROR_INVALID_VALUE: invalid argument
2025-03-07 22:56:55.493080: E external/xla/xla/stream_executor/cuda/cuda_driver.cc:1635] failed to alloc 634034176 bytes on host: CUDA_ERROR_INVALID_VALUE: invalid argument
2025-03-07 22:56:55.517042: E external/xla/xla/stream_executor/cuda/cuda_driver.cc:1635] failed to alloc 570630912 bytes on host: CUDA_ERROR_INVALID_VALUE: invalid argument
I0307 22:57:14.232118 140393707492544 spec.py:349] Evaluating on the test split.
I0307 22:57:16.038617 140393707492544 submission_runner.py:469] Time since start: 69145.92s, 	Step: 110793, 	{'train/accuracy': 0.7336973547935486, 'train/loss': 1.1514904499053955, 'validation/accuracy': 0.6708999872207642, 'validation/loss': 1.4322401285171509, 'validation/num_examples': 50000, 'test/accuracy': 0.5517000555992126, 'test/loss': 2.0793941020965576, 'test/num_examples': 10000, 'score': 64364.8362364769, 'total_duration': 69145.91933512688, 'accumulated_submission_time': 64364.8362364769, 'accumulated_eval_time': 4759.72500872612, 'accumulated_logging_time': 9.533119916915894}
I0307 22:57:16.089941 140237686679296 logging_writer.py:48] [110793] accumulated_eval_time=4759.73, accumulated_logging_time=9.53312, accumulated_submission_time=64364.8, global_step=110793, preemption_count=0, score=64364.8, test/accuracy=0.5517, test/loss=2.07939, test/num_examples=10000, total_duration=69145.9, train/accuracy=0.733697, train/loss=1.15149, validation/accuracy=0.6709, validation/loss=1.43224, validation/num_examples=50000
I0307 22:57:19.180373 140237678286592 logging_writer.py:48] [110800] global_step=110800, grad_norm=4.035857677459717, loss=2.3675310611724854
I0307 22:59:34.504090 140237686679296 logging_writer.py:48] [110900] global_step=110900, grad_norm=4.012976169586182, loss=2.3619439601898193
I0307 23:02:12.428951 140237678286592 logging_writer.py:48] [111000] global_step=111000, grad_norm=4.35152530670166, loss=2.453232765197754
I0307 23:05:08.482427 140237686679296 logging_writer.py:48] [111100] global_step=111100, grad_norm=4.2490434646606445, loss=2.477489948272705
I0307 23:05:46.905134 140393707492544 spec.py:321] Evaluating on the training split.
I0307 23:05:57.007982 140393707492544 spec.py:333] Evaluating on the validation split.
I0307 23:06:19.320116 140393707492544 spec.py:349] Evaluating on the test split.
I0307 23:06:21.073325 140393707492544 submission_runner.py:469] Time since start: 69690.95s, 	Step: 111122, 	{'train/accuracy': 0.7323421239852905, 'train/loss': 1.14013671875, 'validation/accuracy': 0.6732000112533569, 'validation/loss': 1.4115277528762817, 'validation/num_examples': 50000, 'test/accuracy': 0.5475000143051147, 'test/loss': 2.061681032180786, 'test/num_examples': 10000, 'score': 64875.60917925835, 'total_duration': 69690.9540605545, 'accumulated_submission_time': 64875.60917925835, 'accumulated_eval_time': 4793.893170118332, 'accumulated_logging_time': 9.592237949371338}
I0307 23:06:21.129499 140237678286592 logging_writer.py:48] [111122] accumulated_eval_time=4793.89, accumulated_logging_time=9.59224, accumulated_submission_time=64875.6, global_step=111122, preemption_count=0, score=64875.6, test/accuracy=0.5475, test/loss=2.06168, test/num_examples=10000, total_duration=69691, train/accuracy=0.732342, train/loss=1.14014, validation/accuracy=0.6732, validation/loss=1.41153, validation/num_examples=50000
I0307 23:08:23.859025 140237686679296 logging_writer.py:48] [111200] global_step=111200, grad_norm=4.752403259277344, loss=2.4213850498199463
I0307 23:11:19.422110 140237678286592 logging_writer.py:48] [111300] global_step=111300, grad_norm=4.054352760314941, loss=2.4649903774261475
I0307 23:13:51.489193 140237686679296 logging_writer.py:48] [111400] global_step=111400, grad_norm=5.07385778427124, loss=2.3754963874816895
I0307 23:14:52.073694 140393707492544 spec.py:321] Evaluating on the training split.
I0307 23:15:01.614428 140393707492544 spec.py:333] Evaluating on the validation split.
I0307 23:15:25.315743 140393707492544 spec.py:349] Evaluating on the test split.
I0307 23:15:27.075686 140393707492544 submission_runner.py:469] Time since start: 70236.96s, 	Step: 111444, 	{'train/accuracy': 0.7626554369926453, 'train/loss': 1.007634162902832, 'validation/accuracy': 0.672819972038269, 'validation/loss': 1.4071537256240845, 'validation/num_examples': 50000, 'test/accuracy': 0.5504000186920166, 'test/loss': 2.071359872817993, 'test/num_examples': 10000, 'score': 65386.51100897789, 'total_duration': 70236.95640730858, 'accumulated_submission_time': 65386.51100897789, 'accumulated_eval_time': 4828.895120859146, 'accumulated_logging_time': 9.656341314315796}
I0307 23:15:27.120601 140237678286592 logging_writer.py:48] [111444] accumulated_eval_time=4828.9, accumulated_logging_time=9.65634, accumulated_submission_time=65386.5, global_step=111444, preemption_count=0, score=65386.5, test/accuracy=0.5504, test/loss=2.07136, test/num_examples=10000, total_duration=70237, train/accuracy=0.762655, train/loss=1.00763, validation/accuracy=0.67282, validation/loss=1.40715, validation/num_examples=50000
I0307 23:16:31.274124 140237686679296 logging_writer.py:48] [111500] global_step=111500, grad_norm=4.598896503448486, loss=2.471980094909668
I0307 23:18:52.537402 140237678286592 logging_writer.py:48] [111600] global_step=111600, grad_norm=4.158226490020752, loss=2.437407970428467
I0307 23:21:14.492712 140237686679296 logging_writer.py:48] [111700] global_step=111700, grad_norm=4.594004154205322, loss=2.382270097732544
I0307 23:23:36.771756 140237678286592 logging_writer.py:48] [111800] global_step=111800, grad_norm=3.7679250240325928, loss=2.498086452484131
I0307 23:23:58.223263 140393707492544 spec.py:321] Evaluating on the training split.
I0307 23:24:08.620607 140393707492544 spec.py:333] Evaluating on the validation split.
I0307 23:24:29.156964 140393707492544 spec.py:349] Evaluating on the test split.
I0307 23:24:30.900787 140393707492544 submission_runner.py:469] Time since start: 70780.78s, 	Step: 111816, 	{'train/accuracy': 0.7431042790412903, 'train/loss': 1.1029917001724243, 'validation/accuracy': 0.6697799563407898, 'validation/loss': 1.4257930517196655, 'validation/num_examples': 50000, 'test/accuracy': 0.5478000044822693, 'test/loss': 2.0903494358062744, 'test/num_examples': 10000, 'score': 65897.54716444016, 'total_duration': 70780.78152060509, 'accumulated_submission_time': 65897.54716444016, 'accumulated_eval_time': 4861.572622060776, 'accumulated_logging_time': 9.72568941116333}
I0307 23:24:30.963615 140237686679296 logging_writer.py:48] [111816] accumulated_eval_time=4861.57, accumulated_logging_time=9.72569, accumulated_submission_time=65897.5, global_step=111816, preemption_count=0, score=65897.5, test/accuracy=0.5478, test/loss=2.09035, test/num_examples=10000, total_duration=70780.8, train/accuracy=0.743104, train/loss=1.10299, validation/accuracy=0.66978, validation/loss=1.42579, validation/num_examples=50000
I0307 23:26:18.799374 140237678286592 logging_writer.py:48] [111900] global_step=111900, grad_norm=4.5691986083984375, loss=2.3848321437835693
I0307 23:28:39.964265 140237686679296 logging_writer.py:48] [112000] global_step=112000, grad_norm=4.187755107879639, loss=2.4628257751464844
I0307 23:31:02.129884 140237678286592 logging_writer.py:48] [112100] global_step=112100, grad_norm=4.636017322540283, loss=2.4831924438476562
I0307 23:33:01.270557 140237686679296 logging_writer.py:48] [112185] global_step=112185, preemption_count=0, score=66407.8
I0307 23:33:02.864569 140393707492544 submission_runner.py:646] Tuning trial 1/5
I0307 23:33:02.883939 140393707492544 submission_runner.py:647] Hyperparameters: Hyperparameters(dropout_rate=0.0, label_smoothing=0.1, learning_rate=0.001308209823469072, one_minus_beta1=0.02686663061, beta2=0.9981232922116359, weight_decay=0.16375311233774334, warmup_factor=0.1)
