python submission_runner.py --framework=jax --workload=imagenet_resnet --submission_path=prize_qualification_baselines/external_tuning/jax_nadamw_full_budget.py --data_dir=/data/imagenet/jax --num_tuning_trials=1 --experiment_dir=/experiment_runs --experiment_name=submissions/rolling_leaderboard/external_tuning/baseline/study_2 --overwrite=True --save_checkpoints=False --rng_seed=-735892277 --imagenet_v2_data_dir=/data/imagenet/jax --tuning_ruleset=external --tuning_search_space=prize_qualification_baselines/external_tuning/tuning_search_space.json --num_tuning_trials=5 --hparam_start_index=2 --hparam_end_index=3 2>&1 | tee -a /logs/imagenet_resnet_jax_03-07-2025-09-09-13.log
2025-03-07 09:09:34.425693: E external/local_xla/xla/stream_executor/cuda/cuda_fft.cc:477] Unable to register cuFFT factory: Attempting to register factory for plugin cuFFT when one has already been registered
WARNING: All log messages before absl::InitializeLog() is called are written to STDERR
E0000 00:00:1741338575.118967       9 cuda_dnn.cc:8310] Unable to register cuDNN factory: Attempting to register factory for plugin cuDNN when one has already been registered
E0000 00:00:1741338575.479516       9 cuda_blas.cc:1418] Unable to register cuBLAS factory: Attempting to register factory for plugin cuBLAS when one has already been registered
ERROR:root:Unable to import wandb.
Traceback (most recent call last):
  File "/algorithmic-efficiency/algoperf/logger_utils.py", line 27, in <module>
    import wandb  # pylint: disable=g-import-not-at-top
    ^^^^^^^^^^^^
ModuleNotFoundError: No module named 'wandb'
I0307 09:10:31.110062 140352918893760 logger_utils.py:81] Creating experiment directory at /experiment_runs/submissions/rolling_leaderboard/external_tuning/baseline/study_2/imagenet_resnet_jax.
I0307 09:10:33.709940 140352918893760 xla_bridge.py:884] Unable to initialize backend 'rocm': NOT_FOUND: Could not find registered platform with name: "rocm". Available platform names are: CUDA
I0307 09:10:33.712940 140352918893760 xla_bridge.py:884] Unable to initialize backend 'tpu': INTERNAL: Failed to open libtpu.so: libtpu.so: cannot open shared object file: No such file or directory
I0307 09:10:33.736138 140352918893760 submission_runner.py:606] Using RNG seed -735892277
I0307 09:10:37.186131 140352918893760 submission_runner.py:615] --- Tuning run 3/5 ---
I0307 09:10:37.186356 140352918893760 submission_runner.py:620] Creating tuning directory at /experiment_runs/submissions/rolling_leaderboard/external_tuning/baseline/study_2/imagenet_resnet_jax/trial_3.
I0307 09:10:37.186579 140352918893760 logger_utils.py:97] Saving hparams to /experiment_runs/submissions/rolling_leaderboard/external_tuning/baseline/study_2/imagenet_resnet_jax/trial_3/hparams.json.
I0307 09:10:37.466849 140352918893760 submission_runner.py:218] Initializing dataset.
I0307 09:10:39.049972 140352918893760 dataset_info.py:690] Load dataset info from /data/imagenet/jax/imagenet2012/5.1.0
I0307 09:10:39.388128 140352918893760 reader.py:261] Creating a tf.data.Dataset reading 1024 files located in folders: /data/imagenet/jax/imagenet2012/5.1.0.
I0307 09:10:39.711397 140352918893760 logging_logger.py:49] Constructing tf.data.Dataset imagenet2012 for split train, from /data/imagenet/jax/imagenet2012/5.1.0
I0307 09:10:41.690697 140352918893760 submission_runner.py:229] Initializing model.
I0307 09:11:06.582287 140352918893760 submission_runner.py:272] Initializing optimizer.
I0307 09:11:07.868452 140352918893760 submission_runner.py:279] Initializing metrics bundle.
I0307 09:11:07.868693 140352918893760 submission_runner.py:301] Initializing checkpoint and logger.
I0307 09:11:07.869789 140352918893760 checkpoints.py:1101] Found no checkpoint files in /experiment_runs/submissions/rolling_leaderboard/external_tuning/baseline/study_2/imagenet_resnet_jax/trial_3 with prefix checkpoint_
I0307 09:11:07.869891 140352918893760 submission_runner.py:321] Saving meta data to /experiment_runs/submissions/rolling_leaderboard/external_tuning/baseline/study_2/imagenet_resnet_jax/trial_3/meta_data_0.json.
I0307 09:11:08.473219 140352918893760 submission_runner.py:325] Saving flags to /experiment_runs/submissions/rolling_leaderboard/external_tuning/baseline/study_2/imagenet_resnet_jax/trial_3/flags_0.json.
I0307 09:11:08.836394 140352918893760 submission_runner.py:337] Starting training loop.
I0307 09:12:07.689082 140211384174336 logging_writer.py:48] [0] global_step=0, grad_norm=0.6882613301277161, loss=6.933265209197998
I0307 09:12:08.050182 140352918893760 spec.py:321] Evaluating on the training split.
I0307 09:12:08.512898 140352918893760 dataset_info.py:690] Load dataset info from /data/imagenet/jax/imagenet2012/5.1.0
I0307 09:12:08.536929 140352918893760 reader.py:261] Creating a tf.data.Dataset reading 1024 files located in folders: /data/imagenet/jax/imagenet2012/5.1.0.
I0307 09:12:08.579439 140352918893760 logging_logger.py:49] Constructing tf.data.Dataset imagenet2012 for split train, from /data/imagenet/jax/imagenet2012/5.1.0
I0307 09:12:28.673015 140352918893760 spec.py:333] Evaluating on the validation split.
I0307 09:12:29.225791 140352918893760 dataset_info.py:690] Load dataset info from /data/imagenet/jax/imagenet2012/5.1.0
I0307 09:12:29.272696 140352918893760 reader.py:261] Creating a tf.data.Dataset reading 64 files located in folders: /data/imagenet/jax/imagenet2012/5.1.0.
I0307 09:12:29.456960 140352918893760 logging_logger.py:49] Constructing tf.data.Dataset imagenet2012 for split validation, from /data/imagenet/jax/imagenet2012/5.1.0
I0307 09:13:05.796202 140352918893760 spec.py:349] Evaluating on the test split.
I0307 09:13:06.380559 140352918893760 dataset_info.py:690] Load dataset info from /data/imagenet/jax/imagenet_v2/matched-frequency/3.0.0
I0307 09:13:06.414069 140352918893760 reader.py:261] Creating a tf.data.Dataset reading 16 files located in folders: /data/imagenet/jax/imagenet_v2/matched-frequency/3.0.0.
I0307 09:13:06.470823 140352918893760 logging_logger.py:49] Constructing tf.data.Dataset imagenet_v2 for split test, from /data/imagenet/jax/imagenet_v2/matched-frequency/3.0.0
I0307 09:13:29.098638 140352918893760 submission_runner.py:469] Time since start: 140.26s, 	Step: 1, 	{'train/accuracy': 0.0008769132546149194, 'train/loss': 6.91168737411499, 'validation/accuracy': 0.0009599999757483602, 'validation/loss': 6.911850929260254, 'validation/num_examples': 50000, 'test/accuracy': 0.0009000000427477062, 'test/loss': 6.9116034507751465, 'test/num_examples': 10000, 'score': 59.21358060836792, 'total_duration': 140.26218605041504, 'accumulated_submission_time': 59.21358060836792, 'accumulated_eval_time': 81.04838967323303, 'accumulated_logging_time': 0}
I0307 09:13:29.108770 140197555578624 logging_writer.py:48] [1] accumulated_eval_time=81.0484, accumulated_logging_time=0, accumulated_submission_time=59.2136, global_step=1, preemption_count=0, score=59.2136, test/accuracy=0.0009, test/loss=6.9116, test/num_examples=10000, total_duration=140.262, train/accuracy=0.000876913, train/loss=6.91169, validation/accuracy=0.00096, validation/loss=6.91185, validation/num_examples=50000
I0307 09:14:05.313518 140197547185920 logging_writer.py:48] [100] global_step=100, grad_norm=0.660532534122467, loss=6.903403282165527
I0307 09:14:41.590063 140197555578624 logging_writer.py:48] [200] global_step=200, grad_norm=0.669024646282196, loss=6.857669830322266
I0307 09:15:18.974032 140197547185920 logging_writer.py:48] [300] global_step=300, grad_norm=0.709337592124939, loss=6.782736301422119
I0307 09:15:56.242947 140197555578624 logging_writer.py:48] [400] global_step=400, grad_norm=0.7419551014900208, loss=6.677526473999023
I0307 09:16:34.091596 140197547185920 logging_writer.py:48] [500] global_step=500, grad_norm=0.7866564393043518, loss=6.574863910675049
I0307 09:17:11.688721 140197555578624 logging_writer.py:48] [600] global_step=600, grad_norm=0.8195648193359375, loss=6.4852166175842285
I0307 09:17:49.710568 140197547185920 logging_writer.py:48] [700] global_step=700, grad_norm=0.942270040512085, loss=6.316039562225342
I0307 09:18:28.247640 140197555578624 logging_writer.py:48] [800] global_step=800, grad_norm=1.0323411226272583, loss=6.2673234939575195
I0307 09:19:06.047160 140197547185920 logging_writer.py:48] [900] global_step=900, grad_norm=1.660710334777832, loss=6.083968162536621
I0307 09:19:43.870234 140197555578624 logging_writer.py:48] [1000] global_step=1000, grad_norm=1.5672533512115479, loss=5.990311145782471
I0307 09:20:22.210355 140197547185920 logging_writer.py:48] [1100] global_step=1100, grad_norm=2.1749162673950195, loss=5.940195083618164
I0307 09:21:00.595132 140197555578624 logging_writer.py:48] [1200] global_step=1200, grad_norm=2.134967565536499, loss=5.823344707489014
I0307 09:21:39.074546 140197547185920 logging_writer.py:48] [1300] global_step=1300, grad_norm=1.6573340892791748, loss=5.702861309051514
I0307 09:21:59.462718 140352918893760 spec.py:321] Evaluating on the training split.
I0307 09:22:11.475219 140352918893760 spec.py:333] Evaluating on the validation split.
I0307 09:22:45.662337 140352918893760 spec.py:349] Evaluating on the test split.
I0307 09:22:47.580765 140352918893760 submission_runner.py:469] Time since start: 698.74s, 	Step: 1354, 	{'train/accuracy': 0.059091996401548386, 'train/loss': 5.493776798248291, 'validation/accuracy': 0.05179999768733978, 'validation/loss': 5.573646068572998, 'validation/num_examples': 50000, 'test/accuracy': 0.03630000352859497, 'test/loss': 5.78989315032959, 'test/num_examples': 10000, 'score': 569.3945550918579, 'total_duration': 698.7443125247955, 'accumulated_submission_time': 569.3945550918579, 'accumulated_eval_time': 129.16638731956482, 'accumulated_logging_time': 0.020788908004760742}
I0307 09:22:47.609737 140197563971328 logging_writer.py:48] [1354] accumulated_eval_time=129.166, accumulated_logging_time=0.0207889, accumulated_submission_time=569.395, global_step=1354, preemption_count=0, score=569.395, test/accuracy=0.0363, test/loss=5.78989, test/num_examples=10000, total_duration=698.744, train/accuracy=0.059092, train/loss=5.49378, validation/accuracy=0.0518, validation/loss=5.57365, validation/num_examples=50000
I0307 09:23:05.467369 140197572364032 logging_writer.py:48] [1400] global_step=1400, grad_norm=2.8556017875671387, loss=5.666993141174316
I0307 09:23:43.600731 140197563971328 logging_writer.py:48] [1500] global_step=1500, grad_norm=3.214613199234009, loss=5.634566307067871
I0307 09:24:21.458394 140197572364032 logging_writer.py:48] [1600] global_step=1600, grad_norm=3.5515739917755127, loss=5.503779411315918
I0307 09:24:59.954351 140197563971328 logging_writer.py:48] [1700] global_step=1700, grad_norm=4.031263828277588, loss=5.445249557495117
I0307 09:25:38.421521 140197572364032 logging_writer.py:48] [1800] global_step=1800, grad_norm=3.242783308029175, loss=5.41818904876709
I0307 09:26:16.716578 140197563971328 logging_writer.py:48] [1900] global_step=1900, grad_norm=3.639207363128662, loss=5.289968013763428
I0307 09:26:54.918887 140197572364032 logging_writer.py:48] [2000] global_step=2000, grad_norm=4.510135173797607, loss=5.199000835418701
I0307 09:27:33.543572 140197563971328 logging_writer.py:48] [2100] global_step=2100, grad_norm=7.628291130065918, loss=5.07876443862915
I0307 09:28:11.793852 140197572364032 logging_writer.py:48] [2200] global_step=2200, grad_norm=4.093658447265625, loss=5.045807361602783
I0307 09:28:50.139032 140197563971328 logging_writer.py:48] [2300] global_step=2300, grad_norm=9.604702949523926, loss=5.04536247253418
I0307 09:29:28.150718 140197572364032 logging_writer.py:48] [2400] global_step=2400, grad_norm=7.533233165740967, loss=4.984541893005371
I0307 09:30:06.683456 140197563971328 logging_writer.py:48] [2500] global_step=2500, grad_norm=3.422938346862793, loss=4.885105133056641
I0307 09:30:45.110681 140197572364032 logging_writer.py:48] [2600] global_step=2600, grad_norm=6.8712382316589355, loss=4.853758811950684
I0307 09:31:17.811591 140352918893760 spec.py:321] Evaluating on the training split.
I0307 09:31:29.711960 140352918893760 spec.py:333] Evaluating on the validation split.
I0307 09:31:48.513894 140352918893760 spec.py:349] Evaluating on the test split.
I0307 09:31:50.333268 140352918893760 submission_runner.py:469] Time since start: 1241.50s, 	Step: 2687, 	{'train/accuracy': 0.14706233143806458, 'train/loss': 4.467044830322266, 'validation/accuracy': 0.1281999945640564, 'validation/loss': 4.618517875671387, 'validation/num_examples': 50000, 'test/accuracy': 0.09490000456571579, 'test/loss': 5.007242202758789, 'test/num_examples': 10000, 'score': 1079.442931652069, 'total_duration': 1241.496834039688, 'accumulated_submission_time': 1079.442931652069, 'accumulated_eval_time': 161.68802952766418, 'accumulated_logging_time': 0.05840349197387695}
I0307 09:31:50.357123 140197563971328 logging_writer.py:48] [2687] accumulated_eval_time=161.688, accumulated_logging_time=0.0584035, accumulated_submission_time=1079.44, global_step=2687, preemption_count=0, score=1079.44, test/accuracy=0.0949, test/loss=5.00724, test/num_examples=10000, total_duration=1241.5, train/accuracy=0.147062, train/loss=4.46704, validation/accuracy=0.1282, validation/loss=4.61852, validation/num_examples=50000
I0307 09:31:55.822078 140197572364032 logging_writer.py:48] [2700] global_step=2700, grad_norm=4.304862022399902, loss=4.79079008102417
I0307 09:32:34.396837 140197563971328 logging_writer.py:48] [2800] global_step=2800, grad_norm=5.821913719177246, loss=4.686905860900879
I0307 09:33:12.382703 140197572364032 logging_writer.py:48] [2900] global_step=2900, grad_norm=6.64280891418457, loss=4.836772918701172
I0307 09:33:50.303827 140197563971328 logging_writer.py:48] [3000] global_step=3000, grad_norm=3.7769253253936768, loss=4.622505187988281
I0307 09:34:28.881542 140197572364032 logging_writer.py:48] [3100] global_step=3100, grad_norm=8.279519081115723, loss=4.541625022888184
I0307 09:35:06.590147 140197563971328 logging_writer.py:48] [3200] global_step=3200, grad_norm=5.906195640563965, loss=4.610058784484863
I0307 09:35:44.997231 140197572364032 logging_writer.py:48] [3300] global_step=3300, grad_norm=8.673589706420898, loss=4.511228561401367
I0307 09:36:22.993714 140197563971328 logging_writer.py:48] [3400] global_step=3400, grad_norm=8.167490005493164, loss=4.4648919105529785
I0307 09:37:00.895061 140197572364032 logging_writer.py:48] [3500] global_step=3500, grad_norm=5.626564979553223, loss=4.345259666442871
I0307 09:37:39.350692 140197563971328 logging_writer.py:48] [3600] global_step=3600, grad_norm=6.923275947570801, loss=4.45728874206543
I0307 09:38:17.726333 140197572364032 logging_writer.py:48] [3700] global_step=3700, grad_norm=7.968555927276611, loss=4.341304302215576
I0307 09:38:55.649999 140197563971328 logging_writer.py:48] [3800] global_step=3800, grad_norm=6.386529445648193, loss=4.210487365722656
I0307 09:39:34.316913 140197572364032 logging_writer.py:48] [3900] global_step=3900, grad_norm=6.598545551300049, loss=4.2074384689331055
I0307 09:40:12.928440 140197563971328 logging_writer.py:48] [4000] global_step=4000, grad_norm=8.124680519104004, loss=4.262001991271973
I0307 09:40:20.573663 140352918893760 spec.py:321] Evaluating on the training split.
I0307 09:40:31.803422 140352918893760 spec.py:333] Evaluating on the validation split.
I0307 09:40:50.789110 140352918893760 spec.py:349] Evaluating on the test split.
I0307 09:40:52.670037 140352918893760 submission_runner.py:469] Time since start: 1783.83s, 	Step: 4021, 	{'train/accuracy': 0.23419561982154846, 'train/loss': 3.7651970386505127, 'validation/accuracy': 0.20155999064445496, 'validation/loss': 4.000546455383301, 'validation/num_examples': 50000, 'test/accuracy': 0.1558000147342682, 'test/loss': 4.543863296508789, 'test/num_examples': 10000, 'score': 1589.5220942497253, 'total_duration': 1783.8335990905762, 'accumulated_submission_time': 1589.5220942497253, 'accumulated_eval_time': 193.78435516357422, 'accumulated_logging_time': 0.09580397605895996}
I0307 09:40:52.679324 140197572364032 logging_writer.py:48] [4021] accumulated_eval_time=193.784, accumulated_logging_time=0.095804, accumulated_submission_time=1589.52, global_step=4021, preemption_count=0, score=1589.52, test/accuracy=0.1558, test/loss=4.54386, test/num_examples=10000, total_duration=1783.83, train/accuracy=0.234196, train/loss=3.7652, validation/accuracy=0.20156, validation/loss=4.00055, validation/num_examples=50000
I0307 09:41:23.499802 140197563971328 logging_writer.py:48] [4100] global_step=4100, grad_norm=6.856635570526123, loss=4.046872138977051
I0307 09:42:01.938414 140197572364032 logging_writer.py:48] [4200] global_step=4200, grad_norm=12.196403503417969, loss=4.1641435623168945
I0307 09:42:40.438774 140197563971328 logging_writer.py:48] [4300] global_step=4300, grad_norm=7.380473613739014, loss=4.013304233551025
I0307 09:43:18.691334 140197572364032 logging_writer.py:48] [4400] global_step=4400, grad_norm=3.8304615020751953, loss=3.959407329559326
I0307 09:43:57.140940 140197563971328 logging_writer.py:48] [4500] global_step=4500, grad_norm=8.293968200683594, loss=3.9671995639801025
I0307 09:44:35.874686 140197572364032 logging_writer.py:48] [4600] global_step=4600, grad_norm=4.3276567459106445, loss=3.8874502182006836
I0307 09:45:14.221055 140197563971328 logging_writer.py:48] [4700] global_step=4700, grad_norm=9.284388542175293, loss=3.9154059886932373
I0307 09:45:52.712720 140197572364032 logging_writer.py:48] [4800] global_step=4800, grad_norm=9.794356346130371, loss=3.768815517425537
I0307 09:46:30.962152 140197563971328 logging_writer.py:48] [4900] global_step=4900, grad_norm=15.461101531982422, loss=3.717820405960083
I0307 09:47:09.298666 140197572364032 logging_writer.py:48] [5000] global_step=5000, grad_norm=4.648195743560791, loss=3.649705648422241
I0307 09:47:47.987502 140197563971328 logging_writer.py:48] [5100] global_step=5100, grad_norm=6.256418228149414, loss=3.7950527667999268
I0307 09:48:26.496162 140197572364032 logging_writer.py:48] [5200] global_step=5200, grad_norm=8.832375526428223, loss=3.6468851566314697
I0307 09:49:04.892503 140197563971328 logging_writer.py:48] [5300] global_step=5300, grad_norm=7.630593776702881, loss=3.665360450744629
I0307 09:49:22.706086 140352918893760 spec.py:321] Evaluating on the training split.
I0307 09:49:33.819165 140352918893760 spec.py:333] Evaluating on the validation split.
I0307 09:49:54.355692 140352918893760 spec.py:349] Evaluating on the test split.
I0307 09:49:56.097506 140352918893760 submission_runner.py:469] Time since start: 2327.26s, 	Step: 5348, 	{'train/accuracy': 0.3355787694454193, 'train/loss': 3.090468645095825, 'validation/accuracy': 0.29679998755455017, 'validation/loss': 3.333317756652832, 'validation/num_examples': 50000, 'test/accuracy': 0.22510001063346863, 'test/loss': 3.9231512546539307, 'test/num_examples': 10000, 'score': 2099.42506980896, 'total_duration': 2327.261080265045, 'accumulated_submission_time': 2099.42506980896, 'accumulated_eval_time': 227.1757457256317, 'accumulated_logging_time': 0.11387968063354492}
I0307 09:49:56.118153 140197572364032 logging_writer.py:48] [5348] accumulated_eval_time=227.176, accumulated_logging_time=0.11388, accumulated_submission_time=2099.43, global_step=5348, preemption_count=0, score=2099.43, test/accuracy=0.2251, test/loss=3.92315, test/num_examples=10000, total_duration=2327.26, train/accuracy=0.335579, train/loss=3.09047, validation/accuracy=0.2968, validation/loss=3.33332, validation/num_examples=50000
I0307 09:50:16.349178 140197563971328 logging_writer.py:48] [5400] global_step=5400, grad_norm=6.963141918182373, loss=3.55232572555542
I0307 09:50:54.751321 140197572364032 logging_writer.py:48] [5500] global_step=5500, grad_norm=10.405638694763184, loss=3.6701505184173584
I0307 09:51:32.790126 140197563971328 logging_writer.py:48] [5600] global_step=5600, grad_norm=6.961201190948486, loss=3.5343196392059326
I0307 09:52:10.779074 140197572364032 logging_writer.py:48] [5700] global_step=5700, grad_norm=5.307099342346191, loss=3.464395046234131
I0307 09:52:49.381333 140197563971328 logging_writer.py:48] [5800] global_step=5800, grad_norm=6.605583190917969, loss=3.539360284805298
I0307 09:53:27.563038 140197572364032 logging_writer.py:48] [5900] global_step=5900, grad_norm=6.315997123718262, loss=3.4470903873443604
I0307 09:54:06.118535 140197563971328 logging_writer.py:48] [6000] global_step=6000, grad_norm=13.179420471191406, loss=3.49902606010437
I0307 09:54:44.358412 140197572364032 logging_writer.py:48] [6100] global_step=6100, grad_norm=7.404033660888672, loss=3.3398489952087402
I0307 09:55:22.868320 140197563971328 logging_writer.py:48] [6200] global_step=6200, grad_norm=7.11270809173584, loss=3.4263803958892822
I0307 09:56:00.956642 140197572364032 logging_writer.py:48] [6300] global_step=6300, grad_norm=9.70183277130127, loss=3.3634183406829834
I0307 09:56:39.130320 140197563971328 logging_writer.py:48] [6400] global_step=6400, grad_norm=8.802194595336914, loss=3.2394094467163086
I0307 09:57:17.379634 140197572364032 logging_writer.py:48] [6500] global_step=6500, grad_norm=5.631226539611816, loss=3.306457757949829
I0307 09:57:55.480218 140197563971328 logging_writer.py:48] [6600] global_step=6600, grad_norm=8.33063793182373, loss=3.176884651184082
I0307 09:58:26.436210 140352918893760 spec.py:321] Evaluating on the training split.
I0307 09:58:38.221544 140352918893760 spec.py:333] Evaluating on the validation split.
I0307 09:58:59.070976 140352918893760 spec.py:349] Evaluating on the test split.
I0307 09:59:00.868552 140352918893760 submission_runner.py:469] Time since start: 2872.03s, 	Step: 6682, 	{'train/accuracy': 0.39568716287612915, 'train/loss': 2.6923294067382812, 'validation/accuracy': 0.354559987783432, 'validation/loss': 2.964087963104248, 'validation/num_examples': 50000, 'test/accuracy': 0.2713000178337097, 'test/loss': 3.6099040508270264, 'test/num_examples': 10000, 'score': 2609.6209440231323, 'total_duration': 2872.0320682525635, 'accumulated_submission_time': 2609.6209440231323, 'accumulated_eval_time': 261.6079971790314, 'accumulated_logging_time': 0.1436445713043213}
I0307 09:59:00.923783 140197572364032 logging_writer.py:48] [6682] accumulated_eval_time=261.608, accumulated_logging_time=0.143645, accumulated_submission_time=2609.62, global_step=6682, preemption_count=0, score=2609.62, test/accuracy=0.2713, test/loss=3.6099, test/num_examples=10000, total_duration=2872.03, train/accuracy=0.395687, train/loss=2.69233, validation/accuracy=0.35456, validation/loss=2.96409, validation/num_examples=50000
I0307 09:59:08.276756 140197563971328 logging_writer.py:48] [6700] global_step=6700, grad_norm=5.437033653259277, loss=3.047908306121826
I0307 09:59:46.512461 140197572364032 logging_writer.py:48] [6800] global_step=6800, grad_norm=11.33709716796875, loss=3.1820032596588135
I0307 10:00:25.055912 140197563971328 logging_writer.py:48] [6900] global_step=6900, grad_norm=8.392318725585938, loss=3.079096794128418
I0307 10:01:03.074472 140197572364032 logging_writer.py:48] [7000] global_step=7000, grad_norm=5.1371870040893555, loss=3.21806001663208
I0307 10:01:41.516799 140197563971328 logging_writer.py:48] [7100] global_step=7100, grad_norm=9.92280101776123, loss=3.0853447914123535
I0307 10:02:19.645647 140197572364032 logging_writer.py:48] [7200] global_step=7200, grad_norm=6.797918796539307, loss=3.107725143432617
I0307 10:02:57.886677 140197563971328 logging_writer.py:48] [7300] global_step=7300, grad_norm=9.02743148803711, loss=3.147383213043213
I0307 10:03:36.036628 140197572364032 logging_writer.py:48] [7400] global_step=7400, grad_norm=7.074491024017334, loss=2.898648977279663
I0307 10:04:14.994680 140197563971328 logging_writer.py:48] [7500] global_step=7500, grad_norm=7.4186577796936035, loss=3.0471441745758057
I0307 10:04:53.189378 140197572364032 logging_writer.py:48] [7600] global_step=7600, grad_norm=4.327775001525879, loss=2.8974146842956543
I0307 10:05:31.474834 140197563971328 logging_writer.py:48] [7700] global_step=7700, grad_norm=6.9654717445373535, loss=3.0525338649749756
I0307 10:06:10.122055 140197572364032 logging_writer.py:48] [7800] global_step=7800, grad_norm=8.149975776672363, loss=2.994703531265259
I0307 10:06:48.681240 140197563971328 logging_writer.py:48] [7900] global_step=7900, grad_norm=7.481416702270508, loss=2.9569778442382812
I0307 10:07:26.845929 140197572364032 logging_writer.py:48] [8000] global_step=8000, grad_norm=5.114480495452881, loss=3.053318500518799
I0307 10:07:31.068970 140352918893760 spec.py:321] Evaluating on the training split.
I0307 10:07:42.576231 140352918893760 spec.py:333] Evaluating on the validation split.
I0307 10:08:03.222926 140352918893760 spec.py:349] Evaluating on the test split.
I0307 10:08:05.036132 140352918893760 submission_runner.py:469] Time since start: 3416.20s, 	Step: 8012, 	{'train/accuracy': 0.4654017686843872, 'train/loss': 2.3428409099578857, 'validation/accuracy': 0.4157799780368805, 'validation/loss': 2.6067278385162354, 'validation/num_examples': 50000, 'test/accuracy': 0.31690001487731934, 'test/loss': 3.3188130855560303, 'test/num_examples': 10000, 'score': 3119.636923313141, 'total_duration': 3416.199696779251, 'accumulated_submission_time': 3119.636923313141, 'accumulated_eval_time': 295.5751292705536, 'accumulated_logging_time': 0.21811509132385254}
I0307 10:08:05.105762 140197563971328 logging_writer.py:48] [8012] accumulated_eval_time=295.575, accumulated_logging_time=0.218115, accumulated_submission_time=3119.64, global_step=8012, preemption_count=0, score=3119.64, test/accuracy=0.3169, test/loss=3.31881, test/num_examples=10000, total_duration=3416.2, train/accuracy=0.465402, train/loss=2.34284, validation/accuracy=0.41578, validation/loss=2.60673, validation/num_examples=50000
I0307 10:08:38.946625 140197572364032 logging_writer.py:48] [8100] global_step=8100, grad_norm=5.386093616485596, loss=3.0241787433624268
I0307 10:09:17.418172 140197563971328 logging_writer.py:48] [8200] global_step=8200, grad_norm=3.9393179416656494, loss=2.811508893966675
I0307 10:09:55.392349 140197572364032 logging_writer.py:48] [8300] global_step=8300, grad_norm=7.371183395385742, loss=2.8826122283935547
I0307 10:10:33.674081 140197563971328 logging_writer.py:48] [8400] global_step=8400, grad_norm=9.051780700683594, loss=2.977949619293213
I0307 10:11:12.087395 140197572364032 logging_writer.py:48] [8500] global_step=8500, grad_norm=4.4607415199279785, loss=2.6920571327209473
I0307 10:11:50.394864 140197563971328 logging_writer.py:48] [8600] global_step=8600, grad_norm=8.86303424835205, loss=2.8859236240386963
I0307 10:12:29.312749 140197572364032 logging_writer.py:48] [8700] global_step=8700, grad_norm=8.648202896118164, loss=2.777778148651123
I0307 10:13:07.549344 140197563971328 logging_writer.py:48] [8800] global_step=8800, grad_norm=7.8249030113220215, loss=2.837052345275879
I0307 10:13:46.171168 140197572364032 logging_writer.py:48] [8900] global_step=8900, grad_norm=8.060517311096191, loss=2.778022289276123
I0307 10:14:24.427547 140197563971328 logging_writer.py:48] [9000] global_step=9000, grad_norm=5.004417419433594, loss=2.5564849376678467
I0307 10:15:02.791689 140197572364032 logging_writer.py:48] [9100] global_step=9100, grad_norm=5.988569736480713, loss=2.649399757385254
I0307 10:15:41.289658 140197563971328 logging_writer.py:48] [9200] global_step=9200, grad_norm=8.804109573364258, loss=2.6994590759277344
I0307 10:16:19.563858 140197572364032 logging_writer.py:48] [9300] global_step=9300, grad_norm=7.688720226287842, loss=2.661423921585083
I0307 10:16:35.294433 140352918893760 spec.py:321] Evaluating on the training split.
I0307 10:16:47.483027 140352918893760 spec.py:333] Evaluating on the validation split.
I0307 10:17:08.878074 140352918893760 spec.py:349] Evaluating on the test split.
I0307 10:17:10.647185 140352918893760 submission_runner.py:469] Time since start: 3961.81s, 	Step: 9342, 	{'train/accuracy': 0.5025709271430969, 'train/loss': 2.1312415599823, 'validation/accuracy': 0.4534199833869934, 'validation/loss': 2.3976571559906006, 'validation/num_examples': 50000, 'test/accuracy': 0.34700000286102295, 'test/loss': 3.103010892868042, 'test/num_examples': 10000, 'score': 3629.697919845581, 'total_duration': 3961.8107562065125, 'accumulated_submission_time': 3629.697919845581, 'accumulated_eval_time': 330.9278519153595, 'accumulated_logging_time': 0.3063318729400635}
I0307 10:17:10.676378 140197563971328 logging_writer.py:48] [9342] accumulated_eval_time=330.928, accumulated_logging_time=0.306332, accumulated_submission_time=3629.7, global_step=9342, preemption_count=0, score=3629.7, test/accuracy=0.347, test/loss=3.10301, test/num_examples=10000, total_duration=3961.81, train/accuracy=0.502571, train/loss=2.13124, validation/accuracy=0.45342, validation/loss=2.39766, validation/num_examples=50000
I0307 10:17:33.295661 140197572364032 logging_writer.py:48] [9400] global_step=9400, grad_norm=6.682357311248779, loss=2.587278127670288
I0307 10:18:11.718791 140197563971328 logging_writer.py:48] [9500] global_step=9500, grad_norm=7.655394077301025, loss=2.737818956375122
I0307 10:18:50.195422 140197572364032 logging_writer.py:48] [9600] global_step=9600, grad_norm=5.137876510620117, loss=2.786735773086548
I0307 10:19:28.865888 140197563971328 logging_writer.py:48] [9700] global_step=9700, grad_norm=5.826737403869629, loss=2.8074402809143066
I0307 10:20:07.418332 140197572364032 logging_writer.py:48] [9800] global_step=9800, grad_norm=4.609833717346191, loss=2.5847558975219727
I0307 10:20:45.999357 140197563971328 logging_writer.py:48] [9900] global_step=9900, grad_norm=5.505930423736572, loss=2.5659756660461426
I0307 10:21:24.219702 140197572364032 logging_writer.py:48] [10000] global_step=10000, grad_norm=4.947890758514404, loss=2.623988628387451
I0307 10:22:02.663590 140197563971328 logging_writer.py:48] [10100] global_step=10100, grad_norm=4.491329193115234, loss=2.6380205154418945
I0307 10:22:41.375457 140197572364032 logging_writer.py:48] [10200] global_step=10200, grad_norm=5.198843002319336, loss=2.5286827087402344
I0307 10:23:19.642402 140197563971328 logging_writer.py:48] [10300] global_step=10300, grad_norm=5.233313083648682, loss=2.6492085456848145
I0307 10:23:57.983285 140197572364032 logging_writer.py:48] [10400] global_step=10400, grad_norm=5.583529949188232, loss=2.6332075595855713
I0307 10:24:36.490768 140197563971328 logging_writer.py:48] [10500] global_step=10500, grad_norm=8.464863777160645, loss=2.5062575340270996
I0307 10:25:14.780086 140197572364032 logging_writer.py:48] [10600] global_step=10600, grad_norm=6.900915622711182, loss=2.628037691116333
I0307 10:25:40.672037 140352918893760 spec.py:321] Evaluating on the training split.
I0307 10:25:53.722080 140352918893760 spec.py:333] Evaluating on the validation split.
I0307 10:26:15.346116 140352918893760 spec.py:349] Evaluating on the test split.
I0307 10:26:17.196606 140352918893760 submission_runner.py:469] Time since start: 4508.32s, 	Step: 10668, 	{'train/accuracy': 0.5410953164100647, 'train/loss': 1.9475765228271484, 'validation/accuracy': 0.49091997742652893, 'validation/loss': 2.207526683807373, 'validation/num_examples': 50000, 'test/accuracy': 0.3695000112056732, 'test/loss': 2.921912670135498, 'test/num_examples': 10000, 'score': 4139.552673101425, 'total_duration': 4508.319432735443, 'accumulated_submission_time': 4139.552673101425, 'accumulated_eval_time': 367.41164231300354, 'accumulated_logging_time': 0.3439664840698242}
I0307 10:26:17.262136 140197563971328 logging_writer.py:48] [10668] accumulated_eval_time=367.412, accumulated_logging_time=0.343966, accumulated_submission_time=4139.55, global_step=10668, preemption_count=0, score=4139.55, test/accuracy=0.3695, test/loss=2.92191, test/num_examples=10000, total_duration=4508.32, train/accuracy=0.541095, train/loss=1.94758, validation/accuracy=0.49092, validation/loss=2.20753, validation/num_examples=50000
I0307 10:26:29.945883 140197572364032 logging_writer.py:48] [10700] global_step=10700, grad_norm=8.46496295928955, loss=2.432070732116699
I0307 10:27:09.007077 140197563971328 logging_writer.py:48] [10800] global_step=10800, grad_norm=7.271470069885254, loss=2.5326900482177734
I0307 10:27:47.378472 140197572364032 logging_writer.py:48] [10900] global_step=10900, grad_norm=6.957669734954834, loss=2.4142398834228516
I0307 10:28:26.513622 140197563971328 logging_writer.py:48] [11000] global_step=11000, grad_norm=5.89660120010376, loss=2.6100380420684814
I0307 10:29:05.194630 140197572364032 logging_writer.py:48] [11100] global_step=11100, grad_norm=6.259066581726074, loss=2.600003719329834
I0307 10:29:43.806384 140197563971328 logging_writer.py:48] [11200] global_step=11200, grad_norm=6.97894287109375, loss=2.5288257598876953
I0307 10:30:22.719110 140197572364032 logging_writer.py:48] [11300] global_step=11300, grad_norm=8.096973419189453, loss=2.325019121170044
I0307 10:31:00.910588 140197563971328 logging_writer.py:48] [11400] global_step=11400, grad_norm=8.82150936126709, loss=2.51324725151062
I0307 10:31:39.078927 140197572364032 logging_writer.py:48] [11500] global_step=11500, grad_norm=8.246939659118652, loss=2.489914894104004
I0307 10:32:17.494298 140197563971328 logging_writer.py:48] [11600] global_step=11600, grad_norm=5.477855205535889, loss=2.512162923812866
I0307 10:32:56.014086 140197572364032 logging_writer.py:48] [11700] global_step=11700, grad_norm=7.057440757751465, loss=2.5200998783111572
I0307 10:33:34.300427 140197563971328 logging_writer.py:48] [11800] global_step=11800, grad_norm=6.1607232093811035, loss=2.349717617034912
I0307 10:34:12.654646 140197572364032 logging_writer.py:48] [11900] global_step=11900, grad_norm=6.349006652832031, loss=2.4161224365234375
I0307 10:34:47.495115 140352918893760 spec.py:321] Evaluating on the training split.
I0307 10:35:05.062854 140352918893760 spec.py:333] Evaluating on the validation split.
I0307 10:35:27.733925 140352918893760 spec.py:349] Evaluating on the test split.
I0307 10:35:29.543436 140352918893760 submission_runner.py:469] Time since start: 5060.71s, 	Step: 11991, 	{'train/accuracy': 0.5500836968421936, 'train/loss': 1.8846064805984497, 'validation/accuracy': 0.500819981098175, 'validation/loss': 2.170717716217041, 'validation/num_examples': 50000, 'test/accuracy': 0.388700008392334, 'test/loss': 2.9513235092163086, 'test/num_examples': 10000, 'score': 4649.585605144501, 'total_duration': 5060.706884860992, 'accumulated_submission_time': 4649.585605144501, 'accumulated_eval_time': 409.4598104953766, 'accumulated_logging_time': 0.47458720207214355}
I0307 10:35:29.623036 140197563971328 logging_writer.py:48] [11991] accumulated_eval_time=409.46, accumulated_logging_time=0.474587, accumulated_submission_time=4649.59, global_step=11991, preemption_count=0, score=4649.59, test/accuracy=0.3887, test/loss=2.95132, test/num_examples=10000, total_duration=5060.71, train/accuracy=0.550084, train/loss=1.88461, validation/accuracy=0.50082, validation/loss=2.17072, validation/num_examples=50000
I0307 10:35:33.512400 140197572364032 logging_writer.py:48] [12000] global_step=12000, grad_norm=4.583080291748047, loss=2.5299782752990723
I0307 10:36:11.832420 140197563971328 logging_writer.py:48] [12100] global_step=12100, grad_norm=4.721802711486816, loss=2.358027458190918
I0307 10:36:49.906244 140197572364032 logging_writer.py:48] [12200] global_step=12200, grad_norm=5.695642948150635, loss=2.3141863346099854
I0307 10:37:28.550646 140197563971328 logging_writer.py:48] [12300] global_step=12300, grad_norm=9.200907707214355, loss=2.3784987926483154
I0307 10:38:07.068809 140197572364032 logging_writer.py:48] [12400] global_step=12400, grad_norm=6.2231926918029785, loss=2.340413808822632
I0307 10:38:45.915221 140197563971328 logging_writer.py:48] [12500] global_step=12500, grad_norm=4.87019681930542, loss=2.355086326599121
I0307 10:39:24.893326 140197572364032 logging_writer.py:48] [12600] global_step=12600, grad_norm=6.912930011749268, loss=2.425044298171997
I0307 10:40:03.290974 140197563971328 logging_writer.py:48] [12700] global_step=12700, grad_norm=6.533393859863281, loss=2.430866003036499
I0307 10:40:42.164352 140197572364032 logging_writer.py:48] [12800] global_step=12800, grad_norm=5.663695335388184, loss=2.308927536010742
I0307 10:41:20.911645 140197563971328 logging_writer.py:48] [12900] global_step=12900, grad_norm=8.838713645935059, loss=2.3981356620788574
I0307 10:41:59.308597 140197572364032 logging_writer.py:48] [13000] global_step=13000, grad_norm=5.538148880004883, loss=2.2402820587158203
I0307 10:42:37.886450 140197563971328 logging_writer.py:48] [13100] global_step=13100, grad_norm=7.864748001098633, loss=2.287449598312378
I0307 10:43:16.355695 140197572364032 logging_writer.py:48] [13200] global_step=13200, grad_norm=4.912257671356201, loss=2.3410346508026123
I0307 10:43:55.129147 140197563971328 logging_writer.py:48] [13300] global_step=13300, grad_norm=8.036498069763184, loss=2.311943531036377
I0307 10:43:59.776915 140352918893760 spec.py:321] Evaluating on the training split.
I0307 10:44:17.064035 140352918893760 spec.py:333] Evaluating on the validation split.
I0307 10:44:39.278332 140352918893760 spec.py:349] Evaluating on the test split.
I0307 10:44:41.090455 140352918893760 submission_runner.py:469] Time since start: 5612.25s, 	Step: 13313, 	{'train/accuracy': 0.5772281289100647, 'train/loss': 1.7610937356948853, 'validation/accuracy': 0.523099958896637, 'validation/loss': 2.0334198474884033, 'validation/num_examples': 50000, 'test/accuracy': 0.4066000282764435, 'test/loss': 2.750124216079712, 'test/num_examples': 10000, 'score': 5159.578532218933, 'total_duration': 5612.253901004791, 'accumulated_submission_time': 5159.578532218933, 'accumulated_eval_time': 450.77318930625916, 'accumulated_logging_time': 0.5811779499053955}
I0307 10:44:41.224733 140197572364032 logging_writer.py:48] [13313] accumulated_eval_time=450.773, accumulated_logging_time=0.581178, accumulated_submission_time=5159.58, global_step=13313, preemption_count=0, score=5159.58, test/accuracy=0.4066, test/loss=2.75012, test/num_examples=10000, total_duration=5612.25, train/accuracy=0.577228, train/loss=1.76109, validation/accuracy=0.5231, validation/loss=2.03342, validation/num_examples=50000
I0307 10:45:15.501122 140197563971328 logging_writer.py:48] [13400] global_step=13400, grad_norm=5.6527910232543945, loss=2.2757408618927
I0307 10:45:53.789789 140197572364032 logging_writer.py:48] [13500] global_step=13500, grad_norm=5.892958164215088, loss=2.34883975982666
I0307 10:46:32.838408 140197563971328 logging_writer.py:48] [13600] global_step=13600, grad_norm=6.397205352783203, loss=2.2933497428894043
I0307 10:47:11.292485 140197572364032 logging_writer.py:48] [13700] global_step=13700, grad_norm=5.1164350509643555, loss=2.3483517169952393
I0307 10:47:51.073214 140197563971328 logging_writer.py:48] [13800] global_step=13800, grad_norm=8.369650840759277, loss=2.436649799346924
I0307 10:48:28.845695 140197572364032 logging_writer.py:48] [13900] global_step=13900, grad_norm=5.17536735534668, loss=2.3654069900512695
I0307 10:49:07.375767 140197563971328 logging_writer.py:48] [14000] global_step=14000, grad_norm=5.348730564117432, loss=2.323068857192993
I0307 10:49:46.043669 140197572364032 logging_writer.py:48] [14100] global_step=14100, grad_norm=7.821998596191406, loss=2.3874878883361816
I0307 10:50:24.631082 140197563971328 logging_writer.py:48] [14200] global_step=14200, grad_norm=4.855429172515869, loss=2.2147326469421387
I0307 10:51:03.676380 140197572364032 logging_writer.py:48] [14300] global_step=14300, grad_norm=6.5889387130737305, loss=2.351391077041626
I0307 10:51:42.163556 140197563971328 logging_writer.py:48] [14400] global_step=14400, grad_norm=6.56697940826416, loss=2.369441509246826
I0307 10:52:20.547343 140197572364032 logging_writer.py:48] [14500] global_step=14500, grad_norm=4.963481426239014, loss=2.270646572113037
I0307 10:52:59.370832 140197563971328 logging_writer.py:48] [14600] global_step=14600, grad_norm=6.892375946044922, loss=2.3887176513671875
I0307 10:53:11.378532 140352918893760 spec.py:321] Evaluating on the training split.
I0307 10:53:30.241726 140352918893760 spec.py:333] Evaluating on the validation split.
I0307 10:53:53.975950 140352918893760 spec.py:349] Evaluating on the test split.
I0307 10:53:55.720089 140352918893760 submission_runner.py:469] Time since start: 6166.88s, 	Step: 14632, 	{'train/accuracy': 0.5929926633834839, 'train/loss': 1.6760523319244385, 'validation/accuracy': 0.539680004119873, 'validation/loss': 1.9616038799285889, 'validation/num_examples': 50000, 'test/accuracy': 0.4223000109195709, 'test/loss': 2.6981382369995117, 'test/num_examples': 10000, 'score': 5669.556174516678, 'total_duration': 6166.8834710121155, 'accumulated_submission_time': 5669.556174516678, 'accumulated_eval_time': 495.11451840400696, 'accumulated_logging_time': 0.7391164302825928}
I0307 10:53:55.955556 140197572364032 logging_writer.py:48] [14632] accumulated_eval_time=495.115, accumulated_logging_time=0.739116, accumulated_submission_time=5669.56, global_step=14632, preemption_count=0, score=5669.56, test/accuracy=0.4223, test/loss=2.69814, test/num_examples=10000, total_duration=6166.88, train/accuracy=0.592993, train/loss=1.67605, validation/accuracy=0.53968, validation/loss=1.9616, validation/num_examples=50000
I0307 10:54:22.601808 140197563971328 logging_writer.py:48] [14700] global_step=14700, grad_norm=6.270485877990723, loss=2.15559720993042
I0307 10:55:01.260673 140197572364032 logging_writer.py:48] [14800] global_step=14800, grad_norm=4.582919120788574, loss=2.1862244606018066
I0307 10:55:39.743716 140197563971328 logging_writer.py:48] [14900] global_step=14900, grad_norm=7.065171718597412, loss=2.234689712524414
I0307 10:56:18.124523 140197572364032 logging_writer.py:48] [15000] global_step=15000, grad_norm=4.122755527496338, loss=2.05875301361084
I0307 10:56:57.278727 140197563971328 logging_writer.py:48] [15100] global_step=15100, grad_norm=8.359167098999023, loss=2.2725729942321777
I0307 10:57:35.677720 140197572364032 logging_writer.py:48] [15200] global_step=15200, grad_norm=8.449411392211914, loss=2.289069890975952
I0307 10:58:14.152948 140197563971328 logging_writer.py:48] [15300] global_step=15300, grad_norm=5.00075626373291, loss=2.0696334838867188
I0307 10:58:52.907099 140197572364032 logging_writer.py:48] [15400] global_step=15400, grad_norm=6.144460678100586, loss=2.1591339111328125
I0307 10:59:31.492835 140197563971328 logging_writer.py:48] [15500] global_step=15500, grad_norm=7.072298049926758, loss=2.3458075523376465
I0307 11:00:10.214706 140197572364032 logging_writer.py:48] [15600] global_step=15600, grad_norm=5.510639667510986, loss=2.172941207885742
I0307 11:00:49.182265 140197563971328 logging_writer.py:48] [15700] global_step=15700, grad_norm=5.682753086090088, loss=2.130078077316284
I0307 11:01:27.759703 140197572364032 logging_writer.py:48] [15800] global_step=15800, grad_norm=6.544619083404541, loss=2.1979918479919434
I0307 11:02:06.300471 140197563971328 logging_writer.py:48] [15900] global_step=15900, grad_norm=7.434877872467041, loss=2.3707401752471924
I0307 11:02:25.816807 140352918893760 spec.py:321] Evaluating on the training split.
I0307 11:02:45.633295 140352918893760 spec.py:333] Evaluating on the validation split.
I0307 11:03:06.535898 140352918893760 spec.py:349] Evaluating on the test split.
I0307 11:03:08.350913 140352918893760 submission_runner.py:469] Time since start: 6719.51s, 	Step: 15951, 	{'train/accuracy': 0.5925143361091614, 'train/loss': 1.6730601787567139, 'validation/accuracy': 0.5413599610328674, 'validation/loss': 1.9574065208435059, 'validation/num_examples': 50000, 'test/accuracy': 0.4173000156879425, 'test/loss': 2.7239809036254883, 'test/num_examples': 10000, 'score': 6179.263436555862, 'total_duration': 6719.514345169067, 'accumulated_submission_time': 6179.263436555862, 'accumulated_eval_time': 537.6484472751617, 'accumulated_logging_time': 0.996953010559082}
I0307 11:03:08.428514 140197572364032 logging_writer.py:48] [15951] accumulated_eval_time=537.648, accumulated_logging_time=0.996953, accumulated_submission_time=6179.26, global_step=15951, preemption_count=0, score=6179.26, test/accuracy=0.4173, test/loss=2.72398, test/num_examples=10000, total_duration=6719.51, train/accuracy=0.592514, train/loss=1.67306, validation/accuracy=0.54136, validation/loss=1.95741, validation/num_examples=50000
I0307 11:03:27.744771 140197563971328 logging_writer.py:48] [16000] global_step=16000, grad_norm=5.946274757385254, loss=2.219888210296631
I0307 11:04:06.265188 140197572364032 logging_writer.py:48] [16100] global_step=16100, grad_norm=4.9398884773254395, loss=2.2116236686706543
I0307 11:04:44.890067 140197563971328 logging_writer.py:48] [16200] global_step=16200, grad_norm=5.6398797035217285, loss=2.1837377548217773
I0307 11:05:39.558855 140197572364032 logging_writer.py:48] [16300] global_step=16300, grad_norm=4.471859455108643, loss=2.1921610832214355
I0307 11:06:17.960889 140197563971328 logging_writer.py:48] [16400] global_step=16400, grad_norm=7.007518768310547, loss=2.266481876373291
I0307 11:06:56.958546 140197572364032 logging_writer.py:48] [16500] global_step=16500, grad_norm=4.8628764152526855, loss=2.0991530418395996
I0307 11:07:35.844785 140197563971328 logging_writer.py:48] [16600] global_step=16600, grad_norm=5.6777567863464355, loss=2.1877846717834473
I0307 11:08:14.461151 140197572364032 logging_writer.py:48] [16700] global_step=16700, grad_norm=5.577767372131348, loss=2.3108530044555664
I0307 11:08:52.686198 140197563971328 logging_writer.py:48] [16800] global_step=16800, grad_norm=7.19038200378418, loss=2.161989212036133
I0307 11:09:31.434408 140197572364032 logging_writer.py:48] [16900] global_step=16900, grad_norm=5.3146586418151855, loss=2.181931257247925
I0307 11:10:09.908346 140197563971328 logging_writer.py:48] [17000] global_step=17000, grad_norm=6.5927958488464355, loss=2.1507246494293213
I0307 11:10:48.283821 140197572364032 logging_writer.py:48] [17100] global_step=17100, grad_norm=6.116661071777344, loss=2.1070823669433594
I0307 11:11:26.737531 140197563971328 logging_writer.py:48] [17200] global_step=17200, grad_norm=4.987441539764404, loss=2.0907952785491943
I0307 11:11:38.374273 140352918893760 spec.py:321] Evaluating on the training split.
I0307 11:11:57.370021 140352918893760 spec.py:333] Evaluating on the validation split.
I0307 11:12:20.211330 140352918893760 spec.py:349] Evaluating on the test split.
I0307 11:12:22.033779 140352918893760 submission_runner.py:469] Time since start: 7273.20s, 	Step: 17231, 	{'train/accuracy': 0.6097137928009033, 'train/loss': 1.5923843383789062, 'validation/accuracy': 0.5523200035095215, 'validation/loss': 1.9010858535766602, 'validation/num_examples': 50000, 'test/accuracy': 0.4349000155925751, 'test/loss': 2.673339605331421, 'test/num_examples': 10000, 'score': 6689.04709815979, 'total_duration': 7273.19722032547, 'accumulated_submission_time': 6689.04709815979, 'accumulated_eval_time': 581.3077845573425, 'accumulated_logging_time': 1.106475591659546}
I0307 11:12:22.133719 140197572364032 logging_writer.py:48] [17231] accumulated_eval_time=581.308, accumulated_logging_time=1.10648, accumulated_submission_time=6689.05, global_step=17231, preemption_count=0, score=6689.05, test/accuracy=0.4349, test/loss=2.67334, test/num_examples=10000, total_duration=7273.2, train/accuracy=0.609714, train/loss=1.59238, validation/accuracy=0.55232, validation/loss=1.90109, validation/num_examples=50000
I0307 11:12:49.093453 140197563971328 logging_writer.py:48] [17300] global_step=17300, grad_norm=3.9964561462402344, loss=2.176697254180908
I0307 11:13:27.645074 140197572364032 logging_writer.py:48] [17400] global_step=17400, grad_norm=4.801512718200684, loss=2.1807608604431152
I0307 11:14:06.073686 140197563971328 logging_writer.py:48] [17500] global_step=17500, grad_norm=4.575422286987305, loss=2.2289085388183594
I0307 11:14:44.650068 140197572364032 logging_writer.py:48] [17600] global_step=17600, grad_norm=5.000674724578857, loss=2.151850938796997
I0307 11:15:23.188289 140197563971328 logging_writer.py:48] [17700] global_step=17700, grad_norm=5.668015956878662, loss=2.196373224258423
I0307 11:16:01.738310 140197572364032 logging_writer.py:48] [17800] global_step=17800, grad_norm=4.4455108642578125, loss=2.2374210357666016
I0307 11:16:40.410670 140197563971328 logging_writer.py:48] [17900] global_step=17900, grad_norm=4.687990188598633, loss=2.136536121368408
I0307 11:17:18.621445 140197572364032 logging_writer.py:48] [18000] global_step=18000, grad_norm=5.298276424407959, loss=2.199974536895752
I0307 11:17:56.969302 140197563971328 logging_writer.py:48] [18100] global_step=18100, grad_norm=4.985885143280029, loss=2.0996036529541016
I0307 11:18:35.228887 140197572364032 logging_writer.py:48] [18200] global_step=18200, grad_norm=4.832675933837891, loss=2.1797025203704834
I0307 11:19:14.010417 140197563971328 logging_writer.py:48] [18300] global_step=18300, grad_norm=3.832923412322998, loss=2.1837451457977295
I0307 11:19:52.293067 140197572364032 logging_writer.py:48] [18400] global_step=18400, grad_norm=6.065246105194092, loss=2.129984140396118
I0307 11:20:30.502032 140197563971328 logging_writer.py:48] [18500] global_step=18500, grad_norm=4.603659152984619, loss=2.2978129386901855
I0307 11:20:52.145172 140352918893760 spec.py:321] Evaluating on the training split.
I0307 11:21:06.780508 140352918893760 spec.py:333] Evaluating on the validation split.
I0307 11:21:29.624281 140352918893760 spec.py:349] Evaluating on the test split.
