python submission_runner.py --framework=jax --workload=imagenet_resnet --submission_path=prize_qualification_baselines/external_tuning/jax_nadamw_full_budget.py --data_dir=/data/imagenet/jax --num_tuning_trials=1 --experiment_dir=/experiment_runs --experiment_name=submissions/rolling_leaderboard/external_tuning/baseline/study_2 --overwrite=True --save_checkpoints=False --rng_seed=-877515129 --imagenet_v2_data_dir=/data/imagenet/jax --tuning_ruleset=external --tuning_search_space=prize_qualification_baselines/external_tuning/tuning_search_space.json --num_tuning_trials=5 --hparam_start_index=3 --hparam_end_index=4 2>&1 | tee -a /logs/imagenet_resnet_jax_03-07-2025-09-36-14.log
2025-03-07 09:36:33.294971: E external/local_xla/xla/stream_executor/cuda/cuda_fft.cc:477] Unable to register cuFFT factory: Attempting to register factory for plugin cuFFT when one has already been registered
WARNING: All log messages before absl::InitializeLog() is called are written to STDERR
E0000 00:00:1741340193.918332       9 cuda_dnn.cc:8310] Unable to register cuDNN factory: Attempting to register factory for plugin cuDNN when one has already been registered
E0000 00:00:1741340194.286503       9 cuda_blas.cc:1418] Unable to register cuBLAS factory: Attempting to register factory for plugin cuBLAS when one has already been registered
ERROR:root:Unable to import wandb.
Traceback (most recent call last):
  File "/algorithmic-efficiency/algoperf/logger_utils.py", line 27, in <module>
    import wandb  # pylint: disable=g-import-not-at-top
    ^^^^^^^^^^^^
ModuleNotFoundError: No module named 'wandb'
I0307 09:37:29.248135 140413841560768 logger_utils.py:81] Creating experiment directory at /experiment_runs/submissions/rolling_leaderboard/external_tuning/baseline/study_2/imagenet_resnet_jax.
I0307 09:37:31.660965 140413841560768 xla_bridge.py:884] Unable to initialize backend 'rocm': NOT_FOUND: Could not find registered platform with name: "rocm". Available platform names are: CUDA
I0307 09:37:31.663887 140413841560768 xla_bridge.py:884] Unable to initialize backend 'tpu': INTERNAL: Failed to open libtpu.so: libtpu.so: cannot open shared object file: No such file or directory
I0307 09:37:31.672788 140413841560768 submission_runner.py:606] Using RNG seed -877515129
I0307 09:37:34.827248 140413841560768 submission_runner.py:615] --- Tuning run 4/5 ---
I0307 09:37:34.827501 140413841560768 submission_runner.py:620] Creating tuning directory at /experiment_runs/submissions/rolling_leaderboard/external_tuning/baseline/study_2/imagenet_resnet_jax/trial_4.
I0307 09:37:34.827723 140413841560768 logger_utils.py:97] Saving hparams to /experiment_runs/submissions/rolling_leaderboard/external_tuning/baseline/study_2/imagenet_resnet_jax/trial_4/hparams.json.
I0307 09:37:35.085632 140413841560768 submission_runner.py:218] Initializing dataset.
I0307 09:37:36.921561 140413841560768 dataset_info.py:690] Load dataset info from /data/imagenet/jax/imagenet2012/5.1.0
I0307 09:37:37.271658 140413841560768 reader.py:261] Creating a tf.data.Dataset reading 1024 files located in folders: /data/imagenet/jax/imagenet2012/5.1.0.
I0307 09:37:37.647065 140413841560768 logging_logger.py:49] Constructing tf.data.Dataset imagenet2012 for split train, from /data/imagenet/jax/imagenet2012/5.1.0
I0307 09:37:39.648372 140413841560768 submission_runner.py:229] Initializing model.
I0307 09:38:05.052016 140413841560768 submission_runner.py:272] Initializing optimizer.
I0307 09:38:06.232630 140413841560768 submission_runner.py:279] Initializing metrics bundle.
I0307 09:38:06.232894 140413841560768 submission_runner.py:301] Initializing checkpoint and logger.
I0307 09:38:06.234144 140413841560768 checkpoints.py:1101] Found no checkpoint files in /experiment_runs/submissions/rolling_leaderboard/external_tuning/baseline/study_2/imagenet_resnet_jax/trial_4 with prefix checkpoint_
I0307 09:38:06.234254 140413841560768 submission_runner.py:321] Saving meta data to /experiment_runs/submissions/rolling_leaderboard/external_tuning/baseline/study_2/imagenet_resnet_jax/trial_4/meta_data_0.json.
I0307 09:38:06.783828 140413841560768 submission_runner.py:325] Saving flags to /experiment_runs/submissions/rolling_leaderboard/external_tuning/baseline/study_2/imagenet_resnet_jax/trial_4/flags_0.json.
I0307 09:38:07.170290 140413841560768 submission_runner.py:337] Starting training loop.
I0307 09:39:05.778278 140272331642624 logging_writer.py:48] [0] global_step=0, grad_norm=0.6812232732772827, loss=6.930140018463135
I0307 09:39:06.122029 140413841560768 spec.py:321] Evaluating on the training split.
I0307 09:39:06.584001 140413841560768 dataset_info.py:690] Load dataset info from /data/imagenet/jax/imagenet2012/5.1.0
I0307 09:39:06.607825 140413841560768 reader.py:261] Creating a tf.data.Dataset reading 1024 files located in folders: /data/imagenet/jax/imagenet2012/5.1.0.
I0307 09:39:06.649975 140413841560768 logging_logger.py:49] Constructing tf.data.Dataset imagenet2012 for split train, from /data/imagenet/jax/imagenet2012/5.1.0
I0307 09:39:26.914398 140413841560768 spec.py:333] Evaluating on the validation split.
I0307 09:39:27.352132 140413841560768 dataset_info.py:690] Load dataset info from /data/imagenet/jax/imagenet2012/5.1.0
I0307 09:39:27.360355 140413841560768 reader.py:261] Creating a tf.data.Dataset reading 64 files located in folders: /data/imagenet/jax/imagenet2012/5.1.0.
I0307 09:39:27.409013 140413841560768 logging_logger.py:49] Constructing tf.data.Dataset imagenet2012 for split validation, from /data/imagenet/jax/imagenet2012/5.1.0
I0307 09:40:07.956079 140413841560768 spec.py:349] Evaluating on the test split.
I0307 09:40:08.423143 140413841560768 dataset_info.py:690] Load dataset info from /data/imagenet/jax/imagenet_v2/matched-frequency/3.0.0
I0307 09:40:08.466190 140413841560768 reader.py:261] Creating a tf.data.Dataset reading 16 files located in folders: /data/imagenet/jax/imagenet_v2/matched-frequency/3.0.0.
I0307 09:40:08.513357 140413841560768 logging_logger.py:49] Constructing tf.data.Dataset imagenet_v2 for split test, from /data/imagenet/jax/imagenet_v2/matched-frequency/3.0.0
I0307 09:40:40.743021 140413841560768 submission_runner.py:469] Time since start: 153.57s, 	Step: 1, 	{'train/accuracy': 0.000996492337435484, 'train/loss': 6.911397457122803, 'validation/accuracy': 0.0008999999845400453, 'validation/loss': 6.9117817878723145, 'validation/num_examples': 50000, 'test/accuracy': 0.0010999999940395355, 'test/loss': 6.911991119384766, 'test/num_examples': 10000, 'score': 58.95149374008179, 'total_duration': 153.57268047332764, 'accumulated_submission_time': 58.95149374008179, 'accumulated_eval_time': 94.62093567848206, 'accumulated_logging_time': 0}
I0307 09:40:40.798496 140257626404608 logging_writer.py:48] [1] accumulated_eval_time=94.6209, accumulated_logging_time=0, accumulated_submission_time=58.9515, global_step=1, preemption_count=0, score=58.9515, test/accuracy=0.0011, test/loss=6.91199, test/num_examples=10000, total_duration=153.573, train/accuracy=0.000996492, train/loss=6.9114, validation/accuracy=0.0009, validation/loss=6.91178, validation/num_examples=50000
I0307 09:41:17.154743 140257618011904 logging_writer.py:48] [100] global_step=100, grad_norm=0.7852025628089905, loss=6.677527904510498
I0307 09:41:54.479156 140257626404608 logging_writer.py:48] [200] global_step=200, grad_norm=0.9162800908088684, loss=6.283400535583496
I0307 09:42:32.339208 140257618011904 logging_writer.py:48] [300] global_step=300, grad_norm=2.0460872650146484, loss=6.05780029296875
I0307 09:43:10.160347 140257626404608 logging_writer.py:48] [400] global_step=400, grad_norm=2.766341209411621, loss=5.754971027374268
I0307 09:43:48.524781 140257618011904 logging_writer.py:48] [500] global_step=500, grad_norm=5.2135725021362305, loss=5.6332221031188965
I0307 09:44:26.996869 140257626404608 logging_writer.py:48] [600] global_step=600, grad_norm=4.39957332611084, loss=5.391834735870361
I0307 09:45:05.216190 140257618011904 logging_writer.py:48] [700] global_step=700, grad_norm=2.3355038166046143, loss=5.113019943237305
I0307 09:45:43.476439 140257626404608 logging_writer.py:48] [800] global_step=800, grad_norm=4.588608264923096, loss=5.0122528076171875
I0307 09:46:21.571766 140257618011904 logging_writer.py:48] [900] global_step=900, grad_norm=2.8520500659942627, loss=4.765174865722656
I0307 09:47:00.156949 140257626404608 logging_writer.py:48] [1000] global_step=1000, grad_norm=3.9600906372070312, loss=4.6853203773498535
I0307 09:47:38.271360 140257618011904 logging_writer.py:48] [1100] global_step=1100, grad_norm=2.911640167236328, loss=4.544067859649658
I0307 09:48:17.226925 140257626404608 logging_writer.py:48] [1200] global_step=1200, grad_norm=3.3217697143554688, loss=4.557408332824707
I0307 09:48:55.197802 140257618011904 logging_writer.py:48] [1300] global_step=1300, grad_norm=3.2646732330322266, loss=4.162847995758057
I0307 09:49:11.129879 140413841560768 spec.py:321] Evaluating on the training split.
I0307 09:49:22.955529 140413841560768 spec.py:333] Evaluating on the validation split.
I0307 09:49:49.926873 140413841560768 spec.py:349] Evaluating on the test split.
I0307 09:49:52.107912 140413841560768 submission_runner.py:469] Time since start: 704.94s, 	Step: 1342, 	{'train/accuracy': 0.1727917641401291, 'train/loss': 4.282511234283447, 'validation/accuracy': 0.14531999826431274, 'validation/loss': 4.559546947479248, 'validation/num_examples': 50000, 'test/accuracy': 0.10680000483989716, 'test/loss': 5.042964458465576, 'test/num_examples': 10000, 'score': 569.0983226299286, 'total_duration': 704.9375741481781, 'accumulated_submission_time': 569.0983226299286, 'accumulated_eval_time': 135.59893321990967, 'accumulated_logging_time': 0.06599211692810059}
I0307 09:49:52.130957 140257634797312 logging_writer.py:48] [1342] accumulated_eval_time=135.599, accumulated_logging_time=0.0659921, accumulated_submission_time=569.098, global_step=1342, preemption_count=0, score=569.098, test/accuracy=0.1068, test/loss=5.04296, test/num_examples=10000, total_duration=704.938, train/accuracy=0.172792, train/loss=4.28251, validation/accuracy=0.14532, validation/loss=4.55955, validation/num_examples=50000
I0307 09:50:14.969183 140257643190016 logging_writer.py:48] [1400] global_step=1400, grad_norm=2.2198686599731445, loss=4.155579566955566
I0307 09:50:53.610395 140257634797312 logging_writer.py:48] [1500] global_step=1500, grad_norm=2.113687753677368, loss=4.131833076477051
I0307 09:51:31.568952 140257643190016 logging_writer.py:48] [1600] global_step=1600, grad_norm=2.1086206436157227, loss=3.9849436283111572
I0307 09:52:09.738199 140257634797312 logging_writer.py:48] [1700] global_step=1700, grad_norm=2.5449917316436768, loss=3.9247660636901855
I0307 09:52:48.021644 140257643190016 logging_writer.py:48] [1800] global_step=1800, grad_norm=2.0216288566589355, loss=3.6688072681427
I0307 09:53:27.858794 140257634797312 logging_writer.py:48] [1900] global_step=1900, grad_norm=2.782555341720581, loss=3.652446985244751
I0307 09:54:09.902052 140257643190016 logging_writer.py:48] [2000] global_step=2000, grad_norm=1.6250510215759277, loss=3.6019153594970703
I0307 09:54:50.478215 140257634797312 logging_writer.py:48] [2100] global_step=2100, grad_norm=1.8011335134506226, loss=3.5836081504821777
I0307 09:55:30.365096 140257643190016 logging_writer.py:48] [2200] global_step=2200, grad_norm=1.662208914756775, loss=3.4391543865203857
I0307 09:56:11.075863 140257634797312 logging_writer.py:48] [2300] global_step=2300, grad_norm=1.9329192638397217, loss=3.5353188514709473
I0307 09:56:50.314141 140257643190016 logging_writer.py:48] [2400] global_step=2400, grad_norm=1.5949167013168335, loss=3.252615213394165
I0307 09:57:30.059337 140257634797312 logging_writer.py:48] [2500] global_step=2500, grad_norm=1.4162116050720215, loss=3.443325996398926
I0307 09:58:08.637135 140257643190016 logging_writer.py:48] [2600] global_step=2600, grad_norm=1.435170292854309, loss=3.347548007965088
I0307 09:58:22.281057 140413841560768 spec.py:321] Evaluating on the training split.
I0307 09:58:33.658272 140413841560768 spec.py:333] Evaluating on the validation split.
I0307 09:59:04.784742 140413841560768 spec.py:349] Evaluating on the test split.
I0307 09:59:06.575940 140413841560768 submission_runner.py:469] Time since start: 1259.41s, 	Step: 2636, 	{'train/accuracy': 0.36039140820503235, 'train/loss': 2.9724817276000977, 'validation/accuracy': 0.30587998032569885, 'validation/loss': 3.3215339183807373, 'validation/num_examples': 50000, 'test/accuracy': 0.22420001029968262, 'test/loss': 3.9959349632263184, 'test/num_examples': 10000, 'score': 1079.069636106491, 'total_duration': 1259.4055924415588, 'accumulated_submission_time': 1079.069636106491, 'accumulated_eval_time': 179.89376163482666, 'accumulated_logging_time': 0.10499739646911621}
I0307 09:59:06.600031 140257634797312 logging_writer.py:48] [2636] accumulated_eval_time=179.894, accumulated_logging_time=0.104997, accumulated_submission_time=1079.07, global_step=2636, preemption_count=0, score=1079.07, test/accuracy=0.2242, test/loss=3.99593, test/num_examples=10000, total_duration=1259.41, train/accuracy=0.360391, train/loss=2.97248, validation/accuracy=0.30588, validation/loss=3.32153, validation/num_examples=50000
I0307 09:59:31.877306 140257643190016 logging_writer.py:48] [2700] global_step=2700, grad_norm=1.5171775817871094, loss=3.266209125518799
I0307 10:00:10.216398 140257634797312 logging_writer.py:48] [2800] global_step=2800, grad_norm=1.3068389892578125, loss=3.2881948947906494
I0307 10:00:48.979095 140257643190016 logging_writer.py:48] [2900] global_step=2900, grad_norm=1.359471321105957, loss=3.254810333251953
I0307 10:01:27.346251 140257634797312 logging_writer.py:48] [3000] global_step=3000, grad_norm=1.4331098794937134, loss=3.0564780235290527
I0307 10:02:05.732522 140257643190016 logging_writer.py:48] [3100] global_step=3100, grad_norm=1.1288472414016724, loss=3.0669028759002686
I0307 10:02:43.990273 140257634797312 logging_writer.py:48] [3200] global_step=3200, grad_norm=1.3572211265563965, loss=3.025153875350952
I0307 10:03:22.530628 140257643190016 logging_writer.py:48] [3300] global_step=3300, grad_norm=1.0600014925003052, loss=3.2408745288848877
I0307 10:04:01.005794 140257634797312 logging_writer.py:48] [3400] global_step=3400, grad_norm=1.248895525932312, loss=2.9532313346862793
I0307 10:04:39.333599 140257643190016 logging_writer.py:48] [3500] global_step=3500, grad_norm=1.384798526763916, loss=3.067525863647461
I0307 10:05:17.646565 140257634797312 logging_writer.py:48] [3600] global_step=3600, grad_norm=1.2367737293243408, loss=2.8850839138031006
I0307 10:05:55.898534 140257643190016 logging_writer.py:48] [3700] global_step=3700, grad_norm=1.4465179443359375, loss=2.8669142723083496
I0307 10:06:34.310705 140257634797312 logging_writer.py:48] [3800] global_step=3800, grad_norm=1.1631572246551514, loss=3.084266185760498
I0307 10:07:12.990480 140257643190016 logging_writer.py:48] [3900] global_step=3900, grad_norm=0.8759052753448486, loss=2.9783968925476074
I0307 10:07:36.748352 140413841560768 spec.py:321] Evaluating on the training split.
I0307 10:07:47.902148 140413841560768 spec.py:333] Evaluating on the validation split.
I0307 10:08:10.228717 140413841560768 spec.py:349] Evaluating on the test split.
I0307 10:08:12.067166 140413841560768 submission_runner.py:469] Time since start: 1804.90s, 	Step: 3963, 	{'train/accuracy': 0.3452048599720001, 'train/loss': 3.0669162273406982, 'validation/accuracy': 0.2925799787044525, 'validation/loss': 3.444424867630005, 'validation/num_examples': 50000, 'test/accuracy': 0.21470001339912415, 'test/loss': 4.206352710723877, 'test/num_examples': 10000, 'score': 1589.0803759098053, 'total_duration': 1804.8968324661255, 'accumulated_submission_time': 1589.0803759098053, 'accumulated_eval_time': 215.21254181861877, 'accumulated_logging_time': 0.1381206512451172}
I0307 10:08:12.078151 140257634797312 logging_writer.py:48] [3963] accumulated_eval_time=215.213, accumulated_logging_time=0.138121, accumulated_submission_time=1589.08, global_step=3963, preemption_count=0, score=1589.08, test/accuracy=0.2147, test/loss=4.20635, test/num_examples=10000, total_duration=1804.9, train/accuracy=0.345205, train/loss=3.06692, validation/accuracy=0.29258, validation/loss=3.44442, validation/num_examples=50000
I0307 10:08:26.876159 140257643190016 logging_writer.py:48] [4000] global_step=4000, grad_norm=0.7883609533309937, loss=2.861818790435791
I0307 10:09:05.477799 140257634797312 logging_writer.py:48] [4100] global_step=4100, grad_norm=0.9579064249992371, loss=2.9464235305786133
I0307 10:09:44.234358 140257643190016 logging_writer.py:48] [4200] global_step=4200, grad_norm=0.7620934247970581, loss=2.905259370803833
I0307 10:10:22.936912 140257634797312 logging_writer.py:48] [4300] global_step=4300, grad_norm=0.9078940749168396, loss=2.8611979484558105
I0307 10:11:01.395782 140257643190016 logging_writer.py:48] [4400] global_step=4400, grad_norm=0.8200103044509888, loss=2.9223415851593018
I0307 10:11:39.648630 140257634797312 logging_writer.py:48] [4500] global_step=4500, grad_norm=0.9794849753379822, loss=2.7247402667999268
I0307 10:12:17.966769 140257643190016 logging_writer.py:48] [4600] global_step=4600, grad_norm=0.9488435983657837, loss=2.924175977706909
I0307 10:12:56.665451 140257634797312 logging_writer.py:48] [4700] global_step=4700, grad_norm=1.0620012283325195, loss=2.6769626140594482
I0307 10:13:35.307549 140257643190016 logging_writer.py:48] [4800] global_step=4800, grad_norm=0.8966834545135498, loss=2.75398588180542
I0307 10:14:13.689326 140257634797312 logging_writer.py:48] [4900] global_step=4900, grad_norm=0.9871001243591309, loss=2.79846453666687
I0307 10:14:51.865921 140257643190016 logging_writer.py:48] [5000] global_step=5000, grad_norm=0.893862247467041, loss=2.7859153747558594
I0307 10:15:30.617726 140257634797312 logging_writer.py:48] [5100] global_step=5100, grad_norm=1.119163155555725, loss=2.7828617095947266
I0307 10:16:09.330399 140257643190016 logging_writer.py:48] [5200] global_step=5200, grad_norm=1.097344994544983, loss=2.71879506111145
I0307 10:16:42.069529 140413841560768 spec.py:321] Evaluating on the training split.
I0307 10:16:53.026757 140413841560768 spec.py:333] Evaluating on the validation split.
I0307 10:17:15.545933 140413841560768 spec.py:349] Evaluating on the test split.
I0307 10:17:17.394984 140413841560768 submission_runner.py:469] Time since start: 2350.22s, 	Step: 5286, 	{'train/accuracy': 0.43189969658851624, 'train/loss': 2.571624755859375, 'validation/accuracy': 0.374019980430603, 'validation/loss': 2.90041184425354, 'validation/num_examples': 50000, 'test/accuracy': 0.2818000018596649, 'test/loss': 3.609036922454834, 'test/num_examples': 10000, 'score': 2098.938943386078, 'total_duration': 2350.2246432304382, 'accumulated_submission_time': 2098.938943386078, 'accumulated_eval_time': 250.53794384002686, 'accumulated_logging_time': 0.15760183334350586}
I0307 10:17:17.448080 140257634797312 logging_writer.py:48] [5286] accumulated_eval_time=250.538, accumulated_logging_time=0.157602, accumulated_submission_time=2098.94, global_step=5286, preemption_count=0, score=2098.94, test/accuracy=0.2818, test/loss=3.60904, test/num_examples=10000, total_duration=2350.22, train/accuracy=0.4319, train/loss=2.57162, validation/accuracy=0.37402, validation/loss=2.90041, validation/num_examples=50000
I0307 10:17:23.210019 140257643190016 logging_writer.py:48] [5300] global_step=5300, grad_norm=0.8609215617179871, loss=2.825599431991577
I0307 10:18:01.435052 140257634797312 logging_writer.py:48] [5400] global_step=5400, grad_norm=0.8837796449661255, loss=2.7686917781829834
I0307 10:18:39.862543 140257643190016 logging_writer.py:48] [5500] global_step=5500, grad_norm=0.8980749249458313, loss=2.6930344104766846
I0307 10:19:18.265573 140257634797312 logging_writer.py:48] [5600] global_step=5600, grad_norm=0.9763368368148804, loss=2.6242518424987793
I0307 10:19:56.778971 140257643190016 logging_writer.py:48] [5700] global_step=5700, grad_norm=0.981157660484314, loss=2.4708213806152344
I0307 10:20:35.554773 140257634797312 logging_writer.py:48] [5800] global_step=5800, grad_norm=0.9035496115684509, loss=2.6290271282196045
I0307 10:21:14.215796 140257643190016 logging_writer.py:48] [5900] global_step=5900, grad_norm=0.8974061012268066, loss=2.6482908725738525
I0307 10:21:52.684518 140257634797312 logging_writer.py:48] [6000] global_step=6000, grad_norm=1.0901216268539429, loss=2.7876827716827393
I0307 10:22:31.682806 140257643190016 logging_writer.py:48] [6100] global_step=6100, grad_norm=0.8695419430732727, loss=2.610621929168701
I0307 10:23:10.068223 140257634797312 logging_writer.py:48] [6200] global_step=6200, grad_norm=0.8447015881538391, loss=2.608881711959839
I0307 10:23:48.757884 140257643190016 logging_writer.py:48] [6300] global_step=6300, grad_norm=1.0011913776397705, loss=2.5781493186950684
I0307 10:24:27.047470 140257634797312 logging_writer.py:48] [6400] global_step=6400, grad_norm=1.0460759401321411, loss=2.461761236190796
I0307 10:25:05.893459 140257643190016 logging_writer.py:48] [6500] global_step=6500, grad_norm=0.876930832862854, loss=2.683563232421875
I0307 10:25:44.440019 140257634797312 logging_writer.py:48] [6600] global_step=6600, grad_norm=0.9879511594772339, loss=2.493130683898926
I0307 10:25:47.628670 140413841560768 spec.py:321] Evaluating on the training split.
I0307 10:25:59.162766 140413841560768 spec.py:333] Evaluating on the validation split.
I0307 10:26:20.654682 140413841560768 spec.py:349] Evaluating on the test split.
I0307 10:26:22.493005 140413841560768 submission_runner.py:469] Time since start: 2895.32s, 	Step: 6609, 	{'train/accuracy': 0.4371013939380646, 'train/loss': 2.521240234375, 'validation/accuracy': 0.3926999866962433, 'validation/loss': 2.80679988861084, 'validation/num_examples': 50000, 'test/accuracy': 0.3006000220775604, 'test/loss': 3.475165843963623, 'test/num_examples': 10000, 'score': 2608.9872546195984, 'total_duration': 2895.3226742744446, 'accumulated_submission_time': 2608.9872546195984, 'accumulated_eval_time': 285.4022305011749, 'accumulated_logging_time': 0.22725439071655273}
I0307 10:26:22.568098 140257643190016 logging_writer.py:48] [6609] accumulated_eval_time=285.402, accumulated_logging_time=0.227254, accumulated_submission_time=2608.99, global_step=6609, preemption_count=0, score=2608.99, test/accuracy=0.3006, test/loss=3.47517, test/num_examples=10000, total_duration=2895.32, train/accuracy=0.437101, train/loss=2.52124, validation/accuracy=0.3927, validation/loss=2.8068, validation/num_examples=50000
I0307 10:26:58.513802 140257634797312 logging_writer.py:48] [6700] global_step=6700, grad_norm=0.8987325429916382, loss=2.6832597255706787
I0307 10:27:36.898514 140257643190016 logging_writer.py:48] [6800] global_step=6800, grad_norm=0.9384991526603699, loss=2.5617005825042725
I0307 10:28:15.338527 140257634797312 logging_writer.py:48] [6900] global_step=6900, grad_norm=0.9728371500968933, loss=2.5285637378692627
I0307 10:28:53.718721 140257643190016 logging_writer.py:48] [7000] global_step=7000, grad_norm=0.996816098690033, loss=2.6746277809143066
I0307 10:29:31.871561 140257634797312 logging_writer.py:48] [7100] global_step=7100, grad_norm=1.028541088104248, loss=2.4834837913513184
I0307 10:30:10.407759 140257643190016 logging_writer.py:48] [7200] global_step=7200, grad_norm=0.905360221862793, loss=2.606011390686035
I0307 10:30:48.561117 140257634797312 logging_writer.py:48] [7300] global_step=7300, grad_norm=1.1255147457122803, loss=2.4060001373291016
I0307 10:31:26.938022 140257643190016 logging_writer.py:48] [7400] global_step=7400, grad_norm=1.0218950510025024, loss=2.619877576828003
I0307 10:32:05.099750 140257634797312 logging_writer.py:48] [7500] global_step=7500, grad_norm=1.0201536417007446, loss=2.582548141479492
I0307 10:32:43.583949 140257643190016 logging_writer.py:48] [7600] global_step=7600, grad_norm=0.9938094615936279, loss=2.5858943462371826
I0307 10:33:22.091183 140257634797312 logging_writer.py:48] [7700] global_step=7700, grad_norm=0.8933505415916443, loss=2.617902994155884
I0307 10:34:01.137071 140257643190016 logging_writer.py:48] [7800] global_step=7800, grad_norm=1.0502325296401978, loss=2.4954349994659424
I0307 10:34:39.436245 140257634797312 logging_writer.py:48] [7900] global_step=7900, grad_norm=0.9859735369682312, loss=2.4924697875976562
I0307 10:34:52.863137 140413841560768 spec.py:321] Evaluating on the training split.
I0307 10:35:04.260999 140413841560768 spec.py:333] Evaluating on the validation split.
I0307 10:35:26.562194 140413841560768 spec.py:349] Evaluating on the test split.
I0307 10:35:28.437263 140413841560768 submission_runner.py:469] Time since start: 3441.27s, 	Step: 7936, 	{'train/accuracy': 0.38125795125961304, 'train/loss': 2.9028635025024414, 'validation/accuracy': 0.34926000237464905, 'validation/loss': 3.1355762481689453, 'validation/num_examples': 50000, 'test/accuracy': 0.26440000534057617, 'test/loss': 3.837865114212036, 'test/num_examples': 10000, 'score': 3119.1585879325867, 'total_duration': 3441.2669138908386, 'accumulated_submission_time': 3119.1585879325867, 'accumulated_eval_time': 320.97629475593567, 'accumulated_logging_time': 0.3117954730987549}
I0307 10:35:28.497927 140257643190016 logging_writer.py:48] [7936] accumulated_eval_time=320.976, accumulated_logging_time=0.311795, accumulated_submission_time=3119.16, global_step=7936, preemption_count=0, score=3119.16, test/accuracy=0.2644, test/loss=3.83787, test/num_examples=10000, total_duration=3441.27, train/accuracy=0.381258, train/loss=2.90286, validation/accuracy=0.34926, validation/loss=3.13558, validation/num_examples=50000
I0307 10:35:53.563026 140257634797312 logging_writer.py:48] [8000] global_step=8000, grad_norm=0.8423014879226685, loss=2.532191038131714
I0307 10:36:31.864324 140257643190016 logging_writer.py:48] [8100] global_step=8100, grad_norm=1.0223616361618042, loss=2.5114989280700684
I0307 10:37:10.496060 140257634797312 logging_writer.py:48] [8200] global_step=8200, grad_norm=0.9850615859031677, loss=2.514167308807373
I0307 10:37:48.711864 140257643190016 logging_writer.py:48] [8300] global_step=8300, grad_norm=0.9435745477676392, loss=2.5636520385742188
I0307 10:38:27.405100 140257634797312 logging_writer.py:48] [8400] global_step=8400, grad_norm=0.9588219523429871, loss=2.51229190826416
I0307 10:39:05.922548 140257643190016 logging_writer.py:48] [8500] global_step=8500, grad_norm=0.9793916940689087, loss=2.4433352947235107
I0307 10:39:44.336647 140257634797312 logging_writer.py:48] [8600] global_step=8600, grad_norm=1.0327019691467285, loss=2.463801383972168
I0307 10:40:22.797908 140257643190016 logging_writer.py:48] [8700] global_step=8700, grad_norm=1.0169907808303833, loss=2.469743490219116
I0307 10:41:01.327785 140257634797312 logging_writer.py:48] [8800] global_step=8800, grad_norm=0.9907956719398499, loss=2.4775686264038086
I0307 10:41:39.681869 140257643190016 logging_writer.py:48] [8900] global_step=8900, grad_norm=0.9346864819526672, loss=2.333829641342163
I0307 10:42:18.319719 140257634797312 logging_writer.py:48] [9000] global_step=9000, grad_norm=1.0217562913894653, loss=2.622626543045044
I0307 10:42:56.754812 140257643190016 logging_writer.py:48] [9100] global_step=9100, grad_norm=1.1021918058395386, loss=2.437887668609619
I0307 10:43:35.041438 140257634797312 logging_writer.py:48] [9200] global_step=9200, grad_norm=0.933712363243103, loss=2.355520725250244
I0307 10:43:58.604733 140413841560768 spec.py:321] Evaluating on the training split.
I0307 10:44:11.105299 140413841560768 spec.py:333] Evaluating on the validation split.
I0307 10:44:31.692408 140413841560768 spec.py:349] Evaluating on the test split.
I0307 10:44:33.532685 140413841560768 submission_runner.py:469] Time since start: 3986.36s, 	Step: 9261, 	{'train/accuracy': 0.3960060477256775, 'train/loss': 2.7425317764282227, 'validation/accuracy': 0.35694000124931335, 'validation/loss': 3.0479462146759033, 'validation/num_examples': 50000, 'test/accuracy': 0.28220000863075256, 'test/loss': 3.7197985649108887, 'test/num_examples': 10000, 'score': 3629.141862630844, 'total_duration': 3986.362341403961, 'accumulated_submission_time': 3629.141862630844, 'accumulated_eval_time': 355.90418553352356, 'accumulated_logging_time': 0.38298916816711426}
I0307 10:44:33.568249 140257643190016 logging_writer.py:48] [9261] accumulated_eval_time=355.904, accumulated_logging_time=0.382989, accumulated_submission_time=3629.14, global_step=9261, preemption_count=0, score=3629.14, test/accuracy=0.2822, test/loss=3.7198, test/num_examples=10000, total_duration=3986.36, train/accuracy=0.396006, train/loss=2.74253, validation/accuracy=0.35694, validation/loss=3.04795, validation/num_examples=50000
I0307 10:44:49.117827 140257634797312 logging_writer.py:48] [9300] global_step=9300, grad_norm=1.4494549036026, loss=2.5593786239624023
I0307 10:45:27.674260 140257643190016 logging_writer.py:48] [9400] global_step=9400, grad_norm=1.0517204999923706, loss=2.610250234603882
I0307 10:46:06.504800 140257634797312 logging_writer.py:48] [9500] global_step=9500, grad_norm=0.9063758850097656, loss=2.4348061084747314
I0307 10:46:45.170551 140257643190016 logging_writer.py:48] [9600] global_step=9600, grad_norm=1.1372638940811157, loss=2.4054219722747803
I0307 10:47:23.913738 140257634797312 logging_writer.py:48] [9700] global_step=9700, grad_norm=0.9795547723770142, loss=2.3423564434051514
I0307 10:48:01.999578 140257643190016 logging_writer.py:48] [9800] global_step=9800, grad_norm=1.144511342048645, loss=2.5767807960510254
I0307 10:48:40.433384 140257634797312 logging_writer.py:48] [9900] global_step=9900, grad_norm=1.0414228439331055, loss=2.513108968734741
I0307 10:49:18.733929 140257643190016 logging_writer.py:48] [10000] global_step=10000, grad_norm=0.970259964466095, loss=2.5268893241882324
I0307 10:49:57.438005 140257634797312 logging_writer.py:48] [10100] global_step=10100, grad_norm=0.9978733658790588, loss=2.436415672302246
I0307 10:50:36.304865 140257643190016 logging_writer.py:48] [10200] global_step=10200, grad_norm=0.9348564147949219, loss=2.4092233180999756
I0307 10:51:14.103913 140257634797312 logging_writer.py:48] [10300] global_step=10300, grad_norm=1.0266244411468506, loss=2.47965669631958
I0307 10:51:51.516580 140257643190016 logging_writer.py:48] [10400] global_step=10400, grad_norm=1.0129601955413818, loss=2.46520733833313
I0307 10:52:29.260440 140257634797312 logging_writer.py:48] [10500] global_step=10500, grad_norm=1.0500264167785645, loss=2.4797277450561523
I0307 10:53:03.644647 140413841560768 spec.py:321] Evaluating on the training split.
I0307 10:53:20.459561 140413841560768 spec.py:333] Evaluating on the validation split.
I0307 10:53:41.395361 140413841560768 spec.py:349] Evaluating on the test split.
I0307 10:53:43.228883 140413841560768 submission_runner.py:469] Time since start: 4536.06s, 	Step: 10592, 	{'train/accuracy': 0.37637513875961304, 'train/loss': 2.8603925704956055, 'validation/accuracy': 0.346019983291626, 'validation/loss': 3.0767273902893066, 'validation/num_examples': 50000, 'test/accuracy': 0.26900002360343933, 'test/loss': 3.727496385574341, 'test/num_examples': 10000, 'score': 4139.016051530838, 'total_duration': 4536.058547735214, 'accumulated_submission_time': 4139.016051530838, 'accumulated_eval_time': 395.4883773326874, 'accumulated_logging_time': 0.48174214363098145}
I0307 10:53:43.279892 140257643190016 logging_writer.py:48] [10592] accumulated_eval_time=395.488, accumulated_logging_time=0.481742, accumulated_submission_time=4139.02, global_step=10592, preemption_count=0, score=4139.02, test/accuracy=0.269, test/loss=3.7275, test/num_examples=10000, total_duration=4536.06, train/accuracy=0.376375, train/loss=2.86039, validation/accuracy=0.34602, validation/loss=3.07673, validation/num_examples=50000
I0307 10:53:46.782449 140257634797312 logging_writer.py:48] [10600] global_step=10600, grad_norm=0.9639300107955933, loss=2.3935298919677734
I0307 10:54:25.700486 140257643190016 logging_writer.py:48] [10700] global_step=10700, grad_norm=1.0526939630508423, loss=2.579500675201416
I0307 10:55:04.862113 140257634797312 logging_writer.py:48] [10800] global_step=10800, grad_norm=0.9842941164970398, loss=2.4205942153930664
I0307 10:55:44.071750 140257643190016 logging_writer.py:48] [10900] global_step=10900, grad_norm=1.0850552320480347, loss=2.4975383281707764
I0307 10:56:23.258755 140257634797312 logging_writer.py:48] [11000] global_step=11000, grad_norm=1.0462124347686768, loss=2.3955979347229004
I0307 10:57:02.349806 140257643190016 logging_writer.py:48] [11100] global_step=11100, grad_norm=1.0953022241592407, loss=2.475463628768921
I0307 10:57:41.225135 140257634797312 logging_writer.py:48] [11200] global_step=11200, grad_norm=0.9970545172691345, loss=2.3669211864471436
I0307 10:58:19.416444 140257643190016 logging_writer.py:48] [11300] global_step=11300, grad_norm=1.070891261100769, loss=2.4154810905456543
I0307 10:58:58.563227 140257634797312 logging_writer.py:48] [11400] global_step=11400, grad_norm=1.0677241086959839, loss=2.4230568408966064
I0307 10:59:37.499101 140257643190016 logging_writer.py:48] [11500] global_step=11500, grad_norm=1.036520004272461, loss=2.5194249153137207
I0307 11:00:15.817182 140257634797312 logging_writer.py:48] [11600] global_step=11600, grad_norm=1.070114016532898, loss=2.5280230045318604
I0307 11:00:53.953242 140257643190016 logging_writer.py:48] [11700] global_step=11700, grad_norm=0.8672027587890625, loss=2.3743114471435547
I0307 11:01:32.508219 140257634797312 logging_writer.py:48] [11800] global_step=11800, grad_norm=1.031351923942566, loss=2.437159538269043
I0307 11:02:11.742805 140257643190016 logging_writer.py:48] [11900] global_step=11900, grad_norm=1.1037230491638184, loss=2.386012077331543
I0307 11:02:13.322800 140413841560768 spec.py:321] Evaluating on the training split.
I0307 11:02:30.572101 140413841560768 spec.py:333] Evaluating on the validation split.
I0307 11:02:46.765027 140413841560768 spec.py:349] Evaluating on the test split.
I0307 11:02:48.578125 140413841560768 submission_runner.py:469] Time since start: 5081.41s, 	Step: 11905, 	{'train/accuracy': 0.3257533311843872, 'train/loss': 3.3719565868377686, 'validation/accuracy': 0.29989999532699585, 'validation/loss': 3.5589704513549805, 'validation/num_examples': 50000, 'test/accuracy': 0.22510001063346863, 'test/loss': 4.310132026672363, 'test/num_examples': 10000, 'score': 4648.88237452507, 'total_duration': 5081.407785415649, 'accumulated_submission_time': 4648.88237452507, 'accumulated_eval_time': 430.74365282058716, 'accumulated_logging_time': 0.5416533946990967}
I0307 11:02:48.654697 140257634797312 logging_writer.py:48] [11905] accumulated_eval_time=430.744, accumulated_logging_time=0.541653, accumulated_submission_time=4648.88, global_step=11905, preemption_count=0, score=4648.88, test/accuracy=0.2251, test/loss=4.31013, test/num_examples=10000, total_duration=5081.41, train/accuracy=0.325753, train/loss=3.37196, validation/accuracy=0.2999, validation/loss=3.55897, validation/num_examples=50000
I0307 11:03:26.176599 140257643190016 logging_writer.py:48] [12000] global_step=12000, grad_norm=1.0805732011795044, loss=2.3812339305877686
I0307 11:04:04.798912 140257634797312 logging_writer.py:48] [12100] global_step=12100, grad_norm=0.9409651756286621, loss=2.314734935760498
I0307 11:04:43.371634 140257643190016 logging_writer.py:48] [12200] global_step=12200, grad_norm=1.0032399892807007, loss=2.428499698638916
I0307 11:05:21.647799 140257634797312 logging_writer.py:48] [12300] global_step=12300, grad_norm=1.0177615880966187, loss=2.578080892562866
I0307 11:06:00.569091 140257643190016 logging_writer.py:48] [12400] global_step=12400, grad_norm=1.087715983390808, loss=2.539477586746216
I0307 11:06:39.556173 140257634797312 logging_writer.py:48] [12500] global_step=12500, grad_norm=1.0351508855819702, loss=2.3678689002990723
I0307 11:07:18.817116 140257643190016 logging_writer.py:48] [12600] global_step=12600, grad_norm=0.9726170301437378, loss=2.293445587158203
I0307 11:07:57.759050 140257634797312 logging_writer.py:48] [12700] global_step=12700, grad_norm=1.0273339748382568, loss=2.383175849914551
I0307 11:08:36.264606 140257643190016 logging_writer.py:48] [12800] global_step=12800, grad_norm=0.9601232409477234, loss=2.417806386947632
I0307 11:09:14.884833 140257634797312 logging_writer.py:48] [12900] global_step=12900, grad_norm=1.1564126014709473, loss=2.4688751697540283
I0307 11:09:53.732206 140257643190016 logging_writer.py:48] [13000] global_step=13000, grad_norm=0.9747778177261353, loss=2.420365333557129
I0307 11:10:32.238727 140257634797312 logging_writer.py:48] [13100] global_step=13100, grad_norm=1.0520429611206055, loss=2.4508373737335205
I0307 11:11:10.973023 140257643190016 logging_writer.py:48] [13200] global_step=13200, grad_norm=1.0375361442565918, loss=2.492114305496216
I0307 11:11:18.803113 140413841560768 spec.py:321] Evaluating on the training split.
I0307 11:11:36.726012 140413841560768 spec.py:333] Evaluating on the validation split.
I0307 11:11:57.818552 140413841560768 spec.py:349] Evaluating on the test split.
I0307 11:11:59.607084 140413841560768 submission_runner.py:469] Time since start: 5632.44s, 	Step: 13221, 	{'train/accuracy': 0.3149513602256775, 'train/loss': 3.410829782485962, 'validation/accuracy': 0.28453999757766724, 'validation/loss': 3.683342695236206, 'validation/num_examples': 50000, 'test/accuracy': 0.22590000927448273, 'test/loss': 4.321931838989258, 'test/num_examples': 10000, 'score': 5158.88205242157, 'total_duration': 5632.436633110046, 'accumulated_submission_time': 5158.88205242157, 'accumulated_eval_time': 471.5474600791931, 'accumulated_logging_time': 0.6273565292358398}
I0307 11:11:59.761331 140257634797312 logging_writer.py:48] [13221] accumulated_eval_time=471.547, accumulated_logging_time=0.627357, accumulated_submission_time=5158.88, global_step=13221, preemption_count=0, score=5158.88, test/accuracy=0.2259, test/loss=4.32193, test/num_examples=10000, total_duration=5632.44, train/accuracy=0.314951, train/loss=3.41083, validation/accuracy=0.28454, validation/loss=3.68334, validation/num_examples=50000
I0307 11:12:30.152144 140257643190016 logging_writer.py:48] [13300] global_step=13300, grad_norm=1.138153314590454, loss=2.294267416000366
I0307 11:13:08.788670 140257634797312 logging_writer.py:48] [13400] global_step=13400, grad_norm=1.0128989219665527, loss=2.526656150817871
I0307 11:13:47.760351 140257643190016 logging_writer.py:48] [13500] global_step=13500, grad_norm=1.0227571725845337, loss=2.3697509765625
I0307 11:14:26.716815 140257634797312 logging_writer.py:48] [13600] global_step=13600, grad_norm=1.145126223564148, loss=2.4642956256866455
I0307 11:15:05.506581 140257643190016 logging_writer.py:48] [13700] global_step=13700, grad_norm=1.0176060199737549, loss=2.4574220180511475
I0307 11:15:44.787856 140257634797312 logging_writer.py:48] [13800] global_step=13800, grad_norm=1.1605809926986694, loss=2.5205485820770264
I0307 11:16:23.391568 140257643190016 logging_writer.py:48] [13900] global_step=13900, grad_norm=1.0537596940994263, loss=2.272894859313965
I0307 11:17:02.084620 140257634797312 logging_writer.py:48] [14000] global_step=14000, grad_norm=0.9198927283287048, loss=2.3993945121765137
I0307 11:17:40.948953 140257643190016 logging_writer.py:48] [14100] global_step=14100, grad_norm=0.9959467053413391, loss=2.4114415645599365
I0307 11:18:19.454948 140257634797312 logging_writer.py:48] [14200] global_step=14200, grad_norm=0.9561250805854797, loss=2.292447090148926
I0307 11:18:58.091731 140257643190016 logging_writer.py:48] [14300] global_step=14300, grad_norm=0.9445004463195801, loss=2.3327791690826416
I0307 11:19:36.683264 140257634797312 logging_writer.py:48] [14400] global_step=14400, grad_norm=1.046759843826294, loss=2.302797555923462
I0307 11:20:15.323296 140257643190016 logging_writer.py:48] [14500] global_step=14500, grad_norm=1.368761420249939, loss=2.2402262687683105
I0307 11:20:29.660611 140413841560768 spec.py:321] Evaluating on the training split.
I0307 11:20:46.645989 140413841560768 spec.py:333] Evaluating on the validation split.
I0307 11:21:09.219864 140413841560768 spec.py:349] Evaluating on the test split.
I0307 11:21:11.034321 140413841560768 submission_runner.py:469] Time since start: 6183.86s, 	Step: 14538, 	{'train/accuracy': 0.2760084569454193, 'train/loss': 3.6868908405303955, 'validation/accuracy': 0.2556400001049042, 'validation/loss': 3.885582447052002, 'validation/num_examples': 50000, 'test/accuracy': 0.18730001151561737, 'test/loss': 4.582221031188965, 'test/num_examples': 10000, 'score': 5668.583002567291, 'total_duration': 6183.863875627518, 'accumulated_submission_time': 5668.583002567291, 'accumulated_eval_time': 512.9210107326508, 'accumulated_logging_time': 0.8443193435668945}
I0307 11:21:11.184910 140257634797312 logging_writer.py:48] [14538] accumulated_eval_time=512.921, accumulated_logging_time=0.844319, accumulated_submission_time=5668.58, global_step=14538, preemption_count=0, score=5668.58, test/accuracy=0.1873, test/loss=4.58222, test/num_examples=10000, total_duration=6183.86, train/accuracy=0.276008, train/loss=3.68689, validation/accuracy=0.25564, validation/loss=3.88558, validation/num_examples=50000
I0307 11:21:35.961085 140257643190016 logging_writer.py:48] [14600] global_step=14600, grad_norm=0.9424672722816467, loss=2.319962739944458
I0307 11:22:14.464372 140257634797312 logging_writer.py:48] [14700] global_step=14700, grad_norm=1.0278520584106445, loss=2.324418544769287
I0307 11:22:52.892465 140257643190016 logging_writer.py:48] [14800] global_step=14800, grad_norm=1.0260014533996582, loss=2.5128302574157715
I0307 11:23:31.610694 140257634797312 logging_writer.py:48] [14900] global_step=14900, grad_norm=1.05947744846344, loss=2.527101993560791
I0307 11:24:10.683975 140257643190016 logging_writer.py:48] [15000] global_step=15000, grad_norm=1.0884482860565186, loss=2.378159523010254
I0307 11:24:50.265678 140257634797312 logging_writer.py:48] [15100] global_step=15100, grad_norm=0.9247177839279175, loss=2.4291436672210693
I0307 11:25:28.643968 140257643190016 logging_writer.py:48] [15200] global_step=15200, grad_norm=0.9620804190635681, loss=2.2829504013061523
I0307 11:26:07.563329 140257634797312 logging_writer.py:48] [15300] global_step=15300, grad_norm=0.952743649482727, loss=2.342432737350464
I0307 11:26:46.781730 140257643190016 logging_writer.py:48] [15400] global_step=15400, grad_norm=1.0840243101119995, loss=2.468377113342285
I0307 11:27:25.670871 140257634797312 logging_writer.py:48] [15500] global_step=15500, grad_norm=0.970989465713501, loss=2.417398452758789
I0307 11:28:04.478980 140257643190016 logging_writer.py:48] [15600] global_step=15600, grad_norm=1.0084038972854614, loss=2.315396547317505
I0307 11:28:42.822536 140257634797312 logging_writer.py:48] [15700] global_step=15700, grad_norm=1.190327525138855, loss=2.4409284591674805
I0307 11:29:21.892226 140257643190016 logging_writer.py:48] [15800] global_step=15800, grad_norm=0.9880706667900085, loss=2.246556520462036
I0307 11:29:41.118107 140413841560768 spec.py:321] Evaluating on the training split.
I0307 11:30:01.777115 140413841560768 spec.py:333] Evaluating on the validation split.
I0307 11:30:25.706743 140413841560768 spec.py:349] Evaluating on the test split.
I0307 11:30:27.536978 140413841560768 submission_runner.py:469] Time since start: 6740.37s, 	Step: 15851, 	{'train/accuracy': 0.36172670125961304, 'train/loss': 3.021711587905884, 'validation/accuracy': 0.33761999011039734, 'validation/loss': 3.2474756240844727, 'validation/num_examples': 50000, 'test/accuracy': 0.24390001595020294, 'test/loss': 4.107375144958496, 'test/num_examples': 10000, 'score': 6178.349545717239, 'total_duration': 6740.366504192352, 'accumulated_submission_time': 6178.349545717239, 'accumulated_eval_time': 559.3396933078766, 'accumulated_logging_time': 1.0217478275299072}
I0307 11:30:27.652859 140257634797312 logging_writer.py:48] [15851] accumulated_eval_time=559.34, accumulated_logging_time=1.02175, accumulated_submission_time=6178.35, global_step=15851, preemption_count=0, score=6178.35, test/accuracy=0.2439, test/loss=4.10738, test/num_examples=10000, total_duration=6740.37, train/accuracy=0.361727, train/loss=3.02171, validation/accuracy=0.33762, validation/loss=3.24748, validation/num_examples=50000
I0307 11:30:47.079650 140257643190016 logging_writer.py:48] [15900] global_step=15900, grad_norm=1.1688432693481445, loss=2.3883235454559326
I0307 11:31:26.095905 140257634797312 logging_writer.py:48] [16000] global_step=16000, grad_norm=0.9666608572006226, loss=2.2323973178863525
I0307 11:32:04.756932 140257643190016 logging_writer.py:48] [16100] global_step=16100, grad_norm=1.1480422019958496, loss=2.3679518699645996
I0307 11:32:43.088500 140257634797312 logging_writer.py:48] [16200] global_step=16200, grad_norm=1.0597907304763794, loss=2.408018112182617
I0307 11:33:23.174399 140257643190016 logging_writer.py:48] [16300] global_step=16300, grad_norm=0.97968989610672, loss=2.2401134967803955
I0307 11:34:02.066362 140257634797312 logging_writer.py:48] [16400] global_step=16400, grad_norm=1.0895594358444214, loss=2.4711899757385254
I0307 11:34:40.818635 140257643190016 logging_writer.py:48] [16500] global_step=16500, grad_norm=1.033921241760254, loss=2.354487419128418
I0307 11:35:19.499095 140257634797312 logging_writer.py:48] [16600] global_step=16600, grad_norm=1.0225751399993896, loss=2.3743295669555664
I0307 11:35:58.011108 140257643190016 logging_writer.py:48] [16700] global_step=16700, grad_norm=1.0151466131210327, loss=2.419429063796997
I0307 11:36:36.985229 140257634797312 logging_writer.py:48] [16800] global_step=16800, grad_norm=0.9716806411743164, loss=2.3274028301239014
I0307 11:37:16.036013 140257643190016 logging_writer.py:48] [16900] global_step=16900, grad_norm=1.1269632577896118, loss=2.34442400932312
I0307 11:37:55.151288 140257634797312 logging_writer.py:48] [17000] global_step=17000, grad_norm=1.1678171157836914, loss=2.363353729248047
I0307 11:38:33.961541 140257643190016 logging_writer.py:48] [17100] global_step=17100, grad_norm=1.1343525648117065, loss=2.2751529216766357
I0307 11:38:57.651139 140413841560768 spec.py:321] Evaluating on the training split.
I0307 11:39:18.032790 140413841560768 spec.py:333] Evaluating on the validation split.
I0307 11:39:42.288877 140413841560768 spec.py:349] Evaluating on the test split.
I0307 11:39:44.140338 140413841560768 submission_runner.py:469] Time since start: 7296.97s, 	Step: 17162, 	{'train/accuracy': 0.4166533648967743, 'train/loss': 2.736692428588867, 'validation/accuracy': 0.38279998302459717, 'validation/loss': 2.994539976119995, 'validation/num_examples': 50000, 'test/accuracy': 0.28519999980926514, 'test/loss': 3.809859275817871, 'test/num_examples': 10000, 'score': 6688.176451683044, 'total_duration': 7296.969889640808, 'accumulated_submission_time': 6688.176451683044, 'accumulated_eval_time': 605.8287394046783, 'accumulated_logging_time': 1.1723618507385254}
I0307 11:39:44.411359 140257634797312 logging_writer.py:48] [17162] accumulated_eval_time=605.829, accumulated_logging_time=1.17236, accumulated_submission_time=6688.18, global_step=17162, preemption_count=0, score=6688.18, test/accuracy=0.2852, test/loss=3.80986, test/num_examples=10000, total_duration=7296.97, train/accuracy=0.416653, train/loss=2.73669, validation/accuracy=0.3828, validation/loss=2.99454, validation/num_examples=50000
I0307 11:39:59.611881 140257643190016 logging_writer.py:48] [17200] global_step=17200, grad_norm=1.1198079586029053, loss=2.3332459926605225
I0307 11:40:38.003492 140257634797312 logging_writer.py:48] [17300] global_step=17300, grad_norm=1.0621858835220337, loss=2.270632266998291
I0307 11:41:16.572947 140257643190016 logging_writer.py:48] [17400] global_step=17400, grad_norm=1.077156901359558, loss=2.3771204948425293
I0307 11:41:55.254973 140257634797312 logging_writer.py:48] [17500] global_step=17500, grad_norm=1.2854632139205933, loss=2.3237173557281494
I0307 11:42:34.395856 140257643190016 logging_writer.py:48] [17600] global_step=17600, grad_norm=1.0040403604507446, loss=2.3983817100524902
I0307 11:43:13.104428 140257634797312 logging_writer.py:48] [17700] global_step=17700, grad_norm=1.1789205074310303, loss=2.426948308944702
I0307 11:43:51.896729 140257643190016 logging_writer.py:48] [17800] global_step=17800, grad_norm=1.13520085811615, loss=2.3232929706573486
I0307 11:44:30.682523 140257634797312 logging_writer.py:48] [17900] global_step=17900, grad_norm=1.0452429056167603, loss=2.3492541313171387
I0307 11:45:09.396040 140257643190016 logging_writer.py:48] [18000] global_step=18000, grad_norm=1.0109736919403076, loss=2.40714693069458
I0307 11:45:48.352240 140257634797312 logging_writer.py:48] [18100] global_step=18100, grad_norm=1.2554283142089844, loss=2.326557159423828
I0307 11:46:27.168406 140257643190016 logging_writer.py:48] [18200] global_step=18200, grad_norm=1.0207463502883911, loss=2.2955660820007324
I0307 11:47:05.929471 140257634797312 logging_writer.py:48] [18300] global_step=18300, grad_norm=1.0224604606628418, loss=2.31874418258667
I0307 11:47:44.689753 140257643190016 logging_writer.py:48] [18400] global_step=18400, grad_norm=1.089754343032837, loss=2.1913914680480957
I0307 11:48:14.442825 140413841560768 spec.py:321] Evaluating on the training split.
I0307 11:48:28.667045 140413841560768 spec.py:333] Evaluating on the validation split.
I0307 11:48:50.001156 140413841560768 spec.py:349] Evaluating on the test split.
