I0308 02:13:30.568011 140185115293440 logging_writer.py:48] [105000] global_step=105000, grad_norm=2.6669387817382812, loss=2.915601968765259
2025-03-08 02:14:42.137280: W tensorflow/core/kernels/data/prefetch_autotuner.cc:52] Prefetch autotuner tried to allocate 91453 bytes after encountering the first element of size 91453 bytes.This already causes the autotune ram budget to be exceeded. To stay within the ram budget, either increase the ram budget or reduce element size
I0308 02:15:02.513496 140185199154944 logging_writer.py:48] [105100] global_step=105100, grad_norm=2.436378002166748, loss=2.923034191131592
I0308 02:16:32.308162 140185115293440 logging_writer.py:48] [105200] global_step=105200, grad_norm=2.5909574031829834, loss=2.9854817390441895
I0308 02:18:01.711740 140185199154944 logging_writer.py:48] [105300] global_step=105300, grad_norm=2.738245964050293, loss=2.9664363861083984
I0308 02:18:34.923392 140341280416960 spec.py:321] Evaluating on the training split.
I0308 02:18:45.899012 140341280416960 spec.py:333] Evaluating on the validation split.
I0308 02:19:06.281472 140341280416960 spec.py:349] Evaluating on the test split.
I0308 02:19:08.032177 140341280416960 submission_runner.py:469] Time since start: 61697.49s, 	Step: 105338, 	{'train/accuracy': 0.7976921200752258, 'train/loss': 0.9928430914878845, 'validation/accuracy': 0.706779956817627, 'validation/loss': 1.3878968954086304, 'validation/num_examples': 50000, 'test/accuracy': 0.5726000070571899, 'test/loss': 2.0457255840301514, 'test/num_examples': 10000, 'score': 56702.651848077774, 'total_duration': 61697.4866399765, 'accumulated_submission_time': 56702.651848077774, 'accumulated_eval_time': 4971.547793626785, 'accumulated_logging_time': 11.23337984085083}
I0308 02:19:08.068494 140185115293440 logging_writer.py:48] [105338] accumulated_eval_time=4971.55, accumulated_logging_time=11.2334, accumulated_submission_time=56702.7, global_step=105338, preemption_count=0, score=56702.7, test/accuracy=0.5726, test/loss=2.04573, test/num_examples=10000, total_duration=61697.5, train/accuracy=0.797692, train/loss=0.992843, validation/accuracy=0.70678, validation/loss=1.3879, validation/num_examples=50000
I0308 02:21:38.338618 140185199154944 logging_writer.py:48] [105400] global_step=105400, grad_norm=2.5301690101623535, loss=2.935267210006714
I0308 02:27:38.847545 140341280416960 spec.py:321] Evaluating on the training split.
I0308 02:27:49.143597 140341280416960 spec.py:333] Evaluating on the validation split.
I0308 02:28:16.238687 140341280416960 spec.py:349] Evaluating on the test split.
I0308 02:28:17.999621 140341280416960 submission_runner.py:469] Time since start: 62247.45s, 	Step: 105485, 	{'train/accuracy': 0.7901387214660645, 'train/loss': 1.0377357006072998, 'validation/accuracy': 0.6972399950027466, 'validation/loss': 1.4346237182617188, 'validation/num_examples': 50000, 'test/accuracy': 0.5764999985694885, 'test/loss': 2.07525634765625, 'test/num_examples': 10000, 'score': 57213.37969374657, 'total_duration': 62247.45408940315, 'accumulated_submission_time': 57213.37969374657, 'accumulated_eval_time': 5010.699824810028, 'accumulated_logging_time': 11.304818630218506}
I0308 02:28:18.024097 140185115293440 logging_writer.py:48] [105485] accumulated_eval_time=5010.7, accumulated_logging_time=11.3048, accumulated_submission_time=57213.4, global_step=105485, preemption_count=0, score=57213.4, test/accuracy=0.5765, test/loss=2.07526, test/num_examples=10000, total_duration=62247.5, train/accuracy=0.790139, train/loss=1.03774, validation/accuracy=0.69724, validation/loss=1.43462, validation/num_examples=50000
I0308 02:29:07.315291 140185199154944 logging_writer.py:48] [105500] global_step=105500, grad_norm=2.7499399185180664, loss=2.936223030090332
I0308 02:36:16.148267 140185115293440 logging_writer.py:48] [105600] global_step=105600, grad_norm=2.4361019134521484, loss=2.8932600021362305
I0308 02:36:50.287189 140341280416960 spec.py:321] Evaluating on the training split.
I0308 02:37:00.443580 140341280416960 spec.py:333] Evaluating on the validation split.
I0308 02:37:28.263731 140341280416960 spec.py:349] Evaluating on the test split.
I0308 02:37:29.976048 140341280416960 submission_runner.py:469] Time since start: 62799.43s, 	Step: 105609, 	{'train/accuracy': 0.7908163070678711, 'train/loss': 1.0199248790740967, 'validation/accuracy': 0.7014999985694885, 'validation/loss': 1.4115504026412964, 'validation/num_examples': 50000, 'test/accuracy': 0.5657000541687012, 'test/loss': 2.0867257118225098, 'test/num_examples': 10000, 'score': 57725.62155151367, 'total_duration': 62799.43053650856, 'accumulated_submission_time': 57725.62155151367, 'accumulated_eval_time': 5050.3886568546295, 'accumulated_logging_time': 11.337771654129028}
I0308 02:37:29.997376 140185199154944 logging_writer.py:48] [105609] accumulated_eval_time=5050.39, accumulated_logging_time=11.3378, accumulated_submission_time=57725.6, global_step=105609, preemption_count=0, score=57725.6, test/accuracy=0.5657, test/loss=2.08673, test/num_examples=10000, total_duration=62799.4, train/accuracy=0.790816, train/loss=1.01992, validation/accuracy=0.7015, validation/loss=1.41155, validation/num_examples=50000
I0308 02:43:41.969261 140185115293440 logging_writer.py:48] [105700] global_step=105700, grad_norm=2.6830050945281982, loss=2.8731534481048584
I0308 02:46:02.381392 140341280416960 spec.py:321] Evaluating on the training split.
I0308 02:46:12.653053 140341280416960 spec.py:333] Evaluating on the validation split.
I0308 02:46:50.765661 140341280416960 spec.py:349] Evaluating on the test split.
I0308 02:46:52.535389 140341280416960 submission_runner.py:469] Time since start: 63361.99s, 	Step: 105734, 	{'train/accuracy': 0.8369738459587097, 'train/loss': 0.8548222780227661, 'validation/accuracy': 0.7094999551773071, 'validation/loss': 1.3812932968139648, 'validation/num_examples': 50000, 'test/accuracy': 0.5818000435829163, 'test/loss': 2.0417425632476807, 'test/num_examples': 10000, 'score': 58237.98412680626, 'total_duration': 63361.98986816406, 'accumulated_submission_time': 58237.98412680626, 'accumulated_eval_time': 5100.542615890503, 'accumulated_logging_time': 11.366876602172852}
I0308 02:46:52.574285 140185199154944 logging_writer.py:48] [105734] accumulated_eval_time=5100.54, accumulated_logging_time=11.3669, accumulated_submission_time=58238, global_step=105734, preemption_count=0, score=58238, test/accuracy=0.5818, test/loss=2.04174, test/num_examples=10000, total_duration=63362, train/accuracy=0.836974, train/loss=0.854822, validation/accuracy=0.7095, validation/loss=1.38129, validation/num_examples=50000
I0308 02:51:17.339690 140185115293440 logging_writer.py:48] [105800] global_step=105800, grad_norm=2.5215489864349365, loss=2.858452796936035
I0308 02:55:23.239315 140341280416960 spec.py:321] Evaluating on the training split.
I0308 02:55:34.081806 140341280416960 spec.py:333] Evaluating on the validation split.
I0308 02:55:57.052915 140341280416960 spec.py:349] Evaluating on the test split.
I0308 02:55:58.806198 140341280416960 submission_runner.py:469] Time since start: 63908.26s, 	Step: 105896, 	{'train/accuracy': 0.8235411047935486, 'train/loss': 0.8850187659263611, 'validation/accuracy': 0.7075799703598022, 'validation/loss': 1.367797613143921, 'validation/num_examples': 50000, 'test/accuracy': 0.5768000483512878, 'test/loss': 2.022705078125, 'test/num_examples': 10000, 'score': 58748.622324466705, 'total_duration': 63908.26063513756, 'accumulated_submission_time': 58748.622324466705, 'accumulated_eval_time': 5136.109422683716, 'accumulated_logging_time': 11.414541721343994}
I0308 02:55:58.831395 140185199154944 logging_writer.py:48] [105896] accumulated_eval_time=5136.11, accumulated_logging_time=11.4145, accumulated_submission_time=58748.6, global_step=105896, preemption_count=0, score=58748.6, test/accuracy=0.5768, test/loss=2.02271, test/num_examples=10000, total_duration=63908.3, train/accuracy=0.823541, train/loss=0.885019, validation/accuracy=0.70758, validation/loss=1.3678, validation/num_examples=50000
I0308 02:56:00.803231 140185115293440 logging_writer.py:48] [105900] global_step=105900, grad_norm=2.61666202545166, loss=2.90759539604187
I0308 02:58:18.380515 140185199154944 logging_writer.py:48] [106000] global_step=106000, grad_norm=2.53056001663208, loss=2.9527547359466553
I0308 02:59:58.669068 140185115293440 logging_writer.py:48] [106100] global_step=106100, grad_norm=2.567495584487915, loss=2.967639923095703
I0308 03:01:36.224802 140185199154944 logging_writer.py:48] [106200] global_step=106200, grad_norm=2.6776037216186523, loss=2.934196949005127
I0308 03:03:08.773287 140185115293440 logging_writer.py:48] [106300] global_step=106300, grad_norm=2.6071367263793945, loss=2.9238197803497314
I0308 03:04:29.688625 140341280416960 spec.py:321] Evaluating on the training split.
I0308 03:04:40.423324 140341280416960 spec.py:333] Evaluating on the validation split.
I0308 03:05:04.998345 140341280416960 spec.py:349] Evaluating on the test split.
I0308 03:05:06.747508 140341280416960 submission_runner.py:469] Time since start: 64456.20s, 	Step: 106363, 	{'train/accuracy': 0.8068598508834839, 'train/loss': 0.9442111849784851, 'validation/accuracy': 0.7069999575614929, 'validation/loss': 1.3726935386657715, 'validation/num_examples': 50000, 'test/accuracy': 0.5850000381469727, 'test/loss': 2.015824556350708, 'test/num_examples': 10000, 'score': 59259.398359298706, 'total_duration': 64456.201979637146, 'accumulated_submission_time': 59259.398359298706, 'accumulated_eval_time': 5173.168258190155, 'accumulated_logging_time': 11.469578266143799}
I0308 03:05:06.805868 140185199154944 logging_writer.py:48] [106363] accumulated_eval_time=5173.17, accumulated_logging_time=11.4696, accumulated_submission_time=59259.4, global_step=106363, preemption_count=0, score=59259.4, test/accuracy=0.585, test/loss=2.01582, test/num_examples=10000, total_duration=64456.2, train/accuracy=0.80686, train/loss=0.944211, validation/accuracy=0.707, validation/loss=1.37269, validation/num_examples=50000
I0308 03:05:46.189258 140185115293440 logging_writer.py:48] [106400] global_step=106400, grad_norm=2.3716681003570557, loss=2.9011178016662598
I0308 03:08:10.242686 140185199154944 logging_writer.py:48] [106500] global_step=106500, grad_norm=2.4194374084472656, loss=2.9216604232788086
I0308 03:10:35.775306 140185115293440 logging_writer.py:48] [106600] global_step=106600, grad_norm=2.630222797393799, loss=2.947017192840576
I0308 03:13:00.896874 140185199154944 logging_writer.py:48] [106700] global_step=106700, grad_norm=2.4969727993011475, loss=2.844677448272705
I0308 03:13:37.490377 140341280416960 spec.py:321] Evaluating on the training split.
I0308 03:13:48.972068 140341280416960 spec.py:333] Evaluating on the validation split.
I0308 03:14:10.947756 140341280416960 spec.py:349] Evaluating on the test split.
I0308 03:14:12.672496 140341280416960 submission_runner.py:469] Time since start: 65002.13s, 	Step: 106726, 	{'train/accuracy': 0.78910231590271, 'train/loss': 1.0440272092819214, 'validation/accuracy': 0.6992999911308289, 'validation/loss': 1.4296166896820068, 'validation/num_examples': 50000, 'test/accuracy': 0.5715000033378601, 'test/loss': 2.081758737564087, 'test/num_examples': 10000, 'score': 59770.035422086716, 'total_duration': 65002.12698054314, 'accumulated_submission_time': 59770.035422086716, 'accumulated_eval_time': 5208.350335121155, 'accumulated_logging_time': 11.537103652954102}
I0308 03:14:12.724647 140185115293440 logging_writer.py:48] [106726] accumulated_eval_time=5208.35, accumulated_logging_time=11.5371, accumulated_submission_time=59770, global_step=106726, preemption_count=0, score=59770, test/accuracy=0.5715, test/loss=2.08176, test/num_examples=10000, total_duration=65002.1, train/accuracy=0.789102, train/loss=1.04403, validation/accuracy=0.6993, validation/loss=1.42962, validation/num_examples=50000
I0308 03:15:45.331537 140185199154944 logging_writer.py:48] [106800] global_step=106800, grad_norm=2.5150022506713867, loss=2.870922088623047
I0308 03:18:10.115774 140185115293440 logging_writer.py:48] [106900] global_step=106900, grad_norm=2.548207998275757, loss=2.863251209259033
I0308 03:20:34.411814 140185199154944 logging_writer.py:48] [107000] global_step=107000, grad_norm=2.62070894241333, loss=2.907118082046509
I0308 03:22:42.900352 140341280416960 spec.py:321] Evaluating on the training split.
I0308 03:22:53.486265 140341280416960 spec.py:333] Evaluating on the validation split.
I0308 03:23:16.644668 140341280416960 spec.py:349] Evaluating on the test split.
I0308 03:23:18.403453 140341280416960 submission_runner.py:469] Time since start: 65547.86s, 	Step: 107090, 	{'train/accuracy': 0.7955994606018066, 'train/loss': 0.9991288185119629, 'validation/accuracy': 0.6988199949264526, 'validation/loss': 1.4133193492889404, 'validation/num_examples': 50000, 'test/accuracy': 0.5748000144958496, 'test/loss': 2.055209159851074, 'test/num_examples': 10000, 'score': 60280.16394472122, 'total_duration': 65547.85793828964, 'accumulated_submission_time': 60280.16394472122, 'accumulated_eval_time': 5243.8534054756165, 'accumulated_logging_time': 11.596826314926147}
I0308 03:23:18.479265 140185115293440 logging_writer.py:48] [107090] accumulated_eval_time=5243.85, accumulated_logging_time=11.5968, accumulated_submission_time=60280.2, global_step=107090, preemption_count=0, score=60280.2, test/accuracy=0.5748, test/loss=2.05521, test/num_examples=10000, total_duration=65547.9, train/accuracy=0.795599, train/loss=0.999129, validation/accuracy=0.69882, validation/loss=1.41332, validation/num_examples=50000
I0308 03:23:22.712645 140185199154944 logging_writer.py:48] [107100] global_step=107100, grad_norm=2.6004769802093506, loss=2.9885988235473633
I0308 03:25:44.631761 140185115293440 logging_writer.py:48] [107200] global_step=107200, grad_norm=2.6979072093963623, loss=2.8899011611938477
I0308 03:28:08.953912 140185199154944 logging_writer.py:48] [107300] global_step=107300, grad_norm=2.60615611076355, loss=2.894113302230835
I0308 03:30:34.378417 140185115293440 logging_writer.py:48] [107400] global_step=107400, grad_norm=2.5339930057525635, loss=2.997661590576172
I0308 03:31:49.671967 140341280416960 spec.py:321] Evaluating on the training split.
I0308 03:32:00.373502 140341280416960 spec.py:333] Evaluating on the validation split.
I0308 03:32:23.494858 140341280416960 spec.py:349] Evaluating on the test split.
I0308 03:32:25.255151 140341280416960 submission_runner.py:469] Time since start: 66094.71s, 	Step: 107453, 	{'train/accuracy': 0.8147720098495483, 'train/loss': 0.939460039138794, 'validation/accuracy': 0.70524001121521, 'validation/loss': 1.3963998556137085, 'validation/num_examples': 50000, 'test/accuracy': 0.5802000164985657, 'test/loss': 2.045531988143921, 'test/num_examples': 10000, 'score': 60791.30971312523, 'total_duration': 66094.709628582, 'accumulated_submission_time': 60791.30971312523, 'accumulated_eval_time': 5279.436554670334, 'accumulated_logging_time': 11.680552244186401}
I0308 03:32:25.337160 140185199154944 logging_writer.py:48] [107453] accumulated_eval_time=5279.44, accumulated_logging_time=11.6806, accumulated_submission_time=60791.3, global_step=107453, preemption_count=0, score=60791.3, test/accuracy=0.5802, test/loss=2.04553, test/num_examples=10000, total_duration=66094.7, train/accuracy=0.814772, train/loss=0.93946, validation/accuracy=0.70524, validation/loss=1.3964, validation/num_examples=50000
I0308 03:33:21.370882 140185115293440 logging_writer.py:48] [107500] global_step=107500, grad_norm=2.5086374282836914, loss=2.90029239654541
2025-03-08 03:35:18.961804: W tensorflow/core/kernels/data/prefetch_autotuner.cc:52] Prefetch autotuner tried to allocate 91453 bytes after encountering the first element of size 91453 bytes.This already causes the autotune ram budget to be exceeded. To stay within the ram budget, either increase the ram budget or reduce element size
I0308 03:35:48.346296 140185199154944 logging_writer.py:48] [107600] global_step=107600, grad_norm=2.9510834217071533, loss=2.914170026779175
I0308 03:38:13.691064 140185115293440 logging_writer.py:48] [107700] global_step=107700, grad_norm=2.7970213890075684, loss=2.9468743801116943
I0308 03:40:38.606554 140185199154944 logging_writer.py:48] [107800] global_step=107800, grad_norm=2.6320090293884277, loss=2.883957624435425
I0308 03:40:55.992070 140341280416960 spec.py:321] Evaluating on the training split.
I0308 03:41:07.336405 140341280416960 spec.py:333] Evaluating on the validation split.
I0308 03:41:29.524151 140341280416960 spec.py:349] Evaluating on the test split.
I0308 03:41:31.285001 140341280416960 submission_runner.py:469] Time since start: 66640.74s, 	Step: 107813, 	{'train/accuracy': 0.794343888759613, 'train/loss': 1.0124539136886597, 'validation/accuracy': 0.6936799883842468, 'validation/loss': 1.4419660568237305, 'validation/num_examples': 50000, 'test/accuracy': 0.5687000155448914, 'test/loss': 2.098330497741699, 'test/num_examples': 10000, 'score': 61301.904188632965, 'total_duration': 66640.73948550224, 'accumulated_submission_time': 61301.904188632965, 'accumulated_eval_time': 5314.729442358017, 'accumulated_logging_time': 11.784341096878052}
I0308 03:41:31.350338 140185115293440 logging_writer.py:48] [107813] accumulated_eval_time=5314.73, accumulated_logging_time=11.7843, accumulated_submission_time=61301.9, global_step=107813, preemption_count=0, score=61301.9, test/accuracy=0.5687, test/loss=2.09833, test/num_examples=10000, total_duration=66640.7, train/accuracy=0.794344, train/loss=1.01245, validation/accuracy=0.69368, validation/loss=1.44197, validation/num_examples=50000
I0308 03:45:12.728646 140185199154944 logging_writer.py:48] [107900] global_step=107900, grad_norm=2.9622719287872314, loss=2.9928269386291504
I0308 03:50:04.460098 140341280416960 spec.py:321] Evaluating on the training split.
I0308 03:50:14.684609 140341280416960 spec.py:333] Evaluating on the validation split.
I0308 03:50:50.722348 140341280416960 spec.py:349] Evaluating on the test split.
I0308 03:50:52.464213 140341280416960 submission_runner.py:469] Time since start: 67201.92s, 	Step: 107969, 	{'train/accuracy': 0.8130978941917419, 'train/loss': 0.9509666562080383, 'validation/accuracy': 0.7145999670028687, 'validation/loss': 1.3696093559265137, 'validation/num_examples': 50000, 'test/accuracy': 0.5866000056266785, 'test/loss': 2.0138440132141113, 'test/num_examples': 10000, 'score': 61814.96117520332, 'total_duration': 67201.91868257523, 'accumulated_submission_time': 61814.96117520332, 'accumulated_eval_time': 5362.733507394791, 'accumulated_logging_time': 11.885761499404907}
I0308 03:50:52.490773 140185115293440 logging_writer.py:48] [107969] accumulated_eval_time=5362.73, accumulated_logging_time=11.8858, accumulated_submission_time=61815, global_step=107969, preemption_count=0, score=61815, test/accuracy=0.5866, test/loss=2.01384, test/num_examples=10000, total_duration=67201.9, train/accuracy=0.813098, train/loss=0.950967, validation/accuracy=0.7146, validation/loss=1.36961, validation/num_examples=50000
I0308 03:52:51.284209 140185199154944 logging_writer.py:48] [108000] global_step=108000, grad_norm=2.718526601791382, loss=2.922624349594116
I0308 03:59:23.345264 140341280416960 spec.py:321] Evaluating on the training split.
I0308 03:59:33.522226 140341280416960 spec.py:333] Evaluating on the validation split.
I0308 04:00:05.921214 140341280416960 spec.py:349] Evaluating on the test split.
I0308 04:00:07.689236 140341280416960 submission_runner.py:469] Time since start: 67757.14s, 	Step: 108092, 	{'train/accuracy': 0.8002431392669678, 'train/loss': 1.0036147832870483, 'validation/accuracy': 0.7033799886703491, 'validation/loss': 1.4123809337615967, 'validation/num_examples': 50000, 'test/accuracy': 0.5791000127792358, 'test/loss': 2.0430731773376465, 'test/num_examples': 10000, 'score': 62325.793167591095, 'total_duration': 67757.14371728897, 'accumulated_submission_time': 62325.793167591095, 'accumulated_eval_time': 5407.077453374863, 'accumulated_logging_time': 11.921654224395752}
I0308 04:00:07.716253 140185115293440 logging_writer.py:48] [108092] accumulated_eval_time=5407.08, accumulated_logging_time=11.9217, accumulated_submission_time=62325.8, global_step=108092, preemption_count=0, score=62325.8, test/accuracy=0.5791, test/loss=2.04307, test/num_examples=10000, total_duration=67757.1, train/accuracy=0.800243, train/loss=1.00361, validation/accuracy=0.70338, validation/loss=1.41238, validation/num_examples=50000
I0308 04:00:27.811568 140185199154944 logging_writer.py:48] [108100] global_step=108100, grad_norm=2.4987263679504395, loss=2.8540425300598145
I0308 04:07:34.494501 140185115293440 logging_writer.py:48] [108200] global_step=108200, grad_norm=2.755216598510742, loss=2.937199592590332
I0308 04:08:38.947789 140341280416960 spec.py:321] Evaluating on the training split.
I0308 04:08:49.209003 140341280416960 spec.py:333] Evaluating on the validation split.
I0308 04:09:16.828183 140341280416960 spec.py:349] Evaluating on the test split.
I0308 04:09:18.611254 140341280416960 submission_runner.py:469] Time since start: 68308.07s, 	Step: 108216, 	{'train/accuracy': 0.8045280575752258, 'train/loss': 0.9853981733322144, 'validation/accuracy': 0.7089200019836426, 'validation/loss': 1.4000835418701172, 'validation/num_examples': 50000, 'test/accuracy': 0.5813000202178955, 'test/loss': 2.04768705368042, 'test/num_examples': 10000, 'score': 62837.002648830414, 'total_duration': 68308.06570458412, 'accumulated_submission_time': 62837.002648830414, 'accumulated_eval_time': 5446.74084186554, 'accumulated_logging_time': 11.957589387893677}
I0308 04:09:18.635391 140185199154944 logging_writer.py:48] [108216] accumulated_eval_time=5446.74, accumulated_logging_time=11.9576, accumulated_submission_time=62837, global_step=108216, preemption_count=0, score=62837, test/accuracy=0.5813, test/loss=2.04769, test/num_examples=10000, total_duration=68308.1, train/accuracy=0.804528, train/loss=0.985398, validation/accuracy=0.70892, validation/loss=1.40008, validation/num_examples=50000
I0308 04:14:59.344202 140185115293440 logging_writer.py:48] [108300] global_step=108300, grad_norm=2.5585014820098877, loss=2.871919870376587
I0308 04:17:50.679696 140341280416960 spec.py:321] Evaluating on the training split.
I0308 04:18:00.458954 140341280416960 spec.py:333] Evaluating on the validation split.
I0308 04:18:32.915262 140341280416960 spec.py:349] Evaluating on the test split.
I0308 04:18:34.687717 140341280416960 submission_runner.py:469] Time since start: 68864.14s, 	Step: 108343, 	{'train/accuracy': 0.8109055757522583, 'train/loss': 0.9281376004219055, 'validation/accuracy': 0.715399980545044, 'validation/loss': 1.3417048454284668, 'validation/num_examples': 50000, 'test/accuracy': 0.5779000520706177, 'test/loss': 1.9914907217025757, 'test/num_examples': 10000, 'score': 63347.27316713333, 'total_duration': 68864.14220428467, 'accumulated_submission_time': 63347.27316713333, 'accumulated_eval_time': 5490.748834371567, 'accumulated_logging_time': 13.741579294204712}
I0308 04:18:34.711546 140185199154944 logging_writer.py:48] [108343] accumulated_eval_time=5490.75, accumulated_logging_time=13.7416, accumulated_submission_time=63347.3, global_step=108343, preemption_count=0, score=63347.3, test/accuracy=0.5779, test/loss=1.99149, test/num_examples=10000, total_duration=68864.1, train/accuracy=0.810906, train/loss=0.928138, validation/accuracy=0.7154, validation/loss=1.3417, validation/num_examples=50000
I0308 04:22:11.788981 140185115293440 logging_writer.py:48] [108400] global_step=108400, grad_norm=2.5427520275115967, loss=2.8652985095977783
I0308 04:25:39.998119 140185199154944 logging_writer.py:48] [108500] global_step=108500, grad_norm=2.675493001937866, loss=2.943424940109253
I0308 04:27:05.234827 140341280416960 spec.py:321] Evaluating on the training split.
I0308 04:27:15.017800 140341280416960 spec.py:333] Evaluating on the validation split.
I0308 04:27:39.355290 140341280416960 spec.py:349] Evaluating on the test split.
I0308 04:27:41.155035 140341280416960 submission_runner.py:469] Time since start: 69410.61s, 	Step: 108578, 	{'train/accuracy': 0.8049266338348389, 'train/loss': 0.9976184368133545, 'validation/accuracy': 0.7079399824142456, 'validation/loss': 1.4058924913406372, 'validation/num_examples': 50000, 'test/accuracy': 0.582800030708313, 'test/loss': 2.03450345993042, 'test/num_examples': 10000, 'score': 63857.76262831688, 'total_duration': 69410.60951972008, 'accumulated_submission_time': 63857.76262831688, 'accumulated_eval_time': 5526.669007778168, 'accumulated_logging_time': 13.773183584213257}
I0308 04:27:41.180070 140185115293440 logging_writer.py:48] [108578] accumulated_eval_time=5526.67, accumulated_logging_time=13.7732, accumulated_submission_time=63857.8, global_step=108578, preemption_count=0, score=63857.8, test/accuracy=0.5828, test/loss=2.0345, test/num_examples=10000, total_duration=69410.6, train/accuracy=0.804927, train/loss=0.997618, validation/accuracy=0.70794, validation/loss=1.40589, validation/num_examples=50000
I0308 04:27:54.923597 140185199154944 logging_writer.py:48] [108600] global_step=108600, grad_norm=2.7482595443725586, loss=2.854309558868408
I0308 04:29:44.135513 140185115293440 logging_writer.py:48] [108700] global_step=108700, grad_norm=2.6203365325927734, loss=3.0093469619750977
I0308 04:31:30.399062 140185199154944 logging_writer.py:48] [108800] global_step=108800, grad_norm=2.63533353805542, loss=2.9606058597564697
2025-03-08 04:32:04.725615: W tensorflow/core/kernels/data/prefetch_autotuner.cc:52] Prefetch autotuner tried to allocate 91453 bytes after encountering the first element of size 91453 bytes.This already causes the autotune ram budget to be exceeded. To stay within the ram budget, either increase the ram budget or reduce element size
I0308 04:33:20.179615 140185115293440 logging_writer.py:48] [108900] global_step=108900, grad_norm=2.7575459480285645, loss=2.982755661010742
I0308 04:35:08.344001 140185199154944 logging_writer.py:48] [109000] global_step=109000, grad_norm=2.4380943775177, loss=2.8754303455352783
I0308 04:36:12.026517 140341280416960 spec.py:321] Evaluating on the training split.
I0308 04:36:22.632451 140341280416960 spec.py:333] Evaluating on the validation split.
I0308 04:36:43.837216 140341280416960 spec.py:349] Evaluating on the test split.
I0308 04:36:45.629390 140341280416960 submission_runner.py:469] Time since start: 69955.08s, 	Step: 109060, 	{'train/accuracy': 0.8085339665412903, 'train/loss': 0.9669428467750549, 'validation/accuracy': 0.7022599577903748, 'validation/loss': 1.4240390062332153, 'validation/num_examples': 50000, 'test/accuracy': 0.5703000426292419, 'test/loss': 2.068380355834961, 'test/num_examples': 10000, 'score': 64368.493617773056, 'total_duration': 69955.08388447762, 'accumulated_submission_time': 64368.493617773056, 'accumulated_eval_time': 5560.271856546402, 'accumulated_logging_time': 13.859530687332153}
I0308 04:36:45.687617 140185115293440 logging_writer.py:48] [109060] accumulated_eval_time=5560.27, accumulated_logging_time=13.8595, accumulated_submission_time=64368.5, global_step=109060, preemption_count=0, score=64368.5, test/accuracy=0.5703, test/loss=2.06838, test/num_examples=10000, total_duration=69955.1, train/accuracy=0.808534, train/loss=0.966943, validation/accuracy=0.70226, validation/loss=1.42404, validation/num_examples=50000
I0308 04:37:17.120549 140185199154944 logging_writer.py:48] [109100] global_step=109100, grad_norm=2.8097643852233887, loss=2.9037301540374756
I0308 04:39:04.182859 140185115293440 logging_writer.py:48] [109200] global_step=109200, grad_norm=2.6537909507751465, loss=2.874922275543213
I0308 04:40:51.300376 140185199154944 logging_writer.py:48] [109300] global_step=109300, grad_norm=2.7253832817077637, loss=2.945510149002075
I0308 04:42:38.975525 140185115293440 logging_writer.py:48] [109400] global_step=109400, grad_norm=2.577754020690918, loss=2.993704319000244
I0308 04:44:25.895975 140185199154944 logging_writer.py:48] [109500] global_step=109500, grad_norm=2.7121646404266357, loss=2.9047980308532715
I0308 04:45:16.335924 140341280416960 spec.py:321] Evaluating on the training split.
I0308 04:45:27.149789 140341280416960 spec.py:333] Evaluating on the validation split.
I0308 04:45:48.305492 140341280416960 spec.py:349] Evaluating on the test split.
I0308 04:45:50.068956 140341280416960 submission_runner.py:469] Time since start: 70499.52s, 	Step: 109548, 	{'train/accuracy': 0.8052853941917419, 'train/loss': 0.9868594408035278, 'validation/accuracy': 0.711679995059967, 'validation/loss': 1.3989802598953247, 'validation/num_examples': 50000, 'test/accuracy': 0.5814000368118286, 'test/loss': 2.0523521900177, 'test/num_examples': 10000, 'score': 64879.0803527832, 'total_duration': 70499.52343559265, 'accumulated_submission_time': 64879.0803527832, 'accumulated_eval_time': 5594.0048451423645, 'accumulated_logging_time': 13.926214933395386}
I0308 04:45:50.128376 140185115293440 logging_writer.py:48] [109548] accumulated_eval_time=5594, accumulated_logging_time=13.9262, accumulated_submission_time=64879.1, global_step=109548, preemption_count=0, score=64879.1, test/accuracy=0.5814, test/loss=2.05235, test/num_examples=10000, total_duration=70499.5, train/accuracy=0.805285, train/loss=0.986859, validation/accuracy=0.71168, validation/loss=1.39898, validation/num_examples=50000
I0308 04:46:36.757850 140185199154944 logging_writer.py:48] [109600] global_step=109600, grad_norm=2.9147825241088867, loss=2.9468069076538086
I0308 04:48:24.059500 140185115293440 logging_writer.py:48] [109700] global_step=109700, grad_norm=2.648280143737793, loss=3.017228603363037
I0308 04:50:11.363888 140185199154944 logging_writer.py:48] [109800] global_step=109800, grad_norm=2.637317419052124, loss=2.9576001167297363
I0308 04:51:59.341585 140185115293440 logging_writer.py:48] [109900] global_step=109900, grad_norm=2.6860103607177734, loss=2.9358327388763428
I0308 04:53:47.107121 140185199154944 logging_writer.py:48] [110000] global_step=110000, grad_norm=2.557852268218994, loss=2.8558266162872314
I0308 04:54:20.593385 140341280416960 spec.py:321] Evaluating on the training split.
I0308 04:54:31.079783 140341280416960 spec.py:333] Evaluating on the validation split.
I0308 04:54:53.966701 140341280416960 spec.py:349] Evaluating on the test split.
I0308 04:54:55.747762 140341280416960 submission_runner.py:469] Time since start: 71045.20s, 	Step: 110032, 	{'train/accuracy': 0.8101881146430969, 'train/loss': 0.9567452669143677, 'validation/accuracy': 0.7170199751853943, 'validation/loss': 1.3539681434631348, 'validation/num_examples': 50000, 'test/accuracy': 0.5900000333786011, 'test/loss': 1.9913678169250488, 'test/num_examples': 10000, 'score': 65389.48230099678, 'total_duration': 71045.20224094391, 'accumulated_submission_time': 65389.48230099678, 'accumulated_eval_time': 5629.159185886383, 'accumulated_logging_time': 13.994304895401001}
I0308 04:54:55.794904 140185115293440 logging_writer.py:48] [110032] accumulated_eval_time=5629.16, accumulated_logging_time=13.9943, accumulated_submission_time=65389.5, global_step=110032, preemption_count=0, score=65389.5, test/accuracy=0.59, test/loss=1.99137, test/num_examples=10000, total_duration=71045.2, train/accuracy=0.810188, train/loss=0.956745, validation/accuracy=0.71702, validation/loss=1.35397, validation/num_examples=50000
2025-03-08 04:55:40.513024: W tensorflow/core/kernels/data/prefetch_autotuner.cc:52] Prefetch autotuner tried to allocate 91453 bytes after encountering the first element of size 91453 bytes.This already causes the autotune ram budget to be exceeded. To stay within the ram budget, either increase the ram budget or reduce element size
I0308 04:56:00.600250 140185199154944 logging_writer.py:48] [110100] global_step=110100, grad_norm=2.807854652404785, loss=2.880222797393799
I0308 04:57:48.192010 140185115293440 logging_writer.py:48] [110200] global_step=110200, grad_norm=2.6863396167755127, loss=2.899559497833252
I0308 04:59:35.635680 140185199154944 logging_writer.py:48] [110300] global_step=110300, grad_norm=2.603004217147827, loss=2.9318814277648926
I0308 05:01:23.707027 140185115293440 logging_writer.py:48] [110400] global_step=110400, grad_norm=2.79398250579834, loss=2.9779601097106934
I0308 05:03:12.200147 140185199154944 logging_writer.py:48] [110500] global_step=110500, grad_norm=2.5718090534210205, loss=2.8914403915405273
I0308 05:03:26.415244 140341280416960 spec.py:321] Evaluating on the training split.
I0308 05:03:37.046627 140341280416960 spec.py:333] Evaluating on the validation split.
I0308 05:04:02.530349 140341280416960 spec.py:349] Evaluating on the test split.
I0308 05:04:04.279542 140341280416960 submission_runner.py:469] Time since start: 71593.73s, 	Step: 110514, 	{'train/accuracy': 0.8205915093421936, 'train/loss': 0.9008785486221313, 'validation/accuracy': 0.7108799815177917, 'validation/loss': 1.3629835844039917, 'validation/num_examples': 50000, 'test/accuracy': 0.5811000466346741, 'test/loss': 2.0012829303741455, 'test/num_examples': 10000, 'score': 65900.03963112831, 'total_duration': 71593.73402452469, 'accumulated_submission_time': 65900.03963112831, 'accumulated_eval_time': 5667.023441553116, 'accumulated_logging_time': 14.049530744552612}
I0308 05:04:04.338935 140185115293440 logging_writer.py:48] [110514] accumulated_eval_time=5667.02, accumulated_logging_time=14.0495, accumulated_submission_time=65900, global_step=110514, preemption_count=0, score=65900, test/accuracy=0.5811, test/loss=2.00128, test/num_examples=10000, total_duration=71593.7, train/accuracy=0.820592, train/loss=0.900879, validation/accuracy=0.71088, validation/loss=1.36298, validation/num_examples=50000
I0308 05:05:27.284065 140185199154944 logging_writer.py:48] [110600] global_step=110600, grad_norm=2.8386292457580566, loss=2.8888440132141113
I0308 05:07:14.222844 140185115293440 logging_writer.py:48] [110700] global_step=110700, grad_norm=2.614192485809326, loss=2.9472804069519043
I0308 05:09:01.431282 140185199154944 logging_writer.py:48] [110800] global_step=110800, grad_norm=2.807745933532715, loss=2.86118221282959
I0308 05:10:48.591380 140185115293440 logging_writer.py:48] [110900] global_step=110900, grad_norm=2.7156646251678467, loss=2.890474557876587
I0308 05:12:34.820793 140185199154944 logging_writer.py:48] [111000] global_step=111000, preemption_count=0, score=66410.4
I0308 05:12:36.274578 140341280416960 submission_runner.py:646] Tuning trial 2/5
I0308 05:12:36.300961 140341280416960 submission_runner.py:647] Hyperparameters: Hyperparameters(dropout_rate=0.0, label_smoothing=0.2, learning_rate=0.0008445074561975979, one_minus_beta1=0.11042418465, beta2=0.9978504782314613, weight_decay=0.08135402759553023, warmup_factor=0.05)
