python submission_runner.py --framework=jax --workload=imagenet_resnet --submission_path=prize_qualification_baselines/external_tuning/jax_nadamw_full_budget.py --data_dir=/data/imagenet/jax --num_tuning_trials=1 --experiment_dir=/experiment_runs --experiment_name=submissions/rolling_leaderboard/external_tuning/baseline/study_2 --overwrite=True --save_checkpoints=False --rng_seed=693073869 --imagenet_v2_data_dir=/data/imagenet/jax --tuning_ruleset=external --tuning_search_space=prize_qualification_baselines/external_tuning/tuning_search_space.json --num_tuning_trials=5 --hparam_start_index=4 --hparam_end_index=5 2>&1 | tee -a /logs/imagenet_resnet_jax_03-07-2025-09-40-16.log
2025-03-07 09:40:35.294217: E external/local_xla/xla/stream_executor/cuda/cuda_fft.cc:477] Unable to register cuFFT factory: Attempting to register factory for plugin cuFFT when one has already been registered
WARNING: All log messages before absl::InitializeLog() is called are written to STDERR
E0000 00:00:1741340435.943203       9 cuda_dnn.cc:8310] Unable to register cuDNN factory: Attempting to register factory for plugin cuDNN when one has already been registered
E0000 00:00:1741340436.110478       9 cuda_blas.cc:1418] Unable to register cuBLAS factory: Attempting to register factory for plugin cuBLAS when one has already been registered
ERROR:root:Unable to import wandb.
Traceback (most recent call last):
  File "/algorithmic-efficiency/algoperf/logger_utils.py", line 27, in <module>
    import wandb  # pylint: disable=g-import-not-at-top
    ^^^^^^^^^^^^
ModuleNotFoundError: No module named 'wandb'
I0307 09:41:27.945074 140269360194752 logger_utils.py:81] Creating experiment directory at /experiment_runs/submissions/rolling_leaderboard/external_tuning/baseline/study_2/imagenet_resnet_jax.
I0307 09:41:30.396692 140269360194752 xla_bridge.py:884] Unable to initialize backend 'rocm': NOT_FOUND: Could not find registered platform with name: "rocm". Available platform names are: CUDA
I0307 09:41:30.399326 140269360194752 xla_bridge.py:884] Unable to initialize backend 'tpu': INTERNAL: Failed to open libtpu.so: libtpu.so: cannot open shared object file: No such file or directory
I0307 09:41:30.432598 140269360194752 submission_runner.py:606] Using RNG seed 693073869
I0307 09:41:33.845730 140269360194752 submission_runner.py:615] --- Tuning run 5/5 ---
I0307 09:41:33.845924 140269360194752 submission_runner.py:620] Creating tuning directory at /experiment_runs/submissions/rolling_leaderboard/external_tuning/baseline/study_2/imagenet_resnet_jax/trial_5.
I0307 09:41:33.846104 140269360194752 logger_utils.py:97] Saving hparams to /experiment_runs/submissions/rolling_leaderboard/external_tuning/baseline/study_2/imagenet_resnet_jax/trial_5/hparams.json.
I0307 09:41:34.082225 140269360194752 submission_runner.py:218] Initializing dataset.
I0307 09:41:35.832822 140269360194752 dataset_info.py:690] Load dataset info from /data/imagenet/jax/imagenet2012/5.1.0
I0307 09:41:36.203908 140269360194752 reader.py:261] Creating a tf.data.Dataset reading 1024 files located in folders: /data/imagenet/jax/imagenet2012/5.1.0.
I0307 09:41:36.625178 140269360194752 logging_logger.py:49] Constructing tf.data.Dataset imagenet2012 for split train, from /data/imagenet/jax/imagenet2012/5.1.0
I0307 09:41:38.788639 140269360194752 submission_runner.py:229] Initializing model.
I0307 09:42:04.066573 140269360194752 submission_runner.py:272] Initializing optimizer.
I0307 09:42:05.282492 140269360194752 submission_runner.py:279] Initializing metrics bundle.
I0307 09:42:05.282773 140269360194752 submission_runner.py:301] Initializing checkpoint and logger.
I0307 09:42:05.283909 140269360194752 checkpoints.py:1101] Found no checkpoint files in /experiment_runs/submissions/rolling_leaderboard/external_tuning/baseline/study_2/imagenet_resnet_jax/trial_5 with prefix checkpoint_
I0307 09:42:05.284020 140269360194752 submission_runner.py:321] Saving meta data to /experiment_runs/submissions/rolling_leaderboard/external_tuning/baseline/study_2/imagenet_resnet_jax/trial_5/meta_data_0.json.
I0307 09:42:05.804260 140269360194752 submission_runner.py:325] Saving flags to /experiment_runs/submissions/rolling_leaderboard/external_tuning/baseline/study_2/imagenet_resnet_jax/trial_5/flags_0.json.
I0307 09:42:06.142502 140269360194752 submission_runner.py:337] Starting training loop.
I0307 09:43:04.295576 140129721108224 logging_writer.py:48] [0] global_step=0, grad_norm=0.6830531358718872, loss=6.926575183868408
I0307 09:43:04.757829 140269360194752 spec.py:321] Evaluating on the training split.
I0307 09:43:05.220353 140269360194752 dataset_info.py:690] Load dataset info from /data/imagenet/jax/imagenet2012/5.1.0
I0307 09:43:05.245158 140269360194752 reader.py:261] Creating a tf.data.Dataset reading 1024 files located in folders: /data/imagenet/jax/imagenet2012/5.1.0.
I0307 09:43:05.287672 140269360194752 logging_logger.py:49] Constructing tf.data.Dataset imagenet2012 for split train, from /data/imagenet/jax/imagenet2012/5.1.0
I0307 09:43:24.623477 140269360194752 spec.py:333] Evaluating on the validation split.
I0307 09:43:25.195522 140269360194752 dataset_info.py:690] Load dataset info from /data/imagenet/jax/imagenet2012/5.1.0
I0307 09:43:25.229462 140269360194752 reader.py:261] Creating a tf.data.Dataset reading 64 files located in folders: /data/imagenet/jax/imagenet2012/5.1.0.
I0307 09:43:25.488714 140269360194752 logging_logger.py:49] Constructing tf.data.Dataset imagenet2012 for split validation, from /data/imagenet/jax/imagenet2012/5.1.0
I0307 09:44:06.310711 140269360194752 spec.py:349] Evaluating on the test split.
I0307 09:44:06.783484 140269360194752 dataset_info.py:690] Load dataset info from /data/imagenet/jax/imagenet_v2/matched-frequency/3.0.0
I0307 09:44:06.812406 140269360194752 reader.py:261] Creating a tf.data.Dataset reading 16 files located in folders: /data/imagenet/jax/imagenet_v2/matched-frequency/3.0.0.
I0307 09:44:06.852528 140269360194752 logging_logger.py:49] Constructing tf.data.Dataset imagenet_v2 for split test, from /data/imagenet/jax/imagenet_v2/matched-frequency/3.0.0
I0307 09:44:29.576589 140269360194752 submission_runner.py:469] Time since start: 143.43s, 	Step: 1, 	{'train/accuracy': 0.0009167729294858873, 'train/loss': 6.912870407104492, 'validation/accuracy': 0.0009399999980814755, 'validation/loss': 6.913017272949219, 'validation/num_examples': 50000, 'test/accuracy': 0.0010999999940395355, 'test/loss': 6.913171291351318, 'test/num_examples': 10000, 'score': 58.6150918006897, 'total_duration': 143.4340283870697, 'accumulated_submission_time': 58.6150918006897, 'accumulated_eval_time': 84.81869649887085, 'accumulated_logging_time': 0}
I0307 09:44:29.593466 140113493350144 logging_writer.py:48] [1] accumulated_eval_time=84.8187, accumulated_logging_time=0, accumulated_submission_time=58.6151, global_step=1, preemption_count=0, score=58.6151, test/accuracy=0.0011, test/loss=6.91317, test/num_examples=10000, total_duration=143.434, train/accuracy=0.000916773, train/loss=6.91287, validation/accuracy=0.00094, validation/loss=6.91302, validation/num_examples=50000
I0307 09:45:05.578701 140113484957440 logging_writer.py:48] [100] global_step=100, grad_norm=0.663215160369873, loss=6.820517063140869
I0307 09:45:41.426388 140113493350144 logging_writer.py:48] [200] global_step=200, grad_norm=0.8021809458732605, loss=6.518763542175293
I0307 09:46:18.103839 140113484957440 logging_writer.py:48] [300] global_step=300, grad_norm=0.910335898399353, loss=6.363659858703613
I0307 09:46:57.832573 140113493350144 logging_writer.py:48] [400] global_step=400, grad_norm=1.690433144569397, loss=5.9973344802856445
I0307 09:47:36.336384 140113484957440 logging_writer.py:48] [500] global_step=500, grad_norm=3.230761766433716, loss=5.913553714752197
I0307 09:48:14.859207 140113493350144 logging_writer.py:48] [600] global_step=600, grad_norm=4.4572038650512695, loss=5.684897422790527
I0307 09:48:53.316070 140113484957440 logging_writer.py:48] [700] global_step=700, grad_norm=3.9148809909820557, loss=5.452893257141113
I0307 09:49:32.250900 140113493350144 logging_writer.py:48] [800] global_step=800, grad_norm=2.681248426437378, loss=5.272940158843994
I0307 09:50:10.651373 140113484957440 logging_writer.py:48] [900] global_step=900, grad_norm=3.0304312705993652, loss=5.21433687210083
I0307 09:50:49.342757 140113493350144 logging_writer.py:48] [1000] global_step=1000, grad_norm=5.455102443695068, loss=5.076584815979004
I0307 09:51:27.932575 140113484957440 logging_writer.py:48] [1100] global_step=1100, grad_norm=4.508203983306885, loss=5.009580135345459
I0307 09:52:06.403159 140113493350144 logging_writer.py:48] [1200] global_step=1200, grad_norm=4.796982288360596, loss=4.834217071533203
I0307 09:52:45.010694 140113484957440 logging_writer.py:48] [1300] global_step=1300, grad_norm=4.535736560821533, loss=4.775853633880615
I0307 09:52:59.632722 140269360194752 spec.py:321] Evaluating on the training split.
I0307 09:53:11.374308 140269360194752 spec.py:333] Evaluating on the validation split.
I0307 09:53:29.728194 140269360194752 spec.py:349] Evaluating on the test split.
I0307 09:53:31.681696 140269360194752 submission_runner.py:469] Time since start: 685.54s, 	Step: 1339, 	{'train/accuracy': 0.15929926931858063, 'train/loss': 4.339805603027344, 'validation/accuracy': 0.13293999433517456, 'validation/loss': 4.56612491607666, 'validation/num_examples': 50000, 'test/accuracy': 0.09910000115633011, 'test/loss': 5.026389122009277, 'test/num_examples': 10000, 'score': 568.4661321640015, 'total_duration': 685.5391473770142, 'accumulated_submission_time': 568.4661321640015, 'accumulated_eval_time': 116.86762952804565, 'accumulated_logging_time': 0.03965926170349121}
I0307 09:53:31.707851 140113501742848 logging_writer.py:48] [1339] accumulated_eval_time=116.868, accumulated_logging_time=0.0396593, accumulated_submission_time=568.466, global_step=1339, preemption_count=0, score=568.466, test/accuracy=0.0991, test/loss=5.02639, test/num_examples=10000, total_duration=685.539, train/accuracy=0.159299, train/loss=4.33981, validation/accuracy=0.13294, validation/loss=4.56612, validation/num_examples=50000
I0307 09:53:55.584006 140113510135552 logging_writer.py:48] [1400] global_step=1400, grad_norm=4.356955051422119, loss=4.582529067993164
I0307 09:54:33.864528 140113501742848 logging_writer.py:48] [1500] global_step=1500, grad_norm=6.494131565093994, loss=4.620140552520752
I0307 09:55:12.569330 140113510135552 logging_writer.py:48] [1600] global_step=1600, grad_norm=5.0473527908325195, loss=4.327848434448242
I0307 09:55:50.745071 140113501742848 logging_writer.py:48] [1700] global_step=1700, grad_norm=3.501056671142578, loss=4.2329816818237305
I0307 09:56:29.324434 140113510135552 logging_writer.py:48] [1800] global_step=1800, grad_norm=5.722610950469971, loss=4.212774753570557
I0307 09:57:07.815404 140113501742848 logging_writer.py:48] [1900] global_step=1900, grad_norm=3.4604310989379883, loss=4.118921756744385
I0307 09:57:45.952387 140113510135552 logging_writer.py:48] [2000] global_step=2000, grad_norm=5.120789527893066, loss=4.067012310028076
I0307 09:58:24.742531 140113501742848 logging_writer.py:48] [2100] global_step=2100, grad_norm=8.424397468566895, loss=4.098839282989502
I0307 09:59:03.135371 140113510135552 logging_writer.py:48] [2200] global_step=2200, grad_norm=7.069026470184326, loss=3.9518067836761475
I0307 09:59:41.876770 140113501742848 logging_writer.py:48] [2300] global_step=2300, grad_norm=5.0526957511901855, loss=3.7798643112182617
I0307 10:00:20.402484 140113510135552 logging_writer.py:48] [2400] global_step=2400, grad_norm=4.510568141937256, loss=3.8173441886901855
I0307 10:00:58.723264 140113501742848 logging_writer.py:48] [2500] global_step=2500, grad_norm=5.8033318519592285, loss=3.853733539581299
I0307 10:01:36.746494 140113510135552 logging_writer.py:48] [2600] global_step=2600, grad_norm=4.320291519165039, loss=3.6297414302825928
I0307 10:02:01.729107 140269360194752 spec.py:321] Evaluating on the training split.
I0307 10:02:13.398901 140269360194752 spec.py:333] Evaluating on the validation split.
I0307 10:02:43.582166 140269360194752 spec.py:349] Evaluating on the test split.
I0307 10:02:45.421936 140269360194752 submission_runner.py:469] Time since start: 1239.28s, 	Step: 2666, 	{'train/accuracy': 0.3227439224720001, 'train/loss': 3.161668062210083, 'validation/accuracy': 0.26872000098228455, 'validation/loss': 3.495527982711792, 'validation/num_examples': 50000, 'test/accuracy': 0.19840000569820404, 'test/loss': 4.071988582611084, 'test/num_examples': 10000, 'score': 1078.3304996490479, 'total_duration': 1239.279393196106, 'accumulated_submission_time': 1078.3304996490479, 'accumulated_eval_time': 160.56041884422302, 'accumulated_logging_time': 0.07461929321289062}
I0307 10:02:45.462120 140113501742848 logging_writer.py:48] [2666] accumulated_eval_time=160.56, accumulated_logging_time=0.0746193, accumulated_submission_time=1078.33, global_step=2666, preemption_count=0, score=1078.33, test/accuracy=0.1984, test/loss=4.07199, test/num_examples=10000, total_duration=1239.28, train/accuracy=0.322744, train/loss=3.16167, validation/accuracy=0.26872, validation/loss=3.49553, validation/num_examples=50000
I0307 10:02:58.935106 140113510135552 logging_writer.py:48] [2700] global_step=2700, grad_norm=5.221268653869629, loss=3.6775784492492676
I0307 10:03:37.103693 140113501742848 logging_writer.py:48] [2800] global_step=2800, grad_norm=3.5901076793670654, loss=3.602325201034546
I0307 10:04:15.346223 140113510135552 logging_writer.py:48] [2900] global_step=2900, grad_norm=3.508469343185425, loss=3.5297179222106934
I0307 10:04:53.672155 140113501742848 logging_writer.py:48] [3000] global_step=3000, grad_norm=4.023029804229736, loss=3.4009652137756348
I0307 10:05:31.831944 140113510135552 logging_writer.py:48] [3100] global_step=3100, grad_norm=2.4826505184173584, loss=3.3800015449523926
I0307 10:06:10.192187 140113501742848 logging_writer.py:48] [3200] global_step=3200, grad_norm=2.9145562648773193, loss=3.3101859092712402
I0307 10:06:48.489883 140113510135552 logging_writer.py:48] [3300] global_step=3300, grad_norm=3.5313780307769775, loss=3.276738405227661
I0307 10:07:26.736442 140113501742848 logging_writer.py:48] [3400] global_step=3400, grad_norm=4.707274436950684, loss=3.3092896938323975
I0307 10:08:05.151461 140113510135552 logging_writer.py:48] [3500] global_step=3500, grad_norm=3.432161569595337, loss=3.1023917198181152
I0307 10:08:43.491523 140113501742848 logging_writer.py:48] [3600] global_step=3600, grad_norm=2.6732442378997803, loss=3.206785202026367
I0307 10:09:22.077778 140113510135552 logging_writer.py:48] [3700] global_step=3700, grad_norm=3.3437774181365967, loss=3.135862112045288
I0307 10:10:00.327393 140113501742848 logging_writer.py:48] [3800] global_step=3800, grad_norm=2.5083858966827393, loss=3.06058931350708
I0307 10:10:39.004535 140113510135552 logging_writer.py:48] [3900] global_step=3900, grad_norm=2.4678103923797607, loss=3.178008794784546
I0307 10:11:15.562222 140269360194752 spec.py:321] Evaluating on the training split.
I0307 10:11:27.852575 140269360194752 spec.py:333] Evaluating on the validation split.
I0307 10:11:53.589128 140269360194752 spec.py:349] Evaluating on the test split.
I0307 10:11:55.366770 140269360194752 submission_runner.py:469] Time since start: 1789.22s, 	Step: 3997, 	{'train/accuracy': 0.44738519191741943, 'train/loss': 2.45143723487854, 'validation/accuracy': 0.3901599943637848, 'validation/loss': 2.781484842300415, 'validation/num_examples': 50000, 'test/accuracy': 0.28690001368522644, 'test/loss': 3.502551794052124, 'test/num_examples': 10000, 'score': 1588.2982215881348, 'total_duration': 1789.2242217063904, 'accumulated_submission_time': 1588.2982215881348, 'accumulated_eval_time': 200.36492466926575, 'accumulated_logging_time': 0.12267780303955078}
I0307 10:11:55.375420 140113501742848 logging_writer.py:48] [3997] accumulated_eval_time=200.365, accumulated_logging_time=0.122678, accumulated_submission_time=1588.3, global_step=3997, preemption_count=0, score=1588.3, test/accuracy=0.2869, test/loss=3.50255, test/num_examples=10000, total_duration=1789.22, train/accuracy=0.447385, train/loss=2.45144, validation/accuracy=0.39016, validation/loss=2.78148, validation/num_examples=50000
I0307 10:11:56.973180 140113510135552 logging_writer.py:48] [4000] global_step=4000, grad_norm=2.693354606628418, loss=2.906696081161499
I0307 10:12:35.674386 140113501742848 logging_writer.py:48] [4100] global_step=4100, grad_norm=2.72468900680542, loss=2.912506580352783
I0307 10:13:13.983416 140113510135552 logging_writer.py:48] [4200] global_step=4200, grad_norm=2.977430582046509, loss=2.997119188308716
I0307 10:13:51.949317 140113501742848 logging_writer.py:48] [4300] global_step=4300, grad_norm=4.620981216430664, loss=2.984483480453491
I0307 10:14:30.455219 140113510135552 logging_writer.py:48] [4400] global_step=4400, grad_norm=3.0128941535949707, loss=2.6900217533111572
I0307 10:15:08.643000 140113501742848 logging_writer.py:48] [4500] global_step=4500, grad_norm=2.9130048751831055, loss=2.867155075073242
I0307 10:15:47.141093 140113510135552 logging_writer.py:48] [4600] global_step=4600, grad_norm=2.9250824451446533, loss=2.8065643310546875
I0307 10:16:25.732305 140113501742848 logging_writer.py:48] [4700] global_step=4700, grad_norm=2.000159978866577, loss=2.7241482734680176
I0307 10:17:03.968852 140113510135552 logging_writer.py:48] [4800] global_step=4800, grad_norm=2.2885019779205322, loss=2.649359703063965
I0307 10:17:42.235953 140113501742848 logging_writer.py:48] [4900] global_step=4900, grad_norm=2.6559250354766846, loss=2.639115810394287
I0307 10:18:20.599918 140113510135552 logging_writer.py:48] [5000] global_step=5000, grad_norm=2.7453620433807373, loss=2.6547040939331055
I0307 10:18:58.761642 140113501742848 logging_writer.py:48] [5100] global_step=5100, grad_norm=2.5766851902008057, loss=2.7399258613586426
I0307 10:19:37.485056 140113510135552 logging_writer.py:48] [5200] global_step=5200, grad_norm=2.242777109146118, loss=2.6115920543670654
I0307 10:20:15.743388 140113501742848 logging_writer.py:48] [5300] global_step=5300, grad_norm=1.8216148614883423, loss=2.5784077644348145
I0307 10:20:25.430803 140269360194752 spec.py:321] Evaluating on the training split.
I0307 10:20:36.455264 140269360194752 spec.py:333] Evaluating on the validation split.
I0307 10:20:58.750937 140269360194752 spec.py:349] Evaluating on the test split.
I0307 10:21:00.587963 140269360194752 submission_runner.py:469] Time since start: 2334.45s, 	Step: 5326, 	{'train/accuracy': 0.5285993218421936, 'train/loss': 2.0123300552368164, 'validation/accuracy': 0.4635799825191498, 'validation/loss': 2.3488736152648926, 'validation/num_examples': 50000, 'test/accuracy': 0.3582000136375427, 'test/loss': 3.0545520782470703, 'test/num_examples': 10000, 'score': 2098.2309913635254, 'total_duration': 2334.445417404175, 'accumulated_submission_time': 2098.2309913635254, 'accumulated_eval_time': 235.52203559875488, 'accumulated_logging_time': 0.13881325721740723}
I0307 10:21:00.598844 140113510135552 logging_writer.py:48] [5326] accumulated_eval_time=235.522, accumulated_logging_time=0.138813, accumulated_submission_time=2098.23, global_step=5326, preemption_count=0, score=2098.23, test/accuracy=0.3582, test/loss=3.05455, test/num_examples=10000, total_duration=2334.45, train/accuracy=0.528599, train/loss=2.01233, validation/accuracy=0.46358, validation/loss=2.34887, validation/num_examples=50000
I0307 10:21:29.480749 140113501742848 logging_writer.py:48] [5400] global_step=5400, grad_norm=1.8289562463760376, loss=2.446624755859375
I0307 10:22:07.795722 140113510135552 logging_writer.py:48] [5500] global_step=5500, grad_norm=2.195208787918091, loss=2.595261335372925
I0307 10:22:45.996367 140113501742848 logging_writer.py:48] [5600] global_step=5600, grad_norm=1.7635507583618164, loss=2.5264928340911865
I0307 10:23:24.607307 140113510135552 logging_writer.py:48] [5700] global_step=5700, grad_norm=2.6158034801483154, loss=2.3838255405426025
I0307 10:24:02.860207 140113501742848 logging_writer.py:48] [5800] global_step=5800, grad_norm=1.837444543838501, loss=2.5437357425689697
I0307 10:24:41.205165 140113510135552 logging_writer.py:48] [5900] global_step=5900, grad_norm=1.9520378112792969, loss=2.5319881439208984
I0307 10:25:19.618751 140113501742848 logging_writer.py:48] [6000] global_step=6000, grad_norm=1.8523952960968018, loss=2.2593984603881836
I0307 10:25:58.231981 140113510135552 logging_writer.py:48] [6100] global_step=6100, grad_norm=2.6535468101501465, loss=2.519881248474121
I0307 10:26:36.447461 140113501742848 logging_writer.py:48] [6200] global_step=6200, grad_norm=2.564018726348877, loss=2.4897022247314453
I0307 10:27:15.162730 140113510135552 logging_writer.py:48] [6300] global_step=6300, grad_norm=2.2568953037261963, loss=2.3830952644348145
I0307 10:27:53.773367 140113501742848 logging_writer.py:48] [6400] global_step=6400, grad_norm=2.2046072483062744, loss=2.327843189239502
I0307 10:28:31.589343 140113510135552 logging_writer.py:48] [6500] global_step=6500, grad_norm=1.756917119026184, loss=2.380685806274414
I0307 10:29:10.050139 140113501742848 logging_writer.py:48] [6600] global_step=6600, grad_norm=1.3469158411026, loss=2.361929178237915
I0307 10:29:30.806160 140269360194752 spec.py:321] Evaluating on the training split.
I0307 10:29:43.123934 140269360194752 spec.py:333] Evaluating on the validation split.
I0307 10:30:03.471783 140269360194752 spec.py:349] Evaluating on the test split.
I0307 10:30:05.290632 140269360194752 submission_runner.py:469] Time since start: 2879.15s, 	Step: 6655, 	{'train/accuracy': 0.5837053656578064, 'train/loss': 1.7373634576797485, 'validation/accuracy': 0.5206400156021118, 'validation/loss': 2.0676352977752686, 'validation/num_examples': 50000, 'test/accuracy': 0.40390002727508545, 'test/loss': 2.8003625869750977, 'test/num_examples': 10000, 'score': 2608.3175547122955, 'total_duration': 2879.148097515106, 'accumulated_submission_time': 2608.3175547122955, 'accumulated_eval_time': 270.0064697265625, 'accumulated_logging_time': 0.15894794464111328}
I0307 10:30:05.300420 140113510135552 logging_writer.py:48] [6655] accumulated_eval_time=270.006, accumulated_logging_time=0.158948, accumulated_submission_time=2608.32, global_step=6655, preemption_count=0, score=2608.32, test/accuracy=0.4039, test/loss=2.80036, test/num_examples=10000, total_duration=2879.15, train/accuracy=0.583705, train/loss=1.73736, validation/accuracy=0.52064, validation/loss=2.06764, validation/num_examples=50000
I0307 10:30:22.811837 140113501742848 logging_writer.py:48] [6700] global_step=6700, grad_norm=2.4017672538757324, loss=2.366241693496704
I0307 10:31:01.142249 140113510135552 logging_writer.py:48] [6800] global_step=6800, grad_norm=1.814501166343689, loss=2.2836289405822754
I0307 10:31:39.475072 140113501742848 logging_writer.py:48] [6900] global_step=6900, grad_norm=2.4843029975891113, loss=2.325871229171753
I0307 10:32:17.861720 140113510135552 logging_writer.py:48] [7000] global_step=7000, grad_norm=1.7321351766586304, loss=2.3274898529052734
I0307 10:32:56.299780 140113501742848 logging_writer.py:48] [7100] global_step=7100, grad_norm=2.1793482303619385, loss=2.388915538787842
I0307 10:33:34.761454 140113510135552 logging_writer.py:48] [7200] global_step=7200, grad_norm=2.3897223472595215, loss=2.2528271675109863
I0307 10:34:13.093378 140113501742848 logging_writer.py:48] [7300] global_step=7300, grad_norm=1.689428448677063, loss=2.2106735706329346
I0307 10:34:51.614878 140113510135552 logging_writer.py:48] [7400] global_step=7400, grad_norm=2.458198070526123, loss=2.2372121810913086
I0307 10:35:30.395366 140113501742848 logging_writer.py:48] [7500] global_step=7500, grad_norm=1.7488958835601807, loss=2.214707851409912
I0307 10:36:08.741877 140113510135552 logging_writer.py:48] [7600] global_step=7600, grad_norm=1.8849444389343262, loss=2.295290946960449
I0307 10:36:47.131597 140113501742848 logging_writer.py:48] [7700] global_step=7700, grad_norm=1.9495843648910522, loss=2.159383773803711
I0307 10:37:25.415663 140113510135552 logging_writer.py:48] [7800] global_step=7800, grad_norm=1.837335467338562, loss=2.269416570663452
I0307 10:38:03.703809 140113501742848 logging_writer.py:48] [7900] global_step=7900, grad_norm=2.1353635787963867, loss=2.2290375232696533
I0307 10:38:35.545899 140269360194752 spec.py:321] Evaluating on the training split.
I0307 10:38:47.867175 140269360194752 spec.py:333] Evaluating on the validation split.
I0307 10:39:11.056960 140269360194752 spec.py:349] Evaluating on the test split.
I0307 10:39:12.852138 140269360194752 submission_runner.py:469] Time since start: 3426.71s, 	Step: 7984, 	{'train/accuracy': 0.5759526491165161, 'train/loss': 1.7723933458328247, 'validation/accuracy': 0.5143200159072876, 'validation/loss': 2.112335205078125, 'validation/num_examples': 50000, 'test/accuracy': 0.4068000316619873, 'test/loss': 2.8483917713165283, 'test/num_examples': 10000, 'score': 3118.4493594169617, 'total_duration': 3426.7095811367035, 'accumulated_submission_time': 3118.4493594169617, 'accumulated_eval_time': 307.3126537799835, 'accumulated_logging_time': 0.1769120693206787}
I0307 10:39:12.887671 140113510135552 logging_writer.py:48] [7984] accumulated_eval_time=307.313, accumulated_logging_time=0.176912, accumulated_submission_time=3118.45, global_step=7984, preemption_count=0, score=3118.45, test/accuracy=0.4068, test/loss=2.84839, test/num_examples=10000, total_duration=3426.71, train/accuracy=0.575953, train/loss=1.77239, validation/accuracy=0.51432, validation/loss=2.11234, validation/num_examples=50000
I0307 10:39:19.432397 140113501742848 logging_writer.py:48] [8000] global_step=8000, grad_norm=1.9713166952133179, loss=2.297680616378784
I0307 10:39:57.780664 140113510135552 logging_writer.py:48] [8100] global_step=8100, grad_norm=1.4830079078674316, loss=2.233353614807129
I0307 10:40:35.791523 140113501742848 logging_writer.py:48] [8200] global_step=8200, grad_norm=1.9213095903396606, loss=2.2533984184265137
I0307 10:41:14.093527 140113510135552 logging_writer.py:48] [8300] global_step=8300, grad_norm=2.475339889526367, loss=2.1628475189208984
I0307 10:41:52.578997 140113501742848 logging_writer.py:48] [8400] global_step=8400, grad_norm=1.6949623823165894, loss=2.1339004039764404
I0307 10:42:31.016814 140113510135552 logging_writer.py:48] [8500] global_step=8500, grad_norm=1.89836847782135, loss=2.1317989826202393
I0307 10:43:09.257637 140113501742848 logging_writer.py:48] [8600] global_step=8600, grad_norm=2.1867756843566895, loss=2.1412460803985596
I0307 10:43:47.535580 140113510135552 logging_writer.py:48] [8700] global_step=8700, grad_norm=3.1546883583068848, loss=2.227102518081665
I0307 10:44:25.743383 140113501742848 logging_writer.py:48] [8800] global_step=8800, grad_norm=1.6126893758773804, loss=2.2167558670043945
I0307 10:45:04.058339 140113510135552 logging_writer.py:48] [8900] global_step=8900, grad_norm=1.5750048160552979, loss=2.2080748081207275
I0307 10:45:42.576358 140113501742848 logging_writer.py:48] [9000] global_step=9000, grad_norm=2.4016127586364746, loss=2.140387773513794
I0307 10:46:20.765367 140113510135552 logging_writer.py:48] [9100] global_step=9100, grad_norm=1.5848798751831055, loss=2.1799893379211426
I0307 10:46:59.245479 140113501742848 logging_writer.py:48] [9200] global_step=9200, grad_norm=1.8268464803695679, loss=2.143129348754883
I0307 10:47:37.500868 140113510135552 logging_writer.py:48] [9300] global_step=9300, grad_norm=1.7473498582839966, loss=2.122877359390259
I0307 10:47:42.951999 140269360194752 spec.py:321] Evaluating on the training split.
I0307 10:47:57.379104 140269360194752 spec.py:333] Evaluating on the validation split.
I0307 10:48:19.008237 140269360194752 spec.py:349] Evaluating on the test split.
I0307 10:48:20.844331 140269360194752 submission_runner.py:469] Time since start: 3974.70s, 	Step: 9315, 	{'train/accuracy': 0.6282286047935486, 'train/loss': 1.5050336122512817, 'validation/accuracy': 0.5659399628639221, 'validation/loss': 1.846015453338623, 'validation/num_examples': 50000, 'test/accuracy': 0.43560001254081726, 'test/loss': 2.6101667881011963, 'test/num_examples': 10000, 'score': 3628.3923115730286, 'total_duration': 3974.701777458191, 'accumulated_submission_time': 3628.3923115730286, 'accumulated_eval_time': 345.2049353122711, 'accumulated_logging_time': 0.22958660125732422}
I0307 10:48:20.897357 140113501742848 logging_writer.py:48] [9315] accumulated_eval_time=345.205, accumulated_logging_time=0.229587, accumulated_submission_time=3628.39, global_step=9315, preemption_count=0, score=3628.39, test/accuracy=0.4356, test/loss=2.61017, test/num_examples=10000, total_duration=3974.7, train/accuracy=0.628229, train/loss=1.50503, validation/accuracy=0.56594, validation/loss=1.84602, validation/num_examples=50000
I0307 10:48:54.021864 140113510135552 logging_writer.py:48] [9400] global_step=9400, grad_norm=1.8125693798065186, loss=2.1745333671569824
I0307 10:49:32.580025 140113501742848 logging_writer.py:48] [9500] global_step=9500, grad_norm=1.7843691110610962, loss=2.086123466491699
I0307 10:50:10.834532 140113510135552 logging_writer.py:48] [9600] global_step=9600, grad_norm=1.607786774635315, loss=2.001619815826416
I0307 10:50:49.854155 140113501742848 logging_writer.py:48] [9700] global_step=9700, grad_norm=1.8691864013671875, loss=2.246298313140869
I0307 10:51:27.447018 140113510135552 logging_writer.py:48] [9800] global_step=9800, grad_norm=1.6718504428863525, loss=2.0924293994903564
I0307 10:52:04.895569 140113501742848 logging_writer.py:48] [9900] global_step=9900, grad_norm=1.6597670316696167, loss=2.1400485038757324
I0307 10:52:42.370667 140113510135552 logging_writer.py:48] [10000] global_step=10000, grad_norm=1.7007826566696167, loss=2.11286997795105
I0307 10:53:20.310193 140113501742848 logging_writer.py:48] [10100] global_step=10100, grad_norm=1.3838926553726196, loss=1.9326856136322021
I0307 10:53:59.552800 140113510135552 logging_writer.py:48] [10200] global_step=10200, grad_norm=2.1135754585266113, loss=2.1002490520477295
I0307 10:54:38.055062 140113501742848 logging_writer.py:48] [10300] global_step=10300, grad_norm=2.2171406745910645, loss=2.0943102836608887
I0307 10:55:16.143958 140113510135552 logging_writer.py:48] [10400] global_step=10400, grad_norm=1.5809142589569092, loss=1.9743685722351074
I0307 10:55:53.930890 140113501742848 logging_writer.py:48] [10500] global_step=10500, grad_norm=1.6758077144622803, loss=2.186243772506714
I0307 10:56:31.918528 140113510135552 logging_writer.py:48] [10600] global_step=10600, grad_norm=1.87233567237854, loss=1.9913532733917236
I0307 10:56:51.161594 140269360194752 spec.py:321] Evaluating on the training split.
I0307 10:57:10.466158 140269360194752 spec.py:333] Evaluating on the validation split.
I0307 10:57:30.985671 140269360194752 spec.py:349] Evaluating on the test split.
I0307 10:57:32.791955 140269360194752 submission_runner.py:469] Time since start: 4526.65s, 	Step: 10652, 	{'train/accuracy': 0.6330716013908386, 'train/loss': 1.4845244884490967, 'validation/accuracy': 0.5704399943351746, 'validation/loss': 1.81955087184906, 'validation/num_examples': 50000, 'test/accuracy': 0.4433000087738037, 'test/loss': 2.587620735168457, 'test/num_examples': 10000, 'score': 4138.432383060455, 'total_duration': 4526.649419307709, 'accumulated_submission_time': 4138.432383060455, 'accumulated_eval_time': 386.835266828537, 'accumulated_logging_time': 0.3533949851989746}
I0307 10:57:32.842817 140113501742848 logging_writer.py:48] [10652] accumulated_eval_time=386.835, accumulated_logging_time=0.353395, accumulated_submission_time=4138.43, global_step=10652, preemption_count=0, score=4138.43, test/accuracy=0.4433, test/loss=2.58762, test/num_examples=10000, total_duration=4526.65, train/accuracy=0.633072, train/loss=1.48452, validation/accuracy=0.57044, validation/loss=1.81955, validation/num_examples=50000
I0307 10:57:51.665482 140113510135552 logging_writer.py:48] [10700] global_step=10700, grad_norm=1.5723479986190796, loss=2.0078611373901367
I0307 10:58:30.328018 140113501742848 logging_writer.py:48] [10800] global_step=10800, grad_norm=1.9787386655807495, loss=2.1050682067871094
I0307 10:59:08.770083 140113510135552 logging_writer.py:48] [10900] global_step=10900, grad_norm=1.9295446872711182, loss=1.930757999420166
I0307 10:59:47.250238 140113501742848 logging_writer.py:48] [11000] global_step=11000, grad_norm=1.8576140403747559, loss=1.9885883331298828
I0307 11:00:25.076431 140113510135552 logging_writer.py:48] [11100] global_step=11100, grad_norm=2.0323855876922607, loss=2.0420424938201904
I0307 11:01:03.365010 140113501742848 logging_writer.py:48] [11200] global_step=11200, grad_norm=1.8318570852279663, loss=2.071500539779663
I0307 11:01:42.249073 140113510135552 logging_writer.py:48] [11300] global_step=11300, grad_norm=1.7511690855026245, loss=1.8775655031204224
I0307 11:02:21.225349 140113501742848 logging_writer.py:48] [11400] global_step=11400, grad_norm=1.7819936275482178, loss=2.0871999263763428
I0307 11:02:59.834990 140113510135552 logging_writer.py:48] [11500] global_step=11500, grad_norm=1.7542637586593628, loss=2.069477081298828
I0307 11:03:38.242435 140113501742848 logging_writer.py:48] [11600] global_step=11600, grad_norm=1.5260775089263916, loss=1.9744329452514648
I0307 11:04:16.826261 140113510135552 logging_writer.py:48] [11700] global_step=11700, grad_norm=1.924141526222229, loss=2.16121244430542
I0307 11:04:54.816973 140113501742848 logging_writer.py:48] [11800] global_step=11800, grad_norm=1.6586512327194214, loss=1.9621647596359253
I0307 11:05:32.620424 140113510135552 logging_writer.py:48] [11900] global_step=11900, grad_norm=1.699436068534851, loss=1.9104377031326294
I0307 11:06:02.954004 140269360194752 spec.py:321] Evaluating on the training split.
I0307 11:06:18.849689 140269360194752 spec.py:333] Evaluating on the validation split.
I0307 11:06:45.101799 140269360194752 spec.py:349] Evaluating on the test split.
I0307 11:06:46.918140 140269360194752 submission_runner.py:469] Time since start: 5080.78s, 	Step: 11980, 	{'train/accuracy': 0.6530413031578064, 'train/loss': 1.4080978631973267, 'validation/accuracy': 0.5837599635124207, 'validation/loss': 1.747476577758789, 'validation/num_examples': 50000, 'test/accuracy': 0.4571000337600708, 'test/loss': 2.503089427947998, 'test/num_examples': 10000, 'score': 4648.388277292252, 'total_duration': 5080.775400400162, 'accumulated_submission_time': 4648.388277292252, 'accumulated_eval_time': 430.79916405677795, 'accumulated_logging_time': 0.4122931957244873}
I0307 11:06:47.027956 140113501742848 logging_writer.py:48] [11980] accumulated_eval_time=430.799, accumulated_logging_time=0.412293, accumulated_submission_time=4648.39, global_step=11980, preemption_count=0, score=4648.39, test/accuracy=0.4571, test/loss=2.50309, test/num_examples=10000, total_duration=5080.78, train/accuracy=0.653041, train/loss=1.4081, validation/accuracy=0.58376, validation/loss=1.74748, validation/num_examples=50000
I0307 11:06:55.343070 140113510135552 logging_writer.py:48] [12000] global_step=12000, grad_norm=1.4174143075942993, loss=1.9411078691482544
I0307 11:07:34.097242 140113501742848 logging_writer.py:48] [12100] global_step=12100, grad_norm=1.3946574926376343, loss=1.8697127103805542
I0307 11:08:12.506685 140113510135552 logging_writer.py:48] [12200] global_step=12200, grad_norm=1.6745115518569946, loss=1.988908290863037
I0307 11:08:51.006578 140113501742848 logging_writer.py:48] [12300] global_step=12300, grad_norm=1.6229137182235718, loss=1.9463844299316406
I0307 11:09:29.844938 140113510135552 logging_writer.py:48] [12400] global_step=12400, grad_norm=1.5618659257888794, loss=2.0154712200164795
I0307 11:10:08.393934 140113501742848 logging_writer.py:48] [12500] global_step=12500, grad_norm=1.7253981828689575, loss=1.96806800365448
I0307 11:10:47.490186 140113510135552 logging_writer.py:48] [12600] global_step=12600, grad_norm=1.6195638179779053, loss=2.038149356842041
I0307 11:11:25.912706 140113501742848 logging_writer.py:48] [12700] global_step=12700, grad_norm=2.093858480453491, loss=1.8900645971298218
I0307 11:12:04.283917 140113510135552 logging_writer.py:48] [12800] global_step=12800, grad_norm=2.0049705505371094, loss=1.8327397108078003
I0307 11:12:42.293372 140113501742848 logging_writer.py:48] [12900] global_step=12900, grad_norm=1.4910296201705933, loss=2.0715041160583496
I0307 11:13:19.970302 140113510135552 logging_writer.py:48] [13000] global_step=13000, grad_norm=1.9243282079696655, loss=1.9227344989776611
I0307 11:13:58.169037 140113501742848 logging_writer.py:48] [13100] global_step=13100, grad_norm=1.7069118022918701, loss=1.999550700187683
I0307 11:14:36.746358 140113510135552 logging_writer.py:48] [13200] global_step=13200, grad_norm=1.5522059202194214, loss=1.9086880683898926
I0307 11:15:15.436881 140113501742848 logging_writer.py:48] [13300] global_step=13300, grad_norm=1.5470161437988281, loss=1.9295315742492676
I0307 11:15:17.052013 140269360194752 spec.py:321] Evaluating on the training split.
I0307 11:15:35.720291 140269360194752 spec.py:333] Evaluating on the validation split.
I0307 11:15:59.946770 140269360194752 spec.py:349] Evaluating on the test split.
I0307 11:16:01.776948 140269360194752 submission_runner.py:469] Time since start: 5635.63s, 	Step: 13305, 	{'train/accuracy': 0.6422991156578064, 'train/loss': 1.4485238790512085, 'validation/accuracy': 0.5745999813079834, 'validation/loss': 1.811006784439087, 'validation/num_examples': 50000, 'test/accuracy': 0.45570001006126404, 'test/loss': 2.5664117336273193, 'test/num_examples': 10000, 'score': 5158.23425412178, 'total_duration': 5635.634290218353, 'accumulated_submission_time': 5158.23425412178, 'accumulated_eval_time': 475.5239474773407, 'accumulated_logging_time': 0.5558822154998779}
I0307 11:16:01.904516 140113510135552 logging_writer.py:48] [13305] accumulated_eval_time=475.524, accumulated_logging_time=0.555882, accumulated_submission_time=5158.23, global_step=13305, preemption_count=0, score=5158.23, test/accuracy=0.4557, test/loss=2.56641, test/num_examples=10000, total_duration=5635.63, train/accuracy=0.642299, train/loss=1.44852, validation/accuracy=0.5746, validation/loss=1.81101, validation/num_examples=50000
I0307 11:16:38.948614 140113501742848 logging_writer.py:48] [13400] global_step=13400, grad_norm=1.442712664604187, loss=2.039867877960205
I0307 11:17:17.361500 140113510135552 logging_writer.py:48] [13500] global_step=13500, grad_norm=1.7169846296310425, loss=1.9472659826278687
I0307 11:17:55.701013 140113501742848 logging_writer.py:48] [13600] global_step=13600, grad_norm=2.048778533935547, loss=1.8972198963165283
I0307 11:18:33.955759 140113510135552 logging_writer.py:48] [13700] global_step=13700, grad_norm=1.784193992614746, loss=1.9830137491226196
I0307 11:19:12.752497 140113501742848 logging_writer.py:48] [13800] global_step=13800, grad_norm=2.0215365886688232, loss=1.9565502405166626
I0307 11:19:51.640107 140113510135552 logging_writer.py:48] [13900] global_step=13900, grad_norm=1.6089277267456055, loss=1.9581639766693115
I0307 11:20:30.462486 140113501742848 logging_writer.py:48] [14000] global_step=14000, grad_norm=1.9624545574188232, loss=2.039368152618408
I0307 11:21:09.017021 140113510135552 logging_writer.py:48] [14100] global_step=14100, grad_norm=2.1248788833618164, loss=1.8290386199951172
I0307 11:21:47.840934 140113501742848 logging_writer.py:48] [14200] global_step=14200, grad_norm=1.7111314535140991, loss=2.001514434814453
I0307 11:22:26.314525 140113510135552 logging_writer.py:48] [14300] global_step=14300, grad_norm=1.7615163326263428, loss=1.9657902717590332
I0307 11:23:05.387449 140113501742848 logging_writer.py:48] [14400] global_step=14400, grad_norm=1.4957252740859985, loss=1.901557445526123
I0307 11:23:44.440990 140113510135552 logging_writer.py:48] [14500] global_step=14500, grad_norm=1.9680595397949219, loss=1.8810025453567505
I0307 11:24:22.931217 140113501742848 logging_writer.py:48] [14600] global_step=14600, grad_norm=1.3949921131134033, loss=1.897658109664917
I0307 11:24:31.945409 140269360194752 spec.py:321] Evaluating on the training split.
I0307 11:24:49.534463 140269360194752 spec.py:333] Evaluating on the validation split.
I0307 11:25:15.548472 140269360194752 spec.py:349] Evaluating on the test split.
I0307 11:25:17.374550 140269360194752 submission_runner.py:469] Time since start: 6191.23s, 	Step: 14624, 	{'train/accuracy': 0.6447703838348389, 'train/loss': 1.4218053817749023, 'validation/accuracy': 0.5844399929046631, 'validation/loss': 1.7558026313781738, 'validation/num_examples': 50000, 'test/accuracy': 0.457800030708313, 'test/loss': 2.5262722969055176, 'test/num_examples': 10000, 'score': 5668.10534119606, 'total_duration': 6191.2318522930145, 'accumulated_submission_time': 5668.10534119606, 'accumulated_eval_time': 520.9528930187225, 'accumulated_logging_time': 0.7134666442871094}
I0307 11:25:17.602625 140113510135552 logging_writer.py:48] [14624] accumulated_eval_time=520.953, accumulated_logging_time=0.713467, accumulated_submission_time=5668.11, global_step=14624, preemption_count=0, score=5668.11, test/accuracy=0.4578, test/loss=2.52627, test/num_examples=10000, total_duration=6191.23, train/accuracy=0.64477, train/loss=1.42181, validation/accuracy=0.58444, validation/loss=1.7558, validation/num_examples=50000
I0307 11:25:47.455156 140113501742848 logging_writer.py:48] [14700] global_step=14700, grad_norm=1.5197323560714722, loss=1.8379815816879272
I0307 11:26:26.245136 140113510135552 logging_writer.py:48] [14800] global_step=14800, grad_norm=1.718106985092163, loss=2.004469633102417
I0307 11:27:05.194625 140113501742848 logging_writer.py:48] [14900] global_step=14900, grad_norm=1.6301428079605103, loss=1.9194886684417725
I0307 11:27:43.804765 140113510135552 logging_writer.py:48] [15000] global_step=15000, grad_norm=1.7758264541625977, loss=1.9721732139587402
I0307 11:28:22.887666 140113501742848 logging_writer.py:48] [15100] global_step=15100, grad_norm=1.5363324880599976, loss=1.946427583694458
I0307 11:29:01.487810 140113510135552 logging_writer.py:48] [15200] global_step=15200, grad_norm=1.5562353134155273, loss=1.8368223905563354
I0307 11:29:39.885241 140113501742848 logging_writer.py:48] [15300] global_step=15300, grad_norm=1.8004597425460815, loss=1.9650994539260864
I0307 11:30:18.637257 140113510135552 logging_writer.py:48] [15400] global_step=15400, grad_norm=1.5399928092956543, loss=1.8244366645812988
I0307 11:30:57.479857 140113501742848 logging_writer.py:48] [15500] global_step=15500, grad_norm=1.4560915231704712, loss=1.9445966482162476
I0307 11:31:36.468815 140113510135552 logging_writer.py:48] [15600] global_step=15600, grad_norm=1.553924322128296, loss=1.9055421352386475
I0307 11:32:15.000278 140113501742848 logging_writer.py:48] [15700] global_step=15700, grad_norm=1.388205885887146, loss=1.9271793365478516
I0307 11:32:53.615182 140113510135552 logging_writer.py:48] [15800] global_step=15800, grad_norm=1.4651098251342773, loss=1.8731358051300049
I0307 11:33:32.410062 140113501742848 logging_writer.py:48] [15900] global_step=15900, grad_norm=1.6017707586288452, loss=1.9930628538131714
I0307 11:33:47.426223 140269360194752 spec.py:321] Evaluating on the training split.
I0307 11:34:05.739765 140269360194752 spec.py:333] Evaluating on the validation split.
I0307 11:34:27.133446 140269360194752 spec.py:349] Evaluating on the test split.
I0307 11:34:28.966145 140269360194752 submission_runner.py:469] Time since start: 6742.82s, 	Step: 15940, 	{'train/accuracy': 0.6671914458274841, 'train/loss': 1.3173516988754272, 'validation/accuracy': 0.5956999659538269, 'validation/loss': 1.6901887655258179, 'validation/num_examples': 50000, 'test/accuracy': 0.47350001335144043, 'test/loss': 2.4337799549102783, 'test/num_examples': 10000, 'score': 6177.7375519275665, 'total_duration': 6742.823451757431, 'accumulated_submission_time': 6177.7375519275665, 'accumulated_eval_time': 562.4926252365112, 'accumulated_logging_time': 0.9937787055969238}
I0307 11:34:29.078784 140113510135552 logging_writer.py:48] [15940] accumulated_eval_time=562.493, accumulated_logging_time=0.993779, accumulated_submission_time=6177.74, global_step=15940, preemption_count=0, score=6177.74, test/accuracy=0.4735, test/loss=2.43378, test/num_examples=10000, total_duration=6742.82, train/accuracy=0.667191, train/loss=1.31735, validation/accuracy=0.5957, validation/loss=1.69019, validation/num_examples=50000
I0307 11:34:52.818861 140113501742848 logging_writer.py:48] [16000] global_step=16000, grad_norm=1.6936208009719849, loss=1.9138424396514893
I0307 11:35:30.963744 140113510135552 logging_writer.py:48] [16100] global_step=16100, grad_norm=1.784651517868042, loss=1.8866721391677856
I0307 11:36:09.608474 140113501742848 logging_writer.py:48] [16200] global_step=16200, grad_norm=1.4729427099227905, loss=1.85649836063385
I0307 11:36:48.876317 140113510135552 logging_writer.py:48] [16300] global_step=16300, grad_norm=1.4765976667404175, loss=1.9959142208099365
I0307 11:37:27.448184 140113501742848 logging_writer.py:48] [16400] global_step=16400, grad_norm=1.8632155656814575, loss=1.918017864227295
I0307 11:38:05.230446 140113510135552 logging_writer.py:48] [16500] global_step=16500, grad_norm=1.6219477653503418, loss=1.8145099878311157
I0307 11:38:43.300370 140113501742848 logging_writer.py:48] [16600] global_step=16600, grad_norm=1.5869840383529663, loss=1.7225971221923828
I0307 11:39:22.127983 140113510135552 logging_writer.py:48] [16700] global_step=16700, grad_norm=1.6078596115112305, loss=1.8994194269180298
I0307 11:40:01.055849 140113501742848 logging_writer.py:48] [16800] global_step=16800, grad_norm=1.874774694442749, loss=1.9243379831314087
I0307 11:40:39.803929 140113510135552 logging_writer.py:48] [16900] global_step=16900, grad_norm=1.8421598672866821, loss=1.8707292079925537
I0307 11:41:18.726642 140113501742848 logging_writer.py:48] [17000] global_step=17000, grad_norm=1.9654121398925781, loss=1.7779587507247925
I0307 11:41:58.383366 140113510135552 logging_writer.py:48] [17100] global_step=17100, grad_norm=1.639663577079773, loss=1.7555557489395142
I0307 11:42:37.988259 140113501742848 logging_writer.py:48] [17200] global_step=17200, grad_norm=1.6848517656326294, loss=1.7483806610107422
I0307 11:42:59.182842 140269360194752 spec.py:321] Evaluating on the training split.
I0307 11:43:15.742362 140269360194752 spec.py:333] Evaluating on the validation split.
I0307 11:43:43.465777 140269360194752 spec.py:349] Evaluating on the test split.
I0307 11:43:45.277578 140269360194752 submission_runner.py:469] Time since start: 7299.13s, 	Step: 17256, 	{'train/accuracy': 0.6512874364852905, 'train/loss': 1.3997085094451904, 'validation/accuracy': 0.5823999643325806, 'validation/loss': 1.7467749118804932, 'validation/num_examples': 50000, 'test/accuracy': 0.4626000225543976, 'test/loss': 2.470266580581665, 'test/num_examples': 10000, 'score': 6687.620101690292, 'total_duration': 7299.134912014008, 'accumulated_submission_time': 6687.620101690292, 'accumulated_eval_time': 608.5871965885162, 'accumulated_logging_time': 1.1844618320465088}
I0307 11:43:45.399837 140113510135552 logging_writer.py:48] [17256] accumulated_eval_time=608.587, accumulated_logging_time=1.18446, accumulated_submission_time=6687.62, global_step=17256, preemption_count=0, score=6687.62, test/accuracy=0.4626, test/loss=2.47027, test/num_examples=10000, total_duration=7299.13, train/accuracy=0.651287, train/loss=1.39971, validation/accuracy=0.5824, validation/loss=1.74677, validation/num_examples=50000
I0307 11:44:02.753366 140113501742848 logging_writer.py:48] [17300] global_step=17300, grad_norm=1.6938543319702148, loss=1.79339599609375
I0307 11:44:41.436980 140113510135552 logging_writer.py:48] [17400] global_step=17400, grad_norm=2.1973283290863037, loss=1.8789533376693726
I0307 11:45:20.039654 140113501742848 logging_writer.py:48] [17500] global_step=17500, grad_norm=1.7755664587020874, loss=1.9151368141174316
I0307 11:45:58.499193 140113510135552 logging_writer.py:48] [17600] global_step=17600, grad_norm=1.3378287553787231, loss=1.8217582702636719
I0307 11:46:37.246506 140113501742848 logging_writer.py:48] [17700] global_step=17700, grad_norm=1.5905890464782715, loss=1.7689038515090942
I0307 11:47:15.994706 140113510135552 logging_writer.py:48] [17800] global_step=17800, grad_norm=2.209287643432617, loss=1.9244205951690674
I0307 11:47:54.574873 140113501742848 logging_writer.py:48] [17900] global_step=17900, grad_norm=1.4994434118270874, loss=1.8329542875289917
I0307 11:48:33.302317 140113510135552 logging_writer.py:48] [18000] global_step=18000, grad_norm=1.4877067804336548, loss=1.809689998626709
I0307 11:49:11.728576 140113501742848 logging_writer.py:48] [18100] global_step=18100, grad_norm=1.9222400188446045, loss=1.9268174171447754
I0307 11:49:50.174148 140113510135552 logging_writer.py:48] [18200] global_step=18200, grad_norm=1.509545922279358, loss=1.7310361862182617
I0307 11:50:29.003522 140113501742848 logging_writer.py:48] [18300] global_step=18300, grad_norm=1.639892339706421, loss=1.821257472038269
I0307 11:51:07.396600 140113510135552 logging_writer.py:48] [18400] global_step=18400, grad_norm=1.8420919179916382, loss=1.7463603019714355
I0307 11:51:45.761573 140113501742848 logging_writer.py:48] [18500] global_step=18500, grad_norm=1.7309046983718872, loss=1.8622162342071533
I0307 11:52:15.552068 140269360194752 spec.py:321] Evaluating on the training split.
I0307 11:52:30.237575 140269360194752 spec.py:333] Evaluating on the validation split.
I0307 11:52:53.700980 140269360194752 spec.py:349] Evaluating on the test split.
