python submission_runner.py --framework=jax --workload=imagenet_resnet --submission_path=prize_qualification_baselines/external_tuning/jax_nadamw_full_budget.py --data_dir=/data/imagenet/jax --num_tuning_trials=1 --experiment_dir=/experiment_runs --experiment_name=submissions/rolling_leaderboard/external_tuning/baseline/study_2 --overwrite=True --save_checkpoints=False --rng_seed=1913974348 --imagenet_v2_data_dir=/data/imagenet/jax --tuning_ruleset=external --tuning_search_space=prize_qualification_baselines/external_tuning/tuning_search_space.json --num_tuning_trials=5 --hparam_start_index=1 --hparam_end_index=2 2>&1 | tee -a /logs/imagenet_resnet_jax_03-07-2025-09-08-57.log
2025-03-07 09:09:16.991062: E external/local_xla/xla/stream_executor/cuda/cuda_fft.cc:477] Unable to register cuFFT factory: Attempting to register factory for plugin cuFFT when one has already been registered
WARNING: All log messages before absl::InitializeLog() is called are written to STDERR
E0000 00:00:1741338557.529740       9 cuda_dnn.cc:8310] Unable to register cuDNN factory: Attempting to register factory for plugin cuDNN when one has already been registered
E0000 00:00:1741338557.803568       9 cuda_blas.cc:1418] Unable to register cuBLAS factory: Attempting to register factory for plugin cuBLAS when one has already been registered
ERROR:root:Unable to import wandb.
Traceback (most recent call last):
  File "/algorithmic-efficiency/algoperf/logger_utils.py", line 27, in <module>
    import wandb  # pylint: disable=g-import-not-at-top
    ^^^^^^^^^^^^
ModuleNotFoundError: No module named 'wandb'
I0307 09:10:11.715808 140341280416960 logger_utils.py:81] Creating experiment directory at /experiment_runs/submissions/rolling_leaderboard/external_tuning/baseline/study_2/imagenet_resnet_jax.
I0307 09:10:14.533249 140341280416960 xla_bridge.py:884] Unable to initialize backend 'rocm': NOT_FOUND: Could not find registered platform with name: "rocm". Available platform names are: CUDA
I0307 09:10:14.535896 140341280416960 xla_bridge.py:884] Unable to initialize backend 'tpu': INTERNAL: Failed to open libtpu.so: libtpu.so: cannot open shared object file: No such file or directory
I0307 09:10:14.547962 140341280416960 submission_runner.py:606] Using RNG seed 1913974348
I0307 09:10:18.230722 140341280416960 submission_runner.py:615] --- Tuning run 2/5 ---
I0307 09:10:18.230933 140341280416960 submission_runner.py:620] Creating tuning directory at /experiment_runs/submissions/rolling_leaderboard/external_tuning/baseline/study_2/imagenet_resnet_jax/trial_2.
I0307 09:10:18.231137 140341280416960 logger_utils.py:97] Saving hparams to /experiment_runs/submissions/rolling_leaderboard/external_tuning/baseline/study_2/imagenet_resnet_jax/trial_2/hparams.json.
I0307 09:10:18.494422 140341280416960 submission_runner.py:218] Initializing dataset.
I0307 09:10:20.244759 140341280416960 dataset_info.py:690] Load dataset info from /data/imagenet/jax/imagenet2012/5.1.0
I0307 09:10:20.587433 140341280416960 reader.py:261] Creating a tf.data.Dataset reading 1024 files located in folders: /data/imagenet/jax/imagenet2012/5.1.0.
I0307 09:10:21.029396 140341280416960 logging_logger.py:49] Constructing tf.data.Dataset imagenet2012 for split train, from /data/imagenet/jax/imagenet2012/5.1.0
I0307 09:10:23.127061 140341280416960 submission_runner.py:229] Initializing model.
I0307 09:10:48.427298 140341280416960 submission_runner.py:272] Initializing optimizer.
I0307 09:10:49.673656 140341280416960 submission_runner.py:279] Initializing metrics bundle.
I0307 09:10:49.673914 140341280416960 submission_runner.py:301] Initializing checkpoint and logger.
I0307 09:10:49.675014 140341280416960 checkpoints.py:1101] Found no checkpoint files in /experiment_runs/submissions/rolling_leaderboard/external_tuning/baseline/study_2/imagenet_resnet_jax/trial_2 with prefix checkpoint_
I0307 09:10:49.675117 140341280416960 submission_runner.py:321] Saving meta data to /experiment_runs/submissions/rolling_leaderboard/external_tuning/baseline/study_2/imagenet_resnet_jax/trial_2/meta_data_0.json.
I0307 09:10:50.148058 140341280416960 submission_runner.py:325] Saving flags to /experiment_runs/submissions/rolling_leaderboard/external_tuning/baseline/study_2/imagenet_resnet_jax/trial_2/flags_0.json.
I0307 09:10:50.545468 140341280416960 submission_runner.py:337] Starting training loop.
I0307 09:11:49.407627 140203717007104 logging_writer.py:48] [0] global_step=0, grad_norm=0.5600300431251526, loss=6.929930210113525
I0307 09:11:49.758421 140341280416960 spec.py:321] Evaluating on the training split.
I0307 09:11:50.229048 140341280416960 dataset_info.py:690] Load dataset info from /data/imagenet/jax/imagenet2012/5.1.0
I0307 09:11:50.252980 140341280416960 reader.py:261] Creating a tf.data.Dataset reading 1024 files located in folders: /data/imagenet/jax/imagenet2012/5.1.0.
I0307 09:11:50.295510 140341280416960 logging_logger.py:49] Constructing tf.data.Dataset imagenet2012 for split train, from /data/imagenet/jax/imagenet2012/5.1.0
I0307 09:12:10.211842 140341280416960 spec.py:333] Evaluating on the validation split.
I0307 09:12:10.766417 140341280416960 dataset_info.py:690] Load dataset info from /data/imagenet/jax/imagenet2012/5.1.0
I0307 09:12:10.776494 140341280416960 reader.py:261] Creating a tf.data.Dataset reading 64 files located in folders: /data/imagenet/jax/imagenet2012/5.1.0.
I0307 09:12:10.818217 140341280416960 logging_logger.py:49] Constructing tf.data.Dataset imagenet2012 for split validation, from /data/imagenet/jax/imagenet2012/5.1.0
I0307 09:13:07.104239 140341280416960 spec.py:349] Evaluating on the test split.
I0307 09:13:07.568081 140341280416960 dataset_info.py:690] Load dataset info from /data/imagenet/jax/imagenet_v2/matched-frequency/3.0.0
I0307 09:13:07.583574 140341280416960 reader.py:261] Creating a tf.data.Dataset reading 16 files located in folders: /data/imagenet/jax/imagenet_v2/matched-frequency/3.0.0.
I0307 09:13:07.621815 140341280416960 logging_logger.py:49] Constructing tf.data.Dataset imagenet_v2 for split test, from /data/imagenet/jax/imagenet_v2/matched-frequency/3.0.0
I0307 09:13:38.232288 140341280416960 submission_runner.py:469] Time since start: 167.69s, 	Step: 1, 	{'train/accuracy': 0.0012954400153830647, 'train/loss': 6.912797927856445, 'validation/accuracy': 0.0011399999493733048, 'validation/loss': 6.913561820983887, 'validation/num_examples': 50000, 'test/accuracy': 0.0013000001199543476, 'test/loss': 6.9131364822387695, 'test/num_examples': 10000, 'score': 59.212727785110474, 'total_duration': 167.68675565719604, 'accumulated_submission_time': 59.212727785110474, 'accumulated_eval_time': 108.47379875183105, 'accumulated_logging_time': 0}
I0307 09:13:38.241264 140185106900736 logging_writer.py:48] [1] accumulated_eval_time=108.474, accumulated_logging_time=0, accumulated_submission_time=59.2127, global_step=1, preemption_count=0, score=59.2127, test/accuracy=0.0013, test/loss=6.91314, test/num_examples=10000, total_duration=167.687, train/accuracy=0.00129544, train/loss=6.9128, validation/accuracy=0.00114, validation/loss=6.91356, validation/num_examples=50000
I0307 09:14:14.673571 140185098508032 logging_writer.py:48] [100] global_step=100, grad_norm=0.5658280849456787, loss=6.906854629516602
I0307 09:14:50.865248 140185106900736 logging_writer.py:48] [200] global_step=200, grad_norm=0.5409868955612183, loss=6.854202747344971
I0307 09:15:28.028105 140185098508032 logging_writer.py:48] [300] global_step=300, grad_norm=0.578217089176178, loss=6.773313522338867
I0307 09:16:05.473165 140185106900736 logging_writer.py:48] [400] global_step=400, grad_norm=0.624371349811554, loss=6.704167366027832
I0307 09:16:43.143657 140185098508032 logging_writer.py:48] [500] global_step=500, grad_norm=0.6532341241836548, loss=6.6011881828308105
I0307 09:17:20.981941 140185106900736 logging_writer.py:48] [600] global_step=600, grad_norm=0.6771021485328674, loss=6.535096168518066
I0307 09:17:58.427652 140185098508032 logging_writer.py:48] [700] global_step=700, grad_norm=0.8336561322212219, loss=6.469560623168945
I0307 09:18:35.726277 140185106900736 logging_writer.py:48] [800] global_step=800, grad_norm=0.8668092489242554, loss=6.326044082641602
I0307 09:19:13.645770 140185098508032 logging_writer.py:48] [900] global_step=900, grad_norm=1.2594208717346191, loss=6.293898582458496
I0307 09:19:51.418997 140185106900736 logging_writer.py:48] [1000] global_step=1000, grad_norm=2.3774828910827637, loss=6.263062953948975
I0307 09:20:29.075915 140185098508032 logging_writer.py:48] [1100] global_step=1100, grad_norm=2.6340484619140625, loss=6.214530944824219
I0307 09:21:07.090457 140185106900736 logging_writer.py:48] [1200] global_step=1200, grad_norm=2.3109312057495117, loss=6.160755157470703
I0307 09:21:45.225550 140185098508032 logging_writer.py:48] [1300] global_step=1300, grad_norm=2.1046693325042725, loss=6.05873441696167
I0307 09:22:08.581895 140341280416960 spec.py:321] Evaluating on the training split.
I0307 09:22:20.416714 140341280416960 spec.py:333] Evaluating on the validation split.
I0307 09:22:45.361738 140341280416960 spec.py:349] Evaluating on the test split.
I0307 09:22:47.406558 140341280416960 submission_runner.py:469] Time since start: 716.86s, 	Step: 1362, 	{'train/accuracy': 0.07712850719690323, 'train/loss': 5.349559307098389, 'validation/accuracy': 0.06757999956607819, 'validation/loss': 5.4484663009643555, 'validation/num_examples': 50000, 'test/accuracy': 0.049800001084804535, 'test/loss': 5.662440299987793, 'test/num_examples': 10000, 'score': 569.3144462108612, 'total_duration': 716.8610239028931, 'accumulated_submission_time': 569.3144462108612, 'accumulated_eval_time': 147.29842066764832, 'accumulated_logging_time': 0.0688316822052002}
I0307 09:22:47.445557 140185115293440 logging_writer.py:48] [1362] accumulated_eval_time=147.298, accumulated_logging_time=0.0688317, accumulated_submission_time=569.314, global_step=1362, preemption_count=0, score=569.314, test/accuracy=0.0498, test/loss=5.66244, test/num_examples=10000, total_duration=716.861, train/accuracy=0.0771285, train/loss=5.34956, validation/accuracy=0.06758, validation/loss=5.44847, validation/num_examples=50000
I0307 09:23:02.394142 140185199154944 logging_writer.py:48] [1400] global_step=1400, grad_norm=1.7150647640228271, loss=6.0218119621276855
I0307 09:23:39.975986 140185115293440 logging_writer.py:48] [1500] global_step=1500, grad_norm=1.68191397190094, loss=5.90260648727417
I0307 09:24:17.726043 140185199154944 logging_writer.py:48] [1600] global_step=1600, grad_norm=2.3123133182525635, loss=5.794893741607666
I0307 09:24:55.675587 140185115293440 logging_writer.py:48] [1700] global_step=1700, grad_norm=2.3853230476379395, loss=5.83419132232666
I0307 09:25:32.557730 140185199154944 logging_writer.py:48] [1800] global_step=1800, grad_norm=1.8039158582687378, loss=5.7961883544921875
I0307 09:26:09.608758 140185115293440 logging_writer.py:48] [1900] global_step=1900, grad_norm=2.519040584564209, loss=5.671475887298584
I0307 09:26:45.553888 140185199154944 logging_writer.py:48] [2000] global_step=2000, grad_norm=3.93233585357666, loss=5.653414249420166
I0307 09:27:23.658737 140185115293440 logging_writer.py:48] [2100] global_step=2100, grad_norm=2.1841533184051514, loss=5.684288501739502
I0307 09:28:02.651669 140185199154944 logging_writer.py:48] [2200] global_step=2200, grad_norm=4.70353364944458, loss=5.557809352874756
I0307 09:28:41.198748 140185115293440 logging_writer.py:48] [2300] global_step=2300, grad_norm=3.7651126384735107, loss=5.557110786437988
I0307 09:29:19.796590 140185199154944 logging_writer.py:48] [2400] global_step=2400, grad_norm=3.079007625579834, loss=5.533473014831543
I0307 09:29:58.858682 140185115293440 logging_writer.py:48] [2500] global_step=2500, grad_norm=4.678150177001953, loss=5.453505516052246
I0307 09:30:36.964147 140185199154944 logging_writer.py:48] [2600] global_step=2600, grad_norm=6.647884368896484, loss=5.406007766723633
I0307 09:31:14.820187 140185115293440 logging_writer.py:48] [2700] global_step=2700, grad_norm=3.4702212810516357, loss=5.391486167907715
I0307 09:31:17.532889 140341280416960 spec.py:321] Evaluating on the training split.
I0307 09:31:29.421383 140341280416960 spec.py:333] Evaluating on the validation split.
I0307 09:31:58.535661 140341280416960 spec.py:349] Evaluating on the test split.
I0307 09:32:00.340044 140341280416960 submission_runner.py:469] Time since start: 1269.79s, 	Step: 2708, 	{'train/accuracy': 0.17384804785251617, 'train/loss': 4.372182846069336, 'validation/accuracy': 0.15455999970436096, 'validation/loss': 4.523075103759766, 'validation/num_examples': 50000, 'test/accuracy': 0.10610000789165497, 'test/loss': 4.935251712799072, 'test/num_examples': 10000, 'score': 1079.2011749744415, 'total_duration': 1269.7945284843445, 'accumulated_submission_time': 1079.2011749744415, 'accumulated_eval_time': 190.10553526878357, 'accumulated_logging_time': 0.13519978523254395}
I0307 09:32:00.376116 140185199154944 logging_writer.py:48] [2708] accumulated_eval_time=190.106, accumulated_logging_time=0.1352, accumulated_submission_time=1079.2, global_step=2708, preemption_count=0, score=1079.2, test/accuracy=0.1061, test/loss=4.93525, test/num_examples=10000, total_duration=1269.79, train/accuracy=0.173848, train/loss=4.37218, validation/accuracy=0.15456, validation/loss=4.52308, validation/num_examples=50000
I0307 09:32:35.457562 140185115293440 logging_writer.py:48] [2800] global_step=2800, grad_norm=5.92131233215332, loss=5.369656085968018
I0307 09:33:13.024976 140185199154944 logging_writer.py:48] [2900] global_step=2900, grad_norm=2.3722195625305176, loss=5.376864910125732
I0307 09:33:50.620581 140185115293440 logging_writer.py:48] [3000] global_step=3000, grad_norm=6.241259574890137, loss=5.355695724487305
I0307 09:34:28.695029 140185199154944 logging_writer.py:48] [3100] global_step=3100, grad_norm=3.613929033279419, loss=5.237725257873535
I0307 09:35:06.614858 140185115293440 logging_writer.py:48] [3200] global_step=3200, grad_norm=3.1598992347717285, loss=5.207148551940918
I0307 09:35:44.629620 140185199154944 logging_writer.py:48] [3300] global_step=3300, grad_norm=3.218851327896118, loss=5.196260929107666
I0307 09:36:22.146424 140185115293440 logging_writer.py:48] [3400] global_step=3400, grad_norm=5.011895656585693, loss=5.135623455047607
I0307 09:37:00.274760 140185199154944 logging_writer.py:48] [3500] global_step=3500, grad_norm=4.987651348114014, loss=5.120098114013672
I0307 09:37:38.168514 140185115293440 logging_writer.py:48] [3600] global_step=3600, grad_norm=4.9357380867004395, loss=5.0919508934021
I0307 09:38:16.273304 140185199154944 logging_writer.py:48] [3700] global_step=3700, grad_norm=5.151635646820068, loss=5.064823150634766
I0307 09:38:54.218441 140185115293440 logging_writer.py:48] [3800] global_step=3800, grad_norm=6.753452777862549, loss=4.955253601074219
I0307 09:39:32.916743 140185199154944 logging_writer.py:48] [3900] global_step=3900, grad_norm=7.0828022956848145, loss=4.898430824279785
I0307 09:40:11.108723 140185115293440 logging_writer.py:48] [4000] global_step=4000, grad_norm=3.9803993701934814, loss=4.910226821899414
I0307 09:40:30.387976 140341280416960 spec.py:321] Evaluating on the training split.
I0307 09:40:41.689589 140341280416960 spec.py:333] Evaluating on the validation split.
I0307 09:41:06.643229 140341280416960 spec.py:349] Evaluating on the test split.
I0307 09:41:08.458469 140341280416960 submission_runner.py:469] Time since start: 1817.91s, 	Step: 4051, 	{'train/accuracy': 0.2845184803009033, 'train/loss': 3.656397819519043, 'validation/accuracy': 0.24833999574184418, 'validation/loss': 3.841278314590454, 'validation/num_examples': 50000, 'test/accuracy': 0.18820001184940338, 'test/loss': 4.302127838134766, 'test/num_examples': 10000, 'score': 1588.9874997138977, 'total_duration': 1817.9129548072815, 'accumulated_submission_time': 1588.9874997138977, 'accumulated_eval_time': 228.17598390579224, 'accumulated_logging_time': 0.25188350677490234}
I0307 09:41:08.468127 140185199154944 logging_writer.py:48] [4051] accumulated_eval_time=228.176, accumulated_logging_time=0.251884, accumulated_submission_time=1588.99, global_step=4051, preemption_count=0, score=1588.99, test/accuracy=0.1882, test/loss=4.30213, test/num_examples=10000, total_duration=1817.91, train/accuracy=0.284518, train/loss=3.6564, validation/accuracy=0.24834, validation/loss=3.84128, validation/num_examples=50000
I0307 09:41:27.309099 140185115293440 logging_writer.py:48] [4100] global_step=4100, grad_norm=2.8897759914398193, loss=4.884088516235352
I0307 09:42:05.461556 140185199154944 logging_writer.py:48] [4200] global_step=4200, grad_norm=4.931957721710205, loss=4.82418155670166
I0307 09:42:43.790040 140185115293440 logging_writer.py:48] [4300] global_step=4300, grad_norm=3.2365760803222656, loss=4.871560096740723
I0307 09:43:21.772936 140185199154944 logging_writer.py:48] [4400] global_step=4400, grad_norm=3.452584981918335, loss=4.820710182189941
I0307 09:43:59.368741 140185115293440 logging_writer.py:48] [4500] global_step=4500, grad_norm=5.012513637542725, loss=4.754664421081543
I0307 09:44:37.523078 140185199154944 logging_writer.py:48] [4600] global_step=4600, grad_norm=4.605938911437988, loss=4.719996929168701
I0307 09:45:15.907669 140185115293440 logging_writer.py:48] [4700] global_step=4700, grad_norm=3.8326215744018555, loss=4.7343878746032715
I0307 09:45:54.072274 140185199154944 logging_writer.py:48] [4800] global_step=4800, grad_norm=3.4671010971069336, loss=4.767484664916992
I0307 09:46:32.359563 140185115293440 logging_writer.py:48] [4900] global_step=4900, grad_norm=5.362948894500732, loss=4.642853260040283
I0307 09:47:10.196598 140185199154944 logging_writer.py:48] [5000] global_step=5000, grad_norm=3.0226101875305176, loss=4.593481063842773
I0307 09:47:48.578944 140185115293440 logging_writer.py:48] [5100] global_step=5100, grad_norm=3.2251975536346436, loss=4.599917411804199
I0307 09:48:27.225218 140185199154944 logging_writer.py:48] [5200] global_step=5200, grad_norm=3.2373178005218506, loss=4.541524887084961
I0307 09:49:05.211926 140185115293440 logging_writer.py:48] [5300] global_step=5300, grad_norm=2.831369638442993, loss=4.527207374572754
I0307 09:49:38.618655 140341280416960 spec.py:321] Evaluating on the training split.
I0307 09:49:49.576697 140341280416960 spec.py:333] Evaluating on the validation split.
I0307 09:50:12.986879 140341280416960 spec.py:349] Evaluating on the test split.
I0307 09:50:14.745579 140341280416960 submission_runner.py:469] Time since start: 2364.20s, 	Step: 5389, 	{'train/accuracy': 0.3719308078289032, 'train/loss': 3.036378860473633, 'validation/accuracy': 0.3323200047016144, 'validation/loss': 3.238503932952881, 'validation/num_examples': 50000, 'test/accuracy': 0.2510000169277191, 'test/loss': 3.8246071338653564, 'test/num_examples': 10000, 'score': 2098.994063138962, 'total_duration': 2364.200074195862, 'accumulated_submission_time': 2098.994063138962, 'accumulated_eval_time': 264.302875995636, 'accumulated_logging_time': 0.2702193260192871}
I0307 09:50:14.807504 140185199154944 logging_writer.py:48] [5389] accumulated_eval_time=264.303, accumulated_logging_time=0.270219, accumulated_submission_time=2098.99, global_step=5389, preemption_count=0, score=2098.99, test/accuracy=0.251, test/loss=3.82461, test/num_examples=10000, total_duration=2364.2, train/accuracy=0.371931, train/loss=3.03638, validation/accuracy=0.33232, validation/loss=3.2385, validation/num_examples=50000
I0307 09:50:19.518803 140185115293440 logging_writer.py:48] [5400] global_step=5400, grad_norm=3.7520151138305664, loss=4.544654369354248
I0307 09:50:57.218364 140185199154944 logging_writer.py:48] [5500] global_step=5500, grad_norm=2.342186689376831, loss=4.480306625366211
I0307 09:51:35.266237 140185115293440 logging_writer.py:48] [5600] global_step=5600, grad_norm=4.658933162689209, loss=4.49686861038208
I0307 09:52:13.586133 140185199154944 logging_writer.py:48] [5700] global_step=5700, grad_norm=4.551638603210449, loss=4.383743762969971
I0307 09:52:52.016871 140185115293440 logging_writer.py:48] [5800] global_step=5800, grad_norm=3.928983211517334, loss=4.372416019439697
I0307 09:53:29.994864 140185199154944 logging_writer.py:48] [5900] global_step=5900, grad_norm=3.703558921813965, loss=4.4711503982543945
I0307 09:54:08.396966 140185115293440 logging_writer.py:48] [6000] global_step=6000, grad_norm=2.6421473026275635, loss=4.493278503417969
I0307 09:54:46.369506 140185199154944 logging_writer.py:48] [6100] global_step=6100, grad_norm=4.787374496459961, loss=4.386558532714844
I0307 09:55:24.830857 140185115293440 logging_writer.py:48] [6200] global_step=6200, grad_norm=3.745093584060669, loss=4.372386455535889
I0307 09:56:03.023695 140185199154944 logging_writer.py:48] [6300] global_step=6300, grad_norm=4.4990129470825195, loss=4.384113311767578
I0307 09:56:41.359018 140185115293440 logging_writer.py:48] [6400] global_step=6400, grad_norm=3.1249139308929443, loss=4.32399320602417
I0307 09:57:19.542505 140185199154944 logging_writer.py:48] [6500] global_step=6500, grad_norm=2.8357584476470947, loss=4.308239936828613
I0307 09:57:58.028227 140185115293440 logging_writer.py:48] [6600] global_step=6600, grad_norm=3.1733739376068115, loss=4.339642524719238
I0307 09:58:36.278837 140185199154944 logging_writer.py:48] [6700] global_step=6700, grad_norm=4.490013122558594, loss=4.1960225105285645
I0307 09:58:45.077305 140341280416960 spec.py:321] Evaluating on the training split.
I0307 09:58:56.480315 140341280416960 spec.py:333] Evaluating on the validation split.
I0307 09:59:18.731874 140341280416960 spec.py:349] Evaluating on the test split.
I0307 09:59:20.564363 140341280416960 submission_runner.py:469] Time since start: 2910.02s, 	Step: 6724, 	{'train/accuracy': 0.4240274131298065, 'train/loss': 2.73190975189209, 'validation/accuracy': 0.38415998220443726, 'validation/loss': 2.949188470840454, 'validation/num_examples': 50000, 'test/accuracy': 0.28290000557899475, 'test/loss': 3.5845649242401123, 'test/num_examples': 10000, 'score': 2609.108383655548, 'total_duration': 2910.018846511841, 'accumulated_submission_time': 2609.108383655548, 'accumulated_eval_time': 299.7898905277252, 'accumulated_logging_time': 0.360884428024292}
I0307 09:59:20.610221 140185115293440 logging_writer.py:48] [6724] accumulated_eval_time=299.79, accumulated_logging_time=0.360884, accumulated_submission_time=2609.11, global_step=6724, preemption_count=0, score=2609.11, test/accuracy=0.2829, test/loss=3.58456, test/num_examples=10000, total_duration=2910.02, train/accuracy=0.424027, train/loss=2.73191, validation/accuracy=0.38416, validation/loss=2.94919, validation/num_examples=50000
I0307 09:59:50.275857 140185199154944 logging_writer.py:48] [6800] global_step=6800, grad_norm=4.2744221687316895, loss=4.360838890075684
I0307 10:00:28.420722 140185115293440 logging_writer.py:48] [6900] global_step=6900, grad_norm=3.727496385574341, loss=4.319457054138184
I0307 10:01:06.839840 140185199154944 logging_writer.py:48] [7000] global_step=7000, grad_norm=4.37588357925415, loss=4.185068607330322
I0307 10:01:45.186701 140185115293440 logging_writer.py:48] [7100] global_step=7100, grad_norm=1.9397634267807007, loss=4.265445232391357
I0307 10:02:23.709700 140185199154944 logging_writer.py:48] [7200] global_step=7200, grad_norm=2.2990126609802246, loss=4.142401695251465
I0307 10:03:01.816448 140185115293440 logging_writer.py:48] [7300] global_step=7300, grad_norm=2.5793349742889404, loss=4.16113805770874
I0307 10:03:39.874452 140185199154944 logging_writer.py:48] [7400] global_step=7400, grad_norm=2.538295269012451, loss=4.224664688110352
I0307 10:04:17.916331 140185115293440 logging_writer.py:48] [7500] global_step=7500, grad_norm=2.0826919078826904, loss=4.157361030578613
I0307 10:04:56.066501 140185199154944 logging_writer.py:48] [7600] global_step=7600, grad_norm=1.9327917098999023, loss=4.157741546630859
I0307 10:05:34.359607 140185115293440 logging_writer.py:48] [7700] global_step=7700, grad_norm=3.3368964195251465, loss=4.119132041931152
I0307 10:06:12.540611 140185199154944 logging_writer.py:48] [7800] global_step=7800, grad_norm=2.5270538330078125, loss=4.044083118438721
I0307 10:06:50.357146 140185115293440 logging_writer.py:48] [7900] global_step=7900, grad_norm=3.0205373764038086, loss=4.121147155761719
I0307 10:07:28.672076 140185199154944 logging_writer.py:48] [8000] global_step=8000, grad_norm=2.1549432277679443, loss=4.060245037078857
I0307 10:07:50.592934 140341280416960 spec.py:321] Evaluating on the training split.
I0307 10:08:02.095415 140341280416960 spec.py:333] Evaluating on the validation split.
I0307 10:08:25.211242 140341280416960 spec.py:349] Evaluating on the test split.
I0307 10:08:27.016484 140341280416960 submission_runner.py:469] Time since start: 3456.47s, 	Step: 8058, 	{'train/accuracy': 0.4624720811843872, 'train/loss': 2.4840662479400635, 'validation/accuracy': 0.4181399941444397, 'validation/loss': 2.70945143699646, 'validation/num_examples': 50000, 'test/accuracy': 0.3295000195503235, 'test/loss': 3.3195393085479736, 'test/num_examples': 10000, 'score': 3118.952538728714, 'total_duration': 3456.4709782600403, 'accumulated_submission_time': 3118.952538728714, 'accumulated_eval_time': 336.2134144306183, 'accumulated_logging_time': 0.4149470329284668}
I0307 10:08:27.085824 140185115293440 logging_writer.py:48] [8058] accumulated_eval_time=336.213, accumulated_logging_time=0.414947, accumulated_submission_time=3118.95, global_step=8058, preemption_count=0, score=3118.95, test/accuracy=0.3295, test/loss=3.31954, test/num_examples=10000, total_duration=3456.47, train/accuracy=0.462472, train/loss=2.48407, validation/accuracy=0.41814, validation/loss=2.70945, validation/num_examples=50000
I0307 10:08:43.501222 140185199154944 logging_writer.py:48] [8100] global_step=8100, grad_norm=2.9217424392700195, loss=4.112202167510986
I0307 10:09:21.831275 140185115293440 logging_writer.py:48] [8200] global_step=8200, grad_norm=1.9495234489440918, loss=4.116217613220215
I0307 10:09:59.873240 140185199154944 logging_writer.py:48] [8300] global_step=8300, grad_norm=2.5613856315612793, loss=4.064100742340088
I0307 10:10:38.283350 140185115293440 logging_writer.py:48] [8400] global_step=8400, grad_norm=2.16141939163208, loss=4.036425590515137
I0307 10:11:16.517027 140185199154944 logging_writer.py:48] [8500] global_step=8500, grad_norm=3.5218088626861572, loss=4.098161697387695
I0307 10:11:54.815849 140185115293440 logging_writer.py:48] [8600] global_step=8600, grad_norm=2.3148603439331055, loss=3.969238758087158
I0307 10:12:33.114121 140185199154944 logging_writer.py:48] [8700] global_step=8700, grad_norm=3.4009346961975098, loss=4.034906387329102
I0307 10:13:10.909695 140185115293440 logging_writer.py:48] [8800] global_step=8800, grad_norm=1.6952327489852905, loss=3.999276638031006
I0307 10:13:49.198069 140185199154944 logging_writer.py:48] [8900] global_step=8900, grad_norm=2.9038245677948, loss=4.032948970794678
I0307 10:14:27.035055 140185115293440 logging_writer.py:48] [9000] global_step=9000, grad_norm=2.8535425662994385, loss=3.887965679168701
I0307 10:15:05.482961 140185199154944 logging_writer.py:48] [9100] global_step=9100, grad_norm=1.506151795387268, loss=3.8731095790863037
I0307 10:15:43.480389 140185115293440 logging_writer.py:48] [9200] global_step=9200, grad_norm=2.6204094886779785, loss=3.903226613998413
I0307 10:16:21.539690 140185199154944 logging_writer.py:48] [9300] global_step=9300, grad_norm=2.3302595615386963, loss=3.9661781787872314
I0307 10:16:57.133668 140341280416960 spec.py:321] Evaluating on the training split.
I0307 10:17:09.728720 140341280416960 spec.py:333] Evaluating on the validation split.
I0307 10:17:33.005970 140341280416960 spec.py:349] Evaluating on the test split.
I0307 10:17:34.785706 140341280416960 submission_runner.py:469] Time since start: 4004.24s, 	Step: 9394, 	{'train/accuracy': 0.5198899507522583, 'train/loss': 2.29365873336792, 'validation/accuracy': 0.47005999088287354, 'validation/loss': 2.531599521636963, 'validation/num_examples': 50000, 'test/accuracy': 0.3564000129699707, 'test/loss': 3.1833980083465576, 'test/num_examples': 10000, 'score': 3628.852597951889, 'total_duration': 4004.2401163578033, 'accumulated_submission_time': 3628.852597951889, 'accumulated_eval_time': 373.8653357028961, 'accumulated_logging_time': 0.5019807815551758}
I0307 10:17:34.890261 140185115293440 logging_writer.py:48] [9394] accumulated_eval_time=373.865, accumulated_logging_time=0.501981, accumulated_submission_time=3628.85, global_step=9394, preemption_count=0, score=3628.85, test/accuracy=0.3564, test/loss=3.1834, test/num_examples=10000, total_duration=4004.24, train/accuracy=0.51989, train/loss=2.29366, validation/accuracy=0.47006, validation/loss=2.5316, validation/num_examples=50000
I0307 10:17:37.530698 140185199154944 logging_writer.py:48] [9400] global_step=9400, grad_norm=2.576643943786621, loss=4.022942066192627
I0307 10:18:15.405111 140185115293440 logging_writer.py:48] [9500] global_step=9500, grad_norm=1.7459321022033691, loss=3.8836917877197266
I0307 10:18:53.493073 140185199154944 logging_writer.py:48] [9600] global_step=9600, grad_norm=3.0119404792785645, loss=4.002490043640137
I0307 10:19:31.474885 140185115293440 logging_writer.py:48] [9700] global_step=9700, grad_norm=2.1789512634277344, loss=3.9254868030548096
I0307 10:20:09.757750 140185199154944 logging_writer.py:48] [9800] global_step=9800, grad_norm=2.2570536136627197, loss=3.9211347103118896
I0307 10:20:47.579658 140185115293440 logging_writer.py:48] [9900] global_step=9900, grad_norm=2.2863659858703613, loss=3.8952767848968506
I0307 10:21:25.634113 140185199154944 logging_writer.py:48] [10000] global_step=10000, grad_norm=2.276132106781006, loss=3.8297271728515625
I0307 10:22:03.577873 140185115293440 logging_writer.py:48] [10100] global_step=10100, grad_norm=2.188828945159912, loss=3.771965980529785
I0307 10:22:41.710542 140185199154944 logging_writer.py:48] [10200] global_step=10200, grad_norm=2.3498146533966064, loss=3.822722911834717
I0307 10:23:20.161626 140185115293440 logging_writer.py:48] [10300] global_step=10300, grad_norm=2.295912981033325, loss=3.794424533843994
I0307 10:23:58.135656 140185199154944 logging_writer.py:48] [10400] global_step=10400, grad_norm=2.2242326736450195, loss=3.8712782859802246
I0307 10:24:35.813308 140185115293440 logging_writer.py:48] [10500] global_step=10500, grad_norm=2.0791995525360107, loss=3.7344393730163574
I0307 10:25:13.934782 140185199154944 logging_writer.py:48] [10600] global_step=10600, grad_norm=2.157651901245117, loss=3.769650936126709
I0307 10:25:51.737488 140185115293440 logging_writer.py:48] [10700] global_step=10700, grad_norm=2.5572168827056885, loss=3.7676336765289307
I0307 10:26:04.941869 140341280416960 spec.py:321] Evaluating on the training split.
I0307 10:26:19.459943 140341280416960 spec.py:333] Evaluating on the validation split.
I0307 10:26:46.245684 140341280416960 spec.py:349] Evaluating on the test split.
I0307 10:26:48.003888 140341280416960 submission_runner.py:469] Time since start: 4557.46s, 	Step: 10736, 	{'train/accuracy': 0.5587930083274841, 'train/loss': 2.0877444744110107, 'validation/accuracy': 0.5124199986457825, 'validation/loss': 2.3099277019500732, 'validation/num_examples': 50000, 'test/accuracy': 0.3995000123977661, 'test/loss': 2.9412453174591064, 'test/num_examples': 10000, 'score': 4138.687603473663, 'total_duration': 4557.458254098892, 'accumulated_submission_time': 4138.687603473663, 'accumulated_eval_time': 416.9271948337555, 'accumulated_logging_time': 0.6678164005279541}
I0307 10:26:48.100792 140185199154944 logging_writer.py:48] [10736] accumulated_eval_time=416.927, accumulated_logging_time=0.667816, accumulated_submission_time=4138.69, global_step=10736, preemption_count=0, score=4138.69, test/accuracy=0.3995, test/loss=2.94125, test/num_examples=10000, total_duration=4557.46, train/accuracy=0.558793, train/loss=2.08774, validation/accuracy=0.51242, validation/loss=2.30993, validation/num_examples=50000
I0307 10:27:13.062383 140185115293440 logging_writer.py:48] [10800] global_step=10800, grad_norm=2.335761785507202, loss=3.817298412322998
I0307 10:27:50.812994 140185199154944 logging_writer.py:48] [10900] global_step=10900, grad_norm=2.285402536392212, loss=3.817225217819214
I0307 10:28:28.766877 140185115293440 logging_writer.py:48] [11000] global_step=11000, grad_norm=2.3015246391296387, loss=3.791830539703369
I0307 10:29:07.405521 140185199154944 logging_writer.py:48] [11100] global_step=11100, grad_norm=2.658193349838257, loss=3.7853760719299316
I0307 10:29:46.074947 140185115293440 logging_writer.py:48] [11200] global_step=11200, grad_norm=1.6819113492965698, loss=3.763026475906372
I0307 10:30:24.583769 140185199154944 logging_writer.py:48] [11300] global_step=11300, grad_norm=1.609300971031189, loss=3.7106733322143555
I0307 10:31:03.314268 140185115293440 logging_writer.py:48] [11400] global_step=11400, grad_norm=1.7179616689682007, loss=3.685215473175049
I0307 10:31:41.653405 140185199154944 logging_writer.py:48] [11500] global_step=11500, grad_norm=1.6001640558242798, loss=3.698232889175415
I0307 10:32:19.917029 140185115293440 logging_writer.py:48] [11600] global_step=11600, grad_norm=1.9665544033050537, loss=3.75272536277771
I0307 10:32:58.325174 140185199154944 logging_writer.py:48] [11700] global_step=11700, grad_norm=2.034473180770874, loss=3.666743516921997
I0307 10:33:36.915285 140185115293440 logging_writer.py:48] [11800] global_step=11800, grad_norm=1.9473683834075928, loss=3.7015128135681152
I0307 10:34:14.952106 140185199154944 logging_writer.py:48] [11900] global_step=11900, grad_norm=1.8148273229599, loss=3.7750496864318848
I0307 10:34:53.130035 140185115293440 logging_writer.py:48] [12000] global_step=12000, grad_norm=1.7807114124298096, loss=3.660862684249878
I0307 10:35:18.061843 140341280416960 spec.py:321] Evaluating on the training split.
I0307 10:35:35.268348 140341280416960 spec.py:333] Evaluating on the validation split.
I0307 10:36:02.531185 140341280416960 spec.py:349] Evaluating on the test split.
I0307 10:36:04.340463 140341280416960 submission_runner.py:469] Time since start: 5113.79s, 	Step: 12066, 	{'train/accuracy': 0.5911591053009033, 'train/loss': 1.9238556623458862, 'validation/accuracy': 0.5330600142478943, 'validation/loss': 2.187696933746338, 'validation/num_examples': 50000, 'test/accuracy': 0.4195000231266022, 'test/loss': 2.83099102973938, 'test/num_examples': 10000, 'score': 4648.455675840378, 'total_duration': 5113.794836759567, 'accumulated_submission_time': 4648.455675840378, 'accumulated_eval_time': 463.2056620121002, 'accumulated_logging_time': 0.8076694011688232}
I0307 10:36:04.523135 140185199154944 logging_writer.py:48] [12066] accumulated_eval_time=463.206, accumulated_logging_time=0.807669, accumulated_submission_time=4648.46, global_step=12066, preemption_count=0, score=4648.46, test/accuracy=0.4195, test/loss=2.83099, test/num_examples=10000, total_duration=5113.79, train/accuracy=0.591159, train/loss=1.92386, validation/accuracy=0.53306, validation/loss=2.1877, validation/num_examples=50000
I0307 10:36:18.099675 140185115293440 logging_writer.py:48] [12100] global_step=12100, grad_norm=1.912188172340393, loss=3.792506217956543
I0307 10:36:56.801264 140185199154944 logging_writer.py:48] [12200] global_step=12200, grad_norm=1.9633804559707642, loss=3.6729869842529297
I0307 10:37:35.353479 140185115293440 logging_writer.py:48] [12300] global_step=12300, grad_norm=1.6921566724777222, loss=3.639362335205078
I0307 10:38:13.635146 140185199154944 logging_writer.py:48] [12400] global_step=12400, grad_norm=2.177929162979126, loss=3.7222542762756348
I0307 10:38:51.950543 140185115293440 logging_writer.py:48] [12500] global_step=12500, grad_norm=1.7144317626953125, loss=3.6740567684173584
I0307 10:39:30.473420 140185199154944 logging_writer.py:48] [12600] global_step=12600, grad_norm=2.6755058765411377, loss=3.637895107269287
I0307 10:40:09.019883 140185115293440 logging_writer.py:48] [12700] global_step=12700, grad_norm=2.5216846466064453, loss=3.666194200515747
I0307 10:40:46.807754 140185199154944 logging_writer.py:48] [12800] global_step=12800, grad_norm=2.2722878456115723, loss=3.7085766792297363
I0307 10:41:25.465098 140185115293440 logging_writer.py:48] [12900] global_step=12900, grad_norm=2.5540337562561035, loss=3.6249947547912598
I0307 10:42:03.826344 140185199154944 logging_writer.py:48] [13000] global_step=13000, grad_norm=1.7859569787979126, loss=3.6518807411193848
I0307 10:42:42.250146 140185115293440 logging_writer.py:48] [13100] global_step=13100, grad_norm=1.276513695716858, loss=3.6280677318573
I0307 10:43:20.275836 140185199154944 logging_writer.py:48] [13200] global_step=13200, grad_norm=1.3473643064498901, loss=3.533487319946289
I0307 10:43:58.618515 140185115293440 logging_writer.py:48] [13300] global_step=13300, grad_norm=1.8166980743408203, loss=3.6292855739593506
I0307 10:44:34.586340 140341280416960 spec.py:321] Evaluating on the training split.
I0307 10:44:53.920652 140341280416960 spec.py:333] Evaluating on the validation split.
I0307 10:45:20.225177 140341280416960 spec.py:349] Evaluating on the test split.
I0307 10:45:21.999840 140341280416960 submission_runner.py:469] Time since start: 5671.45s, 	Step: 13395, 	{'train/accuracy': 0.62109375, 'train/loss': 1.7880302667617798, 'validation/accuracy': 0.5651599764823914, 'validation/loss': 2.0439517498016357, 'validation/num_examples': 50000, 'test/accuracy': 0.4312000274658203, 'test/loss': 2.731745481491089, 'test/num_examples': 10000, 'score': 5158.338755130768, 'total_duration': 5671.454211473465, 'accumulated_submission_time': 5158.338755130768, 'accumulated_eval_time': 510.6190092563629, 'accumulated_logging_time': 1.0177834033966064}
I0307 10:45:22.242151 140185199154944 logging_writer.py:48] [13395] accumulated_eval_time=510.619, accumulated_logging_time=1.01778, accumulated_submission_time=5158.34, global_step=13395, preemption_count=0, score=5158.34, test/accuracy=0.4312, test/loss=2.73175, test/num_examples=10000, total_duration=5671.45, train/accuracy=0.621094, train/loss=1.78803, validation/accuracy=0.56516, validation/loss=2.04395, validation/num_examples=50000
I0307 10:45:24.487560 140185115293440 logging_writer.py:48] [13400] global_step=13400, grad_norm=1.7146564722061157, loss=3.678119421005249
I0307 10:46:03.123265 140185199154944 logging_writer.py:48] [13500] global_step=13500, grad_norm=2.0890393257141113, loss=3.6700830459594727
I0307 10:46:41.563642 140185115293440 logging_writer.py:48] [13600] global_step=13600, grad_norm=1.2792423963546753, loss=3.6199495792388916
I0307 10:47:20.030403 140185199154944 logging_writer.py:48] [13700] global_step=13700, grad_norm=1.8007023334503174, loss=3.6018826961517334
I0307 10:47:58.627255 140185115293440 logging_writer.py:48] [13800] global_step=13800, grad_norm=1.478184700012207, loss=3.614298105239868
I0307 10:48:37.075089 140185199154944 logging_writer.py:48] [13900] global_step=13900, grad_norm=1.238675832748413, loss=3.597423553466797
I0307 10:49:15.417881 140185115293440 logging_writer.py:48] [14000] global_step=14000, grad_norm=1.4542193412780762, loss=3.5402839183807373
I0307 10:49:53.502822 140185199154944 logging_writer.py:48] [14100] global_step=14100, grad_norm=1.8834463357925415, loss=3.6406779289245605
I0307 10:50:31.844367 140185115293440 logging_writer.py:48] [14200] global_step=14200, grad_norm=1.917951226234436, loss=3.5926175117492676
I0307 10:51:10.458734 140185199154944 logging_writer.py:48] [14300] global_step=14300, grad_norm=1.7318966388702393, loss=3.5669195652008057
I0307 10:51:49.311052 140185115293440 logging_writer.py:48] [14400] global_step=14400, grad_norm=1.869600772857666, loss=3.5143938064575195
I0307 10:52:27.944773 140185199154944 logging_writer.py:48] [14500] global_step=14500, grad_norm=1.9681891202926636, loss=3.555776834487915
I0307 10:53:06.842563 140185115293440 logging_writer.py:48] [14600] global_step=14600, grad_norm=2.0594229698181152, loss=3.5389554500579834
I0307 10:53:45.580334 140185199154944 logging_writer.py:48] [14700] global_step=14700, grad_norm=1.4466183185577393, loss=3.4887619018554688
I0307 10:53:52.137903 140341280416960 spec.py:321] Evaluating on the training split.
I0307 10:54:09.856248 140341280416960 spec.py:333] Evaluating on the validation split.
I0307 10:54:34.384615 140341280416960 spec.py:349] Evaluating on the test split.
I0307 10:54:36.187452 140341280416960 submission_runner.py:469] Time since start: 6225.64s, 	Step: 14718, 	{'train/accuracy': 0.6342673897743225, 'train/loss': 1.7238037586212158, 'validation/accuracy': 0.5753799676895142, 'validation/loss': 1.981651782989502, 'validation/num_examples': 50000, 'test/accuracy': 0.4442000091075897, 'test/loss': 2.676860809326172, 'test/num_examples': 10000, 'score': 5668.027373313904, 'total_duration': 6225.641801357269, 'accumulated_submission_time': 5668.027373313904, 'accumulated_eval_time': 554.6683828830719, 'accumulated_logging_time': 1.322136640548706}
I0307 10:54:36.426893 140185115293440 logging_writer.py:48] [14718] accumulated_eval_time=554.668, accumulated_logging_time=1.32214, accumulated_submission_time=5668.03, global_step=14718, preemption_count=0, score=5668.03, test/accuracy=0.4442, test/loss=2.67686, test/num_examples=10000, total_duration=6225.64, train/accuracy=0.634267, train/loss=1.7238, validation/accuracy=0.57538, validation/loss=1.98165, validation/num_examples=50000
I0307 10:55:08.140623 140185199154944 logging_writer.py:48] [14800] global_step=14800, grad_norm=1.2703956365585327, loss=3.528748035430908
I0307 10:55:46.372321 140185115293440 logging_writer.py:48] [14900] global_step=14900, grad_norm=1.5777647495269775, loss=3.5330607891082764
I0307 10:56:24.980403 140185199154944 logging_writer.py:48] [15000] global_step=15000, grad_norm=1.9254871606826782, loss=3.5892746448516846
I0307 10:57:03.385404 140185115293440 logging_writer.py:48] [15100] global_step=15100, grad_norm=1.5960876941680908, loss=3.626201629638672
I0307 10:57:41.616004 140185199154944 logging_writer.py:48] [15200] global_step=15200, grad_norm=1.856544852256775, loss=3.4529671669006348
I0307 10:58:19.685133 140185115293440 logging_writer.py:48] [15300] global_step=15300, grad_norm=1.7162303924560547, loss=3.4931156635284424
I0307 10:58:58.003018 140185199154944 logging_writer.py:48] [15400] global_step=15400, grad_norm=1.679969072341919, loss=3.474050998687744
I0307 10:59:36.437402 140185115293440 logging_writer.py:48] [15500] global_step=15500, grad_norm=1.4091994762420654, loss=3.4795379638671875
I0307 11:00:14.575892 140185199154944 logging_writer.py:48] [15600] global_step=15600, grad_norm=1.537841558456421, loss=3.4525856971740723
I0307 11:00:53.558379 140185115293440 logging_writer.py:48] [15700] global_step=15700, grad_norm=1.4641317129135132, loss=3.502760887145996
I0307 11:01:31.793060 140185199154944 logging_writer.py:48] [15800] global_step=15800, grad_norm=1.3757445812225342, loss=3.5204358100891113
I0307 11:02:10.580778 140185115293440 logging_writer.py:48] [15900] global_step=15900, grad_norm=1.381635069847107, loss=3.473949909210205
I0307 11:02:48.625236 140185199154944 logging_writer.py:48] [16000] global_step=16000, grad_norm=1.4604785442352295, loss=3.5094075202941895
I0307 11:03:06.512345 140341280416960 spec.py:321] Evaluating on the training split.
I0307 11:03:26.600979 140341280416960 spec.py:333] Evaluating on the validation split.
I0307 11:03:53.505751 140341280416960 spec.py:349] Evaluating on the test split.
I0307 11:03:55.309831 140341280416960 submission_runner.py:469] Time since start: 6784.76s, 	Step: 16048, 	{'train/accuracy': 0.6418606638908386, 'train/loss': 1.6886143684387207, 'validation/accuracy': 0.5806800127029419, 'validation/loss': 1.9759666919708252, 'validation/num_examples': 50000, 'test/accuracy': 0.46300002932548523, 'test/loss': 2.591609477996826, 'test/num_examples': 10000, 'score': 6177.934530735016, 'total_duration': 6784.764118671417, 'accumulated_submission_time': 6177.934530735016, 'accumulated_eval_time': 603.4656329154968, 'accumulated_logging_time': 1.5904459953308105}
I0307 11:03:55.497407 140185115293440 logging_writer.py:48] [16048] accumulated_eval_time=603.466, accumulated_logging_time=1.59045, accumulated_submission_time=6177.93, global_step=16048, preemption_count=0, score=6177.93, test/accuracy=0.463, test/loss=2.59161, test/num_examples=10000, total_duration=6784.76, train/accuracy=0.641861, train/loss=1.68861, validation/accuracy=0.58068, validation/loss=1.97597, validation/num_examples=50000
I0307 11:04:15.759738 140185199154944 logging_writer.py:48] [16100] global_step=16100, grad_norm=1.7286913394927979, loss=3.464750289916992
I0307 11:04:53.531700 140185115293440 logging_writer.py:48] [16200] global_step=16200, grad_norm=1.810808539390564, loss=3.5477025508880615
I0307 11:05:31.777803 140185199154944 logging_writer.py:48] [16300] global_step=16300, grad_norm=1.552696704864502, loss=3.4964730739593506
I0307 11:06:09.022947 140185115293440 logging_writer.py:48] [16400] global_step=16400, grad_norm=1.5840420722961426, loss=3.4464519023895264
I0307 11:06:47.138560 140185199154944 logging_writer.py:48] [16500] global_step=16500, grad_norm=1.5064579248428345, loss=3.389526605606079
I0307 11:07:24.999104 140185115293440 logging_writer.py:48] [16600] global_step=16600, grad_norm=2.0724120140075684, loss=3.5430288314819336
I0307 11:08:03.335333 140185199154944 logging_writer.py:48] [16700] global_step=16700, grad_norm=1.7001105546951294, loss=3.4854674339294434
I0307 11:08:41.489680 140185115293440 logging_writer.py:48] [16800] global_step=16800, grad_norm=1.4590954780578613, loss=3.5058913230895996
I0307 11:09:20.135413 140185199154944 logging_writer.py:48] [16900] global_step=16900, grad_norm=1.9908552169799805, loss=3.556257724761963
I0307 11:09:58.731717 140185115293440 logging_writer.py:48] [17000] global_step=17000, grad_norm=1.6475695371627808, loss=3.4732744693756104
I0307 11:10:37.325252 140185199154944 logging_writer.py:48] [17100] global_step=17100, grad_norm=1.2058849334716797, loss=3.4041056632995605
I0307 11:11:15.635607 140185115293440 logging_writer.py:48] [17200] global_step=17200, grad_norm=2.046592950820923, loss=3.6193320751190186
I0307 11:11:54.133925 140185199154944 logging_writer.py:48] [17300] global_step=17300, grad_norm=1.474164366722107, loss=3.482039213180542
I0307 11:12:25.726167 140341280416960 spec.py:321] Evaluating on the training split.
I0307 11:12:41.591430 140341280416960 spec.py:333] Evaluating on the validation split.
I0307 11:13:14.439714 140341280416960 spec.py:349] Evaluating on the test split.
I0307 11:13:16.254579 140341280416960 submission_runner.py:469] Time since start: 7345.71s, 	Step: 17384, 	{'train/accuracy': 0.6472217440605164, 'train/loss': 1.6516441106796265, 'validation/accuracy': 0.5870800018310547, 'validation/loss': 1.9247711896896362, 'validation/num_examples': 50000, 'test/accuracy': 0.46150001883506775, 'test/loss': 2.6072232723236084, 'test/num_examples': 10000, 'score': 6687.970390558243, 'total_duration': 7345.708931446075, 'accumulated_submission_time': 6687.970390558243, 'accumulated_eval_time': 653.9938857555389, 'accumulated_logging_time': 1.8182072639465332}
I0307 11:13:16.344563 140185115293440 logging_writer.py:48] [17384] accumulated_eval_time=653.994, accumulated_logging_time=1.81821, accumulated_submission_time=6687.97, global_step=17384, preemption_count=0, score=6687.97, test/accuracy=0.4615, test/loss=2.60722, test/num_examples=10000, total_duration=7345.71, train/accuracy=0.647222, train/loss=1.65164, validation/accuracy=0.58708, validation/loss=1.92477, validation/num_examples=50000
I0307 11:13:23.047597 140185199154944 logging_writer.py:48] [17400] global_step=17400, grad_norm=1.4038523435592651, loss=3.4154701232910156
I0307 11:14:01.491965 140185115293440 logging_writer.py:48] [17500] global_step=17500, grad_norm=1.698790431022644, loss=3.4736568927764893
I0307 11:14:39.936668 140185199154944 logging_writer.py:48] [17600] global_step=17600, grad_norm=1.4468481540679932, loss=3.4533796310424805
I0307 11:15:18.316907 140185115293440 logging_writer.py:48] [17700] global_step=17700, grad_norm=1.139681100845337, loss=3.4748101234436035
I0307 11:15:57.140560 140185199154944 logging_writer.py:48] [17800] global_step=17800, grad_norm=1.444466233253479, loss=3.4119527339935303
I0307 11:16:35.399863 140185115293440 logging_writer.py:48] [17900] global_step=17900, grad_norm=1.398484468460083, loss=3.401850461959839
I0307 11:17:13.611600 140185199154944 logging_writer.py:48] [18000] global_step=18000, grad_norm=1.327763319015503, loss=3.3549270629882812
I0307 11:17:52.710756 140185115293440 logging_writer.py:48] [18100] global_step=18100, grad_norm=1.4187564849853516, loss=3.4627671241760254
I0307 11:18:31.239728 140185199154944 logging_writer.py:48] [18200] global_step=18200, grad_norm=1.2957279682159424, loss=3.4137673377990723
I0307 11:19:09.624592 140185115293440 logging_writer.py:48] [18300] global_step=18300, grad_norm=1.608243703842163, loss=3.5233025550842285
I0307 11:19:47.946477 140185199154944 logging_writer.py:48] [18400] global_step=18400, grad_norm=1.4691197872161865, loss=3.332656145095825
I0307 11:20:26.260515 140185115293440 logging_writer.py:48] [18500] global_step=18500, grad_norm=1.214512586593628, loss=3.429978370666504
I0307 11:21:04.616953 140185199154944 logging_writer.py:48] [18600] global_step=18600, grad_norm=1.2550995349884033, loss=3.4166946411132812
I0307 11:21:43.030066 140185115293440 logging_writer.py:48] [18700] global_step=18700, grad_norm=1.5283037424087524, loss=3.411588668823242
