python submission_runner.py --framework=jax --workload=imagenet_resnet --submission_path=prize_qualification_baselines/external_tuning/jax_nadamw_full_budget.py --data_dir=/data/imagenet/jax --num_tuning_trials=1 --experiment_dir=/experiment_runs --experiment_name=submissions/rolling_leaderboard/external_tuning/baseline/study_2 --overwrite=True --save_checkpoints=False --rng_seed=848369103 --imagenet_v2_data_dir=/data/imagenet/jax --tuning_ruleset=external --tuning_search_space=prize_qualification_baselines/external_tuning/tuning_search_space.json --num_tuning_trials=5 --hparam_start_index=0 --hparam_end_index=1 2>&1 | tee -a /logs/imagenet_resnet_jax_03-07-2025-03-43-20.log
2025-03-07 03:43:33.980536: E external/local_xla/xla/stream_executor/cuda/cuda_fft.cc:477] Unable to register cuFFT factory: Attempting to register factory for plugin cuFFT when one has already been registered
WARNING: All log messages before absl::InitializeLog() is called are written to STDERR
E0000 00:00:1741319014.277180       8 cuda_dnn.cc:8310] Unable to register cuDNN factory: Attempting to register factory for plugin cuDNN when one has already been registered
E0000 00:00:1741319014.393142       8 cuda_blas.cc:1418] Unable to register cuBLAS factory: Attempting to register factory for plugin cuBLAS when one has already been registered
ERROR:root:Unable to import wandb.
Traceback (most recent call last):
  File "/algorithmic-efficiency/algoperf/logger_utils.py", line 27, in <module>
    import wandb  # pylint: disable=g-import-not-at-top
    ^^^^^^^^^^^^
ModuleNotFoundError: No module named 'wandb'
I0307 03:44:14.356062 140393707492544 logger_utils.py:81] Creating experiment directory at /experiment_runs/submissions/rolling_leaderboard/external_tuning/baseline/study_2/imagenet_resnet_jax.
I0307 03:44:16.745577 140393707492544 xla_bridge.py:884] Unable to initialize backend 'rocm': NOT_FOUND: Could not find registered platform with name: "rocm". Available platform names are: CUDA
I0307 03:44:16.748988 140393707492544 xla_bridge.py:884] Unable to initialize backend 'tpu': INTERNAL: Failed to open libtpu.so: libtpu.so: cannot open shared object file: No such file or directory
I0307 03:44:16.769827 140393707492544 submission_runner.py:606] Using RNG seed 848369103
I0307 03:44:20.999564 140393707492544 submission_runner.py:615] --- Tuning run 1/5 ---
I0307 03:44:20.999808 140393707492544 submission_runner.py:620] Creating tuning directory at /experiment_runs/submissions/rolling_leaderboard/external_tuning/baseline/study_2/imagenet_resnet_jax/trial_1.
I0307 03:44:21.000009 140393707492544 logger_utils.py:97] Saving hparams to /experiment_runs/submissions/rolling_leaderboard/external_tuning/baseline/study_2/imagenet_resnet_jax/trial_1/hparams.json.
I0307 03:44:21.233631 140393707492544 submission_runner.py:218] Initializing dataset.
I0307 03:44:22.318752 140393707492544 dataset_info.py:690] Load dataset info from /data/imagenet/jax/imagenet2012/5.1.0
I0307 03:44:22.644609 140393707492544 reader.py:261] Creating a tf.data.Dataset reading 1024 files located in folders: /data/imagenet/jax/imagenet2012/5.1.0.
I0307 03:44:22.935296 140393707492544 logging_logger.py:49] Constructing tf.data.Dataset imagenet2012 for split train, from /data/imagenet/jax/imagenet2012/5.1.0
I0307 03:44:24.483274 140393707492544 submission_runner.py:229] Initializing model.
I0307 03:44:48.213724 140393707492544 submission_runner.py:272] Initializing optimizer.
I0307 03:44:49.299139 140393707492544 submission_runner.py:279] Initializing metrics bundle.
I0307 03:44:49.299391 140393707492544 submission_runner.py:301] Initializing checkpoint and logger.
I0307 03:44:49.300476 140393707492544 checkpoints.py:1101] Found no checkpoint files in /experiment_runs/submissions/rolling_leaderboard/external_tuning/baseline/study_2/imagenet_resnet_jax/trial_1 with prefix checkpoint_
I0307 03:44:49.300601 140393707492544 submission_runner.py:321] Saving meta data to /experiment_runs/submissions/rolling_leaderboard/external_tuning/baseline/study_2/imagenet_resnet_jax/trial_1/meta_data_0.json.
I0307 03:44:49.836863 140393707492544 submission_runner.py:325] Saving flags to /experiment_runs/submissions/rolling_leaderboard/external_tuning/baseline/study_2/imagenet_resnet_jax/trial_1/flags_0.json.
I0307 03:44:50.119240 140393707492544 submission_runner.py:337] Starting training loop.
I0307 03:45:46.323346 140256787560192 logging_writer.py:48] [0] global_step=0, grad_norm=0.6202682256698608, loss=6.932528972625732
I0307 03:45:46.688714 140393707492544 spec.py:321] Evaluating on the training split.
I0307 03:45:47.165158 140393707492544 dataset_info.py:690] Load dataset info from /data/imagenet/jax/imagenet2012/5.1.0
I0307 03:45:47.189050 140393707492544 reader.py:261] Creating a tf.data.Dataset reading 1024 files located in folders: /data/imagenet/jax/imagenet2012/5.1.0.
I0307 03:45:47.231865 140393707492544 logging_logger.py:49] Constructing tf.data.Dataset imagenet2012 for split train, from /data/imagenet/jax/imagenet2012/5.1.0
I0307 03:46:06.493792 140393707492544 spec.py:333] Evaluating on the validation split.
I0307 03:46:07.065986 140393707492544 dataset_info.py:690] Load dataset info from /data/imagenet/jax/imagenet2012/5.1.0
I0307 03:46:07.074441 140393707492544 reader.py:261] Creating a tf.data.Dataset reading 64 files located in folders: /data/imagenet/jax/imagenet2012/5.1.0.
I0307 03:46:07.121552 140393707492544 logging_logger.py:49] Constructing tf.data.Dataset imagenet2012 for split validation, from /data/imagenet/jax/imagenet2012/5.1.0
I0307 03:46:54.280477 140393707492544 spec.py:349] Evaluating on the test split.
I0307 03:46:54.791831 140393707492544 dataset_info.py:690] Load dataset info from /data/imagenet/jax/imagenet_v2/matched-frequency/3.0.0
I0307 03:46:54.819740 140393707492544 reader.py:261] Creating a tf.data.Dataset reading 16 files located in folders: /data/imagenet/jax/imagenet_v2/matched-frequency/3.0.0.
I0307 03:46:54.858189 140393707492544 logging_logger.py:49] Constructing tf.data.Dataset imagenet_v2 for split test, from /data/imagenet/jax/imagenet_v2/matched-frequency/3.0.0
I0307 03:47:11.610408 140393707492544 submission_runner.py:469] Time since start: 141.49s, 	Step: 1, 	{'train/accuracy': 0.0009167729294858873, 'train/loss': 6.91182279586792, 'validation/accuracy': 0.0011199999134987593, 'validation/loss': 6.912854194641113, 'validation/num_examples': 50000, 'test/accuracy': 0.000800000037997961, 'test/loss': 6.912630081176758, 'test/num_examples': 10000, 'score': 56.56920671463013, 'total_duration': 141.49113082885742, 'accumulated_submission_time': 56.56920671463013, 'accumulated_eval_time': 84.92164707183838, 'accumulated_logging_time': 0}
I0307 03:47:11.639765 140238131296000 logging_writer.py:48] [1] accumulated_eval_time=84.9216, accumulated_logging_time=0, accumulated_submission_time=56.5692, global_step=1, preemption_count=0, score=56.5692, test/accuracy=0.0008, test/loss=6.91263, test/num_examples=10000, total_duration=141.491, train/accuracy=0.000916773, train/loss=6.91182, validation/accuracy=0.00112, validation/loss=6.91285, validation/num_examples=50000
I0307 03:47:48.097687 140238122903296 logging_writer.py:48] [100] global_step=100, grad_norm=0.6362558007240295, loss=6.909478664398193
I0307 03:48:25.092427 140238131296000 logging_writer.py:48] [200] global_step=200, grad_norm=0.6048820614814758, loss=6.864731311798096
I0307 03:49:02.344908 140238122903296 logging_writer.py:48] [300] global_step=300, grad_norm=0.6488522291183472, loss=6.784732341766357
I0307 03:49:39.633328 140238131296000 logging_writer.py:48] [400] global_step=400, grad_norm=0.6943344473838806, loss=6.690184593200684
I0307 03:50:17.468597 140238122903296 logging_writer.py:48] [500] global_step=500, grad_norm=0.719430685043335, loss=6.638962745666504
I0307 03:50:55.473002 140238131296000 logging_writer.py:48] [600] global_step=600, grad_norm=0.742348849773407, loss=6.528713703155518
I0307 03:51:32.748195 140238122903296 logging_writer.py:48] [700] global_step=700, grad_norm=0.7854829430580139, loss=6.468485355377197
I0307 03:52:10.217298 140238131296000 logging_writer.py:48] [800] global_step=800, grad_norm=0.8151260018348694, loss=6.341543197631836
I0307 03:52:47.637261 140238122903296 logging_writer.py:48] [900] global_step=900, grad_norm=1.1707643270492554, loss=6.28414249420166
I0307 03:53:24.940351 140238131296000 logging_writer.py:48] [1000] global_step=1000, grad_norm=2.012929677963257, loss=6.184823036193848
I0307 03:54:02.602742 140238122903296 logging_writer.py:48] [1100] global_step=1100, grad_norm=1.2310227155685425, loss=6.071354389190674
I0307 03:54:39.656918 140238131296000 logging_writer.py:48] [1200] global_step=1200, grad_norm=1.9281944036483765, loss=6.0710649490356445
I0307 03:55:16.468698 140238122903296 logging_writer.py:48] [1300] global_step=1300, grad_norm=2.2711071968078613, loss=5.887270927429199
I0307 03:55:41.803576 140393707492544 spec.py:321] Evaluating on the training split.
I0307 03:55:54.618878 140393707492544 spec.py:333] Evaluating on the validation split.
I0307 03:56:16.261756 140393707492544 spec.py:349] Evaluating on the test split.
I0307 03:56:18.452025 140393707492544 submission_runner.py:469] Time since start: 688.33s, 	Step: 1368, 	{'train/accuracy': 0.0647321417927742, 'train/loss': 5.50593376159668, 'validation/accuracy': 0.05753999948501587, 'validation/loss': 5.589382171630859, 'validation/num_examples': 50000, 'test/accuracy': 0.040800001472234726, 'test/loss': 5.779533386230469, 'test/num_examples': 10000, 'score': 566.5438151359558, 'total_duration': 688.332738161087, 'accumulated_submission_time': 566.5438151359558, 'accumulated_eval_time': 121.57005262374878, 'accumulated_logging_time': 0.03919839859008789}
I0307 03:56:18.482357 140237678286592 logging_writer.py:48] [1368] accumulated_eval_time=121.57, accumulated_logging_time=0.0391984, accumulated_submission_time=566.544, global_step=1368, preemption_count=0, score=566.544, test/accuracy=0.0408, test/loss=5.77953, test/num_examples=10000, total_duration=688.333, train/accuracy=0.0647321, train/loss=5.50593, validation/accuracy=0.05754, validation/loss=5.58938, validation/num_examples=50000
I0307 03:56:30.936449 140237686679296 logging_writer.py:48] [1400] global_step=1400, grad_norm=1.8996813297271729, loss=5.896853446960449
I0307 03:57:08.265216 140237678286592 logging_writer.py:48] [1500] global_step=1500, grad_norm=2.58847713470459, loss=5.772598743438721
I0307 03:57:45.826312 140237686679296 logging_writer.py:48] [1600] global_step=1600, grad_norm=2.228382110595703, loss=5.746158123016357
I0307 03:58:23.203010 140237678286592 logging_writer.py:48] [1700] global_step=1700, grad_norm=1.876541018486023, loss=5.754790306091309
I0307 03:59:01.060892 140237686679296 logging_writer.py:48] [1800] global_step=1800, grad_norm=3.225048065185547, loss=5.660632610321045
I0307 03:59:38.375866 140237678286592 logging_writer.py:48] [1900] global_step=1900, grad_norm=2.1977274417877197, loss=5.560844898223877
I0307 04:00:16.091457 140237686679296 logging_writer.py:48] [2000] global_step=2000, grad_norm=3.4117043018341064, loss=5.522372245788574
I0307 04:00:53.976152 140237678286592 logging_writer.py:48] [2100] global_step=2100, grad_norm=3.561189651489258, loss=5.515624046325684
I0307 04:01:31.887161 140237686679296 logging_writer.py:48] [2200] global_step=2200, grad_norm=3.0507264137268066, loss=5.454944133758545
I0307 04:02:09.880012 140237678286592 logging_writer.py:48] [2300] global_step=2300, grad_norm=3.780999183654785, loss=5.415966033935547
I0307 04:02:47.924132 140237686679296 logging_writer.py:48] [2400] global_step=2400, grad_norm=3.876652956008911, loss=5.341308116912842
I0307 04:03:25.941873 140237678286592 logging_writer.py:48] [2500] global_step=2500, grad_norm=2.555086612701416, loss=5.29252290725708
I0307 04:04:04.265079 140237686679296 logging_writer.py:48] [2600] global_step=2600, grad_norm=3.9764037132263184, loss=5.297334671020508
I0307 04:04:42.634314 140237678286592 logging_writer.py:48] [2700] global_step=2700, grad_norm=2.7916977405548096, loss=5.186338424682617
I0307 04:04:48.816802 140393707492544 spec.py:321] Evaluating on the training split.
I0307 04:05:01.247406 140393707492544 spec.py:333] Evaluating on the validation split.
I0307 04:05:23.595931 140393707492544 spec.py:349] Evaluating on the test split.
I0307 04:05:25.408103 140393707492544 submission_runner.py:469] Time since start: 1235.29s, 	Step: 2717, 	{'train/accuracy': 0.15676817297935486, 'train/loss': 4.436342239379883, 'validation/accuracy': 0.1378999948501587, 'validation/loss': 4.576536655426025, 'validation/num_examples': 50000, 'test/accuracy': 0.09760000556707382, 'test/loss': 4.984498977661133, 'test/num_examples': 10000, 'score': 1076.7115275859833, 'total_duration': 1235.2888140678406, 'accumulated_submission_time': 1076.7115275859833, 'accumulated_eval_time': 158.16130113601685, 'accumulated_logging_time': 0.07754254341125488}
I0307 04:05:25.429369 140237686679296 logging_writer.py:48] [2717] accumulated_eval_time=158.161, accumulated_logging_time=0.0775425, accumulated_submission_time=1076.71, global_step=2717, preemption_count=0, score=1076.71, test/accuracy=0.0976, test/loss=4.9845, test/num_examples=10000, total_duration=1235.29, train/accuracy=0.156768, train/loss=4.43634, validation/accuracy=0.1379, validation/loss=4.57654, validation/num_examples=50000
I0307 04:05:58.118180 140237678286592 logging_writer.py:48] [2800] global_step=2800, grad_norm=4.098679065704346, loss=5.265782356262207
I0307 04:06:36.756260 140237686679296 logging_writer.py:48] [2900] global_step=2900, grad_norm=4.121120452880859, loss=5.019757270812988
I0307 04:07:14.976197 140237678286592 logging_writer.py:48] [3000] global_step=3000, grad_norm=3.4954774379730225, loss=5.0232439041137695
I0307 04:07:53.082016 140237686679296 logging_writer.py:48] [3100] global_step=3100, grad_norm=3.5942373275756836, loss=5.1003570556640625
I0307 04:08:31.458979 140237678286592 logging_writer.py:48] [3200] global_step=3200, grad_norm=3.3977668285369873, loss=4.947600841522217
I0307 04:09:09.712866 140237686679296 logging_writer.py:48] [3300] global_step=3300, grad_norm=3.1628775596618652, loss=4.999529838562012
I0307 04:09:48.209338 140237678286592 logging_writer.py:48] [3400] global_step=3400, grad_norm=4.610116958618164, loss=4.925786972045898
I0307 04:10:26.419560 140237686679296 logging_writer.py:48] [3500] global_step=3500, grad_norm=4.841397762298584, loss=4.783037185668945
I0307 04:11:04.495734 140237678286592 logging_writer.py:48] [3600] global_step=3600, grad_norm=4.843879699707031, loss=4.743556499481201
I0307 04:11:42.860637 140237686679296 logging_writer.py:48] [3700] global_step=3700, grad_norm=4.291508674621582, loss=4.754148483276367
I0307 04:12:21.010159 140237678286592 logging_writer.py:48] [3800] global_step=3800, grad_norm=3.535109758377075, loss=4.757413864135742
I0307 04:12:59.243871 140237686679296 logging_writer.py:48] [3900] global_step=3900, grad_norm=6.38149881362915, loss=4.62786340713501
I0307 04:13:37.359220 140237678286592 logging_writer.py:48] [4000] global_step=4000, grad_norm=4.082390785217285, loss=4.6135711669921875
I0307 04:13:55.704048 140393707492544 spec.py:321] Evaluating on the training split.
I0307 04:14:07.181226 140393707492544 spec.py:333] Evaluating on the validation split.
I0307 04:14:32.319311 140393707492544 spec.py:349] Evaluating on the test split.
I0307 04:14:34.132353 140393707492544 submission_runner.py:469] Time since start: 1784.01s, 	Step: 4048, 	{'train/accuracy': 0.26251593232154846, 'train/loss': 3.619271755218506, 'validation/accuracy': 0.2300799936056137, 'validation/loss': 3.8207767009735107, 'validation/num_examples': 50000, 'test/accuracy': 0.1680000126361847, 'test/loss': 4.3531413078308105, 'test/num_examples': 10000, 'score': 1586.8293161392212, 'total_duration': 1784.0130641460419, 'accumulated_submission_time': 1586.8293161392212, 'accumulated_eval_time': 196.58955931663513, 'accumulated_logging_time': 0.10748410224914551}
I0307 04:14:34.172226 140237686679296 logging_writer.py:48] [4048] accumulated_eval_time=196.59, accumulated_logging_time=0.107484, accumulated_submission_time=1586.83, global_step=4048, preemption_count=0, score=1586.83, test/accuracy=0.168, test/loss=4.35314, test/num_examples=10000, total_duration=1784.01, train/accuracy=0.262516, train/loss=3.61927, validation/accuracy=0.23008, validation/loss=3.82078, validation/num_examples=50000
I0307 04:14:54.821619 140237678286592 logging_writer.py:48] [4100] global_step=4100, grad_norm=6.001585483551025, loss=4.596473693847656
I0307 04:15:32.638622 140237686679296 logging_writer.py:48] [4200] global_step=4200, grad_norm=4.433298587799072, loss=4.50613260269165
I0307 04:16:10.800899 140237678286592 logging_writer.py:48] [4300] global_step=4300, grad_norm=3.912297487258911, loss=4.515514850616455
I0307 04:16:49.118745 140237686679296 logging_writer.py:48] [4400] global_step=4400, grad_norm=5.40854024887085, loss=4.442078113555908
I0307 04:17:26.608835 140237678286592 logging_writer.py:48] [4500] global_step=4500, grad_norm=6.966238975524902, loss=4.474717140197754
I0307 04:18:05.118091 140237686679296 logging_writer.py:48] [4600] global_step=4600, grad_norm=5.522454738616943, loss=4.4409284591674805
I0307 04:18:43.578605 140237678286592 logging_writer.py:48] [4700] global_step=4700, grad_norm=5.671330451965332, loss=4.530478000640869
I0307 04:19:22.328317 140237686679296 logging_writer.py:48] [4800] global_step=4800, grad_norm=5.395707130432129, loss=4.264945983886719
I0307 04:20:00.728341 140237678286592 logging_writer.py:48] [4900] global_step=4900, grad_norm=5.8068108558654785, loss=4.306220531463623
I0307 04:20:39.150299 140237686679296 logging_writer.py:48] [5000] global_step=5000, grad_norm=4.4223504066467285, loss=4.208405494689941
I0307 04:21:17.649787 140237678286592 logging_writer.py:48] [5100] global_step=5100, grad_norm=6.259925365447998, loss=4.297712326049805
I0307 04:21:55.864682 140237686679296 logging_writer.py:48] [5200] global_step=5200, grad_norm=5.362920761108398, loss=4.203536033630371
I0307 04:22:34.124094 140237678286592 logging_writer.py:48] [5300] global_step=5300, grad_norm=5.548031330108643, loss=4.227999687194824
I0307 04:23:04.418530 140393707492544 spec.py:321] Evaluating on the training split.
I0307 04:23:15.716601 140393707492544 spec.py:333] Evaluating on the validation split.
I0307 04:23:37.494884 140393707492544 spec.py:349] Evaluating on the test split.
I0307 04:23:39.475598 140393707492544 submission_runner.py:469] Time since start: 2329.36s, 	Step: 5380, 	{'train/accuracy': 0.33751195669174194, 'train/loss': 3.120251417160034, 'validation/accuracy': 0.3039799928665161, 'validation/loss': 3.3272545337677, 'validation/num_examples': 50000, 'test/accuracy': 0.22720001637935638, 'test/loss': 3.9319283962249756, 'test/num_examples': 10000, 'score': 2096.9253208637238, 'total_duration': 2329.3563158512115, 'accumulated_submission_time': 2096.9253208637238, 'accumulated_eval_time': 231.6465826034546, 'accumulated_logging_time': 0.155487060546875}
I0307 04:23:39.535748 140237686679296 logging_writer.py:48] [5380] accumulated_eval_time=231.647, accumulated_logging_time=0.155487, accumulated_submission_time=2096.93, global_step=5380, preemption_count=0, score=2096.93, test/accuracy=0.2272, test/loss=3.93193, test/num_examples=10000, total_duration=2329.36, train/accuracy=0.337512, train/loss=3.12025, validation/accuracy=0.30398, validation/loss=3.32725, validation/num_examples=50000
I0307 04:23:48.016858 140237678286592 logging_writer.py:48] [5400] global_step=5400, grad_norm=6.219124794006348, loss=4.1255083084106445
I0307 04:24:26.445335 140237686679296 logging_writer.py:48] [5500] global_step=5500, grad_norm=4.754327297210693, loss=4.209436416625977
I0307 04:25:05.106070 140237678286592 logging_writer.py:48] [5600] global_step=5600, grad_norm=6.474018573760986, loss=4.122152328491211
I0307 04:25:43.554309 140237686679296 logging_writer.py:48] [5700] global_step=5700, grad_norm=5.785545825958252, loss=4.136604309082031
I0307 04:26:22.096669 140237678286592 logging_writer.py:48] [5800] global_step=5800, grad_norm=3.806042432785034, loss=4.118386745452881
I0307 04:27:00.206647 140237686679296 logging_writer.py:48] [5900] global_step=5900, grad_norm=3.8394389152526855, loss=4.0587849617004395
I0307 04:27:38.956951 140237678286592 logging_writer.py:48] [6000] global_step=6000, grad_norm=6.547352313995361, loss=4.046379089355469
I0307 04:28:17.076129 140237686679296 logging_writer.py:48] [6100] global_step=6100, grad_norm=5.479892253875732, loss=3.9729862213134766
I0307 04:28:55.716499 140237678286592 logging_writer.py:48] [6200] global_step=6200, grad_norm=6.4038567543029785, loss=3.869457483291626
I0307 04:29:33.819411 140237686679296 logging_writer.py:48] [6300] global_step=6300, grad_norm=4.058222770690918, loss=3.8674557209014893
I0307 04:30:12.242610 140237678286592 logging_writer.py:48] [6400] global_step=6400, grad_norm=5.8220391273498535, loss=3.919844388961792
I0307 04:30:50.458283 140237686679296 logging_writer.py:48] [6500] global_step=6500, grad_norm=7.173405647277832, loss=3.9111287593841553
I0307 04:31:28.668204 140237678286592 logging_writer.py:48] [6600] global_step=6600, grad_norm=6.5006937980651855, loss=3.9083619117736816
I0307 04:32:06.940741 140237686679296 logging_writer.py:48] [6700] global_step=6700, grad_norm=4.260604381561279, loss=3.8592779636383057
I0307 04:32:09.686060 140393707492544 spec.py:321] Evaluating on the training split.
I0307 04:32:21.434734 140393707492544 spec.py:333] Evaluating on the validation split.
I0307 04:32:44.218388 140393707492544 spec.py:349] Evaluating on the test split.
I0307 04:32:46.080799 140393707492544 submission_runner.py:469] Time since start: 2875.96s, 	Step: 6708, 	{'train/accuracy': 0.40858179330825806, 'train/loss': 2.7329723834991455, 'validation/accuracy': 0.3676999807357788, 'validation/loss': 2.9532580375671387, 'validation/num_examples': 50000, 'test/accuracy': 0.28360000252723694, 'test/loss': 3.584315299987793, 'test/num_examples': 10000, 'score': 2606.9397070407867, 'total_duration': 2875.9615302085876, 'accumulated_submission_time': 2606.9397070407867, 'accumulated_eval_time': 268.04128313064575, 'accumulated_logging_time': 0.22454524040222168}
I0307 04:32:46.108361 140237678286592 logging_writer.py:48] [6708] accumulated_eval_time=268.041, accumulated_logging_time=0.224545, accumulated_submission_time=2606.94, global_step=6708, preemption_count=0, score=2606.94, test/accuracy=0.2836, test/loss=3.58432, test/num_examples=10000, total_duration=2875.96, train/accuracy=0.408582, train/loss=2.73297, validation/accuracy=0.3677, validation/loss=2.95326, validation/num_examples=50000
I0307 04:33:22.102483 140237686679296 logging_writer.py:48] [6800] global_step=6800, grad_norm=4.6967082023620605, loss=3.766366958618164
I0307 04:34:00.377921 140237678286592 logging_writer.py:48] [6900] global_step=6900, grad_norm=6.402060508728027, loss=3.9176511764526367
I0307 04:34:38.401253 140237686679296 logging_writer.py:48] [7000] global_step=7000, grad_norm=4.834676742553711, loss=3.8122241497039795
I0307 04:35:16.786853 140237678286592 logging_writer.py:48] [7100] global_step=7100, grad_norm=4.333340644836426, loss=3.802813768386841
I0307 04:35:54.502864 140237686679296 logging_writer.py:48] [7200] global_step=7200, grad_norm=5.089655876159668, loss=3.7814834117889404
I0307 04:36:32.540859 140237678286592 logging_writer.py:48] [7300] global_step=7300, grad_norm=6.812779903411865, loss=3.750652313232422
I0307 04:37:11.084390 140237686679296 logging_writer.py:48] [7400] global_step=7400, grad_norm=5.9284772872924805, loss=3.722545862197876
I0307 04:37:49.451333 140237678286592 logging_writer.py:48] [7500] global_step=7500, grad_norm=5.522374153137207, loss=3.7429487705230713
I0307 04:38:28.116349 140237686679296 logging_writer.py:48] [7600] global_step=7600, grad_norm=4.59632682800293, loss=3.6634819507598877
I0307 04:39:06.847108 140237678286592 logging_writer.py:48] [7700] global_step=7700, grad_norm=6.6226911544799805, loss=3.6510095596313477
I0307 04:39:45.570007 140237686679296 logging_writer.py:48] [7800] global_step=7800, grad_norm=6.265903949737549, loss=3.552351713180542
I0307 04:40:24.420397 140237678286592 logging_writer.py:48] [7900] global_step=7900, grad_norm=6.699706077575684, loss=3.6468052864074707
I0307 04:41:03.024732 140237686679296 logging_writer.py:48] [8000] global_step=8000, grad_norm=3.7891294956207275, loss=3.72617769241333
I0307 04:41:16.397476 140393707492544 spec.py:321] Evaluating on the training split.
I0307 04:41:30.900436 140393707492544 spec.py:333] Evaluating on the validation split.
I0307 04:41:54.301364 140393707492544 spec.py:349] Evaluating on the test split.
I0307 04:41:56.143746 140393707492544 submission_runner.py:469] Time since start: 3426.02s, 	Step: 8036, 	{'train/accuracy': 0.4738321006298065, 'train/loss': 2.394381523132324, 'validation/accuracy': 0.42993998527526855, 'validation/loss': 2.622504711151123, 'validation/num_examples': 50000, 'test/accuracy': 0.3343000113964081, 'test/loss': 3.2575578689575195, 'test/num_examples': 10000, 'score': 3117.0869011878967, 'total_duration': 3426.024457216263, 'accumulated_submission_time': 3117.0869011878967, 'accumulated_eval_time': 307.7875051498413, 'accumulated_logging_time': 0.2605764865875244}
I0307 04:41:56.186912 140237678286592 logging_writer.py:48] [8036] accumulated_eval_time=307.788, accumulated_logging_time=0.260576, accumulated_submission_time=3117.09, global_step=8036, preemption_count=0, score=3117.09, test/accuracy=0.3343, test/loss=3.25756, test/num_examples=10000, total_duration=3426.02, train/accuracy=0.473832, train/loss=2.39438, validation/accuracy=0.42994, validation/loss=2.6225, validation/num_examples=50000
I0307 04:42:21.673837 140237686679296 logging_writer.py:48] [8100] global_step=8100, grad_norm=6.063807487487793, loss=3.546290636062622
I0307 04:43:00.267471 140237678286592 logging_writer.py:48] [8200] global_step=8200, grad_norm=9.543957710266113, loss=3.5516905784606934
I0307 04:43:38.895057 140237686679296 logging_writer.py:48] [8300] global_step=8300, grad_norm=4.231390476226807, loss=3.531686305999756
I0307 04:44:17.589531 140237678286592 logging_writer.py:48] [8400] global_step=8400, grad_norm=8.663583755493164, loss=3.5047807693481445
I0307 04:44:56.319016 140237686679296 logging_writer.py:48] [8500] global_step=8500, grad_norm=5.621513366699219, loss=3.495389461517334
I0307 04:45:34.829266 140237678286592 logging_writer.py:48] [8600] global_step=8600, grad_norm=5.131852149963379, loss=3.4102916717529297
I0307 04:46:13.422668 140237686679296 logging_writer.py:48] [8700] global_step=8700, grad_norm=5.960093021392822, loss=3.54042387008667
I0307 04:46:52.088967 140237678286592 logging_writer.py:48] [8800] global_step=8800, grad_norm=7.3007731437683105, loss=3.4841864109039307
I0307 04:47:30.746848 140237686679296 logging_writer.py:48] [8900] global_step=8900, grad_norm=7.186751842498779, loss=3.3962202072143555
I0307 04:48:09.162440 140237678286592 logging_writer.py:48] [9000] global_step=9000, grad_norm=4.262548446655273, loss=3.5289993286132812
I0307 04:48:47.647610 140237686679296 logging_writer.py:48] [9100] global_step=9100, grad_norm=5.014713287353516, loss=3.2916440963745117
I0307 04:49:26.597909 140237678286592 logging_writer.py:48] [9200] global_step=9200, grad_norm=3.6951639652252197, loss=3.485438823699951
I0307 04:50:04.999874 140237686679296 logging_writer.py:48] [9300] global_step=9300, grad_norm=6.862725257873535, loss=3.4399285316467285
I0307 04:50:26.453135 140393707492544 spec.py:321] Evaluating on the training split.
I0307 04:50:41.491730 140393707492544 spec.py:333] Evaluating on the validation split.
I0307 04:51:04.749328 140393707492544 spec.py:349] Evaluating on the test split.
I0307 04:51:06.555077 140393707492544 submission_runner.py:469] Time since start: 3976.44s, 	Step: 9357, 	{'train/accuracy': 0.5187539458274841, 'train/loss': 2.121927499771118, 'validation/accuracy': 0.46633997559547424, 'validation/loss': 2.3913583755493164, 'validation/num_examples': 50000, 'test/accuracy': 0.3613000214099884, 'test/loss': 3.0530731678009033, 'test/num_examples': 10000, 'score': 3627.2021667957306, 'total_duration': 3976.4358086586, 'accumulated_submission_time': 3627.2021667957306, 'accumulated_eval_time': 347.88941049575806, 'accumulated_logging_time': 0.33215832710266113}
I0307 04:51:06.663429 140237678286592 logging_writer.py:48] [9357] accumulated_eval_time=347.889, accumulated_logging_time=0.332158, accumulated_submission_time=3627.2, global_step=9357, preemption_count=0, score=3627.2, test/accuracy=0.3613, test/loss=3.05307, test/num_examples=10000, total_duration=3976.44, train/accuracy=0.518754, train/loss=2.12193, validation/accuracy=0.46634, validation/loss=2.39136, validation/num_examples=50000
I0307 04:51:23.996937 140237686679296 logging_writer.py:48] [9400] global_step=9400, grad_norm=3.889369487762451, loss=3.572981357574463
I0307 04:52:02.865645 140237678286592 logging_writer.py:48] [9500] global_step=9500, grad_norm=6.4890828132629395, loss=3.3936080932617188
I0307 04:52:40.497117 140237686679296 logging_writer.py:48] [9600] global_step=9600, grad_norm=6.8391947746276855, loss=3.4460432529449463
I0307 04:53:17.712027 140237678286592 logging_writer.py:48] [9700] global_step=9700, grad_norm=7.184378623962402, loss=3.401723623275757
I0307 04:53:55.416687 140237686679296 logging_writer.py:48] [9800] global_step=9800, grad_norm=6.463693141937256, loss=3.3047704696655273
I0307 04:54:33.353319 140237678286592 logging_writer.py:48] [9900] global_step=9900, grad_norm=6.426818370819092, loss=3.4200439453125
I0307 04:55:11.140753 140237686679296 logging_writer.py:48] [10000] global_step=10000, grad_norm=4.198579788208008, loss=3.3973402976989746
I0307 04:55:49.239843 140237678286592 logging_writer.py:48] [10100] global_step=10100, grad_norm=3.327723741531372, loss=3.3558027744293213
I0307 04:56:27.458022 140237686679296 logging_writer.py:48] [10200] global_step=10200, grad_norm=5.756371021270752, loss=3.3607797622680664
I0307 04:57:05.866550 140237678286592 logging_writer.py:48] [10300] global_step=10300, grad_norm=5.875500679016113, loss=3.328616142272949
I0307 04:57:43.884300 140237686679296 logging_writer.py:48] [10400] global_step=10400, grad_norm=6.254083633422852, loss=3.2835893630981445
I0307 04:58:21.964157 140237678286592 logging_writer.py:48] [10500] global_step=10500, grad_norm=4.882829666137695, loss=3.23188853263855
I0307 04:59:00.431224 140237686679296 logging_writer.py:48] [10600] global_step=10600, grad_norm=5.17378044128418, loss=3.2760183811187744
I0307 04:59:36.929088 140393707492544 spec.py:321] Evaluating on the training split.
I0307 04:59:51.194736 140393707492544 spec.py:333] Evaluating on the validation split.
I0307 05:00:16.391803 140393707492544 spec.py:349] Evaluating on the test split.
I0307 05:00:18.202073 140393707492544 submission_runner.py:469] Time since start: 4528.08s, 	Step: 10697, 	{'train/accuracy': 0.5465362071990967, 'train/loss': 2.0194756984710693, 'validation/accuracy': 0.49573999643325806, 'validation/loss': 2.251650333404541, 'validation/num_examples': 50000, 'test/accuracy': 0.3846000134944916, 'test/loss': 2.921189785003662, 'test/num_examples': 10000, 'score': 4137.313571929932, 'total_duration': 4528.082790374756, 'accumulated_submission_time': 4137.313571929932, 'accumulated_eval_time': 389.16234731674194, 'accumulated_logging_time': 0.4484844207763672}
I0307 05:00:18.214851 140237678286592 logging_writer.py:48] [10697] accumulated_eval_time=389.162, accumulated_logging_time=0.448484, accumulated_submission_time=4137.31, global_step=10697, preemption_count=0, score=4137.31, test/accuracy=0.3846, test/loss=2.92119, test/num_examples=10000, total_duration=4528.08, train/accuracy=0.546536, train/loss=2.01948, validation/accuracy=0.49574, validation/loss=2.25165, validation/num_examples=50000
I0307 05:00:20.104914 140237686679296 logging_writer.py:48] [10700] global_step=10700, grad_norm=7.836803436279297, loss=3.34261417388916
I0307 05:00:58.161427 140237678286592 logging_writer.py:48] [10800] global_step=10800, grad_norm=3.6760339736938477, loss=3.227107048034668
I0307 05:01:36.684360 140237686679296 logging_writer.py:48] [10900] global_step=10900, grad_norm=6.639444828033447, loss=3.275007486343384
I0307 05:02:15.097477 140237678286592 logging_writer.py:48] [11000] global_step=11000, grad_norm=3.9328339099884033, loss=3.258338689804077
I0307 05:02:53.269412 140237686679296 logging_writer.py:48] [11100] global_step=11100, grad_norm=4.561166286468506, loss=3.3592207431793213
I0307 05:03:29.941050 140237678286592 logging_writer.py:48] [11200] global_step=11200, grad_norm=6.093831539154053, loss=3.2934153079986572
I0307 05:04:07.510580 140237686679296 logging_writer.py:48] [11300] global_step=11300, grad_norm=6.827207565307617, loss=3.1825642585754395
I0307 05:04:45.718301 140237678286592 logging_writer.py:48] [11400] global_step=11400, grad_norm=6.7902140617370605, loss=3.285005569458008
I0307 05:05:24.888495 140237686679296 logging_writer.py:48] [11500] global_step=11500, grad_norm=4.443902492523193, loss=3.280527353286743
I0307 05:06:03.362871 140237678286592 logging_writer.py:48] [11600] global_step=11600, grad_norm=5.706519603729248, loss=3.180602788925171
I0307 05:06:41.936314 140237686679296 logging_writer.py:48] [11700] global_step=11700, grad_norm=4.735777378082275, loss=3.228698253631592
I0307 05:07:20.586108 140237678286592 logging_writer.py:48] [11800] global_step=11800, grad_norm=5.529268741607666, loss=3.290107488632202
I0307 05:07:59.028550 140237686679296 logging_writer.py:48] [11900] global_step=11900, grad_norm=5.68017578125, loss=3.092550277709961
I0307 05:08:37.819406 140237678286592 logging_writer.py:48] [12000] global_step=12000, grad_norm=6.007710933685303, loss=3.2094664573669434
I0307 05:08:48.497573 140393707492544 spec.py:321] Evaluating on the training split.
I0307 05:09:03.466834 140393707492544 spec.py:333] Evaluating on the validation split.
I0307 05:09:23.574923 140393707492544 spec.py:349] Evaluating on the test split.
I0307 05:09:25.387290 140393707492544 submission_runner.py:469] Time since start: 5075.27s, 	Step: 12029, 	{'train/accuracy': 0.5726442933082581, 'train/loss': 1.9059715270996094, 'validation/accuracy': 0.5229399800300598, 'validation/loss': 2.145876169204712, 'validation/num_examples': 50000, 'test/accuracy': 0.3976000249385834, 'test/loss': 2.832265853881836, 'test/num_examples': 10000, 'score': 4647.442705869675, 'total_duration': 5075.26800942421, 'accumulated_submission_time': 4647.442705869675, 'accumulated_eval_time': 426.05201482772827, 'accumulated_logging_time': 0.4694032669067383}
I0307 05:09:25.512259 140237686679296 logging_writer.py:48] [12029] accumulated_eval_time=426.052, accumulated_logging_time=0.469403, accumulated_submission_time=4647.44, global_step=12029, preemption_count=0, score=4647.44, test/accuracy=0.3976, test/loss=2.83227, test/num_examples=10000, total_duration=5075.27, train/accuracy=0.572644, train/loss=1.90597, validation/accuracy=0.52294, validation/loss=2.14588, validation/num_examples=50000
I0307 05:09:53.236234 140237678286592 logging_writer.py:48] [12100] global_step=12100, grad_norm=6.13707971572876, loss=3.3260488510131836
I0307 05:10:31.664334 140237686679296 logging_writer.py:48] [12200] global_step=12200, grad_norm=5.865999698638916, loss=3.223701238632202
I0307 05:11:10.272053 140237678286592 logging_writer.py:48] [12300] global_step=12300, grad_norm=4.888221263885498, loss=3.1093575954437256
I0307 05:11:48.987975 140237686679296 logging_writer.py:48] [12400] global_step=12400, grad_norm=4.64625883102417, loss=3.1550796031951904
I0307 05:12:28.006448 140237678286592 logging_writer.py:48] [12500] global_step=12500, grad_norm=3.8983006477355957, loss=3.1931848526000977
I0307 05:13:06.899278 140237686679296 logging_writer.py:48] [12600] global_step=12600, grad_norm=5.95199728012085, loss=3.1545724868774414
I0307 05:13:45.538694 140237678286592 logging_writer.py:48] [12700] global_step=12700, grad_norm=4.711345195770264, loss=3.168245792388916
I0307 05:14:24.153786 140237686679296 logging_writer.py:48] [12800] global_step=12800, grad_norm=3.90162992477417, loss=3.142141580581665
I0307 05:15:02.311944 140237678286592 logging_writer.py:48] [12900] global_step=12900, grad_norm=7.364778995513916, loss=3.2974250316619873
I0307 05:15:40.626906 140237686679296 logging_writer.py:48] [13000] global_step=13000, grad_norm=4.896432399749756, loss=3.1477601528167725
I0307 05:16:19.294710 140237678286592 logging_writer.py:48] [13100] global_step=13100, grad_norm=5.982175350189209, loss=3.1502609252929688
I0307 05:16:57.678231 140237686679296 logging_writer.py:48] [13200] global_step=13200, grad_norm=6.959403038024902, loss=3.1993465423583984
I0307 05:17:36.061852 140237678286592 logging_writer.py:48] [13300] global_step=13300, grad_norm=6.307599067687988, loss=3.0088977813720703
I0307 05:17:55.687264 140393707492544 spec.py:321] Evaluating on the training split.
I0307 05:18:13.179555 140393707492544 spec.py:333] Evaluating on the validation split.
I0307 05:18:35.514294 140393707492544 spec.py:349] Evaluating on the test split.
I0307 05:18:37.373215 140393707492544 submission_runner.py:469] Time since start: 5627.25s, 	Step: 13352, 	{'train/accuracy': 0.5810546875, 'train/loss': 1.839288353919983, 'validation/accuracy': 0.5356999635696411, 'validation/loss': 2.062808036804199, 'validation/num_examples': 50000, 'test/accuracy': 0.41920003294944763, 'test/loss': 2.725562572479248, 'test/num_examples': 10000, 'score': 5157.469700574875, 'total_duration': 5627.253938674927, 'accumulated_submission_time': 5157.469700574875, 'accumulated_eval_time': 467.73792481422424, 'accumulated_logging_time': 0.6028783321380615}
I0307 05:18:37.493842 140237686679296 logging_writer.py:48] [13352] accumulated_eval_time=467.738, accumulated_logging_time=0.602878, accumulated_submission_time=5157.47, global_step=13352, preemption_count=0, score=5157.47, test/accuracy=0.4192, test/loss=2.72556, test/num_examples=10000, total_duration=5627.25, train/accuracy=0.581055, train/loss=1.83929, validation/accuracy=0.5357, validation/loss=2.06281, validation/num_examples=50000
I0307 05:18:59.050476 140237678286592 logging_writer.py:48] [13400] global_step=13400, grad_norm=4.7622599601745605, loss=3.1516757011413574
I0307 05:19:37.453473 140237686679296 logging_writer.py:48] [13500] global_step=13500, grad_norm=3.061789035797119, loss=3.0191845893859863
I0307 05:20:16.421771 140237678286592 logging_writer.py:48] [13600] global_step=13600, grad_norm=5.7695631980896, loss=3.136446952819824
I0307 05:20:55.263680 140237686679296 logging_writer.py:48] [13700] global_step=13700, grad_norm=5.590153217315674, loss=3.1389830112457275
I0307 05:21:34.229065 140237678286592 logging_writer.py:48] [13800] global_step=13800, grad_norm=5.369077205657959, loss=3.043548107147217
I0307 05:22:12.809359 140237686679296 logging_writer.py:48] [13900] global_step=13900, grad_norm=9.267340660095215, loss=2.986905574798584
I0307 05:22:51.438678 140237678286592 logging_writer.py:48] [14000] global_step=14000, grad_norm=7.0103440284729, loss=3.1646883487701416
I0307 05:23:29.767901 140237686679296 logging_writer.py:48] [14100] global_step=14100, grad_norm=4.14547061920166, loss=3.077138900756836
I0307 05:24:08.107729 140237678286592 logging_writer.py:48] [14200] global_step=14200, grad_norm=5.380791664123535, loss=3.098579168319702
I0307 05:24:46.712881 140237686679296 logging_writer.py:48] [14300] global_step=14300, grad_norm=3.044316053390503, loss=2.965977191925049
I0307 05:25:25.401123 140237678286592 logging_writer.py:48] [14400] global_step=14400, grad_norm=3.581728219985962, loss=3.0544676780700684
I0307 05:26:03.924074 140237686679296 logging_writer.py:48] [14500] global_step=14500, grad_norm=5.1352458000183105, loss=3.057159662246704
I0307 05:26:42.707375 140237678286592 logging_writer.py:48] [14600] global_step=14600, grad_norm=5.965930461883545, loss=3.0465850830078125
I0307 05:27:07.669196 140393707492544 spec.py:321] Evaluating on the training split.
I0307 05:27:25.692411 140393707492544 spec.py:333] Evaluating on the validation split.
I0307 05:27:51.234288 140393707492544 spec.py:349] Evaluating on the test split.
I0307 05:27:53.042186 140393707492544 submission_runner.py:469] Time since start: 6182.92s, 	Step: 14666, 	{'train/accuracy': 0.6036550998687744, 'train/loss': 1.734601616859436, 'validation/accuracy': 0.5449399948120117, 'validation/loss': 1.9952954053878784, 'validation/num_examples': 50000, 'test/accuracy': 0.429500013589859, 'test/loss': 2.656996965408325, 'test/num_examples': 10000, 'score': 5667.497880935669, 'total_duration': 6182.922917604446, 'accumulated_submission_time': 5667.497880935669, 'accumulated_eval_time': 513.1108808517456, 'accumulated_logging_time': 0.7315492630004883}
I0307 05:27:53.171859 140237686679296 logging_writer.py:48] [14666] accumulated_eval_time=513.111, accumulated_logging_time=0.731549, accumulated_submission_time=5667.5, global_step=14666, preemption_count=0, score=5667.5, test/accuracy=0.4295, test/loss=2.657, test/num_examples=10000, total_duration=6182.92, train/accuracy=0.603655, train/loss=1.7346, validation/accuracy=0.54494, validation/loss=1.9953, validation/num_examples=50000
I0307 05:28:06.798390 140237678286592 logging_writer.py:48] [14700] global_step=14700, grad_norm=4.5642008781433105, loss=3.137716770172119
I0307 05:28:45.004234 140237686679296 logging_writer.py:48] [14800] global_step=14800, grad_norm=5.7847795486450195, loss=3.1262218952178955
I0307 05:29:23.826470 140237678286592 logging_writer.py:48] [14900] global_step=14900, grad_norm=6.701359272003174, loss=3.126908779144287
I0307 05:30:02.097140 140237686679296 logging_writer.py:48] [15000] global_step=15000, grad_norm=5.2253499031066895, loss=3.105588436126709
I0307 05:30:41.381363 140237678286592 logging_writer.py:48] [15100] global_step=15100, grad_norm=7.979267597198486, loss=3.135255813598633
I0307 05:31:19.941251 140237686679296 logging_writer.py:48] [15200] global_step=15200, grad_norm=7.49713134765625, loss=3.1292037963867188
I0307 05:31:58.869587 140237678286592 logging_writer.py:48] [15300] global_step=15300, grad_norm=4.782952308654785, loss=3.0936503410339355
I0307 05:32:37.601077 140237686679296 logging_writer.py:48] [15400] global_step=15400, grad_norm=6.181324481964111, loss=3.048245429992676
I0307 05:33:16.877279 140237678286592 logging_writer.py:48] [15500] global_step=15500, grad_norm=3.9700193405151367, loss=3.041415214538574
I0307 05:33:54.832019 140237686679296 logging_writer.py:48] [15600] global_step=15600, grad_norm=5.513481140136719, loss=2.962737560272217
I0307 05:34:36.543829 140237678286592 logging_writer.py:48] [15700] global_step=15700, grad_norm=6.367307662963867, loss=2.982783079147339
I0307 05:35:16.738984 140237686679296 logging_writer.py:48] [15800] global_step=15800, grad_norm=5.225562572479248, loss=2.9845683574676514
I0307 05:35:56.563564 140237678286592 logging_writer.py:48] [15900] global_step=15900, grad_norm=4.9166388511657715, loss=2.8647851943969727
I0307 05:36:23.221842 140393707492544 spec.py:321] Evaluating on the training split.
I0307 05:36:42.567538 140393707492544 spec.py:333] Evaluating on the validation split.
I0307 05:37:02.530563 140393707492544 spec.py:349] Evaluating on the test split.
I0307 05:37:04.396668 140393707492544 submission_runner.py:469] Time since start: 6734.28s, 	Step: 15970, 	{'train/accuracy': 0.6106504797935486, 'train/loss': 1.7090407609939575, 'validation/accuracy': 0.5572400093078613, 'validation/loss': 1.9529874324798584, 'validation/num_examples': 50000, 'test/accuracy': 0.4408000111579895, 'test/loss': 2.6234328746795654, 'test/num_examples': 10000, 'score': 6177.396770238876, 'total_duration': 6734.277386665344, 'accumulated_submission_time': 6177.396770238876, 'accumulated_eval_time': 554.2856616973877, 'accumulated_logging_time': 0.869286060333252}
I0307 05:37:04.481353 140237686679296 logging_writer.py:48] [15970] accumulated_eval_time=554.286, accumulated_logging_time=0.869286, accumulated_submission_time=6177.4, global_step=15970, preemption_count=0, score=6177.4, test/accuracy=0.4408, test/loss=2.62343, test/num_examples=10000, total_duration=6734.28, train/accuracy=0.61065, train/loss=1.70904, validation/accuracy=0.55724, validation/loss=1.95299, validation/num_examples=50000
I0307 05:37:17.198560 140237678286592 logging_writer.py:48] [16000] global_step=16000, grad_norm=5.3812994956970215, loss=3.051523208618164
I0307 05:37:55.543425 140237686679296 logging_writer.py:48] [16100] global_step=16100, grad_norm=4.0571513175964355, loss=3.0630409717559814
I0307 05:38:34.090361 140237678286592 logging_writer.py:48] [16200] global_step=16200, grad_norm=5.152245998382568, loss=3.051860809326172
I0307 05:39:13.241354 140237686679296 logging_writer.py:48] [16300] global_step=16300, grad_norm=4.347898006439209, loss=3.025718927383423
I0307 05:39:51.301662 140237678286592 logging_writer.py:48] [16400] global_step=16400, grad_norm=4.793010234832764, loss=3.086190700531006
I0307 05:40:29.677838 140237686679296 logging_writer.py:48] [16500] global_step=16500, grad_norm=3.86271595954895, loss=2.958721399307251
I0307 05:41:08.007389 140237678286592 logging_writer.py:48] [16600] global_step=16600, grad_norm=4.773324012756348, loss=2.9632515907287598
I0307 05:41:46.315500 140237686679296 logging_writer.py:48] [16700] global_step=16700, grad_norm=4.522719860076904, loss=2.9994966983795166
I0307 05:42:24.704653 140237678286592 logging_writer.py:48] [16800] global_step=16800, grad_norm=5.9327239990234375, loss=3.0332295894622803
I0307 05:43:03.271437 140237686679296 logging_writer.py:48] [16900] global_step=16900, grad_norm=3.8636040687561035, loss=2.927216053009033
I0307 05:43:41.610193 140237678286592 logging_writer.py:48] [17000] global_step=17000, grad_norm=4.791567325592041, loss=3.0471994876861572
I0307 05:44:20.041080 140237686679296 logging_writer.py:48] [17100] global_step=17100, grad_norm=6.067712306976318, loss=2.948570966720581
I0307 05:44:58.344230 140237678286592 logging_writer.py:48] [17200] global_step=17200, grad_norm=3.984513521194458, loss=2.9989869594573975
I0307 05:45:34.500785 140393707492544 spec.py:321] Evaluating on the training split.
I0307 05:45:47.762969 140393707492544 spec.py:333] Evaluating on the validation split.
I0307 05:46:10.134088 140393707492544 spec.py:349] Evaluating on the test split.
I0307 05:46:11.976799 140393707492544 submission_runner.py:469] Time since start: 7281.86s, 	Step: 17294, 	{'train/accuracy': 0.6128427982330322, 'train/loss': 1.682786226272583, 'validation/accuracy': 0.5596799850463867, 'validation/loss': 1.942488431930542, 'validation/num_examples': 50000, 'test/accuracy': 0.4328000247478485, 'test/loss': 2.6385648250579834, 'test/num_examples': 10000, 'score': 6687.268934011459, 'total_duration': 7281.857532262802, 'accumulated_submission_time': 6687.268934011459, 'accumulated_eval_time': 591.7616419792175, 'accumulated_logging_time': 0.963083028793335}
I0307 05:46:12.060804 140237686679296 logging_writer.py:48] [17294] accumulated_eval_time=591.762, accumulated_logging_time=0.963083, accumulated_submission_time=6687.27, global_step=17294, preemption_count=0, score=6687.27, test/accuracy=0.4328, test/loss=2.63856, test/num_examples=10000, total_duration=7281.86, train/accuracy=0.612843, train/loss=1.68279, validation/accuracy=0.55968, validation/loss=1.94249, validation/num_examples=50000
I0307 05:46:15.080161 140237678286592 logging_writer.py:48] [17300] global_step=17300, grad_norm=4.359939098358154, loss=2.9943106174468994
I0307 05:46:53.021255 140237686679296 logging_writer.py:48] [17400] global_step=17400, grad_norm=3.393450975418091, loss=3.0544400215148926
I0307 05:47:31.862348 140237678286592 logging_writer.py:48] [17500] global_step=17500, grad_norm=4.588134288787842, loss=3.090143918991089
I0307 05:48:10.133711 140237686679296 logging_writer.py:48] [17600] global_step=17600, grad_norm=4.293710708618164, loss=2.995943069458008
I0307 05:48:48.854254 140237678286592 logging_writer.py:48] [17700] global_step=17700, grad_norm=5.54825496673584, loss=3.0469722747802734
I0307 05:49:27.230772 140237686679296 logging_writer.py:48] [17800] global_step=17800, grad_norm=4.572277069091797, loss=2.990873336791992
I0307 05:50:05.900152 140237678286592 logging_writer.py:48] [17900] global_step=17900, grad_norm=3.4801149368286133, loss=3.0600943565368652
I0307 05:50:43.897704 140237686679296 logging_writer.py:48] [18000] global_step=18000, grad_norm=3.4845738410949707, loss=2.9202258586883545
I0307 05:51:23.065302 140237678286592 logging_writer.py:48] [18100] global_step=18100, grad_norm=5.777547359466553, loss=2.9850308895111084
I0307 05:52:01.514136 140237686679296 logging_writer.py:48] [18200] global_step=18200, grad_norm=5.515402317047119, loss=2.937859058380127
I0307 05:52:39.829075 140237678286592 logging_writer.py:48] [18300] global_step=18300, grad_norm=5.542312145233154, loss=3.0883564949035645
I0307 05:53:18.355655 140237686679296 logging_writer.py:48] [18400] global_step=18400, grad_norm=3.7497332096099854, loss=3.0540976524353027
I0307 05:53:57.076694 140237678286592 logging_writer.py:48] [18500] global_step=18500, grad_norm=4.129596710205078, loss=3.1208674907684326
I0307 05:54:35.335571 140237686679296 logging_writer.py:48] [18600] global_step=18600, grad_norm=3.991421937942505, loss=2.940868377685547
I0307 05:54:42.277438 140393707492544 spec.py:321] Evaluating on the training split.
I0307 05:54:55.176013 140393707492544 spec.py:333] Evaluating on the validation split.
I0307 05:55:17.564204 140393707492544 spec.py:349] Evaluating on the test split.
