torchrun --redirects 1:0,2:0,3:0 --standalone --nnodes=1 --nproc_per_node=4 submission_runner.py --framework=pytorch --workload=finewebedu_lm --submission_path=submissions_algorithms/submissions/self_tuning/ademamix_golden/submission.py --data_dir=/data/fineweb_edu_10B --experiment_dir=/experiment_runs --experiment_name=submissions_a100/ademamix_golden/study_1 --overwrite=True --save_checkpoints=False --rng_seed=140606013 --torch_compile=true --tuning_ruleset=self 2>&1 | tee -a /logs/finewebedu_lm_pytorch_09-11-2026-14-45-42.log
W0911 14:45:44.552000 9 site-packages/torch/distributed/run.py:803] 
W0911 14:45:44.552000 9 site-packages/torch/distributed/run.py:803] *****************************************
W0911 14:45:44.552000 9 site-packages/torch/distributed/run.py:803] Setting OMP_NUM_THREADS environment variable for each process to be 1 in default, to avoid your system being overloaded, please further tune the variable for optimal performance in your application as needed. 
W0911 14:45:44.552000 9 site-packages/torch/distributed/run.py:803] *****************************************
2026-09-11 14:45:46.177368: E external/local_xla/xla/stream_executor/cuda/cuda_fft.cc:467] Unable to register cuFFT factory: Attempting to register factory for plugin cuFFT when one has already been registered
2026-09-11 14:45:46.177367: E external/local_xla/xla/stream_executor/cuda/cuda_fft.cc:467] Unable to register cuFFT factory: Attempting to register factory for plugin cuFFT when one has already been registered
2026-09-11 14:45:46.177368: E external/local_xla/xla/stream_executor/cuda/cuda_fft.cc:467] Unable to register cuFFT factory: Attempting to register factory for plugin cuFFT when one has already been registered
2026-09-11 14:45:46.177387: E external/local_xla/xla/stream_executor/cuda/cuda_fft.cc:467] Unable to register cuFFT factory: Attempting to register factory for plugin cuFFT when one has already been registered
WARNING: All log messages before absl::InitializeLog() is called are written to STDERR
WARNING: All log messages before absl::InitializeLog() is called are written to STDERR
WARNING: All log messages before absl::InitializeLog() is called are written to STDERR
E0000 00:00:1789137946.198000      39 cuda_dnn.cc:8579] Unable to register cuDNN factory: Attempting to register factory for plugin cuDNN when one has already been registered
E0000 00:00:1789137946.197996      41 cuda_dnn.cc:8579] Unable to register cuDNN factory: Attempting to register factory for plugin cuDNN when one has already been registered
WARNING: All log messages before absl::InitializeLog() is called are written to STDERR
E0000 00:00:1789137946.198000      40 cuda_dnn.cc:8579] Unable to register cuDNN factory: Attempting to register factory for plugin cuDNN when one has already been registered
E0000 00:00:1789137946.197996      38 cuda_dnn.cc:8579] Unable to register cuDNN factory: Attempting to register factory for plugin cuDNN when one has already been registered
E0000 00:00:1789137946.204771      38 cuda_blas.cc:1407] Unable to register cuBLAS factory: Attempting to register factory for plugin cuBLAS when one has already been registered
E0000 00:00:1789137946.204774      39 cuda_blas.cc:1407] Unable to register cuBLAS factory: Attempting to register factory for plugin cuBLAS when one has already been registered
E0000 00:00:1789137946.204778      40 cuda_blas.cc:1407] Unable to register cuBLAS factory: Attempting to register factory for plugin cuBLAS when one has already been registered
E0000 00:00:1789137946.204783      41 cuda_blas.cc:1407] Unable to register cuBLAS factory: Attempting to register factory for plugin cuBLAS when one has already been registered
W0000 00:00:1789137946.221669      38 computation_placer.cc:177] computation placer already registered. Please check linkage and avoid linking the same target more than once.
W0000 00:00:1789137946.221669      39 computation_placer.cc:177] computation placer already registered. Please check linkage and avoid linking the same target more than once.
W0000 00:00:1789137946.221665      40 computation_placer.cc:177] computation placer already registered. Please check linkage and avoid linking the same target more than once.
W0000 00:00:1789137946.221689      39 computation_placer.cc:177] computation placer already registered. Please check linkage and avoid linking the same target more than once.
W0000 00:00:1789137946.221689      40 computation_placer.cc:177] computation placer already registered. Please check linkage and avoid linking the same target more than once.
W0000 00:00:1789137946.221672      41 computation_placer.cc:177] computation placer already registered. Please check linkage and avoid linking the same target more than once.
W0000 00:00:1789137946.221692      39 computation_placer.cc:177] computation placer already registered. Please check linkage and avoid linking the same target more than once.
W0000 00:00:1789137946.221692      40 computation_placer.cc:177] computation placer already registered. Please check linkage and avoid linking the same target more than once.
W0000 00:00:1789137946.221694      39 computation_placer.cc:177] computation placer already registered. Please check linkage and avoid linking the same target more than once.
W0000 00:00:1789137946.221694      40 computation_placer.cc:177] computation placer already registered. Please check linkage and avoid linking the same target more than once.
W0000 00:00:1789137946.221694      41 computation_placer.cc:177] computation placer already registered. Please check linkage and avoid linking the same target more than once.
W0000 00:00:1789137946.221694      38 computation_placer.cc:177] computation placer already registered. Please check linkage and avoid linking the same target more than once.
W0000 00:00:1789137946.221696      41 computation_placer.cc:177] computation placer already registered. Please check linkage and avoid linking the same target more than once.
W0000 00:00:1789137946.221696      38 computation_placer.cc:177] computation placer already registered. Please check linkage and avoid linking the same target more than once.
W0000 00:00:1789137946.221698      41 computation_placer.cc:177] computation placer already registered. Please check linkage and avoid linking the same target more than once.
W0000 00:00:1789137946.221699      38 computation_placer.cc:177] computation placer already registered. Please check linkage and avoid linking the same target more than once.
W0000 00:00:1789137951.778217      40 gpu_device.cc:2341] Cannot dlopen some GPU libraries. Please make sure the missing libraries mentioned above are installed properly if you would like to use GPU. Follow the guide at https://www.tensorflow.org/install/gpu for how to download and setup the required libraries for your platform.
Skipping registering GPU devices...
W0000 00:00:1789137951.838021      39 gpu_device.cc:2341] Cannot dlopen some GPU libraries. Please make sure the missing libraries mentioned above are installed properly if you would like to use GPU. Follow the guide at https://www.tensorflow.org/install/gpu for how to download and setup the required libraries for your platform.
Skipping registering GPU devices...
W0000 00:00:1789137951.933374      41 gpu_device.cc:2341] Cannot dlopen some GPU libraries. Please make sure the missing libraries mentioned above are installed properly if you would like to use GPU. Follow the guide at https://www.tensorflow.org/install/gpu for how to download and setup the required libraries for your platform.
Skipping registering GPU devices...
W0000 00:00:1789137952.025436      38 gpu_device.cc:2341] Cannot dlopen some GPU libraries. Please make sure the missing libraries mentioned above are installed properly if you would like to use GPU. Follow the guide at https://www.tensorflow.org/install/gpu for how to download and setup the required libraries for your platform.
Skipping registering GPU devices...
/usr/local/lib/python3.11/site-packages/torch/__init__.py:1617: UserWarning: Please use the new API settings to control TF32 behavior, such as torch.backends.cudnn.conv.fp32_precision = 'tf32' or torch.backends.cuda.matmul.fp32_precision = 'ieee'. Old settings, e.g, torch.backends.cuda.matmul.allow_tf32 = True, torch.backends.cudnn.allow_tf32 = True, allowTF32CuDNN() and allowTF32CuBLAS() will be deprecated after Pytorch 2.9. Please see https://pytorch.org/docs/main/notes/cuda.html#tensorfloat-32-tf32-on-ampere-and-later-devices (Triggered internally at /pytorch/aten/src/ATen/Context.cpp:80.)
  _C._set_float32_matmul_precision(precision)
/usr/local/lib/python3.11/site-packages/torch/__init__.py:1617: UserWarning: Please use the new API settings to control TF32 behavior, such as torch.backends.cudnn.conv.fp32_precision = 'tf32' or torch.backends.cuda.matmul.fp32_precision = 'ieee'. Old settings, e.g, torch.backends.cuda.matmul.allow_tf32 = True, torch.backends.cudnn.allow_tf32 = True, allowTF32CuDNN() and allowTF32CuBLAS() will be deprecated after Pytorch 2.9. Please see https://pytorch.org/docs/main/notes/cuda.html#tensorfloat-32-tf32-on-ampere-and-later-devices (Triggered internally at /pytorch/aten/src/ATen/Context.cpp:80.)
  _C._set_float32_matmul_precision(precision)
/usr/local/lib/python3.11/site-packages/torch/__init__.py:1617: UserWarning: Please use the new API settings to control TF32 behavior, such as torch.backends.cudnn.conv.fp32_precision = 'tf32' or torch.backends.cuda.matmul.fp32_precision = 'ieee'. Old settings, e.g, torch.backends.cuda.matmul.allow_tf32 = True, torch.backends.cudnn.allow_tf32 = True, allowTF32CuDNN() and allowTF32CuBLAS() will be deprecated after Pytorch 2.9. Please see https://pytorch.org/docs/main/notes/cuda.html#tensorfloat-32-tf32-on-ampere-and-later-devices (Triggered internally at /pytorch/aten/src/ATen/Context.cpp:80.)
  _C._set_float32_matmul_precision(precision)
/usr/local/lib/python3.11/site-packages/torch/__init__.py:1617: UserWarning: Please use the new API settings to control TF32 behavior, such as torch.backends.cudnn.conv.fp32_precision = 'tf32' or torch.backends.cuda.matmul.fp32_precision = 'ieee'. Old settings, e.g, torch.backends.cuda.matmul.allow_tf32 = True, torch.backends.cudnn.allow_tf32 = True, allowTF32CuDNN() and allowTF32CuBLAS() will be deprecated after Pytorch 2.9. Please see https://pytorch.org/docs/main/notes/cuda.html#tensorfloat-32-tf32-on-ampere-and-later-devices (Triggered internally at /pytorch/aten/src/ATen/Context.cpp:80.)
  _C._set_float32_matmul_precision(precision)
/usr/local/lib/python3.11/site-packages/pydantic/_internal/_generate_schema.py:2249: UnsupportedFieldAttributeWarning: The 'repr' attribute with value False was provided to the `Field()` function, which has no effect in the context it was used. 'repr' is field-specific metadata, and can only be attached to a model field using `Annotated` metadata or by assignment. This may have happened because an `Annotated` type alias using the `type` statement was used, or if the `Field()` function was attached to a single member of a union type.
  warnings.warn(
/usr/local/lib/python3.11/site-packages/pydantic/_internal/_generate_schema.py:2249: UnsupportedFieldAttributeWarning: The 'frozen' attribute with value True was provided to the `Field()` function, which has no effect in the context it was used. 'frozen' is field-specific metadata, and can only be attached to a model field using `Annotated` metadata or by assignment. This may have happened because an `Annotated` type alias using the `type` statement was used, or if the `Field()` function was attached to a single member of a union type.
  warnings.warn(
/usr/local/lib/python3.11/site-packages/pydantic/_internal/_generate_schema.py:2249: UnsupportedFieldAttributeWarning: The 'repr' attribute with value False was provided to the `Field()` function, which has no effect in the context it was used. 'repr' is field-specific metadata, and can only be attached to a model field using `Annotated` metadata or by assignment. This may have happened because an `Annotated` type alias using the `type` statement was used, or if the `Field()` function was attached to a single member of a union type.
  warnings.warn(
/usr/local/lib/python3.11/site-packages/pydantic/_internal/_generate_schema.py:2249: UnsupportedFieldAttributeWarning: The 'frozen' attribute with value True was provided to the `Field()` function, which has no effect in the context it was used. 'frozen' is field-specific metadata, and can only be attached to a model field using `Annotated` metadata or by assignment. This may have happened because an `Annotated` type alias using the `type` statement was used, or if the `Field()` function was attached to a single member of a union type.
  warnings.warn(
/usr/local/lib/python3.11/site-packages/pydantic/_internal/_generate_schema.py:2249: UnsupportedFieldAttributeWarning: The 'repr' attribute with value False was provided to the `Field()` function, which has no effect in the context it was used. 'repr' is field-specific metadata, and can only be attached to a model field using `Annotated` metadata or by assignment. This may have happened because an `Annotated` type alias using the `type` statement was used, or if the `Field()` function was attached to a single member of a union type.
  warnings.warn(
/usr/local/lib/python3.11/site-packages/pydantic/_internal/_generate_schema.py:2249: UnsupportedFieldAttributeWarning: The 'frozen' attribute with value True was provided to the `Field()` function, which has no effect in the context it was used. 'frozen' is field-specific metadata, and can only be attached to a model field using `Annotated` metadata or by assignment. This may have happened because an `Annotated` type alias using the `type` statement was used, or if the `Field()` function was attached to a single member of a union type.
  warnings.warn(
/usr/local/lib/python3.11/site-packages/pydantic/_internal/_generate_schema.py:2249: UnsupportedFieldAttributeWarning: The 'repr' attribute with value False was provided to the `Field()` function, which has no effect in the context it was used. 'repr' is field-specific metadata, and can only be attached to a model field using `Annotated` metadata or by assignment. This may have happened because an `Annotated` type alias using the `type` statement was used, or if the `Field()` function was attached to a single member of a union type.
  warnings.warn(
/usr/local/lib/python3.11/site-packages/pydantic/_internal/_generate_schema.py:2249: UnsupportedFieldAttributeWarning: The 'frozen' attribute with value True was provided to the `Field()` function, which has no effect in the context it was used. 'frozen' is field-specific metadata, and can only be attached to a model field using `Annotated` metadata or by assignment. This may have happened because an `Annotated` type alias using the `type` statement was used, or if the `Field()` function was attached to a single member of a union type.
  warnings.warn(
/usr/local/lib/python3.11/site-packages/torch/distributed/distributed_c10d.py:4876: UserWarning: barrier(): using the device under current context. You can specify `device_id` in `init_process_group` to mute this warning.
  warnings.warn(  # warn only once
[rank0]:[W911 14:45:53.209046672 ProcessGroupNCCL.cpp:5068] Guessing device ID based on global rank. This can cause a hang if rank to GPU mapping is heterogeneous. You can specify device_id in init_process_group()
I0911 14:45:54.824723 140605188629696 logger_utils.py:84] Creating experiment directory at /experiment_runs/submissions_a100/ademamix_golden/study_1/finewebedu_lm_pytorch.
I0911 14:45:54.824722 140560192804032 logger_utils.py:84] Creating experiment directory at /experiment_runs/submissions_a100/ademamix_golden/study_1/finewebedu_lm_pytorch.
I0911 14:45:54.824722 139757995185344 logger_utils.py:84] Creating experiment directory at /experiment_runs/submissions_a100/ademamix_golden/study_1/finewebedu_lm_pytorch.
I0911 14:45:54.824744 140604651087040 logger_utils.py:84] Creating experiment directory at /experiment_runs/submissions_a100/ademamix_golden/study_1/finewebedu_lm_pytorch.
I0911 14:45:54.857185 140605188629696 submission_runner.py:741] Creating directory at /experiment_runs/submissions_a100/ademamix_golden/study_1/finewebedu_lm_pytorch/trial_1.
I0911 14:45:55.107672 140605188629696 submission_runner.py:242] Initializing dataset.
I0911 14:45:55.107837 140605188629696 submission_runner.py:251] Initializing model.
I0911 14:46:01.531689 140605188629696 submission_runner.py:290] Performing `torch.compile`.
I0911 14:46:02.908406 140560192804032 logger_utils.py:283] Unable to record workload.train_mean information. Continuing without it.
I0911 14:46:02.908570 140560192804032 logger_utils.py:283] Unable to record workload.train_stddev information. Continuing without it.
I0911 14:46:02.912361 140605188629696 submission_runner.py:294] Initializing optimizer.
I0911 14:46:02.913087 140605188629696 submission_runner.py:299] Initializing metrics bundle.
I0911 14:46:02.913080 140604651087040 logger_utils.py:283] Unable to record workload.train_mean information. Continuing without it.
I0911 14:46:02.913122 139757995185344 logger_utils.py:283] Unable to record workload.train_mean information. Continuing without it.
I0911 14:46:02.913231 140604651087040 logger_utils.py:283] Unable to record workload.train_stddev information. Continuing without it.
I0911 14:46:02.913233 140605188629696 submission_runner.py:321] Initializing checkpoint and logger.
I0911 14:46:02.913269 139757995185344 logger_utils.py:283] Unable to record workload.train_stddev information. Continuing without it.
I0911 14:46:02.913636 140605188629696 submission_runner.py:344] Saving meta data to /experiment_runs/submissions_a100/ademamix_golden/study_1/finewebedu_lm_pytorch/trial_1/meta_data_0.json.
I0911 14:46:02.913811 140605188629696 logger_utils.py:283] Unable to record workload.train_mean information. Continuing without it.
I0911 14:46:02.913866 140605188629696 logger_utils.py:283] Unable to record workload.train_stddev information. Continuing without it.
I0911 14:46:03.175228 140605188629696 submission_runner.py:348] Saving flags to /experiment_runs/submissions_a100/ademamix_golden/study_1/finewebedu_lm_pytorch/trial_1/flags_0.json.
I0911 14:46:03.189666 140605188629696 submission_runner.py:359] Starting training loop.
[rank0]:W0911 14:46:05.238000 38 site-packages/torch/_logging/_internal.py:1199] [0/0] Profiler function <class 'torch.autograd.profiler.record_function'> will be ignored
[rank1]:W0911 14:46:05.274000 39 site-packages/torch/_logging/_internal.py:1199] [0/0] Profiler function <class 'torch.autograd.profiler.record_function'> will be ignored
[rank2]:W0911 14:46:05.307000 40 site-packages/torch/_logging/_internal.py:1199] [0/0] Profiler function <class 'torch.autograd.profiler.record_function'> will be ignored
[rank3]:W0911 14:46:05.355000 41 site-packages/torch/_logging/_internal.py:1199] [0/0] Profiler function <class 'torch.autograd.profiler.record_function'> will be ignored
I0911 14:46:47.795981 140578960201472 logging_writer.py:48] [0] global_step=0, grad_norm=0.5, loss=11.0153
I0911 14:46:47.824700 140605188629696 submission.py:307] 0) loss = 11.015, grad_norm = 0.500
I0911 14:46:48.405434 140605188629696 spec.py:333] Evaluating on the training split.
/usr/local/lib/python3.11/site-packages/torch/_dynamo/variables/functions.py:1598: UserWarning: Dynamo does not know how to trace the builtin `torch._C._distributed_c10d.pybind11_detail_function_record_v1_system_libstdcpp_gxx_abi_1xxx_use_cxx11_abi_1._broadcast_coalesced.` This function is either a Python builtin (e.g. _warnings.warn) or a third-party C/C++ Python extension (perhaps created with pybind).
If it is a Python builtin, please file an issue on GitHub so the PyTorch team can add support for it and see the next case for a workaround.
If it is a third-party C/C++ Python extension, please either wrap it into a PyTorch-understood custom operator (see https://pytorch.org/tutorials/advanced/custom_ops_landing_page.html for more details) or, if it is traceable, use `torch.compiler.allow_in_graph`.
  torch._dynamo.utils.warn_once(explanation + "\n" + "\n".join(hints))
/usr/local/lib/python3.11/site-packages/torch/_dynamo/variables/functions.py:1598: UserWarning: Dynamo does not know how to trace the builtin `torch._C._distributed_c10d.pybind11_detail_function_record_v1_system_libstdcpp_gxx_abi_1xxx_use_cxx11_abi_1._broadcast_coalesced.` This function is either a Python builtin (e.g. _warnings.warn) or a third-party C/C++ Python extension (perhaps created with pybind).
If it is a Python builtin, please file an issue on GitHub so the PyTorch team can add support for it and see the next case for a workaround.
If it is a third-party C/C++ Python extension, please either wrap it into a PyTorch-understood custom operator (see https://pytorch.org/tutorials/advanced/custom_ops_landing_page.html for more details) or, if it is traceable, use `torch.compiler.allow_in_graph`.
  torch._dynamo.utils.warn_once(explanation + "\n" + "\n".join(hints))
/usr/local/lib/python3.11/site-packages/torch/_dynamo/variables/functions.py:1598: UserWarning: Dynamo does not know how to trace the builtin `torch._C._distributed_c10d.pybind11_detail_function_record_v1_system_libstdcpp_gxx_abi_1xxx_use_cxx11_abi_1._broadcast_coalesced.` This function is either a Python builtin (e.g. _warnings.warn) or a third-party C/C++ Python extension (perhaps created with pybind).
If it is a Python builtin, please file an issue on GitHub so the PyTorch team can add support for it and see the next case for a workaround.
If it is a third-party C/C++ Python extension, please either wrap it into a PyTorch-understood custom operator (see https://pytorch.org/tutorials/advanced/custom_ops_landing_page.html for more details) or, if it is traceable, use `torch.compiler.allow_in_graph`.
  torch._dynamo.utils.warn_once(explanation + "\n" + "\n".join(hints))
/usr/local/lib/python3.11/site-packages/torch/_dynamo/variables/functions.py:1598: UserWarning: Dynamo does not know how to trace the builtin `torch._C._distributed_c10d.pybind11_detail_function_record_v1_system_libstdcpp_gxx_abi_1xxx_use_cxx11_abi_1._broadcast_coalesced.` This function is either a Python builtin (e.g. _warnings.warn) or a third-party C/C++ Python extension (perhaps created with pybind).
If it is a Python builtin, please file an issue on GitHub so the PyTorch team can add support for it and see the next case for a workaround.
If it is a third-party C/C++ Python extension, please either wrap it into a PyTorch-understood custom operator (see https://pytorch.org/tutorials/advanced/custom_ops_landing_page.html for more details) or, if it is traceable, use `torch.compiler.allow_in_graph`.
  torch._dynamo.utils.warn_once(explanation + "\n" + "\n".join(hints))
I0911 14:47:44.491569 140605188629696 spec.py:346] Evaluating on the validation split.
I0911 14:50:35.075180 140605188629696 spec.py:363] Evaluating on the test split.
I0911 14:50:35.075823 140605188629696 submission_runner.py:516] Time since start: 271.89s, 	Step: 1, 	{'train/loss': 11.020582580566407, 'train/ppl': 61119.27614337982, 'validation/loss': 11.021556805466751, 'validation/ppl': 61178.84907809615, 'validation/num_examples': 100000, 'test/loss': 0.0, 'test/ppl': 1.0, 'test/num_examples': 0, 'score': 44.63611102104187, 'total_duration': 271.8861677646637, 'accumulated_submission_time': 44.63611102104187, 'accumulated_eval_time': 226.6703073978424, 'accumulated_logging_time': 0}
I0911 14:50:35.093395 140569892026112 logging_writer.py:48] [1] accumulated_eval_time=226.67, accumulated_logging_time=0, accumulated_submission_time=44.6361, global_step=1, preemption_count=0, score=44.6361, test/loss=0, test/num_examples=0, test/ppl=1, total_duration=271.886, train/loss=11.0206, train/ppl=61119.3, validation/loss=11.0216, validation/num_examples=100000, validation/ppl=61178.8
I0911 14:50:36.756534 140569883633408 logging_writer.py:48] [1] global_step=1, grad_norm=0.5, loss=11.0151
I0911 14:50:36.759411 140605188629696 submission.py:307] 1) loss = 11.015, grad_norm = 0.500
I0911 14:50:37.200394 140569892026112 logging_writer.py:48] [2] global_step=2, grad_norm=0.5, loss=11.0068
I0911 14:50:37.203278 140605188629696 submission.py:307] 2) loss = 11.007, grad_norm = 0.500
I0911 14:50:37.634511 140569883633408 logging_writer.py:48] [3] global_step=3, grad_norm=0.5, loss=10.9747
I0911 14:50:37.637282 140605188629696 submission.py:307] 3) loss = 10.975, grad_norm = 0.500
I0911 14:50:38.067003 140569892026112 logging_writer.py:48] [4] global_step=4, grad_norm=0.5, loss=10.9318
I0911 14:50:38.069793 140605188629696 submission.py:307] 4) loss = 10.932, grad_norm = 0.500
I0911 14:50:38.499360 140569883633408 logging_writer.py:48] [5] global_step=5, grad_norm=0.5, loss=10.8632
I0911 14:50:38.502210 140605188629696 submission.py:307] 5) loss = 10.863, grad_norm = 0.500
I0911 14:50:38.930762 140569892026112 logging_writer.py:48] [6] global_step=6, grad_norm=0.5, loss=10.7872
I0911 14:50:38.933593 140605188629696 submission.py:307] 6) loss = 10.787, grad_norm = 0.500
I0911 14:50:39.363937 140569883633408 logging_writer.py:48] [7] global_step=7, grad_norm=0.5, loss=10.7019
I0911 14:50:39.366706 140605188629696 submission.py:307] 7) loss = 10.702, grad_norm = 0.500
I0911 14:50:39.795747 140569892026112 logging_writer.py:48] [8] global_step=8, grad_norm=0.5, loss=10.6166
I0911 14:50:39.798572 140605188629696 submission.py:307] 8) loss = 10.617, grad_norm = 0.500
I0911 14:50:40.226795 140569883633408 logging_writer.py:48] [9] global_step=9, grad_norm=0.5, loss=10.4723
I0911 14:50:40.229574 140605188629696 submission.py:307] 9) loss = 10.472, grad_norm = 0.500
I0911 14:50:40.659706 140569892026112 logging_writer.py:48] [10] global_step=10, grad_norm=0.5, loss=10.3515
I0911 14:50:40.662519 140605188629696 submission.py:307] 10) loss = 10.352, grad_norm = 0.500
I0911 14:50:41.091380 140569883633408 logging_writer.py:48] [11] global_step=11, grad_norm=0.5, loss=10.2401
I0911 14:50:41.094169 140605188629696 submission.py:307] 11) loss = 10.240, grad_norm = 0.500
I0911 14:50:41.523325 140569892026112 logging_writer.py:48] [12] global_step=12, grad_norm=0.5, loss=10.1202
I0911 14:50:41.526176 140605188629696 submission.py:307] 12) loss = 10.120, grad_norm = 0.500
I0911 14:50:41.955276 140569883633408 logging_writer.py:48] [13] global_step=13, grad_norm=0.5, loss=9.99427
I0911 14:50:41.958129 140605188629696 submission.py:307] 13) loss = 9.994, grad_norm = 0.500
I0911 14:50:42.384059 140569892026112 logging_writer.py:48] [14] global_step=14, grad_norm=0.5, loss=9.92115
I0911 14:50:42.386841 140605188629696 submission.py:307] 14) loss = 9.921, grad_norm = 0.500
I0911 14:50:42.814636 140569883633408 logging_writer.py:48] [15] global_step=15, grad_norm=0.5, loss=9.7727
I0911 14:50:42.817377 140605188629696 submission.py:307] 15) loss = 9.773, grad_norm = 0.500
I0911 14:50:43.246764 140569892026112 logging_writer.py:48] [16] global_step=16, grad_norm=0.5, loss=9.74113
I0911 14:50:43.249567 140605188629696 submission.py:307] 16) loss = 9.741, grad_norm = 0.500
I0911 14:50:43.679161 140569883633408 logging_writer.py:48] [17] global_step=17, grad_norm=0.5, loss=9.62004
I0911 14:50:43.682042 140605188629696 submission.py:307] 17) loss = 9.620, grad_norm = 0.500
I0911 14:50:44.109508 140569892026112 logging_writer.py:48] [18] global_step=18, grad_norm=0.5, loss=9.55253
I0911 14:50:44.112330 140605188629696 submission.py:307] 18) loss = 9.553, grad_norm = 0.500
I0911 14:50:44.541690 140569883633408 logging_writer.py:48] [19] global_step=19, grad_norm=0.5, loss=9.44586
I0911 14:50:44.544587 140605188629696 submission.py:307] 19) loss = 9.446, grad_norm = 0.500
I0911 14:50:44.973516 140569892026112 logging_writer.py:48] [20] global_step=20, grad_norm=0.5, loss=9.42764
I0911 14:50:44.976255 140605188629696 submission.py:307] 20) loss = 9.428, grad_norm = 0.500
I0911 14:50:45.401927 140569883633408 logging_writer.py:48] [21] global_step=21, grad_norm=0.5, loss=9.4021
I0911 14:50:45.404754 140605188629696 submission.py:307] 21) loss = 9.402, grad_norm = 0.500
I0911 14:50:45.831952 140569892026112 logging_writer.py:48] [22] global_step=22, grad_norm=0.5, loss=9.37511
I0911 14:50:45.834787 140605188629696 submission.py:307] 22) loss = 9.375, grad_norm = 0.500
I0911 14:50:46.263898 140569883633408 logging_writer.py:48] [23] global_step=23, grad_norm=0.5, loss=9.33595
I0911 14:50:46.266784 140605188629696 submission.py:307] 23) loss = 9.336, grad_norm = 0.500
I0911 14:50:46.695830 140569892026112 logging_writer.py:48] [24] global_step=24, grad_norm=0.5, loss=9.31078
I0911 14:50:46.698683 140605188629696 submission.py:307] 24) loss = 9.311, grad_norm = 0.500
I0911 14:50:47.126183 140569883633408 logging_writer.py:48] [25] global_step=25, grad_norm=0.5, loss=9.26592
I0911 14:50:47.129104 140605188629696 submission.py:307] 25) loss = 9.266, grad_norm = 0.500
I0911 14:50:47.558939 140569892026112 logging_writer.py:48] [26] global_step=26, grad_norm=0.5, loss=9.24418
I0911 14:50:47.561822 140605188629696 submission.py:307] 26) loss = 9.244, grad_norm = 0.500
I0911 14:50:47.990486 140569883633408 logging_writer.py:48] [27] global_step=27, grad_norm=0.5, loss=9.22173
I0911 14:50:47.993245 140605188629696 submission.py:307] 27) loss = 9.222, grad_norm = 0.500
I0911 14:50:48.420762 140569892026112 logging_writer.py:48] [28] global_step=28, grad_norm=0.5, loss=9.21657
I0911 14:50:48.423610 140605188629696 submission.py:307] 28) loss = 9.217, grad_norm = 0.500
I0911 14:50:48.850886 140569883633408 logging_writer.py:48] [29] global_step=29, grad_norm=0.5, loss=9.2283
I0911 14:50:48.853735 140605188629696 submission.py:307] 29) loss = 9.228, grad_norm = 0.500
I0911 14:50:49.283062 140569892026112 logging_writer.py:48] [30] global_step=30, grad_norm=0.5, loss=9.17224
I0911 14:50:49.285934 140605188629696 submission.py:307] 30) loss = 9.172, grad_norm = 0.500
I0911 14:50:49.714000 140569883633408 logging_writer.py:48] [31] global_step=31, grad_norm=0.5, loss=9.17262
I0911 14:50:49.716825 140605188629696 submission.py:307] 31) loss = 9.173, grad_norm = 0.500
I0911 14:50:50.144859 140569892026112 logging_writer.py:48] [32] global_step=32, grad_norm=0.5, loss=9.13588
I0911 14:50:50.147669 140605188629696 submission.py:307] 32) loss = 9.136, grad_norm = 0.500
I0911 14:50:50.577360 140569883633408 logging_writer.py:48] [33] global_step=33, grad_norm=0.5, loss=9.11179
I0911 14:50:50.580165 140605188629696 submission.py:307] 33) loss = 9.112, grad_norm = 0.500
I0911 14:50:51.008075 140569892026112 logging_writer.py:48] [34] global_step=34, grad_norm=0.5, loss=9.04943
I0911 14:50:51.010883 140605188629696 submission.py:307] 34) loss = 9.049, grad_norm = 0.500
I0911 14:50:51.439196 140569883633408 logging_writer.py:48] [35] global_step=35, grad_norm=0.5, loss=9.0421
I0911 14:50:51.442065 140605188629696 submission.py:307] 35) loss = 9.042, grad_norm = 0.500
I0911 14:50:51.871836 140569892026112 logging_writer.py:48] [36] global_step=36, grad_norm=0.5, loss=9.06561
I0911 14:50:51.874871 140605188629696 submission.py:307] 36) loss = 9.066, grad_norm = 0.500
I0911 14:50:52.301687 140569883633408 logging_writer.py:48] [37] global_step=37, grad_norm=0.5, loss=9.04134
I0911 14:50:52.304533 140605188629696 submission.py:307] 37) loss = 9.041, grad_norm = 0.500
I0911 14:50:52.731751 140569892026112 logging_writer.py:48] [38] global_step=38, grad_norm=0.5, loss=8.93473
I0911 14:50:52.734545 140605188629696 submission.py:307] 38) loss = 8.935, grad_norm = 0.500
I0911 14:50:53.161704 140569883633408 logging_writer.py:48] [39] global_step=39, grad_norm=0.5, loss=8.93584
I0911 14:50:53.164508 140605188629696 submission.py:307] 39) loss = 8.936, grad_norm = 0.500
I0911 14:50:53.593185 140569892026112 logging_writer.py:48] [40] global_step=40, grad_norm=0.5, loss=8.92206
I0911 14:50:53.596005 140605188629696 submission.py:307] 40) loss = 8.922, grad_norm = 0.500
I0911 14:50:54.024350 140569883633408 logging_writer.py:48] [41] global_step=41, grad_norm=0.5, loss=8.90531
I0911 14:50:54.027151 140605188629696 submission.py:307] 41) loss = 8.905, grad_norm = 0.500
I0911 14:50:54.454741 140569892026112 logging_writer.py:48] [42] global_step=42, grad_norm=0.5, loss=8.87587
I0911 14:50:54.457568 140605188629696 submission.py:307] 42) loss = 8.876, grad_norm = 0.500
I0911 14:50:54.887065 140569883633408 logging_writer.py:48] [43] global_step=43, grad_norm=0.5, loss=8.83646
I0911 14:50:54.889881 140605188629696 submission.py:307] 43) loss = 8.836, grad_norm = 0.500
I0911 14:50:55.318535 140569892026112 logging_writer.py:48] [44] global_step=44, grad_norm=0.5, loss=8.84478
I0911 14:50:55.321339 140605188629696 submission.py:307] 44) loss = 8.845, grad_norm = 0.500
I0911 14:50:55.747643 140569883633408 logging_writer.py:48] [45] global_step=45, grad_norm=0.5, loss=8.77143
I0911 14:50:55.750462 140605188629696 submission.py:307] 45) loss = 8.771, grad_norm = 0.500
I0911 14:50:56.177850 140569892026112 logging_writer.py:48] [46] global_step=46, grad_norm=0.5, loss=8.77482
I0911 14:50:56.180664 140605188629696 submission.py:307] 46) loss = 8.775, grad_norm = 0.500
I0911 14:50:56.609332 140569883633408 logging_writer.py:48] [47] global_step=47, grad_norm=0.5, loss=8.78464
I0911 14:50:56.612028 140605188629696 submission.py:307] 47) loss = 8.785, grad_norm = 0.500
I0911 14:50:57.040713 140569892026112 logging_writer.py:48] [48] global_step=48, grad_norm=0.5, loss=8.67914
I0911 14:50:57.043490 140605188629696 submission.py:307] 48) loss = 8.679, grad_norm = 0.500
I0911 14:50:57.471522 140569883633408 logging_writer.py:48] [49] global_step=49, grad_norm=0.5, loss=8.68061
I0911 14:50:57.474290 140605188629696 submission.py:307] 49) loss = 8.681, grad_norm = 0.500
I0911 14:50:57.902625 140569892026112 logging_writer.py:48] [50] global_step=50, grad_norm=0.5, loss=8.69974
I0911 14:50:57.905479 140605188629696 submission.py:307] 50) loss = 8.700, grad_norm = 0.500
I0911 14:50:58.334859 140569883633408 logging_writer.py:48] [51] global_step=51, grad_norm=0.5, loss=8.66935
I0911 14:50:58.337692 140605188629696 submission.py:307] 51) loss = 8.669, grad_norm = 0.500
I0911 14:50:58.765179 140569892026112 logging_writer.py:48] [52] global_step=52, grad_norm=0.5, loss=8.63885
I0911 14:50:58.767954 140605188629696 submission.py:307] 52) loss = 8.639, grad_norm = 0.500
I0911 14:50:59.194046 140569883633408 logging_writer.py:48] [53] global_step=53, grad_norm=0.5, loss=8.62476
I0911 14:50:59.196886 140605188629696 submission.py:307] 53) loss = 8.625, grad_norm = 0.500
I0911 14:50:59.626007 140569892026112 logging_writer.py:48] [54] global_step=54, grad_norm=0.5, loss=8.57328
I0911 14:50:59.628781 140605188629696 submission.py:307] 54) loss = 8.573, grad_norm = 0.500
I0911 14:51:00.058604 140569883633408 logging_writer.py:48] [55] global_step=55, grad_norm=0.5, loss=8.5828
I0911 14:51:00.061356 140605188629696 submission.py:307] 55) loss = 8.583, grad_norm = 0.500
I0911 14:51:00.489238 140569892026112 logging_writer.py:48] [56] global_step=56, grad_norm=0.5, loss=8.61161
I0911 14:51:00.492043 140605188629696 submission.py:307] 56) loss = 8.612, grad_norm = 0.500
I0911 14:51:00.921467 140569883633408 logging_writer.py:48] [57] global_step=57, grad_norm=0.5, loss=8.52864
I0911 14:51:00.924199 140605188629696 submission.py:307] 57) loss = 8.529, grad_norm = 0.500
I0911 14:51:01.353186 140569892026112 logging_writer.py:48] [58] global_step=58, grad_norm=0.5, loss=8.5014
I0911 14:51:01.355965 140605188629696 submission.py:307] 58) loss = 8.501, grad_norm = 0.500
I0911 14:51:01.783003 140569883633408 logging_writer.py:48] [59] global_step=59, grad_norm=0.5, loss=8.51353
I0911 14:51:01.785826 140605188629696 submission.py:307] 59) loss = 8.514, grad_norm = 0.500
I0911 14:51:02.211966 140569892026112 logging_writer.py:48] [60] global_step=60, grad_norm=0.5, loss=8.52962
I0911 14:51:02.214743 140605188629696 submission.py:307] 60) loss = 8.530, grad_norm = 0.500
I0911 14:51:02.643243 140569883633408 logging_writer.py:48] [61] global_step=61, grad_norm=0.5, loss=8.45072
I0911 14:51:02.646084 140605188629696 submission.py:307] 61) loss = 8.451, grad_norm = 0.500
I0911 14:51:03.074937 140569892026112 logging_writer.py:48] [62] global_step=62, grad_norm=0.5, loss=8.44301
I0911 14:51:03.077818 140605188629696 submission.py:307] 62) loss = 8.443, grad_norm = 0.500
I0911 14:51:03.505626 140569883633408 logging_writer.py:48] [63] global_step=63, grad_norm=0.5, loss=8.39296
I0911 14:51:03.508368 140605188629696 submission.py:307] 63) loss = 8.393, grad_norm = 0.500
I0911 14:51:03.937076 140569892026112 logging_writer.py:48] [64] global_step=64, grad_norm=0.5, loss=8.41195
I0911 14:51:03.939859 140605188629696 submission.py:307] 64) loss = 8.412, grad_norm = 0.500
I0911 14:51:04.368379 140569883633408 logging_writer.py:48] [65] global_step=65, grad_norm=0.5, loss=8.40928
I0911 14:51:04.371533 140605188629696 submission.py:307] 65) loss = 8.409, grad_norm = 0.500
I0911 14:51:04.799738 140569892026112 logging_writer.py:48] [66] global_step=66, grad_norm=0.5, loss=8.30307
I0911 14:51:04.802520 140605188629696 submission.py:307] 66) loss = 8.303, grad_norm = 0.500
I0911 14:51:05.229948 140569883633408 logging_writer.py:48] [67] global_step=67, grad_norm=0.5, loss=8.28684
I0911 14:51:05.232806 140605188629696 submission.py:307] 67) loss = 8.287, grad_norm = 0.500
I0911 14:51:05.660399 140569892026112 logging_writer.py:48] [68] global_step=68, grad_norm=0.5, loss=8.30109
I0911 14:51:05.663237 140605188629696 submission.py:307] 68) loss = 8.301, grad_norm = 0.500
I0911 14:51:06.092078 140569883633408 logging_writer.py:48] [69] global_step=69, grad_norm=0.5, loss=8.35445
I0911 14:51:06.095016 140605188629696 submission.py:307] 69) loss = 8.354, grad_norm = 0.500
I0911 14:51:06.523581 140569892026112 logging_writer.py:48] [70] global_step=70, grad_norm=0.5, loss=8.27059
I0911 14:51:06.526403 140605188629696 submission.py:307] 70) loss = 8.271, grad_norm = 0.500
I0911 14:51:06.953949 140569883633408 logging_writer.py:48] [71] global_step=71, grad_norm=0.5, loss=8.2759
I0911 14:51:06.956918 140605188629696 submission.py:307] 71) loss = 8.276, grad_norm = 0.500
I0911 14:51:07.385637 140569892026112 logging_writer.py:48] [72] global_step=72, grad_norm=0.5, loss=8.25628
I0911 14:51:07.388430 140605188629696 submission.py:307] 72) loss = 8.256, grad_norm = 0.500
I0911 14:51:07.817222 140569883633408 logging_writer.py:48] [73] global_step=73, grad_norm=0.5, loss=8.25063
I0911 14:51:07.820018 140605188629696 submission.py:307] 73) loss = 8.251, grad_norm = 0.500
I0911 14:51:08.247702 140569892026112 logging_writer.py:48] [74] global_step=74, grad_norm=0.5, loss=8.25846
I0911 14:51:08.250519 140605188629696 submission.py:307] 74) loss = 8.258, grad_norm = 0.500
I0911 14:51:08.679686 140569883633408 logging_writer.py:48] [75] global_step=75, grad_norm=0.5, loss=8.23592
I0911 14:51:08.682894 140605188629696 submission.py:307] 75) loss = 8.236, grad_norm = 0.500
I0911 14:51:09.108979 140569892026112 logging_writer.py:48] [76] global_step=76, grad_norm=0.5, loss=8.12345
I0911 14:51:09.111845 140605188629696 submission.py:307] 76) loss = 8.123, grad_norm = 0.500
I0911 14:51:09.539547 140569883633408 logging_writer.py:48] [77] global_step=77, grad_norm=0.5, loss=8.13457
I0911 14:51:09.542470 140605188629696 submission.py:307] 77) loss = 8.135, grad_norm = 0.500
I0911 14:51:09.971017 140569892026112 logging_writer.py:48] [78] global_step=78, grad_norm=0.5, loss=8.10833
I0911 14:51:09.973851 140605188629696 submission.py:307] 78) loss = 8.108, grad_norm = 0.500
I0911 14:51:10.403123 140569883633408 logging_writer.py:48] [79] global_step=79, grad_norm=0.5, loss=8.12142
I0911 14:51:10.405914 140605188629696 submission.py:307] 79) loss = 8.121, grad_norm = 0.500
I0911 14:51:10.833866 140569892026112 logging_writer.py:48] [80] global_step=80, grad_norm=0.5, loss=8.01304
I0911 14:51:10.836631 140605188629696 submission.py:307] 80) loss = 8.013, grad_norm = 0.500
I0911 14:51:11.263652 140569883633408 logging_writer.py:48] [81] global_step=81, grad_norm=0.5, loss=8.01638
I0911 14:51:11.266480 140605188629696 submission.py:307] 81) loss = 8.016, grad_norm = 0.500
I0911 14:51:11.695984 140569892026112 logging_writer.py:48] [82] global_step=82, grad_norm=0.5, loss=8.00387
I0911 14:51:11.698790 140605188629696 submission.py:307] 82) loss = 8.004, grad_norm = 0.500
I0911 14:51:12.126348 140569883633408 logging_writer.py:48] [83] global_step=83, grad_norm=0.5, loss=8.02026
I0911 14:51:12.129182 140605188629696 submission.py:307] 83) loss = 8.020, grad_norm = 0.500
I0911 14:51:12.556144 140569892026112 logging_writer.py:48] [84] global_step=84, grad_norm=0.5, loss=8.00921
I0911 14:51:12.558917 140605188629696 submission.py:307] 84) loss = 8.009, grad_norm = 0.500
I0911 14:51:12.986047 140569883633408 logging_writer.py:48] [85] global_step=85, grad_norm=0.5, loss=7.9704
I0911 14:51:12.988853 140605188629696 submission.py:307] 85) loss = 7.970, grad_norm = 0.500
I0911 14:51:13.417350 140569892026112 logging_writer.py:48] [86] global_step=86, grad_norm=0.5, loss=7.96443
I0911 14:51:13.420131 140605188629696 submission.py:307] 86) loss = 7.964, grad_norm = 0.500
I0911 14:51:13.847909 140569883633408 logging_writer.py:48] [87] global_step=87, grad_norm=0.5, loss=7.97614
I0911 14:51:13.850752 140605188629696 submission.py:307] 87) loss = 7.976, grad_norm = 0.500
I0911 14:51:14.278088 140569892026112 logging_writer.py:48] [88] global_step=88, grad_norm=0.5, loss=7.94269
I0911 14:51:14.280890 140605188629696 submission.py:307] 88) loss = 7.943, grad_norm = 0.500
I0911 14:51:14.709327 140569883633408 logging_writer.py:48] [89] global_step=89, grad_norm=0.5, loss=7.86316
I0911 14:51:14.712117 140605188629696 submission.py:307] 89) loss = 7.863, grad_norm = 0.500
I0911 14:51:15.141228 140569892026112 logging_writer.py:48] [90] global_step=90, grad_norm=0.5, loss=7.86102
I0911 14:51:15.144022 140605188629696 submission.py:307] 90) loss = 7.861, grad_norm = 0.500
I0911 14:51:15.571384 140569883633408 logging_writer.py:48] [91] global_step=91, grad_norm=0.5, loss=7.84709
I0911 14:51:15.574166 140605188629696 submission.py:307] 91) loss = 7.847, grad_norm = 0.500
I0911 14:51:16.000301 140569892026112 logging_writer.py:48] [92] global_step=92, grad_norm=0.5, loss=7.82293
I0911 14:51:16.003464 140605188629696 submission.py:307] 92) loss = 7.823, grad_norm = 0.500
I0911 14:51:16.432096 140569883633408 logging_writer.py:48] [93] global_step=93, grad_norm=0.5, loss=7.78815
I0911 14:51:16.434893 140605188629696 submission.py:307] 93) loss = 7.788, grad_norm = 0.500
I0911 14:51:16.865039 140569892026112 logging_writer.py:48] [94] global_step=94, grad_norm=0.5, loss=7.80946
I0911 14:51:16.867861 140605188629696 submission.py:307] 94) loss = 7.809, grad_norm = 0.500
I0911 14:51:17.296267 140569883633408 logging_writer.py:48] [95] global_step=95, grad_norm=0.5, loss=7.76081
I0911 14:51:17.299304 140605188629696 submission.py:307] 95) loss = 7.761, grad_norm = 0.500
I0911 14:51:17.727354 140569892026112 logging_writer.py:48] [96] global_step=96, grad_norm=0.5, loss=7.74224
I0911 14:51:17.730212 140605188629696 submission.py:307] 96) loss = 7.742, grad_norm = 0.500
I0911 14:51:18.158979 140569883633408 logging_writer.py:48] [97] global_step=97, grad_norm=0.5, loss=7.71643
I0911 14:51:18.161793 140605188629696 submission.py:307] 97) loss = 7.716, grad_norm = 0.500
I0911 14:51:18.590122 140569892026112 logging_writer.py:48] [98] global_step=98, grad_norm=0.5, loss=7.69905
I0911 14:51:18.593001 140605188629696 submission.py:307] 98) loss = 7.699, grad_norm = 0.500
I0911 14:51:19.019277 140569883633408 logging_writer.py:48] [99] global_step=99, grad_norm=0.5, loss=7.67196
I0911 14:51:19.022378 140605188629696 submission.py:307] 99) loss = 7.672, grad_norm = 0.500
I0911 14:51:19.449582 140569892026112 logging_writer.py:48] [100] global_step=100, grad_norm=0.5, loss=7.77724
I0911 14:51:19.452333 140605188629696 submission.py:307] 100) loss = 7.777, grad_norm = 0.500
I0911 14:54:06.846545 140569883633408 logging_writer.py:48] [500] global_step=500, grad_norm=0.499999, loss=5.57861
I0911 14:54:06.849542 140605188629696 submission.py:307] 500) loss = 5.579, grad_norm = 0.500
I0911 14:57:36.536587 140569892026112 logging_writer.py:48] [1000] global_step=1000, grad_norm=0.499999, loss=4.59631
I0911 14:57:36.539687 140605188629696 submission.py:307] 1000) loss = 4.596, grad_norm = 0.500
I0911 15:01:06.305680 140569883633408 logging_writer.py:48] [1500] global_step=1500, grad_norm=0.390261, loss=4.12502
I0911 15:01:06.308867 140605188629696 submission.py:307] 1500) loss = 4.125, grad_norm = 0.390
I0911 15:04:36.127688 140569892026112 logging_writer.py:48] [2000] global_step=2000, grad_norm=0.317957, loss=3.93876
I0911 15:04:36.130880 140605188629696 submission.py:307] 2000) loss = 3.939, grad_norm = 0.318
I0911 15:08:05.995120 140569883633408 logging_writer.py:48] [2500] global_step=2500, grad_norm=0.388366, loss=3.77712
I0911 15:08:05.998355 140605188629696 submission.py:307] 2500) loss = 3.777, grad_norm = 0.388
I0911 15:11:35.904386 140569892026112 logging_writer.py:48] [3000] global_step=3000, grad_norm=0.284542, loss=3.68835
I0911 15:11:35.907642 140605188629696 submission.py:307] 3000) loss = 3.688, grad_norm = 0.285
I0911 15:15:05.937580 140569883633408 logging_writer.py:48] [3500] global_step=3500, grad_norm=0.263329, loss=3.68256
I0911 15:15:05.941221 140605188629696 submission.py:307] 3500) loss = 3.683, grad_norm = 0.263
I0911 15:18:35.800714 140569892026112 logging_writer.py:48] [4000] global_step=4000, grad_norm=0.241085, loss=3.58217
I0911 15:18:35.803796 140605188629696 submission.py:307] 4000) loss = 3.582, grad_norm = 0.241
I0911 15:22:05.698681 140569883633408 logging_writer.py:48] [4500] global_step=4500, grad_norm=0.217426, loss=3.57443
I0911 15:22:05.701941 140605188629696 submission.py:307] 4500) loss = 3.574, grad_norm = 0.217
I0911 15:25:35.659200 140569892026112 logging_writer.py:48] [5000] global_step=5000, grad_norm=0.208807, loss=3.55145
I0911 15:25:35.662385 140605188629696 submission.py:307] 5000) loss = 3.551, grad_norm = 0.209
I0911 15:29:05.597716 140569883633408 logging_writer.py:48] [5500] global_step=5500, grad_norm=0.194293, loss=3.53429
I0911 15:29:05.600893 140605188629696 submission.py:307] 5500) loss = 3.534, grad_norm = 0.194
I0911 15:32:35.449307 140569892026112 logging_writer.py:48] [6000] global_step=6000, grad_norm=0.189947, loss=3.4752
I0911 15:32:35.452645 140605188629696 submission.py:307] 6000) loss = 3.475, grad_norm = 0.190
I0911 15:33:26.802569 140605188629696 spec.py:333] Evaluating on the training split.
I0911 15:33:44.555924 140605188629696 spec.py:346] Evaluating on the validation split.
I0911 15:36:35.676573 140605188629696 spec.py:363] Evaluating on the test split.
I0911 15:36:35.677244 140605188629696 submission_runner.py:516] Time since start: 3032.49s, 	Step: 6122, 	{'train/loss': 3.4746829986572267, 'train/ppl': 32.28759170422644, 'validation/loss': 3.4671412319173593, 'validation/ppl': 32.04500214577074, 'validation/num_examples': 100000, 'test/loss': 0.0, 'test/ppl': 1.0, 'test/num_examples': 0, 'score': 2612.907131433487, 'total_duration': 3032.4875638484955, 'accumulated_submission_time': 2612.907131433487, 'accumulated_eval_time': 415.54486775398254, 'accumulated_logging_time': 0.02599167823791504}
I0911 15:36:35.699461 140569883633408 logging_writer.py:48] [6122] accumulated_eval_time=415.545, accumulated_logging_time=0.0259917, accumulated_submission_time=2612.91, global_step=6122, preemption_count=0, score=2612.91, test/loss=0, test/num_examples=0, test/ppl=1, total_duration=3032.49, train/loss=3.47468, train/ppl=32.2876, validation/loss=3.46714, validation/num_examples=100000, validation/ppl=32.045
I0911 15:39:15.049693 140569892026112 logging_writer.py:48] [6500] global_step=6500, grad_norm=0.186537, loss=3.48998
I0911 15:39:15.052803 140605188629696 submission.py:307] 6500) loss = 3.490, grad_norm = 0.187
I0911 15:42:44.817263 140569883633408 logging_writer.py:48] [7000] global_step=7000, grad_norm=0.169293, loss=3.34311
I0911 15:42:44.820509 140605188629696 submission.py:307] 7000) loss = 3.343, grad_norm = 0.169
I0911 15:46:14.670613 140569892026112 logging_writer.py:48] [7500] global_step=7500, grad_norm=0.163145, loss=3.4223
I0911 15:46:14.673917 140605188629696 submission.py:307] 7500) loss = 3.422, grad_norm = 0.163
I0911 15:49:44.464011 140569883633408 logging_writer.py:48] [8000] global_step=8000, grad_norm=0.16491, loss=3.37403
I0911 15:49:44.467148 140605188629696 submission.py:307] 8000) loss = 3.374, grad_norm = 0.165
I0911 15:53:14.325482 140569892026112 logging_writer.py:48] [8500] global_step=8500, grad_norm=0.155487, loss=3.44925
I0911 15:53:14.328588 140605188629696 submission.py:307] 8500) loss = 3.449, grad_norm = 0.155
I0911 15:56:44.171109 140569883633408 logging_writer.py:48] [9000] global_step=9000, grad_norm=0.15259, loss=3.44755
I0911 15:56:44.174286 140605188629696 submission.py:307] 9000) loss = 3.448, grad_norm = 0.153
I0911 16:00:13.971422 140569892026112 logging_writer.py:48] [9500] global_step=9500, grad_norm=0.142359, loss=3.36498
I0911 16:00:13.974629 140605188629696 submission.py:307] 9500) loss = 3.365, grad_norm = 0.142
I0911 16:03:43.755138 140569883633408 logging_writer.py:48] [10000] global_step=10000, grad_norm=0.142133, loss=3.39824
I0911 16:03:43.758152 140605188629696 submission.py:307] 10000) loss = 3.398, grad_norm = 0.142
I0911 16:07:13.519424 140569892026112 logging_writer.py:48] [10500] global_step=10500, grad_norm=0.139957, loss=3.30049
I0911 16:07:13.522597 140605188629696 submission.py:307] 10500) loss = 3.300, grad_norm = 0.140
I0911 16:10:43.290975 140569883633408 logging_writer.py:48] [11000] global_step=11000, grad_norm=0.137574, loss=3.34706
I0911 16:10:43.294217 140605188629696 submission.py:307] 11000) loss = 3.347, grad_norm = 0.138
I0911 16:14:13.036739 140569892026112 logging_writer.py:48] [11500] global_step=11500, grad_norm=0.132477, loss=3.30398
I0911 16:14:13.040705 140605188629696 submission.py:307] 11500) loss = 3.304, grad_norm = 0.132
I0911 16:17:42.757379 140569883633408 logging_writer.py:48] [12000] global_step=12000, grad_norm=0.131727, loss=3.21332
I0911 16:17:42.760526 140605188629696 submission.py:307] 12000) loss = 3.213, grad_norm = 0.132
I0911 16:19:27.339489 140605188629696 spec.py:333] Evaluating on the training split.
I0911 16:19:45.095757 140605188629696 spec.py:346] Evaluating on the validation split.
I0911 16:22:36.380236 140605188629696 spec.py:363] Evaluating on the test split.
I0911 16:22:36.380950 140605188629696 submission_runner.py:516] Time since start: 5793.19s, 	Step: 12249, 	{'train/loss': 3.299115753173828, 'train/ppl': 27.08867525220346, 'validation/loss': 3.287495878956202, 'validation/ppl': 26.775729966664834, 'validation/num_examples': 100000, 'test/loss': 0.0, 'test/ppl': 1.0, 'test/num_examples': 0, 'score': 5181.371861219406, 'total_duration': 5793.191289663315, 'accumulated_submission_time': 5181.371861219406, 'accumulated_eval_time': 604.5862472057343, 'accumulated_logging_time': 0.05611538887023926}
I0911 16:22:36.403095 140569892026112 logging_writer.py:48] [12249] accumulated_eval_time=604.586, accumulated_logging_time=0.0561154, accumulated_submission_time=5181.37, global_step=12249, preemption_count=0, score=5181.37, test/loss=0, test/num_examples=0, test/ppl=1, total_duration=5793.19, train/loss=3.29912, train/ppl=27.0887, validation/loss=3.2875, validation/num_examples=100000, validation/ppl=26.7757
I0911 16:24:22.542038 140569883633408 logging_writer.py:48] [12500] global_step=12500, grad_norm=0.12722, loss=3.32711
I0911 16:24:22.545054 140605188629696 submission.py:307] 12500) loss = 3.327, grad_norm = 0.127
I0911 16:27:52.140380 140569892026112 logging_writer.py:48] [13000] global_step=13000, grad_norm=0.123178, loss=3.31417
I0911 16:27:52.143487 140605188629696 submission.py:307] 13000) loss = 3.314, grad_norm = 0.123
I0911 16:31:21.909240 140569883633408 logging_writer.py:48] [13500] global_step=13500, grad_norm=0.118154, loss=3.29066
I0911 16:31:21.912626 140605188629696 submission.py:307] 13500) loss = 3.291, grad_norm = 0.118
I0911 16:34:51.710304 140569892026112 logging_writer.py:48] [14000] global_step=14000, grad_norm=0.112891, loss=3.19294
I0911 16:34:51.713599 140605188629696 submission.py:307] 14000) loss = 3.193, grad_norm = 0.113
I0911 16:38:21.465314 140569883633408 logging_writer.py:48] [14500] global_step=14500, grad_norm=0.115945, loss=3.27936
I0911 16:38:21.468575 140605188629696 submission.py:307] 14500) loss = 3.279, grad_norm = 0.116
I0911 16:41:51.256202 140569892026112 logging_writer.py:48] [15000] global_step=15000, grad_norm=0.118025, loss=3.19061
I0911 16:41:51.259498 140605188629696 submission.py:307] 15000) loss = 3.191, grad_norm = 0.118
I0911 16:45:20.987446 140569883633408 logging_writer.py:48] [15500] global_step=15500, grad_norm=0.109786, loss=3.15178
I0911 16:45:20.990708 140605188629696 submission.py:307] 15500) loss = 3.152, grad_norm = 0.110
I0911 16:48:50.662066 140569892026112 logging_writer.py:48] [16000] global_step=16000, grad_norm=0.112775, loss=3.25978
I0911 16:48:50.665202 140605188629696 submission.py:307] 16000) loss = 3.260, grad_norm = 0.113
I0911 16:52:20.364744 140569883633408 logging_writer.py:48] [16500] global_step=16500, grad_norm=0.110356, loss=3.24677
I0911 16:52:20.367803 140605188629696 submission.py:307] 16500) loss = 3.247, grad_norm = 0.110
I0911 16:55:50.073732 140569892026112 logging_writer.py:48] [17000] global_step=17000, grad_norm=0.109195, loss=3.20467
I0911 16:55:50.076792 140605188629696 submission.py:307] 17000) loss = 3.205, grad_norm = 0.109
I0911 16:59:19.744288 140569883633408 logging_writer.py:48] [17500] global_step=17500, grad_norm=0.110819, loss=3.17037
I0911 16:59:19.747433 140605188629696 submission.py:307] 17500) loss = 3.170, grad_norm = 0.111
I0911 17:02:49.378672 140569892026112 logging_writer.py:48] [18000] global_step=18000, grad_norm=0.103785, loss=3.24388
I0911 17:02:49.381763 140605188629696 submission.py:307] 18000) loss = 3.244, grad_norm = 0.104
I0911 17:05:27.999002 140605188629696 spec.py:333] Evaluating on the training split.
I0911 17:05:46.046527 140605188629696 spec.py:346] Evaluating on the validation split.
I0911 17:08:37.071709 140605188629696 spec.py:363] Evaluating on the test split.
I0911 17:08:37.072330 140605188629696 submission_runner.py:516] Time since start: 8553.88s, 	Step: 18378, 	{'train/loss': 3.2123374938964844, 'train/ppl': 24.837074935123002, 'validation/loss': 3.2013342191496164, 'validation/ppl': 24.565283814079528, 'validation/num_examples': 100000, 'test/loss': 0.0, 'test/ppl': 1.0, 'test/num_examples': 0, 'score': 7749.9564797878265, 'total_duration': 8553.882697105408, 'accumulated_submission_time': 7749.9564797878265, 'accumulated_eval_time': 793.6595103740692, 'accumulated_logging_time': 0.08610343933105469}
I0911 17:08:37.094881 140569883633408 logging_writer.py:48] [18378] accumulated_eval_time=793.66, accumulated_logging_time=0.0861034, accumulated_submission_time=7749.96, global_step=18378, preemption_count=0, score=7749.96, test/loss=0, test/num_examples=0, test/ppl=1, total_duration=8553.88, train/loss=3.21234, train/ppl=24.8371, validation/loss=3.20133, validation/num_examples=100000, validation/ppl=24.5653
I0911 17:09:29.440952 140569892026112 logging_writer.py:48] [18500] global_step=18500, grad_norm=0.10458, loss=3.12959
I0911 17:09:29.443722 140605188629696 submission.py:307] 18500) loss = 3.130, grad_norm = 0.105
I0911 17:12:58.996543 140569883633408 logging_writer.py:48] [19000] global_step=19000, grad_norm=0.102335, loss=3.27076
I0911 17:12:58.999632 140605188629696 submission.py:307] 19000) loss = 3.271, grad_norm = 0.102
I0911 17:16:28.680043 140569892026112 logging_writer.py:48] [19500] global_step=19500, grad_norm=0.101115, loss=3.12139
I0911 17:16:28.683492 140605188629696 submission.py:307] 19500) loss = 3.121, grad_norm = 0.101
I0911 17:19:58.382122 140569883633408 logging_writer.py:48] [20000] global_step=20000, grad_norm=0.102888, loss=3.17198
I0911 17:19:58.385255 140605188629696 submission.py:307] 20000) loss = 3.172, grad_norm = 0.103
I0911 17:23:28.087114 140569892026112 logging_writer.py:48] [20500] global_step=20500, grad_norm=0.0984641, loss=3.18569
I0911 17:23:28.090326 140605188629696 submission.py:307] 20500) loss = 3.186, grad_norm = 0.098
I0911 17:26:57.782626 140569883633408 logging_writer.py:48] [21000] global_step=21000, grad_norm=0.0974808, loss=3.17962
I0911 17:26:57.785720 140605188629696 submission.py:307] 21000) loss = 3.180, grad_norm = 0.097
I0911 17:30:27.465466 140569892026112 logging_writer.py:48] [21500] global_step=21500, grad_norm=0.100789, loss=3.13005
I0911 17:30:27.468548 140605188629696 submission.py:307] 21500) loss = 3.130, grad_norm = 0.101
I0911 17:33:57.183163 140569883633408 logging_writer.py:48] [22000] global_step=22000, grad_norm=0.0973503, loss=3.11686
I0911 17:33:57.186371 140605188629696 submission.py:307] 22000) loss = 3.117, grad_norm = 0.097
I0911 17:37:26.886462 140569892026112 logging_writer.py:48] [22500] global_step=22500, grad_norm=0.0919339, loss=3.29487
I0911 17:37:26.889994 140605188629696 submission.py:307] 22500) loss = 3.295, grad_norm = 0.092
I0911 17:40:56.625951 140569883633408 logging_writer.py:48] [23000] global_step=23000, grad_norm=0.103673, loss=3.21454
I0911 17:40:56.628957 140605188629696 submission.py:307] 23000) loss = 3.215, grad_norm = 0.104
I0911 17:44:26.380300 140569892026112 logging_writer.py:48] [23500] global_step=23500, grad_norm=0.106521, loss=3.17386
I0911 17:44:26.383195 140605188629696 submission.py:307] 23500) loss = 3.174, grad_norm = 0.107
I0911 17:47:56.086103 140569883633408 logging_writer.py:48] [24000] global_step=24000, grad_norm=0.0989606, loss=3.09717
I0911 17:47:56.089040 140605188629696 submission.py:307] 24000) loss = 3.097, grad_norm = 0.099
I0911 17:51:25.848299 140569892026112 logging_writer.py:48] [24500] global_step=24500, grad_norm=0.0934959, loss=3.15192
I0911 17:51:25.851377 140605188629696 submission.py:307] 24500) loss = 3.152, grad_norm = 0.093
I0911 17:51:28.906917 140605188629696 spec.py:333] Evaluating on the training split.
I0911 17:51:46.985629 140605188629696 spec.py:346] Evaluating on the validation split.
I0911 17:54:38.332620 140605188629696 spec.py:363] Evaluating on the test split.
I0911 17:54:38.333230 140605188629696 submission_runner.py:516] Time since start: 11315.14s, 	Step: 24507, 	{'train/loss': 3.151361083984375, 'train/ppl': 23.3678485501211, 'validation/loss': 3.138734315057545, 'validation/ppl': 23.0746431402381, 'validation/num_examples': 100000, 'test/loss': 0.0, 'test/ppl': 1.0, 'test/num_examples': 0, 'score': 10318.803543329239, 'total_duration': 11315.143591880798, 'accumulated_submission_time': 10318.803543329239, 'accumulated_eval_time': 983.0857932567596, 'accumulated_logging_time': 0.11638140678405762}
I0911 17:54:38.356879 140569883633408 logging_writer.py:48] [24507] accumulated_eval_time=983.086, accumulated_logging_time=0.116381, accumulated_submission_time=10318.8, global_step=24507, preemption_count=0, score=10318.8, test/loss=0, test/num_examples=0, test/ppl=1, total_duration=11315.1, train/loss=3.15136, train/ppl=23.3678, validation/loss=3.13873, validation/num_examples=100000, validation/ppl=23.0746
I0911 17:58:06.231453 140569892026112 logging_writer.py:48] [25000] global_step=25000, grad_norm=0.0914203, loss=3.15237
I0911 17:58:06.234501 140605188629696 submission.py:307] 25000) loss = 3.152, grad_norm = 0.091
I0911 18:01:35.901121 140569883633408 logging_writer.py:48] [25500] global_step=25500, grad_norm=0.0904923, loss=3.10416
I0911 18:01:35.904031 140605188629696 submission.py:307] 25500) loss = 3.104, grad_norm = 0.090
I0911 18:05:05.553503 140569892026112 logging_writer.py:48] [26000] global_step=26000, grad_norm=0.0886092, loss=3.0593
I0911 18:05:05.556492 140605188629696 submission.py:307] 26000) loss = 3.059, grad_norm = 0.089
I0911 18:08:35.272171 140569883633408 logging_writer.py:48] [26500] global_step=26500, grad_norm=0.0933994, loss=3.08532
I0911 18:08:35.275328 140605188629696 submission.py:307] 26500) loss = 3.085, grad_norm = 0.093
I0911 18:12:04.978625 140569892026112 logging_writer.py:48] [27000] global_step=27000, grad_norm=0.0887931, loss=3.11246
I0911 18:12:04.981698 140605188629696 submission.py:307] 27000) loss = 3.112, grad_norm = 0.089
I0911 18:15:34.672963 140569883633408 logging_writer.py:48] [27500] global_step=27500, grad_norm=0.0858296, loss=3.09308
I0911 18:15:34.675965 140605188629696 submission.py:307] 27500) loss = 3.093, grad_norm = 0.086
I0911 18:19:04.366263 140569892026112 logging_writer.py:48] [28000] global_step=28000, grad_norm=0.0876498, loss=3.11361
I0911 18:19:04.369256 140605188629696 submission.py:307] 28000) loss = 3.114, grad_norm = 0.088
I0911 18:22:34.022702 140569883633408 logging_writer.py:48] [28500] global_step=28500, grad_norm=0.0983615, loss=3.17031
I0911 18:22:34.025738 140605188629696 submission.py:307] 28500) loss = 3.170, grad_norm = 0.098
I0911 18:26:03.735054 140569892026112 logging_writer.py:48] [29000] global_step=29000, grad_norm=0.0926718, loss=3.11118
I0911 18:26:03.738030 140605188629696 submission.py:307] 29000) loss = 3.111, grad_norm = 0.093
I0911 18:29:33.428331 140569883633408 logging_writer.py:48] [29500] global_step=29500, grad_norm=0.0870856, loss=3.11327
I0911 18:29:33.431256 140605188629696 submission.py:307] 29500) loss = 3.113, grad_norm = 0.087
I0911 18:33:03.160354 140569892026112 logging_writer.py:48] [30000] global_step=30000, grad_norm=0.0890784, loss=3.08199
I0911 18:33:03.163237 140605188629696 submission.py:307] 30000) loss = 3.082, grad_norm = 0.089
I0911 18:36:32.856427 140569883633408 logging_writer.py:48] [30500] global_step=30500, grad_norm=0.0944396, loss=3.10263
I0911 18:36:32.859644 140605188629696 submission.py:307] 30500) loss = 3.103, grad_norm = 0.094
I0911 18:37:30.013945 140605188629696 spec.py:333] Evaluating on the training split.
I0911 18:37:47.753752 140605188629696 spec.py:346] Evaluating on the validation split.
I0911 18:40:38.642781 140605188629696 spec.py:363] Evaluating on the test split.
I0911 18:40:38.643370 140605188629696 submission_runner.py:516] Time since start: 14075.45s, 	Step: 30636, 	{'train/loss': 3.1036386489868164, 'train/ppl': 22.278868960619352, 'validation/loss': 3.0924446905970266, 'validation/ppl': 22.03087085832684, 'validation/num_examples': 100000, 'test/loss': 0.0, 'test/ppl': 1.0, 'test/num_examples': 0, 'score': 12887.495035886765, 'total_duration': 14075.453748703003, 'accumulated_submission_time': 12887.495035886765, 'accumulated_eval_time': 1171.715161561966, 'accumulated_logging_time': 0.1475672721862793}
I0911 18:40:38.665940 140569892026112 logging_writer.py:48] [30636] accumulated_eval_time=1171.72, accumulated_logging_time=0.147567, accumulated_submission_time=12887.5, global_step=30636, preemption_count=0, score=12887.5, test/loss=0, test/num_examples=0, test/ppl=1, total_duration=14075.5, train/loss=3.10364, train/ppl=22.2789, validation/loss=3.09244, validation/num_examples=100000, validation/ppl=22.0309
I0911 18:40:39.195161 140569883633408 logging_writer.py:48] [30636] global_step=30636, preemption_count=0, score=12887.5
I0911 18:40:39.203177 140605188629696 submission_runner.py:857] Final finewebedu_lm score: 12887.495035886765
