	_orig_mod.module.encoder.encoder.layers.3.self_attn.out_proj.weight (ndim=2)
	_orig_mod.module.encoder.encoder.layers.3.linear1.weight (ndim=2)
	_orig_mod.module.encoder.encoder.layers.3.linear2.weight (ndim=2)
	_orig_mod.module.encoder.encoder.layers.4.self_attn.in_proj.weight (ndim=2)
	_orig_mod.module.encoder.encoder.layers.4.self_attn.out_proj.weight (ndim=2)
	_orig_mod.module.encoder.encoder.layers.4.linear1.weight (ndim=2)
	_orig_mod.module.encoder.encoder.layers.4.linear2.weight (ndim=2)
	_orig_mod.module.encoder.encoder.layers.5.self_attn.in_proj.weight (ndim=2)
	_orig_mod.module.encoder.encoder.layers.5.self_attn.out_proj.weight (ndim=2)
	_orig_mod.module.encoder.encoder.layers.5.linear1.weight (ndim=2)
	_orig_mod.module.encoder.encoder.layers.5.linear2.weight (ndim=2)
	_orig_mod.module.decoder.decoder.layers.0.self_attn.in_proj.weight (ndim=2)
	_orig_mod.module.decoder.decoder.layers.0.self_attn.out_proj.weight (ndim=2)
	_orig_mod.module.decoder.decoder.layers.0.multihead_attn.q_proj.weight (ndim=2)
	_orig_mod.module.decoder.decoder.layers.0.multihead_attn.kv_proj.weight (ndim=2)
	_orig_mod.module.decoder.decoder.layers.0.multihead_attn.out_proj.weight (ndim=2)
	_orig_mod.module.decoder.decoder.layers.0.linear1.weight (ndim=2)
	_orig_mod.module.decoder.decoder.layers.0.linear2.weight (ndim=2)
	_orig_mod.module.decoder.decoder.layers.1.self_attn.in_proj.weight (ndim=2)
	_orig_mod.module.decoder.decoder.layers.1.self_attn.out_proj.weight (ndim=2)
	_orig_mod.module.decoder.decoder.layers.1.multihead_attn.q_proj.weight (ndim=2)
	_orig_mod.module.decoder.decoder.layers.1.multihead_attn.kv_proj.weight (ndim=2)
	_orig_mod.module.decoder.decoder.layers.1.multihead_attn.out_proj.weight (ndim=2)
	_orig_mod.module.decoder.decoder.layers.1.linear1.weight (ndim=2)
	_orig_mod.module.decoder.decoder.layers.1.linear2.weight (ndim=2)
	_orig_mod.module.decoder.decoder.layers.2.self_attn.in_proj.weight (ndim=2)
	_orig_mod.module.decoder.decoder.layers.2.self_attn.out_proj.weight (ndim=2)
	_orig_mod.module.decoder.decoder.layers.2.multihead_attn.q_proj.weight (ndim=2)
	_orig_mod.module.decoder.decoder.layers.2.multihead_attn.kv_proj.weight (ndim=2)
	_orig_mod.module.decoder.decoder.layers.2.multihead_attn.out_proj.weight (ndim=2)
	_orig_mod.module.decoder.decoder.layers.2.linear1.weight (ndim=2)
	_orig_mod.module.decoder.decoder.layers.2.linear2.weight (ndim=2)
	_orig_mod.module.decoder.decoder.layers.3.self_attn.in_proj.weight (ndim=2)
	_orig_mod.module.decoder.decoder.layers.3.self_attn.out_proj.weight (ndim=2)
	_orig_mod.module.decoder.decoder.layers.3.multihead_attn.q_proj.weight (ndim=2)
	_orig_mod.module.decoder.decoder.layers.3.multihead_attn.kv_proj.weight (ndim=2)
	_orig_mod.module.decoder.decoder.layers.3.multihead_attn.out_proj.weight (ndim=2)
	_orig_mod.module.decoder.decoder.layers.3.linear1.weight (ndim=2)
	_orig_mod.module.decoder.decoder.layers.3.linear2.weight (ndim=2)
	_orig_mod.module.decoder.decoder.layers.4.self_attn.in_proj.weight (ndim=2)
	_orig_mod.module.decoder.decoder.layers.4.self_attn.out_proj.weight (ndim=2)
	_orig_mod.module.decoder.decoder.layers.4.multihead_attn.q_proj.weight (ndim=2)
	_orig_mod.module.decoder.decoder.layers.4.multihead_attn.kv_proj.weight (ndim=2)
	_orig_mod.module.decoder.decoder.layers.4.multihead_attn.out_proj.weight (ndim=2)
	_orig_mod.module.decoder.decoder.layers.4.linear1.weight (ndim=2)
	_orig_mod.module.decoder.decoder.layers.4.linear2.weight (ndim=2)
	_orig_mod.module.decoder.decoder.layers.5.self_attn.in_proj.weight (ndim=2)
	_orig_mod.module.decoder.decoder.layers.5.self_attn.out_proj.weight (ndim=2)
	_orig_mod.module.decoder.decoder.layers.5.multihead_attn.q_proj.weight (ndim=2)
	_orig_mod.module.decoder.decoder.layers.5.multihead_attn.kv_proj.weight (ndim=2)
	_orig_mod.module.decoder.decoder.layers.5.multihead_attn.out_proj.weight (ndim=2)
	_orig_mod.module.decoder.decoder.layers.5.linear1.weight (ndim=2)
	_orig_mod.module.decoder.decoder.layers.5.linear2.weight (ndim=2)
I0615 02:51:47.578888 139757845820608 muon.py:228] Adam params:
	_orig_mod.module.shared_embedding.weight (ndim=2)
	_orig_mod.module.encoder.encoder.layers.0.linear1.bias (ndim=1)
	_orig_mod.module.encoder.encoder.layers.0.linear2.bias (ndim=1)
	_orig_mod.module.encoder.encoder.layers.0.norm1.weight (ndim=1)
	_orig_mod.module.encoder.encoder.layers.0.norm1.bias (ndim=1)
	_orig_mod.module.encoder.encoder.layers.0.norm2.weight (ndim=1)
	_orig_mod.module.encoder.encoder.layers.0.norm2.bias (ndim=1)
	_orig_mod.module.encoder.encoder.layers.1.linear1.bias (ndim=1)
	_orig_mod.module.encoder.encoder.layers.1.linear2.bias (ndim=1)
	_orig_mod.module.encoder.encoder.layers.1.norm1.weight (ndim=1)
	_orig_mod.module.encoder.encoder.layers.1.norm1.bias (ndim=1)
	_orig_mod.module.encoder.encoder.layers.1.norm2.weight (ndim=1)
	_orig_mod.module.encoder.encoder.layers.1.norm2.bias (ndim=1)
	_orig_mod.module.encoder.encoder.layers.2.linear1.bias (ndim=1)
	_orig_mod.module.encoder.encoder.layers.2.linear2.bias (ndim=1)
	_orig_mod.module.encoder.encoder.layers.2.norm1.weight (ndim=1)
	_orig_mod.module.encoder.encoder.layers.2.norm1.bias (ndim=1)
	_orig_mod.module.encoder.encoder.layers.2.norm2.weight (ndim=1)
	_orig_mod.module.encoder.encoder.layers.2.norm2.bias (ndim=1)
	_orig_mod.module.encoder.encoder.layers.3.linear1.bias (ndim=1)
	_orig_mod.module.encoder.encoder.layers.3.linear2.bias (ndim=1)
	_orig_mod.module.encoder.encoder.layers.3.norm1.weight (ndim=1)
	_orig_mod.module.encoder.encoder.layers.3.norm1.bias (ndim=1)
	_orig_mod.module.encoder.encoder.layers.3.norm2.weight (ndim=1)
	_orig_mod.module.encoder.encoder.layers.3.norm2.bias (ndim=1)
	_orig_mod.module.encoder.encoder.layers.4.linear1.bias (ndim=1)
	_orig_mod.module.encoder.encoder.layers.4.linear2.bias (ndim=1)
	_orig_mod.module.encoder.encoder.layers.4.norm1.weight (ndim=1)
	_orig_mod.module.encoder.encoder.layers.4.norm1.bias (ndim=1)
	_orig_mod.module.encoder.encoder.layers.4.norm2.weight (ndim=1)
	_orig_mod.module.encoder.encoder.layers.4.norm2.bias (ndim=1)
	_orig_mod.module.encoder.encoder.layers.5.linear1.bias (ndim=1)
	_orig_mod.module.encoder.encoder.layers.5.linear2.bias (ndim=1)
	_orig_mod.module.encoder.encoder.layers.5.norm1.weight (ndim=1)
	_orig_mod.module.encoder.encoder.layers.5.norm1.bias (ndim=1)
	_orig_mod.module.encoder.encoder.layers.5.norm2.weight (ndim=1)
	_orig_mod.module.encoder.encoder.layers.5.norm2.bias (ndim=1)
	_orig_mod.module.encoder.encoder.norm.weight (ndim=1)
	_orig_mod.module.encoder.encoder.norm.bias (ndim=1)
	_orig_mod.module.decoder.decoder.layers.0.linear1.bias (ndim=1)
	_orig_mod.module.decoder.decoder.layers.0.linear2.bias (ndim=1)
	_orig_mod.module.decoder.decoder.layers.0.norm1.weight (ndim=1)
	_orig_mod.module.decoder.decoder.layers.0.norm1.bias (ndim=1)
	_orig_mod.module.decoder.decoder.layers.0.norm2.weight (ndim=1)
	_orig_mod.module.decoder.decoder.layers.0.norm2.bias (ndim=1)
	_orig_mod.module.decoder.decoder.layers.0.norm3.weight (ndim=1)
	_orig_mod.module.decoder.decoder.layers.0.norm3.bias (ndim=1)
	_orig_mod.module.decoder.decoder.layers.1.linear1.bias (ndim=1)
	_orig_mod.module.decoder.decoder.layers.1.linear2.bias (ndim=1)
	_orig_mod.module.decoder.decoder.layers.1.norm1.weight (ndim=1)
	_orig_mod.module.decoder.decoder.layers.1.norm1.bias (ndim=1)
	_orig_mod.module.decoder.decoder.layers.1.norm2.weight (ndim=1)
	_orig_mod.module.decoder.decoder.layers.1.norm2.bias (ndim=1)
	_orig_mod.module.decoder.decoder.layers.1.norm3.weight (ndim=1)
	_orig_mod.module.decoder.decoder.layers.1.norm3.bias (ndim=1)
	_orig_mod.module.decoder.decoder.layers.2.linear1.bias (ndim=1)
	_orig_mod.module.decoder.decoder.layers.2.linear2.bias (ndim=1)
	_orig_mod.module.decoder.decoder.layers.2.norm1.weight (ndim=1)
	_orig_mod.module.decoder.decoder.layers.2.norm1.bias (ndim=1)
	_orig_mod.module.decoder.decoder.layers.2.norm2.weight (ndim=1)
	_orig_mod.module.decoder.decoder.layers.2.norm2.bias (ndim=1)
	_orig_mod.module.decoder.decoder.layers.2.norm3.weight (ndim=1)
	_orig_mod.module.decoder.decoder.layers.2.norm3.bias (ndim=1)
	_orig_mod.module.decoder.decoder.layers.3.linear1.bias (ndim=1)
	_orig_mod.module.decoder.decoder.layers.3.linear2.bias (ndim=1)
	_orig_mod.module.decoder.decoder.layers.3.norm1.weight (ndim=1)
	_orig_mod.module.decoder.decoder.layers.3.norm1.bias (ndim=1)
	_orig_mod.module.decoder.decoder.layers.3.norm2.weight (ndim=1)
	_orig_mod.module.decoder.decoder.layers.3.norm2.bias (ndim=1)
	_orig_mod.module.decoder.decoder.layers.3.norm3.weight (ndim=1)
	_orig_mod.module.decoder.decoder.layers.3.norm3.bias (ndim=1)
	_orig_mod.module.decoder.decoder.layers.4.linear1.bias (ndim=1)
	_orig_mod.module.decoder.decoder.layers.4.linear2.bias (ndim=1)
	_orig_mod.module.decoder.decoder.layers.4.norm1.weight (ndim=1)
	_orig_mod.module.decoder.decoder.layers.4.norm1.bias (ndim=1)
	_orig_mod.module.decoder.decoder.layers.4.norm2.weight (ndim=1)
	_orig_mod.module.decoder.decoder.layers.4.norm2.bias (ndim=1)
	_orig_mod.module.decoder.decoder.layers.4.norm3.weight (ndim=1)
	_orig_mod.module.decoder.decoder.layers.4.norm3.bias (ndim=1)
	_orig_mod.module.decoder.decoder.layers.5.linear1.bias (ndim=1)
	_orig_mod.module.decoder.decoder.layers.5.linear2.bias (ndim=1)
	_orig_mod.module.decoder.decoder.layers.5.norm1.weight (ndim=1)
	_orig_mod.module.decoder.decoder.layers.5.norm1.bias (ndim=1)
	_orig_mod.module.decoder.decoder.layers.5.norm2.weight (ndim=1)
	_orig_mod.module.decoder.decoder.layers.5.norm2.bias (ndim=1)
	_orig_mod.module.decoder.decoder.layers.5.norm3.weight (ndim=1)
	_orig_mod.module.decoder.decoder.layers.5.norm3.bias (ndim=1)
	_orig_mod.module.decoder.decoder.norm.weight (ndim=1)
	_orig_mod.module.decoder.decoder.norm.bias (ndim=1)
I0615 02:51:47.579388 139757845820608 submission_runner.py:299] Initializing metrics bundle.
I0615 02:51:47.579535 139757845820608 submission_runner.py:321] Initializing checkpoint and logger.
I0615 02:51:47.581082 139757845820608 submission_runner.py:344] Saving meta data to /experiment_runs/submissions_a100/muon_torch_replicated_jax_hps/study_1/wmt_pytorch/trial_1/meta_data_0.json.
I0615 02:51:47.581157 139730061837504 logger_utils.py:283] Unable to record workload.train_mean information. Continuing without it.
I0615 02:51:47.581167 140320209196224 logger_utils.py:283] Unable to record workload.train_mean information. Continuing without it.
I0615 02:51:47.581176 140042419971264 logger_utils.py:283] Unable to record workload.train_mean information. Continuing without it.
I0615 02:51:47.581279 139757845820608 logger_utils.py:283] Unable to record workload.train_mean information. Continuing without it.
I0615 02:51:47.581294 139730061837504 logger_utils.py:283] Unable to record workload.train_stddev information. Continuing without it.
I0615 02:51:47.581299 140320209196224 logger_utils.py:283] Unable to record workload.train_stddev information. Continuing without it.
I0615 02:51:47.581303 140042419971264 logger_utils.py:283] Unable to record workload.train_stddev information. Continuing without it.
I0615 02:51:47.581339 139757845820608 logger_utils.py:283] Unable to record workload.train_stddev information. Continuing without it.
I0615 02:51:48.082288 139757845820608 submission_runner.py:348] Saving flags to /experiment_runs/submissions_a100/muon_torch_replicated_jax_hps/study_1/wmt_pytorch/trial_1/flags_0.json.
I0615 02:51:48.257952 139757845820608 submission_runner.py:359] Starting training loop.
I0615 02:51:49.314014 139757845820608 dataset_info.py:707] Load dataset info from /data/wmt/wmt17_translate/de-en/1.0.0
I0615 02:51:49.326906 139757845820608 dataset_info.py:793] For 'wmt17_translate/de-en/1.0.0': fields info.[splits, supervised_keys] differ on disk and in the code. Keeping the one from code.
I0615 02:51:49.357104 139757845820608 reader.py:262] Creating a tf.data.Dataset reading 16 files located in folders: /data/wmt/wmt17_translate/de-en/1.0.0.
I0615 02:51:49.519854 139757845820608 logging_logger.py:49] Constructing tf.data.Dataset wmt17_translate for split train, from /data/wmt/wmt17_translate/de-en/1.0.0
[rank1]:W0615 02:51:51.761000 39 site-packages/torch/_logging/_internal.py:1199] [0/0] Profiler function <class 'torch.autograd.profiler.record_function'> will be ignored
[rank2]:W0615 02:51:51.761000 40 site-packages/torch/_logging/_internal.py:1199] [0/0] Profiler function <class 'torch.autograd.profiler.record_function'> will be ignored
[rank3]:W0615 02:51:51.761000 41 site-packages/torch/_logging/_internal.py:1199] [0/0] Profiler function <class 'torch.autograd.profiler.record_function'> will be ignored
[rank0]:W0615 02:51:52.449000 38 site-packages/torch/_logging/_internal.py:1199] [0/0] Profiler function <class 'torch.autograd.profiler.record_function'> will be ignored
I0615 02:53:09.701312 139757845820608 spec.py:333] Evaluating on the training split.
I0615 02:53:09.703467 139757845820608 dataset_info.py:707] Load dataset info from /data/wmt/wmt17_translate/de-en/1.0.0
I0615 02:53:09.705621 139757845820608 dataset_info.py:793] For 'wmt17_translate/de-en/1.0.0': fields info.[splits, supervised_keys] differ on disk and in the code. Keeping the one from code.
I0615 02:53:09.706717 139757845820608 reader.py:262] Creating a tf.data.Dataset reading 16 files located in folders: /data/wmt/wmt17_translate/de-en/1.0.0.
I0615 02:53:09.745028 139757845820608 logging_logger.py:49] Constructing tf.data.Dataset wmt17_translate for split train, from /data/wmt/wmt17_translate/de-en/1.0.0
/usr/local/lib/python3.11/site-packages/torch/_dynamo/variables/functions.py:1598: UserWarning: Dynamo does not know how to trace the builtin `torch._C._distributed_c10d.pybind11_detail_function_record_v1_system_libstdcpp_gxx_abi_1xxx_use_cxx11_abi_1._broadcast_coalesced.` This function is either a Python builtin (e.g. _warnings.warn) or a third-party C/C++ Python extension (perhaps created with pybind).
If it is a Python builtin, please file an issue on GitHub so the PyTorch team can add support for it and see the next case for a workaround.
If it is a third-party C/C++ Python extension, please either wrap it into a PyTorch-understood custom operator (see https://pytorch.org/tutorials/advanced/custom_ops_landing_page.html for more details) or, if it is traceable, use `torch.compiler.allow_in_graph`.
  torch._dynamo.utils.warn_once(explanation + "\n" + "\n".join(hints))
/usr/local/lib/python3.11/site-packages/torch/_dynamo/variables/functions.py:1598: UserWarning: Dynamo does not know how to trace the builtin `torch._C._distributed_c10d.pybind11_detail_function_record_v1_system_libstdcpp_gxx_abi_1xxx_use_cxx11_abi_1._broadcast_coalesced.` This function is either a Python builtin (e.g. _warnings.warn) or a third-party C/C++ Python extension (perhaps created with pybind).
If it is a Python builtin, please file an issue on GitHub so the PyTorch team can add support for it and see the next case for a workaround.
If it is a third-party C/C++ Python extension, please either wrap it into a PyTorch-understood custom operator (see https://pytorch.org/tutorials/advanced/custom_ops_landing_page.html for more details) or, if it is traceable, use `torch.compiler.allow_in_graph`.
  torch._dynamo.utils.warn_once(explanation + "\n" + "\n".join(hints))
/usr/local/lib/python3.11/site-packages/torch/_dynamo/variables/functions.py:1598: UserWarning: Dynamo does not know how to trace the builtin `torch._C._distributed_c10d.pybind11_detail_function_record_v1_system_libstdcpp_gxx_abi_1xxx_use_cxx11_abi_1._broadcast_coalesced.` This function is either a Python builtin (e.g. _warnings.warn) or a third-party C/C++ Python extension (perhaps created with pybind).
If it is a Python builtin, please file an issue on GitHub so the PyTorch team can add support for it and see the next case for a workaround.
If it is a third-party C/C++ Python extension, please either wrap it into a PyTorch-understood custom operator (see https://pytorch.org/tutorials/advanced/custom_ops_landing_page.html for more details) or, if it is traceable, use `torch.compiler.allow_in_graph`.
  torch._dynamo.utils.warn_once(explanation + "\n" + "\n".join(hints))
/usr/local/lib/python3.11/site-packages/torch/_dynamo/variables/functions.py:1598: UserWarning: Dynamo does not know how to trace the builtin `torch._C._distributed_c10d.pybind11_detail_function_record_v1_system_libstdcpp_gxx_abi_1xxx_use_cxx11_abi_1._broadcast_coalesced.` This function is either a Python builtin (e.g. _warnings.warn) or a third-party C/C++ Python extension (perhaps created with pybind).
If it is a Python builtin, please file an issue on GitHub so the PyTorch team can add support for it and see the next case for a workaround.
If it is a third-party C/C++ Python extension, please either wrap it into a PyTorch-understood custom operator (see https://pytorch.org/tutorials/advanced/custom_ops_landing_page.html for more details) or, if it is traceable, use `torch.compiler.allow_in_graph`.
  torch._dynamo.utils.warn_once(explanation + "\n" + "\n".join(hints))
I0615 02:53:36.671391 139757845820608 workload.py:152] Translating evaluation dataset.
I0615 02:55:53.130365 139757845820608 spec.py:346] Evaluating on the validation split.
I0615 02:55:53.144248 139757845820608 dataset_info.py:707] Load dataset info from /data/wmt/wmt14_translate/de-en/1.0.0
I0615 02:55:53.168263 139757845820608 dataset_info.py:793] For 'wmt14_translate/de-en/1.0.0': fields info.[splits, supervised_keys] differ on disk and in the code. Keeping the one from code.
I0615 02:55:53.169028 139757845820608 reader.py:262] Creating a tf.data.Dataset reading 1 files located in folders: /data/wmt/wmt14_translate/de-en/1.0.0.
I0615 02:55:53.204992 139757845820608 logging_logger.py:49] Constructing tf.data.Dataset wmt14_translate for split validation, from /data/wmt/wmt14_translate/de-en/1.0.0
I0615 02:55:55.530719 139757845820608 workload.py:152] Translating evaluation dataset.
I0615 02:58:08.025095 139757845820608 spec.py:363] Evaluating on the test split.
I0615 02:58:08.027261 139757845820608 dataset_info.py:707] Load dataset info from /data/wmt/wmt14_translate/de-en/1.0.0
I0615 02:58:08.029514 139757845820608 dataset_info.py:793] For 'wmt14_translate/de-en/1.0.0': fields info.[splits, supervised_keys] differ on disk and in the code. Keeping the one from code.
I0615 02:58:08.030288 139757845820608 reader.py:262] Creating a tf.data.Dataset reading 1 files located in folders: /data/wmt/wmt14_translate/de-en/1.0.0.
I0615 02:58:08.065044 139757845820608 logging_logger.py:49] Constructing tf.data.Dataset wmt14_translate for split test, from /data/wmt/wmt14_translate/de-en/1.0.0
I0615 02:58:10.383126 139757845820608 workload.py:152] Translating evaluation dataset.
I0615 03:00:22.906255 139757845820608 submission_runner.py:516] Time since start: 514.65s, 	Step: 1, 	{'train/accuracy': 0.0006052853977752907, 'train/loss': 11.453519363422489, 'train/bleu': 0.0, 'validation/accuracy': 0.00048356498989473163, 'validation/loss': 11.439658993688857, 'validation/bleu': 0.0, 'validation/num_examples': 3000, 'test/accuracy': 0.0007088489919237697, 'test/loss': 11.45235895648132, 'test/bleu': 0.0, 'test/num_examples': 3003, 'score': 80.74229049682617, 'total_duration': 514.6484274864197, 'accumulated_submission_time': 80.74229049682617, 'accumulated_eval_time': 433.2050094604492, 'accumulated_logging_time': 0}
I0615 03:00:23.012943 139729160836864 logging_writer.py:48] [1] accumulated_eval_time=433.205, accumulated_logging_time=0, accumulated_submission_time=80.7423, global_step=1, preemption_count=0, score=80.7423, test/accuracy=0.000708849, test/bleu=0, test/loss=11.4524, test/num_examples=3003, total_duration=514.648, train/accuracy=0.000605285, train/bleu=0, train/loss=11.4535, validation/accuracy=0.000483565, validation/bleu=0, validation/loss=11.4397, validation/num_examples=3000
I0615 03:11:07.549826 139757845820608 spec.py:333] Evaluating on the training split.
I0615 03:11:09.749436 139757845820608 workload.py:152] Translating evaluation dataset.
I0615 03:12:17.433966 139757845820608 spec.py:346] Evaluating on the validation split.
I0615 03:12:19.618525 139757845820608 workload.py:152] Translating evaluation dataset.
I0615 03:13:27.405780 139757845820608 spec.py:363] Evaluating on the test split.
I0615 03:13:29.586840 139757845820608 workload.py:152] Translating evaluation dataset.
I0615 03:14:32.136456 139757845820608 submission_runner.py:516] Time since start: 1363.88s, 	Step: 3884, 	{'train/accuracy': 0.58016, 'train/loss': 2.40565, 'train/bleu': 27.019003150004114, 'validation/accuracy': 0.5889201621802581, 'validation/loss': 2.295333442858737, 'validation/bleu': 23.44274926917445, 'validation/num_examples': 3000, 'test/accuracy': 0.5912033002149788, 'test/loss': 2.2988739033176455, 'test/bleu': 21.958249897338725, 'test/num_examples': 3003, 'score': 722.5666477680206, 'total_duration': 1363.8786578178406, 'accumulated_submission_time': 722.5666477680206, 'accumulated_eval_time': 637.7917048931122, 'accumulated_logging_time': 0.30088067054748535}
I0615 03:14:32.163928 139729152444160 logging_writer.py:48] [3884] accumulated_eval_time=637.792, accumulated_logging_time=0.300881, accumulated_submission_time=722.567, global_step=3884, preemption_count=0, score=722.567, test/accuracy=0.591203, test/bleu=21.9582, test/loss=2.29887, test/num_examples=3003, total_duration=1363.88, train/accuracy=0.58016, train/bleu=27.019, train/loss=2.40565, validation/accuracy=0.58892, validation/bleu=23.4427, validation/loss=2.29533, validation/num_examples=3000
I0615 03:25:16.814030 139757845820608 spec.py:333] Evaluating on the training split.
I0615 03:25:19.015920 139757845820608 workload.py:152] Translating evaluation dataset.
I0615 03:26:30.125602 139757845820608 spec.py:346] Evaluating on the validation split.
I0615 03:26:32.313529 139757845820608 workload.py:152] Translating evaluation dataset.
I0615 03:27:39.234254 139757845820608 spec.py:363] Evaluating on the test split.
I0615 03:27:41.414132 139757845820608 workload.py:152] Translating evaluation dataset.
I0615 03:28:41.455704 139757845820608 submission_runner.py:516] Time since start: 2213.20s, 	Step: 7768, 	{'train/accuracy': 0.6133203416060068, 'train/loss': 2.061512366022812, 'train/bleu': 29.16959954721196, 'validation/accuracy': 0.616074196228193, 'validation/loss': 2.0068456606241707, 'validation/bleu': 25.457762599508833, 'validation/num_examples': 3000, 'test/accuracy': 0.6217070478182558, 'test/loss': 1.9848621521120213, 'test/bleu': 23.871287391286817, 'test/num_examples': 3003, 'score': 1364.8436024188995, 'total_duration': 2213.197895526886, 'accumulated_submission_time': 1364.8436024188995, 'accumulated_eval_time': 842.4334712028503, 'accumulated_logging_time': 0.3385345935821533}
I0615 03:28:41.480952 139729160836864 logging_writer.py:48] [7768] accumulated_eval_time=842.433, accumulated_logging_time=0.338535, accumulated_submission_time=1364.84, global_step=7768, preemption_count=0, score=1364.84, test/accuracy=0.621707, test/bleu=23.8713, test/loss=1.98486, test/num_examples=3003, total_duration=2213.2, train/accuracy=0.61332, train/bleu=29.1696, train/loss=2.06151, validation/accuracy=0.616074, validation/bleu=25.4578, validation/loss=2.00685, validation/num_examples=3000
I0615 03:39:26.128214 139757845820608 spec.py:333] Evaluating on the training split.
I0615 03:39:28.340928 139757845820608 workload.py:152] Translating evaluation dataset.
I0615 03:40:41.463916 139757845820608 spec.py:346] Evaluating on the validation split.
I0615 03:40:43.642899 139757845820608 workload.py:152] Translating evaluation dataset.
I0615 03:41:51.511836 139757845820608 spec.py:363] Evaluating on the test split.
I0615 03:41:53.696504 139757845820608 workload.py:152] Translating evaluation dataset.
I0615 03:42:55.593487 139757845820608 submission_runner.py:516] Time since start: 3067.34s, 	Step: 11644, 	{'train/accuracy': 0.6142700554908543, 'train/loss': 2.0236788809344386, 'train/bleu': 29.405031958138316, 'validation/accuracy': 0.6285476931470162, 'validation/loss': 1.8848228013291837, 'validation/bleu': 26.311447814188714, 'validation/num_examples': 3000, 'test/accuracy': 0.6370228342339201, 'test/loss': 1.8500617337749115, 'test/bleu': 25.37991708372887, 'test/num_examples': 3003, 'score': 2007.1354994773865, 'total_duration': 3067.335686683655, 'accumulated_submission_time': 2007.1354994773865, 'accumulated_eval_time': 1051.898771762848, 'accumulated_logging_time': 0.3738691806793213}
I0615 03:42:55.621279 139729152444160 logging_writer.py:48] [11644] accumulated_eval_time=1051.9, accumulated_logging_time=0.373869, accumulated_submission_time=2007.14, global_step=11644, preemption_count=0, score=2007.14, test/accuracy=0.637023, test/bleu=25.3799, test/loss=1.85006, test/num_examples=3003, total_duration=3067.34, train/accuracy=0.61427, train/bleu=29.405, train/loss=2.02368, validation/accuracy=0.628548, validation/bleu=26.3114, validation/loss=1.88482, validation/num_examples=3000
I0615 03:53:40.295892 139757845820608 spec.py:333] Evaluating on the training split.
I0615 03:53:42.494097 139757845820608 workload.py:152] Translating evaluation dataset.
I0615 03:54:45.954236 139757845820608 spec.py:346] Evaluating on the validation split.
I0615 03:54:48.134834 139757845820608 workload.py:152] Translating evaluation dataset.
I0615 03:55:52.796728 139757845820608 spec.py:363] Evaluating on the test split.
I0615 03:55:54.980795 139757845820608 workload.py:152] Translating evaluation dataset.
I0615 03:56:55.006645 139757845820608 submission_runner.py:516] Time since start: 3906.75s, 	Step: 15527, 	{'train/accuracy': 0.624075619206547, 'train/loss': 1.920455389697226, 'train/bleu': 30.313535346596275, 'validation/accuracy': 0.6347472442995127, 'validation/loss': 1.8254619053080556, 'validation/bleu': 26.20540168474815, 'validation/num_examples': 3000, 'test/accuracy': 0.6443437336587067, 'test/loss': 1.776527003079426, 'test/bleu': 25.325256666159508, 'test/num_examples': 3003, 'score': 2649.44486618042, 'total_duration': 3906.748857975006, 'accumulated_submission_time': 2649.44486618042, 'accumulated_eval_time': 1246.6095592975616, 'accumulated_logging_time': 0.4117603302001953}
I0615 03:56:55.031264 139729160836864 logging_writer.py:48] [15527] accumulated_eval_time=1246.61, accumulated_logging_time=0.41176, accumulated_submission_time=2649.44, global_step=15527, preemption_count=0, score=2649.44, test/accuracy=0.644344, test/bleu=25.3253, test/loss=1.77653, test/num_examples=3003, total_duration=3906.75, train/accuracy=0.624076, train/bleu=30.3135, train/loss=1.92046, validation/accuracy=0.634747, validation/bleu=26.2054, validation/loss=1.82546, validation/num_examples=3000
I0615 04:07:39.664651 139757845820608 spec.py:333] Evaluating on the training split.
I0615 04:07:41.867673 139757845820608 workload.py:152] Translating evaluation dataset.
I0615 04:08:50.968265 139757845820608 spec.py:346] Evaluating on the validation split.
I0615 04:08:53.146687 139757845820608 workload.py:152] Translating evaluation dataset.
I0615 04:09:57.994373 139757845820608 spec.py:363] Evaluating on the test split.
I0615 04:10:00.184757 139757845820608 workload.py:152] Translating evaluation dataset.
I0615 04:11:04.435423 139757845820608 submission_runner.py:516] Time since start: 4756.18s, 	Step: 19409, 	{'train/accuracy': 0.6521019529956968, 'train/loss': 1.710058684039311, 'train/bleu': 31.91003450067262, 'validation/accuracy': 0.6407484098151294, 'validation/loss': 1.7751928447880374, 'validation/bleu': 27.045605094778868, 'validation/num_examples': 3000, 'test/accuracy': 0.6495264656324443, 'test/loss': 1.7292999389925048, 'test/bleu': 26.227107389041716, 'test/num_examples': 3003, 'score': 3291.707967042923, 'total_duration': 4756.177604913712, 'accumulated_submission_time': 3291.707967042923, 'accumulated_eval_time': 1451.3804023265839, 'accumulated_logging_time': 0.4463469982147217}
I0615 04:11:04.466620 139729152444160 logging_writer.py:48] [19409] accumulated_eval_time=1451.38, accumulated_logging_time=0.446347, accumulated_submission_time=3291.71, global_step=19409, preemption_count=0, score=3291.71, test/accuracy=0.649526, test/bleu=26.2271, test/loss=1.7293, test/num_examples=3003, total_duration=4756.18, train/accuracy=0.652102, train/bleu=31.91, train/loss=1.71006, validation/accuracy=0.640748, validation/bleu=27.0456, validation/loss=1.77519, validation/num_examples=3000
I0615 04:21:49.137887 139757845820608 spec.py:333] Evaluating on the training split.
I0615 04:21:51.338931 139757845820608 workload.py:152] Translating evaluation dataset.
I0615 04:22:55.245921 139757845820608 spec.py:346] Evaluating on the validation split.
I0615 04:22:57.433041 139757845820608 workload.py:152] Translating evaluation dataset.
I0615 04:24:03.286981 139757845820608 spec.py:363] Evaluating on the test split.
I0615 04:24:05.472905 139757845820608 workload.py:152] Translating evaluation dataset.
I0615 04:25:04.381695 139757845820608 submission_runner.py:516] Time since start: 5596.12s, 	Step: 23290, 	{'train/accuracy': 0.6326167936844264, 'train/loss': 1.8469751048038914, 'train/bleu': 30.74866634197715, 'validation/accuracy': 0.6463528040569863, 'validation/loss': 1.740311651436436, 'validation/bleu': 27.045643441079047, 'validation/num_examples': 3000, 'test/accuracy': 0.6562198593922491, 'test/loss': 1.6825079164487828, 'test/bleu': 26.47641425305548, 'test/num_examples': 3003, 'score': 3934.013970375061, 'total_duration': 5596.123896360397, 'accumulated_submission_time': 3934.013970375061, 'accumulated_eval_time': 1646.6242730617523, 'accumulated_logging_time': 0.48772454261779785}
I0615 04:25:04.408242 139729160836864 logging_writer.py:48] [23290] accumulated_eval_time=1646.62, accumulated_logging_time=0.487725, accumulated_submission_time=3934.01, global_step=23290, preemption_count=0, score=3934.01, test/accuracy=0.65622, test/bleu=26.4764, test/loss=1.68251, test/num_examples=3003, total_duration=5596.12, train/accuracy=0.632617, train/bleu=30.7487, train/loss=1.84698, validation/accuracy=0.646353, validation/bleu=27.0456, validation/loss=1.74031, validation/num_examples=3000
I0615 04:35:49.129913 139757845820608 spec.py:333] Evaluating on the training split.
I0615 04:35:51.333267 139757845820608 workload.py:152] Translating evaluation dataset.
I0615 04:37:09.363399 139757845820608 spec.py:346] Evaluating on the validation split.
I0615 04:37:11.550060 139757845820608 workload.py:152] Translating evaluation dataset.
I0615 04:38:22.569969 139757845820608 spec.py:363] Evaluating on the test split.
I0615 04:38:24.753839 139757845820608 workload.py:152] Translating evaluation dataset.
I0615 04:39:27.925685 139757845820608 submission_runner.py:516] Time since start: 6459.67s, 	Step: 27168, 	{'train/accuracy': 0.6447915483357947, 'train/loss': 1.745703169374077, 'train/bleu': 31.89320089385156, 'validation/accuracy': 0.6498369518046894, 'validation/loss': 1.7070975561369357, 'validation/bleu': 27.402858064054037, 'validation/num_examples': 3000, 'test/accuracy': 0.6585788158735693, 'test/loss': 1.6473432688396956, 'test/bleu': 27.061876690575893, 'test/num_examples': 3003, 'score': 4576.353834867477, 'total_duration': 6459.667883396149, 'accumulated_submission_time': 4576.353834867477, 'accumulated_eval_time': 1865.4201040267944, 'accumulated_logging_time': 0.5242509841918945}
I0615 04:39:27.951991 139729152444160 logging_writer.py:48] [27168] accumulated_eval_time=1865.42, accumulated_logging_time=0.524251, accumulated_submission_time=4576.35, global_step=27168, preemption_count=0, score=4576.35, test/accuracy=0.658579, test/bleu=27.0619, test/loss=1.64734, test/num_examples=3003, total_duration=6459.67, train/accuracy=0.644792, train/bleu=31.8932, train/loss=1.7457, validation/accuracy=0.649837, validation/bleu=27.4029, validation/loss=1.7071, validation/num_examples=3000
I0615 04:50:12.639992 139757845820608 spec.py:333] Evaluating on the training split.
I0615 04:50:14.843485 139757845820608 workload.py:152] Translating evaluation dataset.
I0615 04:51:47.570790 139757845820608 spec.py:346] Evaluating on the validation split.
I0615 04:51:49.756770 139757845820608 workload.py:152] Translating evaluation dataset.
I0615 04:53:04.521146 139757845820608 spec.py:363] Evaluating on the test split.
I0615 04:53:06.700694 139757845820608 workload.py:152] Translating evaluation dataset.
I0615 04:54:12.657725 139757845820608 submission_runner.py:516] Time since start: 7344.40s, 	Step: 31047, 	{'train/accuracy': 0.6382971463667072, 'train/loss': 1.7948570766466112, 'train/bleu': 31.36887965787869, 'validation/accuracy': 0.652143184833418, 'validation/loss': 1.6916721041896567, 'validation/bleu': 27.471439386701466, 'validation/num_examples': 3000, 'test/accuracy': 0.6622973679623496, 'test/loss': 1.6254010879669978, 'test/bleu': 26.745626074805266, 'test/num_examples': 3003, 'score': 5218.673133611679, 'total_duration': 7344.3999083042145, 'accumulated_submission_time': 5218.673133611679, 'accumulated_eval_time': 2105.4378819465637, 'accumulated_logging_time': 0.5607130527496338}
I0615 04:54:12.683722 139729160836864 logging_writer.py:48] [31047] accumulated_eval_time=2105.44, accumulated_logging_time=0.560713, accumulated_submission_time=5218.67, global_step=31047, preemption_count=0, score=5218.67, test/accuracy=0.662297, test/bleu=26.7456, test/loss=1.6254, test/num_examples=3003, total_duration=7344.4, train/accuracy=0.638297, train/bleu=31.3689, train/loss=1.79486, validation/accuracy=0.652143, validation/bleu=27.4714, validation/loss=1.69167, validation/num_examples=3000
I0615 05:04:57.392569 139757845820608 spec.py:333] Evaluating on the training split.
I0615 05:04:59.594505 139757845820608 workload.py:152] Translating evaluation dataset.
I0615 05:06:20.298259 139757845820608 spec.py:346] Evaluating on the validation split.
I0615 05:06:22.477087 139757845820608 workload.py:152] Translating evaluation dataset.
I0615 05:07:24.159173 139757845820608 spec.py:363] Evaluating on the test split.
I0615 05:07:26.345629 139757845820608 workload.py:152] Translating evaluation dataset.
I0615 05:08:27.415056 139757845820608 submission_runner.py:516] Time since start: 8199.16s, 	Step: 34927, 	{'train/accuracy': 0.6469952392999241, 'train/loss': 1.7224613911823554, 'train/bleu': 31.8594930897476, 'validation/accuracy': 0.6531723103247324, 'validation/loss': 1.6725978289171863, 'validation/bleu': 27.71431164791134, 'validation/num_examples': 3000, 'test/accuracy': 0.6653884143861484, 'test/loss': 1.604441200395096, 'test/bleu': 27.054406173466596, 'test/num_examples': 3003, 'score': 5860.989863872528, 'total_duration': 8199.157260417938, 'accumulated_submission_time': 5860.989863872528, 'accumulated_eval_time': 2315.460433483124, 'accumulated_logging_time': 0.5967936515808105}
I0615 05:08:27.441653 139729152444160 logging_writer.py:48] [34927] accumulated_eval_time=2315.46, accumulated_logging_time=0.596794, accumulated_submission_time=5860.99, global_step=34927, preemption_count=0, score=5860.99, test/accuracy=0.665388, test/bleu=27.0544, test/loss=1.60444, test/num_examples=3003, total_duration=8199.16, train/accuracy=0.646995, train/bleu=31.8595, train/loss=1.72246, validation/accuracy=0.653172, validation/bleu=27.7143, validation/loss=1.6726, validation/num_examples=3000
I0615 05:19:12.092321 139757845820608 spec.py:333] Evaluating on the training split.
I0615 05:19:14.294335 139757845820608 workload.py:152] Translating evaluation dataset.
I0615 05:20:43.140322 139757845820608 spec.py:346] Evaluating on the validation split.
I0615 05:20:45.318795 139757845820608 workload.py:152] Translating evaluation dataset.
I0615 05:21:57.060010 139757845820608 spec.py:363] Evaluating on the test split.
I0615 05:21:59.239175 139757845820608 workload.py:152] Translating evaluation dataset.
I0615 05:23:02.451910 139757845820608 submission_runner.py:516] Time since start: 9074.19s, 	Step: 38806, 	{'train/accuracy': 0.6589181837921853, 'train/loss': 1.6339340050399425, 'train/bleu': 32.62898881548209, 'validation/accuracy': 0.6566440589701306, 'validation/loss': 1.6534654328526615, 'validation/bleu': 28.01038111887471, 'validation/num_examples': 3000, 'test/accuracy': 0.6673987566091453, 'test/loss': 1.5906433385625471, 'test/bleu': 27.659219477924108, 'test/num_examples': 3003, 'score': 6503.275204896927, 'total_duration': 9074.194107294083, 'accumulated_submission_time': 6503.275204896927, 'accumulated_eval_time': 2545.8201048374176, 'accumulated_logging_time': 0.6335985660552979}
I0615 05:23:02.480353 139729160836864 logging_writer.py:48] [38806] accumulated_eval_time=2545.82, accumulated_logging_time=0.633599, accumulated_submission_time=6503.28, global_step=38806, preemption_count=0, score=6503.28, test/accuracy=0.667399, test/bleu=27.6592, test/loss=1.59064, test/num_examples=3003, total_duration=9074.19, train/accuracy=0.658918, train/bleu=32.629, train/loss=1.63393, validation/accuracy=0.656644, validation/bleu=28.0104, validation/loss=1.65347, validation/num_examples=3000
I0615 05:33:47.179185 139757845820608 spec.py:333] Evaluating on the training split.
I0615 05:33:49.383403 139757845820608 workload.py:152] Translating evaluation dataset.
I0615 05:35:14.278386 139757845820608 spec.py:346] Evaluating on the validation split.
I0615 05:35:16.457186 139757845820608 workload.py:152] Translating evaluation dataset.
I0615 05:36:25.586976 139757845820608 spec.py:363] Evaluating on the test split.
I0615 05:36:27.765264 139757845820608 workload.py:152] Translating evaluation dataset.
I0615 05:37:35.093508 139757845820608 submission_runner.py:516] Time since start: 9946.84s, 	Step: 42687, 	{'train/accuracy': 0.6475493513494913, 'train/loss': 1.7259964183709753, 'train/bleu': 31.794017038106425, 'validation/accuracy': 0.6562224894917608, 'validation/loss': 1.6435508006720314, 'validation/bleu': 27.64962836570673, 'validation/num_examples': 3000, 'test/accuracy': 0.6701528092498983, 'test/loss': 1.5691930306199524, 'test/bleu': 27.24310938757229, 'test/num_examples': 3003, 'score': 7145.599420309067, 'total_duration': 9946.835691452026, 'accumulated_submission_time': 7145.599420309067, 'accumulated_eval_time': 2773.7344782352448, 'accumulated_logging_time': 0.6721444129943848}
I0615 05:37:35.118355 139729152444160 logging_writer.py:48] [42687] accumulated_eval_time=2773.73, accumulated_logging_time=0.672144, accumulated_submission_time=7145.6, global_step=42687, preemption_count=0, score=7145.6, test/accuracy=0.670153, test/bleu=27.2431, test/loss=1.56919, test/num_examples=3003, total_duration=9946.84, train/accuracy=0.647549, train/bleu=31.794, train/loss=1.726, validation/accuracy=0.656222, validation/bleu=27.6496, validation/loss=1.64355, validation/num_examples=3000
I0615 05:48:19.815475 139757845820608 spec.py:333] Evaluating on the training split.
I0615 05:48:22.018412 139757845820608 workload.py:152] Translating evaluation dataset.
I0615 05:49:47.196712 139757845820608 spec.py:346] Evaluating on the validation split.
I0615 05:49:49.377341 139757845820608 workload.py:152] Translating evaluation dataset.
I0615 05:50:59.915100 139757845820608 spec.py:363] Evaluating on the test split.
I0615 05:51:02.092008 139757845820608 workload.py:152] Translating evaluation dataset.
I0615 05:52:04.310518 139757845820608 submission_runner.py:516] Time since start: 10816.05s, 	Step: 46566, 	{'train/accuracy': 0.6576850929807091, 'train/loss': 1.650264294481369, 'train/bleu': 32.79463299286473, 'validation/accuracy': 0.6619136774497526, 'validation/loss': 1.6181754565969424, 'validation/bleu': 28.571746042334613, 'validation/num_examples': 3000, 'test/accuracy': 0.6706524896868282, 'test/loss': 1.5554116916506886, 'test/bleu': 27.401350092401298, 'test/num_examples': 3003, 'score': 7787.9301290512085, 'total_duration': 10816.052701234818, 'accumulated_submission_time': 7787.9301290512085, 'accumulated_eval_time': 2998.229579925537, 'accumulated_logging_time': 0.7073044776916504}
I0615 05:52:04.337055 139729160836864 logging_writer.py:48] [46566] accumulated_eval_time=2998.23, accumulated_logging_time=0.707304, accumulated_submission_time=7787.93, global_step=46566, preemption_count=0, score=7787.93, test/accuracy=0.670652, test/bleu=27.4014, test/loss=1.55541, test/num_examples=3003, total_duration=10816.1, train/accuracy=0.657685, train/bleu=32.7946, train/loss=1.65026, validation/accuracy=0.661914, validation/bleu=28.5717, validation/loss=1.61818, validation/num_examples=3000
I0615 06:02:48.917572 139757845820608 spec.py:333] Evaluating on the training split.
I0615 06:02:51.115419 139757845820608 workload.py:152] Translating evaluation dataset.
I0615 06:04:11.794274 139757845820608 spec.py:346] Evaluating on the validation split.
I0615 06:04:13.976939 139757845820608 workload.py:152] Translating evaluation dataset.
I0615 06:05:27.793476 139757845820608 spec.py:363] Evaluating on the test split.
I0615 06:05:29.969741 139757845820608 workload.py:152] Translating evaluation dataset.
I0615 06:06:38.521237 139757845820608 submission_runner.py:516] Time since start: 11690.26s, 	Step: 50449, 	{'train/accuracy': 0.6917419650005718, 'train/loss': 1.4284699187921766, 'train/bleu': 34.70356650972486, 'validation/accuracy': 0.6617028927105677, 'validation/loss': 1.6129077754770555, 'validation/bleu': 28.448604290155696, 'validation/num_examples': 3000, 'test/accuracy': 0.6732206147231422, 'test/loss': 1.542564529951775, 'test/bleu': 27.85881820186068, 'test/num_examples': 3003, 'score': 8430.145695447922, 'total_duration': 11690.26341676712, 'accumulated_submission_time': 8430.145695447922, 'accumulated_eval_time': 3227.8332579135895, 'accumulated_logging_time': 0.7442030906677246}
I0615 06:06:38.548551 139729152444160 logging_writer.py:48] [50449] accumulated_eval_time=3227.83, accumulated_logging_time=0.744203, accumulated_submission_time=8430.15, global_step=50449, preemption_count=0, score=8430.15, test/accuracy=0.673221, test/bleu=27.8588, test/loss=1.54256, test/num_examples=3003, total_duration=11690.3, train/accuracy=0.691742, train/bleu=34.7036, train/loss=1.42847, validation/accuracy=0.661703, validation/bleu=28.4486, validation/loss=1.61291, validation/num_examples=3000
I0615 06:17:23.223988 139757845820608 spec.py:333] Evaluating on the training split.
I0615 06:17:25.425354 139757845820608 workload.py:152] Translating evaluation dataset.
I0615 06:18:43.203857 139757845820608 spec.py:346] Evaluating on the validation split.
I0615 06:18:45.386992 139757845820608 workload.py:152] Translating evaluation dataset.
I0615 06:19:54.022425 139757845820608 spec.py:363] Evaluating on the test split.
I0615 06:19:56.207890 139757845820608 workload.py:152] Translating evaluation dataset.
I0615 06:20:57.082325 139757845820608 submission_runner.py:516] Time since start: 12548.82s, 	Step: 54329, 	{'train/accuracy': 0.6582888128768032, 'train/loss': 1.6302963375012869, 'train/bleu': 32.597065111544254, 'validation/accuracy': 0.6627196190995772, 'validation/loss': 1.6095443252408526, 'validation/bleu': 28.53687586216268, 'validation/num_examples': 3000, 'test/accuracy': 0.6755679507291849, 'test/loss': 1.5346373685433734, 'test/bleu': 27.918673204255942, 'test/num_examples': 3003, 'score': 9072.450169324875, 'total_duration': 12548.824486494064, 'accumulated_submission_time': 9072.450169324875, 'accumulated_eval_time': 3441.691607236862, 'accumulated_logging_time': 0.7816781997680664}
I0615 06:20:57.109725 139729160836864 logging_writer.py:48] [54329] accumulated_eval_time=3441.69, accumulated_logging_time=0.781678, accumulated_submission_time=9072.45, global_step=54329, preemption_count=0, score=9072.45, test/accuracy=0.675568, test/bleu=27.9187, test/loss=1.53464, test/num_examples=3003, total_duration=12548.8, train/accuracy=0.658289, train/bleu=32.5971, train/loss=1.6303, validation/accuracy=0.66272, validation/bleu=28.5369, validation/loss=1.60954, validation/num_examples=3000
I0615 06:31:41.666825 139757845820608 spec.py:333] Evaluating on the training split.
I0615 06:31:43.865140 139757845820608 workload.py:152] Translating evaluation dataset.
I0615 06:33:25.143476 139757845820608 spec.py:346] Evaluating on the validation split.
I0615 06:33:27.326767 139757845820608 workload.py:152] Translating evaluation dataset.
I0615 06:34:38.280415 139757845820608 spec.py:363] Evaluating on the test split.
I0615 06:34:40.463468 139757845820608 workload.py:152] Translating evaluation dataset.
I0615 06:35:52.921905 139757845820608 submission_runner.py:516] Time since start: 13444.66s, 	Step: 58214, 	{'train/accuracy': 0.670654444583966, 'train/loss': 1.5543096325955184, 'train/bleu': 33.917702249010155, 'validation/accuracy': 0.6625832289742223, 'validation/loss': 1.6019184898513348, 'validation/bleu': 28.69949413073692, 'validation/num_examples': 3000, 'test/accuracy': 0.6751612340944745, 'test/loss': 1.5302869531113823, 'test/bleu': 28.099776113602715, 'test/num_examples': 3003, 'score': 9714.631241321564, 'total_duration': 13444.664103507996, 'accumulated_submission_time': 9714.631241321564, 'accumulated_eval_time': 3692.946753025055, 'accumulated_logging_time': 0.8192615509033203}
I0615 06:35:52.950063 139729152444160 logging_writer.py:48] [58214] accumulated_eval_time=3692.95, accumulated_logging_time=0.819262, accumulated_submission_time=9714.63, global_step=58214, preemption_count=0, score=9714.63, test/accuracy=0.675161, test/bleu=28.0998, test/loss=1.53029, test/num_examples=3003, total_duration=13444.7, train/accuracy=0.670654, train/bleu=33.9177, train/loss=1.55431, validation/accuracy=0.662583, validation/bleu=28.6995, validation/loss=1.60192, validation/num_examples=3000
I0615 06:46:37.504513 139757845820608 spec.py:333] Evaluating on the training split.
I0615 06:46:39.704482 139757845820608 workload.py:152] Translating evaluation dataset.
I0615 06:47:56.173833 139757845820608 spec.py:346] Evaluating on the validation split.
I0615 06:47:58.362234 139757845820608 workload.py:152] Translating evaluation dataset.
I0615 06:49:03.486742 139757845820608 spec.py:363] Evaluating on the test split.
I0615 06:49:05.673678 139757845820608 workload.py:152] Translating evaluation dataset.
I0615 06:50:10.015239 139757845820608 submission_runner.py:516] Time since start: 14301.76s, 	Step: 62093, 	{'train/accuracy': 0.664187858013233, 'train/loss': 1.5954870403480201, 'train/bleu': 33.038277210381544, 'validation/accuracy': 0.6662161659495852, 'validation/loss': 1.5855385007625449, 'validation/bleu': 28.899359793981223, 'validation/num_examples': 3000, 'test/accuracy': 0.6784730695485446, 'test/loss': 1.5119697250305038, 'test/bleu': 28.126800681243076, 'test/num_examples': 3003, 'score': 10356.82978105545, 'total_duration': 14301.757418870926, 'accumulated_submission_time': 10356.82978105545, 'accumulated_eval_time': 3905.4575283527374, 'accumulated_logging_time': 0.8578782081604004}
I0615 06:50:10.043340 139729160836864 logging_writer.py:48] [62093] accumulated_eval_time=3905.46, accumulated_logging_time=0.857878, accumulated_submission_time=10356.8, global_step=62093, preemption_count=0, score=10356.8, test/accuracy=0.678473, test/bleu=28.1268, test/loss=1.51197, test/num_examples=3003, total_duration=14301.8, train/accuracy=0.664188, train/bleu=33.0383, train/loss=1.59549, validation/accuracy=0.666216, validation/bleu=28.8994, validation/loss=1.58554, validation/num_examples=3000
I0615 07:00:54.685193 139757845820608 spec.py:333] Evaluating on the training split.
I0615 07:00:56.886747 139757845820608 workload.py:152] Translating evaluation dataset.
I0615 07:02:12.059964 139757845820608 spec.py:346] Evaluating on the validation split.
I0615 07:02:14.244899 139757845820608 workload.py:152] Translating evaluation dataset.
I0615 07:03:23.560064 139757845820608 spec.py:363] Evaluating on the test split.
I0615 07:03:25.747787 139757845820608 workload.py:152] Translating evaluation dataset.
I0615 07:04:34.533692 139757845820608 submission_runner.py:516] Time since start: 15166.28s, 	Step: 65974, 	{'train/accuracy': 0.6712899543378995, 'train/loss': 1.5494351098744292, 'train/bleu': 33.95341958219915, 'validation/accuracy': 0.6652242377651858, 'validation/loss': 1.5911374703971433, 'validation/bleu': 28.407064862807793, 'validation/num_examples': 3000, 'test/accuracy': 0.6776596362791238, 'test/loss': 1.5143610009586892, 'test/bleu': 27.95434107551087, 'test/num_examples': 3003, 'score': 10999.115224838257, 'total_duration': 15166.275894165039, 'accumulated_submission_time': 10999.115224838257, 'accumulated_eval_time': 4125.306107759476, 'accumulated_logging_time': 0.8962292671203613}
I0615 07:04:34.560204 139729152444160 logging_writer.py:48] [65974] accumulated_eval_time=4125.31, accumulated_logging_time=0.896229, accumulated_submission_time=10999.1, global_step=65974, preemption_count=0, score=10999.1, test/accuracy=0.67766, test/bleu=27.9543, test/loss=1.51436, test/num_examples=3003, total_duration=15166.3, train/accuracy=0.67129, train/bleu=33.9534, train/loss=1.54944, validation/accuracy=0.665224, validation/bleu=28.4071, validation/loss=1.59114, validation/num_examples=3000
I0615 07:15:19.170058 139757845820608 spec.py:333] Evaluating on the training split.
I0615 07:15:21.370436 139757845820608 workload.py:152] Translating evaluation dataset.
I0615 07:16:37.913881 139757845820608 spec.py:346] Evaluating on the validation split.
I0615 07:16:40.095542 139757845820608 workload.py:152] Translating evaluation dataset.
I0615 07:17:42.409219 139757845820608 spec.py:363] Evaluating on the test split.
I0615 07:17:44.597012 139757845820608 workload.py:152] Translating evaluation dataset.
