I0316 17:28:11.572895 140007013651648 shampoo_preconditioner_list.py:574] Instantiated Shampoo Preconditioner 124.block_0 ([torch.Size([0]), torch.Size([0])]) for Parameter 124 (torch.Size([512, 512])), Block block_0 (torch.Size([512, 512])).
I0316 17:28:11.572897 140304559060160 shampoo_preconditioner_list.py:574] Instantiated Shampoo Preconditioner 112.block_0 ([torch.Size([0]), torch.Size([0])]) for Parameter 112 (torch.Size([512, 512])), Block block_0 (torch.Size([512, 512])).
I0316 17:28:11.572919 140231539463360 shampoo_preconditioner_list.py:352] Instantiated Adagrad Preconditioner 128.block_1 (torch.Size([0])) for Parameter 128 (torch.Size([2048, 512])), Block block_1 (torch.Size([1024, 512])).
I0316 17:28:11.572921 140472134571200 shampoo_preconditioner_list.py:352] Instantiated Adagrad Preconditioner 6.block_0 (torch.Size([0])) for Parameter 6 (torch.Size([512])), Block block_0 (torch.Size([512])).
I0316 17:28:11.572947 140021824218304 shampoo_preconditioner_list.py:375] Rank 0: AdaGradPreconditionerList Numel Breakdown: (0, 0, 2359296, 0, 0, 0, 0, 0, 0, 0, 0, 0, 0, 0, 0, 0, 0, 0, 0, 0, 0, 0, 0, 0, 0, 0, 0, 0, 0, 0, 0, 0, 0, 0, 0, 0, 0, 0, 0, 0, 0, 0, 262144, 0, 0, 0, 0, 0, 0, 0, 0, 0, 0, 0, 0, 0, 0, 0, 0, 0, 0, 0, 0, 0, 0, 0, 0, 0, 0, 0, 0, 0, 0, 0, 0, 0, 0, 0, 0, 0, 0, 0, 262144, 0, 0, 0, 0, 0, 0, 0, 0, 0, 0, 0, 0, 0, 0, 0, 0, 0, 0, 0, 0, 0, 0, 0, 0, 0, 0, 0, 0, 0, 0, 0, 0, 0, 0, 0, 0, 0, 0, 0, 0, 0, 0, 0, 0, 0, 0, 0, 524288, 0, 0, 0, 0, 0, 0, 0, 0, 0, 0, 0, 0, 0, 0, 0, 0, 0, 0, 0, 0, 0, 0, 0, 0, 262144, 0, 0, 0, 0, 0, 0, 0, 0, 0, 0, 0, 524288, 0, 0, 0, 0, 0, 0, 0, 0, 0, 0, 0)
I0316 17:28:11.572966 140472134571200 shampoo_preconditioner_list.py:352] Instantiated Adagrad Preconditioner 7.block_0 (torch.Size([0])) for Parameter 7 (torch.Size([512])), Block block_0 (torch.Size([512])).
I0316 17:28:11.572969 140231539463360 shampoo_preconditioner_list.py:352] Instantiated Adagrad Preconditioner 129.block_0 (torch.Size([0])) for Parameter 129 (torch.Size([2048])), Block block_0 (torch.Size([1024])).
I0316 17:28:11.572979 140007013651648 shampoo_preconditioner_list.py:574] Instantiated Shampoo Preconditioner 125.block_0 ([torch.Size([0])]) for Parameter 125 (torch.Size([512])), Block block_0 (torch.Size([512])).
I0316 17:28:11.572991 139999960925376 shampoo_preconditioner_list.py:375] Rank 1: AdaGradPreconditionerList Numel Breakdown: (0, 0, 0, 0, 524288, 0, 0, 0, 0, 0, 0, 524288, 0, 0, 0, 0, 0, 0, 0, 0, 0, 0, 0, 0, 0, 0, 524288, 0, 0, 0, 0, 0, 0, 0, 0, 0, 0, 0, 0, 0, 0, 0, 0, 0, 0, 0, 0, 0, 0, 0, 0, 0, 0, 0, 0, 0, 0, 0, 0, 0, 0, 524288, 0, 0, 0, 0, 0, 0, 0, 0, 0, 0, 0, 0, 0, 0, 0, 0, 0, 0, 0, 0, 0, 0, 0, 0, 0, 0, 0, 0, 0, 0, 0, 0, 0, 0, 0, 524288, 0, 0, 0, 0, 0, 0, 0, 0, 0, 262144, 0, 0, 0, 0, 0, 0, 0, 0, 0, 0, 0, 0, 0, 0, 0, 0, 0, 0, 0, 0, 0, 0, 0, 524288, 0, 0, 0, 0, 0, 0, 0, 0, 0, 0, 0, 0, 0, 0, 0, 0, 0, 0, 0, 0, 0, 0, 0, 0, 0, 262144, 0, 0, 0, 0, 0, 0, 0, 0, 0, 0, 0, 0, 524288, 0, 0, 0, 0, 0, 0, 0, 0)
I0316 17:28:11.572997 140021824218304 shampoo_preconditioner_list.py:378] Rank 0: AdaGradPreconditionerList Bytes Breakdown: (0, 0, 9437184, 0, 0, 0, 0, 0, 0, 0, 0, 0, 0, 0, 0, 0, 0, 0, 0, 0, 0, 0, 0, 0, 0, 0, 0, 0, 0, 0, 0, 0, 0, 0, 0, 0, 0, 0, 0, 0, 0, 0, 1048576, 0, 0, 0, 0, 0, 0, 0, 0, 0, 0, 0, 0, 0, 0, 0, 0, 0, 0, 0, 0, 0, 0, 0, 0, 0, 0, 0, 0, 0, 0, 0, 0, 0, 0, 0, 0, 0, 0, 0, 1048576, 0, 0, 0, 0, 0, 0, 0, 0, 0, 0, 0, 0, 0, 0, 0, 0, 0, 0, 0, 0, 0, 0, 0, 0, 0, 0, 0, 0, 0, 0, 0, 0, 0, 0, 0, 0, 0, 0, 0, 0, 0, 0, 0, 0, 0, 0, 0, 2097152, 0, 0, 0, 0, 0, 0, 0, 0, 0, 0, 0, 0, 0, 0, 0, 0, 0, 0, 0, 0, 0, 0, 0, 0, 1048576, 0, 0, 0, 0, 0, 0, 0, 0, 0, 0, 0, 2097152, 0, 0, 0, 0, 0, 0, 0, 0, 0, 0, 0)
I0316 17:28:11.573013 140231539463360 shampoo_preconditioner_list.py:352] Instantiated Adagrad Preconditioner 129.block_1 (torch.Size([0])) for Parameter 129 (torch.Size([2048])), Block block_1 (torch.Size([1024])).
I0316 17:28:11.573028 140021824218304 shampoo_preconditioner_list.py:381] Rank 0: AdaGradPreconditionerList Total Elements: 4194304
I0316 17:28:11.573037 139999960925376 shampoo_preconditioner_list.py:378] Rank 1: AdaGradPreconditionerList Bytes Breakdown: (0, 0, 0, 0, 2097152, 0, 0, 0, 0, 0, 0, 2097152, 0, 0, 0, 0, 0, 0, 0, 0, 0, 0, 0, 0, 0, 0, 2097152, 0, 0, 0, 0, 0, 0, 0, 0, 0, 0, 0, 0, 0, 0, 0, 0, 0, 0, 0, 0, 0, 0, 0, 0, 0, 0, 0, 0, 0, 0, 0, 0, 0, 0, 2097152, 0, 0, 0, 0, 0, 0, 0, 0, 0, 0, 0, 0, 0, 0, 0, 0, 0, 0, 0, 0, 0, 0, 0, 0, 0, 0, 0, 0, 0, 0, 0, 0, 0, 0, 0, 2097152, 0, 0, 0, 0, 0, 0, 0, 0, 0, 1048576, 0, 0, 0, 0, 0, 0, 0, 0, 0, 0, 0, 0, 0, 0, 0, 0, 0, 0, 0, 0, 0, 0, 0, 2097152, 0, 0, 0, 0, 0, 0, 0, 0, 0, 0, 0, 0, 0, 0, 0, 0, 0, 0, 0, 0, 0, 0, 0, 0, 0, 1048576, 0, 0, 0, 0, 0, 0, 0, 0, 0, 0, 0, 0, 2097152, 0, 0, 0, 0, 0, 0, 0, 0)
I0316 17:28:11.573046 140472134571200 shampoo_preconditioner_list.py:352] Instantiated Adagrad Preconditioner 8.block_0 (torch.Size([1024, 512])) for Parameter 8 (torch.Size([2048, 512])), Block block_0 (torch.Size([1024, 512])).
I0316 17:28:11.573056 140021824218304 shampoo_preconditioner_list.py:384] Rank 0: AdaGradPreconditionerList Total Bytes: 16777216
I0316 17:28:11.573038 140143036515520 shampoo_preconditioner_list.py:574] Instantiated Shampoo Preconditioner 110.block_1 ([torch.Size([512, 512]), torch.Size([512, 512])]) for Parameter 110 (torch.Size([1536, 512])), Block block_1 (torch.Size([512, 512])).
I0316 17:28:11.573063 140231539463360 shampoo_preconditioner_list.py:352] Instantiated Adagrad Preconditioner 130.block_0 (torch.Size([0])) for Parameter 130 (torch.Size([512, 2048])), Block block_0 (torch.Size([512, 1024])).
I0316 17:28:11.573068 139999960925376 shampoo_preconditioner_list.py:381] Rank 1: AdaGradPreconditionerList Total Elements: 4194304
I0316 17:28:11.573096 139999960925376 shampoo_preconditioner_list.py:384] Rank 1: AdaGradPreconditionerList Total Bytes: 16777216
I0316 17:28:11.573115 140472134571200 shampoo_preconditioner_list.py:352] Instantiated Adagrad Preconditioner 8.block_1 (torch.Size([0])) for Parameter 8 (torch.Size([2048, 512])), Block block_1 (torch.Size([1024, 512])).
I0316 17:28:11.573147 140231539463360 shampoo_preconditioner_list.py:352] Instantiated Adagrad Preconditioner 130.block_1 (torch.Size([512, 1024])) for Parameter 130 (torch.Size([512, 2048])), Block block_1 (torch.Size([512, 1024])).
I0316 17:28:11.573174 140143036515520 shampoo_preconditioner_list.py:574] Instantiated Shampoo Preconditioner 111.block_0 ([torch.Size([0])]) for Parameter 111 (torch.Size([1536])), Block block_0 (torch.Size([1024])).
I0316 17:28:11.573195 140472134571200 shampoo_preconditioner_list.py:352] Instantiated Adagrad Preconditioner 9.block_0 (torch.Size([1024])) for Parameter 9 (torch.Size([2048])), Block block_0 (torch.Size([1024])).
I0316 17:28:11.573244 140231539463360 shampoo_preconditioner_list.py:352] Instantiated Adagrad Preconditioner 131.block_0 (torch.Size([0])) for Parameter 131 (torch.Size([512])), Block block_0 (torch.Size([512])).
I0316 17:28:11.573252 140472134571200 shampoo_preconditioner_list.py:352] Instantiated Adagrad Preconditioner 9.block_1 (torch.Size([0])) for Parameter 9 (torch.Size([2048])), Block block_1 (torch.Size([1024])).
I0316 17:28:11.573257 140143036515520 shampoo_preconditioner_list.py:574] Instantiated Shampoo Preconditioner 111.block_1 ([torch.Size([0])]) for Parameter 111 (torch.Size([1536])), Block block_1 (torch.Size([512])).
I0316 17:28:11.573299 140231539463360 shampoo_preconditioner_list.py:352] Instantiated Adagrad Preconditioner 132.block_0 (torch.Size([0])) for Parameter 132 (torch.Size([512])), Block block_0 (torch.Size([512])).
I0316 17:28:11.573300 140472134571200 shampoo_preconditioner_list.py:352] Instantiated Adagrad Preconditioner 10.block_0 (torch.Size([0])) for Parameter 10 (torch.Size([512, 2048])), Block block_0 (torch.Size([512, 1024])).
I0316 17:28:11.573349 140472134571200 shampoo_preconditioner_list.py:352] Instantiated Adagrad Preconditioner 10.block_1 (torch.Size([0])) for Parameter 10 (torch.Size([512, 2048])), Block block_1 (torch.Size([512, 1024])).
I0316 17:28:11.573355 140231539463360 shampoo_preconditioner_list.py:352] Instantiated Adagrad Preconditioner 133.block_0 (torch.Size([0])) for Parameter 133 (torch.Size([512])), Block block_0 (torch.Size([512])).
I0316 17:28:11.573360 140143036515520 shampoo_preconditioner_list.py:574] Instantiated Shampoo Preconditioner 112.block_0 ([torch.Size([0]), torch.Size([0])]) for Parameter 112 (torch.Size([512, 512])), Block block_0 (torch.Size([512, 512])).
I0316 17:28:11.573401 140231539463360 shampoo_preconditioner_list.py:352] Instantiated Adagrad Preconditioner 134.block_0 (torch.Size([0])) for Parameter 134 (torch.Size([512])), Block block_0 (torch.Size([512])).
I0316 17:28:11.573404 139776485098688 shampoo_preconditioner_list.py:574] Instantiated Shampoo Preconditioner 112.block_0 ([torch.Size([512, 512]), torch.Size([512, 512])]) for Parameter 112 (torch.Size([512, 512])), Block block_0 (torch.Size([512, 512])).
I0316 17:28:11.573428 140472134571200 shampoo_preconditioner_list.py:352] Instantiated Adagrad Preconditioner 11.block_0 (torch.Size([512])) for Parameter 11 (torch.Size([512])), Block block_0 (torch.Size([512])).
I0316 17:28:11.573437 140143036515520 shampoo_preconditioner_list.py:574] Instantiated Shampoo Preconditioner 113.block_0 ([torch.Size([0])]) for Parameter 113 (torch.Size([512])), Block block_0 (torch.Size([512])).
I0316 17:28:11.573457 140231539463360 shampoo_preconditioner_list.py:352] Instantiated Adagrad Preconditioner 135.block_0 (torch.Size([0])) for Parameter 135 (torch.Size([512])), Block block_0 (torch.Size([512])).
I0316 17:28:11.573484 140472134571200 shampoo_preconditioner_list.py:352] Instantiated Adagrad Preconditioner 12.block_0 (torch.Size([0])) for Parameter 12 (torch.Size([512])), Block block_0 (torch.Size([512])).
I0316 17:28:11.573469 140304559060160 shampoo_preconditioner_list.py:574] Instantiated Shampoo Preconditioner 113.block_0 ([torch.Size([512, 512])]) for Parameter 113 (torch.Size([512])), Block block_0 (torch.Size([512])).
I0316 17:28:11.573513 140143036515520 shampoo_preconditioner_list.py:574] Instantiated Shampoo Preconditioner 114.block_0 ([torch.Size([0])]) for Parameter 114 (torch.Size([64])), Block block_0 (torch.Size([64])).
I0316 17:28:11.573530 139776485098688 shampoo_preconditioner_list.py:574] Instantiated Shampoo Preconditioner 113.block_0 ([torch.Size([0])]) for Parameter 113 (torch.Size([512])), Block block_0 (torch.Size([512])).
I0316 17:28:11.573540 140472134571200 shampoo_preconditioner_list.py:352] Instantiated Adagrad Preconditioner 13.block_0 (torch.Size([0])) for Parameter 13 (torch.Size([512])), Block block_0 (torch.Size([512])).
I0316 17:28:11.573551 140231539463360 shampoo_preconditioner_list.py:352] Instantiated Adagrad Preconditioner 136.block_0 (torch.Size([0])) for Parameter 136 (torch.Size([1024, 512])), Block block_0 (torch.Size([1024, 512])).
I0316 17:28:11.573566 140007013651648 shampoo_preconditioner_list.py:574] Instantiated Shampoo Preconditioner 126.block_0 ([torch.Size([512, 512])]) for Parameter 126 (torch.Size([512])), Block block_0 (torch.Size([512])).
I0316 17:28:11.573608 140472134571200 shampoo_preconditioner_list.py:352] Instantiated Adagrad Preconditioner 14.block_0 (torch.Size([0])) for Parameter 14 (torch.Size([1536, 512])), Block block_0 (torch.Size([1024, 512])).
I0316 17:28:11.573630 139776485098688 shampoo_preconditioner_list.py:574] Instantiated Shampoo Preconditioner 114.block_0 ([torch.Size([0])]) for Parameter 114 (torch.Size([64])), Block block_0 (torch.Size([64])).
I0316 17:28:11.573638 140231539463360 shampoo_preconditioner_list.py:352] Instantiated Adagrad Preconditioner 137.block_0 (torch.Size([0])) for Parameter 137 (torch.Size([1024])), Block block_0 (torch.Size([1024])).
I0316 17:28:11.573687 140472134571200 shampoo_preconditioner_list.py:352] Instantiated Adagrad Preconditioner 14.block_1 (torch.Size([512, 512])) for Parameter 14 (torch.Size([1536, 512])), Block block_1 (torch.Size([512, 512])).
I0316 17:28:11.573698 140007013651648 shampoo_preconditioner_list.py:574] Instantiated Shampoo Preconditioner 127.block_0 ([torch.Size([0])]) for Parameter 127 (torch.Size([512])), Block block_0 (torch.Size([512])).
I0316 17:28:11.573700 140304559060160 shampoo_preconditioner_list.py:574] Instantiated Shampoo Preconditioner 114.block_0 ([torch.Size([64, 64])]) for Parameter 114 (torch.Size([64])), Block block_0 (torch.Size([64])).
I0316 17:28:11.573761 140472134571200 shampoo_preconditioner_list.py:352] Instantiated Adagrad Preconditioner 15.block_0 (torch.Size([0])) for Parameter 15 (torch.Size([1536])), Block block_0 (torch.Size([1024])).
I0316 17:28:11.573803 139776485098688 shampoo_preconditioner_list.py:574] Instantiated Shampoo Preconditioner 115.block_0 ([torch.Size([0])]) for Parameter 115 (torch.Size([512])), Block block_0 (torch.Size([512])).
I0316 17:28:11.573815 140472134571200 shampoo_preconditioner_list.py:352] Instantiated Adagrad Preconditioner 15.block_1 (torch.Size([0])) for Parameter 15 (torch.Size([1536])), Block block_1 (torch.Size([512])).
I0316 17:28:11.573815 140231539463360 shampoo_preconditioner_list.py:375] Rank 2: AdaGradPreconditionerList Numel Breakdown: (0, 0, 0, 0, 0, 524288, 0, 0, 0, 0, 0, 0, 524288, 0, 0, 0, 0, 0, 0, 0, 0, 0, 0, 0, 0, 0, 0, 0, 0, 0, 0, 0, 0, 0, 0, 0, 0, 0, 0, 0, 0, 0, 0, 0, 0, 0, 524288, 0, 0, 0, 0, 0, 0, 0, 0, 0, 0, 0, 0, 0, 0, 0, 524288, 0, 0, 0, 0, 0, 0, 0, 0, 0, 0, 0, 0, 0, 0, 0, 0, 0, 0, 0, 0, 0, 0, 0, 0, 0, 0, 0, 0, 0, 0, 0, 0, 0, 0, 0, 524288, 0, 0, 0, 0, 0, 0, 0, 0, 0, 0, 0, 262144, 0, 0, 0, 0, 0, 0, 0, 0, 0, 0, 0, 0, 0, 0, 0, 0, 0, 0, 0, 0, 0, 0, 0, 0, 0, 0, 524288, 0, 0, 0, 0, 0, 0, 0, 0, 0, 0, 0, 0, 0, 0, 0, 0, 0, 0, 0, 0, 0, 0, 0, 0, 262144, 0, 0, 0, 0, 0, 0, 0, 0, 524288, 0, 0, 0, 0, 0, 0, 0)
I0316 17:28:11.573819 140007013651648 shampoo_preconditioner_list.py:574] Instantiated Shampoo Preconditioner 128.block_0 ([torch.Size([0]), torch.Size([0])]) for Parameter 128 (torch.Size([2048, 512])), Block block_0 (torch.Size([1024, 512])).
I0316 17:28:11.573863 140231539463360 shampoo_preconditioner_list.py:378] Rank 2: AdaGradPreconditionerList Bytes Breakdown: (0, 0, 0, 0, 0, 2097152, 0, 0, 0, 0, 0, 0, 2097152, 0, 0, 0, 0, 0, 0, 0, 0, 0, 0, 0, 0, 0, 0, 0, 0, 0, 0, 0, 0, 0, 0, 0, 0, 0, 0, 0, 0, 0, 0, 0, 0, 0, 2097152, 0, 0, 0, 0, 0, 0, 0, 0, 0, 0, 0, 0, 0, 0, 0, 2097152, 0, 0, 0, 0, 0, 0, 0, 0, 0, 0, 0, 0, 0, 0, 0, 0, 0, 0, 0, 0, 0, 0, 0, 0, 0, 0, 0, 0, 0, 0, 0, 0, 0, 0, 0, 2097152, 0, 0, 0, 0, 0, 0, 0, 0, 0, 0, 0, 1048576, 0, 0, 0, 0, 0, 0, 0, 0, 0, 0, 0, 0, 0, 0, 0, 0, 0, 0, 0, 0, 0, 0, 0, 0, 0, 0, 2097152, 0, 0, 0, 0, 0, 0, 0, 0, 0, 0, 0, 0, 0, 0, 0, 0, 0, 0, 0, 0, 0, 0, 0, 0, 1048576, 0, 0, 0, 0, 0, 0, 0, 0, 2097152, 0, 0, 0, 0, 0, 0, 0)
I0316 17:28:11.573879 140472134571200 shampoo_preconditioner_list.py:352] Instantiated Adagrad Preconditioner 16.block_0 (torch.Size([0])) for Parameter 16 (torch.Size([512, 512])), Block block_0 (torch.Size([512, 512])).
I0316 17:28:11.573912 140231539463360 shampoo_preconditioner_list.py:381] Rank 2: AdaGradPreconditionerList Total Elements: 4194304
I0316 17:28:11.573906 140304559060160 shampoo_preconditioner_list.py:574] Instantiated Shampoo Preconditioner 115.block_0 ([torch.Size([0])]) for Parameter 115 (torch.Size([512])), Block block_0 (torch.Size([512])).
I0316 17:28:11.573927 140472134571200 shampoo_preconditioner_list.py:352] Instantiated Adagrad Preconditioner 17.block_0 (torch.Size([0])) for Parameter 17 (torch.Size([512])), Block block_0 (torch.Size([512])).
I0316 17:28:11.573948 140231539463360 shampoo_preconditioner_list.py:384] Rank 2: AdaGradPreconditionerList Total Bytes: 16777216
I0316 17:28:11.573945 140007013651648 shampoo_preconditioner_list.py:574] Instantiated Shampoo Preconditioner 128.block_1 ([torch.Size([0]), torch.Size([0])]) for Parameter 128 (torch.Size([2048, 512])), Block block_1 (torch.Size([1024, 512])).
I0316 17:28:11.573975 140472134571200 shampoo_preconditioner_list.py:352] Instantiated Adagrad Preconditioner 18.block_0 (torch.Size([0])) for Parameter 18 (torch.Size([64])), Block block_0 (torch.Size([64])).
I0316 17:28:11.574019 140304559060160 shampoo_preconditioner_list.py:574] Instantiated Shampoo Preconditioner 116.block_0 ([torch.Size([0])]) for Parameter 116 (torch.Size([512])), Block block_0 (torch.Size([512])).
I0316 17:28:11.574062 140472134571200 shampoo_preconditioner_list.py:352] Instantiated Adagrad Preconditioner 19.block_0 (torch.Size([512])) for Parameter 19 (torch.Size([512])), Block block_0 (torch.Size([512])).
I0316 17:28:11.574092 140007013651648 shampoo_preconditioner_list.py:574] Instantiated Shampoo Preconditioner 129.block_0 ([torch.Size([1024, 1024])]) for Parameter 129 (torch.Size([2048])), Block block_0 (torch.Size([1024])).
I0316 17:28:11.574130 140472134571200 shampoo_preconditioner_list.py:352] Instantiated Adagrad Preconditioner 20.block_0 (torch.Size([0])) for Parameter 20 (torch.Size([512])), Block block_0 (torch.Size([512])).
I0316 17:28:11.574142 140143036515520 shampoo_preconditioner_list.py:574] Instantiated Shampoo Preconditioner 115.block_0 ([torch.Size([512, 512])]) for Parameter 115 (torch.Size([512])), Block block_0 (torch.Size([512])).
I0316 17:28:11.574175 140304559060160 shampoo_preconditioner_list.py:574] Instantiated Shampoo Preconditioner 117.block_0 ([torch.Size([0]), torch.Size([0])]) for Parameter 117 (torch.Size([512, 512])), Block block_0 (torch.Size([512, 512])).
I0316 17:28:11.574187 140472134571200 shampoo_preconditioner_list.py:352] Instantiated Adagrad Preconditioner 21.block_0 (torch.Size([0])) for Parameter 21 (torch.Size([512, 512])), Block block_0 (torch.Size([512, 512])).
I0316 17:28:11.574200 140007013651648 shampoo_preconditioner_list.py:574] Instantiated Shampoo Preconditioner 129.block_1 ([torch.Size([0])]) for Parameter 129 (torch.Size([2048])), Block block_1 (torch.Size([1024])).
I0316 17:28:11.574235 140472134571200 shampoo_preconditioner_list.py:352] Instantiated Adagrad Preconditioner 22.block_0 (torch.Size([0])) for Parameter 22 (torch.Size([512])), Block block_0 (torch.Size([512])).
I0316 17:28:11.574273 140143036515520 shampoo_preconditioner_list.py:574] Instantiated Shampoo Preconditioner 116.block_0 ([torch.Size([0])]) for Parameter 116 (torch.Size([512])), Block block_0 (torch.Size([512])).
I0316 17:28:11.574277 140304559060160 shampoo_preconditioner_list.py:574] Instantiated Shampoo Preconditioner 118.block_0 ([torch.Size([0])]) for Parameter 118 (torch.Size([512])), Block block_0 (torch.Size([512])).
I0316 17:28:11.574290 140472134571200 shampoo_preconditioner_list.py:352] Instantiated Adagrad Preconditioner 23.block_0 (torch.Size([0])) for Parameter 23 (torch.Size([512, 512])), Block block_0 (torch.Size([512, 512])).
I0316 17:28:11.574280 139776485098688 shampoo_preconditioner_list.py:574] Instantiated Shampoo Preconditioner 116.block_0 ([torch.Size([512, 512])]) for Parameter 116 (torch.Size([512])), Block block_0 (torch.Size([512])).
I0316 17:28:11.574320 140007013651648 shampoo_preconditioner_list.py:574] Instantiated Shampoo Preconditioner 130.block_0 ([torch.Size([0]), torch.Size([0])]) for Parameter 130 (torch.Size([512, 2048])), Block block_0 (torch.Size([512, 1024])).
I0316 17:28:11.574338 140472134571200 shampoo_preconditioner_list.py:352] Instantiated Adagrad Preconditioner 24.block_0 (torch.Size([0])) for Parameter 24 (torch.Size([512])), Block block_0 (torch.Size([512])).
I0316 17:28:11.574399 140143036515520 shampoo_preconditioner_list.py:574] Instantiated Shampoo Preconditioner 117.block_0 ([torch.Size([0]), torch.Size([0])]) for Parameter 117 (torch.Size([512, 512])), Block block_0 (torch.Size([512, 512])).
I0316 17:28:11.574415 140304559060160 shampoo_preconditioner_list.py:574] Instantiated Shampoo Preconditioner 119.block_0 ([torch.Size([0]), torch.Size([0])]) for Parameter 119 (torch.Size([512, 512])), Block block_0 (torch.Size([512, 512])).
I0316 17:28:11.574422 140472134571200 shampoo_preconditioner_list.py:352] Instantiated Adagrad Preconditioner 25.block_0 (torch.Size([512, 5])) for Parameter 25 (torch.Size([512, 1, 5])), Block block_0 (torch.Size([512, 5])).
I0316 17:28:11.574430 139776485098688 shampoo_preconditioner_list.py:574] Instantiated Shampoo Preconditioner 117.block_0 ([torch.Size([0]), torch.Size([0])]) for Parameter 117 (torch.Size([512, 512])), Block block_0 (torch.Size([512, 512])).
I0316 17:28:11.574441 140007013651648 shampoo_preconditioner_list.py:574] Instantiated Shampoo Preconditioner 130.block_1 ([torch.Size([0]), torch.Size([0])]) for Parameter 130 (torch.Size([512, 2048])), Block block_1 (torch.Size([512, 1024])).
I0316 17:28:11.574502 140472134571200 shampoo_preconditioner_list.py:352] Instantiated Adagrad Preconditioner 26.block_0 (torch.Size([0])) for Parameter 26 (torch.Size([512])), Block block_0 (torch.Size([512])).
I0316 17:28:11.574502 140143036515520 shampoo_preconditioner_list.py:574] Instantiated Shampoo Preconditioner 118.block_0 ([torch.Size([0])]) for Parameter 118 (torch.Size([512])), Block block_0 (torch.Size([512])).
I0316 17:28:11.574539 139776485098688 shampoo_preconditioner_list.py:574] Instantiated Shampoo Preconditioner 118.block_0 ([torch.Size([0])]) for Parameter 118 (torch.Size([512])), Block block_0 (torch.Size([512])).
I0316 17:28:11.574543 140304559060160 shampoo_preconditioner_list.py:574] Instantiated Shampoo Preconditioner 120.block_0 ([torch.Size([0])]) for Parameter 120 (torch.Size([512])), Block block_0 (torch.Size([512])).
I0316 17:28:11.574555 140007013651648 shampoo_preconditioner_list.py:574] Instantiated Shampoo Preconditioner 131.block_0 ([torch.Size([0])]) for Parameter 131 (torch.Size([512])), Block block_0 (torch.Size([512])).
I0316 17:28:11.574592 140472134571200 shampoo_preconditioner_list.py:352] Instantiated Adagrad Preconditioner 27.block_0 (torch.Size([512])) for Parameter 27 (torch.Size([512])), Block block_0 (torch.Size([512])).
I0316 17:28:11.574625 140143036515520 shampoo_preconditioner_list.py:574] Instantiated Shampoo Preconditioner 119.block_0 ([torch.Size([0]), torch.Size([0])]) for Parameter 119 (torch.Size([512, 512])), Block block_0 (torch.Size([512, 512])).
I0316 17:28:11.574643 140007013651648 shampoo_preconditioner_list.py:574] Instantiated Shampoo Preconditioner 132.block_0 ([torch.Size([0])]) for Parameter 132 (torch.Size([512])), Block block_0 (torch.Size([512])).
I0316 17:28:11.574662 140472134571200 shampoo_preconditioner_list.py:352] Instantiated Adagrad Preconditioner 28.block_0 (torch.Size([0])) for Parameter 28 (torch.Size([512, 512])), Block block_0 (torch.Size([512, 512])).
I0316 17:28:11.574672 139776485098688 shampoo_preconditioner_list.py:574] Instantiated Shampoo Preconditioner 119.block_0 ([torch.Size([0]), torch.Size([0])]) for Parameter 119 (torch.Size([512, 512])), Block block_0 (torch.Size([512, 512])).
I0316 17:28:11.574697 140304559060160 shampoo_preconditioner_list.py:574] Instantiated Shampoo Preconditioner 121.block_0 ([torch.Size([0]), torch.Size([0])]) for Parameter 121 (torch.Size([512, 1, 5])), Block block_0 (torch.Size([512, 5])).
I0316 17:28:11.574713 140472134571200 shampoo_preconditioner_list.py:352] Instantiated Adagrad Preconditioner 29.block_0 (torch.Size([0])) for Parameter 29 (torch.Size([512])), Block block_0 (torch.Size([512])).
I0316 17:28:11.574735 140143036515520 shampoo_preconditioner_list.py:574] Instantiated Shampoo Preconditioner 120.block_0 ([torch.Size([0])]) for Parameter 120 (torch.Size([512])), Block block_0 (torch.Size([512])).
I0316 17:28:11.574735 140007013651648 shampoo_preconditioner_list.py:574] Instantiated Shampoo Preconditioner 133.block_0 ([torch.Size([0])]) for Parameter 133 (torch.Size([512])), Block block_0 (torch.Size([512])).
I0316 17:28:11.574771 139776485098688 shampoo_preconditioner_list.py:574] Instantiated Shampoo Preconditioner 120.block_0 ([torch.Size([0])]) for Parameter 120 (torch.Size([512])), Block block_0 (torch.Size([512])).
I0316 17:28:11.574776 140472134571200 shampoo_preconditioner_list.py:352] Instantiated Adagrad Preconditioner 30.block_0 (torch.Size([0])) for Parameter 30 (torch.Size([512])), Block block_0 (torch.Size([512])).
I0316 17:28:11.574825 140472134571200 shampoo_preconditioner_list.py:352] Instantiated Adagrad Preconditioner 31.block_0 (torch.Size([0])) for Parameter 31 (torch.Size([512])), Block block_0 (torch.Size([512])).
I0316 17:28:11.574851 140143036515520 shampoo_preconditioner_list.py:574] Instantiated Shampoo Preconditioner 121.block_0 ([torch.Size([0]), torch.Size([0])]) for Parameter 121 (torch.Size([512, 1, 5])), Block block_0 (torch.Size([512, 5])).
I0316 17:28:11.574882 140472134571200 shampoo_preconditioner_list.py:352] Instantiated Adagrad Preconditioner 32.block_0 (torch.Size([0])) for Parameter 32 (torch.Size([2048, 512])), Block block_0 (torch.Size([1024, 512])).
I0316 17:28:11.574940 140472134571200 shampoo_preconditioner_list.py:352] Instantiated Adagrad Preconditioner 32.block_1 (torch.Size([0])) for Parameter 32 (torch.Size([2048, 512])), Block block_1 (torch.Size([1024, 512])).
I0316 17:28:11.574941 140143036515520 shampoo_preconditioner_list.py:574] Instantiated Shampoo Preconditioner 122.block_0 ([torch.Size([0])]) for Parameter 122 (torch.Size([512])), Block block_0 (torch.Size([512])).
I0316 17:28:11.574997 140472134571200 shampoo_preconditioner_list.py:352] Instantiated Adagrad Preconditioner 33.block_0 (torch.Size([0])) for Parameter 33 (torch.Size([2048])), Block block_0 (torch.Size([1024])).
I0316 17:28:11.575083 140472134571200 shampoo_preconditioner_list.py:352] Instantiated Adagrad Preconditioner 33.block_1 (torch.Size([1024])) for Parameter 33 (torch.Size([2048])), Block block_1 (torch.Size([1024])).
I0316 17:28:11.575174 140472134571200 shampoo_preconditioner_list.py:352] Instantiated Adagrad Preconditioner 34.block_0 (torch.Size([512, 1024])) for Parameter 34 (torch.Size([512, 2048])), Block block_0 (torch.Size([512, 1024])).
I0316 17:28:11.575244 140472134571200 shampoo_preconditioner_list.py:352] Instantiated Adagrad Preconditioner 34.block_1 (torch.Size([0])) for Parameter 34 (torch.Size([512, 2048])), Block block_1 (torch.Size([512, 1024])).
I0316 17:28:11.575304 140472134571200 shampoo_preconditioner_list.py:352] Instantiated Adagrad Preconditioner 35.block_0 (torch.Size([0])) for Parameter 35 (torch.Size([512])), Block block_0 (torch.Size([512])).
I0316 17:28:11.575388 140472134571200 shampoo_preconditioner_list.py:352] Instantiated Adagrad Preconditioner 36.block_0 (torch.Size([512])) for Parameter 36 (torch.Size([512])), Block block_0 (torch.Size([512])).
I0316 17:28:11.575458 140472134571200 shampoo_preconditioner_list.py:352] Instantiated Adagrad Preconditioner 37.block_0 (torch.Size([0])) for Parameter 37 (torch.Size([512])), Block block_0 (torch.Size([512])).
I0316 17:28:11.575517 140472134571200 shampoo_preconditioner_list.py:352] Instantiated Adagrad Preconditioner 38.block_0 (torch.Size([0])) for Parameter 38 (torch.Size([512])), Block block_0 (torch.Size([512])).
I0316 17:28:11.575574 140472134571200 shampoo_preconditioner_list.py:352] Instantiated Adagrad Preconditioner 39.block_0 (torch.Size([0])) for Parameter 39 (torch.Size([512])), Block block_0 (torch.Size([512])).
I0316 17:28:11.575590 140304559060160 shampoo_preconditioner_list.py:574] Instantiated Shampoo Preconditioner 122.block_0 ([torch.Size([512, 512])]) for Parameter 122 (torch.Size([512])), Block block_0 (torch.Size([512])).
I0316 17:28:11.575632 140472134571200 shampoo_preconditioner_list.py:352] Instantiated Adagrad Preconditioner 40.block_0 (torch.Size([0])) for Parameter 40 (torch.Size([2048, 512])), Block block_0 (torch.Size([1024, 512])).
I0316 17:28:11.575623 140007013651648 shampoo_preconditioner_list.py:574] Instantiated Shampoo Preconditioner 134.block_0 ([torch.Size([512, 512])]) for Parameter 134 (torch.Size([512])), Block block_0 (torch.Size([512])).
I0316 17:28:11.575694 140472134571200 shampoo_preconditioner_list.py:352] Instantiated Adagrad Preconditioner 40.block_1 (torch.Size([0])) for Parameter 40 (torch.Size([2048, 512])), Block block_1 (torch.Size([1024, 512])).
I0316 17:28:11.575756 140472134571200 shampoo_preconditioner_list.py:352] Instantiated Adagrad Preconditioner 41.block_0 (torch.Size([0])) for Parameter 41 (torch.Size([2048])), Block block_0 (torch.Size([1024])).
I0316 17:28:11.575762 140007013651648 shampoo_preconditioner_list.py:574] Instantiated Shampoo Preconditioner 135.block_0 ([torch.Size([0])]) for Parameter 135 (torch.Size([512])), Block block_0 (torch.Size([512])).
I0316 17:28:11.575767 140304559060160 shampoo_preconditioner_list.py:574] Instantiated Shampoo Preconditioner 123.block_0 ([torch.Size([0])]) for Parameter 123 (torch.Size([512])), Block block_0 (torch.Size([512])).
I0316 17:28:11.575823 140472134571200 shampoo_preconditioner_list.py:352] Instantiated Adagrad Preconditioner 41.block_1 (torch.Size([0])) for Parameter 41 (torch.Size([2048])), Block block_1 (torch.Size([1024])).
I0316 17:28:11.575846 140143036515520 shampoo_preconditioner_list.py:574] Instantiated Shampoo Preconditioner 123.block_0 ([torch.Size([512, 512])]) for Parameter 123 (torch.Size([512])), Block block_0 (torch.Size([512])).
I0316 17:28:11.575874 140472134571200 shampoo_preconditioner_list.py:352] Instantiated Adagrad Preconditioner 42.block_0 (torch.Size([0])) for Parameter 42 (torch.Size([512, 2048])), Block block_0 (torch.Size([512, 1024])).
I0316 17:28:11.575920 140472134571200 shampoo_preconditioner_list.py:352] Instantiated Adagrad Preconditioner 42.block_1 (torch.Size([0])) for Parameter 42 (torch.Size([512, 2048])), Block block_1 (torch.Size([512, 1024])).
I0316 17:28:11.575917 140304559060160 shampoo_preconditioner_list.py:574] Instantiated Shampoo Preconditioner 124.block_0 ([torch.Size([0]), torch.Size([0])]) for Parameter 124 (torch.Size([512, 512])), Block block_0 (torch.Size([512, 512])).
I0316 17:28:11.575970 140472134571200 shampoo_preconditioner_list.py:352] Instantiated Adagrad Preconditioner 43.block_0 (torch.Size([0])) for Parameter 43 (torch.Size([512])), Block block_0 (torch.Size([512])).
I0316 17:28:11.575959 139776485098688 shampoo_preconditioner_list.py:574] Instantiated Shampoo Preconditioner 121.block_0 ([torch.Size([512, 512]), torch.Size([5, 5])]) for Parameter 121 (torch.Size([512, 1, 5])), Block block_0 (torch.Size([512, 5])).
I0316 17:28:11.575987 140143036515520 shampoo_preconditioner_list.py:574] Instantiated Shampoo Preconditioner 124.block_0 ([torch.Size([0]), torch.Size([0])]) for Parameter 124 (torch.Size([512, 512])), Block block_0 (torch.Size([512, 512])).
I0316 17:28:11.576010 140304559060160 shampoo_preconditioner_list.py:574] Instantiated Shampoo Preconditioner 125.block_0 ([torch.Size([0])]) for Parameter 125 (torch.Size([512])), Block block_0 (torch.Size([512])).
I0316 17:28:11.576052 140472134571200 shampoo_preconditioner_list.py:352] Instantiated Adagrad Preconditioner 44.block_0 (torch.Size([512])) for Parameter 44 (torch.Size([512])), Block block_0 (torch.Size([512])).
I0316 17:28:11.576064 140143036515520 shampoo_preconditioner_list.py:574] Instantiated Shampoo Preconditioner 125.block_0 ([torch.Size([0])]) for Parameter 125 (torch.Size([512])), Block block_0 (torch.Size([512])).
I0316 17:28:11.576067 139776485098688 shampoo_preconditioner_list.py:574] Instantiated Shampoo Preconditioner 122.block_0 ([torch.Size([0])]) for Parameter 122 (torch.Size([512])), Block block_0 (torch.Size([512])).
I0316 17:28:11.576112 140304559060160 shampoo_preconditioner_list.py:574] Instantiated Shampoo Preconditioner 126.block_0 ([torch.Size([0])]) for Parameter 126 (torch.Size([512])), Block block_0 (torch.Size([512])).
I0316 17:28:11.576120 140472134571200 shampoo_preconditioner_list.py:352] Instantiated Adagrad Preconditioner 45.block_0 (torch.Size([0])) for Parameter 45 (torch.Size([512])), Block block_0 (torch.Size([512])).
I0316 17:28:11.576135 140143036515520 shampoo_preconditioner_list.py:574] Instantiated Shampoo Preconditioner 126.block_0 ([torch.Size([0])]) for Parameter 126 (torch.Size([512])), Block block_0 (torch.Size([512])).
I0316 17:28:11.576148 139776485098688 shampoo_preconditioner_list.py:574] Instantiated Shampoo Preconditioner 123.block_0 ([torch.Size([0])]) for Parameter 123 (torch.Size([512])), Block block_0 (torch.Size([512])).
I0316 17:28:11.576168 140472134571200 shampoo_preconditioner_list.py:352] Instantiated Adagrad Preconditioner 46.block_0 (torch.Size([0])) for Parameter 46 (torch.Size([1536, 512])), Block block_0 (torch.Size([1024, 512])).
I0316 17:28:11.576215 140143036515520 shampoo_preconditioner_list.py:574] Instantiated Shampoo Preconditioner 127.block_0 ([torch.Size([0])]) for Parameter 127 (torch.Size([512])), Block block_0 (torch.Size([512])).
I0316 17:28:11.576213 140304559060160 shampoo_preconditioner_list.py:574] Instantiated Shampoo Preconditioner 127.block_0 ([torch.Size([0])]) for Parameter 127 (torch.Size([512])), Block block_0 (torch.Size([512])).
I0316 17:28:11.576248 139776485098688 shampoo_preconditioner_list.py:574] Instantiated Shampoo Preconditioner 124.block_0 ([torch.Size([0]), torch.Size([0])]) for Parameter 124 (torch.Size([512, 512])), Block block_0 (torch.Size([512, 512])).
I0316 17:28:11.576271 139999960925376 logger_utils.py:262] Unable to record workload.train_mean information. Continuing without it.
I0316 17:28:11.576319 140143036515520 shampoo_preconditioner_list.py:574] Instantiated Shampoo Preconditioner 128.block_0 ([torch.Size([0]), torch.Size([0])]) for Parameter 128 (torch.Size([2048, 512])), Block block_0 (torch.Size([1024, 512])).
I0316 17:28:11.576343 139999960925376 logger_utils.py:262] Unable to record workload.train_stddev information. Continuing without it.
I0316 17:28:11.576343 140304559060160 shampoo_preconditioner_list.py:574] Instantiated Shampoo Preconditioner 128.block_0 ([torch.Size([0]), torch.Size([0])]) for Parameter 128 (torch.Size([2048, 512])), Block block_0 (torch.Size([1024, 512])).
I0316 17:28:11.576423 140143036515520 shampoo_preconditioner_list.py:574] Instantiated Shampoo Preconditioner 128.block_1 ([torch.Size([0]), torch.Size([0])]) for Parameter 128 (torch.Size([2048, 512])), Block block_1 (torch.Size([1024, 512])).
I0316 17:28:11.576408 140007013651648 shampoo_preconditioner_list.py:574] Instantiated Shampoo Preconditioner 136.block_0 ([torch.Size([1024, 1024]), torch.Size([512, 512])]) for Parameter 136 (torch.Size([1024, 512])), Block block_0 (torch.Size([1024, 512])).
I0316 17:28:11.576471 140304559060160 shampoo_preconditioner_list.py:574] Instantiated Shampoo Preconditioner 128.block_1 ([torch.Size([0]), torch.Size([0])]) for Parameter 128 (torch.Size([2048, 512])), Block block_1 (torch.Size([1024, 512])).
I0316 17:28:11.576503 140143036515520 shampoo_preconditioner_list.py:574] Instantiated Shampoo Preconditioner 129.block_0 ([torch.Size([0])]) for Parameter 129 (torch.Size([2048])), Block block_0 (torch.Size([1024])).
I0316 17:28:11.576516 140007013651648 shampoo_preconditioner_list.py:574] Instantiated Shampoo Preconditioner 137.block_0 ([torch.Size([0])]) for Parameter 137 (torch.Size([1024])), Block block_0 (torch.Size([1024])).
I0316 17:28:11.576575 140304559060160 shampoo_preconditioner_list.py:574] Instantiated Shampoo Preconditioner 129.block_0 ([torch.Size([0])]) for Parameter 129 (torch.Size([2048])), Block block_0 (torch.Size([1024])).
I0316 17:28:11.576591 140143036515520 shampoo_preconditioner_list.py:574] Instantiated Shampoo Preconditioner 129.block_1 ([torch.Size([0])]) for Parameter 129 (torch.Size([2048])), Block block_1 (torch.Size([1024])).
I0316 17:28:11.576687 140143036515520 shampoo_preconditioner_list.py:574] Instantiated Shampoo Preconditioner 130.block_0 ([torch.Size([0]), torch.Size([0])]) for Parameter 130 (torch.Size([512, 2048])), Block block_0 (torch.Size([512, 1024])).
I0316 17:28:11.576683 140304559060160 shampoo_preconditioner_list.py:574] Instantiated Shampoo Preconditioner 129.block_1 ([torch.Size([0])]) for Parameter 129 (torch.Size([2048])), Block block_1 (torch.Size([1024])).
I0316 17:28:11.576688 140021824218304 submission.py:142] No large parameters detected! Continuing with only Shampoo....
I0316 17:28:11.576756 140007013651648 shampoo_preconditioner_list.py:612] Rank 3: ShampooPreconditionerList Numel Breakdown: (524450, 524288, 1048738, 524288, 2621440, 2621440, 2621440, 2621440, 2621440, 2621440, 2621440, 2621440, 2621440, 2621440, 524288, 524288, 524288, 2621440, 2621440, 2097152, 2097152, 2621440, 2621440, 524288, 524288, 524288, 2621440, 1048576, 2097152, 524288, 1048576, 524288, 8192, 524288, 524288, 1048576, 524288, 1048576, 524288, 524338, 524288, 524288, 1048576, 524288, 524288, 524288, 2621440, 2621440, 2097152, 2097152, 2621440, 2621440, 524288, 524288, 524288, 524288, 524288, 2621440, 2621440, 2097152, 2097152, 2621440, 2621440, 524288, 524288, 524288, 2621440, 1048576, 2097152, 524288, 1048576, 524288, 8192, 524288, 524288, 1048576, 524288, 1048576, 524288, 524338, 524288, 524288, 1048576, 524288, 524288, 524288, 2621440, 2621440, 2097152, 2097152, 2621440, 2621440, 524288, 524288, 524288, 524288, 524288, 2621440, 2621440, 2097152, 2097152, 2621440, 2621440, 524288, 524288, 524288, 2621440, 1048576, 2097152, 524288, 1048576, 524288, 8192, 524288, 524288, 1048576, 524288, 1048576, 524288, 524338, 524288, 524288, 1048576, 524288, 524288, 524288, 2621440, 2621440, 2097152, 2097152, 2621440, 2621440, 524288, 524288, 524288, 524288, 524288, 2621440, 2621440, 2097152, 2097152, 2621440, 2621440, 524288, 524288, 524288, 2621440, 1048576, 2097152, 524288, 1048576, 524288, 8192, 524288, 524288, 1048576, 524288, 1048576, 524288, 524338, 524288, 524288, 1048576, 524288, 524288, 524288, 2621440, 2621440, 2097152, 2097152, 2621440, 2621440, 524288, 524288, 524288, 524288, 524288, 2621440, 2097152)
I0316 17:28:11.576755 140472134571200 shampoo_preconditioner_list.py:352] Instantiated Adagrad Preconditioner 46.block_1 (torch.Size([512, 512])) for Parameter 46 (torch.Size([1536, 512])), Block block_1 (torch.Size([512, 512])).
I0316 17:28:11.576789 140143036515520 shampoo_preconditioner_list.py:574] Instantiated Shampoo Preconditioner 130.block_1 ([torch.Size([0]), torch.Size([0])]) for Parameter 130 (torch.Size([512, 2048])), Block block_1 (torch.Size([512, 1024])).
I0316 17:28:11.576813 140007013651648 shampoo_preconditioner_list.py:615] Rank 3: ShampooPreconditionerList Bytes Breakdown: (2097800, 2097152, 4194952, 2097152, 10485760, 10485760, 10485760, 10485760, 10485760, 10485760, 10485760, 10485760, 10485760, 10485760, 2097152, 2097152, 2097152, 10485760, 10485760, 8388608, 8388608, 10485760, 10485760, 2097152, 2097152, 2097152, 10485760, 4194304)
I0316 17:28:11.576813 140304559060160 shampoo_preconditioner_list.py:574] Instantiated Shampoo Preconditioner 130.block_0 ([torch.Size([0]), torch.Size([0])]) for Parameter 130 (torch.Size([512, 2048])), Block block_0 (torch.Size([512, 1024])).
I0316 17:28:11.576828 139776485098688 shampoo_preconditioner_list.py:574] Instantiated Shampoo Preconditioner 125.block_0 ([torch.Size([512, 512])]) for Parameter 125 (torch.Size([512])), Block block_0 (torch.Size([512])).
I0316 17:28:11.576846 140472134571200 shampoo_preconditioner_list.py:352] Instantiated Adagrad Preconditioner 47.block_0 (torch.Size([0])) for Parameter 47 (torch.Size([1536])), Block block_0 (torch.Size([1024])).
I0316 17:28:11.576852 140007013651648 shampoo_preconditioner_list.py:618] Rank 3: ShampooPreconditionerList Total Elements: 234390028
I0316 17:28:11.576875 140143036515520 shampoo_preconditioner_list.py:574] Instantiated Shampoo Preconditioner 131.block_0 ([torch.Size([0])]) for Parameter 131 (torch.Size([512])), Block block_0 (torch.Size([512])).
I0316 17:28:11.576883 140007013651648 shampoo_preconditioner_list.py:621] Rank 3: ShampooPreconditionerList Total Bytes: 201327888
I0316 17:28:11.576876 140021824218304 submission_runner.py:279] Initializing metrics bundle.
I0316 17:28:11.576897 140472134571200 shampoo_preconditioner_list.py:352] Instantiated Adagrad Preconditioner 47.block_1 (torch.Size([0])) for Parameter 47 (torch.Size([1536])), Block block_1 (torch.Size([512])).
I0316 17:28:11.576940 140304559060160 shampoo_preconditioner_list.py:574] Instantiated Shampoo Preconditioner 130.block_1 ([torch.Size([0]), torch.Size([0])]) for Parameter 130 (torch.Size([512, 2048])), Block block_1 (torch.Size([512, 1024])).
I0316 17:28:11.576943 140472134571200 shampoo_preconditioner_list.py:352] Instantiated Adagrad Preconditioner 48.block_0 (torch.Size([0])) for Parameter 48 (torch.Size([512, 512])), Block block_0 (torch.Size([512, 512])).
I0316 17:28:11.576947 139776485098688 shampoo_preconditioner_list.py:574] Instantiated Shampoo Preconditioner 126.block_0 ([torch.Size([0])]) for Parameter 126 (torch.Size([512])), Block block_0 (torch.Size([512])).
I0316 17:28:11.576990 140472134571200 shampoo_preconditioner_list.py:352] Instantiated Adagrad Preconditioner 49.block_0 (torch.Size([0])) for Parameter 49 (torch.Size([512])), Block block_0 (torch.Size([512])).
I0316 17:28:11.577005 140021824218304 submission_runner.py:301] Initializing checkpoint and logger.
I0316 17:28:11.577026 139776485098688 shampoo_preconditioner_list.py:574] Instantiated Shampoo Preconditioner 127.block_0 ([torch.Size([0])]) for Parameter 127 (torch.Size([512])), Block block_0 (torch.Size([512])).
I0316 17:28:11.577047 140472134571200 shampoo_preconditioner_list.py:352] Instantiated Adagrad Preconditioner 50.block_0 (torch.Size([0])) for Parameter 50 (torch.Size([64])), Block block_0 (torch.Size([64])).
I0316 17:28:11.577100 140472134571200 shampoo_preconditioner_list.py:352] Instantiated Adagrad Preconditioner 51.block_0 (torch.Size([0])) for Parameter 51 (torch.Size([512])), Block block_0 (torch.Size([512])).
I0316 17:28:11.577190 140472134571200 shampoo_preconditioner_list.py:352] Instantiated Adagrad Preconditioner 52.block_0 (torch.Size([512])) for Parameter 52 (torch.Size([512])), Block block_0 (torch.Size([512])).
I0316 17:28:11.577259 140472134571200 shampoo_preconditioner_list.py:352] Instantiated Adagrad Preconditioner 53.block_0 (torch.Size([0])) for Parameter 53 (torch.Size([512, 512])), Block block_0 (torch.Size([512, 512])).
I0316 17:28:11.577266 140007013651648 shampoo_preconditioner_list.py:352] Instantiated Adagrad Preconditioner 0.block_0 (torch.Size([512, 9])) for Parameter 0 (torch.Size([512, 1, 3, 3])), Block block_0 (torch.Size([512, 9])).
I0316 17:28:11.577270 140231539463360 logger_utils.py:262] Unable to record workload.train_mean information. Continuing without it.
I0316 17:28:11.577314 140472134571200 shampoo_preconditioner_list.py:352] Instantiated Adagrad Preconditioner 54.block_0 (torch.Size([0])) for Parameter 54 (torch.Size([512])), Block block_0 (torch.Size([512])).
I0316 17:28:11.577332 140231539463360 logger_utils.py:262] Unable to record workload.train_stddev information. Continuing without it.
I0316 17:28:11.577319 140143036515520 shampoo_preconditioner_list.py:574] Instantiated Shampoo Preconditioner 132.block_0 ([torch.Size([512, 512])]) for Parameter 132 (torch.Size([512])), Block block_0 (torch.Size([512])).
I0316 17:28:11.577361 140007013651648 shampoo_preconditioner_list.py:352] Instantiated Adagrad Preconditioner 1.block_0 (torch.Size([0])) for Parameter 1 (torch.Size([512])), Block block_0 (torch.Size([512])).
I0316 17:28:11.577352 140021824218304 submission_runner.py:321] Saving meta data to /experiment_runs/submissions/rolling_leaderboard/external_tuning/shampoo/study_2/librispeech_conformer_pytorch/trial_1/meta_data_0.json.
I0316 17:28:11.577367 140472134571200 shampoo_preconditioner_list.py:352] Instantiated Adagrad Preconditioner 55.block_0 (torch.Size([0])) for Parameter 55 (torch.Size([512, 512])), Block block_0 (torch.Size([512, 512])).
I0316 17:28:11.577413 140472134571200 shampoo_preconditioner_list.py:352] Instantiated Adagrad Preconditioner 56.block_0 (torch.Size([0])) for Parameter 56 (torch.Size([512])), Block block_0 (torch.Size([512])).
I0316 17:28:11.577424 140007013651648 shampoo_preconditioner_list.py:352] Instantiated Adagrad Preconditioner 2.block_0 (torch.Size([0])) for Parameter 2 (torch.Size([512, 512, 3, 3])), Block block_0 (torch.Size([512, 512, 9])).
I0316 17:28:11.577423 140143036515520 shampoo_preconditioner_list.py:574] Instantiated Shampoo Preconditioner 133.block_0 ([torch.Size([0])]) for Parameter 133 (torch.Size([512])), Block block_0 (torch.Size([512])).
I0316 17:28:11.577465 140472134571200 shampoo_preconditioner_list.py:352] Instantiated Adagrad Preconditioner 57.block_0 (torch.Size([0])) for Parameter 57 (torch.Size([512, 1, 5])), Block block_0 (torch.Size([512, 5])).
I0316 17:28:11.577474 140007013651648 shampoo_preconditioner_list.py:352] Instantiated Adagrad Preconditioner 3.block_0 (torch.Size([0])) for Parameter 3 (torch.Size([512])), Block block_0 (torch.Size([512])).
I0316 17:28:11.577499 140143036515520 shampoo_preconditioner_list.py:574] Instantiated Shampoo Preconditioner 134.block_0 ([torch.Size([0])]) for Parameter 134 (torch.Size([512])), Block block_0 (torch.Size([512])).
I0316 17:28:11.577504 140021824218304 logger_utils.py:262] Unable to record workload.train_mean information. Continuing without it.
I0316 17:28:11.577517 140472134571200 shampoo_preconditioner_list.py:352] Instantiated Adagrad Preconditioner 58.block_0 (torch.Size([0])) for Parameter 58 (torch.Size([512])), Block block_0 (torch.Size([512])).
I0316 17:28:11.577523 140007013651648 shampoo_preconditioner_list.py:352] Instantiated Adagrad Preconditioner 4.block_0 (torch.Size([0])) for Parameter 4 (torch.Size([512, 10240])), Block block_0 (torch.Size([512, 1024])).
I0316 17:28:11.577544 140021824218304 logger_utils.py:262] Unable to record workload.train_stddev information. Continuing without it.
I0316 17:28:11.577562 140472134571200 shampoo_preconditioner_list.py:352] Instantiated Adagrad Preconditioner 59.block_0 (torch.Size([0])) for Parameter 59 (torch.Size([512])), Block block_0 (torch.Size([512])).
I0316 17:28:11.577570 140007013651648 shampoo_preconditioner_list.py:352] Instantiated Adagrad Preconditioner 4.block_1 (torch.Size([0])) for Parameter 4 (torch.Size([512, 10240])), Block block_1 (torch.Size([512, 1024])).
I0316 17:28:11.577607 140143036515520 shampoo_preconditioner_list.py:574] Instantiated Shampoo Preconditioner 135.block_0 ([torch.Size([0])]) for Parameter 135 (torch.Size([512])), Block block_0 (torch.Size([512])).
I0316 17:28:11.577623 140472134571200 shampoo_preconditioner_list.py:352] Instantiated Adagrad Preconditioner 60.block_0 (torch.Size([0])) for Parameter 60 (torch.Size([512, 512])), Block block_0 (torch.Size([512, 512])).
I0316 17:28:11.577574 140304559060160 shampoo_preconditioner_list.py:574] Instantiated Shampoo Preconditioner 131.block_0 ([torch.Size([512, 512])]) for Parameter 131 (torch.Size([512])), Block block_0 (torch.Size([512])).
I0316 17:28:11.577626 139776485098688 shampoo_preconditioner_list.py:574] Instantiated Shampoo Preconditioner 128.block_0 ([torch.Size([1024, 1024]), torch.Size([512, 512])]) for Parameter 128 (torch.Size([2048, 512])), Block block_0 (torch.Size([1024, 512])).
I0316 17:28:11.577676 140007013651648 shampoo_preconditioner_list.py:352] Instantiated Adagrad Preconditioner 4.block_2 (torch.Size([512, 1024])) for Parameter 4 (torch.Size([512, 10240])), Block block_2 (torch.Size([512, 1024])).
I0316 17:28:11.577702 140472134571200 shampoo_preconditioner_list.py:352] Instantiated Adagrad Preconditioner 61.block_0 (torch.Size([512])) for Parameter 61 (torch.Size([512])), Block block_0 (torch.Size([512])).
I0316 17:28:11.577734 140143036515520 shampoo_preconditioner_list.py:574] Instantiated Shampoo Preconditioner 136.block_0 ([torch.Size([0]), torch.Size([0])]) for Parameter 136 (torch.Size([1024, 512])), Block block_0 (torch.Size([1024, 512])).
I0316 17:28:11.577741 140304559060160 shampoo_preconditioner_list.py:574] Instantiated Shampoo Preconditioner 132.block_0 ([torch.Size([0])]) for Parameter 132 (torch.Size([512])), Block block_0 (torch.Size([512])).
I0316 17:28:11.577759 140007013651648 shampoo_preconditioner_list.py:352] Instantiated Adagrad Preconditioner 4.block_3 (torch.Size([0])) for Parameter 4 (torch.Size([512, 10240])), Block block_3 (torch.Size([512, 1024])).
I0316 17:28:11.577769 140472134571200 shampoo_preconditioner_list.py:352] Instantiated Adagrad Preconditioner 62.block_0 (torch.Size([0])) for Parameter 62 (torch.Size([512])), Block block_0 (torch.Size([512])).
I0316 17:28:11.577781 139776485098688 shampoo_preconditioner_list.py:574] Instantiated Shampoo Preconditioner 128.block_1 ([torch.Size([0]), torch.Size([0])]) for Parameter 128 (torch.Size([2048, 512])), Block block_1 (torch.Size([1024, 512])).
I0316 17:28:11.577816 140472134571200 shampoo_preconditioner_list.py:352] Instantiated Adagrad Preconditioner 63.block_0 (torch.Size([0])) for Parameter 63 (torch.Size([512])), Block block_0 (torch.Size([512])).
I0316 17:28:11.577818 140007013651648 shampoo_preconditioner_list.py:352] Instantiated Adagrad Preconditioner 4.block_4 (torch.Size([0])) for Parameter 4 (torch.Size([512, 10240])), Block block_4 (torch.Size([512, 1024])).
I0316 17:28:11.577821 140143036515520 shampoo_preconditioner_list.py:574] Instantiated Shampoo Preconditioner 137.block_0 ([torch.Size([0])]) for Parameter 137 (torch.Size([1024])), Block block_0 (torch.Size([1024])).
I0316 17:28:11.577838 140304559060160 shampoo_preconditioner_list.py:574] Instantiated Shampoo Preconditioner 133.block_0 ([torch.Size([0])]) for Parameter 133 (torch.Size([512])), Block block_0 (torch.Size([512])).
I0316 17:28:11.577866 140007013651648 shampoo_preconditioner_list.py:352] Instantiated Adagrad Preconditioner 4.block_5 (torch.Size([0])) for Parameter 4 (torch.Size([512, 10240])), Block block_5 (torch.Size([512, 1024])).
