I0316 21:24:16.436852 140082840630464 shampoo_preconditioner_list.py:615] Rank 4: ShampooPreconditionerList Bytes Breakdown: (2097800, 2097152, 4194952, 2097152, 10485760, 10485760, 10485760, 10485760, 10485760, 10485760, 10485760, 10485760, 10485760, 10485760, 2097152, 2097152, 2097152, 10485760, 10485760, 8388608, 8388608, 10485760, 10485760, 2097152, 2097152, 2097152, 10485760, 4194304, 8388608, 2097152, 4194304)
I0316 21:24:16.436887 140082840630464 shampoo_preconditioner_list.py:618] Rank 4: ShampooPreconditionerList Total Elements: 234390028
I0316 21:24:16.436897 140056799847616 shampoo_preconditioner_list.py:574] Instantiated Shampoo Preconditioner 132.block_0 ([torch.Size([0])]) for Parameter 132 (torch.Size([512])), Block block_0 (torch.Size([512])).
I0316 21:24:16.436928 140082840630464 shampoo_preconditioner_list.py:621] Rank 4: ShampooPreconditionerList Total Bytes: 216007952
I0316 21:24:16.436999 140056799847616 shampoo_preconditioner_list.py:574] Instantiated Shampoo Preconditioner 133.block_0 ([torch.Size([0])]) for Parameter 133 (torch.Size([512])), Block block_0 (torch.Size([512])).
I0316 21:24:16.436991 140102843577536 shampoo_preconditioner_list.py:574] Instantiated Shampoo Preconditioner 116.block_0 ([torch.Size([0])]) for Parameter 116 (torch.Size([512])), Block block_0 (torch.Size([512])).
I0316 21:24:16.437093 140056799847616 shampoo_preconditioner_list.py:574] Instantiated Shampoo Preconditioner 134.block_0 ([torch.Size([0])]) for Parameter 134 (torch.Size([512])), Block block_0 (torch.Size([512])).
I0316 21:24:16.437130 140102843577536 shampoo_preconditioner_list.py:574] Instantiated Shampoo Preconditioner 117.block_0 ([torch.Size([0]), torch.Size([0])]) for Parameter 117 (torch.Size([512, 512])), Block block_0 (torch.Size([512, 512])).
I0316 21:24:16.437178 140056799847616 shampoo_preconditioner_list.py:574] Instantiated Shampoo Preconditioner 135.block_0 ([torch.Size([0])]) for Parameter 135 (torch.Size([512])), Block block_0 (torch.Size([512])).
I0316 21:24:16.437232 140102843577536 shampoo_preconditioner_list.py:574] Instantiated Shampoo Preconditioner 118.block_0 ([torch.Size([0])]) for Parameter 118 (torch.Size([512])), Block block_0 (torch.Size([512])).
I0316 21:24:16.437226 139957036823744 shampoo_preconditioner_list.py:574] Instantiated Shampoo Preconditioner 133.block_0 ([torch.Size([512, 512])]) for Parameter 133 (torch.Size([512])), Block block_0 (torch.Size([512])).
I0316 21:24:16.437295 140056799847616 shampoo_preconditioner_list.py:574] Instantiated Shampoo Preconditioner 136.block_0 ([torch.Size([0]), torch.Size([0])]) for Parameter 136 (torch.Size([1024, 512])), Block block_0 (torch.Size([1024, 512])).
I0316 21:24:16.437334 139957036823744 shampoo_preconditioner_list.py:574] Instantiated Shampoo Preconditioner 134.block_0 ([torch.Size([0])]) for Parameter 134 (torch.Size([512])), Block block_0 (torch.Size([512])).
I0316 21:24:16.437360 140102843577536 shampoo_preconditioner_list.py:574] Instantiated Shampoo Preconditioner 119.block_0 ([torch.Size([0]), torch.Size([0])]) for Parameter 119 (torch.Size([512, 512])), Block block_0 (torch.Size([512, 512])).
I0316 21:24:16.437425 139957036823744 shampoo_preconditioner_list.py:574] Instantiated Shampoo Preconditioner 135.block_0 ([torch.Size([0])]) for Parameter 135 (torch.Size([512])), Block block_0 (torch.Size([512])).
I0316 21:24:16.437464 140102843577536 shampoo_preconditioner_list.py:574] Instantiated Shampoo Preconditioner 120.block_0 ([torch.Size([0])]) for Parameter 120 (torch.Size([512])), Block block_0 (torch.Size([512])).
I0316 21:24:16.437538 139957036823744 shampoo_preconditioner_list.py:574] Instantiated Shampoo Preconditioner 136.block_0 ([torch.Size([0]), torch.Size([0])]) for Parameter 136 (torch.Size([1024, 512])), Block block_0 (torch.Size([1024, 512])).
I0316 21:24:16.437587 140102843577536 shampoo_preconditioner_list.py:574] Instantiated Shampoo Preconditioner 121.block_0 ([torch.Size([0]), torch.Size([0])]) for Parameter 121 (torch.Size([512, 1, 5])), Block block_0 (torch.Size([512, 5])).
I0316 21:24:16.437624 139957036823744 shampoo_preconditioner_list.py:574] Instantiated Shampoo Preconditioner 137.block_0 ([torch.Size([0])]) for Parameter 137 (torch.Size([1024])), Block block_0 (torch.Size([1024])).
I0316 21:24:16.437682 140102843577536 shampoo_preconditioner_list.py:574] Instantiated Shampoo Preconditioner 122.block_0 ([torch.Size([0])]) for Parameter 122 (torch.Size([512])), Block block_0 (torch.Size([512])).
I0316 21:24:16.437741 140056799847616 shampoo_preconditioner_list.py:574] Instantiated Shampoo Preconditioner 137.block_0 ([torch.Size([1024, 1024])]) for Parameter 137 (torch.Size([1024])), Block block_0 (torch.Size([1024])).
I0316 21:24:16.437918 139957036823744 shampoo_preconditioner_list.py:612] Rank 7: ShampooPreconditionerList Numel Breakdown: (524450, 524288, 1048738, 524288, 2621440, 2621440, 2621440, 2621440, 2621440, 2621440, 2621440, 2621440, 2621440, 2621440, 524288, 524288, 524288, 2621440, 2621440, 2097152, 2097152, 2621440, 2621440, 524288, 524288, 524288, 2621440, 1048576, 2097152, 524288, 1048576, 524288, 8192, 524288, 524288, 1048576, 524288, 1048576, 524288, 524338, 524288, 524288, 1048576, 524288, 524288, 524288, 2621440, 2621440, 2097152, 2097152, 2621440, 2621440, 524288, 524288, 524288, 524288, 524288, 2621440, 2621440, 2097152, 2097152, 2621440, 2621440, 524288, 524288, 524288, 2621440, 1048576, 2097152, 524288, 1048576, 524288, 8192, 524288, 524288, 1048576, 524288, 1048576, 524288, 524338, 524288, 524288, 1048576, 524288, 524288, 524288, 2621440, 2621440, 2097152, 2097152, 2621440, 2621440, 524288, 524288, 524288, 524288, 524288, 2621440, 2621440, 2097152, 2097152, 2621440, 2621440, 524288, 524288, 524288, 2621440, 1048576, 2097152, 524288, 1048576, 524288, 8192, 524288, 524288, 1048576, 524288, 1048576, 524288, 524338, 524288, 524288, 1048576, 524288, 524288, 524288, 2621440, 2621440, 2097152, 2097152, 2621440, 2621440, 524288, 524288, 524288, 524288, 524288, 2621440, 2621440, 2097152, 2097152, 2621440, 2621440, 524288, 524288, 524288, 2621440, 1048576, 2097152, 524288, 1048576, 524288, 8192, 524288, 524288, 1048576, 524288, 1048576, 524288, 524338, 524288, 524288, 1048576, 524288, 524288, 524288, 2621440, 2621440, 2097152, 2097152, 2621440, 2621440, 524288, 524288, 524288, 524288, 524288, 2621440, 2097152)
I0316 21:24:16.437973 139957036823744 shampoo_preconditioner_list.py:615] Rank 7: ShampooPreconditionerList Bytes Breakdown: (2097800, 2097152, 4194952, 2097152, 10485760, 10485760, 10485760, 10485760, 10485760, 10485760, 10485760, 10485760, 10485760, 10485760, 2097152, 2097152, 2097152, 10485760, 10485760, 8388608, 8388608, 10485760, 10485760, 2097152, 2097152, 2097152, 10485760, 4194304, 8388608, 2097152, 4194304, 2097152)
I0316 21:24:16.438014 139957036823744 shampoo_preconditioner_list.py:618] Rank 7: ShampooPreconditionerList Total Elements: 234390028
I0316 21:24:16.438065 139957036823744 shampoo_preconditioner_list.py:621] Rank 7: ShampooPreconditionerList Total Bytes: 218105104
I0316 21:24:16.438092 140056799847616 shampoo_preconditioner_list.py:612] Rank 5: ShampooPreconditionerList Numel Breakdown: (524450, 524288, 1048738, 524288, 2621440, 2621440, 2621440, 2621440, 2621440, 2621440, 2621440, 2621440, 2621440, 2621440, 524288, 524288, 524288, 2621440, 2621440, 2097152, 2097152, 2621440, 2621440, 524288, 524288, 524288, 2621440, 1048576, 2097152, 524288, 1048576, 524288, 8192, 524288, 524288, 1048576, 524288, 1048576, 524288, 524338, 524288, 524288, 1048576, 524288, 524288, 524288, 2621440, 2621440, 2097152, 2097152, 2621440, 2621440, 524288, 524288, 524288, 524288, 524288, 2621440, 2621440, 2097152, 2097152, 2621440, 2621440, 524288, 524288, 524288, 2621440, 1048576, 2097152, 524288, 1048576, 524288, 8192, 524288, 524288, 1048576, 524288, 1048576, 524288, 524338, 524288, 524288, 1048576, 524288, 524288, 524288, 2621440, 2621440, 2097152, 2097152, 2621440, 2621440, 524288, 524288, 524288, 524288, 524288, 2621440, 2621440, 2097152, 2097152, 2621440, 2621440, 524288, 524288, 524288, 2621440, 1048576, 2097152, 524288, 1048576, 524288, 8192, 524288, 524288, 1048576, 524288, 1048576, 524288, 524338, 524288, 524288, 1048576, 524288, 524288, 524288, 2621440, 2621440, 2097152, 2097152, 2621440, 2621440, 524288, 524288, 524288, 524288, 524288, 2621440, 2621440, 2097152, 2097152, 2621440, 2621440, 524288, 524288, 524288, 2621440, 1048576, 2097152, 524288, 1048576, 524288, 8192, 524288, 524288, 1048576, 524288, 1048576, 524288, 524338, 524288, 524288, 1048576, 524288, 524288, 524288, 2621440, 2621440, 2097152, 2097152, 2621440, 2621440, 524288, 524288, 524288, 524288, 524288, 2621440, 2097152)
I0316 21:24:16.438160 140056799847616 shampoo_preconditioner_list.py:615] Rank 5: ShampooPreconditionerList Bytes Breakdown: (2097800, 2097152, 4194952, 2097152, 10485760, 10485760, 10485760, 10485760, 10485760, 10485760, 10485760, 10485760, 10485760, 10485760, 2097152, 2097152, 2097152, 10485760, 10485760, 8388608, 8388608, 10485760, 10485760, 2097152, 2097152, 2097152, 10485760, 4194304, 8388608, 2097152, 4194304, 2097152)
I0316 21:24:16.438204 140056799847616 shampoo_preconditioner_list.py:618] Rank 5: ShampooPreconditionerList Total Elements: 234390028
I0316 21:24:16.438209 140102843577536 shampoo_preconditioner_list.py:574] Instantiated Shampoo Preconditioner 123.block_0 ([torch.Size([512, 512])]) for Parameter 123 (torch.Size([512])), Block block_0 (torch.Size([512])).
I0316 21:24:16.438242 140056799847616 shampoo_preconditioner_list.py:621] Rank 5: ShampooPreconditionerList Total Bytes: 218105104
I0316 21:24:16.438380 140102843577536 shampoo_preconditioner_list.py:574] Instantiated Shampoo Preconditioner 124.block_0 ([torch.Size([0]), torch.Size([0])]) for Parameter 124 (torch.Size([512, 512])), Block block_0 (torch.Size([512, 512])).
I0316 21:24:16.438488 140102843577536 shampoo_preconditioner_list.py:574] Instantiated Shampoo Preconditioner 125.block_0 ([torch.Size([0])]) for Parameter 125 (torch.Size([512])), Block block_0 (torch.Size([512])).
I0316 21:24:16.438584 140102843577536 shampoo_preconditioner_list.py:574] Instantiated Shampoo Preconditioner 126.block_0 ([torch.Size([0])]) for Parameter 126 (torch.Size([512])), Block block_0 (torch.Size([512])).
I0316 21:24:16.438678 140102843577536 shampoo_preconditioner_list.py:574] Instantiated Shampoo Preconditioner 127.block_0 ([torch.Size([0])]) for Parameter 127 (torch.Size([512])), Block block_0 (torch.Size([512])).
I0316 21:24:16.438684 140356621292736 logger_utils.py:262] Unable to record workload.train_mean information. Continuing without it.
I0316 21:24:16.438752 140356621292736 logger_utils.py:262] Unable to record workload.train_stddev information. Continuing without it.
I0316 21:24:16.438825 140102843577536 shampoo_preconditioner_list.py:574] Instantiated Shampoo Preconditioner 128.block_0 ([torch.Size([0]), torch.Size([0])]) for Parameter 128 (torch.Size([2048, 512])), Block block_0 (torch.Size([1024, 512])).
I0316 21:24:16.438959 140102843577536 shampoo_preconditioner_list.py:574] Instantiated Shampoo Preconditioner 128.block_1 ([torch.Size([0]), torch.Size([0])]) for Parameter 128 (torch.Size([2048, 512])), Block block_1 (torch.Size([1024, 512])).
I0316 21:24:16.439057 140102843577536 shampoo_preconditioner_list.py:574] Instantiated Shampoo Preconditioner 129.block_0 ([torch.Size([0])]) for Parameter 129 (torch.Size([2048])), Block block_0 (torch.Size([1024])).
I0316 21:24:16.439163 140102843577536 shampoo_preconditioner_list.py:574] Instantiated Shampoo Preconditioner 129.block_1 ([torch.Size([0])]) for Parameter 129 (torch.Size([2048])), Block block_1 (torch.Size([1024])).
I0316 21:24:16.439285 140102843577536 shampoo_preconditioner_list.py:574] Instantiated Shampoo Preconditioner 130.block_0 ([torch.Size([0]), torch.Size([0])]) for Parameter 130 (torch.Size([512, 2048])), Block block_0 (torch.Size([512, 1024])).
I0316 21:24:16.439404 140102843577536 shampoo_preconditioner_list.py:574] Instantiated Shampoo Preconditioner 130.block_1 ([torch.Size([0]), torch.Size([0])]) for Parameter 130 (torch.Size([512, 2048])), Block block_1 (torch.Size([512, 1024])).
I0316 21:24:16.439505 140102843577536 shampoo_preconditioner_list.py:574] Instantiated Shampoo Preconditioner 131.block_0 ([torch.Size([0])]) for Parameter 131 (torch.Size([512])), Block block_0 (torch.Size([512])).
I0316 21:24:16.440132 140102843577536 shampoo_preconditioner_list.py:574] Instantiated Shampoo Preconditioner 132.block_0 ([torch.Size([512, 512])]) for Parameter 132 (torch.Size([512])), Block block_0 (torch.Size([512])).
I0316 21:24:16.440270 140102843577536 shampoo_preconditioner_list.py:574] Instantiated Shampoo Preconditioner 133.block_0 ([torch.Size([0])]) for Parameter 133 (torch.Size([512])), Block block_0 (torch.Size([512])).
I0316 21:24:16.440390 140102843577536 shampoo_preconditioner_list.py:574] Instantiated Shampoo Preconditioner 134.block_0 ([torch.Size([0])]) for Parameter 134 (torch.Size([512])), Block block_0 (torch.Size([512])).
I0316 21:24:16.440458 140082840630464 logger_utils.py:262] Unable to record workload.train_mean information. Continuing without it.
I0316 21:24:16.440489 140102843577536 shampoo_preconditioner_list.py:574] Instantiated Shampoo Preconditioner 135.block_0 ([torch.Size([0])]) for Parameter 135 (torch.Size([512])), Block block_0 (torch.Size([512])).
I0316 21:24:16.440537 140082840630464 logger_utils.py:262] Unable to record workload.train_stddev information. Continuing without it.
I0316 21:24:16.440608 140102843577536 shampoo_preconditioner_list.py:574] Instantiated Shampoo Preconditioner 136.block_0 ([torch.Size([0]), torch.Size([0])]) for Parameter 136 (torch.Size([1024, 512])), Block block_0 (torch.Size([1024, 512])).
I0316 21:24:16.440715 140102843577536 shampoo_preconditioner_list.py:574] Instantiated Shampoo Preconditioner 137.block_0 ([torch.Size([0])]) for Parameter 137 (torch.Size([1024])), Block block_0 (torch.Size([1024])).
I0316 21:24:16.441012 140102843577536 shampoo_preconditioner_list.py:612] Rank 6: ShampooPreconditionerList Numel Breakdown: (524450, 524288, 1048738, 524288, 2621440, 2621440, 2621440, 2621440, 2621440, 2621440, 2621440, 2621440, 2621440, 2621440, 524288, 524288, 524288, 2621440, 2621440, 2097152, 2097152, 2621440, 2621440, 524288, 524288, 524288, 2621440, 1048576, 2097152, 524288, 1048576, 524288, 8192, 524288, 524288, 1048576, 524288, 1048576, 524288, 524338, 524288, 524288, 1048576, 524288, 524288, 524288, 2621440, 2621440, 2097152, 2097152, 2621440, 2621440, 524288, 524288, 524288, 524288, 524288, 2621440, 2621440, 2097152, 2097152, 2621440, 2621440, 524288, 524288, 524288, 2621440, 1048576, 2097152, 524288, 1048576, 524288, 8192, 524288, 524288, 1048576, 524288, 1048576, 524288, 524338, 524288, 524288, 1048576, 524288, 524288, 524288, 2621440, 2621440, 2097152, 2097152, 2621440, 2621440, 524288, 524288, 524288, 524288, 524288, 2621440, 2621440, 2097152, 2097152, 2621440, 2621440, 524288, 524288, 524288, 2621440, 1048576, 2097152, 524288, 1048576, 524288, 8192, 524288, 524288, 1048576, 524288, 1048576, 524288, 524338, 524288, 524288, 1048576, 524288, 524288, 524288, 2621440, 2621440, 2097152, 2097152, 2621440, 2621440, 524288, 524288, 524288, 524288, 524288, 2621440, 2621440, 2097152, 2097152, 2621440, 2621440, 524288, 524288, 524288, 2621440, 1048576, 2097152, 524288, 1048576, 524288, 8192, 524288, 524288, 1048576, 524288, 1048576, 524288, 524338, 524288, 524288, 1048576, 524288, 524288, 524288, 2621440, 2621440, 2097152, 2097152, 2621440, 2621440, 524288, 524288, 524288, 524288, 524288, 2621440, 2097152)
I0316 21:24:16.441076 140102843577536 shampoo_preconditioner_list.py:615] Rank 6: ShampooPreconditionerList Bytes Breakdown: (2097800, 2097152, 4194952, 2097152, 10485760, 10485760, 10485760, 10485760, 10485760, 10485760, 10485760, 10485760, 10485760, 10485760, 2097152, 2097152, 2097152, 10485760, 10485760, 8388608, 8388608, 10485760, 10485760, 2097152, 2097152, 2097152, 10485760, 4194304, 8388608, 2097152, 4194304, 2097152)
I0316 21:24:16.441123 140102843577536 shampoo_preconditioner_list.py:618] Rank 6: ShampooPreconditionerList Total Elements: 234390028
I0316 21:24:16.441164 140102843577536 shampoo_preconditioner_list.py:621] Rank 6: ShampooPreconditionerList Total Bytes: 218105104
I0316 21:24:16.442136 140056799847616 logger_utils.py:262] Unable to record workload.train_mean information. Continuing without it.
I0316 21:24:16.442216 140056799847616 logger_utils.py:262] Unable to record workload.train_stddev information. Continuing without it.
I0316 21:24:16.442222 139957036823744 logger_utils.py:262] Unable to record workload.train_mean information. Continuing without it.
I0316 21:24:16.442298 139957036823744 logger_utils.py:262] Unable to record workload.train_stddev information. Continuing without it.
I0316 21:24:16.445555 140102843577536 logger_utils.py:262] Unable to record workload.train_mean information. Continuing without it.
I0316 21:24:16.445637 140102843577536 logger_utils.py:262] Unable to record workload.train_stddev information. Continuing without it.
I0316 21:24:17.231493 139904088429760 submission_runner.py:325] Saving flags to /experiment_runs/submissions/rolling_leaderboard/external_tuning/shampoo/study_2/librispeech_conformer_pytorch/trial_3/flags_0.json.
I0316 21:24:17.243080 139904088429760 submission_runner.py:337] Starting training loop.
/usr/local/lib/python3.11/multiprocessing/popen_fork.py:66: RuntimeWarning: os.fork() was called. os.fork() is incompatible with multithreaded code, and JAX is multithreaded, so this will likely lead to a deadlock.
  self.pid = os.fork()
/usr/local/lib/python3.11/multiprocessing/popen_fork.py:66: RuntimeWarning: os.fork() was called. os.fork() is incompatible with multithreaded code, and JAX is multithreaded, so this will likely lead to a deadlock.
  self.pid = os.fork()
/usr/local/lib/python3.11/multiprocessing/popen_fork.py:66: RuntimeWarning: os.fork() was called. os.fork() is incompatible with multithreaded code, and JAX is multithreaded, so this will likely lead to a deadlock.
  self.pid = os.fork()
/usr/local/lib/python3.11/multiprocessing/popen_fork.py:66: RuntimeWarning: os.fork() was called. os.fork() is incompatible with multithreaded code, and JAX is multithreaded, so this will likely lead to a deadlock.
  self.pid = os.fork()
/usr/local/lib/python3.11/multiprocessing/popen_fork.py:66: RuntimeWarning: os.fork() was called. os.fork() is incompatible with multithreaded code, and JAX is multithreaded, so this will likely lead to a deadlock.
  self.pid = os.fork()
/usr/local/lib/python3.11/multiprocessing/popen_fork.py:66: RuntimeWarning: os.fork() was called. os.fork() is incompatible with multithreaded code, and JAX is multithreaded, so this will likely lead to a deadlock.
  self.pid = os.fork()
/usr/local/lib/python3.11/multiprocessing/popen_fork.py:66: RuntimeWarning: os.fork() was called. os.fork() is incompatible with multithreaded code, and JAX is multithreaded, so this will likely lead to a deadlock.
  self.pid = os.fork()
/usr/local/lib/python3.11/multiprocessing/popen_fork.py:66: RuntimeWarning: os.fork() was called. os.fork() is incompatible with multithreaded code, and JAX is multithreaded, so this will likely lead to a deadlock.
  self.pid = os.fork()
/algorithmic-efficiency/algoperf/workloads/librispeech_conformer/librispeech_pytorch/preprocessor.py:488: UserWarning: Specified kernel cache directory could not be created! This disables kernel caching. Specified directory is /root/.cache/torch/kernels. This warning will appear only once per process. (Triggered internally at ../aten/src/ATen/native/cuda/jit_utils.cpp:1442.)
  spectrum = torch.abs(spectrum)
/algorithmic-efficiency/algoperf/workloads/librispeech_conformer/librispeech_pytorch/preprocessor.py:488: UserWarning: Specified kernel cache directory could not be created! This disables kernel caching. Specified directory is /root/.cache/torch/kernels. This warning will appear only once per process. (Triggered internally at ../aten/src/ATen/native/cuda/jit_utils.cpp:1442.)
  spectrum = torch.abs(spectrum)
/algorithmic-efficiency/algoperf/workloads/librispeech_conformer/librispeech_pytorch/preprocessor.py:488: UserWarning: Specified kernel cache directory could not be created! This disables kernel caching. Specified directory is /root/.cache/torch/kernels. This warning will appear only once per process. (Triggered internally at ../aten/src/ATen/native/cuda/jit_utils.cpp:1442.)
  spectrum = torch.abs(spectrum)
/algorithmic-efficiency/algoperf/workloads/librispeech_conformer/librispeech_pytorch/preprocessor.py:488: UserWarning: Specified kernel cache directory could not be created! This disables kernel caching. Specified directory is /root/.cache/torch/kernels. This warning will appear only once per process. (Triggered internally at ../aten/src/ATen/native/cuda/jit_utils.cpp:1442.)
  spectrum = torch.abs(spectrum)
/algorithmic-efficiency/algoperf/workloads/librispeech_conformer/librispeech_pytorch/preprocessor.py:488: UserWarning: Specified kernel cache directory could not be created! This disables kernel caching. Specified directory is /root/.cache/torch/kernels. This warning will appear only once per process. (Triggered internally at ../aten/src/ATen/native/cuda/jit_utils.cpp:1442.)
  spectrum = torch.abs(spectrum)
/algorithmic-efficiency/algoperf/workloads/librispeech_conformer/librispeech_pytorch/preprocessor.py:488: UserWarning: Specified kernel cache directory could not be created! This disables kernel caching. Specified directory is /root/.cache/torch/kernels. This warning will appear only once per process. (Triggered internally at ../aten/src/ATen/native/cuda/jit_utils.cpp:1442.)
  spectrum = torch.abs(spectrum)
/algorithmic-efficiency/algoperf/workloads/librispeech_conformer/librispeech_pytorch/preprocessor.py:488: UserWarning: Specified kernel cache directory could not be created! This disables kernel caching. Specified directory is /root/.cache/torch/kernels. This warning will appear only once per process. (Triggered internally at ../aten/src/ATen/native/cuda/jit_utils.cpp:1442.)
  spectrum = torch.abs(spectrum)
I0316 21:24:35.446405 139884845057792 logging_writer.py:48] [0] global_step=0, grad_norm=30.0946, loss=33.3381
I0316 21:24:35.638655 139904088429760 submission.py:265] 0) loss = 33.338, grad_norm = 30.095
I0316 21:24:36.849449 139904088429760 spec.py:321] Evaluating on the training split.
I0316 21:24:36.850415 139904088429760 input_pipeline.py:20] Loading split = train-clean-100
I0316 21:24:36.877164 139904088429760 input_pipeline.py:20] Loading split = train-clean-360
I0316 21:24:36.974039 139904088429760 input_pipeline.py:20] Loading split = train-other-500
I0316 21:24:54.683699 139904088429760 spec.py:333] Evaluating on the validation split.
I0316 21:24:54.684992 139904088429760 input_pipeline.py:20] Loading split = dev-clean
I0316 21:24:54.710273 139904088429760 input_pipeline.py:20] Loading split = dev-other
I0316 21:25:14.826390 139904088429760 spec.py:349] Evaluating on the test split.
I0316 21:25:14.827704 139904088429760 input_pipeline.py:20] Loading split = test-clean
I0316 21:25:25.320186 139904088429760 submission_runner.py:469] Time since start: 68.08s, 	Step: 1, 	{'train/ctc_loss': 32.26614868266488, 'train/wer': 2.205002745212027, 'validation/ctc_loss': 30.726244273186953, 'validation/wer': 2.0922898662675613, 'validation/num_examples': 5348, 'test/ctc_loss': 30.81871495117225, 'test/wer': 2.14197794162452, 'test/num_examples': 2472, 'score': 18.396934270858765, 'total_duration': 68.07683205604553, 'accumulated_submission_time': 18.396934270858765, 'accumulated_eval_time': 48.47048234939575, 'accumulated_logging_time': 0}
I0316 21:25:25.337925 139883083441920 logging_writer.py:48] [1] accumulated_eval_time=48.4705, accumulated_logging_time=0, accumulated_submission_time=18.3969, global_step=1, preemption_count=0, score=18.3969, test/ctc_loss=30.8187, test/num_examples=2472, test/wer=2.14198, total_duration=68.0768, train/ctc_loss=32.2661, train/wer=2.205, validation/ctc_loss=30.7262, validation/num_examples=5348, validation/wer=2.09229
I0316 21:25:27.611479 139883075049216 logging_writer.py:48] [1] global_step=1, grad_norm=27.8006, loss=32.5619
I0316 21:25:27.615610 139904088429760 submission.py:265] 1) loss = 32.562, grad_norm = 27.801
I0316 21:25:28.312035 139883083441920 logging_writer.py:48] [2] global_step=2, grad_norm=38.8371, loss=32.2749
I0316 21:25:28.316175 139904088429760 submission.py:265] 2) loss = 32.275, grad_norm = 38.837
I0316 21:25:29.010110 139883075049216 logging_writer.py:48] [3] global_step=3, grad_norm=71.0263, loss=31.8664
I0316 21:25:29.013889 139904088429760 submission.py:265] 3) loss = 31.866, grad_norm = 71.026
I0316 21:25:29.706820 139883083441920 logging_writer.py:48] [4] global_step=4, grad_norm=97.7285, loss=26.0892
I0316 21:25:29.710520 139904088429760 submission.py:265] 4) loss = 26.089, grad_norm = 97.729
I0316 21:25:30.401660 139883075049216 logging_writer.py:48] [5] global_step=5, grad_norm=54.7003, loss=17.6819
I0316 21:25:30.405654 139904088429760 submission.py:265] 5) loss = 17.682, grad_norm = 54.700
I0316 21:25:31.096011 139883083441920 logging_writer.py:48] [6] global_step=6, grad_norm=86.0053, loss=15.8157
I0316 21:25:31.100023 139904088429760 submission.py:265] 6) loss = 15.816, grad_norm = 86.005
I0316 21:25:31.795382 139883075049216 logging_writer.py:48] [7] global_step=7, grad_norm=54.9196, loss=10.5366
I0316 21:25:31.799184 139904088429760 submission.py:265] 7) loss = 10.537, grad_norm = 54.920
I0316 21:25:32.496350 139883083441920 logging_writer.py:48] [8] global_step=8, grad_norm=23.822, loss=8.69024
I0316 21:25:32.500103 139904088429760 submission.py:265] 8) loss = 8.690, grad_norm = 23.822
I0316 21:25:33.195943 139883075049216 logging_writer.py:48] [9] global_step=9, grad_norm=27.7335, loss=9.54027
I0316 21:25:33.199648 139904088429760 submission.py:265] 9) loss = 9.540, grad_norm = 27.733
I0316 21:25:33.893665 139883083441920 logging_writer.py:48] [10] global_step=10, grad_norm=28.1707, loss=9.43556
I0316 21:25:33.897460 139904088429760 submission.py:265] 10) loss = 9.436, grad_norm = 28.171
I0316 21:25:34.588026 139883075049216 logging_writer.py:48] [11] global_step=11, grad_norm=26.9873, loss=8.38045
I0316 21:25:34.591843 139904088429760 submission.py:265] 11) loss = 8.380, grad_norm = 26.987
I0316 21:25:35.282503 139883083441920 logging_writer.py:48] [12] global_step=12, grad_norm=5.44598, loss=6.98575
I0316 21:25:35.286231 139904088429760 submission.py:265] 12) loss = 6.986, grad_norm = 5.446
I0316 21:25:35.977350 139883075049216 logging_writer.py:48] [13] global_step=13, grad_norm=67.4837, loss=8.56614
I0316 21:25:35.981052 139904088429760 submission.py:265] 13) loss = 8.566, grad_norm = 67.484
I0316 21:25:36.672529 139883083441920 logging_writer.py:48] [14] global_step=14, grad_norm=21.6788, loss=7.43625
I0316 21:25:36.676546 139904088429760 submission.py:265] 14) loss = 7.436, grad_norm = 21.679
I0316 21:25:37.373977 139883075049216 logging_writer.py:48] [15] global_step=15, grad_norm=5.61883, loss=6.92192
I0316 21:25:37.377923 139904088429760 submission.py:265] 15) loss = 6.922, grad_norm = 5.619
I0316 21:25:38.074961 139883083441920 logging_writer.py:48] [16] global_step=16, grad_norm=16.5597, loss=6.99683
I0316 21:25:38.078371 139904088429760 submission.py:265] 16) loss = 6.997, grad_norm = 16.560
I0316 21:25:38.767993 139883075049216 logging_writer.py:48] [17] global_step=17, grad_norm=12.4729, loss=6.92204
I0316 21:25:38.771649 139904088429760 submission.py:265] 17) loss = 6.922, grad_norm = 12.473
I0316 21:25:39.463531 139883083441920 logging_writer.py:48] [18] global_step=18, grad_norm=9.64089, loss=6.82652
I0316 21:25:39.467217 139904088429760 submission.py:265] 18) loss = 6.827, grad_norm = 9.641
I0316 21:25:40.178048 139883075049216 logging_writer.py:48] [19] global_step=19, grad_norm=9.60632, loss=6.82844
I0316 21:25:40.181181 139904088429760 submission.py:265] 19) loss = 6.828, grad_norm = 9.606
I0316 21:25:40.875655 139883083441920 logging_writer.py:48] [20] global_step=20, grad_norm=13.5681, loss=6.80239
I0316 21:25:40.879103 139904088429760 submission.py:265] 20) loss = 6.802, grad_norm = 13.568
I0316 21:25:41.573735 139883075049216 logging_writer.py:48] [21] global_step=21, grad_norm=17.7714, loss=6.90514
I0316 21:25:41.577643 139904088429760 submission.py:265] 21) loss = 6.905, grad_norm = 17.771
I0316 21:25:42.271295 139883083441920 logging_writer.py:48] [22] global_step=22, grad_norm=27.4628, loss=6.95923
I0316 21:25:42.274667 139904088429760 submission.py:265] 22) loss = 6.959, grad_norm = 27.463
I0316 21:25:42.964977 139883075049216 logging_writer.py:48] [23] global_step=23, grad_norm=28.6539, loss=7.87078
I0316 21:25:42.968502 139904088429760 submission.py:265] 23) loss = 7.871, grad_norm = 28.654
I0316 21:25:43.659561 139883083441920 logging_writer.py:48] [24] global_step=24, grad_norm=14.8837, loss=6.76831
I0316 21:25:43.663518 139904088429760 submission.py:265] 24) loss = 6.768, grad_norm = 14.884
I0316 21:25:44.356191 139883075049216 logging_writer.py:48] [25] global_step=25, grad_norm=18.5371, loss=6.89741
I0316 21:25:44.359962 139904088429760 submission.py:265] 25) loss = 6.897, grad_norm = 18.537
I0316 21:25:45.054479 139883083441920 logging_writer.py:48] [26] global_step=26, grad_norm=62.9785, loss=7.84795
I0316 21:25:45.058204 139904088429760 submission.py:265] 26) loss = 7.848, grad_norm = 62.978
I0316 21:25:45.755192 139883075049216 logging_writer.py:48] [27] global_step=27, grad_norm=31.0231, loss=12.0634
I0316 21:25:45.758551 139904088429760 submission.py:265] 27) loss = 12.063, grad_norm = 31.023
I0316 21:25:46.451810 139883083441920 logging_writer.py:48] [28] global_step=28, grad_norm=30.8129, loss=10.8153
I0316 21:25:46.458194 139904088429760 submission.py:265] 28) loss = 10.815, grad_norm = 30.813
I0316 21:25:47.148796 139883075049216 logging_writer.py:48] [29] global_step=29, grad_norm=25.1058, loss=7.38507
I0316 21:25:47.152151 139904088429760 submission.py:265] 29) loss = 7.385, grad_norm = 25.106
I0316 21:25:47.842067 139883083441920 logging_writer.py:48] [30] global_step=30, grad_norm=118.818, loss=13.4238
I0316 21:25:47.845386 139904088429760 submission.py:265] 30) loss = 13.424, grad_norm = 118.818
I0316 21:25:48.548273 139883075049216 logging_writer.py:48] [31] global_step=31, grad_norm=28.6302, loss=16.952
I0316 21:25:48.551495 139904088429760 submission.py:265] 31) loss = 16.952, grad_norm = 28.630
I0316 21:25:49.245301 139883083441920 logging_writer.py:48] [32] global_step=32, grad_norm=27.9829, loss=17.733
I0316 21:25:49.248780 139904088429760 submission.py:265] 32) loss = 17.733, grad_norm = 27.983
I0316 21:25:49.943794 139883075049216 logging_writer.py:48] [33] global_step=33, grad_norm=27.6433, loss=16.2163
I0316 21:25:49.947230 139904088429760 submission.py:265] 33) loss = 16.216, grad_norm = 27.643
I0316 21:25:50.640859 139883083441920 logging_writer.py:48] [34] global_step=34, grad_norm=27.4685, loss=12.4404
I0316 21:25:50.644224 139904088429760 submission.py:265] 34) loss = 12.440, grad_norm = 27.468
I0316 21:25:51.340038 139883075049216 logging_writer.py:48] [35] global_step=35, grad_norm=17.9037, loss=6.82907
I0316 21:25:51.343504 139904088429760 submission.py:265] 35) loss = 6.829, grad_norm = 17.904
I0316 21:25:52.034546 139883083441920 logging_writer.py:48] [36] global_step=36, grad_norm=43.7409, loss=19.3508
I0316 21:25:52.038245 139904088429760 submission.py:265] 36) loss = 19.351, grad_norm = 43.741
I0316 21:25:52.730101 139883075049216 logging_writer.py:48] [37] global_step=37, grad_norm=71.2714, loss=18.9053
I0316 21:25:52.733599 139904088429760 submission.py:265] 37) loss = 18.905, grad_norm = 71.271
I0316 21:25:53.423253 139883083441920 logging_writer.py:48] [38] global_step=38, grad_norm=69.9071, loss=19.2522
I0316 21:25:53.426562 139904088429760 submission.py:265] 38) loss = 19.252, grad_norm = 69.907
I0316 21:25:54.118090 139883075049216 logging_writer.py:48] [39] global_step=39, grad_norm=62.8638, loss=18.1793
I0316 21:25:54.122015 139904088429760 submission.py:265] 39) loss = 18.179, grad_norm = 62.864
I0316 21:25:54.817825 139883083441920 logging_writer.py:48] [40] global_step=40, grad_norm=45.6257, loss=23.6494
I0316 21:25:54.821329 139904088429760 submission.py:265] 40) loss = 23.649, grad_norm = 45.626
I0316 21:25:55.518101 139883075049216 logging_writer.py:48] [41] global_step=41, grad_norm=37.7899, loss=15.9345
I0316 21:25:55.521939 139904088429760 submission.py:265] 41) loss = 15.935, grad_norm = 37.790
I0316 21:25:56.217495 139883083441920 logging_writer.py:48] [42] global_step=42, grad_norm=15.6883, loss=14.0505
I0316 21:25:56.221076 139904088429760 submission.py:265] 42) loss = 14.051, grad_norm = 15.688
I0316 21:25:56.910503 139883075049216 logging_writer.py:48] [43] global_step=43, grad_norm=54.143, loss=16.1782
I0316 21:25:56.914383 139904088429760 submission.py:265] 43) loss = 16.178, grad_norm = 54.143
I0316 21:25:57.606376 139883083441920 logging_writer.py:48] [44] global_step=44, grad_norm=60.3938, loss=18.1517
I0316 21:25:57.609773 139904088429760 submission.py:265] 44) loss = 18.152, grad_norm = 60.394
I0316 21:25:58.299677 139883075049216 logging_writer.py:48] [45] global_step=45, grad_norm=61.4977, loss=16.3222
I0316 21:25:58.303023 139904088429760 submission.py:265] 45) loss = 16.322, grad_norm = 61.498
I0316 21:25:58.995670 139883083441920 logging_writer.py:48] [46] global_step=46, grad_norm=22.4507, loss=14.5893
I0316 21:25:58.999296 139904088429760 submission.py:265] 46) loss = 14.589, grad_norm = 22.451
I0316 21:25:59.692777 139883075049216 logging_writer.py:48] [47] global_step=47, grad_norm=22.3701, loss=14.7784
I0316 21:25:59.696716 139904088429760 submission.py:265] 47) loss = 14.778, grad_norm = 22.370
I0316 21:26:00.392984 139883083441920 logging_writer.py:48] [48] global_step=48, grad_norm=21.5456, loss=13.0253
I0316 21:26:00.396477 139904088429760 submission.py:265] 48) loss = 13.025, grad_norm = 21.546
I0316 21:26:01.091518 139883075049216 logging_writer.py:48] [49] global_step=49, grad_norm=8.33716, loss=10.7643
I0316 21:26:01.095017 139904088429760 submission.py:265] 49) loss = 10.764, grad_norm = 8.337
I0316 21:26:01.785848 139883083441920 logging_writer.py:48] [50] global_step=50, grad_norm=25.3797, loss=11.2286
I0316 21:26:01.789544 139904088429760 submission.py:265] 50) loss = 11.229, grad_norm = 25.380
I0316 21:26:02.480695 139883075049216 logging_writer.py:48] [51] global_step=51, grad_norm=19.746, loss=12.2741
I0316 21:26:02.484180 139904088429760 submission.py:265] 51) loss = 12.274, grad_norm = 19.746
I0316 21:26:03.174952 139883083441920 logging_writer.py:48] [52] global_step=52, grad_norm=9.78201, loss=11.0277
I0316 21:26:03.178406 139904088429760 submission.py:265] 52) loss = 11.028, grad_norm = 9.782
I0316 21:26:03.868973 139883075049216 logging_writer.py:48] [53] global_step=53, grad_norm=7.26325, loss=11.1593
I0316 21:26:03.872730 139904088429760 submission.py:265] 53) loss = 11.159, grad_norm = 7.263
I0316 21:26:04.565921 139883083441920 logging_writer.py:48] [54] global_step=54, grad_norm=23.3178, loss=11.6715
I0316 21:26:04.572854 139904088429760 submission.py:265] 54) loss = 11.671, grad_norm = 23.318
I0316 21:26:05.267939 139883075049216 logging_writer.py:48] [55] global_step=55, grad_norm=19.9701, loss=13.1705
I0316 21:26:05.271433 139904088429760 submission.py:265] 55) loss = 13.170, grad_norm = 19.970
I0316 21:26:05.964330 139883083441920 logging_writer.py:48] [56] global_step=56, grad_norm=5.38733, loss=11.3779
I0316 21:26:05.968292 139904088429760 submission.py:265] 56) loss = 11.378, grad_norm = 5.387
I0316 21:26:06.657747 139883075049216 logging_writer.py:48] [57] global_step=57, grad_norm=29.9252, loss=12.2027
I0316 21:26:06.661283 139904088429760 submission.py:265] 57) loss = 12.203, grad_norm = 29.925
I0316 21:26:07.350209 139883083441920 logging_writer.py:48] [58] global_step=58, grad_norm=20.5999, loss=14.2335
I0316 21:26:07.353595 139904088429760 submission.py:265] 58) loss = 14.233, grad_norm = 20.600
I0316 21:26:08.043019 139883075049216 logging_writer.py:48] [59] global_step=59, grad_norm=16.0704, loss=12.4532
I0316 21:26:08.046824 139904088429760 submission.py:265] 59) loss = 12.453, grad_norm = 16.070
I0316 21:26:08.737845 139883083441920 logging_writer.py:48] [60] global_step=60, grad_norm=50.6288, loss=13.9046
I0316 21:26:08.741496 139904088429760 submission.py:265] 60) loss = 13.905, grad_norm = 50.629
I0316 21:26:09.433386 139883075049216 logging_writer.py:48] [61] global_step=61, grad_norm=20.4514, loss=17.6906
I0316 21:26:09.436786 139904088429760 submission.py:265] 61) loss = 17.691, grad_norm = 20.451
I0316 21:26:10.130867 139883083441920 logging_writer.py:48] [62] global_step=62, grad_norm=20.5485, loss=16.9835
I0316 21:26:10.134975 139904088429760 submission.py:265] 62) loss = 16.984, grad_norm = 20.548
I0316 21:26:10.825887 139883075049216 logging_writer.py:48] [63] global_step=63, grad_norm=18.9176, loss=13.6053
I0316 21:26:10.829677 139904088429760 submission.py:265] 63) loss = 13.605, grad_norm = 18.918
I0316 21:26:11.520548 139883083441920 logging_writer.py:48] [64] global_step=64, grad_norm=52.3275, loss=14.5662
I0316 21:26:11.523988 139904088429760 submission.py:265] 64) loss = 14.566, grad_norm = 52.327
I0316 21:26:12.212810 139883075049216 logging_writer.py:48] [65] global_step=65, grad_norm=20.0436, loss=17.2117
I0316 21:26:12.216182 139904088429760 submission.py:265] 65) loss = 17.212, grad_norm = 20.044
I0316 21:26:12.904744 139883083441920 logging_writer.py:48] [66] global_step=66, grad_norm=19.5828, loss=15.385
I0316 21:26:12.908330 139904088429760 submission.py:265] 66) loss = 15.385, grad_norm = 19.583
I0316 21:26:13.599853 139883075049216 logging_writer.py:48] [67] global_step=67, grad_norm=9.68303, loss=12.1728
I0316 21:26:13.603814 139904088429760 submission.py:265] 67) loss = 12.173, grad_norm = 9.683
I0316 21:26:14.297962 139883083441920 logging_writer.py:48] [68] global_step=68, grad_norm=66.7937, loss=16.9247
I0316 21:26:14.301371 139904088429760 submission.py:265] 68) loss = 16.925, grad_norm = 66.794
I0316 21:26:14.994760 139883075049216 logging_writer.py:48] [69] global_step=69, grad_norm=19.1807, loss=20.064
I0316 21:26:14.998146 139904088429760 submission.py:265] 69) loss = 20.064, grad_norm = 19.181
I0316 21:26:15.691453 139883083441920 logging_writer.py:48] [70] global_step=70, grad_norm=18.9919, loss=20.3782
I0316 21:26:15.695150 139904088429760 submission.py:265] 70) loss = 20.378, grad_norm = 18.992
I0316 21:26:16.386012 139883075049216 logging_writer.py:48] [71] global_step=71, grad_norm=18.8625, loss=18.3194
I0316 21:26:16.389859 139904088429760 submission.py:265] 71) loss = 18.319, grad_norm = 18.862
I0316 21:26:17.081075 139883083441920 logging_writer.py:48] [72] global_step=72, grad_norm=17.8536, loss=14.3794
I0316 21:26:17.085063 139904088429760 submission.py:265] 72) loss = 14.379, grad_norm = 17.854
I0316 21:26:17.774816 139883075049216 logging_writer.py:48] [73] global_step=73, grad_norm=45.2759, loss=13.8822
I0316 21:26:17.778555 139904088429760 submission.py:265] 73) loss = 13.882, grad_norm = 45.276
I0316 21:26:18.471776 139883083441920 logging_writer.py:48] [74] global_step=74, grad_norm=17.7509, loss=15.0534
I0316 21:26:18.475652 139904088429760 submission.py:265] 74) loss = 15.053, grad_norm = 17.751
I0316 21:26:19.171352 139883075049216 logging_writer.py:48] [75] global_step=75, grad_norm=14.6864, loss=12.484
I0316 21:26:19.175148 139904088429760 submission.py:265] 75) loss = 12.484, grad_norm = 14.686
I0316 21:26:19.866546 139883083441920 logging_writer.py:48] [76] global_step=76, grad_norm=42.7528, loss=13.7816
I0316 21:26:19.870478 139904088429760 submission.py:265] 76) loss = 13.782, grad_norm = 42.753
I0316 21:26:20.561331 139883075049216 logging_writer.py:48] [77] global_step=77, grad_norm=17.1805, loss=15.6553
I0316 21:26:20.565192 139904088429760 submission.py:265] 77) loss = 15.655, grad_norm = 17.180
I0316 21:26:21.254771 139883083441920 logging_writer.py:48] [78] global_step=78, grad_norm=16.4725, loss=14.2449
I0316 21:26:21.258389 139904088429760 submission.py:265] 78) loss = 14.245, grad_norm = 16.472
I0316 21:26:21.946536 139883075049216 logging_writer.py:48] [79] global_step=79, grad_norm=7.82886, loss=11.5216
I0316 21:26:21.950383 139904088429760 submission.py:265] 79) loss = 11.522, grad_norm = 7.829
I0316 21:26:22.638920 139883083441920 logging_writer.py:48] [80] global_step=80, grad_norm=46.0043, loss=14.2093
I0316 21:26:22.642752 139904088429760 submission.py:265] 80) loss = 14.209, grad_norm = 46.004
I0316 21:26:23.333576 139883075049216 logging_writer.py:48] [81] global_step=81, grad_norm=15.8515, loss=15.4803
I0316 21:26:23.337434 139904088429760 submission.py:265] 81) loss = 15.480, grad_norm = 15.852
I0316 21:26:24.030239 139883083441920 logging_writer.py:48] [82] global_step=82, grad_norm=15.554, loss=14.6058
I0316 21:26:24.033928 139904088429760 submission.py:265] 82) loss = 14.606, grad_norm = 15.554
I0316 21:26:24.726861 139883075049216 logging_writer.py:48] [83] global_step=83, grad_norm=13.1063, loss=12.1268
I0316 21:26:24.730831 139904088429760 submission.py:265] 83) loss = 12.127, grad_norm = 13.106
I0316 21:26:25.420726 139883083441920 logging_writer.py:48] [84] global_step=84, grad_norm=23.3123, loss=11.9526
I0316 21:26:25.424928 139904088429760 submission.py:265] 84) loss = 11.953, grad_norm = 23.312
I0316 21:26:26.114681 139883075049216 logging_writer.py:48] [85] global_step=85, grad_norm=10.8092, loss=11.5157
I0316 21:26:26.118191 139904088429760 submission.py:265] 85) loss = 11.516, grad_norm = 10.809
I0316 21:26:26.805683 139883083441920 logging_writer.py:48] [86] global_step=86, grad_norm=6.48096, loss=10.87
I0316 21:26:26.809049 139904088429760 submission.py:265] 86) loss = 10.870, grad_norm = 6.481
I0316 21:26:27.499464 139883075049216 logging_writer.py:48] [87] global_step=87, grad_norm=1.1934, loss=10.7352
I0316 21:26:27.503173 139904088429760 submission.py:265] 87) loss = 10.735, grad_norm = 1.193
I0316 21:26:28.195131 139883083441920 logging_writer.py:48] [88] global_step=88, grad_norm=2.41455, loss=10.7513
I0316 21:26:28.198746 139904088429760 submission.py:265] 88) loss = 10.751, grad_norm = 2.415
I0316 21:26:28.892108 139883075049216 logging_writer.py:48] [89] global_step=89, grad_norm=1.01263, loss=10.5734
I0316 21:26:28.895602 139904088429760 submission.py:265] 89) loss = 10.573, grad_norm = 1.013
I0316 21:26:29.586417 139883083441920 logging_writer.py:48] [90] global_step=90, grad_norm=1.25246, loss=10.6028
I0316 21:26:29.590452 139904088429760 submission.py:265] 90) loss = 10.603, grad_norm = 1.252
I0316 21:26:30.283529 139883075049216 logging_writer.py:48] [91] global_step=91, grad_norm=1.00008, loss=10.6657
I0316 21:26:30.287425 139904088429760 submission.py:265] 91) loss = 10.666, grad_norm = 1.000
I0316 21:26:30.977560 139883083441920 logging_writer.py:48] [92] global_step=92, grad_norm=1.33672, loss=10.4889
I0316 21:26:30.980899 139904088429760 submission.py:265] 92) loss = 10.489, grad_norm = 1.337
I0316 21:26:31.669843 139883075049216 logging_writer.py:48] [93] global_step=93, grad_norm=1.22982, loss=10.4827
I0316 21:26:31.673207 139904088429760 submission.py:265] 93) loss = 10.483, grad_norm = 1.230
I0316 21:26:32.363422 139883083441920 logging_writer.py:48] [94] global_step=94, grad_norm=1.08169, loss=10.2447
I0316 21:26:32.366837 139904088429760 submission.py:265] 94) loss = 10.245, grad_norm = 1.082
I0316 21:26:33.058514 139883075049216 logging_writer.py:48] [95] global_step=95, grad_norm=0.985791, loss=10.2521
I0316 21:26:33.062568 139904088429760 submission.py:265] 95) loss = 10.252, grad_norm = 0.986
I0316 21:26:33.753359 139883083441920 logging_writer.py:48] [96] global_step=96, grad_norm=0.861032, loss=10.1431
I0316 21:26:33.756856 139904088429760 submission.py:265] 96) loss = 10.143, grad_norm = 0.861
I0316 21:26:34.447942 139883075049216 logging_writer.py:48] [97] global_step=97, grad_norm=1.02222, loss=10.0621
I0316 21:26:34.451932 139904088429760 submission.py:265] 97) loss = 10.062, grad_norm = 1.022
I0316 21:26:35.140429 139883083441920 logging_writer.py:48] [98] global_step=98, grad_norm=0.771744, loss=10.037
I0316 21:26:35.143888 139904088429760 submission.py:265] 98) loss = 10.037, grad_norm = 0.772
I0316 21:26:38.458732 139883075049216 logging_writer.py:48] [99] global_step=99, grad_norm=0.759824, loss=9.74692
I0316 21:26:38.462119 139904088429760 submission.py:265] 99) loss = 9.747, grad_norm = 0.760
I0316 21:26:39.151633 139883083441920 logging_writer.py:48] [100] global_step=100, grad_norm=0.907174, loss=9.83516
I0316 21:26:39.155474 139904088429760 submission.py:265] 100) loss = 9.835, grad_norm = 0.907
[rank7]: Traceback (most recent call last):
[rank7]:   File "/algorithmic-efficiency/submission_runner.py", line 766, in <module>
[rank7]:     app.run(main)
[rank7]:   File "/usr/local/lib/python3.11/site-packages/absl/app.py", line 308, in run
[rank7]:     _run_main(main, args)
[rank7]:   File "/usr/local/lib/python3.11/site-packages/absl/app.py", line 254, in _run_main
[rank7]:     sys.exit(main(argv))
[rank7]:              ^^^^^^^^^^
[rank7]:   File "/algorithmic-efficiency/submission_runner.py", line 734, in main
[rank7]:     score = score_submission_on_workload(
[rank7]:             ^^^^^^^^^^^^^^^^^^^^^^^^^^^^^
[rank7]:   File "/algorithmic-efficiency/submission_runner.py", line 630, in score_submission_on_workload
[rank7]:     timing, metrics = train_once(workload, workload_name,
[rank7]:                       ^^^^^^^^^^^^^^^^^^^^^^^^^^^^^^^^^^^
[rank7]:   File "/algorithmic-efficiency/submission_runner.py", line 361, in train_once
[rank7]:     optimizer_state, model_params, model_state = update_params(
[rank7]:                                                  ^^^^^^^^^^^^^^
[rank7]:   File "/algorithmic-efficiency/submissions_algorithms/leaderboard/external_tuning/shampoo_submission/submission.py", line 241, in update_params
[rank7]:     optimizer_state['optimizer'].step()
[rank7]:   File "/usr/local/lib/python3.11/site-packages/torch/optim/lr_scheduler.py", line 137, in wrapper
[rank7]:     return func.__get__(opt, opt.__class__)(*args, **kwargs)
[rank7]:            ^^^^^^^^^^^^^^^^^^^^^^^^^^^^^^^^^^^^^^^^^^^^^^^^^
[rank7]:   File "/usr/local/lib/python3.11/site-packages/torch/optim/optimizer.py", line 487, in wrapper
[rank7]:     out = func(*args, **kwargs)
[rank7]:           ^^^^^^^^^^^^^^^^^^^^^
[rank7]:   File "/usr/local/lib/python3.11/site-packages/torch/utils/_contextlib.py", line 116, in decorate_context
[rank7]:     return func(*args, **kwargs)
[rank7]:            ^^^^^^^^^^^^^^^^^^^^^
[rank7]:   File "/algorithmic-efficiency/submissions_algorithms/leaderboard/external_tuning/shampoo_submission/optimizers/distributed_shampoo/distributed_shampoo.py", line 954, in step
[rank7]:     self._per_group_step(
[rank7]:   File "/usr/local/lib/python3.11/site-packages/torch/utils/_contextlib.py", line 116, in decorate_context
[rank7]:     return func(*args, **kwargs)
[rank7]:            ^^^^^^^^^^^^^^^^^^^^^
[rank7]:   File "/algorithmic-efficiency/submissions_algorithms/leaderboard/external_tuning/shampoo_submission/optimizers/distributed_shampoo/distributed_shampoo.py", line 781, in _per_group_step_impl
[rank7]:     self._compute_root_inverse(state_lists, compute_root_inverse)
[rank7]:   File "/usr/local/lib/python3.11/site-packages/torch/utils/_contextlib.py", line 116, in decorate_context
[rank7]:     return func(*args, **kwargs)
[rank7]:            ^^^^^^^^^^^^^^^^^^^^^
[rank7]:   File "/usr/local/lib/python3.11/site-packages/torch/_dynamo/eval_frame.py", line 632, in _fn
[rank7]:     return fn(*args, **kwargs)
[rank7]:            ^^^^^^^^^^^^^^^^^^^
[rank7]:   File "/algorithmic-efficiency/submissions_algorithms/leaderboard/external_tuning/shampoo_submission/optimizers/distributed_shampoo/distributed_shampoo.py", line 732, in _compute_root_inverse
[rank7]:     state_lists[SHAMPOO_PRECONDITIONER_LIST].compute_root_inverse()
[rank7]:   File "/algorithmic-efficiency/submissions_algorithms/leaderboard/external_tuning/shampoo_submission/optimizers/distributed_shampoo/utils/shampoo_preconditioner_list.py", line 766, in compute_root_inverse
[rank7]:     raise ValueError(
[rank7]: ValueError: Encountered nan values in bias-corrected factor matrix 3.block_0.0! To mitigate, check if nan inputs are being passed into the network or nan gradients are being passed to the optimizer.For debugging purposes, factor_matrix 3.block_0.0: torch.min(factor_matrix)=tensor(nan, device='cuda:7'), torch.max(factor_matrix)=tensor(nan, device='cuda:7'), factor_matrix.isinf().any()=tensor(False, device='cuda:7'), factor_matrix.isnan().any()=tensor(True, device='cuda:7').
[rank6]: Traceback (most recent call last):
[rank6]:   File "/algorithmic-efficiency/submission_runner.py", line 766, in <module>
[rank6]:     app.run(main)
[rank6]:   File "/usr/local/lib/python3.11/site-packages/absl/app.py", line 308, in run
[rank6]:     _run_main(main, args)
[rank6]:   File "/usr/local/lib/python3.11/site-packages/absl/app.py", line 254, in _run_main
[rank6]:     sys.exit(main(argv))
[rank6]:              ^^^^^^^^^^
[rank6]:   File "/algorithmic-efficiency/submission_runner.py", line 734, in main
[rank6]:     score = score_submission_on_workload(
[rank6]:             ^^^^^^^^^^^^^^^^^^^^^^^^^^^^^
[rank6]:   File "/algorithmic-efficiency/submission_runner.py", line 630, in score_submission_on_workload
[rank6]:     timing, metrics = train_once(workload, workload_name,
[rank6]:                       ^^^^^^^^^^^^^^^^^^^^^^^^^^^^^^^^^^^
[rank6]:   File "/algorithmic-efficiency/submission_runner.py", line 361, in train_once
[rank6]:     optimizer_state, model_params, model_state = update_params(
