I0315 17:42:37.847939 139826544436416 shampoo_preconditioner_list.py:574] Instantiated Shampoo Preconditioner 14.block_0 ([torch.Size([0]), torch.Size([0]), torch.Size([0])]) for Parameter 14 (torch.Size([64, 128, 3, 3])), Block block_0 (torch.Size([64, 384, 3])).
I0315 17:42:37.848228 139826544436416 shampoo_preconditioner_list.py:574] Instantiated Shampoo Preconditioner 15.block_0 ([torch.Size([64, 64]), torch.Size([576, 576])]) for Parameter 15 (torch.Size([64, 64, 3, 3])), Block block_0 (torch.Size([64, 576])).
I0315 17:42:37.848448 139826544436416 shampoo_preconditioner_list.py:574] Instantiated Shampoo Preconditioner 16.block_0 ([torch.Size([0]), torch.Size([0])]) for Parameter 16 (torch.Size([32, 64, 3, 3])), Block block_0 (torch.Size([32, 576])).
I0315 17:42:37.848733 139826544436416 shampoo_preconditioner_list.py:574] Instantiated Shampoo Preconditioner 17.block_0 ([torch.Size([1024, 1024]), torch.Size([9, 9])]) for Parameter 17 (torch.Size([32, 32, 3, 3])), Block block_0 (torch.Size([1024, 9])).
I0315 17:42:37.848889 139826544436416 shampoo_preconditioner_list.py:574] Instantiated Shampoo Preconditioner 18.block_0 ([torch.Size([0])]) for Parameter 18 (torch.Size([1, 32, 1, 1])), Block block_0 (torch.Size([32])).
I0315 17:42:37.849011 139826544436416 shampoo_preconditioner_list.py:574] Instantiated Shampoo Preconditioner 19.block_0 ([torch.Size([0])]) for Parameter 19 (torch.Size([1])), Block block_0 (torch.Size([1])).
I0315 17:42:37.849845 139826544436416 shampoo_preconditioner_list.py:574] Instantiated Shampoo Preconditioner 20.block_0 ([torch.Size([512, 512]), torch.Size([1024, 1024])]) for Parameter 20 (torch.Size([512, 256, 2, 2])), Block block_0 (torch.Size([512, 1024])).
I0315 17:42:37.850075 139826544436416 shampoo_preconditioner_list.py:574] Instantiated Shampoo Preconditioner 21.block_0 ([torch.Size([0]), torch.Size([0])]) for Parameter 21 (torch.Size([256, 128, 2, 2])), Block block_0 (torch.Size([256, 512])).
I0315 17:42:37.850259 139826544436416 shampoo_preconditioner_list.py:574] Instantiated Shampoo Preconditioner 22.block_0 ([torch.Size([0]), torch.Size([0])]) for Parameter 22 (torch.Size([128, 64, 2, 2])), Block block_0 (torch.Size([128, 256])).
I0315 17:42:37.850428 139826544436416 shampoo_preconditioner_list.py:574] Instantiated Shampoo Preconditioner 23.block_0 ([torch.Size([0]), torch.Size([0])]) for Parameter 23 (torch.Size([64, 32, 2, 2])), Block block_0 (torch.Size([64, 128])).
I0315 17:42:37.850572 139826544436416 shampoo_preconditioner_list.py:612] Rank 5: ShampooPreconditionerList Numel Breakdown: (165888, 2097314, 174080, 671744, 696320, 327698, 426002, 1310738, 1703954, 1048738, 655522, 1310738, 1212434, 327698, 303122, 671744, 665600, 2097314, 2048, 2, 2621440, 655360, 163840, 40960)
I0315 17:42:37.850627 139826544436416 shampoo_preconditioner_list.py:615] Rank 5: ShampooPreconditionerList Bytes Breakdown: (663552, 8389256, 696320, 2686976)
I0315 17:42:37.850683 139826544436416 shampoo_preconditioner_list.py:618] Rank 5: ShampooPreconditionerList Total Elements: 19350298
I0315 17:42:37.850726 139826544436416 shampoo_preconditioner_list.py:621] Rank 5: ShampooPreconditionerList Total Bytes: 12436104
I0315 17:42:37.850985 139826544436416 shampoo_preconditioner_list.py:352] Instantiated Adagrad Preconditioner 0.block_0 (torch.Size([0])) for Parameter 0 (torch.Size([32, 1, 3, 3])), Block block_0 (torch.Size([288])).
I0315 17:42:37.851073 139826544436416 shampoo_preconditioner_list.py:352] Instantiated Adagrad Preconditioner 1.block_0 (torch.Size([0])) for Parameter 1 (torch.Size([32, 32, 3, 3])), Block block_0 (torch.Size([1024, 9])).
I0315 17:42:37.851145 139826544436416 shampoo_preconditioner_list.py:352] Instantiated Adagrad Preconditioner 2.block_0 (torch.Size([0])) for Parameter 2 (torch.Size([64, 32, 3, 3])), Block block_0 (torch.Size([64, 288])).
I0315 17:42:37.851280 139826544436416 shampoo_preconditioner_list.py:352] Instantiated Adagrad Preconditioner 3.block_0 (torch.Size([64, 576])) for Parameter 3 (torch.Size([64, 64, 3, 3])), Block block_0 (torch.Size([64, 576])).
I0315 17:42:37.851372 139826544436416 shampoo_preconditioner_list.py:352] Instantiated Adagrad Preconditioner 4.block_0 (torch.Size([0])) for Parameter 4 (torch.Size([128, 64, 3, 3])), Block block_0 (torch.Size([128, 576])).
I0315 17:42:37.851448 139826544436416 shampoo_preconditioner_list.py:352] Instantiated Adagrad Preconditioner 5.block_0 (torch.Size([0])) for Parameter 5 (torch.Size([128, 128, 3, 3])), Block block_0 (torch.Size([128, 384, 3])).
I0315 17:42:37.851518 139826544436416 shampoo_preconditioner_list.py:352] Instantiated Adagrad Preconditioner 6.block_0 (torch.Size([0])) for Parameter 6 (torch.Size([256, 128, 3, 3])), Block block_0 (torch.Size([256, 384, 3])).
I0315 17:42:37.851594 139826544436416 shampoo_preconditioner_list.py:352] Instantiated Adagrad Preconditioner 7.block_0 (torch.Size([0])) for Parameter 7 (torch.Size([256, 256, 3, 3])), Block block_0 (torch.Size([256, 768, 3])).
I0315 17:42:37.851673 139826544436416 shampoo_preconditioner_list.py:352] Instantiated Adagrad Preconditioner 8.block_0 (torch.Size([0])) for Parameter 8 (torch.Size([512, 256, 3, 3])), Block block_0 (torch.Size([512, 768, 3])).
I0315 17:42:37.851754 139826544436416 shampoo_preconditioner_list.py:352] Instantiated Adagrad Preconditioner 9.block_0 (torch.Size([0])) for Parameter 9 (torch.Size([512, 512, 3, 3])), Block block_0 (torch.Size([512, 512, 9])).
I0315 17:42:37.851824 139826544436416 shampoo_preconditioner_list.py:352] Instantiated Adagrad Preconditioner 10.block_0 (torch.Size([0])) for Parameter 10 (torch.Size([256, 512, 3, 3])), Block block_0 (torch.Size([256, 512, 9])).
I0315 17:42:37.851893 139826544436416 shampoo_preconditioner_list.py:352] Instantiated Adagrad Preconditioner 11.block_0 (torch.Size([0])) for Parameter 11 (torch.Size([256, 256, 3, 3])), Block block_0 (torch.Size([256, 768, 3])).
I0315 17:42:37.851960 139826544436416 shampoo_preconditioner_list.py:352] Instantiated Adagrad Preconditioner 12.block_0 (torch.Size([0])) for Parameter 12 (torch.Size([128, 256, 3, 3])), Block block_0 (torch.Size([128, 768, 3])).
I0315 17:42:37.852026 139826544436416 shampoo_preconditioner_list.py:352] Instantiated Adagrad Preconditioner 13.block_0 (torch.Size([0])) for Parameter 13 (torch.Size([128, 128, 3, 3])), Block block_0 (torch.Size([128, 384, 3])).
I0315 17:42:37.852092 139826544436416 shampoo_preconditioner_list.py:352] Instantiated Adagrad Preconditioner 14.block_0 (torch.Size([0])) for Parameter 14 (torch.Size([64, 128, 3, 3])), Block block_0 (torch.Size([64, 384, 3])).
I0315 17:42:37.852205 139826544436416 shampoo_preconditioner_list.py:352] Instantiated Adagrad Preconditioner 15.block_0 (torch.Size([64, 576])) for Parameter 15 (torch.Size([64, 64, 3, 3])), Block block_0 (torch.Size([64, 576])).
I0315 17:42:37.852292 139826544436416 shampoo_preconditioner_list.py:352] Instantiated Adagrad Preconditioner 16.block_0 (torch.Size([0])) for Parameter 16 (torch.Size([32, 64, 3, 3])), Block block_0 (torch.Size([32, 576])).
I0315 17:42:37.852400 139826544436416 shampoo_preconditioner_list.py:352] Instantiated Adagrad Preconditioner 17.block_0 (torch.Size([1024, 9])) for Parameter 17 (torch.Size([32, 32, 3, 3])), Block block_0 (torch.Size([1024, 9])).
I0315 17:42:37.852480 139826544436416 shampoo_preconditioner_list.py:352] Instantiated Adagrad Preconditioner 18.block_0 (torch.Size([0])) for Parameter 18 (torch.Size([1, 32, 1, 1])), Block block_0 (torch.Size([32])).
I0315 17:42:37.852548 139826544436416 shampoo_preconditioner_list.py:352] Instantiated Adagrad Preconditioner 19.block_0 (torch.Size([0])) for Parameter 19 (torch.Size([1])), Block block_0 (torch.Size([1])).
I0315 17:42:37.852657 139826544436416 shampoo_preconditioner_list.py:352] Instantiated Adagrad Preconditioner 20.block_0 (torch.Size([512, 1024])) for Parameter 20 (torch.Size([512, 256, 2, 2])), Block block_0 (torch.Size([512, 1024])).
I0315 17:42:37.852740 139826544436416 shampoo_preconditioner_list.py:352] Instantiated Adagrad Preconditioner 21.block_0 (torch.Size([0])) for Parameter 21 (torch.Size([256, 128, 2, 2])), Block block_0 (torch.Size([256, 512])).
I0315 17:42:37.852809 139826544436416 shampoo_preconditioner_list.py:352] Instantiated Adagrad Preconditioner 22.block_0 (torch.Size([0])) for Parameter 22 (torch.Size([128, 64, 2, 2])), Block block_0 (torch.Size([128, 256])).
I0315 17:42:37.852875 139826544436416 shampoo_preconditioner_list.py:352] Instantiated Adagrad Preconditioner 23.block_0 (torch.Size([0])) for Parameter 23 (torch.Size([64, 32, 2, 2])), Block block_0 (torch.Size([64, 128])).
I0315 17:42:37.852959 139826544436416 shampoo_preconditioner_list.py:375] Rank 5: AdaGradPreconditionerList Numel Breakdown: (0, 0, 0, 36864, 0, 0, 0, 0, 0, 0, 0, 0, 0, 0, 0, 36864, 0, 9216, 0, 0, 524288, 0, 0, 0)
I0315 17:42:37.853005 139826544436416 shampoo_preconditioner_list.py:378] Rank 5: AdaGradPreconditionerList Bytes Breakdown: (0, 0, 0, 147456, 0, 0, 0, 0, 0, 0, 0, 0, 0, 0, 0, 147456, 0, 36864, 0, 0, 2097152, 0, 0, 0)
I0315 17:42:37.853046 139826544436416 shampoo_preconditioner_list.py:381] Rank 5: AdaGradPreconditionerList Total Elements: 607232
I0315 17:42:37.853086 139826544436416 shampoo_preconditioner_list.py:384] Rank 5: AdaGradPreconditionerList Total Bytes: 2428928
I0315 17:42:37.855175 139826544436416 logger_utils.py:262] Unable to record workload.train_mean information. Continuing without it.
I0315 17:42:37.855269 139826544436416 logger_utils.py:262] Unable to record workload.train_stddev information. Continuing without it.
W0315 17:42:37.914248 139998127166656 distributed_shampoo.py:341] start_preconditioning_step set to -1. Setting start_preconditioning_step equal to precondition frequency 100 by default.
I0315 17:42:37.916923 139998127166656 shampoo_preconditioner_list.py:574] Instantiated Shampoo Preconditioner 0.block_0 ([torch.Size([0])]) for Parameter 0 (torch.Size([32, 1, 3, 3])), Block block_0 (torch.Size([288])).
I0315 17:42:37.919213 139998127166656 shampoo_preconditioner_list.py:574] Instantiated Shampoo Preconditioner 1.block_0 ([torch.Size([0]), torch.Size([0])]) for Parameter 1 (torch.Size([32, 32, 3, 3])), Block block_0 (torch.Size([1024, 9])).
I0315 17:42:37.919546 139998127166656 shampoo_preconditioner_list.py:574] Instantiated Shampoo Preconditioner 2.block_0 ([torch.Size([64, 64]), torch.Size([288, 288])]) for Parameter 2 (torch.Size([64, 32, 3, 3])), Block block_0 (torch.Size([64, 288])).
I0315 17:42:37.919724 139998127166656 shampoo_preconditioner_list.py:574] Instantiated Shampoo Preconditioner 3.block_0 ([torch.Size([0]), torch.Size([0])]) for Parameter 3 (torch.Size([64, 64, 3, 3])), Block block_0 (torch.Size([64, 576])).
I0315 17:42:37.919862 139998127166656 shampoo_preconditioner_list.py:574] Instantiated Shampoo Preconditioner 4.block_0 ([torch.Size([0]), torch.Size([0])]) for Parameter 4 (torch.Size([128, 64, 3, 3])), Block block_0 (torch.Size([128, 576])).
I0315 17:42:37.920041 139998127166656 shampoo_preconditioner_list.py:574] Instantiated Shampoo Preconditioner 5.block_0 ([torch.Size([0]), torch.Size([0]), torch.Size([0])]) for Parameter 5 (torch.Size([128, 128, 3, 3])), Block block_0 (torch.Size([128, 384, 3])).
I0315 17:42:37.920188 139998127166656 shampoo_preconditioner_list.py:574] Instantiated Shampoo Preconditioner 6.block_0 ([torch.Size([0]), torch.Size([0]), torch.Size([0])]) for Parameter 6 (torch.Size([256, 128, 3, 3])), Block block_0 (torch.Size([256, 384, 3])).
I0315 17:42:37.921347 139998127166656 shampoo_preconditioner_list.py:574] Instantiated Shampoo Preconditioner 7.block_0 ([torch.Size([256, 256]), torch.Size([768, 768]), torch.Size([3, 3])]) for Parameter 7 (torch.Size([256, 256, 3, 3])), Block block_0 (torch.Size([256, 768, 3])).
I0315 17:42:37.921562 139998127166656 shampoo_preconditioner_list.py:574] Instantiated Shampoo Preconditioner 8.block_0 ([torch.Size([0]), torch.Size([0]), torch.Size([0])]) for Parameter 8 (torch.Size([512, 256, 3, 3])), Block block_0 (torch.Size([512, 768, 3])).
I0315 17:42:37.921733 139998127166656 shampoo_preconditioner_list.py:574] Instantiated Shampoo Preconditioner 9.block_0 ([torch.Size([0]), torch.Size([0]), torch.Size([0])]) for Parameter 9 (torch.Size([512, 512, 3, 3])), Block block_0 (torch.Size([512, 512, 9])).
I0315 17:42:37.921875 139998127166656 shampoo_preconditioner_list.py:574] Instantiated Shampoo Preconditioner 10.block_0 ([torch.Size([0]), torch.Size([0]), torch.Size([0])]) for Parameter 10 (torch.Size([256, 512, 3, 3])), Block block_0 (torch.Size([256, 512, 9])).
I0315 17:42:37.922012 139998127166656 shampoo_preconditioner_list.py:574] Instantiated Shampoo Preconditioner 11.block_0 ([torch.Size([0]), torch.Size([0]), torch.Size([0])]) for Parameter 11 (torch.Size([256, 256, 3, 3])), Block block_0 (torch.Size([256, 768, 3])).
I0315 17:42:37.922162 139998127166656 shampoo_preconditioner_list.py:574] Instantiated Shampoo Preconditioner 12.block_0 ([torch.Size([0]), torch.Size([0]), torch.Size([0])]) for Parameter 12 (torch.Size([128, 256, 3, 3])), Block block_0 (torch.Size([128, 768, 3])).
I0315 17:42:37.922309 139998127166656 shampoo_preconditioner_list.py:574] Instantiated Shampoo Preconditioner 13.block_0 ([torch.Size([0]), torch.Size([0]), torch.Size([0])]) for Parameter 13 (torch.Size([128, 128, 3, 3])), Block block_0 (torch.Size([128, 384, 3])).
I0315 17:42:37.922447 139998127166656 shampoo_preconditioner_list.py:574] Instantiated Shampoo Preconditioner 14.block_0 ([torch.Size([0]), torch.Size([0]), torch.Size([0])]) for Parameter 14 (torch.Size([64, 128, 3, 3])), Block block_0 (torch.Size([64, 384, 3])).
I0315 17:42:37.922586 139998127166656 shampoo_preconditioner_list.py:574] Instantiated Shampoo Preconditioner 15.block_0 ([torch.Size([0]), torch.Size([0])]) for Parameter 15 (torch.Size([64, 64, 3, 3])), Block block_0 (torch.Size([64, 576])).
I0315 17:42:37.922711 139998127166656 shampoo_preconditioner_list.py:574] Instantiated Shampoo Preconditioner 16.block_0 ([torch.Size([0]), torch.Size([0])]) for Parameter 16 (torch.Size([32, 64, 3, 3])), Block block_0 (torch.Size([32, 576])).
I0315 17:42:37.922830 139998127166656 shampoo_preconditioner_list.py:574] Instantiated Shampoo Preconditioner 17.block_0 ([torch.Size([0]), torch.Size([0])]) for Parameter 17 (torch.Size([32, 32, 3, 3])), Block block_0 (torch.Size([1024, 9])).
I0315 17:42:37.922919 139998127166656 shampoo_preconditioner_list.py:574] Instantiated Shampoo Preconditioner 18.block_0 ([torch.Size([0])]) for Parameter 18 (torch.Size([1, 32, 1, 1])), Block block_0 (torch.Size([32])).
I0315 17:42:37.923015 139998127166656 shampoo_preconditioner_list.py:574] Instantiated Shampoo Preconditioner 19.block_0 ([torch.Size([0])]) for Parameter 19 (torch.Size([1])), Block block_0 (torch.Size([1])).
I0315 17:42:37.923130 139998127166656 shampoo_preconditioner_list.py:574] Instantiated Shampoo Preconditioner 20.block_0 ([torch.Size([0]), torch.Size([0])]) for Parameter 20 (torch.Size([512, 256, 2, 2])), Block block_0 (torch.Size([512, 1024])).
I0315 17:42:37.923251 139998127166656 shampoo_preconditioner_list.py:574] Instantiated Shampoo Preconditioner 21.block_0 ([torch.Size([0]), torch.Size([0])]) for Parameter 21 (torch.Size([256, 128, 2, 2])), Block block_0 (torch.Size([256, 512])).
I0315 17:42:37.923372 139998127166656 shampoo_preconditioner_list.py:574] Instantiated Shampoo Preconditioner 22.block_0 ([torch.Size([0]), torch.Size([0])]) for Parameter 22 (torch.Size([128, 64, 2, 2])), Block block_0 (torch.Size([128, 256])).
I0315 17:42:37.923487 139998127166656 shampoo_preconditioner_list.py:574] Instantiated Shampoo Preconditioner 23.block_0 ([torch.Size([0]), torch.Size([0])]) for Parameter 23 (torch.Size([64, 32, 2, 2])), Block block_0 (torch.Size([64, 128])).
I0315 17:42:37.923607 139998127166656 shampoo_preconditioner_list.py:612] Rank 3: ShampooPreconditionerList Numel Breakdown: (165888, 2097314, 174080, 671744, 696320, 327698, 426002, 1310738, 1703954, 1048738, 655522, 1310738, 1212434, 327698, 303122, 671744, 665600, 2097314, 2048, 2, 2621440, 655360, 163840, 40960)
I0315 17:42:37.923653 139998127166656 shampoo_preconditioner_list.py:615] Rank 3: ShampooPreconditionerList Bytes Breakdown: (663552, 8389256)
I0315 17:42:37.923694 139998127166656 shampoo_preconditioner_list.py:618] Rank 3: ShampooPreconditionerList Total Elements: 19350298
I0315 17:42:37.923730 139998127166656 shampoo_preconditioner_list.py:621] Rank 3: ShampooPreconditionerList Total Bytes: 9052808
I0315 17:42:37.923892 139998127166656 shampoo_preconditioner_list.py:352] Instantiated Adagrad Preconditioner 0.block_0 (torch.Size([0])) for Parameter 0 (torch.Size([32, 1, 3, 3])), Block block_0 (torch.Size([288])).
I0315 17:42:37.923987 139998127166656 shampoo_preconditioner_list.py:352] Instantiated Adagrad Preconditioner 1.block_0 (torch.Size([0])) for Parameter 1 (torch.Size([32, 32, 3, 3])), Block block_0 (torch.Size([1024, 9])).
I0315 17:42:37.924113 139998127166656 shampoo_preconditioner_list.py:352] Instantiated Adagrad Preconditioner 2.block_0 (torch.Size([64, 288])) for Parameter 2 (torch.Size([64, 32, 3, 3])), Block block_0 (torch.Size([64, 288])).
I0315 17:42:37.924194 139998127166656 shampoo_preconditioner_list.py:352] Instantiated Adagrad Preconditioner 3.block_0 (torch.Size([0])) for Parameter 3 (torch.Size([64, 64, 3, 3])), Block block_0 (torch.Size([64, 576])).
I0315 17:42:37.924253 139998127166656 shampoo_preconditioner_list.py:352] Instantiated Adagrad Preconditioner 4.block_0 (torch.Size([0])) for Parameter 4 (torch.Size([128, 64, 3, 3])), Block block_0 (torch.Size([128, 576])).
I0315 17:42:37.924311 139998127166656 shampoo_preconditioner_list.py:352] Instantiated Adagrad Preconditioner 5.block_0 (torch.Size([0])) for Parameter 5 (torch.Size([128, 128, 3, 3])), Block block_0 (torch.Size([128, 384, 3])).
I0315 17:42:37.924369 139998127166656 shampoo_preconditioner_list.py:352] Instantiated Adagrad Preconditioner 6.block_0 (torch.Size([0])) for Parameter 6 (torch.Size([256, 128, 3, 3])), Block block_0 (torch.Size([256, 384, 3])).
I0315 17:42:37.924468 139998127166656 shampoo_preconditioner_list.py:352] Instantiated Adagrad Preconditioner 7.block_0 (torch.Size([256, 768, 3])) for Parameter 7 (torch.Size([256, 256, 3, 3])), Block block_0 (torch.Size([256, 768, 3])).
I0315 17:42:37.924569 139998127166656 shampoo_preconditioner_list.py:352] Instantiated Adagrad Preconditioner 8.block_0 (torch.Size([0])) for Parameter 8 (torch.Size([512, 256, 3, 3])), Block block_0 (torch.Size([512, 768, 3])).
I0315 17:42:37.924633 139998127166656 shampoo_preconditioner_list.py:352] Instantiated Adagrad Preconditioner 9.block_0 (torch.Size([0])) for Parameter 9 (torch.Size([512, 512, 3, 3])), Block block_0 (torch.Size([512, 512, 9])).
I0315 17:42:37.924695 139998127166656 shampoo_preconditioner_list.py:352] Instantiated Adagrad Preconditioner 10.block_0 (torch.Size([0])) for Parameter 10 (torch.Size([256, 512, 3, 3])), Block block_0 (torch.Size([256, 512, 9])).
I0315 17:42:37.924756 139998127166656 shampoo_preconditioner_list.py:352] Instantiated Adagrad Preconditioner 11.block_0 (torch.Size([0])) for Parameter 11 (torch.Size([256, 256, 3, 3])), Block block_0 (torch.Size([256, 768, 3])).
I0315 17:42:37.924815 139998127166656 shampoo_preconditioner_list.py:352] Instantiated Adagrad Preconditioner 12.block_0 (torch.Size([0])) for Parameter 12 (torch.Size([128, 256, 3, 3])), Block block_0 (torch.Size([128, 768, 3])).
I0315 17:42:37.924884 139998127166656 shampoo_preconditioner_list.py:352] Instantiated Adagrad Preconditioner 13.block_0 (torch.Size([0])) for Parameter 13 (torch.Size([128, 128, 3, 3])), Block block_0 (torch.Size([128, 384, 3])).
I0315 17:42:37.924943 139998127166656 shampoo_preconditioner_list.py:352] Instantiated Adagrad Preconditioner 14.block_0 (torch.Size([0])) for Parameter 14 (torch.Size([64, 128, 3, 3])), Block block_0 (torch.Size([64, 384, 3])).
I0315 17:42:37.925010 139998127166656 shampoo_preconditioner_list.py:352] Instantiated Adagrad Preconditioner 15.block_0 (torch.Size([0])) for Parameter 15 (torch.Size([64, 64, 3, 3])), Block block_0 (torch.Size([64, 576])).
I0315 17:42:37.925070 139998127166656 shampoo_preconditioner_list.py:352] Instantiated Adagrad Preconditioner 16.block_0 (torch.Size([0])) for Parameter 16 (torch.Size([32, 64, 3, 3])), Block block_0 (torch.Size([32, 576])).
I0315 17:42:37.925127 139998127166656 shampoo_preconditioner_list.py:352] Instantiated Adagrad Preconditioner 17.block_0 (torch.Size([0])) for Parameter 17 (torch.Size([32, 32, 3, 3])), Block block_0 (torch.Size([1024, 9])).
I0315 17:42:37.925186 139998127166656 shampoo_preconditioner_list.py:352] Instantiated Adagrad Preconditioner 18.block_0 (torch.Size([0])) for Parameter 18 (torch.Size([1, 32, 1, 1])), Block block_0 (torch.Size([32])).
I0315 17:42:37.925243 139998127166656 shampoo_preconditioner_list.py:352] Instantiated Adagrad Preconditioner 19.block_0 (torch.Size([0])) for Parameter 19 (torch.Size([1])), Block block_0 (torch.Size([1])).
I0315 17:42:37.925301 139998127166656 shampoo_preconditioner_list.py:352] Instantiated Adagrad Preconditioner 20.block_0 (torch.Size([0])) for Parameter 20 (torch.Size([512, 256, 2, 2])), Block block_0 (torch.Size([512, 1024])).
I0315 17:42:37.925359 139998127166656 shampoo_preconditioner_list.py:352] Instantiated Adagrad Preconditioner 21.block_0 (torch.Size([0])) for Parameter 21 (torch.Size([256, 128, 2, 2])), Block block_0 (torch.Size([256, 512])).
I0315 17:42:37.925417 139998127166656 shampoo_preconditioner_list.py:352] Instantiated Adagrad Preconditioner 22.block_0 (torch.Size([0])) for Parameter 22 (torch.Size([128, 64, 2, 2])), Block block_0 (torch.Size([128, 256])).
I0315 17:42:37.925474 139998127166656 shampoo_preconditioner_list.py:352] Instantiated Adagrad Preconditioner 23.block_0 (torch.Size([0])) for Parameter 23 (torch.Size([64, 32, 2, 2])), Block block_0 (torch.Size([64, 128])).
I0315 17:42:37.925557 139998127166656 shampoo_preconditioner_list.py:375] Rank 3: AdaGradPreconditionerList Numel Breakdown: (0, 0, 18432, 0, 0, 0, 0, 589824, 0, 0, 0, 0, 0, 0, 0, 0, 0, 0, 0, 0, 0, 0, 0, 0)
I0315 17:42:37.925617 139998127166656 shampoo_preconditioner_list.py:378] Rank 3: AdaGradPreconditionerList Bytes Breakdown: (0, 0, 73728, 0, 0, 0, 0, 2359296, 0, 0, 0, 0, 0, 0, 0, 0, 0, 0, 0, 0, 0, 0, 0, 0)
I0315 17:42:37.925656 139998127166656 shampoo_preconditioner_list.py:381] Rank 3: AdaGradPreconditionerList Total Elements: 608256
I0315 17:42:37.925706 139998127166656 shampoo_preconditioner_list.py:384] Rank 3: AdaGradPreconditionerList Total Bytes: 2433024
I0315 17:42:37.927071 139998127166656 logger_utils.py:262] Unable to record workload.train_mean information. Continuing without it.
I0315 17:42:37.927155 139998127166656 logger_utils.py:262] Unable to record workload.train_stddev information. Continuing without it.
I0315 17:42:38.150865 140460036412608 submission_runner.py:325] Saving flags to /experiment_runs/submissions/rolling_leaderboard/external_tuning/shampoo/study_1/fastmri_pytorch/trial_4/flags_0.json.
I0315 17:42:38.212153 140460036412608 submission_runner.py:337] Starting training loop.
[rank6]:W0315 17:42:38.245000 50 site-packages/torch/_logging/_internal.py:1081] [0/0] Profiler function <class 'torch.autograd.profiler.record_function'> will be ignored
[rank1]:W0315 17:42:38.245000 45 site-packages/torch/_logging/_internal.py:1081] [0/0] Profiler function <class 'torch.autograd.profiler.record_function'> will be ignored
[rank2]:W0315 17:42:38.245000 46 site-packages/torch/_logging/_internal.py:1081] [0/0] Profiler function <class 'torch.autograd.profiler.record_function'> will be ignored
[rank5]:W0315 17:42:38.245000 49 site-packages/torch/_logging/_internal.py:1081] [0/0] Profiler function <class 'torch.autograd.profiler.record_function'> will be ignored
[rank7]:W0315 17:42:38.246000 51 site-packages/torch/_logging/_internal.py:1081] [0/0] Profiler function <class 'torch.autograd.profiler.record_function'> will be ignored
[rank4]:W0315 17:42:38.247000 48 site-packages/torch/_logging/_internal.py:1081] [0/0] Profiler function <class 'torch.autograd.profiler.record_function'> will be ignored
[rank3]:W0315 17:42:38.247000 47 site-packages/torch/_logging/_internal.py:1081] [0/0] Profiler function <class 'torch.autograd.profiler.record_function'> will be ignored
[rank0]:W0315 17:43:04.669000 44 site-packages/torch/_logging/_internal.py:1081] [0/0] Profiler function <class 'torch.autograd.profiler.record_function'> will be ignored
[rank5]:W0315 17:43:40.070000 49 site-packages/torch/_dynamo/convert_frame.py:844] [2/8] torch._dynamo hit config.cache_size_limit (8)
[rank5]:W0315 17:43:40.070000 49 site-packages/torch/_dynamo/convert_frame.py:844] [2/8]    function: 'forward' (/algorithmic-efficiency/algoperf/workloads/fastmri/fastmri_pytorch/models.py:141)
[rank5]:W0315 17:43:40.070000 49 site-packages/torch/_dynamo/convert_frame.py:844] [2/8]    last reason: 2/0: tensor 'L['x']' requires_grad mismatch. expected requires_grad=0
[rank5]:W0315 17:43:40.070000 49 site-packages/torch/_dynamo/convert_frame.py:844] [2/8] To log all recompilation reasons, use TORCH_LOGS="recompiles".
[rank5]:W0315 17:43:40.070000 49 site-packages/torch/_dynamo/convert_frame.py:844] [2/8] To diagnose recompilation issues, see https://pytorch.org/docs/main/torch.compiler_troubleshooting.html.
[rank2]:W0315 17:43:40.194000 46 site-packages/torch/_dynamo/convert_frame.py:844] [2/8] torch._dynamo hit config.cache_size_limit (8)
[rank2]:W0315 17:43:40.194000 46 site-packages/torch/_dynamo/convert_frame.py:844] [2/8]    function: 'forward' (/algorithmic-efficiency/algoperf/workloads/fastmri/fastmri_pytorch/models.py:141)
[rank2]:W0315 17:43:40.194000 46 site-packages/torch/_dynamo/convert_frame.py:844] [2/8]    last reason: 2/0: tensor 'L['x']' requires_grad mismatch. expected requires_grad=0
[rank2]:W0315 17:43:40.194000 46 site-packages/torch/_dynamo/convert_frame.py:844] [2/8] To log all recompilation reasons, use TORCH_LOGS="recompiles".
[rank2]:W0315 17:43:40.194000 46 site-packages/torch/_dynamo/convert_frame.py:844] [2/8] To diagnose recompilation issues, see https://pytorch.org/docs/main/torch.compiler_troubleshooting.html.
[rank7]:W0315 17:43:40.233000 51 site-packages/torch/_dynamo/convert_frame.py:844] [2/8] torch._dynamo hit config.cache_size_limit (8)
[rank7]:W0315 17:43:40.233000 51 site-packages/torch/_dynamo/convert_frame.py:844] [2/8]    function: 'forward' (/algorithmic-efficiency/algoperf/workloads/fastmri/fastmri_pytorch/models.py:141)
[rank7]:W0315 17:43:40.233000 51 site-packages/torch/_dynamo/convert_frame.py:844] [2/8]    last reason: 2/0: tensor 'L['x']' requires_grad mismatch. expected requires_grad=0
[rank7]:W0315 17:43:40.233000 51 site-packages/torch/_dynamo/convert_frame.py:844] [2/8] To log all recompilation reasons, use TORCH_LOGS="recompiles".
[rank7]:W0315 17:43:40.233000 51 site-packages/torch/_dynamo/convert_frame.py:844] [2/8] To diagnose recompilation issues, see https://pytorch.org/docs/main/torch.compiler_troubleshooting.html.
[rank3]:W0315 17:43:40.315000 47 site-packages/torch/_dynamo/convert_frame.py:844] [2/8] torch._dynamo hit config.cache_size_limit (8)
[rank3]:W0315 17:43:40.315000 47 site-packages/torch/_dynamo/convert_frame.py:844] [2/8]    function: 'forward' (/algorithmic-efficiency/algoperf/workloads/fastmri/fastmri_pytorch/models.py:141)
[rank3]:W0315 17:43:40.315000 47 site-packages/torch/_dynamo/convert_frame.py:844] [2/8]    last reason: 2/0: tensor 'L['x']' requires_grad mismatch. expected requires_grad=0
[rank3]:W0315 17:43:40.315000 47 site-packages/torch/_dynamo/convert_frame.py:844] [2/8] To log all recompilation reasons, use TORCH_LOGS="recompiles".
[rank3]:W0315 17:43:40.315000 47 site-packages/torch/_dynamo/convert_frame.py:844] [2/8] To diagnose recompilation issues, see https://pytorch.org/docs/main/torch.compiler_troubleshooting.html.
[rank6]:W0315 17:43:40.706000 50 site-packages/torch/_dynamo/convert_frame.py:844] [2/8] torch._dynamo hit config.cache_size_limit (8)
[rank6]:W0315 17:43:40.706000 50 site-packages/torch/_dynamo/convert_frame.py:844] [2/8]    function: 'forward' (/algorithmic-efficiency/algoperf/workloads/fastmri/fastmri_pytorch/models.py:141)
[rank6]:W0315 17:43:40.706000 50 site-packages/torch/_dynamo/convert_frame.py:844] [2/8]    last reason: 2/0: tensor 'L['x']' requires_grad mismatch. expected requires_grad=0
[rank6]:W0315 17:43:40.706000 50 site-packages/torch/_dynamo/convert_frame.py:844] [2/8] To log all recompilation reasons, use TORCH_LOGS="recompiles".
[rank6]:W0315 17:43:40.706000 50 site-packages/torch/_dynamo/convert_frame.py:844] [2/8] To diagnose recompilation issues, see https://pytorch.org/docs/main/torch.compiler_troubleshooting.html.
[rank1]:W0315 17:43:40.869000 45 site-packages/torch/_dynamo/convert_frame.py:844] [2/8] torch._dynamo hit config.cache_size_limit (8)
[rank1]:W0315 17:43:40.869000 45 site-packages/torch/_dynamo/convert_frame.py:844] [2/8]    function: 'forward' (/algorithmic-efficiency/algoperf/workloads/fastmri/fastmri_pytorch/models.py:141)
[rank1]:W0315 17:43:40.869000 45 site-packages/torch/_dynamo/convert_frame.py:844] [2/8]    last reason: 2/0: tensor 'L['x']' requires_grad mismatch. expected requires_grad=0
[rank1]:W0315 17:43:40.869000 45 site-packages/torch/_dynamo/convert_frame.py:844] [2/8] To log all recompilation reasons, use TORCH_LOGS="recompiles".
[rank1]:W0315 17:43:40.869000 45 site-packages/torch/_dynamo/convert_frame.py:844] [2/8] To diagnose recompilation issues, see https://pytorch.org/docs/main/torch.compiler_troubleshooting.html.
[rank4]:W0315 17:43:40.933000 48 site-packages/torch/_dynamo/convert_frame.py:844] [2/8] torch._dynamo hit config.cache_size_limit (8)
[rank4]:W0315 17:43:40.933000 48 site-packages/torch/_dynamo/convert_frame.py:844] [2/8]    function: 'forward' (/algorithmic-efficiency/algoperf/workloads/fastmri/fastmri_pytorch/models.py:141)
[rank4]:W0315 17:43:40.933000 48 site-packages/torch/_dynamo/convert_frame.py:844] [2/8]    last reason: 2/0: tensor 'L['x']' requires_grad mismatch. expected requires_grad=0
[rank4]:W0315 17:43:40.933000 48 site-packages/torch/_dynamo/convert_frame.py:844] [2/8] To log all recompilation reasons, use TORCH_LOGS="recompiles".
[rank4]:W0315 17:43:40.933000 48 site-packages/torch/_dynamo/convert_frame.py:844] [2/8] To diagnose recompilation issues, see https://pytorch.org/docs/main/torch.compiler_troubleshooting.html.
[rank0]:W0315 17:43:42.560000 44 site-packages/torch/_dynamo/convert_frame.py:844] [2/8] torch._dynamo hit config.cache_size_limit (8)
[rank0]:W0315 17:43:42.560000 44 site-packages/torch/_dynamo/convert_frame.py:844] [2/8]    function: 'forward' (/algorithmic-efficiency/algoperf/workloads/fastmri/fastmri_pytorch/models.py:141)
[rank0]:W0315 17:43:42.560000 44 site-packages/torch/_dynamo/convert_frame.py:844] [2/8]    last reason: 2/0: tensor 'L['x']' requires_grad mismatch. expected requires_grad=0
[rank0]:W0315 17:43:42.560000 44 site-packages/torch/_dynamo/convert_frame.py:844] [2/8] To log all recompilation reasons, use TORCH_LOGS="recompiles".
[rank0]:W0315 17:43:42.560000 44 site-packages/torch/_dynamo/convert_frame.py:844] [2/8] To diagnose recompilation issues, see https://pytorch.org/docs/main/torch.compiler_troubleshooting.html.
I0315 17:43:53.688602 140432626222848 logging_writer.py:48] [0] global_step=0, grad_norm=2.55172, loss=0.815781
I0315 17:43:53.706840 140460036412608 submission.py:265] 0) loss = 0.816, grad_norm = 2.552
I0315 17:43:54.437507 140460036412608 spec.py:321] Evaluating on the training split.
I0315 17:45:15.967395 140460036412608 spec.py:333] Evaluating on the validation split.
I0315 17:45:50.007912 140460036412608 spec.py:349] Evaluating on the test split.
I0315 17:46:12.922897 140460036412608 submission_runner.py:469] Time since start: 214.71s, 	Step: 1, 	{'train/ssim': 0.2341423715863909, 'train/loss': 0.8492206164768764, 'validation/ssim': 0.22225685956844402, 'validation/loss': 0.8620637755214196, 'validation/num_examples': 3554, 'test/ssim': 0.24622770009577458, 'test/loss': 0.858143320432491, 'test/num_examples': 3581, 'score': 75.49568057060242, 'total_duration': 214.71094751358032, 'accumulated_submission_time': 75.49568057060242, 'accumulated_eval_time': 138.4857199192047, 'accumulated_logging_time': 0}
I0315 17:46:12.932491 140409929987840 logging_writer.py:48] [1] accumulated_eval_time=138.486, accumulated_logging_time=0, accumulated_submission_time=75.4957, global_step=1, preemption_count=0, score=75.4957, test/loss=0.858143, test/num_examples=3581, test/ssim=0.246228, total_duration=214.711, train/loss=0.849221, train/ssim=0.234142, validation/loss=0.862064, validation/num_examples=3554, validation/ssim=0.222257
I0315 17:46:14.131094 140409921595136 logging_writer.py:48] [1] global_step=1, grad_norm=3.12419, loss=0.875258
I0315 17:46:14.134509 140460036412608 submission.py:265] 1) loss = 0.875, grad_norm = 3.124
I0315 17:46:14.243611 140409929987840 logging_writer.py:48] [2] global_step=2, grad_norm=2.95905, loss=0.832837
I0315 17:46:14.248688 140460036412608 submission.py:265] 2) loss = 0.833, grad_norm = 2.959
I0315 17:46:14.353467 140409921595136 logging_writer.py:48] [3] global_step=3, grad_norm=3.60766, loss=0.918581
I0315 17:46:14.357628 140460036412608 submission.py:265] 3) loss = 0.919, grad_norm = 3.608
I0315 17:46:14.473444 140409929987840 logging_writer.py:48] [4] global_step=4, grad_norm=3.08548, loss=0.848758
I0315 17:46:14.477470 140460036412608 submission.py:265] 4) loss = 0.849, grad_norm = 3.085
I0315 17:46:14.554894 140409921595136 logging_writer.py:48] [5] global_step=5, grad_norm=2.82173, loss=0.84355
I0315 17:46:14.559390 140460036412608 submission.py:265] 5) loss = 0.844, grad_norm = 2.822
I0315 17:46:14.643552 140409929987840 logging_writer.py:48] [6] global_step=6, grad_norm=3.02218, loss=0.879231
I0315 17:46:14.648252 140460036412608 submission.py:265] 6) loss = 0.879, grad_norm = 3.022
I0315 17:46:14.741800 140409921595136 logging_writer.py:48] [7] global_step=7, grad_norm=2.97892, loss=0.77721
I0315 17:46:14.746253 140460036412608 submission.py:265] 7) loss = 0.777, grad_norm = 2.979
I0315 17:46:14.830486 140409929987840 logging_writer.py:48] [8] global_step=8, grad_norm=2.81995, loss=0.760054
I0315 17:46:14.838007 140460036412608 submission.py:265] 8) loss = 0.760, grad_norm = 2.820
I0315 17:46:14.924353 140409921595136 logging_writer.py:48] [9] global_step=9, grad_norm=2.60987, loss=0.840379
I0315 17:46:14.931951 140460036412608 submission.py:265] 9) loss = 0.840, grad_norm = 2.610
I0315 17:46:15.013213 140409929987840 logging_writer.py:48] [10] global_step=10, grad_norm=2.65516, loss=0.857396
I0315 17:46:15.017569 140460036412608 submission.py:265] 10) loss = 0.857, grad_norm = 2.655
I0315 17:46:15.101034 140409921595136 logging_writer.py:48] [11] global_step=11, grad_norm=2.17472, loss=0.770534
I0315 17:46:15.105417 140460036412608 submission.py:265] 11) loss = 0.771, grad_norm = 2.175
I0315 17:46:15.187026 140409929987840 logging_writer.py:48] [12] global_step=12, grad_norm=2.45967, loss=0.73915
I0315 17:46:15.191818 140460036412608 submission.py:265] 12) loss = 0.739, grad_norm = 2.460
I0315 17:46:15.276585 140409921595136 logging_writer.py:48] [13] global_step=13, grad_norm=2.10424, loss=0.720815
I0315 17:46:15.280720 140460036412608 submission.py:265] 13) loss = 0.721, grad_norm = 2.104
I0315 17:46:15.367394 140409929987840 logging_writer.py:48] [14] global_step=14, grad_norm=1.78562, loss=0.717212
I0315 17:46:15.375873 140460036412608 submission.py:265] 14) loss = 0.717, grad_norm = 1.786
I0315 17:46:15.468333 140409921595136 logging_writer.py:48] [15] global_step=15, grad_norm=1.9131, loss=0.818761
I0315 17:46:15.473540 140460036412608 submission.py:265] 15) loss = 0.819, grad_norm = 1.913
I0315 17:46:15.543522 140409929987840 logging_writer.py:48] [16] global_step=16, grad_norm=1.77373, loss=0.733429
I0315 17:46:15.549290 140460036412608 submission.py:265] 16) loss = 0.733, grad_norm = 1.774
I0315 17:46:15.629471 140409921595136 logging_writer.py:48] [17] global_step=17, grad_norm=1.49187, loss=0.644884
I0315 17:46:15.633481 140460036412608 submission.py:265] 17) loss = 0.645, grad_norm = 1.492
I0315 17:46:15.701313 140409929987840 logging_writer.py:48] [18] global_step=18, grad_norm=1.35087, loss=0.644582
I0315 17:46:15.705007 140460036412608 submission.py:265] 18) loss = 0.645, grad_norm = 1.351
I0315 17:46:15.790737 140409921595136 logging_writer.py:48] [19] global_step=19, grad_norm=1.51966, loss=0.66295
I0315 17:46:15.795911 140460036412608 submission.py:265] 19) loss = 0.663, grad_norm = 1.520
I0315 17:46:15.883240 140409929987840 logging_writer.py:48] [20] global_step=20, grad_norm=1.25367, loss=0.567562
I0315 17:46:15.887969 140460036412608 submission.py:265] 20) loss = 0.568, grad_norm = 1.254
I0315 17:46:15.970520 140409921595136 logging_writer.py:48] [21] global_step=21, grad_norm=1.32445, loss=0.682651
I0315 17:46:15.974596 140460036412608 submission.py:265] 21) loss = 0.683, grad_norm = 1.324
I0315 17:46:16.053634 140409929987840 logging_writer.py:48] [22] global_step=22, grad_norm=1.52218, loss=0.683101
I0315 17:46:16.058737 140460036412608 submission.py:265] 22) loss = 0.683, grad_norm = 1.522
I0315 17:46:16.146587 140409921595136 logging_writer.py:48] [23] global_step=23, grad_norm=1.35918, loss=0.645245
I0315 17:46:16.150655 140460036412608 submission.py:265] 23) loss = 0.645, grad_norm = 1.359
I0315 17:46:16.232310 140409929987840 logging_writer.py:48] [24] global_step=24, grad_norm=1.41211, loss=0.659605
I0315 17:46:16.237360 140460036412608 submission.py:265] 24) loss = 0.660, grad_norm = 1.412
I0315 17:46:16.336132 140409921595136 logging_writer.py:48] [25] global_step=25, grad_norm=1.41255, loss=0.643061
I0315 17:46:16.340339 140460036412608 submission.py:265] 25) loss = 0.643, grad_norm = 1.413
I0315 17:46:16.433917 140409929987840 logging_writer.py:48] [26] global_step=26, grad_norm=1.19883, loss=0.75228
I0315 17:46:16.438306 140460036412608 submission.py:265] 26) loss = 0.752, grad_norm = 1.199
I0315 17:46:16.530369 140409921595136 logging_writer.py:48] [27] global_step=27, grad_norm=1.43455, loss=0.589729
I0315 17:46:16.535743 140460036412608 submission.py:265] 27) loss = 0.590, grad_norm = 1.435
I0315 17:46:16.619021 140409929987840 logging_writer.py:48] [28] global_step=28, grad_norm=1.34992, loss=0.615018
I0315 17:46:16.623624 140460036412608 submission.py:265] 28) loss = 0.615, grad_norm = 1.350
I0315 17:46:16.699579 140409921595136 logging_writer.py:48] [29] global_step=29, grad_norm=1.12302, loss=0.589846
I0315 17:46:16.704251 140460036412608 submission.py:265] 29) loss = 0.590, grad_norm = 1.123
I0315 17:46:16.791587 140409929987840 logging_writer.py:48] [30] global_step=30, grad_norm=1.39162, loss=0.562364
I0315 17:46:16.795974 140460036412608 submission.py:265] 30) loss = 0.562, grad_norm = 1.392
I0315 17:46:16.883181 140409921595136 logging_writer.py:48] [31] global_step=31, grad_norm=1.73568, loss=0.556839
I0315 17:46:16.890606 140460036412608 submission.py:265] 31) loss = 0.557, grad_norm = 1.736
I0315 17:46:16.976249 140409929987840 logging_writer.py:48] [32] global_step=32, grad_norm=1.32504, loss=0.597049
I0315 17:46:16.984266 140460036412608 submission.py:265] 32) loss = 0.597, grad_norm = 1.325
I0315 17:46:17.074776 140409921595136 logging_writer.py:48] [33] global_step=33, grad_norm=1.13256, loss=0.57213
I0315 17:46:17.078774 140460036412608 submission.py:265] 33) loss = 0.572, grad_norm = 1.133
I0315 17:46:17.162533 140409929987840 logging_writer.py:48] [34] global_step=34, grad_norm=1.29091, loss=0.56747
I0315 17:46:17.167017 140460036412608 submission.py:265] 34) loss = 0.567, grad_norm = 1.291
I0315 17:46:17.256196 140409921595136 logging_writer.py:48] [35] global_step=35, grad_norm=1.13791, loss=0.556671
I0315 17:46:17.266405 140460036412608 submission.py:265] 35) loss = 0.557, grad_norm = 1.138
I0315 17:46:17.349774 140409929987840 logging_writer.py:48] [36] global_step=36, grad_norm=0.950391, loss=0.532135
I0315 17:46:17.355134 140460036412608 submission.py:265] 36) loss = 0.532, grad_norm = 0.950
I0315 17:46:17.441445 140409921595136 logging_writer.py:48] [37] global_step=37, grad_norm=1.35863, loss=0.51093
I0315 17:46:17.448043 140460036412608 submission.py:265] 37) loss = 0.511, grad_norm = 1.359
I0315 17:46:17.521371 140409929987840 logging_writer.py:48] [38] global_step=38, grad_norm=1.27463, loss=0.49926
I0315 17:46:17.525514 140460036412608 submission.py:265] 38) loss = 0.499, grad_norm = 1.275
I0315 17:46:17.598875 140409921595136 logging_writer.py:48] [39] global_step=39, grad_norm=1.39118, loss=0.4684
I0315 17:46:17.604402 140460036412608 submission.py:265] 39) loss = 0.468, grad_norm = 1.391
I0315 17:46:17.689588 140409929987840 logging_writer.py:48] [40] global_step=40, grad_norm=1.57113, loss=0.530683
I0315 17:46:17.695453 140460036412608 submission.py:265] 40) loss = 0.531, grad_norm = 1.571
I0315 17:46:17.767061 140409921595136 logging_writer.py:48] [41] global_step=41, grad_norm=1.1266, loss=0.518544
I0315 17:46:17.773706 140460036412608 submission.py:265] 41) loss = 0.519, grad_norm = 1.127
I0315 17:46:17.851139 140409929987840 logging_writer.py:48] [42] global_step=42, grad_norm=1.30112, loss=0.519181
I0315 17:46:17.861212 140460036412608 submission.py:265] 42) loss = 0.519, grad_norm = 1.301
I0315 17:46:17.934535 140409921595136 logging_writer.py:48] [43] global_step=43, grad_norm=1.2581, loss=0.524902
I0315 17:46:17.943492 140460036412608 submission.py:265] 43) loss = 0.525, grad_norm = 1.258
I0315 17:46:18.022878 140409929987840 logging_writer.py:48] [44] global_step=44, grad_norm=1.37281, loss=0.479321
I0315 17:46:18.027558 140460036412608 submission.py:265] 44) loss = 0.479, grad_norm = 1.373
I0315 17:46:18.110422 140409921595136 logging_writer.py:48] [45] global_step=45, grad_norm=1.30294, loss=0.453808
I0315 17:46:18.115422 140460036412608 submission.py:265] 45) loss = 0.454, grad_norm = 1.303
I0315 17:46:18.194174 140409929987840 logging_writer.py:48] [46] global_step=46, grad_norm=1.13147, loss=0.446158
I0315 17:46:18.198177 140460036412608 submission.py:265] 46) loss = 0.446, grad_norm = 1.131
I0315 17:46:18.281040 140409921595136 logging_writer.py:48] [47] global_step=47, grad_norm=1.20211, loss=0.473465
I0315 17:46:18.286344 140460036412608 submission.py:265] 47) loss = 0.473, grad_norm = 1.202
I0315 17:46:18.365331 140409929987840 logging_writer.py:48] [48] global_step=48, grad_norm=1.47273, loss=0.548743
I0315 17:46:18.369307 140460036412608 submission.py:265] 48) loss = 0.549, grad_norm = 1.473
I0315 17:46:18.449269 140409921595136 logging_writer.py:48] [49] global_step=49, grad_norm=1.0252, loss=0.423333
I0315 17:46:18.453241 140460036412608 submission.py:265] 49) loss = 0.423, grad_norm = 1.025
I0315 17:46:18.535552 140409929987840 logging_writer.py:48] [50] global_step=50, grad_norm=1.03507, loss=0.385963
I0315 17:46:18.540720 140460036412608 submission.py:265] 50) loss = 0.386, grad_norm = 1.035
I0315 17:46:18.617459 140409921595136 logging_writer.py:48] [51] global_step=51, grad_norm=1.00735, loss=0.404054
I0315 17:46:18.622597 140460036412608 submission.py:265] 51) loss = 0.404, grad_norm = 1.007
I0315 17:46:18.704936 140409929987840 logging_writer.py:48] [52] global_step=52, grad_norm=0.815098, loss=0.487954
I0315 17:46:18.709079 140460036412608 submission.py:265] 52) loss = 0.488, grad_norm = 0.815
I0315 17:46:18.924438 140409921595136 logging_writer.py:48] [53] global_step=53, grad_norm=1.17548, loss=0.470882
I0315 17:46:18.930758 140460036412608 submission.py:265] 53) loss = 0.471, grad_norm = 1.175
I0315 17:46:19.065982 140409929987840 logging_writer.py:48] [54] global_step=54, grad_norm=1.40393, loss=0.431795
I0315 17:46:19.071006 140460036412608 submission.py:265] 54) loss = 0.432, grad_norm = 1.404
I0315 17:46:19.363598 140409921595136 logging_writer.py:48] [55] global_step=55, grad_norm=0.98366, loss=0.414276
I0315 17:46:19.368260 140460036412608 submission.py:265] 55) loss = 0.414, grad_norm = 0.984
I0315 17:46:19.955596 140409929987840 logging_writer.py:48] [56] global_step=56, grad_norm=0.82562, loss=0.431321
I0315 17:46:19.961716 140460036412608 submission.py:265] 56) loss = 0.431, grad_norm = 0.826
I0315 17:46:20.256913 140409921595136 logging_writer.py:48] [57] global_step=57, grad_norm=1.24751, loss=0.357168
I0315 17:46:20.264590 140460036412608 submission.py:265] 57) loss = 0.357, grad_norm = 1.248
I0315 17:46:20.553382 140409929987840 logging_writer.py:48] [58] global_step=58, grad_norm=0.769686, loss=0.357305
I0315 17:46:20.558221 140460036412608 submission.py:265] 58) loss = 0.357, grad_norm = 0.770
I0315 17:46:20.709907 140409921595136 logging_writer.py:48] [59] global_step=59, grad_norm=1.41435, loss=0.390335
I0315 17:46:20.714873 140460036412608 submission.py:265] 59) loss = 0.390, grad_norm = 1.414
I0315 17:46:20.920418 140409929987840 logging_writer.py:48] [60] global_step=60, grad_norm=0.996129, loss=0.345083
I0315 17:46:20.924888 140460036412608 submission.py:265] 60) loss = 0.345, grad_norm = 0.996
I0315 17:46:21.276033 140409921595136 logging_writer.py:48] [61] global_step=61, grad_norm=1.25342, loss=0.36591
I0315 17:46:21.285832 140460036412608 submission.py:265] 61) loss = 0.366, grad_norm = 1.253
I0315 17:46:21.588417 140409929987840 logging_writer.py:48] [62] global_step=62, grad_norm=1.19984, loss=0.381701
I0315 17:46:21.595155 140460036412608 submission.py:265] 62) loss = 0.382, grad_norm = 1.200
I0315 17:46:21.844792 140409921595136 logging_writer.py:48] [63] global_step=63, grad_norm=1.4656, loss=0.356172
I0315 17:46:21.855023 140460036412608 submission.py:265] 63) loss = 0.356, grad_norm = 1.466
I0315 17:46:22.281459 140409929987840 logging_writer.py:48] [64] global_step=64, grad_norm=0.842959, loss=0.360577
I0315 17:46:22.286735 140460036412608 submission.py:265] 64) loss = 0.361, grad_norm = 0.843
I0315 17:46:22.657691 140409921595136 logging_writer.py:48] [65] global_step=65, grad_norm=1.38149, loss=0.535611
I0315 17:46:22.663375 140460036412608 submission.py:265] 65) loss = 0.536, grad_norm = 1.381
I0315 17:46:23.006593 140409929987840 logging_writer.py:48] [66] global_step=66, grad_norm=0.819877, loss=0.423083
I0315 17:46:23.011304 140460036412608 submission.py:265] 66) loss = 0.423, grad_norm = 0.820
I0315 17:46:23.327913 140409921595136 logging_writer.py:48] [67] global_step=67, grad_norm=0.647033, loss=0.300799
I0315 17:46:23.333296 140460036412608 submission.py:265] 67) loss = 0.301, grad_norm = 0.647
I0315 17:46:23.513528 140409929987840 logging_writer.py:48] [68] global_step=68, grad_norm=0.609337, loss=0.357593
I0315 17:46:23.518774 140460036412608 submission.py:265] 68) loss = 0.358, grad_norm = 0.609
I0315 17:46:23.805669 140409921595136 logging_writer.py:48] [69] global_step=69, grad_norm=0.625982, loss=0.467831
I0315 17:46:23.810425 140460036412608 submission.py:265] 69) loss = 0.468, grad_norm = 0.626
I0315 17:46:24.021649 140409929987840 logging_writer.py:48] [70] global_step=70, grad_norm=1.03028, loss=0.373094
I0315 17:46:24.026526 140460036412608 submission.py:265] 70) loss = 0.373, grad_norm = 1.030
I0315 17:46:24.183753 140409921595136 logging_writer.py:48] [71] global_step=71, grad_norm=0.680118, loss=0.453763
I0315 17:46:24.189718 140460036412608 submission.py:265] 71) loss = 0.454, grad_norm = 0.680
I0315 17:46:24.314140 140409929987840 logging_writer.py:48] [72] global_step=72, grad_norm=0.435804, loss=0.372493
I0315 17:46:24.320725 140460036412608 submission.py:265] 72) loss = 0.372, grad_norm = 0.436
I0315 17:46:24.402795 140409921595136 logging_writer.py:48] [73] global_step=73, grad_norm=1.19102, loss=0.381489
I0315 17:46:24.407992 140460036412608 submission.py:265] 73) loss = 0.381, grad_norm = 1.191
I0315 17:46:24.524156 140409929987840 logging_writer.py:48] [74] global_step=74, grad_norm=0.998806, loss=0.374273
I0315 17:46:24.529282 140460036412608 submission.py:265] 74) loss = 0.374, grad_norm = 0.999
I0315 17:46:24.702863 140409921595136 logging_writer.py:48] [75] global_step=75, grad_norm=0.696646, loss=0.437802
I0315 17:46:24.708980 140460036412608 submission.py:265] 75) loss = 0.438, grad_norm = 0.697
I0315 17:46:24.834551 140409929987840 logging_writer.py:48] [76] global_step=76, grad_norm=0.517508, loss=0.413816
I0315 17:46:24.840174 140460036412608 submission.py:265] 76) loss = 0.414, grad_norm = 0.518
I0315 17:46:24.921978 140409921595136 logging_writer.py:48] [77] global_step=77, grad_norm=0.520152, loss=0.336215
I0315 17:46:24.926885 140460036412608 submission.py:265] 77) loss = 0.336, grad_norm = 0.520
I0315 17:46:25.008974 140409929987840 logging_writer.py:48] [78] global_step=78, grad_norm=0.858819, loss=0.343848
I0315 17:46:25.014855 140460036412608 submission.py:265] 78) loss = 0.344, grad_norm = 0.859
I0315 17:46:25.096686 140409921595136 logging_writer.py:48] [79] global_step=79, grad_norm=1.1504, loss=0.304262
I0315 17:46:25.104295 140460036412608 submission.py:265] 79) loss = 0.304, grad_norm = 1.150
I0315 17:46:25.216059 140409929987840 logging_writer.py:48] [80] global_step=80, grad_norm=0.597116, loss=0.374557
I0315 17:46:25.221515 140460036412608 submission.py:265] 80) loss = 0.375, grad_norm = 0.597
I0315 17:46:25.340253 140409921595136 logging_writer.py:48] [81] global_step=81, grad_norm=0.521007, loss=0.417397
I0315 17:46:25.348529 140460036412608 submission.py:265] 81) loss = 0.417, grad_norm = 0.521
I0315 17:46:25.463687 140409929987840 logging_writer.py:48] [82] global_step=82, grad_norm=0.889255, loss=0.491115
I0315 17:46:25.468883 140460036412608 submission.py:265] 82) loss = 0.491, grad_norm = 0.889
I0315 17:46:25.567056 140409921595136 logging_writer.py:48] [83] global_step=83, grad_norm=0.748693, loss=0.444187
I0315 17:46:25.574299 140460036412608 submission.py:265] 83) loss = 0.444, grad_norm = 0.749
