I0315 18:45:05.703427 140332141286592 shampoo_preconditioner_list.py:352] Instantiated Adagrad Preconditioner 19.block_0 (torch.Size([0])) for Parameter 19 (torch.Size([1])), Block block_0 (torch.Size([1])).
I0315 18:45:05.703431 139810147488960 shampoo_preconditioner_list.py:352] Instantiated Adagrad Preconditioner 14.block_0 (torch.Size([0])) for Parameter 14 (torch.Size([64, 128, 3, 3])), Block block_0 (torch.Size([64, 384, 3])).
I0315 18:45:05.703441 140417395983552 shampoo_preconditioner_list.py:352] Instantiated Adagrad Preconditioner 4.block_0 (torch.Size([0])) for Parameter 4 (torch.Size([128, 64, 3, 3])), Block block_0 (torch.Size([128, 576])).
I0315 18:45:05.703477 140332141286592 shampoo_preconditioner_list.py:352] Instantiated Adagrad Preconditioner 20.block_0 (torch.Size([0])) for Parameter 20 (torch.Size([512, 256, 2, 2])), Block block_0 (torch.Size([512, 1024])).
I0315 18:45:05.703482 139810147488960 shampoo_preconditioner_list.py:352] Instantiated Adagrad Preconditioner 15.block_0 (torch.Size([0])) for Parameter 15 (torch.Size([64, 64, 3, 3])), Block block_0 (torch.Size([64, 576])).
I0315 18:45:05.703499 140417395983552 shampoo_preconditioner_list.py:352] Instantiated Adagrad Preconditioner 5.block_0 (torch.Size([0])) for Parameter 5 (torch.Size([128, 128, 3, 3])), Block block_0 (torch.Size([128, 384, 3])).
I0315 18:45:05.703508 140362302117056 shampoo_preconditioner_list.py:352] Instantiated Adagrad Preconditioner 19.block_0 (torch.Size([1])) for Parameter 19 (torch.Size([1])), Block block_0 (torch.Size([1])).
I0315 18:45:05.703518 139729449292992 shampoo_preconditioner_list.py:574] Instantiated Shampoo Preconditioner 10.block_0 ([torch.Size([0]), torch.Size([0]), torch.Size([0])]) for Parameter 10 (torch.Size([256, 512, 3, 3])), Block block_0 (torch.Size([256, 512, 9])).
I0315 18:45:05.703533 139810147488960 shampoo_preconditioner_list.py:352] Instantiated Adagrad Preconditioner 16.block_0 (torch.Size([0])) for Parameter 16 (torch.Size([32, 64, 3, 3])), Block block_0 (torch.Size([32, 576])).
I0315 18:45:05.703536 140332141286592 shampoo_preconditioner_list.py:352] Instantiated Adagrad Preconditioner 21.block_0 (torch.Size([0])) for Parameter 21 (torch.Size([256, 128, 2, 2])), Block block_0 (torch.Size([256, 512])).
I0315 18:45:05.703572 140417395983552 shampoo_preconditioner_list.py:352] Instantiated Adagrad Preconditioner 6.block_0 (torch.Size([0])) for Parameter 6 (torch.Size([256, 128, 3, 3])), Block block_0 (torch.Size([256, 384, 3])).
I0315 18:45:05.703587 140362302117056 shampoo_preconditioner_list.py:352] Instantiated Adagrad Preconditioner 20.block_0 (torch.Size([0])) for Parameter 20 (torch.Size([512, 256, 2, 2])), Block block_0 (torch.Size([512, 1024])).
I0315 18:45:05.703598 140332141286592 shampoo_preconditioner_list.py:352] Instantiated Adagrad Preconditioner 22.block_0 (torch.Size([0])) for Parameter 22 (torch.Size([128, 64, 2, 2])), Block block_0 (torch.Size([128, 256])).
I0315 18:45:05.703606 139810147488960 shampoo_preconditioner_list.py:352] Instantiated Adagrad Preconditioner 17.block_0 (torch.Size([0])) for Parameter 17 (torch.Size([32, 32, 3, 3])), Block block_0 (torch.Size([1024, 9])).
I0315 18:45:05.703638 140417395983552 shampoo_preconditioner_list.py:352] Instantiated Adagrad Preconditioner 7.block_0 (torch.Size([0])) for Parameter 7 (torch.Size([256, 256, 3, 3])), Block block_0 (torch.Size([256, 768, 3])).
I0315 18:45:05.703664 139810147488960 shampoo_preconditioner_list.py:352] Instantiated Adagrad Preconditioner 18.block_0 (torch.Size([0])) for Parameter 18 (torch.Size([1, 32, 1, 1])), Block block_0 (torch.Size([32])).
I0315 18:45:05.703664 140362302117056 shampoo_preconditioner_list.py:352] Instantiated Adagrad Preconditioner 21.block_0 (torch.Size([256, 512])) for Parameter 21 (torch.Size([256, 128, 2, 2])), Block block_0 (torch.Size([256, 512])).
I0315 18:45:05.703687 139729449292992 shampoo_preconditioner_list.py:574] Instantiated Shampoo Preconditioner 11.block_0 ([torch.Size([0]), torch.Size([0]), torch.Size([0])]) for Parameter 11 (torch.Size([256, 256, 3, 3])), Block block_0 (torch.Size([256, 768, 3])).
I0315 18:45:05.703691 140332141286592 shampoo_preconditioner_list.py:352] Instantiated Adagrad Preconditioner 23.block_0 (torch.Size([64, 128])) for Parameter 23 (torch.Size([64, 32, 2, 2])), Block block_0 (torch.Size([64, 128])).
I0315 18:45:05.703704 140417395983552 shampoo_preconditioner_list.py:352] Instantiated Adagrad Preconditioner 8.block_0 (torch.Size([0])) for Parameter 8 (torch.Size([512, 256, 3, 3])), Block block_0 (torch.Size([512, 768, 3])).
I0315 18:45:05.703722 139810147488960 shampoo_preconditioner_list.py:352] Instantiated Adagrad Preconditioner 19.block_0 (torch.Size([0])) for Parameter 19 (torch.Size([1])), Block block_0 (torch.Size([1])).
I0315 18:45:05.703738 140362302117056 shampoo_preconditioner_list.py:352] Instantiated Adagrad Preconditioner 22.block_0 (torch.Size([128, 256])) for Parameter 22 (torch.Size([128, 64, 2, 2])), Block block_0 (torch.Size([128, 256])).
I0315 18:45:05.703759 140417395983552 shampoo_preconditioner_list.py:352] Instantiated Adagrad Preconditioner 9.block_0 (torch.Size([0])) for Parameter 9 (torch.Size([512, 512, 3, 3])), Block block_0 (torch.Size([512, 512, 9])).
I0315 18:45:05.703769 140332141286592 shampoo_preconditioner_list.py:375] Rank 7: AdaGradPreconditionerList Numel Breakdown: (0, 9216, 0, 0, 73728, 0, 0, 0, 0, 0, 0, 0, 294912, 147456, 73728, 0, 0, 0, 0, 0, 0, 0, 0, 8192)
I0315 18:45:05.703780 139810147488960 shampoo_preconditioner_list.py:352] Instantiated Adagrad Preconditioner 20.block_0 (torch.Size([0])) for Parameter 20 (torch.Size([512, 256, 2, 2])), Block block_0 (torch.Size([512, 1024])).
I0315 18:45:05.703801 140362302117056 shampoo_preconditioner_list.py:352] Instantiated Adagrad Preconditioner 23.block_0 (torch.Size([0])) for Parameter 23 (torch.Size([64, 32, 2, 2])), Block block_0 (torch.Size([64, 128])).
I0315 18:45:05.703805 140332141286592 shampoo_preconditioner_list.py:378] Rank 7: AdaGradPreconditionerList Bytes Breakdown: (0, 36864, 0, 0, 294912, 0, 0, 0, 0, 0, 0, 0, 1179648, 589824, 294912, 0, 0, 0, 0, 0, 0, 0, 0, 32768)
I0315 18:45:05.703817 140417395983552 shampoo_preconditioner_list.py:352] Instantiated Adagrad Preconditioner 10.block_0 (torch.Size([0])) for Parameter 10 (torch.Size([256, 512, 3, 3])), Block block_0 (torch.Size([256, 512, 9])).
I0315 18:45:05.703830 139810147488960 shampoo_preconditioner_list.py:352] Instantiated Adagrad Preconditioner 21.block_0 (torch.Size([0])) for Parameter 21 (torch.Size([256, 128, 2, 2])), Block block_0 (torch.Size([256, 512])).
I0315 18:45:05.703836 140332141286592 shampoo_preconditioner_list.py:381] Rank 7: AdaGradPreconditionerList Total Elements: 607232
I0315 18:45:05.703846 139729449292992 shampoo_preconditioner_list.py:574] Instantiated Shampoo Preconditioner 12.block_0 ([torch.Size([0]), torch.Size([0]), torch.Size([0])]) for Parameter 12 (torch.Size([128, 256, 3, 3])), Block block_0 (torch.Size([128, 768, 3])).
I0315 18:45:05.703866 140332141286592 shampoo_preconditioner_list.py:384] Rank 7: AdaGradPreconditionerList Total Bytes: 2428928
I0315 18:45:05.703869 140417395983552 shampoo_preconditioner_list.py:352] Instantiated Adagrad Preconditioner 11.block_0 (torch.Size([0])) for Parameter 11 (torch.Size([256, 256, 3, 3])), Block block_0 (torch.Size([256, 768, 3])).
I0315 18:45:05.703885 139810147488960 shampoo_preconditioner_list.py:352] Instantiated Adagrad Preconditioner 22.block_0 (torch.Size([0])) for Parameter 22 (torch.Size([128, 64, 2, 2])), Block block_0 (torch.Size([128, 256])).
I0315 18:45:05.703881 140362302117056 shampoo_preconditioner_list.py:375] Rank 6: AdaGradPreconditionerList Numel Breakdown: (288, 0, 0, 0, 0, 147456, 294912, 0, 0, 0, 0, 0, 0, 0, 0, 0, 0, 0, 32, 1, 0, 131072, 32768, 0)
I0315 18:45:05.703919 140417395983552 shampoo_preconditioner_list.py:352] Instantiated Adagrad Preconditioner 12.block_0 (torch.Size([0])) for Parameter 12 (torch.Size([128, 256, 3, 3])), Block block_0 (torch.Size([128, 768, 3])).
I0315 18:45:05.703931 140362302117056 shampoo_preconditioner_list.py:378] Rank 6: AdaGradPreconditionerList Bytes Breakdown: (1152, 0, 0, 0, 0, 589824, 1179648, 0, 0, 0, 0, 0, 0, 0, 0, 0, 0, 0, 128, 4, 0, 524288, 131072, 0)
I0315 18:45:05.703940 139810147488960 shampoo_preconditioner_list.py:352] Instantiated Adagrad Preconditioner 23.block_0 (torch.Size([0])) for Parameter 23 (torch.Size([64, 32, 2, 2])), Block block_0 (torch.Size([64, 128])).
I0315 18:45:05.703922 140285399921856 logger_utils.py:262] Unable to record workload.train_mean information. Continuing without it.
I0315 18:45:05.703963 140362302117056 shampoo_preconditioner_list.py:381] Rank 6: AdaGradPreconditionerList Total Elements: 606529
I0315 18:45:05.703975 140417395983552 shampoo_preconditioner_list.py:352] Instantiated Adagrad Preconditioner 13.block_0 (torch.Size([0])) for Parameter 13 (torch.Size([128, 128, 3, 3])), Block block_0 (torch.Size([128, 384, 3])).
I0315 18:45:05.703986 140285399921856 logger_utils.py:262] Unable to record workload.train_stddev information. Continuing without it.
I0315 18:45:05.703986 139729449292992 shampoo_preconditioner_list.py:574] Instantiated Shampoo Preconditioner 13.block_0 ([torch.Size([0]), torch.Size([0]), torch.Size([0])]) for Parameter 13 (torch.Size([128, 128, 3, 3])), Block block_0 (torch.Size([128, 384, 3])).
I0315 18:45:05.704000 140362302117056 shampoo_preconditioner_list.py:384] Rank 6: AdaGradPreconditionerList Total Bytes: 2426116
I0315 18:45:05.704008 139810147488960 shampoo_preconditioner_list.py:375] Rank 0: AdaGradPreconditionerList Numel Breakdown: (0, 0, 0, 0, 0, 0, 0, 0, 0, 2359296, 0, 0, 0, 0, 0, 0, 0, 0, 0, 0, 0, 0, 0, 0)
I0315 18:45:05.704027 140417395983552 shampoo_preconditioner_list.py:352] Instantiated Adagrad Preconditioner 14.block_0 (torch.Size([0])) for Parameter 14 (torch.Size([64, 128, 3, 3])), Block block_0 (torch.Size([64, 384, 3])).
I0315 18:45:05.704043 139810147488960 shampoo_preconditioner_list.py:378] Rank 0: AdaGradPreconditionerList Bytes Breakdown: (0, 0, 0, 0, 0, 0, 0, 0, 0, 9437184, 0, 0, 0, 0, 0, 0, 0, 0, 0, 0, 0, 0, 0, 0)
I0315 18:45:05.704074 139810147488960 shampoo_preconditioner_list.py:381] Rank 0: AdaGradPreconditionerList Total Elements: 2359296
I0315 18:45:05.704109 139810147488960 shampoo_preconditioner_list.py:384] Rank 0: AdaGradPreconditionerList Total Bytes: 9437184
I0315 18:45:05.704120 140417395983552 shampoo_preconditioner_list.py:352] Instantiated Adagrad Preconditioner 15.block_0 (torch.Size([64, 576])) for Parameter 15 (torch.Size([64, 64, 3, 3])), Block block_0 (torch.Size([64, 576])).
I0315 18:45:05.704130 139729449292992 shampoo_preconditioner_list.py:574] Instantiated Shampoo Preconditioner 14.block_0 ([torch.Size([0]), torch.Size([0]), torch.Size([0])]) for Parameter 14 (torch.Size([64, 128, 3, 3])), Block block_0 (torch.Size([64, 384, 3])).
I0315 18:45:05.704188 140417395983552 shampoo_preconditioner_list.py:352] Instantiated Adagrad Preconditioner 16.block_0 (torch.Size([0])) for Parameter 16 (torch.Size([32, 64, 3, 3])), Block block_0 (torch.Size([32, 576])).
I0315 18:45:05.704247 139729449292992 shampoo_preconditioner_list.py:574] Instantiated Shampoo Preconditioner 15.block_0 ([torch.Size([0]), torch.Size([0])]) for Parameter 15 (torch.Size([64, 64, 3, 3])), Block block_0 (torch.Size([64, 576])).
I0315 18:45:05.704276 140417395983552 shampoo_preconditioner_list.py:352] Instantiated Adagrad Preconditioner 17.block_0 (torch.Size([1024, 9])) for Parameter 17 (torch.Size([32, 32, 3, 3])), Block block_0 (torch.Size([1024, 9])).
I0315 18:45:05.704345 140417395983552 shampoo_preconditioner_list.py:352] Instantiated Adagrad Preconditioner 18.block_0 (torch.Size([0])) for Parameter 18 (torch.Size([1, 32, 1, 1])), Block block_0 (torch.Size([32])).
I0315 18:45:05.704370 139729449292992 shampoo_preconditioner_list.py:574] Instantiated Shampoo Preconditioner 16.block_0 ([torch.Size([0]), torch.Size([0])]) for Parameter 16 (torch.Size([32, 64, 3, 3])), Block block_0 (torch.Size([32, 576])).
I0315 18:45:05.704404 140417395983552 shampoo_preconditioner_list.py:352] Instantiated Adagrad Preconditioner 19.block_0 (torch.Size([0])) for Parameter 19 (torch.Size([1])), Block block_0 (torch.Size([1])).
I0315 18:45:05.704489 140417395983552 shampoo_preconditioner_list.py:352] Instantiated Adagrad Preconditioner 20.block_0 (torch.Size([512, 1024])) for Parameter 20 (torch.Size([512, 256, 2, 2])), Block block_0 (torch.Size([512, 1024])).
I0315 18:45:05.704490 139729449292992 shampoo_preconditioner_list.py:574] Instantiated Shampoo Preconditioner 17.block_0 ([torch.Size([0]), torch.Size([0])]) for Parameter 17 (torch.Size([32, 32, 3, 3])), Block block_0 (torch.Size([1024, 9])).
I0315 18:45:05.704558 140417395983552 shampoo_preconditioner_list.py:352] Instantiated Adagrad Preconditioner 21.block_0 (torch.Size([0])) for Parameter 21 (torch.Size([256, 128, 2, 2])), Block block_0 (torch.Size([256, 512])).
I0315 18:45:05.704576 139729449292992 shampoo_preconditioner_list.py:574] Instantiated Shampoo Preconditioner 18.block_0 ([torch.Size([0])]) for Parameter 18 (torch.Size([1, 32, 1, 1])), Block block_0 (torch.Size([32])).
I0315 18:45:05.704616 140417395983552 shampoo_preconditioner_list.py:352] Instantiated Adagrad Preconditioner 22.block_0 (torch.Size([0])) for Parameter 22 (torch.Size([128, 64, 2, 2])), Block block_0 (torch.Size([128, 256])).
I0315 18:45:05.704669 139729449292992 shampoo_preconditioner_list.py:574] Instantiated Shampoo Preconditioner 19.block_0 ([torch.Size([0])]) for Parameter 19 (torch.Size([1])), Block block_0 (torch.Size([1])).
I0315 18:45:05.704677 140417395983552 shampoo_preconditioner_list.py:352] Instantiated Adagrad Preconditioner 23.block_0 (torch.Size([0])) for Parameter 23 (torch.Size([64, 32, 2, 2])), Block block_0 (torch.Size([64, 128])).
I0315 18:45:05.704771 140417395983552 shampoo_preconditioner_list.py:375] Rank 5: AdaGradPreconditionerList Numel Breakdown: (0, 0, 0, 36864, 0, 0, 0, 0, 0, 0, 0, 0, 0, 0, 0, 36864, 0, 9216, 0, 0, 524288, 0, 0, 0)
I0315 18:45:05.704806 139729449292992 shampoo_preconditioner_list.py:574] Instantiated Shampoo Preconditioner 20.block_0 ([torch.Size([0]), torch.Size([0])]) for Parameter 20 (torch.Size([512, 256, 2, 2])), Block block_0 (torch.Size([512, 1024])).
I0315 18:45:05.704815 140417395983552 shampoo_preconditioner_list.py:378] Rank 5: AdaGradPreconditionerList Bytes Breakdown: (0, 0, 0, 147456, 0, 0, 0, 0, 0, 0, 0, 0, 0, 0, 0, 147456, 0, 36864, 0, 0, 2097152, 0, 0, 0)
I0315 18:45:05.704849 140417395983552 shampoo_preconditioner_list.py:381] Rank 5: AdaGradPreconditionerList Total Elements: 607232
I0315 18:45:05.704885 140417395983552 shampoo_preconditioner_list.py:384] Rank 5: AdaGradPreconditionerList Total Bytes: 2428928
I0315 18:45:05.704945 139729449292992 shampoo_preconditioner_list.py:574] Instantiated Shampoo Preconditioner 21.block_0 ([torch.Size([0]), torch.Size([0])]) for Parameter 21 (torch.Size([256, 128, 2, 2])), Block block_0 (torch.Size([256, 512])).
I0315 18:45:05.705070 139729449292992 shampoo_preconditioner_list.py:574] Instantiated Shampoo Preconditioner 22.block_0 ([torch.Size([0]), torch.Size([0])]) for Parameter 22 (torch.Size([128, 64, 2, 2])), Block block_0 (torch.Size([128, 256])).
I0315 18:45:05.705161 139810147488960 submission.py:142] No large parameters detected! Continuing with only Shampoo....
I0315 18:45:05.705192 139729449292992 shampoo_preconditioner_list.py:574] Instantiated Shampoo Preconditioner 23.block_0 ([torch.Size([0]), torch.Size([0])]) for Parameter 23 (torch.Size([64, 32, 2, 2])), Block block_0 (torch.Size([64, 128])).
I0315 18:45:05.705300 139729449292992 shampoo_preconditioner_list.py:612] Rank 3: ShampooPreconditionerList Numel Breakdown: (165888, 2097314, 174080, 671744, 696320, 327698, 426002, 1310738, 1703954, 1048738, 655522, 1310738, 1212434, 327698, 303122, 671744, 665600, 2097314, 2048, 2, 2621440, 655360, 163840, 40960)
I0315 18:45:05.705350 139729449292992 shampoo_preconditioner_list.py:615] Rank 3: ShampooPreconditionerList Bytes Breakdown: (663552, 8389256)
I0315 18:45:05.705367 139810147488960 submission_runner.py:279] Initializing metrics bundle.
I0315 18:45:05.705389 139729449292992 shampoo_preconditioner_list.py:618] Rank 3: ShampooPreconditionerList Total Elements: 19350298
I0315 18:45:05.705421 139729449292992 shampoo_preconditioner_list.py:621] Rank 3: ShampooPreconditionerList Total Bytes: 9052808
I0315 18:45:05.705511 139810147488960 submission_runner.py:301] Initializing checkpoint and logger.
I0315 18:45:05.705632 139729449292992 shampoo_preconditioner_list.py:352] Instantiated Adagrad Preconditioner 0.block_0 (torch.Size([0])) for Parameter 0 (torch.Size([32, 1, 3, 3])), Block block_0 (torch.Size([288])).
I0315 18:45:05.705674 140332141286592 logger_utils.py:262] Unable to record workload.train_mean information. Continuing without it.
I0315 18:45:05.705724 139729449292992 shampoo_preconditioner_list.py:352] Instantiated Adagrad Preconditioner 1.block_0 (torch.Size([0])) for Parameter 1 (torch.Size([32, 32, 3, 3])), Block block_0 (torch.Size([1024, 9])).
I0315 18:45:05.705757 140332141286592 logger_utils.py:262] Unable to record workload.train_stddev information. Continuing without it.
I0315 18:45:05.705833 139729449292992 shampoo_preconditioner_list.py:352] Instantiated Adagrad Preconditioner 2.block_0 (torch.Size([64, 288])) for Parameter 2 (torch.Size([64, 32, 3, 3])), Block block_0 (torch.Size([64, 288])).
I0315 18:45:05.705870 140362302117056 logger_utils.py:262] Unable to record workload.train_mean information. Continuing without it.
I0315 18:45:05.705915 139729449292992 shampoo_preconditioner_list.py:352] Instantiated Adagrad Preconditioner 3.block_0 (torch.Size([0])) for Parameter 3 (torch.Size([64, 64, 3, 3])), Block block_0 (torch.Size([64, 576])).
I0315 18:45:05.705957 140362302117056 logger_utils.py:262] Unable to record workload.train_stddev information. Continuing without it.
I0315 18:45:05.705972 139729449292992 shampoo_preconditioner_list.py:352] Instantiated Adagrad Preconditioner 4.block_0 (torch.Size([0])) for Parameter 4 (torch.Size([128, 64, 3, 3])), Block block_0 (torch.Size([128, 576])).
I0315 18:45:05.705976 139810147488960 submission_runner.py:321] Saving meta data to /experiment_runs/submissions/rolling_leaderboard/external_tuning/shampoo/study_1/fastmri_pytorch/trial_5/meta_data_0.json.
I0315 18:45:05.706027 139729449292992 shampoo_preconditioner_list.py:352] Instantiated Adagrad Preconditioner 5.block_0 (torch.Size([0])) for Parameter 5 (torch.Size([128, 128, 3, 3])), Block block_0 (torch.Size([128, 384, 3])).
I0315 18:45:05.706088 139729449292992 shampoo_preconditioner_list.py:352] Instantiated Adagrad Preconditioner 6.block_0 (torch.Size([0])) for Parameter 6 (torch.Size([256, 128, 3, 3])), Block block_0 (torch.Size([256, 384, 3])).
I0315 18:45:05.706105 140417395983552 logger_utils.py:262] Unable to record workload.train_mean information. Continuing without it.
I0315 18:45:05.706150 139810147488960 logger_utils.py:262] Unable to record workload.train_mean information. Continuing without it.
I0315 18:45:05.706186 140417395983552 logger_utils.py:262] Unable to record workload.train_stddev information. Continuing without it.
I0315 18:45:05.706194 139810147488960 logger_utils.py:262] Unable to record workload.train_stddev information. Continuing without it.
I0315 18:45:05.706188 139729449292992 shampoo_preconditioner_list.py:352] Instantiated Adagrad Preconditioner 7.block_0 (torch.Size([256, 768, 3])) for Parameter 7 (torch.Size([256, 256, 3, 3])), Block block_0 (torch.Size([256, 768, 3])).
I0315 18:45:05.706257 139729449292992 shampoo_preconditioner_list.py:352] Instantiated Adagrad Preconditioner 8.block_0 (torch.Size([0])) for Parameter 8 (torch.Size([512, 256, 3, 3])), Block block_0 (torch.Size([512, 768, 3])).
I0315 18:45:05.706320 139729449292992 shampoo_preconditioner_list.py:352] Instantiated Adagrad Preconditioner 9.block_0 (torch.Size([0])) for Parameter 9 (torch.Size([512, 512, 3, 3])), Block block_0 (torch.Size([512, 512, 9])).
I0315 18:45:05.706381 139729449292992 shampoo_preconditioner_list.py:352] Instantiated Adagrad Preconditioner 10.block_0 (torch.Size([0])) for Parameter 10 (torch.Size([256, 512, 3, 3])), Block block_0 (torch.Size([256, 512, 9])).
I0315 18:45:05.706441 139729449292992 shampoo_preconditioner_list.py:352] Instantiated Adagrad Preconditioner 11.block_0 (torch.Size([0])) for Parameter 11 (torch.Size([256, 256, 3, 3])), Block block_0 (torch.Size([256, 768, 3])).
I0315 18:45:05.706500 139729449292992 shampoo_preconditioner_list.py:352] Instantiated Adagrad Preconditioner 12.block_0 (torch.Size([0])) for Parameter 12 (torch.Size([128, 256, 3, 3])), Block block_0 (torch.Size([128, 768, 3])).
I0315 18:45:05.706558 139729449292992 shampoo_preconditioner_list.py:352] Instantiated Adagrad Preconditioner 13.block_0 (torch.Size([0])) for Parameter 13 (torch.Size([128, 128, 3, 3])), Block block_0 (torch.Size([128, 384, 3])).
I0315 18:45:05.706618 139729449292992 shampoo_preconditioner_list.py:352] Instantiated Adagrad Preconditioner 14.block_0 (torch.Size([0])) for Parameter 14 (torch.Size([64, 128, 3, 3])), Block block_0 (torch.Size([64, 384, 3])).
I0315 18:45:05.706684 139729449292992 shampoo_preconditioner_list.py:352] Instantiated Adagrad Preconditioner 15.block_0 (torch.Size([0])) for Parameter 15 (torch.Size([64, 64, 3, 3])), Block block_0 (torch.Size([64, 576])).
I0315 18:45:05.706744 139729449292992 shampoo_preconditioner_list.py:352] Instantiated Adagrad Preconditioner 16.block_0 (torch.Size([0])) for Parameter 16 (torch.Size([32, 64, 3, 3])), Block block_0 (torch.Size([32, 576])).
I0315 18:45:05.706801 139729449292992 shampoo_preconditioner_list.py:352] Instantiated Adagrad Preconditioner 17.block_0 (torch.Size([0])) for Parameter 17 (torch.Size([32, 32, 3, 3])), Block block_0 (torch.Size([1024, 9])).
I0315 18:45:05.706858 139729449292992 shampoo_preconditioner_list.py:352] Instantiated Adagrad Preconditioner 18.block_0 (torch.Size([0])) for Parameter 18 (torch.Size([1, 32, 1, 1])), Block block_0 (torch.Size([32])).
I0315 18:45:05.706925 139729449292992 shampoo_preconditioner_list.py:352] Instantiated Adagrad Preconditioner 19.block_0 (torch.Size([0])) for Parameter 19 (torch.Size([1])), Block block_0 (torch.Size([1])).
I0315 18:45:05.706980 139729449292992 shampoo_preconditioner_list.py:352] Instantiated Adagrad Preconditioner 20.block_0 (torch.Size([0])) for Parameter 20 (torch.Size([512, 256, 2, 2])), Block block_0 (torch.Size([512, 1024])).
I0315 18:45:05.707035 139729449292992 shampoo_preconditioner_list.py:352] Instantiated Adagrad Preconditioner 21.block_0 (torch.Size([0])) for Parameter 21 (torch.Size([256, 128, 2, 2])), Block block_0 (torch.Size([256, 512])).
I0315 18:45:05.707090 139729449292992 shampoo_preconditioner_list.py:352] Instantiated Adagrad Preconditioner 22.block_0 (torch.Size([0])) for Parameter 22 (torch.Size([128, 64, 2, 2])), Block block_0 (torch.Size([128, 256])).
I0315 18:45:05.707147 139729449292992 shampoo_preconditioner_list.py:352] Instantiated Adagrad Preconditioner 23.block_0 (torch.Size([0])) for Parameter 23 (torch.Size([64, 32, 2, 2])), Block block_0 (torch.Size([64, 128])).
I0315 18:45:05.707219 139729449292992 shampoo_preconditioner_list.py:375] Rank 3: AdaGradPreconditionerList Numel Breakdown: (0, 0, 18432, 0, 0, 0, 0, 589824, 0, 0, 0, 0, 0, 0, 0, 0, 0, 0, 0, 0, 0, 0, 0, 0)
I0315 18:45:05.707259 139729449292992 shampoo_preconditioner_list.py:378] Rank 3: AdaGradPreconditionerList Bytes Breakdown: (0, 0, 73728, 0, 0, 0, 0, 2359296, 0, 0, 0, 0, 0, 0, 0, 0, 0, 0, 0, 0, 0, 0, 0, 0)
I0315 18:45:05.707295 139729449292992 shampoo_preconditioner_list.py:381] Rank 3: AdaGradPreconditionerList Total Elements: 608256
I0315 18:45:05.707330 139729449292992 shampoo_preconditioner_list.py:384] Rank 3: AdaGradPreconditionerList Total Bytes: 2433024
I0315 18:45:05.708451 139729449292992 logger_utils.py:262] Unable to record workload.train_mean information. Continuing without it.
I0315 18:45:05.708531 139729449292992 logger_utils.py:262] Unable to record workload.train_stddev information. Continuing without it.
I0315 18:45:06.074816 139810147488960 submission_runner.py:325] Saving flags to /experiment_runs/submissions/rolling_leaderboard/external_tuning/shampoo/study_1/fastmri_pytorch/trial_5/flags_0.json.
I0315 18:45:06.108318 139810147488960 submission_runner.py:337] Starting training loop.
[rank3]:W0315 18:45:06.143000 47 site-packages/torch/_logging/_internal.py:1081] [0/0] Profiler function <class 'torch.autograd.profiler.record_function'> will be ignored
[rank5]:W0315 18:45:06.143000 49 site-packages/torch/_logging/_internal.py:1081] [0/0] Profiler function <class 'torch.autograd.profiler.record_function'> will be ignored
[rank1]:W0315 18:45:06.144000 45 site-packages/torch/_logging/_internal.py:1081] [0/0] Profiler function <class 'torch.autograd.profiler.record_function'> will be ignored
[rank7]:W0315 18:45:06.144000 51 site-packages/torch/_logging/_internal.py:1081] [0/0] Profiler function <class 'torch.autograd.profiler.record_function'> will be ignored
[rank6]:W0315 18:45:06.144000 50 site-packages/torch/_logging/_internal.py:1081] [0/0] Profiler function <class 'torch.autograd.profiler.record_function'> will be ignored
[rank4]:W0315 18:45:06.144000 48 site-packages/torch/_logging/_internal.py:1081] [0/0] Profiler function <class 'torch.autograd.profiler.record_function'> will be ignored
[rank2]:W0315 18:45:06.144000 46 site-packages/torch/_logging/_internal.py:1081] [0/0] Profiler function <class 'torch.autograd.profiler.record_function'> will be ignored
[rank0]:W0315 18:45:31.635000 44 site-packages/torch/_logging/_internal.py:1081] [0/0] Profiler function <class 'torch.autograd.profiler.record_function'> will be ignored
[rank7]:W0315 18:46:04.582000 51 site-packages/torch/_dynamo/convert_frame.py:844] [2/8] torch._dynamo hit config.cache_size_limit (8)
[rank7]:W0315 18:46:04.582000 51 site-packages/torch/_dynamo/convert_frame.py:844] [2/8]    function: 'forward' (/algorithmic-efficiency/algoperf/workloads/fastmri/fastmri_pytorch/models.py:141)
[rank7]:W0315 18:46:04.582000 51 site-packages/torch/_dynamo/convert_frame.py:844] [2/8]    last reason: 2/0: tensor 'L['x']' requires_grad mismatch. expected requires_grad=0
[rank7]:W0315 18:46:04.582000 51 site-packages/torch/_dynamo/convert_frame.py:844] [2/8] To log all recompilation reasons, use TORCH_LOGS="recompiles".
[rank7]:W0315 18:46:04.582000 51 site-packages/torch/_dynamo/convert_frame.py:844] [2/8] To diagnose recompilation issues, see https://pytorch.org/docs/main/torch.compiler_troubleshooting.html.
[rank3]:W0315 18:46:04.623000 47 site-packages/torch/_dynamo/convert_frame.py:844] [2/8] torch._dynamo hit config.cache_size_limit (8)
[rank3]:W0315 18:46:04.623000 47 site-packages/torch/_dynamo/convert_frame.py:844] [2/8]    function: 'forward' (/algorithmic-efficiency/algoperf/workloads/fastmri/fastmri_pytorch/models.py:141)
[rank3]:W0315 18:46:04.623000 47 site-packages/torch/_dynamo/convert_frame.py:844] [2/8]    last reason: 2/0: tensor 'L['x']' requires_grad mismatch. expected requires_grad=0
[rank3]:W0315 18:46:04.623000 47 site-packages/torch/_dynamo/convert_frame.py:844] [2/8] To log all recompilation reasons, use TORCH_LOGS="recompiles".
[rank3]:W0315 18:46:04.623000 47 site-packages/torch/_dynamo/convert_frame.py:844] [2/8] To diagnose recompilation issues, see https://pytorch.org/docs/main/torch.compiler_troubleshooting.html.
[rank6]:W0315 18:46:04.777000 50 site-packages/torch/_dynamo/convert_frame.py:844] [2/8] torch._dynamo hit config.cache_size_limit (8)
[rank6]:W0315 18:46:04.777000 50 site-packages/torch/_dynamo/convert_frame.py:844] [2/8]    function: 'forward' (/algorithmic-efficiency/algoperf/workloads/fastmri/fastmri_pytorch/models.py:141)
[rank6]:W0315 18:46:04.777000 50 site-packages/torch/_dynamo/convert_frame.py:844] [2/8]    last reason: 2/0: tensor 'L['x']' requires_grad mismatch. expected requires_grad=0
[rank6]:W0315 18:46:04.777000 50 site-packages/torch/_dynamo/convert_frame.py:844] [2/8] To log all recompilation reasons, use TORCH_LOGS="recompiles".
[rank6]:W0315 18:46:04.777000 50 site-packages/torch/_dynamo/convert_frame.py:844] [2/8] To diagnose recompilation issues, see https://pytorch.org/docs/main/torch.compiler_troubleshooting.html.
[rank2]:W0315 18:46:04.790000 46 site-packages/torch/_dynamo/convert_frame.py:844] [2/8] torch._dynamo hit config.cache_size_limit (8)
[rank2]:W0315 18:46:04.790000 46 site-packages/torch/_dynamo/convert_frame.py:844] [2/8]    function: 'forward' (/algorithmic-efficiency/algoperf/workloads/fastmri/fastmri_pytorch/models.py:141)
[rank2]:W0315 18:46:04.790000 46 site-packages/torch/_dynamo/convert_frame.py:844] [2/8]    last reason: 2/0: tensor 'L['x']' requires_grad mismatch. expected requires_grad=0
[rank2]:W0315 18:46:04.790000 46 site-packages/torch/_dynamo/convert_frame.py:844] [2/8] To log all recompilation reasons, use TORCH_LOGS="recompiles".
[rank2]:W0315 18:46:04.790000 46 site-packages/torch/_dynamo/convert_frame.py:844] [2/8] To diagnose recompilation issues, see https://pytorch.org/docs/main/torch.compiler_troubleshooting.html.
[rank5]:W0315 18:46:04.801000 49 site-packages/torch/_dynamo/convert_frame.py:844] [2/8] torch._dynamo hit config.cache_size_limit (8)
[rank5]:W0315 18:46:04.801000 49 site-packages/torch/_dynamo/convert_frame.py:844] [2/8]    function: 'forward' (/algorithmic-efficiency/algoperf/workloads/fastmri/fastmri_pytorch/models.py:141)
[rank5]:W0315 18:46:04.801000 49 site-packages/torch/_dynamo/convert_frame.py:844] [2/8]    last reason: 2/0: tensor 'L['x']' requires_grad mismatch. expected requires_grad=0
[rank5]:W0315 18:46:04.801000 49 site-packages/torch/_dynamo/convert_frame.py:844] [2/8] To log all recompilation reasons, use TORCH_LOGS="recompiles".
[rank5]:W0315 18:46:04.801000 49 site-packages/torch/_dynamo/convert_frame.py:844] [2/8] To diagnose recompilation issues, see https://pytorch.org/docs/main/torch.compiler_troubleshooting.html.
[rank1]:W0315 18:46:04.821000 45 site-packages/torch/_dynamo/convert_frame.py:844] [2/8] torch._dynamo hit config.cache_size_limit (8)
[rank1]:W0315 18:46:04.821000 45 site-packages/torch/_dynamo/convert_frame.py:844] [2/8]    function: 'forward' (/algorithmic-efficiency/algoperf/workloads/fastmri/fastmri_pytorch/models.py:141)
[rank1]:W0315 18:46:04.821000 45 site-packages/torch/_dynamo/convert_frame.py:844] [2/8]    last reason: 2/0: tensor 'L['x']' requires_grad mismatch. expected requires_grad=0
[rank1]:W0315 18:46:04.821000 45 site-packages/torch/_dynamo/convert_frame.py:844] [2/8] To log all recompilation reasons, use TORCH_LOGS="recompiles".
[rank1]:W0315 18:46:04.821000 45 site-packages/torch/_dynamo/convert_frame.py:844] [2/8] To diagnose recompilation issues, see https://pytorch.org/docs/main/torch.compiler_troubleshooting.html.
[rank4]:W0315 18:46:04.828000 48 site-packages/torch/_dynamo/convert_frame.py:844] [2/8] torch._dynamo hit config.cache_size_limit (8)
[rank4]:W0315 18:46:04.828000 48 site-packages/torch/_dynamo/convert_frame.py:844] [2/8]    function: 'forward' (/algorithmic-efficiency/algoperf/workloads/fastmri/fastmri_pytorch/models.py:141)
[rank4]:W0315 18:46:04.828000 48 site-packages/torch/_dynamo/convert_frame.py:844] [2/8]    last reason: 2/0: tensor 'L['x']' requires_grad mismatch. expected requires_grad=0
[rank4]:W0315 18:46:04.828000 48 site-packages/torch/_dynamo/convert_frame.py:844] [2/8] To log all recompilation reasons, use TORCH_LOGS="recompiles".
[rank4]:W0315 18:46:04.828000 48 site-packages/torch/_dynamo/convert_frame.py:844] [2/8] To diagnose recompilation issues, see https://pytorch.org/docs/main/torch.compiler_troubleshooting.html.
[rank0]:W0315 18:46:06.706000 44 site-packages/torch/_dynamo/convert_frame.py:844] [2/8] torch._dynamo hit config.cache_size_limit (8)
[rank0]:W0315 18:46:06.706000 44 site-packages/torch/_dynamo/convert_frame.py:844] [2/8]    function: 'forward' (/algorithmic-efficiency/algoperf/workloads/fastmri/fastmri_pytorch/models.py:141)
[rank0]:W0315 18:46:06.706000 44 site-packages/torch/_dynamo/convert_frame.py:844] [2/8]    last reason: 2/0: tensor 'L['x']' requires_grad mismatch. expected requires_grad=0
[rank0]:W0315 18:46:06.706000 44 site-packages/torch/_dynamo/convert_frame.py:844] [2/8] To log all recompilation reasons, use TORCH_LOGS="recompiles".
[rank0]:W0315 18:46:06.706000 44 site-packages/torch/_dynamo/convert_frame.py:844] [2/8] To diagnose recompilation issues, see https://pytorch.org/docs/main/torch.compiler_troubleshooting.html.
I0315 18:46:15.645619 139782475548416 logging_writer.py:48] [0] global_step=0, grad_norm=4.67377, loss=0.952844
I0315 18:46:15.664067 139810147488960 submission.py:265] 0) loss = 0.953, grad_norm = 4.674
I0315 18:46:16.332972 139810147488960 spec.py:321] Evaluating on the training split.
I0315 18:47:32.507275 139810147488960 spec.py:333] Evaluating on the validation split.
I0315 18:48:02.973443 139810147488960 spec.py:349] Evaluating on the test split.
I0315 18:48:43.330626 139810147488960 submission_runner.py:469] Time since start: 217.22s, 	Step: 1, 	{'train/ssim': 0.2217003447668893, 'train/loss': 0.9455616814749581, 'validation/ssim': 0.21532239683169493, 'validation/loss': 0.9523664741752251, 'validation/num_examples': 3554, 'test/ssim': 0.2393434594310685, 'test/loss': 0.9480460432447291, 'test/num_examples': 3581, 'score': 69.55673336982727, 'total_duration': 217.22249388694763, 'accumulated_submission_time': 69.55673336982727, 'accumulated_eval_time': 146.99801993370056, 'accumulated_logging_time': 0}
I0315 18:48:43.339089 139767832377088 logging_writer.py:48] [1] accumulated_eval_time=146.998, accumulated_logging_time=0, accumulated_submission_time=69.5567, global_step=1, preemption_count=0, score=69.5567, test/loss=0.948046, test/num_examples=3581, test/ssim=0.239343, total_duration=217.222, train/loss=0.945562, train/ssim=0.2217, validation/loss=0.952366, validation/num_examples=3554, validation/ssim=0.215322
I0315 18:48:44.396082 139767823984384 logging_writer.py:48] [1] global_step=1, grad_norm=5.08287, loss=0.914958
I0315 18:48:44.399422 139810147488960 submission.py:265] 1) loss = 0.915, grad_norm = 5.083
I0315 18:48:44.506385 139767832377088 logging_writer.py:48] [2] global_step=2, grad_norm=4.57595, loss=0.970298
I0315 18:48:44.511262 139810147488960 submission.py:265] 2) loss = 0.970, grad_norm = 4.576
I0315 18:48:44.599842 139767823984384 logging_writer.py:48] [3] global_step=3, grad_norm=4.8173, loss=0.95769
I0315 18:48:44.604697 139810147488960 submission.py:265] 3) loss = 0.958, grad_norm = 4.817
I0315 18:48:44.696462 139767832377088 logging_writer.py:48] [4] global_step=4, grad_norm=4.92639, loss=0.905025
I0315 18:48:44.706441 139810147488960 submission.py:265] 4) loss = 0.905, grad_norm = 4.926
I0315 18:48:44.783891 139767823984384 logging_writer.py:48] [5] global_step=5, grad_norm=4.98893, loss=0.951332
I0315 18:48:44.788367 139810147488960 submission.py:265] 5) loss = 0.951, grad_norm = 4.989
I0315 18:48:44.862952 139767832377088 logging_writer.py:48] [6] global_step=6, grad_norm=4.69379, loss=0.926396
I0315 18:48:44.867244 139810147488960 submission.py:265] 6) loss = 0.926, grad_norm = 4.694
I0315 18:48:44.946398 139767823984384 logging_writer.py:48] [7] global_step=7, grad_norm=5.14661, loss=0.895057
I0315 18:48:44.950972 139810147488960 submission.py:265] 7) loss = 0.895, grad_norm = 5.147
I0315 18:48:45.036197 139767832377088 logging_writer.py:48] [8] global_step=8, grad_norm=5.22466, loss=0.869227
I0315 18:48:45.042169 139810147488960 submission.py:265] 8) loss = 0.869, grad_norm = 5.225
I0315 18:48:45.128253 139767823984384 logging_writer.py:48] [9] global_step=9, grad_norm=5.03932, loss=0.900025
I0315 18:48:45.132975 139810147488960 submission.py:265] 9) loss = 0.900, grad_norm = 5.039
I0315 18:48:45.221633 139767832377088 logging_writer.py:48] [10] global_step=10, grad_norm=4.46036, loss=0.924146
I0315 18:48:45.226340 139810147488960 submission.py:265] 10) loss = 0.924, grad_norm = 4.460
I0315 18:48:45.304838 139767823984384 logging_writer.py:48] [11] global_step=11, grad_norm=4.82163, loss=0.911814
I0315 18:48:45.309226 139810147488960 submission.py:265] 11) loss = 0.912, grad_norm = 4.822
I0315 18:48:45.396788 139767832377088 logging_writer.py:48] [12] global_step=12, grad_norm=4.59166, loss=0.818936
I0315 18:48:45.402226 139810147488960 submission.py:265] 12) loss = 0.819, grad_norm = 4.592
I0315 18:48:45.474928 139767823984384 logging_writer.py:48] [13] global_step=13, grad_norm=4.10681, loss=0.853666
I0315 18:48:45.481419 139810147488960 submission.py:265] 13) loss = 0.854, grad_norm = 4.107
I0315 18:48:45.556320 139767832377088 logging_writer.py:48] [14] global_step=14, grad_norm=4.62531, loss=0.847617
I0315 18:48:45.565213 139810147488960 submission.py:265] 14) loss = 0.848, grad_norm = 4.625
I0315 18:48:45.653323 139767823984384 logging_writer.py:48] [15] global_step=15, grad_norm=4.3446, loss=0.79986
I0315 18:48:45.662667 139810147488960 submission.py:265] 15) loss = 0.800, grad_norm = 4.345
I0315 18:48:45.740850 139767832377088 logging_writer.py:48] [16] global_step=16, grad_norm=3.83295, loss=0.819433
I0315 18:48:45.749056 139810147488960 submission.py:265] 16) loss = 0.819, grad_norm = 3.833
I0315 18:48:45.829116 139767823984384 logging_writer.py:48] [17] global_step=17, grad_norm=3.8463, loss=0.85417
I0315 18:48:45.833358 139810147488960 submission.py:265] 17) loss = 0.854, grad_norm = 3.846
I0315 18:48:45.922378 139767832377088 logging_writer.py:48] [18] global_step=18, grad_norm=3.97859, loss=0.758065
I0315 18:48:45.926311 139810147488960 submission.py:265] 18) loss = 0.758, grad_norm = 3.979
I0315 18:48:45.995450 139767823984384 logging_writer.py:48] [19] global_step=19, grad_norm=4.08452, loss=0.766737
I0315 18:48:46.008122 139810147488960 submission.py:265] 19) loss = 0.767, grad_norm = 4.085
I0315 18:48:46.081441 139767832377088 logging_writer.py:48] [20] global_step=20, grad_norm=3.6992, loss=0.743359
I0315 18:48:46.086512 139810147488960 submission.py:265] 20) loss = 0.743, grad_norm = 3.699
I0315 18:48:46.179644 139767823984384 logging_writer.py:48] [21] global_step=21, grad_norm=3.3244, loss=0.740641
I0315 18:48:46.184745 139810147488960 submission.py:265] 21) loss = 0.741, grad_norm = 3.324
I0315 18:48:46.271841 139767832377088 logging_writer.py:48] [22] global_step=22, grad_norm=3.68607, loss=0.702693
I0315 18:48:46.277367 139810147488960 submission.py:265] 22) loss = 0.703, grad_norm = 3.686
I0315 18:48:46.373506 139767823984384 logging_writer.py:48] [23] global_step=23, grad_norm=3.75086, loss=0.645859
I0315 18:48:46.377820 139810147488960 submission.py:265] 23) loss = 0.646, grad_norm = 3.751
I0315 18:48:46.459389 139767832377088 logging_writer.py:48] [24] global_step=24, grad_norm=3.27092, loss=0.68313
I0315 18:48:46.469380 139810147488960 submission.py:265] 24) loss = 0.683, grad_norm = 3.271
I0315 18:48:46.549387 139767823984384 logging_writer.py:48] [25] global_step=25, grad_norm=3.4863, loss=0.668792
I0315 18:48:46.555925 139810147488960 submission.py:265] 25) loss = 0.669, grad_norm = 3.486
I0315 18:48:46.641278 139767832377088 logging_writer.py:48] [26] global_step=26, grad_norm=3.39016, loss=0.682747
I0315 18:48:46.646127 139810147488960 submission.py:265] 26) loss = 0.683, grad_norm = 3.390
I0315 18:48:46.720961 139767823984384 logging_writer.py:48] [27] global_step=27, grad_norm=3.19011, loss=0.595184
I0315 18:48:46.725390 139810147488960 submission.py:265] 27) loss = 0.595, grad_norm = 3.190
I0315 18:48:46.806015 139767832377088 logging_writer.py:48] [28] global_step=28, grad_norm=3.04837, loss=0.627748
I0315 18:48:46.810377 139810147488960 submission.py:265] 28) loss = 0.628, grad_norm = 3.048
I0315 18:48:46.890166 139767823984384 logging_writer.py:48] [29] global_step=29, grad_norm=2.74737, loss=0.616187
I0315 18:48:46.903325 139810147488960 submission.py:265] 29) loss = 0.616, grad_norm = 2.747
I0315 18:48:46.988575 139767832377088 logging_writer.py:48] [30] global_step=30, grad_norm=3.15691, loss=0.688061
I0315 18:48:46.996161 139810147488960 submission.py:265] 30) loss = 0.688, grad_norm = 3.157
I0315 18:48:47.084049 139767823984384 logging_writer.py:48] [31] global_step=31, grad_norm=2.92687, loss=0.572492
I0315 18:48:47.089066 139810147488960 submission.py:265] 31) loss = 0.572, grad_norm = 2.927
I0315 18:48:47.169579 139767832377088 logging_writer.py:48] [32] global_step=32, grad_norm=2.45483, loss=0.618557
I0315 18:48:47.176053 139810147488960 submission.py:265] 32) loss = 0.619, grad_norm = 2.455
I0315 18:48:47.245141 139767823984384 logging_writer.py:48] [33] global_step=33, grad_norm=2.60498, loss=0.629332
I0315 18:48:47.249885 139810147488960 submission.py:265] 33) loss = 0.629, grad_norm = 2.605
I0315 18:48:47.327707 139767832377088 logging_writer.py:48] [34] global_step=34, grad_norm=2.42425, loss=0.563486
I0315 18:48:47.332024 139810147488960 submission.py:265] 34) loss = 0.563, grad_norm = 2.424
I0315 18:48:47.412393 139767823984384 logging_writer.py:48] [35] global_step=35, grad_norm=2.1032, loss=0.578125
I0315 18:48:47.416658 139810147488960 submission.py:265] 35) loss = 0.578, grad_norm = 2.103
I0315 18:48:47.491546 139767832377088 logging_writer.py:48] [36] global_step=36, grad_norm=1.61622, loss=0.644712
I0315 18:48:47.496875 139810147488960 submission.py:265] 36) loss = 0.645, grad_norm = 1.616
I0315 18:48:47.573520 139767823984384 logging_writer.py:48] [37] global_step=37, grad_norm=2.18593, loss=0.498522
I0315 18:48:47.579654 139810147488960 submission.py:265] 37) loss = 0.499, grad_norm = 2.186
I0315 18:48:47.661908 139767832377088 logging_writer.py:48] [38] global_step=38, grad_norm=1.82277, loss=0.495873
I0315 18:48:47.667218 139810147488960 submission.py:265] 38) loss = 0.496, grad_norm = 1.823
I0315 18:48:47.744641 139767823984384 logging_writer.py:48] [39] global_step=39, grad_norm=1.60894, loss=0.494676
I0315 18:48:47.750604 139810147488960 submission.py:265] 39) loss = 0.495, grad_norm = 1.609
I0315 18:48:47.834378 139767832377088 logging_writer.py:48] [40] global_step=40, grad_norm=1.60074, loss=0.472011
I0315 18:48:47.839586 139810147488960 submission.py:265] 40) loss = 0.472, grad_norm = 1.601
I0315 18:48:47.913320 139767823984384 logging_writer.py:48] [41] global_step=41, grad_norm=1.49712, loss=0.540114
I0315 18:48:47.918783 139810147488960 submission.py:265] 41) loss = 0.540, grad_norm = 1.497
I0315 18:48:47.990628 139767832377088 logging_writer.py:48] [42] global_step=42, grad_norm=1.49702, loss=0.484208
I0315 18:48:47.994812 139810147488960 submission.py:265] 42) loss = 0.484, grad_norm = 1.497
I0315 18:48:48.070824 139767823984384 logging_writer.py:48] [43] global_step=43, grad_norm=1.15129, loss=0.425043
I0315 18:48:48.074791 139810147488960 submission.py:265] 43) loss = 0.425, grad_norm = 1.151
I0315 18:48:48.150806 139767832377088 logging_writer.py:48] [44] global_step=44, grad_norm=1.28013, loss=0.501697
I0315 18:48:48.157962 139810147488960 submission.py:265] 44) loss = 0.502, grad_norm = 1.280
I0315 18:48:48.224328 139767823984384 logging_writer.py:48] [45] global_step=45, grad_norm=0.960539, loss=0.519319
I0315 18:48:48.230263 139810147488960 submission.py:265] 45) loss = 0.519, grad_norm = 0.961
I0315 18:48:48.303857 139767832377088 logging_writer.py:48] [46] global_step=46, grad_norm=1.10966, loss=0.52067
I0315 18:48:48.308014 139810147488960 submission.py:265] 46) loss = 0.521, grad_norm = 1.110
I0315 18:48:48.379110 139767823984384 logging_writer.py:48] [47] global_step=47, grad_norm=0.953697, loss=0.457771
I0315 18:48:48.386031 139810147488960 submission.py:265] 47) loss = 0.458, grad_norm = 0.954
I0315 18:48:48.463660 139767832377088 logging_writer.py:48] [48] global_step=48, grad_norm=0.937038, loss=0.52414
I0315 18:48:48.468013 139810147488960 submission.py:265] 48) loss = 0.524, grad_norm = 0.937
I0315 18:48:48.544538 139767823984384 logging_writer.py:48] [49] global_step=49, grad_norm=0.950737, loss=0.499633
I0315 18:48:48.551460 139810147488960 submission.py:265] 49) loss = 0.500, grad_norm = 0.951
I0315 18:48:48.620607 139767832377088 logging_writer.py:48] [50] global_step=50, grad_norm=1.00501, loss=0.390256
I0315 18:48:48.626195 139810147488960 submission.py:265] 50) loss = 0.390, grad_norm = 1.005
I0315 18:48:48.702169 139767823984384 logging_writer.py:48] [51] global_step=51, grad_norm=0.965158, loss=0.40385
I0315 18:48:48.708251 139810147488960 submission.py:265] 51) loss = 0.404, grad_norm = 0.965
I0315 18:48:48.781545 139767832377088 logging_writer.py:48] [52] global_step=52, grad_norm=0.919259, loss=0.467172
I0315 18:48:48.789387 139810147488960 submission.py:265] 52) loss = 0.467, grad_norm = 0.919
I0315 18:48:49.128384 139767823984384 logging_writer.py:48] [53] global_step=53, grad_norm=1.0024, loss=0.463742
I0315 18:48:49.134980 139810147488960 submission.py:265] 53) loss = 0.464, grad_norm = 1.002
I0315 18:48:49.446299 139767832377088 logging_writer.py:48] [54] global_step=54, grad_norm=0.924501, loss=0.500354
I0315 18:48:49.452445 139810147488960 submission.py:265] 54) loss = 0.500, grad_norm = 0.925
I0315 18:48:49.630149 139767823984384 logging_writer.py:48] [55] global_step=55, grad_norm=0.952094, loss=0.426311
I0315 18:48:49.639386 139810147488960 submission.py:265] 55) loss = 0.426, grad_norm = 0.952
I0315 18:48:50.316350 139767832377088 logging_writer.py:48] [56] global_step=56, grad_norm=0.97995, loss=0.432472
I0315 18:48:50.321179 139810147488960 submission.py:265] 56) loss = 0.432, grad_norm = 0.980
I0315 18:48:50.584818 139767823984384 logging_writer.py:48] [57] global_step=57, grad_norm=0.975624, loss=0.416267
I0315 18:48:50.589005 139810147488960 submission.py:265] 57) loss = 0.416, grad_norm = 0.976
I0315 18:48:50.939713 139767832377088 logging_writer.py:48] [58] global_step=58, grad_norm=0.965792, loss=0.371408
I0315 18:48:50.947745 139810147488960 submission.py:265] 58) loss = 0.371, grad_norm = 0.966
I0315 18:48:51.353907 139767823984384 logging_writer.py:48] [59] global_step=59, grad_norm=0.986828, loss=0.411532
I0315 18:48:51.358261 139810147488960 submission.py:265] 59) loss = 0.412, grad_norm = 0.987
I0315 18:48:51.600720 139767832377088 logging_writer.py:48] [60] global_step=60, grad_norm=0.971635, loss=0.380094
I0315 18:48:51.605288 139810147488960 submission.py:265] 60) loss = 0.380, grad_norm = 0.972
I0315 18:48:51.909977 139767823984384 logging_writer.py:48] [61] global_step=61, grad_norm=0.966038, loss=0.377921
I0315 18:48:51.914959 139810147488960 submission.py:265] 61) loss = 0.378, grad_norm = 0.966
I0315 18:48:52.388154 139767832377088 logging_writer.py:48] [62] global_step=62, grad_norm=0.93768, loss=0.397842
I0315 18:48:52.394845 139810147488960 submission.py:265] 62) loss = 0.398, grad_norm = 0.938
I0315 18:48:52.930247 139767823984384 logging_writer.py:48] [63] global_step=63, grad_norm=0.907462, loss=0.365097
I0315 18:48:52.936427 139810147488960 submission.py:265] 63) loss = 0.365, grad_norm = 0.907
I0315 18:48:53.252256 139767832377088 logging_writer.py:48] [64] global_step=64, grad_norm=0.949333, loss=0.457291
I0315 18:48:53.260986 139810147488960 submission.py:265] 64) loss = 0.457, grad_norm = 0.949
I0315 18:48:53.412432 139767823984384 logging_writer.py:48] [65] global_step=65, grad_norm=0.880775, loss=0.412156
I0315 18:48:53.420289 139810147488960 submission.py:265] 65) loss = 0.412, grad_norm = 0.881
I0315 18:48:53.579354 139767832377088 logging_writer.py:48] [66] global_step=66, grad_norm=0.944014, loss=0.451394
I0315 18:48:53.584718 139810147488960 submission.py:265] 66) loss = 0.451, grad_norm = 0.944
I0315 18:48:53.748873 139767823984384 logging_writer.py:48] [67] global_step=67, grad_norm=0.849744, loss=0.480829
I0315 18:48:53.754282 139810147488960 submission.py:265] 67) loss = 0.481, grad_norm = 0.850
I0315 18:48:53.897564 139767832377088 logging_writer.py:48] [68] global_step=68, grad_norm=0.841311, loss=0.401009
I0315 18:48:53.903919 139810147488960 submission.py:265] 68) loss = 0.401, grad_norm = 0.841
I0315 18:48:54.053956 139767823984384 logging_writer.py:48] [69] global_step=69, grad_norm=0.814112, loss=0.380671
I0315 18:48:54.060909 139810147488960 submission.py:265] 69) loss = 0.381, grad_norm = 0.814
I0315 18:48:54.258853 139767832377088 logging_writer.py:48] [70] global_step=70, grad_norm=0.774689, loss=0.358611
I0315 18:48:54.265164 139810147488960 submission.py:265] 70) loss = 0.359, grad_norm = 0.775
I0315 18:48:54.360501 139767823984384 logging_writer.py:48] [71] global_step=71, grad_norm=0.706842, loss=0.394424
I0315 18:48:54.366816 139810147488960 submission.py:265] 71) loss = 0.394, grad_norm = 0.707
I0315 18:48:54.485347 139767832377088 logging_writer.py:48] [72] global_step=72, grad_norm=0.692288, loss=0.432392
I0315 18:48:54.492851 139810147488960 submission.py:265] 72) loss = 0.432, grad_norm = 0.692
I0315 18:48:54.622493 139767823984384 logging_writer.py:48] [73] global_step=73, grad_norm=0.649087, loss=0.377343
I0315 18:48:54.630471 139810147488960 submission.py:265] 73) loss = 0.377, grad_norm = 0.649
I0315 18:48:54.744620 139767832377088 logging_writer.py:48] [74] global_step=74, grad_norm=0.633157, loss=0.459294
I0315 18:48:54.751757 139810147488960 submission.py:265] 74) loss = 0.459, grad_norm = 0.633
I0315 18:48:54.843439 139767823984384 logging_writer.py:48] [75] global_step=75, grad_norm=0.54712, loss=0.422381
I0315 18:48:54.848977 139810147488960 submission.py:265] 75) loss = 0.422, grad_norm = 0.547
I0315 18:48:54.967838 139767832377088 logging_writer.py:48] [76] global_step=76, grad_norm=0.586019, loss=0.342695
I0315 18:48:54.972857 139810147488960 submission.py:265] 76) loss = 0.343, grad_norm = 0.586
I0315 18:48:55.103455 139767823984384 logging_writer.py:48] [77] global_step=77, grad_norm=0.521066, loss=0.37755
