I0315 17:16:18.748338 139759835051200 shampoo_preconditioner_list.py:352] Instantiated Adagrad Preconditioner 3.block_0 (torch.Size([0])) for Parameter 3 (torch.Size([64, 64, 3, 3])), Block block_0 (torch.Size([64, 576])).
I0315 17:16:18.748344 140065163162816 shampoo_preconditioner_list.py:352] Instantiated Adagrad Preconditioner 23.block_0 (torch.Size([0])) for Parameter 23 (torch.Size([64, 32, 2, 2])), Block block_0 (torch.Size([64, 128])).
I0315 17:16:18.748347 140535749567680 shampoo_preconditioner_list.py:352] Instantiated Adagrad Preconditioner 21.block_0 (torch.Size([0])) for Parameter 21 (torch.Size([256, 128, 2, 2])), Block block_0 (torch.Size([256, 512])).
I0315 17:16:18.748355 140417053611200 shampoo_preconditioner_list.py:352] Instantiated Adagrad Preconditioner 12.block_0 (torch.Size([0])) for Parameter 12 (torch.Size([128, 256, 3, 3])), Block block_0 (torch.Size([128, 768, 3])).
I0315 17:16:18.748373 140196104516800 shampoo_preconditioner_list.py:375] Rank 3: AdaGradPreconditionerList Numel Breakdown: (0, 0, 18432, 0, 0, 0, 0, 589824, 0, 0, 0, 0, 0, 0, 0, 0, 0, 0, 0, 0, 0, 0, 0, 0)
I0315 17:16:18.748396 140535749567680 shampoo_preconditioner_list.py:352] Instantiated Adagrad Preconditioner 22.block_0 (torch.Size([0])) for Parameter 22 (torch.Size([128, 64, 2, 2])), Block block_0 (torch.Size([128, 256])).
I0315 17:16:18.748404 140048194856128 shampoo_preconditioner_list.py:352] Instantiated Adagrad Preconditioner 16.block_0 (torch.Size([0])) for Parameter 16 (torch.Size([32, 64, 3, 3])), Block block_0 (torch.Size([32, 576])).
I0315 17:16:18.748406 140417053611200 shampoo_preconditioner_list.py:352] Instantiated Adagrad Preconditioner 13.block_0 (torch.Size([0])) for Parameter 13 (torch.Size([128, 128, 3, 3])), Block block_0 (torch.Size([128, 384, 3])).
I0315 17:16:18.748409 140065163162816 shampoo_preconditioner_list.py:375] Rank 1: AdaGradPreconditionerList Numel Breakdown: (0, 0, 0, 0, 0, 0, 0, 0, 1179648, 0, 0, 0, 0, 0, 0, 0, 0, 0, 0, 0, 0, 0, 0, 0)
I0315 17:16:18.748415 140196104516800 shampoo_preconditioner_list.py:378] Rank 3: AdaGradPreconditionerList Bytes Breakdown: (0, 0, 73728, 0, 0, 0, 0, 2359296, 0, 0, 0, 0, 0, 0, 0, 0, 0, 0, 0, 0, 0, 0, 0, 0)
I0315 17:16:18.748444 140065163162816 shampoo_preconditioner_list.py:378] Rank 1: AdaGradPreconditionerList Bytes Breakdown: (0, 0, 0, 0, 0, 0, 0, 0, 4718592, 0, 0, 0, 0, 0, 0, 0, 0, 0, 0, 0, 0, 0, 0, 0)
I0315 17:16:18.748446 140196104516800 shampoo_preconditioner_list.py:381] Rank 3: AdaGradPreconditionerList Total Elements: 608256
I0315 17:16:18.748454 140535749567680 shampoo_preconditioner_list.py:352] Instantiated Adagrad Preconditioner 23.block_0 (torch.Size([0])) for Parameter 23 (torch.Size([64, 32, 2, 2])), Block block_0 (torch.Size([64, 128])).
I0315 17:16:18.748457 140417053611200 shampoo_preconditioner_list.py:352] Instantiated Adagrad Preconditioner 14.block_0 (torch.Size([0])) for Parameter 14 (torch.Size([64, 128, 3, 3])), Block block_0 (torch.Size([64, 384, 3])).
I0315 17:16:18.748476 140196104516800 shampoo_preconditioner_list.py:384] Rank 3: AdaGradPreconditionerList Total Bytes: 2433024
I0315 17:16:18.748481 140065163162816 shampoo_preconditioner_list.py:381] Rank 1: AdaGradPreconditionerList Total Elements: 1179648
I0315 17:16:18.748484 140048194856128 shampoo_preconditioner_list.py:352] Instantiated Adagrad Preconditioner 17.block_0 (torch.Size([1024, 9])) for Parameter 17 (torch.Size([32, 32, 3, 3])), Block block_0 (torch.Size([1024, 9])).
I0315 17:16:18.748470 140000313554112 shampoo_preconditioner_list.py:574] Instantiated Shampoo Preconditioner 21.block_0 ([torch.Size([256, 256]), torch.Size([512, 512])]) for Parameter 21 (torch.Size([256, 128, 2, 2])), Block block_0 (torch.Size([256, 512])).
I0315 17:16:18.748506 140417053611200 shampoo_preconditioner_list.py:352] Instantiated Adagrad Preconditioner 15.block_0 (torch.Size([0])) for Parameter 15 (torch.Size([64, 64, 3, 3])), Block block_0 (torch.Size([64, 576])).
I0315 17:16:18.748511 140065163162816 shampoo_preconditioner_list.py:384] Rank 1: AdaGradPreconditionerList Total Bytes: 4718592
I0315 17:16:18.748521 140535749567680 shampoo_preconditioner_list.py:375] Rank 2: AdaGradPreconditionerList Numel Breakdown: (0, 0, 0, 0, 0, 0, 0, 0, 0, 0, 1179648, 0, 0, 0, 0, 0, 0, 0, 0, 0, 0, 0, 0, 0)
I0315 17:16:18.748545 140048194856128 shampoo_preconditioner_list.py:352] Instantiated Adagrad Preconditioner 18.block_0 (torch.Size([0])) for Parameter 18 (torch.Size([1, 32, 1, 1])), Block block_0 (torch.Size([32])).
I0315 17:16:18.748556 140535749567680 shampoo_preconditioner_list.py:378] Rank 2: AdaGradPreconditionerList Bytes Breakdown: (0, 0, 0, 0, 0, 0, 0, 0, 0, 0, 4718592, 0, 0, 0, 0, 0, 0, 0, 0, 0, 0, 0, 0, 0)
I0315 17:16:18.748561 140417053611200 shampoo_preconditioner_list.py:352] Instantiated Adagrad Preconditioner 16.block_0 (torch.Size([0])) for Parameter 16 (torch.Size([32, 64, 3, 3])), Block block_0 (torch.Size([32, 576])).
I0315 17:16:18.748586 140535749567680 shampoo_preconditioner_list.py:381] Rank 2: AdaGradPreconditionerList Total Elements: 1179648
I0315 17:16:18.748604 140048194856128 shampoo_preconditioner_list.py:352] Instantiated Adagrad Preconditioner 19.block_0 (torch.Size([0])) for Parameter 19 (torch.Size([1])), Block block_0 (torch.Size([1])).
I0315 17:16:18.748613 140417053611200 shampoo_preconditioner_list.py:352] Instantiated Adagrad Preconditioner 17.block_0 (torch.Size([0])) for Parameter 17 (torch.Size([32, 32, 3, 3])), Block block_0 (torch.Size([1024, 9])).
I0315 17:16:18.748622 140535749567680 shampoo_preconditioner_list.py:384] Rank 2: AdaGradPreconditionerList Total Bytes: 4718592
I0315 17:16:18.748672 140417053611200 shampoo_preconditioner_list.py:352] Instantiated Adagrad Preconditioner 18.block_0 (torch.Size([0])) for Parameter 18 (torch.Size([1, 32, 1, 1])), Block block_0 (torch.Size([32])).
I0315 17:16:18.748698 140048194856128 shampoo_preconditioner_list.py:352] Instantiated Adagrad Preconditioner 20.block_0 (torch.Size([512, 1024])) for Parameter 20 (torch.Size([512, 256, 2, 2])), Block block_0 (torch.Size([512, 1024])).
I0315 17:16:18.748698 140000313554112 shampoo_preconditioner_list.py:574] Instantiated Shampoo Preconditioner 22.block_0 ([torch.Size([128, 128]), torch.Size([256, 256])]) for Parameter 22 (torch.Size([128, 64, 2, 2])), Block block_0 (torch.Size([128, 256])).
I0315 17:16:18.748730 140417053611200 shampoo_preconditioner_list.py:352] Instantiated Adagrad Preconditioner 19.block_0 (torch.Size([0])) for Parameter 19 (torch.Size([1])), Block block_0 (torch.Size([1])).
I0315 17:16:18.748772 140048194856128 shampoo_preconditioner_list.py:352] Instantiated Adagrad Preconditioner 21.block_0 (torch.Size([0])) for Parameter 21 (torch.Size([256, 128, 2, 2])), Block block_0 (torch.Size([256, 512])).
I0315 17:16:18.748781 140417053611200 shampoo_preconditioner_list.py:352] Instantiated Adagrad Preconditioner 20.block_0 (torch.Size([0])) for Parameter 20 (torch.Size([512, 256, 2, 2])), Block block_0 (torch.Size([512, 1024])).
I0315 17:16:18.748776 139759835051200 shampoo_preconditioner_list.py:352] Instantiated Adagrad Preconditioner 4.block_0 (torch.Size([128, 576])) for Parameter 4 (torch.Size([128, 64, 3, 3])), Block block_0 (torch.Size([128, 576])).
I0315 17:16:18.748830 140417053611200 shampoo_preconditioner_list.py:352] Instantiated Adagrad Preconditioner 21.block_0 (torch.Size([0])) for Parameter 21 (torch.Size([256, 128, 2, 2])), Block block_0 (torch.Size([256, 512])).
I0315 17:16:18.748832 140048194856128 shampoo_preconditioner_list.py:352] Instantiated Adagrad Preconditioner 22.block_0 (torch.Size([0])) for Parameter 22 (torch.Size([128, 64, 2, 2])), Block block_0 (torch.Size([128, 256])).
I0315 17:16:18.748838 140000313554112 shampoo_preconditioner_list.py:574] Instantiated Shampoo Preconditioner 23.block_0 ([torch.Size([0]), torch.Size([0])]) for Parameter 23 (torch.Size([64, 32, 2, 2])), Block block_0 (torch.Size([64, 128])).
I0315 17:16:18.748887 140048194856128 shampoo_preconditioner_list.py:352] Instantiated Adagrad Preconditioner 23.block_0 (torch.Size([0])) for Parameter 23 (torch.Size([64, 32, 2, 2])), Block block_0 (torch.Size([64, 128])).
I0315 17:16:18.748887 140417053611200 shampoo_preconditioner_list.py:352] Instantiated Adagrad Preconditioner 22.block_0 (torch.Size([0])) for Parameter 22 (torch.Size([128, 64, 2, 2])), Block block_0 (torch.Size([128, 256])).
I0315 17:16:18.748888 139759835051200 shampoo_preconditioner_list.py:352] Instantiated Adagrad Preconditioner 5.block_0 (torch.Size([0])) for Parameter 5 (torch.Size([128, 128, 3, 3])), Block block_0 (torch.Size([128, 384, 3])).
I0315 17:16:18.748938 140417053611200 shampoo_preconditioner_list.py:352] Instantiated Adagrad Preconditioner 23.block_0 (torch.Size([0])) for Parameter 23 (torch.Size([64, 32, 2, 2])), Block block_0 (torch.Size([64, 128])).
I0315 17:16:18.748948 139759835051200 shampoo_preconditioner_list.py:352] Instantiated Adagrad Preconditioner 6.block_0 (torch.Size([0])) for Parameter 6 (torch.Size([256, 128, 3, 3])), Block block_0 (torch.Size([256, 384, 3])).
I0315 17:16:18.748962 140048194856128 shampoo_preconditioner_list.py:375] Rank 5: AdaGradPreconditionerList Numel Breakdown: (0, 0, 0, 36864, 0, 0, 0, 0, 0, 0, 0, 0, 0, 0, 0, 36864, 0, 9216, 0, 0, 524288, 0, 0, 0)
I0315 17:16:18.748963 140000313554112 shampoo_preconditioner_list.py:612] Rank 6: ShampooPreconditionerList Numel Breakdown: (165888, 2097314, 174080, 671744, 696320, 327698, 426002, 1310738, 1703954, 1048738, 655522, 1310738, 1212434, 327698, 303122, 671744, 665600, 2097314, 2048, 2, 2621440, 655360, 163840, 40960)
I0315 17:16:18.749005 140048194856128 shampoo_preconditioner_list.py:378] Rank 5: AdaGradPreconditionerList Bytes Breakdown: (0, 0, 0, 147456, 0, 0, 0, 0, 0, 0, 0, 0, 0, 0, 0, 147456, 0, 36864, 0, 0, 2097152, 0, 0, 0)
I0315 17:16:18.749005 140000313554112 shampoo_preconditioner_list.py:615] Rank 6: ShampooPreconditionerList Bytes Breakdown: (663552, 8389256, 696320, 2686976, 2785280, 1310792, 1704008)
I0315 17:16:18.749008 139759835051200 shampoo_preconditioner_list.py:352] Instantiated Adagrad Preconditioner 7.block_0 (torch.Size([0])) for Parameter 7 (torch.Size([256, 256, 3, 3])), Block block_0 (torch.Size([256, 768, 3])).
I0315 17:16:18.749010 140417053611200 shampoo_preconditioner_list.py:375] Rank 0: AdaGradPreconditionerList Numel Breakdown: (0, 0, 0, 0, 0, 0, 0, 0, 0, 2359296, 0, 0, 0, 0, 0, 0, 0, 0, 0, 0, 0, 0, 0, 0)
I0315 17:16:18.749038 140000313554112 shampoo_preconditioner_list.py:618] Rank 6: ShampooPreconditionerList Total Elements: 19350298
I0315 17:16:18.749042 140048194856128 shampoo_preconditioner_list.py:381] Rank 5: AdaGradPreconditionerList Total Elements: 607232
I0315 17:16:18.749047 140417053611200 shampoo_preconditioner_list.py:378] Rank 0: AdaGradPreconditionerList Bytes Breakdown: (0, 0, 0, 0, 0, 0, 0, 0, 0, 9437184, 0, 0, 0, 0, 0, 0, 0, 0, 0, 0, 0, 0, 0, 0)
I0315 17:16:18.749063 139759835051200 shampoo_preconditioner_list.py:352] Instantiated Adagrad Preconditioner 8.block_0 (torch.Size([0])) for Parameter 8 (torch.Size([512, 256, 3, 3])), Block block_0 (torch.Size([512, 768, 3])).
I0315 17:16:18.749072 140048194856128 shampoo_preconditioner_list.py:384] Rank 5: AdaGradPreconditionerList Total Bytes: 2428928
I0315 17:16:18.749079 140417053611200 shampoo_preconditioner_list.py:381] Rank 0: AdaGradPreconditionerList Total Elements: 2359296
I0315 17:16:18.749080 140000313554112 shampoo_preconditioner_list.py:621] Rank 6: ShampooPreconditionerList Total Bytes: 18236184
I0315 17:16:18.749109 140417053611200 shampoo_preconditioner_list.py:384] Rank 0: AdaGradPreconditionerList Total Bytes: 9437184
I0315 17:16:18.749124 139759835051200 shampoo_preconditioner_list.py:352] Instantiated Adagrad Preconditioner 9.block_0 (torch.Size([0])) for Parameter 9 (torch.Size([512, 512, 3, 3])), Block block_0 (torch.Size([512, 512, 9])).
I0315 17:16:18.749117 140029001364672 logger_utils.py:262] Unable to record workload.train_mean information. Continuing without it.
I0315 17:16:18.749183 139759835051200 shampoo_preconditioner_list.py:352] Instantiated Adagrad Preconditioner 10.block_0 (torch.Size([0])) for Parameter 10 (torch.Size([256, 512, 3, 3])), Block block_0 (torch.Size([256, 512, 9])).
I0315 17:16:18.749195 140029001364672 logger_utils.py:262] Unable to record workload.train_stddev information. Continuing without it.
I0315 17:16:18.749243 139759835051200 shampoo_preconditioner_list.py:352] Instantiated Adagrad Preconditioner 11.block_0 (torch.Size([0])) for Parameter 11 (torch.Size([256, 256, 3, 3])), Block block_0 (torch.Size([256, 768, 3])).
I0315 17:16:18.749323 140000313554112 shampoo_preconditioner_list.py:352] Instantiated Adagrad Preconditioner 0.block_0 (torch.Size([288])) for Parameter 0 (torch.Size([32, 1, 3, 3])), Block block_0 (torch.Size([288])).
I0315 17:16:18.749339 139759835051200 shampoo_preconditioner_list.py:352] Instantiated Adagrad Preconditioner 12.block_0 (torch.Size([128, 768, 3])) for Parameter 12 (torch.Size([128, 256, 3, 3])), Block block_0 (torch.Size([128, 768, 3])).
I0315 17:16:18.749422 139759835051200 shampoo_preconditioner_list.py:352] Instantiated Adagrad Preconditioner 13.block_0 (torch.Size([128, 384, 3])) for Parameter 13 (torch.Size([128, 128, 3, 3])), Block block_0 (torch.Size([128, 384, 3])).
I0315 17:16:18.749422 140000313554112 shampoo_preconditioner_list.py:352] Instantiated Adagrad Preconditioner 1.block_0 (torch.Size([0])) for Parameter 1 (torch.Size([32, 32, 3, 3])), Block block_0 (torch.Size([1024, 9])).
I0315 17:16:18.749480 140000313554112 shampoo_preconditioner_list.py:352] Instantiated Adagrad Preconditioner 2.block_0 (torch.Size([0])) for Parameter 2 (torch.Size([64, 32, 3, 3])), Block block_0 (torch.Size([64, 288])).
I0315 17:16:18.749508 139759835051200 shampoo_preconditioner_list.py:352] Instantiated Adagrad Preconditioner 14.block_0 (torch.Size([64, 384, 3])) for Parameter 14 (torch.Size([64, 128, 3, 3])), Block block_0 (torch.Size([64, 384, 3])).
I0315 17:16:18.749541 140000313554112 shampoo_preconditioner_list.py:352] Instantiated Adagrad Preconditioner 3.block_0 (torch.Size([0])) for Parameter 3 (torch.Size([64, 64, 3, 3])), Block block_0 (torch.Size([64, 576])).
I0315 17:16:18.749580 139759835051200 shampoo_preconditioner_list.py:352] Instantiated Adagrad Preconditioner 15.block_0 (torch.Size([0])) for Parameter 15 (torch.Size([64, 64, 3, 3])), Block block_0 (torch.Size([64, 576])).
I0315 17:16:18.749643 140000313554112 shampoo_preconditioner_list.py:352] Instantiated Adagrad Preconditioner 4.block_0 (torch.Size([0])) for Parameter 4 (torch.Size([128, 64, 3, 3])), Block block_0 (torch.Size([128, 576])).
I0315 17:16:18.749619 140196104516800 logger_utils.py:262] Unable to record workload.train_mean information. Continuing without it.
I0315 17:16:18.749670 139759835051200 shampoo_preconditioner_list.py:352] Instantiated Adagrad Preconditioner 16.block_0 (torch.Size([0])) for Parameter 16 (torch.Size([32, 64, 3, 3])), Block block_0 (torch.Size([32, 576])).
I0315 17:16:18.749693 140196104516800 logger_utils.py:262] Unable to record workload.train_stddev information. Continuing without it.
I0315 17:16:18.749738 139759835051200 shampoo_preconditioner_list.py:352] Instantiated Adagrad Preconditioner 17.block_0 (torch.Size([0])) for Parameter 17 (torch.Size([32, 32, 3, 3])), Block block_0 (torch.Size([1024, 9])).
I0315 17:16:18.749737 140535749567680 logger_utils.py:262] Unable to record workload.train_mean information. Continuing without it.
I0315 17:16:18.749797 139759835051200 shampoo_preconditioner_list.py:352] Instantiated Adagrad Preconditioner 18.block_0 (torch.Size([0])) for Parameter 18 (torch.Size([1, 32, 1, 1])), Block block_0 (torch.Size([32])).
I0315 17:16:18.749811 140535749567680 logger_utils.py:262] Unable to record workload.train_stddev information. Continuing without it.
I0315 17:16:18.749854 139759835051200 shampoo_preconditioner_list.py:352] Instantiated Adagrad Preconditioner 19.block_0 (torch.Size([0])) for Parameter 19 (torch.Size([1])), Block block_0 (torch.Size([1])).
I0315 17:16:18.749921 139759835051200 shampoo_preconditioner_list.py:352] Instantiated Adagrad Preconditioner 20.block_0 (torch.Size([0])) for Parameter 20 (torch.Size([512, 256, 2, 2])), Block block_0 (torch.Size([512, 1024])).
I0315 17:16:18.749981 139759835051200 shampoo_preconditioner_list.py:352] Instantiated Adagrad Preconditioner 21.block_0 (torch.Size([0])) for Parameter 21 (torch.Size([256, 128, 2, 2])), Block block_0 (torch.Size([256, 512])).
I0315 17:16:18.749952 140417053611200 submission.py:142] No large parameters detected! Continuing with only Shampoo....
I0315 17:16:18.750038 139759835051200 shampoo_preconditioner_list.py:352] Instantiated Adagrad Preconditioner 22.block_0 (torch.Size([0])) for Parameter 22 (torch.Size([128, 64, 2, 2])), Block block_0 (torch.Size([128, 256])).
I0315 17:16:18.750043 140065163162816 logger_utils.py:262] Unable to record workload.train_mean information. Continuing without it.
I0315 17:16:18.750087 140000313554112 shampoo_preconditioner_list.py:352] Instantiated Adagrad Preconditioner 5.block_0 (torch.Size([128, 384, 3])) for Parameter 5 (torch.Size([128, 128, 3, 3])), Block block_0 (torch.Size([128, 384, 3])).
I0315 17:16:18.750121 140065163162816 logger_utils.py:262] Unable to record workload.train_stddev information. Continuing without it.
I0315 17:16:18.750135 139759835051200 shampoo_preconditioner_list.py:352] Instantiated Adagrad Preconditioner 23.block_0 (torch.Size([64, 128])) for Parameter 23 (torch.Size([64, 32, 2, 2])), Block block_0 (torch.Size([64, 128])).
I0315 17:16:18.750137 140417053611200 submission_runner.py:279] Initializing metrics bundle.
I0315 17:16:18.750222 139759835051200 shampoo_preconditioner_list.py:375] Rank 7: AdaGradPreconditionerList Numel Breakdown: (0, 9216, 0, 0, 73728, 0, 0, 0, 0, 0, 0, 0, 294912, 147456, 73728, 0, 0, 0, 0, 0, 0, 0, 0, 8192)
I0315 17:16:18.750226 140000313554112 shampoo_preconditioner_list.py:352] Instantiated Adagrad Preconditioner 6.block_0 (torch.Size([256, 384, 3])) for Parameter 6 (torch.Size([256, 128, 3, 3])), Block block_0 (torch.Size([256, 384, 3])).
I0315 17:16:18.750217 140048194856128 logger_utils.py:262] Unable to record workload.train_mean information. Continuing without it.
I0315 17:16:18.750264 139759835051200 shampoo_preconditioner_list.py:378] Rank 7: AdaGradPreconditionerList Bytes Breakdown: (0, 36864, 0, 0, 294912, 0, 0, 0, 0, 0, 0, 0, 1179648, 589824, 294912, 0, 0, 0, 0, 0, 0, 0, 0, 32768)
I0315 17:16:18.750267 140417053611200 submission_runner.py:301] Initializing checkpoint and logger.
I0315 17:16:18.750282 140048194856128 logger_utils.py:262] Unable to record workload.train_stddev information. Continuing without it.
I0315 17:16:18.750299 139759835051200 shampoo_preconditioner_list.py:381] Rank 7: AdaGradPreconditionerList Total Elements: 607232
I0315 17:16:18.750309 140000313554112 shampoo_preconditioner_list.py:352] Instantiated Adagrad Preconditioner 7.block_0 (torch.Size([0])) for Parameter 7 (torch.Size([256, 256, 3, 3])), Block block_0 (torch.Size([256, 768, 3])).
I0315 17:16:18.750330 139759835051200 shampoo_preconditioner_list.py:384] Rank 7: AdaGradPreconditionerList Total Bytes: 2428928
I0315 17:16:18.750365 140000313554112 shampoo_preconditioner_list.py:352] Instantiated Adagrad Preconditioner 8.block_0 (torch.Size([0])) for Parameter 8 (torch.Size([512, 256, 3, 3])), Block block_0 (torch.Size([512, 768, 3])).
I0315 17:16:18.750427 140000313554112 shampoo_preconditioner_list.py:352] Instantiated Adagrad Preconditioner 9.block_0 (torch.Size([0])) for Parameter 9 (torch.Size([512, 512, 3, 3])), Block block_0 (torch.Size([512, 512, 9])).
I0315 17:16:18.750487 140000313554112 shampoo_preconditioner_list.py:352] Instantiated Adagrad Preconditioner 10.block_0 (torch.Size([0])) for Parameter 10 (torch.Size([256, 512, 3, 3])), Block block_0 (torch.Size([256, 512, 9])).
I0315 17:16:18.750545 140000313554112 shampoo_preconditioner_list.py:352] Instantiated Adagrad Preconditioner 11.block_0 (torch.Size([0])) for Parameter 11 (torch.Size([256, 256, 3, 3])), Block block_0 (torch.Size([256, 768, 3])).
I0315 17:16:18.750603 140000313554112 shampoo_preconditioner_list.py:352] Instantiated Adagrad Preconditioner 12.block_0 (torch.Size([0])) for Parameter 12 (torch.Size([128, 256, 3, 3])), Block block_0 (torch.Size([128, 768, 3])).
I0315 17:16:18.750661 140000313554112 shampoo_preconditioner_list.py:352] Instantiated Adagrad Preconditioner 13.block_0 (torch.Size([0])) for Parameter 13 (torch.Size([128, 128, 3, 3])), Block block_0 (torch.Size([128, 384, 3])).
I0315 17:16:18.750669 140417053611200 submission_runner.py:321] Saving meta data to /experiment_runs/submissions/rolling_leaderboard/external_tuning/shampoo/study_1/fastmri_pytorch/trial_2/meta_data_0.json.
I0315 17:16:18.750728 140000313554112 shampoo_preconditioner_list.py:352] Instantiated Adagrad Preconditioner 14.block_0 (torch.Size([0])) for Parameter 14 (torch.Size([64, 128, 3, 3])), Block block_0 (torch.Size([64, 384, 3])).
I0315 17:16:18.750786 140000313554112 shampoo_preconditioner_list.py:352] Instantiated Adagrad Preconditioner 15.block_0 (torch.Size([0])) for Parameter 15 (torch.Size([64, 64, 3, 3])), Block block_0 (torch.Size([64, 576])).
I0315 17:16:18.750843 140000313554112 shampoo_preconditioner_list.py:352] Instantiated Adagrad Preconditioner 16.block_0 (torch.Size([0])) for Parameter 16 (torch.Size([32, 64, 3, 3])), Block block_0 (torch.Size([32, 576])).
I0315 17:16:18.750842 140417053611200 logger_utils.py:262] Unable to record workload.train_mean information. Continuing without it.
I0315 17:16:18.750883 140417053611200 logger_utils.py:262] Unable to record workload.train_stddev information. Continuing without it.
I0315 17:16:18.750898 140000313554112 shampoo_preconditioner_list.py:352] Instantiated Adagrad Preconditioner 17.block_0 (torch.Size([0])) for Parameter 17 (torch.Size([32, 32, 3, 3])), Block block_0 (torch.Size([1024, 9])).
I0315 17:16:18.750987 140000313554112 shampoo_preconditioner_list.py:352] Instantiated Adagrad Preconditioner 18.block_0 (torch.Size([32])) for Parameter 18 (torch.Size([1, 32, 1, 1])), Block block_0 (torch.Size([32])).
I0315 17:16:18.751079 140000313554112 shampoo_preconditioner_list.py:352] Instantiated Adagrad Preconditioner 19.block_0 (torch.Size([1])) for Parameter 19 (torch.Size([1])), Block block_0 (torch.Size([1])).
I0315 17:16:18.751150 140000313554112 shampoo_preconditioner_list.py:352] Instantiated Adagrad Preconditioner 20.block_0 (torch.Size([0])) for Parameter 20 (torch.Size([512, 256, 2, 2])), Block block_0 (torch.Size([512, 1024])).
I0315 17:16:18.751236 140000313554112 shampoo_preconditioner_list.py:352] Instantiated Adagrad Preconditioner 21.block_0 (torch.Size([256, 512])) for Parameter 21 (torch.Size([256, 128, 2, 2])), Block block_0 (torch.Size([256, 512])).
I0315 17:16:18.751320 140000313554112 shampoo_preconditioner_list.py:352] Instantiated Adagrad Preconditioner 22.block_0 (torch.Size([128, 256])) for Parameter 22 (torch.Size([128, 64, 2, 2])), Block block_0 (torch.Size([128, 256])).
I0315 17:16:18.751392 140000313554112 shampoo_preconditioner_list.py:352] Instantiated Adagrad Preconditioner 23.block_0 (torch.Size([0])) for Parameter 23 (torch.Size([64, 32, 2, 2])), Block block_0 (torch.Size([64, 128])).
I0315 17:16:18.751473 140000313554112 shampoo_preconditioner_list.py:375] Rank 6: AdaGradPreconditionerList Numel Breakdown: (288, 0, 0, 0, 0, 147456, 294912, 0, 0, 0, 0, 0, 0, 0, 0, 0, 0, 0, 32, 1, 0, 131072, 32768, 0)
I0315 17:16:18.751516 140000313554112 shampoo_preconditioner_list.py:378] Rank 6: AdaGradPreconditionerList Bytes Breakdown: (1152, 0, 0, 0, 0, 589824, 1179648, 0, 0, 0, 0, 0, 0, 0, 0, 0, 0, 0, 128, 4, 0, 524288, 131072, 0)
I0315 17:16:18.751553 140000313554112 shampoo_preconditioner_list.py:381] Rank 6: AdaGradPreconditionerList Total Elements: 606529
I0315 17:16:18.751588 140000313554112 shampoo_preconditioner_list.py:384] Rank 6: AdaGradPreconditionerList Total Bytes: 2426116
I0315 17:16:18.751934 139759835051200 logger_utils.py:262] Unable to record workload.train_mean information. Continuing without it.
I0315 17:16:18.752014 139759835051200 logger_utils.py:262] Unable to record workload.train_stddev information. Continuing without it.
I0315 17:16:18.753262 140000313554112 logger_utils.py:262] Unable to record workload.train_mean information. Continuing without it.
I0315 17:16:18.753343 140000313554112 logger_utils.py:262] Unable to record workload.train_stddev information. Continuing without it.
I0315 17:16:19.082224 140417053611200 submission_runner.py:325] Saving flags to /experiment_runs/submissions/rolling_leaderboard/external_tuning/shampoo/study_1/fastmri_pytorch/trial_2/flags_0.json.
I0315 17:16:19.117893 140417053611200 submission_runner.py:337] Starting training loop.
[rank1]:W0315 17:16:19.151000 45 site-packages/torch/_logging/_internal.py:1081] [0/0] Profiler function <class 'torch.autograd.profiler.record_function'> will be ignored
[rank3]:W0315 17:16:19.153000 47 site-packages/torch/_logging/_internal.py:1081] [0/0] Profiler function <class 'torch.autograd.profiler.record_function'> will be ignored
[rank4]:W0315 17:16:19.153000 48 site-packages/torch/_logging/_internal.py:1081] [0/0] Profiler function <class 'torch.autograd.profiler.record_function'> will be ignored
[rank2]:W0315 17:16:19.153000 46 site-packages/torch/_logging/_internal.py:1081] [0/0] Profiler function <class 'torch.autograd.profiler.record_function'> will be ignored
[rank7]:W0315 17:16:19.153000 51 site-packages/torch/_logging/_internal.py:1081] [0/0] Profiler function <class 'torch.autograd.profiler.record_function'> will be ignored
[rank6]:W0315 17:16:19.154000 50 site-packages/torch/_logging/_internal.py:1081] [0/0] Profiler function <class 'torch.autograd.profiler.record_function'> will be ignored
[rank5]:W0315 17:16:19.154000 49 site-packages/torch/_logging/_internal.py:1081] [0/0] Profiler function <class 'torch.autograd.profiler.record_function'> will be ignored
[rank0]:W0315 17:17:07.133000 44 site-packages/torch/_logging/_internal.py:1081] [0/0] Profiler function <class 'torch.autograd.profiler.record_function'> will be ignored
[rank4]:W0315 17:17:39.331000 48 site-packages/torch/_dynamo/convert_frame.py:844] [2/8] torch._dynamo hit config.cache_size_limit (8)
[rank4]:W0315 17:17:39.331000 48 site-packages/torch/_dynamo/convert_frame.py:844] [2/8]    function: 'forward' (/algorithmic-efficiency/algoperf/workloads/fastmri/fastmri_pytorch/models.py:141)
[rank4]:W0315 17:17:39.331000 48 site-packages/torch/_dynamo/convert_frame.py:844] [2/8]    last reason: 2/0: tensor 'L['x']' requires_grad mismatch. expected requires_grad=0
[rank4]:W0315 17:17:39.331000 48 site-packages/torch/_dynamo/convert_frame.py:844] [2/8] To log all recompilation reasons, use TORCH_LOGS="recompiles".
[rank4]:W0315 17:17:39.331000 48 site-packages/torch/_dynamo/convert_frame.py:844] [2/8] To diagnose recompilation issues, see https://pytorch.org/docs/main/torch.compiler_troubleshooting.html.
[rank3]:W0315 17:17:39.396000 47 site-packages/torch/_dynamo/convert_frame.py:844] [2/8] torch._dynamo hit config.cache_size_limit (8)
[rank3]:W0315 17:17:39.396000 47 site-packages/torch/_dynamo/convert_frame.py:844] [2/8]    function: 'forward' (/algorithmic-efficiency/algoperf/workloads/fastmri/fastmri_pytorch/models.py:141)
[rank3]:W0315 17:17:39.396000 47 site-packages/torch/_dynamo/convert_frame.py:844] [2/8]    last reason: 2/0: tensor 'L['x']' requires_grad mismatch. expected requires_grad=0
[rank3]:W0315 17:17:39.396000 47 site-packages/torch/_dynamo/convert_frame.py:844] [2/8] To log all recompilation reasons, use TORCH_LOGS="recompiles".
[rank3]:W0315 17:17:39.396000 47 site-packages/torch/_dynamo/convert_frame.py:844] [2/8] To diagnose recompilation issues, see https://pytorch.org/docs/main/torch.compiler_troubleshooting.html.
[rank1]:W0315 17:17:39.446000 45 site-packages/torch/_dynamo/convert_frame.py:844] [2/8] torch._dynamo hit config.cache_size_limit (8)
[rank1]:W0315 17:17:39.446000 45 site-packages/torch/_dynamo/convert_frame.py:844] [2/8]    function: 'forward' (/algorithmic-efficiency/algoperf/workloads/fastmri/fastmri_pytorch/models.py:141)
[rank1]:W0315 17:17:39.446000 45 site-packages/torch/_dynamo/convert_frame.py:844] [2/8]    last reason: 2/0: tensor 'L['x']' requires_grad mismatch. expected requires_grad=0
[rank1]:W0315 17:17:39.446000 45 site-packages/torch/_dynamo/convert_frame.py:844] [2/8] To log all recompilation reasons, use TORCH_LOGS="recompiles".
[rank1]:W0315 17:17:39.446000 45 site-packages/torch/_dynamo/convert_frame.py:844] [2/8] To diagnose recompilation issues, see https://pytorch.org/docs/main/torch.compiler_troubleshooting.html.
[rank2]:W0315 17:17:39.446000 46 site-packages/torch/_dynamo/convert_frame.py:844] [2/8] torch._dynamo hit config.cache_size_limit (8)
[rank2]:W0315 17:17:39.446000 46 site-packages/torch/_dynamo/convert_frame.py:844] [2/8]    function: 'forward' (/algorithmic-efficiency/algoperf/workloads/fastmri/fastmri_pytorch/models.py:141)
[rank2]:W0315 17:17:39.446000 46 site-packages/torch/_dynamo/convert_frame.py:844] [2/8]    last reason: 2/0: tensor 'L['x']' requires_grad mismatch. expected requires_grad=0
[rank2]:W0315 17:17:39.446000 46 site-packages/torch/_dynamo/convert_frame.py:844] [2/8] To log all recompilation reasons, use TORCH_LOGS="recompiles".
[rank2]:W0315 17:17:39.446000 46 site-packages/torch/_dynamo/convert_frame.py:844] [2/8] To diagnose recompilation issues, see https://pytorch.org/docs/main/torch.compiler_troubleshooting.html.
[rank6]:W0315 17:17:39.446000 50 site-packages/torch/_dynamo/convert_frame.py:844] [2/8] torch._dynamo hit config.cache_size_limit (8)
[rank6]:W0315 17:17:39.446000 50 site-packages/torch/_dynamo/convert_frame.py:844] [2/8]    function: 'forward' (/algorithmic-efficiency/algoperf/workloads/fastmri/fastmri_pytorch/models.py:141)
[rank6]:W0315 17:17:39.446000 50 site-packages/torch/_dynamo/convert_frame.py:844] [2/8]    last reason: 2/0: tensor 'L['x']' requires_grad mismatch. expected requires_grad=0
[rank6]:W0315 17:17:39.446000 50 site-packages/torch/_dynamo/convert_frame.py:844] [2/8] To log all recompilation reasons, use TORCH_LOGS="recompiles".
[rank6]:W0315 17:17:39.446000 50 site-packages/torch/_dynamo/convert_frame.py:844] [2/8] To diagnose recompilation issues, see https://pytorch.org/docs/main/torch.compiler_troubleshooting.html.
[rank5]:W0315 17:17:39.880000 49 site-packages/torch/_dynamo/convert_frame.py:844] [2/8] torch._dynamo hit config.cache_size_limit (8)
[rank5]:W0315 17:17:39.880000 49 site-packages/torch/_dynamo/convert_frame.py:844] [2/8]    function: 'forward' (/algorithmic-efficiency/algoperf/workloads/fastmri/fastmri_pytorch/models.py:141)
[rank5]:W0315 17:17:39.880000 49 site-packages/torch/_dynamo/convert_frame.py:844] [2/8]    last reason: 2/0: tensor 'L['x']' requires_grad mismatch. expected requires_grad=0
[rank5]:W0315 17:17:39.880000 49 site-packages/torch/_dynamo/convert_frame.py:844] [2/8] To log all recompilation reasons, use TORCH_LOGS="recompiles".
[rank5]:W0315 17:17:39.880000 49 site-packages/torch/_dynamo/convert_frame.py:844] [2/8] To diagnose recompilation issues, see https://pytorch.org/docs/main/torch.compiler_troubleshooting.html.
[rank7]:W0315 17:17:40.040000 51 site-packages/torch/_dynamo/convert_frame.py:844] [2/8] torch._dynamo hit config.cache_size_limit (8)
[rank7]:W0315 17:17:40.040000 51 site-packages/torch/_dynamo/convert_frame.py:844] [2/8]    function: 'forward' (/algorithmic-efficiency/algoperf/workloads/fastmri/fastmri_pytorch/models.py:141)
[rank7]:W0315 17:17:40.040000 51 site-packages/torch/_dynamo/convert_frame.py:844] [2/8]    last reason: 2/0: tensor 'L['x']' requires_grad mismatch. expected requires_grad=0
[rank7]:W0315 17:17:40.040000 51 site-packages/torch/_dynamo/convert_frame.py:844] [2/8] To log all recompilation reasons, use TORCH_LOGS="recompiles".
[rank7]:W0315 17:17:40.040000 51 site-packages/torch/_dynamo/convert_frame.py:844] [2/8] To diagnose recompilation issues, see https://pytorch.org/docs/main/torch.compiler_troubleshooting.html.
[rank0]:W0315 17:17:41.731000 44 site-packages/torch/_dynamo/convert_frame.py:844] [2/8] torch._dynamo hit config.cache_size_limit (8)
[rank0]:W0315 17:17:41.731000 44 site-packages/torch/_dynamo/convert_frame.py:844] [2/8]    function: 'forward' (/algorithmic-efficiency/algoperf/workloads/fastmri/fastmri_pytorch/models.py:141)
[rank0]:W0315 17:17:41.731000 44 site-packages/torch/_dynamo/convert_frame.py:844] [2/8]    last reason: 2/0: tensor 'L['x']' requires_grad mismatch. expected requires_grad=0
[rank0]:W0315 17:17:41.731000 44 site-packages/torch/_dynamo/convert_frame.py:844] [2/8] To log all recompilation reasons, use TORCH_LOGS="recompiles".
[rank0]:W0315 17:17:41.731000 44 site-packages/torch/_dynamo/convert_frame.py:844] [2/8] To diagnose recompilation issues, see https://pytorch.org/docs/main/torch.compiler_troubleshooting.html.
I0315 17:17:50.857389 140389023643392 logging_writer.py:48] [0] global_step=0, grad_norm=4.66463, loss=0.799358
I0315 17:17:50.878468 140417053611200 submission.py:265] 0) loss = 0.799, grad_norm = 4.665
I0315 17:17:51.572784 140417053611200 spec.py:321] Evaluating on the training split.
I0315 17:19:15.051093 140417053611200 spec.py:333] Evaluating on the validation split.
I0315 17:19:51.391275 140417053611200 spec.py:349] Evaluating on the test split.
I0315 17:20:14.055348 140417053611200 submission_runner.py:469] Time since start: 234.94s, 	Step: 1, 	{'train/ssim': 0.3121251719338553, 'train/loss': 0.784059865134103, 'validation/ssim': 0.30409885593257596, 'validation/loss': 0.7901218394986284, 'validation/num_examples': 3554, 'test/ssim': 0.32741875796303405, 'test/loss': 0.7868012164898073, 'test/num_examples': 3581, 'score': 91.76169061660767, 'total_duration': 234.93771958351135, 'accumulated_submission_time': 91.76169061660767, 'accumulated_eval_time': 142.4829707145691, 'accumulated_logging_time': 0}
I0315 17:20:14.066034 140370696447744 logging_writer.py:48] [1] accumulated_eval_time=142.483, accumulated_logging_time=0, accumulated_submission_time=91.7617, global_step=1, preemption_count=0, score=91.7617, test/loss=0.786801, test/num_examples=3581, test/ssim=0.327419, total_duration=234.938, train/loss=0.78406, train/ssim=0.312125, validation/loss=0.790122, validation/num_examples=3554, validation/ssim=0.304099
I0315 17:20:15.156760 140370688055040 logging_writer.py:48] [1] global_step=1, grad_norm=4.4802, loss=0.789975
I0315 17:20:15.160267 140417053611200 submission.py:265] 1) loss = 0.790, grad_norm = 4.480
I0315 17:20:15.258524 140370696447744 logging_writer.py:48] [2] global_step=2, grad_norm=5.10541, loss=0.82255
I0315 17:20:15.265443 140417053611200 submission.py:265] 2) loss = 0.823, grad_norm = 5.105
I0315 17:20:15.349347 140370688055040 logging_writer.py:48] [3] global_step=3, grad_norm=5.33343, loss=0.72801
I0315 17:20:15.355060 140417053611200 submission.py:265] 3) loss = 0.728, grad_norm = 5.333
I0315 17:20:15.447620 140370696447744 logging_writer.py:48] [4] global_step=4, grad_norm=4.72916, loss=0.692109
I0315 17:20:15.453206 140417053611200 submission.py:265] 4) loss = 0.692, grad_norm = 4.729
I0315 17:20:15.524554 140370688055040 logging_writer.py:48] [5] global_step=5, grad_norm=4.42966, loss=0.724503
I0315 17:20:15.530066 140417053611200 submission.py:265] 5) loss = 0.725, grad_norm = 4.430
I0315 17:20:15.617367 140370696447744 logging_writer.py:48] [6] global_step=6, grad_norm=4.03119, loss=0.693557
I0315 17:20:15.621576 140417053611200 submission.py:265] 6) loss = 0.694, grad_norm = 4.031
I0315 17:20:15.711543 140370688055040 logging_writer.py:48] [7] global_step=7, grad_norm=3.89446, loss=0.693069
I0315 17:20:15.716325 140417053611200 submission.py:265] 7) loss = 0.693, grad_norm = 3.894
I0315 17:20:15.802290 140370696447744 logging_writer.py:48] [8] global_step=8, grad_norm=3.98307, loss=0.672958
I0315 17:20:15.806564 140417053611200 submission.py:265] 8) loss = 0.673, grad_norm = 3.983
I0315 17:20:15.888719 140370688055040 logging_writer.py:48] [9] global_step=9, grad_norm=3.98998, loss=0.614141
I0315 17:20:15.893460 140417053611200 submission.py:265] 9) loss = 0.614, grad_norm = 3.990
I0315 17:20:15.981406 140370696447744 logging_writer.py:48] [10] global_step=10, grad_norm=3.52948, loss=0.597263
I0315 17:20:15.985996 140417053611200 submission.py:265] 10) loss = 0.597, grad_norm = 3.529
I0315 17:20:16.059949 140370688055040 logging_writer.py:48] [11] global_step=11, grad_norm=3.06689, loss=0.648083
I0315 17:20:16.064969 140417053611200 submission.py:265] 11) loss = 0.648, grad_norm = 3.067
I0315 17:20:16.138945 140370696447744 logging_writer.py:48] [12] global_step=12, grad_norm=3.20982, loss=0.536291
I0315 17:20:16.143045 140417053611200 submission.py:265] 12) loss = 0.536, grad_norm = 3.210
I0315 17:20:16.220425 140370688055040 logging_writer.py:48] [13] global_step=13, grad_norm=2.61127, loss=0.580583
I0315 17:20:16.226271 140417053611200 submission.py:265] 13) loss = 0.581, grad_norm = 2.611
I0315 17:20:16.308476 140370696447744 logging_writer.py:48] [14] global_step=14, grad_norm=2.3577, loss=0.510731
I0315 17:20:16.313764 140417053611200 submission.py:265] 14) loss = 0.511, grad_norm = 2.358
I0315 17:20:16.390472 140370688055040 logging_writer.py:48] [15] global_step=15, grad_norm=2.13478, loss=0.489869
I0315 17:20:16.395074 140417053611200 submission.py:265] 15) loss = 0.490, grad_norm = 2.135
I0315 17:20:16.462865 140370696447744 logging_writer.py:48] [16] global_step=16, grad_norm=1.65325, loss=0.553499
I0315 17:20:16.467581 140417053611200 submission.py:265] 16) loss = 0.553, grad_norm = 1.653
I0315 17:20:16.547506 140370688055040 logging_writer.py:48] [17] global_step=17, grad_norm=1.51652, loss=0.518099
I0315 17:20:16.552055 140417053611200 submission.py:265] 17) loss = 0.518, grad_norm = 1.517
I0315 17:20:16.623793 140370696447744 logging_writer.py:48] [18] global_step=18, grad_norm=1.34284, loss=0.443878
I0315 17:20:16.628022 140417053611200 submission.py:265] 18) loss = 0.444, grad_norm = 1.343
I0315 17:20:16.715859 140370688055040 logging_writer.py:48] [19] global_step=19, grad_norm=1.09739, loss=0.518208
I0315 17:20:16.723146 140417053611200 submission.py:265] 19) loss = 0.518, grad_norm = 1.097
I0315 17:20:16.802585 140370696447744 logging_writer.py:48] [20] global_step=20, grad_norm=1.07237, loss=0.40569
I0315 17:20:16.807747 140417053611200 submission.py:265] 20) loss = 0.406, grad_norm = 1.072
I0315 17:20:16.887868 140370688055040 logging_writer.py:48] [21] global_step=21, grad_norm=0.913157, loss=0.460241
I0315 17:20:16.892568 140417053611200 submission.py:265] 21) loss = 0.460, grad_norm = 0.913
I0315 17:20:16.981053 140370696447744 logging_writer.py:48] [22] global_step=22, grad_norm=0.892578, loss=0.477823
I0315 17:20:16.987909 140417053611200 submission.py:265] 22) loss = 0.478, grad_norm = 0.893
I0315 17:20:17.061007 140370688055040 logging_writer.py:48] [23] global_step=23, grad_norm=0.927651, loss=0.405383
I0315 17:20:17.069321 140417053611200 submission.py:265] 23) loss = 0.405, grad_norm = 0.928
I0315 17:20:17.149571 140370696447744 logging_writer.py:48] [24] global_step=24, grad_norm=0.872446, loss=0.565649
I0315 17:20:17.153732 140417053611200 submission.py:265] 24) loss = 0.566, grad_norm = 0.872
I0315 17:20:17.237387 140370688055040 logging_writer.py:48] [25] global_step=25, grad_norm=0.937754, loss=0.466332
I0315 17:20:17.246290 140417053611200 submission.py:265] 25) loss = 0.466, grad_norm = 0.938
I0315 17:20:17.323723 140370696447744 logging_writer.py:48] [26] global_step=26, grad_norm=0.864332, loss=0.469328
I0315 17:20:17.328073 140417053611200 submission.py:265] 26) loss = 0.469, grad_norm = 0.864
I0315 17:20:17.411533 140370688055040 logging_writer.py:48] [27] global_step=27, grad_norm=1.02736, loss=0.387715
I0315 17:20:17.416881 140417053611200 submission.py:265] 27) loss = 0.388, grad_norm = 1.027
I0315 17:20:17.497337 140370696447744 logging_writer.py:48] [28] global_step=28, grad_norm=1.10971, loss=0.37415
I0315 17:20:17.503072 140417053611200 submission.py:265] 28) loss = 0.374, grad_norm = 1.110
I0315 17:20:17.577880 140370688055040 logging_writer.py:48] [29] global_step=29, grad_norm=1.06127, loss=0.480516
I0315 17:20:17.581915 140417053611200 submission.py:265] 29) loss = 0.481, grad_norm = 1.061
I0315 17:20:17.670411 140370696447744 logging_writer.py:48] [30] global_step=30, grad_norm=1.01074, loss=0.651831
I0315 17:20:17.675616 140417053611200 submission.py:265] 30) loss = 0.652, grad_norm = 1.011
I0315 17:20:17.754000 140370688055040 logging_writer.py:48] [31] global_step=31, grad_norm=1.00055, loss=0.426136
I0315 17:20:17.758481 140417053611200 submission.py:265] 31) loss = 0.426, grad_norm = 1.001
I0315 17:20:17.845482 140370696447744 logging_writer.py:48] [32] global_step=32, grad_norm=1.01235, loss=0.360968
I0315 17:20:17.853451 140417053611200 submission.py:265] 32) loss = 0.361, grad_norm = 1.012
I0315 17:20:17.924199 140370688055040 logging_writer.py:48] [33] global_step=33, grad_norm=0.891593, loss=0.389257
I0315 17:20:17.929001 140417053611200 submission.py:265] 33) loss = 0.389, grad_norm = 0.892
I0315 17:20:17.994788 140370696447744 logging_writer.py:48] [34] global_step=34, grad_norm=0.891772, loss=0.430678
I0315 17:20:18.000312 140417053611200 submission.py:265] 34) loss = 0.431, grad_norm = 0.892
I0315 17:20:18.078436 140370688055040 logging_writer.py:48] [35] global_step=35, grad_norm=0.816152, loss=0.402215
I0315 17:20:18.084038 140417053611200 submission.py:265] 35) loss = 0.402, grad_norm = 0.816
I0315 17:20:18.155726 140370696447744 logging_writer.py:48] [36] global_step=36, grad_norm=0.733622, loss=0.417421
I0315 17:20:18.161354 140417053611200 submission.py:265] 36) loss = 0.417, grad_norm = 0.734
I0315 17:20:18.238389 140370688055040 logging_writer.py:48] [37] global_step=37, grad_norm=0.683508, loss=0.338131
I0315 17:20:18.243940 140417053611200 submission.py:265] 37) loss = 0.338, grad_norm = 0.684
I0315 17:20:18.322803 140370696447744 logging_writer.py:48] [38] global_step=38, grad_norm=0.672525, loss=0.358069
I0315 17:20:18.327577 140417053611200 submission.py:265] 38) loss = 0.358, grad_norm = 0.673
I0315 17:20:18.397307 140370688055040 logging_writer.py:48] [39] global_step=39, grad_norm=0.648603, loss=0.404487
I0315 17:20:18.405348 140417053611200 submission.py:265] 39) loss = 0.404, grad_norm = 0.649
I0315 17:20:18.481027 140370696447744 logging_writer.py:48] [40] global_step=40, grad_norm=0.60074, loss=0.320726
I0315 17:20:18.487021 140417053611200 submission.py:265] 40) loss = 0.321, grad_norm = 0.601
I0315 17:20:18.559809 140370688055040 logging_writer.py:48] [41] global_step=41, grad_norm=0.58377, loss=0.346378
I0315 17:20:18.567258 140417053611200 submission.py:265] 41) loss = 0.346, grad_norm = 0.584
I0315 17:20:18.646326 140370696447744 logging_writer.py:48] [42] global_step=42, grad_norm=0.548228, loss=0.349356
I0315 17:20:18.653896 140417053611200 submission.py:265] 42) loss = 0.349, grad_norm = 0.548
I0315 17:20:18.719340 140370688055040 logging_writer.py:48] [43] global_step=43, grad_norm=0.688485, loss=0.333265
I0315 17:20:18.724950 140417053611200 submission.py:265] 43) loss = 0.333, grad_norm = 0.688
I0315 17:20:18.794882 140370696447744 logging_writer.py:48] [44] global_step=44, grad_norm=0.624413, loss=0.307991
I0315 17:20:18.799780 140417053611200 submission.py:265] 44) loss = 0.308, grad_norm = 0.624
I0315 17:20:18.874602 140370688055040 logging_writer.py:48] [45] global_step=45, grad_norm=0.576746, loss=0.356588
I0315 17:20:18.882441 140417053611200 submission.py:265] 45) loss = 0.357, grad_norm = 0.577
I0315 17:20:18.957620 140370696447744 logging_writer.py:48] [46] global_step=46, grad_norm=0.421731, loss=0.356143
I0315 17:20:18.962162 140417053611200 submission.py:265] 46) loss = 0.356, grad_norm = 0.422
I0315 17:20:19.037526 140370688055040 logging_writer.py:48] [47] global_step=47, grad_norm=0.477615, loss=0.363358
I0315 17:20:19.041768 140417053611200 submission.py:265] 47) loss = 0.363, grad_norm = 0.478
I0315 17:20:19.110025 140370696447744 logging_writer.py:48] [48] global_step=48, grad_norm=0.530421, loss=0.374515
I0315 17:20:19.114041 140417053611200 submission.py:265] 48) loss = 0.375, grad_norm = 0.530
I0315 17:20:19.189316 140370688055040 logging_writer.py:48] [49] global_step=49, grad_norm=0.428849, loss=0.358379
I0315 17:20:19.194240 140417053611200 submission.py:265] 49) loss = 0.358, grad_norm = 0.429
I0315 17:20:19.275508 140370696447744 logging_writer.py:48] [50] global_step=50, grad_norm=0.482831, loss=0.330632
I0315 17:20:19.280268 140417053611200 submission.py:265] 50) loss = 0.331, grad_norm = 0.483
I0315 17:20:19.351678 140370688055040 logging_writer.py:48] [51] global_step=51, grad_norm=0.532555, loss=0.282293
I0315 17:20:19.356545 140417053611200 submission.py:265] 51) loss = 0.282, grad_norm = 0.533
I0315 17:20:19.619593 140370696447744 logging_writer.py:48] [52] global_step=52, grad_norm=0.389008, loss=0.36709
I0315 17:20:19.624441 140417053611200 submission.py:265] 52) loss = 0.367, grad_norm = 0.389
I0315 17:20:20.001342 140370688055040 logging_writer.py:48] [53] global_step=53, grad_norm=0.436016, loss=0.340143
I0315 17:20:20.008018 140417053611200 submission.py:265] 53) loss = 0.340, grad_norm = 0.436
I0315 17:20:20.316026 140370696447744 logging_writer.py:48] [54] global_step=54, grad_norm=0.50287, loss=0.342738
I0315 17:20:20.321173 140417053611200 submission.py:265] 54) loss = 0.343, grad_norm = 0.503
I0315 17:20:20.749944 140370688055040 logging_writer.py:48] [55] global_step=55, grad_norm=0.545819, loss=0.26963
I0315 17:20:20.756412 140417053611200 submission.py:265] 55) loss = 0.270, grad_norm = 0.546
I0315 17:20:21.125190 140370696447744 logging_writer.py:48] [56] global_step=56, grad_norm=0.517736, loss=0.272464
I0315 17:20:21.131759 140417053611200 submission.py:265] 56) loss = 0.272, grad_norm = 0.518
I0315 17:20:21.880132 140370688055040 logging_writer.py:48] [57] global_step=57, grad_norm=0.511737, loss=0.241718
I0315 17:20:21.889173 140417053611200 submission.py:265] 57) loss = 0.242, grad_norm = 0.512
I0315 17:20:22.228788 140370696447744 logging_writer.py:48] [58] global_step=58, grad_norm=0.479266, loss=0.262291
I0315 17:20:22.232047 140417053611200 submission.py:265] 58) loss = 0.262, grad_norm = 0.479
I0315 17:20:22.497250 140370688055040 logging_writer.py:48] [59] global_step=59, grad_norm=0.373933, loss=0.319067
I0315 17:20:22.506174 140417053611200 submission.py:265] 59) loss = 0.319, grad_norm = 0.374
I0315 17:20:22.859802 140370696447744 logging_writer.py:48] [60] global_step=60, grad_norm=0.476643, loss=0.290496
I0315 17:20:22.869462 140417053611200 submission.py:265] 60) loss = 0.290, grad_norm = 0.477
I0315 17:20:23.025194 140370688055040 logging_writer.py:48] [61] global_step=61, grad_norm=0.31146, loss=0.330112
I0315 17:20:23.029604 140417053611200 submission.py:265] 61) loss = 0.330, grad_norm = 0.311
I0315 17:20:23.195321 140370696447744 logging_writer.py:48] [62] global_step=62, grad_norm=0.302482, loss=0.383372
I0315 17:20:23.202164 140417053611200 submission.py:265] 62) loss = 0.383, grad_norm = 0.302
I0315 17:20:23.408710 140370688055040 logging_writer.py:48] [63] global_step=63, grad_norm=0.298354, loss=0.281198
I0315 17:20:23.412574 140417053611200 submission.py:265] 63) loss = 0.281, grad_norm = 0.298
I0315 17:20:23.680024 140370696447744 logging_writer.py:48] [64] global_step=64, grad_norm=0.362814, loss=0.330708
I0315 17:20:23.689034 140417053611200 submission.py:265] 64) loss = 0.331, grad_norm = 0.363
I0315 17:20:23.944125 140370688055040 logging_writer.py:48] [65] global_step=65, grad_norm=0.238027, loss=0.413876
I0315 17:20:23.949693 140417053611200 submission.py:265] 65) loss = 0.414, grad_norm = 0.238
I0315 17:20:24.147726 140370696447744 logging_writer.py:48] [66] global_step=66, grad_norm=0.243009, loss=0.275955
I0315 17:20:24.152645 140417053611200 submission.py:265] 66) loss = 0.276, grad_norm = 0.243
I0315 17:20:24.305453 140370688055040 logging_writer.py:48] [67] global_step=67, grad_norm=0.168734, loss=0.336988
I0315 17:20:24.311861 140417053611200 submission.py:265] 67) loss = 0.337, grad_norm = 0.169
I0315 17:20:24.386288 140370696447744 logging_writer.py:48] [68] global_step=68, grad_norm=0.217857, loss=0.286433
I0315 17:20:24.391710 140417053611200 submission.py:265] 68) loss = 0.286, grad_norm = 0.218
I0315 17:20:24.478319 140370688055040 logging_writer.py:48] [69] global_step=69, grad_norm=0.211115, loss=0.331821
I0315 17:20:24.483300 140417053611200 submission.py:265] 69) loss = 0.332, grad_norm = 0.211
I0315 17:20:24.678209 140370696447744 logging_writer.py:48] [70] global_step=70, grad_norm=0.243714, loss=0.378253
I0315 17:20:24.683032 140417053611200 submission.py:265] 70) loss = 0.378, grad_norm = 0.244
I0315 17:20:24.867731 140370688055040 logging_writer.py:48] [71] global_step=71, grad_norm=0.277071, loss=0.327535
I0315 17:20:24.874158 140417053611200 submission.py:265] 71) loss = 0.328, grad_norm = 0.277
I0315 17:20:25.003655 140370696447744 logging_writer.py:48] [72] global_step=72, grad_norm=0.211435, loss=0.374745
I0315 17:20:25.010610 140417053611200 submission.py:265] 72) loss = 0.375, grad_norm = 0.211
I0315 17:20:25.174968 140370688055040 logging_writer.py:48] [73] global_step=73, grad_norm=0.25308, loss=0.375729
I0315 17:20:25.182877 140417053611200 submission.py:265] 73) loss = 0.376, grad_norm = 0.253
I0315 17:20:25.314412 140370696447744 logging_writer.py:48] [74] global_step=74, grad_norm=0.2386, loss=0.298218
I0315 17:20:25.319566 140417053611200 submission.py:265] 74) loss = 0.298, grad_norm = 0.239
I0315 17:20:25.403486 140370688055040 logging_writer.py:48] [75] global_step=75, grad_norm=0.467042, loss=0.239334
