python submission_runner.py --framework=jax --workload=librispeech_conformer --submission_path=prize_qualification_baselines/external_tuning/jax_nadamw_full_budget.py --data_dir=/data/librispeech --num_tuning_trials=1 --experiment_dir=/experiment_runs --experiment_name=submissions/rolling_leaderboard/external_tuning/baseline/study_1 --overwrite=True --save_checkpoints=False --rng_seed=1020740748 --librispeech_tokenizer_vocab_path=/data/librispeech/spm_model.vocab --tuning_ruleset=external --tuning_search_space=prize_qualification_baselines/external_tuning/tuning_search_space.json --num_tuning_trials=5 --hparam_start_index=0 --hparam_end_index=1 2>&1 | tee -a /logs/librispeech_conformer_jax_03-06-2025-20-37-15.log
2025-03-06 20:37:32.827749: E external/local_xla/xla/stream_executor/cuda/cuda_fft.cc:477] Unable to register cuFFT factory: Attempting to register factory for plugin cuFFT when one has already been registered
WARNING: All log messages before absl::InitializeLog() is called are written to STDERR
E0000 00:00:1741293453.242846       9 cuda_dnn.cc:8310] Unable to register cuDNN factory: Attempting to register factory for plugin cuDNN when one has already been registered
E0000 00:00:1741293453.382528       9 cuda_blas.cc:1418] Unable to register cuBLAS factory: Attempting to register factory for plugin cuBLAS when one has already been registered
ERROR:root:Unable to import wandb.
Traceback (most recent call last):
  File "/algorithmic-efficiency/algoperf/logger_utils.py", line 27, in <module>
    import wandb  # pylint: disable=g-import-not-at-top
    ^^^^^^^^^^^^
ModuleNotFoundError: No module named 'wandb'
I0306 20:38:20.814245 140401932620992 logger_utils.py:81] Creating experiment directory at /experiment_runs/submissions/rolling_leaderboard/external_tuning/baseline/study_1/librispeech_conformer_jax.
I0306 20:38:23.944806 140401932620992 xla_bridge.py:884] Unable to initialize backend 'rocm': NOT_FOUND: Could not find registered platform with name: "rocm". Available platform names are: CUDA
I0306 20:38:23.947840 140401932620992 xla_bridge.py:884] Unable to initialize backend 'tpu': INTERNAL: Failed to open libtpu.so: libtpu.so: cannot open shared object file: No such file or directory
I0306 20:38:23.979441 140401932620992 submission_runner.py:606] Using RNG seed 1020740748
I0306 20:38:30.012898 140401932620992 submission_runner.py:615] --- Tuning run 1/5 ---
I0306 20:38:30.013072 140401932620992 submission_runner.py:620] Creating tuning directory at /experiment_runs/submissions/rolling_leaderboard/external_tuning/baseline/study_1/librispeech_conformer_jax/trial_1.
I0306 20:38:30.013239 140401932620992 logger_utils.py:97] Saving hparams to /experiment_runs/submissions/rolling_leaderboard/external_tuning/baseline/study_1/librispeech_conformer_jax/trial_1/hparams.json.
I0306 20:38:30.258465 140401932620992 submission_runner.py:218] Initializing dataset.
I0306 20:38:30.258642 140401932620992 submission_runner.py:229] Initializing model.
I0306 20:38:46.901212 140401932620992 submission_runner.py:272] Initializing optimizer.
I0306 20:38:47.724309 140401932620992 submission_runner.py:279] Initializing metrics bundle.
I0306 20:38:47.724526 140401932620992 submission_runner.py:301] Initializing checkpoint and logger.
I0306 20:38:47.725374 140401932620992 checkpoints.py:1101] Found no checkpoint files in /experiment_runs/submissions/rolling_leaderboard/external_tuning/baseline/study_1/librispeech_conformer_jax/trial_1 with prefix checkpoint_
I0306 20:38:47.725463 140401932620992 submission_runner.py:321] Saving meta data to /experiment_runs/submissions/rolling_leaderboard/external_tuning/baseline/study_1/librispeech_conformer_jax/trial_1/meta_data_0.json.
I0306 20:38:47.725618 140401932620992 logger_utils.py:262] Unable to record workload.train_mean information. Continuing without it.
I0306 20:38:47.725663 140401932620992 logger_utils.py:262] Unable to record workload.train_stddev information. Continuing without it.
I0306 20:38:48.193120 140401932620992 submission_runner.py:325] Saving flags to /experiment_runs/submissions/rolling_leaderboard/external_tuning/baseline/study_1/librispeech_conformer_jax/trial_1/flags_0.json.
I0306 20:38:48.491775 140401932620992 submission_runner.py:337] Starting training loop.
I0306 20:38:48.661970 140401932620992 input_pipeline.py:20] Loading split = train-clean-100
I0306 20:38:48.734756 140401932620992 input_pipeline.py:20] Loading split = train-clean-360
I0306 20:38:49.140021 140401932620992 input_pipeline.py:20] Loading split = train-other-500
/usr/local/lib/python3.11/multiprocessing/popen_fork.py:66: RuntimeWarning: os.fork() was called. os.fork() is incompatible with multithreaded code, and JAX is multithreaded, so this will likely lead to a deadlock.
  self.pid = os.fork()
/usr/local/lib/python3.11/site-packages/jax/_src/interpreters/mlir.py:930: UserWarning: Some donated buffers were not usable: ShapedArray(float32[512]), ShapedArray(float32[512]), ShapedArray(float32[512]), ShapedArray(float32[512]), ShapedArray(float32[512]), ShapedArray(float32[512]), ShapedArray(float32[512]), ShapedArray(float32[512]).
See an explanation at https://jax.readthedocs.io/en/latest/faq.html#buffer-donation.
  warnings.warn("Some donated buffers were not usable:"
2025-03-06 20:39:41.274677: E external/xla/xla/service/slow_operation_alarm.cc:65] Trying algorithm eng5{} for conv (f32[32,512,999,41]{3,2,1,0}, u8[0]{0}) custom-call(f32[32,512,500,20]{3,2,1,0}, f32[512,512,3,3]{3,2,1,0}), window={size=3x3 stride=2x2 pad=1_1x0_0}, dim_labels=bf01_oi01->bf01, custom_call_target="__cudnn$convBackwardInput", backend_config={"operation_queue_id":"0","wait_on_operation_queues":[],"cudnn_conv_backend_config":{"conv_result_scale":1,"activation_mode":"kNone","side_input_scale":0,"leakyrelu_alpha":0},"force_earliest_schedule":false} is taking a while...
2025-03-06 20:39:41.379258: E external/xla/xla/service/slow_operation_alarm.cc:133] The operation took 1.104777567s
Trying algorithm eng5{} for conv (f32[32,512,999,41]{3,2,1,0}, u8[0]{0}) custom-call(f32[32,512,500,20]{3,2,1,0}, f32[512,512,3,3]{3,2,1,0}), window={size=3x3 stride=2x2 pad=1_1x0_0}, dim_labels=bf01_oi01->bf01, custom_call_target="__cudnn$convBackwardInput", backend_config={"operation_queue_id":"0","wait_on_operation_queues":[],"cudnn_conv_backend_config":{"conv_result_scale":1,"activation_mode":"kNone","side_input_scale":0,"leakyrelu_alpha":0},"force_earliest_schedule":false} is taking a while...
I0306 20:40:12.217088 140361049556736 logging_writer.py:48] [0] global_step=0, grad_norm=39.18974304199219, loss=32.2149772644043
I0306 20:40:12.514594 140401932620992 spec.py:321] Evaluating on the training split.
I0306 20:40:12.593686 140401932620992 input_pipeline.py:20] Loading split = train-clean-100
I0306 20:40:13.042216 140401932620992 input_pipeline.py:20] Loading split = train-clean-360
I0306 20:40:13.136705 140401932620992 input_pipeline.py:20] Loading split = train-other-500
/usr/local/lib/python3.11/multiprocessing/popen_fork.py:66: RuntimeWarning: os.fork() was called. os.fork() is incompatible with multithreaded code, and JAX is multithreaded, so this will likely lead to a deadlock.
  self.pid = os.fork()
/usr/local/lib/python3.11/site-packages/jax/_src/ops/scatter.py:96: FutureWarning: scatter inputs have incompatible types: cannot safely cast value from dtype=float32 to dtype=int32 with jax_numpy_dtype_promotion='standard'. In future JAX releases this will result in an error.
  warnings.warn(
I0306 20:42:00.438971 140401932620992 spec.py:333] Evaluating on the validation split.
I0306 20:42:00.482228 140401932620992 input_pipeline.py:20] Loading split = dev-clean
I0306 20:42:00.505897 140401932620992 input_pipeline.py:20] Loading split = dev-other
/usr/local/lib/python3.11/multiprocessing/popen_fork.py:66: RuntimeWarning: os.fork() was called. os.fork() is incompatible with multithreaded code, and JAX is multithreaded, so this will likely lead to a deadlock.
  self.pid = os.fork()
/usr/local/lib/python3.11/site-packages/jax/_src/ops/scatter.py:96: FutureWarning: scatter inputs have incompatible types: cannot safely cast value from dtype=float32 to dtype=int32 with jax_numpy_dtype_promotion='standard'. In future JAX releases this will result in an error.
  warnings.warn(
I0306 20:43:38.067695 140401932620992 spec.py:349] Evaluating on the test split.
I0306 20:43:38.109190 140401932620992 input_pipeline.py:20] Loading split = test-clean
/usr/local/lib/python3.11/multiprocessing/popen_fork.py:66: RuntimeWarning: os.fork() was called. os.fork() is incompatible with multithreaded code, and JAX is multithreaded, so this will likely lead to a deadlock.
  self.pid = os.fork()
/usr/local/lib/python3.11/site-packages/jax/_src/ops/scatter.py:96: FutureWarning: scatter inputs have incompatible types: cannot safely cast value from dtype=float32 to dtype=int32 with jax_numpy_dtype_promotion='standard'. In future JAX releases this will result in an error.
  warnings.warn(
I0306 20:44:24.753100 140401932620992 submission_runner.py:469] Time since start: 336.26s, 	Step: 1, 	{'train/ctc_loss': Array(31.074438, dtype=float32), 'train/wer': np.float64(2.4023001448466825), 'validation/ctc_loss': Array(30.50197, dtype=float32), 'validation/wer': np.float64(1.7953117004740435), 'validation/num_examples': 5348, 'test/ctc_loss': Array(30.540874, dtype=float32), 'test/wer': np.float64(1.9008185566591513), 'test/num_examples': 2472, 'score': 84.02264070510864, 'total_duration': 336.2588572502136, 'accumulated_submission_time': 84.02264070510864, 'accumulated_eval_time': 252.23607206344604, 'accumulated_logging_time': 0}
I0306 20:44:24.767268 140249652991744 logging_writer.py:48] [1] accumulated_eval_time=252.236, accumulated_logging_time=0, accumulated_submission_time=84.0226, global_step=1, preemption_count=0, score=84.0226, test/ctc_loss=30.540874481201172, test/num_examples=2472, test/wer=1.90082, total_duration=336.259, train/ctc_loss=31.074438095092773, train/wer=2.4023, validation/ctc_loss=30.501970291137695, validation/num_examples=5348, validation/wer=1.79531
I0306 20:50:35.207322 140260496717568 logging_writer.py:48] [100] global_step=100, grad_norm=8.85266399383545, loss=6.949577808380127
I0306 20:59:59.320900 140260505110272 logging_writer.py:48] [200] global_step=200, grad_norm=1.3049081563949585, loss=6.088938236236572
I0306 21:08:30.436217 140401932620992 spec.py:321] Evaluating on the training split.
I0306 21:09:07.590333 140401932620992 spec.py:333] Evaluating on the validation split.
/usr/local/lib/python3.11/multiprocessing/popen_fork.py:66: RuntimeWarning: os.fork() was called. os.fork() is incompatible with multithreaded code, and JAX is multithreaded, so this will likely lead to a deadlock.
  self.pid = os.fork()
I0306 21:10:16.022659 140401932620992 spec.py:349] Evaluating on the test split.
/usr/local/lib/python3.11/multiprocessing/popen_fork.py:66: RuntimeWarning: os.fork() was called. os.fork() is incompatible with multithreaded code, and JAX is multithreaded, so this will likely lead to a deadlock.
  self.pid = os.fork()
I0306 21:10:49.039829 140401932620992 submission_runner.py:469] Time since start: 1920.55s, 	Step: 295, 	{'train/ctc_loss': Array(5.8972216, dtype=float32), 'train/wer': np.float64(0.9440486660040486), 'validation/ctc_loss': Array(5.9354033, dtype=float32), 'validation/wer': np.float64(0.8966179750330672), 'validation/num_examples': 5348, 'test/ctc_loss': Array(5.921653, dtype=float32), 'test/wer': np.float64(0.899579550301627), 'test/num_examples': 2472, 'score': 1529.6509413719177, 'total_duration': 1920.545154094696, 'accumulated_submission_time': 1529.6509413719177, 'accumulated_eval_time': 390.8368055820465, 'accumulated_logging_time': 0.027016878128051758}
I0306 21:10:49.099102 140376811747072 logging_writer.py:48] [295] accumulated_eval_time=390.837, accumulated_logging_time=0.0270169, accumulated_submission_time=1529.65, global_step=295, preemption_count=0, score=1529.65, test/ctc_loss=5.921652793884277, test/num_examples=2472, test/wer=0.89958, total_duration=1920.55, train/ctc_loss=5.897221565246582, train/wer=0.944049, validation/ctc_loss=5.935403347015381, validation/num_examples=5348, validation/wer=0.896618
I0306 21:10:54.163677 140361057949440 logging_writer.py:48] [300] global_step=300, grad_norm=0.4334472119808197, loss=5.820056915283203
I0306 21:17:31.825659 140376811747072 logging_writer.py:48] [400] global_step=400, grad_norm=0.2566845715045929, loss=5.7761006355285645
I0306 21:25:51.027348 140361057949440 logging_writer.py:48] [500] global_step=500, grad_norm=0.34859126806259155, loss=5.782878875732422
I0306 21:34:35.886062 140376811747072 logging_writer.py:48] [600] global_step=600, grad_norm=0.349189430475235, loss=5.773879051208496
I0306 21:34:56.174087 140401932620992 spec.py:321] Evaluating on the training split.
I0306 21:35:32.671845 140401932620992 spec.py:333] Evaluating on the validation split.
/usr/local/lib/python3.11/multiprocessing/popen_fork.py:66: RuntimeWarning: os.fork() was called. os.fork() is incompatible with multithreaded code, and JAX is multithreaded, so this will likely lead to a deadlock.
  self.pid = os.fork()
I0306 21:36:30.209325 140401932620992 spec.py:349] Evaluating on the test split.
/usr/local/lib/python3.11/multiprocessing/popen_fork.py:66: RuntimeWarning: os.fork() was called. os.fork() is incompatible with multithreaded code, and JAX is multithreaded, so this will likely lead to a deadlock.
  self.pid = os.fork()
I0306 21:36:59.423489 140401932620992 submission_runner.py:469] Time since start: 3490.93s, 	Step: 603, 	{'train/ctc_loss': Array(5.935996, dtype=float32), 'train/wer': np.float64(0.9426394801702891), 'validation/ctc_loss': Array(6.0296416, dtype=float32), 'validation/wer': np.float64(0.8966179750330672), 'validation/num_examples': 5348, 'test/ctc_loss': Array(6.0112367, dtype=float32), 'test/wer': np.float64(0.899579550301627), 'test/num_examples': 2472, 'score': 2976.683060646057, 'total_duration': 3490.929113149643, 'accumulated_submission_time': 2976.683060646057, 'accumulated_eval_time': 514.0836129188538, 'accumulated_logging_time': 0.09791779518127441}
I0306 21:36:59.481049 140376811747072 logging_writer.py:48] [603] accumulated_eval_time=514.084, accumulated_logging_time=0.0979178, accumulated_submission_time=2976.68, global_step=603, preemption_count=0, score=2976.68, test/ctc_loss=6.011236667633057, test/num_examples=2472, test/wer=0.89958, total_duration=3490.93, train/ctc_loss=5.935996055603027, train/wer=0.942639, validation/ctc_loss=6.029641628265381, validation/num_examples=5348, validation/wer=0.896618
I0306 21:43:43.255385 140361057949440 logging_writer.py:48] [700] global_step=700, grad_norm=0.7526885271072388, loss=5.790167808532715
I0306 21:52:53.884639 140376811747072 logging_writer.py:48] [800] global_step=800, grad_norm=0.26914897561073303, loss=5.753011703491211
I0306 22:01:00.942033 140401932620992 spec.py:321] Evaluating on the training split.
I0306 22:01:35.572053 140401932620992 spec.py:333] Evaluating on the validation split.
/usr/local/lib/python3.11/multiprocessing/popen_fork.py:66: RuntimeWarning: os.fork() was called. os.fork() is incompatible with multithreaded code, and JAX is multithreaded, so this will likely lead to a deadlock.
  self.pid = os.fork()
I0306 22:02:31.070605 140401932620992 spec.py:349] Evaluating on the test split.
/usr/local/lib/python3.11/multiprocessing/popen_fork.py:66: RuntimeWarning: os.fork() was called. os.fork() is incompatible with multithreaded code, and JAX is multithreaded, so this will likely lead to a deadlock.
  self.pid = os.fork()
I0306 22:03:00.751034 140401932620992 submission_runner.py:469] Time since start: 5052.26s, 	Step: 891, 	{'train/ctc_loss': Array(5.968317, dtype=float32), 'train/wer': np.float64(0.942771372912209), 'validation/ctc_loss': Array(6.0716524, dtype=float32), 'validation/wer': np.float64(0.8966179750330672), 'validation/num_examples': 5348, 'test/ctc_loss': Array(6.0468235, dtype=float32), 'test/wer': np.float64(0.899579550301627), 'test/num_examples': 2472, 'score': 4418.104021787643, 'total_duration': 5052.256544113159, 'accumulated_submission_time': 4418.104021787643, 'accumulated_eval_time': 633.8899207115173, 'accumulated_logging_time': 0.1667954921722412}
I0306 22:03:00.788729 140376811747072 logging_writer.py:48] [891] accumulated_eval_time=633.89, accumulated_logging_time=0.166795, accumulated_submission_time=4418.1, global_step=891, preemption_count=0, score=4418.1, test/ctc_loss=6.046823501586914, test/num_examples=2472, test/wer=0.89958, total_duration=5052.26, train/ctc_loss=5.968317031860352, train/wer=0.942771, validation/ctc_loss=6.071652412414551, validation/num_examples=5348, validation/wer=0.896618
I0306 22:03:09.230230 140361057949440 logging_writer.py:48] [900] global_step=900, grad_norm=0.7548660635948181, loss=5.767670154571533
I0306 22:10:08.010820 140376811747072 logging_writer.py:48] [1000] global_step=1000, grad_norm=0.28495126962661743, loss=5.761807918548584
/usr/local/lib/python3.11/multiprocessing/popen_fork.py:66: RuntimeWarning: os.fork() was called. os.fork() is incompatible with multithreaded code, and JAX is multithreaded, so this will likely lead to a deadlock.
  self.pid = os.fork()
I0306 22:16:41.590600 140376811747072 logging_writer.py:48] [1100] global_step=1100, grad_norm=0.9492350220680237, loss=5.751437187194824
I0306 22:22:48.170711 140361057949440 logging_writer.py:48] [1200] global_step=1200, grad_norm=0.3043959140777588, loss=5.748366355895996
I0306 22:27:01.462153 140401932620992 spec.py:321] Evaluating on the training split.
I0306 22:27:36.080966 140401932620992 spec.py:333] Evaluating on the validation split.
/usr/local/lib/python3.11/multiprocessing/popen_fork.py:66: RuntimeWarning: os.fork() was called. os.fork() is incompatible with multithreaded code, and JAX is multithreaded, so this will likely lead to a deadlock.
  self.pid = os.fork()
I0306 22:28:15.437316 140401932620992 spec.py:349] Evaluating on the test split.
/usr/local/lib/python3.11/multiprocessing/popen_fork.py:66: RuntimeWarning: os.fork() was called. os.fork() is incompatible with multithreaded code, and JAX is multithreaded, so this will likely lead to a deadlock.
  self.pid = os.fork()
I0306 22:28:35.566602 140401932620992 submission_runner.py:469] Time since start: 6587.07s, 	Step: 1265, 	{'train/ctc_loss': Array(5.966016, dtype=float32), 'train/wer': np.float64(0.9437453892879752), 'validation/ctc_loss': Array(6.0760775, dtype=float32), 'validation/wer': np.float64(0.8966179750330672), 'validation/num_examples': 5348, 'test/ctc_loss': Array(6.0524125, dtype=float32), 'test/wer': np.float64(0.899579550301627), 'test/num_examples': 2472, 'score': 5858.72208738327, 'total_duration': 6587.072407484055, 'accumulated_submission_time': 5858.72208738327, 'accumulated_eval_time': 727.9920120239258, 'accumulated_logging_time': 0.22315478324890137}
I0306 22:28:35.607901 140376811747072 logging_writer.py:48] [1265] accumulated_eval_time=727.992, accumulated_logging_time=0.223155, accumulated_submission_time=5858.72, global_step=1265, preemption_count=0, score=5858.72, test/ctc_loss=6.052412509918213, test/num_examples=2472, test/wer=0.89958, total_duration=6587.07, train/ctc_loss=5.966015815734863, train/wer=0.943745, validation/ctc_loss=6.076077461242676, validation/num_examples=5348, validation/wer=0.896618
I0306 22:29:39.952979 140361057949440 logging_writer.py:48] [1300] global_step=1300, grad_norm=0.44207820296287537, loss=5.766097545623779
I0306 22:37:56.394185 140376811747072 logging_writer.py:48] [1400] global_step=1400, grad_norm=0.48689085245132446, loss=5.727950572967529
I0306 22:46:41.723083 140361057949440 logging_writer.py:48] [1500] global_step=1500, grad_norm=0.49659544229507446, loss=5.644520282745361
I0306 22:52:35.897167 140401932620992 spec.py:321] Evaluating on the training split.
I0306 22:53:10.621013 140401932620992 spec.py:333] Evaluating on the validation split.
/usr/local/lib/python3.11/multiprocessing/popen_fork.py:66: RuntimeWarning: os.fork() was called. os.fork() is incompatible with multithreaded code, and JAX is multithreaded, so this will likely lead to a deadlock.
  self.pid = os.fork()
I0306 22:54:04.390010 140401932620992 spec.py:349] Evaluating on the test split.
/usr/local/lib/python3.11/multiprocessing/popen_fork.py:66: RuntimeWarning: os.fork() was called. os.fork() is incompatible with multithreaded code, and JAX is multithreaded, so this will likely lead to a deadlock.
  self.pid = os.fork()
I0306 22:54:25.197504 140401932620992 submission_runner.py:469] Time since start: 8136.70s, 	Step: 1570, 	{'train/ctc_loss': Array(6.266811, dtype=float32), 'train/wer': np.float64(0.9426480471958778), 'validation/ctc_loss': Array(6.317025, dtype=float32), 'validation/wer': np.float64(0.8966179750330672), 'validation/num_examples': 5348, 'test/ctc_loss': Array(6.3067865, dtype=float32), 'test/wer': np.float64(0.899579550301627), 'test/num_examples': 2472, 'score': 7298.96284866333, 'total_duration': 8136.70347571373, 'accumulated_submission_time': 7298.96284866333, 'accumulated_eval_time': 837.290102481842, 'accumulated_logging_time': 0.28342318534851074}
I0306 22:54:25.275079 140376811747072 logging_writer.py:48] [1570] accumulated_eval_time=837.29, accumulated_logging_time=0.283423, accumulated_submission_time=7298.96, global_step=1570, preemption_count=0, score=7298.96, test/ctc_loss=6.30678653717041, test/num_examples=2472, test/wer=0.89958, total_duration=8136.7, train/ctc_loss=6.266810894012451, train/wer=0.942648, validation/ctc_loss=6.317025184631348, validation/num_examples=5348, validation/wer=0.896618
I0306 22:55:16.606705 140361057949440 logging_writer.py:48] [1600] global_step=1600, grad_norm=0.8921645879745483, loss=5.513528347015381
I0306 23:03:41.534372 140376811747072 logging_writer.py:48] [1700] global_step=1700, grad_norm=2.3752763271331787, loss=5.459726333618164
I0306 23:11:48.854451 140361057949440 logging_writer.py:48] [1800] global_step=1800, grad_norm=1.536375880241394, loss=5.205065727233887
I0306 23:18:31.310504 140401932620992 spec.py:321] Evaluating on the training split.
I0306 23:19:07.170051 140401932620992 spec.py:333] Evaluating on the validation split.
/usr/local/lib/python3.11/multiprocessing/popen_fork.py:66: RuntimeWarning: os.fork() was called. os.fork() is incompatible with multithreaded code, and JAX is multithreaded, so this will likely lead to a deadlock.
  self.pid = os.fork()
I0306 23:19:43.916236 140401932620992 spec.py:349] Evaluating on the test split.
/usr/local/lib/python3.11/multiprocessing/popen_fork.py:66: RuntimeWarning: os.fork() was called. os.fork() is incompatible with multithreaded code, and JAX is multithreaded, so this will likely lead to a deadlock.
  self.pid = os.fork()
I0306 23:20:04.105248 140401932620992 submission_runner.py:469] Time since start: 9675.61s, 	Step: 1879, 	{'train/ctc_loss': Array(6.4055233, dtype=float32), 'train/wer': np.float64(0.9299815542804287), 'validation/ctc_loss': Array(6.4809146, dtype=float32), 'validation/wer': np.float64(0.8882087722177704), 'validation/num_examples': 5348, 'test/ctc_loss': Array(6.452003, dtype=float32), 'test/wer': np.float64(0.8912111794934292), 'test/num_examples': 2472, 'score': 8744.949839830399, 'total_duration': 9675.610217809677, 'accumulated_submission_time': 8744.949839830399, 'accumulated_eval_time': 930.0816185474396, 'accumulated_logging_time': 0.379946231842041}
I0306 23:20:04.127331 140376811747072 logging_writer.py:48] [1879] accumulated_eval_time=930.082, accumulated_logging_time=0.379946, accumulated_submission_time=8744.95, global_step=1879, preemption_count=0, score=8744.95, test/ctc_loss=6.452003002166748, test/num_examples=2472, test/wer=0.891211, total_duration=9675.61, train/ctc_loss=6.405523300170898, train/wer=0.929982, validation/ctc_loss=6.48091459274292, validation/num_examples=5348, validation/wer=0.888209
I0306 23:20:23.046269 140361057949440 logging_writer.py:48] [1900] global_step=1900, grad_norm=1.951248049736023, loss=4.695425987243652
I0306 23:28:29.279835 140376811747072 logging_writer.py:48] [2000] global_step=2000, grad_norm=1.0122272968292236, loss=4.138186931610107
/usr/local/lib/python3.11/multiprocessing/popen_fork.py:66: RuntimeWarning: os.fork() was called. os.fork() is incompatible with multithreaded code, and JAX is multithreaded, so this will likely lead to a deadlock.
  self.pid = os.fork()
I0306 23:35:43.965182 140376811747072 logging_writer.py:48] [2100] global_step=2100, grad_norm=1.0332202911376953, loss=3.9045119285583496
I0306 23:41:09.414791 140361057949440 logging_writer.py:48] [2200] global_step=2200, grad_norm=0.9764008522033691, loss=3.6160988807678223
I0306 23:44:07.705448 140401932620992 spec.py:321] Evaluating on the training split.
I0306 23:44:43.352621 140401932620992 spec.py:333] Evaluating on the validation split.
/usr/local/lib/python3.11/multiprocessing/popen_fork.py:66: RuntimeWarning: os.fork() was called. os.fork() is incompatible with multithreaded code, and JAX is multithreaded, so this will likely lead to a deadlock.
  self.pid = os.fork()
I0306 23:45:22.569273 140401932620992 spec.py:349] Evaluating on the test split.
/usr/local/lib/python3.11/multiprocessing/popen_fork.py:66: RuntimeWarning: os.fork() was called. os.fork() is incompatible with multithreaded code, and JAX is multithreaded, so this will likely lead to a deadlock.
  self.pid = os.fork()
I0306 23:45:41.114025 140401932620992 submission_runner.py:469] Time since start: 11212.62s, 	Step: 2253, 	{'train/ctc_loss': Array(5.25476, dtype=float32), 'train/wer': np.float64(0.9220822820333933), 'validation/ctc_loss': Array(5.3989983, dtype=float32), 'validation/wer': np.float64(0.8848682622589957), 'validation/num_examples': 5348, 'test/ctc_loss': Array(5.2708735, dtype=float32), 'test/wer': np.float64(0.8837771413482827), 'test/num_examples': 2472, 'score': 10188.481046199799, 'total_duration': 11212.619879722595, 'accumulated_submission_time': 10188.481046199799, 'accumulated_eval_time': 1023.4878780841827, 'accumulated_logging_time': 0.4128570556640625}
I0306 23:45:41.145144 140376811747072 logging_writer.py:48] [2253] accumulated_eval_time=1023.49, accumulated_logging_time=0.412857, accumulated_submission_time=10188.5, global_step=2253, preemption_count=0, score=10188.5, test/ctc_loss=5.270873546600342, test/num_examples=2472, test/wer=0.883777, total_duration=11212.6, train/ctc_loss=5.254759788513184, train/wer=0.922082, validation/ctc_loss=5.398998260498047, validation/num_examples=5348, validation/wer=0.884868
I0306 23:47:12.172062 140361057949440 logging_writer.py:48] [2300] global_step=2300, grad_norm=2.2188401222229004, loss=3.442169666290283
I0306 23:53:40.902112 140376811747072 logging_writer.py:48] [2400] global_step=2400, grad_norm=1.1155898571014404, loss=3.2322497367858887
I0307 00:01:10.791044 140361057949440 logging_writer.py:48] [2500] global_step=2500, grad_norm=1.3222615718841553, loss=3.184990644454956
I0307 00:09:38.690125 140376811747072 logging_writer.py:48] [2600] global_step=2600, grad_norm=1.1894967555999756, loss=3.1312830448150635
I0307 00:09:41.363072 140401932620992 spec.py:321] Evaluating on the training split.
I0307 00:10:17.184497 140401932620992 spec.py:333] Evaluating on the validation split.
/usr/local/lib/python3.11/multiprocessing/popen_fork.py:66: RuntimeWarning: os.fork() was called. os.fork() is incompatible with multithreaded code, and JAX is multithreaded, so this will likely lead to a deadlock.
  self.pid = os.fork()
I0307 00:10:57.511646 140401932620992 spec.py:349] Evaluating on the test split.
/usr/local/lib/python3.11/multiprocessing/popen_fork.py:66: RuntimeWarning: os.fork() was called. os.fork() is incompatible with multithreaded code, and JAX is multithreaded, so this will likely lead to a deadlock.
  self.pid = os.fork()
I0307 00:11:17.186119 140401932620992 submission_runner.py:469] Time since start: 12748.69s, 	Step: 2604, 	{'train/ctc_loss': Array(4.5851736, dtype=float32), 'train/wer': np.float64(0.9155766815950159), 'validation/ctc_loss': Array(4.789431, dtype=float32), 'validation/wer': np.float64(0.8841441632794925), 'validation/num_examples': 5348, 'test/ctc_loss': Array(4.6097517, dtype=float32), 'test/wer': np.float64(0.8791461011922898), 'test/num_examples': 2472, 'score': 11628.655297756195, 'total_duration': 12748.691442251205, 'accumulated_submission_time': 11628.655297756195, 'accumulated_eval_time': 1119.3080561161041, 'accumulated_logging_time': 0.453655481338501}
I0307 00:11:17.221248 140376811747072 logging_writer.py:48] [2604] accumulated_eval_time=1119.31, accumulated_logging_time=0.453655, accumulated_submission_time=11628.7, global_step=2604, preemption_count=0, score=11628.7, test/ctc_loss=4.6097517013549805, test/num_examples=2472, test/wer=0.879146, total_duration=12748.7, train/ctc_loss=4.585173606872559, train/wer=0.915577, validation/ctc_loss=4.789431095123291, validation/num_examples=5348, validation/wer=0.884144
I0307 00:17:52.389394 140361057949440 logging_writer.py:48] [2700] global_step=2700, grad_norm=0.9883891344070435, loss=3.015002489089966
I0307 00:26:44.311525 140376811747072 logging_writer.py:48] [2800] global_step=2800, grad_norm=1.260037899017334, loss=2.9537878036499023
I0307 00:35:12.179879 140361057949440 logging_writer.py:48] [2900] global_step=2900, grad_norm=1.3665801286697388, loss=2.9313769340515137
I0307 00:35:33.469583 140401932620992 spec.py:321] Evaluating on the training split.
I0307 00:36:09.983108 140401932620992 spec.py:333] Evaluating on the validation split.
/usr/local/lib/python3.11/multiprocessing/popen_fork.py:66: RuntimeWarning: os.fork() was called. os.fork() is incompatible with multithreaded code, and JAX is multithreaded, so this will likely lead to a deadlock.
  self.pid = os.fork()
I0307 00:36:48.400881 140401932620992 spec.py:349] Evaluating on the test split.
/usr/local/lib/python3.11/multiprocessing/popen_fork.py:66: RuntimeWarning: os.fork() was called. os.fork() is incompatible with multithreaded code, and JAX is multithreaded, so this will likely lead to a deadlock.
  self.pid = os.fork()
I0307 00:37:06.802765 140401932620992 submission_runner.py:469] Time since start: 14298.31s, 	Step: 2905, 	{'train/ctc_loss': Array(4.0939035, dtype=float32), 'train/wer': np.float64(0.8671268877896272), 'validation/ctc_loss': Array(4.386548, dtype=float32), 'validation/wer': np.float64(0.8637535360166833), 'validation/num_examples': 5348, 'test/ctc_loss': Array(4.1527333, dtype=float32), 'test/wer': np.float64(0.8453070095261308), 'test/num_examples': 2472, 'score': 13084.864286661148, 'total_duration': 14298.308605670929, 'accumulated_submission_time': 13084.864286661148, 'accumulated_eval_time': 1212.6388552188873, 'accumulated_logging_time': 0.4990673065185547}
I0307 00:37:06.820863 140376811747072 logging_writer.py:48] [2905] accumulated_eval_time=1212.64, accumulated_logging_time=0.499067, accumulated_submission_time=13084.9, global_step=2905, preemption_count=0, score=13084.9, test/ctc_loss=4.152733325958252, test/num_examples=2472, test/wer=0.845307, total_duration=14298.3, train/ctc_loss=4.093903541564941, train/wer=0.867127, validation/ctc_loss=4.386548042297363, validation/num_examples=5348, validation/wer=0.863754
I0307 00:43:53.219117 140361057949440 logging_writer.py:48] [3000] global_step=3000, grad_norm=1.3692023754119873, loss=2.937368869781494
/usr/local/lib/python3.11/multiprocessing/popen_fork.py:66: RuntimeWarning: os.fork() was called. os.fork() is incompatible with multithreaded code, and JAX is multithreaded, so this will likely lead to a deadlock.
  self.pid = os.fork()
I0307 00:52:20.337161 140376811747072 logging_writer.py:48] [3100] global_step=3100, grad_norm=1.248893141746521, loss=2.8381400108337402
I0307 00:57:41.176835 140361057949440 logging_writer.py:48] [3200] global_step=3200, grad_norm=1.1416358947753906, loss=2.7432947158813477
I0307 01:01:08.609037 140401932620992 spec.py:321] Evaluating on the training split.
I0307 01:01:45.985658 140401932620992 spec.py:333] Evaluating on the validation split.
/usr/local/lib/python3.11/multiprocessing/popen_fork.py:66: RuntimeWarning: os.fork() was called. os.fork() is incompatible with multithreaded code, and JAX is multithreaded, so this will likely lead to a deadlock.
  self.pid = os.fork()
I0307 01:02:26.214410 140401932620992 spec.py:349] Evaluating on the test split.
/usr/local/lib/python3.11/multiprocessing/popen_fork.py:66: RuntimeWarning: os.fork() was called. os.fork() is incompatible with multithreaded code, and JAX is multithreaded, so this will likely lead to a deadlock.
  self.pid = os.fork()
I0307 01:02:44.990948 140401932620992 submission_runner.py:469] Time since start: 15836.50s, 	Step: 3259, 	{'train/ctc_loss': Array(3.669198, dtype=float32), 'train/wer': np.float64(0.8162554778358335), 'validation/ctc_loss': Array(3.9432182, dtype=float32), 'validation/wer': np.float64(0.8247197736949323), 'validation/num_examples': 5348, 'test/ctc_loss': Array(3.6771863, dtype=float32), 'test/wer': np.float64(0.7930250035545264), 'test/num_examples': 2472, 'score': 14526.608239412308, 'total_duration': 15836.496730089188, 'accumulated_submission_time': 14526.608239412308, 'accumulated_eval_time': 1309.0183594226837, 'accumulated_logging_time': 0.5271775722503662}
I0307 01:02:45.008324 140376811747072 logging_writer.py:48] [3259] accumulated_eval_time=1309.02, accumulated_logging_time=0.527178, accumulated_submission_time=14526.6, global_step=3259, preemption_count=0, score=14526.6, test/ctc_loss=3.6771862506866455, test/num_examples=2472, test/wer=0.793025, total_duration=15836.5, train/ctc_loss=3.6691980361938477, train/wer=0.816255, validation/ctc_loss=3.943218231201172, validation/num_examples=5348, validation/wer=0.82472
I0307 01:03:48.946393 140361057949440 logging_writer.py:48] [3300] global_step=3300, grad_norm=0.8920135498046875, loss=2.6698086261749268
I0307 01:10:19.425626 140376811747072 logging_writer.py:48] [3400] global_step=3400, grad_norm=1.4022480249404907, loss=2.669872760772705
I0307 01:17:34.359900 140361057949440 logging_writer.py:48] [3500] global_step=3500, grad_norm=1.0779794454574585, loss=2.64249324798584
I0307 01:25:57.004720 140376811747072 logging_writer.py:48] [3600] global_step=3600, grad_norm=1.2077281475067139, loss=2.5637905597686768
I0307 01:26:56.459113 140401932620992 spec.py:321] Evaluating on the training split.
I0307 01:27:39.097320 140401932620992 spec.py:333] Evaluating on the validation split.
/usr/local/lib/python3.11/multiprocessing/popen_fork.py:66: RuntimeWarning: os.fork() was called. os.fork() is incompatible with multithreaded code, and JAX is multithreaded, so this will likely lead to a deadlock.
  self.pid = os.fork()
I0307 01:28:20.342619 140401932620992 spec.py:349] Evaluating on the test split.
/usr/local/lib/python3.11/multiprocessing/popen_fork.py:66: RuntimeWarning: os.fork() was called. os.fork() is incompatible with multithreaded code, and JAX is multithreaded, so this will likely lead to a deadlock.
  self.pid = os.fork()
I0307 01:28:41.876197 140401932620992 submission_runner.py:469] Time since start: 17393.38s, 	Step: 3611, 	{'train/ctc_loss': Array(2.7464526, dtype=float32), 'train/wer': np.float64(0.6124767255302823), 'validation/ctc_loss': Array(3.0583234, dtype=float32), 'validation/wer': np.float64(0.6457707792270485), 'validation/num_examples': 5348, 'test/ctc_loss': Array(2.749137, dtype=float32), 'test/wer': np.float64(0.5977494769768245), 'test/num_examples': 2472, 'score': 15978.01559472084, 'total_duration': 17393.381326675415, 'accumulated_submission_time': 15978.01559472084, 'accumulated_eval_time': 1414.432362318039, 'accumulated_logging_time': 0.5550754070281982}
I0307 01:28:41.951901 140376811747072 logging_writer.py:48] [3611] accumulated_eval_time=1414.43, accumulated_logging_time=0.555075, accumulated_submission_time=15978, global_step=3611, preemption_count=0, score=15978, test/ctc_loss=2.7491369247436523, test/num_examples=2472, test/wer=0.597749, total_duration=17393.4, train/ctc_loss=2.746452569961548, train/wer=0.612477, validation/ctc_loss=3.058323383331299, validation/num_examples=5348, validation/wer=0.645771
I0307 01:34:43.061674 140361057949440 logging_writer.py:48] [3700] global_step=3700, grad_norm=1.9725362062454224, loss=2.5725367069244385
I0307 01:43:58.913949 140376811747072 logging_writer.py:48] [3800] global_step=3800, grad_norm=1.1873270273208618, loss=2.488586902618408
I0307 01:52:52.429282 140401932620992 spec.py:321] Evaluating on the training split.
I0307 01:53:36.771947 140401932620992 spec.py:333] Evaluating on the validation split.
/usr/local/lib/python3.11/multiprocessing/popen_fork.py:66: RuntimeWarning: os.fork() was called. os.fork() is incompatible with multithreaded code, and JAX is multithreaded, so this will likely lead to a deadlock.
  self.pid = os.fork()
I0307 01:54:19.786460 140401932620992 spec.py:349] Evaluating on the test split.
/usr/local/lib/python3.11/multiprocessing/popen_fork.py:66: RuntimeWarning: os.fork() was called. os.fork() is incompatible with multithreaded code, and JAX is multithreaded, so this will likely lead to a deadlock.
  self.pid = os.fork()
I0307 01:54:41.276639 140401932620992 submission_runner.py:469] Time since start: 18952.78s, 	Step: 3895, 	{'train/ctc_loss': Array(2.1971679, dtype=float32), 'train/wer': np.float64(0.5376166427665898), 'validation/ctc_loss': Array(2.5708528, dtype=float32), 'validation/wer': np.float64(0.5694410921343541), 'validation/num_examples': 5348, 'test/ctc_loss': Array(2.2243803, dtype=float32), 'test/wer': np.float64(0.5281213819998781), 'test/num_examples': 2472, 'score': 17428.455138921738, 'total_duration': 18952.782388448715, 'accumulated_submission_time': 17428.455138921738, 'accumulated_eval_time': 1523.2772879600525, 'accumulated_logging_time': 0.641392707824707}
I0307 01:54:41.294689 140376811747072 logging_writer.py:48] [3895] accumulated_eval_time=1523.28, accumulated_logging_time=0.641393, accumulated_submission_time=17428.5, global_step=3895, preemption_count=0, score=17428.5, test/ctc_loss=2.2243802547454834, test/num_examples=2472, test/wer=0.528121, total_duration=18952.8, train/ctc_loss=2.1971678733825684, train/wer=0.537617, validation/ctc_loss=2.570852756500244, validation/num_examples=5348, validation/wer=0.569441
I0307 01:54:46.366444 140361057949440 logging_writer.py:48] [3900] global_step=3900, grad_norm=0.8408191204071045, loss=2.450227737426758
I0307 02:02:10.638644 140376811747072 logging_writer.py:48] [4000] global_step=4000, grad_norm=1.1580594778060913, loss=2.4151339530944824
I0307 02:11:13.788576 140361057949440 logging_writer.py:48] [4100] global_step=4100, grad_norm=1.0263572931289673, loss=2.2894110679626465
/usr/local/lib/python3.11/multiprocessing/popen_fork.py:66: RuntimeWarning: os.fork() was called. os.fork() is incompatible with multithreaded code, and JAX is multithreaded, so this will likely lead to a deadlock.
  self.pid = os.fork()
I0307 02:17:16.389671 140376811747072 logging_writer.py:48] [4200] global_step=4200, grad_norm=0.8805325031280518, loss=2.301180601119995
I0307 02:18:48.285896 140401932620992 spec.py:321] Evaluating on the training split.
I0307 02:19:33.547057 140401932620992 spec.py:333] Evaluating on the validation split.
/usr/local/lib/python3.11/multiprocessing/popen_fork.py:66: RuntimeWarning: os.fork() was called. os.fork() is incompatible with multithreaded code, and JAX is multithreaded, so this will likely lead to a deadlock.
  self.pid = os.fork()
I0307 02:20:15.419558 140401932620992 spec.py:349] Evaluating on the test split.
/usr/local/lib/python3.11/multiprocessing/popen_fork.py:66: RuntimeWarning: os.fork() was called. os.fork() is incompatible with multithreaded code, and JAX is multithreaded, so this will likely lead to a deadlock.
  self.pid = os.fork()
I0307 02:20:35.924000 140401932620992 submission_runner.py:469] Time since start: 20507.43s, 	Step: 4229, 	{'train/ctc_loss': Array(1.6930065, dtype=float32), 'train/wer': np.float64(0.4693645771154791), 'validation/ctc_loss': Array(2.048334, dtype=float32), 'validation/wer': np.float64(0.49857593867364375), 'validation/num_examples': 5348, 'test/ctc_loss': Array(1.7156502, dtype=float32), 'test/wer': np.float64(0.45912294599150977), 'test/num_examples': 2472, 'score': 18875.40576982498, 'total_duration': 20507.429748296738, 'accumulated_submission_time': 18875.40576982498, 'accumulated_eval_time': 1630.9129555225372, 'accumulated_logging_time': 0.66904616355896}
I0307 02:20:35.942490 140376811747072 logging_writer.py:48] [4229] accumulated_eval_time=1630.91, accumulated_logging_time=0.669046, accumulated_submission_time=18875.4, global_step=4229, preemption_count=0, score=18875.4, test/ctc_loss=1.715650200843811, test/num_examples=2472, test/wer=0.459123, total_duration=20507.4, train/ctc_loss=1.6930065155029297, train/wer=0.469365, validation/ctc_loss=2.0483338832855225, validation/num_examples=5348, validation/wer=0.498576
I0307 02:23:05.999725 140361057949440 logging_writer.py:48] [4300] global_step=4300, grad_norm=1.2730733156204224, loss=2.3276846408843994
I0307 02:29:27.966404 140376811747072 logging_writer.py:48] [4400] global_step=4400, grad_norm=0.910036027431488, loss=2.326281785964966
I0307 02:36:53.061013 140361057949440 logging_writer.py:48] [4500] global_step=4500, grad_norm=0.8102757930755615, loss=2.2252001762390137
I0307 02:44:38.544106 140401932620992 spec.py:321] Evaluating on the training split.
I0307 02:45:23.271298 140401932620992 spec.py:333] Evaluating on the validation split.
/usr/local/lib/python3.11/multiprocessing/popen_fork.py:66: RuntimeWarning: os.fork() was called. os.fork() is incompatible with multithreaded code, and JAX is multithreaded, so this will likely lead to a deadlock.
  self.pid = os.fork()
I0307 02:46:06.282789 140401932620992 spec.py:349] Evaluating on the test split.
/usr/local/lib/python3.11/multiprocessing/popen_fork.py:66: RuntimeWarning: os.fork() was called. os.fork() is incompatible with multithreaded code, and JAX is multithreaded, so this will likely lead to a deadlock.
  self.pid = os.fork()
I0307 02:46:26.073834 140401932620992 submission_runner.py:469] Time since start: 22057.58s, 	Step: 4593, 	{'train/ctc_loss': Array(1.2378309, dtype=float32), 'train/wer': np.float64(0.3674071009283442), 'validation/ctc_loss': Array(1.5966685, dtype=float32), 'validation/wer': np.float64(0.4170230842754666), 'validation/num_examples': 5348, 'test/ctc_loss': Array(1.2700098, dtype=float32), 'test/wer': np.float64(0.3674364755347023), 'test/num_examples': 2472, 'score': 20317.9615111351, 'total_duration': 22057.579606294632, 'accumulated_submission_time': 20317.9615111351, 'accumulated_eval_time': 1738.4402508735657, 'accumulated_logging_time': 0.698906660079956}
I0307 02:46:26.115179 140376811747072 logging_writer.py:48] [4593] accumulated_eval_time=1738.44, accumulated_logging_time=0.698907, accumulated_submission_time=20318, global_step=4593, preemption_count=0, score=20318, test/ctc_loss=1.2700097560882568, test/num_examples=2472, test/wer=0.367436, total_duration=22057.6, train/ctc_loss=1.2378308773040771, train/wer=0.367407, validation/ctc_loss=1.5966684818267822, validation/num_examples=5348, validation/wer=0.417023
I0307 02:46:32.879881 140361057949440 logging_writer.py:48] [4600] global_step=4600, grad_norm=0.8436896204948425, loss=2.1884164810180664
I0307 02:53:56.509922 140376811747072 logging_writer.py:48] [4700] global_step=4700, grad_norm=0.8408563733100891, loss=2.1109559535980225
I0307 03:02:58.309466 140361057949440 logging_writer.py:48] [4800] global_step=4800, grad_norm=0.9377321600914001, loss=2.0932655334472656
I0307 03:10:32.130738 140401932620992 spec.py:321] Evaluating on the training split.
I0307 03:11:16.414958 140401932620992 spec.py:333] Evaluating on the validation split.
/usr/local/lib/python3.11/multiprocessing/popen_fork.py:66: RuntimeWarning: os.fork() was called. os.fork() is incompatible with multithreaded code, and JAX is multithreaded, so this will likely lead to a deadlock.
  self.pid = os.fork()
I0307 03:11:58.133342 140401932620992 spec.py:349] Evaluating on the test split.
/usr/local/lib/python3.11/multiprocessing/popen_fork.py:66: RuntimeWarning: os.fork() was called. os.fork() is incompatible with multithreaded code, and JAX is multithreaded, so this will likely lead to a deadlock.
  self.pid = os.fork()
I0307 03:12:18.125450 140401932620992 submission_runner.py:469] Time since start: 23609.63s, 	Step: 4887, 	{'train/ctc_loss': Array(1.0171219, dtype=float32), 'train/wer': np.float64(0.32883546705107525), 'validation/ctc_loss': Array(1.3449116, dtype=float32), 'validation/wer': np.float64(0.374658466648001), 'validation/num_examples': 5348, 'test/ctc_loss': Array(1.0325065, dtype=float32), 'test/wer': np.float64(0.32120732029329924), 'test/num_examples': 2472, 'score': 21763.93901991844, 'total_duration': 23609.63129258156, 'accumulated_submission_time': 21763.93901991844, 'accumulated_eval_time': 1844.4326112270355, 'accumulated_logging_time': 0.7504112720489502}
I0307 03:12:18.143361 140376811747072 logging_writer.py:48] [4887] accumulated_eval_time=1844.43, accumulated_logging_time=0.750411, accumulated_submission_time=21763.9, global_step=4887, preemption_count=0, score=21763.9, test/ctc_loss=1.0325064659118652, test/num_examples=2472, test/wer=0.321207, total_duration=23609.6, train/ctc_loss=1.0171219110488892, train/wer=0.328835, validation/ctc_loss=1.3449115753173828, validation/num_examples=5348, validation/wer=0.374658
I0307 03:12:30.159038 140361057949440 logging_writer.py:48] [4900] global_step=4900, grad_norm=1.1401522159576416, loss=2.103811740875244
I0307 03:20:18.027522 140376811747072 logging_writer.py:48] [5000] global_step=5000, grad_norm=0.7824476957321167, loss=2.0148887634277344
I0307 03:28:48.270768 140361057949440 logging_writer.py:48] [5100] global_step=5100, grad_norm=0.9671826958656311, loss=2.03604793548584
/usr/local/lib/python3.11/multiprocessing/popen_fork.py:66: RuntimeWarning: os.fork() was called. os.fork() is incompatible with multithreaded code, and JAX is multithreaded, so this will likely lead to a deadlock.
  self.pid = os.fork()
I0307 03:35:18.207882 140376811747072 logging_writer.py:48] [5200] global_step=5200, grad_norm=0.8959947228431702, loss=1.9754043817520142
I0307 03:36:18.288709 140401932620992 spec.py:321] Evaluating on the training split.
I0307 03:37:03.465096 140401932620992 spec.py:333] Evaluating on the validation split.
/usr/local/lib/python3.11/multiprocessing/popen_fork.py:66: RuntimeWarning: os.fork() was called. os.fork() is incompatible with multithreaded code, and JAX is multithreaded, so this will likely lead to a deadlock.
  self.pid = os.fork()
I0307 03:37:46.389091 140401932620992 spec.py:349] Evaluating on the test split.
/usr/local/lib/python3.11/multiprocessing/popen_fork.py:66: RuntimeWarning: os.fork() was called. os.fork() is incompatible with multithreaded code, and JAX is multithreaded, so this will likely lead to a deadlock.
  self.pid = os.fork()
I0307 03:38:07.874291 140401932620992 submission_runner.py:469] Time since start: 25159.38s, 	Step: 5220, 	{'train/ctc_loss': Array(0.80479646, dtype=float32), 'train/wer': np.float64(0.2687010768889416), 'validation/ctc_loss': Array(1.1682973, dtype=float32), 'validation/wer': np.float64(0.33734323257093757), 'validation/num_examples': 5348, 'test/ctc_loss': Array(0.8670486, dtype=float32), 'test/wer': np.float64(0.2800966831190462), 'test/num_examples': 2472, 'score': 23204.0426466465, 'total_duration': 25159.379856586456, 'accumulated_submission_time': 23204.0426466465, 'accumulated_eval_time': 1954.015569448471, 'accumulated_logging_time': 0.7781081199645996}
I0307 03:38:07.892719 140376811747072 logging_writer.py:48] [5220] accumulated_eval_time=1954.02, accumulated_logging_time=0.778108, accumulated_submission_time=23204, global_step=5220, preemption_count=0, score=23204, test/ctc_loss=0.8670486211776733, test/num_examples=2472, test/wer=0.280097, total_duration=25159.4, train/ctc_loss=0.8047964572906494, train/wer=0.268701, validation/ctc_loss=1.168297290802002, validation/num_examples=5348, validation/wer=0.337343
I0307 03:40:42.153560 140361057949440 logging_writer.py:48] [5300] global_step=5300, grad_norm=0.8317428231239319, loss=2.0348215103149414
I0307 03:46:03.760149 140376811747072 logging_writer.py:48] [5400] global_step=5400, grad_norm=0.7594170570373535, loss=1.9510258436203003
I0307 03:51:44.517756 140361057949440 logging_writer.py:48] [5500] global_step=5500, grad_norm=0.7593117952346802, loss=1.968071699142456
I0307 03:58:17.526851 140376811747072 logging_writer.py:48] [5600] global_step=5600, grad_norm=1.1420196294784546, loss=1.9204685688018799
I0307 04:02:12.004162 140401932620992 spec.py:321] Evaluating on the training split.
I0307 04:02:57.059916 140401932620992 spec.py:333] Evaluating on the validation split.
/usr/local/lib/python3.11/multiprocessing/popen_fork.py:66: RuntimeWarning: os.fork() was called. os.fork() is incompatible with multithreaded code, and JAX is multithreaded, so this will likely lead to a deadlock.
  self.pid = os.fork()
I0307 04:03:52.578620 140401932620992 spec.py:349] Evaluating on the test split.
/usr/local/lib/python3.11/multiprocessing/popen_fork.py:66: RuntimeWarning: os.fork() was called. os.fork() is incompatible with multithreaded code, and JAX is multithreaded, so this will likely lead to a deadlock.
  self.pid = os.fork()
