python submission_runner.py --framework=jax --workload=librispeech_conformer --submission_path=prize_qualification_baselines/external_tuning/jax_nadamw_full_budget.py --data_dir=/data/librispeech --num_tuning_trials=1 --experiment_dir=/experiment_runs --experiment_name=submissions/rolling_leaderboard/external_tuning/baseline/study_1 --overwrite=True --save_checkpoints=False --rng_seed=400225658 --librispeech_tokenizer_vocab_path=/data/librispeech/spm_model.vocab --tuning_ruleset=external --tuning_search_space=prize_qualification_baselines/external_tuning/tuning_search_space.json --num_tuning_trials=5 --hparam_start_index=2 --hparam_end_index=3 2>&1 | tee -a /logs/librispeech_conformer_jax_03-06-2025-20-51-43.log
2025-03-06 20:52:01.237638: E external/local_xla/xla/stream_executor/cuda/cuda_fft.cc:477] Unable to register cuFFT factory: Attempting to register factory for plugin cuFFT when one has already been registered
WARNING: All log messages before absl::InitializeLog() is called are written to STDERR
E0000 00:00:1741294321.673391       9 cuda_dnn.cc:8310] Unable to register cuDNN factory: Attempting to register factory for plugin cuDNN when one has already been registered
E0000 00:00:1741294321.771915       9 cuda_blas.cc:1418] Unable to register cuBLAS factory: Attempting to register factory for plugin cuBLAS when one has already been registered
ERROR:root:Unable to import wandb.
Traceback (most recent call last):
  File "/algorithmic-efficiency/algoperf/logger_utils.py", line 27, in <module>
    import wandb  # pylint: disable=g-import-not-at-top
    ^^^^^^^^^^^^
ModuleNotFoundError: No module named 'wandb'
I0306 20:52:48.017216 139798632068288 logger_utils.py:81] Creating experiment directory at /experiment_runs/submissions/rolling_leaderboard/external_tuning/baseline/study_1/librispeech_conformer_jax.
I0306 20:52:51.113106 139798632068288 xla_bridge.py:884] Unable to initialize backend 'rocm': NOT_FOUND: Could not find registered platform with name: "rocm". Available platform names are: CUDA
I0306 20:52:51.116291 139798632068288 xla_bridge.py:884] Unable to initialize backend 'tpu': INTERNAL: Failed to open libtpu.so: libtpu.so: cannot open shared object file: No such file or directory
I0306 20:52:51.127603 139798632068288 submission_runner.py:606] Using RNG seed 400225658
I0306 20:52:57.258204 139798632068288 submission_runner.py:615] --- Tuning run 3/5 ---
I0306 20:52:57.258429 139798632068288 submission_runner.py:620] Creating tuning directory at /experiment_runs/submissions/rolling_leaderboard/external_tuning/baseline/study_1/librispeech_conformer_jax/trial_3.
I0306 20:52:57.258631 139798632068288 logger_utils.py:97] Saving hparams to /experiment_runs/submissions/rolling_leaderboard/external_tuning/baseline/study_1/librispeech_conformer_jax/trial_3/hparams.json.
I0306 20:52:57.515595 139798632068288 submission_runner.py:218] Initializing dataset.
I0306 20:52:57.515818 139798632068288 submission_runner.py:229] Initializing model.
I0306 20:53:17.703668 139798632068288 submission_runner.py:272] Initializing optimizer.
I0306 20:53:18.585704 139798632068288 submission_runner.py:279] Initializing metrics bundle.
I0306 20:53:18.586008 139798632068288 submission_runner.py:301] Initializing checkpoint and logger.
I0306 20:53:18.587277 139798632068288 checkpoints.py:1101] Found no checkpoint files in /experiment_runs/submissions/rolling_leaderboard/external_tuning/baseline/study_1/librispeech_conformer_jax/trial_3 with prefix checkpoint_
I0306 20:53:18.587378 139798632068288 submission_runner.py:321] Saving meta data to /experiment_runs/submissions/rolling_leaderboard/external_tuning/baseline/study_1/librispeech_conformer_jax/trial_3/meta_data_0.json.
I0306 20:53:18.587563 139798632068288 logger_utils.py:262] Unable to record workload.train_mean information. Continuing without it.
I0306 20:53:18.587612 139798632068288 logger_utils.py:262] Unable to record workload.train_stddev information. Continuing without it.
I0306 20:53:19.086951 139798632068288 submission_runner.py:325] Saving flags to /experiment_runs/submissions/rolling_leaderboard/external_tuning/baseline/study_1/librispeech_conformer_jax/trial_3/flags_0.json.
I0306 20:53:19.404238 139798632068288 submission_runner.py:337] Starting training loop.
I0306 20:53:19.593992 139798632068288 input_pipeline.py:20] Loading split = train-clean-100
I0306 20:53:19.702142 139798632068288 input_pipeline.py:20] Loading split = train-clean-360
I0306 20:53:20.256250 139798632068288 input_pipeline.py:20] Loading split = train-other-500
/usr/local/lib/python3.11/multiprocessing/popen_fork.py:66: RuntimeWarning: os.fork() was called. os.fork() is incompatible with multithreaded code, and JAX is multithreaded, so this will likely lead to a deadlock.
  self.pid = os.fork()
/usr/local/lib/python3.11/site-packages/jax/_src/interpreters/mlir.py:930: UserWarning: Some donated buffers were not usable: ShapedArray(float32[512]), ShapedArray(float32[512]), ShapedArray(float32[512]), ShapedArray(float32[512]), ShapedArray(float32[512]), ShapedArray(float32[512]), ShapedArray(float32[512]), ShapedArray(float32[512]).
See an explanation at https://jax.readthedocs.io/en/latest/faq.html#buffer-donation.
  warnings.warn("Some donated buffers were not usable:"
I0306 20:54:42.105432 139773729564416 logging_writer.py:48] [0] global_step=0, grad_norm=75.42730712890625, loss=30.793764114379883
I0306 20:54:42.381072 139798632068288 spec.py:321] Evaluating on the training split.
I0306 20:54:42.468122 139798632068288 input_pipeline.py:20] Loading split = train-clean-100
I0306 20:54:43.107880 139798632068288 input_pipeline.py:20] Loading split = train-clean-360
I0306 20:54:43.215320 139798632068288 input_pipeline.py:20] Loading split = train-other-500
/usr/local/lib/python3.11/multiprocessing/popen_fork.py:66: RuntimeWarning: os.fork() was called. os.fork() is incompatible with multithreaded code, and JAX is multithreaded, so this will likely lead to a deadlock.
  self.pid = os.fork()
/usr/local/lib/python3.11/site-packages/jax/_src/ops/scatter.py:96: FutureWarning: scatter inputs have incompatible types: cannot safely cast value from dtype=float32 to dtype=int32 with jax_numpy_dtype_promotion='standard'. In future JAX releases this will result in an error.
  warnings.warn(
I0306 20:56:20.110817 139798632068288 spec.py:333] Evaluating on the validation split.
I0306 20:56:20.154095 139798632068288 input_pipeline.py:20] Loading split = dev-clean
I0306 20:56:20.190501 139798632068288 input_pipeline.py:20] Loading split = dev-other
/usr/local/lib/python3.11/multiprocessing/popen_fork.py:66: RuntimeWarning: os.fork() was called. os.fork() is incompatible with multithreaded code, and JAX is multithreaded, so this will likely lead to a deadlock.
  self.pid = os.fork()
/usr/local/lib/python3.11/site-packages/jax/_src/ops/scatter.py:96: FutureWarning: scatter inputs have incompatible types: cannot safely cast value from dtype=float32 to dtype=int32 with jax_numpy_dtype_promotion='standard'. In future JAX releases this will result in an error.
  warnings.warn(
I0306 20:57:59.339021 139798632068288 spec.py:349] Evaluating on the test split.
I0306 20:57:59.381413 139798632068288 input_pipeline.py:20] Loading split = test-clean
/usr/local/lib/python3.11/multiprocessing/popen_fork.py:66: RuntimeWarning: os.fork() was called. os.fork() is incompatible with multithreaded code, and JAX is multithreaded, so this will likely lead to a deadlock.
  self.pid = os.fork()
/usr/local/lib/python3.11/site-packages/jax/_src/ops/scatter.py:96: FutureWarning: scatter inputs have incompatible types: cannot safely cast value from dtype=float32 to dtype=int32 with jax_numpy_dtype_promotion='standard'. In future JAX releases this will result in an error.
  warnings.warn(
I0306 20:58:44.645979 139798632068288 submission_runner.py:469] Time since start: 325.24s, 	Step: 1, 	{'train/ctc_loss': Array(30.252562, dtype=float32), 'train/wer': np.float64(1.3786435594408815), 'validation/ctc_loss': Array(29.515373, dtype=float32), 'validation/wer': np.float64(1.6099423617212316), 'validation/num_examples': 5348, 'test/ctc_loss': Array(29.594858, dtype=float32), 'test/wer': np.float64(1.5929965673430422), 'test/num_examples': 2472, 'score': 82.97659802436829, 'total_duration': 325.2397689819336, 'accumulated_submission_time': 82.97659802436829, 'accumulated_eval_time': 242.26295518875122, 'accumulated_logging_time': 0}
I0306 20:58:44.660007 139650425419520 logging_writer.py:48] [1] accumulated_eval_time=242.263, accumulated_logging_time=0, accumulated_submission_time=82.9766, global_step=1, preemption_count=0, score=82.9766, test/ctc_loss=29.594858169555664, test/num_examples=2472, test/wer=1.593, total_duration=325.24, train/ctc_loss=30.252561569213867, train/wer=1.37864, validation/ctc_loss=29.51537322998047, validation/num_examples=5348, validation/wer=1.60994
I0306 21:04:32.016319 139659162502912 logging_writer.py:48] [100] global_step=100, grad_norm=12.348044395446777, loss=6.974921703338623
I0306 21:13:26.519203 139659170895616 logging_writer.py:48] [200] global_step=200, grad_norm=1.6390995979309082, loss=6.06731653213501
I0306 21:22:09.212367 139659162502912 logging_writer.py:48] [300] global_step=300, grad_norm=0.660554051399231, loss=5.811887741088867
I0306 21:22:49.170047 139798632068288 spec.py:321] Evaluating on the training split.
I0306 21:23:23.303972 139798632068288 spec.py:333] Evaluating on the validation split.
/usr/local/lib/python3.11/multiprocessing/popen_fork.py:66: RuntimeWarning: os.fork() was called. os.fork() is incompatible with multithreaded code, and JAX is multithreaded, so this will likely lead to a deadlock.
  self.pid = os.fork()
I0306 21:24:26.328273 139798632068288 spec.py:349] Evaluating on the test split.
/usr/local/lib/python3.11/multiprocessing/popen_fork.py:66: RuntimeWarning: os.fork() was called. os.fork() is incompatible with multithreaded code, and JAX is multithreaded, so this will likely lead to a deadlock.
  self.pid = os.fork()
I0306 21:24:58.841983 139798632068288 submission_runner.py:469] Time since start: 1899.44s, 	Step: 308, 	{'train/ctc_loss': Array(5.891599, dtype=float32), 'train/wer': np.float64(0.9440486660040486), 'validation/ctc_loss': Array(5.925238, dtype=float32), 'validation/wer': np.float64(0.8966179750330672), 'validation/num_examples': 5348, 'test/ctc_loss': Array(5.9157777, dtype=float32), 'test/wer': np.float64(0.899579550301627), 'test/num_examples': 2472, 'score': 1527.4466688632965, 'total_duration': 1899.43528342247, 'accumulated_submission_time': 1527.4466688632965, 'accumulated_eval_time': 371.93241810798645, 'accumulated_logging_time': 0.02648162841796875}
I0306 21:24:58.925543 139773981214464 logging_writer.py:48] [308] accumulated_eval_time=371.932, accumulated_logging_time=0.0264816, accumulated_submission_time=1527.45, global_step=308, preemption_count=0, score=1527.45, test/ctc_loss=5.915777683258057, test/num_examples=2472, test/wer=0.89958, total_duration=1899.44, train/ctc_loss=5.891599178314209, train/wer=0.944049, validation/ctc_loss=5.925238132476807, validation/num_examples=5348, validation/wer=0.896618
I0306 21:30:30.650880 139773721171712 logging_writer.py:48] [400] global_step=400, grad_norm=0.4094292223453522, loss=5.781291961669922
I0306 21:39:22.860882 139773981214464 logging_writer.py:48] [500] global_step=500, grad_norm=0.3708043396472931, loss=5.787126064300537
I0306 21:48:40.195783 139773721171712 logging_writer.py:48] [600] global_step=600, grad_norm=0.361958384513855, loss=5.763370037078857
I0306 21:49:01.309884 139798632068288 spec.py:321] Evaluating on the training split.
I0306 21:49:36.651772 139798632068288 spec.py:333] Evaluating on the validation split.
/usr/local/lib/python3.11/multiprocessing/popen_fork.py:66: RuntimeWarning: os.fork() was called. os.fork() is incompatible with multithreaded code, and JAX is multithreaded, so this will likely lead to a deadlock.
  self.pid = os.fork()
I0306 21:50:33.639933 139798632068288 spec.py:349] Evaluating on the test split.
/usr/local/lib/python3.11/multiprocessing/popen_fork.py:66: RuntimeWarning: os.fork() was called. os.fork() is incompatible with multithreaded code, and JAX is multithreaded, so this will likely lead to a deadlock.
  self.pid = os.fork()
I0306 21:51:03.060300 139798632068288 submission_runner.py:469] Time since start: 3463.65s, 	Step: 604, 	{'train/ctc_loss': Array(5.9345603, dtype=float32), 'train/wer': np.float64(0.9426394801702891), 'validation/ctc_loss': Array(6.024972, dtype=float32), 'validation/wer': np.float64(0.8966179750330672), 'validation/num_examples': 5348, 'test/ctc_loss': Array(6.007843, dtype=float32), 'test/wer': np.float64(0.899579550301627), 'test/num_examples': 2472, 'score': 2969.7932817935944, 'total_duration': 3463.6533381938934, 'accumulated_submission_time': 2969.7932817935944, 'accumulated_eval_time': 493.68010354042053, 'accumulated_logging_time': 0.11971259117126465}
I0306 21:51:03.113719 139773981214464 logging_writer.py:48] [604] accumulated_eval_time=493.68, accumulated_logging_time=0.119713, accumulated_submission_time=2969.79, global_step=604, preemption_count=0, score=2969.79, test/ctc_loss=6.007843017578125, test/num_examples=2472, test/wer=0.89958, total_duration=3463.65, train/ctc_loss=5.934560298919678, train/wer=0.942639, validation/ctc_loss=6.024971961975098, validation/num_examples=5348, validation/wer=0.896618
I0306 21:57:32.239428 139773721171712 logging_writer.py:48] [700] global_step=700, grad_norm=0.5297895073890686, loss=5.758027076721191
I0306 22:06:12.671034 139773981214464 logging_writer.py:48] [800] global_step=800, grad_norm=0.39321956038475037, loss=5.761009693145752
I0306 22:14:28.036944 139773721171712 logging_writer.py:48] [900] global_step=900, grad_norm=0.30990472435951233, loss=5.753997802734375
I0306 22:15:06.675026 139798632068288 spec.py:321] Evaluating on the training split.
I0306 22:15:41.145158 139798632068288 spec.py:333] Evaluating on the validation split.
/usr/local/lib/python3.11/multiprocessing/popen_fork.py:66: RuntimeWarning: os.fork() was called. os.fork() is incompatible with multithreaded code, and JAX is multithreaded, so this will likely lead to a deadlock.
  self.pid = os.fork()
I0306 22:16:37.047223 139798632068288 spec.py:349] Evaluating on the test split.
/usr/local/lib/python3.11/multiprocessing/popen_fork.py:66: RuntimeWarning: os.fork() was called. os.fork() is incompatible with multithreaded code, and JAX is multithreaded, so this will likely lead to a deadlock.
  self.pid = os.fork()
I0306 22:17:05.886107 139798632068288 submission_runner.py:469] Time since start: 5026.48s, 	Step: 908, 	{'train/ctc_loss': Array(5.965664, dtype=float32), 'train/wer': np.float64(0.942771372912209), 'validation/ctc_loss': Array(6.064646, dtype=float32), 'validation/wer': np.float64(0.8966179750330672), 'validation/num_examples': 5348, 'test/ctc_loss': Array(6.042619, dtype=float32), 'test/wer': np.float64(0.899579550301627), 'test/num_examples': 2472, 'score': 4413.3157749176025, 'total_duration': 5026.479328632355, 'accumulated_submission_time': 4413.3157749176025, 'accumulated_eval_time': 612.8886542320251, 'accumulated_logging_time': 0.18259668350219727}
I0306 22:17:05.964184 139773981214464 logging_writer.py:48] [908] accumulated_eval_time=612.889, accumulated_logging_time=0.182597, accumulated_submission_time=4413.32, global_step=908, preemption_count=0, score=4413.32, test/ctc_loss=6.042619228363037, test/num_examples=2472, test/wer=0.89958, total_duration=5026.48, train/ctc_loss=5.965663909912109, train/wer=0.942771, validation/ctc_loss=6.064645767211914, validation/num_examples=5348, validation/wer=0.896618
I0306 22:22:34.673456 139773721171712 logging_writer.py:48] [1000] global_step=1000, grad_norm=0.30794548988342285, loss=5.746448516845703
/usr/local/lib/python3.11/multiprocessing/popen_fork.py:66: RuntimeWarning: os.fork() was called. os.fork() is incompatible with multithreaded code, and JAX is multithreaded, so this will likely lead to a deadlock.
  self.pid = os.fork()
I0306 22:29:02.927596 139773981214464 logging_writer.py:48] [1100] global_step=1100, grad_norm=0.424770712852478, loss=5.746102809906006
I0306 22:35:45.795752 139773721171712 logging_writer.py:48] [1200] global_step=1200, grad_norm=0.9640347957611084, loss=5.752146244049072
I0306 22:41:19.858449 139798632068288 spec.py:321] Evaluating on the training split.
I0306 22:41:54.684431 139798632068288 spec.py:333] Evaluating on the validation split.
/usr/local/lib/python3.11/multiprocessing/popen_fork.py:66: RuntimeWarning: os.fork() was called. os.fork() is incompatible with multithreaded code, and JAX is multithreaded, so this will likely lead to a deadlock.
  self.pid = os.fork()
I0306 22:42:31.066607 139798632068288 spec.py:349] Evaluating on the test split.
/usr/local/lib/python3.11/multiprocessing/popen_fork.py:66: RuntimeWarning: os.fork() was called. os.fork() is incompatible with multithreaded code, and JAX is multithreaded, so this will likely lead to a deadlock.
  self.pid = os.fork()
I0306 22:42:49.289928 139798632068288 submission_runner.py:469] Time since start: 6569.88s, 	Step: 1275, 	{'train/ctc_loss': Array(5.9658766, dtype=float32), 'train/wer': np.float64(0.9437453892879752), 'validation/ctc_loss': Array(6.072528, dtype=float32), 'validation/wer': np.float64(0.8966179750330672), 'validation/num_examples': 5348, 'test/ctc_loss': Array(6.047816, dtype=float32), 'test/wer': np.float64(0.899579550301627), 'test/num_examples': 2472, 'score': 5867.133452653885, 'total_duration': 6569.883047580719, 'accumulated_submission_time': 5867.133452653885, 'accumulated_eval_time': 702.3175263404846, 'accumulated_logging_time': 0.3030276298522949}
I0306 22:42:49.307889 139773981214464 logging_writer.py:48] [1275] accumulated_eval_time=702.318, accumulated_logging_time=0.303028, accumulated_submission_time=5867.13, global_step=1275, preemption_count=0, score=5867.13, test/ctc_loss=6.047815799713135, test/num_examples=2472, test/wer=0.89958, total_duration=6569.88, train/ctc_loss=5.965876579284668, train/wer=0.943745, validation/ctc_loss=6.072527885437012, validation/num_examples=5348, validation/wer=0.896618
I0306 22:43:17.327351 139773721171712 logging_writer.py:48] [1300] global_step=1300, grad_norm=0.3702436685562134, loss=5.740745544433594
I0306 22:51:26.850635 139773981214464 logging_writer.py:48] [1400] global_step=1400, grad_norm=0.3153112530708313, loss=5.717912673950195
I0306 22:59:39.978720 139773721171712 logging_writer.py:48] [1500] global_step=1500, grad_norm=1.0130254030227661, loss=5.61409854888916
I0306 23:07:05.089352 139798632068288 spec.py:321] Evaluating on the training split.
I0306 23:07:39.607682 139798632068288 spec.py:333] Evaluating on the validation split.
/usr/local/lib/python3.11/multiprocessing/popen_fork.py:66: RuntimeWarning: os.fork() was called. os.fork() is incompatible with multithreaded code, and JAX is multithreaded, so this will likely lead to a deadlock.
  self.pid = os.fork()
I0306 23:08:27.935782 139798632068288 spec.py:349] Evaluating on the test split.
/usr/local/lib/python3.11/multiprocessing/popen_fork.py:66: RuntimeWarning: os.fork() was called. os.fork() is incompatible with multithreaded code, and JAX is multithreaded, so this will likely lead to a deadlock.
  self.pid = os.fork()
I0306 23:08:46.254291 139798632068288 submission_runner.py:469] Time since start: 8126.85s, 	Step: 1587, 	{'train/ctc_loss': Array(6.4241953, dtype=float32), 'train/wer': np.float64(0.9426480471958778), 'validation/ctc_loss': Array(6.5032716, dtype=float32), 'validation/wer': np.float64(0.8966179750330672), 'validation/num_examples': 5348, 'test/ctc_loss': Array(6.4853034, dtype=float32), 'test/wer': np.float64(0.899579550301627), 'test/num_examples': 2472, 'score': 7322.857868671417, 'total_duration': 8126.847613573074, 'accumulated_submission_time': 7322.857868671417, 'accumulated_eval_time': 803.4800188541412, 'accumulated_logging_time': 0.34938979148864746}
I0306 23:08:46.278187 139773981214464 logging_writer.py:48] [1587] accumulated_eval_time=803.48, accumulated_logging_time=0.34939, accumulated_submission_time=7322.86, global_step=1587, preemption_count=0, score=7322.86, test/ctc_loss=6.4853034019470215, test/num_examples=2472, test/wer=0.89958, total_duration=8126.85, train/ctc_loss=6.424195289611816, train/wer=0.942648, validation/ctc_loss=6.503271579742432, validation/num_examples=5348, validation/wer=0.896618
I0306 23:08:58.060633 139773721171712 logging_writer.py:48] [1600] global_step=1600, grad_norm=0.4830017387866974, loss=5.512810707092285
I0306 23:16:13.368238 139773981214464 logging_writer.py:48] [1700] global_step=1700, grad_norm=1.2940831184387207, loss=5.412343502044678
I0306 23:24:27.317540 139773721171712 logging_writer.py:48] [1800] global_step=1800, grad_norm=1.377219796180725, loss=5.131073951721191
I0306 23:32:43.979308 139773981214464 logging_writer.py:48] [1900] global_step=1900, grad_norm=0.9502360820770264, loss=4.5644330978393555
I0306 23:33:02.714023 139798632068288 spec.py:321] Evaluating on the training split.
I0306 23:33:37.549437 139798632068288 spec.py:333] Evaluating on the validation split.
/usr/local/lib/python3.11/multiprocessing/popen_fork.py:66: RuntimeWarning: os.fork() was called. os.fork() is incompatible with multithreaded code, and JAX is multithreaded, so this will likely lead to a deadlock.
  self.pid = os.fork()
I0306 23:34:16.678246 139798632068288 spec.py:349] Evaluating on the test split.
/usr/local/lib/python3.11/multiprocessing/popen_fork.py:66: RuntimeWarning: os.fork() was called. os.fork() is incompatible with multithreaded code, and JAX is multithreaded, so this will likely lead to a deadlock.
  self.pid = os.fork()
I0306 23:34:35.739215 139798632068288 submission_runner.py:469] Time since start: 9676.33s, 	Step: 1903, 	{'train/ctc_loss': Array(5.749462, dtype=float32), 'train/wer': np.float64(0.9421783157928701), 'validation/ctc_loss': Array(5.829405, dtype=float32), 'validation/wer': np.float64(0.8966179750330672), 'validation/num_examples': 5348, 'test/ctc_loss': Array(5.7803035, dtype=float32), 'test/wer': np.float64(0.8995592387219954), 'test/num_examples': 2472, 'score': 8779.235560655594, 'total_duration': 9676.332152605057, 'accumulated_submission_time': 8779.235560655594, 'accumulated_eval_time': 896.5023860931396, 'accumulated_logging_time': 0.40241241455078125}
I0306 23:34:35.756014 139773981214464 logging_writer.py:48] [1903] accumulated_eval_time=896.502, accumulated_logging_time=0.402412, accumulated_submission_time=8779.24, global_step=1903, preemption_count=0, score=8779.24, test/ctc_loss=5.780303478240967, test/num_examples=2472, test/wer=0.899559, total_duration=9676.33, train/ctc_loss=5.749462127685547, train/wer=0.942178, validation/ctc_loss=5.829404830932617, validation/num_examples=5348, validation/wer=0.896618
I0306 23:40:59.623543 139773721171712 logging_writer.py:48] [2000] global_step=2000, grad_norm=0.9416572451591492, loss=4.0642218589782715
/usr/local/lib/python3.11/multiprocessing/popen_fork.py:66: RuntimeWarning: os.fork() was called. os.fork() is incompatible with multithreaded code, and JAX is multithreaded, so this will likely lead to a deadlock.
  self.pid = os.fork()
I0306 23:48:06.424349 139773981214464 logging_writer.py:48] [2100] global_step=2100, grad_norm=0.8751183748245239, loss=3.784637689590454
I0306 23:53:24.130421 139773721171712 logging_writer.py:48] [2200] global_step=2200, grad_norm=1.0437711477279663, loss=3.5542304515838623
I0306 23:58:42.477305 139798632068288 spec.py:321] Evaluating on the training split.
I0306 23:59:17.271869 139798632068288 spec.py:333] Evaluating on the validation split.
/usr/local/lib/python3.11/multiprocessing/popen_fork.py:66: RuntimeWarning: os.fork() was called. os.fork() is incompatible with multithreaded code, and JAX is multithreaded, so this will likely lead to a deadlock.
  self.pid = os.fork()
I0306 23:59:55.096539 139798632068288 spec.py:349] Evaluating on the test split.
/usr/local/lib/python3.11/multiprocessing/popen_fork.py:66: RuntimeWarning: os.fork() was called. os.fork() is incompatible with multithreaded code, and JAX is multithreaded, so this will likely lead to a deadlock.
  self.pid = os.fork()
I0307 00:00:15.567342 139798632068288 submission_runner.py:469] Time since start: 11216.16s, 	Step: 2293, 	{'train/ctc_loss': Array(5.104697, dtype=float32), 'train/wer': np.float64(0.9410502683109785), 'validation/ctc_loss': Array(5.304685, dtype=float32), 'validation/wer': np.float64(0.8954787259719822), 'validation/num_examples': 5348, 'test/ctc_loss': Array(5.1582294, dtype=float32), 'test/wer': np.float64(0.8981780513070502), 'test/num_examples': 2472, 'score': 10225.911481142044, 'total_duration': 11216.16035747528, 'accumulated_submission_time': 10225.911481142044, 'accumulated_eval_time': 989.5897030830383, 'accumulated_logging_time': 0.4291038513183594}
I0307 00:00:15.584131 139773981214464 logging_writer.py:48] [2293] accumulated_eval_time=989.59, accumulated_logging_time=0.429104, accumulated_submission_time=10225.9, global_step=2293, preemption_count=0, score=10225.9, test/ctc_loss=5.158229351043701, test/num_examples=2472, test/wer=0.898178, total_duration=11216.2, train/ctc_loss=5.104697227478027, train/wer=0.94105, validation/ctc_loss=5.304685115814209, validation/num_examples=5348, validation/wer=0.895479
I0307 00:00:22.334999 139773721171712 logging_writer.py:48] [2300] global_step=2300, grad_norm=1.405785322189331, loss=3.325698137283325
I0307 00:06:09.344613 139773981214464 logging_writer.py:48] [2400] global_step=2400, grad_norm=0.9757981896400452, loss=3.234750509262085
I0307 00:13:40.559385 139773721171712 logging_writer.py:48] [2500] global_step=2500, grad_norm=1.2852990627288818, loss=3.136700391769409
I0307 00:21:40.277000 139773981214464 logging_writer.py:48] [2600] global_step=2600, grad_norm=1.1980060338974, loss=3.0940117835998535
I0307 00:24:15.647523 139798632068288 spec.py:321] Evaluating on the training split.
I0307 00:24:50.908858 139798632068288 spec.py:333] Evaluating on the validation split.
/usr/local/lib/python3.11/multiprocessing/popen_fork.py:66: RuntimeWarning: os.fork() was called. os.fork() is incompatible with multithreaded code, and JAX is multithreaded, so this will likely lead to a deadlock.
  self.pid = os.fork()
I0307 00:25:29.385108 139798632068288 spec.py:349] Evaluating on the test split.
/usr/local/lib/python3.11/multiprocessing/popen_fork.py:66: RuntimeWarning: os.fork() was called. os.fork() is incompatible with multithreaded code, and JAX is multithreaded, so this will likely lead to a deadlock.
  self.pid = os.fork()
I0307 00:25:47.886473 139798632068288 submission_runner.py:469] Time since start: 12748.48s, 	Step: 2632, 	{'train/ctc_loss': Array(4.5437255, dtype=float32), 'train/wer': np.float64(0.9329356033047161), 'validation/ctc_loss': Array(4.77821, dtype=float32), 'validation/wer': np.float64(0.8928140417274105), 'validation/num_examples': 5348, 'test/ctc_loss': Array(4.58938, dtype=float32), 'test/wer': np.float64(0.8932017142973209), 'test/num_examples': 2472, 'score': 11665.934782743454, 'total_duration': 12748.47976231575, 'accumulated_submission_time': 11665.934782743454, 'accumulated_eval_time': 1081.826178073883, 'accumulated_logging_time': 0.45555901527404785}
I0307 00:25:47.985946 139773981214464 logging_writer.py:48] [2632] accumulated_eval_time=1081.83, accumulated_logging_time=0.455559, accumulated_submission_time=11665.9, global_step=2632, preemption_count=0, score=11665.9, test/ctc_loss=4.589379787445068, test/num_examples=2472, test/wer=0.893202, total_duration=12748.5, train/ctc_loss=4.543725490570068, train/wer=0.932936, validation/ctc_loss=4.778210163116455, validation/num_examples=5348, validation/wer=0.892814
I0307 00:30:32.302756 139773721171712 logging_writer.py:48] [2700] global_step=2700, grad_norm=1.2557953596115112, loss=2.923929214477539
I0307 00:39:00.880282 139773981214464 logging_writer.py:48] [2800] global_step=2800, grad_norm=0.9474529027938843, loss=2.867271661758423
I0307 00:47:57.132073 139773721171712 logging_writer.py:48] [2900] global_step=2900, grad_norm=0.95210200548172, loss=2.835825204849243
I0307 00:49:54.831709 139798632068288 spec.py:321] Evaluating on the training split.
I0307 00:50:30.404666 139798632068288 spec.py:333] Evaluating on the validation split.
/usr/local/lib/python3.11/multiprocessing/popen_fork.py:66: RuntimeWarning: os.fork() was called. os.fork() is incompatible with multithreaded code, and JAX is multithreaded, so this will likely lead to a deadlock.
  self.pid = os.fork()
I0307 00:51:09.797942 139798632068288 spec.py:349] Evaluating on the test split.
/usr/local/lib/python3.11/multiprocessing/popen_fork.py:66: RuntimeWarning: os.fork() was called. os.fork() is incompatible with multithreaded code, and JAX is multithreaded, so this will likely lead to a deadlock.
  self.pid = os.fork()
I0307 00:51:30.010792 139798632068288 submission_runner.py:469] Time since start: 14290.60s, 	Step: 2922, 	{'train/ctc_loss': Array(4.039252, dtype=float32), 'train/wer': np.float64(0.9100732821704531), 'validation/ctc_loss': Array(4.343019, dtype=float32), 'validation/wer': np.float64(0.8838159050754512), 'validation/num_examples': 5348, 'test/ctc_loss': Array(4.1069784, dtype=float32), 'test/wer': np.float64(0.8789632969756058), 'test/num_examples': 2472, 'score': 13112.7441675663, 'total_duration': 14290.604094028473, 'accumulated_submission_time': 13112.7441675663, 'accumulated_eval_time': 1177.0027842521667, 'accumulated_logging_time': 0.5643496513366699}
I0307 00:51:30.027903 139773981214464 logging_writer.py:48] [2922] accumulated_eval_time=1177, accumulated_logging_time=0.56435, accumulated_submission_time=13112.7, global_step=2922, preemption_count=0, score=13112.7, test/ctc_loss=4.106978416442871, test/num_examples=2472, test/wer=0.878963, total_duration=14290.6, train/ctc_loss=4.039251804351807, train/wer=0.910073, validation/ctc_loss=4.343019008636475, validation/num_examples=5348, validation/wer=0.883816
I0307 00:56:47.829611 139773721171712 logging_writer.py:48] [3000] global_step=3000, grad_norm=1.1468455791473389, loss=2.7823221683502197
/usr/local/lib/python3.11/multiprocessing/popen_fork.py:66: RuntimeWarning: os.fork() was called. os.fork() is incompatible with multithreaded code, and JAX is multithreaded, so this will likely lead to a deadlock.
  self.pid = os.fork()
I0307 01:05:26.881580 139773981214464 logging_writer.py:48] [3100] global_step=3100, grad_norm=1.0188803672790527, loss=2.702465295791626
I0307 01:10:31.920202 139773721171712 logging_writer.py:48] [3200] global_step=3200, grad_norm=0.9966423511505127, loss=2.625284433364868
I0307 01:15:30.420774 139798632068288 spec.py:321] Evaluating on the training split.
I0307 01:16:06.445669 139798632068288 spec.py:333] Evaluating on the validation split.
/usr/local/lib/python3.11/multiprocessing/popen_fork.py:66: RuntimeWarning: os.fork() was called. os.fork() is incompatible with multithreaded code, and JAX is multithreaded, so this will likely lead to a deadlock.
  self.pid = os.fork()
I0307 01:16:44.183249 139798632068288 spec.py:349] Evaluating on the test split.
/usr/local/lib/python3.11/multiprocessing/popen_fork.py:66: RuntimeWarning: os.fork() was called. os.fork() is incompatible with multithreaded code, and JAX is multithreaded, so this will likely lead to a deadlock.
  self.pid = os.fork()
I0307 01:17:03.299444 139798632068288 submission_runner.py:469] Time since start: 15823.89s, 	Step: 3289, 	{'train/ctc_loss': Array(3.5649, dtype=float32), 'train/wer': np.float64(0.8665988960053935), 'validation/ctc_loss': Array(3.87267, dtype=float32), 'validation/wer': np.float64(0.8576131766704963), 'validation/num_examples': 5348, 'test/ctc_loss': Array(3.5998943, dtype=float32), 'test/wer': np.float64(0.837527674527248), 'test/num_examples': 2472, 'score': 14553.094827413559, 'total_duration': 15823.892412662506, 'accumulated_submission_time': 14553.094827413559, 'accumulated_eval_time': 1269.8786957263947, 'accumulated_logging_time': 0.5908784866333008}
I0307 01:17:03.320185 139773981214464 logging_writer.py:48] [3289] accumulated_eval_time=1269.88, accumulated_logging_time=0.590878, accumulated_submission_time=14553.1, global_step=3289, preemption_count=0, score=14553.1, test/ctc_loss=3.5998942852020264, test/num_examples=2472, test/wer=0.837528, total_duration=15823.9, train/ctc_loss=3.5648999214172363, train/wer=0.866599, validation/ctc_loss=3.8726699352264404, validation/num_examples=5348, validation/wer=0.857613
I0307 01:17:13.719285 139773721171712 logging_writer.py:48] [3300] global_step=3300, grad_norm=1.0550408363342285, loss=2.6250669956207275
I0307 01:22:49.985811 139773981214464 logging_writer.py:48] [3400] global_step=3400, grad_norm=0.9884687662124634, loss=2.552446126937866
I0307 01:30:20.766814 139773721171712 logging_writer.py:48] [3500] global_step=3500, grad_norm=0.9422807693481445, loss=2.483510732650757
I0307 01:38:52.005882 139773981214464 logging_writer.py:48] [3600] global_step=3600, grad_norm=1.2164044380187988, loss=2.4841723442077637
I0307 01:41:06.150725 139798632068288 spec.py:321] Evaluating on the training split.
I0307 01:41:45.538636 139798632068288 spec.py:333] Evaluating on the validation split.
/usr/local/lib/python3.11/multiprocessing/popen_fork.py:66: RuntimeWarning: os.fork() was called. os.fork() is incompatible with multithreaded code, and JAX is multithreaded, so this will likely lead to a deadlock.
  self.pid = os.fork()
I0307 01:42:24.702539 139798632068288 spec.py:349] Evaluating on the test split.
/usr/local/lib/python3.11/multiprocessing/popen_fork.py:66: RuntimeWarning: os.fork() was called. os.fork() is incompatible with multithreaded code, and JAX is multithreaded, so this will likely lead to a deadlock.
  self.pid = os.fork()
I0307 01:42:43.621803 139798632068288 submission_runner.py:469] Time since start: 17364.22s, 	Step: 3625, 	{'train/ctc_loss': Array(2.8892114, dtype=float32), 'train/wer': np.float64(0.7069321700122878), 'validation/ctc_loss': Array(3.221782, dtype=float32), 'validation/wer': np.float64(0.7432345018681754), 'validation/num_examples': 5348, 'test/ctc_loss': Array(2.9022305, dtype=float32), 'test/wer': np.float64(0.6885422379298438), 'test/num_examples': 2472, 'score': 15995.883920431137, 'total_duration': 17364.215152025223, 'accumulated_submission_time': 15995.883920431137, 'accumulated_eval_time': 1367.347360610962, 'accumulated_logging_time': 0.6231546401977539}
I0307 01:42:43.661358 139773981214464 logging_writer.py:48] [3625] accumulated_eval_time=1367.35, accumulated_logging_time=0.623155, accumulated_submission_time=15995.9, global_step=3625, preemption_count=0, score=15995.9, test/ctc_loss=2.9022305011749268, test/num_examples=2472, test/wer=0.688542, total_duration=17364.2, train/ctc_loss=2.889211416244507, train/wer=0.706932, validation/ctc_loss=3.2217819690704346, validation/num_examples=5348, validation/wer=0.743235
I0307 01:48:06.148034 139773721171712 logging_writer.py:48] [3700] global_step=3700, grad_norm=1.1913634538650513, loss=2.4088990688323975
I0307 01:57:17.763075 139773981214464 logging_writer.py:48] [3800] global_step=3800, grad_norm=1.0281647443771362, loss=2.3490545749664307
I0307 02:06:13.061192 139773721171712 logging_writer.py:48] [3900] global_step=3900, grad_norm=1.2362351417541504, loss=2.3741986751556396
I0307 02:06:54.776366 139798632068288 spec.py:321] Evaluating on the training split.
I0307 02:07:35.749795 139798632068288 spec.py:333] Evaluating on the validation split.
/usr/local/lib/python3.11/multiprocessing/popen_fork.py:66: RuntimeWarning: os.fork() was called. os.fork() is incompatible with multithreaded code, and JAX is multithreaded, so this will likely lead to a deadlock.
  self.pid = os.fork()
I0307 02:08:15.605964 139798632068288 spec.py:349] Evaluating on the test split.
/usr/local/lib/python3.11/multiprocessing/popen_fork.py:66: RuntimeWarning: os.fork() was called. os.fork() is incompatible with multithreaded code, and JAX is multithreaded, so this will likely lead to a deadlock.
  self.pid = os.fork()
I0307 02:08:34.990095 139798632068288 submission_runner.py:469] Time since start: 18915.58s, 	Step: 3908, 	{'train/ctc_loss': Array(2.381435, dtype=float32), 'train/wer': np.float64(0.5988631876467776), 'validation/ctc_loss': Array(2.7640502, dtype=float32), 'validation/wer': np.float64(0.6611216775925157), 'validation/num_examples': 5348, 'test/ctc_loss': Array(2.4187324, dtype=float32), 'test/wer': np.float64(0.5925294010115166), 'test/num_examples': 2472, 'score': 17446.96148300171, 'total_duration': 18915.583261966705, 'accumulated_submission_time': 17446.96148300171, 'accumulated_eval_time': 1467.5584750175476, 'accumulated_logging_time': 0.6738104820251465}
I0307 02:08:35.007474 139773981214464 logging_writer.py:48] [3908] accumulated_eval_time=1467.56, accumulated_logging_time=0.67381, accumulated_submission_time=17447, global_step=3908, preemption_count=0, score=17447, test/ctc_loss=2.4187324047088623, test/num_examples=2472, test/wer=0.592529, total_duration=18915.6, train/ctc_loss=2.381434917449951, train/wer=0.598863, validation/ctc_loss=2.764050245285034, validation/num_examples=5348, validation/wer=0.661122
I0307 02:14:57.161133 139773721171712 logging_writer.py:48] [4000] global_step=4000, grad_norm=1.1200214624404907, loss=2.334418535232544
I0307 02:23:49.360105 139773981214464 logging_writer.py:48] [4100] global_step=4100, grad_norm=1.0236846208572388, loss=2.248480796813965
/usr/local/lib/python3.11/multiprocessing/popen_fork.py:66: RuntimeWarning: os.fork() was called. os.fork() is incompatible with multithreaded code, and JAX is multithreaded, so this will likely lead to a deadlock.
  self.pid = os.fork()
I0307 02:29:58.421584 139773981214464 logging_writer.py:48] [4200] global_step=4200, grad_norm=0.978622555732727, loss=2.306535482406616
I0307 02:32:43.024242 139798632068288 spec.py:321] Evaluating on the training split.
I0307 02:33:26.750147 139798632068288 spec.py:333] Evaluating on the validation split.
/usr/local/lib/python3.11/multiprocessing/popen_fork.py:66: RuntimeWarning: os.fork() was called. os.fork() is incompatible with multithreaded code, and JAX is multithreaded, so this will likely lead to a deadlock.
  self.pid = os.fork()
I0307 02:34:09.312584 139798632068288 spec.py:349] Evaluating on the test split.
/usr/local/lib/python3.11/multiprocessing/popen_fork.py:66: RuntimeWarning: os.fork() was called. os.fork() is incompatible with multithreaded code, and JAX is multithreaded, so this will likely lead to a deadlock.
  self.pid = os.fork()
I0307 02:34:30.644423 139798632068288 submission_runner.py:469] Time since start: 20471.24s, 	Step: 4250, 	{'train/ctc_loss': Array(1.7562076, dtype=float32), 'train/wer': np.float64(0.45812357704680756), 'validation/ctc_loss': Array(2.102324, dtype=float32), 'validation/wer': np.float64(0.4984793921430433), 'validation/num_examples': 5348, 'test/ctc_loss': Array(1.7730501, dtype=float32), 'test/wer': np.float64(0.4498608656795239), 'test/num_examples': 2472, 'score': 18894.937732458115, 'total_duration': 20471.237510681152, 'accumulated_submission_time': 18894.937732458115, 'accumulated_eval_time': 1575.1760289669037, 'accumulated_logging_time': 0.7008411884307861}
I0307 02:34:30.665600 139773981214464 logging_writer.py:48] [4250] accumulated_eval_time=1575.18, accumulated_logging_time=0.700841, accumulated_submission_time=18894.9, global_step=4250, preemption_count=0, score=18894.9, test/ctc_loss=1.77305006980896, test/num_examples=2472, test/wer=0.449861, total_duration=20471.2, train/ctc_loss=1.7562075853347778, train/wer=0.458124, validation/ctc_loss=2.1023240089416504, validation/num_examples=5348, validation/wer=0.498479
I0307 02:35:53.891993 139773721171712 logging_writer.py:48] [4300] global_step=4300, grad_norm=1.0677865743637085, loss=2.1629669666290283
I0307 02:42:28.966373 139773981214464 logging_writer.py:48] [4400] global_step=4400, grad_norm=0.9257833957672119, loss=2.1942436695098877
I0307 02:49:47.700982 139773721171712 logging_writer.py:48] [4500] global_step=4500, grad_norm=0.857927143573761, loss=2.161691665649414
I0307 02:57:50.209226 139773981214464 logging_writer.py:48] [4600] global_step=4600, grad_norm=1.2323939800262451, loss=2.1299548149108887
I0307 02:58:32.176545 139798632068288 spec.py:321] Evaluating on the training split.
I0307 02:59:16.765071 139798632068288 spec.py:333] Evaluating on the validation split.
/usr/local/lib/python3.11/multiprocessing/popen_fork.py:66: RuntimeWarning: os.fork() was called. os.fork() is incompatible with multithreaded code, and JAX is multithreaded, so this will likely lead to a deadlock.
  self.pid = os.fork()
I0307 02:59:57.975871 139798632068288 spec.py:349] Evaluating on the test split.
/usr/local/lib/python3.11/multiprocessing/popen_fork.py:66: RuntimeWarning: os.fork() was called. os.fork() is incompatible with multithreaded code, and JAX is multithreaded, so this will likely lead to a deadlock.
  self.pid = os.fork()
I0307 03:00:19.332302 139798632068288 submission_runner.py:469] Time since start: 22019.93s, 	Step: 4608, 	{'train/ctc_loss': Array(1.2110308, dtype=float32), 'train/wer': np.float64(0.3595769439631765), 'validation/ctc_loss': Array(1.5724521, dtype=float32), 'validation/wer': np.float64(0.4133156975004103), 'validation/num_examples': 5348, 'test/ctc_loss': Array(1.2555696, dtype=float32), 'test/wer': np.float64(0.3639428838380761), 'test/num_examples': 2472, 'score': 20336.405121803284, 'total_duration': 22019.9257106781, 'accumulated_submission_time': 20336.405121803284, 'accumulated_eval_time': 1682.3294467926025, 'accumulated_logging_time': 0.7322633266448975}
I0307 03:00:19.377366 139773981214464 logging_writer.py:48] [4608] accumulated_eval_time=1682.33, accumulated_logging_time=0.732263, accumulated_submission_time=20336.4, global_step=4608, preemption_count=0, score=20336.4, test/ctc_loss=1.255569577217102, test/num_examples=2472, test/wer=0.363943, total_duration=22019.9, train/ctc_loss=1.2110308408737183, train/wer=0.359577, validation/ctc_loss=1.5724520683288574, validation/num_examples=5348, validation/wer=0.413316
I0307 03:06:37.582146 139773721171712 logging_writer.py:48] [4700] global_step=4700, grad_norm=0.866707980632782, loss=2.1190788745880127
I0307 03:15:16.634108 139773981214464 logging_writer.py:48] [4800] global_step=4800, grad_norm=0.9788782596588135, loss=2.1115825176239014
I0307 03:24:07.399065 139773721171712 logging_writer.py:48] [4900] global_step=4900, grad_norm=0.8603602051734924, loss=2.0650789737701416
I0307 03:24:27.217874 139798632068288 spec.py:321] Evaluating on the training split.
I0307 03:25:10.904778 139798632068288 spec.py:333] Evaluating on the validation split.
/usr/local/lib/python3.11/multiprocessing/popen_fork.py:66: RuntimeWarning: os.fork() was called. os.fork() is incompatible with multithreaded code, and JAX is multithreaded, so this will likely lead to a deadlock.
  self.pid = os.fork()
I0307 03:25:53.131801 139798632068288 spec.py:349] Evaluating on the test split.
/usr/local/lib/python3.11/multiprocessing/popen_fork.py:66: RuntimeWarning: os.fork() was called. os.fork() is incompatible with multithreaded code, and JAX is multithreaded, so this will likely lead to a deadlock.
  self.pid = os.fork()
I0307 03:26:13.252305 139798632068288 submission_runner.py:469] Time since start: 23573.85s, 	Step: 4904, 	{'train/ctc_loss': Array(1.0306901, dtype=float32), 'train/wer': np.float64(0.3282888637618096), 'validation/ctc_loss': Array(1.3614256, dtype=float32), 'validation/wer': np.float64(0.3724958243625515), 'validation/num_examples': 5348, 'test/ctc_loss': Array(1.0480518, dtype=float32), 'test/wer': np.float64(0.3176121706985152), 'test/num_examples': 2472, 'score': 21784.2077729702, 'total_duration': 23573.84566092491, 'accumulated_submission_time': 21784.2077729702, 'accumulated_eval_time': 1788.3614711761475, 'accumulated_logging_time': 0.7882635593414307}
I0307 03:26:13.270557 139773981214464 logging_writer.py:48] [4904] accumulated_eval_time=1788.36, accumulated_logging_time=0.788264, accumulated_submission_time=21784.2, global_step=4904, preemption_count=0, score=21784.2, test/ctc_loss=1.0480518341064453, test/num_examples=2472, test/wer=0.317612, total_duration=23573.8, train/ctc_loss=1.03069007396698, train/wer=0.328289, validation/ctc_loss=1.3614256381988525, validation/num_examples=5348, validation/wer=0.372496
I0307 03:32:10.106654 139773721171712 logging_writer.py:48] [5000] global_step=5000, grad_norm=0.9387270212173462, loss=2.069408893585205
I0307 03:40:25.348559 139773981214464 logging_writer.py:48] [5100] global_step=5100, grad_norm=0.8372588157653809, loss=1.9923996925354004
/usr/local/lib/python3.11/multiprocessing/popen_fork.py:66: RuntimeWarning: os.fork() was called. os.fork() is incompatible with multithreaded code, and JAX is multithreaded, so this will likely lead to a deadlock.
  self.pid = os.fork()
I0307 03:46:34.866347 139773981214464 logging_writer.py:48] [5200] global_step=5200, grad_norm=1.129462480545044, loss=1.9439666271209717
I0307 03:50:17.513898 139798632068288 spec.py:321] Evaluating on the training split.
I0307 03:51:02.124888 139798632068288 spec.py:333] Evaluating on the validation split.
/usr/local/lib/python3.11/multiprocessing/popen_fork.py:66: RuntimeWarning: os.fork() was called. os.fork() is incompatible with multithreaded code, and JAX is multithreaded, so this will likely lead to a deadlock.
  self.pid = os.fork()
I0307 03:51:45.032752 139798632068288 spec.py:349] Evaluating on the test split.
/usr/local/lib/python3.11/multiprocessing/popen_fork.py:66: RuntimeWarning: os.fork() was called. os.fork() is incompatible with multithreaded code, and JAX is multithreaded, so this will likely lead to a deadlock.
  self.pid = os.fork()
I0307 03:52:05.403092 139798632068288 submission_runner.py:469] Time since start: 25126.00s, 	Step: 5284, 	{'train/ctc_loss': Array(0.74729574, dtype=float32), 'train/wer': np.float64(0.2479269758873885), 'validation/ctc_loss': Array(1.1113323, dtype=float32), 'validation/wer': np.float64(0.32220473657279125), 'validation/num_examples': 5348, 'test/ctc_loss': Array(0.81503665, dtype=float32), 'test/wer': np.float64(0.2611256677431804), 'test/num_examples': 2472, 'score': 23228.407002449036, 'total_duration': 25125.99592256546, 'accumulated_submission_time': 23228.407002449036, 'accumulated_eval_time': 1896.2477524280548, 'accumulated_logging_time': 0.8158650398254395}
I0307 03:52:05.423659 139773981214464 logging_writer.py:48] [5284] accumulated_eval_time=1896.25, accumulated_logging_time=0.815865, accumulated_submission_time=23228.4, global_step=5284, preemption_count=0, score=23228.4, test/ctc_loss=0.8150366544723511, test/num_examples=2472, test/wer=0.261126, total_duration=25126, train/ctc_loss=0.7472957372665405, train/wer=0.247927, validation/ctc_loss=1.1113322973251343, validation/num_examples=5348, validation/wer=0.322205
I0307 03:52:20.043996 139773721171712 logging_writer.py:48] [5300] global_step=5300, grad_norm=0.8803085684776306, loss=2.0258500576019287
I0307 03:56:20.331260 139773981214464 logging_writer.py:48] [5400] global_step=5400, grad_norm=0.7933074235916138, loss=1.9501216411590576
I0307 04:02:18.990895 139773721171712 logging_writer.py:48] [5500] global_step=5500, grad_norm=0.8963338732719421, loss=1.9634591341018677
I0307 04:10:04.736457 139773981214464 logging_writer.py:48] [5600] global_step=5600, grad_norm=0.8066617250442505, loss=1.947269320487976
I0307 04:16:12.093471 139798632068288 spec.py:321] Evaluating on the training split.
I0307 04:16:56.790916 139798632068288 spec.py:333] Evaluating on the validation split.
/usr/local/lib/python3.11/multiprocessing/popen_fork.py:66: RuntimeWarning: os.fork() was called. os.fork() is incompatible with multithreaded code, and JAX is multithreaded, so this will likely lead to a deadlock.
  self.pid = os.fork()
I0307 04:17:42.158652 139798632068288 spec.py:349] Evaluating on the test split.
/usr/local/lib/python3.11/multiprocessing/popen_fork.py:66: RuntimeWarning: os.fork() was called. os.fork() is incompatible with multithreaded code, and JAX is multithreaded, so this will likely lead to a deadlock.
  self.pid = os.fork()
I0307 04:18:04.327847 139798632068288 submission_runner.py:469] Time since start: 26684.92s, 	Step: 5672, 	{'train/ctc_loss': Array(0.70300335, dtype=float32), 'train/wer': np.float64(0.23667772990579067), 'validation/ctc_loss': Array(1.025926, dtype=float32), 'validation/wer': np.float64(0.3026540641262056), 'validation/num_examples': 5348, 'test/ctc_loss': Array(0.73583883, dtype=float32), 'test/wer': np.float64(0.23933134279852944), 'test/num_examples': 2472, 'score': 24675.01415514946, 'total_duration': 26684.92085123062, 'accumulated_submission_time': 24675.01415514946, 'accumulated_eval_time': 2008.479370355606, 'accumulated_logging_time': 0.8636856079101562}
I0307 04:18:04.396249 139773981214464 logging_writer.py:48] [5672] accumulated_eval_time=2008.48, accumulated_logging_time=0.863686, accumulated_submission_time=24675, global_step=5672, preemption_count=0, score=24675, test/ctc_loss=0.7358388304710388, test/num_examples=2472, test/wer=0.239331, total_duration=26684.9, train/ctc_loss=0.7030033469200134, train/wer=0.236678, validation/ctc_loss=1.0259259939193726, validation/num_examples=5348, validation/wer=0.302654
I0307 04:18:46.342322 139773721171712 logging_writer.py:48] [5700] global_step=5700, grad_norm=0.8900843262672424, loss=1.8948214054107666
I0307 04:27:07.876795 139773981214464 logging_writer.py:48] [5800] global_step=5800, grad_norm=0.882447361946106, loss=1.914184331893921
