python submission_runner.py --framework=jax --workload=librispeech_conformer --submission_path=prize_qualification_baselines/external_tuning/jax_nadamw_full_budget.py --data_dir=/data/librispeech --num_tuning_trials=1 --experiment_dir=/experiment_runs --experiment_name=submissions/rolling_leaderboard/external_tuning/baseline/study_0 --overwrite=True --save_checkpoints=False --rng_seed=166436103 --librispeech_tokenizer_vocab_path=/data/librispeech/spm_model.vocab --tuning_ruleset=external --tuning_search_space=prize_qualification_baselines/external_tuning/tuning_search_space.json --num_tuning_trials=5 --hparam_start_index=3 --hparam_end_index=4 2>&1 | tee -a /logs/librispeech_conformer_jax_03-07-2025-16-50-19.log
2025-03-07 16:50:34.347533: E external/local_xla/xla/stream_executor/cuda/cuda_fft.cc:477] Unable to register cuFFT factory: Attempting to register factory for plugin cuFFT when one has already been registered
WARNING: All log messages before absl::InitializeLog() is called are written to STDERR
E0000 00:00:1741366234.379433       9 cuda_dnn.cc:8310] Unable to register cuDNN factory: Attempting to register factory for plugin cuDNN when one has already been registered
E0000 00:00:1741366234.390550       9 cuda_blas.cc:1418] Unable to register cuBLAS factory: Attempting to register factory for plugin cuBLAS when one has already been registered
ERROR:root:Unable to import wandb.
Traceback (most recent call last):
  File "/algorithmic-efficiency/algoperf/logger_utils.py", line 27, in <module>
    import wandb  # pylint: disable=g-import-not-at-top
    ^^^^^^^^^^^^
ModuleNotFoundError: No module named 'wandb'
I0307 16:51:17.905565 140354946278592 logger_utils.py:81] Creating experiment directory at /experiment_runs/submissions/rolling_leaderboard/external_tuning/baseline/study_0/librispeech_conformer_jax.
I0307 16:51:19.789865 140354946278592 xla_bridge.py:884] Unable to initialize backend 'rocm': NOT_FOUND: Could not find registered platform with name: "rocm". Available platform names are: CUDA
I0307 16:51:19.792717 140354946278592 xla_bridge.py:884] Unable to initialize backend 'tpu': INTERNAL: Failed to open libtpu.so: libtpu.so: cannot open shared object file: No such file or directory
I0307 16:51:19.828291 140354946278592 submission_runner.py:606] Using RNG seed 166436103
I0307 16:51:21.962121 140354946278592 submission_runner.py:615] --- Tuning run 4/5 ---
I0307 16:51:21.962296 140354946278592 submission_runner.py:620] Creating tuning directory at /experiment_runs/submissions/rolling_leaderboard/external_tuning/baseline/study_0/librispeech_conformer_jax/trial_4.
I0307 16:51:21.962480 140354946278592 logger_utils.py:97] Saving hparams to /experiment_runs/submissions/rolling_leaderboard/external_tuning/baseline/study_0/librispeech_conformer_jax/trial_4/hparams.json.
I0307 16:51:22.193947 140354946278592 submission_runner.py:218] Initializing dataset.
I0307 16:51:22.194130 140354946278592 submission_runner.py:229] Initializing model.
I0307 16:51:40.015445 140354946278592 submission_runner.py:272] Initializing optimizer.
I0307 16:51:40.879916 140354946278592 submission_runner.py:279] Initializing metrics bundle.
I0307 16:51:40.880158 140354946278592 submission_runner.py:301] Initializing checkpoint and logger.
I0307 16:51:40.881216 140354946278592 checkpoints.py:1101] Found no checkpoint files in /experiment_runs/submissions/rolling_leaderboard/external_tuning/baseline/study_0/librispeech_conformer_jax/trial_4 with prefix checkpoint_
I0307 16:51:40.881314 140354946278592 submission_runner.py:321] Saving meta data to /experiment_runs/submissions/rolling_leaderboard/external_tuning/baseline/study_0/librispeech_conformer_jax/trial_4/meta_data_0.json.
I0307 16:51:40.881479 140354946278592 logger_utils.py:262] Unable to record workload.train_mean information. Continuing without it.
I0307 16:51:40.881524 140354946278592 logger_utils.py:262] Unable to record workload.train_stddev information. Continuing without it.
I0307 16:51:41.397908 140354946278592 submission_runner.py:325] Saving flags to /experiment_runs/submissions/rolling_leaderboard/external_tuning/baseline/study_0/librispeech_conformer_jax/trial_4/flags_0.json.
I0307 16:51:41.607701 140354946278592 submission_runner.py:337] Starting training loop.
I0307 16:51:41.782057 140354946278592 input_pipeline.py:20] Loading split = train-clean-100
I0307 16:51:41.879223 140354946278592 input_pipeline.py:20] Loading split = train-clean-360
I0307 16:51:42.337807 140354946278592 input_pipeline.py:20] Loading split = train-other-500
/usr/local/lib/python3.11/multiprocessing/popen_fork.py:66: RuntimeWarning: os.fork() was called. os.fork() is incompatible with multithreaded code, and JAX is multithreaded, so this will likely lead to a deadlock.
  self.pid = os.fork()
/usr/local/lib/python3.11/site-packages/jax/_src/interpreters/mlir.py:930: UserWarning: Some donated buffers were not usable: ShapedArray(float32[512]), ShapedArray(float32[512]), ShapedArray(float32[512]), ShapedArray(float32[512]), ShapedArray(float32[512]), ShapedArray(float32[512]), ShapedArray(float32[512]), ShapedArray(float32[512]).
See an explanation at https://jax.readthedocs.io/en/latest/faq.html#buffer-donation.
  warnings.warn("Some donated buffers were not usable:"
I0307 16:52:56.578322 140350727620352 logging_writer.py:48] [0] global_step=0, grad_norm=39.823394775390625, loss=31.99164581298828
I0307 16:52:56.894695 140354946278592 spec.py:321] Evaluating on the training split.
I0307 16:52:56.979670 140354946278592 input_pipeline.py:20] Loading split = train-clean-100
I0307 16:52:57.509804 140354946278592 input_pipeline.py:20] Loading split = train-clean-360
I0307 16:52:57.612048 140354946278592 input_pipeline.py:20] Loading split = train-other-500
/usr/local/lib/python3.11/multiprocessing/popen_fork.py:66: RuntimeWarning: os.fork() was called. os.fork() is incompatible with multithreaded code, and JAX is multithreaded, so this will likely lead to a deadlock.
  self.pid = os.fork()
/usr/local/lib/python3.11/site-packages/jax/_src/ops/scatter.py:96: FutureWarning: scatter inputs have incompatible types: cannot safely cast value from dtype=float32 to dtype=int32 with jax_numpy_dtype_promotion='standard'. In future JAX releases this will result in an error.
  warnings.warn(
I0307 16:54:33.663636 140354946278592 spec.py:333] Evaluating on the validation split.
I0307 16:54:33.711811 140354946278592 input_pipeline.py:20] Loading split = dev-clean
I0307 16:54:33.736615 140354946278592 input_pipeline.py:20] Loading split = dev-other
/usr/local/lib/python3.11/multiprocessing/popen_fork.py:66: RuntimeWarning: os.fork() was called. os.fork() is incompatible with multithreaded code, and JAX is multithreaded, so this will likely lead to a deadlock.
  self.pid = os.fork()
/usr/local/lib/python3.11/site-packages/jax/_src/ops/scatter.py:96: FutureWarning: scatter inputs have incompatible types: cannot safely cast value from dtype=float32 to dtype=int32 with jax_numpy_dtype_promotion='standard'. In future JAX releases this will result in an error.
  warnings.warn(
I0307 16:55:43.632817 140354946278592 spec.py:349] Evaluating on the test split.
I0307 16:55:43.677401 140354946278592 input_pipeline.py:20] Loading split = test-clean
/usr/local/lib/python3.11/multiprocessing/popen_fork.py:66: RuntimeWarning: os.fork() was called. os.fork() is incompatible with multithreaded code, and JAX is multithreaded, so this will likely lead to a deadlock.
  self.pid = os.fork()
/usr/local/lib/python3.11/site-packages/jax/_src/ops/scatter.py:96: FutureWarning: scatter inputs have incompatible types: cannot safely cast value from dtype=float32 to dtype=int32 with jax_numpy_dtype_promotion='standard'. In future JAX releases this will result in an error.
  warnings.warn(
I0307 16:56:26.478844 140354946278592 submission_runner.py:469] Time since start: 284.87s, 	Step: 1, 	{'train/ctc_loss': Array(31.208275, dtype=float32), 'train/wer': np.float64(1.1143879331965052), 'validation/ctc_loss': Array(31.018536, dtype=float32), 'validation/wer': np.float64(1.2619500468250673), 'validation/num_examples': 5348, 'test/ctc_loss': Array(30.98457, dtype=float32), 'test/wer': np.float64(1.2678691121808543), 'test/num_examples': 2472, 'score': 75.28681182861328, 'total_duration': 284.8687880039215, 'accumulated_submission_time': 75.28681182861328, 'accumulated_eval_time': 209.58180499076843, 'accumulated_logging_time': 0}
I0307 16:56:26.494702 140204643972864 logging_writer.py:48] [1] accumulated_eval_time=209.582, accumulated_logging_time=0, accumulated_submission_time=75.2868, global_step=1, preemption_count=0, score=75.2868, test/ctc_loss=30.984569549560547, test/num_examples=2472, test/wer=1.26787, total_duration=284.869, train/ctc_loss=31.208274841308594, train/wer=1.11439, validation/ctc_loss=31.018535614013672, validation/num_examples=5348, validation/wer=1.26195
I0307 17:02:13.943356 140213570836224 logging_writer.py:48] [100] global_step=100, grad_norm=4.102875232696533, loss=5.773087978363037
I0307 17:11:18.901397 140213579228928 logging_writer.py:48] [200] global_step=200, grad_norm=2.944476842880249, loss=5.7248029708862305
I0307 17:20:27.081711 140354946278592 spec.py:321] Evaluating on the training split.
I0307 17:21:03.237469 140354946278592 spec.py:333] Evaluating on the validation split.
/usr/local/lib/python3.11/multiprocessing/popen_fork.py:66: RuntimeWarning: os.fork() was called. os.fork() is incompatible with multithreaded code, and JAX is multithreaded, so this will likely lead to a deadlock.
  self.pid = os.fork()
I0307 17:21:53.618448 140354946278592 spec.py:349] Evaluating on the test split.
/usr/local/lib/python3.11/multiprocessing/popen_fork.py:66: RuntimeWarning: os.fork() was called. os.fork() is incompatible with multithreaded code, and JAX is multithreaded, so this will likely lead to a deadlock.
  self.pid = os.fork()
I0307 17:22:27.027351 140354946278592 submission_runner.py:469] Time since start: 1845.42s, 	Step: 299, 	{'train/ctc_loss': Array(6.3372216, dtype=float32), 'train/wer': np.float64(0.9440486660040486), 'validation/ctc_loss': Array(6.4575067, dtype=float32), 'validation/wer': np.float64(0.8966179750330672), 'validation/num_examples': 5348, 'test/ctc_loss': Array(6.460906, dtype=float32), 'test/wer': np.float64(0.899579550301627), 'test/num_examples': 2472, 'score': 1515.82856798172, 'total_duration': 1845.4168627262115, 'accumulated_submission_time': 1515.82856798172, 'accumulated_eval_time': 329.5246651172638, 'accumulated_logging_time': 0.02999114990234375}
I0307 17:22:27.073460 140350704547584 logging_writer.py:48] [299] accumulated_eval_time=329.525, accumulated_logging_time=0.0299911, accumulated_submission_time=1515.83, global_step=299, preemption_count=0, score=1515.83, test/ctc_loss=6.460906028747559, test/num_examples=2472, test/wer=0.89958, total_duration=1845.42, train/ctc_loss=6.337221622467041, train/wer=0.944049, validation/ctc_loss=6.4575066566467285, validation/num_examples=5348, validation/wer=0.896618
I0307 17:22:28.848959 140213730297600 logging_writer.py:48] [300] global_step=300, grad_norm=3.8595433235168457, loss=5.592061519622803
I0307 17:30:05.257576 140350704547584 logging_writer.py:48] [400] global_step=400, grad_norm=3.366091728210449, loss=5.600611209869385
I0307 17:39:59.536556 140213730297600 logging_writer.py:48] [500] global_step=500, grad_norm=0.8706773519515991, loss=5.503817558288574
I0307 17:46:27.767040 140354946278592 spec.py:321] Evaluating on the training split.
I0307 17:47:04.277389 140354946278592 spec.py:333] Evaluating on the validation split.
/usr/local/lib/python3.11/multiprocessing/popen_fork.py:66: RuntimeWarning: os.fork() was called. os.fork() is incompatible with multithreaded code, and JAX is multithreaded, so this will likely lead to a deadlock.
  self.pid = os.fork()
I0307 17:47:46.024178 140354946278592 spec.py:349] Evaluating on the test split.
/usr/local/lib/python3.11/multiprocessing/popen_fork.py:66: RuntimeWarning: os.fork() was called. os.fork() is incompatible with multithreaded code, and JAX is multithreaded, so this will likely lead to a deadlock.
  self.pid = os.fork()
I0307 17:48:05.833130 140354946278592 submission_runner.py:469] Time since start: 3384.22s, 	Step: 565, 	{'train/ctc_loss': Array(6.062201, dtype=float32), 'train/wer': np.float64(0.9426394801702891), 'validation/ctc_loss': Array(6.214505, dtype=float32), 'validation/wer': np.float64(0.8966179750330672), 'validation/num_examples': 5348, 'test/ctc_loss': Array(6.1794157, dtype=float32), 'test/wer': np.float64(0.899579550301627), 'test/num_examples': 2472, 'score': 2956.481296300888, 'total_duration': 3384.2223267555237, 'accumulated_submission_time': 2956.481296300888, 'accumulated_eval_time': 427.58767104148865, 'accumulated_logging_time': 0.08803033828735352}
I0307 17:48:05.854385 140350704547584 logging_writer.py:48] [565] accumulated_eval_time=427.588, accumulated_logging_time=0.0880303, accumulated_submission_time=2956.48, global_step=565, preemption_count=0, score=2956.48, test/ctc_loss=6.179415702819824, test/num_examples=2472, test/wer=0.89958, total_duration=3384.22, train/ctc_loss=6.062201023101807, train/wer=0.942639, validation/ctc_loss=6.214505195617676, validation/num_examples=5348, validation/wer=0.896618
I0307 17:50:07.242759 140214457337600 logging_writer.py:48] [600] global_step=600, grad_norm=2.22786808013916, loss=5.549635410308838
I0307 18:00:24.042098 140350704547584 logging_writer.py:48] [700] global_step=700, grad_norm=3.0357091426849365, loss=5.5562639236450195
I0307 18:10:48.864364 140214457337600 logging_writer.py:48] [800] global_step=800, grad_norm=0.4168868660926819, loss=5.479008197784424
I0307 18:12:07.010269 140354946278592 spec.py:321] Evaluating on the training split.
I0307 18:12:44.284527 140354946278592 spec.py:333] Evaluating on the validation split.
/usr/local/lib/python3.11/multiprocessing/popen_fork.py:66: RuntimeWarning: os.fork() was called. os.fork() is incompatible with multithreaded code, and JAX is multithreaded, so this will likely lead to a deadlock.
  self.pid = os.fork()
I0307 18:13:22.983212 140354946278592 spec.py:349] Evaluating on the test split.
/usr/local/lib/python3.11/multiprocessing/popen_fork.py:66: RuntimeWarning: os.fork() was called. os.fork() is incompatible with multithreaded code, and JAX is multithreaded, so this will likely lead to a deadlock.
  self.pid = os.fork()
I0307 18:13:43.761669 140354946278592 submission_runner.py:469] Time since start: 4922.15s, 	Step: 814, 	{'train/ctc_loss': Array(6.347632, dtype=float32), 'train/wer': np.float64(0.942771372912209), 'validation/ctc_loss': Array(6.415713, dtype=float32), 'validation/wer': np.float64(0.8966179750330672), 'validation/num_examples': 5348, 'test/ctc_loss': Array(6.4140053, dtype=float32), 'test/wer': np.float64(0.899579550301627), 'test/num_examples': 2472, 'score': 4397.60066986084, 'total_duration': 4922.151599645615, 'accumulated_submission_time': 4397.60066986084, 'accumulated_eval_time': 524.3367154598236, 'accumulated_logging_time': 0.11915946006774902}
I0307 18:13:43.780463 140350704547584 logging_writer.py:48] [814] accumulated_eval_time=524.337, accumulated_logging_time=0.119159, accumulated_submission_time=4397.6, global_step=814, preemption_count=0, score=4397.6, test/ctc_loss=6.414005279541016, test/num_examples=2472, test/wer=0.89958, total_duration=4922.15, train/ctc_loss=6.347631931304932, train/wer=0.942771, validation/ctc_loss=6.415712833404541, validation/num_examples=5348, validation/wer=0.896618
I0307 18:21:00.364197 140214610937600 logging_writer.py:48] [900] global_step=900, grad_norm=1.748081922531128, loss=5.5158514976501465
I0307 18:31:06.195018 140350704547584 logging_writer.py:48] [1000] global_step=1000, grad_norm=2.405033826828003, loss=5.522310733795166
/usr/local/lib/python3.11/multiprocessing/popen_fork.py:66: RuntimeWarning: os.fork() was called. os.fork() is incompatible with multithreaded code, and JAX is multithreaded, so this will likely lead to a deadlock.
  self.pid = os.fork()
I0307 18:37:45.100893 140354946278592 spec.py:321] Evaluating on the training split.
I0307 18:38:21.196904 140354946278592 spec.py:333] Evaluating on the validation split.
/usr/local/lib/python3.11/multiprocessing/popen_fork.py:66: RuntimeWarning: os.fork() was called. os.fork() is incompatible with multithreaded code, and JAX is multithreaded, so this will likely lead to a deadlock.
  self.pid = os.fork()
I0307 18:39:00.979129 140354946278592 spec.py:349] Evaluating on the test split.
/usr/local/lib/python3.11/multiprocessing/popen_fork.py:66: RuntimeWarning: os.fork() was called. os.fork() is incompatible with multithreaded code, and JAX is multithreaded, so this will likely lead to a deadlock.
  self.pid = os.fork()
I0307 18:39:20.696216 140354946278592 submission_runner.py:469] Time since start: 6459.09s, 	Step: 1087, 	{'train/ctc_loss': Array(6.7334332, dtype=float32), 'train/wer': np.float64(0.9437453892879752), 'validation/ctc_loss': Array(6.7688894, dtype=float32), 'validation/wer': np.float64(0.8966179750330672), 'validation/num_examples': 5348, 'test/ctc_loss': Array(6.7680535, dtype=float32), 'test/wer': np.float64(0.899579550301627), 'test/num_examples': 2472, 'score': 5838.879018306732, 'total_duration': 6459.085654258728, 'accumulated_submission_time': 5838.879018306732, 'accumulated_eval_time': 619.9294292926788, 'accumulated_logging_time': 0.14974570274353027}
I0307 18:39:20.714972 140350704547584 logging_writer.py:48] [1087] accumulated_eval_time=619.929, accumulated_logging_time=0.149746, accumulated_submission_time=5838.88, global_step=1087, preemption_count=0, score=5838.88, test/ctc_loss=6.7680535316467285, test/num_examples=2472, test/wer=0.89958, total_duration=6459.09, train/ctc_loss=6.733433246612549, train/wer=0.943745, validation/ctc_loss=6.768889427185059, validation/num_examples=5348, validation/wer=0.896618
I0307 18:39:33.062977 140215041017600 logging_writer.py:48] [1100] global_step=1100, grad_norm=2.145287275314331, loss=5.498779773712158
I0307 18:45:12.411295 140350704547584 logging_writer.py:48] [1200] global_step=1200, grad_norm=0.6029114723205566, loss=5.4710845947265625
I0307 18:52:34.547691 140215041017600 logging_writer.py:48] [1300] global_step=1300, grad_norm=3.2880516052246094, loss=5.526860237121582
I0307 19:00:49.934705 140350704547584 logging_writer.py:48] [1400] global_step=1400, grad_norm=2.360318183898926, loss=5.524479866027832
I0307 19:03:24.147372 140354946278592 spec.py:321] Evaluating on the training split.
I0307 19:04:00.667931 140354946278592 spec.py:333] Evaluating on the validation split.
/usr/local/lib/python3.11/multiprocessing/popen_fork.py:66: RuntimeWarning: os.fork() was called. os.fork() is incompatible with multithreaded code, and JAX is multithreaded, so this will likely lead to a deadlock.
  self.pid = os.fork()
I0307 19:04:46.663330 140354946278592 spec.py:349] Evaluating on the test split.
/usr/local/lib/python3.11/multiprocessing/popen_fork.py:66: RuntimeWarning: os.fork() was called. os.fork() is incompatible with multithreaded code, and JAX is multithreaded, so this will likely lead to a deadlock.
  self.pid = os.fork()
I0307 19:05:06.530711 140354946278592 submission_runner.py:469] Time since start: 8004.92s, 	Step: 1431, 	{'train/ctc_loss': Array(6.7020407, dtype=float32), 'train/wer': np.float64(0.9426480471958778), 'validation/ctc_loss': Array(6.7778773, dtype=float32), 'validation/wer': np.float64(0.8966179750330672), 'validation/num_examples': 5348, 'test/ctc_loss': Array(6.742965, dtype=float32), 'test/wer': np.float64(0.899579550301627), 'test/num_examples': 2472, 'score': 7282.22851061821, 'total_duration': 8004.92046380043, 'accumulated_submission_time': 7282.22851061821, 'accumulated_eval_time': 722.3102536201477, 'accumulated_logging_time': 0.21503567695617676}
I0307 19:05:06.551860 140350704547584 logging_writer.py:48] [1431] accumulated_eval_time=722.31, accumulated_logging_time=0.215036, accumulated_submission_time=7282.23, global_step=1431, preemption_count=0, score=7282.23, test/ctc_loss=6.742965221405029, test/num_examples=2472, test/wer=0.89958, total_duration=8004.92, train/ctc_loss=6.702040672302246, train/wer=0.942648, validation/ctc_loss=6.777877330780029, validation/num_examples=5348, validation/wer=0.896618
I0307 19:10:03.287281 140215112697600 logging_writer.py:48] [1500] global_step=1500, grad_norm=1.2669051885604858, loss=5.502583980560303
I0307 19:20:18.219529 140350704547584 logging_writer.py:48] [1600] global_step=1600, grad_norm=2.1388120651245117, loss=5.50178337097168
I0307 19:29:06.761222 140354946278592 spec.py:321] Evaluating on the training split.
I0307 19:29:43.615602 140354946278592 spec.py:333] Evaluating on the validation split.
/usr/local/lib/python3.11/multiprocessing/popen_fork.py:66: RuntimeWarning: os.fork() was called. os.fork() is incompatible with multithreaded code, and JAX is multithreaded, so this will likely lead to a deadlock.
  self.pid = os.fork()
I0307 19:30:36.084559 140354946278592 spec.py:349] Evaluating on the test split.
/usr/local/lib/python3.11/multiprocessing/popen_fork.py:66: RuntimeWarning: os.fork() was called. os.fork() is incompatible with multithreaded code, and JAX is multithreaded, so this will likely lead to a deadlock.
  self.pid = os.fork()
I0307 19:30:55.949553 140354946278592 submission_runner.py:469] Time since start: 9554.34s, 	Step: 1686, 	{'train/ctc_loss': Array(6.6509876, dtype=float32), 'train/wer': np.float64(0.9412748519771338), 'validation/ctc_loss': Array(6.640007, dtype=float32), 'validation/wer': np.float64(0.8963572994004461), 'validation/num_examples': 5348, 'test/ctc_loss': Array(6.6165094, dtype=float32), 'test/wer': np.float64(0.899173318708996), 'test/num_examples': 2472, 'score': 8722.400167703629, 'total_duration': 9554.339018821716, 'accumulated_submission_time': 8722.400167703629, 'accumulated_eval_time': 831.4957549571991, 'accumulated_logging_time': 0.2463068962097168}
I0307 19:30:55.968192 140350704547584 logging_writer.py:48] [1686] accumulated_eval_time=831.496, accumulated_logging_time=0.246307, accumulated_submission_time=8722.4, global_step=1686, preemption_count=0, score=8722.4, test/ctc_loss=6.616509437561035, test/num_examples=2472, test/wer=0.899173, total_duration=9554.34, train/ctc_loss=6.65098762512207, train/wer=0.941275, validation/ctc_loss=6.640007019042969, validation/num_examples=5348, validation/wer=0.896357
I0307 19:31:09.232289 140215266297600 logging_writer.py:48] [1700] global_step=1700, grad_norm=1.891489863395691, loss=5.457491397857666
I0307 19:41:26.103724 140350704547584 logging_writer.py:48] [1800] global_step=1800, grad_norm=1.6597099304199219, loss=5.481403827667236
I0307 19:51:50.885378 140215266297600 logging_writer.py:48] [1900] global_step=1900, grad_norm=0.3750101923942566, loss=5.471856594085693
I0307 19:54:58.221722 140354946278592 spec.py:321] Evaluating on the training split.
I0307 19:55:34.939418 140354946278592 spec.py:333] Evaluating on the validation split.
/usr/local/lib/python3.11/multiprocessing/popen_fork.py:66: RuntimeWarning: os.fork() was called. os.fork() is incompatible with multithreaded code, and JAX is multithreaded, so this will likely lead to a deadlock.
  self.pid = os.fork()
I0307 19:56:16.968886 140354946278592 spec.py:349] Evaluating on the test split.
/usr/local/lib/python3.11/multiprocessing/popen_fork.py:66: RuntimeWarning: os.fork() was called. os.fork() is incompatible with multithreaded code, and JAX is multithreaded, so this will likely lead to a deadlock.
  self.pid = os.fork()
I0307 19:56:37.072418 140354946278592 submission_runner.py:469] Time since start: 11095.46s, 	Step: 1931, 	{'train/ctc_loss': Array(6.4661813, dtype=float32), 'train/wer': np.float64(0.9435996160241716), 'validation/ctc_loss': Array(6.3952155, dtype=float32), 'validation/wer': np.float64(0.8966179750330672), 'validation/num_examples': 5348, 'test/ctc_loss': Array(6.3231797, dtype=float32), 'test/wer': np.float64(0.899579550301627), 'test/num_examples': 2472, 'score': 10164.617690563202, 'total_duration': 11095.462156534195, 'accumulated_submission_time': 10164.617690563202, 'accumulated_eval_time': 930.3439209461212, 'accumulated_logging_time': 0.27498602867126465}
I0307 19:56:37.091063 140350704547584 logging_writer.py:48] [1931] accumulated_eval_time=930.344, accumulated_logging_time=0.274986, accumulated_submission_time=10164.6, global_step=1931, preemption_count=0, score=10164.6, test/ctc_loss=6.323179721832275, test/num_examples=2472, test/wer=0.89958, total_duration=11095.5, train/ctc_loss=6.46618127822876, train/wer=0.9436, validation/ctc_loss=6.3952155113220215, validation/num_examples=5348, validation/wer=0.896618
I0307 20:02:24.955748 140215266297600 logging_writer.py:48] [2000] global_step=2000, grad_norm=1.180968999862671, loss=5.458479881286621
/usr/local/lib/python3.11/multiprocessing/popen_fork.py:66: RuntimeWarning: os.fork() was called. os.fork() is incompatible with multithreaded code, and JAX is multithreaded, so this will likely lead to a deadlock.
  self.pid = os.fork()
I0307 20:11:04.516538 140350704547584 logging_writer.py:48] [2100] global_step=2100, grad_norm=1.0012880563735962, loss=5.431856632232666
I0307 20:17:21.075371 140213955577600 logging_writer.py:48] [2200] global_step=2200, grad_norm=1.6701548099517822, loss=5.443037033081055
I0307 20:20:40.650286 140354946278592 spec.py:321] Evaluating on the training split.
I0307 20:21:17.183792 140354946278592 spec.py:333] Evaluating on the validation split.
/usr/local/lib/python3.11/multiprocessing/popen_fork.py:66: RuntimeWarning: os.fork() was called. os.fork() is incompatible with multithreaded code, and JAX is multithreaded, so this will likely lead to a deadlock.
  self.pid = os.fork()
I0307 20:22:09.210788 140354946278592 spec.py:349] Evaluating on the test split.
/usr/local/lib/python3.11/multiprocessing/popen_fork.py:66: RuntimeWarning: os.fork() was called. os.fork() is incompatible with multithreaded code, and JAX is multithreaded, so this will likely lead to a deadlock.
  self.pid = os.fork()
I0307 20:22:42.570452 140354946278592 submission_runner.py:469] Time since start: 12660.96s, 	Step: 2249, 	{'train/ctc_loss': Array(6.1860495, dtype=float32), 'train/wer': np.float64(0.942054291765695), 'validation/ctc_loss': Array(6.118878, dtype=float32), 'validation/wer': np.float64(0.8966179750330672), 'validation/num_examples': 5348, 'test/ctc_loss': Array(6.1149344, dtype=float32), 'test/wer': np.float64(0.899579550301627), 'test/num_examples': 2472, 'score': 11608.133162021637, 'total_duration': 12660.960300207138, 'accumulated_submission_time': 11608.133162021637, 'accumulated_eval_time': 1052.2617087364197, 'accumulated_logging_time': 0.30341029167175293}
I0307 20:22:42.589394 140350704547584 logging_writer.py:48] [2249] accumulated_eval_time=1052.26, accumulated_logging_time=0.30341, accumulated_submission_time=11608.1, global_step=2249, preemption_count=0, score=11608.1, test/ctc_loss=6.11493444442749, test/num_examples=2472, test/wer=0.89958, total_duration=12661, train/ctc_loss=6.186049461364746, train/wer=0.942054, validation/ctc_loss=6.11887788772583, validation/num_examples=5348, validation/wer=0.896618
I0307 20:24:41.978462 140215696377600 logging_writer.py:48] [2300] global_step=2300, grad_norm=1.8301777839660645, loss=5.411657810211182
I0307 20:32:56.528429 140350704547584 logging_writer.py:48] [2400] global_step=2400, grad_norm=1.9360767602920532, loss=5.4032883644104
I0307 20:42:08.921731 140215696377600 logging_writer.py:48] [2500] global_step=2500, grad_norm=1.9878000020980835, loss=5.3830647468566895
I0307 20:46:55.907533 140354946278592 spec.py:321] Evaluating on the training split.
I0307 20:47:32.656681 140354946278592 spec.py:333] Evaluating on the validation split.
/usr/local/lib/python3.11/multiprocessing/popen_fork.py:66: RuntimeWarning: os.fork() was called. os.fork() is incompatible with multithreaded code, and JAX is multithreaded, so this will likely lead to a deadlock.
  self.pid = os.fork()
I0307 20:48:27.616463 140354946278592 spec.py:349] Evaluating on the test split.
/usr/local/lib/python3.11/multiprocessing/popen_fork.py:66: RuntimeWarning: os.fork() was called. os.fork() is incompatible with multithreaded code, and JAX is multithreaded, so this will likely lead to a deadlock.
  self.pid = os.fork()
I0307 20:48:47.832845 140354946278592 submission_runner.py:469] Time since start: 14226.22s, 	Step: 2549, 	{'train/ctc_loss': Array(6.1338882, dtype=float32), 'train/wer': np.float64(0.94359843259037), 'validation/ctc_loss': Array(6.032098, dtype=float32), 'validation/wer': np.float64(0.8966179750330672), 'validation/num_examples': 5348, 'test/ctc_loss': Array(6.0220866, dtype=float32), 'test/wer': np.float64(0.899579550301627), 'test/num_examples': 2472, 'score': 13061.408972024918, 'total_duration': 14226.222427129745, 'accumulated_submission_time': 13061.408972024918, 'accumulated_eval_time': 1164.1843237876892, 'accumulated_logging_time': 0.3331718444824219}
I0307 20:48:47.885571 140350704547584 logging_writer.py:48] [2549] accumulated_eval_time=1164.18, accumulated_logging_time=0.333172, accumulated_submission_time=13061.4, global_step=2549, preemption_count=0, score=13061.4, test/ctc_loss=6.0220866203308105, test/num_examples=2472, test/wer=0.89958, total_duration=14226.2, train/ctc_loss=6.133888244628906, train/wer=0.943598, validation/ctc_loss=6.032097816467285, validation/num_examples=5348, validation/wer=0.896618
I0307 20:52:22.674836 140215696377600 logging_writer.py:48] [2600] global_step=2600, grad_norm=0.7306545972824097, loss=5.281520843505859
I0307 21:03:12.537565 140350704547584 logging_writer.py:48] [2700] global_step=2700, grad_norm=1.3376514911651611, loss=5.005022048950195
I0307 21:13:06.592914 140354946278592 spec.py:321] Evaluating on the training split.
I0307 21:13:45.619787 140354946278592 spec.py:333] Evaluating on the validation split.
/usr/local/lib/python3.11/multiprocessing/popen_fork.py:66: RuntimeWarning: os.fork() was called. os.fork() is incompatible with multithreaded code, and JAX is multithreaded, so this will likely lead to a deadlock.
  self.pid = os.fork()
I0307 21:14:35.571910 140354946278592 spec.py:349] Evaluating on the test split.
/usr/local/lib/python3.11/multiprocessing/popen_fork.py:66: RuntimeWarning: os.fork() was called. os.fork() is incompatible with multithreaded code, and JAX is multithreaded, so this will likely lead to a deadlock.
  self.pid = os.fork()
I0307 21:14:56.997600 140354946278592 submission_runner.py:469] Time since start: 15795.39s, 	Step: 2793, 	{'train/ctc_loss': Array(5.578667, dtype=float32), 'train/wer': np.float64(0.9320959042642845), 'validation/ctc_loss': Array(5.5794077, dtype=float32), 'validation/wer': np.float64(0.888363246666731), 'validation/num_examples': 5348, 'test/ctc_loss': Array(5.486205, dtype=float32), 'test/wer': np.float64(0.8907440131619035), 'test/num_examples': 2472, 'score': 14520.078606128693, 'total_duration': 15795.387182712555, 'accumulated_submission_time': 14520.078606128693, 'accumulated_eval_time': 1274.5863087177277, 'accumulated_logging_time': 0.3966939449310303}
I0307 21:14:57.017535 140350704547584 logging_writer.py:48] [2793] accumulated_eval_time=1274.59, accumulated_logging_time=0.396694, accumulated_submission_time=14520.1, global_step=2793, preemption_count=0, score=14520.1, test/ctc_loss=5.486205101013184, test/num_examples=2472, test/wer=0.890744, total_duration=15795.4, train/ctc_loss=5.578667163848877, train/wer=0.932096, validation/ctc_loss=5.579407691955566, validation/num_examples=5348, validation/wer=0.888363
I0307 21:15:03.941474 140215696377600 logging_writer.py:48] [2800] global_step=2800, grad_norm=1.7821892499923706, loss=4.684573173522949
I0307 21:24:46.842831 140350704547584 logging_writer.py:48] [2900] global_step=2900, grad_norm=1.9320590496063232, loss=4.525320529937744
I0307 21:35:31.039787 140215696377600 logging_writer.py:48] [3000] global_step=3000, grad_norm=1.1454135179519653, loss=4.363546371459961
I0307 21:38:57.116765 140354946278592 spec.py:321] Evaluating on the training split.
I0307 21:39:34.617033 140354946278592 spec.py:333] Evaluating on the validation split.
/usr/local/lib/python3.11/multiprocessing/popen_fork.py:66: RuntimeWarning: os.fork() was called. os.fork() is incompatible with multithreaded code, and JAX is multithreaded, so this will likely lead to a deadlock.
  self.pid = os.fork()
I0307 21:40:17.438986 140354946278592 spec.py:349] Evaluating on the test split.
/usr/local/lib/python3.11/multiprocessing/popen_fork.py:66: RuntimeWarning: os.fork() was called. os.fork() is incompatible with multithreaded code, and JAX is multithreaded, so this will likely lead to a deadlock.
  self.pid = os.fork()
I0307 21:40:38.058686 140354946278592 submission_runner.py:469] Time since start: 17336.45s, 	Step: 3034, 	{'train/ctc_loss': Array(5.311417, dtype=float32), 'train/wer': np.float64(0.935470023556178), 'validation/ctc_loss': Array(5.3064938, dtype=float32), 'validation/wer': np.float64(0.8933160836865327), 'validation/num_examples': 5348, 'test/ctc_loss': Array(5.214236, dtype=float32), 'test/wer': np.float64(0.8948875754067394), 'test/num_examples': 2472, 'score': 15960.140839576721, 'total_duration': 17336.44810652733, 'accumulated_submission_time': 15960.140839576721, 'accumulated_eval_time': 1375.5253727436066, 'accumulated_logging_time': 0.4269998073577881}
I0307 21:40:38.080471 140350704547584 logging_writer.py:48] [3034] accumulated_eval_time=1375.53, accumulated_logging_time=0.427, accumulated_submission_time=15960.1, global_step=3034, preemption_count=0, score=15960.1, test/ctc_loss=5.214235782623291, test/num_examples=2472, test/wer=0.894888, total_duration=17336.4, train/ctc_loss=5.311417102813721, train/wer=0.93547, validation/ctc_loss=5.306493759155273, validation/num_examples=5348, validation/wer=0.893316
/usr/local/lib/python3.11/multiprocessing/popen_fork.py:66: RuntimeWarning: os.fork() was called. os.fork() is incompatible with multithreaded code, and JAX is multithreaded, so this will likely lead to a deadlock.
  self.pid = os.fork()
I0307 21:45:40.309060 140350704547584 logging_writer.py:48] [3100] global_step=3100, grad_norm=1.5335839986801147, loss=4.287326335906982
I0307 21:51:39.299574 140215696377600 logging_writer.py:48] [3200] global_step=3200, grad_norm=0.9271143674850464, loss=4.117641925811768
I0307 21:58:09.189196 140350704547584 logging_writer.py:48] [3300] global_step=3300, grad_norm=1.091772437095642, loss=4.014115333557129
I0307 22:04:45.604057 140354946278592 spec.py:321] Evaluating on the training split.
I0307 22:05:24.563788 140354946278592 spec.py:333] Evaluating on the validation split.
/usr/local/lib/python3.11/multiprocessing/popen_fork.py:66: RuntimeWarning: os.fork() was called. os.fork() is incompatible with multithreaded code, and JAX is multithreaded, so this will likely lead to a deadlock.
  self.pid = os.fork()
I0307 22:06:15.930423 140354946278592 spec.py:349] Evaluating on the test split.
/usr/local/lib/python3.11/multiprocessing/popen_fork.py:66: RuntimeWarning: os.fork() was called. os.fork() is incompatible with multithreaded code, and JAX is multithreaded, so this will likely lead to a deadlock.
  self.pid = os.fork()
I0307 22:06:36.513470 140354946278592 submission_runner.py:469] Time since start: 18894.90s, 	Step: 3395, 	{'train/ctc_loss': Array(5.409413, dtype=float32), 'train/wer': np.float64(0.9115801068229524), 'validation/ctc_loss': Array(5.4214315, dtype=float32), 'validation/wer': np.float64(0.878766521525049), 'validation/num_examples': 5348, 'test/ctc_loss': Array(5.3393745, dtype=float32), 'test/wer': np.float64(0.877114943229135), 'test/num_examples': 2472, 'score': 17407.615298509598, 'total_duration': 18894.90305042267, 'accumulated_submission_time': 17407.615298509598, 'accumulated_eval_time': 1486.432101726532, 'accumulated_logging_time': 0.4591970443725586}
I0307 22:06:36.534150 140350704547584 logging_writer.py:48] [3395] accumulated_eval_time=1486.43, accumulated_logging_time=0.459197, accumulated_submission_time=17407.6, global_step=3395, preemption_count=0, score=17407.6, test/ctc_loss=5.339374542236328, test/num_examples=2472, test/wer=0.877115, total_duration=18894.9, train/ctc_loss=5.409412860870361, train/wer=0.91158, validation/ctc_loss=5.421431541442871, validation/num_examples=5348, validation/wer=0.878767
I0307 22:06:41.819890 140215696377600 logging_writer.py:48] [3400] global_step=3400, grad_norm=2.91876482963562, loss=3.9724392890930176
I0307 22:13:32.675672 140350704547584 logging_writer.py:48] [3500] global_step=3500, grad_norm=0.4901142716407776, loss=3.8397107124328613
I0307 22:23:04.066855 140215696377600 logging_writer.py:48] [3600] global_step=3600, grad_norm=0.5633252263069153, loss=3.729471445083618
I0307 22:30:43.356211 140354946278592 spec.py:321] Evaluating on the training split.
I0307 22:31:19.662759 140354946278592 spec.py:333] Evaluating on the validation split.
/usr/local/lib/python3.11/multiprocessing/popen_fork.py:66: RuntimeWarning: os.fork() was called. os.fork() is incompatible with multithreaded code, and JAX is multithreaded, so this will likely lead to a deadlock.
  self.pid = os.fork()
I0307 22:32:08.686730 140354946278592 spec.py:349] Evaluating on the test split.
/usr/local/lib/python3.11/multiprocessing/popen_fork.py:66: RuntimeWarning: os.fork() was called. os.fork() is incompatible with multithreaded code, and JAX is multithreaded, so this will likely lead to a deadlock.
  self.pid = os.fork()
I0307 22:32:28.774921 140354946278592 submission_runner.py:469] Time since start: 20447.16s, 	Step: 3675, 	{'train/ctc_loss': Array(5.5004883, dtype=float32), 'train/wer': np.float64(0.9430132007796859), 'validation/ctc_loss': Array(5.5037994, dtype=float32), 'validation/wer': np.float64(0.896579356420827), 'validation/num_examples': 5348, 'test/ctc_loss': Array(5.4046173, dtype=float32), 'test/wer': np.float64(0.8994779924034693), 'test/num_examples': 2472, 'score': 18854.34870839119, 'total_duration': 20447.16433930397, 'accumulated_submission_time': 18854.34870839119, 'accumulated_eval_time': 1591.8479566574097, 'accumulated_logging_time': 0.5384902954101562}
I0307 22:32:28.798019 140350704547584 logging_writer.py:48] [3675] accumulated_eval_time=1591.85, accumulated_logging_time=0.53849, accumulated_submission_time=18854.3, global_step=3675, preemption_count=0, score=18854.3, test/ctc_loss=5.4046173095703125, test/num_examples=2472, test/wer=0.899478, total_duration=20447.2, train/ctc_loss=5.50048828125, train/wer=0.943013, validation/ctc_loss=5.5037994384765625, validation/num_examples=5348, validation/wer=0.896579
I0307 22:33:25.697953 140215102449408 logging_writer.py:48] [3700] global_step=3700, grad_norm=1.1555129289627075, loss=3.6581199169158936
I0307 22:44:16.355647 140350704547584 logging_writer.py:48] [3800] global_step=3800, grad_norm=0.9546763896942139, loss=3.5016775131225586
I0307 22:55:24.343168 140215102449408 logging_writer.py:48] [3900] global_step=3900, grad_norm=1.4341387748718262, loss=3.4707798957824707
I0307 22:56:41.832133 140354946278592 spec.py:321] Evaluating on the training split.
I0307 22:57:20.283528 140354946278592 spec.py:333] Evaluating on the validation split.
/usr/local/lib/python3.11/multiprocessing/popen_fork.py:66: RuntimeWarning: os.fork() was called. os.fork() is incompatible with multithreaded code, and JAX is multithreaded, so this will likely lead to a deadlock.
  self.pid = os.fork()
I0307 22:58:02.237265 140354946278592 spec.py:349] Evaluating on the test split.
/usr/local/lib/python3.11/multiprocessing/popen_fork.py:66: RuntimeWarning: os.fork() was called. os.fork() is incompatible with multithreaded code, and JAX is multithreaded, so this will likely lead to a deadlock.
  self.pid = os.fork()
I0307 22:58:22.549831 140354946278592 submission_runner.py:469] Time since start: 22000.94s, 	Step: 3912, 	{'train/ctc_loss': Array(5.118764, dtype=float32), 'train/wer': np.float64(0.8879211812469292), 'validation/ctc_loss': Array(5.1362286, dtype=float32), 'validation/wer': np.float64(0.864612800139027), 'validation/num_examples': 5348, 'test/ctc_loss': Array(4.921161, dtype=float32), 'test/wer': np.float64(0.852578555034225), 'test/num_examples': 2472, 'score': 20307.347794294357, 'total_duration': 22000.93959903717, 'accumulated_submission_time': 20307.347794294357, 'accumulated_eval_time': 1692.5631124973297, 'accumulated_logging_time': 0.5718920230865479}
I0307 22:58:22.569645 140350704547584 logging_writer.py:48] [3912] accumulated_eval_time=1692.56, accumulated_logging_time=0.571892, accumulated_submission_time=20307.3, global_step=3912, preemption_count=0, score=20307.3, test/ctc_loss=4.92116117477417, test/num_examples=2472, test/wer=0.852579, total_duration=22000.9, train/ctc_loss=5.1187639236450195, train/wer=0.887921, validation/ctc_loss=5.136228561401367, validation/num_examples=5348, validation/wer=0.864613
I0307 23:06:09.008446 140215266297600 logging_writer.py:48] [4000] global_step=4000, grad_norm=0.5454190969467163, loss=3.4149603843688965
I0307 23:16:53.843743 140350704547584 logging_writer.py:48] [4100] global_step=4100, grad_norm=1.5684293508529663, loss=3.370837926864624
/usr/local/lib/python3.11/multiprocessing/popen_fork.py:66: RuntimeWarning: os.fork() was called. os.fork() is incompatible with multithreaded code, and JAX is multithreaded, so this will likely lead to a deadlock.
  self.pid = os.fork()
I0307 23:22:29.427072 140354946278592 spec.py:321] Evaluating on the training split.
I0307 23:23:08.387583 140354946278592 spec.py:333] Evaluating on the validation split.
/usr/local/lib/python3.11/multiprocessing/popen_fork.py:66: RuntimeWarning: os.fork() was called. os.fork() is incompatible with multithreaded code, and JAX is multithreaded, so this will likely lead to a deadlock.
  self.pid = os.fork()
I0307 23:23:48.035869 140354946278592 spec.py:349] Evaluating on the test split.
/usr/local/lib/python3.11/multiprocessing/popen_fork.py:66: RuntimeWarning: os.fork() was called. os.fork() is incompatible with multithreaded code, and JAX is multithreaded, so this will likely lead to a deadlock.
  self.pid = os.fork()
I0307 23:24:08.829972 140354946278592 submission_runner.py:469] Time since start: 23547.22s, 	Step: 4173, 	{'train/ctc_loss': Array(4.590804, dtype=float32), 'train/wer': np.float64(0.8620469757297422), 'validation/ctc_loss': Array(4.6899376, dtype=float32), 'validation/wer': np.float64(0.8462496500188266), 'validation/num_examples': 5348, 'test/ctc_loss': Array(4.4660883, dtype=float32), 'test/wer': np.float64(0.8279406089411574), 'test/num_examples': 2472, 'score': 21754.16623878479, 'total_duration': 23547.219120264053, 'accumulated_submission_time': 21754.16623878479, 'accumulated_eval_time': 1791.9631624221802, 'accumulated_logging_time': 0.6019613742828369}
I0307 23:24:08.852916 140350704547584 logging_writer.py:48] [4173] accumulated_eval_time=1791.96, accumulated_logging_time=0.601961, accumulated_submission_time=21754.2, global_step=4173, preemption_count=0, score=21754.2, test/ctc_loss=4.46608829498291, test/num_examples=2472, test/wer=0.827941, total_duration=23547.2, train/ctc_loss=4.590804100036621, train/wer=0.862047, validation/ctc_loss=4.689937591552734, validation/num_examples=5348, validation/wer=0.84625
I0307 23:24:33.941198 140214974457600 logging_writer.py:48] [4200] global_step=4200, grad_norm=0.5739548206329346, loss=3.3300511837005615
I0307 23:31:05.994230 140350704547584 logging_writer.py:48] [4300] global_step=4300, grad_norm=0.964798092842102, loss=3.333498954772949
I0307 23:38:35.237026 140214974457600 logging_writer.py:48] [4400] global_step=4400, grad_norm=0.49773746728897095, loss=3.163506507873535
I0307 23:46:53.019641 140350704547584 logging_writer.py:48] [4500] global_step=4500, grad_norm=1.2848589420318604, loss=3.242337465286255
I0307 23:48:17.433192 140354946278592 spec.py:321] Evaluating on the training split.
I0307 23:49:03.198120 140354946278592 spec.py:333] Evaluating on the validation split.
/usr/local/lib/python3.11/multiprocessing/popen_fork.py:66: RuntimeWarning: os.fork() was called. os.fork() is incompatible with multithreaded code, and JAX is multithreaded, so this will likely lead to a deadlock.
  self.pid = os.fork()
I0307 23:49:55.183167 140354946278592 spec.py:349] Evaluating on the test split.
/usr/local/lib/python3.11/multiprocessing/popen_fork.py:66: RuntimeWarning: os.fork() was called. os.fork() is incompatible with multithreaded code, and JAX is multithreaded, so this will likely lead to a deadlock.
  self.pid = os.fork()
I0307 23:50:24.617840 140354946278592 submission_runner.py:469] Time since start: 25123.01s, 	Step: 4517, 	{'train/ctc_loss': Array(3.364509, dtype=float32), 'train/wer': np.float64(0.694647547200966), 'validation/ctc_loss': Array(3.655303, dtype=float32), 'validation/wer': np.float64(0.7033511300771407), 'validation/num_examples': 5348, 'test/ctc_loss': Array(3.3878458, dtype=float32), 'test/wer': np.float64(0.6804379176568561), 'test/num_examples': 2472, 'score': 23202.698773622513, 'total_duration': 25123.0077316761, 'accumulated_submission_time': 23202.698773622513, 'accumulated_eval_time': 1919.1454167366028, 'accumulated_logging_time': 0.6358051300048828}
I0307 23:50:24.637148 140350704547584 logging_writer.py:48] [4517] accumulated_eval_time=1919.15, accumulated_logging_time=0.635805, accumulated_submission_time=23202.7, global_step=4517, preemption_count=0, score=23202.7, test/ctc_loss=3.387845754623413, test/num_examples=2472, test/wer=0.680438, total_duration=25123, train/ctc_loss=3.364509105682373, train/wer=0.694648, validation/ctc_loss=3.6553030014038086, validation/num_examples=5348, validation/wer=0.703351
I0307 23:56:15.747499 140214974457600 logging_writer.py:48] [4600] global_step=4600, grad_norm=0.8960050344467163, loss=3.1908817291259766
I0308 00:05:56.848335 140350704547584 logging_writer.py:48] [4700] global_step=4700, grad_norm=0.5482637286186218, loss=3.1883790493011475
I0308 00:14:32.010173 140354946278592 spec.py:321] Evaluating on the training split.
I0308 00:15:16.510644 140354946278592 spec.py:333] Evaluating on the validation split.
/usr/local/lib/python3.11/multiprocessing/popen_fork.py:66: RuntimeWarning: os.fork() was called. os.fork() is incompatible with multithreaded code, and JAX is multithreaded, so this will likely lead to a deadlock.
  self.pid = os.fork()
I0308 00:15:59.909443 140354946278592 spec.py:349] Evaluating on the test split.
/usr/local/lib/python3.11/multiprocessing/popen_fork.py:66: RuntimeWarning: os.fork() was called. os.fork() is incompatible with multithreaded code, and JAX is multithreaded, so this will likely lead to a deadlock.
  self.pid = os.fork()
I0308 00:16:29.642946 140354946278592 submission_runner.py:469] Time since start: 26688.03s, 	Step: 4785, 	{'train/ctc_loss': Array(3.3087022, dtype=float32), 'train/wer': np.float64(0.6960564019048012), 'validation/ctc_loss': Array(3.547353, dtype=float32), 'validation/wer': np.float64(0.7021636077507555), 'validation/num_examples': 5348, 'test/ctc_loss': Array(3.2459664, dtype=float32), 'test/wer': np.float64(0.6693884183372941), 'test/num_examples': 2472, 'score': 24650.032696723938, 'total_duration': 26688.032596826553, 'accumulated_submission_time': 24650.032696723938, 'accumulated_eval_time': 2036.7755670547485, 'accumulated_logging_time': 0.6650295257568359}
I0308 00:16:29.663803 140350704547584 logging_writer.py:48] [4785] accumulated_eval_time=2036.78, accumulated_logging_time=0.66503, accumulated_submission_time=24650, global_step=4785, preemption_count=0, score=24650, test/ctc_loss=3.2459664344787598, test/num_examples=2472, test/wer=0.669388, total_duration=26688, train/ctc_loss=3.308702230453491, train/wer=0.696056, validation/ctc_loss=3.5473530292510986, validation/num_examples=5348, validation/wer=0.702164
I0308 00:16:43.854427 140215696377600 logging_writer.py:48] [4800] global_step=4800, grad_norm=1.2704334259033203, loss=3.1536083221435547
I0308 00:26:02.964958 140350704547584 logging_writer.py:48] [4900] global_step=4900, grad_norm=1.8285372257232666, loss=3.2123560905456543
I0308 00:36:01.165045 140215696377600 logging_writer.py:48] [5000] global_step=5000, grad_norm=0.9076554179191589, loss=3.156545639038086
I0308 00:40:34.878256 140354946278592 spec.py:321] Evaluating on the training split.
I0308 00:41:18.083603 140354946278592 spec.py:333] Evaluating on the validation split.
/usr/local/lib/python3.11/multiprocessing/popen_fork.py:66: RuntimeWarning: os.fork() was called. os.fork() is incompatible with multithreaded code, and JAX is multithreaded, so this will likely lead to a deadlock.
  self.pid = os.fork()
I0308 00:42:02.137290 140354946278592 spec.py:349] Evaluating on the test split.
/usr/local/lib/python3.11/multiprocessing/popen_fork.py:66: RuntimeWarning: os.fork() was called. os.fork() is incompatible with multithreaded code, and JAX is multithreaded, so this will likely lead to a deadlock.
  self.pid = os.fork()
I0308 00:42:23.647357 140354946278592 submission_runner.py:469] Time since start: 28242.04s, 	Step: 5046, 	{'train/ctc_loss': Array(2.8775675, dtype=float32), 'train/wer': np.float64(0.674947625235355), 'validation/ctc_loss': Array(3.1992157, dtype=float32), 'validation/wer': np.float64(0.6831825598347123), 'validation/num_examples': 5348, 'test/ctc_loss': Array(2.8439474, dtype=float32), 'test/wer': np.float64(0.6476753397111693), 'test/num_examples': 2472, 'score': 26095.209391117096, 'total_duration': 28242.03690290451, 'accumulated_submission_time': 26095.209391117096, 'accumulated_eval_time': 2145.5419430732727, 'accumulated_logging_time': 0.695725679397583}
