torchrun --redirects 1:0,2:0,3:0 --standalone --nnodes=1 --nproc_per_node=4 submission_runner.py --framework=pytorch --workload=librispeech_deepspeech --submission_path=submissions_algorithms/submissions/self_tuning/lion/submission.py --data_dir=/data/librispeech --experiment_dir=/experiment_runs --experiment_name=submissions_a100/lion/study_2 --overwrite=True --save_checkpoints=False --rng_seed=-702684643 --librispeech_tokenizer_vocab_path=/data/librispeech/spm_model.vocab --torch_compile=true --tuning_ruleset=self 2>&1 | tee -a /logs/librispeech_deepspeech_pytorch_04-07-2026-08-15-06.log
W0407 08:15:26.710000 9 site-packages/torch/distributed/run.py:803] 
W0407 08:15:26.710000 9 site-packages/torch/distributed/run.py:803] *****************************************
W0407 08:15:26.710000 9 site-packages/torch/distributed/run.py:803] Setting OMP_NUM_THREADS environment variable for each process to be 1 in default, to avoid your system being overloaded, please further tune the variable for optimal performance in your application as needed. 
W0407 08:15:26.710000 9 site-packages/torch/distributed/run.py:803] *****************************************
2026-04-07 08:15:37.394404: E external/local_xla/xla/stream_executor/cuda/cuda_fft.cc:467] Unable to register cuFFT factory: Attempting to register factory for plugin cuFFT when one has already been registered
2026-04-07 08:15:37.394404: E external/local_xla/xla/stream_executor/cuda/cuda_fft.cc:467] Unable to register cuFFT factory: Attempting to register factory for plugin cuFFT when one has already been registered
2026-04-07 08:15:37.394404: E external/local_xla/xla/stream_executor/cuda/cuda_fft.cc:467] Unable to register cuFFT factory: Attempting to register factory for plugin cuFFT when one has already been registered
2026-04-07 08:15:37.394441: E external/local_xla/xla/stream_executor/cuda/cuda_fft.cc:467] Unable to register cuFFT factory: Attempting to register factory for plugin cuFFT when one has already been registered
WARNING: All log messages before absl::InitializeLog() is called are written to STDERR
WARNING: All log messages before absl::InitializeLog() is called are written to STDERR
WARNING: All log messages before absl::InitializeLog() is called are written to STDERR
WARNING: All log messages before absl::InitializeLog() is called are written to STDERR
E0000 00:00:1775549738.159390      41 cuda_dnn.cc:8579] Unable to register cuDNN factory: Attempting to register factory for plugin cuDNN when one has already been registered
E0000 00:00:1775549738.159402      40 cuda_dnn.cc:8579] Unable to register cuDNN factory: Attempting to register factory for plugin cuDNN when one has already been registered
E0000 00:00:1775549738.159411      39 cuda_dnn.cc:8579] Unable to register cuDNN factory: Attempting to register factory for plugin cuDNN when one has already been registered
E0000 00:00:1775549738.159399      38 cuda_dnn.cc:8579] Unable to register cuDNN factory: Attempting to register factory for plugin cuDNN when one has already been registered
E0000 00:00:1775549738.264456      41 cuda_blas.cc:1407] Unable to register cuBLAS factory: Attempting to register factory for plugin cuBLAS when one has already been registered
E0000 00:00:1775549738.264456      39 cuda_blas.cc:1407] Unable to register cuBLAS factory: Attempting to register factory for plugin cuBLAS when one has already been registered
E0000 00:00:1775549738.264453      38 cuda_blas.cc:1407] Unable to register cuBLAS factory: Attempting to register factory for plugin cuBLAS when one has already been registered
E0000 00:00:1775549738.264466      40 cuda_blas.cc:1407] Unable to register cuBLAS factory: Attempting to register factory for plugin cuBLAS when one has already been registered
W0000 00:00:1775549739.451069      39 computation_placer.cc:177] computation placer already registered. Please check linkage and avoid linking the same target more than once.
W0000 00:00:1775549739.451071      40 computation_placer.cc:177] computation placer already registered. Please check linkage and avoid linking the same target more than once.
W0000 00:00:1775549739.451071      41 computation_placer.cc:177] computation placer already registered. Please check linkage and avoid linking the same target more than once.
W0000 00:00:1775549739.451110      40 computation_placer.cc:177] computation placer already registered. Please check linkage and avoid linking the same target more than once.
W0000 00:00:1775549739.451110      41 computation_placer.cc:177] computation placer already registered. Please check linkage and avoid linking the same target more than once.
W0000 00:00:1775549739.451112      40 computation_placer.cc:177] computation placer already registered. Please check linkage and avoid linking the same target more than once.
W0000 00:00:1775549739.451112      39 computation_placer.cc:177] computation placer already registered. Please check linkage and avoid linking the same target more than once.
W0000 00:00:1775549739.451113      41 computation_placer.cc:177] computation placer already registered. Please check linkage and avoid linking the same target more than once.
W0000 00:00:1775549739.451115      40 computation_placer.cc:177] computation placer already registered. Please check linkage and avoid linking the same target more than once.
W0000 00:00:1775549739.451115      39 computation_placer.cc:177] computation placer already registered. Please check linkage and avoid linking the same target more than once.
W0000 00:00:1775549739.451078      38 computation_placer.cc:177] computation placer already registered. Please check linkage and avoid linking the same target more than once.
W0000 00:00:1775549739.451116      41 computation_placer.cc:177] computation placer already registered. Please check linkage and avoid linking the same target more than once.
W0000 00:00:1775549739.451118      39 computation_placer.cc:177] computation placer already registered. Please check linkage and avoid linking the same target more than once.
W0000 00:00:1775549739.451120      38 computation_placer.cc:177] computation placer already registered. Please check linkage and avoid linking the same target more than once.
W0000 00:00:1775549739.451123      38 computation_placer.cc:177] computation placer already registered. Please check linkage and avoid linking the same target more than once.
W0000 00:00:1775549739.451125      38 computation_placer.cc:177] computation placer already registered. Please check linkage and avoid linking the same target more than once.
W0000 00:00:1775549764.973863      40 gpu_device.cc:2341] Cannot dlopen some GPU libraries. Please make sure the missing libraries mentioned above are installed properly if you would like to use GPU. Follow the guide at https://www.tensorflow.org/install/gpu for how to download and setup the required libraries for your platform.
Skipping registering GPU devices...
W0000 00:00:1775549764.973889      39 gpu_device.cc:2341] Cannot dlopen some GPU libraries. Please make sure the missing libraries mentioned above are installed properly if you would like to use GPU. Follow the guide at https://www.tensorflow.org/install/gpu for how to download and setup the required libraries for your platform.
Skipping registering GPU devices...
W0000 00:00:1775549765.104801      41 gpu_device.cc:2341] Cannot dlopen some GPU libraries. Please make sure the missing libraries mentioned above are installed properly if you would like to use GPU. Follow the guide at https://www.tensorflow.org/install/gpu for how to download and setup the required libraries for your platform.
Skipping registering GPU devices...
W0000 00:00:1775549765.105694      38 gpu_device.cc:2341] Cannot dlopen some GPU libraries. Please make sure the missing libraries mentioned above are installed properly if you would like to use GPU. Follow the guide at https://www.tensorflow.org/install/gpu for how to download and setup the required libraries for your platform.
Skipping registering GPU devices...
/usr/local/lib/python3.11/site-packages/torch/__init__.py:1617: UserWarning: Please use the new API settings to control TF32 behavior, such as torch.backends.cudnn.conv.fp32_precision = 'tf32' or torch.backends.cuda.matmul.fp32_precision = 'ieee'. Old settings, e.g, torch.backends.cuda.matmul.allow_tf32 = True, torch.backends.cudnn.allow_tf32 = True, allowTF32CuDNN() and allowTF32CuBLAS() will be deprecated after Pytorch 2.9. Please see https://pytorch.org/docs/main/notes/cuda.html#tensorfloat-32-tf32-on-ampere-and-later-devices (Triggered internally at /pytorch/aten/src/ATen/Context.cpp:80.)
  _C._set_float32_matmul_precision(precision)
/usr/local/lib/python3.11/site-packages/torch/__init__.py:1617: UserWarning: Please use the new API settings to control TF32 behavior, such as torch.backends.cudnn.conv.fp32_precision = 'tf32' or torch.backends.cuda.matmul.fp32_precision = 'ieee'. Old settings, e.g, torch.backends.cuda.matmul.allow_tf32 = True, torch.backends.cudnn.allow_tf32 = True, allowTF32CuDNN() and allowTF32CuBLAS() will be deprecated after Pytorch 2.9. Please see https://pytorch.org/docs/main/notes/cuda.html#tensorfloat-32-tf32-on-ampere-and-later-devices (Triggered internally at /pytorch/aten/src/ATen/Context.cpp:80.)
  _C._set_float32_matmul_precision(precision)
/usr/local/lib/python3.11/site-packages/torch/__init__.py:1617: UserWarning: Please use the new API settings to control TF32 behavior, such as torch.backends.cudnn.conv.fp32_precision = 'tf32' or torch.backends.cuda.matmul.fp32_precision = 'ieee'. Old settings, e.g, torch.backends.cuda.matmul.allow_tf32 = True, torch.backends.cudnn.allow_tf32 = True, allowTF32CuDNN() and allowTF32CuBLAS() will be deprecated after Pytorch 2.9. Please see https://pytorch.org/docs/main/notes/cuda.html#tensorfloat-32-tf32-on-ampere-and-later-devices (Triggered internally at /pytorch/aten/src/ATen/Context.cpp:80.)
  _C._set_float32_matmul_precision(precision)
/usr/local/lib/python3.11/site-packages/torch/__init__.py:1617: UserWarning: Please use the new API settings to control TF32 behavior, such as torch.backends.cudnn.conv.fp32_precision = 'tf32' or torch.backends.cuda.matmul.fp32_precision = 'ieee'. Old settings, e.g, torch.backends.cuda.matmul.allow_tf32 = True, torch.backends.cudnn.allow_tf32 = True, allowTF32CuDNN() and allowTF32CuBLAS() will be deprecated after Pytorch 2.9. Please see https://pytorch.org/docs/main/notes/cuda.html#tensorfloat-32-tf32-on-ampere-and-later-devices (Triggered internally at /pytorch/aten/src/ATen/Context.cpp:80.)
  _C._set_float32_matmul_precision(precision)
/usr/local/lib/python3.11/site-packages/pydantic/_internal/_generate_schema.py:2249: UnsupportedFieldAttributeWarning: The 'repr' attribute with value False was provided to the `Field()` function, which has no effect in the context it was used. 'repr' is field-specific metadata, and can only be attached to a model field using `Annotated` metadata or by assignment. This may have happened because an `Annotated` type alias using the `type` statement was used, or if the `Field()` function was attached to a single member of a union type.
  warnings.warn(
/usr/local/lib/python3.11/site-packages/pydantic/_internal/_generate_schema.py:2249: UnsupportedFieldAttributeWarning: The 'repr' attribute with value False was provided to the `Field()` function, which has no effect in the context it was used. 'repr' is field-specific metadata, and can only be attached to a model field using `Annotated` metadata or by assignment. This may have happened because an `Annotated` type alias using the `type` statement was used, or if the `Field()` function was attached to a single member of a union type.
  warnings.warn(
/usr/local/lib/python3.11/site-packages/pydantic/_internal/_generate_schema.py:2249: UnsupportedFieldAttributeWarning: The 'repr' attribute with value False was provided to the `Field()` function, which has no effect in the context it was used. 'repr' is field-specific metadata, and can only be attached to a model field using `Annotated` metadata or by assignment. This may have happened because an `Annotated` type alias using the `type` statement was used, or if the `Field()` function was attached to a single member of a union type.
  warnings.warn(
/usr/local/lib/python3.11/site-packages/pydantic/_internal/_generate_schema.py:2249: UnsupportedFieldAttributeWarning: The 'repr' attribute with value False was provided to the `Field()` function, which has no effect in the context it was used. 'repr' is field-specific metadata, and can only be attached to a model field using `Annotated` metadata or by assignment. This may have happened because an `Annotated` type alias using the `type` statement was used, or if the `Field()` function was attached to a single member of a union type.
  warnings.warn(
/usr/local/lib/python3.11/site-packages/pydantic/_internal/_generate_schema.py:2249: UnsupportedFieldAttributeWarning: The 'frozen' attribute with value True was provided to the `Field()` function, which has no effect in the context it was used. 'frozen' is field-specific metadata, and can only be attached to a model field using `Annotated` metadata or by assignment. This may have happened because an `Annotated` type alias using the `type` statement was used, or if the `Field()` function was attached to a single member of a union type.
  warnings.warn(
/usr/local/lib/python3.11/site-packages/pydantic/_internal/_generate_schema.py:2249: UnsupportedFieldAttributeWarning: The 'frozen' attribute with value True was provided to the `Field()` function, which has no effect in the context it was used. 'frozen' is field-specific metadata, and can only be attached to a model field using `Annotated` metadata or by assignment. This may have happened because an `Annotated` type alias using the `type` statement was used, or if the `Field()` function was attached to a single member of a union type.
  warnings.warn(
/usr/local/lib/python3.11/site-packages/pydantic/_internal/_generate_schema.py:2249: UnsupportedFieldAttributeWarning: The 'frozen' attribute with value True was provided to the `Field()` function, which has no effect in the context it was used. 'frozen' is field-specific metadata, and can only be attached to a model field using `Annotated` metadata or by assignment. This may have happened because an `Annotated` type alias using the `type` statement was used, or if the `Field()` function was attached to a single member of a union type.
  warnings.warn(
/usr/local/lib/python3.11/site-packages/pydantic/_internal/_generate_schema.py:2249: UnsupportedFieldAttributeWarning: The 'frozen' attribute with value True was provided to the `Field()` function, which has no effect in the context it was used. 'frozen' is field-specific metadata, and can only be attached to a model field using `Annotated` metadata or by assignment. This may have happened because an `Annotated` type alias using the `type` statement was used, or if the `Field()` function was attached to a single member of a union type.
  warnings.warn(
/usr/local/lib/python3.11/site-packages/torch/distributed/distributed_c10d.py:4876: UserWarning: barrier(): using the device under current context. You can specify `device_id` in `init_process_group` to mute this warning.
  warnings.warn(  # warn only once
[rank0]:[W407 08:16:13.132059291 ProcessGroupNCCL.cpp:5068] Guessing device ID based on global rank. This can cause a hang if rank to GPU mapping is heterogeneous. You can specify device_id in init_process_group()
I0407 08:16:15.530694 140191095542976 logger_utils.py:84] Creating experiment directory at /experiment_runs/submissions_a100/lion/study_2/librispeech_deepspeech_pytorch.
I0407 08:16:15.530692 140445413196992 logger_utils.py:84] Creating experiment directory at /experiment_runs/submissions_a100/lion/study_2/librispeech_deepspeech_pytorch.
I0407 08:16:15.530691 139839922267328 logger_utils.py:84] Creating experiment directory at /experiment_runs/submissions_a100/lion/study_2/librispeech_deepspeech_pytorch.
I0407 08:16:15.530711 140195883574464 logger_utils.py:84] Creating experiment directory at /experiment_runs/submissions_a100/lion/study_2/librispeech_deepspeech_pytorch.
I0407 08:16:15.806143 140191095542976 submission_runner.py:741] Creating directory at /experiment_runs/submissions_a100/lion/study_2/librispeech_deepspeech_pytorch/trial_1.
I0407 08:16:16.082365 140191095542976 submission_runner.py:242] Initializing dataset.
I0407 08:16:16.082554 140191095542976 input_pipeline.py:19] Loading split = train-clean-100
I0407 08:16:16.136568 140191095542976 input_pipeline.py:19] Loading split = train-clean-360
I0407 08:16:16.297874 140191095542976 input_pipeline.py:19] Loading split = train-other-500
I0407 08:16:16.840312 140191095542976 submission_runner.py:251] Initializing model.
W0407 08:16:29.900524 140195883574464 submission_runner.py:273] These workloads cannot be fully compiled under current PyTorch version. Proceeding without `torch.compile`.
W0407 08:16:29.901744 140445413196992 submission_runner.py:273] These workloads cannot be fully compiled under current PyTorch version. Proceeding without `torch.compile`.
W0407 08:16:29.901958 139839922267328 submission_runner.py:273] These workloads cannot be fully compiled under current PyTorch version. Proceeding without `torch.compile`.
W0407 08:16:29.902068 140191095542976 submission_runner.py:273] These workloads cannot be fully compiled under current PyTorch version. Proceeding without `torch.compile`.
I0407 08:16:33.686151 140191095542976 submission_runner.py:294] Initializing optimizer.
I0407 08:16:33.686740 140191095542976 submission_runner.py:299] Initializing metrics bundle.
I0407 08:16:33.686882 140191095542976 submission_runner.py:321] Initializing checkpoint and logger.
I0407 08:16:33.690673 140191095542976 submission_runner.py:344] Saving meta data to /experiment_runs/submissions_a100/lion/study_2/librispeech_deepspeech_pytorch/trial_1/meta_data_0.json.
I0407 08:16:33.690778 140195883574464 logger_utils.py:283] Unable to record workload.train_mean information. Continuing without it.
I0407 08:16:33.690794 139839922267328 logger_utils.py:283] Unable to record workload.train_mean information. Continuing without it.
I0407 08:16:33.690798 140445413196992 logger_utils.py:283] Unable to record workload.train_mean information. Continuing without it.
I0407 08:16:33.690900 140191095542976 logger_utils.py:283] Unable to record workload.train_mean information. Continuing without it.
I0407 08:16:33.690958 140191095542976 logger_utils.py:283] Unable to record workload.train_stddev information. Continuing without it.
I0407 08:16:33.690947 140195883574464 logger_utils.py:283] Unable to record workload.train_stddev information. Continuing without it.
I0407 08:16:33.690958 139839922267328 logger_utils.py:283] Unable to record workload.train_stddev information. Continuing without it.
I0407 08:16:33.690963 140445413196992 logger_utils.py:283] Unable to record workload.train_stddev information. Continuing without it.
I0407 08:16:34.168151 140191095542976 submission_runner.py:348] Saving flags to /experiment_runs/submissions_a100/lion/study_2/librispeech_deepspeech_pytorch/trial_1/flags_0.json.
I0407 08:16:34.188097 140191095542976 submission_runner.py:359] Starting training loop.
/usr/local/lib/python3.11/multiprocessing/popen_fork.py:66: RuntimeWarning: os.fork() was called. os.fork() is incompatible with multithreaded code, and JAX is multithreaded, so this will likely lead to a deadlock.
  self.pid = os.fork()
/usr/local/lib/python3.11/multiprocessing/popen_fork.py:66: RuntimeWarning: os.fork() was called. os.fork() is incompatible with multithreaded code, and JAX is multithreaded, so this will likely lead to a deadlock.
  self.pid = os.fork()
/usr/local/lib/python3.11/multiprocessing/popen_fork.py:66: RuntimeWarning: os.fork() was called. os.fork() is incompatible with multithreaded code, and JAX is multithreaded, so this will likely lead to a deadlock.
  self.pid = os.fork()
/usr/local/lib/python3.11/multiprocessing/popen_fork.py:66: RuntimeWarning: os.fork() was called. os.fork() is incompatible with multithreaded code, and JAX is multithreaded, so this will likely lead to a deadlock.
  self.pid = os.fork()
/algorithmic-efficiency/algoperf/workloads/librispeech_conformer/librispeech_pytorch/preprocessor.py:516: UserWarning: Specified kernel cache directory could not be created! This disables kernel caching. Specified directory is /root/.cache/torch/kernels. This warning will appear only once per process. (Triggered internally at /pytorch/aten/src/ATen/native/cuda/jit_utils.cpp:1487.)
  spectrum = torch.abs(spectrum)
/algorithmic-efficiency/algoperf/workloads/librispeech_conformer/librispeech_pytorch/preprocessor.py:516: UserWarning: Specified kernel cache directory could not be created! This disables kernel caching. Specified directory is /root/.cache/torch/kernels. This warning will appear only once per process. (Triggered internally at /pytorch/aten/src/ATen/native/cuda/jit_utils.cpp:1487.)
  spectrum = torch.abs(spectrum)
I0407 08:17:33.094225 140173044074240 logging_writer.py:48] [0] global_step=0, grad_norm=24.0045, loss=33.5734
I0407 08:17:33.387444 140191095542976 submission.py:218] 0) loss = 33.573, grad_norm = 24.005
I0407 08:17:34.022687 140191095542976 spec.py:333] Evaluating on the training split.
I0407 08:17:34.023771 140191095542976 input_pipeline.py:19] Loading split = train-clean-100
I0407 08:17:34.049456 140191095542976 input_pipeline.py:19] Loading split = train-clean-360
I0407 08:17:34.142783 140191095542976 input_pipeline.py:19] Loading split = train-other-500
/usr/local/lib/python3.11/multiprocessing/popen_fork.py:66: RuntimeWarning: os.fork() was called. os.fork() is incompatible with multithreaded code, and JAX is multithreaded, so this will likely lead to a deadlock.
  self.pid = os.fork()
/usr/local/lib/python3.11/multiprocessing/popen_fork.py:66: RuntimeWarning: os.fork() was called. os.fork() is incompatible with multithreaded code, and JAX is multithreaded, so this will likely lead to a deadlock.
  self.pid = os.fork()
/usr/local/lib/python3.11/multiprocessing/popen_fork.py:66: RuntimeWarning: os.fork() was called. os.fork() is incompatible with multithreaded code, and JAX is multithreaded, so this will likely lead to a deadlock.
  self.pid = os.fork()
/usr/local/lib/python3.11/multiprocessing/popen_fork.py:66: RuntimeWarning: os.fork() was called. os.fork() is incompatible with multithreaded code, and JAX is multithreaded, so this will likely lead to a deadlock.
  self.pid = os.fork()
I0407 08:18:09.789085 140191095542976 spec.py:346] Evaluating on the validation split.
I0407 08:18:09.790258 140191095542976 input_pipeline.py:19] Loading split = dev-clean
I0407 08:18:09.793363 140191095542976 input_pipeline.py:19] Loading split = dev-other
/usr/local/lib/python3.11/multiprocessing/popen_fork.py:66: RuntimeWarning: os.fork() was called. os.fork() is incompatible with multithreaded code, and JAX is multithreaded, so this will likely lead to a deadlock.
  self.pid = os.fork()
/usr/local/lib/python3.11/multiprocessing/popen_fork.py:66: RuntimeWarning: os.fork() was called. os.fork() is incompatible with multithreaded code, and JAX is multithreaded, so this will likely lead to a deadlock.
  self.pid = os.fork()
/usr/local/lib/python3.11/multiprocessing/popen_fork.py:66: RuntimeWarning: os.fork() was called. os.fork() is incompatible with multithreaded code, and JAX is multithreaded, so this will likely lead to a deadlock.
  self.pid = os.fork()
/usr/local/lib/python3.11/multiprocessing/popen_fork.py:66: RuntimeWarning: os.fork() was called. os.fork() is incompatible with multithreaded code, and JAX is multithreaded, so this will likely lead to a deadlock.
  self.pid = os.fork()
I0407 08:18:36.239635 140191095542976 spec.py:363] Evaluating on the test split.
I0407 08:18:36.240733 140191095542976 input_pipeline.py:19] Loading split = test-clean
/usr/local/lib/python3.11/multiprocessing/popen_fork.py:66: RuntimeWarning: os.fork() was called. os.fork() is incompatible with multithreaded code, and JAX is multithreaded, so this will likely lead to a deadlock.
  self.pid = os.fork()
/usr/local/lib/python3.11/multiprocessing/popen_fork.py:66: RuntimeWarning: os.fork() was called. os.fork() is incompatible with multithreaded code, and JAX is multithreaded, so this will likely lead to a deadlock.
  self.pid = os.fork()
/usr/local/lib/python3.11/multiprocessing/popen_fork.py:66: RuntimeWarning: os.fork() was called. os.fork() is incompatible with multithreaded code, and JAX is multithreaded, so this will likely lead to a deadlock.
  self.pid = os.fork()
/usr/local/lib/python3.11/multiprocessing/popen_fork.py:66: RuntimeWarning: os.fork() was called. os.fork() is incompatible with multithreaded code, and JAX is multithreaded, so this will likely lead to a deadlock.
  self.pid = os.fork()
I0407 08:18:48.435129 140191095542976 submission_runner.py:516] Time since start: 134.25s, 	Step: 1, 	{'train/ctc_loss': 31.92013901814207, 'train/wer': 2.1760725519656696, 'validation/ctc_loss': 30.713055053244926, 'validation/wer': 2.1341862598368175, 'validation/num_examples': 5348, 'test/ctc_loss': 30.93411187818569, 'test/wer': 2.067129770682266, 'test/num_examples': 2472, 'score': 59.20120620727539, 'total_duration': 134.24669790267944, 'accumulated_submission_time': 59.20120620727539, 'accumulated_eval_time': 74.4120876789093, 'accumulated_logging_time': 0}
I0407 08:18:48.513297 140172163249920 logging_writer.py:48] [1] accumulated_eval_time=74.4121, accumulated_logging_time=0, accumulated_submission_time=59.2012, global_step=1, preemption_count=0, score=59.2012, test/ctc_loss=30.9341, test/num_examples=2472, test/wer=2.06713, total_duration=134.247, train/ctc_loss=31.9201, train/wer=2.17607, validation/ctc_loss=30.7131, validation/num_examples=5348, validation/wer=2.13419
I0407 08:18:49.881414 140172154857216 logging_writer.py:48] [1] global_step=1, grad_norm=23.7439, loss=33.0145
I0407 08:18:49.884493 140191095542976 submission.py:218] 1) loss = 33.015, grad_norm = 23.744
I0407 08:18:50.443469 140172163249920 logging_writer.py:48] [2] global_step=2, grad_norm=22.6508, loss=33.5377
I0407 08:18:50.446942 140191095542976 submission.py:218] 2) loss = 33.538, grad_norm = 22.651
I0407 08:18:51.007044 140172154857216 logging_writer.py:48] [3] global_step=3, grad_norm=24.047, loss=33.4705
I0407 08:18:51.010261 140191095542976 submission.py:218] 3) loss = 33.471, grad_norm = 24.047
I0407 08:18:51.564281 140172163249920 logging_writer.py:48] [4] global_step=4, grad_norm=22.5107, loss=33.0798
I0407 08:18:51.567532 140191095542976 submission.py:218] 4) loss = 33.080, grad_norm = 22.511
I0407 08:18:52.125717 140172154857216 logging_writer.py:48] [5] global_step=5, grad_norm=23.8722, loss=33.2867
I0407 08:18:52.129028 140191095542976 submission.py:218] 5) loss = 33.287, grad_norm = 23.872
I0407 08:18:52.689574 140172163249920 logging_writer.py:48] [6] global_step=6, grad_norm=26.7875, loss=33.4471
I0407 08:18:52.692818 140191095542976 submission.py:218] 6) loss = 33.447, grad_norm = 26.787
I0407 08:18:53.250775 140172154857216 logging_writer.py:48] [7] global_step=7, grad_norm=23.138, loss=32.5128
I0407 08:18:53.254164 140191095542976 submission.py:218] 7) loss = 32.513, grad_norm = 23.138
I0407 08:18:53.804248 140172163249920 logging_writer.py:48] [8] global_step=8, grad_norm=25.2503, loss=32.8991
I0407 08:18:53.807435 140191095542976 submission.py:218] 8) loss = 32.899, grad_norm = 25.250
I0407 08:18:55.364534 140172154857216 logging_writer.py:48] [9] global_step=9, grad_norm=27.8323, loss=32.5202
I0407 08:18:55.367945 140191095542976 submission.py:218] 9) loss = 32.520, grad_norm = 27.832
I0407 08:18:55.981073 140172163249920 logging_writer.py:48] [10] global_step=10, grad_norm=29.1769, loss=32.4728
I0407 08:18:55.984300 140191095542976 submission.py:218] 10) loss = 32.473, grad_norm = 29.177
I0407 08:18:56.715569 140172154857216 logging_writer.py:48] [11] global_step=11, grad_norm=30.3097, loss=32.6255
I0407 08:18:56.718895 140191095542976 submission.py:218] 11) loss = 32.626, grad_norm = 30.310
I0407 08:18:57.284611 140172163249920 logging_writer.py:48] [12] global_step=12, grad_norm=30.8771, loss=32.7842
I0407 08:18:57.287879 140191095542976 submission.py:218] 12) loss = 32.784, grad_norm = 30.877
I0407 08:19:01.037538 140172154857216 logging_writer.py:48] [13] global_step=13, grad_norm=32.712, loss=32.3042
I0407 08:19:01.040846 140191095542976 submission.py:218] 13) loss = 32.304, grad_norm = 32.712
I0407 08:19:01.607452 140172163249920 logging_writer.py:48] [14] global_step=14, grad_norm=34.2816, loss=32.1799
I0407 08:19:01.610832 140191095542976 submission.py:218] 14) loss = 32.180, grad_norm = 34.282
I0407 08:19:02.387579 140172154857216 logging_writer.py:48] [15] global_step=15, grad_norm=31.7882, loss=31.2883
I0407 08:19:02.390979 140191095542976 submission.py:218] 15) loss = 31.288, grad_norm = 31.788
I0407 08:19:02.947918 140172163249920 logging_writer.py:48] [16] global_step=16, grad_norm=33.8607, loss=31.7475
I0407 08:19:02.951329 140191095542976 submission.py:218] 16) loss = 31.748, grad_norm = 33.861
I0407 08:19:06.485641 140172154857216 logging_writer.py:48] [17] global_step=17, grad_norm=35.7166, loss=31.3923
I0407 08:19:06.488976 140191095542976 submission.py:218] 17) loss = 31.392, grad_norm = 35.717
I0407 08:19:07.041453 140172163249920 logging_writer.py:48] [18] global_step=18, grad_norm=36.0556, loss=31.079
I0407 08:19:07.044569 140191095542976 submission.py:218] 18) loss = 31.079, grad_norm = 36.056
I0407 08:19:07.610065 140172154857216 logging_writer.py:48] [19] global_step=19, grad_norm=35.0248, loss=30.6755
I0407 08:19:07.613314 140191095542976 submission.py:218] 19) loss = 30.675, grad_norm = 35.025
I0407 08:19:08.177501 140172163249920 logging_writer.py:48] [20] global_step=20, grad_norm=34.8394, loss=30.1888
I0407 08:19:08.180656 140191095542976 submission.py:218] 20) loss = 30.189, grad_norm = 34.839
I0407 08:19:12.060681 140172154857216 logging_writer.py:48] [21] global_step=21, grad_norm=35.6699, loss=30.1711
I0407 08:19:12.063781 140191095542976 submission.py:218] 21) loss = 30.171, grad_norm = 35.670
I0407 08:19:12.622530 140172163249920 logging_writer.py:48] [22] global_step=22, grad_norm=35.4778, loss=30.4246
I0407 08:19:12.625861 140191095542976 submission.py:218] 22) loss = 30.425, grad_norm = 35.478
I0407 08:19:13.233418 140172154857216 logging_writer.py:48] [23] global_step=23, grad_norm=34.6588, loss=29.3833
I0407 08:19:13.236640 140191095542976 submission.py:218] 23) loss = 29.383, grad_norm = 34.659
I0407 08:19:13.791404 140172163249920 logging_writer.py:48] [24] global_step=24, grad_norm=35.158, loss=29.4023
I0407 08:19:13.794664 140191095542976 submission.py:218] 24) loss = 29.402, grad_norm = 35.158
I0407 08:19:17.445043 140172154857216 logging_writer.py:48] [25] global_step=25, grad_norm=35.1174, loss=28.9518
I0407 08:19:17.448320 140191095542976 submission.py:218] 25) loss = 28.952, grad_norm = 35.117
I0407 08:19:17.996712 140172163249920 logging_writer.py:48] [26] global_step=26, grad_norm=34.9625, loss=28.8556
I0407 08:19:17.999835 140191095542976 submission.py:218] 26) loss = 28.856, grad_norm = 34.963
I0407 08:19:18.925929 140172154857216 logging_writer.py:48] [27] global_step=27, grad_norm=34.169, loss=28.7802
I0407 08:19:18.929192 140191095542976 submission.py:218] 27) loss = 28.780, grad_norm = 34.169
I0407 08:19:19.488930 140172163249920 logging_writer.py:48] [28] global_step=28, grad_norm=33.5491, loss=28.11
I0407 08:19:19.492158 140191095542976 submission.py:218] 28) loss = 28.110, grad_norm = 33.549
I0407 08:19:23.051119 140172154857216 logging_writer.py:48] [29] global_step=29, grad_norm=32.6649, loss=27.3584
I0407 08:19:23.054347 140191095542976 submission.py:218] 29) loss = 27.358, grad_norm = 32.665
I0407 08:19:23.794575 140172163249920 logging_writer.py:48] [30] global_step=30, grad_norm=32.768, loss=27.3813
I0407 08:19:23.797806 140191095542976 submission.py:218] 30) loss = 27.381, grad_norm = 32.768
I0407 08:19:24.359815 140172154857216 logging_writer.py:48] [31] global_step=31, grad_norm=31.7362, loss=27.0552
I0407 08:19:24.362935 140191095542976 submission.py:218] 31) loss = 27.055, grad_norm = 31.736
I0407 08:19:25.223481 140172163249920 logging_writer.py:48] [32] global_step=32, grad_norm=31.249, loss=26.661
I0407 08:19:25.226837 140191095542976 submission.py:218] 32) loss = 26.661, grad_norm = 31.249
I0407 08:19:29.140178 140172154857216 logging_writer.py:48] [33] global_step=33, grad_norm=30.6895, loss=26.6386
I0407 08:19:29.143312 140191095542976 submission.py:218] 33) loss = 26.639, grad_norm = 30.690
I0407 08:19:29.700634 140172163249920 logging_writer.py:48] [34] global_step=34, grad_norm=30.2561, loss=26.273
I0407 08:19:29.703875 140191095542976 submission.py:218] 34) loss = 26.273, grad_norm = 30.256
I0407 08:19:30.255943 140172154857216 logging_writer.py:48] [35] global_step=35, grad_norm=29.4608, loss=25.8932
I0407 08:19:30.259237 140191095542976 submission.py:218] 35) loss = 25.893, grad_norm = 29.461
I0407 08:19:30.815819 140172163249920 logging_writer.py:48] [36] global_step=36, grad_norm=29.0611, loss=25.5713
I0407 08:19:30.819314 140191095542976 submission.py:218] 36) loss = 25.571, grad_norm = 29.061
I0407 08:19:34.509666 140172154857216 logging_writer.py:48] [37] global_step=37, grad_norm=27.5789, loss=24.6391
I0407 08:19:34.513031 140191095542976 submission.py:218] 37) loss = 24.639, grad_norm = 27.579
I0407 08:19:35.075194 140172163249920 logging_writer.py:48] [38] global_step=38, grad_norm=27.9103, loss=24.822
I0407 08:19:35.078401 140191095542976 submission.py:218] 38) loss = 24.822, grad_norm = 27.910
I0407 08:19:35.630173 140172154857216 logging_writer.py:48] [39] global_step=39, grad_norm=26.6194, loss=24.6737
I0407 08:19:35.633443 140191095542976 submission.py:218] 39) loss = 24.674, grad_norm = 26.619
I0407 08:19:36.186133 140172163249920 logging_writer.py:48] [40] global_step=40, grad_norm=25.7208, loss=24.456
I0407 08:19:36.189398 140191095542976 submission.py:218] 40) loss = 24.456, grad_norm = 25.721
I0407 08:19:39.798382 140172154857216 logging_writer.py:48] [41] global_step=41, grad_norm=25.1447, loss=23.7429
I0407 08:19:39.801735 140191095542976 submission.py:218] 41) loss = 23.743, grad_norm = 25.145
I0407 08:19:40.367295 140172163249920 logging_writer.py:48] [42] global_step=42, grad_norm=23.685, loss=23.6454
I0407 08:19:40.370552 140191095542976 submission.py:218] 42) loss = 23.645, grad_norm = 23.685
I0407 08:19:40.927042 140172154857216 logging_writer.py:48] [43] global_step=43, grad_norm=22.8272, loss=23.203
I0407 08:19:40.930322 140191095542976 submission.py:218] 43) loss = 23.203, grad_norm = 22.827
I0407 08:19:41.502151 140172163249920 logging_writer.py:48] [44] global_step=44, grad_norm=22.8508, loss=22.8068
I0407 08:19:41.505381 140191095542976 submission.py:218] 44) loss = 22.807, grad_norm = 22.851
I0407 08:19:45.284538 140172154857216 logging_writer.py:48] [45] global_step=45, grad_norm=21.7388, loss=22.5867
I0407 08:19:45.287901 140191095542976 submission.py:218] 45) loss = 22.587, grad_norm = 21.739
I0407 08:19:45.843450 140172163249920 logging_writer.py:48] [46] global_step=46, grad_norm=21.0248, loss=22.1323
I0407 08:19:45.847438 140191095542976 submission.py:218] 46) loss = 22.132, grad_norm = 21.025
I0407 08:19:46.400258 140172154857216 logging_writer.py:48] [47] global_step=47, grad_norm=20.7166, loss=21.8328
I0407 08:19:46.403466 140191095542976 submission.py:218] 47) loss = 21.833, grad_norm = 20.717
I0407 08:19:46.953385 140172163249920 logging_writer.py:48] [48] global_step=48, grad_norm=21.2512, loss=22.161
I0407 08:19:46.956620 140191095542976 submission.py:218] 48) loss = 22.161, grad_norm = 21.251
I0407 08:19:50.502765 140172154857216 logging_writer.py:48] [49] global_step=49, grad_norm=20.2878, loss=21.9819
I0407 08:19:50.506083 140191095542976 submission.py:218] 49) loss = 21.982, grad_norm = 20.288
I0407 08:19:51.567821 140172163249920 logging_writer.py:48] [50] global_step=50, grad_norm=19.7305, loss=20.9045
I0407 08:19:51.571178 140191095542976 submission.py:218] 50) loss = 20.905, grad_norm = 19.731
I0407 08:19:52.123355 140172154857216 logging_writer.py:48] [51] global_step=51, grad_norm=19.9901, loss=20.6206
I0407 08:19:52.126577 140191095542976 submission.py:218] 51) loss = 20.621, grad_norm = 19.990
I0407 08:19:52.684546 140172163249920 logging_writer.py:48] [52] global_step=52, grad_norm=18.873, loss=20.3661
I0407 08:19:52.687812 140191095542976 submission.py:218] 52) loss = 20.366, grad_norm = 18.873
I0407 08:19:55.872338 140172154857216 logging_writer.py:48] [53] global_step=53, grad_norm=18.5618, loss=20.2029
I0407 08:19:55.875773 140191095542976 submission.py:218] 53) loss = 20.203, grad_norm = 18.562
I0407 08:19:56.684453 140172163249920 logging_writer.py:48] [54] global_step=54, grad_norm=19.6291, loss=20.5322
I0407 08:19:56.687701 140191095542976 submission.py:218] 54) loss = 20.532, grad_norm = 19.629
I0407 08:19:57.288446 140172154857216 logging_writer.py:48] [55] global_step=55, grad_norm=19.0396, loss=19.9426
I0407 08:19:57.291793 140191095542976 submission.py:218] 55) loss = 19.943, grad_norm = 19.040
I0407 08:19:57.848584 140172163249920 logging_writer.py:48] [56] global_step=56, grad_norm=18.8703, loss=19.7353
I0407 08:19:57.851803 140191095542976 submission.py:218] 56) loss = 19.735, grad_norm = 18.870
I0407 08:20:01.410030 140172154857216 logging_writer.py:48] [57] global_step=57, grad_norm=18.9956, loss=19.5082
I0407 08:20:01.413410 140191095542976 submission.py:218] 57) loss = 19.508, grad_norm = 18.996
I0407 08:20:01.961440 140172163249920 logging_writer.py:48] [58] global_step=58, grad_norm=18.8186, loss=19.2022
I0407 08:20:01.964692 140191095542976 submission.py:218] 58) loss = 19.202, grad_norm = 18.819
I0407 08:20:02.585868 140172154857216 logging_writer.py:48] [59] global_step=59, grad_norm=19.9279, loss=19.0364
I0407 08:20:02.589241 140191095542976 submission.py:218] 59) loss = 19.036, grad_norm = 19.928
I0407 08:20:03.143456 140172163249920 logging_writer.py:48] [60] global_step=60, grad_norm=19.1571, loss=17.9692
I0407 08:20:03.146732 140191095542976 submission.py:218] 60) loss = 17.969, grad_norm = 19.157
I0407 08:20:07.044539 140172154857216 logging_writer.py:48] [61] global_step=61, grad_norm=18.4486, loss=17.869
I0407 08:20:07.047991 140191095542976 submission.py:218] 61) loss = 17.869, grad_norm = 18.449
I0407 08:20:07.598472 140172163249920 logging_writer.py:48] [62] global_step=62, grad_norm=19.3816, loss=17.7292
I0407 08:20:07.601671 140191095542976 submission.py:218] 62) loss = 17.729, grad_norm = 19.382
I0407 08:20:08.737604 140172154857216 logging_writer.py:48] [63] global_step=63, grad_norm=18.8295, loss=17.5956
I0407 08:20:08.740815 140191095542976 submission.py:218] 63) loss = 17.596, grad_norm = 18.829
I0407 08:20:09.290070 140172163249920 logging_writer.py:48] [64] global_step=64, grad_norm=18.2819, loss=17.1006
I0407 08:20:09.293288 140191095542976 submission.py:218] 64) loss = 17.101, grad_norm = 18.282
I0407 08:20:12.699930 140172154857216 logging_writer.py:48] [65] global_step=65, grad_norm=20.2034, loss=16.821
I0407 08:20:12.704974 140191095542976 submission.py:218] 65) loss = 16.821, grad_norm = 20.203
I0407 08:20:13.261666 140172163249920 logging_writer.py:48] [66] global_step=66, grad_norm=18.5486, loss=16.0392
I0407 08:20:13.264877 140191095542976 submission.py:218] 66) loss = 16.039, grad_norm = 18.549
I0407 08:20:14.315757 140172154857216 logging_writer.py:48] [67] global_step=67, grad_norm=18.1904, loss=15.7701
I0407 08:20:14.319186 140191095542976 submission.py:218] 67) loss = 15.770, grad_norm = 18.190
I0407 08:20:14.887611 140172163249920 logging_writer.py:48] [68] global_step=68, grad_norm=18.0118, loss=15.4684
I0407 08:20:14.890967 140191095542976 submission.py:218] 68) loss = 15.468, grad_norm = 18.012
I0407 08:20:18.367708 140172154857216 logging_writer.py:48] [69] global_step=69, grad_norm=18.0659, loss=15.6616
I0407 08:20:18.371016 140191095542976 submission.py:218] 69) loss = 15.662, grad_norm = 18.066
I0407 08:20:18.922986 140172163249920 logging_writer.py:48] [70] global_step=70, grad_norm=17.2983, loss=14.9005
I0407 08:20:18.926241 140191095542976 submission.py:218] 70) loss = 14.901, grad_norm = 17.298
I0407 08:20:19.637607 140172154857216 logging_writer.py:48] [71] global_step=71, grad_norm=17.022, loss=14.9083
I0407 08:20:19.640769 140191095542976 submission.py:218] 71) loss = 14.908, grad_norm = 17.022
I0407 08:20:20.191397 140172163249920 logging_writer.py:48] [72] global_step=72, grad_norm=16.4194, loss=14.2231
I0407 08:20:20.194578 140191095542976 submission.py:218] 72) loss = 14.223, grad_norm = 16.419
I0407 08:20:23.190562 140172154857216 logging_writer.py:48] [73] global_step=73, grad_norm=16.6301, loss=14.0771
I0407 08:20:23.194008 140191095542976 submission.py:218] 73) loss = 14.077, grad_norm = 16.630
I0407 08:20:23.755089 140172163249920 logging_writer.py:48] [74] global_step=74, grad_norm=15.4765, loss=13.6137
I0407 08:20:23.758346 140191095542976 submission.py:218] 74) loss = 13.614, grad_norm = 15.477
I0407 08:20:25.091601 140172154857216 logging_writer.py:48] [75] global_step=75, grad_norm=15.634, loss=13.5163
I0407 08:20:25.094805 140191095542976 submission.py:218] 75) loss = 13.516, grad_norm = 15.634
I0407 08:20:25.663424 140172163249920 logging_writer.py:48] [76] global_step=76, grad_norm=14.7488, loss=13.1474
I0407 08:20:25.671214 140191095542976 submission.py:218] 76) loss = 13.147, grad_norm = 14.749
I0407 08:20:28.416431 140172154857216 logging_writer.py:48] [77] global_step=77, grad_norm=14.0482, loss=13.1792
I0407 08:20:28.419803 140191095542976 submission.py:218] 77) loss = 13.179, grad_norm = 14.048
I0407 08:20:28.999073 140172163249920 logging_writer.py:48] [78] global_step=78, grad_norm=14.2466, loss=12.4021
I0407 08:20:29.002297 140191095542976 submission.py:218] 78) loss = 12.402, grad_norm = 14.247
I0407 08:20:30.482562 140172154857216 logging_writer.py:48] [79] global_step=79, grad_norm=14.1078, loss=12.2216
I0407 08:20:30.485776 140191095542976 submission.py:218] 79) loss = 12.222, grad_norm = 14.108
I0407 08:20:31.047738 140172163249920 logging_writer.py:48] [80] global_step=80, grad_norm=14.2711, loss=12.2605
I0407 08:20:31.051093 140191095542976 submission.py:218] 80) loss = 12.260, grad_norm = 14.271
I0407 08:20:34.082412 140172154857216 logging_writer.py:48] [81] global_step=81, grad_norm=13.4589, loss=11.8941
I0407 08:20:34.085843 140191095542976 submission.py:218] 81) loss = 11.894, grad_norm = 13.459
I0407 08:20:34.634277 140172163249920 logging_writer.py:48] [82] global_step=82, grad_norm=13.3687, loss=11.627
I0407 08:20:34.637466 140191095542976 submission.py:218] 82) loss = 11.627, grad_norm = 13.369
I0407 08:20:35.965547 140172154857216 logging_writer.py:48] [83] global_step=83, grad_norm=12.9171, loss=11.7989
I0407 08:20:35.968874 140191095542976 submission.py:218] 83) loss = 11.799, grad_norm = 12.917
I0407 08:20:36.533298 140172163249920 logging_writer.py:48] [84] global_step=84, grad_norm=12.1186, loss=11.3002
I0407 08:20:36.536629 140191095542976 submission.py:218] 84) loss = 11.300, grad_norm = 12.119
I0407 08:20:39.656329 140172154857216 logging_writer.py:48] [85] global_step=85, grad_norm=11.3371, loss=11.1304
I0407 08:20:39.659688 140191095542976 submission.py:218] 85) loss = 11.130, grad_norm = 11.337
I0407 08:20:40.213498 140172163249920 logging_writer.py:48] [86] global_step=86, grad_norm=11.5455, loss=10.9185
I0407 08:20:40.216772 140191095542976 submission.py:218] 86) loss = 10.919, grad_norm = 11.546
I0407 08:20:40.969331 140172154857216 logging_writer.py:48] [87] global_step=87, grad_norm=10.7037, loss=10.3501
I0407 08:20:40.972491 140191095542976 submission.py:218] 87) loss = 10.350, grad_norm = 10.704
I0407 08:20:41.543151 140172163249920 logging_writer.py:48] [88] global_step=88, grad_norm=10.7595, loss=10.4328
I0407 08:20:41.546432 140191095542976 submission.py:218] 88) loss = 10.433, grad_norm = 10.760
I0407 08:20:45.029123 140172154857216 logging_writer.py:48] [89] global_step=89, grad_norm=9.69295, loss=10.3755
I0407 08:20:45.032430 140191095542976 submission.py:218] 89) loss = 10.375, grad_norm = 9.693
I0407 08:20:45.592637 140172163249920 logging_writer.py:48] [90] global_step=90, grad_norm=9.2614, loss=9.90708
I0407 08:20:45.595834 140191095542976 submission.py:218] 90) loss = 9.907, grad_norm = 9.261
I0407 08:20:46.337445 140172154857216 logging_writer.py:48] [91] global_step=91, grad_norm=8.94676, loss=9.97904
I0407 08:20:46.340568 140191095542976 submission.py:218] 91) loss = 9.979, grad_norm = 8.947
I0407 08:20:46.898388 140172163249920 logging_writer.py:48] [92] global_step=92, grad_norm=9.25734, loss=9.97012
I0407 08:20:46.901906 140191095542976 submission.py:218] 92) loss = 9.970, grad_norm = 9.257
I0407 08:20:50.060972 140172154857216 logging_writer.py:48] [93] global_step=93, grad_norm=7.94286, loss=9.82372
I0407 08:20:50.064125 140191095542976 submission.py:218] 93) loss = 9.824, grad_norm = 7.943
I0407 08:20:50.642331 140172163249920 logging_writer.py:48] [94] global_step=94, grad_norm=7.99241, loss=9.62703
I0407 08:20:50.645531 140191095542976 submission.py:218] 94) loss = 9.627, grad_norm = 7.992
I0407 08:20:52.754842 140172154857216 logging_writer.py:48] [95] global_step=95, grad_norm=7.6842, loss=9.42512
I0407 08:20:52.758099 140191095542976 submission.py:218] 95) loss = 9.425, grad_norm = 7.684
I0407 08:20:53.313590 140172163249920 logging_writer.py:48] [96] global_step=96, grad_norm=6.75445, loss=9.55583
I0407 08:20:53.316922 140191095542976 submission.py:218] 96) loss = 9.556, grad_norm = 6.754
I0407 08:20:55.934807 140172154857216 logging_writer.py:48] [97] global_step=97, grad_norm=5.90788, loss=9.12236
I0407 08:20:55.938069 140191095542976 submission.py:218] 97) loss = 9.122, grad_norm = 5.908
I0407 08:20:56.500832 140172163249920 logging_writer.py:48] [98] global_step=98, grad_norm=6.53283, loss=9.22915
I0407 08:20:56.504013 140191095542976 submission.py:218] 98) loss = 9.229, grad_norm = 6.533
I0407 08:20:58.086766 140172154857216 logging_writer.py:48] [99] global_step=99, grad_norm=5.33799, loss=9.00285
I0407 08:20:58.090054 140191095542976 submission.py:218] 99) loss = 9.003, grad_norm = 5.338
I0407 08:20:58.637238 140172163249920 logging_writer.py:48] [100] global_step=100, grad_norm=5.03962, loss=9.0046
I0407 08:20:58.640669 140191095542976 submission.py:218] 100) loss = 9.005, grad_norm = 5.040
I0407 08:30:00.742717 140172154857216 logging_writer.py:48] [500] global_step=500, grad_norm=1.42649, loss=5.86054
I0407 08:30:00.746588 140191095542976 submission.py:218] 500) loss = 5.861, grad_norm = 1.426
I0407 08:41:28.375935 140172163249920 logging_writer.py:48] [1000] global_step=1000, grad_norm=5.71801, loss=4.43633
I0407 08:41:28.379743 140191095542976 submission.py:218] 1000) loss = 4.436, grad_norm = 5.718
/usr/local/lib/python3.11/multiprocessing/popen_fork.py:66: RuntimeWarning: os.fork() was called. os.fork() is incompatible with multithreaded code, and JAX is multithreaded, so this will likely lead to a deadlock.
  self.pid = os.fork()
I0407 08:42:56.395882 140191095542976 spec.py:333] Evaluating on the training split.
I0407 08:43:08.763847 140191095542976 spec.py:346] Evaluating on the validation split.
I0407 08:43:28.664767 140191095542976 spec.py:363] Evaluating on the test split.
I0407 08:43:39.121297 140191095542976 submission_runner.py:516] Time since start: 1624.93s, 	Step: 1102, 	{'train/ctc_loss': 8.80300066666441, 'train/wer': 0.9418892479975787, 'validation/ctc_loss': 8.764879382660236, 'validation/wer': 0.8967218654950997, 'validation/num_examples': 5348, 'test/ctc_loss': 8.69485289373508, 'test/wer': 0.899579550301627, 'test/num_examples': 2472, 'score': 1504.9272112846375, 'total_duration': 1624.9329931735992, 'accumulated_submission_time': 1504.9272112846375, 'accumulated_eval_time': 117.13727378845215, 'accumulated_logging_time': 0.08875823020935059}
I0407 08:43:39.272114 140172163249920 logging_writer.py:48] [1102] accumulated_eval_time=117.137, accumulated_logging_time=0.0887582, accumulated_submission_time=1504.93, global_step=1102, preemption_count=0, score=1504.93, test/ctc_loss=8.69485, test/num_examples=2472, test/wer=0.89958, total_duration=1624.93, train/ctc_loss=8.803, train/wer=0.941889, validation/ctc_loss=8.76488, validation/num_examples=5348, validation/wer=0.896722
I0407 08:48:41.213023 140172154857216 logging_writer.py:48] [1500] global_step=1500, grad_norm=4.62698, loss=2.97036
I0407 08:48:41.217210 140191095542976 submission.py:218] 1500) loss = 2.970, grad_norm = 4.627
I0407 08:59:18.606440 140172163249920 logging_writer.py:48] [2000] global_step=2000, grad_norm=1.92078, loss=2.41997
I0407 08:59:18.610561 140191095542976 submission.py:218] 2000) loss = 2.420, grad_norm = 1.921
/usr/local/lib/python3.11/multiprocessing/popen_fork.py:66: RuntimeWarning: os.fork() was called. os.fork() is incompatible with multithreaded code, and JAX is multithreaded, so this will likely lead to a deadlock.
  self.pid = os.fork()
I0407 09:04:52.593156 140172163249920 logging_writer.py:48] [2500] global_step=2500, grad_norm=1.77741, loss=2.1752
I0407 09:04:52.600384 140191095542976 submission.py:218] 2500) loss = 2.175, grad_norm = 1.777
I0407 09:07:47.392552 140191095542976 spec.py:333] Evaluating on the training split.
/usr/local/lib/python3.11/multiprocessing/popen_fork.py:66: RuntimeWarning: os.fork() was called. os.fork() is incompatible with multithreaded code, and JAX is multithreaded, so this will likely lead to a deadlock.
  self.pid = os.fork()
I0407 09:08:03.107725 140191095542976 spec.py:346] Evaluating on the validation split.
I0407 09:08:22.768569 140191095542976 spec.py:363] Evaluating on the test split.
