torchrun --redirects 1:0,2:0,3:0 --standalone --nnodes=1 --nproc_per_node=4 submission_runner.py --framework=pytorch --workload=finewebedu_lm --submission_path=submissions_algorithms/submissions/self_tuning/ademamix_golden/submission.py --data_dir=/data/fineweb_edu_10B --experiment_dir=/experiment_runs --experiment_name=submissions_a100/ademamix_golden/study_2 --overwrite=True --save_checkpoints=False --rng_seed=-965294040 --torch_compile=true --tuning_ruleset=self 2>&1 | tee -a /logs/finewebedu_lm_pytorch_09-11-2026-22-36-05.log
W0911 22:36:07.130000 9 site-packages/torch/distributed/run.py:803] 
W0911 22:36:07.130000 9 site-packages/torch/distributed/run.py:803] *****************************************
W0911 22:36:07.130000 9 site-packages/torch/distributed/run.py:803] Setting OMP_NUM_THREADS environment variable for each process to be 1 in default, to avoid your system being overloaded, please further tune the variable for optimal performance in your application as needed. 
W0911 22:36:07.130000 9 site-packages/torch/distributed/run.py:803] *****************************************
2026-09-11 22:36:08.515389: E external/local_xla/xla/stream_executor/cuda/cuda_fft.cc:467] Unable to register cuFFT factory: Attempting to register factory for plugin cuFFT when one has already been registered
2026-09-11 22:36:08.515392: E external/local_xla/xla/stream_executor/cuda/cuda_fft.cc:467] Unable to register cuFFT factory: Attempting to register factory for plugin cuFFT when one has already been registered
2026-09-11 22:36:08.515389: E external/local_xla/xla/stream_executor/cuda/cuda_fft.cc:467] Unable to register cuFFT factory: Attempting to register factory for plugin cuFFT when one has already been registered
2026-09-11 22:36:08.515387: E external/local_xla/xla/stream_executor/cuda/cuda_fft.cc:467] Unable to register cuFFT factory: Attempting to register factory for plugin cuFFT when one has already been registered
WARNING: All log messages before absl::InitializeLog() is called are written to STDERR
WARNING: All log messages before absl::InitializeLog() is called are written to STDERR
WARNING: All log messages before absl::InitializeLog() is called are written to STDERR
WARNING: All log messages before absl::InitializeLog() is called are written to STDERR
E0000 00:00:1789166168.536357      40 cuda_dnn.cc:8579] Unable to register cuDNN factory: Attempting to register factory for plugin cuDNN when one has already been registered
E0000 00:00:1789166168.536359      41 cuda_dnn.cc:8579] Unable to register cuDNN factory: Attempting to register factory for plugin cuDNN when one has already been registered
E0000 00:00:1789166168.536358      39 cuda_dnn.cc:8579] Unable to register cuDNN factory: Attempting to register factory for plugin cuDNN when one has already been registered
E0000 00:00:1789166168.536355      38 cuda_dnn.cc:8579] Unable to register cuDNN factory: Attempting to register factory for plugin cuDNN when one has already been registered
E0000 00:00:1789166168.543270      40 cuda_blas.cc:1407] Unable to register cuBLAS factory: Attempting to register factory for plugin cuBLAS when one has already been registered
E0000 00:00:1789166168.543278      38 cuda_blas.cc:1407] Unable to register cuBLAS factory: Attempting to register factory for plugin cuBLAS when one has already been registered
E0000 00:00:1789166168.543278      39 cuda_blas.cc:1407] Unable to register cuBLAS factory: Attempting to register factory for plugin cuBLAS when one has already been registered
E0000 00:00:1789166168.543284      41 cuda_blas.cc:1407] Unable to register cuBLAS factory: Attempting to register factory for plugin cuBLAS when one has already been registered
W0000 00:00:1789166168.560451      39 computation_placer.cc:177] computation placer already registered. Please check linkage and avoid linking the same target more than once.
W0000 00:00:1789166168.560452      38 computation_placer.cc:177] computation placer already registered. Please check linkage and avoid linking the same target more than once.
W0000 00:00:1789166168.560451      41 computation_placer.cc:177] computation placer already registered. Please check linkage and avoid linking the same target more than once.
W0000 00:00:1789166168.560451      40 computation_placer.cc:177] computation placer already registered. Please check linkage and avoid linking the same target more than once.
W0000 00:00:1789166168.560474      38 computation_placer.cc:177] computation placer already registered. Please check linkage and avoid linking the same target more than once.
W0000 00:00:1789166168.560475      41 computation_placer.cc:177] computation placer already registered. Please check linkage and avoid linking the same target more than once.
W0000 00:00:1789166168.560476      38 computation_placer.cc:177] computation placer already registered. Please check linkage and avoid linking the same target more than once.
W0000 00:00:1789166168.560477      41 computation_placer.cc:177] computation placer already registered. Please check linkage and avoid linking the same target more than once.
W0000 00:00:1789166168.560477      40 computation_placer.cc:177] computation placer already registered. Please check linkage and avoid linking the same target more than once.
W0000 00:00:1789166168.560478      38 computation_placer.cc:177] computation placer already registered. Please check linkage and avoid linking the same target more than once.
W0000 00:00:1789166168.560479      41 computation_placer.cc:177] computation placer already registered. Please check linkage and avoid linking the same target more than once.
W0000 00:00:1789166168.560479      40 computation_placer.cc:177] computation placer already registered. Please check linkage and avoid linking the same target more than once.
W0000 00:00:1789166168.560480      39 computation_placer.cc:177] computation placer already registered. Please check linkage and avoid linking the same target more than once.
W0000 00:00:1789166168.560481      40 computation_placer.cc:177] computation placer already registered. Please check linkage and avoid linking the same target more than once.
W0000 00:00:1789166168.560483      39 computation_placer.cc:177] computation placer already registered. Please check linkage and avoid linking the same target more than once.
W0000 00:00:1789166168.560485      39 computation_placer.cc:177] computation placer already registered. Please check linkage and avoid linking the same target more than once.
W0000 00:00:1789166174.340835      40 gpu_device.cc:2341] Cannot dlopen some GPU libraries. Please make sure the missing libraries mentioned above are installed properly if you would like to use GPU. Follow the guide at https://www.tensorflow.org/install/gpu for how to download and setup the required libraries for your platform.
Skipping registering GPU devices...
W0000 00:00:1789166174.431148      41 gpu_device.cc:2341] Cannot dlopen some GPU libraries. Please make sure the missing libraries mentioned above are installed properly if you would like to use GPU. Follow the guide at https://www.tensorflow.org/install/gpu for how to download and setup the required libraries for your platform.
Skipping registering GPU devices...
W0000 00:00:1789166174.559634      38 gpu_device.cc:2341] Cannot dlopen some GPU libraries. Please make sure the missing libraries mentioned above are installed properly if you would like to use GPU. Follow the guide at https://www.tensorflow.org/install/gpu for how to download and setup the required libraries for your platform.
Skipping registering GPU devices...
W0000 00:00:1789166174.560596      39 gpu_device.cc:2341] Cannot dlopen some GPU libraries. Please make sure the missing libraries mentioned above are installed properly if you would like to use GPU. Follow the guide at https://www.tensorflow.org/install/gpu for how to download and setup the required libraries for your platform.
Skipping registering GPU devices...
/usr/local/lib/python3.11/site-packages/torch/__init__.py:1617: UserWarning: Please use the new API settings to control TF32 behavior, such as torch.backends.cudnn.conv.fp32_precision = 'tf32' or torch.backends.cuda.matmul.fp32_precision = 'ieee'. Old settings, e.g, torch.backends.cuda.matmul.allow_tf32 = True, torch.backends.cudnn.allow_tf32 = True, allowTF32CuDNN() and allowTF32CuBLAS() will be deprecated after Pytorch 2.9. Please see https://pytorch.org/docs/main/notes/cuda.html#tensorfloat-32-tf32-on-ampere-and-later-devices (Triggered internally at /pytorch/aten/src/ATen/Context.cpp:80.)
  _C._set_float32_matmul_precision(precision)
/usr/local/lib/python3.11/site-packages/torch/__init__.py:1617: UserWarning: Please use the new API settings to control TF32 behavior, such as torch.backends.cudnn.conv.fp32_precision = 'tf32' or torch.backends.cuda.matmul.fp32_precision = 'ieee'. Old settings, e.g, torch.backends.cuda.matmul.allow_tf32 = True, torch.backends.cudnn.allow_tf32 = True, allowTF32CuDNN() and allowTF32CuBLAS() will be deprecated after Pytorch 2.9. Please see https://pytorch.org/docs/main/notes/cuda.html#tensorfloat-32-tf32-on-ampere-and-later-devices (Triggered internally at /pytorch/aten/src/ATen/Context.cpp:80.)
  _C._set_float32_matmul_precision(precision)
/usr/local/lib/python3.11/site-packages/torch/__init__.py:1617: UserWarning: Please use the new API settings to control TF32 behavior, such as torch.backends.cudnn.conv.fp32_precision = 'tf32' or torch.backends.cuda.matmul.fp32_precision = 'ieee'. Old settings, e.g, torch.backends.cuda.matmul.allow_tf32 = True, torch.backends.cudnn.allow_tf32 = True, allowTF32CuDNN() and allowTF32CuBLAS() will be deprecated after Pytorch 2.9. Please see https://pytorch.org/docs/main/notes/cuda.html#tensorfloat-32-tf32-on-ampere-and-later-devices (Triggered internally at /pytorch/aten/src/ATen/Context.cpp:80.)
  _C._set_float32_matmul_precision(precision)
/usr/local/lib/python3.11/site-packages/torch/__init__.py:1617: UserWarning: Please use the new API settings to control TF32 behavior, such as torch.backends.cudnn.conv.fp32_precision = 'tf32' or torch.backends.cuda.matmul.fp32_precision = 'ieee'. Old settings, e.g, torch.backends.cuda.matmul.allow_tf32 = True, torch.backends.cudnn.allow_tf32 = True, allowTF32CuDNN() and allowTF32CuBLAS() will be deprecated after Pytorch 2.9. Please see https://pytorch.org/docs/main/notes/cuda.html#tensorfloat-32-tf32-on-ampere-and-later-devices (Triggered internally at /pytorch/aten/src/ATen/Context.cpp:80.)
  _C._set_float32_matmul_precision(precision)
/usr/local/lib/python3.11/site-packages/pydantic/_internal/_generate_schema.py:2249: UnsupportedFieldAttributeWarning: The 'repr' attribute with value False was provided to the `Field()` function, which has no effect in the context it was used. 'repr' is field-specific metadata, and can only be attached to a model field using `Annotated` metadata or by assignment. This may have happened because an `Annotated` type alias using the `type` statement was used, or if the `Field()` function was attached to a single member of a union type.
  warnings.warn(
/usr/local/lib/python3.11/site-packages/pydantic/_internal/_generate_schema.py:2249: UnsupportedFieldAttributeWarning: The 'frozen' attribute with value True was provided to the `Field()` function, which has no effect in the context it was used. 'frozen' is field-specific metadata, and can only be attached to a model field using `Annotated` metadata or by assignment. This may have happened because an `Annotated` type alias using the `type` statement was used, or if the `Field()` function was attached to a single member of a union type.
  warnings.warn(
/usr/local/lib/python3.11/site-packages/pydantic/_internal/_generate_schema.py:2249: UnsupportedFieldAttributeWarning: The 'repr' attribute with value False was provided to the `Field()` function, which has no effect in the context it was used. 'repr' is field-specific metadata, and can only be attached to a model field using `Annotated` metadata or by assignment. This may have happened because an `Annotated` type alias using the `type` statement was used, or if the `Field()` function was attached to a single member of a union type.
  warnings.warn(
/usr/local/lib/python3.11/site-packages/pydantic/_internal/_generate_schema.py:2249: UnsupportedFieldAttributeWarning: The 'frozen' attribute with value True was provided to the `Field()` function, which has no effect in the context it was used. 'frozen' is field-specific metadata, and can only be attached to a model field using `Annotated` metadata or by assignment. This may have happened because an `Annotated` type alias using the `type` statement was used, or if the `Field()` function was attached to a single member of a union type.
  warnings.warn(
/usr/local/lib/python3.11/site-packages/pydantic/_internal/_generate_schema.py:2249: UnsupportedFieldAttributeWarning: The 'repr' attribute with value False was provided to the `Field()` function, which has no effect in the context it was used. 'repr' is field-specific metadata, and can only be attached to a model field using `Annotated` metadata or by assignment. This may have happened because an `Annotated` type alias using the `type` statement was used, or if the `Field()` function was attached to a single member of a union type.
  warnings.warn(
/usr/local/lib/python3.11/site-packages/pydantic/_internal/_generate_schema.py:2249: UnsupportedFieldAttributeWarning: The 'frozen' attribute with value True was provided to the `Field()` function, which has no effect in the context it was used. 'frozen' is field-specific metadata, and can only be attached to a model field using `Annotated` metadata or by assignment. This may have happened because an `Annotated` type alias using the `type` statement was used, or if the `Field()` function was attached to a single member of a union type.
  warnings.warn(
/usr/local/lib/python3.11/site-packages/pydantic/_internal/_generate_schema.py:2249: UnsupportedFieldAttributeWarning: The 'repr' attribute with value False was provided to the `Field()` function, which has no effect in the context it was used. 'repr' is field-specific metadata, and can only be attached to a model field using `Annotated` metadata or by assignment. This may have happened because an `Annotated` type alias using the `type` statement was used, or if the `Field()` function was attached to a single member of a union type.
  warnings.warn(
/usr/local/lib/python3.11/site-packages/pydantic/_internal/_generate_schema.py:2249: UnsupportedFieldAttributeWarning: The 'frozen' attribute with value True was provided to the `Field()` function, which has no effect in the context it was used. 'frozen' is field-specific metadata, and can only be attached to a model field using `Annotated` metadata or by assignment. This may have happened because an `Annotated` type alias using the `type` statement was used, or if the `Field()` function was attached to a single member of a union type.
  warnings.warn(
/usr/local/lib/python3.11/site-packages/torch/distributed/distributed_c10d.py:4876: UserWarning: barrier(): using the device under current context. You can specify `device_id` in `init_process_group` to mute this warning.
  warnings.warn(  # warn only once
[rank0]:[W911 22:36:16.587631657 ProcessGroupNCCL.cpp:5068] Guessing device ID based on global rank. This can cause a hang if rank to GPU mapping is heterogeneous. You can specify device_id in init_process_group()
I0911 22:36:17.029990 139924186363072 logger_utils.py:84] Creating experiment directory at /experiment_runs/submissions_a100/ademamix_golden/study_2/finewebedu_lm_pytorch.
I0911 22:36:17.029990 140532213929152 logger_utils.py:84] Creating experiment directory at /experiment_runs/submissions_a100/ademamix_golden/study_2/finewebedu_lm_pytorch.
I0911 22:36:17.029990 140564353668288 logger_utils.py:84] Creating experiment directory at /experiment_runs/submissions_a100/ademamix_golden/study_2/finewebedu_lm_pytorch.
I0911 22:36:17.030014 139820898444480 logger_utils.py:84] Creating experiment directory at /experiment_runs/submissions_a100/ademamix_golden/study_2/finewebedu_lm_pytorch.
I0911 22:36:17.053188 139924186363072 submission_runner.py:741] Creating directory at /experiment_runs/submissions_a100/ademamix_golden/study_2/finewebedu_lm_pytorch/trial_1.
I0911 22:36:17.306696 139924186363072 submission_runner.py:242] Initializing dataset.
I0911 22:36:17.306861 139924186363072 submission_runner.py:251] Initializing model.
I0911 22:36:23.742303 139924186363072 submission_runner.py:290] Performing `torch.compile`.
I0911 22:36:25.135978 140532213929152 logger_utils.py:283] Unable to record workload.train_mean information. Continuing without it.
I0911 22:36:25.136133 140532213929152 logger_utils.py:283] Unable to record workload.train_stddev information. Continuing without it.
I0911 22:36:25.136536 139820898444480 logger_utils.py:283] Unable to record workload.train_mean information. Continuing without it.
I0911 22:36:25.136683 139820898444480 logger_utils.py:283] Unable to record workload.train_stddev information. Continuing without it.
I0911 22:36:25.136739 139924186363072 submission_runner.py:294] Initializing optimizer.
I0911 22:36:25.137432 139924186363072 submission_runner.py:299] Initializing metrics bundle.
I0911 22:36:25.137591 139924186363072 submission_runner.py:321] Initializing checkpoint and logger.
I0911 22:36:25.138004 139924186363072 submission_runner.py:344] Saving meta data to /experiment_runs/submissions_a100/ademamix_golden/study_2/finewebedu_lm_pytorch/trial_1/meta_data_0.json.
I0911 22:36:25.138181 139924186363072 logger_utils.py:283] Unable to record workload.train_mean information. Continuing without it.
I0911 22:36:25.138237 139924186363072 logger_utils.py:283] Unable to record workload.train_stddev information. Continuing without it.
I0911 22:36:25.138602 140564353668288 logger_utils.py:283] Unable to record workload.train_mean information. Continuing without it.
I0911 22:36:25.138750 140564353668288 logger_utils.py:283] Unable to record workload.train_stddev information. Continuing without it.
I0911 22:36:25.362057 139924186363072 submission_runner.py:348] Saving flags to /experiment_runs/submissions_a100/ademamix_golden/study_2/finewebedu_lm_pytorch/trial_1/flags_0.json.
I0911 22:36:25.403531 139924186363072 submission_runner.py:359] Starting training loop.
[rank0]:W0911 22:36:27.264000 38 site-packages/torch/_logging/_internal.py:1199] [0/0] Profiler function <class 'torch.autograd.profiler.record_function'> will be ignored
[rank1]:W0911 22:36:27.303000 39 site-packages/torch/_logging/_internal.py:1199] [0/0] Profiler function <class 'torch.autograd.profiler.record_function'> will be ignored
[rank2]:W0911 22:36:27.328000 40 site-packages/torch/_logging/_internal.py:1199] [0/0] Profiler function <class 'torch.autograd.profiler.record_function'> will be ignored
[rank3]:W0911 22:36:27.381000 41 site-packages/torch/_logging/_internal.py:1199] [0/0] Profiler function <class 'torch.autograd.profiler.record_function'> will be ignored
I0911 22:37:08.915529 139897931024128 logging_writer.py:48] [0] global_step=0, grad_norm=0.5, loss=11.0496
I0911 22:37:08.946465 139924186363072 submission.py:307] 0) loss = 11.050, grad_norm = 0.500
I0911 22:37:09.552608 139924186363072 spec.py:333] Evaluating on the training split.
/usr/local/lib/python3.11/site-packages/torch/_dynamo/variables/functions.py:1598: UserWarning: Dynamo does not know how to trace the builtin `torch._C._distributed_c10d.pybind11_detail_function_record_v1_system_libstdcpp_gxx_abi_1xxx_use_cxx11_abi_1._broadcast_coalesced.` This function is either a Python builtin (e.g. _warnings.warn) or a third-party C/C++ Python extension (perhaps created with pybind).
If it is a Python builtin, please file an issue on GitHub so the PyTorch team can add support for it and see the next case for a workaround.
If it is a third-party C/C++ Python extension, please either wrap it into a PyTorch-understood custom operator (see https://pytorch.org/tutorials/advanced/custom_ops_landing_page.html for more details) or, if it is traceable, use `torch.compiler.allow_in_graph`.
  torch._dynamo.utils.warn_once(explanation + "\n" + "\n".join(hints))
/usr/local/lib/python3.11/site-packages/torch/_dynamo/variables/functions.py:1598: UserWarning: Dynamo does not know how to trace the builtin `torch._C._distributed_c10d.pybind11_detail_function_record_v1_system_libstdcpp_gxx_abi_1xxx_use_cxx11_abi_1._broadcast_coalesced.` This function is either a Python builtin (e.g. _warnings.warn) or a third-party C/C++ Python extension (perhaps created with pybind).
If it is a Python builtin, please file an issue on GitHub so the PyTorch team can add support for it and see the next case for a workaround.
If it is a third-party C/C++ Python extension, please either wrap it into a PyTorch-understood custom operator (see https://pytorch.org/tutorials/advanced/custom_ops_landing_page.html for more details) or, if it is traceable, use `torch.compiler.allow_in_graph`.
  torch._dynamo.utils.warn_once(explanation + "\n" + "\n".join(hints))
/usr/local/lib/python3.11/site-packages/torch/_dynamo/variables/functions.py:1598: UserWarning: Dynamo does not know how to trace the builtin `torch._C._distributed_c10d.pybind11_detail_function_record_v1_system_libstdcpp_gxx_abi_1xxx_use_cxx11_abi_1._broadcast_coalesced.` This function is either a Python builtin (e.g. _warnings.warn) or a third-party C/C++ Python extension (perhaps created with pybind).
If it is a Python builtin, please file an issue on GitHub so the PyTorch team can add support for it and see the next case for a workaround.
If it is a third-party C/C++ Python extension, please either wrap it into a PyTorch-understood custom operator (see https://pytorch.org/tutorials/advanced/custom_ops_landing_page.html for more details) or, if it is traceable, use `torch.compiler.allow_in_graph`.
  torch._dynamo.utils.warn_once(explanation + "\n" + "\n".join(hints))
/usr/local/lib/python3.11/site-packages/torch/_dynamo/variables/functions.py:1598: UserWarning: Dynamo does not know how to trace the builtin `torch._C._distributed_c10d.pybind11_detail_function_record_v1_system_libstdcpp_gxx_abi_1xxx_use_cxx11_abi_1._broadcast_coalesced.` This function is either a Python builtin (e.g. _warnings.warn) or a third-party C/C++ Python extension (perhaps created with pybind).
If it is a Python builtin, please file an issue on GitHub so the PyTorch team can add support for it and see the next case for a workaround.
If it is a third-party C/C++ Python extension, please either wrap it into a PyTorch-understood custom operator (see https://pytorch.org/tutorials/advanced/custom_ops_landing_page.html for more details) or, if it is traceable, use `torch.compiler.allow_in_graph`.
  torch._dynamo.utils.warn_once(explanation + "\n" + "\n".join(hints))
I0911 22:38:04.319061 139924186363072 spec.py:346] Evaluating on the validation split.
I0911 22:40:55.362933 139924186363072 spec.py:363] Evaluating on the test split.
I0911 22:40:55.363616 139924186363072 submission_runner.py:516] Time since start: 269.96s, 	Step: 1, 	{'train/loss': 11.046409606933594, 'train/ppl': 62718.36628502924, 'validation/loss': 11.04719469309463, 'validation/ppl': 62767.6249400565, 'validation/num_examples': 100000, 'test/loss': 0.0, 'test/ppl': 1.0, 'test/num_examples': 0, 'score': 43.54396414756775, 'total_duration': 269.9600627422333, 'accumulated_submission_time': 43.54396414756775, 'accumulated_eval_time': 225.8109667301178, 'accumulated_logging_time': 0}
I0911 22:40:55.382629 139895989171968 logging_writer.py:48] [1] accumulated_eval_time=225.811, accumulated_logging_time=0, accumulated_submission_time=43.544, global_step=1, preemption_count=0, score=43.544, test/loss=0, test/num_examples=0, test/ppl=1, total_duration=269.96, train/loss=11.0464, train/ppl=62718.4, validation/loss=11.0472, validation/num_examples=100000, validation/ppl=62767.6
I0911 22:40:57.076719 139895980779264 logging_writer.py:48] [1] global_step=1, grad_norm=0.5, loss=11.0473
I0911 22:40:57.079942 139924186363072 submission.py:307] 1) loss = 11.047, grad_norm = 0.500
I0911 22:40:57.519345 139895989171968 logging_writer.py:48] [2] global_step=2, grad_norm=0.5, loss=11.0255
I0911 22:40:57.522397 139924186363072 submission.py:307] 2) loss = 11.026, grad_norm = 0.500
I0911 22:40:57.952457 139895980779264 logging_writer.py:48] [3] global_step=3, grad_norm=0.5, loss=10.9925
I0911 22:40:57.955454 139924186363072 submission.py:307] 3) loss = 10.992, grad_norm = 0.500
I0911 22:40:58.383925 139895989171968 logging_writer.py:48] [4] global_step=4, grad_norm=0.5, loss=10.9373
I0911 22:40:58.386864 139924186363072 submission.py:307] 4) loss = 10.937, grad_norm = 0.500
I0911 22:40:58.816804 139895980779264 logging_writer.py:48] [5] global_step=5, grad_norm=0.5, loss=10.8742
I0911 22:40:58.819698 139924186363072 submission.py:307] 5) loss = 10.874, grad_norm = 0.500
I0911 22:40:59.247909 139895989171968 logging_writer.py:48] [6] global_step=6, grad_norm=0.5, loss=10.7828
I0911 22:40:59.250871 139924186363072 submission.py:307] 6) loss = 10.783, grad_norm = 0.500
I0911 22:40:59.681566 139895980779264 logging_writer.py:48] [7] global_step=7, grad_norm=0.5, loss=10.682
I0911 22:40:59.684458 139924186363072 submission.py:307] 7) loss = 10.682, grad_norm = 0.500
I0911 22:41:00.114787 139895989171968 logging_writer.py:48] [8] global_step=8, grad_norm=0.5, loss=10.5921
I0911 22:41:00.117657 139924186363072 submission.py:307] 8) loss = 10.592, grad_norm = 0.500
I0911 22:41:00.547101 139895980779264 logging_writer.py:48] [9] global_step=9, grad_norm=0.5, loss=10.4631
I0911 22:41:00.550055 139924186363072 submission.py:307] 9) loss = 10.463, grad_norm = 0.500
I0911 22:41:00.979000 139895989171968 logging_writer.py:48] [10] global_step=10, grad_norm=0.5, loss=10.3423
I0911 22:41:00.981962 139924186363072 submission.py:307] 10) loss = 10.342, grad_norm = 0.500
I0911 22:41:01.411929 139895980779264 logging_writer.py:48] [11] global_step=11, grad_norm=0.5, loss=10.1949
I0911 22:41:01.414814 139924186363072 submission.py:307] 11) loss = 10.195, grad_norm = 0.500
I0911 22:41:01.845218 139895989171968 logging_writer.py:48] [12] global_step=12, grad_norm=0.5, loss=10.0545
I0911 22:41:01.848082 139924186363072 submission.py:307] 12) loss = 10.055, grad_norm = 0.500
I0911 22:41:02.275828 139895980779264 logging_writer.py:48] [13] global_step=13, grad_norm=0.5, loss=9.93079
I0911 22:41:02.278743 139924186363072 submission.py:307] 13) loss = 9.931, grad_norm = 0.500
I0911 22:41:02.709138 139895989171968 logging_writer.py:48] [14] global_step=14, grad_norm=0.5, loss=9.80953
I0911 22:41:02.712004 139924186363072 submission.py:307] 14) loss = 9.810, grad_norm = 0.500
I0911 22:41:03.142596 139895980779264 logging_writer.py:48] [15] global_step=15, grad_norm=0.5, loss=9.72678
I0911 22:41:03.145537 139924186363072 submission.py:307] 15) loss = 9.727, grad_norm = 0.500
I0911 22:41:03.575879 139895989171968 logging_writer.py:48] [16] global_step=16, grad_norm=0.5, loss=9.64841
I0911 22:41:03.578754 139924186363072 submission.py:307] 16) loss = 9.648, grad_norm = 0.500
I0911 22:41:04.008380 139895980779264 logging_writer.py:48] [17] global_step=17, grad_norm=0.5, loss=9.54471
I0911 22:41:04.011335 139924186363072 submission.py:307] 17) loss = 9.545, grad_norm = 0.500
I0911 22:41:04.440063 139895989171968 logging_writer.py:48] [18] global_step=18, grad_norm=0.5, loss=9.48422
I0911 22:41:04.443009 139924186363072 submission.py:307] 18) loss = 9.484, grad_norm = 0.500
I0911 22:41:04.872679 139895980779264 logging_writer.py:48] [19] global_step=19, grad_norm=0.5, loss=9.4516
I0911 22:41:04.875602 139924186363072 submission.py:307] 19) loss = 9.452, grad_norm = 0.500
I0911 22:41:05.301217 139895989171968 logging_writer.py:48] [20] global_step=20, grad_norm=0.5, loss=9.36653
I0911 22:41:05.304265 139924186363072 submission.py:307] 20) loss = 9.367, grad_norm = 0.500
I0911 22:41:05.733054 139895980779264 logging_writer.py:48] [21] global_step=21, grad_norm=0.5, loss=9.37139
I0911 22:41:05.736059 139924186363072 submission.py:307] 21) loss = 9.371, grad_norm = 0.500
I0911 22:41:06.167038 139895989171968 logging_writer.py:48] [22] global_step=22, grad_norm=0.5, loss=9.32098
I0911 22:41:06.169915 139924186363072 submission.py:307] 22) loss = 9.321, grad_norm = 0.500
I0911 22:41:06.600763 139895980779264 logging_writer.py:48] [23] global_step=23, grad_norm=0.5, loss=9.29033
I0911 22:41:06.603759 139924186363072 submission.py:307] 23) loss = 9.290, grad_norm = 0.500
I0911 22:41:07.032448 139895989171968 logging_writer.py:48] [24] global_step=24, grad_norm=0.5, loss=9.2549
I0911 22:41:07.035445 139924186363072 submission.py:307] 24) loss = 9.255, grad_norm = 0.500
I0911 22:41:07.464476 139895980779264 logging_writer.py:48] [25] global_step=25, grad_norm=0.5, loss=9.19033
I0911 22:41:07.467503 139924186363072 submission.py:307] 25) loss = 9.190, grad_norm = 0.500
I0911 22:41:07.896329 139895989171968 logging_writer.py:48] [26] global_step=26, grad_norm=0.5, loss=9.23667
I0911 22:41:07.899200 139924186363072 submission.py:307] 26) loss = 9.237, grad_norm = 0.500
I0911 22:41:08.328846 139895980779264 logging_writer.py:48] [27] global_step=27, grad_norm=0.5, loss=9.2246
I0911 22:41:08.331815 139924186363072 submission.py:307] 27) loss = 9.225, grad_norm = 0.500
I0911 22:41:08.760985 139895989171968 logging_writer.py:48] [28] global_step=28, grad_norm=0.5, loss=9.17793
I0911 22:41:08.763969 139924186363072 submission.py:307] 28) loss = 9.178, grad_norm = 0.500
I0911 22:41:09.191697 139895980779264 logging_writer.py:48] [29] global_step=29, grad_norm=0.5, loss=9.1595
I0911 22:41:09.194584 139924186363072 submission.py:307] 29) loss = 9.159, grad_norm = 0.500
I0911 22:41:09.623240 139895989171968 logging_writer.py:48] [30] global_step=30, grad_norm=0.5, loss=9.12984
I0911 22:41:09.626258 139924186363072 submission.py:307] 30) loss = 9.130, grad_norm = 0.500
I0911 22:41:10.056887 139895980779264 logging_writer.py:48] [31] global_step=31, grad_norm=0.5, loss=9.13117
I0911 22:41:10.059791 139924186363072 submission.py:307] 31) loss = 9.131, grad_norm = 0.500
I0911 22:41:10.489024 139895989171968 logging_writer.py:48] [32] global_step=32, grad_norm=0.5, loss=9.01496
I0911 22:41:10.491866 139924186363072 submission.py:307] 32) loss = 9.015, grad_norm = 0.500
I0911 22:41:10.921095 139895980779264 logging_writer.py:48] [33] global_step=33, grad_norm=0.5, loss=9.06578
I0911 22:41:10.924001 139924186363072 submission.py:307] 33) loss = 9.066, grad_norm = 0.500
I0911 22:41:11.353360 139895989171968 logging_writer.py:48] [34] global_step=34, grad_norm=0.5, loss=9.02351
I0911 22:41:11.356280 139924186363072 submission.py:307] 34) loss = 9.024, grad_norm = 0.500
I0911 22:41:11.784028 139895980779264 logging_writer.py:48] [35] global_step=35, grad_norm=0.5, loss=8.96244
I0911 22:41:11.787259 139924186363072 submission.py:307] 35) loss = 8.962, grad_norm = 0.500
I0911 22:41:12.215432 139895989171968 logging_writer.py:48] [36] global_step=36, grad_norm=0.5, loss=8.96373
I0911 22:41:12.218367 139924186363072 submission.py:307] 36) loss = 8.964, grad_norm = 0.500
I0911 22:41:12.648976 139895980779264 logging_writer.py:48] [37] global_step=37, grad_norm=0.5, loss=8.9185
I0911 22:41:12.651935 139924186363072 submission.py:307] 37) loss = 8.919, grad_norm = 0.500
I0911 22:41:13.081842 139895989171968 logging_writer.py:48] [38] global_step=38, grad_norm=0.5, loss=8.90638
I0911 22:41:13.084802 139924186363072 submission.py:307] 38) loss = 8.906, grad_norm = 0.500
I0911 22:41:13.512857 139895980779264 logging_writer.py:48] [39] global_step=39, grad_norm=0.5, loss=8.83714
I0911 22:41:13.515810 139924186363072 submission.py:307] 39) loss = 8.837, grad_norm = 0.500
I0911 22:41:13.946045 139895989171968 logging_writer.py:48] [40] global_step=40, grad_norm=0.5, loss=8.82403
I0911 22:41:13.948968 139924186363072 submission.py:307] 40) loss = 8.824, grad_norm = 0.500
I0911 22:41:14.378341 139895980779264 logging_writer.py:48] [41] global_step=41, grad_norm=0.5, loss=8.86231
I0911 22:41:14.381207 139924186363072 submission.py:307] 41) loss = 8.862, grad_norm = 0.500
I0911 22:41:14.810972 139895989171968 logging_writer.py:48] [42] global_step=42, grad_norm=0.5, loss=8.81331
I0911 22:41:14.813920 139924186363072 submission.py:307] 42) loss = 8.813, grad_norm = 0.500
I0911 22:41:15.243034 139895980779264 logging_writer.py:48] [43] global_step=43, grad_norm=0.5, loss=8.74036
I0911 22:41:15.245940 139924186363072 submission.py:307] 43) loss = 8.740, grad_norm = 0.500
I0911 22:41:15.673768 139895989171968 logging_writer.py:48] [44] global_step=44, grad_norm=0.5, loss=8.72373
I0911 22:41:15.676675 139924186363072 submission.py:307] 44) loss = 8.724, grad_norm = 0.500
I0911 22:41:16.105479 139895980779264 logging_writer.py:48] [45] global_step=45, grad_norm=0.5, loss=8.73507
I0911 22:41:16.108373 139924186363072 submission.py:307] 45) loss = 8.735, grad_norm = 0.500
I0911 22:41:16.538310 139895989171968 logging_writer.py:48] [46] global_step=46, grad_norm=0.5, loss=8.70523
I0911 22:41:16.541520 139924186363072 submission.py:307] 46) loss = 8.705, grad_norm = 0.500
I0911 22:41:16.969838 139895980779264 logging_writer.py:48] [47] global_step=47, grad_norm=0.5, loss=8.64766
I0911 22:41:16.972767 139924186363072 submission.py:307] 47) loss = 8.648, grad_norm = 0.500
I0911 22:41:17.401986 139895989171968 logging_writer.py:48] [48] global_step=48, grad_norm=0.5, loss=8.7097
I0911 22:41:17.404895 139924186363072 submission.py:307] 48) loss = 8.710, grad_norm = 0.500
I0911 22:41:17.833490 139895980779264 logging_writer.py:48] [49] global_step=49, grad_norm=0.5, loss=8.6452
I0911 22:41:17.836323 139924186363072 submission.py:307] 49) loss = 8.645, grad_norm = 0.500
I0911 22:41:18.264454 139895989171968 logging_writer.py:48] [50] global_step=50, grad_norm=0.5, loss=8.64683
I0911 22:41:18.267387 139924186363072 submission.py:307] 50) loss = 8.647, grad_norm = 0.500
I0911 22:41:18.693922 139895980779264 logging_writer.py:48] [51] global_step=51, grad_norm=0.5, loss=8.58931
I0911 22:41:18.696809 139924186363072 submission.py:307] 51) loss = 8.589, grad_norm = 0.500
I0911 22:41:19.126764 139895989171968 logging_writer.py:48] [52] global_step=52, grad_norm=0.5, loss=8.58797
I0911 22:41:19.129662 139924186363072 submission.py:307] 52) loss = 8.588, grad_norm = 0.500
I0911 22:41:19.558401 139895980779264 logging_writer.py:48] [53] global_step=53, grad_norm=0.5, loss=8.59127
I0911 22:41:19.561329 139924186363072 submission.py:307] 53) loss = 8.591, grad_norm = 0.500
I0911 22:41:19.989472 139895989171968 logging_writer.py:48] [54] global_step=54, grad_norm=0.5, loss=8.55304
I0911 22:41:19.992801 139924186363072 submission.py:307] 54) loss = 8.553, grad_norm = 0.500
I0911 22:41:20.422389 139895980779264 logging_writer.py:48] [55] global_step=55, grad_norm=0.5, loss=8.5274
I0911 22:41:20.425262 139924186363072 submission.py:307] 55) loss = 8.527, grad_norm = 0.500
I0911 22:41:20.853582 139895989171968 logging_writer.py:48] [56] global_step=56, grad_norm=0.5, loss=8.48329
I0911 22:41:20.856508 139924186363072 submission.py:307] 56) loss = 8.483, grad_norm = 0.500
I0911 22:41:21.284170 139895980779264 logging_writer.py:48] [57] global_step=57, grad_norm=0.5, loss=8.56201
I0911 22:41:21.287054 139924186363072 submission.py:307] 57) loss = 8.562, grad_norm = 0.500
I0911 22:41:21.716800 139895989171968 logging_writer.py:48] [58] global_step=58, grad_norm=0.5, loss=8.4943
I0911 22:41:21.719694 139924186363072 submission.py:307] 58) loss = 8.494, grad_norm = 0.500
I0911 22:41:22.148848 139895980779264 logging_writer.py:48] [59] global_step=59, grad_norm=0.5, loss=8.47504
I0911 22:41:22.151746 139924186363072 submission.py:307] 59) loss = 8.475, grad_norm = 0.500
I0911 22:41:22.581092 139895989171968 logging_writer.py:48] [60] global_step=60, grad_norm=0.5, loss=8.44683
I0911 22:41:22.583981 139924186363072 submission.py:307] 60) loss = 8.447, grad_norm = 0.500
I0911 22:41:23.013632 139895980779264 logging_writer.py:48] [61] global_step=61, grad_norm=0.5, loss=8.341
I0911 22:41:23.016492 139924186363072 submission.py:307] 61) loss = 8.341, grad_norm = 0.500
I0911 22:41:23.446172 139895989171968 logging_writer.py:48] [62] global_step=62, grad_norm=0.5, loss=8.41038
I0911 22:41:23.449133 139924186363072 submission.py:307] 62) loss = 8.410, grad_norm = 0.500
I0911 22:41:23.878592 139895980779264 logging_writer.py:48] [63] global_step=63, grad_norm=0.5, loss=8.33196
I0911 22:41:23.881508 139924186363072 submission.py:307] 63) loss = 8.332, grad_norm = 0.500
I0911 22:41:24.310569 139895989171968 logging_writer.py:48] [64] global_step=64, grad_norm=0.5, loss=8.321
I0911 22:41:24.313469 139924186363072 submission.py:307] 64) loss = 8.321, grad_norm = 0.500
I0911 22:41:24.740160 139895980779264 logging_writer.py:48] [65] global_step=65, grad_norm=0.5, loss=8.29759
I0911 22:41:24.743090 139924186363072 submission.py:307] 65) loss = 8.298, grad_norm = 0.500
I0911 22:41:25.170791 139895989171968 logging_writer.py:48] [66] global_step=66, grad_norm=0.5, loss=8.30386
I0911 22:41:25.173669 139924186363072 submission.py:307] 66) loss = 8.304, grad_norm = 0.500
I0911 22:41:25.604295 139895980779264 logging_writer.py:48] [67] global_step=67, grad_norm=0.5, loss=8.2603
I0911 22:41:25.607261 139924186363072 submission.py:307] 67) loss = 8.260, grad_norm = 0.500
I0911 22:41:26.037040 139895989171968 logging_writer.py:48] [68] global_step=68, grad_norm=0.5, loss=8.24251
I0911 22:41:26.039946 139924186363072 submission.py:307] 68) loss = 8.243, grad_norm = 0.500
I0911 22:41:26.469934 139895980779264 logging_writer.py:48] [69] global_step=69, grad_norm=0.5, loss=8.17439
I0911 22:41:26.472856 139924186363072 submission.py:307] 69) loss = 8.174, grad_norm = 0.500
I0911 22:41:26.902756 139895989171968 logging_writer.py:48] [70] global_step=70, grad_norm=0.5, loss=8.19597
I0911 22:41:26.905749 139924186363072 submission.py:307] 70) loss = 8.196, grad_norm = 0.500
I0911 22:41:27.334865 139895980779264 logging_writer.py:48] [71] global_step=71, grad_norm=0.5, loss=8.1626
I0911 22:41:27.337811 139924186363072 submission.py:307] 71) loss = 8.163, grad_norm = 0.500
I0911 22:41:27.768069 139895989171968 logging_writer.py:48] [72] global_step=72, grad_norm=0.5, loss=8.23273
I0911 22:41:27.770974 139924186363072 submission.py:307] 72) loss = 8.233, grad_norm = 0.500
I0911 22:41:28.198949 139895980779264 logging_writer.py:48] [73] global_step=73, grad_norm=0.5, loss=8.1489
I0911 22:41:28.201838 139924186363072 submission.py:307] 73) loss = 8.149, grad_norm = 0.500
I0911 22:41:28.632211 139895989171968 logging_writer.py:48] [74] global_step=74, grad_norm=0.5, loss=8.09388
I0911 22:41:28.635084 139924186363072 submission.py:307] 74) loss = 8.094, grad_norm = 0.500
I0911 22:41:29.065753 139895980779264 logging_writer.py:48] [75] global_step=75, grad_norm=0.5, loss=8.16335
I0911 22:41:29.068670 139924186363072 submission.py:307] 75) loss = 8.163, grad_norm = 0.500
I0911 22:41:29.498232 139895989171968 logging_writer.py:48] [76] global_step=76, grad_norm=0.5, loss=8.08835
I0911 22:41:29.501031 139924186363072 submission.py:307] 76) loss = 8.088, grad_norm = 0.500
I0911 22:41:29.930704 139895980779264 logging_writer.py:48] [77] global_step=77, grad_norm=0.5, loss=8.04184
I0911 22:41:29.933790 139924186363072 submission.py:307] 77) loss = 8.042, grad_norm = 0.500
I0911 22:41:30.362908 139895989171968 logging_writer.py:48] [78] global_step=78, grad_norm=0.5, loss=8.06165
I0911 22:41:30.365863 139924186363072 submission.py:307] 78) loss = 8.062, grad_norm = 0.500
I0911 22:41:30.795064 139895980779264 logging_writer.py:48] [79] global_step=79, grad_norm=0.5, loss=8.03416
I0911 22:41:30.797978 139924186363072 submission.py:307] 79) loss = 8.034, grad_norm = 0.500
I0911 22:41:31.228832 139895989171968 logging_writer.py:48] [80] global_step=80, grad_norm=0.5, loss=8.00398
I0911 22:41:31.231721 139924186363072 submission.py:307] 80) loss = 8.004, grad_norm = 0.500
I0911 22:41:31.660629 139895980779264 logging_writer.py:48] [81] global_step=81, grad_norm=0.5, loss=7.94552
I0911 22:41:31.663506 139924186363072 submission.py:307] 81) loss = 7.946, grad_norm = 0.500
I0911 22:41:32.093093 139895989171968 logging_writer.py:48] [82] global_step=82, grad_norm=0.5, loss=7.93415
I0911 22:41:32.095945 139924186363072 submission.py:307] 82) loss = 7.934, grad_norm = 0.500
I0911 22:41:32.526391 139895980779264 logging_writer.py:48] [83] global_step=83, grad_norm=0.5, loss=7.9515
I0911 22:41:32.529284 139924186363072 submission.py:307] 83) loss = 7.951, grad_norm = 0.500
I0911 22:41:32.958187 139895989171968 logging_writer.py:48] [84] global_step=84, grad_norm=0.5, loss=7.91131
I0911 22:41:32.960993 139924186363072 submission.py:307] 84) loss = 7.911, grad_norm = 0.500
I0911 22:41:33.391623 139895980779264 logging_writer.py:48] [85] global_step=85, grad_norm=0.5, loss=7.96782
I0911 22:41:33.394590 139924186363072 submission.py:307] 85) loss = 7.968, grad_norm = 0.500
I0911 22:41:33.823734 139895989171968 logging_writer.py:48] [86] global_step=86, grad_norm=0.5, loss=7.88392
I0911 22:41:33.826673 139924186363072 submission.py:307] 86) loss = 7.884, grad_norm = 0.500
I0911 22:41:34.253933 139895980779264 logging_writer.py:48] [87] global_step=87, grad_norm=0.5, loss=7.87876
I0911 22:41:34.256865 139924186363072 submission.py:307] 87) loss = 7.879, grad_norm = 0.500
I0911 22:41:34.686421 139895989171968 logging_writer.py:48] [88] global_step=88, grad_norm=0.5, loss=7.7976
I0911 22:41:34.689280 139924186363072 submission.py:307] 88) loss = 7.798, grad_norm = 0.500
I0911 22:41:35.119967 139895980779264 logging_writer.py:48] [89] global_step=89, grad_norm=0.5, loss=7.78565
I0911 22:41:35.122957 139924186363072 submission.py:307] 89) loss = 7.786, grad_norm = 0.500
I0911 22:41:35.552831 139895989171968 logging_writer.py:48] [90] global_step=90, grad_norm=0.5, loss=7.75302
I0911 22:41:35.555739 139924186363072 submission.py:307] 90) loss = 7.753, grad_norm = 0.500
I0911 22:41:35.985381 139895980779264 logging_writer.py:48] [91] global_step=91, grad_norm=0.5, loss=7.84193
I0911 22:41:35.988218 139924186363072 submission.py:307] 91) loss = 7.842, grad_norm = 0.500
I0911 22:41:36.418313 139895989171968 logging_writer.py:48] [92] global_step=92, grad_norm=0.5, loss=7.80588
I0911 22:41:36.421234 139924186363072 submission.py:307] 92) loss = 7.806, grad_norm = 0.500
I0911 22:41:36.851115 139895980779264 logging_writer.py:48] [93] global_step=93, grad_norm=0.5, loss=7.74813
I0911 22:41:36.854030 139924186363072 submission.py:307] 93) loss = 7.748, grad_norm = 0.500
I0911 22:41:37.285704 139895989171968 logging_writer.py:48] [94] global_step=94, grad_norm=0.5, loss=7.79352
I0911 22:41:37.288572 139924186363072 submission.py:307] 94) loss = 7.794, grad_norm = 0.500
I0911 22:41:37.717504 139895980779264 logging_writer.py:48] [95] global_step=95, grad_norm=0.5, loss=7.75346
I0911 22:41:37.720786 139924186363072 submission.py:307] 95) loss = 7.753, grad_norm = 0.500
I0911 22:41:38.149924 139895989171968 logging_writer.py:48] [96] global_step=96, grad_norm=0.5, loss=7.67701
I0911 22:41:38.152797 139924186363072 submission.py:307] 96) loss = 7.677, grad_norm = 0.500
I0911 22:41:38.582348 139895980779264 logging_writer.py:48] [97] global_step=97, grad_norm=0.5, loss=7.7434
I0911 22:41:38.585298 139924186363072 submission.py:307] 97) loss = 7.743, grad_norm = 0.500
I0911 22:41:39.014595 139895989171968 logging_writer.py:48] [98] global_step=98, grad_norm=0.5, loss=7.76799
I0911 22:41:39.017626 139924186363072 submission.py:307] 98) loss = 7.768, grad_norm = 0.500
I0911 22:41:39.447905 139895980779264 logging_writer.py:48] [99] global_step=99, grad_norm=0.5, loss=7.66764
I0911 22:41:39.450856 139924186363072 submission.py:307] 99) loss = 7.668, grad_norm = 0.500
I0911 22:41:39.881055 139895989171968 logging_writer.py:48] [100] global_step=100, grad_norm=0.5, loss=7.61253
I0911 22:41:39.883958 139924186363072 submission.py:307] 100) loss = 7.613, grad_norm = 0.500
I0911 22:44:27.607244 139895980779264 logging_writer.py:48] [500] global_step=500, grad_norm=0.5, loss=5.62951
I0911 22:44:27.610667 139924186363072 submission.py:307] 500) loss = 5.630, grad_norm = 0.500
I0911 22:47:57.622242 139895989171968 logging_writer.py:48] [1000] global_step=1000, grad_norm=0.499999, loss=4.55093
I0911 22:47:57.625794 139924186363072 submission.py:307] 1000) loss = 4.551, grad_norm = 0.500
I0911 22:51:27.719006 139895980779264 logging_writer.py:48] [1500] global_step=1500, grad_norm=0.480317, loss=4.19094
I0911 22:51:27.722259 139924186363072 submission.py:307] 1500) loss = 4.191, grad_norm = 0.480
I0911 22:54:57.777423 139895989171968 logging_writer.py:48] [2000] global_step=2000, grad_norm=0.312001, loss=3.93401
I0911 22:54:57.780482 139924186363072 submission.py:307] 2000) loss = 3.934, grad_norm = 0.312
I0911 22:58:27.870755 139895980779264 logging_writer.py:48] [2500] global_step=2500, grad_norm=0.300649, loss=3.88784
I0911 22:58:27.874035 139924186363072 submission.py:307] 2500) loss = 3.888, grad_norm = 0.301
I0911 23:01:57.967801 139895989171968 logging_writer.py:48] [3000] global_step=3000, grad_norm=0.280996, loss=3.68137
I0911 23:01:57.970960 139924186363072 submission.py:307] 3000) loss = 3.681, grad_norm = 0.281
I0911 23:05:28.011390 139895980779264 logging_writer.py:48] [3500] global_step=3500, grad_norm=0.262206, loss=3.69535
I0911 23:05:28.014337 139924186363072 submission.py:307] 3500) loss = 3.695, grad_norm = 0.262
I0911 23:08:58.060926 139895989171968 logging_writer.py:48] [4000] global_step=4000, grad_norm=0.232976, loss=3.50962
I0911 23:08:58.063969 139924186363072 submission.py:307] 4000) loss = 3.510, grad_norm = 0.233
I0911 23:12:28.147549 139895980779264 logging_writer.py:48] [4500] global_step=4500, grad_norm=0.21975, loss=3.59591
I0911 23:12:28.150736 139924186363072 submission.py:307] 4500) loss = 3.596, grad_norm = 0.220
I0911 23:15:58.226694 139895989171968 logging_writer.py:48] [5000] global_step=5000, grad_norm=0.210281, loss=3.42363
I0911 23:15:58.229922 139924186363072 submission.py:307] 5000) loss = 3.424, grad_norm = 0.210
I0911 23:19:28.291715 139895980779264 logging_writer.py:48] [5500] global_step=5500, grad_norm=0.198051, loss=3.51651
I0911 23:19:28.295031 139924186363072 submission.py:307] 5500) loss = 3.517, grad_norm = 0.198
I0911 23:22:58.327363 139895989171968 logging_writer.py:48] [6000] global_step=6000, grad_norm=0.187839, loss=3.43879
I0911 23:22:58.330412 139924186363072 submission.py:307] 6000) loss = 3.439, grad_norm = 0.188
I0911 23:23:47.205816 139924186363072 spec.py:333] Evaluating on the training split.
I0911 23:24:04.969696 139924186363072 spec.py:346] Evaluating on the validation split.
I0911 23:26:56.114624 139924186363072 spec.py:363] Evaluating on the test split.
I0911 23:26:56.115228 139924186363072 submission_runner.py:516] Time since start: 3030.71s, 	Step: 6116, 	{'train/loss': 3.46959228515625, 'train/ppl': 32.123642488533434, 'validation/loss': 3.4614988361173276, 'validation/ppl': 31.86470070464744, 'validation/num_examples': 100000, 'test/loss': 0.0, 'test/ppl': 1.0, 'test/num_examples': 0, 'score': 2611.8812248706818, 'total_duration': 3030.7117323875427, 'accumulated_submission_time': 2611.8812248706818, 'accumulated_eval_time': 414.7203345298767, 'accumulated_logging_time': 0.027541399002075195}
I0911 23:26:56.137340 139895980779264 logging_writer.py:48] [6116] accumulated_eval_time=414.72, accumulated_logging_time=0.0275414, accumulated_submission_time=2611.88, global_step=6116, preemption_count=0, score=2611.88, test/loss=0, test/num_examples=0, test/ppl=1, total_duration=3030.71, train/loss=3.46959, train/ppl=32.1236, validation/loss=3.4615, validation/num_examples=100000, validation/ppl=31.8647
I0911 23:29:38.694657 139895989171968 logging_writer.py:48] [6500] global_step=6500, grad_norm=0.18351, loss=3.48661
I0911 23:29:38.697672 139924186363072 submission.py:307] 6500) loss = 3.487, grad_norm = 0.184
I0911 23:33:08.760053 139895980779264 logging_writer.py:48] [7000] global_step=7000, grad_norm=0.175992, loss=3.43592
I0911 23:33:08.763058 139924186363072 submission.py:307] 7000) loss = 3.436, grad_norm = 0.176
I0911 23:36:38.850028 139895989171968 logging_writer.py:48] [7500] global_step=7500, grad_norm=0.163185, loss=3.38235
I0911 23:36:38.853128 139924186363072 submission.py:307] 7500) loss = 3.382, grad_norm = 0.163
I0911 23:40:08.956355 139895980779264 logging_writer.py:48] [8000] global_step=8000, grad_norm=0.15939, loss=3.30425
I0911 23:40:08.959726 139924186363072 submission.py:307] 8000) loss = 3.304, grad_norm = 0.159
I0911 23:43:39.067935 139895989171968 logging_writer.py:48] [8500] global_step=8500, grad_norm=0.157463, loss=3.40771
I0911 23:43:39.070963 139924186363072 submission.py:307] 8500) loss = 3.408, grad_norm = 0.157
I0911 23:47:09.158224 139895980779264 logging_writer.py:48] [9000] global_step=9000, grad_norm=0.153076, loss=3.28958
I0911 23:47:09.161600 139924186363072 submission.py:307] 9000) loss = 3.290, grad_norm = 0.153
I0911 23:50:39.282922 139895989171968 logging_writer.py:48] [9500] global_step=9500, grad_norm=0.145874, loss=3.27782
I0911 23:50:39.286069 139924186363072 submission.py:307] 9500) loss = 3.278, grad_norm = 0.146
I0911 23:54:09.284416 139895980779264 logging_writer.py:48] [10000] global_step=10000, grad_norm=0.137663, loss=3.28301
I0911 23:54:09.287517 139924186363072 submission.py:307] 10000) loss = 3.283, grad_norm = 0.138
I0911 23:57:39.257245 139895989171968 logging_writer.py:48] [10500] global_step=10500, grad_norm=0.1394, loss=3.28406
I0911 23:57:39.260205 139924186363072 submission.py:307] 10500) loss = 3.284, grad_norm = 0.139
I0912 00:01:09.200792 139895980779264 logging_writer.py:48] [11000] global_step=11000, grad_norm=0.136365, loss=3.35699
I0912 00:01:09.203955 139924186363072 submission.py:307] 11000) loss = 3.357, grad_norm = 0.136
I0912 00:04:39.054793 139895989171968 logging_writer.py:48] [11500] global_step=11500, grad_norm=0.132588, loss=3.34043
I0912 00:04:39.058045 139924186363072 submission.py:307] 11500) loss = 3.340, grad_norm = 0.133
I0912 00:08:08.913104 139895980779264 logging_writer.py:48] [12000] global_step=12000, grad_norm=0.129125, loss=3.26222
I0912 00:08:08.916135 139924186363072 submission.py:307] 12000) loss = 3.262, grad_norm = 0.129
I0912 00:09:47.697701 139924186363072 spec.py:333] Evaluating on the training split.
I0912 00:10:05.370584 139924186363072 spec.py:346] Evaluating on the validation split.
I0912 00:12:56.371982 139924186363072 spec.py:363] Evaluating on the test split.
I0912 00:12:56.372583 139924186363072 submission_runner.py:516] Time since start: 5790.97s, 	Step: 12235, 	{'train/loss': 3.29146728515625, 'train/ppl': 26.882278700775778, 'validation/loss': 3.280596876998082, 'validation/ppl': 26.591639902217743, 'validation/num_examples': 100000, 'test/loss': 0.0, 'test/ppl': 1.0, 'test/num_examples': 0, 'score': 5180.229433774948, 'total_duration': 5790.969086408615, 'accumulated_submission_time': 5180.229433774948, 'accumulated_eval_time': 603.395170211792, 'accumulated_logging_time': 0.057312726974487305}
I0912 00:12:56.392792 139895989171968 logging_writer.py:48] [12235] accumulated_eval_time=603.395, accumulated_logging_time=0.0573127, accumulated_submission_time=5180.23, global_step=12235, preemption_count=0, score=5180.23, test/loss=0, test/num_examples=0, test/ppl=1, total_duration=5790.97, train/loss=3.29147, train/ppl=26.8823, validation/loss=3.2806, validation/num_examples=100000, validation/ppl=26.5916
I0912 00:14:48.470940 139895980779264 logging_writer.py:48] [12500] global_step=12500, grad_norm=0.125816, loss=3.19922
I0912 00:14:48.473963 139924186363072 submission.py:307] 12500) loss = 3.199, grad_norm = 0.126
I0912 00:18:18.086942 139895989171968 logging_writer.py:48] [13000] global_step=13000, grad_norm=0.12033, loss=3.2214
I0912 00:18:18.090026 139924186363072 submission.py:307] 13000) loss = 3.221, grad_norm = 0.120
I0912 00:21:47.871868 139895980779264 logging_writer.py:48] [13500] global_step=13500, grad_norm=0.119344, loss=3.17723
I0912 00:21:47.874928 139924186363072 submission.py:307] 13500) loss = 3.177, grad_norm = 0.119
I0912 00:25:17.626703 139895989171968 logging_writer.py:48] [14000] global_step=14000, grad_norm=0.118241, loss=3.31098
I0912 00:25:17.629903 139924186363072 submission.py:307] 14000) loss = 3.311, grad_norm = 0.118
I0912 00:28:47.319238 139895980779264 logging_writer.py:48] [14500] global_step=14500, grad_norm=0.117236, loss=3.28337
I0912 00:28:47.322334 139924186363072 submission.py:307] 14500) loss = 3.283, grad_norm = 0.117
I0912 00:32:17.117357 139895989171968 logging_writer.py:48] [15000] global_step=15000, grad_norm=0.113259, loss=3.14952
I0912 00:32:17.120329 139924186363072 submission.py:307] 15000) loss = 3.150, grad_norm = 0.113
I0912 00:35:46.927402 139895980779264 logging_writer.py:48] [15500] global_step=15500, grad_norm=0.109029, loss=3.10191
I0912 00:35:46.930446 139924186363072 submission.py:307] 15500) loss = 3.102, grad_norm = 0.109
I0912 00:39:16.695101 139895989171968 logging_writer.py:48] [16000] global_step=16000, grad_norm=0.109891, loss=3.24456
I0912 00:39:16.698216 139924186363072 submission.py:307] 16000) loss = 3.245, grad_norm = 0.110
I0912 00:42:46.432888 139895980779264 logging_writer.py:48] [16500] global_step=16500, grad_norm=0.10648, loss=3.16352
I0912 00:42:46.435959 139924186363072 submission.py:307] 16500) loss = 3.164, grad_norm = 0.106
I0912 00:46:16.166957 139895989171968 logging_writer.py:48] [17000] global_step=17000, grad_norm=0.103878, loss=3.22431
I0912 00:46:16.170110 139924186363072 submission.py:307] 17000) loss = 3.224, grad_norm = 0.104
I0912 00:49:45.929859 139895980779264 logging_writer.py:48] [17500] global_step=17500, grad_norm=0.106013, loss=3.12073
I0912 00:49:45.933386 139924186363072 submission.py:307] 17500) loss = 3.121, grad_norm = 0.106
I0912 00:53:15.668147 139895989171968 logging_writer.py:48] [18000] global_step=18000, grad_norm=0.102087, loss=3.22557
I0912 00:53:15.671164 139924186363072 submission.py:307] 18000) loss = 3.226, grad_norm = 0.102
I0912 00:55:48.059669 139924186363072 spec.py:333] Evaluating on the training split.
I0912 00:56:05.754373 139924186363072 spec.py:346] Evaluating on the validation split.
I0912 00:58:56.913480 139924186363072 spec.py:363] Evaluating on the test split.
I0912 00:58:56.914083 139924186363072 submission_runner.py:516] Time since start: 8551.51s, 	Step: 18363, 	{'train/loss': 3.2044586181640624, 'train/ppl': 24.642155589132592, 'validation/loss': 3.1929507048233696, 'validation/ppl': 24.360201262704976, 'validation/num_examples': 100000, 'test/loss': 0.0, 'test/ppl': 1.0, 'test/num_examples': 0, 'score': 7748.8618953228, 'total_duration': 8551.51058459282, 'accumulated_submission_time': 7748.8618953228, 'accumulated_eval_time': 792.2495367527008, 'accumulated_logging_time': 0.08498859405517578}
I0912 00:58:56.935828 139895980779264 logging_writer.py:48] [18363] accumulated_eval_time=792.25, accumulated_logging_time=0.0849886, accumulated_submission_time=7748.86, global_step=18363, preemption_count=0, score=7748.86, test/loss=0, test/num_examples=0, test/ppl=1, total_duration=8551.51, train/loss=3.20446, train/ppl=24.6422, validation/loss=3.19295, validation/num_examples=100000, validation/ppl=24.3602
I0912 00:59:55.520708 139895989171968 logging_writer.py:48] [18500] global_step=18500, grad_norm=0.103941, loss=3.12877
I0912 00:59:55.523737 139924186363072 submission.py:307] 18500) loss = 3.129, grad_norm = 0.104
I0912 01:03:25.097697 139895980779264 logging_writer.py:48] [19000] global_step=19000, grad_norm=0.108919, loss=3.18669
I0912 01:03:25.100942 139924186363072 submission.py:307] 19000) loss = 3.187, grad_norm = 0.109
I0912 01:06:54.929475 139895989171968 logging_writer.py:48] [19500] global_step=19500, grad_norm=0.0981462, loss=3.15186
I0912 01:06:54.932518 139924186363072 submission.py:307] 19500) loss = 3.152, grad_norm = 0.098
I0912 01:10:24.708503 139895980779264 logging_writer.py:48] [20000] global_step=20000, grad_norm=0.101852, loss=3.04596
I0912 01:10:24.711560 139924186363072 submission.py:307] 20000) loss = 3.046, grad_norm = 0.102
I0912 01:13:54.518823 139895989171968 logging_writer.py:48] [20500] global_step=20500, grad_norm=0.0998804, loss=3.18407
I0912 01:13:54.521867 139924186363072 submission.py:307] 20500) loss = 3.184, grad_norm = 0.100
I0912 01:17:24.334611 139895980779264 logging_writer.py:48] [21000] global_step=21000, grad_norm=0.0981251, loss=3.1658
I0912 01:17:24.337704 139924186363072 submission.py:307] 21000) loss = 3.166, grad_norm = 0.098
I0912 01:20:54.164061 139895989171968 logging_writer.py:48] [21500] global_step=21500, grad_norm=0.0915616, loss=3.09324
I0912 01:20:54.166954 139924186363072 submission.py:307] 21500) loss = 3.093, grad_norm = 0.092
I0912 01:24:24.026594 139895980779264 logging_writer.py:48] [22000] global_step=22000, grad_norm=0.0948603, loss=3.16961
I0912 01:24:24.029630 139924186363072 submission.py:307] 22000) loss = 3.170, grad_norm = 0.095
I0912 01:27:53.807242 139895989171968 logging_writer.py:48] [22500] global_step=22500, grad_norm=0.0916049, loss=3.18716
I0912 01:27:53.810465 139924186363072 submission.py:307] 22500) loss = 3.187, grad_norm = 0.092
I0912 01:31:23.544998 139895980779264 logging_writer.py:48] [23000] global_step=23000, grad_norm=0.0921158, loss=3.2415
I0912 01:31:23.547962 139924186363072 submission.py:307] 23000) loss = 3.241, grad_norm = 0.092
I0912 01:34:53.256163 139895989171968 logging_writer.py:48] [23500] global_step=23500, grad_norm=0.0993161, loss=3.24387
I0912 01:34:53.259048 139924186363072 submission.py:307] 23500) loss = 3.244, grad_norm = 0.099
I0912 01:38:22.998920 139895980779264 logging_writer.py:48] [24000] global_step=24000, grad_norm=0.0904274, loss=3.09541
I0912 01:38:23.002022 139924186363072 submission.py:307] 24000) loss = 3.095, grad_norm = 0.090
I0912 01:41:48.685955 139924186363072 spec.py:333] Evaluating on the training split.
I0912 01:42:06.347743 139924186363072 spec.py:346] Evaluating on the validation split.
I0912 01:44:57.182804 139924186363072 spec.py:363] Evaluating on the test split.
I0912 01:44:57.183420 139924186363072 submission_runner.py:516] Time since start: 11311.78s, 	Step: 24490, 	{'train/loss': 3.1459590911865236, 'train/ppl': 23.24195594217749, 'validation/loss': 3.134155585637788, 'validation/ppl': 22.969232101313764, 'validation/num_examples': 100000, 'test/loss': 0.0, 'test/ppl': 1.0, 'test/num_examples': 0, 'score': 10317.612355232239, 'total_duration': 11311.779911279678, 'accumulated_submission_time': 10317.612355232239, 'accumulated_eval_time': 980.7469322681427, 'accumulated_logging_time': 0.11410927772521973}
I0912 01:44:57.207840 139895989171968 logging_writer.py:48] [24490] accumulated_eval_time=980.747, accumulated_logging_time=0.114109, accumulated_submission_time=10317.6, global_step=24490, preemption_count=0, score=10317.6, test/loss=0, test/num_examples=0, test/ppl=1, total_duration=11311.8, train/loss=3.14596, train/ppl=23.242, validation/loss=3.13416, validation/num_examples=100000, validation/ppl=22.9692
I0912 01:45:02.697284 139895980779264 logging_writer.py:48] [24500] global_step=24500, grad_norm=0.0911131, loss=3.14831
I0912 01:45:02.700088 139924186363072 submission.py:307] 24500) loss = 3.148, grad_norm = 0.091
I0912 01:48:31.953239 139895989171968 logging_writer.py:48] [25000] global_step=25000, grad_norm=0.087336, loss=3.1186
I0912 01:48:31.956254 139924186363072 submission.py:307] 25000) loss = 3.119, grad_norm = 0.087
I0912 01:52:01.634495 139895980779264 logging_writer.py:48] [25500] global_step=25500, grad_norm=0.0872186, loss=3.05995
I0912 01:52:01.637486 139924186363072 submission.py:307] 25500) loss = 3.060, grad_norm = 0.087
I0912 01:55:31.356534 139895989171968 logging_writer.py:48] [26000] global_step=26000, grad_norm=0.0964388, loss=3.04478
I0912 01:55:31.359647 139924186363072 submission.py:307] 26000) loss = 3.045, grad_norm = 0.096
I0912 01:59:01.017215 139895980779264 logging_writer.py:48] [26500] global_step=26500, grad_norm=0.087137, loss=3.02721
I0912 01:59:01.020203 139924186363072 submission.py:307] 26500) loss = 3.027, grad_norm = 0.087
I0912 02:02:30.767241 139895989171968 logging_writer.py:48] [27000] global_step=27000, grad_norm=0.0831365, loss=2.99767
I0912 02:02:30.770340 139924186363072 submission.py:307] 27000) loss = 2.998, grad_norm = 0.083
I0912 02:06:00.556016 139895980779264 logging_writer.py:48] [27500] global_step=27500, grad_norm=0.0857155, loss=3.13677
I0912 02:06:00.559036 139924186363072 submission.py:307] 27500) loss = 3.137, grad_norm = 0.086
I0912 02:09:30.291144 139895989171968 logging_writer.py:48] [28000] global_step=28000, grad_norm=0.0931385, loss=3.14298
I0912 02:09:30.294214 139924186363072 submission.py:307] 28000) loss = 3.143, grad_norm = 0.093
I0912 02:13:00.083648 139895980779264 logging_writer.py:48] [28500] global_step=28500, grad_norm=0.089762, loss=3.1517
I0912 02:13:00.086574 139924186363072 submission.py:307] 28500) loss = 3.152, grad_norm = 0.090
I0912 02:16:29.835151 139895989171968 logging_writer.py:48] [29000] global_step=29000, grad_norm=0.0879644, loss=3.0691
I0912 02:16:29.838304 139924186363072 submission.py:307] 29000) loss = 3.069, grad_norm = 0.088
I0912 02:19:59.533909 139895980779264 logging_writer.py:48] [29500] global_step=29500, grad_norm=0.083369, loss=3.04432
I0912 02:19:59.536926 139924186363072 submission.py:307] 29500) loss = 3.044, grad_norm = 0.083
I0912 02:23:29.291051 139895989171968 logging_writer.py:48] [30000] global_step=30000, grad_norm=0.0854799, loss=3.02347
I0912 02:23:29.293978 139924186363072 submission.py:307] 30000) loss = 3.023, grad_norm = 0.085
I0912 02:26:59.043364 139895980779264 logging_writer.py:48] [30500] global_step=30500, grad_norm=0.0846618, loss=3.11224
I0912 02:26:59.046449 139924186363072 submission.py:307] 30500) loss = 3.112, grad_norm = 0.085
I0912 02:27:49.107970 139924186363072 spec.py:333] Evaluating on the training split.
I0912 02:28:06.800046 139924186363072 spec.py:346] Evaluating on the validation split.
I0912 02:30:58.100536 139924186363072 spec.py:363] Evaluating on the test split.
I0912 02:30:58.101159 139924186363072 submission_runner.py:516] Time since start: 14072.70s, 	Step: 30619, 	{'train/loss': 3.099249076843262, 'train/ppl': 22.181288582778382, 'validation/loss': 3.0879880314897696, 'validation/ppl': 21.932905238908088, 'validation/num_examples': 100000, 'test/loss': 0.0, 'test/ppl': 1.0, 'test/num_examples': 0, 'score': 12886.524369478226, 'total_duration': 14072.697648763657, 'accumulated_submission_time': 12886.524369478226, 'accumulated_eval_time': 1169.7400870323181, 'accumulated_logging_time': 0.14608383178710938}
I0912 02:30:58.123644 139895989171968 logging_writer.py:48] [30619] accumulated_eval_time=1169.74, accumulated_logging_time=0.146084, accumulated_submission_time=12886.5, global_step=30619, preemption_count=0, score=12886.5, test/loss=0, test/num_examples=0, test/ppl=1, total_duration=14072.7, train/loss=3.09925, train/ppl=22.1813, validation/loss=3.08799, validation/num_examples=100000, validation/ppl=21.9329
I0912 02:30:58.660858 139895980779264 logging_writer.py:48] [30619] global_step=30619, preemption_count=0, score=12886.5
I0912 02:30:58.669167 139924186363072 submission_runner.py:857] Final finewebedu_lm score: 12886.524369478226
