	_orig_mod.module.encoder.encoder.layers.4.linear2.bias (ndim=1)
	_orig_mod.module.encoder.encoder.layers.4.norm1.weight (ndim=1)
	_orig_mod.module.encoder.encoder.layers.4.norm1.bias (ndim=1)
	_orig_mod.module.encoder.encoder.layers.4.norm2.weight (ndim=1)
	_orig_mod.module.encoder.encoder.layers.4.norm2.bias (ndim=1)
	_orig_mod.module.encoder.encoder.layers.5.linear1.bias (ndim=1)
	_orig_mod.module.encoder.encoder.layers.5.linear2.bias (ndim=1)
	_orig_mod.module.encoder.encoder.layers.5.norm1.weight (ndim=1)
	_orig_mod.module.encoder.encoder.layers.5.norm1.bias (ndim=1)
	_orig_mod.module.encoder.encoder.layers.5.norm2.weight (ndim=1)
	_orig_mod.module.encoder.encoder.layers.5.norm2.bias (ndim=1)
	_orig_mod.module.encoder.encoder.norm.weight (ndim=1)
	_orig_mod.module.encoder.encoder.norm.bias (ndim=1)
	_orig_mod.module.decoder.decoder.layers.0.linear1.bias (ndim=1)
	_orig_mod.module.decoder.decoder.layers.0.linear2.bias (ndim=1)
	_orig_mod.module.decoder.decoder.layers.0.norm1.weight (ndim=1)
	_orig_mod.module.decoder.decoder.layers.0.norm1.bias (ndim=1)
	_orig_mod.module.decoder.decoder.layers.0.norm2.weight (ndim=1)
	_orig_mod.module.decoder.decoder.layers.0.norm2.bias (ndim=1)
	_orig_mod.module.decoder.decoder.layers.0.norm3.weight (ndim=1)
	_orig_mod.module.decoder.decoder.layers.0.norm3.bias (ndim=1)
	_orig_mod.module.decoder.decoder.layers.1.linear1.bias (ndim=1)
	_orig_mod.module.decoder.decoder.layers.1.linear2.bias (ndim=1)
	_orig_mod.module.decoder.decoder.layers.1.norm1.weight (ndim=1)
	_orig_mod.module.decoder.decoder.layers.1.norm1.bias (ndim=1)
	_orig_mod.module.decoder.decoder.layers.1.norm2.weight (ndim=1)
	_orig_mod.module.decoder.decoder.layers.1.norm2.bias (ndim=1)
	_orig_mod.module.decoder.decoder.layers.1.norm3.weight (ndim=1)
	_orig_mod.module.decoder.decoder.layers.1.norm3.bias (ndim=1)
	_orig_mod.module.decoder.decoder.layers.2.linear1.bias (ndim=1)
	_orig_mod.module.decoder.decoder.layers.2.linear2.bias (ndim=1)
	_orig_mod.module.decoder.decoder.layers.2.norm1.weight (ndim=1)
	_orig_mod.module.decoder.decoder.layers.2.norm1.bias (ndim=1)
	_orig_mod.module.decoder.decoder.layers.2.norm2.weight (ndim=1)
	_orig_mod.module.decoder.decoder.layers.2.norm2.bias (ndim=1)
	_orig_mod.module.decoder.decoder.layers.2.norm3.weight (ndim=1)
	_orig_mod.module.decoder.decoder.layers.2.norm3.bias (ndim=1)
	_orig_mod.module.decoder.decoder.layers.3.linear1.bias (ndim=1)
	_orig_mod.module.decoder.decoder.layers.3.linear2.bias (ndim=1)
	_orig_mod.module.decoder.decoder.layers.3.norm1.weight (ndim=1)
	_orig_mod.module.decoder.decoder.layers.3.norm1.bias (ndim=1)
	_orig_mod.module.decoder.decoder.layers.3.norm2.weight (ndim=1)
	_orig_mod.module.decoder.decoder.layers.3.norm2.bias (ndim=1)
	_orig_mod.module.decoder.decoder.layers.3.norm3.weight (ndim=1)
	_orig_mod.module.decoder.decoder.layers.3.norm3.bias (ndim=1)
	_orig_mod.module.decoder.decoder.layers.4.linear1.bias (ndim=1)
	_orig_mod.module.decoder.decoder.layers.4.linear2.bias (ndim=1)
	_orig_mod.module.decoder.decoder.layers.4.norm1.weight (ndim=1)
	_orig_mod.module.decoder.decoder.layers.4.norm1.bias (ndim=1)
	_orig_mod.module.decoder.decoder.layers.4.norm2.weight (ndim=1)
	_orig_mod.module.decoder.decoder.layers.4.norm2.bias (ndim=1)
	_orig_mod.module.decoder.decoder.layers.4.norm3.weight (ndim=1)
	_orig_mod.module.decoder.decoder.layers.4.norm3.bias (ndim=1)
	_orig_mod.module.decoder.decoder.layers.5.linear1.bias (ndim=1)
	_orig_mod.module.decoder.decoder.layers.5.linear2.bias (ndim=1)
	_orig_mod.module.decoder.decoder.layers.5.norm1.weight (ndim=1)
	_orig_mod.module.decoder.decoder.layers.5.norm1.bias (ndim=1)
	_orig_mod.module.decoder.decoder.layers.5.norm2.weight (ndim=1)
	_orig_mod.module.decoder.decoder.layers.5.norm2.bias (ndim=1)
	_orig_mod.module.decoder.decoder.layers.5.norm3.weight (ndim=1)
	_orig_mod.module.decoder.decoder.layers.5.norm3.bias (ndim=1)
	_orig_mod.module.decoder.decoder.norm.weight (ndim=1)
	_orig_mod.module.decoder.decoder.norm.bias (ndim=1)
I0615 20:37:42.054567 140068993791168 muon.py:228] Adam params:
	_orig_mod.module.shared_embedding.weight (ndim=2)
	_orig_mod.module.encoder.encoder.layers.0.linear1.bias (ndim=1)
	_orig_mod.module.encoder.encoder.layers.0.linear2.bias (ndim=1)
	_orig_mod.module.encoder.encoder.layers.0.norm1.weight (ndim=1)
	_orig_mod.module.encoder.encoder.layers.0.norm1.bias (ndim=1)
	_orig_mod.module.encoder.encoder.layers.0.norm2.weight (ndim=1)
	_orig_mod.module.encoder.encoder.layers.0.norm2.bias (ndim=1)
	_orig_mod.module.encoder.encoder.layers.1.linear1.bias (ndim=1)
	_orig_mod.module.encoder.encoder.layers.1.linear2.bias (ndim=1)
	_orig_mod.module.encoder.encoder.layers.1.norm1.weight (ndim=1)
	_orig_mod.module.encoder.encoder.layers.1.norm1.bias (ndim=1)
	_orig_mod.module.encoder.encoder.layers.1.norm2.weight (ndim=1)
	_orig_mod.module.encoder.encoder.layers.1.norm2.bias (ndim=1)
	_orig_mod.module.encoder.encoder.layers.2.linear1.bias (ndim=1)
	_orig_mod.module.encoder.encoder.layers.2.linear2.bias (ndim=1)
	_orig_mod.module.encoder.encoder.layers.2.norm1.weight (ndim=1)
	_orig_mod.module.encoder.encoder.layers.2.norm1.bias (ndim=1)
	_orig_mod.module.encoder.encoder.layers.2.norm2.weight (ndim=1)
	_orig_mod.module.encoder.encoder.layers.2.norm2.bias (ndim=1)
	_orig_mod.module.encoder.encoder.layers.3.linear1.bias (ndim=1)
	_orig_mod.module.encoder.encoder.layers.3.linear2.bias (ndim=1)
	_orig_mod.module.encoder.encoder.layers.3.norm1.weight (ndim=1)
	_orig_mod.module.encoder.encoder.layers.3.norm1.bias (ndim=1)
	_orig_mod.module.encoder.encoder.layers.3.norm2.weight (ndim=1)
	_orig_mod.module.encoder.encoder.layers.3.norm2.bias (ndim=1)
	_orig_mod.module.encoder.encoder.layers.4.linear1.bias (ndim=1)
	_orig_mod.module.encoder.encoder.layers.4.linear2.bias (ndim=1)
	_orig_mod.module.encoder.encoder.layers.4.norm1.weight (ndim=1)
	_orig_mod.module.encoder.encoder.layers.4.norm1.bias (ndim=1)
	_orig_mod.module.encoder.encoder.layers.4.norm2.weight (ndim=1)
	_orig_mod.module.encoder.encoder.layers.4.norm2.bias (ndim=1)
	_orig_mod.module.encoder.encoder.layers.5.linear1.bias (ndim=1)
	_orig_mod.module.encoder.encoder.layers.5.linear2.bias (ndim=1)
	_orig_mod.module.encoder.encoder.layers.5.norm1.weight (ndim=1)
	_orig_mod.module.encoder.encoder.layers.5.norm1.bias (ndim=1)
	_orig_mod.module.encoder.encoder.layers.5.norm2.weight (ndim=1)
	_orig_mod.module.encoder.encoder.layers.5.norm2.bias (ndim=1)
	_orig_mod.module.encoder.encoder.norm.weight (ndim=1)
	_orig_mod.module.encoder.encoder.norm.bias (ndim=1)
	_orig_mod.module.decoder.decoder.layers.0.linear1.bias (ndim=1)
	_orig_mod.module.decoder.decoder.layers.0.linear2.bias (ndim=1)
	_orig_mod.module.decoder.decoder.layers.0.norm1.weight (ndim=1)
	_orig_mod.module.decoder.decoder.layers.0.norm1.bias (ndim=1)
	_orig_mod.module.decoder.decoder.layers.0.norm2.weight (ndim=1)
	_orig_mod.module.decoder.decoder.layers.0.norm2.bias (ndim=1)
	_orig_mod.module.decoder.decoder.layers.0.norm3.weight (ndim=1)
	_orig_mod.module.decoder.decoder.layers.0.norm3.bias (ndim=1)
	_orig_mod.module.decoder.decoder.layers.1.linear1.bias (ndim=1)
	_orig_mod.module.decoder.decoder.layers.1.linear2.bias (ndim=1)
	_orig_mod.module.decoder.decoder.layers.1.norm1.weight (ndim=1)
	_orig_mod.module.decoder.decoder.layers.1.norm1.bias (ndim=1)
	_orig_mod.module.decoder.decoder.layers.1.norm2.weight (ndim=1)
	_orig_mod.module.decoder.decoder.layers.1.norm2.bias (ndim=1)
	_orig_mod.module.decoder.decoder.layers.1.norm3.weight (ndim=1)
	_orig_mod.module.decoder.decoder.layers.1.norm3.bias (ndim=1)
	_orig_mod.module.decoder.decoder.layers.2.linear1.bias (ndim=1)
	_orig_mod.module.decoder.decoder.layers.2.linear2.bias (ndim=1)
	_orig_mod.module.decoder.decoder.layers.2.norm1.weight (ndim=1)
	_orig_mod.module.decoder.decoder.layers.2.norm1.bias (ndim=1)
	_orig_mod.module.decoder.decoder.layers.2.norm2.weight (ndim=1)
	_orig_mod.module.decoder.decoder.layers.2.norm2.bias (ndim=1)
	_orig_mod.module.decoder.decoder.layers.2.norm3.weight (ndim=1)
	_orig_mod.module.decoder.decoder.layers.2.norm3.bias (ndim=1)
	_orig_mod.module.decoder.decoder.layers.3.linear1.bias (ndim=1)
	_orig_mod.module.decoder.decoder.layers.3.linear2.bias (ndim=1)
	_orig_mod.module.decoder.decoder.layers.3.norm1.weight (ndim=1)
	_orig_mod.module.decoder.decoder.layers.3.norm1.bias (ndim=1)
	_orig_mod.module.decoder.decoder.layers.3.norm2.weight (ndim=1)
	_orig_mod.module.decoder.decoder.layers.3.norm2.bias (ndim=1)
	_orig_mod.module.decoder.decoder.layers.3.norm3.weight (ndim=1)
	_orig_mod.module.decoder.decoder.layers.3.norm3.bias (ndim=1)
	_orig_mod.module.decoder.decoder.layers.4.linear1.bias (ndim=1)
	_orig_mod.module.decoder.decoder.layers.4.linear2.bias (ndim=1)
	_orig_mod.module.decoder.decoder.layers.4.norm1.weight (ndim=1)
	_orig_mod.module.decoder.decoder.layers.4.norm1.bias (ndim=1)
	_orig_mod.module.decoder.decoder.layers.4.norm2.weight (ndim=1)
	_orig_mod.module.decoder.decoder.layers.4.norm2.bias (ndim=1)
	_orig_mod.module.decoder.decoder.layers.4.norm3.weight (ndim=1)
	_orig_mod.module.decoder.decoder.layers.4.norm3.bias (ndim=1)
	_orig_mod.module.decoder.decoder.layers.5.linear1.bias (ndim=1)
	_orig_mod.module.decoder.decoder.layers.5.linear2.bias (ndim=1)
	_orig_mod.module.decoder.decoder.layers.5.norm1.weight (ndim=1)
	_orig_mod.module.decoder.decoder.layers.5.norm1.bias (ndim=1)
	_orig_mod.module.decoder.decoder.layers.5.norm2.weight (ndim=1)
	_orig_mod.module.decoder.decoder.layers.5.norm2.bias (ndim=1)
	_orig_mod.module.decoder.decoder.layers.5.norm3.weight (ndim=1)
	_orig_mod.module.decoder.decoder.layers.5.norm3.bias (ndim=1)
	_orig_mod.module.decoder.decoder.norm.weight (ndim=1)
	_orig_mod.module.decoder.decoder.norm.bias (ndim=1)
I0615 20:37:42.055134 140275042796736 submission_runner.py:299] Initializing metrics bundle.
I0615 20:37:42.055291 140275042796736 submission_runner.py:321] Initializing checkpoint and logger.
I0615 20:37:42.058019 140275042796736 submission_runner.py:344] Saving meta data to /experiment_runs/submissions_a100/muon_torch_replicated_torch_hps/study_2/wmt_pytorch/trial_1/meta_data_0.json.
I0615 20:37:42.058094 140228664820928 logger_utils.py:283] Unable to record workload.train_mean information. Continuing without it.
I0615 20:37:42.058096 139797589042368 logger_utils.py:283] Unable to record workload.train_mean information. Continuing without it.
I0615 20:37:42.058132 140068993791168 logger_utils.py:283] Unable to record workload.train_mean information. Continuing without it.
I0615 20:37:42.058215 140275042796736 logger_utils.py:283] Unable to record workload.train_mean information. Continuing without it.
I0615 20:37:42.058223 139797589042368 logger_utils.py:283] Unable to record workload.train_stddev information. Continuing without it.
I0615 20:37:42.058214 140228664820928 logger_utils.py:283] Unable to record workload.train_stddev information. Continuing without it.
I0615 20:37:42.058281 140275042796736 logger_utils.py:283] Unable to record workload.train_stddev information. Continuing without it.
I0615 20:37:42.058283 140068993791168 logger_utils.py:283] Unable to record workload.train_stddev information. Continuing without it.
I0615 20:37:42.513493 140275042796736 submission_runner.py:348] Saving flags to /experiment_runs/submissions_a100/muon_torch_replicated_torch_hps/study_2/wmt_pytorch/trial_1/flags_0.json.
I0615 20:37:42.599561 140275042796736 submission_runner.py:359] Starting training loop.
I0615 20:37:43.623923 140275042796736 dataset_info.py:707] Load dataset info from /data/wmt/wmt17_translate/de-en/1.0.0
I0615 20:37:43.643590 140275042796736 dataset_info.py:793] For 'wmt17_translate/de-en/1.0.0': fields info.[splits, supervised_keys] differ on disk and in the code. Keeping the one from code.
I0615 20:37:43.647294 140275042796736 reader.py:262] Creating a tf.data.Dataset reading 16 files located in folders: /data/wmt/wmt17_translate/de-en/1.0.0.
I0615 20:37:43.763540 140275042796736 logging_logger.py:49] Constructing tf.data.Dataset wmt17_translate for split train, from /data/wmt/wmt17_translate/de-en/1.0.0
[rank3]:W0615 20:37:46.306000 41 site-packages/torch/_logging/_internal.py:1199] [0/0] Profiler function <class 'torch.autograd.profiler.record_function'> will be ignored
[rank2]:W0615 20:37:46.306000 40 site-packages/torch/_logging/_internal.py:1199] [0/0] Profiler function <class 'torch.autograd.profiler.record_function'> will be ignored
[rank1]:W0615 20:37:46.306000 39 site-packages/torch/_logging/_internal.py:1199] [0/0] Profiler function <class 'torch.autograd.profiler.record_function'> will be ignored
[rank0]:W0615 20:37:46.697000 38 site-packages/torch/_logging/_internal.py:1199] [0/0] Profiler function <class 'torch.autograd.profiler.record_function'> will be ignored
I0615 20:39:17.103120 140275042796736 spec.py:333] Evaluating on the training split.
I0615 20:39:17.105360 140275042796736 dataset_info.py:707] Load dataset info from /data/wmt/wmt17_translate/de-en/1.0.0
I0615 20:39:17.107585 140275042796736 dataset_info.py:793] For 'wmt17_translate/de-en/1.0.0': fields info.[splits, supervised_keys] differ on disk and in the code. Keeping the one from code.
I0615 20:39:17.108608 140275042796736 reader.py:262] Creating a tf.data.Dataset reading 16 files located in folders: /data/wmt/wmt17_translate/de-en/1.0.0.
I0615 20:39:17.146343 140275042796736 logging_logger.py:49] Constructing tf.data.Dataset wmt17_translate for split train, from /data/wmt/wmt17_translate/de-en/1.0.0
/usr/local/lib/python3.11/site-packages/torch/_dynamo/variables/functions.py:1598: UserWarning: Dynamo does not know how to trace the builtin `torch._C._distributed_c10d.pybind11_detail_function_record_v1_system_libstdcpp_gxx_abi_1xxx_use_cxx11_abi_1._broadcast_coalesced.` This function is either a Python builtin (e.g. _warnings.warn) or a third-party C/C++ Python extension (perhaps created with pybind).
If it is a Python builtin, please file an issue on GitHub so the PyTorch team can add support for it and see the next case for a workaround.
If it is a third-party C/C++ Python extension, please either wrap it into a PyTorch-understood custom operator (see https://pytorch.org/tutorials/advanced/custom_ops_landing_page.html for more details) or, if it is traceable, use `torch.compiler.allow_in_graph`.
  torch._dynamo.utils.warn_once(explanation + "\n" + "\n".join(hints))
/usr/local/lib/python3.11/site-packages/torch/_dynamo/variables/functions.py:1598: UserWarning: Dynamo does not know how to trace the builtin `torch._C._distributed_c10d.pybind11_detail_function_record_v1_system_libstdcpp_gxx_abi_1xxx_use_cxx11_abi_1._broadcast_coalesced.` This function is either a Python builtin (e.g. _warnings.warn) or a third-party C/C++ Python extension (perhaps created with pybind).
If it is a Python builtin, please file an issue on GitHub so the PyTorch team can add support for it and see the next case for a workaround.
If it is a third-party C/C++ Python extension, please either wrap it into a PyTorch-understood custom operator (see https://pytorch.org/tutorials/advanced/custom_ops_landing_page.html for more details) or, if it is traceable, use `torch.compiler.allow_in_graph`.
  torch._dynamo.utils.warn_once(explanation + "\n" + "\n".join(hints))
/usr/local/lib/python3.11/site-packages/torch/_dynamo/variables/functions.py:1598: UserWarning: Dynamo does not know how to trace the builtin `torch._C._distributed_c10d.pybind11_detail_function_record_v1_system_libstdcpp_gxx_abi_1xxx_use_cxx11_abi_1._broadcast_coalesced.` This function is either a Python builtin (e.g. _warnings.warn) or a third-party C/C++ Python extension (perhaps created with pybind).
If it is a Python builtin, please file an issue on GitHub so the PyTorch team can add support for it and see the next case for a workaround.
If it is a third-party C/C++ Python extension, please either wrap it into a PyTorch-understood custom operator (see https://pytorch.org/tutorials/advanced/custom_ops_landing_page.html for more details) or, if it is traceable, use `torch.compiler.allow_in_graph`.
  torch._dynamo.utils.warn_once(explanation + "\n" + "\n".join(hints))
/usr/local/lib/python3.11/site-packages/torch/_dynamo/variables/functions.py:1598: UserWarning: Dynamo does not know how to trace the builtin `torch._C._distributed_c10d.pybind11_detail_function_record_v1_system_libstdcpp_gxx_abi_1xxx_use_cxx11_abi_1._broadcast_coalesced.` This function is either a Python builtin (e.g. _warnings.warn) or a third-party C/C++ Python extension (perhaps created with pybind).
If it is a Python builtin, please file an issue on GitHub so the PyTorch team can add support for it and see the next case for a workaround.
If it is a third-party C/C++ Python extension, please either wrap it into a PyTorch-understood custom operator (see https://pytorch.org/tutorials/advanced/custom_ops_landing_page.html for more details) or, if it is traceable, use `torch.compiler.allow_in_graph`.
  torch._dynamo.utils.warn_once(explanation + "\n" + "\n".join(hints))
I0615 20:39:41.373404 140275042796736 workload.py:152] Translating evaluation dataset.
I0615 20:41:57.892323 140275042796736 spec.py:346] Evaluating on the validation split.
I0615 20:41:57.961934 140275042796736 dataset_info.py:707] Load dataset info from /data/wmt/wmt14_translate/de-en/1.0.0
I0615 20:41:57.977220 140275042796736 dataset_info.py:793] For 'wmt14_translate/de-en/1.0.0': fields info.[splits, supervised_keys] differ on disk and in the code. Keeping the one from code.
I0615 20:41:57.978054 140275042796736 reader.py:262] Creating a tf.data.Dataset reading 1 files located in folders: /data/wmt/wmt14_translate/de-en/1.0.0.
I0615 20:41:58.015568 140275042796736 logging_logger.py:49] Constructing tf.data.Dataset wmt14_translate for split validation, from /data/wmt/wmt14_translate/de-en/1.0.0
I0615 20:42:00.370544 140275042796736 workload.py:152] Translating evaluation dataset.
I0615 20:44:13.231589 140275042796736 spec.py:363] Evaluating on the test split.
I0615 20:44:13.233963 140275042796736 dataset_info.py:707] Load dataset info from /data/wmt/wmt14_translate/de-en/1.0.0
I0615 20:44:13.236342 140275042796736 dataset_info.py:793] For 'wmt14_translate/de-en/1.0.0': fields info.[splits, supervised_keys] differ on disk and in the code. Keeping the one from code.
I0615 20:44:13.237121 140275042796736 reader.py:262] Creating a tf.data.Dataset reading 1 files located in folders: /data/wmt/wmt14_translate/de-en/1.0.0.
I0615 20:44:13.272546 140275042796736 logging_logger.py:49] Constructing tf.data.Dataset wmt14_translate for split test, from /data/wmt/wmt14_translate/de-en/1.0.0
I0615 20:44:15.632690 140275042796736 workload.py:152] Translating evaluation dataset.
I0615 20:46:28.528095 140275042796736 submission_runner.py:516] Time since start: 525.93s, 	Step: 1, 	{'train/accuracy': 0.0006274599281273173, 'train/loss': 11.851715532485311, 'train/bleu': 0.0, 'validation/accuracy': 0.00048356498989473163, 'validation/loss': 11.853833182477588, 'validation/bleu': 0.0, 'validation/num_examples': 3000, 'test/accuracy': 0.0007088489919237697, 'test/loss': 11.844730840741386, 'test/bleu': 0.0, 'test/num_examples': 3003, 'score': 93.86080646514893, 'total_duration': 525.9287388324738, 'accumulated_submission_time': 93.86080646514893, 'accumulated_eval_time': 431.4250068664551, 'accumulated_logging_time': 0}
I0615 20:46:28.668947 140246737950464 logging_writer.py:48] [1] accumulated_eval_time=431.425, accumulated_logging_time=0, accumulated_submission_time=93.8608, global_step=1, preemption_count=0, score=93.8608, test/accuracy=0.000708849, test/bleu=0, test/loss=11.8447, test/num_examples=3003, total_duration=525.929, train/accuracy=0.00062746, train/bleu=0, train/loss=11.8517, validation/accuracy=0.000483565, validation/bleu=0, validation/loss=11.8538, validation/num_examples=3000
I0615 20:57:13.287706 140275042796736 spec.py:333] Evaluating on the training split.
I0615 20:57:15.497231 140275042796736 workload.py:152] Translating evaluation dataset.
I0615 20:58:20.567055 140275042796736 spec.py:346] Evaluating on the validation split.
I0615 20:58:22.763649 140275042796736 workload.py:152] Translating evaluation dataset.
I0615 20:59:21.998537 140275042796736 spec.py:363] Evaluating on the test split.
I0615 20:59:24.196658 140275042796736 workload.py:152] Translating evaluation dataset.
I0615 21:00:18.878680 140275042796736 submission_runner.py:516] Time since start: 1356.28s, 	Step: 3476, 	{'train/accuracy': 0.5631987807236042, 'train/loss': 2.4031538255934306, 'train/bleu': 26.342727524275436, 'validation/accuracy': 0.5690320020830492, 'validation/loss': 2.327041434700128, 'validation/bleu': 22.10998798093317, 'validation/num_examples': 3000, 'test/accuracy': 0.5763871942362443, 'test/loss': 2.3059010226018244, 'test/bleu': 21.011867719635607, 'test/num_examples': 3003, 'score': 735.753892660141, 'total_duration': 1356.2793836593628, 'accumulated_submission_time': 735.753892660141, 'accumulated_eval_time': 617.0160686969757, 'accumulated_logging_time': 0.35806894302368164}
I0615 21:00:18.920287 140246729557760 logging_writer.py:48] [3476] accumulated_eval_time=617.016, accumulated_logging_time=0.358069, accumulated_submission_time=735.754, global_step=3476, preemption_count=0, score=735.754, test/accuracy=0.576387, test/bleu=21.0119, test/loss=2.3059, test/num_examples=3003, total_duration=1356.28, train/accuracy=0.563199, train/bleu=26.3427, train/loss=2.40315, validation/accuracy=0.569032, validation/bleu=22.11, validation/loss=2.32704, validation/num_examples=3000
I0615 21:11:03.600547 140275042796736 spec.py:333] Evaluating on the training split.
I0615 21:11:05.809440 140275042796736 workload.py:152] Translating evaluation dataset.
I0615 21:12:09.342410 140275042796736 spec.py:346] Evaluating on the validation split.
I0615 21:12:11.541460 140275042796736 workload.py:152] Translating evaluation dataset.
I0615 21:13:11.083201 140275042796736 spec.py:363] Evaluating on the test split.
I0615 21:13:13.279945 140275042796736 workload.py:152] Translating evaluation dataset.
I0615 21:14:07.088467 140275042796736 submission_runner.py:516] Time since start: 2184.49s, 	Step: 6956, 	{'train/accuracy': 0.6202000571591884, 'train/loss': 1.9563053729637039, 'train/bleu': 29.993287594910505, 'validation/accuracy': 0.6264522448574723, 'validation/loss': 1.9043099279612157, 'validation/bleu': 26.083538214986568, 'validation/num_examples': 3000, 'test/accuracy': 0.6325140898262739, 'test/loss': 1.8523558697925746, 'test/bleu': 24.819374636135013, 'test/num_examples': 3003, 'score': 1378.0437445640564, 'total_duration': 2184.4891650676727, 'accumulated_submission_time': 1378.0437445640564, 'accumulated_eval_time': 800.5040185451508, 'accumulated_logging_time': 0.4099414348602295}
I0615 21:14:07.128571 140246737950464 logging_writer.py:48] [6956] accumulated_eval_time=800.504, accumulated_logging_time=0.409941, accumulated_submission_time=1378.04, global_step=6956, preemption_count=0, score=1378.04, test/accuracy=0.632514, test/bleu=24.8194, test/loss=1.85236, test/num_examples=3003, total_duration=2184.49, train/accuracy=0.6202, train/bleu=29.9933, train/loss=1.95631, validation/accuracy=0.626452, validation/bleu=26.0835, validation/loss=1.90431, validation/num_examples=3000
I0615 21:24:51.878502 140275042796736 spec.py:333] Evaluating on the training split.
I0615 21:24:54.092711 140275042796736 workload.py:152] Translating evaluation dataset.
I0615 21:25:59.822806 140275042796736 spec.py:346] Evaluating on the validation split.
I0615 21:26:02.022342 140275042796736 workload.py:152] Translating evaluation dataset.
I0615 21:27:03.313357 140275042796736 spec.py:363] Evaluating on the test split.
I0615 21:27:05.516846 140275042796736 workload.py:152] Translating evaluation dataset.
I0615 21:27:58.807654 140275042796736 submission_runner.py:516] Time since start: 3016.21s, 	Step: 10442, 	{'train/accuracy': 0.6321823361823362, 'train/loss': 1.8819759615384615, 'train/bleu': 30.72323998099197, 'validation/accuracy': 0.6484978487557501, 'validation/loss': 1.7575260613631574, 'validation/bleu': 27.375034529742305, 'validation/num_examples': 3000, 'test/accuracy': 0.6555458718261576, 'test/loss': 1.696875, 'test/bleu': 26.425404591463618, 'test/num_examples': 3003, 'score': 2020.4094190597534, 'total_duration': 3016.2083184719086, 'accumulated_submission_time': 2020.4094190597534, 'accumulated_eval_time': 987.4332027435303, 'accumulated_logging_time': 0.4598886966705322}
I0615 21:27:58.851301 140246729557760 logging_writer.py:48] [10442] accumulated_eval_time=987.433, accumulated_logging_time=0.459889, accumulated_submission_time=2020.41, global_step=10442, preemption_count=0, score=2020.41, test/accuracy=0.655546, test/bleu=26.4254, test/loss=1.69687, test/num_examples=3003, total_duration=3016.21, train/accuracy=0.632182, train/bleu=30.7232, train/loss=1.88198, validation/accuracy=0.648498, validation/bleu=27.375, validation/loss=1.75753, validation/num_examples=3000
I0615 21:38:43.424761 140275042796736 spec.py:333] Evaluating on the training split.
I0615 21:38:45.634202 140275042796736 workload.py:152] Translating evaluation dataset.
I0615 21:40:07.915916 140275042796736 spec.py:346] Evaluating on the validation split.
I0615 21:40:10.112896 140275042796736 workload.py:152] Translating evaluation dataset.
I0615 21:41:09.539090 140275042796736 spec.py:363] Evaluating on the test split.
I0615 21:41:11.736488 140275042796736 workload.py:152] Translating evaluation dataset.
I0615 21:42:07.573421 140275042796736 submission_runner.py:516] Time since start: 3864.97s, 	Step: 13929, 	{'train/accuracy': 0.6474334871531932, 'train/loss': 1.7659888979091893, 'train/bleu': 31.914674281807272, 'validation/accuracy': 0.6568424446070105, 'validation/loss': 1.6915217650742087, 'validation/bleu': 27.83225004769624, 'validation/num_examples': 3000, 'test/accuracy': 0.6664691185869502, 'test/loss': 1.616942834524432, 'test/bleu': 27.394816729913433, 'test/num_examples': 3003, 'score': 2662.6032259464264, 'total_duration': 3864.974100828171, 'accumulated_submission_time': 2662.6032259464264, 'accumulated_eval_time': 1191.58189702034, 'accumulated_logging_time': 0.5136733055114746}
I0615 21:42:07.618088 140246737950464 logging_writer.py:48] [13929] accumulated_eval_time=1191.58, accumulated_logging_time=0.513673, accumulated_submission_time=2662.6, global_step=13929, preemption_count=0, score=2662.6, test/accuracy=0.666469, test/bleu=27.3948, test/loss=1.61694, test/num_examples=3003, total_duration=3864.97, train/accuracy=0.647433, train/bleu=31.9147, train/loss=1.76599, validation/accuracy=0.656842, validation/bleu=27.8323, validation/loss=1.69152, validation/num_examples=3000
I0615 21:52:52.206679 140275042796736 spec.py:333] Evaluating on the training split.
I0615 21:52:54.413189 140275042796736 workload.py:152] Translating evaluation dataset.
I0615 21:54:53.775617 140275042796736 spec.py:346] Evaluating on the validation split.
I0615 21:54:55.969678 140275042796736 workload.py:152] Translating evaluation dataset.
I0615 21:56:31.494025 140275042796736 spec.py:363] Evaluating on the test split.
I0615 21:56:33.685350 140275042796736 workload.py:152] Translating evaluation dataset.
I0615 21:58:01.487030 140275042796736 submission_runner.py:516] Time since start: 4818.89s, 	Step: 17413, 	{'train/accuracy': 0.6464540760588323, 'train/loss': 1.7691131740245403, 'train/bleu': 31.764321602091922, 'validation/accuracy': 0.664715874570681, 'validation/loss': 1.6467838665980583, 'validation/bleu': 28.596739118191937, 'validation/num_examples': 3000, 'test/accuracy': 0.6743826622508861, 'test/loss': 1.567015462494916, 'test/bleu': 28.244779361004436, 'test/num_examples': 3003, 'score': 3304.8257818222046, 'total_duration': 4818.887717962265, 'accumulated_submission_time': 3304.8257818222046, 'accumulated_eval_time': 1500.8622946739197, 'accumulated_logging_time': 0.5680463314056396}
I0615 21:58:01.529641 140246729557760 logging_writer.py:48] [17413] accumulated_eval_time=1500.86, accumulated_logging_time=0.568046, accumulated_submission_time=3304.83, global_step=17413, preemption_count=0, score=3304.83, test/accuracy=0.674383, test/bleu=28.2448, test/loss=1.56702, test/num_examples=3003, total_duration=4818.89, train/accuracy=0.646454, train/bleu=31.7643, train/loss=1.76911, validation/accuracy=0.664716, validation/bleu=28.5967, validation/loss=1.64678, validation/num_examples=3000
I0615 22:08:46.152306 140275042796736 spec.py:333] Evaluating on the training split.
I0615 22:08:48.358572 140275042796736 workload.py:152] Translating evaluation dataset.
I0615 22:10:56.185508 140275042796736 spec.py:346] Evaluating on the validation split.
I0615 22:10:58.376984 140275042796736 workload.py:152] Translating evaluation dataset.
I0615 22:12:35.939579 140275042796736 spec.py:363] Evaluating on the test split.
I0615 22:12:38.132897 140275042796736 workload.py:152] Translating evaluation dataset.
I0615 22:14:13.021922 140275042796736 submission_runner.py:516] Time since start: 5790.42s, 	Step: 20897, 	{'train/accuracy': 0.6560701593488478, 'train/loss': 1.6952720179410754, 'train/bleu': 31.583326778096207, 'validation/accuracy': 0.6696879145949833, 'validation/loss': 1.6123719986422982, 'validation/bleu': 27.78681404511686, 'validation/num_examples': 3000, 'test/accuracy': 0.6783917262216025, 'test/loss': 1.536152024867817, 'test/bleu': 28.189499554180667, 'test/num_examples': 3003, 'score': 3947.114112854004, 'total_duration': 5790.4226167202, 'accumulated_submission_time': 3947.114112854004, 'accumulated_eval_time': 1827.7319407463074, 'accumulated_logging_time': 0.6203949451446533}
I0615 22:14:13.064713 140246737950464 logging_writer.py:48] [20897] accumulated_eval_time=1827.73, accumulated_logging_time=0.620395, accumulated_submission_time=3947.11, global_step=20897, preemption_count=0, score=3947.11, test/accuracy=0.678392, test/bleu=28.1895, test/loss=1.53615, test/num_examples=3003, total_duration=5790.42, train/accuracy=0.65607, train/bleu=31.5833, train/loss=1.69527, validation/accuracy=0.669688, validation/bleu=27.7868, validation/loss=1.61237, validation/num_examples=3000
I0615 22:24:57.786656 140275042796736 spec.py:333] Evaluating on the training split.
I0615 22:24:59.989434 140275042796736 workload.py:152] Translating evaluation dataset.
I0615 22:26:24.133715 140275042796736 spec.py:346] Evaluating on the validation split.
I0615 22:26:26.324129 140275042796736 workload.py:152] Translating evaluation dataset.
I0615 22:27:28.895334 140275042796736 spec.py:363] Evaluating on the test split.
I0615 22:27:31.087603 140275042796736 workload.py:152] Translating evaluation dataset.
I0615 22:28:31.946846 140275042796736 submission_runner.py:516] Time since start: 6649.35s, 	Step: 24387, 	{'train/accuracy': 0.6567742523705324, 'train/loss': 1.7043416074033553, 'train/bleu': 32.32075238804849, 'validation/accuracy': 0.6736184300256661, 'validation/loss': 1.5862378876269358, 'validation/bleu': 29.277869827561794, 'validation/num_examples': 3000, 'test/accuracy': 0.685317529486956, 'test/loss': 1.500223875719017, 'test/bleu': 28.77393322512011, 'test/num_examples': 3003, 'score': 4589.533879518509, 'total_duration': 6649.347509622574, 'accumulated_submission_time': 4589.533879518509, 'accumulated_eval_time': 2041.8921189308167, 'accumulated_logging_time': 0.6731348037719727}
I0615 22:28:31.993158 140246729557760 logging_writer.py:48] [24387] accumulated_eval_time=2041.89, accumulated_logging_time=0.673135, accumulated_submission_time=4589.53, global_step=24387, preemption_count=0, score=4589.53, test/accuracy=0.685318, test/bleu=28.7739, test/loss=1.50022, test/num_examples=3003, total_duration=6649.35, train/accuracy=0.656774, train/bleu=32.3208, train/loss=1.70434, validation/accuracy=0.673618, validation/bleu=29.2779, validation/loss=1.58624, validation/num_examples=3000
I0615 22:39:16.696017 140275042796736 spec.py:333] Evaluating on the training split.
I0615 22:39:18.900154 140275042796736 workload.py:152] Translating evaluation dataset.
I0615 22:40:55.101714 140275042796736 spec.py:346] Evaluating on the validation split.
I0615 22:40:57.291093 140275042796736 workload.py:152] Translating evaluation dataset.
I0615 22:42:17.511966 140275042796736 spec.py:363] Evaluating on the test split.
I0615 22:42:19.702951 140275042796736 workload.py:152] Translating evaluation dataset.
I0615 22:43:35.088001 140275042796736 submission_runner.py:516] Time since start: 7552.49s, 	Step: 27875, 	{'train/accuracy': 0.6647389594952912, 'train/loss': 1.6447678679596782, 'train/bleu': 32.75323847595316, 'validation/accuracy': 0.6768421966249644, 'validation/loss': 1.5724646160617972, 'validation/bleu': 29.250889500073175, 'validation/num_examples': 3000, 'test/accuracy': 0.6869211550752425, 'test/loss': 1.4822052393817906, 'test/bleu': 28.79829061317746, 'test/num_examples': 3003, 'score': 5231.945223331451, 'total_duration': 7552.488684654236, 'accumulated_submission_time': 5231.945223331451, 'accumulated_eval_time': 2300.2841267585754, 'accumulated_logging_time': 0.7304377555847168}
I0615 22:43:35.127563 140246737950464 logging_writer.py:48] [27875] accumulated_eval_time=2300.28, accumulated_logging_time=0.730438, accumulated_submission_time=5231.95, global_step=27875, preemption_count=0, score=5231.95, test/accuracy=0.686921, test/bleu=28.7983, test/loss=1.48221, test/num_examples=3003, total_duration=7552.49, train/accuracy=0.664739, train/bleu=32.7532, train/loss=1.64477, validation/accuracy=0.676842, validation/bleu=29.2509, validation/loss=1.57246, validation/num_examples=3000
I0615 22:54:19.778722 140275042796736 spec.py:333] Evaluating on the training split.
I0615 22:54:21.980771 140275042796736 workload.py:152] Translating evaluation dataset.
I0615 22:56:00.037296 140275042796736 spec.py:346] Evaluating on the validation split.
I0615 22:56:02.226860 140275042796736 workload.py:152] Translating evaluation dataset.
I0615 22:57:08.442086 140275042796736 spec.py:363] Evaluating on the test split.
I0615 22:57:10.634707 140275042796736 workload.py:152] Translating evaluation dataset.
I0615 22:58:11.979296 140275042796736 submission_runner.py:516] Time since start: 8429.38s, 	Step: 31363, 	{'train/accuracy': 0.6862810220232028, 'train/loss': 1.514153708613443, 'train/bleu': 34.13032067168571, 'validation/accuracy': 0.6776605373770939, 'validation/loss': 1.5627759768942728, 'validation/bleu': 29.25252627659488, 'validation/num_examples': 3000, 'test/accuracy': 0.6895241415373888, 'test/loss': 1.475768767067573, 'test/bleu': 29.06339309908235, 'test/num_examples': 3003, 'score': 5874.312642335892, 'total_duration': 8429.379978656769, 'accumulated_submission_time': 5874.312642335892, 'accumulated_eval_time': 2532.4847288131714, 'accumulated_logging_time': 0.7801053524017334}
I0615 22:58:12.020035 140246729557760 logging_writer.py:48] [31363] accumulated_eval_time=2532.48, accumulated_logging_time=0.780105, accumulated_submission_time=5874.31, global_step=31363, preemption_count=0, score=5874.31, test/accuracy=0.689524, test/bleu=29.0634, test/loss=1.47577, test/num_examples=3003, total_duration=8429.38, train/accuracy=0.686281, train/bleu=34.1303, train/loss=1.51415, validation/accuracy=0.677661, validation/bleu=29.2525, validation/loss=1.56278, validation/num_examples=3000
I0615 23:08:56.623240 140275042796736 spec.py:333] Evaluating on the training split.
I0615 23:08:58.826127 140275042796736 workload.py:152] Translating evaluation dataset.
I0615 23:10:35.157384 140275042796736 spec.py:346] Evaluating on the validation split.
I0615 23:10:37.348345 140275042796736 workload.py:152] Translating evaluation dataset.
I0615 23:11:44.271855 140275042796736 spec.py:363] Evaluating on the test split.
I0615 23:11:46.461771 140275042796736 workload.py:152] Translating evaluation dataset.
I0615 23:12:49.570737 140275042796736 submission_runner.py:516] Time since start: 9306.97s, 	Step: 34851, 	{'train/accuracy': 0.6683564383750603, 'train/loss': 1.6234824743660483, 'train/bleu': 33.25629025023189, 'validation/accuracy': 0.6791112323467781, 'validation/loss': 1.5494393862134381, 'validation/bleu': 29.725045249094617, 'validation/num_examples': 3000, 'test/accuracy': 0.6907442914415199, 'test/loss': 1.4582329251641393, 'test/bleu': 29.16429027298012, 'test/num_examples': 3003, 'score': 6516.633481502533, 'total_duration': 9306.971425533295, 'accumulated_submission_time': 6516.633481502533, 'accumulated_eval_time': 2765.432251930237, 'accumulated_logging_time': 0.8302958011627197}
I0615 23:12:49.610377 140246737950464 logging_writer.py:48] [34851] accumulated_eval_time=2765.43, accumulated_logging_time=0.830296, accumulated_submission_time=6516.63, global_step=34851, preemption_count=0, score=6516.63, test/accuracy=0.690744, test/bleu=29.1643, test/loss=1.45823, test/num_examples=3003, total_duration=9306.97, train/accuracy=0.668356, train/bleu=33.2563, train/loss=1.62348, validation/accuracy=0.679111, validation/bleu=29.725, validation/loss=1.54944, validation/num_examples=3000
I0615 23:23:34.361915 140275042796736 spec.py:333] Evaluating on the training split.
I0615 23:23:36.573278 140275042796736 workload.py:152] Translating evaluation dataset.
I0615 23:24:49.111965 140275042796736 spec.py:346] Evaluating on the validation split.
I0615 23:24:51.309384 140275042796736 workload.py:152] Translating evaluation dataset.
I0615 23:25:48.354425 140275042796736 spec.py:363] Evaluating on the test split.
I0615 23:25:50.556483 140275042796736 workload.py:152] Translating evaluation dataset.
I0615 23:26:42.931701 140275042796736 submission_runner.py:516] Time since start: 10140.33s, 	Step: 38336, 	{'train/accuracy': 0.6771459375143368, 'train/loss': 1.554605242407212, 'train/bleu': 34.41188731140833, 'validation/accuracy': 0.6814422635801168, 'validation/loss': 1.53491170676743, 'validation/bleu': 29.592291853131087, 'validation/num_examples': 3000, 'test/accuracy': 0.6924641217825809, 'test/loss': 1.4478543881819765, 'test/bleu': 29.110476553342025, 'test/num_examples': 3003, 'score': 7159.003292798996, 'total_duration': 10140.332396745682, 'accumulated_submission_time': 7159.003292798996, 'accumulated_eval_time': 2954.002056121826, 'accumulated_logging_time': 0.8798952102661133}
I0615 23:26:42.976050 140246729557760 logging_writer.py:48] [38336] accumulated_eval_time=2954, accumulated_logging_time=0.879895, accumulated_submission_time=7159, global_step=38336, preemption_count=0, score=7159, test/accuracy=0.692464, test/bleu=29.1105, test/loss=1.44785, test/num_examples=3003, total_duration=10140.3, train/accuracy=0.677146, train/bleu=34.4119, train/loss=1.55461, validation/accuracy=0.681442, validation/bleu=29.5923, validation/loss=1.53491, validation/num_examples=3000
I0615 23:37:27.679573 140275042796736 spec.py:333] Evaluating on the training split.
I0615 23:37:29.889248 140275042796736 workload.py:152] Translating evaluation dataset.
I0615 23:38:37.021259 140275042796736 spec.py:346] Evaluating on the validation split.
I0615 23:38:39.218092 140275042796736 workload.py:152] Translating evaluation dataset.
I0615 23:39:37.791286 140275042796736 spec.py:363] Evaluating on the test split.
I0615 23:39:39.989844 140275042796736 workload.py:152] Translating evaluation dataset.
I0615 23:40:36.962865 140275042796736 submission_runner.py:516] Time since start: 10974.36s, 	Step: 41821, 	{'train/accuracy': 0.6739333325651868, 'train/loss': 1.584914994987844, 'train/bleu': 33.92096563633562, 'validation/accuracy': 0.6820870168999764, 'validation/loss': 1.5247405681578654, 'validation/bleu': 29.810194614808108, 'validation/num_examples': 3000, 'test/accuracy': 0.6948811806402881, 'test/loss': 1.436023836499913, 'test/bleu': 29.394133516009582, 'test/num_examples': 3003, 'score': 7801.32594037056, 'total_duration': 10974.36355137825, 'accumulated_submission_time': 7801.32594037056, 'accumulated_eval_time': 3143.2854237556458, 'accumulated_logging_time': 0.934180498123169}
I0615 23:40:37.008294 140246737950464 logging_writer.py:48] [41821] accumulated_eval_time=3143.29, accumulated_logging_time=0.93418, accumulated_submission_time=7801.33, global_step=41821, preemption_count=0, score=7801.33, test/accuracy=0.694881, test/bleu=29.3941, test/loss=1.43602, test/num_examples=3003, total_duration=10974.4, train/accuracy=0.673933, train/bleu=33.921, train/loss=1.58491, validation/accuracy=0.682087, validation/bleu=29.8102, validation/loss=1.52474, validation/num_examples=3000
I0615 23:51:21.623881 140275042796736 spec.py:333] Evaluating on the training split.
I0615 23:51:23.834162 140275042796736 workload.py:152] Translating evaluation dataset.
I0615 23:52:51.475052 140275042796736 spec.py:346] Evaluating on the validation split.
I0615 23:52:53.671355 140275042796736 workload.py:152] Translating evaluation dataset.
I0615 23:54:02.302559 140275042796736 spec.py:363] Evaluating on the test split.
I0615 23:54:04.502317 140275042796736 workload.py:152] Translating evaluation dataset.
I0615 23:55:14.113783 140275042796736 submission_runner.py:516] Time since start: 11851.51s, 	Step: 45307, 	{'train/accuracy': 0.6804718875502008, 'train/loss': 1.544254610772636, 'train/bleu': 34.168317911977915, 'validation/accuracy': 0.6843808508264002, 'validation/loss': 1.5158383033068406, 'validation/bleu': 29.95187156756426, 'validation/num_examples': 3000, 'test/accuracy': 0.6980884318168613, 'test/loss': 1.4224106312823195, 'test/bleu': 29.84538659042753, 'test/num_examples': 3003, 'score': 8443.553816318512, 'total_duration': 11851.514477014542, 'accumulated_submission_time': 8443.553816318512, 'accumulated_eval_time': 3375.775349855423, 'accumulated_logging_time': 0.9895009994506836}
I0615 23:55:14.155720 140246729557760 logging_writer.py:48] [45307] accumulated_eval_time=3375.78, accumulated_logging_time=0.989501, accumulated_submission_time=8443.55, global_step=45307, preemption_count=0, score=8443.55, test/accuracy=0.698088, test/bleu=29.8454, test/loss=1.42241, test/num_examples=3003, total_duration=11851.5, train/accuracy=0.680472, train/bleu=34.1683, train/loss=1.54425, validation/accuracy=0.684381, validation/bleu=29.9519, validation/loss=1.51584, validation/num_examples=3000
I0616 00:05:58.865871 140275042796736 spec.py:333] Evaluating on the training split.
I0616 00:06:01.075420 140275042796736 workload.py:152] Translating evaluation dataset.
I0616 00:07:24.497827 140275042796736 spec.py:346] Evaluating on the validation split.
I0616 00:07:26.692237 140275042796736 workload.py:152] Translating evaluation dataset.
I0616 00:08:27.141076 140275042796736 spec.py:363] Evaluating on the test split.
I0616 00:08:29.341739 140275042796736 workload.py:152] Translating evaluation dataset.
I0616 00:09:30.156047 140275042796736 submission_runner.py:516] Time since start: 12707.56s, 	Step: 48794, 	{'train/accuracy': 0.6754348024039337, 'train/loss': 1.5830595662219997, 'train/bleu': 33.752591436038045, 'validation/accuracy': 0.6856083619545945, 'validation/loss': 1.5131590316611077, 'validation/bleu': 29.977310803142483, 'validation/num_examples': 3000, 'test/accuracy': 0.6989599674626692, 'test/loss': 1.4164116517053047, 'test/bleu': 30.101260777465022, 'test/num_examples': 3003, 'score': 9085.876445531845, 'total_duration': 12707.556739807129, 'accumulated_submission_time': 9085.876445531845, 'accumulated_eval_time': 3587.065546989441, 'accumulated_logging_time': 1.0413317680358887}
I0616 00:09:30.196616 140246737950464 logging_writer.py:48] [48794] accumulated_eval_time=3587.07, accumulated_logging_time=1.04133, accumulated_submission_time=9085.88, global_step=48794, preemption_count=0, score=9085.88, test/accuracy=0.69896, test/bleu=30.1013, test/loss=1.41641, test/num_examples=3003, total_duration=12707.6, train/accuracy=0.675435, train/bleu=33.7526, train/loss=1.58306, validation/accuracy=0.685608, validation/bleu=29.9773, validation/loss=1.51316, validation/num_examples=3000
I0616 00:20:14.895908 140275042796736 spec.py:333] Evaluating on the training split.
I0616 00:20:17.108305 140275042796736 workload.py:152] Translating evaluation dataset.
I0616 00:22:16.406537 140275042796736 spec.py:346] Evaluating on the validation split.
I0616 00:22:18.606261 140275042796736 workload.py:152] Translating evaluation dataset.
I0616 00:23:59.456516 140275042796736 spec.py:363] Evaluating on the test split.
I0616 00:24:01.652597 140275042796736 workload.py:152] Translating evaluation dataset.
I0616 00:25:40.201620 140275042796736 submission_runner.py:516] Time since start: 13677.60s, 	Step: 52280, 	{'train/accuracy': 0.6800649193687628, 'train/loss': 1.5355774183615918, 'train/bleu': 34.375206586475876, 'validation/accuracy': 0.6867366802643489, 'validation/loss': 1.4995423956305562, 'validation/bleu': 29.70598154240768, 'validation/num_examples': 3000, 'test/accuracy': 0.6995758526523734, 'test/loss': 1.4032344866655047, 'test/bleu': 30.000673153935107, 'test/num_examples': 3003, 'score': 9728.173573970795, 'total_duration': 13677.602299928665, 'accumulated_submission_time': 9728.173573970795, 'accumulated_eval_time': 3912.371282339096, 'accumulated_logging_time': 1.0917084217071533}
I0616 00:25:40.243089 140246729557760 logging_writer.py:48] [52280] accumulated_eval_time=3912.37, accumulated_logging_time=1.09171, accumulated_submission_time=9728.17, global_step=52280, preemption_count=0, score=9728.17, test/accuracy=0.699576, test/bleu=30.0007, test/loss=1.40323, test/num_examples=3003, total_duration=13677.6, train/accuracy=0.680065, train/bleu=34.3752, train/loss=1.53558, validation/accuracy=0.686737, validation/bleu=29.706, validation/loss=1.49954, validation/num_examples=3000
I0616 00:36:24.876551 140275042796736 spec.py:333] Evaluating on the training split.
I0616 00:36:27.083922 140275042796736 workload.py:152] Translating evaluation dataset.
I0616 00:37:31.998555 140275042796736 spec.py:346] Evaluating on the validation split.
I0616 00:37:34.195057 140275042796736 workload.py:152] Translating evaluation dataset.
I0616 00:38:30.859342 140275042796736 spec.py:363] Evaluating on the test split.
I0616 00:38:33.052254 140275042796736 workload.py:152] Translating evaluation dataset.
I0616 00:39:27.295117 140275042796736 submission_runner.py:516] Time since start: 14504.70s, 	Step: 55763, 	{'train/accuracy': 0.683814028610983, 'train/loss': 1.5250057683433318, 'train/bleu': 34.238262616687244, 'validation/accuracy': 0.6861663215583191, 'validation/loss': 1.4983206965815674, 'validation/bleu': 30.188251156185633, 'validation/num_examples': 3000, 'test/accuracy': 0.7032363023647668, 'test/loss': 1.397299419702516, 'test/bleu': 30.275307730282066, 'test/num_examples': 3003, 'score': 10370.457189798355, 'total_duration': 14504.695817232132, 'accumulated_submission_time': 10370.457189798355, 'accumulated_eval_time': 4094.7899222373962, 'accumulated_logging_time': 1.1431965827941895}
I0616 00:39:27.337319 140246737950464 logging_writer.py:48] [55763] accumulated_eval_time=4094.79, accumulated_logging_time=1.1432, accumulated_submission_time=10370.5, global_step=55763, preemption_count=0, score=10370.5, test/accuracy=0.703236, test/bleu=30.2753, test/loss=1.3973, test/num_examples=3003, total_duration=14504.7, train/accuracy=0.683814, train/bleu=34.2383, train/loss=1.52501, validation/accuracy=0.686166, validation/bleu=30.1883, validation/loss=1.49832, validation/num_examples=3000
I0616 00:50:11.960173 140275042796736 spec.py:333] Evaluating on the training split.
I0616 00:50:14.166360 140275042796736 workload.py:152] Translating evaluation dataset.
I0616 00:51:30.392843 140275042796736 spec.py:346] Evaluating on the validation split.
I0616 00:51:32.587191 140275042796736 workload.py:152] Translating evaluation dataset.
I0616 00:52:30.712542 140275042796736 spec.py:363] Evaluating on the test split.
I0616 00:52:32.906279 140275042796736 workload.py:152] Translating evaluation dataset.
I0616 00:53:31.993871 140275042796736 submission_runner.py:516] Time since start: 15349.39s, 	Step: 59248, 	{'train/accuracy': 0.6871336644452346, 'train/loss': 1.5008363526743211, 'train/bleu': 35.546692845639875, 'validation/accuracy': 0.688249370745558, 'validation/loss': 1.4895378699582151, 'validation/bleu': 30.322108667042738, 'validation/num_examples': 3000, 'test/accuracy': 0.7031549590378247, 'test/loss': 1.3901423871361338, 'test/bleu': 29.990071618203302, 'test/num_examples': 3003, 'score': 11012.74558854103, 'total_duration': 15349.394574403763, 'accumulated_submission_time': 11012.74558854103, 'accumulated_eval_time': 4294.823741912842, 'accumulated_logging_time': 1.1951069831848145}
I0616 00:53:32.038440 140246729557760 logging_writer.py:48] [59248] accumulated_eval_time=4294.82, accumulated_logging_time=1.19511, accumulated_submission_time=11012.7, global_step=59248, preemption_count=0, score=11012.7, test/accuracy=0.703155, test/bleu=29.9901, test/loss=1.39014, test/num_examples=3003, total_duration=15349.4, train/accuracy=0.687134, train/bleu=35.5467, train/loss=1.50084, validation/accuracy=0.688249, validation/bleu=30.3221, validation/loss=1.48954, validation/num_examples=3000
I0616 01:04:16.767713 140275042796736 spec.py:333] Evaluating on the training split.
I0616 01:04:18.969996 140275042796736 workload.py:152] Translating evaluation dataset.
I0616 01:05:45.093933 140275042796736 spec.py:346] Evaluating on the validation split.
I0616 01:05:47.284522 140275042796736 workload.py:152] Translating evaluation dataset.
I0616 01:06:51.637964 140275042796736 spec.py:363] Evaluating on the test split.
I0616 01:06:53.827085 140275042796736 workload.py:152] Translating evaluation dataset.
