torchrun --redirects 1:0,2:0,3:0 --standalone --nnodes=1 --nproc_per_node=4 submission_runner.py --framework=pytorch --workload=fastmri --submission_path=submissions_algorithms/submissions/self_tuning/lion/submission.py --data_dir=/data/fastmri --experiment_dir=/experiment_runs --experiment_name=submissions_a100/lion/study_0 --overwrite=True --save_checkpoints=False --rng_seed=-112884098 --torch_compile=true --tuning_ruleset=self 2>&1 | tee -a /logs/fastmri_pytorch_04-05-2026-04-10-06.log
W0405 04:10:22.529000 9 site-packages/torch/distributed/run.py:803] 
W0405 04:10:22.529000 9 site-packages/torch/distributed/run.py:803] *****************************************
W0405 04:10:22.529000 9 site-packages/torch/distributed/run.py:803] Setting OMP_NUM_THREADS environment variable for each process to be 1 in default, to avoid your system being overloaded, please further tune the variable for optimal performance in your application as needed. 
W0405 04:10:22.529000 9 site-packages/torch/distributed/run.py:803] *****************************************
2026-04-05 04:10:30.998174: E external/local_xla/xla/stream_executor/cuda/cuda_fft.cc:467] Unable to register cuFFT factory: Attempting to register factory for plugin cuFFT when one has already been registered
2026-04-05 04:10:30.998174: E external/local_xla/xla/stream_executor/cuda/cuda_fft.cc:467] Unable to register cuFFT factory: Attempting to register factory for plugin cuFFT when one has already been registered
2026-04-05 04:10:30.998186: E external/local_xla/xla/stream_executor/cuda/cuda_fft.cc:467] Unable to register cuFFT factory: Attempting to register factory for plugin cuFFT when one has already been registered
2026-04-05 04:10:30.998174: E external/local_xla/xla/stream_executor/cuda/cuda_fft.cc:467] Unable to register cuFFT factory: Attempting to register factory for plugin cuFFT when one has already been registered
WARNING: All log messages before absl::InitializeLog() is called are written to STDERR
WARNING: All log messages before absl::InitializeLog() is called are written to STDERR
WARNING: All log messages before absl::InitializeLog() is called are written to STDERR
E0000 00:00:1775362231.385941      38 cuda_dnn.cc:8579] Unable to register cuDNN factory: Attempting to register factory for plugin cuDNN when one has already been registered
E0000 00:00:1775362231.385965      39 cuda_dnn.cc:8579] Unable to register cuDNN factory: Attempting to register factory for plugin cuDNN when one has already been registered
E0000 00:00:1775362231.385952      41 cuda_dnn.cc:8579] Unable to register cuDNN factory: Attempting to register factory for plugin cuDNN when one has already been registered
WARNING: All log messages before absl::InitializeLog() is called are written to STDERR
E0000 00:00:1775362231.385952      40 cuda_dnn.cc:8579] Unable to register cuDNN factory: Attempting to register factory for plugin cuDNN when one has already been registered
E0000 00:00:1775362231.618785      41 cuda_blas.cc:1407] Unable to register cuBLAS factory: Attempting to register factory for plugin cuBLAS when one has already been registered
E0000 00:00:1775362231.618785      38 cuda_blas.cc:1407] Unable to register cuBLAS factory: Attempting to register factory for plugin cuBLAS when one has already been registered
E0000 00:00:1775362231.618785      39 cuda_blas.cc:1407] Unable to register cuBLAS factory: Attempting to register factory for plugin cuBLAS when one has already been registered
E0000 00:00:1775362231.618796      40 cuda_blas.cc:1407] Unable to register cuBLAS factory: Attempting to register factory for plugin cuBLAS when one has already been registered
W0000 00:00:1775362233.064019      39 computation_placer.cc:177] computation placer already registered. Please check linkage and avoid linking the same target more than once.
W0000 00:00:1775362233.064020      40 computation_placer.cc:177] computation placer already registered. Please check linkage and avoid linking the same target more than once.
W0000 00:00:1775362233.064019      38 computation_placer.cc:177] computation placer already registered. Please check linkage and avoid linking the same target more than once.
W0000 00:00:1775362233.064019      41 computation_placer.cc:177] computation placer already registered. Please check linkage and avoid linking the same target more than once.
W0000 00:00:1775362233.064059      40 computation_placer.cc:177] computation placer already registered. Please check linkage and avoid linking the same target more than once.
W0000 00:00:1775362233.064059      38 computation_placer.cc:177] computation placer already registered. Please check linkage and avoid linking the same target more than once.
W0000 00:00:1775362233.064059      41 computation_placer.cc:177] computation placer already registered. Please check linkage and avoid linking the same target more than once.
W0000 00:00:1775362233.064061      39 computation_placer.cc:177] computation placer already registered. Please check linkage and avoid linking the same target more than once.
W0000 00:00:1775362233.064062      40 computation_placer.cc:177] computation placer already registered. Please check linkage and avoid linking the same target more than once.
W0000 00:00:1775362233.064062      38 computation_placer.cc:177] computation placer already registered. Please check linkage and avoid linking the same target more than once.
W0000 00:00:1775362233.064063      41 computation_placer.cc:177] computation placer already registered. Please check linkage and avoid linking the same target more than once.
W0000 00:00:1775362233.064063      39 computation_placer.cc:177] computation placer already registered. Please check linkage and avoid linking the same target more than once.
W0000 00:00:1775362233.064064      40 computation_placer.cc:177] computation placer already registered. Please check linkage and avoid linking the same target more than once.
W0000 00:00:1775362233.064065      38 computation_placer.cc:177] computation placer already registered. Please check linkage and avoid linking the same target more than once.
W0000 00:00:1775362233.064066      39 computation_placer.cc:177] computation placer already registered. Please check linkage and avoid linking the same target more than once.
W0000 00:00:1775362233.064066      41 computation_placer.cc:177] computation placer already registered. Please check linkage and avoid linking the same target more than once.
W0000 00:00:1775362253.429584      40 gpu_device.cc:2341] Cannot dlopen some GPU libraries. Please make sure the missing libraries mentioned above are installed properly if you would like to use GPU. Follow the guide at https://www.tensorflow.org/install/gpu for how to download and setup the required libraries for your platform.
Skipping registering GPU devices...
W0000 00:00:1775362253.429620      38 gpu_device.cc:2341] Cannot dlopen some GPU libraries. Please make sure the missing libraries mentioned above are installed properly if you would like to use GPU. Follow the guide at https://www.tensorflow.org/install/gpu for how to download and setup the required libraries for your platform.
Skipping registering GPU devices...
W0000 00:00:1775362253.558571      39 gpu_device.cc:2341] Cannot dlopen some GPU libraries. Please make sure the missing libraries mentioned above are installed properly if you would like to use GPU. Follow the guide at https://www.tensorflow.org/install/gpu for how to download and setup the required libraries for your platform.
Skipping registering GPU devices...
W0000 00:00:1775362253.576192      41 gpu_device.cc:2341] Cannot dlopen some GPU libraries. Please make sure the missing libraries mentioned above are installed properly if you would like to use GPU. Follow the guide at https://www.tensorflow.org/install/gpu for how to download and setup the required libraries for your platform.
Skipping registering GPU devices...
/usr/local/lib/python3.11/site-packages/torch/__init__.py:1617: UserWarning: Please use the new API settings to control TF32 behavior, such as torch.backends.cudnn.conv.fp32_precision = 'tf32' or torch.backends.cuda.matmul.fp32_precision = 'ieee'. Old settings, e.g, torch.backends.cuda.matmul.allow_tf32 = True, torch.backends.cudnn.allow_tf32 = True, allowTF32CuDNN() and allowTF32CuBLAS() will be deprecated after Pytorch 2.9. Please see https://pytorch.org/docs/main/notes/cuda.html#tensorfloat-32-tf32-on-ampere-and-later-devices (Triggered internally at /pytorch/aten/src/ATen/Context.cpp:80.)
  _C._set_float32_matmul_precision(precision)
/usr/local/lib/python3.11/site-packages/torch/__init__.py:1617: UserWarning: Please use the new API settings to control TF32 behavior, such as torch.backends.cudnn.conv.fp32_precision = 'tf32' or torch.backends.cuda.matmul.fp32_precision = 'ieee'. Old settings, e.g, torch.backends.cuda.matmul.allow_tf32 = True, torch.backends.cudnn.allow_tf32 = True, allowTF32CuDNN() and allowTF32CuBLAS() will be deprecated after Pytorch 2.9. Please see https://pytorch.org/docs/main/notes/cuda.html#tensorfloat-32-tf32-on-ampere-and-later-devices (Triggered internally at /pytorch/aten/src/ATen/Context.cpp:80.)
  _C._set_float32_matmul_precision(precision)
/usr/local/lib/python3.11/site-packages/torch/__init__.py:1617: UserWarning: Please use the new API settings to control TF32 behavior, such as torch.backends.cudnn.conv.fp32_precision = 'tf32' or torch.backends.cuda.matmul.fp32_precision = 'ieee'. Old settings, e.g, torch.backends.cuda.matmul.allow_tf32 = True, torch.backends.cudnn.allow_tf32 = True, allowTF32CuDNN() and allowTF32CuBLAS() will be deprecated after Pytorch 2.9. Please see https://pytorch.org/docs/main/notes/cuda.html#tensorfloat-32-tf32-on-ampere-and-later-devices (Triggered internally at /pytorch/aten/src/ATen/Context.cpp:80.)
  _C._set_float32_matmul_precision(precision)
/usr/local/lib/python3.11/site-packages/torch/__init__.py:1617: UserWarning: Please use the new API settings to control TF32 behavior, such as torch.backends.cudnn.conv.fp32_precision = 'tf32' or torch.backends.cuda.matmul.fp32_precision = 'ieee'. Old settings, e.g, torch.backends.cuda.matmul.allow_tf32 = True, torch.backends.cudnn.allow_tf32 = True, allowTF32CuDNN() and allowTF32CuBLAS() will be deprecated after Pytorch 2.9. Please see https://pytorch.org/docs/main/notes/cuda.html#tensorfloat-32-tf32-on-ampere-and-later-devices (Triggered internally at /pytorch/aten/src/ATen/Context.cpp:80.)
  _C._set_float32_matmul_precision(precision)
/usr/local/lib/python3.11/site-packages/pydantic/_internal/_generate_schema.py:2249: UnsupportedFieldAttributeWarning: The 'repr' attribute with value False was provided to the `Field()` function, which has no effect in the context it was used. 'repr' is field-specific metadata, and can only be attached to a model field using `Annotated` metadata or by assignment. This may have happened because an `Annotated` type alias using the `type` statement was used, or if the `Field()` function was attached to a single member of a union type.
  warnings.warn(
/usr/local/lib/python3.11/site-packages/pydantic/_internal/_generate_schema.py:2249: UnsupportedFieldAttributeWarning: The 'repr' attribute with value False was provided to the `Field()` function, which has no effect in the context it was used. 'repr' is field-specific metadata, and can only be attached to a model field using `Annotated` metadata or by assignment. This may have happened because an `Annotated` type alias using the `type` statement was used, or if the `Field()` function was attached to a single member of a union type.
  warnings.warn(
/usr/local/lib/python3.11/site-packages/pydantic/_internal/_generate_schema.py:2249: UnsupportedFieldAttributeWarning: The 'repr' attribute with value False was provided to the `Field()` function, which has no effect in the context it was used. 'repr' is field-specific metadata, and can only be attached to a model field using `Annotated` metadata or by assignment. This may have happened because an `Annotated` type alias using the `type` statement was used, or if the `Field()` function was attached to a single member of a union type.
  warnings.warn(
/usr/local/lib/python3.11/site-packages/pydantic/_internal/_generate_schema.py:2249: UnsupportedFieldAttributeWarning: The 'repr' attribute with value False was provided to the `Field()` function, which has no effect in the context it was used. 'repr' is field-specific metadata, and can only be attached to a model field using `Annotated` metadata or by assignment. This may have happened because an `Annotated` type alias using the `type` statement was used, or if the `Field()` function was attached to a single member of a union type.
  warnings.warn(
/usr/local/lib/python3.11/site-packages/pydantic/_internal/_generate_schema.py:2249: UnsupportedFieldAttributeWarning: The 'frozen' attribute with value True was provided to the `Field()` function, which has no effect in the context it was used. 'frozen' is field-specific metadata, and can only be attached to a model field using `Annotated` metadata or by assignment. This may have happened because an `Annotated` type alias using the `type` statement was used, or if the `Field()` function was attached to a single member of a union type.
  warnings.warn(
/usr/local/lib/python3.11/site-packages/pydantic/_internal/_generate_schema.py:2249: UnsupportedFieldAttributeWarning: The 'frozen' attribute with value True was provided to the `Field()` function, which has no effect in the context it was used. 'frozen' is field-specific metadata, and can only be attached to a model field using `Annotated` metadata or by assignment. This may have happened because an `Annotated` type alias using the `type` statement was used, or if the `Field()` function was attached to a single member of a union type.
  warnings.warn(
/usr/local/lib/python3.11/site-packages/pydantic/_internal/_generate_schema.py:2249: UnsupportedFieldAttributeWarning: The 'frozen' attribute with value True was provided to the `Field()` function, which has no effect in the context it was used. 'frozen' is field-specific metadata, and can only be attached to a model field using `Annotated` metadata or by assignment. This may have happened because an `Annotated` type alias using the `type` statement was used, or if the `Field()` function was attached to a single member of a union type.
  warnings.warn(
/usr/local/lib/python3.11/site-packages/pydantic/_internal/_generate_schema.py:2249: UnsupportedFieldAttributeWarning: The 'frozen' attribute with value True was provided to the `Field()` function, which has no effect in the context it was used. 'frozen' is field-specific metadata, and can only be attached to a model field using `Annotated` metadata or by assignment. This may have happened because an `Annotated` type alias using the `type` statement was used, or if the `Field()` function was attached to a single member of a union type.
  warnings.warn(
/usr/local/lib/python3.11/site-packages/torch/distributed/distributed_c10d.py:4876: UserWarning: barrier(): using the device under current context. You can specify `device_id` in `init_process_group` to mute this warning.
  warnings.warn(  # warn only once
[rank0]:[W405 04:11:05.328885167 ProcessGroupNCCL.cpp:5068] Guessing device ID based on global rank. This can cause a hang if rank to GPU mapping is heterogeneous. You can specify device_id in init_process_group()
I0405 04:11:07.622864 140505773589696 logger_utils.py:84] Creating experiment directory at /experiment_runs/submissions_a100/lion/study_0/fastmri_pytorch.
I0405 04:11:07.622859 140501580121280 logger_utils.py:84] Creating experiment directory at /experiment_runs/submissions_a100/lion/study_0/fastmri_pytorch.
I0405 04:11:07.622861 140340550624448 logger_utils.py:84] Creating experiment directory at /experiment_runs/submissions_a100/lion/study_0/fastmri_pytorch.
I0405 04:11:07.622864 140537389163712 logger_utils.py:84] Creating experiment directory at /experiment_runs/submissions_a100/lion/study_0/fastmri_pytorch.
I0405 04:11:07.881275 140537389163712 submission_runner.py:741] Creating directory at /experiment_runs/submissions_a100/lion/study_0/fastmri_pytorch/trial_1.
I0405 04:11:08.202953 140537389163712 submission_runner.py:242] Initializing dataset.
I0405 04:11:08.203130 140537389163712 submission_runner.py:251] Initializing model.
I0405 04:11:08.891753 140537389163712 submission_runner.py:290] Performing `torch.compile`.
I0405 04:11:11.550961 140537389163712 submission_runner.py:294] Initializing optimizer.
I0405 04:11:11.551592 140537389163712 submission_runner.py:299] Initializing metrics bundle.
I0405 04:11:11.551747 140537389163712 submission_runner.py:321] Initializing checkpoint and logger.
I0405 04:11:11.555489 140537389163712 submission_runner.py:344] Saving meta data to /experiment_runs/submissions_a100/lion/study_0/fastmri_pytorch/trial_1/meta_data_0.json.
I0405 04:11:11.555548 140505773589696 logger_utils.py:283] Unable to record workload.train_mean information. Continuing without it.
I0405 04:11:11.555565 140340550624448 logger_utils.py:283] Unable to record workload.train_mean information. Continuing without it.
I0405 04:11:11.555573 140501580121280 logger_utils.py:283] Unable to record workload.train_mean information. Continuing without it.
I0405 04:11:11.555686 140537389163712 logger_utils.py:283] Unable to record workload.train_mean information. Continuing without it.
I0405 04:11:11.555706 140505773589696 logger_utils.py:283] Unable to record workload.train_stddev information. Continuing without it.
I0405 04:11:11.555712 140340550624448 logger_utils.py:283] Unable to record workload.train_stddev information. Continuing without it.
I0405 04:11:11.555723 140501580121280 logger_utils.py:283] Unable to record workload.train_stddev information. Continuing without it.
I0405 04:11:11.555743 140537389163712 logger_utils.py:283] Unable to record workload.train_stddev information. Continuing without it.
I0405 04:11:11.986304 140537389163712 submission_runner.py:348] Saving flags to /experiment_runs/submissions_a100/lion/study_0/fastmri_pytorch/trial_1/flags_0.json.
I0405 04:11:12.117989 140537389163712 submission_runner.py:359] Starting training loop.
[rank3]:W0405 04:11:12.153000 41 site-packages/torch/_logging/_internal.py:1199] [0/0] Profiler function <class 'torch.autograd.profiler.record_function'> will be ignored
[rank1]:W0405 04:11:12.153000 39 site-packages/torch/_logging/_internal.py:1199] [0/0] Profiler function <class 'torch.autograd.profiler.record_function'> will be ignored
[rank2]:W0405 04:11:12.153000 40 site-packages/torch/_logging/_internal.py:1199] [0/0] Profiler function <class 'torch.autograd.profiler.record_function'> will be ignored
WARNING:tensorflow:AutoGraph could not transform <function array at 0x7fd156a640e0> and will run it as-is.
Please report this to the TensorFlow team. When filing the bug, set the verbosity to 10 (on Linux, `export AUTOGRAPH_VERBOSITY=10`) and attach the full output.
Cause: (<gast.gast.NamedExpr object at 0x7fcec41998a0>, (leaf_jax_array := getattr(leaf, '__jax_array__', None)))
To silence this warning, decorate the function with @tf.autograph.experimental.do_not_convert
W0405 04:11:14.173902 140537389163712 ag_logging.py:142] AutoGraph could not transform <function array at 0x7fd156a640e0> and will run it as-is.
Please report this to the TensorFlow team. When filing the bug, set the verbosity to 10 (on Linux, `export AUTOGRAPH_VERBOSITY=10`) and attach the full output.
Cause: (<gast.gast.NamedExpr object at 0x7fcec41998a0>, (leaf_jax_array := getattr(leaf, '__jax_array__', None)))
To silence this warning, decorate the function with @tf.autograph.experimental.do_not_convert
WARNING:tensorflow:AutoGraph could not transform <function standard_insert_pvary at 0x7fd1578ecd60> and will run it as-is.
Please report this to the TensorFlow team. When filing the bug, set the verbosity to 10 (on Linux, `export AUTOGRAPH_VERBOSITY=10`) and attach the full output.
Cause: (<gast.gast.NamedExpr object at 0x7fcec419b640>, (aval := get_aval(a)))
To silence this warning, decorate the function with @tf.autograph.experimental.do_not_convert
W0405 04:11:15.859100 140537389163712 ag_logging.py:142] AutoGraph could not transform <function standard_insert_pvary at 0x7fd1578ecd60> and will run it as-is.
Please report this to the TensorFlow team. When filing the bug, set the verbosity to 10 (on Linux, `export AUTOGRAPH_VERBOSITY=10`) and attach the full output.
Cause: (<gast.gast.NamedExpr object at 0x7fcec419b640>, (aval := get_aval(a)))
To silence this warning, decorate the function with @tf.autograph.experimental.do_not_convert
[rank0]:W0405 04:13:12.733000 38 site-packages/torch/_logging/_internal.py:1199] [0/0] Profiler function <class 'torch.autograd.profiler.record_function'> will be ignored
I0405 04:14:22.579123 140493941540608 logging_writer.py:48] [0] global_step=0, grad_norm=4.66217, loss=0.914667
I0405 04:14:22.767681 140537389163712 submission.py:218] 0) loss = 0.915, grad_norm = 4.662
I0405 04:14:23.392569 140537389163712 spec.py:333] Evaluating on the training split.
[rank1]:W0405 04:16:15.676000 39 site-packages/torch/_dynamo/convert_frame.py:1358] [5/8] torch._dynamo hit config.recompile_limit (8)
[rank1]:W0405 04:16:15.676000 39 site-packages/torch/_dynamo/convert_frame.py:1358] [5/8]    function: 'forward' (/algorithmic-efficiency/algoperf/workloads/fastmri/fastmri_pytorch/models.py:139)
[rank1]:W0405 04:16:15.676000 39 site-packages/torch/_dynamo/convert_frame.py:1358] [5/8]    last reason: 5/7: GLOBAL_STATE changed: grad_mode 
[rank1]:W0405 04:16:15.676000 39 site-packages/torch/_dynamo/convert_frame.py:1358] [5/8] To log all recompilation reasons, use TORCH_LOGS="recompiles".
[rank1]:W0405 04:16:15.676000 39 site-packages/torch/_dynamo/convert_frame.py:1358] [5/8] To diagnose recompilation issues, see https://pytorch.org/docs/main/torch.compiler_troubleshooting.html
[rank2]:W0405 04:16:15.679000 40 site-packages/torch/_dynamo/convert_frame.py:1358] [5/8] torch._dynamo hit config.recompile_limit (8)
[rank2]:W0405 04:16:15.679000 40 site-packages/torch/_dynamo/convert_frame.py:1358] [5/8]    function: 'forward' (/algorithmic-efficiency/algoperf/workloads/fastmri/fastmri_pytorch/models.py:139)
[rank2]:W0405 04:16:15.679000 40 site-packages/torch/_dynamo/convert_frame.py:1358] [5/8]    last reason: 5/7: GLOBAL_STATE changed: grad_mode 
[rank2]:W0405 04:16:15.679000 40 site-packages/torch/_dynamo/convert_frame.py:1358] [5/8] To log all recompilation reasons, use TORCH_LOGS="recompiles".
[rank2]:W0405 04:16:15.679000 40 site-packages/torch/_dynamo/convert_frame.py:1358] [5/8] To diagnose recompilation issues, see https://pytorch.org/docs/main/torch.compiler_troubleshooting.html
[rank0]:W0405 04:16:15.680000 38 site-packages/torch/_dynamo/convert_frame.py:1358] [5/8] torch._dynamo hit config.recompile_limit (8)
[rank0]:W0405 04:16:15.680000 38 site-packages/torch/_dynamo/convert_frame.py:1358] [5/8]    function: 'forward' (/algorithmic-efficiency/algoperf/workloads/fastmri/fastmri_pytorch/models.py:139)
[rank0]:W0405 04:16:15.680000 38 site-packages/torch/_dynamo/convert_frame.py:1358] [5/8]    last reason: 5/7: GLOBAL_STATE changed: grad_mode 
[rank0]:W0405 04:16:15.680000 38 site-packages/torch/_dynamo/convert_frame.py:1358] [5/8] To log all recompilation reasons, use TORCH_LOGS="recompiles".
[rank0]:W0405 04:16:15.680000 38 site-packages/torch/_dynamo/convert_frame.py:1358] [5/8] To diagnose recompilation issues, see https://pytorch.org/docs/main/torch.compiler_troubleshooting.html
[rank3]:W0405 04:16:15.680000 41 site-packages/torch/_dynamo/convert_frame.py:1358] [5/8] torch._dynamo hit config.recompile_limit (8)
[rank3]:W0405 04:16:15.680000 41 site-packages/torch/_dynamo/convert_frame.py:1358] [5/8]    function: 'forward' (/algorithmic-efficiency/algoperf/workloads/fastmri/fastmri_pytorch/models.py:139)
[rank3]:W0405 04:16:15.680000 41 site-packages/torch/_dynamo/convert_frame.py:1358] [5/8]    last reason: 5/7: GLOBAL_STATE changed: grad_mode 
[rank3]:W0405 04:16:15.680000 41 site-packages/torch/_dynamo/convert_frame.py:1358] [5/8] To log all recompilation reasons, use TORCH_LOGS="recompiles".
[rank3]:W0405 04:16:15.680000 41 site-packages/torch/_dynamo/convert_frame.py:1358] [5/8] To diagnose recompilation issues, see https://pytorch.org/docs/main/torch.compiler_troubleshooting.html
I0405 04:17:58.624868 140537389163712 spec.py:346] Evaluating on the validation split.
I0405 04:19:45.533215 140537389163712 spec.py:363] Evaluating on the test split.
I0405 04:21:32.696592 140537389163712 submission_runner.py:516] Time since start: 620.58s, 	Step: 1, 	{'train/ssim': 0.25435101985931396, 'train/loss': 0.9224064690726144, 'validation/ssim': 0.24452452479820272, 'validation/loss': 0.9280200071662211, 'validation/num_examples': 3554, 'test/ssim': 0.2699143176170675, 'test/loss': 0.9232172621125384, 'test/num_examples': 3581, 'score': 190.65102910995483, 'total_duration': 620.5786936283112, 'accumulated_submission_time': 190.65102910995483, 'accumulated_eval_time': 429.30404901504517, 'accumulated_logging_time': 0}
I0405 04:21:32.765898 140463867975424 logging_writer.py:48] [1] accumulated_eval_time=429.304, accumulated_logging_time=0, accumulated_submission_time=190.651, global_step=1, preemption_count=0, score=190.651, test/loss=0.923217, test/num_examples=3581, test/ssim=0.269914, total_duration=620.579, train/loss=0.922406, train/ssim=0.254351, validation/loss=0.92802, validation/num_examples=3554, validation/ssim=0.244525
I0405 04:21:33.479841 140463859582720 logging_writer.py:48] [1] global_step=1, grad_norm=4.27307, loss=0.881353
I0405 04:21:33.484599 140537389163712 submission.py:218] 1) loss = 0.881, grad_norm = 4.273
I0405 04:21:33.578951 140463867975424 logging_writer.py:48] [2] global_step=2, grad_norm=3.63395, loss=0.954831
I0405 04:21:33.583560 140537389163712 submission.py:218] 2) loss = 0.955, grad_norm = 3.634
I0405 04:21:33.672367 140463859582720 logging_writer.py:48] [3] global_step=3, grad_norm=4.52879, loss=0.900166
I0405 04:21:33.677266 140537389163712 submission.py:218] 3) loss = 0.900, grad_norm = 4.529
I0405 04:21:33.769457 140463867975424 logging_writer.py:48] [4] global_step=4, grad_norm=3.87346, loss=0.964026
I0405 04:21:33.775479 140537389163712 submission.py:218] 4) loss = 0.964, grad_norm = 3.873
I0405 04:21:33.850392 140463859582720 logging_writer.py:48] [5] global_step=5, grad_norm=4.5557, loss=0.877181
I0405 04:21:33.855481 140537389163712 submission.py:218] 5) loss = 0.877, grad_norm = 4.556
I0405 04:21:33.941854 140463867975424 logging_writer.py:48] [6] global_step=6, grad_norm=4.59062, loss=0.903252
I0405 04:21:33.945809 140537389163712 submission.py:218] 6) loss = 0.903, grad_norm = 4.591
I0405 04:21:34.024369 140463859582720 logging_writer.py:48] [7] global_step=7, grad_norm=4.40561, loss=0.904831
I0405 04:21:34.028834 140537389163712 submission.py:218] 7) loss = 0.905, grad_norm = 4.406
I0405 04:21:34.117201 140463867975424 logging_writer.py:48] [8] global_step=8, grad_norm=4.44999, loss=0.900709
I0405 04:21:34.120969 140537389163712 submission.py:218] 8) loss = 0.901, grad_norm = 4.450
I0405 04:21:34.207675 140463859582720 logging_writer.py:48] [9] global_step=9, grad_norm=4.64801, loss=0.905279
I0405 04:21:34.211648 140537389163712 submission.py:218] 9) loss = 0.905, grad_norm = 4.648
I0405 04:21:34.295282 140463867975424 logging_writer.py:48] [10] global_step=10, grad_norm=4.0192, loss=0.965138
I0405 04:21:34.299262 140537389163712 submission.py:218] 10) loss = 0.965, grad_norm = 4.019
I0405 04:21:34.374863 140463859582720 logging_writer.py:48] [11] global_step=11, grad_norm=4.57135, loss=0.879019
I0405 04:21:34.378673 140537389163712 submission.py:218] 11) loss = 0.879, grad_norm = 4.571
I0405 04:21:34.462300 140463867975424 logging_writer.py:48] [12] global_step=12, grad_norm=4.05628, loss=0.942257
I0405 04:21:34.466313 140537389163712 submission.py:218] 12) loss = 0.942, grad_norm = 4.056
I0405 04:21:34.554950 140463859582720 logging_writer.py:48] [13] global_step=13, grad_norm=4.31574, loss=0.837348
I0405 04:21:34.558967 140537389163712 submission.py:218] 13) loss = 0.837, grad_norm = 4.316
I0405 04:21:34.637315 140463867975424 logging_writer.py:48] [14] global_step=14, grad_norm=4.18394, loss=0.86457
I0405 04:21:34.641373 140537389163712 submission.py:218] 14) loss = 0.865, grad_norm = 4.184
I0405 04:21:34.727334 140463859582720 logging_writer.py:48] [15] global_step=15, grad_norm=5.02466, loss=0.832358
I0405 04:21:34.731570 140537389163712 submission.py:218] 15) loss = 0.832, grad_norm = 5.025
I0405 04:21:34.812718 140463867975424 logging_writer.py:48] [16] global_step=16, grad_norm=4.97346, loss=0.821302
I0405 04:21:34.817654 140537389163712 submission.py:218] 16) loss = 0.821, grad_norm = 4.973
I0405 04:21:34.902456 140463859582720 logging_writer.py:48] [17] global_step=17, grad_norm=4.54945, loss=0.861633
I0405 04:21:34.907882 140537389163712 submission.py:218] 17) loss = 0.862, grad_norm = 4.549
I0405 04:21:34.991750 140463867975424 logging_writer.py:48] [18] global_step=18, grad_norm=4.67787, loss=0.828478
I0405 04:21:34.995427 140537389163712 submission.py:218] 18) loss = 0.828, grad_norm = 4.678
I0405 04:21:35.075792 140463859582720 logging_writer.py:48] [19] global_step=19, grad_norm=4.53118, loss=0.805301
I0405 04:21:35.079699 140537389163712 submission.py:218] 19) loss = 0.805, grad_norm = 4.531
I0405 04:21:35.161196 140463867975424 logging_writer.py:48] [20] global_step=20, grad_norm=4.15815, loss=0.839598
I0405 04:21:35.165945 140537389163712 submission.py:218] 20) loss = 0.840, grad_norm = 4.158
I0405 04:21:35.242346 140463859582720 logging_writer.py:48] [21] global_step=21, grad_norm=4.49666, loss=0.807102
I0405 04:21:35.246795 140537389163712 submission.py:218] 21) loss = 0.807, grad_norm = 4.497
I0405 04:21:35.328714 140463867975424 logging_writer.py:48] [22] global_step=22, grad_norm=4.08168, loss=0.79711
I0405 04:21:35.332837 140537389163712 submission.py:218] 22) loss = 0.797, grad_norm = 4.082
I0405 04:21:35.408900 140463859582720 logging_writer.py:48] [23] global_step=23, grad_norm=4.69992, loss=0.720417
I0405 04:21:35.412914 140537389163712 submission.py:218] 23) loss = 0.720, grad_norm = 4.700
I0405 04:21:35.497349 140463867975424 logging_writer.py:48] [24] global_step=24, grad_norm=4.04935, loss=0.780882
I0405 04:21:35.501338 140537389163712 submission.py:218] 24) loss = 0.781, grad_norm = 4.049
I0405 04:21:35.577967 140463859582720 logging_writer.py:48] [25] global_step=25, grad_norm=4.53259, loss=0.741374
I0405 04:21:35.582011 140537389163712 submission.py:218] 25) loss = 0.741, grad_norm = 4.533
I0405 04:21:35.661961 140463867975424 logging_writer.py:48] [26] global_step=26, grad_norm=4.76345, loss=0.694899
I0405 04:21:35.666347 140537389163712 submission.py:218] 26) loss = 0.695, grad_norm = 4.763
I0405 04:21:35.749824 140463859582720 logging_writer.py:48] [27] global_step=27, grad_norm=4.79539, loss=0.684863
I0405 04:21:35.753466 140537389163712 submission.py:218] 27) loss = 0.685, grad_norm = 4.795
I0405 04:21:35.838011 140463867975424 logging_writer.py:48] [28] global_step=28, grad_norm=4.4739, loss=0.672181
I0405 04:21:35.842101 140537389163712 submission.py:218] 28) loss = 0.672, grad_norm = 4.474
I0405 04:21:35.924111 140463859582720 logging_writer.py:48] [29] global_step=29, grad_norm=4.04836, loss=0.689429
I0405 04:21:35.928966 140537389163712 submission.py:218] 29) loss = 0.689, grad_norm = 4.048
I0405 04:21:36.011240 140463867975424 logging_writer.py:48] [30] global_step=30, grad_norm=4.12672, loss=0.685345
I0405 04:21:36.015230 140537389163712 submission.py:218] 30) loss = 0.685, grad_norm = 4.127
I0405 04:21:36.100666 140463859582720 logging_writer.py:48] [31] global_step=31, grad_norm=4.07282, loss=0.646578
I0405 04:21:36.104685 140537389163712 submission.py:218] 31) loss = 0.647, grad_norm = 4.073
I0405 04:21:36.188986 140463867975424 logging_writer.py:48] [32] global_step=32, grad_norm=3.80791, loss=0.648669
I0405 04:21:36.195383 140537389163712 submission.py:218] 32) loss = 0.649, grad_norm = 3.808
I0405 04:21:36.273497 140463859582720 logging_writer.py:48] [33] global_step=33, grad_norm=3.78272, loss=0.670323
I0405 04:21:36.279832 140537389163712 submission.py:218] 33) loss = 0.670, grad_norm = 3.783
I0405 04:21:36.359876 140463867975424 logging_writer.py:48] [34] global_step=34, grad_norm=3.53462, loss=0.660958
I0405 04:21:36.364511 140537389163712 submission.py:218] 34) loss = 0.661, grad_norm = 3.535
I0405 04:21:36.448193 140463859582720 logging_writer.py:48] [35] global_step=35, grad_norm=3.53804, loss=0.604267
I0405 04:21:36.452344 140537389163712 submission.py:218] 35) loss = 0.604, grad_norm = 3.538
I0405 04:21:36.531924 140463867975424 logging_writer.py:48] [36] global_step=36, grad_norm=3.0515, loss=0.597325
I0405 04:21:36.535613 140537389163712 submission.py:218] 36) loss = 0.597, grad_norm = 3.051
I0405 04:21:36.613168 140463859582720 logging_writer.py:48] [37] global_step=37, grad_norm=3.2851, loss=0.607156
I0405 04:21:36.617413 140537389163712 submission.py:218] 37) loss = 0.607, grad_norm = 3.285
I0405 04:21:36.692224 140463867975424 logging_writer.py:48] [38] global_step=38, grad_norm=3.38879, loss=0.554515
I0405 04:21:36.696240 140537389163712 submission.py:218] 38) loss = 0.555, grad_norm = 3.389
I0405 04:21:36.773175 140463859582720 logging_writer.py:48] [39] global_step=39, grad_norm=2.78468, loss=0.574114
I0405 04:21:36.780103 140537389163712 submission.py:218] 39) loss = 0.574, grad_norm = 2.785
I0405 04:21:36.901841 140463867975424 logging_writer.py:48] [40] global_step=40, grad_norm=2.97003, loss=0.541001
I0405 04:21:36.906879 140537389163712 submission.py:218] 40) loss = 0.541, grad_norm = 2.970
I0405 04:21:36.983732 140463859582720 logging_writer.py:48] [41] global_step=41, grad_norm=2.73925, loss=0.565868
I0405 04:21:36.989202 140537389163712 submission.py:218] 41) loss = 0.566, grad_norm = 2.739
I0405 04:21:37.068660 140463867975424 logging_writer.py:48] [42] global_step=42, grad_norm=2.18854, loss=0.55019
I0405 04:21:37.072825 140537389163712 submission.py:218] 42) loss = 0.550, grad_norm = 2.189
I0405 04:21:37.148492 140463859582720 logging_writer.py:48] [43] global_step=43, grad_norm=2.31655, loss=0.499744
I0405 04:21:37.153316 140537389163712 submission.py:218] 43) loss = 0.500, grad_norm = 2.317
I0405 04:21:37.230146 140463867975424 logging_writer.py:48] [44] global_step=44, grad_norm=2.03361, loss=0.567967
I0405 04:21:37.234630 140537389163712 submission.py:218] 44) loss = 0.568, grad_norm = 2.034
I0405 04:21:37.313616 140463859582720 logging_writer.py:48] [45] global_step=45, grad_norm=1.73128, loss=0.494745
I0405 04:21:37.317592 140537389163712 submission.py:218] 45) loss = 0.495, grad_norm = 1.731
I0405 04:21:37.392333 140463867975424 logging_writer.py:48] [46] global_step=46, grad_norm=1.57633, loss=0.488652
I0405 04:21:37.397638 140537389163712 submission.py:218] 46) loss = 0.489, grad_norm = 1.576
I0405 04:21:37.472410 140463859582720 logging_writer.py:48] [47] global_step=47, grad_norm=1.36717, loss=0.482428
I0405 04:21:37.479540 140537389163712 submission.py:218] 47) loss = 0.482, grad_norm = 1.367
I0405 04:21:37.553817 140463867975424 logging_writer.py:48] [48] global_step=48, grad_norm=1.17621, loss=0.502485
I0405 04:21:37.557718 140537389163712 submission.py:218] 48) loss = 0.502, grad_norm = 1.176
I0405 04:21:37.772269 140463859582720 logging_writer.py:48] [49] global_step=49, grad_norm=1.08, loss=0.589931
I0405 04:21:37.777879 140537389163712 submission.py:218] 49) loss = 0.590, grad_norm = 1.080
I0405 04:21:38.071472 140463867975424 logging_writer.py:48] [50] global_step=50, grad_norm=0.943824, loss=0.501184
I0405 04:21:38.075185 140537389163712 submission.py:218] 50) loss = 0.501, grad_norm = 0.944
I0405 04:21:38.259195 140463859582720 logging_writer.py:48] [51] global_step=51, grad_norm=1.0034, loss=0.498558
I0405 04:21:38.264178 140537389163712 submission.py:218] 51) loss = 0.499, grad_norm = 1.003
I0405 04:21:38.557461 140463867975424 logging_writer.py:48] [52] global_step=52, grad_norm=0.849368, loss=0.55787
I0405 04:21:38.561414 140537389163712 submission.py:218] 52) loss = 0.558, grad_norm = 0.849
I0405 04:21:38.859570 140463859582720 logging_writer.py:48] [53] global_step=53, grad_norm=0.977709, loss=0.446438
I0405 04:21:38.865783 140537389163712 submission.py:218] 53) loss = 0.446, grad_norm = 0.978
I0405 04:21:39.024204 140463867975424 logging_writer.py:48] [54] global_step=54, grad_norm=0.857017, loss=0.524817
I0405 04:21:39.029935 140537389163712 submission.py:218] 54) loss = 0.525, grad_norm = 0.857
I0405 04:21:39.233608 140463859582720 logging_writer.py:48] [55] global_step=55, grad_norm=1.02183, loss=0.453831
I0405 04:21:39.238427 140537389163712 submission.py:218] 55) loss = 0.454, grad_norm = 1.022
I0405 04:21:39.416428 140463867975424 logging_writer.py:48] [56] global_step=56, grad_norm=0.923829, loss=0.473685
I0405 04:21:39.421900 140537389163712 submission.py:218] 56) loss = 0.474, grad_norm = 0.924
I0405 04:21:39.593884 140463859582720 logging_writer.py:48] [57] global_step=57, grad_norm=0.99966, loss=0.481176
I0405 04:21:39.598394 140537389163712 submission.py:218] 57) loss = 0.481, grad_norm = 1.000
I0405 04:21:39.732994 140463867975424 logging_writer.py:48] [58] global_step=58, grad_norm=1.02173, loss=0.498447
I0405 04:21:39.737305 140537389163712 submission.py:218] 58) loss = 0.498, grad_norm = 1.022
I0405 04:21:39.867685 140463859582720 logging_writer.py:48] [59] global_step=59, grad_norm=1.20343, loss=0.519984
I0405 04:21:39.872945 140537389163712 submission.py:218] 59) loss = 0.520, grad_norm = 1.203
I0405 04:21:39.958497 140463867975424 logging_writer.py:48] [60] global_step=60, grad_norm=1.30127, loss=0.458148
I0405 04:21:39.963437 140537389163712 submission.py:218] 60) loss = 0.458, grad_norm = 1.301
I0405 04:21:40.046637 140463859582720 logging_writer.py:48] [61] global_step=61, grad_norm=1.27284, loss=0.558757
I0405 04:21:40.050881 140537389163712 submission.py:218] 61) loss = 0.559, grad_norm = 1.273
I0405 04:21:40.135402 140463867975424 logging_writer.py:48] [62] global_step=62, grad_norm=1.30244, loss=0.469766
I0405 04:21:40.139556 140537389163712 submission.py:218] 62) loss = 0.470, grad_norm = 1.302
I0405 04:21:40.226659 140463859582720 logging_writer.py:48] [63] global_step=63, grad_norm=1.39695, loss=0.440541
I0405 04:21:40.230892 140537389163712 submission.py:218] 63) loss = 0.441, grad_norm = 1.397
I0405 04:21:40.313229 140463867975424 logging_writer.py:48] [64] global_step=64, grad_norm=1.41592, loss=0.522366
I0405 04:21:40.317604 140537389163712 submission.py:218] 64) loss = 0.522, grad_norm = 1.416
I0405 04:21:40.458883 140463859582720 logging_writer.py:48] [65] global_step=65, grad_norm=1.39267, loss=0.499254
I0405 04:21:40.463256 140537389163712 submission.py:218] 65) loss = 0.499, grad_norm = 1.393
I0405 04:21:40.609009 140463867975424 logging_writer.py:48] [66] global_step=66, grad_norm=1.3965, loss=0.527764
I0405 04:21:40.613478 140537389163712 submission.py:218] 66) loss = 0.528, grad_norm = 1.396
I0405 04:21:40.699803 140463859582720 logging_writer.py:48] [67] global_step=67, grad_norm=1.43153, loss=0.474974
I0405 04:21:40.703944 140537389163712 submission.py:218] 67) loss = 0.475, grad_norm = 1.432
I0405 04:21:40.824443 140463867975424 logging_writer.py:48] [68] global_step=68, grad_norm=1.65039, loss=0.435786
I0405 04:21:40.828892 140537389163712 submission.py:218] 68) loss = 0.436, grad_norm = 1.650
I0405 04:21:40.954344 140463859582720 logging_writer.py:48] [69] global_step=69, grad_norm=1.46128, loss=0.475753
I0405 04:21:40.960419 140537389163712 submission.py:218] 69) loss = 0.476, grad_norm = 1.461
I0405 04:21:41.045969 140463867975424 logging_writer.py:48] [70] global_step=70, grad_norm=1.43859, loss=0.534303
I0405 04:21:41.050039 140537389163712 submission.py:218] 70) loss = 0.534, grad_norm = 1.439
I0405 04:21:41.230932 140463859582720 logging_writer.py:48] [71] global_step=71, grad_norm=1.4639, loss=0.410592
I0405 04:21:41.235192 140537389163712 submission.py:218] 71) loss = 0.411, grad_norm = 1.464
I0405 04:21:41.361129 140463867975424 logging_writer.py:48] [72] global_step=72, grad_norm=1.27904, loss=0.556173
I0405 04:21:41.365617 140537389163712 submission.py:218] 72) loss = 0.556, grad_norm = 1.279
I0405 04:21:41.537606 140463859582720 logging_writer.py:48] [73] global_step=73, grad_norm=1.41531, loss=0.513252
I0405 04:21:41.543200 140537389163712 submission.py:218] 73) loss = 0.513, grad_norm = 1.415
I0405 04:21:41.701902 140463867975424 logging_writer.py:48] [74] global_step=74, grad_norm=1.49283, loss=0.392636
I0405 04:21:41.706502 140537389163712 submission.py:218] 74) loss = 0.393, grad_norm = 1.493
I0405 04:21:41.869075 140463859582720 logging_writer.py:48] [75] global_step=75, grad_norm=1.37005, loss=0.480649
I0405 04:21:41.874143 140537389163712 submission.py:218] 75) loss = 0.481, grad_norm = 1.370
I0405 04:21:42.061859 140463867975424 logging_writer.py:48] [76] global_step=76, grad_norm=1.31319, loss=0.434042
I0405 04:21:42.065819 140537389163712 submission.py:218] 76) loss = 0.434, grad_norm = 1.313
I0405 04:21:42.355380 140463859582720 logging_writer.py:48] [77] global_step=77, grad_norm=1.25976, loss=0.428846
I0405 04:21:42.359449 140537389163712 submission.py:218] 77) loss = 0.429, grad_norm = 1.260
I0405 04:21:42.491550 140463867975424 logging_writer.py:48] [78] global_step=78, grad_norm=1.22178, loss=0.423243
I0405 04:21:42.495970 140537389163712 submission.py:218] 78) loss = 0.423, grad_norm = 1.222
I0405 04:21:42.757803 140463859582720 logging_writer.py:48] [79] global_step=79, grad_norm=1.14729, loss=0.49373
I0405 04:21:42.762341 140537389163712 submission.py:218] 79) loss = 0.494, grad_norm = 1.147
I0405 04:21:42.961320 140463867975424 logging_writer.py:48] [80] global_step=80, grad_norm=1.05852, loss=0.53935
I0405 04:21:42.965659 140537389163712 submission.py:218] 80) loss = 0.539, grad_norm = 1.059
I0405 04:21:43.133516 140463859582720 logging_writer.py:48] [81] global_step=81, grad_norm=1.02379, loss=0.536909
I0405 04:21:43.139926 140537389163712 submission.py:218] 81) loss = 0.537, grad_norm = 1.024
I0405 04:21:43.293472 140463867975424 logging_writer.py:48] [82] global_step=82, grad_norm=1.0741, loss=0.376379
I0405 04:21:43.297641 140537389163712 submission.py:218] 82) loss = 0.376, grad_norm = 1.074
I0405 04:21:43.457693 140463859582720 logging_writer.py:48] [83] global_step=83, grad_norm=1.06662, loss=0.430472
I0405 04:21:43.462254 140537389163712 submission.py:218] 83) loss = 0.430, grad_norm = 1.067
I0405 04:21:43.628582 140463867975424 logging_writer.py:48] [84] global_step=84, grad_norm=1.02657, loss=0.53187
I0405 04:21:43.633253 140537389163712 submission.py:218] 84) loss = 0.532, grad_norm = 1.027
I0405 04:21:43.910420 140463859582720 logging_writer.py:48] [85] global_step=85, grad_norm=0.953583, loss=0.532726
I0405 04:21:43.915426 140537389163712 submission.py:218] 85) loss = 0.533, grad_norm = 0.954
I0405 04:21:44.072889 140463867975424 logging_writer.py:48] [86] global_step=86, grad_norm=1.02723, loss=0.461995
I0405 04:21:44.076922 140537389163712 submission.py:218] 86) loss = 0.462, grad_norm = 1.027
I0405 04:21:44.221488 140463859582720 logging_writer.py:48] [87] global_step=87, grad_norm=0.843467, loss=0.46658
I0405 04:21:44.226753 140537389163712 submission.py:218] 87) loss = 0.467, grad_norm = 0.843
I0405 04:21:44.349760 140463867975424 logging_writer.py:48] [88] global_step=88, grad_norm=0.971218, loss=0.430203
I0405 04:21:44.355081 140537389163712 submission.py:218] 88) loss = 0.430, grad_norm = 0.971
I0405 04:21:44.456012 140463859582720 logging_writer.py:48] [89] global_step=89, grad_norm=0.87828, loss=0.454227
I0405 04:21:44.460233 140537389163712 submission.py:218] 89) loss = 0.454, grad_norm = 0.878
I0405 04:21:44.572607 140463867975424 logging_writer.py:48] [90] global_step=90, grad_norm=0.819652, loss=0.426962
I0405 04:21:44.576511 140537389163712 submission.py:218] 90) loss = 0.427, grad_norm = 0.820
I0405 04:21:44.684100 140463859582720 logging_writer.py:48] [91] global_step=91, grad_norm=0.993118, loss=0.431233
I0405 04:21:44.688180 140537389163712 submission.py:218] 91) loss = 0.431, grad_norm = 0.993
I0405 04:21:44.804482 140463867975424 logging_writer.py:48] [92] global_step=92, grad_norm=0.787055, loss=0.411406
I0405 04:21:44.809469 140537389163712 submission.py:218] 92) loss = 0.411, grad_norm = 0.787
I0405 04:21:45.010184 140463859582720 logging_writer.py:48] [93] global_step=93, grad_norm=0.842076, loss=0.407526
I0405 04:21:45.014232 140537389163712 submission.py:218] 93) loss = 0.408, grad_norm = 0.842
I0405 04:21:45.159119 140463867975424 logging_writer.py:48] [94] global_step=94, grad_norm=0.788449, loss=0.41029
I0405 04:21:45.164751 140537389163712 submission.py:218] 94) loss = 0.410, grad_norm = 0.788
I0405 04:21:45.293945 140463859582720 logging_writer.py:48] [95] global_step=95, grad_norm=0.880033, loss=0.484046
I0405 04:21:45.299196 140537389163712 submission.py:218] 95) loss = 0.484, grad_norm = 0.880
I0405 04:21:45.430220 140463867975424 logging_writer.py:48] [96] global_step=96, grad_norm=0.821439, loss=0.474889
I0405 04:21:45.436106 140537389163712 submission.py:218] 96) loss = 0.475, grad_norm = 0.821
I0405 04:21:45.591954 140463859582720 logging_writer.py:48] [97] global_step=97, grad_norm=0.781819, loss=0.456414
I0405 04:21:45.596196 140537389163712 submission.py:218] 97) loss = 0.456, grad_norm = 0.782
I0405 04:21:45.834375 140463867975424 logging_writer.py:48] [98] global_step=98, grad_norm=0.917641, loss=0.357289
I0405 04:21:45.838504 140537389163712 submission.py:218] 98) loss = 0.357, grad_norm = 0.918
I0405 04:21:45.946898 140463859582720 logging_writer.py:48] [99] global_step=99, grad_norm=0.789213, loss=0.373626
I0405 04:21:45.952777 140537389163712 submission.py:218] 99) loss = 0.374, grad_norm = 0.789
I0405 04:21:46.069055 140463867975424 logging_writer.py:48] [100] global_step=100, grad_norm=0.811986, loss=0.404162
I0405 04:21:46.073478 140537389163712 submission.py:218] 100) loss = 0.404, grad_norm = 0.812
I0405 04:23:23.762478 140537389163712 spec.py:333] Evaluating on the training split.
I0405 04:23:25.809491 140537389163712 spec.py:346] Evaluating on the validation split.
I0405 04:23:29.075730 140537389163712 spec.py:363] Evaluating on the test split.
I0405 04:23:31.275628 140537389163712 submission_runner.py:516] Time since start: 739.16s, 	Step: 302, 	{'train/ssim': 0.7036951610020229, 'train/loss': 0.30662931714739117, 'validation/ssim': 0.675487855343451, 'validation/loss': 0.3365305748694253, 'validation/num_examples': 3554, 'test/ssim': 0.6942563753359746, 'test/loss': 0.33757210363725215, 'test/num_examples': 3581, 'score': 300.31669664382935, 'total_duration': 739.1578299999237, 'accumulated_submission_time': 300.31669664382935, 'accumulated_eval_time': 436.8172800540924, 'accumulated_logging_time': 0.07796597480773926}
I0405 04:23:31.347069 140463859582720 logging_writer.py:48] [302] accumulated_eval_time=436.817, accumulated_logging_time=0.077966, accumulated_submission_time=300.317, global_step=302, preemption_count=0, score=300.317, test/loss=0.337572, test/num_examples=3581, test/ssim=0.694256, total_duration=739.158, train/loss=0.306629, train/ssim=0.703695, validation/loss=0.336531, validation/num_examples=3554, validation/ssim=0.675488
I0405 04:25:22.556920 140537389163712 spec.py:333] Evaluating on the training split.
I0405 04:25:24.575508 140537389163712 spec.py:346] Evaluating on the validation split.
I0405 04:25:26.964960 140537389163712 spec.py:363] Evaluating on the test split.
I0405 04:25:31.261647 140537389163712 submission_runner.py:516] Time since start: 859.14s, 	Step: 426, 	{'train/ssim': 0.7150068283081055, 'train/loss': 0.29253837040492464, 'validation/ssim': 0.6884568471484594, 'validation/loss': 0.32062423611599605, 'validation/num_examples': 3554, 'test/ssim': 0.7063959798677045, 'test/loss': 0.32213227145001394, 'test/num_examples': 3581, 'score': 410.38291692733765, 'total_duration': 859.143887758255, 'accumulated_submission_time': 410.38291692733765, 'accumulated_eval_time': 445.5220935344696, 'accumulated_logging_time': 0.15758085250854492}
I0405 04:25:31.306733 140463867975424 logging_writer.py:48] [426] accumulated_eval_time=445.522, accumulated_logging_time=0.157581, accumulated_submission_time=410.383, global_step=426, preemption_count=0, score=410.383, test/loss=0.322132, test/num_examples=3581, test/ssim=0.706396, total_duration=859.144, train/loss=0.292538, train/ssim=0.715007, validation/loss=0.320624, validation/num_examples=3554, validation/ssim=0.688457
I0405 04:26:39.585117 140463859582720 logging_writer.py:48] [500] global_step=500, grad_norm=0.209378, loss=0.27022
I0405 04:26:39.588351 140537389163712 submission.py:218] 500) loss = 0.270, grad_norm = 0.209
I0405 04:27:22.317638 140537389163712 spec.py:333] Evaluating on the training split.
I0405 04:27:24.338149 140537389163712 spec.py:346] Evaluating on the validation split.
I0405 04:27:26.646761 140537389163712 spec.py:363] Evaluating on the test split.
I0405 04:27:30.923681 140537389163712 submission_runner.py:516] Time since start: 978.81s, 	Step: 546, 	{'train/ssim': 0.723841803414481, 'train/loss': 0.2858517510550363, 'validation/ssim': 0.6961994160409046, 'validation/loss': 0.31415145264358824, 'validation/num_examples': 3554, 'test/ssim': 0.714498776092572, 'test/loss': 0.3149962884625454, 'test/num_examples': 3581, 'score': 520.2512855529785, 'total_duration': 978.8059213161469, 'accumulated_submission_time': 520.2512855529785, 'accumulated_eval_time': 454.1282274723053, 'accumulated_logging_time': 0.21119928359985352}
