torchrun --redirects 1:0,2:0,3:0 --standalone --nnodes=1 --nproc_per_node=4 submission_runner.py --framework=pytorch --workload=fastmri --submission_path=submissions_algorithms/submissions/self_tuning/ademamix_golden/submission.py --data_dir=/data/fastmri --experiment_dir=/experiment_runs --experiment_name=submissions_a100/ademamix_golden/study_1 --overwrite=True --save_checkpoints=False --rng_seed=-638637756 --torch_compile=true --tuning_ruleset=self 2>&1 | tee -a /logs/fastmri_pytorch_09-12-2026-09-41-29.log
W0912 09:41:55.248000 9 site-packages/torch/distributed/run.py:803] 
W0912 09:41:55.248000 9 site-packages/torch/distributed/run.py:803] *****************************************
W0912 09:41:55.248000 9 site-packages/torch/distributed/run.py:803] Setting OMP_NUM_THREADS environment variable for each process to be 1 in default, to avoid your system being overloaded, please further tune the variable for optimal performance in your application as needed. 
W0912 09:41:55.248000 9 site-packages/torch/distributed/run.py:803] *****************************************
2026-09-12 09:42:10.335757: E external/local_xla/xla/stream_executor/cuda/cuda_fft.cc:467] Unable to register cuFFT factory: Attempting to register factory for plugin cuFFT when one has already been registered
2026-09-12 09:42:10.335757: E external/local_xla/xla/stream_executor/cuda/cuda_fft.cc:467] Unable to register cuFFT factory: Attempting to register factory for plugin cuFFT when one has already been registered
2026-09-12 09:42:10.335793: E external/local_xla/xla/stream_executor/cuda/cuda_fft.cc:467] Unable to register cuFFT factory: Attempting to register factory for plugin cuFFT when one has already been registered
2026-09-12 09:42:10.335757: E external/local_xla/xla/stream_executor/cuda/cuda_fft.cc:467] Unable to register cuFFT factory: Attempting to register factory for plugin cuFFT when one has already been registered
WARNING: All log messages before absl::InitializeLog() is called are written to STDERR
WARNING: All log messages before absl::InitializeLog() is called are written to STDERR
WARNING: All log messages before absl::InitializeLog() is called are written to STDERR
WARNING: All log messages before absl::InitializeLog() is called are written to STDERR
E0000 00:00:1789206130.857158      39 cuda_dnn.cc:8579] Unable to register cuDNN factory: Attempting to register factory for plugin cuDNN when one has already been registered
E0000 00:00:1789206130.857157      40 cuda_dnn.cc:8579] Unable to register cuDNN factory: Attempting to register factory for plugin cuDNN when one has already been registered
E0000 00:00:1789206130.857148      38 cuda_dnn.cc:8579] Unable to register cuDNN factory: Attempting to register factory for plugin cuDNN when one has already been registered
E0000 00:00:1789206130.857172      41 cuda_dnn.cc:8579] Unable to register cuDNN factory: Attempting to register factory for plugin cuDNN when one has already been registered
E0000 00:00:1789206130.950851      41 cuda_blas.cc:1407] Unable to register cuBLAS factory: Attempting to register factory for plugin cuBLAS when one has already been registered
E0000 00:00:1789206130.950861      40 cuda_blas.cc:1407] Unable to register cuBLAS factory: Attempting to register factory for plugin cuBLAS when one has already been registered
E0000 00:00:1789206130.950860      39 cuda_blas.cc:1407] Unable to register cuBLAS factory: Attempting to register factory for plugin cuBLAS when one has already been registered
E0000 00:00:1789206130.950869      38 cuda_blas.cc:1407] Unable to register cuBLAS factory: Attempting to register factory for plugin cuBLAS when one has already been registered
W0000 00:00:1789206132.303809      38 computation_placer.cc:177] computation placer already registered. Please check linkage and avoid linking the same target more than once.
W0000 00:00:1789206132.303810      40 computation_placer.cc:177] computation placer already registered. Please check linkage and avoid linking the same target more than once.
W0000 00:00:1789206132.303846      40 computation_placer.cc:177] computation placer already registered. Please check linkage and avoid linking the same target more than once.
W0000 00:00:1789206132.303849      40 computation_placer.cc:177] computation placer already registered. Please check linkage and avoid linking the same target more than once.
W0000 00:00:1789206132.303851      40 computation_placer.cc:177] computation placer already registered. Please check linkage and avoid linking the same target more than once.
W0000 00:00:1789206132.303852      38 computation_placer.cc:177] computation placer already registered. Please check linkage and avoid linking the same target more than once.
W0000 00:00:1789206132.303855      38 computation_placer.cc:177] computation placer already registered. Please check linkage and avoid linking the same target more than once.
W0000 00:00:1789206132.303857      38 computation_placer.cc:177] computation placer already registered. Please check linkage and avoid linking the same target more than once.
W0000 00:00:1789206132.303828      39 computation_placer.cc:177] computation placer already registered. Please check linkage and avoid linking the same target more than once.
W0000 00:00:1789206132.303861      39 computation_placer.cc:177] computation placer already registered. Please check linkage and avoid linking the same target more than once.
W0000 00:00:1789206132.303864      39 computation_placer.cc:177] computation placer already registered. Please check linkage and avoid linking the same target more than once.
W0000 00:00:1789206132.303866      39 computation_placer.cc:177] computation placer already registered. Please check linkage and avoid linking the same target more than once.
W0000 00:00:1789206132.303847      41 computation_placer.cc:177] computation placer already registered. Please check linkage and avoid linking the same target more than once.
W0000 00:00:1789206132.303876      41 computation_placer.cc:177] computation placer already registered. Please check linkage and avoid linking the same target more than once.
W0000 00:00:1789206132.303878      41 computation_placer.cc:177] computation placer already registered. Please check linkage and avoid linking the same target more than once.
W0000 00:00:1789206132.303880      41 computation_placer.cc:177] computation placer already registered. Please check linkage and avoid linking the same target more than once.
W0000 00:00:1789206159.708917      40 gpu_device.cc:2341] Cannot dlopen some GPU libraries. Please make sure the missing libraries mentioned above are installed properly if you would like to use GPU. Follow the guide at https://www.tensorflow.org/install/gpu for how to download and setup the required libraries for your platform.
Skipping registering GPU devices...
W0000 00:00:1789206159.708911      39 gpu_device.cc:2341] Cannot dlopen some GPU libraries. Please make sure the missing libraries mentioned above are installed properly if you would like to use GPU. Follow the guide at https://www.tensorflow.org/install/gpu for how to download and setup the required libraries for your platform.
Skipping registering GPU devices...
W0000 00:00:1789206159.808207      41 gpu_device.cc:2341] Cannot dlopen some GPU libraries. Please make sure the missing libraries mentioned above are installed properly if you would like to use GPU. Follow the guide at https://www.tensorflow.org/install/gpu for how to download and setup the required libraries for your platform.
Skipping registering GPU devices...
W0000 00:00:1789206159.821891      38 gpu_device.cc:2341] Cannot dlopen some GPU libraries. Please make sure the missing libraries mentioned above are installed properly if you would like to use GPU. Follow the guide at https://www.tensorflow.org/install/gpu for how to download and setup the required libraries for your platform.
Skipping registering GPU devices...
/usr/local/lib/python3.11/site-packages/torch/__init__.py:1617: UserWarning: Please use the new API settings to control TF32 behavior, such as torch.backends.cudnn.conv.fp32_precision = 'tf32' or torch.backends.cuda.matmul.fp32_precision = 'ieee'. Old settings, e.g, torch.backends.cuda.matmul.allow_tf32 = True, torch.backends.cudnn.allow_tf32 = True, allowTF32CuDNN() and allowTF32CuBLAS() will be deprecated after Pytorch 2.9. Please see https://pytorch.org/docs/main/notes/cuda.html#tensorfloat-32-tf32-on-ampere-and-later-devices (Triggered internally at /pytorch/aten/src/ATen/Context.cpp:80.)
  _C._set_float32_matmul_precision(precision)
/usr/local/lib/python3.11/site-packages/torch/__init__.py:1617: UserWarning: Please use the new API settings to control TF32 behavior, such as torch.backends.cudnn.conv.fp32_precision = 'tf32' or torch.backends.cuda.matmul.fp32_precision = 'ieee'. Old settings, e.g, torch.backends.cuda.matmul.allow_tf32 = True, torch.backends.cudnn.allow_tf32 = True, allowTF32CuDNN() and allowTF32CuBLAS() will be deprecated after Pytorch 2.9. Please see https://pytorch.org/docs/main/notes/cuda.html#tensorfloat-32-tf32-on-ampere-and-later-devices (Triggered internally at /pytorch/aten/src/ATen/Context.cpp:80.)
  _C._set_float32_matmul_precision(precision)
/usr/local/lib/python3.11/site-packages/torch/__init__.py:1617: UserWarning: Please use the new API settings to control TF32 behavior, such as torch.backends.cudnn.conv.fp32_precision = 'tf32' or torch.backends.cuda.matmul.fp32_precision = 'ieee'. Old settings, e.g, torch.backends.cuda.matmul.allow_tf32 = True, torch.backends.cudnn.allow_tf32 = True, allowTF32CuDNN() and allowTF32CuBLAS() will be deprecated after Pytorch 2.9. Please see https://pytorch.org/docs/main/notes/cuda.html#tensorfloat-32-tf32-on-ampere-and-later-devices (Triggered internally at /pytorch/aten/src/ATen/Context.cpp:80.)
  _C._set_float32_matmul_precision(precision)
/usr/local/lib/python3.11/site-packages/torch/__init__.py:1617: UserWarning: Please use the new API settings to control TF32 behavior, such as torch.backends.cudnn.conv.fp32_precision = 'tf32' or torch.backends.cuda.matmul.fp32_precision = 'ieee'. Old settings, e.g, torch.backends.cuda.matmul.allow_tf32 = True, torch.backends.cudnn.allow_tf32 = True, allowTF32CuDNN() and allowTF32CuBLAS() will be deprecated after Pytorch 2.9. Please see https://pytorch.org/docs/main/notes/cuda.html#tensorfloat-32-tf32-on-ampere-and-later-devices (Triggered internally at /pytorch/aten/src/ATen/Context.cpp:80.)
  _C._set_float32_matmul_precision(precision)
/usr/local/lib/python3.11/site-packages/pydantic/_internal/_generate_schema.py:2249: UnsupportedFieldAttributeWarning: The 'repr' attribute with value False was provided to the `Field()` function, which has no effect in the context it was used. 'repr' is field-specific metadata, and can only be attached to a model field using `Annotated` metadata or by assignment. This may have happened because an `Annotated` type alias using the `type` statement was used, or if the `Field()` function was attached to a single member of a union type.
  warnings.warn(
/usr/local/lib/python3.11/site-packages/pydantic/_internal/_generate_schema.py:2249: UnsupportedFieldAttributeWarning: The 'repr' attribute with value False was provided to the `Field()` function, which has no effect in the context it was used. 'repr' is field-specific metadata, and can only be attached to a model field using `Annotated` metadata or by assignment. This may have happened because an `Annotated` type alias using the `type` statement was used, or if the `Field()` function was attached to a single member of a union type.
  warnings.warn(
/usr/local/lib/python3.11/site-packages/pydantic/_internal/_generate_schema.py:2249: UnsupportedFieldAttributeWarning: The 'repr' attribute with value False was provided to the `Field()` function, which has no effect in the context it was used. 'repr' is field-specific metadata, and can only be attached to a model field using `Annotated` metadata or by assignment. This may have happened because an `Annotated` type alias using the `type` statement was used, or if the `Field()` function was attached to a single member of a union type.
  warnings.warn(
/usr/local/lib/python3.11/site-packages/pydantic/_internal/_generate_schema.py:2249: UnsupportedFieldAttributeWarning: The 'repr' attribute with value False was provided to the `Field()` function, which has no effect in the context it was used. 'repr' is field-specific metadata, and can only be attached to a model field using `Annotated` metadata or by assignment. This may have happened because an `Annotated` type alias using the `type` statement was used, or if the `Field()` function was attached to a single member of a union type.
  warnings.warn(
/usr/local/lib/python3.11/site-packages/pydantic/_internal/_generate_schema.py:2249: UnsupportedFieldAttributeWarning: The 'frozen' attribute with value True was provided to the `Field()` function, which has no effect in the context it was used. 'frozen' is field-specific metadata, and can only be attached to a model field using `Annotated` metadata or by assignment. This may have happened because an `Annotated` type alias using the `type` statement was used, or if the `Field()` function was attached to a single member of a union type.
  warnings.warn(
/usr/local/lib/python3.11/site-packages/pydantic/_internal/_generate_schema.py:2249: UnsupportedFieldAttributeWarning: The 'frozen' attribute with value True was provided to the `Field()` function, which has no effect in the context it was used. 'frozen' is field-specific metadata, and can only be attached to a model field using `Annotated` metadata or by assignment. This may have happened because an `Annotated` type alias using the `type` statement was used, or if the `Field()` function was attached to a single member of a union type.
  warnings.warn(
/usr/local/lib/python3.11/site-packages/pydantic/_internal/_generate_schema.py:2249: UnsupportedFieldAttributeWarning: The 'frozen' attribute with value True was provided to the `Field()` function, which has no effect in the context it was used. 'frozen' is field-specific metadata, and can only be attached to a model field using `Annotated` metadata or by assignment. This may have happened because an `Annotated` type alias using the `type` statement was used, or if the `Field()` function was attached to a single member of a union type.
  warnings.warn(
/usr/local/lib/python3.11/site-packages/pydantic/_internal/_generate_schema.py:2249: UnsupportedFieldAttributeWarning: The 'frozen' attribute with value True was provided to the `Field()` function, which has no effect in the context it was used. 'frozen' is field-specific metadata, and can only be attached to a model field using `Annotated` metadata or by assignment. This may have happened because an `Annotated` type alias using the `type` statement was used, or if the `Field()` function was attached to a single member of a union type.
  warnings.warn(
/usr/local/lib/python3.11/site-packages/torch/distributed/distributed_c10d.py:4876: UserWarning: barrier(): using the device under current context. You can specify `device_id` in `init_process_group` to mute this warning.
  warnings.warn(  # warn only once
[rank0]:[W912 09:42:58.047565395 ProcessGroupNCCL.cpp:5068] Guessing device ID based on global rank. This can cause a hang if rank to GPU mapping is heterogeneous. You can specify device_id in init_process_group()
I0912 09:43:00.675432 139836003767488 logger_utils.py:84] Creating experiment directory at /experiment_runs/submissions_a100/ademamix_golden/study_1/fastmri_pytorch.
I0912 09:43:00.675433 140260576244928 logger_utils.py:84] Creating experiment directory at /experiment_runs/submissions_a100/ademamix_golden/study_1/fastmri_pytorch.
I0912 09:43:00.675436 140461562307776 logger_utils.py:84] Creating experiment directory at /experiment_runs/submissions_a100/ademamix_golden/study_1/fastmri_pytorch.
I0912 09:43:00.675468 140373236487360 logger_utils.py:84] Creating experiment directory at /experiment_runs/submissions_a100/ademamix_golden/study_1/fastmri_pytorch.
I0912 09:43:00.892448 139836003767488 submission_runner.py:741] Creating directory at /experiment_runs/submissions_a100/ademamix_golden/study_1/fastmri_pytorch/trial_1.
I0912 09:43:01.205085 139836003767488 submission_runner.py:242] Initializing dataset.
I0912 09:43:01.205259 139836003767488 submission_runner.py:251] Initializing model.
I0912 09:43:01.826714 139836003767488 submission_runner.py:290] Performing `torch.compile`.
I0912 09:43:05.696992 139836003767488 submission_runner.py:294] Initializing optimizer.
I0912 09:43:05.697635 139836003767488 submission_runner.py:299] Initializing metrics bundle.
I0912 09:43:05.697797 139836003767488 submission_runner.py:321] Initializing checkpoint and logger.
I0912 09:43:05.698643 139836003767488 submission_runner.py:344] Saving meta data to /experiment_runs/submissions_a100/ademamix_golden/study_1/fastmri_pytorch/trial_1/meta_data_0.json.
I0912 09:43:05.698707 140373236487360 logger_utils.py:283] Unable to record workload.train_mean information. Continuing without it.
I0912 09:43:05.698709 140260576244928 logger_utils.py:283] Unable to record workload.train_mean information. Continuing without it.
I0912 09:43:05.698726 140461562307776 logger_utils.py:283] Unable to record workload.train_mean information. Continuing without it.
I0912 09:43:05.698830 139836003767488 logger_utils.py:283] Unable to record workload.train_mean information. Continuing without it.
I0912 09:43:05.698864 140260576244928 logger_utils.py:283] Unable to record workload.train_stddev information. Continuing without it.
I0912 09:43:05.698870 140373236487360 logger_utils.py:283] Unable to record workload.train_stddev information. Continuing without it.
I0912 09:43:05.698883 139836003767488 logger_utils.py:283] Unable to record workload.train_stddev information. Continuing without it.
I0912 09:43:05.698881 140461562307776 logger_utils.py:283] Unable to record workload.train_stddev information. Continuing without it.
I0912 09:43:06.157143 139836003767488 submission_runner.py:348] Saving flags to /experiment_runs/submissions_a100/ademamix_golden/study_1/fastmri_pytorch/trial_1/flags_0.json.
I0912 09:43:06.246780 139836003767488 submission_runner.py:359] Starting training loop.
[rank2]:W0912 09:43:06.395000 40 site-packages/torch/_logging/_internal.py:1199] [0/0] Profiler function <class 'torch.autograd.profiler.record_function'> will be ignored
[rank3]:W0912 09:43:06.395000 41 site-packages/torch/_logging/_internal.py:1199] [0/0] Profiler function <class 'torch.autograd.profiler.record_function'> will be ignored
[rank1]:W0912 09:43:06.395000 39 site-packages/torch/_logging/_internal.py:1199] [0/0] Profiler function <class 'torch.autograd.profiler.record_function'> will be ignored
WARNING:tensorflow:AutoGraph could not transform <function array at 0x7f2e08f100e0> and will run it as-is.
Please report this to the TensorFlow team. When filing the bug, set the verbosity to 10 (on Linux, `export AUTOGRAPH_VERBOSITY=10`) and attach the full output.
Cause: (<gast.gast.NamedExpr object at 0x7f2b645abd60>, (leaf_jax_array := getattr(leaf, '__jax_array__', None)))
To silence this warning, decorate the function with @tf.autograph.experimental.do_not_convert
W0912 09:43:08.232978 139836003767488 ag_logging.py:142] AutoGraph could not transform <function array at 0x7f2e08f100e0> and will run it as-is.
Please report this to the TensorFlow team. When filing the bug, set the verbosity to 10 (on Linux, `export AUTOGRAPH_VERBOSITY=10`) and attach the full output.
Cause: (<gast.gast.NamedExpr object at 0x7f2b645abd60>, (leaf_jax_array := getattr(leaf, '__jax_array__', None)))
To silence this warning, decorate the function with @tf.autograph.experimental.do_not_convert
WARNING:tensorflow:AutoGraph could not transform <function standard_insert_pvary at 0x7f2e09ba0d60> and will run it as-is.
Please report this to the TensorFlow team. When filing the bug, set the verbosity to 10 (on Linux, `export AUTOGRAPH_VERBOSITY=10`) and attach the full output.
Cause: (<gast.gast.NamedExpr object at 0x7f2b645a8b50>, (aval := get_aval(a)))
To silence this warning, decorate the function with @tf.autograph.experimental.do_not_convert
W0912 09:43:11.308917 139836003767488 ag_logging.py:142] AutoGraph could not transform <function standard_insert_pvary at 0x7f2e09ba0d60> and will run it as-is.
Please report this to the TensorFlow team. When filing the bug, set the verbosity to 10 (on Linux, `export AUTOGRAPH_VERBOSITY=10`) and attach the full output.
Cause: (<gast.gast.NamedExpr object at 0x7f2b645a8b50>, (aval := get_aval(a)))
To silence this warning, decorate the function with @tf.autograph.experimental.do_not_convert
[rank0]:W0912 09:46:31.491000 38 site-packages/torch/_logging/_internal.py:1199] [0/0] Profiler function <class 'torch.autograd.profiler.record_function'> will be ignored
I0912 09:47:42.921128 139793853392640 logging_writer.py:48] [0] global_step=0, grad_norm=0.5, loss=0.942922
I0912 09:47:43.215552 139836003767488 submission.py:307] 0) loss = 0.943, grad_norm = 0.500
I0912 09:47:43.833606 139836003767488 spec.py:333] Evaluating on the training split.
[rank3]:W0912 09:50:42.567000 41 site-packages/torch/_dynamo/convert_frame.py:1358] [5/8] torch._dynamo hit config.recompile_limit (8)
[rank3]:W0912 09:50:42.567000 41 site-packages/torch/_dynamo/convert_frame.py:1358] [5/8]    function: 'forward' (/algorithmic-efficiency/algoperf/workloads/fastmri/fastmri_pytorch/models.py:139)
[rank3]:W0912 09:50:42.567000 41 site-packages/torch/_dynamo/convert_frame.py:1358] [5/8]    last reason: 5/7: GLOBAL_STATE changed: grad_mode 
[rank3]:W0912 09:50:42.567000 41 site-packages/torch/_dynamo/convert_frame.py:1358] [5/8] To log all recompilation reasons, use TORCH_LOGS="recompiles".
[rank3]:W0912 09:50:42.567000 41 site-packages/torch/_dynamo/convert_frame.py:1358] [5/8] To diagnose recompilation issues, see https://pytorch.org/docs/main/torch.compiler_troubleshooting.html
[rank0]:W0912 09:50:42.571000 38 site-packages/torch/_dynamo/convert_frame.py:1358] [5/8] torch._dynamo hit config.recompile_limit (8)
[rank0]:W0912 09:50:42.571000 38 site-packages/torch/_dynamo/convert_frame.py:1358] [5/8]    function: 'forward' (/algorithmic-efficiency/algoperf/workloads/fastmri/fastmri_pytorch/models.py:139)
[rank0]:W0912 09:50:42.571000 38 site-packages/torch/_dynamo/convert_frame.py:1358] [5/8]    last reason: 5/7: GLOBAL_STATE changed: grad_mode 
[rank0]:W0912 09:50:42.571000 38 site-packages/torch/_dynamo/convert_frame.py:1358] [5/8] To log all recompilation reasons, use TORCH_LOGS="recompiles".
[rank0]:W0912 09:50:42.571000 38 site-packages/torch/_dynamo/convert_frame.py:1358] [5/8] To diagnose recompilation issues, see https://pytorch.org/docs/main/torch.compiler_troubleshooting.html
[rank2]:W0912 09:50:42.606000 40 site-packages/torch/_dynamo/convert_frame.py:1358] [5/8] torch._dynamo hit config.recompile_limit (8)
[rank2]:W0912 09:50:42.606000 40 site-packages/torch/_dynamo/convert_frame.py:1358] [5/8]    function: 'forward' (/algorithmic-efficiency/algoperf/workloads/fastmri/fastmri_pytorch/models.py:139)
[rank2]:W0912 09:50:42.606000 40 site-packages/torch/_dynamo/convert_frame.py:1358] [5/8]    last reason: 5/7: GLOBAL_STATE changed: grad_mode 
[rank2]:W0912 09:50:42.606000 40 site-packages/torch/_dynamo/convert_frame.py:1358] [5/8] To log all recompilation reasons, use TORCH_LOGS="recompiles".
[rank2]:W0912 09:50:42.606000 40 site-packages/torch/_dynamo/convert_frame.py:1358] [5/8] To diagnose recompilation issues, see https://pytorch.org/docs/main/torch.compiler_troubleshooting.html
[rank1]:W0912 09:50:42.606000 39 site-packages/torch/_dynamo/convert_frame.py:1358] [5/8] torch._dynamo hit config.recompile_limit (8)
[rank1]:W0912 09:50:42.606000 39 site-packages/torch/_dynamo/convert_frame.py:1358] [5/8]    function: 'forward' (/algorithmic-efficiency/algoperf/workloads/fastmri/fastmri_pytorch/models.py:139)
[rank1]:W0912 09:50:42.606000 39 site-packages/torch/_dynamo/convert_frame.py:1358] [5/8]    last reason: 5/7: GLOBAL_STATE changed: grad_mode 
[rank1]:W0912 09:50:42.606000 39 site-packages/torch/_dynamo/convert_frame.py:1358] [5/8] To log all recompilation reasons, use TORCH_LOGS="recompiles".
[rank1]:W0912 09:50:42.606000 39 site-packages/torch/_dynamo/convert_frame.py:1358] [5/8] To diagnose recompilation issues, see https://pytorch.org/docs/main/torch.compiler_troubleshooting.html
I0912 09:53:37.589074 139836003767488 spec.py:346] Evaluating on the validation split.
I0912 09:56:58.068164 139836003767488 spec.py:363] Evaluating on the test split.
I0912 10:00:12.895488 139836003767488 submission_runner.py:516] Time since start: 1026.65s, 	Step: 1, 	{'train/ssim': 0.2550915649959019, 'train/loss': 0.9745864868164062, 'validation/ssim': 0.2467691210058209, 'validation/loss': 0.9774193278040588, 'validation/num_examples': 3554, 'test/ssim': 0.2693324979874249, 'test/loss': 0.976249432770176, 'test/num_examples': 3581, 'score': 276.97007966041565, 'total_duration': 1026.6488287448883, 'accumulated_submission_time': 276.97007966041565, 'accumulated_eval_time': 749.0619850158691, 'accumulated_logging_time': 0}
I0912 10:00:12.991567 139762286749440 logging_writer.py:48] [1] accumulated_eval_time=749.062, accumulated_logging_time=0, accumulated_submission_time=276.97, global_step=1, preemption_count=0, score=276.97, test/loss=0.976249, test/num_examples=3581, test/ssim=0.269332, total_duration=1026.65, train/loss=0.974586, train/ssim=0.255092, validation/loss=0.977419, validation/num_examples=3554, validation/ssim=0.246769
I0912 10:00:13.688950 139762278356736 logging_writer.py:48] [1] global_step=1, grad_norm=0.5, loss=0.963639
I0912 10:00:13.692503 139836003767488 submission.py:307] 1) loss = 0.964, grad_norm = 0.500
I0912 10:00:13.784742 139762286749440 logging_writer.py:48] [2] global_step=2, grad_norm=0.5, loss=0.986867
I0912 10:00:13.788482 139836003767488 submission.py:307] 2) loss = 0.987, grad_norm = 0.500
I0912 10:00:13.867385 139762278356736 logging_writer.py:48] [3] global_step=3, grad_norm=0.5, loss=1.01453
I0912 10:00:13.872540 139836003767488 submission.py:307] 3) loss = 1.015, grad_norm = 0.500
I0912 10:00:13.951164 139762286749440 logging_writer.py:48] [4] global_step=4, grad_norm=0.5, loss=0.984116
I0912 10:00:13.955748 139836003767488 submission.py:307] 4) loss = 0.984, grad_norm = 0.500
I0912 10:00:14.042870 139762278356736 logging_writer.py:48] [5] global_step=5, grad_norm=0.5, loss=0.926645
I0912 10:00:14.047575 139836003767488 submission.py:307] 5) loss = 0.927, grad_norm = 0.500
I0912 10:00:14.130165 139762286749440 logging_writer.py:48] [6] global_step=6, grad_norm=0.5, loss=0.913222
I0912 10:00:14.134351 139836003767488 submission.py:307] 6) loss = 0.913, grad_norm = 0.500
I0912 10:00:14.225639 139762278356736 logging_writer.py:48] [7] global_step=7, grad_norm=0.5, loss=1.02795
I0912 10:00:14.229414 139836003767488 submission.py:307] 7) loss = 1.028, grad_norm = 0.500
I0912 10:00:14.315486 139762286749440 logging_writer.py:48] [8] global_step=8, grad_norm=0.5, loss=1.02894
I0912 10:00:14.319140 139836003767488 submission.py:307] 8) loss = 1.029, grad_norm = 0.500
I0912 10:00:14.406059 139762278356736 logging_writer.py:48] [9] global_step=9, grad_norm=0.5, loss=0.939941
I0912 10:00:14.410448 139836003767488 submission.py:307] 9) loss = 0.940, grad_norm = 0.500
I0912 10:00:14.495194 139762286749440 logging_writer.py:48] [10] global_step=10, grad_norm=0.5, loss=0.875063
I0912 10:00:14.499793 139836003767488 submission.py:307] 10) loss = 0.875, grad_norm = 0.500
I0912 10:00:14.585864 139762278356736 logging_writer.py:48] [11] global_step=11, grad_norm=0.5, loss=1.00473
I0912 10:00:14.589501 139836003767488 submission.py:307] 11) loss = 1.005, grad_norm = 0.500
I0912 10:00:14.672624 139762286749440 logging_writer.py:48] [12] global_step=12, grad_norm=0.5, loss=0.966425
I0912 10:00:14.677422 139836003767488 submission.py:307] 12) loss = 0.966, grad_norm = 0.500
I0912 10:00:14.762581 139762278356736 logging_writer.py:48] [13] global_step=13, grad_norm=0.5, loss=0.911942
I0912 10:00:14.766144 139836003767488 submission.py:307] 13) loss = 0.912, grad_norm = 0.500
I0912 10:00:14.846648 139762286749440 logging_writer.py:48] [14] global_step=14, grad_norm=0.5, loss=0.928037
I0912 10:00:14.850346 139836003767488 submission.py:307] 14) loss = 0.928, grad_norm = 0.500
I0912 10:00:14.936311 139762278356736 logging_writer.py:48] [15] global_step=15, grad_norm=0.5, loss=0.910811
I0912 10:00:14.942224 139836003767488 submission.py:307] 15) loss = 0.911, grad_norm = 0.500
I0912 10:00:15.018955 139762286749440 logging_writer.py:48] [16] global_step=16, grad_norm=0.5, loss=0.899606
I0912 10:00:15.023697 139836003767488 submission.py:307] 16) loss = 0.900, grad_norm = 0.500
I0912 10:00:15.106816 139762278356736 logging_writer.py:48] [17] global_step=17, grad_norm=0.5, loss=0.842915
I0912 10:00:15.110900 139836003767488 submission.py:307] 17) loss = 0.843, grad_norm = 0.500
I0912 10:00:15.194152 139762286749440 logging_writer.py:48] [18] global_step=18, grad_norm=0.5, loss=0.831488
I0912 10:00:15.199828 139836003767488 submission.py:307] 18) loss = 0.831, grad_norm = 0.500
I0912 10:00:15.286657 139762278356736 logging_writer.py:48] [19] global_step=19, grad_norm=0.5, loss=0.851235
I0912 10:00:15.291600 139836003767488 submission.py:307] 19) loss = 0.851, grad_norm = 0.500
I0912 10:00:15.377541 139762286749440 logging_writer.py:48] [20] global_step=20, grad_norm=0.5, loss=0.763819
I0912 10:00:15.382030 139836003767488 submission.py:307] 20) loss = 0.764, grad_norm = 0.500
I0912 10:00:15.463068 139762278356736 logging_writer.py:48] [21] global_step=21, grad_norm=0.5, loss=0.762511
I0912 10:00:15.466597 139836003767488 submission.py:307] 21) loss = 0.763, grad_norm = 0.500
I0912 10:00:15.553433 139762286749440 logging_writer.py:48] [22] global_step=22, grad_norm=0.5, loss=0.767869
I0912 10:00:15.558103 139836003767488 submission.py:307] 22) loss = 0.768, grad_norm = 0.500
I0912 10:00:15.634931 139762278356736 logging_writer.py:48] [23] global_step=23, grad_norm=0.5, loss=0.829193
I0912 10:00:15.639906 139836003767488 submission.py:307] 23) loss = 0.829, grad_norm = 0.500
I0912 10:00:15.717921 139762286749440 logging_writer.py:48] [24] global_step=24, grad_norm=0.5, loss=0.754285
I0912 10:00:15.722727 139836003767488 submission.py:307] 24) loss = 0.754, grad_norm = 0.500
I0912 10:00:15.806948 139762278356736 logging_writer.py:48] [25] global_step=25, grad_norm=0.5, loss=0.777798
I0912 10:00:15.814419 139836003767488 submission.py:307] 25) loss = 0.778, grad_norm = 0.500
I0912 10:00:15.882901 139762286749440 logging_writer.py:48] [26] global_step=26, grad_norm=0.5, loss=0.658879
I0912 10:00:15.886679 139836003767488 submission.py:307] 26) loss = 0.659, grad_norm = 0.500
I0912 10:00:15.962820 139762278356736 logging_writer.py:48] [27] global_step=27, grad_norm=0.5, loss=0.697294
I0912 10:00:15.966467 139836003767488 submission.py:307] 27) loss = 0.697, grad_norm = 0.500
I0912 10:00:16.049845 139762286749440 logging_writer.py:48] [28] global_step=28, grad_norm=0.5, loss=0.683869
I0912 10:00:16.053375 139836003767488 submission.py:307] 28) loss = 0.684, grad_norm = 0.500
I0912 10:00:16.132560 139762278356736 logging_writer.py:48] [29] global_step=29, grad_norm=0.5, loss=0.617089
I0912 10:00:16.136384 139836003767488 submission.py:307] 29) loss = 0.617, grad_norm = 0.500
I0912 10:00:16.213636 139762286749440 logging_writer.py:48] [30] global_step=30, grad_norm=0.5, loss=0.585415
I0912 10:00:16.218350 139836003767488 submission.py:307] 30) loss = 0.585, grad_norm = 0.500
I0912 10:00:16.294660 139762278356736 logging_writer.py:48] [31] global_step=31, grad_norm=0.5, loss=0.60804
I0912 10:00:16.298506 139836003767488 submission.py:307] 31) loss = 0.608, grad_norm = 0.500
I0912 10:00:16.380790 139762286749440 logging_writer.py:48] [32] global_step=32, grad_norm=0.5, loss=0.566089
I0912 10:00:16.384872 139836003767488 submission.py:307] 32) loss = 0.566, grad_norm = 0.500
I0912 10:00:16.460956 139762278356736 logging_writer.py:48] [33] global_step=33, grad_norm=0.5, loss=0.531561
I0912 10:00:16.465698 139836003767488 submission.py:307] 33) loss = 0.532, grad_norm = 0.500
I0912 10:00:16.543418 139762286749440 logging_writer.py:48] [34] global_step=34, grad_norm=0.5, loss=0.536388
I0912 10:00:16.547669 139836003767488 submission.py:307] 34) loss = 0.536, grad_norm = 0.500
I0912 10:00:16.624993 139762278356736 logging_writer.py:48] [35] global_step=35, grad_norm=0.5, loss=0.555533
I0912 10:00:16.629102 139836003767488 submission.py:307] 35) loss = 0.556, grad_norm = 0.500
I0912 10:00:16.705325 139762286749440 logging_writer.py:48] [36] global_step=36, grad_norm=0.5, loss=0.537294
I0912 10:00:16.710209 139836003767488 submission.py:307] 36) loss = 0.537, grad_norm = 0.500
I0912 10:00:16.790243 139762278356736 logging_writer.py:48] [37] global_step=37, grad_norm=0.5, loss=0.522609
I0912 10:00:16.797201 139836003767488 submission.py:307] 37) loss = 0.523, grad_norm = 0.500
I0912 10:00:16.876106 139762286749440 logging_writer.py:48] [38] global_step=38, grad_norm=0.5, loss=0.522248
I0912 10:00:16.879700 139836003767488 submission.py:307] 38) loss = 0.522, grad_norm = 0.500
I0912 10:00:16.964252 139762278356736 logging_writer.py:48] [39] global_step=39, grad_norm=0.5, loss=0.505654
I0912 10:00:16.968294 139836003767488 submission.py:307] 39) loss = 0.506, grad_norm = 0.500
I0912 10:00:17.048798 139762286749440 logging_writer.py:48] [40] global_step=40, grad_norm=0.5, loss=0.486814
I0912 10:00:17.053475 139836003767488 submission.py:307] 40) loss = 0.487, grad_norm = 0.500
I0912 10:00:17.137015 139762278356736 logging_writer.py:48] [41] global_step=41, grad_norm=0.499999, loss=0.458191
I0912 10:00:17.143521 139836003767488 submission.py:307] 41) loss = 0.458, grad_norm = 0.500
I0912 10:00:17.216113 139762286749440 logging_writer.py:48] [42] global_step=42, grad_norm=0.499999, loss=0.496682
I0912 10:00:17.220618 139836003767488 submission.py:307] 42) loss = 0.497, grad_norm = 0.500
I0912 10:00:17.298734 139762278356736 logging_writer.py:48] [43] global_step=43, grad_norm=0.499999, loss=0.464295
I0912 10:00:17.303659 139836003767488 submission.py:307] 43) loss = 0.464, grad_norm = 0.500
I0912 10:00:17.376572 139762286749440 logging_writer.py:48] [44] global_step=44, grad_norm=0.499999, loss=0.429691
I0912 10:00:17.381268 139836003767488 submission.py:307] 44) loss = 0.430, grad_norm = 0.500
I0912 10:00:17.462923 139762278356736 logging_writer.py:48] [45] global_step=45, grad_norm=0.499999, loss=0.454017
I0912 10:00:17.467105 139836003767488 submission.py:307] 45) loss = 0.454, grad_norm = 0.500
I0912 10:00:17.545727 139762286749440 logging_writer.py:48] [46] global_step=46, grad_norm=0.499999, loss=0.421364
I0912 10:00:17.549635 139836003767488 submission.py:307] 46) loss = 0.421, grad_norm = 0.500
I0912 10:00:17.628106 139762278356736 logging_writer.py:48] [47] global_step=47, grad_norm=0.499999, loss=0.406272
I0912 10:00:17.631999 139836003767488 submission.py:307] 47) loss = 0.406, grad_norm = 0.500
I0912 10:00:17.760321 139762286749440 logging_writer.py:48] [48] global_step=48, grad_norm=0.499999, loss=0.368457
I0912 10:00:17.764751 139836003767488 submission.py:307] 48) loss = 0.368, grad_norm = 0.500
I0912 10:00:18.055750 139762278356736 logging_writer.py:48] [49] global_step=49, grad_norm=0.499999, loss=0.369415
I0912 10:00:18.059242 139836003767488 submission.py:307] 49) loss = 0.369, grad_norm = 0.500
I0912 10:00:18.282362 139762286749440 logging_writer.py:48] [50] global_step=50, grad_norm=0.499999, loss=0.361316
I0912 10:00:18.287015 139836003767488 submission.py:307] 50) loss = 0.361, grad_norm = 0.500
I0912 10:00:18.468464 139762278356736 logging_writer.py:48] [51] global_step=51, grad_norm=0.499999, loss=0.379211
I0912 10:00:18.472855 139836003767488 submission.py:307] 51) loss = 0.379, grad_norm = 0.500
I0912 10:00:18.636729 139762286749440 logging_writer.py:48] [52] global_step=52, grad_norm=0.499999, loss=0.459316
I0912 10:00:18.643425 139836003767488 submission.py:307] 52) loss = 0.459, grad_norm = 0.500
I0912 10:00:18.840166 139762278356736 logging_writer.py:48] [53] global_step=53, grad_norm=0.499999, loss=0.401407
I0912 10:00:18.844311 139836003767488 submission.py:307] 53) loss = 0.401, grad_norm = 0.500
I0912 10:00:18.997939 139762286749440 logging_writer.py:48] [54] global_step=54, grad_norm=0.499999, loss=0.373171
I0912 10:00:19.002931 139836003767488 submission.py:307] 54) loss = 0.373, grad_norm = 0.500
I0912 10:00:19.229157 139762278356736 logging_writer.py:48] [55] global_step=55, grad_norm=0.499999, loss=0.366785
I0912 10:00:19.232882 139836003767488 submission.py:307] 55) loss = 0.367, grad_norm = 0.500
I0912 10:00:19.413414 139762286749440 logging_writer.py:48] [56] global_step=56, grad_norm=0.499999, loss=0.406584
I0912 10:00:19.417330 139836003767488 submission.py:307] 56) loss = 0.407, grad_norm = 0.500
I0912 10:00:19.616340 139762278356736 logging_writer.py:48] [57] global_step=57, grad_norm=0.499999, loss=0.382917
I0912 10:00:19.622395 139836003767488 submission.py:307] 57) loss = 0.383, grad_norm = 0.500
I0912 10:00:19.855383 139762286749440 logging_writer.py:48] [58] global_step=58, grad_norm=0.499999, loss=0.371658
I0912 10:00:19.859813 139836003767488 submission.py:307] 58) loss = 0.372, grad_norm = 0.500
I0912 10:00:20.012697 139762278356736 logging_writer.py:48] [59] global_step=59, grad_norm=0.493553, loss=0.301014
I0912 10:00:20.016674 139836003767488 submission.py:307] 59) loss = 0.301, grad_norm = 0.494
I0912 10:00:20.141456 139762286749440 logging_writer.py:48] [60] global_step=60, grad_norm=0.499999, loss=0.383284
I0912 10:00:20.146620 139836003767488 submission.py:307] 60) loss = 0.383, grad_norm = 0.500
I0912 10:00:20.274643 139762278356736 logging_writer.py:48] [61] global_step=61, grad_norm=0.432192, loss=0.369177
I0912 10:00:20.279206 139836003767488 submission.py:307] 61) loss = 0.369, grad_norm = 0.432
I0912 10:00:20.349474 139762286749440 logging_writer.py:48] [62] global_step=62, grad_norm=0.343891, loss=0.361557
I0912 10:00:20.353699 139836003767488 submission.py:307] 62) loss = 0.362, grad_norm = 0.344
I0912 10:00:20.437381 139762278356736 logging_writer.py:48] [63] global_step=63, grad_norm=0.326291, loss=0.318779
I0912 10:00:20.442504 139836003767488 submission.py:307] 63) loss = 0.319, grad_norm = 0.326
I0912 10:00:20.520766 139762286749440 logging_writer.py:48] [64] global_step=64, grad_norm=0.302793, loss=0.366642
I0912 10:00:20.524601 139836003767488 submission.py:307] 64) loss = 0.367, grad_norm = 0.303
I0912 10:00:20.603925 139762278356736 logging_writer.py:48] [65] global_step=65, grad_norm=0.388717, loss=0.485211
I0912 10:00:20.608447 139836003767488 submission.py:307] 65) loss = 0.485, grad_norm = 0.389
I0912 10:00:20.684454 139762286749440 logging_writer.py:48] [66] global_step=66, grad_norm=0.376723, loss=0.422402
I0912 10:00:20.689242 139836003767488 submission.py:307] 66) loss = 0.422, grad_norm = 0.377
I0912 10:00:20.769486 139762278356736 logging_writer.py:48] [67] global_step=67, grad_norm=0.269946, loss=0.364713
I0912 10:00:20.774184 139836003767488 submission.py:307] 67) loss = 0.365, grad_norm = 0.270
I0912 10:00:20.855484 139762286749440 logging_writer.py:48] [68] global_step=68, grad_norm=0.230135, loss=0.279238
I0912 10:00:20.859698 139836003767488 submission.py:307] 68) loss = 0.279, grad_norm = 0.230
I0912 10:00:20.948415 139762278356736 logging_writer.py:48] [69] global_step=69, grad_norm=0.225747, loss=0.365737
I0912 10:00:20.952463 139836003767488 submission.py:307] 69) loss = 0.366, grad_norm = 0.226
I0912 10:00:21.156795 139762286749440 logging_writer.py:48] [70] global_step=70, grad_norm=0.221496, loss=0.339239
I0912 10:00:21.161454 139836003767488 submission.py:307] 70) loss = 0.339, grad_norm = 0.221
I0912 10:00:21.277769 139762278356736 logging_writer.py:48] [71] global_step=71, grad_norm=0.208224, loss=0.363923
I0912 10:00:21.282109 139836003767488 submission.py:307] 71) loss = 0.364, grad_norm = 0.208
I0912 10:00:21.389406 139762286749440 logging_writer.py:48] [72] global_step=72, grad_norm=0.15355, loss=0.357235
I0912 10:00:21.395350 139836003767488 submission.py:307] 72) loss = 0.357, grad_norm = 0.154
I0912 10:00:21.509962 139762278356736 logging_writer.py:48] [73] global_step=73, grad_norm=0.371443, loss=0.396796
I0912 10:00:21.514196 139836003767488 submission.py:307] 73) loss = 0.397, grad_norm = 0.371
I0912 10:00:21.597121 139762286749440 logging_writer.py:48] [74] global_step=74, grad_norm=0.133837, loss=0.32685
I0912 10:00:21.602398 139836003767488 submission.py:307] 74) loss = 0.327, grad_norm = 0.134
I0912 10:00:21.739296 139762278356736 logging_writer.py:48] [75] global_step=75, grad_norm=0.402522, loss=0.374549
I0912 10:00:21.743507 139836003767488 submission.py:307] 75) loss = 0.375, grad_norm = 0.403
I0912 10:00:21.983971 139762286749440 logging_writer.py:48] [76] global_step=76, grad_norm=0.167916, loss=0.411325
I0912 10:00:21.989299 139836003767488 submission.py:307] 76) loss = 0.411, grad_norm = 0.168
I0912 10:00:22.150099 139762278356736 logging_writer.py:48] [77] global_step=77, grad_norm=0.368587, loss=0.341491
I0912 10:00:22.155246 139836003767488 submission.py:307] 77) loss = 0.341, grad_norm = 0.369
I0912 10:00:22.332469 139762286749440 logging_writer.py:48] [78] global_step=78, grad_norm=0.180026, loss=0.406865
I0912 10:00:22.336388 139836003767488 submission.py:307] 78) loss = 0.407, grad_norm = 0.180
I0912 10:00:22.589016 139762278356736 logging_writer.py:48] [79] global_step=79, grad_norm=0.267112, loss=0.395995
I0912 10:00:22.593190 139836003767488 submission.py:307] 79) loss = 0.396, grad_norm = 0.267
I0912 10:00:22.770967 139762286749440 logging_writer.py:48] [80] global_step=80, grad_norm=0.171392, loss=0.332941
I0912 10:00:22.778972 139836003767488 submission.py:307] 80) loss = 0.333, grad_norm = 0.171
I0912 10:00:22.979011 139762278356736 logging_writer.py:48] [81] global_step=81, grad_norm=0.188834, loss=0.30653
I0912 10:00:22.982898 139836003767488 submission.py:307] 81) loss = 0.307, grad_norm = 0.189
I0912 10:00:23.156748 139762286749440 logging_writer.py:48] [82] global_step=82, grad_norm=0.147552, loss=0.367426
I0912 10:00:23.160904 139836003767488 submission.py:307] 82) loss = 0.367, grad_norm = 0.148
I0912 10:00:23.337747 139762278356736 logging_writer.py:48] [83] global_step=83, grad_norm=0.160781, loss=0.330308
I0912 10:00:23.342200 139836003767488 submission.py:307] 83) loss = 0.330, grad_norm = 0.161
I0912 10:00:23.519801 139762286749440 logging_writer.py:48] [84] global_step=84, grad_norm=0.328476, loss=0.396852
I0912 10:00:23.524717 139836003767488 submission.py:307] 84) loss = 0.397, grad_norm = 0.328
I0912 10:00:23.818300 139762278356736 logging_writer.py:48] [85] global_step=85, grad_norm=0.211276, loss=0.325102
I0912 10:00:23.823282 139836003767488 submission.py:307] 85) loss = 0.325, grad_norm = 0.211
I0912 10:00:24.158053 139762286749440 logging_writer.py:48] [86] global_step=86, grad_norm=0.110922, loss=0.315182
I0912 10:00:24.162345 139836003767488 submission.py:307] 86) loss = 0.315, grad_norm = 0.111
I0912 10:00:24.373368 139762278356736 logging_writer.py:48] [87] global_step=87, grad_norm=0.261542, loss=0.441381
I0912 10:00:24.377368 139836003767488 submission.py:307] 87) loss = 0.441, grad_norm = 0.262
I0912 10:00:24.598803 139762286749440 logging_writer.py:48] [88] global_step=88, grad_norm=0.174132, loss=0.350425
I0912 10:00:24.604117 139836003767488 submission.py:307] 88) loss = 0.350, grad_norm = 0.174
I0912 10:00:24.706064 139762278356736 logging_writer.py:48] [89] global_step=89, grad_norm=0.15331, loss=0.305158
I0912 10:00:24.711227 139836003767488 submission.py:307] 89) loss = 0.305, grad_norm = 0.153
I0912 10:00:24.822026 139762286749440 logging_writer.py:48] [90] global_step=90, grad_norm=0.123949, loss=0.346868
I0912 10:00:24.827980 139836003767488 submission.py:307] 90) loss = 0.347, grad_norm = 0.124
I0912 10:00:24.934975 139762278356736 logging_writer.py:48] [91] global_step=91, grad_norm=0.167816, loss=0.385147
I0912 10:00:24.938880 139836003767488 submission.py:307] 91) loss = 0.385, grad_norm = 0.168
I0912 10:00:25.074023 139762286749440 logging_writer.py:48] [92] global_step=92, grad_norm=0.196162, loss=0.360914
I0912 10:00:25.080832 139836003767488 submission.py:307] 92) loss = 0.361, grad_norm = 0.196
I0912 10:00:25.161903 139762278356736 logging_writer.py:48] [93] global_step=93, grad_norm=0.19375, loss=0.449089
I0912 10:00:25.167009 139836003767488 submission.py:307] 93) loss = 0.449, grad_norm = 0.194
I0912 10:00:25.243176 139762286749440 logging_writer.py:48] [94] global_step=94, grad_norm=0.353427, loss=0.301347
I0912 10:00:25.247222 139836003767488 submission.py:307] 94) loss = 0.301, grad_norm = 0.353
I0912 10:00:25.334042 139762278356736 logging_writer.py:48] [95] global_step=95, grad_norm=0.499999, loss=0.414595
I0912 10:00:25.337981 139836003767488 submission.py:307] 95) loss = 0.415, grad_norm = 0.500
I0912 10:00:25.459582 139762286749440 logging_writer.py:48] [96] global_step=96, grad_norm=0.411088, loss=0.322359
I0912 10:00:25.464375 139836003767488 submission.py:307] 96) loss = 0.322, grad_norm = 0.411
I0912 10:00:25.584042 139762278356736 logging_writer.py:48] [97] global_step=97, grad_norm=0.163534, loss=0.291713
I0912 10:00:25.591790 139836003767488 submission.py:307] 97) loss = 0.292, grad_norm = 0.164
I0912 10:00:25.673306 139762286749440 logging_writer.py:48] [98] global_step=98, grad_norm=0.202684, loss=0.360248
I0912 10:00:25.677397 139836003767488 submission.py:307] 98) loss = 0.360, grad_norm = 0.203
I0912 10:00:25.753309 139762278356736 logging_writer.py:48] [99] global_step=99, grad_norm=0.217855, loss=0.36688
I0912 10:00:25.757547 139836003767488 submission.py:307] 99) loss = 0.367, grad_norm = 0.218
I0912 10:00:25.833331 139762286749440 logging_writer.py:48] [100] global_step=100, grad_norm=0.220234, loss=0.251813
I0912 10:00:25.837366 139836003767488 submission.py:307] 100) loss = 0.252, grad_norm = 0.220
I0912 10:02:05.015285 139836003767488 spec.py:333] Evaluating on the training split.
I0912 10:02:06.989771 139836003767488 spec.py:346] Evaluating on the validation split.
I0912 10:02:09.628086 139836003767488 spec.py:363] Evaluating on the test split.
I0912 10:02:11.944815 139836003767488 submission_runner.py:516] Time since start: 1145.70s, 	Step: 268, 	{'train/ssim': 0.7188784054347447, 'train/loss': 0.2936295100620815, 'validation/ssim': 0.6924304865556415, 'validation/loss': 0.31603948950566263, 'validation/num_examples': 3554, 'test/ssim': 0.7102057598916155, 'test/loss': 0.31816023097162105, 'test/num_examples': 3581, 'score': 387.70237612724304, 'total_duration': 1145.6982672214508, 'accumulated_submission_time': 387.70237612724304, 'accumulated_eval_time': 755.9916512966156, 'accumulated_logging_time': 0.1044626235961914}
I0912 10:02:12.175709 139762278356736 logging_writer.py:48] [268] accumulated_eval_time=755.992, accumulated_logging_time=0.104463, accumulated_submission_time=387.702, global_step=268, preemption_count=0, score=387.702, test/loss=0.31816, test/num_examples=3581, test/ssim=0.710206, total_duration=1145.7, train/loss=0.29363, train/ssim=0.718878, validation/loss=0.316039, validation/num_examples=3554, validation/ssim=0.69243
I0912 10:04:04.789247 139836003767488 spec.py:333] Evaluating on the training split.
I0912 10:04:06.779339 139836003767488 spec.py:346] Evaluating on the validation split.
I0912 10:04:09.454652 139836003767488 spec.py:363] Evaluating on the test split.
I0912 10:04:11.800642 139836003767488 submission_runner.py:516] Time since start: 1265.55s, 	Step: 335, 	{'train/ssim': 0.7157464708600726, 'train/loss': 0.29220608302525114, 'validation/ssim': 0.6924700546479319, 'validation/loss': 0.31335792691773356, 'validation/num_examples': 3554, 'test/ssim': 0.709014031847773, 'test/loss': 0.3156670104588453, 'test/num_examples': 3581, 'score': 499.18704104423523, 'total_duration': 1265.554081916809, 'accumulated_submission_time': 499.18704104423523, 'accumulated_eval_time': 763.003143787384, 'accumulated_logging_time': 0.3435368537902832}
I0912 10:04:11.822579 139762286749440 logging_writer.py:48] [335] accumulated_eval_time=763.003, accumulated_logging_time=0.343537, accumulated_submission_time=499.187, global_step=335, preemption_count=0, score=499.187, test/loss=0.315667, test/num_examples=3581, test/ssim=0.709014, total_duration=1265.55, train/loss=0.292206, train/ssim=0.715746, validation/loss=0.313358, validation/num_examples=3554, validation/ssim=0.69247
I0912 10:06:03.384371 139836003767488 spec.py:333] Evaluating on the training split.
I0912 10:06:05.366636 139836003767488 spec.py:346] Evaluating on the validation split.
I0912 10:06:08.427825 139836003767488 spec.py:363] Evaluating on the test split.
I0912 10:06:10.746102 139836003767488 submission_runner.py:516] Time since start: 1384.50s, 	Step: 404, 	{'train/ssim': 0.7273180144173759, 'train/loss': 0.2857339722769601, 'validation/ssim': 0.7019728540904615, 'validation/loss': 0.3074569916819077, 'validation/num_examples': 3554, 'test/ssim': 0.7191851034539933, 'test/loss': 0.30963214873202316, 'test/num_examples': 3581, 'score': 609.647013425827, 'total_duration': 1384.4995515346527, 'accumulated_submission_time': 609.647013425827, 'accumulated_eval_time': 770.3649923801422, 'accumulated_logging_time': 0.37395644187927246}
I0912 10:06:10.767652 139762278356736 logging_writer.py:48] [404] accumulated_eval_time=770.365, accumulated_logging_time=0.373956, accumulated_submission_time=609.647, global_step=404, preemption_count=0, score=609.647, test/loss=0.309632, test/num_examples=3581, test/ssim=0.719185, total_duration=1384.5, train/loss=0.285734, train/ssim=0.727318, validation/loss=0.307457, validation/num_examples=3554, validation/ssim=0.701973
I0912 10:08:01.311685 139836003767488 spec.py:333] Evaluating on the training split.
I0912 10:08:03.314731 139836003767488 spec.py:346] Evaluating on the validation split.
I0912 10:08:06.377772 139836003767488 spec.py:363] Evaluating on the test split.
I0912 10:08:08.762213 139836003767488 submission_runner.py:516] Time since start: 1502.52s, 	Step: 474, 	{'train/ssim': 0.7291603088378906, 'train/loss': 0.28347143105098177, 'validation/ssim': 0.7030225763444359, 'validation/loss': 0.30528373482124016, 'validation/num_examples': 3554, 'test/ssim': 0.7202537726237433, 'test/loss': 0.30742925853244557, 'test/num_examples': 3581, 'score': 719.0911104679108, 'total_duration': 1502.5156593322754, 'accumulated_submission_time': 719.0911104679108, 'accumulated_eval_time': 777.8156218528748, 'accumulated_logging_time': 0.4036269187927246}
I0912 10:08:08.783093 139762286749440 logging_writer.py:48] [474] accumulated_eval_time=777.816, accumulated_logging_time=0.403627, accumulated_submission_time=719.091, global_step=474, preemption_count=0, score=719.091, test/loss=0.307429, test/num_examples=3581, test/ssim=0.720254, total_duration=1502.52, train/loss=0.283471, train/ssim=0.72916, validation/loss=0.305284, validation/num_examples=3554, validation/ssim=0.703023
I0912 10:08:49.755251 139762278356736 logging_writer.py:48] [500] global_step=500, grad_norm=0.11164, loss=0.323169
I0912 10:08:49.758363 139836003767488 submission.py:307] 500) loss = 0.323, grad_norm = 0.112
I0912 10:09:59.607403 139836003767488 spec.py:333] Evaluating on the training split.
I0912 10:10:01.596095 139836003767488 spec.py:346] Evaluating on the validation split.
I0912 10:10:04.594940 139836003767488 spec.py:363] Evaluating on the test split.
I0912 10:10:07.009026 139836003767488 submission_runner.py:516] Time since start: 1620.76s, 	Step: 544, 	{'train/ssim': 0.7331872667585101, 'train/loss': 0.2811053821018764, 'validation/ssim': 0.707059826955543, 'validation/loss': 0.30297429090681277, 'validation/num_examples': 3554, 'test/ssim': 0.7242879220408056, 'test/loss': 0.3050175432185493, 'test/num_examples': 3581, 'score': 828.81680727005, 'total_duration': 1620.7624669075012, 'accumulated_submission_time': 828.81680727005, 'accumulated_eval_time': 785.2173452377319, 'accumulated_logging_time': 0.43327999114990234}
I0912 10:10:07.031507 139762286749440 logging_writer.py:48] [544] accumulated_eval_time=785.217, accumulated_logging_time=0.43328, accumulated_submission_time=828.817, global_step=544, preemption_count=0, score=828.817, test/loss=0.305018, test/num_examples=3581, test/ssim=0.724288, total_duration=1620.76, train/loss=0.281105, train/ssim=0.733187, validation/loss=0.302974, validation/num_examples=3554, validation/ssim=0.70706
I0912 10:11:58.150328 139836003767488 spec.py:333] Evaluating on the training split.
I0912 10:12:00.140057 139836003767488 spec.py:346] Evaluating on the validation split.
I0912 10:12:03.171502 139836003767488 spec.py:363] Evaluating on the test split.
I0912 10:12:05.496271 139836003767488 submission_runner.py:516] Time since start: 1739.25s, 	Step: 613, 	{'train/ssim': 0.7336398533412388, 'train/loss': 0.2801985059465681, 'validation/ssim': 0.7073780890589828, 'validation/loss': 0.301891457853387, 'validation/num_examples': 3554, 'test/ssim': 0.7245739231359956, 'test/loss': 0.3040621836602904, 'test/num_examples': 3581, 'score': 938.8406875133514, 'total_duration': 1739.2497344017029, 'accumulated_submission_time': 938.8406875133514, 'accumulated_eval_time': 792.5633902549744, 'accumulated_logging_time': 0.4639852046966553}
I0912 10:12:05.527805 139762278356736 logging_writer.py:48] [613] accumulated_eval_time=792.563, accumulated_logging_time=0.463985, accumulated_submission_time=938.841, global_step=613, preemption_count=0, score=938.841, test/loss=0.304062, test/num_examples=3581, test/ssim=0.724574, total_duration=1739.25, train/loss=0.280199, train/ssim=0.73364, validation/loss=0.301891, validation/num_examples=3554, validation/ssim=0.707378
I0912 10:13:56.732705 139836003767488 spec.py:333] Evaluating on the training split.
I0912 10:13:58.711509 139836003767488 spec.py:346] Evaluating on the validation split.
I0912 10:14:01.557891 139836003767488 spec.py:363] Evaluating on the test split.
I0912 10:14:03.865007 139836003767488 submission_runner.py:516] Time since start: 1857.62s, 	Step: 681, 	{'train/ssim': 0.7347519738333566, 'train/loss': 0.2789818559374128, 'validation/ssim': 0.7084331007975169, 'validation/loss': 0.30075418432575973, 'validation/num_examples': 3554, 'test/ssim': 0.7255433270865331, 'test/loss': 0.3028992943442823, 'test/num_examples': 3581, 'score': 1048.9334847927094, 'total_duration': 1857.6184387207031, 'accumulated_submission_time': 1048.9334847927094, 'accumulated_eval_time': 799.6957902908325, 'accumulated_logging_time': 0.5035965442657471}
I0912 10:14:03.886895 139762286749440 logging_writer.py:48] [681] accumulated_eval_time=799.696, accumulated_logging_time=0.503597, accumulated_submission_time=1048.93, global_step=681, preemption_count=0, score=1048.93, test/loss=0.302899, test/num_examples=3581, test/ssim=0.725543, total_duration=1857.62, train/loss=0.278982, train/ssim=0.734752, validation/loss=0.300754, validation/num_examples=3554, validation/ssim=0.708433
I0912 10:15:54.743454 139836003767488 spec.py:333] Evaluating on the training split.
I0912 10:15:56.726143 139836003767488 spec.py:346] Evaluating on the validation split.
I0912 10:15:59.725907 139836003767488 spec.py:363] Evaluating on the test split.
I0912 10:16:02.140598 139836003767488 submission_runner.py:516] Time since start: 1975.89s, 	Step: 747, 	{'train/ssim': 0.7340025901794434, 'train/loss': 0.2780978339059012, 'validation/ssim': 0.7084184001521173, 'validation/loss': 0.29969329919852633, 'validation/num_examples': 3554, 'test/ssim': 0.7255832104335381, 'test/loss': 0.30176074409644654, 'test/num_examples': 3581, 'score': 1158.696293592453, 'total_duration': 1975.894044160843, 'accumulated_submission_time': 1158.696293592453, 'accumulated_eval_time': 807.0930454730988, 'accumulated_logging_time': 0.5335135459899902}
I0912 10:16:02.162722 139762278356736 logging_writer.py:48] [747] accumulated_eval_time=807.093, accumulated_logging_time=0.533514, accumulated_submission_time=1158.7, global_step=747, preemption_count=0, score=1158.7, test/loss=0.301761, test/num_examples=3581, test/ssim=0.725583, total_duration=1975.89, train/loss=0.278098, train/ssim=0.734003, validation/loss=0.299693, validation/num_examples=3554, validation/ssim=0.708418
I0912 10:17:54.124451 139836003767488 spec.py:333] Evaluating on the training split.
I0912 10:17:56.118251 139836003767488 spec.py:346] Evaluating on the validation split.
I0912 10:17:59.142168 139836003767488 spec.py:363] Evaluating on the test split.
I0912 10:18:01.599387 139836003767488 submission_runner.py:516] Time since start: 2095.35s, 	Step: 820, 	{'train/ssim': 0.737079279763358, 'train/loss': 0.2770411797932216, 'validation/ssim': 0.7108103462867543, 'validation/loss': 0.29881005831897156, 'validation/num_examples': 3554, 'test/ssim': 0.7277975884005864, 'test/loss': 0.30093764726158895, 'test/num_examples': 3581, 'score': 1269.4936056137085, 'total_duration': 2095.3528411388397, 'accumulated_submission_time': 1269.4936056137085, 'accumulated_eval_time': 814.5684497356415, 'accumulated_logging_time': 0.5636622905731201}
I0912 10:18:01.621841 139762286749440 logging_writer.py:48] [820] accumulated_eval_time=814.568, accumulated_logging_time=0.563662, accumulated_submission_time=1269.49, global_step=820, preemption_count=0, score=1269.49, test/loss=0.300938, test/num_examples=3581, test/ssim=0.727798, total_duration=2095.35, train/loss=0.277041, train/ssim=0.737079, validation/loss=0.29881, validation/num_examples=3554, validation/ssim=0.71081
I0912 10:19:54.688324 139836003767488 spec.py:333] Evaluating on the training split.
I0912 10:19:56.672692 139836003767488 spec.py:346] Evaluating on the validation split.
I0912 10:20:00.066241 139836003767488 spec.py:363] Evaluating on the test split.
I0912 10:20:02.589267 139836003767488 submission_runner.py:516] Time since start: 2216.34s, 	Step: 889, 	{'train/ssim': 0.7376507350376674, 'train/loss': 0.2759171043123518, 'validation/ssim': 0.7114592355224747, 'validation/loss': 0.29776019867578785, 'validation/num_examples': 3554, 'test/ssim': 0.728624434951829, 'test/loss': 0.2997621452631946, 'test/num_examples': 3581, 'score': 1381.459115743637, 'total_duration': 2216.3427169322968, 'accumulated_submission_time': 1381.459115743637, 'accumulated_eval_time': 822.4694921970367, 'accumulated_logging_time': 0.5941040515899658}
I0912 10:20:02.611867 139762278356736 logging_writer.py:48] [889] accumulated_eval_time=822.469, accumulated_logging_time=0.594104, accumulated_submission_time=1381.46, global_step=889, preemption_count=0, score=1381.46, test/loss=0.299762, test/num_examples=3581, test/ssim=0.728624, total_duration=2216.34, train/loss=0.275917, train/ssim=0.737651, validation/loss=0.29776, validation/num_examples=3554, validation/ssim=0.711459
I0912 10:21:53.179136 139836003767488 spec.py:333] Evaluating on the training split.
I0912 10:21:55.164557 139836003767488 spec.py:346] Evaluating on the validation split.
I0912 10:21:58.383379 139836003767488 spec.py:363] Evaluating on the test split.
I0912 10:22:00.579999 139836003767488 submission_runner.py:516] Time since start: 2334.33s, 	Step: 961, 	{'train/ssim': 0.7378678321838379, 'train/loss': 0.2757465158190046, 'validation/ssim': 0.7114406192846089, 'validation/loss': 0.2976615875707829, 'validation/num_examples': 3554, 'test/ssim': 0.7284563113044541, 'test/loss': 0.2996555851411966, 'test/num_examples': 3581, 'score': 1490.9036588668823, 'total_duration': 2334.33344912529, 'accumulated_submission_time': 1490.9036588668823, 'accumulated_eval_time': 829.8707458972931, 'accumulated_logging_time': 0.6444931030273438}
I0912 10:22:00.601509 139762286749440 logging_writer.py:48] [961] accumulated_eval_time=829.871, accumulated_logging_time=0.644493, accumulated_submission_time=1490.9, global_step=961, preemption_count=0, score=1490.9, test/loss=0.299656, test/num_examples=3581, test/ssim=0.728456, total_duration=2334.33, train/loss=0.275747, train/ssim=0.737868, validation/loss=0.297662, validation/num_examples=3554, validation/ssim=0.711441
I0912 10:22:09.027065 139762278356736 logging_writer.py:48] [1000] global_step=1000, grad_norm=0.131386, loss=0.352369
I0912 10:22:09.030334 139836003767488 submission.py:307] 1000) loss = 0.352, grad_norm = 0.131
I0912 10:22:42.398454 139762286749440 logging_writer.py:48] [1500] global_step=1500, grad_norm=0.0762359, loss=0.2711
I0912 10:22:42.401585 139836003767488 submission.py:307] 1500) loss = 0.271, grad_norm = 0.076
I0912 10:23:06.388797 139762278356736 logging_writer.py:48] [2000] global_step=2000, grad_norm=0.0484939, loss=0.364141
I0912 10:23:06.391752 139836003767488 submission.py:307] 2000) loss = 0.364, grad_norm = 0.048
I0912 10:23:30.293541 139762286749440 logging_writer.py:48] [2500] global_step=2500, grad_norm=0.0825935, loss=0.303391
I0912 10:23:30.296624 139836003767488 submission.py:307] 2500) loss = 0.303, grad_norm = 0.083
I0912 10:23:51.141583 139836003767488 spec.py:333] Evaluating on the training split.
I0912 10:23:53.084968 139836003767488 spec.py:346] Evaluating on the validation split.
I0912 10:23:56.795864 139836003767488 spec.py:363] Evaluating on the test split.
I0912 10:23:58.919345 139836003767488 submission_runner.py:516] Time since start: 2452.67s, 	Step: 2927, 	{'train/ssim': 0.7458196367536273, 'train/loss': 0.2680674280439104, 'validation/ssim': 0.7191054258845667, 'validation/loss': 0.29051456655353125, 'validation/num_examples': 3554, 'test/ssim': 0.736318784797368, 'test/loss': 0.29202163981778834, 'test/num_examples': 3581, 'score': 1599.721081495285, 'total_duration': 2452.672803878784, 'accumulated_submission_time': 1599.721081495285, 'accumulated_eval_time': 837.6486473083496, 'accumulated_logging_time': 0.6740052700042725}
I0912 10:23:58.940202 139762278356736 logging_writer.py:48] [2927] accumulated_eval_time=837.649, accumulated_logging_time=0.674005, accumulated_submission_time=1599.72, global_step=2927, preemption_count=0, score=1599.72, test/loss=0.292022, test/num_examples=3581, test/ssim=0.736319, total_duration=2452.67, train/loss=0.268067, train/ssim=0.74582, validation/loss=0.290515, validation/num_examples=3554, validation/ssim=0.719105
I0912 10:24:03.074253 139762286749440 logging_writer.py:48] [3000] global_step=3000, grad_norm=0.0923818, loss=0.324035
I0912 10:24:03.077343 139836003767488 submission.py:307] 3000) loss = 0.324, grad_norm = 0.092
I0912 10:24:27.005277 139762278356736 logging_writer.py:48] [3500] global_step=3500, grad_norm=0.179975, loss=0.299216
I0912 10:24:27.008391 139836003767488 submission.py:307] 3500) loss = 0.299, grad_norm = 0.180
I0912 10:24:50.897279 139762286749440 logging_writer.py:48] [4000] global_step=4000, grad_norm=0.201003, loss=0.288526
I0912 10:24:50.900299 139836003767488 submission.py:307] 4000) loss = 0.289, grad_norm = 0.201
I0912 10:25:14.780320 139762278356736 logging_writer.py:48] [4500] global_step=4500, grad_norm=0.188659, loss=0.251032
I0912 10:25:14.783301 139836003767488 submission.py:307] 4500) loss = 0.251, grad_norm = 0.189
I0912 10:25:38.681326 139762286749440 logging_writer.py:48] [5000] global_step=5000, grad_norm=0.0370094, loss=0.241917
I0912 10:25:38.684377 139836003767488 submission.py:307] 5000) loss = 0.242, grad_norm = 0.037
I0912 10:25:49.454987 139836003767488 spec.py:333] Evaluating on the training split.
I0912 10:25:51.396963 139836003767488 spec.py:346] Evaluating on the validation split.
I0912 10:25:54.794511 139836003767488 spec.py:363] Evaluating on the test split.
I0912 10:25:56.864700 139836003767488 submission_runner.py:516] Time since start: 2570.62s, 	Step: 5216, 	{'train/ssim': 0.749497549874442, 'train/loss': 0.26447248458862305, 'validation/ssim': 0.7226716375914463, 'validation/loss': 0.28728914878042344, 'validation/num_examples': 3554, 'test/ssim': 0.7397906812866518, 'test/loss': 0.2887677382038013, 'test/num_examples': 3581, 'score': 1708.4362881183624, 'total_duration': 2570.618153810501, 'accumulated_submission_time': 1708.4362881183624, 'accumulated_eval_time': 845.0584487915039, 'accumulated_logging_time': 0.7028579711914062}
I0912 10:25:56.885050 139762278356736 logging_writer.py:48] [5216] accumulated_eval_time=845.058, accumulated_logging_time=0.702858, accumulated_submission_time=1708.44, global_step=5216, preemption_count=0, score=1708.44, test/loss=0.288768, test/num_examples=3581, test/ssim=0.739791, total_duration=2570.62, train/loss=0.264472, train/ssim=0.749498, validation/loss=0.287289, validation/num_examples=3554, validation/ssim=0.722672
I0912 10:26:11.068797 139762286749440 logging_writer.py:48] [5500] global_step=5500, grad_norm=0.0679424, loss=0.274346
I0912 10:26:11.071854 139836003767488 submission.py:307] 5500) loss = 0.274, grad_norm = 0.068
I0912 10:26:35.028560 139762278356736 logging_writer.py:48] [6000] global_step=6000, grad_norm=0.0931679, loss=0.375896
I0912 10:26:35.031643 139836003767488 submission.py:307] 6000) loss = 0.376, grad_norm = 0.093
I0912 10:26:58.859849 139762286749440 logging_writer.py:48] [6500] global_step=6500, grad_norm=0.0987513, loss=0.271
I0912 10:26:58.862875 139836003767488 submission.py:307] 6500) loss = 0.271, grad_norm = 0.099
I0912 10:27:22.710476 139762278356736 logging_writer.py:48] [7000] global_step=7000, grad_norm=0.032298, loss=0.308556
I0912 10:27:22.713657 139836003767488 submission.py:307] 7000) loss = 0.309, grad_norm = 0.032
I0912 10:27:46.611001 139762286749440 logging_writer.py:48] [7500] global_step=7500, grad_norm=0.0426679, loss=0.222867
I0912 10:27:46.614065 139836003767488 submission.py:307] 7500) loss = 0.223, grad_norm = 0.043
I0912 10:27:47.439240 139836003767488 spec.py:333] Evaluating on the training split.
I0912 10:27:49.397877 139836003767488 spec.py:346] Evaluating on the validation split.
I0912 10:27:51.382219 139836003767488 spec.py:363] Evaluating on the test split.
I0912 10:27:53.360685 139836003767488 submission_runner.py:516] Time since start: 2687.11s, 	Step: 7507, 	{'train/ssim': 0.751577513558524, 'train/loss': 0.26305365562438965, 'validation/ssim': 0.7241025462067389, 'validation/loss': 0.2862729666671796, 'validation/num_examples': 3554, 'test/ssim': 0.7413039986430118, 'test/loss': 0.2875992243132156, 'test/num_examples': 3581, 'score': 1817.1823732852936, 'total_duration': 2687.114144563675, 'accumulated_submission_time': 1817.1823732852936, 'accumulated_eval_time': 850.9800071716309, 'accumulated_logging_time': 0.7312157154083252}
I0912 10:27:53.380898 139762278356736 logging_writer.py:48] [7507] accumulated_eval_time=850.98, accumulated_logging_time=0.731216, accumulated_submission_time=1817.18, global_step=7507, preemption_count=0, score=1817.18, test/loss=0.287599, test/num_examples=3581, test/ssim=0.741304, total_duration=2687.11, train/loss=0.263054, train/ssim=0.751578, validation/loss=0.286273, validation/num_examples=3554, validation/ssim=0.724103
I0912 10:27:53.929469 139762286749440 logging_writer.py:48] [7507] global_step=7507, preemption_count=0, score=1817.18
I0912 10:27:54.085808 139836003767488 submission_runner.py:857] Final fastmri score: 1817.1823732852936
