python submission_runner.py --framework=jax --workload=librispeech_deepspeech --submission_path=prize_qualification_baselines/external_tuning/jax_nadamw_full_budget.py --data_dir=/data/librispeech --num_tuning_trials=1 --experiment_dir=/experiment_runs --experiment_name=submissions/rolling_leaderboard/external_tuning/baseline/study_0 --overwrite=True --save_checkpoints=False --rng_seed=546711880 --librispeech_tokenizer_vocab_path=/data/librispeech/spm_model.vocab --tuning_ruleset=external --tuning_search_space=prize_qualification_baselines/external_tuning/tuning_search_space.json --num_tuning_trials=5 --hparam_start_index=3 --hparam_end_index=4 2>&1 | tee -a /logs/librispeech_deepspeech_jax_03-05-2025-23-37-48.log
2025-03-05 23:37:49.389755: E external/local_xla/xla/stream_executor/cuda/cuda_fft.cc:477] Unable to register cuFFT factory: Attempting to register factory for plugin cuFFT when one has already been registered
WARNING: All log messages before absl::InitializeLog() is called are written to STDERR
E0000 00:00:1741217869.412805       9 cuda_dnn.cc:8310] Unable to register cuDNN factory: Attempting to register factory for plugin cuDNN when one has already been registered
E0000 00:00:1741217869.419779       9 cuda_blas.cc:1418] Unable to register cuBLAS factory: Attempting to register factory for plugin cuBLAS when one has already been registered
ERROR:root:Unable to import wandb.
Traceback (most recent call last):
  File "/algorithmic-efficiency/algoperf/logger_utils.py", line 27, in <module>
    import wandb  # pylint: disable=g-import-not-at-top
    ^^^^^^^^^^^^
ModuleNotFoundError: No module named 'wandb'
I0305 23:37:55.561384 139800478180544 logger_utils.py:81] Creating experiment directory at /experiment_runs/submissions/rolling_leaderboard/external_tuning/baseline/study_0/librispeech_deepspeech_jax.
I0305 23:37:56.440747 139800478180544 xla_bridge.py:884] Unable to initialize backend 'rocm': NOT_FOUND: Could not find registered platform with name: "rocm". Available platform names are: CUDA
I0305 23:37:56.444461 139800478180544 xla_bridge.py:884] Unable to initialize backend 'tpu': INTERNAL: Failed to open libtpu.so: libtpu.so: cannot open shared object file: No such file or directory
I0305 23:37:56.446098 139800478180544 submission_runner.py:606] Using RNG seed 546711880
I0305 23:37:57.290094 139800478180544 submission_runner.py:615] --- Tuning run 4/5 ---
I0305 23:37:57.290303 139800478180544 submission_runner.py:620] Creating tuning directory at /experiment_runs/submissions/rolling_leaderboard/external_tuning/baseline/study_0/librispeech_deepspeech_jax/trial_4.
I0305 23:37:57.290504 139800478180544 logger_utils.py:97] Saving hparams to /experiment_runs/submissions/rolling_leaderboard/external_tuning/baseline/study_0/librispeech_deepspeech_jax/trial_4/hparams.json.
I0305 23:37:57.519240 139800478180544 submission_runner.py:218] Initializing dataset.
I0305 23:37:57.519451 139800478180544 submission_runner.py:229] Initializing model.
I0305 23:38:02.227972 139800478180544 submission_runner.py:272] Initializing optimizer.
I0305 23:38:02.712578 139800478180544 submission_runner.py:279] Initializing metrics bundle.
I0305 23:38:02.712855 139800478180544 submission_runner.py:301] Initializing checkpoint and logger.
I0305 23:38:02.713702 139800478180544 checkpoints.py:1101] Found no checkpoint files in /experiment_runs/submissions/rolling_leaderboard/external_tuning/baseline/study_0/librispeech_deepspeech_jax/trial_4 with prefix checkpoint_
I0305 23:38:02.713810 139800478180544 submission_runner.py:321] Saving meta data to /experiment_runs/submissions/rolling_leaderboard/external_tuning/baseline/study_0/librispeech_deepspeech_jax/trial_4/meta_data_0.json.
I0305 23:38:02.713999 139800478180544 logger_utils.py:262] Unable to record workload.train_mean information. Continuing without it.
I0305 23:38:02.714044 139800478180544 logger_utils.py:262] Unable to record workload.train_stddev information. Continuing without it.
I0305 23:38:02.884289 139800478180544 submission_runner.py:325] Saving flags to /experiment_runs/submissions/rolling_leaderboard/external_tuning/baseline/study_0/librispeech_deepspeech_jax/trial_4/flags_0.json.
I0305 23:38:02.917134 139800478180544 submission_runner.py:337] Starting training loop.
I0305 23:38:03.086891 139800478180544 input_pipeline.py:20] Loading split = train-clean-100
I0305 23:38:03.251379 139800478180544 input_pipeline.py:20] Loading split = train-clean-360
I0305 23:38:03.740149 139800478180544 input_pipeline.py:20] Loading split = train-other-500
/usr/local/lib/python3.11/multiprocessing/popen_fork.py:66: RuntimeWarning: os.fork() was called. os.fork() is incompatible with multithreaded code, and JAX is multithreaded, so this will likely lead to a deadlock.
  self.pid = os.fork()
/usr/local/lib/python3.11/site-packages/jax/_src/interpreters/mlir.py:930: UserWarning: Some donated buffers were not usable: ShapedArray(float32[512]), ShapedArray(float32[512]), ShapedArray(float32[512]), ShapedArray(float32[512]), ShapedArray(float32[512]), ShapedArray(float32[512]), ShapedArray(float32[512]), ShapedArray(float32[512]), ShapedArray(float32[512]), ShapedArray(float32[512]), ShapedArray(float32[512]), ShapedArray(float32[512]), ShapedArray(float32[512]), ShapedArray(float32[512]), ShapedArray(float32[512]), ShapedArray(float32[512]), ShapedArray(float32[512]), ShapedArray(float32[512]).
See an explanation at https://jax.readthedocs.io/en/latest/faq.html#buffer-donation.
  warnings.warn("Some donated buffers were not usable:"
I0305 23:39:04.324618 139796391704320 logging_writer.py:48] [0] global_step=0, grad_norm=26.78322410583496, loss=33.57448959350586
I0305 23:39:04.352611 139800478180544 spec.py:321] Evaluating on the training split.
I0305 23:39:04.464378 139800478180544 input_pipeline.py:20] Loading split = train-clean-100
I0305 23:39:04.492153 139800478180544 input_pipeline.py:20] Loading split = train-clean-360
I0305 23:39:04.955203 139800478180544 input_pipeline.py:20] Loading split = train-other-500
/usr/local/lib/python3.11/multiprocessing/popen_fork.py:66: RuntimeWarning: os.fork() was called. os.fork() is incompatible with multithreaded code, and JAX is multithreaded, so this will likely lead to a deadlock.
  self.pid = os.fork()
/usr/local/lib/python3.11/site-packages/jax/_src/ops/scatter.py:96: FutureWarning: scatter inputs have incompatible types: cannot safely cast value from dtype=float32 to dtype=int32 with jax_numpy_dtype_promotion='standard'. In future JAX releases this will result in an error.
  warnings.warn(
I0305 23:41:05.051084 139800478180544 spec.py:333] Evaluating on the validation split.
I0305 23:41:05.122483 139800478180544 input_pipeline.py:20] Loading split = dev-clean
I0305 23:41:05.162046 139800478180544 input_pipeline.py:20] Loading split = dev-other
/usr/local/lib/python3.11/multiprocessing/popen_fork.py:66: RuntimeWarning: os.fork() was called. os.fork() is incompatible with multithreaded code, and JAX is multithreaded, so this will likely lead to a deadlock.
  self.pid = os.fork()
/usr/local/lib/python3.11/site-packages/jax/_src/ops/scatter.py:96: FutureWarning: scatter inputs have incompatible types: cannot safely cast value from dtype=float32 to dtype=int32 with jax_numpy_dtype_promotion='standard'. In future JAX releases this will result in an error.
  warnings.warn(
I0305 23:42:35.167177 139800478180544 spec.py:349] Evaluating on the test split.
I0305 23:42:35.235055 139800478180544 input_pipeline.py:20] Loading split = test-clean
/usr/local/lib/python3.11/multiprocessing/popen_fork.py:66: RuntimeWarning: os.fork() was called. os.fork() is incompatible with multithreaded code, and JAX is multithreaded, so this will likely lead to a deadlock.
  self.pid = os.fork()
/usr/local/lib/python3.11/site-packages/jax/_src/ops/scatter.py:96: FutureWarning: scatter inputs have incompatible types: cannot safely cast value from dtype=float32 to dtype=int32 with jax_numpy_dtype_promotion='standard'. In future JAX releases this will result in an error.
  warnings.warn(
I0305 23:43:15.763801 139800478180544 submission_runner.py:469] Time since start: 312.84s, 	Step: 1, 	{'train/ctc_loss': Array(30.6192, dtype=float32), 'train/wer': np.float64(3.63184886809739), 'validation/ctc_loss': Array(30.448204, dtype=float32), 'validation/wer': np.float64(3.2485300790716085), 'validation/num_examples': 5348, 'test/ctc_loss': Array(30.609888, dtype=float32), 'test/wer': np.float64(3.639510084699287), 'test/num_examples': 2472, 'score': 61.435380935668945, 'total_duration': 312.8443179130554, 'accumulated_submission_time': 61.435380935668945, 'accumulated_eval_time': 251.40884256362915, 'accumulated_logging_time': 0}
I0305 23:43:15.776505 139650902501120 logging_writer.py:48] [1] accumulated_eval_time=251.409, accumulated_logging_time=0, accumulated_submission_time=61.4354, global_step=1, preemption_count=0, score=61.4354, test/ctc_loss=30.609888076782227, test/num_examples=2472, test/wer=3.63951, total_duration=312.844, train/ctc_loss=30.619199752807617, train/wer=3.63185, validation/ctc_loss=30.448204040527344, validation/num_examples=5348, validation/wer=3.24853
I0305 23:49:14.324823 139661335164672 logging_writer.py:48] [100] global_step=100, grad_norm=7.034030437469482, loss=5.910118103027344
I0305 23:58:57.412765 139661343557376 logging_writer.py:48] [200] global_step=200, grad_norm=2.691824436187744, loss=5.257882118225098
I0306 00:07:29.630523 139800478180544 spec.py:321] Evaluating on the training split.
I0306 00:08:07.687153 139800478180544 spec.py:333] Evaluating on the validation split.
/usr/local/lib/python3.11/multiprocessing/popen_fork.py:66: RuntimeWarning: os.fork() was called. os.fork() is incompatible with multithreaded code, and JAX is multithreaded, so this will likely lead to a deadlock.
  self.pid = os.fork()
I0306 00:08:46.658390 139800478180544 spec.py:349] Evaluating on the test split.
/usr/local/lib/python3.11/multiprocessing/popen_fork.py:66: RuntimeWarning: os.fork() was called. os.fork() is incompatible with multithreaded code, and JAX is multithreaded, so this will likely lead to a deadlock.
  self.pid = os.fork()
I0306 00:09:05.294857 139800478180544 submission_runner.py:469] Time since start: 1862.38s, 	Step: 291, 	{'train/ctc_loss': Array(6.1289687, dtype=float32), 'train/wer': np.float64(0.8863592604349342), 'validation/ctc_loss': Array(6.05227, dtype=float32), 'validation/wer': np.float64(0.8568118404665128), 'validation/num_examples': 5348, 'test/ctc_loss': Array(6.0838876, dtype=float32), 'test/wer': np.float64(0.8548940751122215), 'test/num_examples': 2472, 'score': 1515.2492280006409, 'total_duration': 1862.3750483989716, 'accumulated_submission_time': 1515.2492280006409, 'accumulated_eval_time': 347.070524930954, 'accumulated_logging_time': 0.024762630462646484}
I0306 00:09:05.313268 139775667328768 logging_writer.py:48] [291] accumulated_eval_time=347.071, accumulated_logging_time=0.0247626, accumulated_submission_time=1515.25, global_step=291, preemption_count=0, score=1515.25, test/ctc_loss=6.083887577056885, test/num_examples=2472, test/wer=0.854894, total_duration=1862.38, train/ctc_loss=6.128968715667725, train/wer=0.886359, validation/ctc_loss=6.05226993560791, validation/num_examples=5348, validation/wer=0.856812
I0306 00:09:13.744724 139661444269824 logging_writer.py:48] [300] global_step=300, grad_norm=3.335698366165161, loss=3.7475969791412354
I0306 00:17:00.134249 139775667328768 logging_writer.py:48] [400] global_step=400, grad_norm=2.0584328174591064, loss=3.2497920989990234
I0306 00:26:09.448840 139661444269824 logging_writer.py:48] [500] global_step=500, grad_norm=3.416031837463379, loss=3.029053211212158
I0306 00:33:17.244109 139800478180544 spec.py:321] Evaluating on the training split.
I0306 00:33:58.894155 139800478180544 spec.py:333] Evaluating on the validation split.
/usr/local/lib/python3.11/multiprocessing/popen_fork.py:66: RuntimeWarning: os.fork() was called. os.fork() is incompatible with multithreaded code, and JAX is multithreaded, so this will likely lead to a deadlock.
  self.pid = os.fork()
I0306 00:34:40.291177 139800478180544 spec.py:349] Evaluating on the test split.
/usr/local/lib/python3.11/multiprocessing/popen_fork.py:66: RuntimeWarning: os.fork() was called. os.fork() is incompatible with multithreaded code, and JAX is multithreaded, so this will likely lead to a deadlock.
  self.pid = os.fork()
I0306 00:35:00.008528 139800478180544 submission_runner.py:469] Time since start: 3417.09s, 	Step: 575, 	{'train/ctc_loss': Array(3.941049, dtype=float32), 'train/wer': np.float64(0.7606403977678905), 'validation/ctc_loss': Array(4.311503, dtype=float32), 'validation/wer': np.float64(0.7841605761896946), 'validation/num_examples': 5348, 'test/ctc_loss': Array(3.9166784, dtype=float32), 'test/wer': np.float64(0.7407836207421851), 'test/num_examples': 2472, 'score': 2967.1421020030975, 'total_duration': 3417.0887293815613, 'accumulated_submission_time': 2967.1421020030975, 'accumulated_eval_time': 449.8323256969452, 'accumulated_logging_time': 0.05351090431213379}
I0306 00:35:00.059817 139775667328768 logging_writer.py:48] [575] accumulated_eval_time=449.832, accumulated_logging_time=0.0535109, accumulated_submission_time=2967.14, global_step=575, preemption_count=0, score=2967.14, test/ctc_loss=3.9166784286499023, test/num_examples=2472, test/wer=0.740784, total_duration=3417.09, train/ctc_loss=3.941049098968506, train/wer=0.76064, validation/ctc_loss=4.311502933502197, validation/num_examples=5348, validation/wer=0.784161
I0306 00:35:30.549651 139661444269824 logging_writer.py:48] [600] global_step=600, grad_norm=3.032501697540283, loss=2.8566131591796875
I0306 00:44:46.299057 139775667328768 logging_writer.py:48] [700] global_step=700, grad_norm=2.749457597732544, loss=2.7448556423187256
I0306 00:54:34.672940 139661444269824 logging_writer.py:48] [800] global_step=800, grad_norm=3.655409812927246, loss=2.634403705596924
I0306 00:59:00.873818 139800478180544 spec.py:321] Evaluating on the training split.
I0306 00:59:45.515840 139800478180544 spec.py:333] Evaluating on the validation split.
/usr/local/lib/python3.11/multiprocessing/popen_fork.py:66: RuntimeWarning: os.fork() was called. os.fork() is incompatible with multithreaded code, and JAX is multithreaded, so this will likely lead to a deadlock.
  self.pid = os.fork()
I0306 01:00:26.950470 139800478180544 spec.py:349] Evaluating on the test split.
/usr/local/lib/python3.11/multiprocessing/popen_fork.py:66: RuntimeWarning: os.fork() was called. os.fork() is incompatible with multithreaded code, and JAX is multithreaded, so this will likely lead to a deadlock.
  self.pid = os.fork()
I0306 01:00:48.364879 139800478180544 submission_runner.py:469] Time since start: 4965.45s, 	Step: 849, 	{'train/ctc_loss': Array(2.3081954, dtype=float32), 'train/wer': np.float64(0.5415642065595759), 'validation/ctc_loss': Array(2.987476, dtype=float32), 'validation/wer': np.float64(0.6012821379263736), 'validation/num_examples': 5348, 'test/ctc_loss': Array(2.2853444, dtype=float32), 'test/wer': np.float64(0.5273698535535108), 'test/num_examples': 2472, 'score': 4407.918496847153, 'total_duration': 4965.445042133331, 'accumulated_submission_time': 4407.918496847153, 'accumulated_eval_time': 557.320728302002, 'accumulated_logging_time': 0.11444926261901855}
I0306 01:00:48.383054 139775667328768 logging_writer.py:48] [849] accumulated_eval_time=557.321, accumulated_logging_time=0.114449, accumulated_submission_time=4407.92, global_step=849, preemption_count=0, score=4407.92, test/ctc_loss=2.285344362258911, test/num_examples=2472, test/wer=0.52737, total_duration=4965.45, train/ctc_loss=2.3081953525543213, train/wer=0.541564, validation/ctc_loss=2.987476110458374, validation/num_examples=5348, validation/wer=0.601282
I0306 01:03:50.319737 139661444269824 logging_writer.py:48] [900] global_step=900, grad_norm=2.6790106296539307, loss=2.5777595043182373
I0306 01:13:10.432531 139775667328768 logging_writer.py:48] [1000] global_step=1000, grad_norm=3.4464826583862305, loss=2.585453510284424
/usr/local/lib/python3.11/multiprocessing/popen_fork.py:66: RuntimeWarning: os.fork() was called. os.fork() is incompatible with multithreaded code, and JAX is multithreaded, so this will likely lead to a deadlock.
  self.pid = os.fork()
I0306 01:19:40.808005 139775667328768 logging_writer.py:48] [1100] global_step=1100, grad_norm=2.468714952468872, loss=2.4644834995269775
I0306 01:24:51.863867 139800478180544 spec.py:321] Evaluating on the training split.
I0306 01:25:37.180897 139800478180544 spec.py:333] Evaluating on the validation split.
/usr/local/lib/python3.11/multiprocessing/popen_fork.py:66: RuntimeWarning: os.fork() was called. os.fork() is incompatible with multithreaded code, and JAX is multithreaded, so this will likely lead to a deadlock.
  self.pid = os.fork()
I0306 01:26:19.881965 139800478180544 spec.py:349] Evaluating on the test split.
/usr/local/lib/python3.11/multiprocessing/popen_fork.py:66: RuntimeWarning: os.fork() was called. os.fork() is incompatible with multithreaded code, and JAX is multithreaded, so this will likely lead to a deadlock.
  self.pid = os.fork()
I0306 01:26:40.397790 139800478180544 submission_runner.py:469] Time since start: 6517.48s, 	Step: 1192, 	{'train/ctc_loss': Array(1.7617388, dtype=float32), 'train/wer': np.float64(0.46051137701367123), 'validation/ctc_loss': Array(2.5031624, dtype=float32), 'validation/wer': np.float64(0.5381889801789973), 'validation/num_examples': 5348, 'test/ctc_loss': Array(1.7870046, dtype=float32), 'test/wer': np.float64(0.4493936993479983), 'test/num_examples': 2472, 'score': 5851.353276252747, 'total_duration': 6517.477811574936, 'accumulated_submission_time': 5851.353276252747, 'accumulated_eval_time': 665.8518686294556, 'accumulated_logging_time': 0.14377379417419434}
I0306 01:26:40.417978 139775667328768 logging_writer.py:48] [1192] accumulated_eval_time=665.852, accumulated_logging_time=0.143774, accumulated_submission_time=5851.35, global_step=1192, preemption_count=0, score=5851.35, test/ctc_loss=1.7870045900344849, test/num_examples=2472, test/wer=0.449394, total_duration=6517.48, train/ctc_loss=1.7617387771606445, train/wer=0.460511, validation/ctc_loss=2.503162384033203, validation/num_examples=5348, validation/wer=0.538189
I0306 01:26:48.368688 139661444269824 logging_writer.py:48] [1200] global_step=1200, grad_norm=2.5569207668304443, loss=2.3929851055145264
I0306 01:32:06.804331 139775667328768 logging_writer.py:48] [1300] global_step=1300, grad_norm=3.588406562805176, loss=2.391294479370117
I0306 01:39:28.905465 139661444269824 logging_writer.py:48] [1400] global_step=1400, grad_norm=2.7084388732910156, loss=2.306259870529175
I0306 01:47:58.730610 139775667328768 logging_writer.py:48] [1500] global_step=1500, grad_norm=5.380125045776367, loss=2.3071837425231934
I0306 01:50:46.988231 139800478180544 spec.py:321] Evaluating on the training split.
I0306 01:51:31.830527 139800478180544 spec.py:333] Evaluating on the validation split.
/usr/local/lib/python3.11/multiprocessing/popen_fork.py:66: RuntimeWarning: os.fork() was called. os.fork() is incompatible with multithreaded code, and JAX is multithreaded, so this will likely lead to a deadlock.
  self.pid = os.fork()
I0306 01:52:14.695167 139800478180544 spec.py:349] Evaluating on the test split.
/usr/local/lib/python3.11/multiprocessing/popen_fork.py:66: RuntimeWarning: os.fork() was called. os.fork() is incompatible with multithreaded code, and JAX is multithreaded, so this will likely lead to a deadlock.
  self.pid = os.fork()
I0306 01:52:35.465816 139800478180544 submission_runner.py:469] Time since start: 8072.55s, 	Step: 1532, 	{'train/ctc_loss': Array(1.2981033, dtype=float32), 'train/wer': np.float64(0.37309173538730706), 'validation/ctc_loss': Array(1.8511835, dtype=float32), 'validation/wer': np.float64(0.4434092510885621), 'validation/num_examples': 5348, 'test/ctc_loss': Array(1.2967571, dtype=float32), 'test/wer': np.float64(0.3644100501696017), 'test/num_examples': 2472, 'score': 7297.879374742508, 'total_duration': 8072.545922040939, 'accumulated_submission_time': 7297.879374742508, 'accumulated_eval_time': 774.3267261981964, 'accumulated_logging_time': 0.17400527000427246}
I0306 01:52:35.484583 139775667328768 logging_writer.py:48] [1532] accumulated_eval_time=774.327, accumulated_logging_time=0.174005, accumulated_submission_time=7297.88, global_step=1532, preemption_count=0, score=7297.88, test/ctc_loss=1.2967571020126343, test/num_examples=2472, test/wer=0.36441, total_duration=8072.55, train/ctc_loss=1.2981033325195312, train/wer=0.373092, validation/ctc_loss=1.851183533668518, validation/num_examples=5348, validation/wer=0.443409
I0306 01:56:59.418011 139661444269824 logging_writer.py:48] [1600] global_step=1600, grad_norm=1.8675185441970825, loss=2.207108497619629
I0306 02:06:26.043270 139775667328768 logging_writer.py:48] [1700] global_step=1700, grad_norm=2.743483304977417, loss=2.1470727920532227
I0306 02:16:16.004011 139661444269824 logging_writer.py:48] [1800] global_step=1800, grad_norm=2.300649404525757, loss=2.171764373779297
I0306 02:16:37.067430 139800478180544 spec.py:321] Evaluating on the training split.
I0306 02:17:23.805406 139800478180544 spec.py:333] Evaluating on the validation split.
/usr/local/lib/python3.11/multiprocessing/popen_fork.py:66: RuntimeWarning: os.fork() was called. os.fork() is incompatible with multithreaded code, and JAX is multithreaded, so this will likely lead to a deadlock.
  self.pid = os.fork()
I0306 02:18:07.547090 139800478180544 spec.py:349] Evaluating on the test split.
/usr/local/lib/python3.11/multiprocessing/popen_fork.py:66: RuntimeWarning: os.fork() was called. os.fork() is incompatible with multithreaded code, and JAX is multithreaded, so this will likely lead to a deadlock.
  self.pid = os.fork()
I0306 02:18:28.305975 139800478180544 submission_runner.py:469] Time since start: 9625.39s, 	Step: 1804, 	{'train/ctc_loss': Array(0.93706435, dtype=float32), 'train/wer': np.float64(0.2937924506993778), 'validation/ctc_loss': Array(1.3659221, dtype=float32), 'validation/wer': np.float64(0.36313081089431054), 'validation/num_examples': 5348, 'test/ctc_loss': Array(0.92950636, dtype=float32), 'test/wer': np.float64(0.2862510917474052), 'test/num_examples': 2472, 'score': 8739.425096035004, 'total_duration': 9625.386147737503, 'accumulated_submission_time': 8739.425096035004, 'accumulated_eval_time': 885.562607049942, 'accumulated_logging_time': 0.20357346534729004}
I0306 02:18:28.324280 139775667328768 logging_writer.py:48] [1804] accumulated_eval_time=885.563, accumulated_logging_time=0.203573, accumulated_submission_time=8739.43, global_step=1804, preemption_count=0, score=8739.43, test/ctc_loss=0.9295063614845276, test/num_examples=2472, test/wer=0.286251, total_duration=9625.39, train/ctc_loss=0.9370643496513367, train/wer=0.293792, validation/ctc_loss=1.3659220933914185, validation/num_examples=5348, validation/wer=0.363131
I0306 02:25:45.135074 139661444269824 logging_writer.py:48] [1900] global_step=1900, grad_norm=2.7912845611572266, loss=2.244483709335327
I0306 02:35:25.451082 139775667328768 logging_writer.py:48] [2000] global_step=2000, grad_norm=3.0216400623321533, loss=2.132701873779297
/usr/local/lib/python3.11/multiprocessing/popen_fork.py:66: RuntimeWarning: os.fork() was called. os.fork() is incompatible with multithreaded code, and JAX is multithreaded, so this will likely lead to a deadlock.
  self.pid = os.fork()
I0306 02:42:33.769553 139800478180544 spec.py:321] Evaluating on the training split.
I0306 02:43:19.645848 139800478180544 spec.py:333] Evaluating on the validation split.
/usr/local/lib/python3.11/multiprocessing/popen_fork.py:66: RuntimeWarning: os.fork() was called. os.fork() is incompatible with multithreaded code, and JAX is multithreaded, so this will likely lead to a deadlock.
  self.pid = os.fork()
I0306 02:44:02.831591 139800478180544 spec.py:349] Evaluating on the test split.
/usr/local/lib/python3.11/multiprocessing/popen_fork.py:66: RuntimeWarning: os.fork() was called. os.fork() is incompatible with multithreaded code, and JAX is multithreaded, so this will likely lead to a deadlock.
  self.pid = os.fork()
I0306 02:44:23.681727 139800478180544 submission_runner.py:469] Time since start: 11180.76s, 	Step: 2085, 	{'train/ctc_loss': Array(0.8285603, dtype=float32), 'train/wer': np.float64(0.2630391791729832), 'validation/ctc_loss': Array(1.2924131, dtype=float32), 'validation/wer': np.float64(0.3441690722843875), 'validation/num_examples': 5348, 'test/ctc_loss': Array(0.88915956, dtype=float32), 'test/wer': np.float64(0.27132208071821745), 'test/num_examples': 2472, 'score': 10184.83274769783, 'total_duration': 11180.761528491974, 'accumulated_submission_time': 10184.83274769783, 'accumulated_eval_time': 995.4719831943512, 'accumulated_logging_time': 0.23160266876220703}
I0306 02:44:23.703584 139775667328768 logging_writer.py:48] [2085] accumulated_eval_time=995.472, accumulated_logging_time=0.231603, accumulated_submission_time=10184.8, global_step=2085, preemption_count=0, score=10184.8, test/ctc_loss=0.8891595602035522, test/num_examples=2472, test/wer=0.271322, total_duration=11180.8, train/ctc_loss=0.8285602927207947, train/wer=0.263039, validation/ctc_loss=1.2924131155014038, validation/num_examples=5348, validation/wer=0.344169
I0306 02:44:37.738683 139661444269824 logging_writer.py:48] [2100] global_step=2100, grad_norm=2.5762739181518555, loss=2.0950636863708496
I0306 02:49:37.405668 139775667328768 logging_writer.py:48] [2200] global_step=2200, grad_norm=2.956669569015503, loss=2.1235034465789795
I0306 02:56:16.496581 139661444269824 logging_writer.py:48] [2300] global_step=2300, grad_norm=1.9827029705047607, loss=2.121034622192383
I0306 03:03:31.935638 139775667328768 logging_writer.py:48] [2400] global_step=2400, grad_norm=2.6921818256378174, loss=2.1560239791870117
I0306 03:08:40.258182 139800478180544 spec.py:321] Evaluating on the training split.
I0306 03:09:26.294044 139800478180544 spec.py:333] Evaluating on the validation split.
/usr/local/lib/python3.11/multiprocessing/popen_fork.py:66: RuntimeWarning: os.fork() was called. os.fork() is incompatible with multithreaded code, and JAX is multithreaded, so this will likely lead to a deadlock.
  self.pid = os.fork()
I0306 03:10:08.949441 139800478180544 spec.py:349] Evaluating on the test split.
/usr/local/lib/python3.11/multiprocessing/popen_fork.py:66: RuntimeWarning: os.fork() was called. os.fork() is incompatible with multithreaded code, and JAX is multithreaded, so this will likely lead to a deadlock.
  self.pid = os.fork()
I0306 03:10:30.602148 139800478180544 submission_runner.py:469] Time since start: 12747.68s, 	Step: 2465, 	{'train/ctc_loss': Array(0.7804694, dtype=float32), 'train/wer': np.float64(0.2477620949270559), 'validation/ctc_loss': Array(1.144157, dtype=float32), 'validation/wer': np.float64(0.3137762244513743), 'validation/num_examples': 5348, 'test/ctc_loss': Array(0.77784175, dtype=float32), 'test/wer': np.float64(0.24089533443015862), 'test/num_examples': 2472, 'score': 11641.340045690536, 'total_duration': 12747.682463169098, 'accumulated_submission_time': 11641.340045690536, 'accumulated_eval_time': 1105.8134269714355, 'accumulated_logging_time': 0.26338696479797363}
I0306 03:10:30.622637 139775667328768 logging_writer.py:48] [2465] accumulated_eval_time=1105.81, accumulated_logging_time=0.263387, accumulated_submission_time=11641.3, global_step=2465, preemption_count=0, score=11641.3, test/ctc_loss=0.7778417468070984, test/num_examples=2472, test/wer=0.240895, total_duration=12747.7, train/ctc_loss=0.7804694175720215, train/wer=0.247762, validation/ctc_loss=1.1441570520401, validation/num_examples=5348, validation/wer=0.313776
I0306 03:11:48.712429 139661444269824 logging_writer.py:48] [2500] global_step=2500, grad_norm=1.8791999816894531, loss=2.049884796142578
I0306 03:20:50.972848 139775667328768 logging_writer.py:48] [2600] global_step=2600, grad_norm=4.254240989685059, loss=2.0619611740112305
I0306 03:30:17.466909 139661444269824 logging_writer.py:48] [2700] global_step=2700, grad_norm=2.381532669067383, loss=2.056365728378296
I0306 03:34:32.799875 139800478180544 spec.py:321] Evaluating on the training split.
I0306 03:35:19.381236 139800478180544 spec.py:333] Evaluating on the validation split.
/usr/local/lib/python3.11/multiprocessing/popen_fork.py:66: RuntimeWarning: os.fork() was called. os.fork() is incompatible with multithreaded code, and JAX is multithreaded, so this will likely lead to a deadlock.
  self.pid = os.fork()
I0306 03:36:03.406095 139800478180544 spec.py:349] Evaluating on the test split.
/usr/local/lib/python3.11/multiprocessing/popen_fork.py:66: RuntimeWarning: os.fork() was called. os.fork() is incompatible with multithreaded code, and JAX is multithreaded, so this will likely lead to a deadlock.
  self.pid = os.fork()
I0306 03:36:24.431907 139800478180544 submission_runner.py:469] Time since start: 14301.51s, 	Step: 2747, 	{'train/ctc_loss': Array(0.7183709, dtype=float32), 'train/wer': np.float64(0.22841270923712054), 'validation/ctc_loss': Array(1.098659, dtype=float32), 'validation/wer': np.float64(0.30192031049364243), 'validation/num_examples': 5348, 'test/ctc_loss': Array(0.7435789, dtype=float32), 'test/wer': np.float64(0.2327097678386448), 'test/num_examples': 2472, 'score': 13083.478569507599, 'total_duration': 14301.512454032898, 'accumulated_submission_time': 13083.478569507599, 'accumulated_eval_time': 1217.4431688785553, 'accumulated_logging_time': 0.2939488887786865}
I0306 03:36:24.451227 139775667328768 logging_writer.py:48] [2747] accumulated_eval_time=1217.44, accumulated_logging_time=0.293949, accumulated_submission_time=13083.5, global_step=2747, preemption_count=0, score=13083.5, test/ctc_loss=0.7435789108276367, test/num_examples=2472, test/wer=0.23271, total_duration=14301.5, train/ctc_loss=0.7183709144592285, train/wer=0.228413, validation/ctc_loss=1.0986590385437012, validation/num_examples=5348, validation/wer=0.30192
I0306 03:39:20.986684 139661444269824 logging_writer.py:48] [2800] global_step=2800, grad_norm=2.185645580291748, loss=2.0039970874786377
I0306 03:47:59.276952 139775667328768 logging_writer.py:48] [2900] global_step=2900, grad_norm=1.8480104207992554, loss=2.0668418407440186
I0306 03:56:53.502071 139661444269824 logging_writer.py:48] [3000] global_step=3000, grad_norm=3.217477798461914, loss=1.9762182235717773
I0306 04:00:29.124571 139800478180544 spec.py:321] Evaluating on the training split.
I0306 04:01:15.437120 139800478180544 spec.py:333] Evaluating on the validation split.
/usr/local/lib/python3.11/multiprocessing/popen_fork.py:66: RuntimeWarning: os.fork() was called. os.fork() is incompatible with multithreaded code, and JAX is multithreaded, so this will likely lead to a deadlock.
  self.pid = os.fork()
I0306 04:01:59.283639 139800478180544 spec.py:349] Evaluating on the test split.
/usr/local/lib/python3.11/multiprocessing/popen_fork.py:66: RuntimeWarning: os.fork() was called. os.fork() is incompatible with multithreaded code, and JAX is multithreaded, so this will likely lead to a deadlock.
  self.pid = os.fork()
I0306 04:02:20.449903 139800478180544 submission_runner.py:469] Time since start: 15857.53s, 	Step: 3041, 	{'train/ctc_loss': Array(0.6924976, dtype=float32), 'train/wer': np.float64(0.2223263947412776), 'validation/ctc_loss': Array(1.025174, dtype=float32), 'validation/wer': np.float64(0.2864245923322745), 'validation/num_examples': 5348, 'test/ctc_loss': Array(0.69435686, dtype=float32), 'test/wer': np.float64(0.2184713505169297), 'test/num_examples': 2472, 'score': 14528.113027572632, 'total_duration': 15857.529883146286, 'accumulated_submission_time': 14528.113027572632, 'accumulated_eval_time': 1328.7656507492065, 'accumulated_logging_time': 0.32340025901794434}
I0306 04:02:20.470097 139775667328768 logging_writer.py:48] [3041] accumulated_eval_time=1328.77, accumulated_logging_time=0.3234, accumulated_submission_time=14528.1, global_step=3041, preemption_count=0, score=14528.1, test/ctc_loss=0.6943568587303162, test/num_examples=2472, test/wer=0.218471, total_duration=15857.5, train/ctc_loss=0.6924976110458374, train/wer=0.222326, validation/ctc_loss=1.0251740217208862, validation/num_examples=5348, validation/wer=0.286425
/usr/local/lib/python3.11/multiprocessing/popen_fork.py:66: RuntimeWarning: os.fork() was called. os.fork() is incompatible with multithreaded code, and JAX is multithreaded, so this will likely lead to a deadlock.
  self.pid = os.fork()
I0306 04:05:46.450019 139775667328768 logging_writer.py:48] [3100] global_step=3100, grad_norm=2.74373459815979, loss=2.0310754776000977
I0306 04:11:29.248607 139661444269824 logging_writer.py:48] [3200] global_step=3200, grad_norm=2.743182420730591, loss=2.0968706607818604
I0306 04:17:21.874442 139775667328768 logging_writer.py:48] [3300] global_step=3300, grad_norm=2.8186593055725098, loss=1.9588093757629395
I0306 04:24:25.301824 139661444269824 logging_writer.py:48] [3400] global_step=3400, grad_norm=7.032085418701172, loss=2.0856375694274902
I0306 04:26:28.238855 139800478180544 spec.py:321] Evaluating on the training split.
I0306 04:27:14.074761 139800478180544 spec.py:333] Evaluating on the validation split.
/usr/local/lib/python3.11/multiprocessing/popen_fork.py:66: RuntimeWarning: os.fork() was called. os.fork() is incompatible with multithreaded code, and JAX is multithreaded, so this will likely lead to a deadlock.
  self.pid = os.fork()
I0306 04:27:57.252584 139800478180544 spec.py:349] Evaluating on the test split.
/usr/local/lib/python3.11/multiprocessing/popen_fork.py:66: RuntimeWarning: os.fork() was called. os.fork() is incompatible with multithreaded code, and JAX is multithreaded, so this will likely lead to a deadlock.
  self.pid = os.fork()
I0306 04:28:18.335142 139800478180544 submission_runner.py:469] Time since start: 17415.42s, 	Step: 3427, 	{'train/ctc_loss': Array(0.688444, dtype=float32), 'train/wer': np.float64(0.21821928172437663), 'validation/ctc_loss': Array(1.0436262, dtype=float32), 'validation/wer': np.float64(0.2877858984137405), 'validation/num_examples': 5348, 'test/ctc_loss': Array(0.6941113, dtype=float32), 'test/wer': np.float64(0.2150386935591981), 'test/num_examples': 2472, 'score': 15975.832176446915, 'total_duration': 17415.415258169174, 'accumulated_submission_time': 15975.832176446915, 'accumulated_eval_time': 1438.8592476844788, 'accumulated_logging_time': 0.35500335693359375}
I0306 04:28:18.368201 139775667328768 logging_writer.py:48] [3427] accumulated_eval_time=1438.86, accumulated_logging_time=0.355003, accumulated_submission_time=15975.8, global_step=3427, preemption_count=0, score=15975.8, test/ctc_loss=0.6941112875938416, test/num_examples=2472, test/wer=0.215039, total_duration=17415.4, train/ctc_loss=0.6884440183639526, train/wer=0.218219, validation/ctc_loss=1.0436261892318726, validation/num_examples=5348, validation/wer=0.287786
I0306 04:32:09.688303 139661444269824 logging_writer.py:48] [3500] global_step=3500, grad_norm=3.0858163833618164, loss=2.130997896194458
I0306 04:40:47.377712 139775667328768 logging_writer.py:48] [3600] global_step=3600, grad_norm=4.3892998695373535, loss=2.0534236431121826
I0306 04:49:43.093791 139661444269824 logging_writer.py:48] [3700] global_step=3700, grad_norm=2.838047981262207, loss=1.9765429496765137
I0306 04:52:18.765694 139800478180544 spec.py:321] Evaluating on the training split.
I0306 04:53:05.972681 139800478180544 spec.py:333] Evaluating on the validation split.
/usr/local/lib/python3.11/multiprocessing/popen_fork.py:66: RuntimeWarning: os.fork() was called. os.fork() is incompatible with multithreaded code, and JAX is multithreaded, so this will likely lead to a deadlock.
  self.pid = os.fork()
I0306 04:53:50.744831 139800478180544 spec.py:349] Evaluating on the test split.
/usr/local/lib/python3.11/multiprocessing/popen_fork.py:66: RuntimeWarning: os.fork() was called. os.fork() is incompatible with multithreaded code, and JAX is multithreaded, so this will likely lead to a deadlock.
  self.pid = os.fork()
I0306 04:54:11.940506 139800478180544 submission_runner.py:469] Time since start: 18969.02s, 	Step: 3729, 	{'train/ctc_loss': Array(0.64089453, dtype=float32), 'train/wer': np.float64(0.20465739759336618), 'validation/ctc_loss': Array(1.0200404, dtype=float32), 'validation/wer': np.float64(0.2829489172306593), 'validation/num_examples': 5348, 'test/ctc_loss': Array(0.68258464, dtype=float32), 'test/wer': np.float64(0.21189039871630816), 'test/num_examples': 2472, 'score': 17416.18888926506, 'total_duration': 18969.020671844482, 'accumulated_submission_time': 17416.18888926506, 'accumulated_eval_time': 1552.0313816070557, 'accumulated_logging_time': 0.3996121883392334}
I0306 04:54:11.959582 139775667328768 logging_writer.py:48] [3729] accumulated_eval_time=1552.03, accumulated_logging_time=0.399612, accumulated_submission_time=17416.2, global_step=3729, preemption_count=0, score=17416.2, test/ctc_loss=0.6825846433639526, test/num_examples=2472, test/wer=0.21189, total_duration=18969, train/ctc_loss=0.6408945322036743, train/wer=0.204657, validation/ctc_loss=1.0200403928756714, validation/num_examples=5348, validation/wer=0.282949
I0306 04:58:42.778503 139661444269824 logging_writer.py:48] [3800] global_step=3800, grad_norm=2.9240763187408447, loss=2.045048713684082
I0306 05:07:45.161486 139775667328768 logging_writer.py:48] [3900] global_step=3900, grad_norm=2.516655445098877, loss=2.0732364654541016
I0306 05:16:42.509626 139661444269824 logging_writer.py:48] [4000] global_step=4000, grad_norm=4.476983547210693, loss=2.06778621673584
I0306 05:18:13.504333 139800478180544 spec.py:321] Evaluating on the training split.
I0306 05:18:59.666752 139800478180544 spec.py:333] Evaluating on the validation split.
/usr/local/lib/python3.11/multiprocessing/popen_fork.py:66: RuntimeWarning: os.fork() was called. os.fork() is incompatible with multithreaded code, and JAX is multithreaded, so this will likely lead to a deadlock.
  self.pid = os.fork()
I0306 05:19:43.150576 139800478180544 spec.py:349] Evaluating on the test split.
/usr/local/lib/python3.11/multiprocessing/popen_fork.py:66: RuntimeWarning: os.fork() was called. os.fork() is incompatible with multithreaded code, and JAX is multithreaded, so this will likely lead to a deadlock.
  self.pid = os.fork()
I0306 05:20:05.051972 139800478180544 submission_runner.py:469] Time since start: 20522.13s, 	Step: 4017, 	{'train/ctc_loss': Array(0.6576337, dtype=float32), 'train/wer': np.float64(0.20750949515865763), 'validation/ctc_loss': Array(1.0230021, dtype=float32), 'validation/wer': np.float64(0.28164553906755363), 'validation/num_examples': 5348, 'test/ctc_loss': Array(0.6758701, dtype=float32), 'test/wer': np.float64(0.20983892917352182), 'test/num_examples': 2472, 'score': 18857.69521713257, 'total_duration': 20522.132082939148, 'accumulated_submission_time': 18857.69521713257, 'accumulated_eval_time': 1663.5762898921967, 'accumulated_logging_time': 0.4287114143371582}
I0306 05:20:05.072913 139775667328768 logging_writer.py:48] [4017] accumulated_eval_time=1663.58, accumulated_logging_time=0.428711, accumulated_submission_time=18857.7, global_step=4017, preemption_count=0, score=18857.7, test/ctc_loss=0.6758701205253601, test/num_examples=2472, test/wer=0.209839, total_duration=20522.1, train/ctc_loss=0.6576337218284607, train/wer=0.207509, validation/ctc_loss=1.0230021476745605, validation/num_examples=5348, validation/wer=0.281646
I0306 05:26:04.968387 139661444269824 logging_writer.py:48] [4100] global_step=4100, grad_norm=2.362332582473755, loss=2.0797665119171143
/usr/local/lib/python3.11/multiprocessing/popen_fork.py:66: RuntimeWarning: os.fork() was called. os.fork() is incompatible with multithreaded code, and JAX is multithreaded, so this will likely lead to a deadlock.
  self.pid = os.fork()
I0306 05:32:06.898965 139775667328768 logging_writer.py:48] [4200] global_step=4200, grad_norm=2.795896291732788, loss=2.0066823959350586
I0306 05:37:41.289427 139661444269824 logging_writer.py:48] [4300] global_step=4300, grad_norm=2.5026938915252686, loss=2.0533900260925293
I0306 05:44:12.283574 139775667328768 logging_writer.py:48] [4400] global_step=4400, grad_norm=3.2368788719177246, loss=2.0600762367248535
I0306 05:44:12.289566 139800478180544 spec.py:321] Evaluating on the training split.
I0306 05:44:59.279035 139800478180544 spec.py:333] Evaluating on the validation split.
/usr/local/lib/python3.11/multiprocessing/popen_fork.py:66: RuntimeWarning: os.fork() was called. os.fork() is incompatible with multithreaded code, and JAX is multithreaded, so this will likely lead to a deadlock.
  self.pid = os.fork()
I0306 05:45:44.258964 139800478180544 spec.py:349] Evaluating on the test split.
/usr/local/lib/python3.11/multiprocessing/popen_fork.py:66: RuntimeWarning: os.fork() was called. os.fork() is incompatible with multithreaded code, and JAX is multithreaded, so this will likely lead to a deadlock.
  self.pid = os.fork()
I0306 05:46:05.744755 139800478180544 submission_runner.py:469] Time since start: 22082.82s, 	Step: 4401, 	{'train/ctc_loss': Array(0.6368883, dtype=float32), 'train/wer': np.float64(0.2023738718936671), 'validation/ctc_loss': Array(0.99948245, dtype=float32), 'validation/wer': np.float64(0.2784884675169198), 'validation/num_examples': 5348, 'test/ctc_loss': Array(0.66330767, dtype=float32), 'test/wer': np.float64(0.2069953080251051), 'test/num_examples': 2472, 'score': 20304.863000154495, 'total_duration': 22082.824632644653, 'accumulated_submission_time': 20304.863000154495, 'accumulated_eval_time': 1777.0285081863403, 'accumulated_logging_time': 0.4596445560455322}
I0306 05:46:05.766299 139775667328768 logging_writer.py:48] [4401] accumulated_eval_time=1777.03, accumulated_logging_time=0.459645, accumulated_submission_time=20304.9, global_step=4401, preemption_count=0, score=20304.9, test/ctc_loss=0.6633076667785645, test/num_examples=2472, test/wer=0.206995, total_duration=22082.8, train/ctc_loss=0.636888325214386, train/wer=0.202374, validation/ctc_loss=0.9994824528694153, validation/num_examples=5348, validation/wer=0.278488
I0306 05:51:40.853219 139661444269824 logging_writer.py:48] [4500] global_step=4500, grad_norm=3.3585619926452637, loss=2.058199882507324
I0306 05:59:56.454736 139775667328768 logging_writer.py:48] [4600] global_step=4600, grad_norm=2.0677437782287598, loss=2.102823495864868
I0306 06:08:41.593670 139661444269824 logging_writer.py:48] [4700] global_step=4700, grad_norm=2.351789712905884, loss=1.9826825857162476
I0306 06:10:09.909710 139800478180544 spec.py:321] Evaluating on the training split.
I0306 06:10:55.835900 139800478180544 spec.py:333] Evaluating on the validation split.
/usr/local/lib/python3.11/multiprocessing/popen_fork.py:66: RuntimeWarning: os.fork() was called. os.fork() is incompatible with multithreaded code, and JAX is multithreaded, so this will likely lead to a deadlock.
  self.pid = os.fork()
I0306 06:11:40.221715 139800478180544 spec.py:349] Evaluating on the test split.
/usr/local/lib/python3.11/multiprocessing/popen_fork.py:66: RuntimeWarning: os.fork() was called. os.fork() is incompatible with multithreaded code, and JAX is multithreaded, so this will likely lead to a deadlock.
  self.pid = os.fork()
I0306 06:12:01.266788 139800478180544 submission_runner.py:469] Time since start: 23638.35s, 	Step: 4717, 	{'train/ctc_loss': Array(0.6244406, dtype=float32), 'train/wer': np.float64(0.20509948715750212), 'validation/ctc_loss': Array(0.96993846, dtype=float32), 'validation/wer': np.float64(0.26960618670168085), 'validation/num_examples': 5348, 'test/ctc_loss': Array(0.63875175, dtype=float32), 'test/wer': np.float64(0.2011861962504824), 'test/num_examples': 2472, 'score': 21748.965354204178, 'total_duration': 23638.346646785736, 'accumulated_submission_time': 21748.965354204178, 'accumulated_eval_time': 1888.382602930069, 'accumulated_logging_time': 0.49135422706604004}
I0306 06:12:01.288088 139775667328768 logging_writer.py:48] [4717] accumulated_eval_time=1888.38, accumulated_logging_time=0.491354, accumulated_submission_time=21749, global_step=4717, preemption_count=0, score=21749, test/ctc_loss=0.638751745223999, test/num_examples=2472, test/wer=0.201186, total_duration=23638.3, train/ctc_loss=0.624440610408783, train/wer=0.205099, validation/ctc_loss=0.9699384570121765, validation/num_examples=5348, validation/wer=0.269606
I0306 06:17:53.099905 139661444269824 logging_writer.py:48] [4800] global_step=4800, grad_norm=2.514995574951172, loss=1.9664417505264282
I0306 06:26:59.977090 139775667328768 logging_writer.py:48] [4900] global_step=4900, grad_norm=3.357876777648926, loss=2.006631374359131
I0306 06:36:01.511265 139800478180544 spec.py:321] Evaluating on the training split.
I0306 06:36:48.659811 139800478180544 spec.py:333] Evaluating on the validation split.
/usr/local/lib/python3.11/multiprocessing/popen_fork.py:66: RuntimeWarning: os.fork() was called. os.fork() is incompatible with multithreaded code, and JAX is multithreaded, so this will likely lead to a deadlock.
  self.pid = os.fork()
I0306 06:37:31.394256 139800478180544 spec.py:349] Evaluating on the test split.
/usr/local/lib/python3.11/multiprocessing/popen_fork.py:66: RuntimeWarning: os.fork() was called. os.fork() is incompatible with multithreaded code, and JAX is multithreaded, so this will likely lead to a deadlock.
  self.pid = os.fork()
I0306 06:37:52.974979 139800478180544 submission_runner.py:469] Time since start: 25190.06s, 	Step: 4997, 	{'train/ctc_loss': Array(0.5725817, dtype=float32), 'train/wer': np.float64(0.18622387112420602), 'validation/ctc_loss': Array(0.9550267, dtype=float32), 'validation/wer': np.float64(0.2670959769060699), 'validation/num_examples': 5348, 'test/ctc_loss': Array(0.63147616, dtype=float32), 'test/wer': np.float64(0.19880974143359129), 'test/num_examples': 2472, 'score': 23189.092771053314, 'total_duration': 25190.0552713871, 'accumulated_submission_time': 23189.092771053314, 'accumulated_eval_time': 1999.843775510788, 'accumulated_logging_time': 0.5793852806091309}
I0306 06:37:52.996531 139775667328768 logging_writer.py:48] [4997] accumulated_eval_time=1999.84, accumulated_logging_time=0.579385, accumulated_submission_time=23189.1, global_step=4997, preemption_count=0, score=23189.1, test/ctc_loss=0.6314761638641357, test/num_examples=2472, test/wer=0.19881, total_duration=25190.1, train/ctc_loss=0.5725817084312439, train/wer=0.186224, validation/ctc_loss=0.9550266861915588, validation/num_examples=5348, validation/wer=0.267096
I0306 06:37:56.385939 139661444269824 logging_writer.py:48] [5000] global_step=5000, grad_norm=3.5112733840942383, loss=1.9125549793243408
I0306 06:45:44.043208 139775667328768 logging_writer.py:48] [5100] global_step=5100, grad_norm=2.862650156021118, loss=2.1043152809143066
/usr/local/lib/python3.11/multiprocessing/popen_fork.py:66: RuntimeWarning: os.fork() was called. os.fork() is incompatible with multithreaded code, and JAX is multithreaded, so this will likely lead to a deadlock.
  self.pid = os.fork()
I0306 06:53:14.554380 139775667328768 logging_writer.py:48] [5200] global_step=5200, grad_norm=3.2653250694274902, loss=1.9893133640289307
I0306 06:59:01.629374 139661444269824 logging_writer.py:48] [5300] global_step=5300, grad_norm=2.1089205741882324, loss=1.9367643594741821
I0306 07:01:54.097281 139800478180544 spec.py:321] Evaluating on the training split.
I0306 07:02:41.297927 139800478180544 spec.py:333] Evaluating on the validation split.
/usr/local/lib/python3.11/multiprocessing/popen_fork.py:66: RuntimeWarning: os.fork() was called. os.fork() is incompatible with multithreaded code, and JAX is multithreaded, so this will likely lead to a deadlock.
  self.pid = os.fork()
I0306 07:03:25.177085 139800478180544 spec.py:349] Evaluating on the test split.
/usr/local/lib/python3.11/multiprocessing/popen_fork.py:66: RuntimeWarning: os.fork() was called. os.fork() is incompatible with multithreaded code, and JAX is multithreaded, so this will likely lead to a deadlock.
  self.pid = os.fork()
I0306 07:03:47.352502 139800478180544 submission_runner.py:469] Time since start: 26744.43s, 	Step: 5347, 	{'train/ctc_loss': Array(0.6247047, dtype=float32), 'train/wer': np.float64(0.20018965552784018), 'validation/ctc_loss': Array(0.96318877, dtype=float32), 'validation/wer': np.float64(0.26848624694671597), 'validation/num_examples': 5348, 'test/ctc_loss': Array(0.63278365, dtype=float32), 'test/wer': np.float64(0.1972863729612252), 'test/num_examples': 2472, 'score': 24630.14964580536, 'total_duration': 26744.432517051697, 'accumulated_submission_time': 24630.14964580536, 'accumulated_eval_time': 2113.096220970154, 'accumulated_logging_time': 0.6109347343444824}
I0306 07:03:47.400232 139775667328768 logging_writer.py:48] [5347] accumulated_eval_time=2113.1, accumulated_logging_time=0.610935, accumulated_submission_time=24630.1, global_step=5347, preemption_count=0, score=24630.1, test/ctc_loss=0.6327836513519287, test/num_examples=2472, test/wer=0.197286, total_duration=26744.4, train/ctc_loss=0.6247047185897827, train/wer=0.20019, validation/ctc_loss=0.9631887674331665, validation/num_examples=5348, validation/wer=0.268486
I0306 07:05:42.938086 139661444269824 logging_writer.py:48] [5400] global_step=5400, grad_norm=2.311981201171875, loss=1.9463117122650146
I0306 07:13:09.125426 139775667328768 logging_writer.py:48] [5500] global_step=5500, grad_norm=1.597259521484375, loss=1.9932760000228882
I0306 07:21:42.062381 139661444269824 logging_writer.py:48] [5600] global_step=5600, grad_norm=3.1038460731506348, loss=1.9909623861312866
