torchrun --redirects 1:0,2:0,3:0 --standalone --nnodes=1 --nproc_per_node=4 submission_runner.py --framework=pytorch --workload=wmt --submission_path=submissions_algorithms/submissions/self_tuning/schedule_free_adamw_v2/submission.py --data_dir=/data/wmt --experiment_dir=/experiment_runs --experiment_name=submissions_a100/schedule_free_adamw_v2/study_0 --overwrite=True --save_checkpoints=False --rng_seed=-1468265916 --torch_compile=true --tuning_ruleset=self 2>&1 | tee -a /logs/wmt_pytorch_03-13-2026-11-52-14.log
W0313 11:52:16.631000 46 site-packages/torch/distributed/run.py:803] 
W0313 11:52:16.631000 46 site-packages/torch/distributed/run.py:803] *****************************************
W0313 11:52:16.631000 46 site-packages/torch/distributed/run.py:803] Setting OMP_NUM_THREADS environment variable for each process to be 1 in default, to avoid your system being overloaded, please further tune the variable for optimal performance in your application as needed. 
W0313 11:52:16.631000 46 site-packages/torch/distributed/run.py:803] *****************************************
2026-03-13 11:52:18.267732: E external/local_xla/xla/stream_executor/cuda/cuda_fft.cc:467] Unable to register cuFFT factory: Attempting to register factory for plugin cuFFT when one has already been registered
2026-03-13 11:52:18.267732: E external/local_xla/xla/stream_executor/cuda/cuda_fft.cc:467] Unable to register cuFFT factory: Attempting to register factory for plugin cuFFT when one has already been registered
2026-03-13 11:52:18.267738: E external/local_xla/xla/stream_executor/cuda/cuda_fft.cc:467] Unable to register cuFFT factory: Attempting to register factory for plugin cuFFT when one has already been registered
2026-03-13 11:52:18.267732: E external/local_xla/xla/stream_executor/cuda/cuda_fft.cc:467] Unable to register cuFFT factory: Attempting to register factory for plugin cuFFT when one has already been registered
WARNING: All log messages before absl::InitializeLog() is called are written to STDERR
WARNING: All log messages before absl::InitializeLog() is called are written to STDERR
WARNING: All log messages before absl::InitializeLog() is called are written to STDERR
E0000 00:00:1773402738.290925      75 cuda_dnn.cc:8579] Unable to register cuDNN factory: Attempting to register factory for plugin cuDNN when one has already been registered
E0000 00:00:1773402738.290924      78 cuda_dnn.cc:8579] Unable to register cuDNN factory: Attempting to register factory for plugin cuDNN when one has already been registered
E0000 00:00:1773402738.290924      76 cuda_dnn.cc:8579] Unable to register cuDNN factory: Attempting to register factory for plugin cuDNN when one has already been registered
WARNING: All log messages before absl::InitializeLog() is called are written to STDERR
E0000 00:00:1773402738.290923      77 cuda_dnn.cc:8579] Unable to register cuDNN factory: Attempting to register factory for plugin cuDNN when one has already been registered
E0000 00:00:1773402738.298558      75 cuda_blas.cc:1407] Unable to register cuBLAS factory: Attempting to register factory for plugin cuBLAS when one has already been registered
E0000 00:00:1773402738.298560      76 cuda_blas.cc:1407] Unable to register cuBLAS factory: Attempting to register factory for plugin cuBLAS when one has already been registered
E0000 00:00:1773402738.298570      78 cuda_blas.cc:1407] Unable to register cuBLAS factory: Attempting to register factory for plugin cuBLAS when one has already been registered
E0000 00:00:1773402738.298624      77 cuda_blas.cc:1407] Unable to register cuBLAS factory: Attempting to register factory for plugin cuBLAS when one has already been registered
W0000 00:00:1773402738.321291      77 computation_placer.cc:177] computation placer already registered. Please check linkage and avoid linking the same target more than once.
W0000 00:00:1773402738.321292      75 computation_placer.cc:177] computation placer already registered. Please check linkage and avoid linking the same target more than once.
W0000 00:00:1773402738.321291      78 computation_placer.cc:177] computation placer already registered. Please check linkage and avoid linking the same target more than once.
W0000 00:00:1773402738.321317      75 computation_placer.cc:177] computation placer already registered. Please check linkage and avoid linking the same target more than once.
W0000 00:00:1773402738.321295      76 computation_placer.cc:177] computation placer already registered. Please check linkage and avoid linking the same target more than once.
W0000 00:00:1773402738.321318      78 computation_placer.cc:177] computation placer already registered. Please check linkage and avoid linking the same target more than once.
W0000 00:00:1773402738.321320      75 computation_placer.cc:177] computation placer already registered. Please check linkage and avoid linking the same target more than once.
W0000 00:00:1773402738.321321      78 computation_placer.cc:177] computation placer already registered. Please check linkage and avoid linking the same target more than once.
W0000 00:00:1773402738.321322      75 computation_placer.cc:177] computation placer already registered. Please check linkage and avoid linking the same target more than once.
W0000 00:00:1773402738.321322      77 computation_placer.cc:177] computation placer already registered. Please check linkage and avoid linking the same target more than once.
W0000 00:00:1773402738.321323      78 computation_placer.cc:177] computation placer already registered. Please check linkage and avoid linking the same target more than once.
W0000 00:00:1773402738.321323      76 computation_placer.cc:177] computation placer already registered. Please check linkage and avoid linking the same target more than once.
W0000 00:00:1773402738.321325      77 computation_placer.cc:177] computation placer already registered. Please check linkage and avoid linking the same target more than once.
W0000 00:00:1773402738.321326      76 computation_placer.cc:177] computation placer already registered. Please check linkage and avoid linking the same target more than once.
W0000 00:00:1773402738.321327      77 computation_placer.cc:177] computation placer already registered. Please check linkage and avoid linking the same target more than once.
W0000 00:00:1773402738.321328      76 computation_placer.cc:177] computation placer already registered. Please check linkage and avoid linking the same target more than once.
W0000 00:00:1773402743.999714      77 gpu_device.cc:2341] Cannot dlopen some GPU libraries. Please make sure the missing libraries mentioned above are installed properly if you would like to use GPU. Follow the guide at https://www.tensorflow.org/install/gpu for how to download and setup the required libraries for your platform.
Skipping registering GPU devices...
W0000 00:00:1773402744.095751      75 gpu_device.cc:2341] Cannot dlopen some GPU libraries. Please make sure the missing libraries mentioned above are installed properly if you would like to use GPU. Follow the guide at https://www.tensorflow.org/install/gpu for how to download and setup the required libraries for your platform.
Skipping registering GPU devices...
W0000 00:00:1773402744.190101      76 gpu_device.cc:2341] Cannot dlopen some GPU libraries. Please make sure the missing libraries mentioned above are installed properly if you would like to use GPU. Follow the guide at https://www.tensorflow.org/install/gpu for how to download and setup the required libraries for your platform.
Skipping registering GPU devices...
W0000 00:00:1773402744.282677      78 gpu_device.cc:2341] Cannot dlopen some GPU libraries. Please make sure the missing libraries mentioned above are installed properly if you would like to use GPU. Follow the guide at https://www.tensorflow.org/install/gpu for how to download and setup the required libraries for your platform.
Skipping registering GPU devices...
/usr/local/lib/python3.11/site-packages/torch/__init__.py:1617: UserWarning: Please use the new API settings to control TF32 behavior, such as torch.backends.cudnn.conv.fp32_precision = 'tf32' or torch.backends.cuda.matmul.fp32_precision = 'ieee'. Old settings, e.g, torch.backends.cuda.matmul.allow_tf32 = True, torch.backends.cudnn.allow_tf32 = True, allowTF32CuDNN() and allowTF32CuBLAS() will be deprecated after Pytorch 2.9. Please see https://pytorch.org/docs/main/notes/cuda.html#tensorfloat-32-tf32-on-ampere-and-later-devices (Triggered internally at /pytorch/aten/src/ATen/Context.cpp:80.)
  _C._set_float32_matmul_precision(precision)
/usr/local/lib/python3.11/site-packages/torch/__init__.py:1617: UserWarning: Please use the new API settings to control TF32 behavior, such as torch.backends.cudnn.conv.fp32_precision = 'tf32' or torch.backends.cuda.matmul.fp32_precision = 'ieee'. Old settings, e.g, torch.backends.cuda.matmul.allow_tf32 = True, torch.backends.cudnn.allow_tf32 = True, allowTF32CuDNN() and allowTF32CuBLAS() will be deprecated after Pytorch 2.9. Please see https://pytorch.org/docs/main/notes/cuda.html#tensorfloat-32-tf32-on-ampere-and-later-devices (Triggered internally at /pytorch/aten/src/ATen/Context.cpp:80.)
  _C._set_float32_matmul_precision(precision)
/usr/local/lib/python3.11/site-packages/torch/__init__.py:1617: UserWarning: Please use the new API settings to control TF32 behavior, such as torch.backends.cudnn.conv.fp32_precision = 'tf32' or torch.backends.cuda.matmul.fp32_precision = 'ieee'. Old settings, e.g, torch.backends.cuda.matmul.allow_tf32 = True, torch.backends.cudnn.allow_tf32 = True, allowTF32CuDNN() and allowTF32CuBLAS() will be deprecated after Pytorch 2.9. Please see https://pytorch.org/docs/main/notes/cuda.html#tensorfloat-32-tf32-on-ampere-and-later-devices (Triggered internally at /pytorch/aten/src/ATen/Context.cpp:80.)
  _C._set_float32_matmul_precision(precision)
/usr/local/lib/python3.11/site-packages/torch/__init__.py:1617: UserWarning: Please use the new API settings to control TF32 behavior, such as torch.backends.cudnn.conv.fp32_precision = 'tf32' or torch.backends.cuda.matmul.fp32_precision = 'ieee'. Old settings, e.g, torch.backends.cuda.matmul.allow_tf32 = True, torch.backends.cudnn.allow_tf32 = True, allowTF32CuDNN() and allowTF32CuBLAS() will be deprecated after Pytorch 2.9. Please see https://pytorch.org/docs/main/notes/cuda.html#tensorfloat-32-tf32-on-ampere-and-later-devices (Triggered internally at /pytorch/aten/src/ATen/Context.cpp:80.)
  _C._set_float32_matmul_precision(precision)
/usr/local/lib/python3.11/site-packages/pydantic/_internal/_generate_schema.py:2249: UnsupportedFieldAttributeWarning: The 'repr' attribute with value False was provided to the `Field()` function, which has no effect in the context it was used. 'repr' is field-specific metadata, and can only be attached to a model field using `Annotated` metadata or by assignment. This may have happened because an `Annotated` type alias using the `type` statement was used, or if the `Field()` function was attached to a single member of a union type.
  warnings.warn(
/usr/local/lib/python3.11/site-packages/pydantic/_internal/_generate_schema.py:2249: UnsupportedFieldAttributeWarning: The 'frozen' attribute with value True was provided to the `Field()` function, which has no effect in the context it was used. 'frozen' is field-specific metadata, and can only be attached to a model field using `Annotated` metadata or by assignment. This may have happened because an `Annotated` type alias using the `type` statement was used, or if the `Field()` function was attached to a single member of a union type.
  warnings.warn(
/usr/local/lib/python3.11/site-packages/pydantic/_internal/_generate_schema.py:2249: UnsupportedFieldAttributeWarning: The 'repr' attribute with value False was provided to the `Field()` function, which has no effect in the context it was used. 'repr' is field-specific metadata, and can only be attached to a model field using `Annotated` metadata or by assignment. This may have happened because an `Annotated` type alias using the `type` statement was used, or if the `Field()` function was attached to a single member of a union type.
  warnings.warn(
/usr/local/lib/python3.11/site-packages/pydantic/_internal/_generate_schema.py:2249: UnsupportedFieldAttributeWarning: The 'frozen' attribute with value True was provided to the `Field()` function, which has no effect in the context it was used. 'frozen' is field-specific metadata, and can only be attached to a model field using `Annotated` metadata or by assignment. This may have happened because an `Annotated` type alias using the `type` statement was used, or if the `Field()` function was attached to a single member of a union type.
  warnings.warn(
/usr/local/lib/python3.11/site-packages/pydantic/_internal/_generate_schema.py:2249: UnsupportedFieldAttributeWarning: The 'repr' attribute with value False was provided to the `Field()` function, which has no effect in the context it was used. 'repr' is field-specific metadata, and can only be attached to a model field using `Annotated` metadata or by assignment. This may have happened because an `Annotated` type alias using the `type` statement was used, or if the `Field()` function was attached to a single member of a union type.
  warnings.warn(
/usr/local/lib/python3.11/site-packages/pydantic/_internal/_generate_schema.py:2249: UnsupportedFieldAttributeWarning: The 'frozen' attribute with value True was provided to the `Field()` function, which has no effect in the context it was used. 'frozen' is field-specific metadata, and can only be attached to a model field using `Annotated` metadata or by assignment. This may have happened because an `Annotated` type alias using the `type` statement was used, or if the `Field()` function was attached to a single member of a union type.
  warnings.warn(
/usr/local/lib/python3.11/site-packages/pydantic/_internal/_generate_schema.py:2249: UnsupportedFieldAttributeWarning: The 'repr' attribute with value False was provided to the `Field()` function, which has no effect in the context it was used. 'repr' is field-specific metadata, and can only be attached to a model field using `Annotated` metadata or by assignment. This may have happened because an `Annotated` type alias using the `type` statement was used, or if the `Field()` function was attached to a single member of a union type.
  warnings.warn(
/usr/local/lib/python3.11/site-packages/pydantic/_internal/_generate_schema.py:2249: UnsupportedFieldAttributeWarning: The 'frozen' attribute with value True was provided to the `Field()` function, which has no effect in the context it was used. 'frozen' is field-specific metadata, and can only be attached to a model field using `Annotated` metadata or by assignment. This may have happened because an `Annotated` type alias using the `type` statement was used, or if the `Field()` function was attached to a single member of a union type.
  warnings.warn(
/usr/local/lib/python3.11/site-packages/torch/distributed/distributed_c10d.py:4876: UserWarning: barrier(): using the device under current context. You can specify `device_id` in `init_process_group` to mute this warning.
  warnings.warn(  # warn only once
[rank0]:[W313 11:52:26.518091269 ProcessGroupNCCL.cpp:5068] Guessing device ID based on global rank. This can cause a hang if rank to GPU mapping is heterogeneous. You can specify device_id in init_process_group()
I0313 11:52:27.569914 140663948231872 logger_utils.py:84] Creating experiment directory at /experiment_runs/submissions_a100/schedule_free_adamw_v2/study_0/wmt_pytorch.
I0313 11:52:27.569900 140327279461568 logger_utils.py:84] Creating experiment directory at /experiment_runs/submissions_a100/schedule_free_adamw_v2/study_0/wmt_pytorch.
I0313 11:52:27.569899 139674355094720 logger_utils.py:84] Creating experiment directory at /experiment_runs/submissions_a100/schedule_free_adamw_v2/study_0/wmt_pytorch.
I0313 11:52:27.569900 140632089130176 logger_utils.py:84] Creating experiment directory at /experiment_runs/submissions_a100/schedule_free_adamw_v2/study_0/wmt_pytorch.
I0313 11:52:27.593307 140663948231872 submission_runner.py:741] Creating directory at /experiment_runs/submissions_a100/schedule_free_adamw_v2/study_0/wmt_pytorch/trial_1.
I0313 11:52:27.864482 140663948231872 submission_runner.py:242] Initializing dataset.
I0313 11:52:27.864652 140663948231872 submission_runner.py:251] Initializing model.
I0313 11:52:30.515354 140663948231872 submission_runner.py:290] Performing `torch.compile`.
I0313 11:52:31.939079 140327279461568 logger_utils.py:283] Unable to record workload.train_mean information. Continuing without it.
I0313 11:52:31.939246 140327279461568 logger_utils.py:283] Unable to record workload.train_stddev information. Continuing without it.
I0313 11:52:31.941826 139674355094720 logger_utils.py:283] Unable to record workload.train_mean information. Continuing without it.
I0313 11:52:31.941979 139674355094720 logger_utils.py:283] Unable to record workload.train_stddev information. Continuing without it.
I0313 11:52:31.946493 140632089130176 logger_utils.py:283] Unable to record workload.train_mean information. Continuing without it.
I0313 11:52:31.946653 140632089130176 logger_utils.py:283] Unable to record workload.train_stddev information. Continuing without it.
I0313 11:52:31.954455 140663948231872 submission_runner.py:294] Initializing optimizer.
I0313 11:52:31.955274 140663948231872 submission_runner.py:299] Initializing metrics bundle.
I0313 11:52:31.955436 140663948231872 submission_runner.py:321] Initializing checkpoint and logger.
I0313 11:52:31.955988 140663948231872 submission_runner.py:344] Saving meta data to /experiment_runs/submissions_a100/schedule_free_adamw_v2/study_0/wmt_pytorch/trial_1/meta_data_0.json.
I0313 11:52:31.956192 140663948231872 logger_utils.py:283] Unable to record workload.train_mean information. Continuing without it.
I0313 11:52:31.956254 140663948231872 logger_utils.py:283] Unable to record workload.train_stddev information. Continuing without it.
I0313 11:52:32.187041 140663948231872 submission_runner.py:348] Saving flags to /experiment_runs/submissions_a100/schedule_free_adamw_v2/study_0/wmt_pytorch/trial_1/flags_0.json.
I0313 11:52:32.232926 140663948231872 submission_runner.py:359] Starting training loop.
I0313 11:52:32.394068 140663948231872 dataset_info.py:707] Load dataset info from /data/wmt/wmt17_translate/de-en/1.0.0
I0313 11:52:32.399566 140663948231872 reader.py:262] Creating a tf.data.Dataset reading 16 files located in folders: /data/wmt/wmt17_translate/de-en/1.0.0.
I0313 11:52:32.458795 140663948231872 logging_logger.py:49] Constructing tf.data.Dataset wmt17_translate for split train, from /data/wmt/wmt17_translate/de-en/1.0.0
[rank3]:W0313 11:52:34.321000 78 site-packages/torch/_logging/_internal.py:1199] [0/0] Profiler function <class 'torch.autograd.profiler.record_function'> will be ignored
[rank1]:W0313 11:52:34.321000 76 site-packages/torch/_logging/_internal.py:1199] [0/0] Profiler function <class 'torch.autograd.profiler.record_function'> will be ignored
[rank0]:W0313 11:52:34.321000 75 site-packages/torch/_logging/_internal.py:1199] [0/0] Profiler function <class 'torch.autograd.profiler.record_function'> will be ignored
[rank2]:W0313 11:52:34.321000 77 site-packages/torch/_logging/_internal.py:1199] [0/0] Profiler function <class 'torch.autograd.profiler.record_function'> will be ignored
I0313 11:53:25.154571 140663948231872 spec.py:333] Evaluating on the training split.
I0313 11:53:25.156993 140663948231872 dataset_info.py:707] Load dataset info from /data/wmt/wmt17_translate/de-en/1.0.0
I0313 11:53:25.160842 140663948231872 reader.py:262] Creating a tf.data.Dataset reading 16 files located in folders: /data/wmt/wmt17_translate/de-en/1.0.0.
I0313 11:53:25.199443 140663948231872 logging_logger.py:49] Constructing tf.data.Dataset wmt17_translate for split train, from /data/wmt/wmt17_translate/de-en/1.0.0
/usr/local/lib/python3.11/site-packages/torch/_dynamo/variables/functions.py:1598: UserWarning: Dynamo does not know how to trace the builtin `torch._C._distributed_c10d.pybind11_detail_function_record_v1_system_libstdcpp_gxx_abi_1xxx_use_cxx11_abi_1._broadcast_coalesced.` This function is either a Python builtin (e.g. _warnings.warn) or a third-party C/C++ Python extension (perhaps created with pybind).
If it is a Python builtin, please file an issue on GitHub so the PyTorch team can add support for it and see the next case for a workaround.
If it is a third-party C/C++ Python extension, please either wrap it into a PyTorch-understood custom operator (see https://pytorch.org/tutorials/advanced/custom_ops_landing_page.html for more details) or, if it is traceable, use `torch.compiler.allow_in_graph`.
  torch._dynamo.utils.warn_once(explanation + "\n" + "\n".join(hints))
/usr/local/lib/python3.11/site-packages/torch/_dynamo/variables/functions.py:1598: UserWarning: Dynamo does not know how to trace the builtin `torch._C._distributed_c10d.pybind11_detail_function_record_v1_system_libstdcpp_gxx_abi_1xxx_use_cxx11_abi_1._broadcast_coalesced.` This function is either a Python builtin (e.g. _warnings.warn) or a third-party C/C++ Python extension (perhaps created with pybind).
If it is a Python builtin, please file an issue on GitHub so the PyTorch team can add support for it and see the next case for a workaround.
If it is a third-party C/C++ Python extension, please either wrap it into a PyTorch-understood custom operator (see https://pytorch.org/tutorials/advanced/custom_ops_landing_page.html for more details) or, if it is traceable, use `torch.compiler.allow_in_graph`.
  torch._dynamo.utils.warn_once(explanation + "\n" + "\n".join(hints))
/usr/local/lib/python3.11/site-packages/torch/_dynamo/variables/functions.py:1598: UserWarning: Dynamo does not know how to trace the builtin `torch._C._distributed_c10d.pybind11_detail_function_record_v1_system_libstdcpp_gxx_abi_1xxx_use_cxx11_abi_1._broadcast_coalesced.` This function is either a Python builtin (e.g. _warnings.warn) or a third-party C/C++ Python extension (perhaps created with pybind).
If it is a Python builtin, please file an issue on GitHub so the PyTorch team can add support for it and see the next case for a workaround.
If it is a third-party C/C++ Python extension, please either wrap it into a PyTorch-understood custom operator (see https://pytorch.org/tutorials/advanced/custom_ops_landing_page.html for more details) or, if it is traceable, use `torch.compiler.allow_in_graph`.
  torch._dynamo.utils.warn_once(explanation + "\n" + "\n".join(hints))
/usr/local/lib/python3.11/site-packages/torch/_dynamo/variables/functions.py:1598: UserWarning: Dynamo does not know how to trace the builtin `torch._C._distributed_c10d.pybind11_detail_function_record_v1_system_libstdcpp_gxx_abi_1xxx_use_cxx11_abi_1._broadcast_coalesced.` This function is either a Python builtin (e.g. _warnings.warn) or a third-party C/C++ Python extension (perhaps created with pybind).
If it is a Python builtin, please file an issue on GitHub so the PyTorch team can add support for it and see the next case for a workaround.
If it is a third-party C/C++ Python extension, please either wrap it into a PyTorch-understood custom operator (see https://pytorch.org/tutorials/advanced/custom_ops_landing_page.html for more details) or, if it is traceable, use `torch.compiler.allow_in_graph`.
  torch._dynamo.utils.warn_once(explanation + "\n" + "\n".join(hints))
I0313 11:53:57.209993 140663948231872 workload.py:152] Translating evaluation dataset.
I0313 11:56:08.953030 140663948231872 spec.py:346] Evaluating on the validation split.
I0313 11:56:08.955393 140663948231872 dataset_info.py:707] Load dataset info from /data/wmt/wmt14_translate/de-en/1.0.0
I0313 11:56:08.958778 140663948231872 reader.py:262] Creating a tf.data.Dataset reading 1 files located in folders: /data/wmt/wmt14_translate/de-en/1.0.0.
I0313 11:56:08.994976 140663948231872 logging_logger.py:49] Constructing tf.data.Dataset wmt14_translate for split validation, from /data/wmt/wmt14_translate/de-en/1.0.0
I0313 11:56:11.274091 140663948231872 workload.py:152] Translating evaluation dataset.
I0313 11:58:22.551635 140663948231872 spec.py:363] Evaluating on the test split.
I0313 11:58:22.553920 140663948231872 dataset_info.py:707] Load dataset info from /data/wmt/wmt14_translate/de-en/1.0.0
I0313 11:58:22.557240 140663948231872 reader.py:262] Creating a tf.data.Dataset reading 1 files located in folders: /data/wmt/wmt14_translate/de-en/1.0.0.
I0313 11:58:22.592471 140663948231872 logging_logger.py:49] Constructing tf.data.Dataset wmt14_translate for split test, from /data/wmt/wmt14_translate/de-en/1.0.0
I0313 11:58:24.870036 140663948231872 workload.py:152] Translating evaluation dataset.
I0313 12:00:36.320825 140663948231872 submission_runner.py:516] Time since start: 484.09s, 	Step: 1, 	{'train/accuracy': 0.0006383075730634205, 'train/loss': 11.634734190489217, 'train/bleu': 0.0, 'validation/accuracy': 0.000482040886955232, 'validation/loss': 11.63960645687588, 'validation/bleu': 0.0, 'validation/num_examples': 3000, 'test/accuracy': 0.0007183408643262658, 'test/loss': 11.634630257212374, 'test/bleu': 0.0, 'test/num_examples': 3003, 'score': 52.19884514808655, 'total_duration': 484.0880198478699, 'accumulated_submission_time': 52.19884514808655, 'accumulated_eval_time': 431.166291475296, 'accumulated_logging_time': 0}
I0313 12:00:36.344737 140635608655616 logging_writer.py:48] [1] accumulated_eval_time=431.166, accumulated_logging_time=0, accumulated_submission_time=52.1988, global_step=1, preemption_count=0, score=52.1988, test/accuracy=0.000718341, test/bleu=0, test/loss=11.6346, test/num_examples=3003, total_duration=484.088, train/accuracy=0.000638308, train/bleu=0, train/loss=11.6347, validation/accuracy=0.000482041, validation/bleu=0, validation/loss=11.6396, validation/num_examples=3000
I0313 12:11:21.104695 140663948231872 spec.py:333] Evaluating on the training split.
I0313 12:11:23.286115 140663948231872 workload.py:152] Translating evaluation dataset.
I0313 12:12:28.075656 140663948231872 spec.py:346] Evaluating on the validation split.
I0313 12:12:30.243571 140663948231872 workload.py:152] Translating evaluation dataset.
I0313 12:13:36.989963 140663948231872 spec.py:363] Evaluating on the test split.
I0313 12:13:39.160402 140663948231872 workload.py:152] Translating evaluation dataset.
I0313 12:14:40.062781 140663948231872 submission_runner.py:516] Time since start: 1327.83s, 	Step: 4389, 	{'train/accuracy': 0.6025439752478084, 'train/loss': 2.2980227253194294, 'train/bleu': 28.793968703865517, 'validation/accuracy': 0.6170864954391516, 'validation/loss': 2.187140400588337, 'validation/bleu': 24.992784485042314, 'validation/num_examples': 3000, 'test/accuracy': 0.6207044374927586, 'test/loss': 2.1632212374000694, 'test/bleu': 23.739233918672067, 'test/num_examples': 3003, 'score': 694.1772229671478, 'total_duration': 1327.8299670219421, 'accumulated_submission_time': 694.1772229671478, 'accumulated_eval_time': 630.1243770122528, 'accumulated_logging_time': 0.06125450134277344}
I0313 12:14:40.090939 140635533121280 logging_writer.py:48] [4389] accumulated_eval_time=630.124, accumulated_logging_time=0.0612545, accumulated_submission_time=694.177, global_step=4389, preemption_count=0, score=694.177, test/accuracy=0.620704, test/bleu=23.7392, test/loss=2.16322, test/num_examples=3003, total_duration=1327.83, train/accuracy=0.602544, train/bleu=28.794, train/loss=2.29802, validation/accuracy=0.617086, validation/bleu=24.9928, validation/loss=2.18714, validation/num_examples=3000
I0313 12:25:24.765449 140663948231872 spec.py:333] Evaluating on the training split.
I0313 12:25:26.947945 140663948231872 workload.py:152] Translating evaluation dataset.
I0313 12:26:36.337672 140663948231872 spec.py:346] Evaluating on the validation split.
I0313 12:26:38.509976 140663948231872 workload.py:152] Translating evaluation dataset.
I0313 12:27:38.314527 140663948231872 spec.py:363] Evaluating on the test split.
I0313 12:27:40.486680 140663948231872 workload.py:152] Translating evaluation dataset.
I0313 12:28:36.157619 140663948231872 submission_runner.py:516] Time since start: 2163.92s, 	Step: 8986, 	{'train/accuracy': 0.6459677603228527, 'train/loss': 1.9417884228436582, 'train/bleu': 31.82215738103054, 'validation/accuracy': 0.6567498084196475, 'validation/loss': 1.858915747904976, 'validation/bleu': 27.897490286134783, 'validation/num_examples': 3000, 'test/accuracy': 0.6646970223612559, 'test/loss': 1.8047852580813348, 'test/bleu': 27.21511668994115, 'test/num_examples': 3003, 'score': 1336.11759018898, 'total_duration': 2163.924822807312, 'accumulated_submission_time': 1336.11759018898, 'accumulated_eval_time': 821.5166320800781, 'accumulated_logging_time': 0.09980225563049316}
I0313 12:28:36.182836 140635558299392 logging_writer.py:48] [8986] accumulated_eval_time=821.517, accumulated_logging_time=0.0998023, accumulated_submission_time=1336.12, global_step=8986, preemption_count=0, score=1336.12, test/accuracy=0.664697, test/bleu=27.2151, test/loss=1.80479, test/num_examples=3003, total_duration=2163.92, train/accuracy=0.645968, train/bleu=31.8222, train/loss=1.94179, validation/accuracy=0.65675, validation/bleu=27.8975, validation/loss=1.85892, validation/num_examples=3000
I0313 12:39:20.905798 140663948231872 spec.py:333] Evaluating on the training split.
I0313 12:39:23.085841 140663948231872 workload.py:152] Translating evaluation dataset.
I0313 12:40:33.939426 140663948231872 spec.py:346] Evaluating on the validation split.
I0313 12:40:36.108008 140663948231872 workload.py:152] Translating evaluation dataset.
I0313 12:41:34.902602 140663948231872 spec.py:363] Evaluating on the test split.
I0313 12:41:37.072952 140663948231872 workload.py:152] Translating evaluation dataset.
I0313 12:42:31.954654 140663948231872 submission_runner.py:516] Time since start: 2999.72s, 	Step: 13579, 	{'train/accuracy': 0.664734985569655, 'train/loss': 1.8023772848046178, 'train/bleu': 33.09862535019976, 'validation/accuracy': 0.672459397325291, 'validation/loss': 1.73000476633377, 'validation/bleu': 29.349874176056076, 'validation/num_examples': 3000, 'test/accuracy': 0.6830263005445487, 'test/loss': 1.6655677934190707, 'test/bleu': 28.669449884184317, 'test/num_examples': 3003, 'score': 1978.0916409492493, 'total_duration': 2999.7218537330627, 'accumulated_submission_time': 1978.0916409492493, 'accumulated_eval_time': 1012.5655338764191, 'accumulated_logging_time': 0.13535237312316895}
I0313 12:42:31.980650 140635533121280 logging_writer.py:48] [13579] accumulated_eval_time=1012.57, accumulated_logging_time=0.135352, accumulated_submission_time=1978.09, global_step=13579, preemption_count=0, score=1978.09, test/accuracy=0.683026, test/bleu=28.6694, test/loss=1.66557, test/num_examples=3003, total_duration=2999.72, train/accuracy=0.664735, train/bleu=33.0986, train/loss=1.80238, validation/accuracy=0.672459, validation/bleu=29.3499, validation/loss=1.73, validation/num_examples=3000
I0313 12:53:16.643418 140663948231872 spec.py:333] Evaluating on the training split.
I0313 12:53:18.828712 140663948231872 workload.py:152] Translating evaluation dataset.
I0313 12:54:49.919209 140663948231872 spec.py:346] Evaluating on the validation split.
I0313 12:54:52.095739 140663948231872 workload.py:152] Translating evaluation dataset.
I0313 12:55:51.414068 140663948231872 spec.py:363] Evaluating on the test split.
I0313 12:55:53.592510 140663948231872 workload.py:152] Translating evaluation dataset.
I0313 12:56:48.907133 140663948231872 submission_runner.py:516] Time since start: 3856.67s, 	Step: 18170, 	{'train/accuracy': 0.6650095427480829, 'train/loss': 1.776532911052445, 'train/bleu': 33.33876899633809, 'validation/accuracy': 0.6801596914938324, 'validation/loss': 1.6655862590537167, 'validation/bleu': 29.736903771988988, 'validation/num_examples': 3000, 'test/accuracy': 0.6931641756459275, 'test/loss': 1.5902506227551847, 'test/bleu': 29.448772947281416, 'test/num_examples': 3003, 'score': 2620.0193254947662, 'total_duration': 3856.6743290424347, 'accumulated_submission_time': 2620.0193254947662, 'accumulated_eval_time': 1224.8293371200562, 'accumulated_logging_time': 0.17155671119689941}
I0313 12:56:48.933904 140635558299392 logging_writer.py:48] [18170] accumulated_eval_time=1224.83, accumulated_logging_time=0.171557, accumulated_submission_time=2620.02, global_step=18170, preemption_count=0, score=2620.02, test/accuracy=0.693164, test/bleu=29.4488, test/loss=1.59025, test/num_examples=3003, total_duration=3856.67, train/accuracy=0.66501, train/bleu=33.3388, train/loss=1.77653, validation/accuracy=0.68016, validation/bleu=29.7369, validation/loss=1.66559, validation/num_examples=3000
I0313 13:07:33.617292 140663948231872 spec.py:333] Evaluating on the training split.
I0313 13:07:35.803102 140663948231872 workload.py:152] Translating evaluation dataset.
I0313 13:08:54.188359 140663948231872 spec.py:346] Evaluating on the validation split.
I0313 13:08:56.361647 140663948231872 workload.py:152] Translating evaluation dataset.
I0313 13:09:57.309212 140663948231872 spec.py:363] Evaluating on the test split.
I0313 13:09:59.483978 140663948231872 workload.py:152] Translating evaluation dataset.
I0313 13:10:56.748844 140663948231872 submission_runner.py:516] Time since start: 4704.52s, 	Step: 22741, 	{'train/accuracy': 0.6679267195737074, 'train/loss': 1.7441048880184908, 'train/bleu': 33.72862798957739, 'validation/accuracy': 0.6824092156329568, 'validation/loss': 1.634160708105703, 'validation/bleu': 30.153521390682798, 'validation/num_examples': 3000, 'test/accuracy': 0.6950990615224192, 'test/loss': 1.560094246031746, 'test/bleu': 30.144589501194705, 'test/num_examples': 3003, 'score': 3261.835657596588, 'total_duration': 4704.516031265259, 'accumulated_submission_time': 3261.835657596588, 'accumulated_eval_time': 1427.9609382152557, 'accumulated_logging_time': 0.20898175239562988}
I0313 13:10:56.775170 140635533121280 logging_writer.py:48] [22741] accumulated_eval_time=1427.96, accumulated_logging_time=0.208982, accumulated_submission_time=3261.84, global_step=22741, preemption_count=0, score=3261.84, test/accuracy=0.695099, test/bleu=30.1446, test/loss=1.56009, test/num_examples=3003, total_duration=4704.52, train/accuracy=0.667927, train/bleu=33.7286, train/loss=1.7441, validation/accuracy=0.682409, validation/bleu=30.1535, validation/loss=1.63416, validation/num_examples=3000
I0313 13:21:41.436984 140663948231872 spec.py:333] Evaluating on the training split.
I0313 13:21:43.620166 140663948231872 workload.py:152] Translating evaluation dataset.
I0313 13:22:51.744539 140663948231872 spec.py:346] Evaluating on the validation split.
I0313 13:22:53.917876 140663948231872 workload.py:152] Translating evaluation dataset.
I0313 13:23:56.147967 140663948231872 spec.py:363] Evaluating on the test split.
I0313 13:23:58.317870 140663948231872 workload.py:152] Translating evaluation dataset.
I0313 13:24:56.895296 140663948231872 submission_runner.py:516] Time since start: 5544.66s, 	Step: 27311, 	{'train/accuracy': 0.6746438226470621, 'train/loss': 1.7139329436960316, 'train/bleu': 33.63168239655067, 'validation/accuracy': 0.6832867772476702, 'validation/loss': 1.6401748247966776, 'validation/bleu': 30.232042959546238, 'validation/num_examples': 3000, 'test/accuracy': 0.6959911945313405, 'test/loss': 1.5619950976132546, 'test/bleu': 30.232396763063992, 'test/num_examples': 3003, 'score': 3903.6527123451233, 'total_duration': 5544.662494182587, 'accumulated_submission_time': 3903.6527123451233, 'accumulated_eval_time': 1623.4193196296692, 'accumulated_logging_time': 0.24579930305480957}
I0313 13:24:56.921327 140635558299392 logging_writer.py:48] [27311] accumulated_eval_time=1623.42, accumulated_logging_time=0.245799, accumulated_submission_time=3903.65, global_step=27311, preemption_count=0, score=3903.65, test/accuracy=0.695991, test/bleu=30.2324, test/loss=1.562, test/num_examples=3003, total_duration=5544.66, train/accuracy=0.674644, train/bleu=33.6317, train/loss=1.71393, validation/accuracy=0.683287, validation/bleu=30.232, validation/loss=1.64017, validation/num_examples=3000
I0313 13:35:41.646562 140663948231872 spec.py:333] Evaluating on the training split.
I0313 13:35:43.827645 140663948231872 workload.py:152] Translating evaluation dataset.
I0313 13:36:47.190642 140663948231872 spec.py:346] Evaluating on the validation split.
I0313 13:36:49.358996 140663948231872 workload.py:152] Translating evaluation dataset.
I0313 13:37:50.548119 140663948231872 spec.py:363] Evaluating on the test split.
I0313 13:37:52.717286 140663948231872 workload.py:152] Translating evaluation dataset.
I0313 13:38:50.528364 140663948231872 submission_runner.py:516] Time since start: 6378.30s, 	Step: 31895, 	{'train/accuracy': 0.680116770129001, 'train/loss': 1.6883724225763275, 'train/bleu': 34.19390943884434, 'validation/accuracy': 0.686080142387462, 'validation/loss': 1.6207910260054879, 'validation/bleu': 30.332284287378727, 'validation/num_examples': 3000, 'test/accuracy': 0.7020623334491948, 'test/loss': 1.5392717747074498, 'test/bleu': 30.582695130531377, 'test/num_examples': 3003, 'score': 4545.6430814266205, 'total_duration': 6378.295545101166, 'accumulated_submission_time': 4545.6430814266205, 'accumulated_eval_time': 1812.3011455535889, 'accumulated_logging_time': 0.2821955680847168}
I0313 13:38:50.553709 140635533121280 logging_writer.py:48] [31895] accumulated_eval_time=1812.3, accumulated_logging_time=0.282196, accumulated_submission_time=4545.64, global_step=31895, preemption_count=0, score=4545.64, test/accuracy=0.702062, test/bleu=30.5827, test/loss=1.53927, test/num_examples=3003, total_duration=6378.3, train/accuracy=0.680117, train/bleu=34.1939, train/loss=1.68837, validation/accuracy=0.68608, validation/bleu=30.3323, validation/loss=1.62079, validation/num_examples=3000
I0313 13:49:35.189059 140663948231872 spec.py:333] Evaluating on the training split.
I0313 13:49:37.371061 140663948231872 workload.py:152] Translating evaluation dataset.
I0313 13:50:47.473121 140663948231872 spec.py:346] Evaluating on the validation split.
I0313 13:50:49.639888 140663948231872 workload.py:152] Translating evaluation dataset.
I0313 13:51:50.085182 140663948231872 spec.py:363] Evaluating on the test split.
I0313 13:51:52.254067 140663948231872 workload.py:152] Translating evaluation dataset.
I0313 13:52:51.508118 140663948231872 submission_runner.py:516] Time since start: 7219.28s, 	Step: 36481, 	{'train/accuracy': 0.6804346589292826, 'train/loss': 1.6832559950503498, 'train/bleu': 33.50691105065519, 'validation/accuracy': 0.6868959038884631, 'validation/loss': 1.6128347441784292, 'validation/bleu': 30.248260006298494, 'validation/num_examples': 3000, 'test/accuracy': 0.7015641293013556, 'test/loss': 1.5313720165681846, 'test/bleu': 30.223108605682782, 'test/num_examples': 3003, 'score': 5187.563124418259, 'total_duration': 7219.27531504631, 'accumulated_submission_time': 5187.563124418259, 'accumulated_eval_time': 2008.6203105449677, 'accumulated_logging_time': 0.31806373596191406}
I0313 13:52:51.535399 140635558299392 logging_writer.py:48] [36481] accumulated_eval_time=2008.62, accumulated_logging_time=0.318064, accumulated_submission_time=5187.56, global_step=36481, preemption_count=0, score=5187.56, test/accuracy=0.701564, test/bleu=30.2231, test/loss=1.53137, test/num_examples=3003, total_duration=7219.28, train/accuracy=0.680435, train/bleu=33.5069, train/loss=1.68326, validation/accuracy=0.686896, validation/bleu=30.2483, validation/loss=1.61283, validation/num_examples=3000
I0313 14:03:36.292505 140663948231872 spec.py:333] Evaluating on the training split.
I0313 14:03:38.476568 140663948231872 workload.py:152] Translating evaluation dataset.
I0313 14:04:54.097817 140663948231872 spec.py:346] Evaluating on the validation split.
I0313 14:04:56.264789 140663948231872 workload.py:152] Translating evaluation dataset.
I0313 14:05:56.665082 140663948231872 spec.py:363] Evaluating on the test split.
I0313 14:05:58.832895 140663948231872 workload.py:152] Translating evaluation dataset.
I0313 14:06:56.343945 140663948231872 submission_runner.py:516] Time since start: 8064.11s, 	Step: 41073, 	{'train/accuracy': 0.6893253981905122, 'train/loss': 1.6302135293038402, 'train/bleu': 34.856301765714335, 'validation/accuracy': 0.6900724297332708, 'validation/loss': 1.5977086835339778, 'validation/bleu': 30.54161788585965, 'validation/num_examples': 3000, 'test/accuracy': 0.7060827250608273, 'test/loss': 1.5064636195110648, 'test/bleu': 30.32838488957672, 'test/num_examples': 3003, 'score': 5829.617845058441, 'total_duration': 8064.111145734787, 'accumulated_submission_time': 5829.617845058441, 'accumulated_eval_time': 2208.6718184947968, 'accumulated_logging_time': 0.3556375503540039}
I0313 14:06:56.370590 140635533121280 logging_writer.py:48] [41073] accumulated_eval_time=2208.67, accumulated_logging_time=0.355638, accumulated_submission_time=5829.62, global_step=41073, preemption_count=0, score=5829.62, test/accuracy=0.706083, test/bleu=30.3284, test/loss=1.50646, test/num_examples=3003, total_duration=8064.11, train/accuracy=0.689325, train/bleu=34.8563, train/loss=1.63021, validation/accuracy=0.690072, validation/bleu=30.5416, validation/loss=1.59771, validation/num_examples=3000
I0313 14:17:41.024130 140663948231872 spec.py:333] Evaluating on the training split.
I0313 14:17:43.204910 140663948231872 workload.py:152] Translating evaluation dataset.
I0313 14:18:55.337461 140663948231872 spec.py:346] Evaluating on the validation split.
I0313 14:18:57.506091 140663948231872 workload.py:152] Translating evaluation dataset.
I0313 14:19:57.542599 140663948231872 spec.py:363] Evaluating on the test split.
I0313 14:19:59.714346 140663948231872 workload.py:152] Translating evaluation dataset.
I0313 14:20:56.537265 140663948231872 submission_runner.py:516] Time since start: 8904.30s, 	Step: 45667, 	{'train/accuracy': 0.6904303292619366, 'train/loss': 1.6234725180720162, 'train/bleu': 35.11551574094812, 'validation/accuracy': 0.6914567522804242, 'validation/loss': 1.5912223753491705, 'validation/bleu': 30.723061191350755, 'validation/num_examples': 3000, 'test/accuracy': 0.7071370640713707, 'test/loss': 1.502305461418144, 'test/bleu': 30.54296478192793, 'test/num_examples': 3003, 'score': 6471.566310167313, 'total_duration': 8904.304483890533, 'accumulated_submission_time': 6471.566310167313, 'accumulated_eval_time': 2404.185035467148, 'accumulated_logging_time': 0.39281606674194336}
I0313 14:20:56.564155 140635558299392 logging_writer.py:48] [45667] accumulated_eval_time=2404.19, accumulated_logging_time=0.392816, accumulated_submission_time=6471.57, global_step=45667, preemption_count=0, score=6471.57, test/accuracy=0.707137, test/bleu=30.543, test/loss=1.50231, test/num_examples=3003, total_duration=8904.3, train/accuracy=0.69043, train/bleu=35.1155, train/loss=1.62347, validation/accuracy=0.691457, validation/bleu=30.7231, validation/loss=1.59122, validation/num_examples=3000
I0313 14:31:41.289566 140663948231872 spec.py:333] Evaluating on the training split.
I0313 14:31:43.470428 140663948231872 workload.py:152] Translating evaluation dataset.
I0313 14:32:43.700696 140663948231872 spec.py:346] Evaluating on the validation split.
I0313 14:32:45.868980 140663948231872 workload.py:152] Translating evaluation dataset.
I0313 14:33:48.087276 140663948231872 spec.py:363] Evaluating on the test split.
I0313 14:33:50.256359 140663948231872 workload.py:152] Translating evaluation dataset.
I0313 14:34:48.167861 140663948231872 submission_runner.py:516] Time since start: 9735.94s, 	Step: 50260, 	{'train/accuracy': 0.6853503184713375, 'train/loss': 1.6548988071542312, 'train/bleu': 34.7706454647211, 'validation/accuracy': 0.6920871134402887, 'validation/loss': 1.586767552777297, 'validation/bleu': 30.681043582806552, 'validation/num_examples': 3000, 'test/accuracy': 0.7072297532151547, 'test/loss': 1.4972138041652183, 'test/bleu': 30.611057743663164, 'test/num_examples': 3003, 'score': 7113.608051776886, 'total_duration': 9735.93506360054, 'accumulated_submission_time': 7113.608051776886, 'accumulated_eval_time': 2591.0633776187897, 'accumulated_logging_time': 0.4299318790435791}
I0313 14:34:48.195837 140635533121280 logging_writer.py:48] [50260] accumulated_eval_time=2591.06, accumulated_logging_time=0.429932, accumulated_submission_time=7113.61, global_step=50260, preemption_count=0, score=7113.61, test/accuracy=0.70723, test/bleu=30.6111, test/loss=1.49721, test/num_examples=3003, total_duration=9735.94, train/accuracy=0.68535, train/bleu=34.7706, train/loss=1.6549, validation/accuracy=0.692087, validation/bleu=30.681, validation/loss=1.58677, validation/num_examples=3000
I0313 14:45:32.879164 140663948231872 spec.py:333] Evaluating on the training split.
I0313 14:45:35.058573 140663948231872 workload.py:152] Translating evaluation dataset.
I0313 14:46:42.241709 140663948231872 spec.py:346] Evaluating on the validation split.
I0313 14:46:44.409925 140663948231872 workload.py:152] Translating evaluation dataset.
I0313 14:47:44.020564 140663948231872 spec.py:363] Evaluating on the test split.
I0313 14:47:46.188893 140663948231872 workload.py:152] Translating evaluation dataset.
I0313 14:48:43.962381 140663948231872 submission_runner.py:516] Time since start: 10571.73s, 	Step: 54850, 	{'train/accuracy': 0.692825782129968, 'train/loss': 1.600203039158219, 'train/bleu': 35.263858905394116, 'validation/accuracy': 0.6929523150322596, 'validation/loss': 1.5819318870046721, 'validation/bleu': 30.881055414851602, 'validation/num_examples': 3000, 'test/accuracy': 0.7099524968138107, 'test/loss': 1.4864923676283166, 'test/bleu': 30.67185302485156, 'test/num_examples': 3003, 'score': 7755.601474523544, 'total_duration': 10571.729571819305, 'accumulated_submission_time': 7755.601474523544, 'accumulated_eval_time': 2782.146645307541, 'accumulated_logging_time': 0.46810436248779297}
I0313 14:48:43.988793 140635558299392 logging_writer.py:48] [54850] accumulated_eval_time=2782.15, accumulated_logging_time=0.468104, accumulated_submission_time=7755.6, global_step=54850, preemption_count=0, score=7755.6, test/accuracy=0.709952, test/bleu=30.6719, test/loss=1.48649, test/num_examples=3003, total_duration=10571.7, train/accuracy=0.692826, train/bleu=35.2639, train/loss=1.6002, validation/accuracy=0.692952, validation/bleu=30.8811, validation/loss=1.58193, validation/num_examples=3000
I0313 14:59:28.703417 140663948231872 spec.py:333] Evaluating on the training split.
I0313 14:59:30.883503 140663948231872 workload.py:152] Translating evaluation dataset.
I0313 15:00:45.346246 140663948231872 spec.py:346] Evaluating on the validation split.
I0313 15:00:47.515907 140663948231872 workload.py:152] Translating evaluation dataset.
I0313 15:01:46.389743 140663948231872 spec.py:363] Evaluating on the test split.
I0313 15:01:48.557726 140663948231872 workload.py:152] Translating evaluation dataset.
I0313 15:02:45.706183 140663948231872 submission_runner.py:516] Time since start: 11413.47s, 	Step: 59442, 	{'train/accuracy': 0.6992766850727878, 'train/loss': 1.5623859124720485, 'train/bleu': 35.64437185961869, 'validation/accuracy': 0.692569154327244, 'validation/loss': 1.5809742749301658, 'validation/bleu': 30.96477125743624, 'validation/num_examples': 3000, 'test/accuracy': 0.7112849032557061, 'test/loss': 1.4813878569980303, 'test/bleu': 30.732587183612424, 'test/num_examples': 3003, 'score': 8397.619731426239, 'total_duration': 11413.473385095596, 'accumulated_submission_time': 8397.619731426239, 'accumulated_eval_time': 2979.1494715213776, 'accumulated_logging_time': 0.504868745803833}
I0313 15:02:45.733083 140635533121280 logging_writer.py:48] [59442] accumulated_eval_time=2979.15, accumulated_logging_time=0.504869, accumulated_submission_time=8397.62, global_step=59442, preemption_count=0, score=8397.62, test/accuracy=0.711285, test/bleu=30.7326, test/loss=1.48139, test/num_examples=3003, total_duration=11413.5, train/accuracy=0.699277, train/bleu=35.6444, train/loss=1.56239, validation/accuracy=0.692569, validation/bleu=30.9648, validation/loss=1.58097, validation/num_examples=3000
I0313 15:02:46.406516 140635558299392 logging_writer.py:48] [59442] global_step=59442, preemption_count=0, score=8397.62
I0313 15:02:46.424263 140663948231872 submission_runner.py:857] Final wmt score: 8397.619731426239
