torchrun --redirects 1:0,2:0,3:0 --standalone --nnodes=1 --nproc_per_node=4 submission_runner.py --framework=pytorch --workload=finewebedu_lm --submission_path=submissions_algorithms/submissions/self_tuning/lion/submission.py --data_dir=/data/fineweb_edu_10B --experiment_dir=/experiment_runs --experiment_name=submissions_a100/lion/study_0 --overwrite=True --save_checkpoints=False --rng_seed=145512507 --torch_compile=true --tuning_ruleset=self 2>&1 | tee -a /logs/finewebedu_lm_pytorch_04-04-2026-20-35-27.log
W0404 20:35:48.456000 9 site-packages/torch/distributed/run.py:803] 
W0404 20:35:48.456000 9 site-packages/torch/distributed/run.py:803] *****************************************
W0404 20:35:48.456000 9 site-packages/torch/distributed/run.py:803] Setting OMP_NUM_THREADS environment variable for each process to be 1 in default, to avoid your system being overloaded, please further tune the variable for optimal performance in your application as needed. 
W0404 20:35:48.456000 9 site-packages/torch/distributed/run.py:803] *****************************************
2026-04-04 20:35:58.185142: E external/local_xla/xla/stream_executor/cuda/cuda_fft.cc:467] Unable to register cuFFT factory: Attempting to register factory for plugin cuFFT when one has already been registered
2026-04-04 20:35:58.185141: E external/local_xla/xla/stream_executor/cuda/cuda_fft.cc:467] Unable to register cuFFT factory: Attempting to register factory for plugin cuFFT when one has already been registered
2026-04-04 20:35:58.185141: E external/local_xla/xla/stream_executor/cuda/cuda_fft.cc:467] Unable to register cuFFT factory: Attempting to register factory for plugin cuFFT when one has already been registered
2026-04-04 20:35:58.185141: E external/local_xla/xla/stream_executor/cuda/cuda_fft.cc:467] Unable to register cuFFT factory: Attempting to register factory for plugin cuFFT when one has already been registered
WARNING: All log messages before absl::InitializeLog() is called are written to STDERR
WARNING: All log messages before absl::InitializeLog() is called are written to STDERR
WARNING: All log messages before absl::InitializeLog() is called are written to STDERR
E0000 00:00:1775334958.556341      38 cuda_dnn.cc:8579] Unable to register cuDNN factory: Attempting to register factory for plugin cuDNN when one has already been registered
E0000 00:00:1775334958.556351      40 cuda_dnn.cc:8579] Unable to register cuDNN factory: Attempting to register factory for plugin cuDNN when one has already been registered
E0000 00:00:1775334958.556328      39 cuda_dnn.cc:8579] Unable to register cuDNN factory: Attempting to register factory for plugin cuDNN when one has already been registered
WARNING: All log messages before absl::InitializeLog() is called are written to STDERR
E0000 00:00:1775334958.556341      41 cuda_dnn.cc:8579] Unable to register cuDNN factory: Attempting to register factory for plugin cuDNN when one has already been registered
E0000 00:00:1775334958.669093      39 cuda_blas.cc:1407] Unable to register cuBLAS factory: Attempting to register factory for plugin cuBLAS when one has already been registered
E0000 00:00:1775334958.669098      38 cuda_blas.cc:1407] Unable to register cuBLAS factory: Attempting to register factory for plugin cuBLAS when one has already been registered
E0000 00:00:1775334958.669098      40 cuda_blas.cc:1407] Unable to register cuBLAS factory: Attempting to register factory for plugin cuBLAS when one has already been registered
E0000 00:00:1775334958.669118      41 cuda_blas.cc:1407] Unable to register cuBLAS factory: Attempting to register factory for plugin cuBLAS when one has already been registered
W0000 00:00:1775334959.809223      41 computation_placer.cc:177] computation placer already registered. Please check linkage and avoid linking the same target more than once.
W0000 00:00:1775334959.809224      38 computation_placer.cc:177] computation placer already registered. Please check linkage and avoid linking the same target more than once.
W0000 00:00:1775334959.809227      40 computation_placer.cc:177] computation placer already registered. Please check linkage and avoid linking the same target more than once.
W0000 00:00:1775334959.809226      39 computation_placer.cc:177] computation placer already registered. Please check linkage and avoid linking the same target more than once.
W0000 00:00:1775334959.809262      38 computation_placer.cc:177] computation placer already registered. Please check linkage and avoid linking the same target more than once.
W0000 00:00:1775334959.809262      40 computation_placer.cc:177] computation placer already registered. Please check linkage and avoid linking the same target more than once.
W0000 00:00:1775334959.809263      39 computation_placer.cc:177] computation placer already registered. Please check linkage and avoid linking the same target more than once.
W0000 00:00:1775334959.809265      38 computation_placer.cc:177] computation placer already registered. Please check linkage and avoid linking the same target more than once.
W0000 00:00:1775334959.809265      41 computation_placer.cc:177] computation placer already registered. Please check linkage and avoid linking the same target more than once.
W0000 00:00:1775334959.809266      40 computation_placer.cc:177] computation placer already registered. Please check linkage and avoid linking the same target more than once.
W0000 00:00:1775334959.809266      39 computation_placer.cc:177] computation placer already registered. Please check linkage and avoid linking the same target more than once.
W0000 00:00:1775334959.809267      38 computation_placer.cc:177] computation placer already registered. Please check linkage and avoid linking the same target more than once.
W0000 00:00:1775334959.809268      41 computation_placer.cc:177] computation placer already registered. Please check linkage and avoid linking the same target more than once.
W0000 00:00:1775334959.809269      40 computation_placer.cc:177] computation placer already registered. Please check linkage and avoid linking the same target more than once.
W0000 00:00:1775334959.809269      39 computation_placer.cc:177] computation placer already registered. Please check linkage and avoid linking the same target more than once.
W0000 00:00:1775334959.809270      41 computation_placer.cc:177] computation placer already registered. Please check linkage and avoid linking the same target more than once.
W0000 00:00:1775334987.359246      41 gpu_device.cc:2341] Cannot dlopen some GPU libraries. Please make sure the missing libraries mentioned above are installed properly if you would like to use GPU. Follow the guide at https://www.tensorflow.org/install/gpu for how to download and setup the required libraries for your platform.
Skipping registering GPU devices...
W0000 00:00:1775334987.359267      40 gpu_device.cc:2341] Cannot dlopen some GPU libraries. Please make sure the missing libraries mentioned above are installed properly if you would like to use GPU. Follow the guide at https://www.tensorflow.org/install/gpu for how to download and setup the required libraries for your platform.
Skipping registering GPU devices...
W0000 00:00:1775334987.359304      38 gpu_device.cc:2341] Cannot dlopen some GPU libraries. Please make sure the missing libraries mentioned above are installed properly if you would like to use GPU. Follow the guide at https://www.tensorflow.org/install/gpu for how to download and setup the required libraries for your platform.
Skipping registering GPU devices...
W0000 00:00:1775334987.364813      39 gpu_device.cc:2341] Cannot dlopen some GPU libraries. Please make sure the missing libraries mentioned above are installed properly if you would like to use GPU. Follow the guide at https://www.tensorflow.org/install/gpu for how to download and setup the required libraries for your platform.
Skipping registering GPU devices...
/usr/local/lib/python3.11/site-packages/torch/__init__.py:1617: UserWarning: Please use the new API settings to control TF32 behavior, such as torch.backends.cudnn.conv.fp32_precision = 'tf32' or torch.backends.cuda.matmul.fp32_precision = 'ieee'. Old settings, e.g, torch.backends.cuda.matmul.allow_tf32 = True, torch.backends.cudnn.allow_tf32 = True, allowTF32CuDNN() and allowTF32CuBLAS() will be deprecated after Pytorch 2.9. Please see https://pytorch.org/docs/main/notes/cuda.html#tensorfloat-32-tf32-on-ampere-and-later-devices (Triggered internally at /pytorch/aten/src/ATen/Context.cpp:80.)
  _C._set_float32_matmul_precision(precision)
/usr/local/lib/python3.11/site-packages/torch/__init__.py:1617: UserWarning: Please use the new API settings to control TF32 behavior, such as torch.backends.cudnn.conv.fp32_precision = 'tf32' or torch.backends.cuda.matmul.fp32_precision = 'ieee'. Old settings, e.g, torch.backends.cuda.matmul.allow_tf32 = True, torch.backends.cudnn.allow_tf32 = True, allowTF32CuDNN() and allowTF32CuBLAS() will be deprecated after Pytorch 2.9. Please see https://pytorch.org/docs/main/notes/cuda.html#tensorfloat-32-tf32-on-ampere-and-later-devices (Triggered internally at /pytorch/aten/src/ATen/Context.cpp:80.)
  _C._set_float32_matmul_precision(precision)
/usr/local/lib/python3.11/site-packages/torch/__init__.py:1617: UserWarning: Please use the new API settings to control TF32 behavior, such as torch.backends.cudnn.conv.fp32_precision = 'tf32' or torch.backends.cuda.matmul.fp32_precision = 'ieee'. Old settings, e.g, torch.backends.cuda.matmul.allow_tf32 = True, torch.backends.cudnn.allow_tf32 = True, allowTF32CuDNN() and allowTF32CuBLAS() will be deprecated after Pytorch 2.9. Please see https://pytorch.org/docs/main/notes/cuda.html#tensorfloat-32-tf32-on-ampere-and-later-devices (Triggered internally at /pytorch/aten/src/ATen/Context.cpp:80.)
  _C._set_float32_matmul_precision(precision)
/usr/local/lib/python3.11/site-packages/torch/__init__.py:1617: UserWarning: Please use the new API settings to control TF32 behavior, such as torch.backends.cudnn.conv.fp32_precision = 'tf32' or torch.backends.cuda.matmul.fp32_precision = 'ieee'. Old settings, e.g, torch.backends.cuda.matmul.allow_tf32 = True, torch.backends.cudnn.allow_tf32 = True, allowTF32CuDNN() and allowTF32CuBLAS() will be deprecated after Pytorch 2.9. Please see https://pytorch.org/docs/main/notes/cuda.html#tensorfloat-32-tf32-on-ampere-and-later-devices (Triggered internally at /pytorch/aten/src/ATen/Context.cpp:80.)
  _C._set_float32_matmul_precision(precision)
/usr/local/lib/python3.11/site-packages/pydantic/_internal/_generate_schema.py:2249: UnsupportedFieldAttributeWarning: The 'repr' attribute with value False was provided to the `Field()` function, which has no effect in the context it was used. 'repr' is field-specific metadata, and can only be attached to a model field using `Annotated` metadata or by assignment. This may have happened because an `Annotated` type alias using the `type` statement was used, or if the `Field()` function was attached to a single member of a union type.
  warnings.warn(
/usr/local/lib/python3.11/site-packages/pydantic/_internal/_generate_schema.py:2249: UnsupportedFieldAttributeWarning: The 'repr' attribute with value False was provided to the `Field()` function, which has no effect in the context it was used. 'repr' is field-specific metadata, and can only be attached to a model field using `Annotated` metadata or by assignment. This may have happened because an `Annotated` type alias using the `type` statement was used, or if the `Field()` function was attached to a single member of a union type.
  warnings.warn(
/usr/local/lib/python3.11/site-packages/pydantic/_internal/_generate_schema.py:2249: UnsupportedFieldAttributeWarning: The 'repr' attribute with value False was provided to the `Field()` function, which has no effect in the context it was used. 'repr' is field-specific metadata, and can only be attached to a model field using `Annotated` metadata or by assignment. This may have happened because an `Annotated` type alias using the `type` statement was used, or if the `Field()` function was attached to a single member of a union type.
  warnings.warn(
/usr/local/lib/python3.11/site-packages/pydantic/_internal/_generate_schema.py:2249: UnsupportedFieldAttributeWarning: The 'repr' attribute with value False was provided to the `Field()` function, which has no effect in the context it was used. 'repr' is field-specific metadata, and can only be attached to a model field using `Annotated` metadata or by assignment. This may have happened because an `Annotated` type alias using the `type` statement was used, or if the `Field()` function was attached to a single member of a union type.
  warnings.warn(
/usr/local/lib/python3.11/site-packages/pydantic/_internal/_generate_schema.py:2249: UnsupportedFieldAttributeWarning: The 'frozen' attribute with value True was provided to the `Field()` function, which has no effect in the context it was used. 'frozen' is field-specific metadata, and can only be attached to a model field using `Annotated` metadata or by assignment. This may have happened because an `Annotated` type alias using the `type` statement was used, or if the `Field()` function was attached to a single member of a union type.
  warnings.warn(
/usr/local/lib/python3.11/site-packages/pydantic/_internal/_generate_schema.py:2249: UnsupportedFieldAttributeWarning: The 'frozen' attribute with value True was provided to the `Field()` function, which has no effect in the context it was used. 'frozen' is field-specific metadata, and can only be attached to a model field using `Annotated` metadata or by assignment. This may have happened because an `Annotated` type alias using the `type` statement was used, or if the `Field()` function was attached to a single member of a union type.
  warnings.warn(
/usr/local/lib/python3.11/site-packages/pydantic/_internal/_generate_schema.py:2249: UnsupportedFieldAttributeWarning: The 'frozen' attribute with value True was provided to the `Field()` function, which has no effect in the context it was used. 'frozen' is field-specific metadata, and can only be attached to a model field using `Annotated` metadata or by assignment. This may have happened because an `Annotated` type alias using the `type` statement was used, or if the `Field()` function was attached to a single member of a union type.
  warnings.warn(
/usr/local/lib/python3.11/site-packages/pydantic/_internal/_generate_schema.py:2249: UnsupportedFieldAttributeWarning: The 'frozen' attribute with value True was provided to the `Field()` function, which has no effect in the context it was used. 'frozen' is field-specific metadata, and can only be attached to a model field using `Annotated` metadata or by assignment. This may have happened because an `Annotated` type alias using the `type` statement was used, or if the `Field()` function was attached to a single member of a union type.
  warnings.warn(
/usr/local/lib/python3.11/site-packages/torch/distributed/distributed_c10d.py:4876: UserWarning: barrier(): using the device under current context. You can specify `device_id` in `init_process_group` to mute this warning.
  warnings.warn(  # warn only once
[rank0]:[W404 20:36:35.998274798 ProcessGroupNCCL.cpp:5068] Guessing device ID based on global rank. This can cause a hang if rank to GPU mapping is heterogeneous. You can specify device_id in init_process_group()
I0404 20:36:37.394289 139850754036928 logger_utils.py:84] Creating experiment directory at /experiment_runs/submissions_a100/lion/study_0/finewebedu_lm_pytorch.
I0404 20:36:37.394289 139621278684352 logger_utils.py:84] Creating experiment directory at /experiment_runs/submissions_a100/lion/study_0/finewebedu_lm_pytorch.
I0404 20:36:37.394288 140310195184832 logger_utils.py:84] Creating experiment directory at /experiment_runs/submissions_a100/lion/study_0/finewebedu_lm_pytorch.
I0404 20:36:37.394325 140304290120896 logger_utils.py:84] Creating experiment directory at /experiment_runs/submissions_a100/lion/study_0/finewebedu_lm_pytorch.
I0404 20:36:37.677574 139850754036928 submission_runner.py:741] Creating directory at /experiment_runs/submissions_a100/lion/study_0/finewebedu_lm_pytorch/trial_1.
I0404 20:36:37.956146 139850754036928 submission_runner.py:242] Initializing dataset.
I0404 20:36:37.956316 139850754036928 submission_runner.py:251] Initializing model.
I0404 20:36:52.275974 139850754036928 submission_runner.py:290] Performing `torch.compile`.
I0404 20:36:55.731538 139850754036928 submission_runner.py:294] Initializing optimizer.
I0404 20:36:55.732270 139850754036928 submission_runner.py:299] Initializing metrics bundle.
I0404 20:36:55.732416 139850754036928 submission_runner.py:321] Initializing checkpoint and logger.
I0404 20:36:55.735747 139850754036928 submission_runner.py:344] Saving meta data to /experiment_runs/submissions_a100/lion/study_0/finewebedu_lm_pytorch/trial_1/meta_data_0.json.
I0404 20:36:55.735807 140304290120896 logger_utils.py:283] Unable to record workload.train_mean information. Continuing without it.
I0404 20:36:55.735807 140310195184832 logger_utils.py:283] Unable to record workload.train_mean information. Continuing without it.
I0404 20:36:55.735825 139621278684352 logger_utils.py:283] Unable to record workload.train_mean information. Continuing without it.
I0404 20:36:55.735936 139850754036928 logger_utils.py:283] Unable to record workload.train_mean information. Continuing without it.
I0404 20:36:55.735953 140310195184832 logger_utils.py:283] Unable to record workload.train_stddev information. Continuing without it.
I0404 20:36:55.735961 140304290120896 logger_utils.py:283] Unable to record workload.train_stddev information. Continuing without it.
I0404 20:36:55.735966 139621278684352 logger_utils.py:283] Unable to record workload.train_stddev information. Continuing without it.
I0404 20:36:55.735993 139850754036928 logger_utils.py:283] Unable to record workload.train_stddev information. Continuing without it.
I0404 20:36:56.262638 139850754036928 submission_runner.py:348] Saving flags to /experiment_runs/submissions_a100/lion/study_0/finewebedu_lm_pytorch/trial_1/flags_0.json.
I0404 20:36:56.309939 139850754036928 submission_runner.py:359] Starting training loop.
[rank0]:W0404 20:37:01.311000 38 site-packages/torch/_logging/_internal.py:1199] [0/0] Profiler function <class 'torch.autograd.profiler.record_function'> will be ignored
[rank2]:W0404 20:37:01.312000 40 site-packages/torch/_logging/_internal.py:1199] [0/0] Profiler function <class 'torch.autograd.profiler.record_function'> will be ignored
[rank1]:W0404 20:37:01.312000 39 site-packages/torch/_logging/_internal.py:1199] [0/0] Profiler function <class 'torch.autograd.profiler.record_function'> will be ignored
[rank3]:W0404 20:37:01.312000 41 site-packages/torch/_logging/_internal.py:1199] [0/0] Profiler function <class 'torch.autograd.profiler.record_function'> will be ignored
I0404 20:37:55.114460 139824555857664 logging_writer.py:48] [0] global_step=0, grad_norm=11.8488, loss=11.0134
I0404 20:37:55.313298 139850754036928 submission.py:218] 0) loss = 11.013, grad_norm = 11.849
I0404 20:37:55.960138 139850754036928 spec.py:333] Evaluating on the training split.
/usr/local/lib/python3.11/site-packages/torch/_dynamo/variables/functions.py:1598: UserWarning: Dynamo does not know how to trace the builtin `torch._C._distributed_c10d.pybind11_detail_function_record_v1_system_libstdcpp_gxx_abi_1xxx_use_cxx11_abi_1._broadcast_coalesced.` This function is either a Python builtin (e.g. _warnings.warn) or a third-party C/C++ Python extension (perhaps created with pybind).
If it is a Python builtin, please file an issue on GitHub so the PyTorch team can add support for it and see the next case for a workaround.
If it is a third-party C/C++ Python extension, please either wrap it into a PyTorch-understood custom operator (see https://pytorch.org/tutorials/advanced/custom_ops_landing_page.html for more details) or, if it is traceable, use `torch.compiler.allow_in_graph`.
  torch._dynamo.utils.warn_once(explanation + "\n" + "\n".join(hints))
/usr/local/lib/python3.11/site-packages/torch/_dynamo/variables/functions.py:1598: UserWarning: Dynamo does not know how to trace the builtin `torch._C._distributed_c10d.pybind11_detail_function_record_v1_system_libstdcpp_gxx_abi_1xxx_use_cxx11_abi_1._broadcast_coalesced.` This function is either a Python builtin (e.g. _warnings.warn) or a third-party C/C++ Python extension (perhaps created with pybind).
If it is a Python builtin, please file an issue on GitHub so the PyTorch team can add support for it and see the next case for a workaround.
If it is a third-party C/C++ Python extension, please either wrap it into a PyTorch-understood custom operator (see https://pytorch.org/tutorials/advanced/custom_ops_landing_page.html for more details) or, if it is traceable, use `torch.compiler.allow_in_graph`.
  torch._dynamo.utils.warn_once(explanation + "\n" + "\n".join(hints))
/usr/local/lib/python3.11/site-packages/torch/_dynamo/variables/functions.py:1598: UserWarning: Dynamo does not know how to trace the builtin `torch._C._distributed_c10d.pybind11_detail_function_record_v1_system_libstdcpp_gxx_abi_1xxx_use_cxx11_abi_1._broadcast_coalesced.` This function is either a Python builtin (e.g. _warnings.warn) or a third-party C/C++ Python extension (perhaps created with pybind).
If it is a Python builtin, please file an issue on GitHub so the PyTorch team can add support for it and see the next case for a workaround.
If it is a third-party C/C++ Python extension, please either wrap it into a PyTorch-understood custom operator (see https://pytorch.org/tutorials/advanced/custom_ops_landing_page.html for more details) or, if it is traceable, use `torch.compiler.allow_in_graph`.
  torch._dynamo.utils.warn_once(explanation + "\n" + "\n".join(hints))
/usr/local/lib/python3.11/site-packages/torch/_dynamo/variables/functions.py:1598: UserWarning: Dynamo does not know how to trace the builtin `torch._C._distributed_c10d.pybind11_detail_function_record_v1_system_libstdcpp_gxx_abi_1xxx_use_cxx11_abi_1._broadcast_coalesced.` This function is either a Python builtin (e.g. _warnings.warn) or a third-party C/C++ Python extension (perhaps created with pybind).
If it is a Python builtin, please file an issue on GitHub so the PyTorch team can add support for it and see the next case for a workaround.
If it is a third-party C/C++ Python extension, please either wrap it into a PyTorch-understood custom operator (see https://pytorch.org/tutorials/advanced/custom_ops_landing_page.html for more details) or, if it is traceable, use `torch.compiler.allow_in_graph`.
  torch._dynamo.utils.warn_once(explanation + "\n" + "\n".join(hints))
I0404 20:38:54.393897 139850754036928 spec.py:346] Evaluating on the validation split.
I0404 20:41:38.575819 139850754036928 spec.py:363] Evaluating on the test split.
I0404 20:41:38.576563 139850754036928 submission_runner.py:516] Time since start: 282.27s, 	Step: 1, 	{'train/loss': 11.012264251708984, 'train/ppl': 60612.974615636704, 'validation/loss': 11.01051740329284, 'validation/ppl': 60507.18536272712, 'validation/num_examples': 100000, 'test/loss': 0.0, 'test/ppl': 1.0, 'test/num_examples': 0, 'score': 59.00462555885315, 'total_duration': 282.266624212265, 'accumulated_submission_time': 59.00462555885315, 'accumulated_eval_time': 222.616357088089, 'accumulated_logging_time': 0}
I0404 20:41:38.610526 139816156206848 logging_writer.py:48] [1] accumulated_eval_time=222.616, accumulated_logging_time=0, accumulated_submission_time=59.0046, global_step=1, preemption_count=0, score=59.0046, test/loss=0, test/num_examples=0, test/ppl=1, total_duration=282.267, train/loss=11.0123, train/ppl=60613, validation/loss=11.0105, validation/num_examples=100000, validation/ppl=60507.2
I0404 20:41:40.336968 139816147814144 logging_writer.py:48] [1] global_step=1, grad_norm=12.2905, loss=11.0204
I0404 20:41:40.340087 139850754036928 submission.py:218] 1) loss = 11.020, grad_norm = 12.291
I0404 20:41:40.753811 139816156206848 logging_writer.py:48] [2] global_step=2, grad_norm=11.2317, loss=11.0017
I0404 20:41:40.756807 139850754036928 submission.py:218] 2) loss = 11.002, grad_norm = 11.232
I0404 20:41:41.159813 139816147814144 logging_writer.py:48] [3] global_step=3, grad_norm=11.7792, loss=10.9888
I0404 20:41:41.162769 139850754036928 submission.py:218] 3) loss = 10.989, grad_norm = 11.779
I0404 20:41:41.566292 139816156206848 logging_writer.py:48] [4] global_step=4, grad_norm=11.5423, loss=10.9615
I0404 20:41:41.569261 139850754036928 submission.py:218] 4) loss = 10.962, grad_norm = 11.542
I0404 20:41:41.972164 139816147814144 logging_writer.py:48] [5] global_step=5, grad_norm=11.439, loss=10.9282
I0404 20:41:41.975171 139850754036928 submission.py:218] 5) loss = 10.928, grad_norm = 11.439
I0404 20:41:42.378675 139816156206848 logging_writer.py:48] [6] global_step=6, grad_norm=12.3258, loss=10.877
I0404 20:41:42.381718 139850754036928 submission.py:218] 6) loss = 10.877, grad_norm = 12.326
I0404 20:41:42.785225 139816147814144 logging_writer.py:48] [7] global_step=7, grad_norm=11.9867, loss=10.8272
I0404 20:41:42.788364 139850754036928 submission.py:218] 7) loss = 10.827, grad_norm = 11.987
I0404 20:41:43.191488 139816156206848 logging_writer.py:48] [8] global_step=8, grad_norm=11.4597, loss=10.7725
I0404 20:41:43.194441 139850754036928 submission.py:218] 8) loss = 10.773, grad_norm = 11.460
I0404 20:41:43.596373 139816147814144 logging_writer.py:48] [9] global_step=9, grad_norm=11.5577, loss=10.7046
I0404 20:41:43.599318 139850754036928 submission.py:218] 9) loss = 10.705, grad_norm = 11.558
I0404 20:41:44.002046 139816156206848 logging_writer.py:48] [10] global_step=10, grad_norm=11.3165, loss=10.6306
I0404 20:41:44.004989 139850754036928 submission.py:218] 10) loss = 10.631, grad_norm = 11.316
I0404 20:41:44.407145 139816147814144 logging_writer.py:48] [11] global_step=11, grad_norm=11.0009, loss=10.5494
I0404 20:41:44.410131 139850754036928 submission.py:218] 11) loss = 10.549, grad_norm = 11.001
I0404 20:41:44.812326 139816156206848 logging_writer.py:48] [12] global_step=12, grad_norm=10.5198, loss=10.4796
I0404 20:41:44.815246 139850754036928 submission.py:218] 12) loss = 10.480, grad_norm = 10.520
I0404 20:41:45.217740 139816147814144 logging_writer.py:48] [13] global_step=13, grad_norm=10.1143, loss=10.3769
I0404 20:41:45.220722 139850754036928 submission.py:218] 13) loss = 10.377, grad_norm = 10.114
I0404 20:41:45.623520 139816156206848 logging_writer.py:48] [14] global_step=14, grad_norm=9.51386, loss=10.2782
I0404 20:41:45.626469 139850754036928 submission.py:218] 14) loss = 10.278, grad_norm = 9.514
I0404 20:41:46.030317 139816147814144 logging_writer.py:48] [15] global_step=15, grad_norm=8.90899, loss=10.1942
I0404 20:41:46.033283 139850754036928 submission.py:218] 15) loss = 10.194, grad_norm = 8.909
I0404 20:41:46.436601 139816156206848 logging_writer.py:48] [16] global_step=16, grad_norm=8.33936, loss=10.0949
I0404 20:41:46.439642 139850754036928 submission.py:218] 16) loss = 10.095, grad_norm = 8.339
I0404 20:41:46.842622 139816147814144 logging_writer.py:48] [17] global_step=17, grad_norm=7.66697, loss=10.0317
I0404 20:41:46.845546 139850754036928 submission.py:218] 17) loss = 10.032, grad_norm = 7.667
I0404 20:41:47.247838 139816156206848 logging_writer.py:48] [18] global_step=18, grad_norm=7.03077, loss=9.94557
I0404 20:41:47.250839 139850754036928 submission.py:218] 18) loss = 9.946, grad_norm = 7.031
I0404 20:41:47.653971 139816147814144 logging_writer.py:48] [19] global_step=19, grad_norm=6.38618, loss=9.87977
I0404 20:41:47.656889 139850754036928 submission.py:218] 19) loss = 9.880, grad_norm = 6.386
I0404 20:41:48.059439 139816156206848 logging_writer.py:48] [20] global_step=20, grad_norm=5.86602, loss=9.8246
I0404 20:41:48.062329 139850754036928 submission.py:218] 20) loss = 9.825, grad_norm = 5.866
I0404 20:41:48.464930 139816147814144 logging_writer.py:48] [21] global_step=21, grad_norm=5.21621, loss=9.7925
I0404 20:41:48.467888 139850754036928 submission.py:218] 21) loss = 9.793, grad_norm = 5.216
I0404 20:41:48.870639 139816156206848 logging_writer.py:48] [22] global_step=22, grad_norm=4.98302, loss=9.75345
I0404 20:41:48.873552 139850754036928 submission.py:218] 22) loss = 9.753, grad_norm = 4.983
I0404 20:41:49.276563 139816147814144 logging_writer.py:48] [23] global_step=23, grad_norm=4.63955, loss=9.66884
I0404 20:41:49.279456 139850754036928 submission.py:218] 23) loss = 9.669, grad_norm = 4.640
I0404 20:41:49.682062 139816156206848 logging_writer.py:48] [24] global_step=24, grad_norm=4.24683, loss=9.62187
I0404 20:41:49.684957 139850754036928 submission.py:218] 24) loss = 9.622, grad_norm = 4.247
I0404 20:41:50.088477 139816147814144 logging_writer.py:48] [25] global_step=25, grad_norm=4.05668, loss=9.57818
I0404 20:41:50.091423 139850754036928 submission.py:218] 25) loss = 9.578, grad_norm = 4.057
I0404 20:41:50.494619 139816156206848 logging_writer.py:48] [26] global_step=26, grad_norm=3.82439, loss=9.54794
I0404 20:41:50.497854 139850754036928 submission.py:218] 26) loss = 9.548, grad_norm = 3.824
I0404 20:41:50.901350 139816147814144 logging_writer.py:48] [27] global_step=27, grad_norm=3.56605, loss=9.51235
I0404 20:41:50.904286 139850754036928 submission.py:218] 27) loss = 9.512, grad_norm = 3.566
I0404 20:41:51.307812 139816156206848 logging_writer.py:48] [28] global_step=28, grad_norm=3.60415, loss=9.47642
I0404 20:41:51.310782 139850754036928 submission.py:218] 28) loss = 9.476, grad_norm = 3.604
I0404 20:41:51.714332 139816147814144 logging_writer.py:48] [29] global_step=29, grad_norm=3.19487, loss=9.532
I0404 20:41:51.717288 139850754036928 submission.py:218] 29) loss = 9.532, grad_norm = 3.195
I0404 20:41:52.120701 139816156206848 logging_writer.py:48] [30] global_step=30, grad_norm=3.21994, loss=9.4443
I0404 20:41:52.123609 139850754036928 submission.py:218] 30) loss = 9.444, grad_norm = 3.220
I0404 20:41:52.527463 139816147814144 logging_writer.py:48] [31] global_step=31, grad_norm=3.02131, loss=9.45432
I0404 20:41:52.530298 139850754036928 submission.py:218] 31) loss = 9.454, grad_norm = 3.021
I0404 20:41:52.932278 139816156206848 logging_writer.py:48] [32] global_step=32, grad_norm=2.83289, loss=9.42639
I0404 20:41:52.935155 139850754036928 submission.py:218] 32) loss = 9.426, grad_norm = 2.833
I0404 20:41:53.337756 139816147814144 logging_writer.py:48] [33] global_step=33, grad_norm=2.78752, loss=9.43016
I0404 20:41:53.340718 139850754036928 submission.py:218] 33) loss = 9.430, grad_norm = 2.788
I0404 20:41:53.743463 139816156206848 logging_writer.py:48] [34] global_step=34, grad_norm=2.66521, loss=9.37685
I0404 20:41:53.746437 139850754036928 submission.py:218] 34) loss = 9.377, grad_norm = 2.665
I0404 20:41:54.149228 139816147814144 logging_writer.py:48] [35] global_step=35, grad_norm=2.58714, loss=9.35694
I0404 20:41:54.152263 139850754036928 submission.py:218] 35) loss = 9.357, grad_norm = 2.587
I0404 20:41:54.554357 139816156206848 logging_writer.py:48] [36] global_step=36, grad_norm=2.52597, loss=9.36906
I0404 20:41:54.557364 139850754036928 submission.py:218] 36) loss = 9.369, grad_norm = 2.526
I0404 20:41:54.959987 139816147814144 logging_writer.py:48] [37] global_step=37, grad_norm=2.49704, loss=9.31293
I0404 20:41:54.963012 139850754036928 submission.py:218] 37) loss = 9.313, grad_norm = 2.497
I0404 20:41:55.366203 139816156206848 logging_writer.py:48] [38] global_step=38, grad_norm=2.44456, loss=9.3227
I0404 20:41:55.369134 139850754036928 submission.py:218] 38) loss = 9.323, grad_norm = 2.445
I0404 20:41:55.771852 139816147814144 logging_writer.py:48] [39] global_step=39, grad_norm=2.4535, loss=9.30226
I0404 20:41:55.775068 139850754036928 submission.py:218] 39) loss = 9.302, grad_norm = 2.453
I0404 20:41:56.178674 139816156206848 logging_writer.py:48] [40] global_step=40, grad_norm=2.3621, loss=9.30261
I0404 20:41:56.181673 139850754036928 submission.py:218] 40) loss = 9.303, grad_norm = 2.362
I0404 20:41:56.585627 139816147814144 logging_writer.py:48] [41] global_step=41, grad_norm=2.3949, loss=9.28318
I0404 20:41:56.588541 139850754036928 submission.py:218] 41) loss = 9.283, grad_norm = 2.395
I0404 20:41:56.992634 139816156206848 logging_writer.py:48] [42] global_step=42, grad_norm=2.41113, loss=9.28736
I0404 20:41:56.995566 139850754036928 submission.py:218] 42) loss = 9.287, grad_norm = 2.411
I0404 20:41:57.398071 139816147814144 logging_writer.py:48] [43] global_step=43, grad_norm=2.29606, loss=9.2712
I0404 20:41:57.401017 139850754036928 submission.py:218] 43) loss = 9.271, grad_norm = 2.296
I0404 20:41:57.804203 139816156206848 logging_writer.py:48] [44] global_step=44, grad_norm=2.34718, loss=9.2786
I0404 20:41:57.807219 139850754036928 submission.py:218] 44) loss = 9.279, grad_norm = 2.347
I0404 20:41:58.209834 139816147814144 logging_writer.py:48] [45] global_step=45, grad_norm=2.30533, loss=9.24174
I0404 20:41:58.212786 139850754036928 submission.py:218] 45) loss = 9.242, grad_norm = 2.305
I0404 20:41:58.615060 139816156206848 logging_writer.py:48] [46] global_step=46, grad_norm=2.26484, loss=9.22178
I0404 20:41:58.617996 139850754036928 submission.py:218] 46) loss = 9.222, grad_norm = 2.265
I0404 20:41:59.021137 139816147814144 logging_writer.py:48] [47] global_step=47, grad_norm=2.1731, loss=9.26273
I0404 20:41:59.024237 139850754036928 submission.py:218] 47) loss = 9.263, grad_norm = 2.173
I0404 20:41:59.427229 139816156206848 logging_writer.py:48] [48] global_step=48, grad_norm=2.19254, loss=9.18838
I0404 20:41:59.430201 139850754036928 submission.py:218] 48) loss = 9.188, grad_norm = 2.193
I0404 20:41:59.833992 139816147814144 logging_writer.py:48] [49] global_step=49, grad_norm=2.14134, loss=9.20737
I0404 20:41:59.836896 139850754036928 submission.py:218] 49) loss = 9.207, grad_norm = 2.141
I0404 20:42:00.241053 139816156206848 logging_writer.py:48] [50] global_step=50, grad_norm=2.01536, loss=9.24997
I0404 20:42:00.243939 139850754036928 submission.py:218] 50) loss = 9.250, grad_norm = 2.015
I0404 20:42:00.647374 139816147814144 logging_writer.py:48] [51] global_step=51, grad_norm=1.98499, loss=9.23595
I0404 20:42:00.650237 139850754036928 submission.py:218] 51) loss = 9.236, grad_norm = 1.985
I0404 20:42:01.054616 139816156206848 logging_writer.py:48] [52] global_step=52, grad_norm=2.02857, loss=9.23199
I0404 20:42:01.057544 139850754036928 submission.py:218] 52) loss = 9.232, grad_norm = 2.029
I0404 20:42:01.460531 139816147814144 logging_writer.py:48] [53] global_step=53, grad_norm=2.0394, loss=9.1799
I0404 20:42:01.463454 139850754036928 submission.py:218] 53) loss = 9.180, grad_norm = 2.039
I0404 20:42:01.865208 139816156206848 logging_writer.py:48] [54] global_step=54, grad_norm=1.94857, loss=9.21133
I0404 20:42:01.868086 139850754036928 submission.py:218] 54) loss = 9.211, grad_norm = 1.949
I0404 20:42:02.270641 139816147814144 logging_writer.py:48] [55] global_step=55, grad_norm=1.98997, loss=9.16683
I0404 20:42:02.273675 139850754036928 submission.py:218] 55) loss = 9.167, grad_norm = 1.990
I0404 20:42:02.677350 139816156206848 logging_writer.py:48] [56] global_step=56, grad_norm=1.89923, loss=9.18046
I0404 20:42:02.680277 139850754036928 submission.py:218] 56) loss = 9.180, grad_norm = 1.899
I0404 20:42:03.082935 139816147814144 logging_writer.py:48] [57] global_step=57, grad_norm=1.83148, loss=9.20787
I0404 20:42:03.085850 139850754036928 submission.py:218] 57) loss = 9.208, grad_norm = 1.831
I0404 20:42:03.489816 139816156206848 logging_writer.py:48] [58] global_step=58, grad_norm=1.89925, loss=9.1361
I0404 20:42:03.492741 139850754036928 submission.py:218] 58) loss = 9.136, grad_norm = 1.899
I0404 20:42:03.895635 139816147814144 logging_writer.py:48] [59] global_step=59, grad_norm=1.88904, loss=9.13227
I0404 20:42:03.898689 139850754036928 submission.py:218] 59) loss = 9.132, grad_norm = 1.889
I0404 20:42:04.302930 139816156206848 logging_writer.py:48] [60] global_step=60, grad_norm=1.90792, loss=9.10804
I0404 20:42:04.305931 139850754036928 submission.py:218] 60) loss = 9.108, grad_norm = 1.908
I0404 20:42:04.709732 139816147814144 logging_writer.py:48] [61] global_step=61, grad_norm=1.89758, loss=9.12501
I0404 20:42:04.712703 139850754036928 submission.py:218] 61) loss = 9.125, grad_norm = 1.898
I0404 20:42:05.116135 139816156206848 logging_writer.py:48] [62] global_step=62, grad_norm=1.813, loss=9.1109
I0404 20:42:05.119174 139850754036928 submission.py:218] 62) loss = 9.111, grad_norm = 1.813
I0404 20:42:05.523311 139816147814144 logging_writer.py:48] [63] global_step=63, grad_norm=1.85746, loss=9.07492
I0404 20:42:05.526336 139850754036928 submission.py:218] 63) loss = 9.075, grad_norm = 1.857
I0404 20:42:05.929890 139816156206848 logging_writer.py:48] [64] global_step=64, grad_norm=1.78868, loss=9.10491
I0404 20:42:05.932808 139850754036928 submission.py:218] 64) loss = 9.105, grad_norm = 1.789
I0404 20:42:06.335677 139816147814144 logging_writer.py:48] [65] global_step=65, grad_norm=1.76502, loss=9.10154
I0404 20:42:06.338607 139850754036928 submission.py:218] 65) loss = 9.102, grad_norm = 1.765
I0404 20:42:06.741991 139816156206848 logging_writer.py:48] [66] global_step=66, grad_norm=1.82784, loss=9.06605
I0404 20:42:06.744860 139850754036928 submission.py:218] 66) loss = 9.066, grad_norm = 1.828
I0404 20:42:07.149290 139816147814144 logging_writer.py:48] [67] global_step=67, grad_norm=1.89286, loss=9.06327
I0404 20:42:07.152196 139850754036928 submission.py:218] 67) loss = 9.063, grad_norm = 1.893
I0404 20:42:07.557648 139816156206848 logging_writer.py:48] [68] global_step=68, grad_norm=1.76366, loss=9.06465
I0404 20:42:07.560545 139850754036928 submission.py:218] 68) loss = 9.065, grad_norm = 1.764
I0404 20:42:07.963563 139816147814144 logging_writer.py:48] [69] global_step=69, grad_norm=1.88193, loss=9.01033
I0404 20:42:07.966477 139850754036928 submission.py:218] 69) loss = 9.010, grad_norm = 1.882
I0404 20:42:08.369334 139816156206848 logging_writer.py:48] [70] global_step=70, grad_norm=1.9291, loss=8.9905
I0404 20:42:08.372239 139850754036928 submission.py:218] 70) loss = 8.990, grad_norm = 1.929
I0404 20:42:08.775156 139816147814144 logging_writer.py:48] [71] global_step=71, grad_norm=1.73956, loss=9.03518
I0404 20:42:08.778082 139850754036928 submission.py:218] 71) loss = 9.035, grad_norm = 1.740
I0404 20:42:09.182124 139816156206848 logging_writer.py:48] [72] global_step=72, grad_norm=1.71034, loss=8.99035
I0404 20:42:09.185047 139850754036928 submission.py:218] 72) loss = 8.990, grad_norm = 1.710
I0404 20:42:09.588486 139816147814144 logging_writer.py:48] [73] global_step=73, grad_norm=1.86276, loss=8.97726
I0404 20:42:09.591493 139850754036928 submission.py:218] 73) loss = 8.977, grad_norm = 1.863
I0404 20:42:09.994746 139816156206848 logging_writer.py:48] [74] global_step=74, grad_norm=1.75913, loss=8.97109
I0404 20:42:09.997718 139850754036928 submission.py:218] 74) loss = 8.971, grad_norm = 1.759
I0404 20:42:10.402172 139816147814144 logging_writer.py:48] [75] global_step=75, grad_norm=1.66628, loss=8.96136
I0404 20:42:10.405135 139850754036928 submission.py:218] 75) loss = 8.961, grad_norm = 1.666
I0404 20:42:10.808698 139816156206848 logging_writer.py:48] [76] global_step=76, grad_norm=1.66319, loss=8.98276
I0404 20:42:10.811571 139850754036928 submission.py:218] 76) loss = 8.983, grad_norm = 1.663
I0404 20:42:11.214847 139816147814144 logging_writer.py:48] [77] global_step=77, grad_norm=1.8042, loss=8.94635
I0404 20:42:11.217830 139850754036928 submission.py:218] 77) loss = 8.946, grad_norm = 1.804
I0404 20:42:11.621688 139816156206848 logging_writer.py:48] [78] global_step=78, grad_norm=1.68991, loss=8.88954
I0404 20:42:11.624578 139850754036928 submission.py:218] 78) loss = 8.890, grad_norm = 1.690
I0404 20:42:12.027803 139816147814144 logging_writer.py:48] [79] global_step=79, grad_norm=1.57096, loss=8.91934
I0404 20:42:12.030769 139850754036928 submission.py:218] 79) loss = 8.919, grad_norm = 1.571
I0404 20:42:12.435273 139816156206848 logging_writer.py:48] [80] global_step=80, grad_norm=1.64079, loss=8.88146
I0404 20:42:12.438259 139850754036928 submission.py:218] 80) loss = 8.881, grad_norm = 1.641
I0404 20:42:12.841475 139816147814144 logging_writer.py:48] [81] global_step=81, grad_norm=2.62826, loss=8.90644
I0404 20:42:12.844411 139850754036928 submission.py:218] 81) loss = 8.906, grad_norm = 2.628
I0404 20:42:13.247792 139816156206848 logging_writer.py:48] [82] global_step=82, grad_norm=1.53261, loss=8.87843
I0404 20:42:13.250703 139850754036928 submission.py:218] 82) loss = 8.878, grad_norm = 1.533
I0404 20:42:13.656200 139816147814144 logging_writer.py:48] [83] global_step=83, grad_norm=1.82614, loss=8.85274
I0404 20:42:13.659105 139850754036928 submission.py:218] 83) loss = 8.853, grad_norm = 1.826
I0404 20:42:14.063070 139816156206848 logging_writer.py:48] [84] global_step=84, grad_norm=2.35102, loss=8.85684
I0404 20:42:14.066084 139850754036928 submission.py:218] 84) loss = 8.857, grad_norm = 2.351
I0404 20:42:14.469492 139816147814144 logging_writer.py:48] [85] global_step=85, grad_norm=1.51865, loss=8.82669
I0404 20:42:14.472418 139850754036928 submission.py:218] 85) loss = 8.827, grad_norm = 1.519
I0404 20:42:14.875859 139816156206848 logging_writer.py:48] [86] global_step=86, grad_norm=1.6434, loss=8.81117
I0404 20:42:14.878803 139850754036928 submission.py:218] 86) loss = 8.811, grad_norm = 1.643
I0404 20:42:15.281334 139816147814144 logging_writer.py:48] [87] global_step=87, grad_norm=1.4494, loss=8.8406
I0404 20:42:15.284297 139850754036928 submission.py:218] 87) loss = 8.841, grad_norm = 1.449
I0404 20:42:15.688211 139816156206848 logging_writer.py:48] [88] global_step=88, grad_norm=1.49581, loss=8.77648
I0404 20:42:15.691099 139850754036928 submission.py:218] 88) loss = 8.776, grad_norm = 1.496
I0404 20:42:16.095752 139816147814144 logging_writer.py:48] [89] global_step=89, grad_norm=2.48475, loss=8.75956
I0404 20:42:16.098644 139850754036928 submission.py:218] 89) loss = 8.760, grad_norm = 2.485
I0404 20:42:16.503361 139816156206848 logging_writer.py:48] [90] global_step=90, grad_norm=1.54814, loss=8.75833
I0404 20:42:16.506285 139850754036928 submission.py:218] 90) loss = 8.758, grad_norm = 1.548
I0404 20:42:16.909175 139816147814144 logging_writer.py:48] [91] global_step=91, grad_norm=5.73614, loss=8.73404
I0404 20:42:16.912200 139850754036928 submission.py:218] 91) loss = 8.734, grad_norm = 5.736
I0404 20:42:17.315189 139816156206848 logging_writer.py:48] [92] global_step=92, grad_norm=1.6289, loss=8.71039
I0404 20:42:17.318134 139850754036928 submission.py:218] 92) loss = 8.710, grad_norm = 1.629
I0404 20:42:17.721117 139816147814144 logging_writer.py:48] [93] global_step=93, grad_norm=3.07762, loss=8.68631
I0404 20:42:17.724061 139850754036928 submission.py:218] 93) loss = 8.686, grad_norm = 3.078
I0404 20:42:18.126294 139816156206848 logging_writer.py:48] [94] global_step=94, grad_norm=1.67339, loss=8.72174
I0404 20:42:18.129216 139850754036928 submission.py:218] 94) loss = 8.722, grad_norm = 1.673
I0404 20:42:18.533385 139816147814144 logging_writer.py:48] [95] global_step=95, grad_norm=1.91529, loss=8.68793
I0404 20:42:18.536320 139850754036928 submission.py:218] 95) loss = 8.688, grad_norm = 1.915
I0404 20:42:18.940125 139816156206848 logging_writer.py:48] [96] global_step=96, grad_norm=2.5458, loss=8.63442
I0404 20:42:18.943180 139850754036928 submission.py:218] 96) loss = 8.634, grad_norm = 2.546
I0404 20:42:19.346514 139816147814144 logging_writer.py:48] [97] global_step=97, grad_norm=2.03357, loss=8.59934
I0404 20:42:19.349496 139850754036928 submission.py:218] 97) loss = 8.599, grad_norm = 2.034
I0404 20:42:19.753682 139816156206848 logging_writer.py:48] [98] global_step=98, grad_norm=1.45276, loss=8.66036
I0404 20:42:19.756555 139850754036928 submission.py:218] 98) loss = 8.660, grad_norm = 1.453
I0404 20:42:20.160376 139816147814144 logging_writer.py:48] [99] global_step=99, grad_norm=2.40037, loss=8.60738
I0404 20:42:20.163313 139850754036928 submission.py:218] 99) loss = 8.607, grad_norm = 2.400
I0404 20:42:20.566331 139816156206848 logging_writer.py:48] [100] global_step=100, grad_norm=1.7177, loss=8.54475
I0404 20:42:20.569273 139850754036928 submission.py:218] 100) loss = 8.545, grad_norm = 1.718
I0404 20:44:55.139629 139816147814144 logging_writer.py:48] [500] global_step=500, grad_norm=0.39233, loss=6.08878
I0404 20:44:55.143181 139850754036928 submission.py:218] 500) loss = 6.089, grad_norm = 0.392
I0404 20:48:08.687933 139816156206848 logging_writer.py:48] [1000] global_step=1000, grad_norm=0.244962, loss=4.81083
I0404 20:48:08.691193 139850754036928 submission.py:218] 1000) loss = 4.811, grad_norm = 0.245
I0404 20:51:22.207530 139816147814144 logging_writer.py:48] [1500] global_step=1500, grad_norm=0.188707, loss=4.32532
I0404 20:51:22.210810 139850754036928 submission.py:218] 1500) loss = 4.325, grad_norm = 0.189
I0404 20:54:35.693320 139816156206848 logging_writer.py:48] [2000] global_step=2000, grad_norm=0.141886, loss=4.0345
I0404 20:54:35.696563 139850754036928 submission.py:218] 2000) loss = 4.034, grad_norm = 0.142
I0404 20:57:49.191000 139816147814144 logging_writer.py:48] [2500] global_step=2500, grad_norm=0.118025, loss=3.82567
I0404 20:57:49.194400 139850754036928 submission.py:218] 2500) loss = 3.826, grad_norm = 0.118
I0404 21:01:02.647339 139816156206848 logging_writer.py:48] [3000] global_step=3000, grad_norm=0.111571, loss=3.74281
I0404 21:01:02.650694 139850754036928 submission.py:218] 3000) loss = 3.743, grad_norm = 0.112
I0404 21:04:16.148996 139816147814144 logging_writer.py:48] [3500] global_step=3500, grad_norm=0.108601, loss=3.71305
I0404 21:04:16.152263 139850754036928 submission.py:218] 3500) loss = 3.713, grad_norm = 0.109
I0404 21:07:29.619349 139816156206848 logging_writer.py:48] [4000] global_step=4000, grad_norm=0.103786, loss=3.65311
I0404 21:07:29.622532 139850754036928 submission.py:218] 4000) loss = 3.653, grad_norm = 0.104
I0404 21:10:43.089108 139816147814144 logging_writer.py:48] [4500] global_step=4500, grad_norm=0.0973198, loss=3.54799
I0404 21:10:43.092303 139850754036928 submission.py:218] 4500) loss = 3.548, grad_norm = 0.097
I0404 21:13:56.548925 139816156206848 logging_writer.py:48] [5000] global_step=5000, grad_norm=0.0994418, loss=3.59699
I0404 21:13:56.552045 139850754036928 submission.py:218] 5000) loss = 3.597, grad_norm = 0.099
I0404 21:17:10.010344 139816147814144 logging_writer.py:48] [5500] global_step=5500, grad_norm=0.0970247, loss=3.62813
I0404 21:17:10.013612 139850754036928 submission.py:218] 5500) loss = 3.628, grad_norm = 0.097
I0404 21:20:23.530858 139816156206848 logging_writer.py:48] [6000] global_step=6000, grad_norm=0.10408, loss=3.54821
I0404 21:20:23.534171 139850754036928 submission.py:218] 6000) loss = 3.548, grad_norm = 0.104
I0404 21:23:37.048567 139816147814144 logging_writer.py:48] [6500] global_step=6500, grad_norm=0.0966851, loss=3.52493
I0404 21:23:37.051946 139850754036928 submission.py:218] 6500) loss = 3.525, grad_norm = 0.097
I0404 21:24:30.282135 139850754036928 spec.py:333] Evaluating on the training split.
I0404 21:24:47.707763 139850754036928 spec.py:346] Evaluating on the validation split.
I0404 21:27:32.569358 139850754036928 spec.py:363] Evaluating on the test split.
I0404 21:27:32.570085 139850754036928 submission_runner.py:516] Time since start: 3036.26s, 	Step: 6637, 	{'train/loss': 3.5141868591308594, 'train/ppl': 33.58860454945548, 'validation/loss': 3.508056640625, 'validation/ppl': 33.38332889940211, 'validation/num_examples': 100000, 'test/loss': 0.0, 'test/ppl': 1.0, 'test/num_examples': 0, 'score': 2626.600440979004, 'total_duration': 3036.2601506710052, 'accumulated_submission_time': 2626.600440979004, 'accumulated_eval_time': 404.90422010421753, 'accumulated_logging_time': 0.04260110855102539}
I0404 21:27:32.610684 139816156206848 logging_writer.py:48] [6637] accumulated_eval_time=404.904, accumulated_logging_time=0.0426011, accumulated_submission_time=2626.6, global_step=6637, preemption_count=0, score=2626.6, test/loss=0, test/num_examples=0, test/ppl=1, total_duration=3036.26, train/loss=3.51419, train/ppl=33.5886, validation/loss=3.50806, validation/num_examples=100000, validation/ppl=33.3833
I0404 21:29:54.376817 139816147814144 logging_writer.py:48] [7000] global_step=7000, grad_norm=0.0961472, loss=3.54973
I0404 21:29:54.379983 139850754036928 submission.py:218] 7000) loss = 3.550, grad_norm = 0.096
I0404 21:33:07.902215 139816156206848 logging_writer.py:48] [7500] global_step=7500, grad_norm=0.0966349, loss=3.47616
I0404 21:33:07.905590 139850754036928 submission.py:218] 7500) loss = 3.476, grad_norm = 0.097
I0404 21:36:21.409291 139816147814144 logging_writer.py:48] [8000] global_step=8000, grad_norm=0.0968083, loss=3.49367
I0404 21:36:21.412772 139850754036928 submission.py:218] 8000) loss = 3.494, grad_norm = 0.097
I0404 21:39:34.940355 139816156206848 logging_writer.py:48] [8500] global_step=8500, grad_norm=0.102074, loss=3.48497
I0404 21:39:34.943690 139850754036928 submission.py:218] 8500) loss = 3.485, grad_norm = 0.102
I0404 21:42:48.481030 139816147814144 logging_writer.py:48] [9000] global_step=9000, grad_norm=0.0996348, loss=3.45742
I0404 21:42:48.484502 139850754036928 submission.py:218] 9000) loss = 3.457, grad_norm = 0.100
I0404 21:46:02.004707 139816156206848 logging_writer.py:48] [9500] global_step=9500, grad_norm=0.0965337, loss=3.40151
I0404 21:46:02.007761 139850754036928 submission.py:218] 9500) loss = 3.402, grad_norm = 0.097
I0404 21:49:15.488688 139816147814144 logging_writer.py:48] [10000] global_step=10000, grad_norm=0.104568, loss=3.40457
I0404 21:49:15.491970 139850754036928 submission.py:218] 10000) loss = 3.405, grad_norm = 0.105
