torchrun --redirects 1:0,2:0,3:0 --standalone --nnodes=1 --nproc_per_node=4 submission_runner.py --framework=pytorch --workload=fastmri --submission_path=submissions_algorithms/submissions/self_tuning/ademamix_golden/submission.py --data_dir=/data/fastmri --experiment_dir=/experiment_runs --experiment_name=submissions_a100/ademamix_golden/study_0 --overwrite=True --save_checkpoints=False --rng_seed=-1941863332 --torch_compile=true --tuning_ruleset=self 2>&1 | tee -a /logs/fastmri_pytorch_09-16-2026-06-26-24.log
W0916 06:26:51.477000 9 site-packages/torch/distributed/run.py:803] 
W0916 06:26:51.477000 9 site-packages/torch/distributed/run.py:803] *****************************************
W0916 06:26:51.477000 9 site-packages/torch/distributed/run.py:803] Setting OMP_NUM_THREADS environment variable for each process to be 1 in default, to avoid your system being overloaded, please further tune the variable for optimal performance in your application as needed. 
W0916 06:26:51.477000 9 site-packages/torch/distributed/run.py:803] *****************************************
2026-09-16 06:27:06.937710: E external/local_xla/xla/stream_executor/cuda/cuda_fft.cc:467] Unable to register cuFFT factory: Attempting to register factory for plugin cuFFT when one has already been registered
2026-09-16 06:27:06.937700: E external/local_xla/xla/stream_executor/cuda/cuda_fft.cc:467] Unable to register cuFFT factory: Attempting to register factory for plugin cuFFT when one has already been registered
2026-09-16 06:27:06.937700: E external/local_xla/xla/stream_executor/cuda/cuda_fft.cc:467] Unable to register cuFFT factory: Attempting to register factory for plugin cuFFT when one has already been registered
2026-09-16 06:27:06.937700: E external/local_xla/xla/stream_executor/cuda/cuda_fft.cc:467] Unable to register cuFFT factory: Attempting to register factory for plugin cuFFT when one has already been registered
WARNING: All log messages before absl::InitializeLog() is called are written to STDERR
WARNING: All log messages before absl::InitializeLog() is called are written to STDERR
E0000 00:00:1789540027.591522      38 cuda_dnn.cc:8579] Unable to register cuDNN factory: Attempting to register factory for plugin cuDNN when one has already been registered
E0000 00:00:1789540027.591524      41 cuda_dnn.cc:8579] Unable to register cuDNN factory: Attempting to register factory for plugin cuDNN when one has already been registered
WARNING: All log messages before absl::InitializeLog() is called are written to STDERR
E0000 00:00:1789540027.591527      40 cuda_dnn.cc:8579] Unable to register cuDNN factory: Attempting to register factory for plugin cuDNN when one has already been registered
WARNING: All log messages before absl::InitializeLog() is called are written to STDERR
E0000 00:00:1789540027.591526      39 cuda_dnn.cc:8579] Unable to register cuDNN factory: Attempting to register factory for plugin cuDNN when one has already been registered
E0000 00:00:1789540027.652978      41 cuda_blas.cc:1407] Unable to register cuBLAS factory: Attempting to register factory for plugin cuBLAS when one has already been registered
E0000 00:00:1789540027.652987      40 cuda_blas.cc:1407] Unable to register cuBLAS factory: Attempting to register factory for plugin cuBLAS when one has already been registered
E0000 00:00:1789540027.652990      39 cuda_blas.cc:1407] Unable to register cuBLAS factory: Attempting to register factory for plugin cuBLAS when one has already been registered
E0000 00:00:1789540027.652996      38 cuda_blas.cc:1407] Unable to register cuBLAS factory: Attempting to register factory for plugin cuBLAS when one has already been registered
W0000 00:00:1789540029.205945      38 computation_placer.cc:177] computation placer already registered. Please check linkage and avoid linking the same target more than once.
W0000 00:00:1789540029.205937      39 computation_placer.cc:177] computation placer already registered. Please check linkage and avoid linking the same target more than once.
W0000 00:00:1789540029.205938      40 computation_placer.cc:177] computation placer already registered. Please check linkage and avoid linking the same target more than once.
W0000 00:00:1789540029.205938      41 computation_placer.cc:177] computation placer already registered. Please check linkage and avoid linking the same target more than once.
W0000 00:00:1789540029.205980      41 computation_placer.cc:177] computation placer already registered. Please check linkage and avoid linking the same target more than once.
W0000 00:00:1789540029.205980      39 computation_placer.cc:177] computation placer already registered. Please check linkage and avoid linking the same target more than once.
W0000 00:00:1789540029.205980      40 computation_placer.cc:177] computation placer already registered. Please check linkage and avoid linking the same target more than once.
W0000 00:00:1789540029.205982      38 computation_placer.cc:177] computation placer already registered. Please check linkage and avoid linking the same target more than once.
W0000 00:00:1789540029.205983      41 computation_placer.cc:177] computation placer already registered. Please check linkage and avoid linking the same target more than once.
W0000 00:00:1789540029.205984      39 computation_placer.cc:177] computation placer already registered. Please check linkage and avoid linking the same target more than once.
W0000 00:00:1789540029.205984      40 computation_placer.cc:177] computation placer already registered. Please check linkage and avoid linking the same target more than once.
W0000 00:00:1789540029.205985      38 computation_placer.cc:177] computation placer already registered. Please check linkage and avoid linking the same target more than once.
W0000 00:00:1789540029.205986      41 computation_placer.cc:177] computation placer already registered. Please check linkage and avoid linking the same target more than once.
W0000 00:00:1789540029.205986      39 computation_placer.cc:177] computation placer already registered. Please check linkage and avoid linking the same target more than once.
W0000 00:00:1789540029.205987      40 computation_placer.cc:177] computation placer already registered. Please check linkage and avoid linking the same target more than once.
W0000 00:00:1789540029.205987      38 computation_placer.cc:177] computation placer already registered. Please check linkage and avoid linking the same target more than once.
W0000 00:00:1789540059.416510      40 gpu_device.cc:2341] Cannot dlopen some GPU libraries. Please make sure the missing libraries mentioned above are installed properly if you would like to use GPU. Follow the guide at https://www.tensorflow.org/install/gpu for how to download and setup the required libraries for your platform.
Skipping registering GPU devices...
W0000 00:00:1789540059.741696      41 gpu_device.cc:2341] Cannot dlopen some GPU libraries. Please make sure the missing libraries mentioned above are installed properly if you would like to use GPU. Follow the guide at https://www.tensorflow.org/install/gpu for how to download and setup the required libraries for your platform.
Skipping registering GPU devices...
W0000 00:00:1789540059.774098      38 gpu_device.cc:2341] Cannot dlopen some GPU libraries. Please make sure the missing libraries mentioned above are installed properly if you would like to use GPU. Follow the guide at https://www.tensorflow.org/install/gpu for how to download and setup the required libraries for your platform.
Skipping registering GPU devices...
W0000 00:00:1789540059.784117      39 gpu_device.cc:2341] Cannot dlopen some GPU libraries. Please make sure the missing libraries mentioned above are installed properly if you would like to use GPU. Follow the guide at https://www.tensorflow.org/install/gpu for how to download and setup the required libraries for your platform.
Skipping registering GPU devices...
/usr/local/lib/python3.11/site-packages/torch/__init__.py:1617: UserWarning: Please use the new API settings to control TF32 behavior, such as torch.backends.cudnn.conv.fp32_precision = 'tf32' or torch.backends.cuda.matmul.fp32_precision = 'ieee'. Old settings, e.g, torch.backends.cuda.matmul.allow_tf32 = True, torch.backends.cudnn.allow_tf32 = True, allowTF32CuDNN() and allowTF32CuBLAS() will be deprecated after Pytorch 2.9. Please see https://pytorch.org/docs/main/notes/cuda.html#tensorfloat-32-tf32-on-ampere-and-later-devices (Triggered internally at /pytorch/aten/src/ATen/Context.cpp:80.)
  _C._set_float32_matmul_precision(precision)
/usr/local/lib/python3.11/site-packages/torch/__init__.py:1617: UserWarning: Please use the new API settings to control TF32 behavior, such as torch.backends.cudnn.conv.fp32_precision = 'tf32' or torch.backends.cuda.matmul.fp32_precision = 'ieee'. Old settings, e.g, torch.backends.cuda.matmul.allow_tf32 = True, torch.backends.cudnn.allow_tf32 = True, allowTF32CuDNN() and allowTF32CuBLAS() will be deprecated after Pytorch 2.9. Please see https://pytorch.org/docs/main/notes/cuda.html#tensorfloat-32-tf32-on-ampere-and-later-devices (Triggered internally at /pytorch/aten/src/ATen/Context.cpp:80.)
  _C._set_float32_matmul_precision(precision)
/usr/local/lib/python3.11/site-packages/torch/__init__.py:1617: UserWarning: Please use the new API settings to control TF32 behavior, such as torch.backends.cudnn.conv.fp32_precision = 'tf32' or torch.backends.cuda.matmul.fp32_precision = 'ieee'. Old settings, e.g, torch.backends.cuda.matmul.allow_tf32 = True, torch.backends.cudnn.allow_tf32 = True, allowTF32CuDNN() and allowTF32CuBLAS() will be deprecated after Pytorch 2.9. Please see https://pytorch.org/docs/main/notes/cuda.html#tensorfloat-32-tf32-on-ampere-and-later-devices (Triggered internally at /pytorch/aten/src/ATen/Context.cpp:80.)
  _C._set_float32_matmul_precision(precision)
/usr/local/lib/python3.11/site-packages/torch/__init__.py:1617: UserWarning: Please use the new API settings to control TF32 behavior, such as torch.backends.cudnn.conv.fp32_precision = 'tf32' or torch.backends.cuda.matmul.fp32_precision = 'ieee'. Old settings, e.g, torch.backends.cuda.matmul.allow_tf32 = True, torch.backends.cudnn.allow_tf32 = True, allowTF32CuDNN() and allowTF32CuBLAS() will be deprecated after Pytorch 2.9. Please see https://pytorch.org/docs/main/notes/cuda.html#tensorfloat-32-tf32-on-ampere-and-later-devices (Triggered internally at /pytorch/aten/src/ATen/Context.cpp:80.)
  _C._set_float32_matmul_precision(precision)
/usr/local/lib/python3.11/site-packages/pydantic/_internal/_generate_schema.py:2249: UnsupportedFieldAttributeWarning: The 'repr' attribute with value False was provided to the `Field()` function, which has no effect in the context it was used. 'repr' is field-specific metadata, and can only be attached to a model field using `Annotated` metadata or by assignment. This may have happened because an `Annotated` type alias using the `type` statement was used, or if the `Field()` function was attached to a single member of a union type.
  warnings.warn(
/usr/local/lib/python3.11/site-packages/pydantic/_internal/_generate_schema.py:2249: UnsupportedFieldAttributeWarning: The 'repr' attribute with value False was provided to the `Field()` function, which has no effect in the context it was used. 'repr' is field-specific metadata, and can only be attached to a model field using `Annotated` metadata or by assignment. This may have happened because an `Annotated` type alias using the `type` statement was used, or if the `Field()` function was attached to a single member of a union type.
  warnings.warn(
/usr/local/lib/python3.11/site-packages/pydantic/_internal/_generate_schema.py:2249: UnsupportedFieldAttributeWarning: The 'repr' attribute with value False was provided to the `Field()` function, which has no effect in the context it was used. 'repr' is field-specific metadata, and can only be attached to a model field using `Annotated` metadata or by assignment. This may have happened because an `Annotated` type alias using the `type` statement was used, or if the `Field()` function was attached to a single member of a union type.
  warnings.warn(
/usr/local/lib/python3.11/site-packages/pydantic/_internal/_generate_schema.py:2249: UnsupportedFieldAttributeWarning: The 'repr' attribute with value False was provided to the `Field()` function, which has no effect in the context it was used. 'repr' is field-specific metadata, and can only be attached to a model field using `Annotated` metadata or by assignment. This may have happened because an `Annotated` type alias using the `type` statement was used, or if the `Field()` function was attached to a single member of a union type.
  warnings.warn(
/usr/local/lib/python3.11/site-packages/pydantic/_internal/_generate_schema.py:2249: UnsupportedFieldAttributeWarning: The 'frozen' attribute with value True was provided to the `Field()` function, which has no effect in the context it was used. 'frozen' is field-specific metadata, and can only be attached to a model field using `Annotated` metadata or by assignment. This may have happened because an `Annotated` type alias using the `type` statement was used, or if the `Field()` function was attached to a single member of a union type.
  warnings.warn(
/usr/local/lib/python3.11/site-packages/pydantic/_internal/_generate_schema.py:2249: UnsupportedFieldAttributeWarning: The 'frozen' attribute with value True was provided to the `Field()` function, which has no effect in the context it was used. 'frozen' is field-specific metadata, and can only be attached to a model field using `Annotated` metadata or by assignment. This may have happened because an `Annotated` type alias using the `type` statement was used, or if the `Field()` function was attached to a single member of a union type.
  warnings.warn(
/usr/local/lib/python3.11/site-packages/pydantic/_internal/_generate_schema.py:2249: UnsupportedFieldAttributeWarning: The 'frozen' attribute with value True was provided to the `Field()` function, which has no effect in the context it was used. 'frozen' is field-specific metadata, and can only be attached to a model field using `Annotated` metadata or by assignment. This may have happened because an `Annotated` type alias using the `type` statement was used, or if the `Field()` function was attached to a single member of a union type.
  warnings.warn(
/usr/local/lib/python3.11/site-packages/pydantic/_internal/_generate_schema.py:2249: UnsupportedFieldAttributeWarning: The 'frozen' attribute with value True was provided to the `Field()` function, which has no effect in the context it was used. 'frozen' is field-specific metadata, and can only be attached to a model field using `Annotated` metadata or by assignment. This may have happened because an `Annotated` type alias using the `type` statement was used, or if the `Field()` function was attached to a single member of a union type.
  warnings.warn(
/usr/local/lib/python3.11/site-packages/torch/distributed/distributed_c10d.py:4876: UserWarning: barrier(): using the device under current context. You can specify `device_id` in `init_process_group` to mute this warning.
  warnings.warn(  # warn only once
[rank0]:[W916 06:27:58.965212225 ProcessGroupNCCL.cpp:5068] Guessing device ID based on global rank. This can cause a hang if rank to GPU mapping is heterogeneous. You can specify device_id in init_process_group()
I0916 06:28:01.072130 140634721277120 logger_utils.py:84] Creating experiment directory at /experiment_runs/submissions_a100/ademamix_golden/study_0/fastmri_pytorch.
I0916 06:28:01.072131 139790582932672 logger_utils.py:84] Creating experiment directory at /experiment_runs/submissions_a100/ademamix_golden/study_0/fastmri_pytorch.
I0916 06:28:01.072131 140405265020096 logger_utils.py:84] Creating experiment directory at /experiment_runs/submissions_a100/ademamix_golden/study_0/fastmri_pytorch.
I0916 06:28:01.072153 140525531075776 logger_utils.py:84] Creating experiment directory at /experiment_runs/submissions_a100/ademamix_golden/study_0/fastmri_pytorch.
I0916 06:28:01.287281 140525531075776 submission_runner.py:741] Creating directory at /experiment_runs/submissions_a100/ademamix_golden/study_0/fastmri_pytorch/trial_1.
I0916 06:28:01.606939 140525531075776 submission_runner.py:242] Initializing dataset.
I0916 06:28:01.607111 140525531075776 submission_runner.py:251] Initializing model.
I0916 06:28:02.551614 140525531075776 submission_runner.py:290] Performing `torch.compile`.
I0916 06:28:06.727437 140525531075776 submission_runner.py:294] Initializing optimizer.
I0916 06:28:06.728096 140525531075776 submission_runner.py:299] Initializing metrics bundle.
I0916 06:28:06.728256 140525531075776 submission_runner.py:321] Initializing checkpoint and logger.
I0916 06:28:06.730078 140525531075776 submission_runner.py:344] Saving meta data to /experiment_runs/submissions_a100/ademamix_golden/study_0/fastmri_pytorch/trial_1/meta_data_0.json.
I0916 06:28:06.730144 140405265020096 logger_utils.py:283] Unable to record workload.train_mean information. Continuing without it.
I0916 06:28:06.730146 140634721277120 logger_utils.py:283] Unable to record workload.train_mean information. Continuing without it.
I0916 06:28:06.730160 139790582932672 logger_utils.py:283] Unable to record workload.train_mean information. Continuing without it.
I0916 06:28:06.730271 140525531075776 logger_utils.py:283] Unable to record workload.train_mean information. Continuing without it.
I0916 06:28:06.730307 140634721277120 logger_utils.py:283] Unable to record workload.train_stddev information. Continuing without it.
I0916 06:28:06.730308 140405265020096 logger_utils.py:283] Unable to record workload.train_stddev information. Continuing without it.
I0916 06:28:06.730326 140525531075776 logger_utils.py:283] Unable to record workload.train_stddev information. Continuing without it.
I0916 06:28:06.730320 139790582932672 logger_utils.py:283] Unable to record workload.train_stddev information. Continuing without it.
I0916 06:28:07.201400 140525531075776 submission_runner.py:348] Saving flags to /experiment_runs/submissions_a100/ademamix_golden/study_0/fastmri_pytorch/trial_1/flags_0.json.
I0916 06:28:07.330509 140525531075776 submission_runner.py:359] Starting training loop.
[rank1]:W0916 06:28:07.492000 39 site-packages/torch/_logging/_internal.py:1199] [0/0] Profiler function <class 'torch.autograd.profiler.record_function'> will be ignored
[rank2]:W0916 06:28:07.492000 40 site-packages/torch/_logging/_internal.py:1199] [0/0] Profiler function <class 'torch.autograd.profiler.record_function'> will be ignored
[rank3]:W0916 06:28:07.492000 41 site-packages/torch/_logging/_internal.py:1199] [0/0] Profiler function <class 'torch.autograd.profiler.record_function'> will be ignored
WARNING:tensorflow:AutoGraph could not transform <function array at 0x7fce93f8c0e0> and will run it as-is.
Please report this to the TensorFlow team. When filing the bug, set the verbosity to 10 (on Linux, `export AUTOGRAPH_VERBOSITY=10`) and attach the full output.
Cause: (<gast.gast.NamedExpr object at 0x7fcbfc5f0ee0>, (leaf_jax_array := getattr(leaf, '__jax_array__', None)))
To silence this warning, decorate the function with @tf.autograph.experimental.do_not_convert
W0916 06:28:09.586269 140525531075776 ag_logging.py:142] AutoGraph could not transform <function array at 0x7fce93f8c0e0> and will run it as-is.
Please report this to the TensorFlow team. When filing the bug, set the verbosity to 10 (on Linux, `export AUTOGRAPH_VERBOSITY=10`) and attach the full output.
Cause: (<gast.gast.NamedExpr object at 0x7fcbfc5f0ee0>, (leaf_jax_array := getattr(leaf, '__jax_array__', None)))
To silence this warning, decorate the function with @tf.autograph.experimental.do_not_convert
WARNING:tensorflow:AutoGraph could not transform <function standard_insert_pvary at 0x7fce94c1cd60> and will run it as-is.
Please report this to the TensorFlow team. When filing the bug, set the verbosity to 10 (on Linux, `export AUTOGRAPH_VERBOSITY=10`) and attach the full output.
Cause: (<gast.gast.NamedExpr object at 0x7fcbfc5f1990>, (aval := get_aval(a)))
To silence this warning, decorate the function with @tf.autograph.experimental.do_not_convert
W0916 06:28:13.239888 140525531075776 ag_logging.py:142] AutoGraph could not transform <function standard_insert_pvary at 0x7fce94c1cd60> and will run it as-is.
Please report this to the TensorFlow team. When filing the bug, set the verbosity to 10 (on Linux, `export AUTOGRAPH_VERBOSITY=10`) and attach the full output.
Cause: (<gast.gast.NamedExpr object at 0x7fcbfc5f1990>, (aval := get_aval(a)))
To silence this warning, decorate the function with @tf.autograph.experimental.do_not_convert
[rank0]:W0916 06:31:41.410000 38 site-packages/torch/_logging/_internal.py:1199] [0/0] Profiler function <class 'torch.autograd.profiler.record_function'> will be ignored
I0916 06:32:57.396421 140492246923008 logging_writer.py:48] [0] global_step=0, grad_norm=0.5, loss=1.10816
I0916 06:32:57.630623 140525531075776 submission.py:307] 0) loss = 1.108, grad_norm = 0.500
I0916 06:32:58.267759 140525531075776 spec.py:333] Evaluating on the training split.
[rank1]:W0916 06:36:06.913000 39 site-packages/torch/_dynamo/convert_frame.py:1358] [5/8] torch._dynamo hit config.recompile_limit (8)
[rank1]:W0916 06:36:06.913000 39 site-packages/torch/_dynamo/convert_frame.py:1358] [5/8]    function: 'forward' (/algorithmic-efficiency/algoperf/workloads/fastmri/fastmri_pytorch/models.py:139)
[rank1]:W0916 06:36:06.913000 39 site-packages/torch/_dynamo/convert_frame.py:1358] [5/8]    last reason: 5/7: GLOBAL_STATE changed: grad_mode 
[rank1]:W0916 06:36:06.913000 39 site-packages/torch/_dynamo/convert_frame.py:1358] [5/8] To log all recompilation reasons, use TORCH_LOGS="recompiles".
[rank1]:W0916 06:36:06.913000 39 site-packages/torch/_dynamo/convert_frame.py:1358] [5/8] To diagnose recompilation issues, see https://pytorch.org/docs/main/torch.compiler_troubleshooting.html
[rank0]:W0916 06:36:06.915000 38 site-packages/torch/_dynamo/convert_frame.py:1358] [5/8] torch._dynamo hit config.recompile_limit (8)
[rank0]:W0916 06:36:06.915000 38 site-packages/torch/_dynamo/convert_frame.py:1358] [5/8]    function: 'forward' (/algorithmic-efficiency/algoperf/workloads/fastmri/fastmri_pytorch/models.py:139)
[rank0]:W0916 06:36:06.915000 38 site-packages/torch/_dynamo/convert_frame.py:1358] [5/8]    last reason: 5/7: GLOBAL_STATE changed: grad_mode 
[rank0]:W0916 06:36:06.915000 38 site-packages/torch/_dynamo/convert_frame.py:1358] [5/8] To log all recompilation reasons, use TORCH_LOGS="recompiles".
[rank0]:W0916 06:36:06.915000 38 site-packages/torch/_dynamo/convert_frame.py:1358] [5/8] To diagnose recompilation issues, see https://pytorch.org/docs/main/torch.compiler_troubleshooting.html
[rank2]:W0916 06:36:06.918000 40 site-packages/torch/_dynamo/convert_frame.py:1358] [5/8] torch._dynamo hit config.recompile_limit (8)
[rank2]:W0916 06:36:06.918000 40 site-packages/torch/_dynamo/convert_frame.py:1358] [5/8]    function: 'forward' (/algorithmic-efficiency/algoperf/workloads/fastmri/fastmri_pytorch/models.py:139)
[rank2]:W0916 06:36:06.918000 40 site-packages/torch/_dynamo/convert_frame.py:1358] [5/8]    last reason: 5/7: GLOBAL_STATE changed: grad_mode 
[rank2]:W0916 06:36:06.918000 40 site-packages/torch/_dynamo/convert_frame.py:1358] [5/8] To log all recompilation reasons, use TORCH_LOGS="recompiles".
[rank2]:W0916 06:36:06.918000 40 site-packages/torch/_dynamo/convert_frame.py:1358] [5/8] To diagnose recompilation issues, see https://pytorch.org/docs/main/torch.compiler_troubleshooting.html
[rank3]:W0916 06:36:06.920000 41 site-packages/torch/_dynamo/convert_frame.py:1358] [5/8] torch._dynamo hit config.recompile_limit (8)
[rank3]:W0916 06:36:06.920000 41 site-packages/torch/_dynamo/convert_frame.py:1358] [5/8]    function: 'forward' (/algorithmic-efficiency/algoperf/workloads/fastmri/fastmri_pytorch/models.py:139)
[rank3]:W0916 06:36:06.920000 41 site-packages/torch/_dynamo/convert_frame.py:1358] [5/8]    last reason: 5/7: GLOBAL_STATE changed: grad_mode 
[rank3]:W0916 06:36:06.920000 41 site-packages/torch/_dynamo/convert_frame.py:1358] [5/8] To log all recompilation reasons, use TORCH_LOGS="recompiles".
[rank3]:W0916 06:36:06.920000 41 site-packages/torch/_dynamo/convert_frame.py:1358] [5/8] To diagnose recompilation issues, see https://pytorch.org/docs/main/torch.compiler_troubleshooting.html
I0916 06:39:09.033555 140525531075776 spec.py:346] Evaluating on the validation split.
I0916 06:42:37.047281 140525531075776 spec.py:363] Evaluating on the test split.
I0916 06:46:07.680898 140525531075776 submission_runner.py:516] Time since start: 1080.35s, 	Step: 1, 	{'train/ssim': 0.2339261770248413, 'train/loss': 1.0799249921526228, 'validation/ssim': 0.2287525355178584, 'validation/loss': 1.0797452309457654, 'validation/num_examples': 3554, 'test/ssim': 0.25148652392837195, 'test/loss': 1.076364542245532, 'test/num_examples': 3581, 'score': 290.30148816108704, 'total_duration': 1080.350521326065, 'accumulated_submission_time': 290.30148816108704, 'accumulated_eval_time': 789.4131972789764, 'accumulated_logging_time': 0}
I0916 06:46:07.717592 140450009945856 logging_writer.py:48] [1] accumulated_eval_time=789.413, accumulated_logging_time=0, accumulated_submission_time=290.301, global_step=1, preemption_count=0, score=290.301, test/loss=1.07636, test/num_examples=3581, test/ssim=0.251487, total_duration=1080.35, train/loss=1.07992, train/ssim=0.233926, validation/loss=1.07975, validation/num_examples=3554, validation/ssim=0.228753
I0916 06:46:08.440222 140450001553152 logging_writer.py:48] [1] global_step=1, grad_norm=0.5, loss=1.0786
I0916 06:46:08.444185 140525531075776 submission.py:307] 1) loss = 1.079, grad_norm = 0.500
I0916 06:46:08.538552 140450009945856 logging_writer.py:48] [2] global_step=2, grad_norm=0.5, loss=1.17688
I0916 06:46:08.542256 140525531075776 submission.py:307] 2) loss = 1.177, grad_norm = 0.500
I0916 06:46:08.633211 140450001553152 logging_writer.py:48] [3] global_step=3, grad_norm=0.5, loss=1.12993
I0916 06:46:08.637100 140525531075776 submission.py:307] 3) loss = 1.130, grad_norm = 0.500
I0916 06:46:08.731543 140450009945856 logging_writer.py:48] [4] global_step=4, grad_norm=0.5, loss=1.04344
I0916 06:46:08.736630 140525531075776 submission.py:307] 4) loss = 1.043, grad_norm = 0.500
I0916 06:46:08.826524 140450001553152 logging_writer.py:48] [5] global_step=5, grad_norm=0.5, loss=1.06463
I0916 06:46:08.830217 140525531075776 submission.py:307] 5) loss = 1.065, grad_norm = 0.500
I0916 06:46:08.920998 140450009945856 logging_writer.py:48] [6] global_step=6, grad_norm=0.5, loss=1.02322
I0916 06:46:08.925101 140525531075776 submission.py:307] 6) loss = 1.023, grad_norm = 0.500
I0916 06:46:09.017832 140450001553152 logging_writer.py:48] [7] global_step=7, grad_norm=0.5, loss=1.01679
I0916 06:46:09.021719 140525531075776 submission.py:307] 7) loss = 1.017, grad_norm = 0.500
I0916 06:46:09.102620 140450009945856 logging_writer.py:48] [8] global_step=8, grad_norm=0.5, loss=1.04147
I0916 06:46:09.106543 140525531075776 submission.py:307] 8) loss = 1.041, grad_norm = 0.500
I0916 06:46:09.199265 140450001553152 logging_writer.py:48] [9] global_step=9, grad_norm=0.5, loss=1.06425
I0916 06:46:09.203480 140525531075776 submission.py:307] 9) loss = 1.064, grad_norm = 0.500
I0916 06:46:09.284193 140450009945856 logging_writer.py:48] [10] global_step=10, grad_norm=0.5, loss=1.0823
I0916 06:46:09.287798 140525531075776 submission.py:307] 10) loss = 1.082, grad_norm = 0.500
I0916 06:46:09.373431 140450001553152 logging_writer.py:48] [11] global_step=11, grad_norm=0.5, loss=1.00249
I0916 06:46:09.378360 140525531075776 submission.py:307] 11) loss = 1.002, grad_norm = 0.500
I0916 06:46:09.460775 140450009945856 logging_writer.py:48] [12] global_step=12, grad_norm=0.5, loss=0.971304
I0916 06:46:09.465886 140525531075776 submission.py:307] 12) loss = 0.971, grad_norm = 0.500
I0916 06:46:09.545294 140450001553152 logging_writer.py:48] [13] global_step=13, grad_norm=0.5, loss=0.996273
I0916 06:46:09.549036 140525531075776 submission.py:307] 13) loss = 0.996, grad_norm = 0.500
I0916 06:46:09.632133 140450009945856 logging_writer.py:48] [14] global_step=14, grad_norm=0.5, loss=0.908595
I0916 06:46:09.636375 140525531075776 submission.py:307] 14) loss = 0.909, grad_norm = 0.500
I0916 06:46:09.717922 140450001553152 logging_writer.py:48] [15] global_step=15, grad_norm=0.5, loss=0.948871
I0916 06:46:09.723777 140525531075776 submission.py:307] 15) loss = 0.949, grad_norm = 0.500
I0916 06:46:09.803473 140450009945856 logging_writer.py:48] [16] global_step=16, grad_norm=0.5, loss=0.873616
I0916 06:46:09.808469 140525531075776 submission.py:307] 16) loss = 0.874, grad_norm = 0.500
I0916 06:46:09.893297 140450001553152 logging_writer.py:48] [17] global_step=17, grad_norm=0.5, loss=0.820508
I0916 06:46:09.897098 140525531075776 submission.py:307] 17) loss = 0.821, grad_norm = 0.500
I0916 06:46:09.974909 140450009945856 logging_writer.py:48] [18] global_step=18, grad_norm=0.5, loss=0.833346
I0916 06:46:09.979517 140525531075776 submission.py:307] 18) loss = 0.833, grad_norm = 0.500
I0916 06:46:10.065057 140450001553152 logging_writer.py:48] [19] global_step=19, grad_norm=0.5, loss=0.806311
I0916 06:46:10.069306 140525531075776 submission.py:307] 19) loss = 0.806, grad_norm = 0.500
I0916 06:46:10.147154 140450009945856 logging_writer.py:48] [20] global_step=20, grad_norm=0.5, loss=0.707922
I0916 06:46:10.151087 140525531075776 submission.py:307] 20) loss = 0.708, grad_norm = 0.500
I0916 06:46:10.239562 140450001553152 logging_writer.py:48] [21] global_step=21, grad_norm=0.5, loss=0.772723
I0916 06:46:10.243444 140525531075776 submission.py:307] 21) loss = 0.773, grad_norm = 0.500
I0916 06:46:10.324176 140450009945856 logging_writer.py:48] [22] global_step=22, grad_norm=0.5, loss=0.738027
I0916 06:46:10.328062 140525531075776 submission.py:307] 22) loss = 0.738, grad_norm = 0.500
I0916 06:46:10.413615 140450001553152 logging_writer.py:48] [23] global_step=23, grad_norm=0.5, loss=0.730492
I0916 06:46:10.417997 140525531075776 submission.py:307] 23) loss = 0.730, grad_norm = 0.500
I0916 06:46:10.500589 140450009945856 logging_writer.py:48] [24] global_step=24, grad_norm=0.5, loss=0.674925
I0916 06:46:10.507331 140525531075776 submission.py:307] 24) loss = 0.675, grad_norm = 0.500
I0916 06:46:10.584355 140450001553152 logging_writer.py:48] [25] global_step=25, grad_norm=0.5, loss=0.716002
I0916 06:46:10.589589 140525531075776 submission.py:307] 25) loss = 0.716, grad_norm = 0.500
I0916 06:46:10.673144 140450009945856 logging_writer.py:48] [26] global_step=26, grad_norm=0.5, loss=0.638053
I0916 06:46:10.678913 140525531075776 submission.py:307] 26) loss = 0.638, grad_norm = 0.500
I0916 06:46:10.762674 140450001553152 logging_writer.py:48] [27] global_step=27, grad_norm=0.5, loss=0.554656
I0916 06:46:10.766727 140525531075776 submission.py:307] 27) loss = 0.555, grad_norm = 0.500
I0916 06:46:10.846287 140450009945856 logging_writer.py:48] [28] global_step=28, grad_norm=0.5, loss=0.549669
I0916 06:46:10.850759 140525531075776 submission.py:307] 28) loss = 0.550, grad_norm = 0.500
I0916 06:46:10.933372 140450001553152 logging_writer.py:48] [29] global_step=29, grad_norm=0.5, loss=0.561574
I0916 06:46:10.937592 140525531075776 submission.py:307] 29) loss = 0.562, grad_norm = 0.500
I0916 06:46:11.020172 140450009945856 logging_writer.py:48] [30] global_step=30, grad_norm=0.5, loss=0.643226
I0916 06:46:11.023864 140525531075776 submission.py:307] 30) loss = 0.643, grad_norm = 0.500
I0916 06:46:11.103633 140450001553152 logging_writer.py:48] [31] global_step=31, grad_norm=0.5, loss=0.497802
I0916 06:46:11.108226 140525531075776 submission.py:307] 31) loss = 0.498, grad_norm = 0.500
I0916 06:46:11.182636 140450009945856 logging_writer.py:48] [32] global_step=32, grad_norm=0.5, loss=0.537321
I0916 06:46:11.189140 140525531075776 submission.py:307] 32) loss = 0.537, grad_norm = 0.500
I0916 06:46:11.270085 140450001553152 logging_writer.py:48] [33] global_step=33, grad_norm=0.5, loss=0.525104
I0916 06:46:11.274191 140525531075776 submission.py:307] 33) loss = 0.525, grad_norm = 0.500
I0916 06:46:11.356357 140450009945856 logging_writer.py:48] [34] global_step=34, grad_norm=0.5, loss=0.480024
I0916 06:46:11.362106 140525531075776 submission.py:307] 34) loss = 0.480, grad_norm = 0.500
I0916 06:46:11.447499 140450001553152 logging_writer.py:48] [35] global_step=35, grad_norm=0.5, loss=0.572586
I0916 06:46:11.453181 140525531075776 submission.py:307] 35) loss = 0.573, grad_norm = 0.500
I0916 06:46:11.522040 140450009945856 logging_writer.py:48] [36] global_step=36, grad_norm=0.5, loss=0.527868
I0916 06:46:11.527314 140525531075776 submission.py:307] 36) loss = 0.528, grad_norm = 0.500
I0916 06:46:11.613913 140450001553152 logging_writer.py:48] [37] global_step=37, grad_norm=0.5, loss=0.469718
I0916 06:46:11.618791 140525531075776 submission.py:307] 37) loss = 0.470, grad_norm = 0.500
I0916 06:46:11.696048 140450009945856 logging_writer.py:48] [38] global_step=38, grad_norm=0.5, loss=0.498505
I0916 06:46:11.700284 140525531075776 submission.py:307] 38) loss = 0.499, grad_norm = 0.500
I0916 06:46:11.786045 140450001553152 logging_writer.py:48] [39] global_step=39, grad_norm=0.499999, loss=0.424471
I0916 06:46:11.790558 140525531075776 submission.py:307] 39) loss = 0.424, grad_norm = 0.500
I0916 06:46:11.870719 140450009945856 logging_writer.py:48] [40] global_step=40, grad_norm=0.5, loss=0.506394
I0916 06:46:11.874262 140525531075776 submission.py:307] 40) loss = 0.506, grad_norm = 0.500
I0916 06:46:11.953790 140450001553152 logging_writer.py:48] [41] global_step=41, grad_norm=0.499999, loss=0.459761
I0916 06:46:11.958085 140525531075776 submission.py:307] 41) loss = 0.460, grad_norm = 0.500
I0916 06:46:12.045605 140450009945856 logging_writer.py:48] [42] global_step=42, grad_norm=0.499999, loss=0.454907
I0916 06:46:12.051559 140525531075776 submission.py:307] 42) loss = 0.455, grad_norm = 0.500
I0916 06:46:12.126114 140450001553152 logging_writer.py:48] [43] global_step=43, grad_norm=0.499999, loss=0.422366
I0916 06:46:12.129864 140525531075776 submission.py:307] 43) loss = 0.422, grad_norm = 0.500
I0916 06:46:12.215598 140450009945856 logging_writer.py:48] [44] global_step=44, grad_norm=0.499999, loss=0.493912
I0916 06:46:12.219687 140525531075776 submission.py:307] 44) loss = 0.494, grad_norm = 0.500
I0916 06:46:12.294485 140450001553152 logging_writer.py:48] [45] global_step=45, grad_norm=0.499999, loss=0.413667
I0916 06:46:12.298588 140525531075776 submission.py:307] 45) loss = 0.414, grad_norm = 0.500
I0916 06:46:12.377582 140450009945856 logging_writer.py:48] [46] global_step=46, grad_norm=0.499999, loss=0.404987
I0916 06:46:12.382423 140525531075776 submission.py:307] 46) loss = 0.405, grad_norm = 0.500
I0916 06:46:12.464613 140450001553152 logging_writer.py:48] [47] global_step=47, grad_norm=0.499999, loss=0.375358
I0916 06:46:12.468562 140525531075776 submission.py:307] 47) loss = 0.375, grad_norm = 0.500
I0916 06:46:12.543963 140450009945856 logging_writer.py:48] [48] global_step=48, grad_norm=0.499999, loss=0.376415
I0916 06:46:12.549950 140525531075776 submission.py:307] 48) loss = 0.376, grad_norm = 0.500
I0916 06:46:12.629243 140450001553152 logging_writer.py:48] [49] global_step=49, grad_norm=0.499999, loss=0.347893
I0916 06:46:12.634332 140525531075776 submission.py:307] 49) loss = 0.348, grad_norm = 0.500
I0916 06:46:12.971113 140450009945856 logging_writer.py:48] [50] global_step=50, grad_norm=0.499999, loss=0.343566
I0916 06:46:12.976678 140525531075776 submission.py:307] 50) loss = 0.344, grad_norm = 0.500
I0916 06:46:13.368869 140450001553152 logging_writer.py:48] [51] global_step=51, grad_norm=0.499999, loss=0.420119
I0916 06:46:13.372614 140525531075776 submission.py:307] 51) loss = 0.420, grad_norm = 0.500
I0916 06:46:13.592839 140450009945856 logging_writer.py:48] [52] global_step=52, grad_norm=0.473414, loss=0.389686
I0916 06:46:13.597170 140525531075776 submission.py:307] 52) loss = 0.390, grad_norm = 0.473
I0916 06:46:13.716683 140450001553152 logging_writer.py:48] [53] global_step=53, grad_norm=0.478594, loss=0.430258
I0916 06:46:13.720841 140525531075776 submission.py:307] 53) loss = 0.430, grad_norm = 0.479
I0916 06:46:13.831526 140450009945856 logging_writer.py:48] [54] global_step=54, grad_norm=0.469902, loss=0.478319
I0916 06:46:13.839992 140525531075776 submission.py:307] 54) loss = 0.478, grad_norm = 0.470
I0916 06:46:14.013962 140450001553152 logging_writer.py:48] [55] global_step=55, grad_norm=0.356532, loss=0.327923
I0916 06:46:14.017769 140525531075776 submission.py:307] 55) loss = 0.328, grad_norm = 0.357
I0916 06:46:14.315510 140450009945856 logging_writer.py:48] [56] global_step=56, grad_norm=0.345777, loss=0.363484
I0916 06:46:14.319427 140525531075776 submission.py:307] 56) loss = 0.363, grad_norm = 0.346
I0916 06:46:14.504030 140450001553152 logging_writer.py:48] [57] global_step=57, grad_norm=0.331312, loss=0.35091
I0916 06:46:14.509005 140525531075776 submission.py:307] 57) loss = 0.351, grad_norm = 0.331
I0916 06:46:14.754454 140450009945856 logging_writer.py:48] [58] global_step=58, grad_norm=0.337904, loss=0.370225
I0916 06:46:14.760209 140525531075776 submission.py:307] 58) loss = 0.370, grad_norm = 0.338
I0916 06:46:14.902322 140450001553152 logging_writer.py:48] [59] global_step=59, grad_norm=0.310824, loss=0.496749
I0916 06:46:14.906885 140525531075776 submission.py:307] 59) loss = 0.497, grad_norm = 0.311
I0916 06:46:15.011238 140450009945856 logging_writer.py:48] [60] global_step=60, grad_norm=0.240517, loss=0.290525
I0916 06:46:15.016407 140525531075776 submission.py:307] 60) loss = 0.291, grad_norm = 0.241
I0916 06:46:15.108644 140450001553152 logging_writer.py:48] [61] global_step=61, grad_norm=0.25224, loss=0.420208
I0916 06:46:15.112976 140525531075776 submission.py:307] 61) loss = 0.420, grad_norm = 0.252
I0916 06:46:15.215062 140450009945856 logging_writer.py:48] [62] global_step=62, grad_norm=0.235797, loss=0.369462
I0916 06:46:15.220059 140525531075776 submission.py:307] 62) loss = 0.369, grad_norm = 0.236
I0916 06:46:15.322100 140450001553152 logging_writer.py:48] [63] global_step=63, grad_norm=0.499999, loss=0.291197
I0916 06:46:15.329928 140525531075776 submission.py:307] 63) loss = 0.291, grad_norm = 0.500
I0916 06:46:15.416347 140450009945856 logging_writer.py:48] [64] global_step=64, grad_norm=0.320932, loss=0.392183
I0916 06:46:15.420338 140525531075776 submission.py:307] 64) loss = 0.392, grad_norm = 0.321
I0916 06:46:15.505845 140450001553152 logging_writer.py:48] [65] global_step=65, grad_norm=0.350159, loss=0.389636
I0916 06:46:15.511621 140525531075776 submission.py:307] 65) loss = 0.390, grad_norm = 0.350
I0916 06:46:15.589250 140450009945856 logging_writer.py:48] [66] global_step=66, grad_norm=0.288735, loss=0.314207
I0916 06:46:15.593448 140525531075776 submission.py:307] 66) loss = 0.314, grad_norm = 0.289
I0916 06:46:15.668750 140450001553152 logging_writer.py:48] [67] global_step=67, grad_norm=0.255971, loss=0.3353
I0916 06:46:15.674322 140525531075776 submission.py:307] 67) loss = 0.335, grad_norm = 0.256
I0916 06:46:15.791290 140450009945856 logging_writer.py:48] [68] global_step=68, grad_norm=0.266288, loss=0.330366
I0916 06:46:15.795655 140525531075776 submission.py:307] 68) loss = 0.330, grad_norm = 0.266
I0916 06:46:15.964394 140450001553152 logging_writer.py:48] [69] global_step=69, grad_norm=0.264428, loss=0.320592
I0916 06:46:15.968845 140525531075776 submission.py:307] 69) loss = 0.321, grad_norm = 0.264
I0916 06:46:16.119856 140450009945856 logging_writer.py:48] [70] global_step=70, grad_norm=0.181992, loss=0.495692
I0916 06:46:16.123859 140525531075776 submission.py:307] 70) loss = 0.496, grad_norm = 0.182
I0916 06:46:16.325302 140450001553152 logging_writer.py:48] [71] global_step=71, grad_norm=0.231637, loss=0.314661
I0916 06:46:16.329683 140525531075776 submission.py:307] 71) loss = 0.315, grad_norm = 0.232
I0916 06:46:16.475758 140450009945856 logging_writer.py:48] [72] global_step=72, grad_norm=0.144998, loss=0.332344
I0916 06:46:16.480880 140525531075776 submission.py:307] 72) loss = 0.332, grad_norm = 0.145
I0916 06:46:16.632530 140450001553152 logging_writer.py:48] [73] global_step=73, grad_norm=0.214117, loss=0.350018
I0916 06:46:16.638595 140525531075776 submission.py:307] 73) loss = 0.350, grad_norm = 0.214
I0916 06:46:16.760870 140450009945856 logging_writer.py:48] [74] global_step=74, grad_norm=0.206912, loss=0.368474
I0916 06:46:16.765424 140525531075776 submission.py:307] 74) loss = 0.368, grad_norm = 0.207
I0916 06:46:16.916732 140450001553152 logging_writer.py:48] [75] global_step=75, grad_norm=0.218166, loss=0.355828
I0916 06:46:16.920848 140525531075776 submission.py:307] 75) loss = 0.356, grad_norm = 0.218
I0916 06:46:17.084865 140450009945856 logging_writer.py:48] [76] global_step=76, grad_norm=0.320186, loss=0.341377
I0916 06:46:17.089233 140525531075776 submission.py:307] 76) loss = 0.341, grad_norm = 0.320
I0916 06:46:17.231477 140450001553152 logging_writer.py:48] [77] global_step=77, grad_norm=0.298341, loss=0.312377
I0916 06:46:17.236660 140525531075776 submission.py:307] 77) loss = 0.312, grad_norm = 0.298
I0916 06:46:17.343816 140450009945856 logging_writer.py:48] [78] global_step=78, grad_norm=0.166851, loss=0.324523
I0916 06:46:17.348233 140525531075776 submission.py:307] 78) loss = 0.325, grad_norm = 0.167
I0916 06:46:17.460103 140450001553152 logging_writer.py:48] [79] global_step=79, grad_norm=0.298017, loss=0.443312
I0916 06:46:17.464163 140525531075776 submission.py:307] 79) loss = 0.443, grad_norm = 0.298
I0916 06:46:17.692527 140450009945856 logging_writer.py:48] [80] global_step=80, grad_norm=0.230228, loss=0.324792
I0916 06:46:17.697404 140525531075776 submission.py:307] 80) loss = 0.325, grad_norm = 0.230
I0916 06:46:17.899176 140450001553152 logging_writer.py:48] [81] global_step=81, grad_norm=0.248092, loss=0.283758
I0916 06:46:17.904194 140525531075776 submission.py:307] 81) loss = 0.284, grad_norm = 0.248
I0916 06:46:18.062992 140450009945856 logging_writer.py:48] [82] global_step=82, grad_norm=0.218687, loss=0.493305
I0916 06:46:18.067001 140525531075776 submission.py:307] 82) loss = 0.493, grad_norm = 0.219
I0916 06:46:18.304527 140450001553152 logging_writer.py:48] [83] global_step=83, grad_norm=0.18347, loss=0.405487
I0916 06:46:18.309804 140525531075776 submission.py:307] 83) loss = 0.405, grad_norm = 0.183
I0916 06:46:18.693203 140450009945856 logging_writer.py:48] [84] global_step=84, grad_norm=0.30866, loss=0.323085
I0916 06:46:18.697350 140525531075776 submission.py:307] 84) loss = 0.323, grad_norm = 0.309
I0916 06:46:18.916904 140450001553152 logging_writer.py:48] [85] global_step=85, grad_norm=0.213958, loss=0.339333
I0916 06:46:18.921132 140525531075776 submission.py:307] 85) loss = 0.339, grad_norm = 0.214
I0916 06:46:19.155865 140450009945856 logging_writer.py:48] [86] global_step=86, grad_norm=0.272619, loss=0.345292
I0916 06:46:19.161127 140525531075776 submission.py:307] 86) loss = 0.345, grad_norm = 0.273
I0916 06:46:19.304324 140450001553152 logging_writer.py:48] [87] global_step=87, grad_norm=0.292895, loss=0.378356
I0916 06:46:19.308144 140525531075776 submission.py:307] 87) loss = 0.378, grad_norm = 0.293
I0916 06:46:19.423455 140450009945856 logging_writer.py:48] [88] global_step=88, grad_norm=0.252451, loss=0.391686
I0916 06:46:19.428899 140525531075776 submission.py:307] 88) loss = 0.392, grad_norm = 0.252
I0916 06:46:19.594177 140450001553152 logging_writer.py:48] [89] global_step=89, grad_norm=0.25316, loss=0.372057
I0916 06:46:19.598295 140525531075776 submission.py:307] 89) loss = 0.372, grad_norm = 0.253
I0916 06:46:19.790220 140450009945856 logging_writer.py:48] [90] global_step=90, grad_norm=0.300363, loss=0.309762
I0916 06:46:19.797403 140525531075776 submission.py:307] 90) loss = 0.310, grad_norm = 0.300
I0916 06:46:19.949862 140450001553152 logging_writer.py:48] [91] global_step=91, grad_norm=0.170716, loss=0.355084
I0916 06:46:19.954047 140525531075776 submission.py:307] 91) loss = 0.355, grad_norm = 0.171
I0916 06:46:20.145418 140450009945856 logging_writer.py:48] [92] global_step=92, grad_norm=0.303096, loss=0.409551
I0916 06:46:20.149988 140525531075776 submission.py:307] 92) loss = 0.410, grad_norm = 0.303
I0916 06:46:20.325823 140450001553152 logging_writer.py:48] [93] global_step=93, grad_norm=0.206015, loss=0.437601
I0916 06:46:20.330414 140525531075776 submission.py:307] 93) loss = 0.438, grad_norm = 0.206
I0916 06:46:20.408119 140450009945856 logging_writer.py:48] [94] global_step=94, grad_norm=0.311011, loss=0.40485
I0916 06:46:20.413227 140525531075776 submission.py:307] 94) loss = 0.405, grad_norm = 0.311
I0916 06:46:20.528632 140450001553152 logging_writer.py:48] [95] global_step=95, grad_norm=0.208429, loss=0.338736
I0916 06:46:20.533643 140525531075776 submission.py:307] 95) loss = 0.339, grad_norm = 0.208
I0916 06:46:20.614666 140450009945856 logging_writer.py:48] [96] global_step=96, grad_norm=0.200315, loss=0.375218
I0916 06:46:20.618626 140525531075776 submission.py:307] 96) loss = 0.375, grad_norm = 0.200
I0916 06:46:20.720124 140450001553152 logging_writer.py:48] [97] global_step=97, grad_norm=0.346072, loss=0.321338
I0916 06:46:20.724069 140525531075776 submission.py:307] 97) loss = 0.321, grad_norm = 0.346
I0916 06:46:20.835281 140450009945856 logging_writer.py:48] [98] global_step=98, grad_norm=0.191307, loss=0.395343
I0916 06:46:20.840825 140525531075776 submission.py:307] 98) loss = 0.395, grad_norm = 0.191
I0916 06:46:20.941935 140450001553152 logging_writer.py:48] [99] global_step=99, grad_norm=0.240288, loss=0.314272
I0916 06:46:20.946839 140525531075776 submission.py:307] 99) loss = 0.314, grad_norm = 0.240
I0916 06:46:21.071903 140450009945856 logging_writer.py:48] [100] global_step=100, grad_norm=0.233247, loss=0.257968
I0916 06:46:21.076383 140525531075776 submission.py:307] 100) loss = 0.258, grad_norm = 0.233
I0916 06:47:58.463034 140525531075776 spec.py:333] Evaluating on the training split.
I0916 06:48:00.460459 140525531075776 spec.py:346] Evaluating on the validation split.
I0916 06:48:03.925375 140525531075776 spec.py:363] Evaluating on the test split.
I0916 06:48:06.322606 140525531075776 submission_runner.py:516] Time since start: 1198.99s, 	Step: 265, 	{'train/ssim': 0.7135448455810547, 'train/loss': 0.2963003771645682, 'validation/ssim': 0.6889925276756823, 'validation/loss': 0.3176315556635129, 'validation/num_examples': 3554, 'test/ssim': 0.7065782842606814, 'test/loss': 0.3197439748193591, 'test/num_examples': 3581, 'score': 399.7377872467041, 'total_duration': 1198.9923601150513, 'accumulated_submission_time': 399.7377872467041, 'accumulated_eval_time': 797.2729263305664, 'accumulated_logging_time': 0.045484304428100586}
I0916 06:48:06.344792 140450001553152 logging_writer.py:48] [265] accumulated_eval_time=797.273, accumulated_logging_time=0.0454843, accumulated_submission_time=399.738, global_step=265, preemption_count=0, score=399.738, test/loss=0.319744, test/num_examples=3581, test/ssim=0.706578, total_duration=1198.99, train/loss=0.2963, train/ssim=0.713545, validation/loss=0.317632, validation/num_examples=3554, validation/ssim=0.688993
I0916 06:49:59.104302 140525531075776 spec.py:333] Evaluating on the training split.
I0916 06:50:01.118544 140525531075776 spec.py:346] Evaluating on the validation split.
I0916 06:50:03.590114 140525531075776 spec.py:363] Evaluating on the test split.
I0916 06:50:05.897634 140525531075776 submission_runner.py:516] Time since start: 1318.57s, 	Step: 328, 	{'train/ssim': 0.721343994140625, 'train/loss': 0.2902473381587437, 'validation/ssim': 0.6961671295767093, 'validation/loss': 0.3113961120502427, 'validation/num_examples': 3554, 'test/ssim': 0.7138226681400097, 'test/loss': 0.3135263655512601, 'test/num_examples': 3581, 'score': 511.3699195384979, 'total_duration': 1318.5673644542694, 'accumulated_submission_time': 511.3699195384979, 'accumulated_eval_time': 804.0663478374481, 'accumulated_logging_time': 0.0765845775604248}
I0916 06:50:05.919518 140450009945856 logging_writer.py:48] [328] accumulated_eval_time=804.066, accumulated_logging_time=0.0765846, accumulated_submission_time=511.37, global_step=328, preemption_count=0, score=511.37, test/loss=0.313526, test/num_examples=3581, test/ssim=0.713823, total_duration=1318.57, train/loss=0.290247, train/ssim=0.721344, validation/loss=0.311396, validation/num_examples=3554, validation/ssim=0.696167
I0916 06:51:57.564507 140525531075776 spec.py:333] Evaluating on the training split.
I0916 06:51:59.562755 140525531075776 spec.py:346] Evaluating on the validation split.
I0916 06:52:02.043981 140525531075776 spec.py:363] Evaluating on the test split.
I0916 06:52:05.296985 140525531075776 submission_runner.py:516] Time since start: 1437.97s, 	Step: 395, 	{'train/ssim': 0.7220333644321987, 'train/loss': 0.28904570852007183, 'validation/ssim': 0.6983517553944499, 'validation/loss': 0.3094093610412563, 'validation/num_examples': 3554, 'test/ssim': 0.7155941705136484, 'test/loss': 0.31169029987913643, 'test/num_examples': 3581, 'score': 621.8826193809509, 'total_duration': 1437.9666678905487, 'accumulated_submission_time': 621.8826193809509, 'accumulated_eval_time': 811.7989797592163, 'accumulated_logging_time': 0.10672640800476074}
I0916 06:52:05.319024 140450001553152 logging_writer.py:48] [395] accumulated_eval_time=811.799, accumulated_logging_time=0.106726, accumulated_submission_time=621.883, global_step=395, preemption_count=0, score=621.883, test/loss=0.31169, test/num_examples=3581, test/ssim=0.715594, total_duration=1437.97, train/loss=0.289046, train/ssim=0.722033, validation/loss=0.309409, validation/num_examples=3554, validation/ssim=0.698352
I0916 06:53:56.581887 140525531075776 spec.py:333] Evaluating on the training split.
I0916 06:53:58.592483 140525531075776 spec.py:346] Evaluating on the validation split.
I0916 06:54:01.037463 140525531075776 spec.py:363] Evaluating on the test split.
I0916 06:54:04.345326 140525531075776 submission_runner.py:516] Time since start: 1557.02s, 	Step: 460, 	{'train/ssim': 0.7258890015738351, 'train/loss': 0.2857875483376639, 'validation/ssim': 0.700805045811058, 'validation/loss': 0.3066876808041995, 'validation/num_examples': 3554, 'test/ssim': 0.7179462653370218, 'test/loss': 0.3090552037336812, 'test/num_examples': 3581, 'score': 732.0183448791504, 'total_duration': 1557.0150799751282, 'accumulated_submission_time': 732.0183448791504, 'accumulated_eval_time': 819.5625236034393, 'accumulated_logging_time': 0.13713788986206055}
I0916 06:54:04.368046 140450009945856 logging_writer.py:48] [460] accumulated_eval_time=819.563, accumulated_logging_time=0.137138, accumulated_submission_time=732.018, global_step=460, preemption_count=0, score=732.018, test/loss=0.309055, test/num_examples=3581, test/ssim=0.717946, total_duration=1557.02, train/loss=0.285788, train/ssim=0.725889, validation/loss=0.306688, validation/num_examples=3554, validation/ssim=0.700805
I0916 06:55:11.465961 140450001553152 logging_writer.py:48] [500] global_step=500, grad_norm=0.266472, loss=0.251947
I0916 06:55:11.469232 140525531075776 submission.py:307] 500) loss = 0.252, grad_norm = 0.266
I0916 06:55:55.377687 140525531075776 spec.py:333] Evaluating on the training split.
I0916 06:55:57.374502 140525531075776 spec.py:346] Evaluating on the validation split.
I0916 06:56:00.792266 140525531075776 spec.py:363] Evaluating on the test split.
I0916 06:56:03.124242 140525531075776 submission_runner.py:516] Time since start: 1675.79s, 	Step: 526, 	{'train/ssim': 0.7302299908229283, 'train/loss': 0.2826956680842808, 'validation/ssim': 0.7050498228228756, 'validation/loss': 0.30353507931204277, 'validation/num_examples': 3554, 'test/ssim': 0.7223764529810109, 'test/loss': 0.30563876895856606, 'test/num_examples': 3581, 'score': 841.8979823589325, 'total_duration': 1675.7940037250519, 'accumulated_submission_time': 841.8979823589325, 'accumulated_eval_time': 827.3092002868652, 'accumulated_logging_time': 0.16816020011901855}
I0916 06:56:03.146430 140450009945856 logging_writer.py:48] [526] accumulated_eval_time=827.309, accumulated_logging_time=0.16816, accumulated_submission_time=841.898, global_step=526, preemption_count=0, score=841.898, test/loss=0.305639, test/num_examples=3581, test/ssim=0.722376, total_duration=1675.79, train/loss=0.282696, train/ssim=0.73023, validation/loss=0.303535, validation/num_examples=3554, validation/ssim=0.70505
I0916 06:57:54.440171 140525531075776 spec.py:333] Evaluating on the training split.
I0916 06:57:56.436797 140525531075776 spec.py:346] Evaluating on the validation split.
I0916 06:57:58.977845 140525531075776 spec.py:363] Evaluating on the test split.
I0916 06:58:02.207857 140525531075776 submission_runner.py:516] Time since start: 1794.88s, 	Step: 599, 	{'train/ssim': 0.7273873601640973, 'train/loss': 0.2828923463821411, 'validation/ssim': 0.7033286108082443, 'validation/loss': 0.3033684948957161, 'validation/num_examples': 3554, 'test/ssim': 0.7207503032497906, 'test/loss': 0.3053292469151424, 'test/num_examples': 3581, 'score': 952.0686573982239, 'total_duration': 1794.8776230812073, 'accumulated_submission_time': 952.0686573982239, 'accumulated_eval_time': 835.0769908428192, 'accumulated_logging_time': 0.19854354858398438}
I0916 06:58:02.232717 140450001553152 logging_writer.py:48] [599] accumulated_eval_time=835.077, accumulated_logging_time=0.198544, accumulated_submission_time=952.069, global_step=599, preemption_count=0, score=952.069, test/loss=0.305329, test/num_examples=3581, test/ssim=0.72075, total_duration=1794.88, train/loss=0.282892, train/ssim=0.727387, validation/loss=0.303368, validation/num_examples=3554, validation/ssim=0.703329
I0916 06:59:53.860934 140525531075776 spec.py:333] Evaluating on the training split.
I0916 06:59:55.867671 140525531075776 spec.py:346] Evaluating on the validation split.
I0916 06:59:59.543565 140525531075776 spec.py:363] Evaluating on the test split.
I0916 07:00:02.090801 140525531075776 submission_runner.py:516] Time since start: 1914.76s, 	Step: 667, 	{'train/ssim': 0.733936037336077, 'train/loss': 0.27998731817517963, 'validation/ssim': 0.7085141604310284, 'validation/loss': 0.30102236806239446, 'validation/num_examples': 3554, 'test/ssim': 0.7256016181321558, 'test/loss': 0.30322282669165385, 'test/num_examples': 3581, 'score': 1062.5406551361084, 'total_duration': 1914.760534286499, 'accumulated_submission_time': 1062.5406551361084, 'accumulated_eval_time': 843.3068838119507, 'accumulated_logging_time': 0.23186635971069336}
I0916 07:00:02.115949 140450009945856 logging_writer.py:48] [667] accumulated_eval_time=843.307, accumulated_logging_time=0.231866, accumulated_submission_time=1062.54, global_step=667, preemption_count=0, score=1062.54, test/loss=0.303223, test/num_examples=3581, test/ssim=0.725602, total_duration=1914.76, train/loss=0.279987, train/ssim=0.733936, validation/loss=0.301022, validation/num_examples=3554, validation/ssim=0.708514
I0916 07:01:53.790108 140525531075776 spec.py:333] Evaluating on the training split.
I0916 07:01:55.773663 140525531075776 spec.py:346] Evaluating on the validation split.
I0916 07:01:59.299554 140525531075776 spec.py:363] Evaluating on the test split.
I0916 07:02:01.588883 140525531075776 submission_runner.py:516] Time since start: 2034.26s, 	Step: 731, 	{'train/ssim': 0.7337468692234584, 'train/loss': 0.2794912202017648, 'validation/ssim': 0.7086373298572032, 'validation/loss': 0.30034239451806066, 'validation/num_examples': 3554, 'test/ssim': 0.7259842255567579, 'test/loss': 0.3023471315624127, 'test/num_examples': 3581, 'score': 1173.0753722190857, 'total_duration': 2034.258635044098, 'accumulated_submission_time': 1173.0753722190857, 'accumulated_eval_time': 851.1057827472687, 'accumulated_logging_time': 0.26522254943847656}
I0916 07:02:01.611593 140450001553152 logging_writer.py:48] [731] accumulated_eval_time=851.106, accumulated_logging_time=0.265223, accumulated_submission_time=1173.08, global_step=731, preemption_count=0, score=1173.08, test/loss=0.302347, test/num_examples=3581, test/ssim=0.725984, total_duration=2034.26, train/loss=0.279491, train/ssim=0.733747, validation/loss=0.300342, validation/num_examples=3554, validation/ssim=0.708637
I0916 07:03:53.973680 140525531075776 spec.py:333] Evaluating on the training split.
I0916 07:03:55.965289 140525531075776 spec.py:346] Evaluating on the validation split.
I0916 07:03:59.417507 140525531075776 spec.py:363] Evaluating on the test split.
I0916 07:04:01.965991 140525531075776 submission_runner.py:516] Time since start: 2154.64s, 	Step: 800, 	{'train/ssim': 0.7359416144234794, 'train/loss': 0.2779566901070731, 'validation/ssim': 0.7105753420441756, 'validation/loss': 0.29897430711873946, 'validation/num_examples': 3554, 'test/ssim': 0.7276828470792027, 'test/loss': 0.30104437782524085, 'test/num_examples': 3581, 'score': 1284.2708780765533, 'total_duration': 2154.6357412338257, 'accumulated_submission_time': 1284.2708780765533, 'accumulated_eval_time': 859.098197221756, 'accumulated_logging_time': 0.296309232711792}
I0916 07:04:01.991872 140450009945856 logging_writer.py:48] [800] accumulated_eval_time=859.098, accumulated_logging_time=0.296309, accumulated_submission_time=1284.27, global_step=800, preemption_count=0, score=1284.27, test/loss=0.301044, test/num_examples=3581, test/ssim=0.727683, total_duration=2154.64, train/loss=0.277957, train/ssim=0.735942, validation/loss=0.298974, validation/num_examples=3554, validation/ssim=0.710575
I0916 07:05:53.696561 140525531075776 spec.py:333] Evaluating on the training split.
I0916 07:05:55.677920 140525531075776 spec.py:346] Evaluating on the validation split.
I0916 07:05:58.147402 140525531075776 spec.py:363] Evaluating on the test split.
I0916 07:06:01.228832 140525531075776 submission_runner.py:516] Time since start: 2273.90s, 	Step: 864, 	{'train/ssim': 0.7358097348894391, 'train/loss': 0.2772273676736014, 'validation/ssim': 0.7106857342738815, 'validation/loss': 0.29819840155898286, 'validation/num_examples': 3554, 'test/ssim': 0.7278560839761938, 'test/loss': 0.3002523013713872, 'test/num_examples': 3581, 'score': 1394.8430495262146, 'total_duration': 2273.898585319519, 'accumulated_submission_time': 1394.8430495262146, 'accumulated_eval_time': 866.6306080818176, 'accumulated_logging_time': 0.33432435989379883}
I0916 07:06:01.252709 140450001553152 logging_writer.py:48] [864] accumulated_eval_time=866.631, accumulated_logging_time=0.334324, accumulated_submission_time=1394.84, global_step=864, preemption_count=0, score=1394.84, test/loss=0.300252, test/num_examples=3581, test/ssim=0.727856, total_duration=2273.9, train/loss=0.277227, train/ssim=0.73581, validation/loss=0.298198, validation/num_examples=3554, validation/ssim=0.710686
I0916 07:07:51.978590 140525531075776 spec.py:333] Evaluating on the training split.
I0916 07:07:53.963863 140525531075776 spec.py:346] Evaluating on the validation split.
I0916 07:07:57.389284 140525531075776 spec.py:363] Evaluating on the test split.
I0916 07:08:00.534595 140525531075776 submission_runner.py:516] Time since start: 2393.20s, 	Step: 935, 	{'train/ssim': 0.735457352229527, 'train/loss': 0.2781445639474051, 'validation/ssim': 0.7099429395135762, 'validation/loss': 0.2993945120155107, 'validation/num_examples': 3554, 'test/ssim': 0.7269426530647863, 'test/loss': 0.30146649362520944, 'test/num_examples': 3581, 'score': 1504.4105689525604, 'total_duration': 2393.2043352127075, 'accumulated_submission_time': 1504.4105689525604, 'accumulated_eval_time': 875.186728477478, 'accumulated_logging_time': 0.3900284767150879}
I0916 07:08:00.558963 140450009945856 logging_writer.py:48] [935] accumulated_eval_time=875.187, accumulated_logging_time=0.390028, accumulated_submission_time=1504.41, global_step=935, preemption_count=0, score=1504.41, test/loss=0.301466, test/num_examples=3581, test/ssim=0.726943, total_duration=2393.2, train/loss=0.278145, train/ssim=0.735457, validation/loss=0.299395, validation/num_examples=3554, validation/ssim=0.709943
I0916 07:08:45.972252 140450001553152 logging_writer.py:48] [1000] global_step=1000, grad_norm=0.119466, loss=0.258767
I0916 07:08:45.978857 140525531075776 submission.py:307] 1000) loss = 0.259, grad_norm = 0.119
I0916 07:09:23.878490 140450009945856 logging_writer.py:48] [1500] global_step=1500, grad_norm=0.234117, loss=0.261701
I0916 07:09:23.881598 140525531075776 submission.py:307] 1500) loss = 0.262, grad_norm = 0.234
I0916 07:09:48.029749 140450001553152 logging_writer.py:48] [2000] global_step=2000, grad_norm=0.201167, loss=0.256685
I0916 07:09:48.032912 140525531075776 submission.py:307] 2000) loss = 0.257, grad_norm = 0.201
I0916 07:09:51.099646 140525531075776 spec.py:333] Evaluating on the training split.
I0916 07:09:53.051377 140525531075776 spec.py:346] Evaluating on the validation split.
I0916 07:09:56.373753 140525531075776 spec.py:363] Evaluating on the test split.
I0916 07:09:58.465353 140525531075776 submission_runner.py:516] Time since start: 2511.14s, 	Step: 2053, 	{'train/ssim': 0.7436562946864537, 'train/loss': 0.2696697541645595, 'validation/ssim': 0.7178362243686691, 'validation/loss': 0.291437341178074, 'validation/num_examples': 3554, 'test/ssim': 0.7350217238114354, 'test/loss': 0.2930827413781067, 'test/num_examples': 3581, 'score': 1613.449716091156, 'total_duration': 2511.1351025104523, 'accumulated_submission_time': 1613.449716091156, 'accumulated_eval_time': 882.5525469779968, 'accumulated_logging_time': 0.42283177375793457}
I0916 07:09:58.486963 140450009945856 logging_writer.py:48] [2053] accumulated_eval_time=882.553, accumulated_logging_time=0.422832, accumulated_submission_time=1613.45, global_step=2053, preemption_count=0, score=1613.45, test/loss=0.293083, test/num_examples=3581, test/ssim=0.735022, total_duration=2511.14, train/loss=0.26967, train/ssim=0.743656, validation/loss=0.291437, validation/num_examples=3554, validation/ssim=0.717836
I0916 07:10:20.710112 140450001553152 logging_writer.py:48] [2500] global_step=2500, grad_norm=0.0770029, loss=0.313379
I0916 07:10:20.713200 140525531075776 submission.py:307] 2500) loss = 0.313, grad_norm = 0.077
I0916 07:10:44.925415 140450009945856 logging_writer.py:48] [3000] global_step=3000, grad_norm=0.182453, loss=0.268634
I0916 07:10:44.928658 140525531075776 submission.py:307] 3000) loss = 0.269, grad_norm = 0.182
I0916 07:11:09.139747 140450001553152 logging_writer.py:48] [3500] global_step=3500, grad_norm=0.313898, loss=0.279093
I0916 07:11:09.142916 140525531075776 submission.py:307] 3500) loss = 0.279, grad_norm = 0.314
I0916 07:11:33.401885 140450009945856 logging_writer.py:48] [4000] global_step=4000, grad_norm=0.075241, loss=0.270752
I0916 07:11:33.405152 140525531075776 submission.py:307] 4000) loss = 0.271, grad_norm = 0.075
I0916 07:11:49.036527 140525531075776 spec.py:333] Evaluating on the training split.
I0916 07:11:50.992079 140525531075776 spec.py:346] Evaluating on the validation split.
I0916 07:11:55.009261 140525531075776 spec.py:363] Evaluating on the test split.
I0916 07:11:57.268773 140525531075776 submission_runner.py:516] Time since start: 2629.94s, 	Step: 4314, 	{'train/ssim': 0.7471103668212891, 'train/loss': 0.2660341433116368, 'validation/ssim': 0.7213369701172974, 'validation/loss': 0.28785474580798043, 'validation/num_examples': 3554, 'test/ssim': 0.7384776669619171, 'test/loss': 0.28935490970137534, 'test/num_examples': 3581, 'score': 1722.1367993354797, 'total_duration': 2629.9385311603546, 'accumulated_submission_time': 1722.1367993354797, 'accumulated_eval_time': 890.7848875522614, 'accumulated_logging_time': 0.4526228904724121}
I0916 07:11:57.291848 140450001553152 logging_writer.py:48] [4314] accumulated_eval_time=890.785, accumulated_logging_time=0.452623, accumulated_submission_time=1722.14, global_step=4314, preemption_count=0, score=1722.14, test/loss=0.289355, test/num_examples=3581, test/ssim=0.738478, total_duration=2629.94, train/loss=0.266034, train/ssim=0.74711, validation/loss=0.287855, validation/num_examples=3554, validation/ssim=0.721337
I0916 07:12:07.039201 140450009945856 logging_writer.py:48] [4500] global_step=4500, grad_norm=0.17569, loss=0.349925
I0916 07:12:07.042347 140525531075776 submission.py:307] 4500) loss = 0.350, grad_norm = 0.176
I0916 07:12:31.201134 140450001553152 logging_writer.py:48] [5000] global_step=5000, grad_norm=0.0986222, loss=0.286517
I0916 07:12:31.204224 140525531075776 submission.py:307] 5000) loss = 0.287, grad_norm = 0.099
I0916 07:12:55.367527 140450009945856 logging_writer.py:48] [5500] global_step=5500, grad_norm=0.0287026, loss=0.235096
I0916 07:12:55.370703 140525531075776 submission.py:307] 5500) loss = 0.235, grad_norm = 0.029
I0916 07:13:19.579337 140450001553152 logging_writer.py:48] [6000] global_step=6000, grad_norm=0.073794, loss=0.274073
I0916 07:13:19.582439 140525531075776 submission.py:307] 6000) loss = 0.274, grad_norm = 0.074
I0916 07:13:43.753641 140450009945856 logging_writer.py:48] [6500] global_step=6500, grad_norm=0.187998, loss=0.210856
I0916 07:13:43.756906 140525531075776 submission.py:307] 6500) loss = 0.211, grad_norm = 0.188
I0916 07:13:47.844422 140525531075776 spec.py:333] Evaluating on the training split.
I0916 07:13:49.802844 140525531075776 spec.py:346] Evaluating on the validation split.
I0916 07:13:51.783440 140525531075776 spec.py:363] Evaluating on the test split.
I0916 07:13:53.765060 140525531075776 submission_runner.py:516] Time since start: 2746.43s, 	Step: 6574, 	{'train/ssim': 0.7507352828979492, 'train/loss': 0.2638390064239502, 'validation/ssim': 0.723855657797552, 'validation/loss': 0.2865405664996747, 'validation/num_examples': 3554, 'test/ssim': 0.740998703552604, 'test/loss': 0.28798414974431025, 'test/num_examples': 3581, 'score': 1830.8125085830688, 'total_duration': 2746.4348096847534, 'accumulated_submission_time': 1830.8125085830688, 'accumulated_eval_time': 896.7056200504303, 'accumulated_logging_time': 0.48372697830200195}
I0916 07:13:53.785876 140450001553152 logging_writer.py:48] [6574] accumulated_eval_time=896.706, accumulated_logging_time=0.483727, accumulated_submission_time=1830.81, global_step=6574, preemption_count=0, score=1830.81, test/loss=0.287984, test/num_examples=3581, test/ssim=0.740999, total_duration=2746.43, train/loss=0.263839, train/ssim=0.750735, validation/loss=0.286541, validation/num_examples=3554, validation/ssim=0.723856
I0916 07:13:54.353507 140450009945856 logging_writer.py:48] [6574] global_step=6574, preemption_count=0, score=1830.81
I0916 07:13:54.529684 140525531075776 submission_runner.py:857] Final fastmri score: 1830.8125085830688
