python submission_runner.py --framework=jax --workload=librispeech_deepspeech --submission_path=prize_qualification_baselines/external_tuning/jax_nadamw_full_budget.py --data_dir=/data/librispeech --num_tuning_trials=1 --experiment_dir=/experiment_runs --experiment_name=submissions/rolling_leaderboard/external_tuning/baseline/study_1 --overwrite=True --save_checkpoints=False --rng_seed=4955870 --librispeech_tokenizer_vocab_path=/data/librispeech/spm_model.vocab --tuning_ruleset=external --tuning_search_space=prize_qualification_baselines/external_tuning/tuning_search_space.json --num_tuning_trials=5 --hparam_start_index=2 --hparam_end_index=3 2>&1 | tee -a /logs/librispeech_deepspeech_jax_03-05-2025-23-38-49.log
2025-03-05 23:38:50.743463: E external/local_xla/xla/stream_executor/cuda/cuda_fft.cc:477] Unable to register cuFFT factory: Attempting to register factory for plugin cuFFT when one has already been registered
WARNING: All log messages before absl::InitializeLog() is called are written to STDERR
E0000 00:00:1741217930.766869       9 cuda_dnn.cc:8310] Unable to register cuDNN factory: Attempting to register factory for plugin cuDNN when one has already been registered
E0000 00:00:1741217930.774100       9 cuda_blas.cc:1418] Unable to register cuBLAS factory: Attempting to register factory for plugin cuBLAS when one has already been registered
ERROR:root:Unable to import wandb.
Traceback (most recent call last):
  File "/algorithmic-efficiency/algoperf/logger_utils.py", line 27, in <module>
    import wandb  # pylint: disable=g-import-not-at-top
    ^^^^^^^^^^^^
ModuleNotFoundError: No module named 'wandb'
I0305 23:38:56.981071 140707756876992 logger_utils.py:81] Creating experiment directory at /experiment_runs/submissions/rolling_leaderboard/external_tuning/baseline/study_1/librispeech_deepspeech_jax.
I0305 23:38:57.858982 140707756876992 xla_bridge.py:884] Unable to initialize backend 'rocm': NOT_FOUND: Could not find registered platform with name: "rocm". Available platform names are: CUDA
I0305 23:38:57.861830 140707756876992 xla_bridge.py:884] Unable to initialize backend 'tpu': INTERNAL: Failed to open libtpu.so: libtpu.so: cannot open shared object file: No such file or directory
I0305 23:38:57.863525 140707756876992 submission_runner.py:606] Using RNG seed 4955870
I0305 23:38:58.717407 140707756876992 submission_runner.py:615] --- Tuning run 3/5 ---
I0305 23:38:58.717596 140707756876992 submission_runner.py:620] Creating tuning directory at /experiment_runs/submissions/rolling_leaderboard/external_tuning/baseline/study_1/librispeech_deepspeech_jax/trial_3.
I0305 23:38:58.717783 140707756876992 logger_utils.py:97] Saving hparams to /experiment_runs/submissions/rolling_leaderboard/external_tuning/baseline/study_1/librispeech_deepspeech_jax/trial_3/hparams.json.
I0305 23:38:58.948718 140707756876992 submission_runner.py:218] Initializing dataset.
I0305 23:38:58.948950 140707756876992 submission_runner.py:229] Initializing model.
I0305 23:39:03.855628 140707756876992 submission_runner.py:272] Initializing optimizer.
I0305 23:39:04.341087 140707756876992 submission_runner.py:279] Initializing metrics bundle.
I0305 23:39:04.341357 140707756876992 submission_runner.py:301] Initializing checkpoint and logger.
I0305 23:39:04.342175 140707756876992 checkpoints.py:1101] Found no checkpoint files in /experiment_runs/submissions/rolling_leaderboard/external_tuning/baseline/study_1/librispeech_deepspeech_jax/trial_3 with prefix checkpoint_
I0305 23:39:04.342289 140707756876992 submission_runner.py:321] Saving meta data to /experiment_runs/submissions/rolling_leaderboard/external_tuning/baseline/study_1/librispeech_deepspeech_jax/trial_3/meta_data_0.json.
I0305 23:39:04.342519 140707756876992 logger_utils.py:262] Unable to record workload.train_mean information. Continuing without it.
I0305 23:39:04.342568 140707756876992 logger_utils.py:262] Unable to record workload.train_stddev information. Continuing without it.
I0305 23:39:04.505416 140707756876992 submission_runner.py:325] Saving flags to /experiment_runs/submissions/rolling_leaderboard/external_tuning/baseline/study_1/librispeech_deepspeech_jax/trial_3/flags_0.json.
I0305 23:39:04.537681 140707756876992 submission_runner.py:337] Starting training loop.
I0305 23:39:04.717922 140707756876992 input_pipeline.py:20] Loading split = train-clean-100
I0305 23:39:04.768001 140707756876992 input_pipeline.py:20] Loading split = train-clean-360
I0305 23:39:05.218953 140707756876992 input_pipeline.py:20] Loading split = train-other-500
/usr/local/lib/python3.11/multiprocessing/popen_fork.py:66: RuntimeWarning: os.fork() was called. os.fork() is incompatible with multithreaded code, and JAX is multithreaded, so this will likely lead to a deadlock.
  self.pid = os.fork()
/usr/local/lib/python3.11/site-packages/jax/_src/interpreters/mlir.py:930: UserWarning: Some donated buffers were not usable: ShapedArray(float32[512]), ShapedArray(float32[512]), ShapedArray(float32[512]), ShapedArray(float32[512]), ShapedArray(float32[512]), ShapedArray(float32[512]), ShapedArray(float32[512]), ShapedArray(float32[512]), ShapedArray(float32[512]), ShapedArray(float32[512]), ShapedArray(float32[512]), ShapedArray(float32[512]), ShapedArray(float32[512]), ShapedArray(float32[512]), ShapedArray(float32[512]), ShapedArray(float32[512]), ShapedArray(float32[512]), ShapedArray(float32[512]).
See an explanation at https://jax.readthedocs.io/en/latest/faq.html#buffer-donation.
  warnings.warn("Some donated buffers were not usable:"
I0305 23:40:00.814022 140683281143552 logging_writer.py:48] [0] global_step=0, grad_norm=22.277063369750977, loss=33.529815673828125
I0305 23:40:00.844150 140707756876992 spec.py:321] Evaluating on the training split.
I0305 23:40:00.955567 140707756876992 input_pipeline.py:20] Loading split = train-clean-100
I0305 23:40:00.982843 140707756876992 input_pipeline.py:20] Loading split = train-clean-360
I0305 23:40:01.398249 140707756876992 input_pipeline.py:20] Loading split = train-other-500
/usr/local/lib/python3.11/multiprocessing/popen_fork.py:66: RuntimeWarning: os.fork() was called. os.fork() is incompatible with multithreaded code, and JAX is multithreaded, so this will likely lead to a deadlock.
  self.pid = os.fork()
/usr/local/lib/python3.11/site-packages/jax/_src/ops/scatter.py:96: FutureWarning: scatter inputs have incompatible types: cannot safely cast value from dtype=float32 to dtype=int32 with jax_numpy_dtype_promotion='standard'. In future JAX releases this will result in an error.
  warnings.warn(
I0305 23:41:33.327916 140707756876992 spec.py:333] Evaluating on the validation split.
I0305 23:41:33.403923 140707756876992 input_pipeline.py:20] Loading split = dev-clean
I0305 23:41:33.469870 140707756876992 input_pipeline.py:20] Loading split = dev-other
/usr/local/lib/python3.11/multiprocessing/popen_fork.py:66: RuntimeWarning: os.fork() was called. os.fork() is incompatible with multithreaded code, and JAX is multithreaded, so this will likely lead to a deadlock.
  self.pid = os.fork()
/usr/local/lib/python3.11/site-packages/jax/_src/ops/scatter.py:96: FutureWarning: scatter inputs have incompatible types: cannot safely cast value from dtype=float32 to dtype=int32 with jax_numpy_dtype_promotion='standard'. In future JAX releases this will result in an error.
  warnings.warn(
I0305 23:43:02.953077 140707756876992 spec.py:349] Evaluating on the test split.
I0305 23:43:03.020213 140707756876992 input_pipeline.py:20] Loading split = test-clean
/usr/local/lib/python3.11/multiprocessing/popen_fork.py:66: RuntimeWarning: os.fork() was called. os.fork() is incompatible with multithreaded code, and JAX is multithreaded, so this will likely lead to a deadlock.
  self.pid = os.fork()
/usr/local/lib/python3.11/site-packages/jax/_src/ops/scatter.py:96: FutureWarning: scatter inputs have incompatible types: cannot safely cast value from dtype=float32 to dtype=int32 with jax_numpy_dtype_promotion='standard'. In future JAX releases this will result in an error.
  warnings.warn(
I0305 23:43:43.763287 140707756876992 submission_runner.py:469] Time since start: 279.22s, 	Step: 1, 	{'train/ctc_loss': Array(30.553694, dtype=float32), 'train/wer': np.float64(1.939138802020688), 'validation/ctc_loss': Array(30.41767, dtype=float32), 'validation/wer': np.float64(1.6640277281635885), 'validation/num_examples': 5348, 'test/ctc_loss': Array(30.542398, dtype=float32), 'test/wer': np.float64(1.8262141246724757), 'test/num_examples': 2472, 'score': 56.30635476112366, 'total_duration': 279.2228355407715, 'accumulated_submission_time': 56.30635476112366, 'accumulated_eval_time': 222.91637539863586, 'accumulated_logging_time': 0}
I0305 23:43:43.779042 140555945076480 logging_writer.py:48] [1] accumulated_eval_time=222.916, accumulated_logging_time=0, accumulated_submission_time=56.3064, global_step=1, preemption_count=0, score=56.3064, test/ctc_loss=30.54239845275879, test/num_examples=2472, test/wer=1.82621, total_duration=279.223, train/ctc_loss=30.553693771362305, train/wer=1.93914, validation/ctc_loss=30.41766929626465, validation/num_examples=5348, validation/wer=1.66403
I0305 23:49:40.502090 140566605424384 logging_writer.py:48] [100] global_step=100, grad_norm=6.758975505828857, loss=9.729148864746094
I0305 23:59:24.615126 140566613817088 logging_writer.py:48] [200] global_step=200, grad_norm=1.3287036418914795, loss=6.199792861938477
I0306 00:07:52.897347 140707756876992 spec.py:321] Evaluating on the training split.
I0306 00:08:28.486539 140707756876992 spec.py:333] Evaluating on the validation split.
/usr/local/lib/python3.11/multiprocessing/popen_fork.py:66: RuntimeWarning: os.fork() was called. os.fork() is incompatible with multithreaded code, and JAX is multithreaded, so this will likely lead to a deadlock.
  self.pid = os.fork()
I0306 00:09:07.425332 140707756876992 spec.py:349] Evaluating on the test split.
/usr/local/lib/python3.11/multiprocessing/popen_fork.py:66: RuntimeWarning: os.fork() was called. os.fork() is incompatible with multithreaded code, and JAX is multithreaded, so this will likely lead to a deadlock.
  self.pid = os.fork()
I0306 00:09:26.033493 140707756876992 submission_runner.py:469] Time since start: 1821.49s, 	Step: 291, 	{'train/ctc_loss': Array(6.479171, dtype=float32), 'train/wer': np.float64(0.9440486660040486), 'validation/ctc_loss': Array(6.516472, dtype=float32), 'validation/wer': np.float64(0.8966179750330672), 'validation/num_examples': 5348, 'test/ctc_loss': Array(6.5433316, dtype=float32), 'test/wer': np.float64(0.899579550301627), 'test/num_examples': 2472, 'score': 1505.3840548992157, 'total_duration': 1821.492371559143, 'accumulated_submission_time': 1505.3840548992157, 'accumulated_eval_time': 316.0491271018982, 'accumulated_logging_time': 0.029217004776000977}
I0306 00:09:26.052368 140703510288128 logging_writer.py:48] [291] accumulated_eval_time=316.049, accumulated_logging_time=0.029217, accumulated_submission_time=1505.38, global_step=291, preemption_count=0, score=1505.38, test/ctc_loss=6.543331623077393, test/num_examples=2472, test/wer=0.89958, total_duration=1821.49, train/ctc_loss=6.479170799255371, train/wer=0.944049, validation/ctc_loss=6.516471862792969, validation/num_examples=5348, validation/wer=0.896618
I0306 00:09:34.926474 140566364522240 logging_writer.py:48] [300] global_step=300, grad_norm=0.8455190658569336, loss=5.855499744415283
I0306 00:17:24.012702 140703510288128 logging_writer.py:48] [400] global_step=400, grad_norm=0.7323968410491943, loss=5.785029411315918
I0306 00:26:32.962892 140566364522240 logging_writer.py:48] [500] global_step=500, grad_norm=0.26656877994537354, loss=5.77859354019165
I0306 00:33:38.723962 140707756876992 spec.py:321] Evaluating on the training split.
I0306 00:34:15.684111 140707756876992 spec.py:333] Evaluating on the validation split.
/usr/local/lib/python3.11/multiprocessing/popen_fork.py:66: RuntimeWarning: os.fork() was called. os.fork() is incompatible with multithreaded code, and JAX is multithreaded, so this will likely lead to a deadlock.
  self.pid = os.fork()
I0306 00:34:55.722712 140707756876992 spec.py:349] Evaluating on the test split.
/usr/local/lib/python3.11/multiprocessing/popen_fork.py:66: RuntimeWarning: os.fork() was called. os.fork() is incompatible with multithreaded code, and JAX is multithreaded, so this will likely lead to a deadlock.
  self.pid = os.fork()
I0306 00:35:14.891900 140707756876992 submission_runner.py:469] Time since start: 3370.35s, 	Step: 576, 	{'train/ctc_loss': Array(6.087389, dtype=float32), 'train/wer': np.float64(0.9426394801702891), 'validation/ctc_loss': Array(6.1142535, dtype=float32), 'validation/wer': np.float64(0.8966179750330672), 'validation/num_examples': 5348, 'test/ctc_loss': Array(6.084413, dtype=float32), 'test/wer': np.float64(0.899579550301627), 'test/num_examples': 2472, 'score': 2958.0168356895447, 'total_duration': 3370.351407289505, 'accumulated_submission_time': 2958.0168356895447, 'accumulated_eval_time': 412.21429538726807, 'accumulated_logging_time': 0.059285879135131836}
I0306 00:35:14.939719 140703510288128 logging_writer.py:48] [576] accumulated_eval_time=412.214, accumulated_logging_time=0.0592859, accumulated_submission_time=2958.02, global_step=576, preemption_count=0, score=2958.02, test/ctc_loss=6.084413051605225, test/num_examples=2472, test/wer=0.89958, total_duration=3370.35, train/ctc_loss=6.08738899230957, train/wer=0.942639, validation/ctc_loss=6.114253520965576, validation/num_examples=5348, validation/wer=0.896618
I0306 00:35:55.712499 140567019882240 logging_writer.py:48] [600] global_step=600, grad_norm=0.43542760610580444, loss=5.769739151000977
I0306 00:45:11.895742 140703510288128 logging_writer.py:48] [700] global_step=700, grad_norm=0.4496791958808899, loss=5.6573004722595215
I0306 00:54:56.732118 140567019882240 logging_writer.py:48] [800] global_step=800, grad_norm=0.47800371050834656, loss=5.575990676879883
I0306 00:59:28.232963 140707756876992 spec.py:321] Evaluating on the training split.
I0306 01:00:07.262095 140707756876992 spec.py:333] Evaluating on the validation split.
/usr/local/lib/python3.11/multiprocessing/popen_fork.py:66: RuntimeWarning: os.fork() was called. os.fork() is incompatible with multithreaded code, and JAX is multithreaded, so this will likely lead to a deadlock.
  self.pid = os.fork()
I0306 01:00:47.586182 140707756876992 spec.py:349] Evaluating on the test split.
/usr/local/lib/python3.11/multiprocessing/popen_fork.py:66: RuntimeWarning: os.fork() was called. os.fork() is incompatible with multithreaded code, and JAX is multithreaded, so this will likely lead to a deadlock.
  self.pid = os.fork()
I0306 01:01:07.005968 140707756876992 submission_runner.py:469] Time since start: 4922.47s, 	Step: 848, 	{'train/ctc_loss': Array(5.957039, dtype=float32), 'train/wer': np.float64(0.9006589382471604), 'validation/ctc_loss': Array(5.826434, dtype=float32), 'validation/wer': np.float64(0.8739488496480879), 'validation/num_examples': 5348, 'test/ctc_loss': Array(5.8604293, dtype=float32), 'test/wer': np.float64(0.8691324924339365), 'test/num_examples': 2472, 'score': 4411.271824121475, 'total_duration': 4922.465391159058, 'accumulated_submission_time': 4411.271824121475, 'accumulated_eval_time': 510.98445534706116, 'accumulated_logging_time': 0.11790728569030762}
I0306 01:01:07.044432 140703510288128 logging_writer.py:48] [848] accumulated_eval_time=510.984, accumulated_logging_time=0.117907, accumulated_submission_time=4411.27, global_step=848, preemption_count=0, score=4411.27, test/ctc_loss=5.860429286956787, test/num_examples=2472, test/wer=0.869132, total_duration=4922.47, train/ctc_loss=5.957038879394531, train/wer=0.900659, validation/ctc_loss=5.826434135437012, validation/num_examples=5348, validation/wer=0.873949
I0306 01:04:17.525325 140567019882240 logging_writer.py:48] [900] global_step=900, grad_norm=1.1728266477584839, loss=5.373021602630615
I0306 01:13:33.942012 140703510288128 logging_writer.py:48] [1000] global_step=1000, grad_norm=0.8186290264129639, loss=5.117598533630371
/usr/local/lib/python3.11/multiprocessing/popen_fork.py:66: RuntimeWarning: os.fork() was called. os.fork() is incompatible with multithreaded code, and JAX is multithreaded, so this will likely lead to a deadlock.
  self.pid = os.fork()
I0306 01:20:04.515844 140703510288128 logging_writer.py:48] [1100] global_step=1100, grad_norm=0.7563209533691406, loss=4.644474029541016
I0306 01:25:09.090846 140707756876992 spec.py:321] Evaluating on the training split.
I0306 01:25:47.499383 140707756876992 spec.py:333] Evaluating on the validation split.
/usr/local/lib/python3.11/multiprocessing/popen_fork.py:66: RuntimeWarning: os.fork() was called. os.fork() is incompatible with multithreaded code, and JAX is multithreaded, so this will likely lead to a deadlock.
  self.pid = os.fork()
I0306 01:26:27.606729 140707756876992 spec.py:349] Evaluating on the test split.
/usr/local/lib/python3.11/multiprocessing/popen_fork.py:66: RuntimeWarning: os.fork() was called. os.fork() is incompatible with multithreaded code, and JAX is multithreaded, so this will likely lead to a deadlock.
  self.pid = os.fork()
I0306 01:26:48.139618 140707756876992 submission_runner.py:469] Time since start: 6463.60s, 	Step: 1190, 	{'train/ctc_loss': Array(5.560787, dtype=float32), 'train/wer': np.float64(0.9118510341074969), 'validation/ctc_loss': Array(5.575312, dtype=float32), 'validation/wer': np.float64(0.8774245247497031), 'validation/num_examples': 5348, 'test/ctc_loss': Array(5.4561553, dtype=float32), 'test/wer': np.float64(0.8753275242215587), 'test/num_examples': 2472, 'score': 5853.272489309311, 'total_duration': 6463.599559783936, 'accumulated_submission_time': 5853.272489309311, 'accumulated_eval_time': 610.0309309959412, 'accumulated_logging_time': 0.16710448265075684}
I0306 01:26:48.157512 140703510288128 logging_writer.py:48] [1190] accumulated_eval_time=610.031, accumulated_logging_time=0.167104, accumulated_submission_time=5853.27, global_step=1190, preemption_count=0, score=5853.27, test/ctc_loss=5.456155300140381, test/num_examples=2472, test/wer=0.875328, total_duration=6463.6, train/ctc_loss=5.560787200927734, train/wer=0.911851, validation/ctc_loss=5.57531213760376, validation/num_examples=5348, validation/wer=0.877425
I0306 01:26:58.015491 140568033642240 logging_writer.py:48] [1200] global_step=1200, grad_norm=1.1433405876159668, loss=4.210186004638672
I0306 01:32:36.143164 140703510288128 logging_writer.py:48] [1300] global_step=1300, grad_norm=1.4020252227783203, loss=3.916934013366699
I0306 01:40:02.015112 140568033642240 logging_writer.py:48] [1400] global_step=1400, grad_norm=1.9441486597061157, loss=3.6211235523223877
I0306 01:48:37.426472 140703510288128 logging_writer.py:48] [1500] global_step=1500, grad_norm=2.360088348388672, loss=3.4759883880615234
I0306 01:50:49.151283 140707756876992 spec.py:321] Evaluating on the training split.
I0306 01:51:26.417543 140707756876992 spec.py:333] Evaluating on the validation split.
/usr/local/lib/python3.11/multiprocessing/popen_fork.py:66: RuntimeWarning: os.fork() was called. os.fork() is incompatible with multithreaded code, and JAX is multithreaded, so this will likely lead to a deadlock.
  self.pid = os.fork()
I0306 01:52:07.873710 140707756876992 spec.py:349] Evaluating on the test split.
/usr/local/lib/python3.11/multiprocessing/popen_fork.py:66: RuntimeWarning: os.fork() was called. os.fork() is incompatible with multithreaded code, and JAX is multithreaded, so this will likely lead to a deadlock.
  self.pid = os.fork()
I0306 01:52:27.627754 140707756876992 submission_runner.py:469] Time since start: 8003.09s, 	Step: 1523, 	{'train/ctc_loss': Array(6.088023, dtype=float32), 'train/wer': np.float64(0.9426373790498949), 'validation/ctc_loss': Array(6.0528517, dtype=float32), 'validation/wer': np.float64(0.8966083203800072), 'validation/num_examples': 5348, 'test/ctc_loss': Array(5.9775553, dtype=float32), 'test/wer': np.float64(0.899579550301627), 'test/num_examples': 2472, 'score': 7294.224118947983, 'total_duration': 8003.087493896484, 'accumulated_submission_time': 7294.224118947983, 'accumulated_eval_time': 708.504860162735, 'accumulated_logging_time': 0.19508624076843262}
I0306 01:52:27.646366 140703510288128 logging_writer.py:48] [1523] accumulated_eval_time=708.505, accumulated_logging_time=0.195086, accumulated_submission_time=7294.22, global_step=1523, preemption_count=0, score=7294.22, test/ctc_loss=5.977555274963379, test/num_examples=2472, test/wer=0.89958, total_duration=8003.09, train/ctc_loss=6.0880231857299805, train/wer=0.942637, validation/ctc_loss=6.052851676940918, validation/num_examples=5348, validation/wer=0.896608
I0306 01:57:53.025353 140568033642240 logging_writer.py:48] [1600] global_step=1600, grad_norm=2.644932508468628, loss=3.2975752353668213
I0306 02:07:24.942154 140703510288128 logging_writer.py:48] [1700] global_step=1700, grad_norm=2.355084180831909, loss=3.1270012855529785
I0306 02:16:46.904109 140707756876992 spec.py:321] Evaluating on the training split.
I0306 02:17:24.259967 140707756876992 spec.py:333] Evaluating on the validation split.
/usr/local/lib/python3.11/multiprocessing/popen_fork.py:66: RuntimeWarning: os.fork() was called. os.fork() is incompatible with multithreaded code, and JAX is multithreaded, so this will likely lead to a deadlock.
  self.pid = os.fork()
I0306 02:18:03.615343 140707756876992 spec.py:349] Evaluating on the test split.
/usr/local/lib/python3.11/multiprocessing/popen_fork.py:66: RuntimeWarning: os.fork() was called. os.fork() is incompatible with multithreaded code, and JAX is multithreaded, so this will likely lead to a deadlock.
  self.pid = os.fork()
I0306 02:18:23.599825 140707756876992 submission_runner.py:469] Time since start: 9559.06s, 	Step: 1795, 	{'train/ctc_loss': Array(6.3106914, dtype=float32), 'train/wer': np.float64(0.9421783157928701), 'validation/ctc_loss': Array(6.3044996, dtype=float32), 'validation/wer': np.float64(0.8966179750330672), 'validation/num_examples': 5348, 'test/ctc_loss': Array(6.232651, dtype=float32), 'test/wer': np.float64(0.899579550301627), 'test/num_examples': 2472, 'score': 8753.444709777832, 'total_duration': 9559.059498786926, 'accumulated_submission_time': 8753.444709777832, 'accumulated_eval_time': 805.1979651451111, 'accumulated_logging_time': 0.22375130653381348}
I0306 02:18:23.620195 140703510288128 logging_writer.py:48] [1795] accumulated_eval_time=805.198, accumulated_logging_time=0.223751, accumulated_submission_time=8753.44, global_step=1795, preemption_count=0, score=8753.44, test/ctc_loss=6.232651233673096, test/num_examples=2472, test/wer=0.89958, total_duration=9559.06, train/ctc_loss=6.3106913566589355, train/wer=0.942178, validation/ctc_loss=6.304499626159668, validation/num_examples=5348, validation/wer=0.896618
I0306 02:18:28.649122 140567234922240 logging_writer.py:48] [1800] global_step=1800, grad_norm=2.153657913208008, loss=3.0583555698394775
I0306 02:26:36.127517 140703510288128 logging_writer.py:48] [1900] global_step=1900, grad_norm=3.5244290828704834, loss=2.882324457168579
I0306 02:36:12.010952 140567234922240 logging_writer.py:48] [2000] global_step=2000, grad_norm=2.1941895484924316, loss=2.8081936836242676
/usr/local/lib/python3.11/multiprocessing/popen_fork.py:66: RuntimeWarning: os.fork() was called. os.fork() is incompatible with multithreaded code, and JAX is multithreaded, so this will likely lead to a deadlock.
  self.pid = os.fork()
I0306 02:42:25.800344 140707756876992 spec.py:321] Evaluating on the training split.
I0306 02:43:03.845406 140707756876992 spec.py:333] Evaluating on the validation split.
/usr/local/lib/python3.11/multiprocessing/popen_fork.py:66: RuntimeWarning: os.fork() was called. os.fork() is incompatible with multithreaded code, and JAX is multithreaded, so this will likely lead to a deadlock.
  self.pid = os.fork()
I0306 02:43:44.403131 140707756876992 spec.py:349] Evaluating on the test split.
/usr/local/lib/python3.11/multiprocessing/popen_fork.py:66: RuntimeWarning: os.fork() was called. os.fork() is incompatible with multithreaded code, and JAX is multithreaded, so this will likely lead to a deadlock.
  self.pid = os.fork()
I0306 02:44:04.194780 140707756876992 submission_runner.py:469] Time since start: 11099.65s, 	Step: 2065, 	{'train/ctc_loss': Array(6.139682, dtype=float32), 'train/wer': np.float64(0.9435996160241716), 'validation/ctc_loss': Array(6.100636, dtype=float32), 'validation/wer': np.float64(0.8966179750330672), 'validation/num_examples': 5348, 'test/ctc_loss': Array(6.062084, dtype=float32), 'test/wer': np.float64(0.899579550301627), 'test/num_examples': 2472, 'score': 10195.587231636047, 'total_duration': 11099.654270648956, 'accumulated_submission_time': 10195.587231636047, 'accumulated_eval_time': 903.5898609161377, 'accumulated_logging_time': 0.25492143630981445}
I0306 02:44:04.240417 140703510288128 logging_writer.py:48] [2065] accumulated_eval_time=903.59, accumulated_logging_time=0.254921, accumulated_submission_time=10195.6, global_step=2065, preemption_count=0, score=10195.6, test/ctc_loss=6.062084197998047, test/num_examples=2472, test/wer=0.89958, total_duration=11099.7, train/ctc_loss=6.139681816101074, train/wer=0.9436, validation/ctc_loss=6.100636005401611, validation/num_examples=5348, validation/wer=0.896618
I0306 02:44:36.654276 140568689002240 logging_writer.py:48] [2100] global_step=2100, grad_norm=3.801135778427124, loss=2.756992816925049
I0306 02:50:28.931430 140703510288128 logging_writer.py:48] [2200] global_step=2200, grad_norm=4.686563968658447, loss=2.674576997756958
I0306 02:57:24.614178 140568689002240 logging_writer.py:48] [2300] global_step=2300, grad_norm=2.9570374488830566, loss=2.533689260482788
I0306 03:04:49.474960 140703510288128 logging_writer.py:48] [2400] global_step=2400, grad_norm=3.7057478427886963, loss=2.5282580852508545
I0306 03:08:05.086070 140707756876992 spec.py:321] Evaluating on the training split.
I0306 03:08:41.945794 140707756876992 spec.py:333] Evaluating on the validation split.
/usr/local/lib/python3.11/multiprocessing/popen_fork.py:66: RuntimeWarning: os.fork() was called. os.fork() is incompatible with multithreaded code, and JAX is multithreaded, so this will likely lead to a deadlock.
  self.pid = os.fork()
I0306 03:09:21.517076 140707756876992 spec.py:349] Evaluating on the test split.
/usr/local/lib/python3.11/multiprocessing/popen_fork.py:66: RuntimeWarning: os.fork() was called. os.fork() is incompatible with multithreaded code, and JAX is multithreaded, so this will likely lead to a deadlock.
  self.pid = os.fork()
I0306 03:09:41.761601 140707756876992 submission_runner.py:469] Time since start: 12637.22s, 	Step: 2438, 	{'train/ctc_loss': Array(6.0107803, dtype=float32), 'train/wer': np.float64(0.942054291765695), 'validation/ctc_loss': Array(5.9821177, dtype=float32), 'validation/wer': np.float64(0.8966083203800072), 'validation/num_examples': 5348, 'test/ctc_loss': Array(5.9137383, dtype=float32), 'test/wer': np.float64(0.899579550301627), 'test/num_examples': 2472, 'score': 11636.315715312958, 'total_duration': 12637.221324682236, 'accumulated_submission_time': 11636.315715312958, 'accumulated_eval_time': 1000.2628262042999, 'accumulated_logging_time': 0.381772518157959}
I0306 03:09:41.780125 140703510288128 logging_writer.py:48] [2438] accumulated_eval_time=1000.26, accumulated_logging_time=0.381773, accumulated_submission_time=11636.3, global_step=2438, preemption_count=0, score=11636.3, test/ctc_loss=5.913738250732422, test/num_examples=2472, test/wer=0.89958, total_duration=12637.2, train/ctc_loss=6.010780334472656, train/wer=0.942054, validation/ctc_loss=5.982117652893066, validation/num_examples=5348, validation/wer=0.896608
I0306 03:13:21.437174 140568689002240 logging_writer.py:48] [2500] global_step=2500, grad_norm=2.8040101528167725, loss=2.429178237915039
I0306 03:22:31.346626 140703510288128 logging_writer.py:48] [2600] global_step=2600, grad_norm=2.719858407974243, loss=2.336073160171509
I0306 03:31:59.562371 140568689002240 logging_writer.py:48] [2700] global_step=2700, grad_norm=3.0062005519866943, loss=2.334526538848877
I0306 03:33:49.704854 140707756876992 spec.py:321] Evaluating on the training split.
I0306 03:34:26.271042 140707756876992 spec.py:333] Evaluating on the validation split.
/usr/local/lib/python3.11/multiprocessing/popen_fork.py:66: RuntimeWarning: os.fork() was called. os.fork() is incompatible with multithreaded code, and JAX is multithreaded, so this will likely lead to a deadlock.
  self.pid = os.fork()
I0306 03:35:06.870069 140707756876992 spec.py:349] Evaluating on the test split.
/usr/local/lib/python3.11/multiprocessing/popen_fork.py:66: RuntimeWarning: os.fork() was called. os.fork() is incompatible with multithreaded code, and JAX is multithreaded, so this will likely lead to a deadlock.
  self.pid = os.fork()
I0306 03:35:26.468250 140707756876992 submission_runner.py:469] Time since start: 14181.93s, 	Step: 2718, 	{'train/ctc_loss': Array(5.631861, dtype=float32), 'train/wer': np.float64(0.9435774498643992), 'validation/ctc_loss': Array(5.6122165, dtype=float32), 'validation/wer': np.float64(0.8966179750330672), 'validation/num_examples': 5348, 'test/ctc_loss': Array(5.5181484, dtype=float32), 'test/wer': np.float64(0.8995592387219954), 'test/num_examples': 2472, 'score': 13084.202522277832, 'total_duration': 14181.92787861824, 'accumulated_submission_time': 13084.202522277832, 'accumulated_eval_time': 1097.0235555171967, 'accumulated_logging_time': 0.4101710319519043}
I0306 03:35:26.486814 140703510288128 logging_writer.py:48] [2718] accumulated_eval_time=1097.02, accumulated_logging_time=0.410171, accumulated_submission_time=13084.2, global_step=2718, preemption_count=0, score=13084.2, test/ctc_loss=5.518148422241211, test/num_examples=2472, test/wer=0.899559, total_duration=14181.9, train/ctc_loss=5.631861209869385, train/wer=0.943577, validation/ctc_loss=5.612216472625732, validation/num_examples=5348, validation/wer=0.896618
I0306 03:40:54.979791 140568689002240 logging_writer.py:48] [2800] global_step=2800, grad_norm=3.3310294151306152, loss=2.2586610317230225
I0306 03:49:41.431030 140703510288128 logging_writer.py:48] [2900] global_step=2900, grad_norm=2.7757458686828613, loss=2.2801668643951416
I0306 03:58:37.471725 140568689002240 logging_writer.py:48] [3000] global_step=3000, grad_norm=2.2404351234436035, loss=2.198451519012451
I0306 03:59:34.239302 140707756876992 spec.py:321] Evaluating on the training split.
I0306 04:00:11.484775 140707756876992 spec.py:333] Evaluating on the validation split.
/usr/local/lib/python3.11/multiprocessing/popen_fork.py:66: RuntimeWarning: os.fork() was called. os.fork() is incompatible with multithreaded code, and JAX is multithreaded, so this will likely lead to a deadlock.
  self.pid = os.fork()
I0306 04:00:51.361132 140707756876992 spec.py:349] Evaluating on the test split.
/usr/local/lib/python3.11/multiprocessing/popen_fork.py:66: RuntimeWarning: os.fork() was called. os.fork() is incompatible with multithreaded code, and JAX is multithreaded, so this will likely lead to a deadlock.
  self.pid = os.fork()
I0306 04:01:12.081448 140707756876992 submission_runner.py:469] Time since start: 15727.54s, 	Step: 3010, 	{'train/ctc_loss': Array(5.3623114, dtype=float32), 'train/wer': np.float64(0.9351087139726951), 'validation/ctc_loss': Array(5.350875, dtype=float32), 'validation/wer': np.float64(0.891780993849986), 'validation/num_examples': 5348, 'test/ctc_loss': Array(5.2313414, dtype=float32), 'test/wer': np.float64(0.8929985985010054), 'test/num_examples': 2472, 'score': 14531.914662361145, 'total_duration': 15727.540749073029, 'accumulated_submission_time': 14531.914662361145, 'accumulated_eval_time': 1194.86270737648, 'accumulated_logging_time': 0.4399583339691162}
I0306 04:01:12.103771 140703510288128 logging_writer.py:48] [3010] accumulated_eval_time=1194.86, accumulated_logging_time=0.439958, accumulated_submission_time=14531.9, global_step=3010, preemption_count=0, score=14531.9, test/ctc_loss=5.231341361999512, test/num_examples=2472, test/wer=0.892999, total_duration=15727.5, train/ctc_loss=5.362311363220215, train/wer=0.935109, validation/ctc_loss=5.350874900817871, validation/num_examples=5348, validation/wer=0.891781
/usr/local/lib/python3.11/multiprocessing/popen_fork.py:66: RuntimeWarning: os.fork() was called. os.fork() is incompatible with multithreaded code, and JAX is multithreaded, so this will likely lead to a deadlock.
  self.pid = os.fork()
I0306 04:07:53.174918 140703510288128 logging_writer.py:48] [3100] global_step=3100, grad_norm=3.6263630390167236, loss=2.204005002975464
I0306 04:13:32.652713 140568689002240 logging_writer.py:48] [3200] global_step=3200, grad_norm=2.458014965057373, loss=2.1299562454223633
I0306 04:19:30.946329 140703510288128 logging_writer.py:48] [3300] global_step=3300, grad_norm=4.180603981018066, loss=2.184506893157959
I0306 04:25:12.937938 140707756876992 spec.py:321] Evaluating on the training split.
I0306 04:25:51.478339 140707756876992 spec.py:333] Evaluating on the validation split.
/usr/local/lib/python3.11/multiprocessing/popen_fork.py:66: RuntimeWarning: os.fork() was called. os.fork() is incompatible with multithreaded code, and JAX is multithreaded, so this will likely lead to a deadlock.
  self.pid = os.fork()
I0306 04:26:32.291228 140707756876992 spec.py:349] Evaluating on the test split.
/usr/local/lib/python3.11/multiprocessing/popen_fork.py:66: RuntimeWarning: os.fork() was called. os.fork() is incompatible with multithreaded code, and JAX is multithreaded, so this will likely lead to a deadlock.
  self.pid = os.fork()
I0306 04:26:52.115857 140707756876992 submission_runner.py:469] Time since start: 17267.58s, 	Step: 3380, 	{'train/ctc_loss': Array(4.511313, dtype=float32), 'train/wer': np.float64(0.8966425739014718), 'validation/ctc_loss': Array(4.620819, dtype=float32), 'validation/wer': np.float64(0.8689091207507458), 'validation/num_examples': 5348, 'test/ctc_loss': Array(4.3300366, dtype=float32), 'test/wer': np.float64(0.8563361972660614), 'test/num_examples': 2472, 'score': 15972.701245307922, 'total_duration': 17267.575764656067, 'accumulated_submission_time': 15972.701245307922, 'accumulated_eval_time': 1294.038268327713, 'accumulated_logging_time': 0.4725208282470703}
I0306 04:26:52.135628 140703510288128 logging_writer.py:48] [3380] accumulated_eval_time=1294.04, accumulated_logging_time=0.472521, accumulated_submission_time=15972.7, global_step=3380, preemption_count=0, score=15972.7, test/ctc_loss=4.330036640167236, test/num_examples=2472, test/wer=0.856336, total_duration=17267.6, train/ctc_loss=4.511312961578369, train/wer=0.896643, validation/ctc_loss=4.620819091796875, validation/num_examples=5348, validation/wer=0.868909
I0306 04:27:10.860887 140568689002240 logging_writer.py:48] [3400] global_step=3400, grad_norm=4.190627098083496, loss=2.086686372756958
I0306 04:34:29.083922 140703510288128 logging_writer.py:48] [3500] global_step=3500, grad_norm=3.6081836223602295, loss=2.079817295074463
I0306 04:43:01.744260 140568689002240 logging_writer.py:48] [3600] global_step=3600, grad_norm=2.925389528274536, loss=2.1014370918273926
I0306 04:51:05.877249 140707756876992 spec.py:321] Evaluating on the training split.
I0306 04:51:47.841425 140707756876992 spec.py:333] Evaluating on the validation split.
/usr/local/lib/python3.11/multiprocessing/popen_fork.py:66: RuntimeWarning: os.fork() was called. os.fork() is incompatible with multithreaded code, and JAX is multithreaded, so this will likely lead to a deadlock.
  self.pid = os.fork()
I0306 04:52:29.755235 140707756876992 spec.py:349] Evaluating on the test split.
/usr/local/lib/python3.11/multiprocessing/popen_fork.py:66: RuntimeWarning: os.fork() was called. os.fork() is incompatible with multithreaded code, and JAX is multithreaded, so this will likely lead to a deadlock.
  self.pid = os.fork()
I0306 04:52:49.747196 140707756876992 submission_runner.py:469] Time since start: 18825.21s, 	Step: 3687, 	{'train/ctc_loss': Array(3.1079543, dtype=float32), 'train/wer': np.float64(0.7261622711307854), 'validation/ctc_loss': Array(3.534138, dtype=float32), 'validation/wer': np.float64(0.7628141382739412), 'validation/num_examples': 5348, 'test/ctc_loss': Array(3.0161307, dtype=float32), 'test/wer': np.float64(0.7009932362439827), 'test/num_examples': 2472, 'score': 17426.39955353737, 'total_duration': 18825.20704317093, 'accumulated_submission_time': 17426.39955353737, 'accumulated_eval_time': 1397.9058046340942, 'accumulated_logging_time': 0.5045292377471924}
I0306 04:52:49.780352 140703510288128 logging_writer.py:48] [3687] accumulated_eval_time=1397.91, accumulated_logging_time=0.504529, accumulated_submission_time=17426.4, global_step=3687, preemption_count=0, score=17426.4, test/ctc_loss=3.0161306858062744, test/num_examples=2472, test/wer=0.700993, total_duration=18825.2, train/ctc_loss=3.107954263687134, train/wer=0.726162, validation/ctc_loss=3.5341379642486572, validation/num_examples=5348, validation/wer=0.762814
I0306 04:53:02.055863 140568258922240 logging_writer.py:48] [3700] global_step=3700, grad_norm=3.682659387588501, loss=1.9768359661102295
I0306 05:01:05.163763 140703510288128 logging_writer.py:48] [3800] global_step=3800, grad_norm=3.5063295364379883, loss=2.0523080825805664
I0306 05:10:09.765162 140568258922240 logging_writer.py:48] [3900] global_step=3900, grad_norm=3.184943199157715, loss=1.9680887460708618
I0306 05:16:50.547981 140707756876992 spec.py:321] Evaluating on the training split.
I0306 05:17:34.577041 140707756876992 spec.py:333] Evaluating on the validation split.
/usr/local/lib/python3.11/multiprocessing/popen_fork.py:66: RuntimeWarning: os.fork() was called. os.fork() is incompatible with multithreaded code, and JAX is multithreaded, so this will likely lead to a deadlock.
  self.pid = os.fork()
I0306 05:18:15.905467 140707756876992 spec.py:349] Evaluating on the test split.
/usr/local/lib/python3.11/multiprocessing/popen_fork.py:66: RuntimeWarning: os.fork() was called. os.fork() is incompatible with multithreaded code, and JAX is multithreaded, so this will likely lead to a deadlock.
  self.pid = os.fork()
I0306 05:18:36.520849 140707756876992 submission_runner.py:469] Time since start: 20371.98s, 	Step: 3976, 	{'train/ctc_loss': Array(2.295564, dtype=float32), 'train/wer': np.float64(0.5727838907171948), 'validation/ctc_loss': Array(2.673498, dtype=float32), 'validation/wer': np.float64(0.6106181874354345), 'validation/num_examples': 5348, 'test/ctc_loss': Array(2.1208258, dtype=float32), 'test/wer': np.float64(0.5281010704202466), 'test/num_examples': 2472, 'score': 18867.126638650894, 'total_duration': 20371.9805560112, 'accumulated_submission_time': 18867.126638650894, 'accumulated_eval_time': 1503.876106262207, 'accumulated_logging_time': 0.5493907928466797}
I0306 05:18:36.559768 140703510288128 logging_writer.py:48] [3976] accumulated_eval_time=1503.88, accumulated_logging_time=0.549391, accumulated_submission_time=18867.1, global_step=3976, preemption_count=0, score=18867.1, test/ctc_loss=2.12082576751709, test/num_examples=2472, test/wer=0.528101, total_duration=20372, train/ctc_loss=2.2955639362335205, train/wer=0.572784, validation/ctc_loss=2.6734979152679443, validation/num_examples=5348, validation/wer=0.610618
I0306 05:19:17.665027 140568258922240 logging_writer.py:48] [4000] global_step=4000, grad_norm=4.567968368530273, loss=2.0336101055145264
I0306 05:28:32.281015 140703510288128 logging_writer.py:48] [4100] global_step=4100, grad_norm=5.042232513427734, loss=2.010270833969116
/usr/local/lib/python3.11/multiprocessing/popen_fork.py:66: RuntimeWarning: os.fork() was called. os.fork() is incompatible with multithreaded code, and JAX is multithreaded, so this will likely lead to a deadlock.
  self.pid = os.fork()
I0306 05:34:25.875753 140703510288128 logging_writer.py:48] [4200] global_step=4200, grad_norm=3.564703941345215, loss=1.9745017290115356
I0306 05:40:10.720216 140568258922240 logging_writer.py:48] [4300] global_step=4300, grad_norm=4.372803211212158, loss=1.9499526023864746
I0306 05:42:42.932452 140707756876992 spec.py:321] Evaluating on the training split.
I0306 05:43:29.374057 140707756876992 spec.py:333] Evaluating on the validation split.
/usr/local/lib/python3.11/multiprocessing/popen_fork.py:66: RuntimeWarning: os.fork() was called. os.fork() is incompatible with multithreaded code, and JAX is multithreaded, so this will likely lead to a deadlock.
  self.pid = os.fork()
I0306 05:44:12.400978 140707756876992 spec.py:349] Evaluating on the test split.
/usr/local/lib/python3.11/multiprocessing/popen_fork.py:66: RuntimeWarning: os.fork() was called. os.fork() is incompatible with multithreaded code, and JAX is multithreaded, so this will likely lead to a deadlock.
  self.pid = os.fork()
I0306 05:44:33.340011 140707756876992 submission_runner.py:469] Time since start: 21928.80s, 	Step: 4339, 	{'train/ctc_loss': Array(1.263486, dtype=float32), 'train/wer': np.float64(0.36438674976080265), 'validation/ctc_loss': Array(1.7114792, dtype=float32), 'validation/wer': np.float64(0.43589793100784924), 'validation/num_examples': 5348, 'test/ctc_loss': Array(1.207215, dtype=float32), 'test/wer': np.float64(0.34667804115126033), 'test/num_examples': 2472, 'score': 20313.453386306763, 'total_duration': 21928.79972243309, 'accumulated_submission_time': 20313.453386306763, 'accumulated_eval_time': 1614.2811007499695, 'accumulated_logging_time': 0.5982747077941895}
I0306 05:44:33.361012 140703510288128 logging_writer.py:48] [4339] accumulated_eval_time=1614.28, accumulated_logging_time=0.598275, accumulated_submission_time=20313.5, global_step=4339, preemption_count=0, score=20313.5, test/ctc_loss=1.2072149515151978, test/num_examples=2472, test/wer=0.346678, total_duration=21928.8, train/ctc_loss=1.2634860277175903, train/wer=0.364387, validation/ctc_loss=1.7114791870117188, validation/num_examples=5348, validation/wer=0.435898
I0306 05:46:56.410518 140568689002240 logging_writer.py:48] [4400] global_step=4400, grad_norm=4.400615692138672, loss=1.9053435325622559
I0306 05:54:17.231345 140703510288128 logging_writer.py:48] [4500] global_step=4500, grad_norm=3.417299270629883, loss=1.9604032039642334
I0306 06:02:23.109289 140568689002240 logging_writer.py:48] [4600] global_step=4600, grad_norm=2.7920901775360107, loss=1.9097096920013428
I0306 06:08:33.659228 140707756876992 spec.py:321] Evaluating on the training split.
I0306 06:09:19.212578 140707756876992 spec.py:333] Evaluating on the validation split.
/usr/local/lib/python3.11/multiprocessing/popen_fork.py:66: RuntimeWarning: os.fork() was called. os.fork() is incompatible with multithreaded code, and JAX is multithreaded, so this will likely lead to a deadlock.
  self.pid = os.fork()
I0306 06:10:04.351189 140707756876992 spec.py:349] Evaluating on the test split.
/usr/local/lib/python3.11/multiprocessing/popen_fork.py:66: RuntimeWarning: os.fork() was called. os.fork() is incompatible with multithreaded code, and JAX is multithreaded, so this will likely lead to a deadlock.
  self.pid = os.fork()
I0306 06:10:25.622411 140707756876992 submission_runner.py:469] Time since start: 23481.08s, 	Step: 4671, 	{'train/ctc_loss': Array(0.8533564, dtype=float32), 'train/wer': np.float64(0.27598107252139525), 'validation/ctc_loss': Array(1.2665843, dtype=float32), 'validation/wer': np.float64(0.34341600934570415), 'validation/num_examples': 5348, 'test/ctc_loss': Array(0.8460056, dtype=float32), 'test/wer': np.float64(0.2625271667377572), 'test/num_examples': 2472, 'score': 21753.70917391777, 'total_duration': 23481.081836223602, 'accumulated_submission_time': 21753.70917391777, 'accumulated_eval_time': 1726.2414298057556, 'accumulated_logging_time': 0.6293773651123047}
I0306 06:10:25.642742 140703510288128 logging_writer.py:48] [4671] accumulated_eval_time=1726.24, accumulated_logging_time=0.629377, accumulated_submission_time=21753.7, global_step=4671, preemption_count=0, score=21753.7, test/ctc_loss=0.8460056185722351, test/num_examples=2472, test/wer=0.262527, total_duration=23481.1, train/ctc_loss=0.8533564209938049, train/wer=0.275981, validation/ctc_loss=1.2665842771530151, validation/num_examples=5348, validation/wer=0.343416
I0306 06:11:13.054940 140568689002240 logging_writer.py:48] [4700] global_step=4700, grad_norm=3.029364585876465, loss=2.015645742416382
I0306 06:20:23.257948 140703510288128 logging_writer.py:48] [4800] global_step=4800, grad_norm=3.5419254302978516, loss=1.9039537906646729
I0306 06:29:35.437752 140568689002240 logging_writer.py:48] [4900] global_step=4900, grad_norm=4.555055141448975, loss=1.8624053001403809
I0306 06:34:34.321273 140707756876992 spec.py:321] Evaluating on the training split.
I0306 06:35:21.535465 140707756876992 spec.py:333] Evaluating on the validation split.
/usr/local/lib/python3.11/multiprocessing/popen_fork.py:66: RuntimeWarning: os.fork() was called. os.fork() is incompatible with multithreaded code, and JAX is multithreaded, so this will likely lead to a deadlock.
  self.pid = os.fork()
I0306 06:36:05.835594 140707756876992 spec.py:349] Evaluating on the test split.
/usr/local/lib/python3.11/multiprocessing/popen_fork.py:66: RuntimeWarning: os.fork() was called. os.fork() is incompatible with multithreaded code, and JAX is multithreaded, so this will likely lead to a deadlock.
  self.pid = os.fork()
I0306 06:36:27.801703 140707756876992 submission_runner.py:469] Time since start: 25043.26s, 	Step: 4953, 	{'train/ctc_loss': Array(0.62135077, dtype=float32), 'train/wer': np.float64(0.2065438934153427), 'validation/ctc_loss': Array(1.0304222, dtype=float32), 'validation/wer': np.float64(0.2913581200459561), 'validation/num_examples': 5348, 'test/ctc_loss': Array(0.6729647, dtype=float32), 'test/wer': np.float64(0.217333902057563), 'test/num_examples': 2472, 'score': 23202.34862279892, 'total_duration': 25043.261611938477, 'accumulated_submission_time': 23202.34862279892, 'accumulated_eval_time': 1839.7194910049438, 'accumulated_logging_time': 0.6604273319244385}
I0306 06:36:27.820691 140703510288128 logging_writer.py:48] [4953] accumulated_eval_time=1839.72, accumulated_logging_time=0.660427, accumulated_submission_time=23202.3, global_step=4953, preemption_count=0, score=23202.3, test/ctc_loss=0.6729646921157837, test/num_examples=2472, test/wer=0.217334, total_duration=25043.3, train/ctc_loss=0.6213507652282715, train/wer=0.206544, validation/ctc_loss=1.0304222106933594, validation/num_examples=5348, validation/wer=0.291358
I0306 06:39:07.738327 140568689002240 logging_writer.py:48] [5000] global_step=5000, grad_norm=2.6922383308410645, loss=1.838050365447998
I0306 06:48:31.076632 140703510288128 logging_writer.py:48] [5100] global_step=5100, grad_norm=3.5451622009277344, loss=1.8197245597839355
/usr/local/lib/python3.11/multiprocessing/popen_fork.py:66: RuntimeWarning: os.fork() was called. os.fork() is incompatible with multithreaded code, and JAX is multithreaded, so this will likely lead to a deadlock.
  self.pid = os.fork()
I0306 06:56:09.455911 140703510288128 logging_writer.py:48] [5200] global_step=5200, grad_norm=3.0656518936157227, loss=1.8209022283554077
I0306 07:00:30.227921 140707756876992 spec.py:321] Evaluating on the training split.
I0306 07:01:17.352468 140707756876992 spec.py:333] Evaluating on the validation split.
/usr/local/lib/python3.11/multiprocessing/popen_fork.py:66: RuntimeWarning: os.fork() was called. os.fork() is incompatible with multithreaded code, and JAX is multithreaded, so this will likely lead to a deadlock.
  self.pid = os.fork()
I0306 07:02:00.277593 140707756876992 spec.py:349] Evaluating on the test split.
/usr/local/lib/python3.11/multiprocessing/popen_fork.py:66: RuntimeWarning: os.fork() was called. os.fork() is incompatible with multithreaded code, and JAX is multithreaded, so this will likely lead to a deadlock.
  self.pid = os.fork()
I0306 07:02:22.028516 140707756876992 submission_runner.py:469] Time since start: 26597.49s, 	Step: 5277, 	{'train/ctc_loss': Array(0.5832218, dtype=float32), 'train/wer': np.float64(0.19494836009812613), 'validation/ctc_loss': Array(0.928818, dtype=float32), 'validation/wer': np.float64(0.2661691302123058), 'validation/num_examples': 5348, 'test/ctc_loss': Array(0.6040252, dtype=float32), 'test/wer': np.float64(0.19667702557227876), 'test/num_examples': 2472, 'score': 24644.711243629456, 'total_duration': 26597.488146305084, 'accumulated_submission_time': 24644.711243629456, 'accumulated_eval_time': 1951.5174746513367, 'accumulated_logging_time': 0.6910896301269531}
I0306 07:02:22.051262 140703510288128 logging_writer.py:48] [5277] accumulated_eval_time=1951.52, accumulated_logging_time=0.69109, accumulated_submission_time=24644.7, global_step=5277, preemption_count=0, score=24644.7, test/ctc_loss=0.6040251851081848, test/num_examples=2472, test/wer=0.196677, total_duration=26597.5, train/ctc_loss=0.5832217931747437, train/wer=0.194948, validation/ctc_loss=0.9288179874420166, validation/num_examples=5348, validation/wer=0.266169
I0306 07:02:43.997561 140568689002240 logging_writer.py:48] [5300] global_step=5300, grad_norm=3.853677749633789, loss=1.8051254749298096
I0306 07:08:51.635131 140703510288128 logging_writer.py:48] [5400] global_step=5400, grad_norm=4.117414951324463, loss=1.7664552927017212
I0306 07:16:12.781972 140568689002240 logging_writer.py:48] [5500] global_step=5500, grad_norm=5.76972770690918, loss=1.807897925376892
I0306 07:24:44.003673 140703510288128 logging_writer.py:48] [5600] global_step=5600, grad_norm=4.174063682556152, loss=1.806627631187439
I0306 07:26:34.292359 140707756876992 spec.py:321] Evaluating on the training split.
