python submission_runner.py --framework=jax --workload=librispeech_deepspeech --submission_path=prize_qualification_baselines/external_tuning/jax_nadamw_full_budget.py --data_dir=/data/librispeech --num_tuning_trials=1 --experiment_dir=/experiment_runs --experiment_name=submissions/rolling_leaderboard/external_tuning/baseline/study_1 --overwrite=True --save_checkpoints=False --rng_seed=-613818891 --librispeech_tokenizer_vocab_path=/data/librispeech/spm_model.vocab --tuning_ruleset=external --tuning_search_space=prize_qualification_baselines/external_tuning/tuning_search_space.json --num_tuning_trials=5 --hparam_start_index=4 --hparam_end_index=5 2>&1 | tee -a /logs/librispeech_deepspeech_jax_03-05-2025-23-39-24.log
2025-03-05 23:39:25.093626: E external/local_xla/xla/stream_executor/cuda/cuda_fft.cc:477] Unable to register cuFFT factory: Attempting to register factory for plugin cuFFT when one has already been registered
WARNING: All log messages before absl::InitializeLog() is called are written to STDERR
E0000 00:00:1741217965.117225       9 cuda_dnn.cc:8310] Unable to register cuDNN factory: Attempting to register factory for plugin cuDNN when one has already been registered
E0000 00:00:1741217965.124367       9 cuda_blas.cc:1418] Unable to register cuBLAS factory: Attempting to register factory for plugin cuBLAS when one has already been registered
ERROR:root:Unable to import wandb.
Traceback (most recent call last):
  File "/algorithmic-efficiency/algoperf/logger_utils.py", line 27, in <module>
    import wandb  # pylint: disable=g-import-not-at-top
    ^^^^^^^^^^^^
ModuleNotFoundError: No module named 'wandb'
I0305 23:39:31.227625 140642277762240 logger_utils.py:81] Creating experiment directory at /experiment_runs/submissions/rolling_leaderboard/external_tuning/baseline/study_1/librispeech_deepspeech_jax.
I0305 23:39:32.153203 140642277762240 xla_bridge.py:884] Unable to initialize backend 'rocm': NOT_FOUND: Could not find registered platform with name: "rocm". Available platform names are: CUDA
I0305 23:39:32.156108 140642277762240 xla_bridge.py:884] Unable to initialize backend 'tpu': INTERNAL: Failed to open libtpu.so: libtpu.so: cannot open shared object file: No such file or directory
I0305 23:39:32.157767 140642277762240 submission_runner.py:606] Using RNG seed -613818891
I0305 23:39:33.001167 140642277762240 submission_runner.py:615] --- Tuning run 5/5 ---
I0305 23:39:33.001353 140642277762240 submission_runner.py:620] Creating tuning directory at /experiment_runs/submissions/rolling_leaderboard/external_tuning/baseline/study_1/librispeech_deepspeech_jax/trial_5.
I0305 23:39:33.001541 140642277762240 logger_utils.py:97] Saving hparams to /experiment_runs/submissions/rolling_leaderboard/external_tuning/baseline/study_1/librispeech_deepspeech_jax/trial_5/hparams.json.
I0305 23:39:33.237223 140642277762240 submission_runner.py:218] Initializing dataset.
I0305 23:39:33.237414 140642277762240 submission_runner.py:229] Initializing model.
I0305 23:39:38.438319 140642277762240 submission_runner.py:272] Initializing optimizer.
I0305 23:39:38.917999 140642277762240 submission_runner.py:279] Initializing metrics bundle.
I0305 23:39:38.918233 140642277762240 submission_runner.py:301] Initializing checkpoint and logger.
I0305 23:39:38.919120 140642277762240 checkpoints.py:1101] Found no checkpoint files in /experiment_runs/submissions/rolling_leaderboard/external_tuning/baseline/study_1/librispeech_deepspeech_jax/trial_5 with prefix checkpoint_
I0305 23:39:38.919236 140642277762240 submission_runner.py:321] Saving meta data to /experiment_runs/submissions/rolling_leaderboard/external_tuning/baseline/study_1/librispeech_deepspeech_jax/trial_5/meta_data_0.json.
I0305 23:39:38.919431 140642277762240 logger_utils.py:262] Unable to record workload.train_mean information. Continuing without it.
I0305 23:39:38.919483 140642277762240 logger_utils.py:262] Unable to record workload.train_stddev information. Continuing without it.
I0305 23:39:39.083459 140642277762240 submission_runner.py:325] Saving flags to /experiment_runs/submissions/rolling_leaderboard/external_tuning/baseline/study_1/librispeech_deepspeech_jax/trial_5/flags_0.json.
I0305 23:39:39.117062 140642277762240 submission_runner.py:337] Starting training loop.
I0305 23:39:39.295271 140642277762240 input_pipeline.py:20] Loading split = train-clean-100
I0305 23:39:39.377196 140642277762240 input_pipeline.py:20] Loading split = train-clean-360
I0305 23:39:39.803675 140642277762240 input_pipeline.py:20] Loading split = train-other-500
/usr/local/lib/python3.11/multiprocessing/popen_fork.py:66: RuntimeWarning: os.fork() was called. os.fork() is incompatible with multithreaded code, and JAX is multithreaded, so this will likely lead to a deadlock.
  self.pid = os.fork()
/usr/local/lib/python3.11/site-packages/jax/_src/interpreters/mlir.py:930: UserWarning: Some donated buffers were not usable: ShapedArray(float32[512]), ShapedArray(float32[512]), ShapedArray(float32[512]), ShapedArray(float32[512]), ShapedArray(float32[512]), ShapedArray(float32[512]), ShapedArray(float32[512]), ShapedArray(float32[512]), ShapedArray(float32[512]), ShapedArray(float32[512]), ShapedArray(float32[512]), ShapedArray(float32[512]), ShapedArray(float32[512]), ShapedArray(float32[512]), ShapedArray(float32[512]), ShapedArray(float32[512]), ShapedArray(float32[512]), ShapedArray(float32[512]).
See an explanation at https://jax.readthedocs.io/en/latest/faq.html#buffer-donation.
  warnings.warn("Some donated buffers were not usable:"
I0305 23:40:36.365362 140638032983808 logging_writer.py:48] [0] global_step=0, grad_norm=25.438541412353516, loss=33.347618103027344
I0305 23:40:36.392890 140642277762240 spec.py:321] Evaluating on the training split.
I0305 23:40:36.504765 140642277762240 input_pipeline.py:20] Loading split = train-clean-100
I0305 23:40:36.533683 140642277762240 input_pipeline.py:20] Loading split = train-clean-360
I0305 23:40:36.963227 140642277762240 input_pipeline.py:20] Loading split = train-other-500
/usr/local/lib/python3.11/multiprocessing/popen_fork.py:66: RuntimeWarning: os.fork() was called. os.fork() is incompatible with multithreaded code, and JAX is multithreaded, so this will likely lead to a deadlock.
  self.pid = os.fork()
/usr/local/lib/python3.11/site-packages/jax/_src/ops/scatter.py:96: FutureWarning: scatter inputs have incompatible types: cannot safely cast value from dtype=float32 to dtype=int32 with jax_numpy_dtype_promotion='standard'. In future JAX releases this will result in an error.
  warnings.warn(
I0305 23:42:38.898759 140642277762240 spec.py:333] Evaluating on the validation split.
I0305 23:42:38.970683 140642277762240 input_pipeline.py:20] Loading split = dev-clean
I0305 23:42:38.992630 140642277762240 input_pipeline.py:20] Loading split = dev-other
/usr/local/lib/python3.11/multiprocessing/popen_fork.py:66: RuntimeWarning: os.fork() was called. os.fork() is incompatible with multithreaded code, and JAX is multithreaded, so this will likely lead to a deadlock.
  self.pid = os.fork()
/usr/local/lib/python3.11/site-packages/jax/_src/ops/scatter.py:96: FutureWarning: scatter inputs have incompatible types: cannot safely cast value from dtype=float32 to dtype=int32 with jax_numpy_dtype_promotion='standard'. In future JAX releases this will result in an error.
  warnings.warn(
I0305 23:44:11.959420 140642277762240 spec.py:349] Evaluating on the test split.
I0305 23:44:12.029296 140642277762240 input_pipeline.py:20] Loading split = test-clean
/usr/local/lib/python3.11/multiprocessing/popen_fork.py:66: RuntimeWarning: os.fork() was called. os.fork() is incompatible with multithreaded code, and JAX is multithreaded, so this will likely lead to a deadlock.
  self.pid = os.fork()
/usr/local/lib/python3.11/site-packages/jax/_src/ops/scatter.py:96: FutureWarning: scatter inputs have incompatible types: cannot safely cast value from dtype=float32 to dtype=int32 with jax_numpy_dtype_promotion='standard'. In future JAX releases this will result in an error.
  warnings.warn(
I0305 23:45:00.437943 140642277762240 submission_runner.py:469] Time since start: 321.32s, 	Step: 1, 	{'train/ctc_loss': Array(31.480148, dtype=float32), 'train/wer': np.float64(3.7475880212305315), 'validation/ctc_loss': Array(31.168901, dtype=float32), 'validation/wer': np.float64(3.4268418664375297), 'validation/num_examples': 5348, 'test/ctc_loss': Array(31.15683, dtype=float32), 'test/wer': np.float64(3.6030914224199218), 'test/num_examples': 2472, 'score': 57.27572178840637, 'total_duration': 321.31848073005676, 'accumulated_submission_time': 57.27572178840637, 'accumulated_eval_time': 264.04265785217285, 'accumulated_logging_time': 0}
I0305 23:45:00.450660 140490913601280 logging_writer.py:48] [1] accumulated_eval_time=264.043, accumulated_logging_time=0, accumulated_submission_time=57.2757, global_step=1, preemption_count=0, score=57.2757, test/ctc_loss=31.156829833984375, test/num_examples=2472, test/wer=3.60309, total_duration=321.318, train/ctc_loss=31.480148315429688, train/wer=3.74759, validation/ctc_loss=31.168901443481445, validation/num_examples=5348, validation/wer=3.42684
I0305 23:51:01.762118 140502417893120 logging_writer.py:48] [100] global_step=100, grad_norm=0.7624101042747498, loss=5.934782981872559
I0306 00:00:42.218465 140502426285824 logging_writer.py:48] [200] global_step=200, grad_norm=0.7702445387840271, loss=5.774814605712891
I0306 00:09:04.317394 140642277762240 spec.py:321] Evaluating on the training split.
I0306 00:09:40.485078 140642277762240 spec.py:333] Evaluating on the validation split.
/usr/local/lib/python3.11/multiprocessing/popen_fork.py:66: RuntimeWarning: os.fork() was called. os.fork() is incompatible with multithreaded code, and JAX is multithreaded, so this will likely lead to a deadlock.
  self.pid = os.fork()
I0306 00:10:20.576888 140642277762240 spec.py:349] Evaluating on the test split.
/usr/local/lib/python3.11/multiprocessing/popen_fork.py:66: RuntimeWarning: os.fork() was called. os.fork() is incompatible with multithreaded code, and JAX is multithreaded, so this will likely lead to a deadlock.
  self.pid = os.fork()
I0306 00:10:39.862454 140642277762240 submission_runner.py:469] Time since start: 1860.74s, 	Step: 291, 	{'train/ctc_loss': Array(7.60707, dtype=float32), 'train/wer': np.float64(0.9338856307274402), 'validation/ctc_loss': Array(7.460479, dtype=float32), 'validation/wer': np.float64(0.8905355436052406), 'validation/num_examples': 5348, 'test/ctc_loss': Array(7.57015, dtype=float32), 'test/wer': np.float64(0.890276846830378), 'test/num_examples': 2472, 'score': 1501.1021950244904, 'total_duration': 1860.7425179481506, 'accumulated_submission_time': 1501.1021950244904, 'accumulated_eval_time': 359.5848808288574, 'accumulated_logging_time': 0.024358749389648438}
I0306 00:10:39.882522 140501941462784 logging_writer.py:48] [291] accumulated_eval_time=359.585, accumulated_logging_time=0.0243587, accumulated_submission_time=1501.1, global_step=291, preemption_count=0, score=1501.1, test/ctc_loss=7.570149898529053, test/num_examples=2472, test/wer=0.890277, total_duration=1860.74, train/ctc_loss=7.607069969177246, train/wer=0.933886, validation/ctc_loss=7.460478782653809, validation/num_examples=5348, validation/wer=0.890536
I0306 00:10:48.659013 140501933070080 logging_writer.py:48] [300] global_step=300, grad_norm=0.9472580552101135, loss=5.5767998695373535
I0306 00:18:35.552552 140501941462784 logging_writer.py:48] [400] global_step=400, grad_norm=2.343623161315918, loss=5.338820934295654
I0306 00:27:47.594808 140501933070080 logging_writer.py:48] [500] global_step=500, grad_norm=0.7918944358825684, loss=4.474495887756348
I0306 00:34:41.730168 140642277762240 spec.py:321] Evaluating on the training split.
I0306 00:35:20.214611 140642277762240 spec.py:333] Evaluating on the validation split.
/usr/local/lib/python3.11/multiprocessing/popen_fork.py:66: RuntimeWarning: os.fork() was called. os.fork() is incompatible with multithreaded code, and JAX is multithreaded, so this will likely lead to a deadlock.
  self.pid = os.fork()
I0306 00:35:59.961204 140642277762240 spec.py:349] Evaluating on the test split.
/usr/local/lib/python3.11/multiprocessing/popen_fork.py:66: RuntimeWarning: os.fork() was called. os.fork() is incompatible with multithreaded code, and JAX is multithreaded, so this will likely lead to a deadlock.
  self.pid = os.fork()
I0306 00:36:19.136512 140642277762240 submission_runner.py:469] Time since start: 3400.02s, 	Step: 575, 	{'train/ctc_loss': Array(5.843629, dtype=float32), 'train/wer': np.float64(0.9292062780747522), 'validation/ctc_loss': Array(5.7904325, dtype=float32), 'validation/wer': np.float64(0.8887880514013728), 'validation/num_examples': 5348, 'test/ctc_loss': Array(5.7142043, dtype=float32), 'test/wer': np.float64(0.8910486868563768), 'test/num_examples': 2472, 'score': 2942.9091868400574, 'total_duration': 3400.01669216156, 'accumulated_submission_time': 2942.9091868400574, 'accumulated_eval_time': 456.98850679397583, 'accumulated_logging_time': 0.055194854736328125}
I0306 00:36:19.172691 140502535390976 logging_writer.py:48] [575] accumulated_eval_time=456.989, accumulated_logging_time=0.0551949, accumulated_submission_time=2942.91, global_step=575, preemption_count=0, score=2942.91, test/ctc_loss=5.71420431137085, test/num_examples=2472, test/wer=0.891049, total_duration=3400.02, train/ctc_loss=5.843628883361816, train/wer=0.929206, validation/ctc_loss=5.790432453155518, validation/num_examples=5348, validation/wer=0.888788
I0306 00:37:09.593002 140502526998272 logging_writer.py:48] [600] global_step=600, grad_norm=2.1152944564819336, loss=3.790703296661377
I0306 00:46:21.748349 140502535390976 logging_writer.py:48] [700] global_step=700, grad_norm=1.4257056713104248, loss=3.3106987476348877
I0306 00:56:04.971096 140502526998272 logging_writer.py:48] [800] global_step=800, grad_norm=1.5186221599578857, loss=3.0593299865722656
I0306 01:00:32.507247 140642277762240 spec.py:321] Evaluating on the training split.
I0306 01:01:13.048971 140642277762240 spec.py:333] Evaluating on the validation split.
/usr/local/lib/python3.11/multiprocessing/popen_fork.py:66: RuntimeWarning: os.fork() was called. os.fork() is incompatible with multithreaded code, and JAX is multithreaded, so this will likely lead to a deadlock.
  self.pid = os.fork()
I0306 01:01:55.781198 140642277762240 spec.py:349] Evaluating on the test split.
/usr/local/lib/python3.11/multiprocessing/popen_fork.py:66: RuntimeWarning: os.fork() was called. os.fork() is incompatible with multithreaded code, and JAX is multithreaded, so this will likely lead to a deadlock.
  self.pid = os.fork()
I0306 01:02:15.804578 140642277762240 submission_runner.py:469] Time since start: 4956.68s, 	Step: 847, 	{'train/ctc_loss': Array(6.606234, dtype=float32), 'train/wer': np.float64(0.9058537987417367), 'validation/ctc_loss': Array(6.4304056, dtype=float32), 'validation/wer': np.float64(0.8681077845467623), 'validation/num_examples': 5348, 'test/ctc_loss': Array(6.3436484, dtype=float32), 'test/wer': np.float64(0.8662888712855199), 'test/num_examples': 2472, 'score': 4396.204179286957, 'total_duration': 4956.684989690781, 'accumulated_submission_time': 4396.204179286957, 'accumulated_eval_time': 560.2833616733551, 'accumulated_logging_time': 0.10312008857727051}
I0306 01:02:15.822785 140502535390976 logging_writer.py:48] [847] accumulated_eval_time=560.283, accumulated_logging_time=0.10312, accumulated_submission_time=4396.2, global_step=847, preemption_count=0, score=4396.2, test/ctc_loss=6.343648433685303, test/num_examples=2472, test/wer=0.866289, total_duration=4956.68, train/ctc_loss=6.606234073638916, train/wer=0.905854, validation/ctc_loss=6.430405616760254, validation/num_examples=5348, validation/wer=0.868108
I0306 01:05:21.040539 140502526998272 logging_writer.py:48] [900] global_step=900, grad_norm=2.304152011871338, loss=2.919268846511841
I0306 01:14:47.270200 140502535390976 logging_writer.py:48] [1000] global_step=1000, grad_norm=2.4874155521392822, loss=2.772446632385254
/usr/local/lib/python3.11/multiprocessing/popen_fork.py:66: RuntimeWarning: os.fork() was called. os.fork() is incompatible with multithreaded code, and JAX is multithreaded, so this will likely lead to a deadlock.
  self.pid = os.fork()
I0306 01:21:20.850780 140502207710976 logging_writer.py:48] [1100] global_step=1100, grad_norm=2.671832323074341, loss=2.6405179500579834
I0306 01:26:17.807268 140642277762240 spec.py:321] Evaluating on the training split.
I0306 01:27:01.228314 140642277762240 spec.py:333] Evaluating on the validation split.
/usr/local/lib/python3.11/multiprocessing/popen_fork.py:66: RuntimeWarning: os.fork() was called. os.fork() is incompatible with multithreaded code, and JAX is multithreaded, so this will likely lead to a deadlock.
  self.pid = os.fork()
I0306 01:27:43.045958 140642277762240 spec.py:349] Evaluating on the test split.
/usr/local/lib/python3.11/multiprocessing/popen_fork.py:66: RuntimeWarning: os.fork() was called. os.fork() is incompatible with multithreaded code, and JAX is multithreaded, so this will likely lead to a deadlock.
  self.pid = os.fork()
I0306 01:28:04.631934 140642277762240 submission_runner.py:469] Time since start: 6505.51s, 	Step: 1187, 	{'train/ctc_loss': Array(5.1466384, dtype=float32), 'train/wer': np.float64(0.8386499311990205), 'validation/ctc_loss': Array(5.1722445, dtype=float32), 'validation/wer': np.float64(0.8211572067157766), 'validation/num_examples': 5348, 'test/ctc_loss': Array(5.016352, dtype=float32), 'test/wer': np.float64(0.8075680945707148), 'test/num_examples': 2472, 'score': 5838.14101266861, 'total_duration': 6505.511996984482, 'accumulated_submission_time': 5838.14101266861, 'accumulated_eval_time': 667.1052303314209, 'accumulated_logging_time': 0.13267111778259277}
I0306 01:28:04.653808 140502607070976 logging_writer.py:48] [1187] accumulated_eval_time=667.105, accumulated_logging_time=0.132671, accumulated_submission_time=5838.14, global_step=1187, preemption_count=0, score=5838.14, test/ctc_loss=5.01635217666626, test/num_examples=2472, test/wer=0.807568, total_duration=6505.51, train/ctc_loss=5.1466383934021, train/wer=0.83865, validation/ctc_loss=5.172244548797607, validation/num_examples=5348, validation/wer=0.821157
I0306 01:28:17.069183 140502598678272 logging_writer.py:48] [1200] global_step=1200, grad_norm=2.610398054122925, loss=2.55741286277771
I0306 01:34:03.338755 140502607070976 logging_writer.py:48] [1300] global_step=1300, grad_norm=1.843193531036377, loss=2.4642646312713623
I0306 01:41:28.826181 140502598678272 logging_writer.py:48] [1400] global_step=1400, grad_norm=2.0360183715820312, loss=2.422715187072754
I0306 01:50:05.709188 140502607070976 logging_writer.py:48] [1500] global_step=1500, grad_norm=2.053436756134033, loss=2.2450673580169678
I0306 01:52:11.658889 140642277762240 spec.py:321] Evaluating on the training split.
I0306 01:52:53.454804 140642277762240 spec.py:333] Evaluating on the validation split.
/usr/local/lib/python3.11/multiprocessing/popen_fork.py:66: RuntimeWarning: os.fork() was called. os.fork() is incompatible with multithreaded code, and JAX is multithreaded, so this will likely lead to a deadlock.
  self.pid = os.fork()
I0306 01:53:35.354793 140642277762240 spec.py:349] Evaluating on the test split.
/usr/local/lib/python3.11/multiprocessing/popen_fork.py:66: RuntimeWarning: os.fork() was called. os.fork() is incompatible with multithreaded code, and JAX is multithreaded, so this will likely lead to a deadlock.
  self.pid = os.fork()
I0306 01:53:56.261397 140642277762240 submission_runner.py:469] Time since start: 8057.14s, 	Step: 1523, 	{'train/ctc_loss': Array(4.1712484, dtype=float32), 'train/wer': np.float64(0.7749927990014616), 'validation/ctc_loss': Array(4.2192802, dtype=float32), 'validation/wer': np.float64(0.7667725460285585), 'validation/num_examples': 5348, 'test/ctc_loss': Array(3.901219, dtype=float32), 'test/wer': np.float64(0.7323340036154612), 'test/num_examples': 2472, 'score': 7285.0994782447815, 'total_duration': 8057.141868829727, 'accumulated_submission_time': 7285.0994782447815, 'accumulated_eval_time': 771.705334186554, 'accumulated_logging_time': 0.16564559936523438}
I0306 01:53:56.296192 140503190750976 logging_writer.py:48] [1523] accumulated_eval_time=771.705, accumulated_logging_time=0.165646, accumulated_submission_time=7285.1, global_step=1523, preemption_count=0, score=7285.1, test/ctc_loss=3.901218891143799, test/num_examples=2472, test/wer=0.732334, total_duration=8057.14, train/ctc_loss=4.171248435974121, train/wer=0.774993, validation/ctc_loss=4.219280242919922, validation/num_examples=5348, validation/wer=0.766773
I0306 01:59:15.511409 140503182358272 logging_writer.py:48] [1600] global_step=1600, grad_norm=1.822195291519165, loss=2.324605941772461
I0306 02:08:45.580861 140503190750976 logging_writer.py:48] [1700] global_step=1700, grad_norm=3.360536575317383, loss=2.270411491394043
I0306 02:18:13.719715 140642277762240 spec.py:321] Evaluating on the training split.
I0306 02:18:57.929078 140642277762240 spec.py:333] Evaluating on the validation split.
/usr/local/lib/python3.11/multiprocessing/popen_fork.py:66: RuntimeWarning: os.fork() was called. os.fork() is incompatible with multithreaded code, and JAX is multithreaded, so this will likely lead to a deadlock.
  self.pid = os.fork()
I0306 02:19:40.579929 140642277762240 spec.py:349] Evaluating on the test split.
/usr/local/lib/python3.11/multiprocessing/popen_fork.py:66: RuntimeWarning: os.fork() was called. os.fork() is incompatible with multithreaded code, and JAX is multithreaded, so this will likely lead to a deadlock.
  self.pid = os.fork()
I0306 02:20:01.718740 140642277762240 submission_runner.py:469] Time since start: 9622.60s, 	Step: 1795, 	{'train/ctc_loss': Array(3.0714548, dtype=float32), 'train/wer': np.float64(0.6530268726707573), 'validation/ctc_loss': Array(3.296597, dtype=float32), 'validation/wer': np.float64(0.6638056711432074), 'validation/num_examples': 5348, 'test/ctc_loss': Array(2.8627157, dtype=float32), 'test/wer': np.float64(0.6049803993256555), 'test/num_examples': 2472, 'score': 8742.484630823135, 'total_duration': 9622.598541021347, 'accumulated_submission_time': 8742.484630823135, 'accumulated_eval_time': 879.7012591362, 'accumulated_logging_time': 0.21014618873596191}
I0306 02:20:01.741625 140502683870976 logging_writer.py:48] [1795] accumulated_eval_time=879.701, accumulated_logging_time=0.210146, accumulated_submission_time=8742.48, global_step=1795, preemption_count=0, score=8742.48, test/ctc_loss=2.862715721130371, test/num_examples=2472, test/wer=0.60498, total_duration=9622.6, train/ctc_loss=3.0714547634124756, train/wer=0.653027, validation/ctc_loss=3.2965970039367676, validation/num_examples=5348, validation/wer=0.663806
I0306 02:20:06.824204 140502675478272 logging_writer.py:48] [1800] global_step=1800, grad_norm=2.5408313274383545, loss=2.204582452774048
I0306 02:28:07.101392 140502683870976 logging_writer.py:48] [1900] global_step=1900, grad_norm=2.596597671508789, loss=2.2044529914855957
I0306 02:37:52.227138 140502675478272 logging_writer.py:48] [2000] global_step=2000, grad_norm=2.326652765274048, loss=2.1446940898895264
/usr/local/lib/python3.11/multiprocessing/popen_fork.py:66: RuntimeWarning: os.fork() was called. os.fork() is incompatible with multithreaded code, and JAX is multithreaded, so this will likely lead to a deadlock.
  self.pid = os.fork()
I0306 02:44:02.272591 140642277762240 spec.py:321] Evaluating on the training split.
I0306 02:44:47.383020 140642277762240 spec.py:333] Evaluating on the validation split.
/usr/local/lib/python3.11/multiprocessing/popen_fork.py:66: RuntimeWarning: os.fork() was called. os.fork() is incompatible with multithreaded code, and JAX is multithreaded, so this will likely lead to a deadlock.
  self.pid = os.fork()
I0306 02:45:30.819041 140642277762240 spec.py:349] Evaluating on the test split.
/usr/local/lib/python3.11/multiprocessing/popen_fork.py:66: RuntimeWarning: os.fork() was called. os.fork() is incompatible with multithreaded code, and JAX is multithreaded, so this will likely lead to a deadlock.
  self.pid = os.fork()
I0306 02:45:52.429946 140642277762240 submission_runner.py:469] Time since start: 11173.31s, 	Step: 2065, 	{'train/ctc_loss': Array(2.0910954, dtype=float32), 'train/wer': np.float64(0.49752146750106224), 'validation/ctc_loss': Array(2.5443234, dtype=float32), 'validation/wer': np.float64(0.5557797580543943), 'validation/num_examples': 5348, 'test/ctc_loss': Array(2.0195043, dtype=float32), 'test/wer': np.float64(0.47760648345621837), 'test/num_examples': 2472, 'score': 10182.975364685059, 'total_duration': 11173.309545516968, 'accumulated_submission_time': 10182.975364685059, 'accumulated_eval_time': 989.8555393218994, 'accumulated_logging_time': 0.24435997009277344}
I0306 02:45:52.453768 140502141150976 logging_writer.py:48] [2065] accumulated_eval_time=989.856, accumulated_logging_time=0.24436, accumulated_submission_time=10183, global_step=2065, preemption_count=0, score=10183, test/ctc_loss=2.0195043087005615, test/num_examples=2472, test/wer=0.477606, total_duration=11173.3, train/ctc_loss=2.091095447540283, train/wer=0.497521, validation/ctc_loss=2.544323444366455, validation/num_examples=5348, validation/wer=0.55578
I0306 02:46:24.508766 140502132758272 logging_writer.py:48] [2100] global_step=2100, grad_norm=2.462263584136963, loss=2.200810194015503
I0306 02:52:16.604331 140502141150976 logging_writer.py:48] [2200] global_step=2200, grad_norm=2.018566846847534, loss=2.123087167739868
I0306 02:59:03.371302 140502132758272 logging_writer.py:48] [2300] global_step=2300, grad_norm=4.471740245819092, loss=2.0935440063476562
I0306 03:06:14.892769 140502141150976 logging_writer.py:48] [2400] global_step=2400, grad_norm=1.7865251302719116, loss=2.062087297439575
I0306 03:09:55.888649 140642277762240 spec.py:321] Evaluating on the training split.
I0306 03:10:41.802147 140642277762240 spec.py:333] Evaluating on the validation split.
/usr/local/lib/python3.11/multiprocessing/popen_fork.py:66: RuntimeWarning: os.fork() was called. os.fork() is incompatible with multithreaded code, and JAX is multithreaded, so this will likely lead to a deadlock.
  self.pid = os.fork()
I0306 03:11:25.171915 140642277762240 spec.py:349] Evaluating on the test split.
/usr/local/lib/python3.11/multiprocessing/popen_fork.py:66: RuntimeWarning: os.fork() was called. os.fork() is incompatible with multithreaded code, and JAX is multithreaded, so this will likely lead to a deadlock.
  self.pid = os.fork()
I0306 03:11:46.639264 140642277762240 submission_runner.py:469] Time since start: 12727.52s, 	Step: 2447, 	{'train/ctc_loss': Array(1.0987962, dtype=float32), 'train/wer': np.float64(0.3184211519080802), 'validation/ctc_loss': Array(1.5037748, dtype=float32), 'validation/wer': np.float64(0.3794761385249621), 'validation/num_examples': 5348, 'test/ctc_loss': Array(1.0541351, dtype=float32), 'test/wer': np.float64(0.30085511750248817), 'test/num_examples': 2472, 'score': 11626.360443353653, 'total_duration': 12727.519773483276, 'accumulated_submission_time': 11626.360443353653, 'accumulated_eval_time': 1100.6037743091583, 'accumulated_logging_time': 0.27868008613586426}
I0306 03:11:46.718354 140502356190976 logging_writer.py:48] [2447] accumulated_eval_time=1100.6, accumulated_logging_time=0.27868, accumulated_submission_time=11626.4, global_step=2447, preemption_count=0, score=11626.4, test/ctc_loss=1.0541350841522217, test/num_examples=2472, test/wer=0.300855, total_duration=12727.5, train/ctc_loss=1.0987962484359741, train/wer=0.318421, validation/ctc_loss=1.5037747621536255, validation/num_examples=5348, validation/wer=0.379476
I0306 03:14:38.744364 140502347798272 logging_writer.py:48] [2500] global_step=2500, grad_norm=2.531398057937622, loss=2.0172550678253174
I0306 03:23:48.408528 140502356190976 logging_writer.py:48] [2600] global_step=2600, grad_norm=3.4141476154327393, loss=2.0066800117492676
I0306 03:33:13.684585 140502347798272 logging_writer.py:48] [2700] global_step=2700, grad_norm=2.3269598484039307, loss=2.05352783203125
I0306 03:35:48.126222 140642277762240 spec.py:321] Evaluating on the training split.
I0306 03:36:34.288683 140642277762240 spec.py:333] Evaluating on the validation split.
/usr/local/lib/python3.11/multiprocessing/popen_fork.py:66: RuntimeWarning: os.fork() was called. os.fork() is incompatible with multithreaded code, and JAX is multithreaded, so this will likely lead to a deadlock.
  self.pid = os.fork()
I0306 03:37:17.574223 140642277762240 spec.py:349] Evaluating on the test split.
/usr/local/lib/python3.11/multiprocessing/popen_fork.py:66: RuntimeWarning: os.fork() was called. os.fork() is incompatible with multithreaded code, and JAX is multithreaded, so this will likely lead to a deadlock.
  self.pid = os.fork()
I0306 03:37:39.076017 140642277762240 submission_runner.py:469] Time since start: 14279.96s, 	Step: 2729, 	{'train/ctc_loss': Array(0.86438996, dtype=float32), 'train/wer': np.float64(0.25604695934072275), 'validation/ctc_loss': Array(1.2843057, dtype=float32), 'validation/wer': np.float64(0.3362426021220927), 'validation/num_examples': 5348, 'test/ctc_loss': Array(0.8821992, dtype=float32), 'test/wer': np.float64(0.258403916072553), 'test/num_examples': 2472, 'score': 13067.728307723999, 'total_duration': 14279.956452846527, 'accumulated_submission_time': 13067.728307723999, 'accumulated_eval_time': 1211.5511004924774, 'accumulated_logging_time': 0.36860036849975586}
I0306 03:37:39.096360 140502392030976 logging_writer.py:48] [2729] accumulated_eval_time=1211.55, accumulated_logging_time=0.3686, accumulated_submission_time=13067.7, global_step=2729, preemption_count=0, score=13067.7, test/ctc_loss=0.882199227809906, test/num_examples=2472, test/wer=0.258404, total_duration=14280, train/ctc_loss=0.864389955997467, train/wer=0.256047, validation/ctc_loss=1.2843056917190552, validation/num_examples=5348, validation/wer=0.336243
I0306 03:41:56.727515 140502383638272 logging_writer.py:48] [2800] global_step=2800, grad_norm=1.4990406036376953, loss=1.9515612125396729
I0306 03:50:43.719475 140502392030976 logging_writer.py:48] [2900] global_step=2900, grad_norm=3.271435499191284, loss=2.002115488052368
I0306 03:59:44.052614 140502383638272 logging_writer.py:48] [3000] global_step=3000, grad_norm=3.3093185424804688, loss=1.951892614364624
I0306 04:01:59.800114 140642277762240 spec.py:321] Evaluating on the training split.
I0306 04:02:47.127792 140642277762240 spec.py:333] Evaluating on the validation split.
/usr/local/lib/python3.11/multiprocessing/popen_fork.py:66: RuntimeWarning: os.fork() was called. os.fork() is incompatible with multithreaded code, and JAX is multithreaded, so this will likely lead to a deadlock.
  self.pid = os.fork()
I0306 04:03:30.670808 140642277762240 spec.py:349] Evaluating on the test split.
/usr/local/lib/python3.11/multiprocessing/popen_fork.py:66: RuntimeWarning: os.fork() was called. os.fork() is incompatible with multithreaded code, and JAX is multithreaded, so this will likely lead to a deadlock.
  self.pid = os.fork()
I0306 04:03:52.736666 140642277762240 submission_runner.py:469] Time since start: 15853.62s, 	Step: 3025, 	{'train/ctc_loss': Array(0.7666871, dtype=float32), 'train/wer': np.float64(0.24010302545086804), 'validation/ctc_loss': Array(1.1107913, dtype=float32), 'validation/wer': np.float64(0.2996804309837126), 'validation/num_examples': 5348, 'test/ctc_loss': Array(0.7383608, dtype=float32), 'test/wer': np.float64(0.22543822233055064), 'test/num_examples': 2472, 'score': 14528.390818119049, 'total_duration': 15853.616374969482, 'accumulated_submission_time': 14528.390818119049, 'accumulated_eval_time': 1324.48446393013, 'accumulated_logging_time': 0.40021705627441406}
I0306 04:03:52.759605 140502095066880 logging_writer.py:48] [3025] accumulated_eval_time=1324.48, accumulated_logging_time=0.400217, accumulated_submission_time=14528.4, global_step=3025, preemption_count=0, score=14528.4, test/ctc_loss=0.7383608222007751, test/num_examples=2472, test/wer=0.225438, total_duration=15853.6, train/ctc_loss=0.7666870951652527, train/wer=0.240103, validation/ctc_loss=1.1107913255691528, validation/num_examples=5348, validation/wer=0.29968
/usr/local/lib/python3.11/multiprocessing/popen_fork.py:66: RuntimeWarning: os.fork() was called. os.fork() is incompatible with multithreaded code, and JAX is multithreaded, so this will likely lead to a deadlock.
  self.pid = os.fork()
I0306 04:08:51.849077 140502095066880 logging_writer.py:48] [3100] global_step=3100, grad_norm=2.6555328369140625, loss=1.9561641216278076
I0306 04:14:22.411368 140502086674176 logging_writer.py:48] [3200] global_step=3200, grad_norm=2.4144961833953857, loss=1.9510172605514526
I0306 04:20:22.727159 140502095066880 logging_writer.py:48] [3300] global_step=3300, grad_norm=2.3987812995910645, loss=1.9040383100509644
I0306 04:27:13.364461 140502086674176 logging_writer.py:48] [3400] global_step=3400, grad_norm=2.405510663986206, loss=1.889349341392517
I0306 04:27:59.693210 140642277762240 spec.py:321] Evaluating on the training split.
I0306 04:28:46.351348 140642277762240 spec.py:333] Evaluating on the validation split.
/usr/local/lib/python3.11/multiprocessing/popen_fork.py:66: RuntimeWarning: os.fork() was called. os.fork() is incompatible with multithreaded code, and JAX is multithreaded, so this will likely lead to a deadlock.
  self.pid = os.fork()
I0306 04:29:31.154048 140642277762240 spec.py:349] Evaluating on the test split.
/usr/local/lib/python3.11/multiprocessing/popen_fork.py:66: RuntimeWarning: os.fork() was called. os.fork() is incompatible with multithreaded code, and JAX is multithreaded, so this will likely lead to a deadlock.
  self.pid = os.fork()
I0306 04:29:52.518569 140642277762240 submission_runner.py:469] Time since start: 17413.40s, 	Step: 3410, 	{'train/ctc_loss': Array(0.61251134, dtype=float32), 'train/wer': np.float64(0.19501188540643796), 'validation/ctc_loss': Array(0.9471222, dtype=float32), 'validation/wer': np.float64(0.2652422835185418), 'validation/num_examples': 5348, 'test/ctc_loss': Array(0.61609745, dtype=float32), 'test/wer': np.float64(0.19314281071638942), 'test/num_examples': 2472, 'score': 15975.273689031601, 'total_duration': 17413.39873766899, 'accumulated_submission_time': 15975.273689031601, 'accumulated_eval_time': 1437.3071172237396, 'accumulated_logging_time': 0.4346282482147217}
I0306 04:29:52.539277 140502095066880 logging_writer.py:48] [3410] accumulated_eval_time=1437.31, accumulated_logging_time=0.434628, accumulated_submission_time=15975.3, global_step=3410, preemption_count=0, score=15975.3, test/ctc_loss=0.6160974502563477, test/num_examples=2472, test/wer=0.193143, total_duration=17413.4, train/ctc_loss=0.6125113368034363, train/wer=0.195012, validation/ctc_loss=0.9471222162246704, validation/num_examples=5348, validation/wer=0.265242
I0306 04:35:00.530498 140502086674176 logging_writer.py:48] [3500] global_step=3500, grad_norm=3.0254111289978027, loss=1.8873931169509888
I0306 04:43:27.203406 140502095066880 logging_writer.py:48] [3600] global_step=3600, grad_norm=2.11124587059021, loss=1.8552894592285156
I0306 04:52:36.223587 140502086674176 logging_writer.py:48] [3700] global_step=3700, grad_norm=2.6603891849517822, loss=1.8894764184951782
I0306 04:53:53.953488 140642277762240 spec.py:321] Evaluating on the training split.
I0306 04:54:41.778250 140642277762240 spec.py:333] Evaluating on the validation split.
/usr/local/lib/python3.11/multiprocessing/popen_fork.py:66: RuntimeWarning: os.fork() was called. os.fork() is incompatible with multithreaded code, and JAX is multithreaded, so this will likely lead to a deadlock.
  self.pid = os.fork()
I0306 04:55:25.609976 140642277762240 spec.py:349] Evaluating on the test split.
/usr/local/lib/python3.11/multiprocessing/popen_fork.py:66: RuntimeWarning: os.fork() was called. os.fork() is incompatible with multithreaded code, and JAX is multithreaded, so this will likely lead to a deadlock.
  self.pid = os.fork()
I0306 04:55:46.878396 140642277762240 submission_runner.py:469] Time since start: 18967.76s, 	Step: 3714, 	{'train/ctc_loss': Array(0.54449713, dtype=float32), 'train/wer': np.float64(0.17689693871188977), 'validation/ctc_loss': Array(0.90106875, dtype=float32), 'validation/wer': np.float64(0.25459320119331513), 'validation/num_examples': 5348, 'test/ctc_loss': Array(0.5861812, dtype=float32), 'test/wer': np.float64(0.18408384620071902), 'test/num_examples': 2472, 'score': 17416.644987106323, 'total_duration': 18967.758578538895, 'accumulated_submission_time': 17416.644987106323, 'accumulated_eval_time': 1550.2293169498444, 'accumulated_logging_time': 0.46666526794433594}
I0306 04:55:46.899712 140502898910976 logging_writer.py:48] [3714] accumulated_eval_time=1550.23, accumulated_logging_time=0.466665, accumulated_submission_time=17416.6, global_step=3714, preemption_count=0, score=17416.6, test/ctc_loss=0.5861812233924866, test/num_examples=2472, test/wer=0.184084, total_duration=18967.8, train/ctc_loss=0.5444971323013306, train/wer=0.176897, validation/ctc_loss=0.9010687470436096, validation/num_examples=5348, validation/wer=0.254593
I0306 05:01:27.574105 140502890518272 logging_writer.py:48] [3800] global_step=3800, grad_norm=2.063894271850586, loss=1.8108783960342407
I0306 05:10:31.118875 140502898910976 logging_writer.py:48] [3900] global_step=3900, grad_norm=4.3743672370910645, loss=1.8294416666030884
I0306 05:19:38.485560 140502890518272 logging_writer.py:48] [4000] global_step=4000, grad_norm=2.253403902053833, loss=1.8136382102966309
I0306 05:19:55.915365 140642277762240 spec.py:321] Evaluating on the training split.
I0306 05:20:43.230841 140642277762240 spec.py:333] Evaluating on the validation split.
/usr/local/lib/python3.11/multiprocessing/popen_fork.py:66: RuntimeWarning: os.fork() was called. os.fork() is incompatible with multithreaded code, and JAX is multithreaded, so this will likely lead to a deadlock.
  self.pid = os.fork()
I0306 05:21:27.423524 140642277762240 spec.py:349] Evaluating on the test split.
/usr/local/lib/python3.11/multiprocessing/popen_fork.py:66: RuntimeWarning: os.fork() was called. os.fork() is incompatible with multithreaded code, and JAX is multithreaded, so this will likely lead to a deadlock.
  self.pid = os.fork()
I0306 05:21:48.979547 140642277762240 submission_runner.py:469] Time since start: 20529.86s, 	Step: 4002, 	{'train/ctc_loss': Array(0.5346794, dtype=float32), 'train/wer': np.float64(0.17353822098496094), 'validation/ctc_loss': Array(0.8683944, dtype=float32), 'validation/wer': np.float64(0.24701429854118193), 'validation/num_examples': 5348, 'test/ctc_loss': Array(0.5639137, dtype=float32), 'test/wer': np.float64(0.1789856397132005), 'test/num_examples': 2472, 'score': 18865.620224952698, 'total_duration': 20529.859390497208, 'accumulated_submission_time': 18865.620224952698, 'accumulated_eval_time': 1663.290439605713, 'accumulated_logging_time': 0.4987039566040039}
I0306 05:21:49.001543 140502898910976 logging_writer.py:48] [4002] accumulated_eval_time=1663.29, accumulated_logging_time=0.498704, accumulated_submission_time=18865.6, global_step=4002, preemption_count=0, score=18865.6, test/ctc_loss=0.5639137029647827, test/num_examples=2472, test/wer=0.178986, total_duration=20529.9, train/ctc_loss=0.5346794128417969, train/wer=0.173538, validation/ctc_loss=0.8683943748474121, validation/num_examples=5348, validation/wer=0.247014
I0306 05:28:48.418534 140502890518272 logging_writer.py:48] [4100] global_step=4100, grad_norm=4.056411266326904, loss=1.9024990797042847
/usr/local/lib/python3.11/multiprocessing/popen_fork.py:66: RuntimeWarning: os.fork() was called. os.fork() is incompatible with multithreaded code, and JAX is multithreaded, so this will likely lead to a deadlock.
  self.pid = os.fork()
I0306 05:35:01.371580 140502571230976 logging_writer.py:48] [4200] global_step=4200, grad_norm=5.112921237945557, loss=1.9163144826889038
I0306 05:40:43.700726 140502562838272 logging_writer.py:48] [4300] global_step=4300, grad_norm=2.0480360984802246, loss=1.8834666013717651
I0306 05:45:51.943035 140642277762240 spec.py:321] Evaluating on the training split.
I0306 05:46:39.030540 140642277762240 spec.py:333] Evaluating on the validation split.
/usr/local/lib/python3.11/multiprocessing/popen_fork.py:66: RuntimeWarning: os.fork() was called. os.fork() is incompatible with multithreaded code, and JAX is multithreaded, so this will likely lead to a deadlock.
  self.pid = os.fork()
I0306 05:47:21.952848 140642277762240 spec.py:349] Evaluating on the test split.
/usr/local/lib/python3.11/multiprocessing/popen_fork.py:66: RuntimeWarning: os.fork() was called. os.fork() is incompatible with multithreaded code, and JAX is multithreaded, so this will likely lead to a deadlock.
  self.pid = os.fork()
I0306 05:47:43.678341 140642277762240 submission_runner.py:469] Time since start: 22084.56s, 	Step: 4381, 	{'train/ctc_loss': Array(0.5019508, dtype=float32), 'train/wer': np.float64(0.16340927309870446), 'validation/ctc_loss': Array(0.85728157, dtype=float32), 'validation/wer': np.float64(0.24428203172518995), 'validation/num_examples': 5348, 'test/ctc_loss': Array(0.53951347, dtype=float32), 'test/wer': np.float64(0.17037352994942417), 'test/num_examples': 2472, 'score': 20308.512132883072, 'total_duration': 22084.55869293213, 'accumulated_submission_time': 20308.512132883072, 'accumulated_eval_time': 1775.0232203006744, 'accumulated_logging_time': 0.5315990447998047}
I0306 05:47:43.699069 140502279390976 logging_writer.py:48] [4381] accumulated_eval_time=1775.02, accumulated_logging_time=0.531599, accumulated_submission_time=20308.5, global_step=4381, preemption_count=0, score=20308.5, test/ctc_loss=0.5395134687423706, test/num_examples=2472, test/wer=0.170374, total_duration=22084.6, train/ctc_loss=0.5019508004188538, train/wer=0.163409, validation/ctc_loss=0.8572815656661987, validation/num_examples=5348, validation/wer=0.244282
I0306 05:48:01.820914 140502270998272 logging_writer.py:48] [4400] global_step=4400, grad_norm=4.956713676452637, loss=1.7961348295211792
I0306 05:54:43.684812 140502279390976 logging_writer.py:48] [4500] global_step=4500, grad_norm=2.7981486320495605, loss=1.7740651369094849
I0306 06:02:51.901458 140502270998272 logging_writer.py:48] [4600] global_step=4600, grad_norm=2.583101511001587, loss=1.7481788396835327
I0306 06:11:40.761579 140502279390976 logging_writer.py:48] [4700] global_step=4700, grad_norm=3.405609130859375, loss=1.8050962686538696
I0306 06:11:54.610705 140642277762240 spec.py:321] Evaluating on the training split.
I0306 06:12:40.179342 140642277762240 spec.py:333] Evaluating on the validation split.
/usr/local/lib/python3.11/multiprocessing/popen_fork.py:66: RuntimeWarning: os.fork() was called. os.fork() is incompatible with multithreaded code, and JAX is multithreaded, so this will likely lead to a deadlock.
  self.pid = os.fork()
I0306 06:13:27.584462 140642277762240 spec.py:349] Evaluating on the test split.
/usr/local/lib/python3.11/multiprocessing/popen_fork.py:66: RuntimeWarning: os.fork() was called. os.fork() is incompatible with multithreaded code, and JAX is multithreaded, so this will likely lead to a deadlock.
  self.pid = os.fork()
I0306 06:13:49.427167 140642277762240 submission_runner.py:469] Time since start: 23650.31s, 	Step: 4703, 	{'train/ctc_loss': Array(0.4953061, dtype=float32), 'train/wer': np.float64(0.16743744875594163), 'validation/ctc_loss': Array(0.8399792, dtype=float32), 'validation/wer': np.float64(0.238585786419765), 'validation/num_examples': 5348, 'test/ctc_loss': Array(0.52984947, dtype=float32), 'test/wer': np.float64(0.16935795096784678), 'test/num_examples': 2472, 'score': 21759.380663633347, 'total_duration': 23650.307296037674, 'accumulated_submission_time': 21759.380663633347, 'accumulated_eval_time': 1889.836911201477, 'accumulated_logging_time': 0.5624380111694336}
I0306 06:13:49.477213 140502279390976 logging_writer.py:48] [4703] accumulated_eval_time=1889.84, accumulated_logging_time=0.562438, accumulated_submission_time=21759.4, global_step=4703, preemption_count=0, score=21759.4, test/ctc_loss=0.5298494696617126, test/num_examples=2472, test/wer=0.169358, total_duration=23650.3, train/ctc_loss=0.4953061044216156, train/wer=0.167437, validation/ctc_loss=0.8399791717529297, validation/num_examples=5348, validation/wer=0.238586
I0306 06:20:53.729012 140502270998272 logging_writer.py:48] [4800] global_step=4800, grad_norm=3.9358208179473877, loss=1.7937798500061035
I0306 06:30:01.398923 140502279390976 logging_writer.py:48] [4900] global_step=4900, grad_norm=2.536186695098877, loss=1.7532539367675781
I0306 06:38:03.845289 140642277762240 spec.py:321] Evaluating on the training split.
I0306 06:38:50.991792 140642277762240 spec.py:333] Evaluating on the validation split.
/usr/local/lib/python3.11/multiprocessing/popen_fork.py:66: RuntimeWarning: os.fork() was called. os.fork() is incompatible with multithreaded code, and JAX is multithreaded, so this will likely lead to a deadlock.
  self.pid = os.fork()
I0306 06:39:34.669800 140642277762240 spec.py:349] Evaluating on the test split.
/usr/local/lib/python3.11/multiprocessing/popen_fork.py:66: RuntimeWarning: os.fork() was called. os.fork() is incompatible with multithreaded code, and JAX is multithreaded, so this will likely lead to a deadlock.
  self.pid = os.fork()
I0306 06:39:57.320199 140642277762240 submission_runner.py:469] Time since start: 25218.20s, 	Step: 4985, 	{'train/ctc_loss': Array(0.4508368, dtype=float32), 'train/wer': np.float64(0.14929385600544895), 'validation/ctc_loss': Array(0.8187437, dtype=float32), 'validation/wer': np.float64(0.2322137154001371), 'validation/num_examples': 5348, 'test/ctc_loss': Array(0.51638556, dtype=float32), 'test/wer': np.float64(0.1636910202506449), 'test/num_examples': 2472, 'score': 23213.710428237915, 'total_duration': 25218.20051717758, 'accumulated_submission_time': 23213.710428237915, 'accumulated_eval_time': 2003.309245109558, 'accumulated_logging_time': 0.6227960586547852}
I0306 06:39:57.340642 140502279390976 logging_writer.py:48] [4985] accumulated_eval_time=2003.31, accumulated_logging_time=0.622796, accumulated_submission_time=23213.7, global_step=4985, preemption_count=0, score=23213.7, test/ctc_loss=0.516385555267334, test/num_examples=2472, test/wer=0.163691, total_duration=25218.2, train/ctc_loss=0.45083680748939514, train/wer=0.149294, validation/ctc_loss=0.8187437057495117, validation/num_examples=5348, validation/wer=0.232214
I0306 06:40:11.686213 140502270998272 logging_writer.py:48] [5000] global_step=5000, grad_norm=2.248718738555908, loss=1.6826560497283936
I0306 06:48:47.979775 140502279390976 logging_writer.py:48] [5100] global_step=5100, grad_norm=2.8218886852264404, loss=1.7928298711776733
/usr/local/lib/python3.11/multiprocessing/popen_fork.py:66: RuntimeWarning: os.fork() was called. os.fork() is incompatible with multithreaded code, and JAX is multithreaded, so this will likely lead to a deadlock.
  self.pid = os.fork()
I0306 06:56:21.604535 140501951710976 logging_writer.py:48] [5200] global_step=5200, grad_norm=3.2619876861572266, loss=1.7326185703277588
I0306 07:02:07.645314 140501943318272 logging_writer.py:48] [5300] global_step=5300, grad_norm=3.654226064682007, loss=1.839402198791504
I0306 07:04:09.150984 140642277762240 spec.py:321] Evaluating on the training split.
I0306 07:04:57.521822 140642277762240 spec.py:333] Evaluating on the validation split.
/usr/local/lib/python3.11/multiprocessing/popen_fork.py:66: RuntimeWarning: os.fork() was called. os.fork() is incompatible with multithreaded code, and JAX is multithreaded, so this will likely lead to a deadlock.
  self.pid = os.fork()
I0306 07:05:41.165625 140642277762240 spec.py:349] Evaluating on the test split.
/usr/local/lib/python3.11/multiprocessing/popen_fork.py:66: RuntimeWarning: os.fork() was called. os.fork() is incompatible with multithreaded code, and JAX is multithreaded, so this will likely lead to a deadlock.
  self.pid = os.fork()
I0306 07:06:03.984542 140642277762240 submission_runner.py:469] Time since start: 26784.86s, 	Step: 5332, 	{'train/ctc_loss': Array(0.48407605, dtype=float32), 'train/wer': np.float64(0.16035168731575583), 'validation/ctc_loss': Array(0.81225634, dtype=float32), 'validation/wer': np.float64(0.23227164331849734), 'validation/num_examples': 5348, 'test/ctc_loss': Array(0.50940686, dtype=float32), 'test/wer': np.float64(0.16312229602096154), 'test/num_examples': 2472, 'score': 24665.474947214127, 'total_duration': 26784.864803552628, 'accumulated_submission_time': 24665.474947214127, 'accumulated_eval_time': 2118.1402020454407, 'accumulated_logging_time': 0.6535916328430176}
I0306 07:06:04.006654 140501951710976 logging_writer.py:48] [5332] accumulated_eval_time=2118.14, accumulated_logging_time=0.653592, accumulated_submission_time=24665.5, global_step=5332, preemption_count=0, score=24665.5, test/ctc_loss=0.5094068646430969, test/num_examples=2472, test/wer=0.163122, total_duration=26784.9, train/ctc_loss=0.48407605290412903, train/wer=0.160352, validation/ctc_loss=0.8122563362121582, validation/num_examples=5348, validation/wer=0.232272
I0306 07:08:56.530039 140501943318272 logging_writer.py:48] [5400] global_step=5400, grad_norm=2.6833231449127197, loss=1.7566072940826416
I0306 07:16:21.326633 140501951710976 logging_writer.py:48] [5500] global_step=5500, grad_norm=2.4881978034973145, loss=1.763940691947937
I0306 07:24:58.877144 140501943318272 logging_writer.py:48] [5600] global_step=5600, grad_norm=2.2870988845825195, loss=1.8065298795700073
