torchrun --redirects 1:0,2:0,3:0 --standalone --nnodes=1 --nproc_per_node=4 submission_runner.py --framework=pytorch --workload=fastmri --submission_path=submissions_algorithms/submissions/self_tuning/ademamix_golden/submission.py --data_dir=/data/fastmri --experiment_dir=/experiment_runs --experiment_name=submissions_a100/ademamix_golden/study_2 --overwrite=True --save_checkpoints=False --rng_seed=-482250772 --torch_compile=true --tuning_ruleset=self 2>&1 | tee -a /logs/fastmri_pytorch_09-16-2026-07-15-03.log
W0916 07:15:12.165000 9 site-packages/torch/distributed/run.py:803] 
W0916 07:15:12.165000 9 site-packages/torch/distributed/run.py:803] *****************************************
W0916 07:15:12.165000 9 site-packages/torch/distributed/run.py:803] Setting OMP_NUM_THREADS environment variable for each process to be 1 in default, to avoid your system being overloaded, please further tune the variable for optimal performance in your application as needed. 
W0916 07:15:12.165000 9 site-packages/torch/distributed/run.py:803] *****************************************
2026-09-16 07:15:17.434716: E external/local_xla/xla/stream_executor/cuda/cuda_fft.cc:467] Unable to register cuFFT factory: Attempting to register factory for plugin cuFFT when one has already been registered
2026-09-16 07:15:17.434715: E external/local_xla/xla/stream_executor/cuda/cuda_fft.cc:467] Unable to register cuFFT factory: Attempting to register factory for plugin cuFFT when one has already been registered
2026-09-16 07:15:17.434715: E external/local_xla/xla/stream_executor/cuda/cuda_fft.cc:467] Unable to register cuFFT factory: Attempting to register factory for plugin cuFFT when one has already been registered
2026-09-16 07:15:17.434716: E external/local_xla/xla/stream_executor/cuda/cuda_fft.cc:467] Unable to register cuFFT factory: Attempting to register factory for plugin cuFFT when one has already been registered
WARNING: All log messages before absl::InitializeLog() is called are written to STDERR
WARNING: All log messages before absl::InitializeLog() is called are written to STDERR
WARNING: All log messages before absl::InitializeLog() is called are written to STDERR
E0000 00:00:1789542917.459761      38 cuda_dnn.cc:8579] Unable to register cuDNN factory: Attempting to register factory for plugin cuDNN when one has already been registered
E0000 00:00:1789542917.459795      41 cuda_dnn.cc:8579] Unable to register cuDNN factory: Attempting to register factory for plugin cuDNN when one has already been registered
E0000 00:00:1789542917.459773      39 cuda_dnn.cc:8579] Unable to register cuDNN factory: Attempting to register factory for plugin cuDNN when one has already been registered
WARNING: All log messages before absl::InitializeLog() is called are written to STDERR
E0000 00:00:1789542917.459761      40 cuda_dnn.cc:8579] Unable to register cuDNN factory: Attempting to register factory for plugin cuDNN when one has already been registered
E0000 00:00:1789542917.467954      40 cuda_blas.cc:1407] Unable to register cuBLAS factory: Attempting to register factory for plugin cuBLAS when one has already been registered
E0000 00:00:1789542917.467954      41 cuda_blas.cc:1407] Unable to register cuBLAS factory: Attempting to register factory for plugin cuBLAS when one has already been registered
E0000 00:00:1789542917.467953      38 cuda_blas.cc:1407] Unable to register cuBLAS factory: Attempting to register factory for plugin cuBLAS when one has already been registered
E0000 00:00:1789542917.467955      39 cuda_blas.cc:1407] Unable to register cuBLAS factory: Attempting to register factory for plugin cuBLAS when one has already been registered
W0000 00:00:1789542917.495238      41 computation_placer.cc:177] computation placer already registered. Please check linkage and avoid linking the same target more than once.
W0000 00:00:1789542917.495238      39 computation_placer.cc:177] computation placer already registered. Please check linkage and avoid linking the same target more than once.
W0000 00:00:1789542917.495237      38 computation_placer.cc:177] computation placer already registered. Please check linkage and avoid linking the same target more than once.
W0000 00:00:1789542917.495240      40 computation_placer.cc:177] computation placer already registered. Please check linkage and avoid linking the same target more than once.
W0000 00:00:1789542917.495269      39 computation_placer.cc:177] computation placer already registered. Please check linkage and avoid linking the same target more than once.
W0000 00:00:1789542917.495269      38 computation_placer.cc:177] computation placer already registered. Please check linkage and avoid linking the same target more than once.
W0000 00:00:1789542917.495270      40 computation_placer.cc:177] computation placer already registered. Please check linkage and avoid linking the same target more than once.
W0000 00:00:1789542917.495271      39 computation_placer.cc:177] computation placer already registered. Please check linkage and avoid linking the same target more than once.
W0000 00:00:1789542917.495272      38 computation_placer.cc:177] computation placer already registered. Please check linkage and avoid linking the same target more than once.
W0000 00:00:1789542917.495273      40 computation_placer.cc:177] computation placer already registered. Please check linkage and avoid linking the same target more than once.
W0000 00:00:1789542917.495273      39 computation_placer.cc:177] computation placer already registered. Please check linkage and avoid linking the same target more than once.
W0000 00:00:1789542917.495274      38 computation_placer.cc:177] computation placer already registered. Please check linkage and avoid linking the same target more than once.
W0000 00:00:1789542917.495273      41 computation_placer.cc:177] computation placer already registered. Please check linkage and avoid linking the same target more than once.
W0000 00:00:1789542917.495275      40 computation_placer.cc:177] computation placer already registered. Please check linkage and avoid linking the same target more than once.
W0000 00:00:1789542917.495276      41 computation_placer.cc:177] computation placer already registered. Please check linkage and avoid linking the same target more than once.
W0000 00:00:1789542917.495278      41 computation_placer.cc:177] computation placer already registered. Please check linkage and avoid linking the same target more than once.
W0000 00:00:1789542942.563291      41 gpu_device.cc:2341] Cannot dlopen some GPU libraries. Please make sure the missing libraries mentioned above are installed properly if you would like to use GPU. Follow the guide at https://www.tensorflow.org/install/gpu for how to download and setup the required libraries for your platform.
Skipping registering GPU devices...
W0000 00:00:1789542942.563307      38 gpu_device.cc:2341] Cannot dlopen some GPU libraries. Please make sure the missing libraries mentioned above are installed properly if you would like to use GPU. Follow the guide at https://www.tensorflow.org/install/gpu for how to download and setup the required libraries for your platform.
Skipping registering GPU devices...
W0000 00:00:1789542942.563291      39 gpu_device.cc:2341] Cannot dlopen some GPU libraries. Please make sure the missing libraries mentioned above are installed properly if you would like to use GPU. Follow the guide at https://www.tensorflow.org/install/gpu for how to download and setup the required libraries for your platform.
Skipping registering GPU devices...
W0000 00:00:1789542942.614465      40 gpu_device.cc:2341] Cannot dlopen some GPU libraries. Please make sure the missing libraries mentioned above are installed properly if you would like to use GPU. Follow the guide at https://www.tensorflow.org/install/gpu for how to download and setup the required libraries for your platform.
Skipping registering GPU devices...
/usr/local/lib/python3.11/site-packages/torch/__init__.py:1617: UserWarning: Please use the new API settings to control TF32 behavior, such as torch.backends.cudnn.conv.fp32_precision = 'tf32' or torch.backends.cuda.matmul.fp32_precision = 'ieee'. Old settings, e.g, torch.backends.cuda.matmul.allow_tf32 = True, torch.backends.cudnn.allow_tf32 = True, allowTF32CuDNN() and allowTF32CuBLAS() will be deprecated after Pytorch 2.9. Please see https://pytorch.org/docs/main/notes/cuda.html#tensorfloat-32-tf32-on-ampere-and-later-devices (Triggered internally at /pytorch/aten/src/ATen/Context.cpp:80.)
  _C._set_float32_matmul_precision(precision)
/usr/local/lib/python3.11/site-packages/torch/__init__.py:1617: UserWarning: Please use the new API settings to control TF32 behavior, such as torch.backends.cudnn.conv.fp32_precision = 'tf32' or torch.backends.cuda.matmul.fp32_precision = 'ieee'. Old settings, e.g, torch.backends.cuda.matmul.allow_tf32 = True, torch.backends.cudnn.allow_tf32 = True, allowTF32CuDNN() and allowTF32CuBLAS() will be deprecated after Pytorch 2.9. Please see https://pytorch.org/docs/main/notes/cuda.html#tensorfloat-32-tf32-on-ampere-and-later-devices (Triggered internally at /pytorch/aten/src/ATen/Context.cpp:80.)
  _C._set_float32_matmul_precision(precision)
/usr/local/lib/python3.11/site-packages/torch/__init__.py:1617: UserWarning: Please use the new API settings to control TF32 behavior, such as torch.backends.cudnn.conv.fp32_precision = 'tf32' or torch.backends.cuda.matmul.fp32_precision = 'ieee'. Old settings, e.g, torch.backends.cuda.matmul.allow_tf32 = True, torch.backends.cudnn.allow_tf32 = True, allowTF32CuDNN() and allowTF32CuBLAS() will be deprecated after Pytorch 2.9. Please see https://pytorch.org/docs/main/notes/cuda.html#tensorfloat-32-tf32-on-ampere-and-later-devices (Triggered internally at /pytorch/aten/src/ATen/Context.cpp:80.)
  _C._set_float32_matmul_precision(precision)
/usr/local/lib/python3.11/site-packages/torch/__init__.py:1617: UserWarning: Please use the new API settings to control TF32 behavior, such as torch.backends.cudnn.conv.fp32_precision = 'tf32' or torch.backends.cuda.matmul.fp32_precision = 'ieee'. Old settings, e.g, torch.backends.cuda.matmul.allow_tf32 = True, torch.backends.cudnn.allow_tf32 = True, allowTF32CuDNN() and allowTF32CuBLAS() will be deprecated after Pytorch 2.9. Please see https://pytorch.org/docs/main/notes/cuda.html#tensorfloat-32-tf32-on-ampere-and-later-devices (Triggered internally at /pytorch/aten/src/ATen/Context.cpp:80.)
  _C._set_float32_matmul_precision(precision)
/usr/local/lib/python3.11/site-packages/pydantic/_internal/_generate_schema.py:2249: UnsupportedFieldAttributeWarning: The 'repr' attribute with value False was provided to the `Field()` function, which has no effect in the context it was used. 'repr' is field-specific metadata, and can only be attached to a model field using `Annotated` metadata or by assignment. This may have happened because an `Annotated` type alias using the `type` statement was used, or if the `Field()` function was attached to a single member of a union type.
  warnings.warn(
/usr/local/lib/python3.11/site-packages/pydantic/_internal/_generate_schema.py:2249: UnsupportedFieldAttributeWarning: The 'repr' attribute with value False was provided to the `Field()` function, which has no effect in the context it was used. 'repr' is field-specific metadata, and can only be attached to a model field using `Annotated` metadata or by assignment. This may have happened because an `Annotated` type alias using the `type` statement was used, or if the `Field()` function was attached to a single member of a union type.
  warnings.warn(
/usr/local/lib/python3.11/site-packages/pydantic/_internal/_generate_schema.py:2249: UnsupportedFieldAttributeWarning: The 'repr' attribute with value False was provided to the `Field()` function, which has no effect in the context it was used. 'repr' is field-specific metadata, and can only be attached to a model field using `Annotated` metadata or by assignment. This may have happened because an `Annotated` type alias using the `type` statement was used, or if the `Field()` function was attached to a single member of a union type.
  warnings.warn(
/usr/local/lib/python3.11/site-packages/pydantic/_internal/_generate_schema.py:2249: UnsupportedFieldAttributeWarning: The 'repr' attribute with value False was provided to the `Field()` function, which has no effect in the context it was used. 'repr' is field-specific metadata, and can only be attached to a model field using `Annotated` metadata or by assignment. This may have happened because an `Annotated` type alias using the `type` statement was used, or if the `Field()` function was attached to a single member of a union type.
  warnings.warn(
/usr/local/lib/python3.11/site-packages/pydantic/_internal/_generate_schema.py:2249: UnsupportedFieldAttributeWarning: The 'frozen' attribute with value True was provided to the `Field()` function, which has no effect in the context it was used. 'frozen' is field-specific metadata, and can only be attached to a model field using `Annotated` metadata or by assignment. This may have happened because an `Annotated` type alias using the `type` statement was used, or if the `Field()` function was attached to a single member of a union type.
  warnings.warn(
/usr/local/lib/python3.11/site-packages/pydantic/_internal/_generate_schema.py:2249: UnsupportedFieldAttributeWarning: The 'frozen' attribute with value True was provided to the `Field()` function, which has no effect in the context it was used. 'frozen' is field-specific metadata, and can only be attached to a model field using `Annotated` metadata or by assignment. This may have happened because an `Annotated` type alias using the `type` statement was used, or if the `Field()` function was attached to a single member of a union type.
  warnings.warn(
/usr/local/lib/python3.11/site-packages/pydantic/_internal/_generate_schema.py:2249: UnsupportedFieldAttributeWarning: The 'frozen' attribute with value True was provided to the `Field()` function, which has no effect in the context it was used. 'frozen' is field-specific metadata, and can only be attached to a model field using `Annotated` metadata or by assignment. This may have happened because an `Annotated` type alias using the `type` statement was used, or if the `Field()` function was attached to a single member of a union type.
  warnings.warn(
/usr/local/lib/python3.11/site-packages/pydantic/_internal/_generate_schema.py:2249: UnsupportedFieldAttributeWarning: The 'frozen' attribute with value True was provided to the `Field()` function, which has no effect in the context it was used. 'frozen' is field-specific metadata, and can only be attached to a model field using `Annotated` metadata or by assignment. This may have happened because an `Annotated` type alias using the `type` statement was used, or if the `Field()` function was attached to a single member of a union type.
  warnings.warn(
/usr/local/lib/python3.11/site-packages/torch/distributed/distributed_c10d.py:4876: UserWarning: barrier(): using the device under current context. You can specify `device_id` in `init_process_group` to mute this warning.
  warnings.warn(  # warn only once
[rank0]:[W916 07:15:57.109509647 ProcessGroupNCCL.cpp:5068] Guessing device ID based on global rank. This can cause a hang if rank to GPU mapping is heterogeneous. You can specify device_id in init_process_group()
I0916 07:15:58.566359 140223838586048 logger_utils.py:84] Creating experiment directory at /experiment_runs/submissions_a100/ademamix_golden/study_2/fastmri_pytorch.
I0916 07:15:58.566357 140589535540416 logger_utils.py:84] Creating experiment directory at /experiment_runs/submissions_a100/ademamix_golden/study_2/fastmri_pytorch.
I0916 07:15:58.566357 140667564225728 logger_utils.py:84] Creating experiment directory at /experiment_runs/submissions_a100/ademamix_golden/study_2/fastmri_pytorch.
I0916 07:15:58.566387 139674797225152 logger_utils.py:84] Creating experiment directory at /experiment_runs/submissions_a100/ademamix_golden/study_2/fastmri_pytorch.
I0916 07:15:58.593064 140223838586048 submission_runner.py:741] Creating directory at /experiment_runs/submissions_a100/ademamix_golden/study_2/fastmri_pytorch/trial_1.
I0916 07:15:58.911149 140223838586048 submission_runner.py:242] Initializing dataset.
I0916 07:15:58.911326 140223838586048 submission_runner.py:251] Initializing model.
I0916 07:15:59.136360 140223838586048 submission_runner.py:290] Performing `torch.compile`.
I0916 07:16:03.292139 140223838586048 submission_runner.py:294] Initializing optimizer.
I0916 07:16:03.292765 140223838586048 submission_runner.py:299] Initializing metrics bundle.
I0916 07:16:03.292914 140223838586048 submission_runner.py:321] Initializing checkpoint and logger.
I0916 07:16:03.295950 140223838586048 submission_runner.py:344] Saving meta data to /experiment_runs/submissions_a100/ademamix_golden/study_2/fastmri_pytorch/trial_1/meta_data_0.json.
I0916 07:16:03.296020 139674797225152 logger_utils.py:283] Unable to record workload.train_mean information. Continuing without it.
I0916 07:16:03.296024 140667564225728 logger_utils.py:283] Unable to record workload.train_mean information. Continuing without it.
I0916 07:16:03.296035 140589535540416 logger_utils.py:283] Unable to record workload.train_mean information. Continuing without it.
I0916 07:16:03.296142 140223838586048 logger_utils.py:283] Unable to record workload.train_mean information. Continuing without it.
I0916 07:16:03.296175 140667564225728 logger_utils.py:283] Unable to record workload.train_stddev information. Continuing without it.
I0916 07:16:03.296179 139674797225152 logger_utils.py:283] Unable to record workload.train_stddev information. Continuing without it.
I0916 07:16:03.296183 140589535540416 logger_utils.py:283] Unable to record workload.train_stddev information. Continuing without it.
I0916 07:16:03.296198 140223838586048 logger_utils.py:283] Unable to record workload.train_stddev information. Continuing without it.
I0916 07:16:03.691308 140223838586048 submission_runner.py:348] Saving flags to /experiment_runs/submissions_a100/ademamix_golden/study_2/fastmri_pytorch/trial_1/flags_0.json.
I0916 07:16:03.747940 140223838586048 submission_runner.py:359] Starting training loop.
[rank2]:W0916 07:16:03.898000 40 site-packages/torch/_logging/_internal.py:1199] [0/0] Profiler function <class 'torch.autograd.profiler.record_function'> will be ignored
[rank1]:W0916 07:16:03.898000 39 site-packages/torch/_logging/_internal.py:1199] [0/0] Profiler function <class 'torch.autograd.profiler.record_function'> will be ignored
[rank3]:W0916 07:16:03.898000 41 site-packages/torch/_logging/_internal.py:1199] [0/0] Profiler function <class 'torch.autograd.profiler.record_function'> will be ignored
WARNING:tensorflow:AutoGraph could not transform <function array at 0x7f8855b380e0> and will run it as-is.
Please report this to the TensorFlow team. When filing the bug, set the verbosity to 10 (on Linux, `export AUTOGRAPH_VERBOSITY=10`) and attach the full output.
Cause: (<gast.gast.NamedExpr object at 0x7f85cc2640d0>, (leaf_jax_array := getattr(leaf, '__jax_array__', None)))
To silence this warning, decorate the function with @tf.autograph.experimental.do_not_convert
W0916 07:16:05.370208 140223838586048 ag_logging.py:142] AutoGraph could not transform <function array at 0x7f8855b380e0> and will run it as-is.
Please report this to the TensorFlow team. When filing the bug, set the verbosity to 10 (on Linux, `export AUTOGRAPH_VERBOSITY=10`) and attach the full output.
Cause: (<gast.gast.NamedExpr object at 0x7f85cc2640d0>, (leaf_jax_array := getattr(leaf, '__jax_array__', None)))
To silence this warning, decorate the function with @tf.autograph.experimental.do_not_convert
WARNING:tensorflow:AutoGraph could not transform <function standard_insert_pvary at 0x7f88567c0d60> and will run it as-is.
Please report this to the TensorFlow team. When filing the bug, set the verbosity to 10 (on Linux, `export AUTOGRAPH_VERBOSITY=10`) and attach the full output.
Cause: (<gast.gast.NamedExpr object at 0x7f85cc264d00>, (aval := get_aval(a)))
To silence this warning, decorate the function with @tf.autograph.experimental.do_not_convert
W0916 07:16:06.044820 140223838586048 ag_logging.py:142] AutoGraph could not transform <function standard_insert_pvary at 0x7f88567c0d60> and will run it as-is.
Please report this to the TensorFlow team. When filing the bug, set the verbosity to 10 (on Linux, `export AUTOGRAPH_VERBOSITY=10`) and attach the full output.
Cause: (<gast.gast.NamedExpr object at 0x7f85cc264d00>, (aval := get_aval(a)))
To silence this warning, decorate the function with @tf.autograph.experimental.do_not_convert
[rank0]:W0916 07:18:46.604000 38 site-packages/torch/_logging/_internal.py:1199] [0/0] Profiler function <class 'torch.autograd.profiler.record_function'> will be ignored
I0916 07:19:45.610238 140180543145728 logging_writer.py:48] [0] global_step=0, grad_norm=0.5, loss=0.897861
I0916 07:19:45.789140 140223838586048 submission.py:307] 0) loss = 0.898, grad_norm = 0.500
I0916 07:19:46.433442 140223838586048 spec.py:333] Evaluating on the training split.
[rank2]:W0916 07:20:20.916000 40 site-packages/torch/_dynamo/convert_frame.py:1358] [5/8] torch._dynamo hit config.recompile_limit (8)
[rank2]:W0916 07:20:20.916000 40 site-packages/torch/_dynamo/convert_frame.py:1358] [5/8]    function: 'forward' (/algorithmic-efficiency/algoperf/workloads/fastmri/fastmri_pytorch/models.py:139)
[rank2]:W0916 07:20:20.916000 40 site-packages/torch/_dynamo/convert_frame.py:1358] [5/8]    last reason: 5/7: GLOBAL_STATE changed: grad_mode 
[rank2]:W0916 07:20:20.916000 40 site-packages/torch/_dynamo/convert_frame.py:1358] [5/8] To log all recompilation reasons, use TORCH_LOGS="recompiles".
[rank2]:W0916 07:20:20.916000 40 site-packages/torch/_dynamo/convert_frame.py:1358] [5/8] To diagnose recompilation issues, see https://pytorch.org/docs/main/torch.compiler_troubleshooting.html
[rank0]:W0916 07:20:20.917000 38 site-packages/torch/_dynamo/convert_frame.py:1358] [5/8] torch._dynamo hit config.recompile_limit (8)
[rank0]:W0916 07:20:20.917000 38 site-packages/torch/_dynamo/convert_frame.py:1358] [5/8]    function: 'forward' (/algorithmic-efficiency/algoperf/workloads/fastmri/fastmri_pytorch/models.py:139)
[rank0]:W0916 07:20:20.917000 38 site-packages/torch/_dynamo/convert_frame.py:1358] [5/8]    last reason: 5/7: GLOBAL_STATE changed: grad_mode 
[rank0]:W0916 07:20:20.917000 38 site-packages/torch/_dynamo/convert_frame.py:1358] [5/8] To log all recompilation reasons, use TORCH_LOGS="recompiles".
[rank0]:W0916 07:20:20.917000 38 site-packages/torch/_dynamo/convert_frame.py:1358] [5/8] To diagnose recompilation issues, see https://pytorch.org/docs/main/torch.compiler_troubleshooting.html
[rank3]:W0916 07:20:20.931000 41 site-packages/torch/_dynamo/convert_frame.py:1358] [5/8] torch._dynamo hit config.recompile_limit (8)
[rank3]:W0916 07:20:20.931000 41 site-packages/torch/_dynamo/convert_frame.py:1358] [5/8]    function: 'forward' (/algorithmic-efficiency/algoperf/workloads/fastmri/fastmri_pytorch/models.py:139)
[rank3]:W0916 07:20:20.931000 41 site-packages/torch/_dynamo/convert_frame.py:1358] [5/8]    last reason: 5/7: GLOBAL_STATE changed: grad_mode 
[rank3]:W0916 07:20:20.931000 41 site-packages/torch/_dynamo/convert_frame.py:1358] [5/8] To log all recompilation reasons, use TORCH_LOGS="recompiles".
[rank3]:W0916 07:20:20.931000 41 site-packages/torch/_dynamo/convert_frame.py:1358] [5/8] To diagnose recompilation issues, see https://pytorch.org/docs/main/torch.compiler_troubleshooting.html
[rank1]:W0916 07:20:20.983000 39 site-packages/torch/_dynamo/convert_frame.py:1358] [5/8] torch._dynamo hit config.recompile_limit (8)
[rank1]:W0916 07:20:20.983000 39 site-packages/torch/_dynamo/convert_frame.py:1358] [5/8]    function: 'forward' (/algorithmic-efficiency/algoperf/workloads/fastmri/fastmri_pytorch/models.py:139)
[rank1]:W0916 07:20:20.983000 39 site-packages/torch/_dynamo/convert_frame.py:1358] [5/8]    last reason: 5/7: GLOBAL_STATE changed: grad_mode 
[rank1]:W0916 07:20:20.983000 39 site-packages/torch/_dynamo/convert_frame.py:1358] [5/8] To log all recompilation reasons, use TORCH_LOGS="recompiles".
[rank1]:W0916 07:20:20.983000 39 site-packages/torch/_dynamo/convert_frame.py:1358] [5/8] To diagnose recompilation issues, see https://pytorch.org/docs/main/torch.compiler_troubleshooting.html
I0916 07:20:39.779754 140223838586048 spec.py:346] Evaluating on the validation split.
I0916 07:20:59.303418 140223838586048 spec.py:363] Evaluating on the test split.
I0916 07:21:17.975130 140223838586048 submission_runner.py:516] Time since start: 314.23s, 	Step: 1, 	{'train/ssim': 0.22977437291826522, 'train/loss': 0.8759488378252301, 'validation/ssim': 0.22483335375852911, 'validation/loss': 0.8778175779051772, 'validation/num_examples': 3554, 'test/ssim': 0.2473212707911547, 'test/loss': 0.8789597686793145, 'test/num_examples': 3581, 'score': 222.04259419441223, 'total_duration': 314.2272608280182, 'accumulated_submission_time': 222.04259419441223, 'accumulated_eval_time': 91.54177331924438, 'accumulated_logging_time': 0}
I0916 07:21:17.996080 140150268122880 logging_writer.py:48] [1] accumulated_eval_time=91.5418, accumulated_logging_time=0, accumulated_submission_time=222.043, global_step=1, preemption_count=0, score=222.043, test/loss=0.87896, test/num_examples=3581, test/ssim=0.247321, total_duration=314.227, train/loss=0.875949, train/ssim=0.229774, validation/loss=0.877818, validation/num_examples=3554, validation/ssim=0.224833
I0916 07:21:18.745254 140150259730176 logging_writer.py:48] [1] global_step=1, grad_norm=0.5, loss=0.880655
I0916 07:21:18.750798 140223838586048 submission.py:307] 1) loss = 0.881, grad_norm = 0.500
I0916 07:21:18.853418 140150268122880 logging_writer.py:48] [2] global_step=2, grad_norm=0.5, loss=0.858001
I0916 07:21:18.857663 140223838586048 submission.py:307] 2) loss = 0.858, grad_norm = 0.500
I0916 07:21:18.945441 140150259730176 logging_writer.py:48] [3] global_step=3, grad_norm=0.5, loss=0.878988
I0916 07:21:18.950929 140223838586048 submission.py:307] 3) loss = 0.879, grad_norm = 0.500
I0916 07:21:19.045527 140150268122880 logging_writer.py:48] [4] global_step=4, grad_norm=0.5, loss=0.843815
I0916 07:21:19.050755 140223838586048 submission.py:307] 4) loss = 0.844, grad_norm = 0.500
I0916 07:21:19.148635 140150259730176 logging_writer.py:48] [5] global_step=5, grad_norm=0.5, loss=0.877881
I0916 07:21:19.153304 140223838586048 submission.py:307] 5) loss = 0.878, grad_norm = 0.500
I0916 07:21:19.248469 140150268122880 logging_writer.py:48] [6] global_step=6, grad_norm=0.5, loss=0.852087
I0916 07:21:19.254560 140223838586048 submission.py:307] 6) loss = 0.852, grad_norm = 0.500
I0916 07:21:19.359627 140150259730176 logging_writer.py:48] [7] global_step=7, grad_norm=0.5, loss=0.833812
I0916 07:21:19.365941 140223838586048 submission.py:307] 7) loss = 0.834, grad_norm = 0.500
I0916 07:21:19.448514 140150268122880 logging_writer.py:48] [8] global_step=8, grad_norm=0.5, loss=0.841128
I0916 07:21:19.453469 140223838586048 submission.py:307] 8) loss = 0.841, grad_norm = 0.500
I0916 07:21:19.540473 140150259730176 logging_writer.py:48] [9] global_step=9, grad_norm=0.5, loss=0.784977
I0916 07:21:19.544710 140223838586048 submission.py:307] 9) loss = 0.785, grad_norm = 0.500
I0916 07:21:19.642653 140150268122880 logging_writer.py:48] [10] global_step=10, grad_norm=0.5, loss=0.794825
I0916 07:21:19.647905 140223838586048 submission.py:307] 10) loss = 0.795, grad_norm = 0.500
I0916 07:21:19.742073 140150259730176 logging_writer.py:48] [11] global_step=11, grad_norm=0.5, loss=0.764428
I0916 07:21:19.746437 140223838586048 submission.py:307] 11) loss = 0.764, grad_norm = 0.500
I0916 07:21:19.844245 140150268122880 logging_writer.py:48] [12] global_step=12, grad_norm=0.5, loss=0.798895
I0916 07:21:19.848038 140223838586048 submission.py:307] 12) loss = 0.799, grad_norm = 0.500
I0916 07:21:19.943022 140150259730176 logging_writer.py:48] [13] global_step=13, grad_norm=0.5, loss=0.874529
I0916 07:21:19.946905 140223838586048 submission.py:307] 13) loss = 0.875, grad_norm = 0.500
I0916 07:21:20.050816 140150268122880 logging_writer.py:48] [14] global_step=14, grad_norm=0.5, loss=0.7575
I0916 07:21:20.058222 140223838586048 submission.py:307] 14) loss = 0.758, grad_norm = 0.500
I0916 07:21:20.151981 140150259730176 logging_writer.py:48] [15] global_step=15, grad_norm=0.5, loss=0.756859
I0916 07:21:20.157058 140223838586048 submission.py:307] 15) loss = 0.757, grad_norm = 0.500
I0916 07:21:20.246595 140150268122880 logging_writer.py:48] [16] global_step=16, grad_norm=0.5, loss=0.788762
I0916 07:21:20.250840 140223838586048 submission.py:307] 16) loss = 0.789, grad_norm = 0.500
I0916 07:21:20.341822 140150259730176 logging_writer.py:48] [17] global_step=17, grad_norm=0.5, loss=0.748746
I0916 07:21:20.347151 140223838586048 submission.py:307] 17) loss = 0.749, grad_norm = 0.500
I0916 07:21:20.445037 140150268122880 logging_writer.py:48] [18] global_step=18, grad_norm=0.5, loss=0.736565
I0916 07:21:20.449274 140223838586048 submission.py:307] 18) loss = 0.737, grad_norm = 0.500
I0916 07:21:20.539270 140150259730176 logging_writer.py:48] [19] global_step=19, grad_norm=0.5, loss=0.665562
I0916 07:21:20.544351 140223838586048 submission.py:307] 19) loss = 0.666, grad_norm = 0.500
I0916 07:21:20.642290 140150268122880 logging_writer.py:48] [20] global_step=20, grad_norm=0.5, loss=0.624444
I0916 07:21:20.646170 140223838586048 submission.py:307] 20) loss = 0.624, grad_norm = 0.500
I0916 07:21:20.734215 140150259730176 logging_writer.py:48] [21] global_step=21, grad_norm=0.5, loss=0.693257
I0916 07:21:20.738137 140223838586048 submission.py:307] 21) loss = 0.693, grad_norm = 0.500
I0916 07:21:20.829987 140150268122880 logging_writer.py:48] [22] global_step=22, grad_norm=0.5, loss=0.58791
I0916 07:21:20.835769 140223838586048 submission.py:307] 22) loss = 0.588, grad_norm = 0.500
I0916 07:21:20.927850 140150259730176 logging_writer.py:48] [23] global_step=23, grad_norm=0.5, loss=0.647663
I0916 07:21:20.932074 140223838586048 submission.py:307] 23) loss = 0.648, grad_norm = 0.500
I0916 07:21:21.028773 140150268122880 logging_writer.py:48] [24] global_step=24, grad_norm=0.5, loss=0.545512
I0916 07:21:21.034892 140223838586048 submission.py:307] 24) loss = 0.546, grad_norm = 0.500
I0916 07:21:21.127374 140150259730176 logging_writer.py:48] [25] global_step=25, grad_norm=0.5, loss=0.56284
I0916 07:21:21.133261 140223838586048 submission.py:307] 25) loss = 0.563, grad_norm = 0.500
I0916 07:21:21.231411 140150268122880 logging_writer.py:48] [26] global_step=26, grad_norm=0.5, loss=0.569839
I0916 07:21:21.235829 140223838586048 submission.py:307] 26) loss = 0.570, grad_norm = 0.500
I0916 07:21:21.324151 140150259730176 logging_writer.py:48] [27] global_step=27, grad_norm=0.5, loss=0.478572
I0916 07:21:21.328399 140223838586048 submission.py:307] 27) loss = 0.479, grad_norm = 0.500
I0916 07:21:21.427382 140150268122880 logging_writer.py:48] [28] global_step=28, grad_norm=0.5, loss=0.524543
I0916 07:21:21.432628 140223838586048 submission.py:307] 28) loss = 0.525, grad_norm = 0.500
I0916 07:21:21.527302 140150259730176 logging_writer.py:48] [29] global_step=29, grad_norm=0.5, loss=0.465479
I0916 07:21:21.532274 140223838586048 submission.py:307] 29) loss = 0.465, grad_norm = 0.500
I0916 07:21:21.623224 140150268122880 logging_writer.py:48] [30] global_step=30, grad_norm=0.499999, loss=0.461461
I0916 07:21:21.627694 140223838586048 submission.py:307] 30) loss = 0.461, grad_norm = 0.500
I0916 07:21:21.710118 140150259730176 logging_writer.py:48] [31] global_step=31, grad_norm=0.5, loss=0.511531
I0916 07:21:21.715008 140223838586048 submission.py:307] 31) loss = 0.512, grad_norm = 0.500
I0916 07:21:21.809506 140150268122880 logging_writer.py:48] [32] global_step=32, grad_norm=0.499999, loss=0.512397
I0916 07:21:21.813955 140223838586048 submission.py:307] 32) loss = 0.512, grad_norm = 0.500
I0916 07:21:21.901352 140150259730176 logging_writer.py:48] [33] global_step=33, grad_norm=0.499999, loss=0.491378
I0916 07:21:21.906093 140223838586048 submission.py:307] 33) loss = 0.491, grad_norm = 0.500
I0916 07:21:21.987554 140150268122880 logging_writer.py:48] [34] global_step=34, grad_norm=0.499999, loss=0.43253
I0916 07:21:21.995080 140223838586048 submission.py:307] 34) loss = 0.433, grad_norm = 0.500
I0916 07:21:22.083421 140150259730176 logging_writer.py:48] [35] global_step=35, grad_norm=0.499999, loss=0.494432
I0916 07:21:22.088639 140223838586048 submission.py:307] 35) loss = 0.494, grad_norm = 0.500
I0916 07:21:22.176404 140150268122880 logging_writer.py:48] [36] global_step=36, grad_norm=0.499999, loss=0.363611
I0916 07:21:22.180828 140223838586048 submission.py:307] 36) loss = 0.364, grad_norm = 0.500
I0916 07:21:22.264012 140150259730176 logging_writer.py:48] [37] global_step=37, grad_norm=0.499999, loss=0.498268
I0916 07:21:22.268612 140223838586048 submission.py:307] 37) loss = 0.498, grad_norm = 0.500
I0916 07:21:22.351923 140150268122880 logging_writer.py:48] [38] global_step=38, grad_norm=0.499999, loss=0.462526
I0916 07:21:22.356097 140223838586048 submission.py:307] 38) loss = 0.463, grad_norm = 0.500
I0916 07:21:22.433268 140150259730176 logging_writer.py:48] [39] global_step=39, grad_norm=0.499999, loss=0.406876
I0916 07:21:22.437309 140223838586048 submission.py:307] 39) loss = 0.407, grad_norm = 0.500
I0916 07:21:22.522870 140150268122880 logging_writer.py:48] [40] global_step=40, grad_norm=0.499999, loss=0.36276
I0916 07:21:22.530928 140223838586048 submission.py:307] 40) loss = 0.363, grad_norm = 0.500
I0916 07:21:22.607900 140150259730176 logging_writer.py:48] [41] global_step=41, grad_norm=0.499999, loss=0.482767
I0916 07:21:22.611849 140223838586048 submission.py:307] 41) loss = 0.483, grad_norm = 0.500
I0916 07:21:22.698766 140150268122880 logging_writer.py:48] [42] global_step=42, grad_norm=0.499999, loss=0.402957
I0916 07:21:22.704281 140223838586048 submission.py:307] 42) loss = 0.403, grad_norm = 0.500
I0916 07:21:22.780869 140150259730176 logging_writer.py:48] [43] global_step=43, grad_norm=0.472447, loss=0.413
I0916 07:21:22.784811 140223838586048 submission.py:307] 43) loss = 0.413, grad_norm = 0.472
I0916 07:21:22.865229 140150268122880 logging_writer.py:48] [44] global_step=44, grad_norm=0.481104, loss=0.395196
I0916 07:21:22.869279 140223838586048 submission.py:307] 44) loss = 0.395, grad_norm = 0.481
I0916 07:21:22.951483 140150259730176 logging_writer.py:48] [45] global_step=45, grad_norm=0.404969, loss=0.374793
I0916 07:21:22.955638 140223838586048 submission.py:307] 45) loss = 0.375, grad_norm = 0.405
I0916 07:21:23.036009 140150268122880 logging_writer.py:48] [46] global_step=46, grad_norm=0.491599, loss=0.314168
I0916 07:21:23.041962 140223838586048 submission.py:307] 46) loss = 0.314, grad_norm = 0.492
I0916 07:21:23.116938 140150259730176 logging_writer.py:48] [47] global_step=47, grad_norm=0.357276, loss=0.397125
I0916 07:21:23.120852 140223838586048 submission.py:307] 47) loss = 0.397, grad_norm = 0.357
I0916 07:21:23.204736 140150268122880 logging_writer.py:48] [48] global_step=48, grad_norm=0.366139, loss=0.45759
I0916 07:21:23.208408 140223838586048 submission.py:307] 48) loss = 0.458, grad_norm = 0.366
I0916 07:21:23.295027 140150259730176 logging_writer.py:48] [49] global_step=49, grad_norm=0.361767, loss=0.421283
I0916 07:21:23.299934 140223838586048 submission.py:307] 49) loss = 0.421, grad_norm = 0.362
I0916 07:21:23.469358 140150268122880 logging_writer.py:48] [50] global_step=50, grad_norm=0.423648, loss=0.478337
I0916 07:21:23.473423 140223838586048 submission.py:307] 50) loss = 0.478, grad_norm = 0.424
I0916 07:21:23.706522 140150259730176 logging_writer.py:48] [51] global_step=51, grad_norm=0.426705, loss=0.399767
I0916 07:21:23.712629 140223838586048 submission.py:307] 51) loss = 0.400, grad_norm = 0.427
I0916 07:21:23.988939 140150268122880 logging_writer.py:48] [52] global_step=52, grad_norm=0.324455, loss=0.344419
I0916 07:21:23.992858 140223838586048 submission.py:307] 52) loss = 0.344, grad_norm = 0.324
I0916 07:21:24.201606 140150259730176 logging_writer.py:48] [53] global_step=53, grad_norm=0.38798, loss=0.356642
I0916 07:21:24.205764 140223838586048 submission.py:307] 53) loss = 0.357, grad_norm = 0.388
I0916 07:21:24.362838 140150268122880 logging_writer.py:48] [54] global_step=54, grad_norm=0.286774, loss=0.314
I0916 07:21:24.367011 140223838586048 submission.py:307] 54) loss = 0.314, grad_norm = 0.287
I0916 07:21:24.566210 140150259730176 logging_writer.py:48] [55] global_step=55, grad_norm=0.276599, loss=0.367029
I0916 07:21:24.571573 140223838586048 submission.py:307] 55) loss = 0.367, grad_norm = 0.277
I0916 07:21:24.823296 140150268122880 logging_writer.py:48] [56] global_step=56, grad_norm=0.354364, loss=0.318959
I0916 07:21:24.827493 140223838586048 submission.py:307] 56) loss = 0.319, grad_norm = 0.354
I0916 07:21:25.094165 140150259730176 logging_writer.py:48] [57] global_step=57, grad_norm=0.323965, loss=0.297594
I0916 07:21:25.098541 140223838586048 submission.py:307] 57) loss = 0.298, grad_norm = 0.324
I0916 07:21:25.317451 140150268122880 logging_writer.py:48] [58] global_step=58, grad_norm=0.276836, loss=0.418412
I0916 07:21:25.323546 140223838586048 submission.py:307] 58) loss = 0.418, grad_norm = 0.277
I0916 07:21:25.480292 140150259730176 logging_writer.py:48] [59] global_step=59, grad_norm=0.265778, loss=0.343446
I0916 07:21:25.484764 140223838586048 submission.py:307] 59) loss = 0.343, grad_norm = 0.266
I0916 07:21:25.607199 140150268122880 logging_writer.py:48] [60] global_step=60, grad_norm=0.311008, loss=0.309403
I0916 07:21:25.612123 140223838586048 submission.py:307] 60) loss = 0.309, grad_norm = 0.311
I0916 07:21:25.699709 140150259730176 logging_writer.py:48] [61] global_step=61, grad_norm=0.290571, loss=0.425591
I0916 07:21:25.704141 140223838586048 submission.py:307] 61) loss = 0.426, grad_norm = 0.291
I0916 07:21:25.804972 140150268122880 logging_writer.py:48] [62] global_step=62, grad_norm=0.317048, loss=0.295668
I0916 07:21:25.809549 140223838586048 submission.py:307] 62) loss = 0.296, grad_norm = 0.317
I0916 07:21:25.878472 140150259730176 logging_writer.py:48] [63] global_step=63, grad_norm=0.215464, loss=0.333859
I0916 07:21:25.883857 140223838586048 submission.py:307] 63) loss = 0.334, grad_norm = 0.215
I0916 07:21:25.969407 140150268122880 logging_writer.py:48] [64] global_step=64, grad_norm=0.275132, loss=0.395989
I0916 07:21:25.973866 140223838586048 submission.py:307] 64) loss = 0.396, grad_norm = 0.275
I0916 07:21:26.053494 140150259730176 logging_writer.py:48] [65] global_step=65, grad_norm=0.302978, loss=0.324705
I0916 07:21:26.058503 140223838586048 submission.py:307] 65) loss = 0.325, grad_norm = 0.303
I0916 07:21:26.141900 140150268122880 logging_writer.py:48] [66] global_step=66, grad_norm=0.223141, loss=0.393613
I0916 07:21:26.149168 140223838586048 submission.py:307] 66) loss = 0.394, grad_norm = 0.223
I0916 07:21:26.247486 140150259730176 logging_writer.py:48] [67] global_step=67, grad_norm=0.298185, loss=0.34517
I0916 07:21:26.252377 140223838586048 submission.py:307] 67) loss = 0.345, grad_norm = 0.298
I0916 07:21:26.407672 140150268122880 logging_writer.py:48] [68] global_step=68, grad_norm=0.230756, loss=0.402445
I0916 07:21:26.411651 140223838586048 submission.py:307] 68) loss = 0.402, grad_norm = 0.231
I0916 07:21:26.536254 140150259730176 logging_writer.py:48] [69] global_step=69, grad_norm=0.498231, loss=0.286268
I0916 07:21:26.540346 140223838586048 submission.py:307] 69) loss = 0.286, grad_norm = 0.498
I0916 07:21:26.749079 140150268122880 logging_writer.py:48] [70] global_step=70, grad_norm=0.161763, loss=0.335496
I0916 07:21:26.753146 140223838586048 submission.py:307] 70) loss = 0.335, grad_norm = 0.162
I0916 07:21:26.888996 140150259730176 logging_writer.py:48] [71] global_step=71, grad_norm=0.286208, loss=0.3443
I0916 07:21:26.894453 140223838586048 submission.py:307] 71) loss = 0.344, grad_norm = 0.286
I0916 07:21:27.014705 140150268122880 logging_writer.py:48] [72] global_step=72, grad_norm=0.25674, loss=0.310381
I0916 07:21:27.018673 140223838586048 submission.py:307] 72) loss = 0.310, grad_norm = 0.257
I0916 07:21:27.205333 140150259730176 logging_writer.py:48] [73] global_step=73, grad_norm=0.175412, loss=0.253574
I0916 07:21:27.209313 140223838586048 submission.py:307] 73) loss = 0.254, grad_norm = 0.175
I0916 07:21:27.304620 140150268122880 logging_writer.py:48] [74] global_step=74, grad_norm=0.278534, loss=0.404277
I0916 07:21:27.308998 140223838586048 submission.py:307] 74) loss = 0.404, grad_norm = 0.279
I0916 07:21:27.477063 140150259730176 logging_writer.py:48] [75] global_step=75, grad_norm=0.216091, loss=0.314776
I0916 07:21:27.481129 140223838586048 submission.py:307] 75) loss = 0.315, grad_norm = 0.216
I0916 07:21:27.630525 140150268122880 logging_writer.py:48] [76] global_step=76, grad_norm=0.181521, loss=0.381124
I0916 07:21:27.635561 140223838586048 submission.py:307] 76) loss = 0.381, grad_norm = 0.182
I0916 07:21:27.737035 140150259730176 logging_writer.py:48] [77] global_step=77, grad_norm=0.257181, loss=0.313807
I0916 07:21:27.742079 140223838586048 submission.py:307] 77) loss = 0.314, grad_norm = 0.257
I0916 07:21:27.830416 140150268122880 logging_writer.py:48] [78] global_step=78, grad_norm=0.246648, loss=0.255278
I0916 07:21:27.834507 140223838586048 submission.py:307] 78) loss = 0.255, grad_norm = 0.247
I0916 07:21:28.006536 140150259730176 logging_writer.py:48] [79] global_step=79, grad_norm=0.191364, loss=0.296893
I0916 07:21:28.011077 140223838586048 submission.py:307] 79) loss = 0.297, grad_norm = 0.191
I0916 07:21:28.127674 140150268122880 logging_writer.py:48] [80] global_step=80, grad_norm=0.252281, loss=0.308268
I0916 07:21:28.131922 140223838586048 submission.py:307] 80) loss = 0.308, grad_norm = 0.252
I0916 07:21:28.255670 140150259730176 logging_writer.py:48] [81] global_step=81, grad_norm=0.211719, loss=0.342816
I0916 07:21:28.259981 140223838586048 submission.py:307] 81) loss = 0.343, grad_norm = 0.212
I0916 07:21:28.412352 140150268122880 logging_writer.py:48] [82] global_step=82, grad_norm=0.235485, loss=0.34385
I0916 07:21:28.416430 140223838586048 submission.py:307] 82) loss = 0.344, grad_norm = 0.235
I0916 07:21:28.662529 140150259730176 logging_writer.py:48] [83] global_step=83, grad_norm=0.429285, loss=0.326839
I0916 07:21:28.668020 140223838586048 submission.py:307] 83) loss = 0.327, grad_norm = 0.429
I0916 07:21:28.947439 140150268122880 logging_writer.py:48] [84] global_step=84, grad_norm=0.363259, loss=0.296739
I0916 07:21:28.951326 140223838586048 submission.py:307] 84) loss = 0.297, grad_norm = 0.363
I0916 07:21:29.297640 140150259730176 logging_writer.py:48] [85] global_step=85, grad_norm=0.260741, loss=0.431642
I0916 07:21:29.302583 140223838586048 submission.py:307] 85) loss = 0.432, grad_norm = 0.261
I0916 07:21:29.449392 140150268122880 logging_writer.py:48] [86] global_step=86, grad_norm=0.206987, loss=0.377121
I0916 07:21:29.453202 140223838586048 submission.py:307] 86) loss = 0.377, grad_norm = 0.207
I0916 07:21:29.608774 140150259730176 logging_writer.py:48] [87] global_step=87, grad_norm=0.303191, loss=0.400935
I0916 07:21:29.612646 140223838586048 submission.py:307] 87) loss = 0.401, grad_norm = 0.303
I0916 07:21:29.792600 140150268122880 logging_writer.py:48] [88] global_step=88, grad_norm=0.223758, loss=0.37476
I0916 07:21:29.797982 140223838586048 submission.py:307] 88) loss = 0.375, grad_norm = 0.224
I0916 07:21:30.020267 140150259730176 logging_writer.py:48] [89] global_step=89, grad_norm=0.235758, loss=0.42238
I0916 07:21:30.024950 140223838586048 submission.py:307] 89) loss = 0.422, grad_norm = 0.236
I0916 07:21:30.171244 140150268122880 logging_writer.py:48] [90] global_step=90, grad_norm=0.322482, loss=0.343125
I0916 07:21:30.176597 140223838586048 submission.py:307] 90) loss = 0.343, grad_norm = 0.322
I0916 07:21:30.312136 140150259730176 logging_writer.py:48] [91] global_step=91, grad_norm=0.19091, loss=0.309969
I0916 07:21:30.317582 140223838586048 submission.py:307] 91) loss = 0.310, grad_norm = 0.191
I0916 07:21:30.530430 140150268122880 logging_writer.py:48] [92] global_step=92, grad_norm=0.168817, loss=0.378857
I0916 07:21:30.535257 140223838586048 submission.py:307] 92) loss = 0.379, grad_norm = 0.169
I0916 07:21:30.641767 140150259730176 logging_writer.py:48] [93] global_step=93, grad_norm=0.24748, loss=0.392813
I0916 07:21:30.645794 140223838586048 submission.py:307] 93) loss = 0.393, grad_norm = 0.247
I0916 07:21:30.750418 140150268122880 logging_writer.py:48] [94] global_step=94, grad_norm=0.347045, loss=0.323211
I0916 07:21:30.755015 140223838586048 submission.py:307] 94) loss = 0.323, grad_norm = 0.347
I0916 07:21:30.832060 140150259730176 logging_writer.py:48] [95] global_step=95, grad_norm=0.181918, loss=0.445442
I0916 07:21:30.837093 140223838586048 submission.py:307] 95) loss = 0.445, grad_norm = 0.182
I0916 07:21:30.937141 140150268122880 logging_writer.py:48] [96] global_step=96, grad_norm=0.219249, loss=0.3928
I0916 07:21:30.941207 140223838586048 submission.py:307] 96) loss = 0.393, grad_norm = 0.219
I0916 07:21:31.140037 140150259730176 logging_writer.py:48] [97] global_step=97, grad_norm=0.169263, loss=0.433569
I0916 07:21:31.144769 140223838586048 submission.py:307] 97) loss = 0.434, grad_norm = 0.169
I0916 07:21:31.361238 140150268122880 logging_writer.py:48] [98] global_step=98, grad_norm=0.255392, loss=0.364885
I0916 07:21:31.365509 140223838586048 submission.py:307] 98) loss = 0.365, grad_norm = 0.255
I0916 07:21:31.524482 140150259730176 logging_writer.py:48] [99] global_step=99, grad_norm=0.164394, loss=0.349432
I0916 07:21:31.530730 140223838586048 submission.py:307] 99) loss = 0.349, grad_norm = 0.164
I0916 07:21:31.673236 140150268122880 logging_writer.py:48] [100] global_step=100, grad_norm=0.229611, loss=0.342303
I0916 07:21:31.677741 140223838586048 submission.py:307] 100) loss = 0.342, grad_norm = 0.230
I0916 07:22:43.332857 140150259730176 logging_writer.py:48] [500] global_step=500, grad_norm=0.211381, loss=0.322639
I0916 07:22:43.337280 140223838586048 submission.py:307] 500) loss = 0.323, grad_norm = 0.211
I0916 07:23:08.616597 140223838586048 spec.py:333] Evaluating on the training split.
I0916 07:23:10.782297 140223838586048 spec.py:346] Evaluating on the validation split.
I0916 07:23:13.507362 140223838586048 spec.py:363] Evaluating on the test split.
I0916 07:23:15.549226 140223838586048 submission_runner.py:516] Time since start: 431.80s, 	Step: 633, 	{'train/ssim': 0.7321959904261998, 'train/loss': 0.27623684065682547, 'validation/ssim': 0.7058234614606781, 'validation/loss': 0.3016399325583849, 'validation/num_examples': 3554, 'test/ssim': 0.7228558030883482, 'test/loss': 0.303718914169401, 'test/num_examples': 3581, 'score': 330.98101806640625, 'total_duration': 431.8015043735504, 'accumulated_submission_time': 330.98101806640625, 'accumulated_eval_time': 98.47485423088074, 'accumulated_logging_time': 0.030452728271484375}
I0916 07:23:15.570774 140150268122880 logging_writer.py:48] [633] accumulated_eval_time=98.4749, accumulated_logging_time=0.0304527, accumulated_submission_time=330.981, global_step=633, preemption_count=0, score=330.981, test/loss=0.303719, test/num_examples=3581, test/ssim=0.722856, total_duration=431.802, train/loss=0.276237, train/ssim=0.732196, validation/loss=0.30164, validation/num_examples=3554, validation/ssim=0.705823
I0916 07:24:11.329889 140150259730176 logging_writer.py:48] [1000] global_step=1000, grad_norm=0.104305, loss=0.220553
I0916 07:24:11.332998 140223838586048 submission.py:307] 1000) loss = 0.221, grad_norm = 0.104
I0916 07:24:35.470793 140150268122880 logging_writer.py:48] [1500] global_step=1500, grad_norm=0.11624, loss=0.269453
I0916 07:24:35.473955 140223838586048 submission.py:307] 1500) loss = 0.269, grad_norm = 0.116
I0916 07:24:59.588059 140150259730176 logging_writer.py:48] [2000] global_step=2000, grad_norm=0.147968, loss=0.227562
I0916 07:24:59.591407 140223838586048 submission.py:307] 2000) loss = 0.228, grad_norm = 0.148
I0916 07:25:06.115902 140223838586048 spec.py:333] Evaluating on the training split.
I0916 07:25:08.071158 140223838586048 spec.py:346] Evaluating on the validation split.
I0916 07:25:11.126994 140223838586048 spec.py:363] Evaluating on the test split.
I0916 07:25:13.691320 140223838586048 submission_runner.py:516] Time since start: 549.94s, 	Step: 2125, 	{'train/ssim': 0.7454218183244977, 'train/loss': 0.2647195202963693, 'validation/ssim': 0.7184533080024268, 'validation/loss': 0.29066576337841166, 'validation/num_examples': 3554, 'test/ssim': 0.7355945441217537, 'test/loss': 0.2922586218933259, 'test/num_examples': 3581, 'score': 439.7793185710907, 'total_duration': 549.943633556366, 'accumulated_submission_time': 439.7793185710907, 'accumulated_eval_time': 106.05038285255432, 'accumulated_logging_time': 0.06035017967224121}
I0916 07:25:13.713958 140150268122880 logging_writer.py:48] [2125] accumulated_eval_time=106.05, accumulated_logging_time=0.0603502, accumulated_submission_time=439.779, global_step=2125, preemption_count=0, score=439.779, test/loss=0.292259, test/num_examples=3581, test/ssim=0.735595, total_duration=549.944, train/loss=0.26472, train/ssim=0.745422, validation/loss=0.290666, validation/num_examples=3554, validation/ssim=0.718453
I0916 07:25:32.448486 140150259730176 logging_writer.py:48] [2500] global_step=2500, grad_norm=0.120698, loss=0.350598
I0916 07:25:32.451632 140223838586048 submission.py:307] 2500) loss = 0.351, grad_norm = 0.121
I0916 07:25:56.585175 140150268122880 logging_writer.py:48] [3000] global_step=3000, grad_norm=0.0527325, loss=0.348939
I0916 07:25:56.588337 140223838586048 submission.py:307] 3000) loss = 0.349, grad_norm = 0.053
I0916 07:26:20.772470 140150259730176 logging_writer.py:48] [3500] global_step=3500, grad_norm=0.123358, loss=0.277276
I0916 07:26:20.775538 140223838586048 submission.py:307] 3500) loss = 0.277, grad_norm = 0.123
I0916 07:26:44.927881 140150268122880 logging_writer.py:48] [4000] global_step=4000, grad_norm=0.118749, loss=0.299882
I0916 07:26:44.931054 140223838586048 submission.py:307] 4000) loss = 0.300, grad_norm = 0.119
I0916 07:27:04.243079 140223838586048 spec.py:333] Evaluating on the training split.
I0916 07:27:06.206343 140223838586048 spec.py:346] Evaluating on the validation split.
I0916 07:27:08.947362 140223838586048 spec.py:363] Evaluating on the test split.
I0916 07:27:11.252356 140223838586048 submission_runner.py:516] Time since start: 667.50s, 	Step: 4391, 	{'train/ssim': 0.7482019151960101, 'train/loss': 0.2620269741330828, 'validation/ssim': 0.7205548133485158, 'validation/loss': 0.28866863948412, 'validation/num_examples': 3554, 'test/ssim': 0.7376641148596761, 'test/loss': 0.29015789442107653, 'test/num_examples': 3581, 'score': 548.4763679504395, 'total_duration': 667.5041129589081, 'accumulated_submission_time': 548.4763679504395, 'accumulated_eval_time': 113.05921244621277, 'accumulated_logging_time': 0.09099984169006348}
I0916 07:27:11.279864 140150259730176 logging_writer.py:48] [4391] accumulated_eval_time=113.059, accumulated_logging_time=0.0909998, accumulated_submission_time=548.476, global_step=4391, preemption_count=0, score=548.476, test/loss=0.290158, test/num_examples=3581, test/ssim=0.737664, total_duration=667.504, train/loss=0.262027, train/ssim=0.748202, validation/loss=0.288669, validation/num_examples=3554, validation/ssim=0.720555
I0916 07:27:17.215324 140150268122880 logging_writer.py:48] [4500] global_step=4500, grad_norm=0.0857709, loss=0.202923
I0916 07:27:17.218395 140223838586048 submission.py:307] 4500) loss = 0.203, grad_norm = 0.086
I0916 07:27:41.329311 140150259730176 logging_writer.py:48] [5000] global_step=5000, grad_norm=0.15072, loss=0.23318
I0916 07:27:41.332399 140223838586048 submission.py:307] 5000) loss = 0.233, grad_norm = 0.151
I0916 07:28:05.430763 140150268122880 logging_writer.py:48] [5500] global_step=5500, grad_norm=0.081373, loss=0.285547
I0916 07:28:05.434010 140223838586048 submission.py:307] 5500) loss = 0.286, grad_norm = 0.081
I0916 07:28:29.547939 140150259730176 logging_writer.py:48] [6000] global_step=6000, grad_norm=0.0787743, loss=0.280878
I0916 07:28:29.550962 140223838586048 submission.py:307] 6000) loss = 0.281, grad_norm = 0.079
I0916 07:28:53.665653 140150268122880 logging_writer.py:48] [6500] global_step=6500, grad_norm=0.142619, loss=0.244816
I0916 07:28:53.668800 140223838586048 submission.py:307] 6500) loss = 0.245, grad_norm = 0.143
I0916 07:29:01.843065 140223838586048 spec.py:333] Evaluating on the training split.
I0916 07:29:03.805552 140223838586048 spec.py:346] Evaluating on the validation split.
I0916 07:29:06.104768 140223838586048 spec.py:363] Evaluating on the test split.
I0916 07:29:08.138242 140223838586048 submission_runner.py:516] Time since start: 784.39s, 	Step: 6659, 	{'train/ssim': 0.7514567375183105, 'train/loss': 0.2595384120941162, 'validation/ssim': 0.7236262865125562, 'validation/loss': 0.2865283216863921, 'validation/num_examples': 3554, 'test/ssim': 0.7408052181871335, 'test/loss': 0.2879282107935109, 'test/num_examples': 3581, 'score': 657.1953451633453, 'total_duration': 784.3905413150787, 'accumulated_submission_time': 657.1953451633453, 'accumulated_eval_time': 119.35448980331421, 'accumulated_logging_time': 0.12905550003051758}
I0916 07:29:08.159135 140150259730176 logging_writer.py:48] [6659] accumulated_eval_time=119.354, accumulated_logging_time=0.129056, accumulated_submission_time=657.195, global_step=6659, preemption_count=0, score=657.195, test/loss=0.287928, test/num_examples=3581, test/ssim=0.740805, total_duration=784.391, train/loss=0.259538, train/ssim=0.751457, validation/loss=0.286528, validation/num_examples=3554, validation/ssim=0.723626
I0916 07:29:25.252595 140150268122880 logging_writer.py:48] [7000] global_step=7000, grad_norm=0.0735623, loss=0.283868
I0916 07:29:25.255654 140223838586048 submission.py:307] 7000) loss = 0.284, grad_norm = 0.074
I0916 07:29:49.368082 140150259730176 logging_writer.py:48] [7500] global_step=7500, grad_norm=0.017678, loss=0.204691
I0916 07:29:49.371182 140223838586048 submission.py:307] 7500) loss = 0.205, grad_norm = 0.018
I0916 07:30:13.472319 140150268122880 logging_writer.py:48] [8000] global_step=8000, grad_norm=0.0195369, loss=0.223605
I0916 07:30:13.475504 140223838586048 submission.py:307] 8000) loss = 0.224, grad_norm = 0.020
I0916 07:30:37.662932 140150259730176 logging_writer.py:48] [8500] global_step=8500, grad_norm=0.0524739, loss=0.325306
I0916 07:30:37.665977 140223838586048 submission.py:307] 8500) loss = 0.325, grad_norm = 0.052
I0916 07:30:58.684867 140223838586048 spec.py:333] Evaluating on the training split.
I0916 07:31:00.645631 140223838586048 spec.py:346] Evaluating on the validation split.
I0916 07:31:02.832321 140223838586048 spec.py:363] Evaluating on the test split.
I0916 07:31:04.834432 140223838586048 submission_runner.py:516] Time since start: 901.09s, 	Step: 8926, 	{'train/ssim': 0.7528419494628906, 'train/loss': 0.25860176767621723, 'validation/ssim': 0.7244977462674099, 'validation/loss': 0.28592638521296426, 'validation/num_examples': 3554, 'test/ssim': 0.7416641077693032, 'test/loss': 0.2873486409936994, 'test/num_examples': 3581, 'score': 765.8854074478149, 'total_duration': 901.0867321491241, 'accumulated_submission_time': 765.8854074478149, 'accumulated_eval_time': 125.50415134429932, 'accumulated_logging_time': 0.1583247184753418}
I0916 07:31:04.855881 140150268122880 logging_writer.py:48] [8926] accumulated_eval_time=125.504, accumulated_logging_time=0.158325, accumulated_submission_time=765.885, global_step=8926, preemption_count=0, score=765.885, test/loss=0.287349, test/num_examples=3581, test/ssim=0.741664, total_duration=901.087, train/loss=0.258602, train/ssim=0.752842, validation/loss=0.285926, validation/num_examples=3554, validation/ssim=0.724498
I0916 07:31:05.425474 140150259730176 logging_writer.py:48] [8926] global_step=8926, preemption_count=0, score=765.885
I0916 07:31:05.582615 140223838586048 submission_runner.py:857] Final fastmri score: 765.8854074478149
