python submission_runner.py --framework=jax --workload=librispeech_deepspeech --submission_path=prize_qualification_baselines/external_tuning/jax_nadamw_full_budget.py --data_dir=/data/librispeech --num_tuning_trials=1 --experiment_dir=/experiment_runs --experiment_name=submissions/rolling_leaderboard/external_tuning/baseline/study_2 --overwrite=True --save_checkpoints=False --rng_seed=1212877986 --librispeech_tokenizer_vocab_path=/data/librispeech/spm_model.vocab --tuning_ruleset=external --tuning_search_space=prize_qualification_baselines/external_tuning/tuning_search_space.json --num_tuning_trials=5 --hparam_start_index=1 --hparam_end_index=2 2>&1 | tee -a /logs/librispeech_deepspeech_jax_03-06-2025-10-24-51.log
2025-03-06 10:25:05.913983: E external/local_xla/xla/stream_executor/cuda/cuda_fft.cc:477] Unable to register cuFFT factory: Attempting to register factory for plugin cuFFT when one has already been registered
WARNING: All log messages before absl::InitializeLog() is called are written to STDERR
E0000 00:00:1741256706.438240       9 cuda_dnn.cc:8310] Unable to register cuDNN factory: Attempting to register factory for plugin cuDNN when one has already been registered
E0000 00:00:1741256706.563580       9 cuda_blas.cc:1418] Unable to register cuBLAS factory: Attempting to register factory for plugin cuBLAS when one has already been registered
ERROR:root:Unable to import wandb.
Traceback (most recent call last):
  File "/algorithmic-efficiency/algoperf/logger_utils.py", line 27, in <module>
    import wandb  # pylint: disable=g-import-not-at-top
    ^^^^^^^^^^^^
ModuleNotFoundError: No module named 'wandb'
I0306 10:25:47.452894 140701029135552 logger_utils.py:81] Creating experiment directory at /experiment_runs/submissions/rolling_leaderboard/external_tuning/baseline/study_2/librispeech_deepspeech_jax.
I0306 10:25:49.909262 140701029135552 xla_bridge.py:884] Unable to initialize backend 'rocm': NOT_FOUND: Could not find registered platform with name: "rocm". Available platform names are: CUDA
I0306 10:25:49.912436 140701029135552 xla_bridge.py:884] Unable to initialize backend 'tpu': INTERNAL: Failed to open libtpu.so: libtpu.so: cannot open shared object file: No such file or directory
I0306 10:25:49.923083 140701029135552 submission_runner.py:606] Using RNG seed 1212877986
I0306 10:25:52.893669 140701029135552 submission_runner.py:615] --- Tuning run 2/5 ---
I0306 10:25:52.893862 140701029135552 submission_runner.py:620] Creating tuning directory at /experiment_runs/submissions/rolling_leaderboard/external_tuning/baseline/study_2/librispeech_deepspeech_jax/trial_2.
I0306 10:25:52.894068 140701029135552 logger_utils.py:97] Saving hparams to /experiment_runs/submissions/rolling_leaderboard/external_tuning/baseline/study_2/librispeech_deepspeech_jax/trial_2/hparams.json.
I0306 10:25:53.128601 140701029135552 submission_runner.py:218] Initializing dataset.
I0306 10:25:53.128799 140701029135552 submission_runner.py:229] Initializing model.
I0306 10:25:58.635020 140701029135552 submission_runner.py:272] Initializing optimizer.
I0306 10:25:59.342360 140701029135552 submission_runner.py:279] Initializing metrics bundle.
I0306 10:25:59.342636 140701029135552 submission_runner.py:301] Initializing checkpoint and logger.
I0306 10:25:59.343513 140701029135552 checkpoints.py:1101] Found no checkpoint files in /experiment_runs/submissions/rolling_leaderboard/external_tuning/baseline/study_2/librispeech_deepspeech_jax/trial_2 with prefix checkpoint_
I0306 10:25:59.343618 140701029135552 submission_runner.py:321] Saving meta data to /experiment_runs/submissions/rolling_leaderboard/external_tuning/baseline/study_2/librispeech_deepspeech_jax/trial_2/meta_data_0.json.
I0306 10:25:59.343821 140701029135552 logger_utils.py:262] Unable to record workload.train_mean information. Continuing without it.
I0306 10:25:59.343870 140701029135552 logger_utils.py:262] Unable to record workload.train_stddev information. Continuing without it.
I0306 10:25:59.949732 140701029135552 submission_runner.py:325] Saving flags to /experiment_runs/submissions/rolling_leaderboard/external_tuning/baseline/study_2/librispeech_deepspeech_jax/trial_2/flags_0.json.
I0306 10:26:00.237525 140701029135552 submission_runner.py:337] Starting training loop.
I0306 10:26:00.409726 140701029135552 input_pipeline.py:20] Loading split = train-clean-100
I0306 10:26:00.448799 140701029135552 input_pipeline.py:20] Loading split = train-clean-360
I0306 10:26:00.890210 140701029135552 input_pipeline.py:20] Loading split = train-other-500
/usr/local/lib/python3.11/multiprocessing/popen_fork.py:66: RuntimeWarning: os.fork() was called. os.fork() is incompatible with multithreaded code, and JAX is multithreaded, so this will likely lead to a deadlock.
  self.pid = os.fork()
/usr/local/lib/python3.11/site-packages/jax/_src/interpreters/mlir.py:930: UserWarning: Some donated buffers were not usable: ShapedArray(float32[512]), ShapedArray(float32[512]), ShapedArray(float32[512]), ShapedArray(float32[512]), ShapedArray(float32[512]), ShapedArray(float32[512]), ShapedArray(float32[512]), ShapedArray(float32[512]), ShapedArray(float32[512]), ShapedArray(float32[512]), ShapedArray(float32[512]), ShapedArray(float32[512]), ShapedArray(float32[512]), ShapedArray(float32[512]), ShapedArray(float32[512]), ShapedArray(float32[512]), ShapedArray(float32[512]), ShapedArray(float32[512]).
See an explanation at https://jax.readthedocs.io/en/latest/faq.html#buffer-donation.
  warnings.warn("Some donated buffers were not usable:"
I0306 10:26:52.386403 140696900695808 logging_writer.py:48] [0] global_step=0, grad_norm=24.697938919067383, loss=33.38935852050781
I0306 10:26:52.585407 140701029135552 spec.py:321] Evaluating on the training split.
I0306 10:26:52.703011 140701029135552 input_pipeline.py:20] Loading split = train-clean-100
I0306 10:26:52.730989 140701029135552 input_pipeline.py:20] Loading split = train-clean-360
I0306 10:26:53.188004 140701029135552 input_pipeline.py:20] Loading split = train-other-500
/usr/local/lib/python3.11/multiprocessing/popen_fork.py:66: RuntimeWarning: os.fork() was called. os.fork() is incompatible with multithreaded code, and JAX is multithreaded, so this will likely lead to a deadlock.
  self.pid = os.fork()
/usr/local/lib/python3.11/site-packages/jax/_src/ops/scatter.py:96: FutureWarning: scatter inputs have incompatible types: cannot safely cast value from dtype=float32 to dtype=int32 with jax_numpy_dtype_promotion='standard'. In future JAX releases this will result in an error.
  warnings.warn(
I0306 10:28:37.030165 140701029135552 spec.py:333] Evaluating on the validation split.
I0306 10:28:37.105562 140701029135552 input_pipeline.py:20] Loading split = dev-clean
I0306 10:28:37.145006 140701029135552 input_pipeline.py:20] Loading split = dev-other
/usr/local/lib/python3.11/multiprocessing/popen_fork.py:66: RuntimeWarning: os.fork() was called. os.fork() is incompatible with multithreaded code, and JAX is multithreaded, so this will likely lead to a deadlock.
  self.pid = os.fork()
/usr/local/lib/python3.11/site-packages/jax/_src/ops/scatter.py:96: FutureWarning: scatter inputs have incompatible types: cannot safely cast value from dtype=float32 to dtype=int32 with jax_numpy_dtype_promotion='standard'. In future JAX releases this will result in an error.
  warnings.warn(
I0306 10:29:38.968183 140701029135552 spec.py:349] Evaluating on the test split.
I0306 10:29:39.042923 140701029135552 input_pipeline.py:20] Loading split = test-clean
/usr/local/lib/python3.11/multiprocessing/popen_fork.py:66: RuntimeWarning: os.fork() was called. os.fork() is incompatible with multithreaded code, and JAX is multithreaded, so this will likely lead to a deadlock.
  self.pid = os.fork()
/usr/local/lib/python3.11/site-packages/jax/_src/ops/scatter.py:96: FutureWarning: scatter inputs have incompatible types: cannot safely cast value from dtype=float32 to dtype=int32 with jax_numpy_dtype_promotion='standard'. In future JAX releases this will result in an error.
  warnings.warn(
I0306 10:30:12.786084 140701029135552 submission_runner.py:469] Time since start: 252.55s, 	Step: 1, 	{'train/ctc_loss': Array(31.162182, dtype=float32), 'train/wer': np.float64(3.4751329467342957), 'validation/ctc_loss': Array(30.722654, dtype=float32), 'validation/wer': np.float64(3.329252633306622), 'validation/num_examples': 5348, 'test/ctc_loss': Array(30.844547, dtype=float32), 'test/wer': np.float64(3.3992850323969694), 'test/num_examples': 2472, 'score': 52.347766637802124, 'total_duration': 252.5465235710144, 'accumulated_submission_time': 52.347766637802124, 'accumulated_eval_time': 200.19863772392273, 'accumulated_logging_time': 0}
I0306 10:30:12.854922 140550858569472 logging_writer.py:48] [1] accumulated_eval_time=200.199, accumulated_logging_time=0, accumulated_submission_time=52.3478, global_step=1, preemption_count=0, score=52.3478, test/ctc_loss=30.844547271728516, test/num_examples=2472, test/wer=3.39929, total_duration=252.547, train/ctc_loss=31.162181854248047, train/wer=3.47513, validation/ctc_loss=30.722654342651367, validation/num_examples=5348, validation/wer=3.32925
I0306 10:33:53.103554 140560566683392 logging_writer.py:48] [100] global_step=100, grad_norm=1.8868708610534668, loss=6.943358421325684
I0306 10:39:44.501786 140560575076096 logging_writer.py:48] [200] global_step=200, grad_norm=0.8692272901535034, loss=6.023404121398926
I0306 10:46:00.625339 140560566683392 logging_writer.py:48] [300] global_step=300, grad_norm=0.8642514944076538, loss=5.826743125915527
I0306 10:53:24.511503 140560575076096 logging_writer.py:48] [400] global_step=400, grad_norm=0.9832802414894104, loss=5.762506008148193
I0306 10:54:16.108583 140701029135552 spec.py:321] Evaluating on the training split.
I0306 10:54:53.128140 140701029135552 spec.py:333] Evaluating on the validation split.
/usr/local/lib/python3.11/multiprocessing/popen_fork.py:66: RuntimeWarning: os.fork() was called. os.fork() is incompatible with multithreaded code, and JAX is multithreaded, so this will likely lead to a deadlock.
  self.pid = os.fork()
I0306 10:55:34.730795 140701029135552 spec.py:349] Evaluating on the test split.
/usr/local/lib/python3.11/multiprocessing/popen_fork.py:66: RuntimeWarning: os.fork() was called. os.fork() is incompatible with multithreaded code, and JAX is multithreaded, so this will likely lead to a deadlock.
  self.pid = os.fork()
I0306 10:55:55.085174 140701029135552 submission_runner.py:469] Time since start: 1794.84s, 	Step: 411, 	{'train/ctc_loss': Array(6.457373, dtype=float32), 'train/wer': np.float64(0.9440486660040486), 'validation/ctc_loss': Array(6.45256, dtype=float32), 'validation/wer': np.float64(0.8966179750330672), 'validation/num_examples': 5348, 'test/ctc_loss': Array(6.4866524, dtype=float32), 'test/wer': np.float64(0.899579550301627), 'test/num_examples': 2472, 'score': 1495.5175211429596, 'total_duration': 1794.8448522090912, 'accumulated_submission_time': 1495.5175211429596, 'accumulated_eval_time': 299.1724622249603, 'accumulated_logging_time': 0.10744833946228027}
I0306 10:55:55.181824 140560667395840 logging_writer.py:48] [411] accumulated_eval_time=299.172, accumulated_logging_time=0.107448, accumulated_submission_time=1495.52, global_step=411, preemption_count=0, score=1495.52, test/ctc_loss=6.486652374267578, test/num_examples=2472, test/wer=0.89958, total_duration=1794.84, train/ctc_loss=6.457373142242432, train/wer=0.944049, validation/ctc_loss=6.452559947967529, validation/num_examples=5348, validation/wer=0.896618
I0306 11:01:28.595483 140560659003136 logging_writer.py:48] [500] global_step=500, grad_norm=2.2590272426605225, loss=5.668603897094727
I0306 11:10:03.311912 140560667395840 logging_writer.py:48] [600] global_step=600, grad_norm=1.2057287693023682, loss=5.525714874267578
I0306 11:18:39.987532 140560659003136 logging_writer.py:48] [700] global_step=700, grad_norm=1.9061416387557983, loss=5.314525127410889
I0306 11:20:02.146324 140701029135552 spec.py:321] Evaluating on the training split.
I0306 11:20:40.248817 140701029135552 spec.py:333] Evaluating on the validation split.
/usr/local/lib/python3.11/multiprocessing/popen_fork.py:66: RuntimeWarning: os.fork() was called. os.fork() is incompatible with multithreaded code, and JAX is multithreaded, so this will likely lead to a deadlock.
  self.pid = os.fork()
I0306 11:21:23.354679 140701029135552 spec.py:349] Evaluating on the test split.
/usr/local/lib/python3.11/multiprocessing/popen_fork.py:66: RuntimeWarning: os.fork() was called. os.fork() is incompatible with multithreaded code, and JAX is multithreaded, so this will likely lead to a deadlock.
  self.pid = os.fork()
I0306 11:21:43.680155 140701029135552 submission_runner.py:469] Time since start: 3343.44s, 	Step: 715, 	{'train/ctc_loss': Array(6.4759846, dtype=float32), 'train/wer': np.float64(0.9426394801702891), 'validation/ctc_loss': Array(6.5002594, dtype=float32), 'validation/wer': np.float64(0.8966179750330672), 'validation/num_examples': 5348, 'test/ctc_loss': Array(6.442394, dtype=float32), 'test/wer': np.float64(0.899579550301627), 'test/num_examples': 2472, 'score': 2942.4385471343994, 'total_duration': 3343.439827442169, 'accumulated_submission_time': 2942.4385471343994, 'accumulated_eval_time': 400.7035129070282, 'accumulated_logging_time': 0.21463704109191895}
I0306 11:21:43.698687 140560375555840 logging_writer.py:48] [715] accumulated_eval_time=400.704, accumulated_logging_time=0.214637, accumulated_submission_time=2942.44, global_step=715, preemption_count=0, score=2942.44, test/ctc_loss=6.442393779754639, test/num_examples=2472, test/wer=0.89958, total_duration=3343.44, train/ctc_loss=6.475984573364258, train/wer=0.942639, validation/ctc_loss=6.5002593994140625, validation/num_examples=5348, validation/wer=0.896618
I0306 11:27:48.613290 140560367163136 logging_writer.py:48] [800] global_step=800, grad_norm=1.260547161102295, loss=4.889339447021484
I0306 11:37:14.743875 140560375555840 logging_writer.py:48] [900] global_step=900, grad_norm=1.7629603147506714, loss=4.322611331939697
I0306 11:45:57.961309 140701029135552 spec.py:321] Evaluating on the training split.
I0306 11:46:35.688376 140701029135552 spec.py:333] Evaluating on the validation split.
/usr/local/lib/python3.11/multiprocessing/popen_fork.py:66: RuntimeWarning: os.fork() was called. os.fork() is incompatible with multithreaded code, and JAX is multithreaded, so this will likely lead to a deadlock.
  self.pid = os.fork()
I0306 11:47:15.207717 140701029135552 spec.py:349] Evaluating on the test split.
/usr/local/lib/python3.11/multiprocessing/popen_fork.py:66: RuntimeWarning: os.fork() was called. os.fork() is incompatible with multithreaded code, and JAX is multithreaded, so this will likely lead to a deadlock.
  self.pid = os.fork()
I0306 11:47:35.452418 140701029135552 submission_runner.py:469] Time since start: 4895.21s, 	Step: 991, 	{'train/ctc_loss': Array(6.2082157, dtype=float32), 'train/wer': np.float64(0.9427394372944145), 'validation/ctc_loss': Array(6.1669226, dtype=float32), 'validation/wer': np.float64(0.8966083203800072), 'validation/num_examples': 5348, 'test/ctc_loss': Array(6.0605874, dtype=float32), 'test/wer': np.float64(0.899579550301627), 'test/num_examples': 2472, 'score': 4396.639382600784, 'total_duration': 4895.212034225464, 'accumulated_submission_time': 4396.639382600784, 'accumulated_eval_time': 498.1917953491211, 'accumulated_logging_time': 0.2645833492279053}
I0306 11:47:35.473334 140560375555840 logging_writer.py:48] [991] accumulated_eval_time=498.192, accumulated_logging_time=0.264583, accumulated_submission_time=4396.64, global_step=991, preemption_count=0, score=4396.64, test/ctc_loss=6.060587406158447, test/num_examples=2472, test/wer=0.89958, total_duration=4895.21, train/ctc_loss=6.208215713500977, train/wer=0.942739, validation/ctc_loss=6.166922569274902, validation/num_examples=5348, validation/wer=0.896608
I0306 11:47:44.301899 140560367163136 logging_writer.py:48] [1000] global_step=1000, grad_norm=2.0083160400390625, loss=3.9599812030792236
/usr/local/lib/python3.11/multiprocessing/popen_fork.py:66: RuntimeWarning: os.fork() was called. os.fork() is incompatible with multithreaded code, and JAX is multithreaded, so this will likely lead to a deadlock.
  self.pid = os.fork()
I0306 11:53:23.882538 140561978115840 logging_writer.py:48] [1100] global_step=1100, grad_norm=2.88993763923645, loss=3.6642751693725586
I0306 11:59:23.272330 140561969723136 logging_writer.py:48] [1200] global_step=1200, grad_norm=2.178142547607422, loss=3.443725347518921
I0306 12:06:07.555316 140561978115840 logging_writer.py:48] [1300] global_step=1300, grad_norm=2.3476366996765137, loss=3.293581962585449
I0306 12:11:35.843117 140701029135552 spec.py:321] Evaluating on the training split.
I0306 12:12:16.918477 140701029135552 spec.py:333] Evaluating on the validation split.
/usr/local/lib/python3.11/multiprocessing/popen_fork.py:66: RuntimeWarning: os.fork() was called. os.fork() is incompatible with multithreaded code, and JAX is multithreaded, so this will likely lead to a deadlock.
  self.pid = os.fork()
I0306 12:12:58.817379 140701029135552 spec.py:349] Evaluating on the test split.
/usr/local/lib/python3.11/multiprocessing/popen_fork.py:66: RuntimeWarning: os.fork() was called. os.fork() is incompatible with multithreaded code, and JAX is multithreaded, so this will likely lead to a deadlock.
  self.pid = os.fork()
I0306 12:13:19.072431 140701029135552 submission_runner.py:469] Time since start: 6438.83s, 	Step: 1373, 	{'train/ctc_loss': Array(7.2995944, dtype=float32), 'train/wer': np.float64(0.913567134583087), 'validation/ctc_loss': Array(7.1200056, dtype=float32), 'validation/wer': np.float64(0.8791720169535707), 'validation/num_examples': 5348, 'test/ctc_loss': Array(7.0809493, dtype=float32), 'test/wer': np.float64(0.8777649137773444), 'test/num_examples': 2472, 'score': 5836.957243680954, 'total_duration': 6438.832169532776, 'accumulated_submission_time': 5836.957243680954, 'accumulated_eval_time': 601.4184198379517, 'accumulated_logging_time': 0.2963898181915283}
I0306 12:13:19.095854 140561978115840 logging_writer.py:48] [1373] accumulated_eval_time=601.418, accumulated_logging_time=0.29639, accumulated_submission_time=5836.96, global_step=1373, preemption_count=0, score=5836.96, test/ctc_loss=7.080949306488037, test/num_examples=2472, test/wer=0.877765, total_duration=6438.83, train/ctc_loss=7.299594402313232, train/wer=0.913567, validation/ctc_loss=7.1200056076049805, validation/num_examples=5348, validation/wer=0.879172
I0306 12:13:57.681015 140561969723136 logging_writer.py:48] [1400] global_step=1400, grad_norm=3.153536319732666, loss=3.124453067779541
I0306 12:22:29.231005 140561978115840 logging_writer.py:48] [1500] global_step=1500, grad_norm=2.4383442401885986, loss=3.0231449604034424
I0306 12:31:35.200588 140561969723136 logging_writer.py:48] [1600] global_step=1600, grad_norm=3.001774311065674, loss=2.8786203861236572
I0306 12:37:19.509151 140701029135552 spec.py:321] Evaluating on the training split.
I0306 12:37:59.112457 140701029135552 spec.py:333] Evaluating on the validation split.
/usr/local/lib/python3.11/multiprocessing/popen_fork.py:66: RuntimeWarning: os.fork() was called. os.fork() is incompatible with multithreaded code, and JAX is multithreaded, so this will likely lead to a deadlock.
  self.pid = os.fork()
I0306 12:38:42.043486 140701029135552 spec.py:349] Evaluating on the test split.
/usr/local/lib/python3.11/multiprocessing/popen_fork.py:66: RuntimeWarning: os.fork() was called. os.fork() is incompatible with multithreaded code, and JAX is multithreaded, so this will likely lead to a deadlock.
  self.pid = os.fork()
I0306 12:39:03.107436 140701029135552 submission_runner.py:469] Time since start: 7982.87s, 	Step: 1662, 	{'train/ctc_loss': Array(6.4234366, dtype=float32), 'train/wer': np.float64(0.9313931531839081), 'validation/ctc_loss': Array(6.2956514, dtype=float32), 'validation/wer': np.float64(0.8879770605443293), 'validation/num_examples': 5348, 'test/ctc_loss': Array(6.2397394, dtype=float32), 'test/wer': np.float64(0.8892409562691691), 'test/num_examples': 2472, 'score': 7277.328414201736, 'total_duration': 7982.86695432663, 'accumulated_submission_time': 7277.328414201736, 'accumulated_eval_time': 705.0137782096863, 'accumulated_logging_time': 0.33086442947387695}
I0306 12:39:03.127426 140561978115840 logging_writer.py:48] [1662] accumulated_eval_time=705.014, accumulated_logging_time=0.330864, accumulated_submission_time=7277.33, global_step=1662, preemption_count=0, score=7277.33, test/ctc_loss=6.239739418029785, test/num_examples=2472, test/wer=0.889241, total_duration=7982.87, train/ctc_loss=6.423436641693115, train/wer=0.931393, validation/ctc_loss=6.295651435852051, validation/num_examples=5348, validation/wer=0.887977
I0306 12:41:08.817945 140561969723136 logging_writer.py:48] [1700] global_step=1700, grad_norm=2.9843852519989014, loss=2.7120537757873535
I0306 12:50:50.713418 140561978115840 logging_writer.py:48] [1800] global_step=1800, grad_norm=2.6618804931640625, loss=2.732402801513672
I0306 13:00:38.264475 140561969723136 logging_writer.py:48] [1900] global_step=1900, grad_norm=3.468874454498291, loss=2.749314546585083
I0306 13:03:18.456676 140701029135552 spec.py:321] Evaluating on the training split.
I0306 13:03:57.054939 140701029135552 spec.py:333] Evaluating on the validation split.
/usr/local/lib/python3.11/multiprocessing/popen_fork.py:66: RuntimeWarning: os.fork() was called. os.fork() is incompatible with multithreaded code, and JAX is multithreaded, so this will likely lead to a deadlock.
  self.pid = os.fork()
I0306 13:04:38.045335 140701029135552 spec.py:349] Evaluating on the test split.
/usr/local/lib/python3.11/multiprocessing/popen_fork.py:66: RuntimeWarning: os.fork() was called. os.fork() is incompatible with multithreaded code, and JAX is multithreaded, so this will likely lead to a deadlock.
  self.pid = os.fork()
I0306 13:04:59.707702 140701029135552 submission_runner.py:469] Time since start: 9539.47s, 	Step: 1927, 	{'train/ctc_loss': Array(6.3417335, dtype=float32), 'train/wer': np.float64(0.9290619571822685), 'validation/ctc_loss': Array(6.280966, dtype=float32), 'validation/wer': np.float64(0.8894638771155758), 'validation/num_examples': 5348, 'test/ctc_loss': Array(6.174874, dtype=float32), 'test/wer': np.float64(0.8907440131619035), 'test/num_examples': 2472, 'score': 8732.619438648224, 'total_duration': 9539.46751999855, 'accumulated_submission_time': 8732.619438648224, 'accumulated_eval_time': 806.2621705532074, 'accumulated_logging_time': 0.36168551445007324}
I0306 13:04:59.726225 140561978115840 logging_writer.py:48] [1927] accumulated_eval_time=806.262, accumulated_logging_time=0.361686, accumulated_submission_time=8732.62, global_step=1927, preemption_count=0, score=8732.62, test/ctc_loss=6.1748738288879395, test/num_examples=2472, test/wer=0.890744, total_duration=9539.47, train/ctc_loss=6.341733455657959, train/wer=0.929062, validation/ctc_loss=6.280965805053711, validation/num_examples=5348, validation/wer=0.889464
I0306 13:10:15.683882 140561969723136 logging_writer.py:48] [2000] global_step=2000, grad_norm=2.082916498184204, loss=2.6326546669006348
/usr/local/lib/python3.11/multiprocessing/popen_fork.py:66: RuntimeWarning: os.fork() was called. os.fork() is incompatible with multithreaded code, and JAX is multithreaded, so this will likely lead to a deadlock.
  self.pid = os.fork()
I0306 13:18:26.990300 140561978115840 logging_writer.py:48] [2100] global_step=2100, grad_norm=2.979449510574341, loss=2.5337867736816406
I0306 13:24:11.410220 140561969723136 logging_writer.py:48] [2200] global_step=2200, grad_norm=2.702277660369873, loss=2.4475314617156982
I0306 13:29:06.700184 140701029135552 spec.py:321] Evaluating on the training split.
I0306 13:29:45.023920 140701029135552 spec.py:333] Evaluating on the validation split.
/usr/local/lib/python3.11/multiprocessing/popen_fork.py:66: RuntimeWarning: os.fork() was called. os.fork() is incompatible with multithreaded code, and JAX is multithreaded, so this will likely lead to a deadlock.
  self.pid = os.fork()
I0306 13:30:34.332974 140701029135552 spec.py:349] Evaluating on the test split.
/usr/local/lib/python3.11/multiprocessing/popen_fork.py:66: RuntimeWarning: os.fork() was called. os.fork() is incompatible with multithreaded code, and JAX is multithreaded, so this will likely lead to a deadlock.
  self.pid = os.fork()
I0306 13:30:56.119939 140701029135552 submission_runner.py:469] Time since start: 11095.88s, 	Step: 2277, 	{'train/ctc_loss': Array(5.7391124, dtype=float32), 'train/wer': np.float64(0.9326835818859928), 'validation/ctc_loss': Array(5.73547, dtype=float32), 'validation/wer': np.float64(0.8909410390337623), 'validation/num_examples': 5348, 'test/ctc_loss': Array(5.599681, dtype=float32), 'test/wer': np.float64(0.8924095626916906), 'test/num_examples': 2472, 'score': 10179.54701757431, 'total_duration': 11095.879417657852, 'accumulated_submission_time': 10179.54701757431, 'accumulated_eval_time': 915.6789965629578, 'accumulated_logging_time': 0.39038729667663574}
I0306 13:30:56.159002 140561978115840 logging_writer.py:48] [2277] accumulated_eval_time=915.679, accumulated_logging_time=0.390387, accumulated_submission_time=10179.5, global_step=2277, preemption_count=0, score=10179.5, test/ctc_loss=5.5996809005737305, test/num_examples=2472, test/wer=0.89241, total_duration=11095.9, train/ctc_loss=5.739112377166748, train/wer=0.932684, validation/ctc_loss=5.735469818115234, validation/num_examples=5348, validation/wer=0.890941
I0306 13:31:17.817011 140561969723136 logging_writer.py:48] [2300] global_step=2300, grad_norm=3.748218059539795, loss=2.343047618865967
I0306 13:38:35.556019 140561978115840 logging_writer.py:48] [2400] global_step=2400, grad_norm=3.951021194458008, loss=2.407764434814453
I0306 13:47:09.472142 140561969723136 logging_writer.py:48] [2500] global_step=2500, grad_norm=3.271495819091797, loss=2.3618268966674805
I0306 13:55:04.758792 140701029135552 spec.py:321] Evaluating on the training split.
I0306 13:55:43.256174 140701029135552 spec.py:333] Evaluating on the validation split.
/usr/local/lib/python3.11/multiprocessing/popen_fork.py:66: RuntimeWarning: os.fork() was called. os.fork() is incompatible with multithreaded code, and JAX is multithreaded, so this will likely lead to a deadlock.
  self.pid = os.fork()
I0306 13:56:35.347346 140701029135552 spec.py:349] Evaluating on the test split.
/usr/local/lib/python3.11/multiprocessing/popen_fork.py:66: RuntimeWarning: os.fork() was called. os.fork() is incompatible with multithreaded code, and JAX is multithreaded, so this will likely lead to a deadlock.
  self.pid = os.fork()
I0306 13:56:55.881007 140701029135552 submission_runner.py:469] Time since start: 12655.64s, 	Step: 2585, 	{'train/ctc_loss': Array(5.292508, dtype=float32), 'train/wer': np.float64(0.9195000889233804), 'validation/ctc_loss': Array(5.3822722, dtype=float32), 'validation/wer': np.float64(0.8847524064222753), 'validation/num_examples': 5348, 'test/ctc_loss': Array(5.1695347, dtype=float32), 'test/wer': np.float64(0.8827615623667052), 'test/num_examples': 2472, 'score': 11628.105694532394, 'total_duration': 12655.640584945679, 'accumulated_submission_time': 11628.105694532394, 'accumulated_eval_time': 1026.7983396053314, 'accumulated_logging_time': 0.4400749206542969}
I0306 13:56:55.930779 140561978115840 logging_writer.py:48] [2585] accumulated_eval_time=1026.8, accumulated_logging_time=0.440075, accumulated_submission_time=11628.1, global_step=2585, preemption_count=0, score=11628.1, test/ctc_loss=5.169534683227539, test/num_examples=2472, test/wer=0.882762, total_duration=12655.6, train/ctc_loss=5.292508125305176, train/wer=0.9195, validation/ctc_loss=5.382272243499756, validation/num_examples=5348, validation/wer=0.884752
I0306 13:57:10.157334 140561969723136 logging_writer.py:48] [2600] global_step=2600, grad_norm=3.809145450592041, loss=2.331160545349121
I0306 14:06:32.060517 140561978115840 logging_writer.py:48] [2700] global_step=2700, grad_norm=2.8148577213287354, loss=2.3122828006744385
I0306 14:16:29.017936 140561969723136 logging_writer.py:48] [2800] global_step=2800, grad_norm=3.7548539638519287, loss=2.2363038063049316
I0306 14:21:16.598371 140701029135552 spec.py:321] Evaluating on the training split.
I0306 14:21:57.384171 140701029135552 spec.py:333] Evaluating on the validation split.
/usr/local/lib/python3.11/multiprocessing/popen_fork.py:66: RuntimeWarning: os.fork() was called. os.fork() is incompatible with multithreaded code, and JAX is multithreaded, so this will likely lead to a deadlock.
  self.pid = os.fork()
I0306 14:22:39.468458 140701029135552 spec.py:349] Evaluating on the test split.
/usr/local/lib/python3.11/multiprocessing/popen_fork.py:66: RuntimeWarning: os.fork() was called. os.fork() is incompatible with multithreaded code, and JAX is multithreaded, so this will likely lead to a deadlock.
  self.pid = os.fork()
I0306 14:23:03.627584 140701029135552 submission_runner.py:469] Time since start: 14223.39s, 	Step: 2849, 	{'train/ctc_loss': Array(4.3001966, dtype=float32), 'train/wer': np.float64(0.8155723300792622), 'validation/ctc_loss': Array(4.4584746, dtype=float32), 'validation/wer': np.float64(0.819873137858791), 'validation/num_examples': 5348, 'test/ctc_loss': Array(4.149747, dtype=float32), 'test/wer': np.float64(0.7851034874982228), 'test/num_examples': 2472, 'score': 13088.698564052582, 'total_duration': 14223.387263774872, 'accumulated_submission_time': 13088.698564052582, 'accumulated_eval_time': 1133.824782371521, 'accumulated_logging_time': 0.5367295742034912}
I0306 14:23:03.646149 140561763075840 logging_writer.py:48] [2849] accumulated_eval_time=1133.82, accumulated_logging_time=0.53673, accumulated_submission_time=13088.7, global_step=2849, preemption_count=0, score=13088.7, test/ctc_loss=4.149746894836426, test/num_examples=2472, test/wer=0.785103, total_duration=14223.4, train/ctc_loss=4.300196647644043, train/wer=0.815572, validation/ctc_loss=4.458474636077881, validation/num_examples=5348, validation/wer=0.819873
I0306 14:26:15.573933 140561754683136 logging_writer.py:48] [2900] global_step=2900, grad_norm=2.29500675201416, loss=2.277689218521118
I0306 14:36:03.563032 140561763075840 logging_writer.py:48] [3000] global_step=3000, grad_norm=2.8555777072906494, loss=2.161273241043091
/usr/local/lib/python3.11/multiprocessing/popen_fork.py:66: RuntimeWarning: os.fork() was called. os.fork() is incompatible with multithreaded code, and JAX is multithreaded, so this will likely lead to a deadlock.
  self.pid = os.fork()
I0306 14:45:29.128370 140561435395840 logging_writer.py:48] [3100] global_step=3100, grad_norm=3.636730194091797, loss=2.120084762573242
I0306 14:47:04.371857 140701029135552 spec.py:321] Evaluating on the training split.
I0306 14:47:47.943091 140701029135552 spec.py:333] Evaluating on the validation split.
/usr/local/lib/python3.11/multiprocessing/popen_fork.py:66: RuntimeWarning: os.fork() was called. os.fork() is incompatible with multithreaded code, and JAX is multithreaded, so this will likely lead to a deadlock.
  self.pid = os.fork()
I0306 14:48:31.255646 140701029135552 spec.py:349] Evaluating on the test split.
/usr/local/lib/python3.11/multiprocessing/popen_fork.py:66: RuntimeWarning: os.fork() was called. os.fork() is incompatible with multithreaded code, and JAX is multithreaded, so this will likely lead to a deadlock.
  self.pid = os.fork()
I0306 14:48:54.105452 140701029135552 submission_runner.py:469] Time since start: 15773.87s, 	Step: 3129, 	{'train/ctc_loss': Array(3.3647213, dtype=float32), 'train/wer': np.float64(0.6852614613180515), 'validation/ctc_loss': Array(3.6051755, dtype=float32), 'validation/wer': np.float64(0.6997982177510451), 'validation/num_examples': 5348, 'test/ctc_loss': Array(3.1409276, dtype=float32), 'test/wer': np.float64(0.6341884508358215), 'test/num_examples': 2472, 'score': 14529.38310599327, 'total_duration': 15773.86507344246, 'accumulated_submission_time': 14529.38310599327, 'accumulated_eval_time': 1243.5555815696716, 'accumulated_logging_time': 0.5674805641174316}
I0306 14:48:54.126803 140561220355840 logging_writer.py:48] [3129] accumulated_eval_time=1243.56, accumulated_logging_time=0.567481, accumulated_submission_time=14529.4, global_step=3129, preemption_count=0, score=14529.4, test/ctc_loss=3.14092755317688, test/num_examples=2472, test/wer=0.634188, total_duration=15773.9, train/ctc_loss=3.3647212982177734, train/wer=0.685261, validation/ctc_loss=3.605175495147705, validation/num_examples=5348, validation/wer=0.699798
I0306 14:51:29.505133 140561211963136 logging_writer.py:48] [3200] global_step=3200, grad_norm=3.0530202388763428, loss=2.165213108062744
I0306 14:57:48.356176 140561220355840 logging_writer.py:48] [3300] global_step=3300, grad_norm=2.3649370670318604, loss=2.0637142658233643
I0306 15:04:44.951623 140561211963136 logging_writer.py:48] [3400] global_step=3400, grad_norm=6.753509998321533, loss=2.1388731002807617
I0306 15:12:53.863608 140561220355840 logging_writer.py:48] [3500] global_step=3500, grad_norm=2.646061897277832, loss=2.066906213760376
I0306 15:12:54.779689 140701029135552 spec.py:321] Evaluating on the training split.
I0306 15:13:40.872489 140701029135552 spec.py:333] Evaluating on the validation split.
/usr/local/lib/python3.11/multiprocessing/popen_fork.py:66: RuntimeWarning: os.fork() was called. os.fork() is incompatible with multithreaded code, and JAX is multithreaded, so this will likely lead to a deadlock.
  self.pid = os.fork()
I0306 15:14:35.754378 140701029135552 spec.py:349] Evaluating on the test split.
/usr/local/lib/python3.11/multiprocessing/popen_fork.py:66: RuntimeWarning: os.fork() was called. os.fork() is incompatible with multithreaded code, and JAX is multithreaded, so this will likely lead to a deadlock.
  self.pid = os.fork()
I0306 15:14:58.014166 140701029135552 submission_runner.py:469] Time since start: 17337.77s, 	Step: 3502, 	{'train/ctc_loss': Array(2.1625576, dtype=float32), 'train/wer': np.float64(0.5104285721951246), 'validation/ctc_loss': Array(2.5489607, dtype=float32), 'validation/wer': np.float64(0.5543025961362078), 'validation/num_examples': 5348, 'test/ctc_loss': Array(2.0404658, dtype=float32), 'test/wer': np.float64(0.4796376414193732), 'test/num_examples': 2472, 'score': 15969.985979557037, 'total_duration': 17337.773834466934, 'accumulated_submission_time': 15969.985979557037, 'accumulated_eval_time': 1366.7872681617737, 'accumulated_logging_time': 0.5997283458709717}
I0306 15:14:58.035947 140561978115840 logging_writer.py:48] [3502] accumulated_eval_time=1366.79, accumulated_logging_time=0.599728, accumulated_submission_time=15970, global_step=3502, preemption_count=0, score=15970, test/ctc_loss=2.040465831756592, test/num_examples=2472, test/wer=0.479638, total_duration=17337.8, train/ctc_loss=2.162557601928711, train/wer=0.510429, validation/ctc_loss=2.5489606857299805, validation/num_examples=5348, validation/wer=0.554303
I0306 15:22:12.596735 140561969723136 logging_writer.py:48] [3600] global_step=3600, grad_norm=2.78999400138855, loss=1.9791440963745117
I0306 15:31:23.405806 140561978115840 logging_writer.py:48] [3700] global_step=3700, grad_norm=3.0946874618530273, loss=2.002736806869507
I0306 15:39:09.889580 140701029135552 spec.py:321] Evaluating on the training split.
I0306 15:39:56.582703 140701029135552 spec.py:333] Evaluating on the validation split.
/usr/local/lib/python3.11/multiprocessing/popen_fork.py:66: RuntimeWarning: os.fork() was called. os.fork() is incompatible with multithreaded code, and JAX is multithreaded, so this will likely lead to a deadlock.
  self.pid = os.fork()
I0306 15:40:51.140030 140701029135552 spec.py:349] Evaluating on the test split.
/usr/local/lib/python3.11/multiprocessing/popen_fork.py:66: RuntimeWarning: os.fork() was called. os.fork() is incompatible with multithreaded code, and JAX is multithreaded, so this will likely lead to a deadlock.
  self.pid = os.fork()
I0306 15:41:12.987692 140701029135552 submission_runner.py:469] Time since start: 18912.75s, 	Step: 3783, 	{'train/ctc_loss': Array(1.4953476, dtype=float32), 'train/wer': np.float64(0.4022746638402228), 'validation/ctc_loss': Array(1.9161088, dtype=float32), 'validation/wer': np.float64(0.459812506637574), 'validation/num_examples': 5348, 'test/ctc_loss': Array(1.4319582, dtype=float32), 'test/wer': np.float64(0.38185769707310135), 'test/num_examples': 2472, 'score': 17421.799170970917, 'total_duration': 18912.746891736984, 'accumulated_submission_time': 17421.799170970917, 'accumulated_eval_time': 1489.8821272850037, 'accumulated_logging_time': 0.6320252418518066}
I0306 15:41:13.008565 140561978115840 logging_writer.py:48] [3783] accumulated_eval_time=1489.88, accumulated_logging_time=0.632025, accumulated_submission_time=17421.8, global_step=3783, preemption_count=0, score=17421.8, test/ctc_loss=1.4319581985473633, test/num_examples=2472, test/wer=0.381858, total_duration=18912.7, train/ctc_loss=1.4953476190567017, train/wer=0.402275, validation/ctc_loss=1.9161088466644287, validation/num_examples=5348, validation/wer=0.459813
I0306 15:41:29.024821 140561969723136 logging_writer.py:48] [3800] global_step=3800, grad_norm=3.032348871231079, loss=2.0360052585601807
I0306 15:49:48.069337 140561978115840 logging_writer.py:48] [3900] global_step=3900, grad_norm=3.9509565830230713, loss=2.057875871658325
I0306 15:58:45.843308 140561969723136 logging_writer.py:48] [4000] global_step=4000, grad_norm=2.588982105255127, loss=1.986148715019226
I0306 16:05:19.991938 140701029135552 spec.py:321] Evaluating on the training split.
I0306 16:06:06.399841 140701029135552 spec.py:333] Evaluating on the validation split.
/usr/local/lib/python3.11/multiprocessing/popen_fork.py:66: RuntimeWarning: os.fork() was called. os.fork() is incompatible with multithreaded code, and JAX is multithreaded, so this will likely lead to a deadlock.
  self.pid = os.fork()
I0306 16:06:49.291366 140701029135552 spec.py:349] Evaluating on the test split.
/usr/local/lib/python3.11/multiprocessing/popen_fork.py:66: RuntimeWarning: os.fork() was called. os.fork() is incompatible with multithreaded code, and JAX is multithreaded, so this will likely lead to a deadlock.
  self.pid = os.fork()
I0306 16:07:12.080468 140701029135552 submission_runner.py:469] Time since start: 20471.84s, 	Step: 4075, 	{'train/ctc_loss': Array(1.1649402, dtype=float32), 'train/wer': np.float64(0.34014061814935526), 'validation/ctc_loss': Array(1.5510697, dtype=float32), 'validation/wer': np.float64(0.3982544387267444), 'validation/num_examples': 5348, 'test/ctc_loss': Array(1.092717, dtype=float32), 'test/wer': np.float64(0.31765279385777834), 'test/num_examples': 2472, 'score': 18868.74111366272, 'total_duration': 20471.839866876602, 'accumulated_submission_time': 18868.74111366272, 'accumulated_eval_time': 1601.9676055908203, 'accumulated_logging_time': 0.6636958122253418}
I0306 16:07:12.099602 140561978115840 logging_writer.py:48] [4075] accumulated_eval_time=1601.97, accumulated_logging_time=0.663696, accumulated_submission_time=18868.7, global_step=4075, preemption_count=0, score=18868.7, test/ctc_loss=1.0927170515060425, test/num_examples=2472, test/wer=0.317653, total_duration=20471.8, train/ctc_loss=1.1649402379989624, train/wer=0.340141, validation/ctc_loss=1.551069736480713, validation/num_examples=5348, validation/wer=0.398254
I0306 16:07:35.174612 140561969723136 logging_writer.py:48] [4100] global_step=4100, grad_norm=7.998240947723389, loss=1.9626452922821045
/usr/local/lib/python3.11/multiprocessing/popen_fork.py:66: RuntimeWarning: os.fork() was called. os.fork() is incompatible with multithreaded code, and JAX is multithreaded, so this will likely lead to a deadlock.
  self.pid = os.fork()
I0306 16:13:22.683076 140561978115840 logging_writer.py:48] [4200] global_step=4200, grad_norm=4.188572406768799, loss=1.9506241083145142
I0306 16:18:51.549310 140561969723136 logging_writer.py:48] [4300] global_step=4300, grad_norm=3.3167786598205566, loss=1.9374865293502808
I0306 16:25:01.190872 140561978115840 logging_writer.py:48] [4400] global_step=4400, grad_norm=2.7942028045654297, loss=1.9758182764053345
I0306 16:31:23.076037 140701029135552 spec.py:321] Evaluating on the training split.
I0306 16:32:10.644899 140701029135552 spec.py:333] Evaluating on the validation split.
/usr/local/lib/python3.11/multiprocessing/popen_fork.py:66: RuntimeWarning: os.fork() was called. os.fork() is incompatible with multithreaded code, and JAX is multithreaded, so this will likely lead to a deadlock.
  self.pid = os.fork()
I0306 16:33:09.315621 140701029135552 spec.py:349] Evaluating on the test split.
/usr/local/lib/python3.11/multiprocessing/popen_fork.py:66: RuntimeWarning: os.fork() was called. os.fork() is incompatible with multithreaded code, and JAX is multithreaded, so this will likely lead to a deadlock.
  self.pid = os.fork()
I0306 16:33:37.662537 140701029135552 submission_runner.py:469] Time since start: 22057.42s, 	Step: 4493, 	{'train/ctc_loss': Array(0.8531057, dtype=float32), 'train/wer': np.float64(0.2654392180186703), 'validation/ctc_loss': Array(1.2387971, dtype=float32), 'validation/wer': np.float64(0.3359819264894716), 'validation/num_examples': 5348, 'test/ctc_loss': Array(0.83219904, dtype=float32), 'test/wer': np.float64(0.25521499807039993), 'test/num_examples': 2472, 'score': 20319.66285920143, 'total_duration': 22057.42199063301, 'accumulated_submission_time': 20319.66285920143, 'accumulated_eval_time': 1736.5511288642883, 'accumulated_logging_time': 0.6936097145080566}
I0306 16:33:37.736928 140561978115840 logging_writer.py:48] [4493] accumulated_eval_time=1736.55, accumulated_logging_time=0.69361, accumulated_submission_time=20319.7, global_step=4493, preemption_count=0, score=20319.7, test/ctc_loss=0.8321990370750427, test/num_examples=2472, test/wer=0.255215, total_duration=22057.4, train/ctc_loss=0.8531057238578796, train/wer=0.265439, validation/ctc_loss=1.2387970685958862, validation/num_examples=5348, validation/wer=0.335982
I0306 16:33:44.838371 140561969723136 logging_writer.py:48] [4500] global_step=4500, grad_norm=2.1204490661621094, loss=1.9366556406021118
I0306 16:39:52.873034 140561978115840 logging_writer.py:48] [4600] global_step=4600, grad_norm=4.089518070220947, loss=1.896816372871399
I0306 16:48:18.759699 140561969723136 logging_writer.py:48] [4700] global_step=4700, grad_norm=4.475830078125, loss=1.8986283540725708
I0306 16:57:25.816119 140561978115840 logging_writer.py:48] [4800] global_step=4800, grad_norm=2.8847334384918213, loss=1.8752853870391846
I0306 16:57:47.688060 140701029135552 spec.py:321] Evaluating on the training split.
I0306 16:58:34.432544 140701029135552 spec.py:333] Evaluating on the validation split.
/usr/local/lib/python3.11/multiprocessing/popen_fork.py:66: RuntimeWarning: os.fork() was called. os.fork() is incompatible with multithreaded code, and JAX is multithreaded, so this will likely lead to a deadlock.
  self.pid = os.fork()
I0306 16:59:26.291741 140701029135552 spec.py:349] Evaluating on the test split.
/usr/local/lib/python3.11/multiprocessing/popen_fork.py:66: RuntimeWarning: os.fork() was called. os.fork() is incompatible with multithreaded code, and JAX is multithreaded, so this will likely lead to a deadlock.
  self.pid = os.fork()
I0306 16:59:55.011801 140701029135552 submission_runner.py:469] Time since start: 23634.77s, 	Step: 4805, 	{'train/ctc_loss': Array(0.7521647, dtype=float32), 'train/wer': np.float64(0.24688248565166365), 'validation/ctc_loss': Array(1.1422908, dtype=float32), 'validation/wer': np.float64(0.31398862681869527), 'validation/num_examples': 5348, 'test/ctc_loss': Array(0.75641876, dtype=float32), 'test/wer': np.float64(0.23591899742042938), 'test/num_examples': 2472, 'score': 21769.570416927338, 'total_duration': 23634.77166700363, 'accumulated_submission_time': 21769.570416927338, 'accumulated_eval_time': 1863.8722808361053, 'accumulated_logging_time': 0.7790141105651855}
I0306 16:59:55.070356 140561978115840 logging_writer.py:48] [4805] accumulated_eval_time=1863.87, accumulated_logging_time=0.779014, accumulated_submission_time=21769.6, global_step=4805, preemption_count=0, score=21769.6, test/ctc_loss=0.756418764591217, test/num_examples=2472, test/wer=0.235919, total_duration=23634.8, train/ctc_loss=0.7521647214889526, train/wer=0.246882, validation/ctc_loss=1.1422908306121826, validation/num_examples=5348, validation/wer=0.313989
I0306 17:06:12.705729 140561969723136 logging_writer.py:48] [4900] global_step=4900, grad_norm=4.463231563568115, loss=1.8295743465423584
I0306 17:15:07.877624 140561978115840 logging_writer.py:48] [5000] global_step=5000, grad_norm=3.845195770263672, loss=1.837684154510498
I0306 17:23:54.950498 140561969723136 logging_writer.py:48] [5100] global_step=5100, grad_norm=2.196967124938965, loss=1.8195761442184448
I0306 17:23:55.868656 140701029135552 spec.py:321] Evaluating on the training split.
I0306 17:24:43.738209 140701029135552 spec.py:333] Evaluating on the validation split.
/usr/local/lib/python3.11/multiprocessing/popen_fork.py:66: RuntimeWarning: os.fork() was called. os.fork() is incompatible with multithreaded code, and JAX is multithreaded, so this will likely lead to a deadlock.
  self.pid = os.fork()
I0306 17:25:28.387416 140701029135552 spec.py:349] Evaluating on the test split.
/usr/local/lib/python3.11/multiprocessing/popen_fork.py:66: RuntimeWarning: os.fork() was called. os.fork() is incompatible with multithreaded code, and JAX is multithreaded, so this will likely lead to a deadlock.
  self.pid = os.fork()
I0306 17:25:50.792248 140701029135552 submission_runner.py:469] Time since start: 25190.55s, 	Step: 5102, 	{'train/ctc_loss': Array(0.57907015, dtype=float32), 'train/wer': np.float64(0.18925794250744327), 'validation/ctc_loss': Array(0.97787017, dtype=float32), 'validation/wer': np.float64(0.27625824266005), 'validation/num_examples': 5348, 'test/ctc_loss': Array(0.6370217, dtype=float32), 'test/wer': np.float64(0.20242520260800684), 'test/num_examples': 2472, 'score': 23210.327386379242, 'total_duration': 25190.552238464355, 'accumulated_submission_time': 23210.327386379242, 'accumulated_eval_time': 1978.7934131622314, 'accumulated_logging_time': 0.8478436470031738}
I0306 17:25:50.815896 140561978115840 logging_writer.py:48] [5102] accumulated_eval_time=1978.79, accumulated_logging_time=0.847844, accumulated_submission_time=23210.3, global_step=5102, preemption_count=0, score=23210.3, test/ctc_loss=0.6370217204093933, test/num_examples=2472, test/wer=0.202425, total_duration=25190.6, train/ctc_loss=0.5790701508522034, train/wer=0.189258, validation/ctc_loss=0.9778701663017273, validation/num_examples=5348, validation/wer=0.276258
/usr/local/lib/python3.11/multiprocessing/popen_fork.py:66: RuntimeWarning: os.fork() was called. os.fork() is incompatible with multithreaded code, and JAX is multithreaded, so this will likely lead to a deadlock.
  self.pid = os.fork()
I0306 17:30:46.853875 140561030915840 logging_writer.py:48] [5200] global_step=5200, grad_norm=4.852969646453857, loss=1.788806438446045
I0306 17:35:52.577356 140561022523136 logging_writer.py:48] [5300] global_step=5300, grad_norm=2.5308144092559814, loss=1.8105363845825195
I0306 17:41:41.638182 140561030915840 logging_writer.py:48] [5400] global_step=5400, grad_norm=1.9067436456680298, loss=1.7778116464614868
I0306 17:48:29.487013 140561022523136 logging_writer.py:48] [5500] global_step=5500, grad_norm=4.1560869216918945, loss=1.8232471942901611
I0306 17:49:56.321788 140701029135552 spec.py:321] Evaluating on the training split.
I0306 17:50:43.866220 140701029135552 spec.py:333] Evaluating on the validation split.
/usr/local/lib/python3.11/multiprocessing/popen_fork.py:66: RuntimeWarning: os.fork() was called. os.fork() is incompatible with multithreaded code, and JAX is multithreaded, so this will likely lead to a deadlock.
  self.pid = os.fork()
I0306 17:51:28.040587 140701029135552 spec.py:349] Evaluating on the test split.
/usr/local/lib/python3.11/multiprocessing/popen_fork.py:66: RuntimeWarning: os.fork() was called. os.fork() is incompatible with multithreaded code, and JAX is multithreaded, so this will likely lead to a deadlock.
  self.pid = os.fork()
I0306 17:51:58.970044 140701029135552 submission_runner.py:469] Time since start: 26758.73s, 	Step: 5520, 	{'train/ctc_loss': Array(0.55897784, dtype=float32), 'train/wer': np.float64(0.18514605537116824), 'validation/ctc_loss': Array(0.89634717, dtype=float32), 'validation/wer': np.float64(0.25592554331560097), 'validation/num_examples': 5348, 'test/ctc_loss': Array(0.5725169, dtype=float32), 'test/wer': np.float64(0.18369792618771963), 'test/num_examples': 2472, 'score': 24655.779333353043, 'total_duration': 26758.72992324829, 'accumulated_submission_time': 24655.779333353043, 'accumulated_eval_time': 2101.4391202926636, 'accumulated_logging_time': 0.8825631141662598}
I0306 17:51:59.027592 140561030915840 logging_writer.py:48] [5520] accumulated_eval_time=2101.44, accumulated_logging_time=0.882563, accumulated_submission_time=24655.8, global_step=5520, preemption_count=0, score=24655.8, test/ctc_loss=0.572516918182373, test/num_examples=2472, test/wer=0.183698, total_duration=26758.7, train/ctc_loss=0.5589778423309326, train/wer=0.185146, validation/ctc_loss=0.896347165107727, validation/num_examples=5348, validation/wer=0.255926
I0306 17:56:29.842225 140561022523136 logging_writer.py:48] [5600] global_step=5600, grad_norm=2.8540987968444824, loss=1.7488396167755127
