python submission_runner.py --framework=jax --workload=librispeech_deepspeech --submission_path=prize_qualification_baselines/external_tuning/jax_nadamw_full_budget.py --data_dir=/data/librispeech --num_tuning_trials=1 --experiment_dir=/experiment_runs --experiment_name=submissions/rolling_leaderboard/external_tuning/baseline/study_2 --overwrite=True --save_checkpoints=False --rng_seed=465174878 --librispeech_tokenizer_vocab_path=/data/librispeech/spm_model.vocab --tuning_ruleset=external --tuning_search_space=prize_qualification_baselines/external_tuning/tuning_search_space.json --num_tuning_trials=5 --hparam_start_index=3 --hparam_end_index=4 2>&1 | tee -a /logs/librispeech_deepspeech_jax_03-06-2025-11-51-16.log
2025-03-06 11:51:17.712216: E external/local_xla/xla/stream_executor/cuda/cuda_fft.cc:477] Unable to register cuFFT factory: Attempting to register factory for plugin cuFFT when one has already been registered
WARNING: All log messages before absl::InitializeLog() is called are written to STDERR
E0000 00:00:1741261877.735672       9 cuda_dnn.cc:8310] Unable to register cuDNN factory: Attempting to register factory for plugin cuDNN when one has already been registered
E0000 00:00:1741261877.742272       9 cuda_blas.cc:1418] Unable to register cuBLAS factory: Attempting to register factory for plugin cuBLAS when one has already been registered
ERROR:root:Unable to import wandb.
Traceback (most recent call last):
  File "/algorithmic-efficiency/algoperf/logger_utils.py", line 27, in <module>
    import wandb  # pylint: disable=g-import-not-at-top
    ^^^^^^^^^^^^
ModuleNotFoundError: No module named 'wandb'
I0306 11:51:23.663233 140008567526592 logger_utils.py:81] Creating experiment directory at /experiment_runs/submissions/rolling_leaderboard/external_tuning/baseline/study_2/librispeech_deepspeech_jax.
I0306 11:51:24.464108 140008567526592 xla_bridge.py:884] Unable to initialize backend 'rocm': NOT_FOUND: Could not find registered platform with name: "rocm". Available platform names are: CUDA
I0306 11:51:24.467943 140008567526592 xla_bridge.py:884] Unable to initialize backend 'tpu': INTERNAL: Failed to open libtpu.so: libtpu.so: cannot open shared object file: No such file or directory
I0306 11:51:24.469726 140008567526592 submission_runner.py:606] Using RNG seed 465174878
I0306 11:51:25.381743 140008567526592 submission_runner.py:615] --- Tuning run 4/5 ---
I0306 11:51:25.381948 140008567526592 submission_runner.py:620] Creating tuning directory at /experiment_runs/submissions/rolling_leaderboard/external_tuning/baseline/study_2/librispeech_deepspeech_jax/trial_4.
I0306 11:51:25.382142 140008567526592 logger_utils.py:97] Saving hparams to /experiment_runs/submissions/rolling_leaderboard/external_tuning/baseline/study_2/librispeech_deepspeech_jax/trial_4/hparams.json.
I0306 11:51:25.615711 140008567526592 submission_runner.py:218] Initializing dataset.
I0306 11:51:25.615911 140008567526592 submission_runner.py:229] Initializing model.
I0306 11:51:30.253352 140008567526592 submission_runner.py:272] Initializing optimizer.
I0306 11:51:30.703359 140008567526592 submission_runner.py:279] Initializing metrics bundle.
I0306 11:51:30.703565 140008567526592 submission_runner.py:301] Initializing checkpoint and logger.
I0306 11:51:30.704391 140008567526592 checkpoints.py:1101] Found no checkpoint files in /experiment_runs/submissions/rolling_leaderboard/external_tuning/baseline/study_2/librispeech_deepspeech_jax/trial_4 with prefix checkpoint_
I0306 11:51:30.704506 140008567526592 submission_runner.py:321] Saving meta data to /experiment_runs/submissions/rolling_leaderboard/external_tuning/baseline/study_2/librispeech_deepspeech_jax/trial_4/meta_data_0.json.
I0306 11:51:30.704693 140008567526592 logger_utils.py:262] Unable to record workload.train_mean information. Continuing without it.
I0306 11:51:30.704742 140008567526592 logger_utils.py:262] Unable to record workload.train_stddev information. Continuing without it.
I0306 11:51:30.863945 140008567526592 submission_runner.py:325] Saving flags to /experiment_runs/submissions/rolling_leaderboard/external_tuning/baseline/study_2/librispeech_deepspeech_jax/trial_4/flags_0.json.
I0306 11:51:30.893529 140008567526592 submission_runner.py:337] Starting training loop.
I0306 11:51:31.056215 140008567526592 input_pipeline.py:20] Loading split = train-clean-100
I0306 11:51:31.148422 140008567526592 input_pipeline.py:20] Loading split = train-clean-360
I0306 11:51:31.565750 140008567526592 input_pipeline.py:20] Loading split = train-other-500
/usr/local/lib/python3.11/multiprocessing/popen_fork.py:66: RuntimeWarning: os.fork() was called. os.fork() is incompatible with multithreaded code, and JAX is multithreaded, so this will likely lead to a deadlock.
  self.pid = os.fork()
/usr/local/lib/python3.11/site-packages/jax/_src/interpreters/mlir.py:930: UserWarning: Some donated buffers were not usable: ShapedArray(float32[512]), ShapedArray(float32[512]), ShapedArray(float32[512]), ShapedArray(float32[512]), ShapedArray(float32[512]), ShapedArray(float32[512]), ShapedArray(float32[512]), ShapedArray(float32[512]), ShapedArray(float32[512]), ShapedArray(float32[512]), ShapedArray(float32[512]), ShapedArray(float32[512]), ShapedArray(float32[512]), ShapedArray(float32[512]), ShapedArray(float32[512]), ShapedArray(float32[512]), ShapedArray(float32[512]), ShapedArray(float32[512]).
See an explanation at https://jax.readthedocs.io/en/latest/faq.html#buffer-donation.
  warnings.warn("Some donated buffers were not usable:"
I0306 11:52:29.337016 139968903530240 logging_writer.py:48] [0] global_step=0, grad_norm=22.063236236572266, loss=32.7296142578125
I0306 11:52:29.361899 140008567526592 spec.py:321] Evaluating on the training split.
I0306 11:52:29.467835 140008567526592 input_pipeline.py:20] Loading split = train-clean-100
I0306 11:52:29.493552 140008567526592 input_pipeline.py:20] Loading split = train-clean-360
I0306 11:52:29.849013 140008567526592 input_pipeline.py:20] Loading split = train-other-500
/usr/local/lib/python3.11/multiprocessing/popen_fork.py:66: RuntimeWarning: os.fork() was called. os.fork() is incompatible with multithreaded code, and JAX is multithreaded, so this will likely lead to a deadlock.
  self.pid = os.fork()
/usr/local/lib/python3.11/site-packages/jax/_src/ops/scatter.py:96: FutureWarning: scatter inputs have incompatible types: cannot safely cast value from dtype=float32 to dtype=int32 with jax_numpy_dtype_promotion='standard'. In future JAX releases this will result in an error.
  warnings.warn(
I0306 11:54:30.700399 140008567526592 spec.py:333] Evaluating on the validation split.
I0306 11:54:30.766231 140008567526592 input_pipeline.py:20] Loading split = dev-clean
I0306 11:54:30.834963 140008567526592 input_pipeline.py:20] Loading split = dev-other
/usr/local/lib/python3.11/multiprocessing/popen_fork.py:66: RuntimeWarning: os.fork() was called. os.fork() is incompatible with multithreaded code, and JAX is multithreaded, so this will likely lead to a deadlock.
  self.pid = os.fork()
/usr/local/lib/python3.11/site-packages/jax/_src/ops/scatter.py:96: FutureWarning: scatter inputs have incompatible types: cannot safely cast value from dtype=float32 to dtype=int32 with jax_numpy_dtype_promotion='standard'. In future JAX releases this will result in an error.
  warnings.warn(
I0306 11:56:05.984302 140008567526592 spec.py:349] Evaluating on the test split.
I0306 11:56:06.048329 140008567526592 input_pipeline.py:20] Loading split = test-clean
/usr/local/lib/python3.11/multiprocessing/popen_fork.py:66: RuntimeWarning: os.fork() was called. os.fork() is incompatible with multithreaded code, and JAX is multithreaded, so this will likely lead to a deadlock.
  self.pid = os.fork()
/usr/local/lib/python3.11/site-packages/jax/_src/ops/scatter.py:96: FutureWarning: scatter inputs have incompatible types: cannot safely cast value from dtype=float32 to dtype=int32 with jax_numpy_dtype_promotion='standard'. In future JAX releases this will result in an error.
  warnings.warn(
I0306 11:56:53.013776 140008567526592 submission_runner.py:469] Time since start: 322.12s, 	Step: 1, 	{'train/ctc_loss': Array(30.155651, dtype=float32), 'train/wer': np.float64(3.7929972003132373), 'validation/ctc_loss': Array(29.984726, dtype=float32), 'validation/wer': np.float64(3.494520984388426), 'validation/num_examples': 5348, 'test/ctc_loss': Array(30.12239, dtype=float32), 'test/wer': np.float64(3.786667479129852), 'test/num_examples': 2472, 'score': 58.46828293800354, 'total_duration': 322.1184256076813, 'accumulated_submission_time': 58.46828293800354, 'accumulated_eval_time': 263.6500585079193, 'accumulated_logging_time': 0}
I0306 11:56:53.024174 139858357356288 logging_writer.py:48] [1] accumulated_eval_time=263.65, accumulated_logging_time=0, accumulated_submission_time=58.4683, global_step=1, preemption_count=0, score=58.4683, test/ctc_loss=30.122390747070312, test/num_examples=2472, test/wer=3.78667, total_duration=322.118, train/ctc_loss=30.155651092529297, train/wer=3.793, validation/ctc_loss=29.984725952148438, validation/num_examples=5348, validation/wer=3.49452
I0306 12:02:31.285207 139868885071616 logging_writer.py:48] [100] global_step=100, grad_norm=3.7208306789398193, loss=5.800543785095215
I0306 12:11:52.414612 139868893464320 logging_writer.py:48] [200] global_step=200, grad_norm=3.594545364379883, loss=4.757018089294434
I0306 12:20:56.890350 140008567526592 spec.py:321] Evaluating on the training split.
I0306 12:21:35.820829 140008567526592 spec.py:333] Evaluating on the validation split.
/usr/local/lib/python3.11/multiprocessing/popen_fork.py:66: RuntimeWarning: os.fork() was called. os.fork() is incompatible with multithreaded code, and JAX is multithreaded, so this will likely lead to a deadlock.
  self.pid = os.fork()
I0306 12:22:14.850149 140008567526592 spec.py:349] Evaluating on the test split.
/usr/local/lib/python3.11/multiprocessing/popen_fork.py:66: RuntimeWarning: os.fork() was called. os.fork() is incompatible with multithreaded code, and JAX is multithreaded, so this will likely lead to a deadlock.
  self.pid = os.fork()
I0306 12:22:34.542099 140008567526592 submission_runner.py:469] Time since start: 1863.65s, 	Step: 299, 	{'train/ctc_loss': Array(6.1287007, dtype=float32), 'train/wer': np.float64(0.8702014393730453), 'validation/ctc_loss': Array(6.193157, dtype=float32), 'validation/wer': np.float64(0.8424167527539898), 'validation/num_examples': 5348, 'test/ctc_loss': Array(6.068634, dtype=float32), 'test/wer': np.float64(0.8355168281437247), 'test/num_examples': 2472, 'score': 1502.2974083423615, 'total_duration': 1863.6462497711182, 'accumulated_submission_time': 1502.2974083423615, 'accumulated_eval_time': 361.29952478408813, 'accumulated_logging_time': 0.023104429244995117}
I0306 12:22:34.559476 139953569154816 logging_writer.py:48] [299] accumulated_eval_time=361.3, accumulated_logging_time=0.0231044, accumulated_submission_time=1502.3, global_step=299, preemption_count=0, score=1502.3, test/ctc_loss=6.068634033203125, test/num_examples=2472, test/wer=0.835517, total_duration=1863.65, train/ctc_loss=6.1287007331848145, train/wer=0.870201, validation/ctc_loss=6.193157196044922, validation/num_examples=5348, validation/wer=0.842417
I0306 12:22:36.148787 139869032285952 logging_writer.py:48] [300] global_step=300, grad_norm=1.502601981163025, loss=3.623694896697998
I0306 12:30:14.324860 139953569154816 logging_writer.py:48] [400] global_step=400, grad_norm=1.6880131959915161, loss=3.170008897781372
I0306 12:39:48.094270 139869032285952 logging_writer.py:48] [500] global_step=500, grad_norm=1.784308671951294, loss=2.898033618927002
I0306 12:46:48.510921 140008567526592 spec.py:321] Evaluating on the training split.
I0306 12:47:30.473709 140008567526592 spec.py:333] Evaluating on the validation split.
/usr/local/lib/python3.11/multiprocessing/popen_fork.py:66: RuntimeWarning: os.fork() was called. os.fork() is incompatible with multithreaded code, and JAX is multithreaded, so this will likely lead to a deadlock.
  self.pid = os.fork()
I0306 12:48:09.836613 140008567526592 spec.py:349] Evaluating on the test split.
/usr/local/lib/python3.11/multiprocessing/popen_fork.py:66: RuntimeWarning: os.fork() was called. os.fork() is incompatible with multithreaded code, and JAX is multithreaded, so this will likely lead to a deadlock.
  self.pid = os.fork()
I0306 12:48:30.364499 140008567526592 submission_runner.py:469] Time since start: 3419.47s, 	Step: 571, 	{'train/ctc_loss': Array(2.796569, dtype=float32), 'train/wer': np.float64(0.6270819329300171), 'validation/ctc_loss': Array(3.3695228, dtype=float32), 'validation/wer': np.float64(0.6826708632225301), 'validation/num_examples': 5348, 'test/ctc_loss': Array(2.8485587, dtype=float32), 'test/wer': np.float64(0.6215546483049986), 'test/num_examples': 2472, 'score': 2956.2161898612976, 'total_duration': 3419.4686949253082, 'accumulated_submission_time': 2956.2161898612976, 'accumulated_eval_time': 463.15087723731995, 'accumulated_logging_time': 0.049886465072631836}
I0306 12:48:30.415005 139953569154816 logging_writer.py:48] [571] accumulated_eval_time=463.151, accumulated_logging_time=0.0498865, accumulated_submission_time=2956.22, global_step=571, preemption_count=0, score=2956.22, test/ctc_loss=2.8485586643218994, test/num_examples=2472, test/wer=0.621555, total_duration=3419.47, train/ctc_loss=2.7965691089630127, train/wer=0.627082, validation/ctc_loss=3.3695228099823, validation/num_examples=5348, validation/wer=0.682671
I0306 12:49:34.118658 139869032285952 logging_writer.py:48] [600] global_step=600, grad_norm=2.2078394889831543, loss=2.8724472522735596
I0306 12:59:11.788781 139953569154816 logging_writer.py:48] [700] global_step=700, grad_norm=2.702035903930664, loss=2.7167279720306396
I0306 13:08:50.070920 139869032285952 logging_writer.py:48] [800] global_step=800, grad_norm=4.459108829498291, loss=2.6693708896636963
I0306 13:12:38.657483 140008567526592 spec.py:321] Evaluating on the training split.
I0306 13:13:18.583190 140008567526592 spec.py:333] Evaluating on the validation split.
/usr/local/lib/python3.11/multiprocessing/popen_fork.py:66: RuntimeWarning: os.fork() was called. os.fork() is incompatible with multithreaded code, and JAX is multithreaded, so this will likely lead to a deadlock.
  self.pid = os.fork()
I0306 13:13:58.398318 140008567526592 spec.py:349] Evaluating on the test split.
/usr/local/lib/python3.11/multiprocessing/popen_fork.py:66: RuntimeWarning: os.fork() was called. os.fork() is incompatible with multithreaded code, and JAX is multithreaded, so this will likely lead to a deadlock.
  self.pid = os.fork()
I0306 13:14:17.504662 140008567526592 submission_runner.py:469] Time since start: 4966.61s, 	Step: 839, 	{'train/ctc_loss': Array(2.7467082, dtype=float32), 'train/wer': np.float64(0.6903096690405476), 'validation/ctc_loss': Array(3.2658803, dtype=float32), 'validation/wer': np.float64(0.7068750784440561), 'validation/num_examples': 5348, 'test/ctc_loss': Array(2.7457187, dtype=float32), 'test/wer': np.float64(0.6732069953080251), 'test/num_examples': 2472, 'score': 4404.4235854148865, 'total_duration': 4966.608719110489, 'accumulated_submission_time': 4404.4235854148865, 'accumulated_eval_time': 561.995676279068, 'accumulated_logging_time': 0.11159181594848633}
I0306 13:14:17.546657 139953569154816 logging_writer.py:48] [839] accumulated_eval_time=561.996, accumulated_logging_time=0.111592, accumulated_submission_time=4404.42, global_step=839, preemption_count=0, score=4404.42, test/ctc_loss=2.7457187175750732, test/num_examples=2472, test/wer=0.673207, total_duration=4966.61, train/ctc_loss=2.7467081546783447, train/wer=0.69031, validation/ctc_loss=3.2658803462982178, validation/num_examples=5348, validation/wer=0.706875
I0306 13:18:33.623917 139869032285952 logging_writer.py:48] [900] global_step=900, grad_norm=6.461153984069824, loss=2.6704840660095215
I0306 13:28:16.126712 139953569154816 logging_writer.py:48] [1000] global_step=1000, grad_norm=1.9126423597335815, loss=2.456230878829956
/usr/local/lib/python3.11/multiprocessing/popen_fork.py:66: RuntimeWarning: os.fork() was called. os.fork() is incompatible with multithreaded code, and JAX is multithreaded, so this will likely lead to a deadlock.
  self.pid = os.fork()
I0306 13:35:19.730477 139953569154816 logging_writer.py:48] [1100] global_step=1100, grad_norm=2.158900022506714, loss=2.4349358081817627
I0306 13:38:23.815534 140008567526592 spec.py:321] Evaluating on the training split.
I0306 13:39:06.394615 140008567526592 spec.py:333] Evaluating on the validation split.
/usr/local/lib/python3.11/multiprocessing/popen_fork.py:66: RuntimeWarning: os.fork() was called. os.fork() is incompatible with multithreaded code, and JAX is multithreaded, so this will likely lead to a deadlock.
  self.pid = os.fork()
I0306 13:39:46.620060 140008567526592 spec.py:349] Evaluating on the test split.
/usr/local/lib/python3.11/multiprocessing/popen_fork.py:66: RuntimeWarning: os.fork() was called. os.fork() is incompatible with multithreaded code, and JAX is multithreaded, so this will likely lead to a deadlock.
  self.pid = os.fork()
I0306 13:40:07.520129 140008567526592 submission_runner.py:469] Time since start: 6516.62s, 	Step: 1151, 	{'train/ctc_loss': Array(2.1495912, dtype=float32), 'train/wer': np.float64(0.5431458005242478), 'validation/ctc_loss': Array(2.7124708, dtype=float32), 'validation/wer': np.float64(0.5844830416019), 'validation/num_examples': 5348, 'test/ctc_loss': Array(2.1844928, dtype=float32), 'test/wer': np.float64(0.5318180894928198), 'test/num_examples': 2472, 'score': 5850.6543164253235, 'total_duration': 6516.623275518417, 'accumulated_submission_time': 5850.6543164253235, 'accumulated_eval_time': 665.6970021724701, 'accumulated_logging_time': 0.16379499435424805}
I0306 13:40:07.538177 139953569154816 logging_writer.py:48] [1151] accumulated_eval_time=665.697, accumulated_logging_time=0.163795, accumulated_submission_time=5850.65, global_step=1151, preemption_count=0, score=5850.65, test/ctc_loss=2.184492826461792, test/num_examples=2472, test/wer=0.531818, total_duration=6516.62, train/ctc_loss=2.1495912075042725, train/wer=0.543146, validation/ctc_loss=2.712470769882202, validation/num_examples=5348, validation/wer=0.584483
I0306 13:41:42.466435 139869032285952 logging_writer.py:48] [1200] global_step=1200, grad_norm=2.817113161087036, loss=2.343290328979492
I0306 13:48:36.859160 139953569154816 logging_writer.py:48] [1300] global_step=1300, grad_norm=4.292718410491943, loss=2.3480918407440186
I0306 13:56:24.324764 139869032285952 logging_writer.py:48] [1400] global_step=1400, grad_norm=2.1124114990234375, loss=2.297410488128662
I0306 14:04:17.878642 140008567526592 spec.py:321] Evaluating on the training split.
I0306 14:05:01.133717 140008567526592 spec.py:333] Evaluating on the validation split.
/usr/local/lib/python3.11/multiprocessing/popen_fork.py:66: RuntimeWarning: os.fork() was called. os.fork() is incompatible with multithreaded code, and JAX is multithreaded, so this will likely lead to a deadlock.
  self.pid = os.fork()
I0306 14:05:44.447768 140008567526592 spec.py:349] Evaluating on the test split.
/usr/local/lib/python3.11/multiprocessing/popen_fork.py:66: RuntimeWarning: os.fork() was called. os.fork() is incompatible with multithreaded code, and JAX is multithreaded, so this will likely lead to a deadlock.
  self.pid = os.fork()
I0306 14:06:04.242754 140008567526592 submission_runner.py:469] Time since start: 8073.35s, 	Step: 1487, 	{'train/ctc_loss': Array(1.4082012, dtype=float32), 'train/wer': np.float64(0.4063230101240705), 'validation/ctc_loss': Array(1.9039488, dtype=float32), 'validation/wer': np.float64(0.46211031406586406), 'validation/num_examples': 5348, 'test/ctc_loss': Array(1.4488676, dtype=float32), 'test/wer': np.float64(0.40422074624743565), 'test/num_examples': 2472, 'score': 7300.955835103989, 'total_duration': 8073.346986532211, 'accumulated_submission_time': 7300.955835103989, 'accumulated_eval_time': 772.058923959732, 'accumulated_logging_time': 0.19178175926208496}
I0306 14:06:04.260116 139953569154816 logging_writer.py:48] [1487] accumulated_eval_time=772.059, accumulated_logging_time=0.191782, accumulated_submission_time=7300.96, global_step=1487, preemption_count=0, score=7300.96, test/ctc_loss=1.4488675594329834, test/num_examples=2472, test/wer=0.404221, total_duration=8073.35, train/ctc_loss=1.4082012176513672, train/wer=0.406323, validation/ctc_loss=1.9039487838745117, validation/num_examples=5348, validation/wer=0.46211
I0306 14:06:15.989997 139869032285952 logging_writer.py:48] [1500] global_step=1500, grad_norm=2.433375120162964, loss=2.2695934772491455
I0306 14:14:59.245961 139953569154816 logging_writer.py:48] [1600] global_step=1600, grad_norm=3.5924386978149414, loss=2.251391649246216
I0306 14:24:34.527126 139869032285952 logging_writer.py:48] [1700] global_step=1700, grad_norm=2.9121086597442627, loss=2.2611985206604004
I0306 14:30:24.192073 140008567526592 spec.py:321] Evaluating on the training split.
I0306 14:31:08.049850 140008567526592 spec.py:333] Evaluating on the validation split.
/usr/local/lib/python3.11/multiprocessing/popen_fork.py:66: RuntimeWarning: os.fork() was called. os.fork() is incompatible with multithreaded code, and JAX is multithreaded, so this will likely lead to a deadlock.
  self.pid = os.fork()
I0306 14:31:50.323885 140008567526592 spec.py:349] Evaluating on the test split.
/usr/local/lib/python3.11/multiprocessing/popen_fork.py:66: RuntimeWarning: os.fork() was called. os.fork() is incompatible with multithreaded code, and JAX is multithreaded, so this will likely lead to a deadlock.
  self.pid = os.fork()
I0306 14:32:10.559581 140008567526592 submission_runner.py:469] Time since start: 9639.66s, 	Step: 1759, 	{'train/ctc_loss': Array(1.0285587, dtype=float32), 'train/wer': np.float64(0.32432737656694505), 'validation/ctc_loss': Array(1.4852327, dtype=float32), 'validation/wer': np.float64(0.38922733811560484), 'validation/num_examples': 5348, 'test/ctc_loss': Array(1.0435287, dtype=float32), 'test/wer': np.float64(0.31948083602461763), 'test/num_examples': 2472, 'score': 8760.854246616364, 'total_duration': 9639.663522481918, 'accumulated_submission_time': 8760.854246616364, 'accumulated_eval_time': 878.4239282608032, 'accumulated_logging_time': 0.21869802474975586}
I0306 14:32:10.576674 139953569154816 logging_writer.py:48] [1759] accumulated_eval_time=878.424, accumulated_logging_time=0.218698, accumulated_submission_time=8760.85, global_step=1759, preemption_count=0, score=8760.85, test/ctc_loss=1.04352867603302, test/num_examples=2472, test/wer=0.319481, total_duration=9639.66, train/ctc_loss=1.0285587310791016, train/wer=0.324327, validation/ctc_loss=1.4852327108383179, validation/num_examples=5348, validation/wer=0.389227
I0306 14:34:19.996520 139869319001856 logging_writer.py:48] [1800] global_step=1800, grad_norm=2.689892292022705, loss=2.198859453201294
I0306 14:44:06.973899 139953569154816 logging_writer.py:48] [1900] global_step=1900, grad_norm=2.8389017581939697, loss=2.2010016441345215
I0306 14:53:53.157333 139869319001856 logging_writer.py:48] [2000] global_step=2000, grad_norm=2.970090627670288, loss=2.240847587585449
I0306 14:56:13.662436 140008567526592 spec.py:321] Evaluating on the training split.
I0306 14:56:58.151760 140008567526592 spec.py:333] Evaluating on the validation split.
/usr/local/lib/python3.11/multiprocessing/popen_fork.py:66: RuntimeWarning: os.fork() was called. os.fork() is incompatible with multithreaded code, and JAX is multithreaded, so this will likely lead to a deadlock.
  self.pid = os.fork()
I0306 14:57:37.688770 140008567526592 spec.py:349] Evaluating on the test split.
/usr/local/lib/python3.11/multiprocessing/popen_fork.py:66: RuntimeWarning: os.fork() was called. os.fork() is incompatible with multithreaded code, and JAX is multithreaded, so this will likely lead to a deadlock.
  self.pid = os.fork()
I0306 14:57:59.290319 140008567526592 submission_runner.py:469] Time since start: 11188.39s, 	Step: 2023, 	{'train/ctc_loss': Array(0.9195864, dtype=float32), 'train/wer': np.float64(0.29226225758903046), 'validation/ctc_loss': Array(1.4127417, dtype=float32), 'validation/wer': np.float64(0.3690877318323566), 'validation/num_examples': 5348, 'test/ctc_loss': Array(0.9844407, dtype=float32), 'test/wer': np.float64(0.29931143745049055), 'test/num_examples': 2472, 'score': 10203.908244132996, 'total_duration': 11188.39419913292, 'accumulated_submission_time': 10203.908244132996, 'accumulated_eval_time': 984.0492498874664, 'accumulated_logging_time': 0.24521994590759277}
I0306 14:57:59.307645 139953569154816 logging_writer.py:48] [2023] accumulated_eval_time=984.049, accumulated_logging_time=0.24522, accumulated_submission_time=10203.9, global_step=2023, preemption_count=0, score=10203.9, test/ctc_loss=0.9844406843185425, test/num_examples=2472, test/wer=0.299311, total_duration=11188.4, train/ctc_loss=0.9195864200592041, train/wer=0.292262, validation/ctc_loss=1.4127416610717773, validation/num_examples=5348, validation/wer=0.369088
/usr/local/lib/python3.11/multiprocessing/popen_fork.py:66: RuntimeWarning: os.fork() was called. os.fork() is incompatible with multithreaded code, and JAX is multithreaded, so this will likely lead to a deadlock.
  self.pid = os.fork()
I0306 15:02:06.803817 139953569154816 logging_writer.py:48] [2100] global_step=2100, grad_norm=2.278907060623169, loss=2.227879524230957
I0306 15:07:47.170455 139869400925952 logging_writer.py:48] [2200] global_step=2200, grad_norm=2.981947898864746, loss=2.1453232765197754
I0306 15:14:09.356440 139953569154816 logging_writer.py:48] [2300] global_step=2300, grad_norm=2.6994035243988037, loss=2.159076452255249
I0306 15:21:20.820567 139869400925952 logging_writer.py:48] [2400] global_step=2400, grad_norm=4.02103328704834, loss=2.138679027557373
I0306 15:21:59.595062 140008567526592 spec.py:321] Evaluating on the training split.
I0306 15:22:43.668317 140008567526592 spec.py:333] Evaluating on the validation split.
/usr/local/lib/python3.11/multiprocessing/popen_fork.py:66: RuntimeWarning: os.fork() was called. os.fork() is incompatible with multithreaded code, and JAX is multithreaded, so this will likely lead to a deadlock.
  self.pid = os.fork()
I0306 15:23:25.099374 140008567526592 spec.py:349] Evaluating on the test split.
/usr/local/lib/python3.11/multiprocessing/popen_fork.py:66: RuntimeWarning: os.fork() was called. os.fork() is incompatible with multithreaded code, and JAX is multithreaded, so this will likely lead to a deadlock.
  self.pid = os.fork()
I0306 15:23:46.496361 140008567526592 submission_runner.py:469] Time since start: 12735.60s, 	Step: 2411, 	{'train/ctc_loss': Array(0.86417234, dtype=float32), 'train/wer': np.float64(0.2723157265040177), 'validation/ctc_loss': Array(1.2498986, dtype=float32), 'validation/wer': np.float64(0.33450476457128514), 'validation/num_examples': 5348, 'test/ctc_loss': Array(0.86244535, dtype=float32), 'test/wer': np.float64(0.26360368045822924), 'test/num_examples': 2472, 'score': 11644.095400333405, 'total_duration': 12735.600410699844, 'accumulated_submission_time': 11644.095400333405, 'accumulated_eval_time': 1090.948177099228, 'accumulated_logging_time': 0.3286623954772949}
I0306 15:23:46.512694 139953569154816 logging_writer.py:48] [2411] accumulated_eval_time=1090.95, accumulated_logging_time=0.328662, accumulated_submission_time=11644.1, global_step=2411, preemption_count=0, score=11644.1, test/ctc_loss=0.8624453544616699, test/num_examples=2472, test/wer=0.263604, total_duration=12735.6, train/ctc_loss=0.8641723394393921, train/wer=0.272316, validation/ctc_loss=1.2498985528945923, validation/num_examples=5348, validation/wer=0.334505
I0306 15:29:29.007651 139869109085952 logging_writer.py:48] [2500] global_step=2500, grad_norm=2.8858516216278076, loss=2.1922943592071533
I0306 15:38:00.940624 139953569154816 logging_writer.py:48] [2600] global_step=2600, grad_norm=2.2023136615753174, loss=2.1710221767425537
I0306 15:47:03.348101 139869109085952 logging_writer.py:48] [2700] global_step=2700, grad_norm=3.95955753326416, loss=2.193033456802368
I0306 15:47:47.688567 140008567526592 spec.py:321] Evaluating on the training split.
I0306 15:48:32.764072 140008567526592 spec.py:333] Evaluating on the validation split.
/usr/local/lib/python3.11/multiprocessing/popen_fork.py:66: RuntimeWarning: os.fork() was called. os.fork() is incompatible with multithreaded code, and JAX is multithreaded, so this will likely lead to a deadlock.
  self.pid = os.fork()
I0306 15:49:15.021197 140008567526592 spec.py:349] Evaluating on the test split.
/usr/local/lib/python3.11/multiprocessing/popen_fork.py:66: RuntimeWarning: os.fork() was called. os.fork() is incompatible with multithreaded code, and JAX is multithreaded, so this will likely lead to a deadlock.
  self.pid = os.fork()
I0306 15:49:36.554384 140008567526592 submission_runner.py:469] Time since start: 14285.66s, 	Step: 2709, 	{'train/ctc_loss': Array(0.7799485, dtype=float32), 'train/wer': np.float64(0.24706110694370859), 'validation/ctc_loss': Array(1.1941015, dtype=float32), 'validation/wer': np.float64(0.32379775432769825), 'validation/num_examples': 5348, 'test/ctc_loss': Array(0.8205108, dtype=float32), 'test/wer': np.float64(0.2540978611906648), 'test/num_examples': 2472, 'score': 13085.235591173172, 'total_duration': 14285.657804250717, 'accumulated_submission_time': 13085.235591173172, 'accumulated_eval_time': 1199.811019897461, 'accumulated_logging_time': 0.3543717861175537}
I0306 15:49:36.575001 139953569154816 logging_writer.py:48] [2709] accumulated_eval_time=1199.81, accumulated_logging_time=0.354372, accumulated_submission_time=13085.2, global_step=2709, preemption_count=0, score=13085.2, test/ctc_loss=0.8205108046531677, test/num_examples=2472, test/wer=0.254098, total_duration=14285.7, train/ctc_loss=0.7799484729766846, train/wer=0.247061, validation/ctc_loss=1.1941014528274536, validation/num_examples=5348, validation/wer=0.323798
I0306 15:55:58.711516 139869109085952 logging_writer.py:48] [2800] global_step=2800, grad_norm=2.9892477989196777, loss=2.0525436401367188
I0306 16:04:34.420028 139953569154816 logging_writer.py:48] [2900] global_step=2900, grad_norm=3.0832180976867676, loss=2.1333532333374023
I0306 16:13:08.956895 139869109085952 logging_writer.py:48] [3000] global_step=3000, grad_norm=5.247010231018066, loss=2.0812695026397705
I0306 16:13:43.643159 140008567526592 spec.py:321] Evaluating on the training split.
I0306 16:14:28.423701 140008567526592 spec.py:333] Evaluating on the validation split.
/usr/local/lib/python3.11/multiprocessing/popen_fork.py:66: RuntimeWarning: os.fork() was called. os.fork() is incompatible with multithreaded code, and JAX is multithreaded, so this will likely lead to a deadlock.
  self.pid = os.fork()
I0306 16:15:11.154289 140008567526592 spec.py:349] Evaluating on the test split.
/usr/local/lib/python3.11/multiprocessing/popen_fork.py:66: RuntimeWarning: os.fork() was called. os.fork() is incompatible with multithreaded code, and JAX is multithreaded, so this will likely lead to a deadlock.
  self.pid = os.fork()
I0306 16:15:31.536815 140008567526592 submission_runner.py:469] Time since start: 15840.64s, 	Step: 3006, 	{'train/ctc_loss': Array(0.71771115, dtype=float32), 'train/wer': np.float64(0.23041146974549132), 'validation/ctc_loss': Array(1.0629126, dtype=float32), 'validation/wer': np.float64(0.29325043204572443), 'validation/num_examples': 5348, 'test/ctc_loss': Array(0.7183467, dtype=float32), 'test/wer': np.float64(0.22409765807486848), 'test/num_examples': 2472, 'score': 14532.267267227173, 'total_duration': 15840.641067028046, 'accumulated_submission_time': 14532.267267227173, 'accumulated_eval_time': 1307.7024796009064, 'accumulated_logging_time': 0.3852260112762451}
I0306 16:15:31.555028 139953569154816 logging_writer.py:48] [3006] accumulated_eval_time=1307.7, accumulated_logging_time=0.385226, accumulated_submission_time=14532.3, global_step=3006, preemption_count=0, score=14532.3, test/ctc_loss=0.7183467149734497, test/num_examples=2472, test/wer=0.224098, total_duration=15840.6, train/ctc_loss=0.7177111506462097, train/wer=0.230411, validation/ctc_loss=1.0629125833511353, validation/num_examples=5348, validation/wer=0.29325
/usr/local/lib/python3.11/multiprocessing/popen_fork.py:66: RuntimeWarning: os.fork() was called. os.fork() is incompatible with multithreaded code, and JAX is multithreaded, so this will likely lead to a deadlock.
  self.pid = os.fork()
I0306 16:21:26.711488 139953569154816 logging_writer.py:48] [3100] global_step=3100, grad_norm=3.3127477169036865, loss=2.1436009407043457
I0306 16:26:33.595958 139869109085952 logging_writer.py:48] [3200] global_step=3200, grad_norm=2.492626428604126, loss=1.986812949180603
I0306 16:32:03.761446 139953569154816 logging_writer.py:48] [3300] global_step=3300, grad_norm=3.2736146450042725, loss=2.053060531616211
I0306 16:38:06.256544 139869109085952 logging_writer.py:48] [3400] global_step=3400, grad_norm=4.091433048248291, loss=2.0872905254364014
I0306 16:39:36.660887 140008567526592 spec.py:321] Evaluating on the training split.
I0306 16:40:21.566296 140008567526592 spec.py:333] Evaluating on the validation split.
/usr/local/lib/python3.11/multiprocessing/popen_fork.py:66: RuntimeWarning: os.fork() was called. os.fork() is incompatible with multithreaded code, and JAX is multithreaded, so this will likely lead to a deadlock.
  self.pid = os.fork()
I0306 16:41:03.618238 140008567526592 spec.py:349] Evaluating on the test split.
/usr/local/lib/python3.11/multiprocessing/popen_fork.py:66: RuntimeWarning: os.fork() was called. os.fork() is incompatible with multithreaded code, and JAX is multithreaded, so this will likely lead to a deadlock.
  self.pid = os.fork()
I0306 16:41:23.775699 140008567526592 submission_runner.py:469] Time since start: 17392.88s, 	Step: 3423, 	{'train/ctc_loss': Array(0.67483056, dtype=float32), 'train/wer': np.float64(0.2139856087313469), 'validation/ctc_loss': Array(1.0260957, dtype=float32), 'validation/wer': np.float64(0.2834219952306014), 'validation/num_examples': 5348, 'test/ctc_loss': Array(0.6862067, dtype=float32), 'test/wer': np.float64(0.21388093352019988), 'test/num_examples': 2472, 'score': 15977.32706952095, 'total_duration': 17392.87993502617, 'accumulated_submission_time': 15977.32706952095, 'accumulated_eval_time': 1414.8151009082794, 'accumulated_logging_time': 0.41358399391174316}
I0306 16:41:23.820100 139953569154816 logging_writer.py:48] [3423] accumulated_eval_time=1414.82, accumulated_logging_time=0.413584, accumulated_submission_time=15977.3, global_step=3423, preemption_count=0, score=15977.3, test/ctc_loss=0.6862066984176636, test/num_examples=2472, test/wer=0.213881, total_duration=17392.9, train/ctc_loss=0.6748305559158325, train/wer=0.213986, validation/ctc_loss=1.0260957479476929, validation/num_examples=5348, validation/wer=0.283422
I0306 16:45:14.713979 139869109085952 logging_writer.py:48] [3500] global_step=3500, grad_norm=4.121328830718994, loss=2.0047173500061035
I0306 16:53:28.732656 139953569154816 logging_writer.py:48] [3600] global_step=3600, grad_norm=2.644982099533081, loss=2.0516839027404785
I0306 17:02:05.667792 139869109085952 logging_writer.py:48] [3700] global_step=3700, grad_norm=2.825618267059326, loss=1.9680253267288208
I0306 17:05:25.043886 140008567526592 spec.py:321] Evaluating on the training split.
I0306 17:06:10.853008 140008567526592 spec.py:333] Evaluating on the validation split.
/usr/local/lib/python3.11/multiprocessing/popen_fork.py:66: RuntimeWarning: os.fork() was called. os.fork() is incompatible with multithreaded code, and JAX is multithreaded, so this will likely lead to a deadlock.
  self.pid = os.fork()
I0306 17:06:51.327966 140008567526592 spec.py:349] Evaluating on the test split.
/usr/local/lib/python3.11/multiprocessing/popen_fork.py:66: RuntimeWarning: os.fork() was called. os.fork() is incompatible with multithreaded code, and JAX is multithreaded, so this will likely lead to a deadlock.
  self.pid = os.fork()
I0306 17:07:12.561376 140008567526592 submission_runner.py:469] Time since start: 18941.67s, 	Step: 3739, 	{'train/ctc_loss': Array(0.6311043, dtype=float32), 'train/wer': np.float64(0.20212191117484465), 'validation/ctc_loss': Array(1.0057552, dtype=float32), 'validation/wer': np.float64(0.2784498489046796), 'validation/num_examples': 5348, 'test/ctc_loss': Array(0.6689879, dtype=float32), 'test/wer': np.float64(0.207360916458473), 'test/num_examples': 2472, 'score': 17418.513214826584, 'total_duration': 18941.66535639763, 'accumulated_submission_time': 17418.513214826584, 'accumulated_eval_time': 1522.3301277160645, 'accumulated_logging_time': 0.46816229820251465}
I0306 17:07:12.579481 139953569154816 logging_writer.py:48] [3739] accumulated_eval_time=1522.33, accumulated_logging_time=0.468162, accumulated_submission_time=17418.5, global_step=3739, preemption_count=0, score=17418.5, test/ctc_loss=0.6689878702163696, test/num_examples=2472, test/wer=0.207361, total_duration=18941.7, train/ctc_loss=0.6311042904853821, train/wer=0.202122, validation/ctc_loss=1.0057551860809326, validation/num_examples=5348, validation/wer=0.27845
I0306 17:10:53.111984 139869615965952 logging_writer.py:48] [3800] global_step=3800, grad_norm=3.052929401397705, loss=1.9696199893951416
I0306 17:19:46.367416 139953569154816 logging_writer.py:48] [3900] global_step=3900, grad_norm=3.5230395793914795, loss=2.0020551681518555
I0306 17:28:21.940048 139869615965952 logging_writer.py:48] [4000] global_step=4000, grad_norm=2.145596742630005, loss=1.8908734321594238
I0306 17:31:13.000708 140008567526592 spec.py:321] Evaluating on the training split.
I0306 17:31:58.704926 140008567526592 spec.py:333] Evaluating on the validation split.
/usr/local/lib/python3.11/multiprocessing/popen_fork.py:66: RuntimeWarning: os.fork() was called. os.fork() is incompatible with multithreaded code, and JAX is multithreaded, so this will likely lead to a deadlock.
  self.pid = os.fork()
I0306 17:32:41.851583 140008567526592 spec.py:349] Evaluating on the test split.
/usr/local/lib/python3.11/multiprocessing/popen_fork.py:66: RuntimeWarning: os.fork() was called. os.fork() is incompatible with multithreaded code, and JAX is multithreaded, so this will likely lead to a deadlock.
  self.pid = os.fork()
I0306 17:33:02.925643 140008567526592 submission_runner.py:469] Time since start: 20492.03s, 	Step: 4034, 	{'train/ctc_loss': Array(0.6330077, dtype=float32), 'train/wer': np.float64(0.20099626532563508), 'validation/ctc_loss': Array(0.97340316, dtype=float32), 'validation/wer': np.float64(0.27304324319105594), 'validation/num_examples': 5348, 'test/ctc_loss': Array(0.6465527, dtype=float32), 'test/wer': np.float64(0.20390794792110983), 'test/num_examples': 2472, 'score': 18858.899185180664, 'total_duration': 20492.029819965363, 'accumulated_submission_time': 18858.899185180664, 'accumulated_eval_time': 1632.2528076171875, 'accumulated_logging_time': 0.4955596923828125}
I0306 17:33:02.943237 139953569154816 logging_writer.py:48] [4034] accumulated_eval_time=1632.25, accumulated_logging_time=0.49556, accumulated_submission_time=18858.9, global_step=4034, preemption_count=0, score=18858.9, test/ctc_loss=0.6465526819229126, test/num_examples=2472, test/wer=0.203908, total_duration=20492, train/ctc_loss=0.6330077052116394, train/wer=0.200996, validation/ctc_loss=0.9734031558036804, validation/num_examples=5348, validation/wer=0.273043
I0306 17:36:59.419430 139869109085952 logging_writer.py:48] [4100] global_step=4100, grad_norm=2.8001418113708496, loss=1.9519994258880615
/usr/local/lib/python3.11/multiprocessing/popen_fork.py:66: RuntimeWarning: os.fork() was called. os.fork() is incompatible with multithreaded code, and JAX is multithreaded, so this will likely lead to a deadlock.
  self.pid = os.fork()
I0306 17:42:56.279196 139953569154816 logging_writer.py:48] [4200] global_step=4200, grad_norm=2.6129982471466064, loss=1.955002784729004
I0306 17:48:24.220064 139869109085952 logging_writer.py:48] [4300] global_step=4300, grad_norm=1.7073479890823364, loss=1.944627046585083
I0306 17:54:24.402629 139953569154816 logging_writer.py:48] [4400] global_step=4400, grad_norm=3.031996488571167, loss=1.97805655002594
I0306 17:57:03.681325 140008567526592 spec.py:321] Evaluating on the training split.
I0306 17:57:49.572024 140008567526592 spec.py:333] Evaluating on the validation split.
/usr/local/lib/python3.11/multiprocessing/popen_fork.py:66: RuntimeWarning: os.fork() was called. os.fork() is incompatible with multithreaded code, and JAX is multithreaded, so this will likely lead to a deadlock.
  self.pid = os.fork()
I0306 17:58:32.564855 140008567526592 spec.py:349] Evaluating on the test split.
/usr/local/lib/python3.11/multiprocessing/popen_fork.py:66: RuntimeWarning: os.fork() was called. os.fork() is incompatible with multithreaded code, and JAX is multithreaded, so this will likely lead to a deadlock.
  self.pid = os.fork()
I0306 17:58:52.519540 140008567526592 submission_runner.py:469] Time since start: 22041.62s, 	Step: 4443, 	{'train/ctc_loss': Array(0.5973388, dtype=float32), 'train/wer': np.float64(0.18872540146362907), 'validation/ctc_loss': Array(0.96062505, dtype=float32), 'validation/wer': np.float64(0.26838970041611554), 'validation/num_examples': 5348, 'test/ctc_loss': Array(0.63272434, dtype=float32), 'test/wer': np.float64(0.19878942985395975), 'test/num_examples': 2472, 'score': 20299.591045618057, 'total_duration': 22041.623581647873, 'accumulated_submission_time': 20299.591045618057, 'accumulated_eval_time': 1741.0886623859406, 'accumulated_logging_time': 0.5226089954376221}
I0306 17:58:52.537422 139953569154816 logging_writer.py:48] [4443] accumulated_eval_time=1741.09, accumulated_logging_time=0.522609, accumulated_submission_time=20299.6, global_step=4443, preemption_count=0, score=20299.6, test/ctc_loss=0.6327243447303772, test/num_examples=2472, test/wer=0.198789, total_duration=22041.6, train/ctc_loss=0.5973387956619263, train/wer=0.188725, validation/ctc_loss=0.9606250524520874, validation/num_examples=5348, validation/wer=0.26839
I0306 18:01:24.235447 139869324125952 logging_writer.py:48] [4500] global_step=4500, grad_norm=2.9806783199310303, loss=2.0358951091766357
I0306 18:09:22.419728 139953569154816 logging_writer.py:48] [4600] global_step=4600, grad_norm=3.7406997680664062, loss=1.998101830482483
I0306 18:17:44.861032 139869324125952 logging_writer.py:48] [4700] global_step=4700, grad_norm=3.453726291656494, loss=2.0447628498077393
I0306 18:22:53.327281 140008567526592 spec.py:321] Evaluating on the training split.
I0306 18:23:38.226177 140008567526592 spec.py:333] Evaluating on the validation split.
/usr/local/lib/python3.11/multiprocessing/popen_fork.py:66: RuntimeWarning: os.fork() was called. os.fork() is incompatible with multithreaded code, and JAX is multithreaded, so this will likely lead to a deadlock.
  self.pid = os.fork()
I0306 18:24:22.147442 140008567526592 spec.py:349] Evaluating on the test split.
/usr/local/lib/python3.11/multiprocessing/popen_fork.py:66: RuntimeWarning: os.fork() was called. os.fork() is incompatible with multithreaded code, and JAX is multithreaded, so this will likely lead to a deadlock.
  self.pid = os.fork()
I0306 18:24:43.549217 140008567526592 submission_runner.py:469] Time since start: 23592.65s, 	Step: 4761, 	{'train/ctc_loss': Array(0.6360643, dtype=float32), 'train/wer': np.float64(0.20932762436564545), 'validation/ctc_loss': Array(0.99229664, dtype=float32), 'validation/wer': np.float64(0.27670235670081195), 'validation/num_examples': 5348, 'test/ctc_loss': Array(0.6441939, dtype=float32), 'test/wer': np.float64(0.20374545528405744), 'test/num_examples': 2472, 'score': 21740.341542959213, 'total_duration': 23592.65309071541, 'accumulated_submission_time': 21740.341542959213, 'accumulated_eval_time': 1851.3080251216888, 'accumulated_logging_time': 0.5511672496795654}
I0306 18:24:43.567238 139953569154816 logging_writer.py:48] [4761] accumulated_eval_time=1851.31, accumulated_logging_time=0.551167, accumulated_submission_time=21740.3, global_step=4761, preemption_count=0, score=21740.3, test/ctc_loss=0.6441938877105713, test/num_examples=2472, test/wer=0.203745, total_duration=23592.7, train/ctc_loss=0.6360642910003662, train/wer=0.209328, validation/ctc_loss=0.9922966361045837, validation/num_examples=5348, validation/wer=0.276702
I0306 18:26:19.480221 139869324125952 logging_writer.py:48] [4800] global_step=4800, grad_norm=2.9688491821289062, loss=1.9879653453826904
I0306 18:35:05.535244 139953569154816 logging_writer.py:48] [4900] global_step=4900, grad_norm=2.7802646160125732, loss=2.0407986640930176
I0306 18:43:34.031992 139869324125952 logging_writer.py:48] [5000] global_step=5000, grad_norm=5.849140644073486, loss=2.062823534011841
I0306 18:48:47.837499 140008567526592 spec.py:321] Evaluating on the training split.
I0306 18:49:33.795997 140008567526592 spec.py:333] Evaluating on the validation split.
/usr/local/lib/python3.11/multiprocessing/popen_fork.py:66: RuntimeWarning: os.fork() was called. os.fork() is incompatible with multithreaded code, and JAX is multithreaded, so this will likely lead to a deadlock.
  self.pid = os.fork()
I0306 18:50:16.880529 140008567526592 spec.py:349] Evaluating on the test split.
/usr/local/lib/python3.11/multiprocessing/popen_fork.py:66: RuntimeWarning: os.fork() was called. os.fork() is incompatible with multithreaded code, and JAX is multithreaded, so this will likely lead to a deadlock.
  self.pid = os.fork()
I0306 18:50:36.760841 140008567526592 submission_runner.py:469] Time since start: 25145.86s, 	Step: 5061, 	{'train/ctc_loss': Array(0.5795941, dtype=float32), 'train/wer': np.float64(0.18854586452974473), 'validation/ctc_loss': Array(0.967566, dtype=float32), 'validation/wer': np.float64(0.27183641155855065), 'validation/num_examples': 5348, 'test/ctc_loss': Array(0.6360874, dtype=float32), 'test/wer': np.float64(0.2007190299189568), 'test/num_examples': 2472, 'score': 23184.555052280426, 'total_duration': 25145.864386320114, 'accumulated_submission_time': 23184.555052280426, 'accumulated_eval_time': 1960.228465795517, 'accumulated_logging_time': 0.5993137359619141}
I0306 18:50:36.857911 139953569154816 logging_writer.py:48] [5061] accumulated_eval_time=1960.23, accumulated_logging_time=0.599314, accumulated_submission_time=23184.6, global_step=5061, preemption_count=0, score=23184.6, test/ctc_loss=0.6360874176025391, test/num_examples=2472, test/wer=0.200719, total_duration=25145.9, train/ctc_loss=0.579594075679779, train/wer=0.188546, validation/ctc_loss=0.9675660133361816, validation/num_examples=5348, validation/wer=0.271836
I0306 18:52:13.677414 139869324125952 logging_writer.py:48] [5100] global_step=5100, grad_norm=1.9768844842910767, loss=1.9726561307907104
/usr/local/lib/python3.11/multiprocessing/popen_fork.py:66: RuntimeWarning: os.fork() was called. os.fork() is incompatible with multithreaded code, and JAX is multithreaded, so this will likely lead to a deadlock.
  self.pid = os.fork()
I0306 18:58:58.780812 139953569154816 logging_writer.py:48] [5200] global_step=5200, grad_norm=1.5544540882110596, loss=1.9191211462020874
I0306 19:04:07.390748 139868996445952 logging_writer.py:48] [5300] global_step=5300, grad_norm=2.1045446395874023, loss=1.9628469944000244
I0306 19:09:48.695612 139953569154816 logging_writer.py:48] [5400] global_step=5400, grad_norm=2.236405611038208, loss=1.9161872863769531
I0306 19:14:38.561582 140008567526592 spec.py:321] Evaluating on the training split.
I0306 19:15:25.071940 140008567526592 spec.py:333] Evaluating on the validation split.
/usr/local/lib/python3.11/multiprocessing/popen_fork.py:66: RuntimeWarning: os.fork() was called. os.fork() is incompatible with multithreaded code, and JAX is multithreaded, so this will likely lead to a deadlock.
  self.pid = os.fork()
I0306 19:16:07.206680 140008567526592 spec.py:349] Evaluating on the test split.
/usr/local/lib/python3.11/multiprocessing/popen_fork.py:66: RuntimeWarning: os.fork() was called. os.fork() is incompatible with multithreaded code, and JAX is multithreaded, so this will likely lead to a deadlock.
  self.pid = os.fork()
I0306 19:16:27.492326 140008567526592 submission_runner.py:469] Time since start: 26696.60s, 	Step: 5475, 	{'train/ctc_loss': Array(0.5993961, dtype=float32), 'train/wer': np.float64(0.19266527860809335), 'validation/ctc_loss': Array(0.9332292, dtype=float32), 'validation/wer': np.float64(0.26229761433522886), 'validation/num_examples': 5348, 'test/ctc_loss': Array(0.61158854, dtype=float32), 'test/wer': np.float64(0.19086791379765605), 'test/num_examples': 2472, 'score': 24626.21121072769, 'total_duration': 26696.59588098526, 'accumulated_submission_time': 24626.21121072769, 'accumulated_eval_time': 2069.15634226799, 'accumulated_logging_time': 0.7065765857696533}
I0306 19:16:27.514598 139953569154816 logging_writer.py:48] [5475] accumulated_eval_time=2069.16, accumulated_logging_time=0.706577, accumulated_submission_time=24626.2, global_step=5475, preemption_count=0, score=24626.2, test/ctc_loss=0.6115885376930237, test/num_examples=2472, test/wer=0.190868, total_duration=26696.6, train/ctc_loss=0.5993961095809937, train/wer=0.192665, validation/ctc_loss=0.9332292079925537, validation/num_examples=5348, validation/wer=0.262298
I0306 19:16:49.976634 139869032285952 logging_writer.py:48] [5500] global_step=5500, grad_norm=1.9879508018493652, loss=1.9609110355377197
I0306 19:24:20.805190 139953569154816 logging_writer.py:48] [5600] global_step=5600, grad_norm=2.902991533279419, loss=1.9379373788833618
