python submission_runner.py --framework=jax --workload=librispeech_deepspeech --submission_path=prize_qualification_baselines/external_tuning/jax_nadamw_full_budget.py --data_dir=/data/librispeech --num_tuning_trials=1 --experiment_dir=/experiment_runs --experiment_name=submissions/rolling_leaderboard/external_tuning/baseline/study_2 --overwrite=True --save_checkpoints=False --rng_seed=-120348191 --librispeech_tokenizer_vocab_path=/data/librispeech/spm_model.vocab --tuning_ruleset=external --tuning_search_space=prize_qualification_baselines/external_tuning/tuning_search_space.json --num_tuning_trials=5 --hparam_start_index=0 --hparam_end_index=1 2>&1 | tee -a /logs/librispeech_deepspeech_jax_03-06-2025-10-18-31.log
2025-03-06 10:18:45.151792: E external/local_xla/xla/stream_executor/cuda/cuda_fft.cc:477] Unable to register cuFFT factory: Attempting to register factory for plugin cuFFT when one has already been registered
WARNING: All log messages before absl::InitializeLog() is called are written to STDERR
E0000 00:00:1741256325.640030       9 cuda_dnn.cc:8310] Unable to register cuDNN factory: Attempting to register factory for plugin cuDNN when one has already been registered
E0000 00:00:1741256325.772939       9 cuda_blas.cc:1418] Unable to register cuBLAS factory: Attempting to register factory for plugin cuBLAS when one has already been registered
ERROR:root:Unable to import wandb.
Traceback (most recent call last):
  File "/algorithmic-efficiency/algoperf/logger_utils.py", line 27, in <module>
    import wandb  # pylint: disable=g-import-not-at-top
    ^^^^^^^^^^^^
ModuleNotFoundError: No module named 'wandb'
I0306 10:19:25.249967 140570054255808 logger_utils.py:81] Creating experiment directory at /experiment_runs/submissions/rolling_leaderboard/external_tuning/baseline/study_2/librispeech_deepspeech_jax.
I0306 10:19:27.783113 140570054255808 xla_bridge.py:884] Unable to initialize backend 'rocm': NOT_FOUND: Could not find registered platform with name: "rocm". Available platform names are: CUDA
I0306 10:19:27.787264 140570054255808 xla_bridge.py:884] Unable to initialize backend 'tpu': INTERNAL: Failed to open libtpu.so: libtpu.so: cannot open shared object file: No such file or directory
I0306 10:19:27.789754 140570054255808 submission_runner.py:606] Using RNG seed -120348191
I0306 10:19:31.110448 140570054255808 submission_runner.py:615] --- Tuning run 1/5 ---
I0306 10:19:31.110666 140570054255808 submission_runner.py:620] Creating tuning directory at /experiment_runs/submissions/rolling_leaderboard/external_tuning/baseline/study_2/librispeech_deepspeech_jax/trial_1.
I0306 10:19:31.110873 140570054255808 logger_utils.py:97] Saving hparams to /experiment_runs/submissions/rolling_leaderboard/external_tuning/baseline/study_2/librispeech_deepspeech_jax/trial_1/hparams.json.
I0306 10:19:31.351999 140570054255808 submission_runner.py:218] Initializing dataset.
I0306 10:19:31.352255 140570054255808 submission_runner.py:229] Initializing model.
I0306 10:19:36.937035 140570054255808 submission_runner.py:272] Initializing optimizer.
I0306 10:19:37.552191 140570054255808 submission_runner.py:279] Initializing metrics bundle.
I0306 10:19:37.552443 140570054255808 submission_runner.py:301] Initializing checkpoint and logger.
I0306 10:19:37.553356 140570054255808 checkpoints.py:1101] Found no checkpoint files in /experiment_runs/submissions/rolling_leaderboard/external_tuning/baseline/study_2/librispeech_deepspeech_jax/trial_1 with prefix checkpoint_
I0306 10:19:37.553473 140570054255808 submission_runner.py:321] Saving meta data to /experiment_runs/submissions/rolling_leaderboard/external_tuning/baseline/study_2/librispeech_deepspeech_jax/trial_1/meta_data_0.json.
I0306 10:19:37.553690 140570054255808 logger_utils.py:262] Unable to record workload.train_mean information. Continuing without it.
I0306 10:19:37.553746 140570054255808 logger_utils.py:262] Unable to record workload.train_stddev information. Continuing without it.
I0306 10:19:38.086778 140570054255808 submission_runner.py:325] Saving flags to /experiment_runs/submissions/rolling_leaderboard/external_tuning/baseline/study_2/librispeech_deepspeech_jax/trial_1/flags_0.json.
I0306 10:19:38.363047 140570054255808 submission_runner.py:337] Starting training loop.
I0306 10:19:38.534212 140570054255808 input_pipeline.py:20] Loading split = train-clean-100
I0306 10:19:38.607742 140570054255808 input_pipeline.py:20] Loading split = train-clean-360
I0306 10:19:39.062409 140570054255808 input_pipeline.py:20] Loading split = train-other-500
/usr/local/lib/python3.11/multiprocessing/popen_fork.py:66: RuntimeWarning: os.fork() was called. os.fork() is incompatible with multithreaded code, and JAX is multithreaded, so this will likely lead to a deadlock.
  self.pid = os.fork()
/usr/local/lib/python3.11/site-packages/jax/_src/interpreters/mlir.py:930: UserWarning: Some donated buffers were not usable: ShapedArray(float32[512]), ShapedArray(float32[512]), ShapedArray(float32[512]), ShapedArray(float32[512]), ShapedArray(float32[512]), ShapedArray(float32[512]), ShapedArray(float32[512]), ShapedArray(float32[512]), ShapedArray(float32[512]), ShapedArray(float32[512]), ShapedArray(float32[512]), ShapedArray(float32[512]), ShapedArray(float32[512]), ShapedArray(float32[512]), ShapedArray(float32[512]), ShapedArray(float32[512]), ShapedArray(float32[512]), ShapedArray(float32[512]).
See an explanation at https://jax.readthedocs.io/en/latest/faq.html#buffer-donation.
  warnings.warn("Some donated buffers were not usable:"
I0306 10:20:29.809543 140565933160192 logging_writer.py:48] [0] global_step=0, grad_norm=29.753618240356445, loss=32.8611946105957
I0306 10:20:30.098729 140570054255808 spec.py:321] Evaluating on the training split.
I0306 10:20:30.216975 140570054255808 input_pipeline.py:20] Loading split = train-clean-100
I0306 10:20:30.245147 140570054255808 input_pipeline.py:20] Loading split = train-clean-360
I0306 10:20:30.686743 140570054255808 input_pipeline.py:20] Loading split = train-other-500
/usr/local/lib/python3.11/multiprocessing/popen_fork.py:66: RuntimeWarning: os.fork() was called. os.fork() is incompatible with multithreaded code, and JAX is multithreaded, so this will likely lead to a deadlock.
  self.pid = os.fork()
/usr/local/lib/python3.11/site-packages/jax/_src/ops/scatter.py:96: FutureWarning: scatter inputs have incompatible types: cannot safely cast value from dtype=float32 to dtype=int32 with jax_numpy_dtype_promotion='standard'. In future JAX releases this will result in an error.
  warnings.warn(
I0306 10:22:07.317724 140570054255808 spec.py:333] Evaluating on the validation split.
I0306 10:22:07.389325 140570054255808 input_pipeline.py:20] Loading split = dev-clean
I0306 10:22:07.442257 140570054255808 input_pipeline.py:20] Loading split = dev-other
/usr/local/lib/python3.11/multiprocessing/popen_fork.py:66: RuntimeWarning: os.fork() was called. os.fork() is incompatible with multithreaded code, and JAX is multithreaded, so this will likely lead to a deadlock.
  self.pid = os.fork()
/usr/local/lib/python3.11/site-packages/jax/_src/ops/scatter.py:96: FutureWarning: scatter inputs have incompatible types: cannot safely cast value from dtype=float32 to dtype=int32 with jax_numpy_dtype_promotion='standard'. In future JAX releases this will result in an error.
  warnings.warn(
I0306 10:23:09.474993 140570054255808 spec.py:349] Evaluating on the test split.
I0306 10:23:09.542207 140570054255808 input_pipeline.py:20] Loading split = test-clean
/usr/local/lib/python3.11/multiprocessing/popen_fork.py:66: RuntimeWarning: os.fork() was called. os.fork() is incompatible with multithreaded code, and JAX is multithreaded, so this will likely lead to a deadlock.
  self.pid = os.fork()
/usr/local/lib/python3.11/site-packages/jax/_src/ops/scatter.py:96: FutureWarning: scatter inputs have incompatible types: cannot safely cast value from dtype=float32 to dtype=int32 with jax_numpy_dtype_promotion='standard'. In future JAX releases this will result in an error.
  warnings.warn(
I0306 10:23:41.063740 140570054255808 submission_runner.py:469] Time since start: 242.70s, 	Step: 1, 	{'train/ctc_loss': Array(30.81751, dtype=float32), 'train/wer': np.float64(2.669555069889804), 'validation/ctc_loss': Array(30.317831, dtype=float32), 'validation/wer': np.float64(2.6142869555982506), 'validation/num_examples': 5348, 'test/ctc_loss': Array(30.390127, dtype=float32), 'test/wer': np.float64(2.610586395303963), 'test/num_examples': 2472, 'score': 51.7355420589447, 'total_duration': 242.69832348823547, 'accumulated_submission_time': 51.7355420589447, 'accumulated_eval_time': 190.96265530586243, 'accumulated_logging_time': 0}
I0306 10:23:41.104006 140418146445056 logging_writer.py:48] [1] accumulated_eval_time=190.963, accumulated_logging_time=0, accumulated_submission_time=51.7355, global_step=1, preemption_count=0, score=51.7355, test/ctc_loss=30.390127182006836, test/num_examples=2472, test/wer=2.61059, total_duration=242.698, train/ctc_loss=30.8175106048584, train/wer=2.66956, validation/ctc_loss=30.31783103942871, validation/num_examples=5348, validation/wer=2.61429
I0306 10:27:12.648503 140429209458432 logging_writer.py:48] [100] global_step=100, grad_norm=5.062220573425293, loss=8.918362617492676
I0306 10:32:57.324786 140429217851136 logging_writer.py:48] [200] global_step=200, grad_norm=1.9286502599716187, loss=6.375216960906982
I0306 10:39:33.643531 140429209458432 logging_writer.py:48] [300] global_step=300, grad_norm=0.42832085490226746, loss=5.85861873626709
I0306 10:46:28.299102 140429217851136 logging_writer.py:48] [400] global_step=400, grad_norm=0.3546009361743927, loss=5.8040971755981445
I0306 10:47:41.577863 140570054255808 spec.py:321] Evaluating on the training split.
I0306 10:48:18.236482 140570054255808 spec.py:333] Evaluating on the validation split.
/usr/local/lib/python3.11/multiprocessing/popen_fork.py:66: RuntimeWarning: os.fork() was called. os.fork() is incompatible with multithreaded code, and JAX is multithreaded, so this will likely lead to a deadlock.
  self.pid = os.fork()
I0306 10:48:58.037629 140570054255808 spec.py:349] Evaluating on the test split.
/usr/local/lib/python3.11/multiprocessing/popen_fork.py:66: RuntimeWarning: os.fork() was called. os.fork() is incompatible with multithreaded code, and JAX is multithreaded, so this will likely lead to a deadlock.
  self.pid = os.fork()
I0306 10:49:18.183407 140570054255808 submission_runner.py:469] Time since start: 1779.82s, 	Step: 418, 	{'train/ctc_loss': Array(6.5869927, dtype=float32), 'train/wer': np.float64(0.9440486660040486), 'validation/ctc_loss': Array(6.612106, dtype=float32), 'validation/wer': np.float64(0.8966179750330672), 'validation/num_examples': 5348, 'test/ctc_loss': Array(6.6993394, dtype=float32), 'test/wer': np.float64(0.899579550301627), 'test/num_examples': 2472, 'score': 1492.1514372825623, 'total_duration': 1779.8176827430725, 'accumulated_submission_time': 1492.1514372825623, 'accumulated_eval_time': 287.5655405521393, 'accumulated_logging_time': 0.05484914779663086}
I0306 10:49:18.220011 140429335348992 logging_writer.py:48] [418] accumulated_eval_time=287.566, accumulated_logging_time=0.0548491, accumulated_submission_time=1492.15, global_step=418, preemption_count=0, score=1492.15, test/ctc_loss=6.699339389801025, test/num_examples=2472, test/wer=0.89958, total_duration=1779.82, train/ctc_loss=6.5869927406311035, train/wer=0.944049, validation/ctc_loss=6.612105846405029, validation/num_examples=5348, validation/wer=0.896618
I0306 10:54:22.917607 140429257340672 logging_writer.py:48] [500] global_step=500, grad_norm=1.1234813928604126, loss=5.805840492248535
I0306 11:03:00.803949 140429335348992 logging_writer.py:48] [600] global_step=600, grad_norm=0.3074251413345337, loss=5.73250150680542
I0306 11:12:05.032483 140429257340672 logging_writer.py:48] [700] global_step=700, grad_norm=1.1683443784713745, loss=5.6889328956604
I0306 11:13:20.886914 140570054255808 spec.py:321] Evaluating on the training split.
I0306 11:13:57.888992 140570054255808 spec.py:333] Evaluating on the validation split.
/usr/local/lib/python3.11/multiprocessing/popen_fork.py:66: RuntimeWarning: os.fork() was called. os.fork() is incompatible with multithreaded code, and JAX is multithreaded, so this will likely lead to a deadlock.
  self.pid = os.fork()
I0306 11:14:37.790615 140570054255808 spec.py:349] Evaluating on the test split.
/usr/local/lib/python3.11/multiprocessing/popen_fork.py:66: RuntimeWarning: os.fork() was called. os.fork() is incompatible with multithreaded code, and JAX is multithreaded, so this will likely lead to a deadlock.
  self.pid = os.fork()
I0306 11:14:57.531008 140570054255808 submission_runner.py:469] Time since start: 3319.17s, 	Step: 715, 	{'train/ctc_loss': Array(5.966914, dtype=float32), 'train/wer': np.float64(0.9426288104307374), 'validation/ctc_loss': Array(6.0281982, dtype=float32), 'validation/wer': np.float64(0.8966179750330672), 'validation/num_examples': 5348, 'test/ctc_loss': Array(5.9438486, dtype=float32), 'test/wer': np.float64(0.899579550301627), 'test/num_examples': 2472, 'score': 2934.7736752033234, 'total_duration': 3319.1654579639435, 'accumulated_submission_time': 2934.7736752033234, 'accumulated_eval_time': 384.207159280777, 'accumulated_logging_time': 0.10485315322875977}
I0306 11:14:57.549683 140429990708992 logging_writer.py:48] [715] accumulated_eval_time=384.207, accumulated_logging_time=0.104853, accumulated_submission_time=2934.77, global_step=715, preemption_count=0, score=2934.77, test/ctc_loss=5.943848609924316, test/num_examples=2472, test/wer=0.89958, total_duration=3319.17, train/ctc_loss=5.966914176940918, train/wer=0.942629, validation/ctc_loss=6.0281982421875, validation/num_examples=5348, validation/wer=0.896618
I0306 11:21:05.045956 140429982316288 logging_writer.py:48] [800] global_step=800, grad_norm=0.5160760879516602, loss=5.517373085021973
I0306 11:30:30.964087 140429990708992 logging_writer.py:48] [900] global_step=900, grad_norm=0.4785694479942322, loss=5.417911529541016
I0306 11:38:57.617365 140570054255808 spec.py:321] Evaluating on the training split.
I0306 11:39:34.199032 140570054255808 spec.py:333] Evaluating on the validation split.
/usr/local/lib/python3.11/multiprocessing/popen_fork.py:66: RuntimeWarning: os.fork() was called. os.fork() is incompatible with multithreaded code, and JAX is multithreaded, so this will likely lead to a deadlock.
  self.pid = os.fork()
I0306 11:40:14.610685 140570054255808 spec.py:349] Evaluating on the test split.
/usr/local/lib/python3.11/multiprocessing/popen_fork.py:66: RuntimeWarning: os.fork() was called. os.fork() is incompatible with multithreaded code, and JAX is multithreaded, so this will likely lead to a deadlock.
  self.pid = os.fork()
I0306 11:40:34.540064 140570054255808 submission_runner.py:469] Time since start: 4856.17s, 	Step: 991, 	{'train/ctc_loss': Array(5.5795903, dtype=float32), 'train/wer': np.float64(0.9390615186450781), 'validation/ctc_loss': Array(5.555327, dtype=float32), 'validation/wer': np.float64(0.8955463085434024), 'validation/num_examples': 5348, 'test/ctc_loss': Array(5.480405, dtype=float32), 'test/wer': np.float64(0.897507769179209), 'test/num_examples': 2472, 'score': 4374.777935266495, 'total_duration': 4856.174547195435, 'accumulated_submission_time': 4374.777935266495, 'accumulated_eval_time': 481.12741327285767, 'accumulated_logging_time': 0.1580958366394043}
I0306 11:40:34.558730 140429990708992 logging_writer.py:48] [991] accumulated_eval_time=481.127, accumulated_logging_time=0.158096, accumulated_submission_time=4374.78, global_step=991, preemption_count=0, score=4374.78, test/ctc_loss=5.480404853820801, test/num_examples=2472, test/wer=0.897508, total_duration=4856.17, train/ctc_loss=5.579590320587158, train/wer=0.939062, validation/ctc_loss=5.55532693862915, validation/num_examples=5348, validation/wer=0.895546
I0306 11:40:43.385630 140429982316288 logging_writer.py:48] [1000] global_step=1000, grad_norm=0.5808858871459961, loss=5.235997200012207
/usr/local/lib/python3.11/multiprocessing/popen_fork.py:66: RuntimeWarning: os.fork() was called. os.fork() is incompatible with multithreaded code, and JAX is multithreaded, so this will likely lead to a deadlock.
  self.pid = os.fork()
I0306 11:46:48.874269 140430646068992 logging_writer.py:48] [1100] global_step=1100, grad_norm=0.9532178640365601, loss=4.8170599937438965
I0306 11:52:46.827243 140430637676288 logging_writer.py:48] [1200] global_step=1200, grad_norm=1.2768590450286865, loss=4.335672378540039
I0306 11:59:20.261082 140430646068992 logging_writer.py:48] [1300] global_step=1300, grad_norm=1.5062804222106934, loss=3.944654941558838
I0306 12:04:36.782908 140570054255808 spec.py:321] Evaluating on the training split.
I0306 12:05:13.936065 140570054255808 spec.py:333] Evaluating on the validation split.
/usr/local/lib/python3.11/multiprocessing/popen_fork.py:66: RuntimeWarning: os.fork() was called. os.fork() is incompatible with multithreaded code, and JAX is multithreaded, so this will likely lead to a deadlock.
  self.pid = os.fork()
I0306 12:05:52.852200 140570054255808 spec.py:349] Evaluating on the test split.
/usr/local/lib/python3.11/multiprocessing/popen_fork.py:66: RuntimeWarning: os.fork() was called. os.fork() is incompatible with multithreaded code, and JAX is multithreaded, so this will likely lead to a deadlock.
  self.pid = os.fork()
I0306 12:06:13.025915 140570054255808 submission_runner.py:469] Time since start: 6394.66s, 	Step: 1371, 	{'train/ctc_loss': Array(6.0924616, dtype=float32), 'train/wer': np.float64(0.9434157724283345), 'validation/ctc_loss': Array(6.055249, dtype=float32), 'validation/wer': np.float64(0.8963572994004461), 'validation/num_examples': 5348, 'test/ctc_loss': Array(5.9822836, dtype=float32), 'test/wer': np.float64(0.8995389271423638), 'test/num_examples': 2472, 'score': 5816.953027009964, 'total_duration': 6394.66032409668, 'accumulated_submission_time': 5816.953027009964, 'accumulated_eval_time': 577.3679277896881, 'accumulated_logging_time': 0.18658924102783203}
I0306 12:06:13.045570 140430646068992 logging_writer.py:48] [1371] accumulated_eval_time=577.368, accumulated_logging_time=0.186589, accumulated_submission_time=5816.95, global_step=1371, preemption_count=0, score=5816.95, test/ctc_loss=5.982283592224121, test/num_examples=2472, test/wer=0.899539, total_duration=6394.66, train/ctc_loss=6.092461585998535, train/wer=0.943416, validation/ctc_loss=6.055249214172363, validation/num_examples=5348, validation/wer=0.896357
I0306 12:06:59.951182 140430637676288 logging_writer.py:48] [1400] global_step=1400, grad_norm=2.109654188156128, loss=3.6734039783477783
I0306 12:15:43.073857 140430646068992 logging_writer.py:48] [1500] global_step=1500, grad_norm=2.86354660987854, loss=3.4516007900238037
I0306 12:24:51.368107 140430637676288 logging_writer.py:48] [1600] global_step=1600, grad_norm=3.1811721324920654, loss=3.2611405849456787
I0306 12:30:13.469396 140570054255808 spec.py:321] Evaluating on the training split.
I0306 12:30:51.684790 140570054255808 spec.py:333] Evaluating on the validation split.
/usr/local/lib/python3.11/multiprocessing/popen_fork.py:66: RuntimeWarning: os.fork() was called. os.fork() is incompatible with multithreaded code, and JAX is multithreaded, so this will likely lead to a deadlock.
  self.pid = os.fork()
I0306 12:31:31.070686 140570054255808 spec.py:349] Evaluating on the test split.
/usr/local/lib/python3.11/multiprocessing/popen_fork.py:66: RuntimeWarning: os.fork() was called. os.fork() is incompatible with multithreaded code, and JAX is multithreaded, so this will likely lead to a deadlock.
  self.pid = os.fork()
I0306 12:31:50.716870 140570054255808 submission_runner.py:469] Time since start: 7932.35s, 	Step: 1658, 	{'train/ctc_loss': Array(6.099964, dtype=float32), 'train/wer': np.float64(0.9426480471958778), 'validation/ctc_loss': Array(6.061417, dtype=float32), 'validation/wer': np.float64(0.8966179750330672), 'validation/num_examples': 5348, 'test/ctc_loss': Array(6.003238, dtype=float32), 'test/wer': np.float64(0.899579550301627), 'test/num_examples': 2472, 'score': 7257.337119817734, 'total_duration': 7932.351396083832, 'accumulated_submission_time': 7257.337119817734, 'accumulated_eval_time': 674.6130168437958, 'accumulated_logging_time': 0.2165369987487793}
I0306 12:31:50.737209 140430062388992 logging_writer.py:48] [1658] accumulated_eval_time=674.613, accumulated_logging_time=0.216537, accumulated_submission_time=7257.34, global_step=1658, preemption_count=0, score=7257.34, test/ctc_loss=6.003238201141357, test/num_examples=2472, test/wer=0.89958, total_duration=7932.35, train/ctc_loss=6.099964141845703, train/wer=0.942648, validation/ctc_loss=6.061417102813721, validation/num_examples=5348, validation/wer=0.896618
I0306 12:34:19.937956 140430053996288 logging_writer.py:48] [1700] global_step=1700, grad_norm=2.706268548965454, loss=3.138002395629883
I0306 12:44:04.535215 140430062388992 logging_writer.py:48] [1800] global_step=1800, grad_norm=2.6910362243652344, loss=3.0002756118774414
I0306 12:53:56.270539 140430053996288 logging_writer.py:48] [1900] global_step=1900, grad_norm=3.251086473464966, loss=2.859870672225952
I0306 12:55:50.991201 140570054255808 spec.py:321] Evaluating on the training split.
I0306 12:56:27.538187 140570054255808 spec.py:333] Evaluating on the validation split.
/usr/local/lib/python3.11/multiprocessing/popen_fork.py:66: RuntimeWarning: os.fork() was called. os.fork() is incompatible with multithreaded code, and JAX is multithreaded, so this will likely lead to a deadlock.
  self.pid = os.fork()
I0306 12:57:08.119773 140570054255808 spec.py:349] Evaluating on the test split.
/usr/local/lib/python3.11/multiprocessing/popen_fork.py:66: RuntimeWarning: os.fork() was called. os.fork() is incompatible with multithreaded code, and JAX is multithreaded, so this will likely lead to a deadlock.
  self.pid = os.fork()
I0306 12:57:30.282387 140570054255808 submission_runner.py:469] Time since start: 9471.92s, 	Step: 1920, 	{'train/ctc_loss': Array(6.0481153, dtype=float32), 'train/wer': np.float64(0.9421783157928701), 'validation/ctc_loss': Array(5.9986644, dtype=float32), 'validation/wer': np.float64(0.8966179750330672), 'validation/num_examples': 5348, 'test/ctc_loss': Array(5.96979, dtype=float32), 'test/wer': np.float64(0.8995592387219954), 'test/num_examples': 2472, 'score': 8697.5537545681, 'total_duration': 9471.916905879974, 'accumulated_submission_time': 8697.5537545681, 'accumulated_eval_time': 773.9017884731293, 'accumulated_logging_time': 0.2469480037689209}
I0306 12:57:30.301033 140430062388992 logging_writer.py:48] [1920] accumulated_eval_time=773.902, accumulated_logging_time=0.246948, accumulated_submission_time=8697.55, global_step=1920, preemption_count=0, score=8697.55, test/ctc_loss=5.969789981842041, test/num_examples=2472, test/wer=0.899559, total_duration=9471.92, train/ctc_loss=6.048115253448486, train/wer=0.942178, validation/ctc_loss=5.998664379119873, validation/num_examples=5348, validation/wer=0.896618
I0306 13:03:24.517663 140430053996288 logging_writer.py:48] [2000] global_step=2000, grad_norm=3.0060558319091797, loss=2.809968948364258
/usr/local/lib/python3.11/multiprocessing/popen_fork.py:66: RuntimeWarning: os.fork() was called. os.fork() is incompatible with multithreaded code, and JAX is multithreaded, so this will likely lead to a deadlock.
  self.pid = os.fork()
I0306 13:11:34.398629 140430062388992 logging_writer.py:48] [2100] global_step=2100, grad_norm=3.6125643253326416, loss=2.734595537185669
I0306 13:17:16.252270 140430053996288 logging_writer.py:48] [2200] global_step=2200, grad_norm=3.5592050552368164, loss=2.660841703414917
I0306 13:21:32.205375 140570054255808 spec.py:321] Evaluating on the training split.
I0306 13:22:10.518064 140570054255808 spec.py:333] Evaluating on the validation split.
/usr/local/lib/python3.11/multiprocessing/popen_fork.py:66: RuntimeWarning: os.fork() was called. os.fork() is incompatible with multithreaded code, and JAX is multithreaded, so this will likely lead to a deadlock.
  self.pid = os.fork()
I0306 13:22:51.120886 140570054255808 spec.py:349] Evaluating on the test split.
/usr/local/lib/python3.11/multiprocessing/popen_fork.py:66: RuntimeWarning: os.fork() was called. os.fork() is incompatible with multithreaded code, and JAX is multithreaded, so this will likely lead to a deadlock.
  self.pid = os.fork()
I0306 13:23:14.466853 140570054255808 submission_runner.py:469] Time since start: 11016.10s, 	Step: 2269, 	{'train/ctc_loss': Array(5.9981217, dtype=float32), 'train/wer': np.float64(0.9225858568903204), 'validation/ctc_loss': Array(5.901655, dtype=float32), 'validation/wer': np.float64(0.8886142676462921), 'validation/num_examples': 5348, 'test/ctc_loss': Array(5.876471, dtype=float32), 'test/wer': np.float64(0.8886722320394858), 'test/num_examples': 2472, 'score': 10139.412568569183, 'total_duration': 11016.10130906105, 'accumulated_submission_time': 10139.412568569183, 'accumulated_eval_time': 876.1608312129974, 'accumulated_logging_time': 0.27533578872680664}
I0306 13:23:14.485331 140430215988992 logging_writer.py:48] [2269] accumulated_eval_time=876.161, accumulated_logging_time=0.275336, accumulated_submission_time=10139.4, global_step=2269, preemption_count=0, score=10139.4, test/ctc_loss=5.876471042633057, test/num_examples=2472, test/wer=0.888672, total_duration=11016.1, train/ctc_loss=5.998121738433838, train/wer=0.922586, validation/ctc_loss=5.901655197143555, validation/num_examples=5348, validation/wer=0.888614
I0306 13:23:43.745708 140430207596288 logging_writer.py:48] [2300] global_step=2300, grad_norm=3.2488183975219727, loss=2.587327003479004
I0306 13:31:05.963026 140430215988992 logging_writer.py:48] [2400] global_step=2400, grad_norm=4.105353355407715, loss=2.520966053009033
I0306 13:39:31.092037 140430207596288 logging_writer.py:48] [2500] global_step=2500, grad_norm=3.196467876434326, loss=2.410099983215332
I0306 13:47:14.612424 140570054255808 spec.py:321] Evaluating on the training split.
I0306 13:47:52.377152 140570054255808 spec.py:333] Evaluating on the validation split.
/usr/local/lib/python3.11/multiprocessing/popen_fork.py:66: RuntimeWarning: os.fork() was called. os.fork() is incompatible with multithreaded code, and JAX is multithreaded, so this will likely lead to a deadlock.
  self.pid = os.fork()
I0306 13:48:41.088569 140570054255808 spec.py:349] Evaluating on the test split.
/usr/local/lib/python3.11/multiprocessing/popen_fork.py:66: RuntimeWarning: os.fork() was called. os.fork() is incompatible with multithreaded code, and JAX is multithreaded, so this will likely lead to a deadlock.
  self.pid = os.fork()
I0306 13:49:01.613748 140570054255808 submission_runner.py:469] Time since start: 12563.25s, 	Step: 2583, 	{'train/ctc_loss': Array(5.547227, dtype=float32), 'train/wer': np.float64(0.92608041907164), 'validation/ctc_loss': Array(5.453959, dtype=float32), 'validation/wer': np.float64(0.8896762794828967), 'validation/num_examples': 5348, 'test/ctc_loss': Array(5.3885508, dtype=float32), 'test/wer': np.float64(0.889870615237747), 'test/num_examples': 2472, 'score': 11579.49833393097, 'total_duration': 12563.24805355072, 'accumulated_submission_time': 11579.49833393097, 'accumulated_eval_time': 983.1595301628113, 'accumulated_logging_time': 0.3038301467895508}
I0306 13:49:01.653873 140430215988992 logging_writer.py:48] [2583] accumulated_eval_time=983.16, accumulated_logging_time=0.30383, accumulated_submission_time=11579.5, global_step=2583, preemption_count=0, score=11579.5, test/ctc_loss=5.388550758361816, test/num_examples=2472, test/wer=0.889871, total_duration=12563.2, train/ctc_loss=5.547226905822754, train/wer=0.92608, validation/ctc_loss=5.453958988189697, validation/num_examples=5348, validation/wer=0.889676
I0306 13:49:18.048131 140430207596288 logging_writer.py:48] [2600] global_step=2600, grad_norm=4.546341896057129, loss=2.4752657413482666
I0306 13:58:46.698227 140430215988992 logging_writer.py:48] [2700] global_step=2700, grad_norm=3.8323721885681152, loss=2.39067006111145
I0306 14:08:48.494358 140430207596288 logging_writer.py:48] [2800] global_step=2800, grad_norm=3.8393125534057617, loss=2.310267210006714
I0306 14:13:11.566727 140570054255808 spec.py:321] Evaluating on the training split.
I0306 14:13:49.519870 140570054255808 spec.py:333] Evaluating on the validation split.
/usr/local/lib/python3.11/multiprocessing/popen_fork.py:66: RuntimeWarning: os.fork() was called. os.fork() is incompatible with multithreaded code, and JAX is multithreaded, so this will likely lead to a deadlock.
  self.pid = os.fork()
I0306 14:14:32.508872 140570054255808 spec.py:349] Evaluating on the test split.
/usr/local/lib/python3.11/multiprocessing/popen_fork.py:66: RuntimeWarning: os.fork() was called. os.fork() is incompatible with multithreaded code, and JAX is multithreaded, so this will likely lead to a deadlock.
  self.pid = os.fork()
I0306 14:14:54.850791 140570054255808 submission_runner.py:469] Time since start: 14116.49s, 	Step: 2845, 	{'train/ctc_loss': Array(5.1242495, dtype=float32), 'train/wer': np.float64(0.9061600037768907), 'validation/ctc_loss': Array(5.1100783, dtype=float32), 'validation/wer': np.float64(0.8815856802185813), 'validation/num_examples': 5348, 'test/ctc_loss': Array(4.9588885, dtype=float32), 'test/wer': np.float64(0.8755712631771373), 'test/num_examples': 2472, 'score': 13029.342995166779, 'total_duration': 14116.485138654709, 'accumulated_submission_time': 13029.342995166779, 'accumulated_eval_time': 1086.4410030841827, 'accumulated_logging_time': 0.3848445415496826}
I0306 14:14:54.869652 140430215988992 logging_writer.py:48] [2845] accumulated_eval_time=1086.44, accumulated_logging_time=0.384845, accumulated_submission_time=13029.3, global_step=2845, preemption_count=0, score=13029.3, test/ctc_loss=4.958888530731201, test/num_examples=2472, test/wer=0.875571, total_duration=14116.5, train/ctc_loss=5.124249458312988, train/wer=0.90616, validation/ctc_loss=5.11007833480835, validation/num_examples=5348, validation/wer=0.881586
I0306 14:18:37.846099 140430207596288 logging_writer.py:48] [2900] global_step=2900, grad_norm=3.412188768386841, loss=2.3621819019317627
I0306 14:28:08.545166 140430215988992 logging_writer.py:48] [3000] global_step=3000, grad_norm=4.380932331085205, loss=2.292583465576172
/usr/local/lib/python3.11/multiprocessing/popen_fork.py:66: RuntimeWarning: os.fork() was called. os.fork() is incompatible with multithreaded code, and JAX is multithreaded, so this will likely lead to a deadlock.
  self.pid = os.fork()
I0306 14:37:38.625287 140430215988992 logging_writer.py:48] [3100] global_step=3100, grad_norm=3.1696207523345947, loss=2.2658989429473877
I0306 14:38:54.941541 140570054255808 spec.py:321] Evaluating on the training split.
I0306 14:39:34.425454 140570054255808 spec.py:333] Evaluating on the validation split.
/usr/local/lib/python3.11/multiprocessing/popen_fork.py:66: RuntimeWarning: os.fork() was called. os.fork() is incompatible with multithreaded code, and JAX is multithreaded, so this will likely lead to a deadlock.
  self.pid = os.fork()
I0306 14:40:15.291564 140570054255808 spec.py:349] Evaluating on the test split.
/usr/local/lib/python3.11/multiprocessing/popen_fork.py:66: RuntimeWarning: os.fork() was called. os.fork() is incompatible with multithreaded code, and JAX is multithreaded, so this will likely lead to a deadlock.
  self.pid = os.fork()
I0306 14:40:37.777747 140570054255808 submission_runner.py:469] Time since start: 15659.41s, 	Step: 3125, 	{'train/ctc_loss': Array(4.522128, dtype=float32), 'train/wer': np.float64(0.8528516349233103), 'validation/ctc_loss': Array(4.5227385, dtype=float32), 'validation/wer': np.float64(0.8369715284281259), 'validation/num_examples': 5348, 'test/ctc_loss': Array(4.245555, dtype=float32), 'test/wer': np.float64(0.8126053663193387), 'test/num_examples': 2472, 'score': 14469.372767925262, 'total_duration': 15659.412153720856, 'accumulated_submission_time': 14469.372767925262, 'accumulated_eval_time': 1189.2747011184692, 'accumulated_logging_time': 0.4162929058074951}
I0306 14:40:37.797034 140430646068992 logging_writer.py:48] [3125] accumulated_eval_time=1189.27, accumulated_logging_time=0.416293, accumulated_submission_time=14469.4, global_step=3125, preemption_count=0, score=14469.4, test/ctc_loss=4.2455549240112305, test/num_examples=2472, test/wer=0.812605, total_duration=15659.4, train/ctc_loss=4.522128105163574, train/wer=0.852852, validation/ctc_loss=4.522738456726074, validation/num_examples=5348, validation/wer=0.836972
I0306 14:43:31.943715 140430637676288 logging_writer.py:48] [3200] global_step=3200, grad_norm=2.573042154312134, loss=2.19515323638916
I0306 14:49:45.578092 140430646068992 logging_writer.py:48] [3300] global_step=3300, grad_norm=3.7349624633789062, loss=2.183098077774048
I0306 14:56:47.094411 140430637676288 logging_writer.py:48] [3400] global_step=3400, grad_norm=4.448099613189697, loss=2.1382060050964355
I0306 15:04:27.412609 140430646068992 logging_writer.py:48] [3500] global_step=3500, grad_norm=4.127074718475342, loss=2.1481738090515137
I0306 15:04:40.297125 140570054255808 spec.py:321] Evaluating on the training split.
I0306 15:05:22.138298 140570054255808 spec.py:333] Evaluating on the validation split.
/usr/local/lib/python3.11/multiprocessing/popen_fork.py:66: RuntimeWarning: os.fork() was called. os.fork() is incompatible with multithreaded code, and JAX is multithreaded, so this will likely lead to a deadlock.
  self.pid = os.fork()
I0306 15:06:15.048288 140570054255808 spec.py:349] Evaluating on the test split.
/usr/local/lib/python3.11/multiprocessing/popen_fork.py:66: RuntimeWarning: os.fork() was called. os.fork() is incompatible with multithreaded code, and JAX is multithreaded, so this will likely lead to a deadlock.
  self.pid = os.fork()
I0306 15:06:36.519910 140570054255808 submission_runner.py:469] Time since start: 17218.15s, 	Step: 3503, 	{'train/ctc_loss': Array(3.5362244, dtype=float32), 'train/wer': np.float64(0.7676845725814674), 'validation/ctc_loss': Array(3.8323634, dtype=float32), 'validation/wer': np.float64(0.7788601716597314), 'validation/num_examples': 5348, 'test/ctc_loss': Array(3.3777966, dtype=float32), 'test/wer': np.float64(0.724656226514736), 'test/num_examples': 2472, 'score': 15911.824847459793, 'total_duration': 17218.154223918915, 'accumulated_submission_time': 15911.824847459793, 'accumulated_eval_time': 1305.4948666095734, 'accumulated_logging_time': 0.44573521614074707}
I0306 15:06:36.538642 140430646068992 logging_writer.py:48] [3503] accumulated_eval_time=1305.49, accumulated_logging_time=0.445735, accumulated_submission_time=15911.8, global_step=3503, preemption_count=0, score=15911.8, test/ctc_loss=3.3777966499328613, test/num_examples=2472, test/wer=0.724656, total_duration=17218.2, train/ctc_loss=3.536224365234375, train/wer=0.767685, validation/ctc_loss=3.8323633670806885, validation/num_examples=5348, validation/wer=0.77886
I0306 15:13:36.506378 140430637676288 logging_writer.py:48] [3600] global_step=3600, grad_norm=3.747213363647461, loss=2.110347032546997
I0306 15:23:06.557574 140430646068992 logging_writer.py:48] [3700] global_step=3700, grad_norm=2.385345458984375, loss=2.1066689491271973
I0306 15:30:38.292278 140570054255808 spec.py:321] Evaluating on the training split.
I0306 15:31:23.299301 140570054255808 spec.py:333] Evaluating on the validation split.
/usr/local/lib/python3.11/multiprocessing/popen_fork.py:66: RuntimeWarning: os.fork() was called. os.fork() is incompatible with multithreaded code, and JAX is multithreaded, so this will likely lead to a deadlock.
  self.pid = os.fork()
I0306 15:32:12.341781 140570054255808 spec.py:349] Evaluating on the test split.
/usr/local/lib/python3.11/multiprocessing/popen_fork.py:66: RuntimeWarning: os.fork() was called. os.fork() is incompatible with multithreaded code, and JAX is multithreaded, so this will likely lead to a deadlock.
  self.pid = os.fork()
I0306 15:32:33.165776 140570054255808 submission_runner.py:469] Time since start: 18774.80s, 	Step: 3779, 	{'train/ctc_loss': Array(2.2359395, dtype=float32), 'train/wer': np.float64(0.5496965729367999), 'validation/ctc_loss': Array(2.7061975, dtype=float32), 'validation/wer': np.float64(0.6108016258435753), 'validation/num_examples': 5348, 'test/ctc_loss': Array(2.1437907, dtype=float32), 'test/wer': np.float64(0.5239575081754108), 'test/num_examples': 2472, 'score': 17353.53828549385, 'total_duration': 18774.800222158432, 'accumulated_submission_time': 17353.53828549385, 'accumulated_eval_time': 1420.3658854961395, 'accumulated_logging_time': 0.47635412216186523}
I0306 15:32:33.185094 140430646068992 logging_writer.py:48] [3779] accumulated_eval_time=1420.37, accumulated_logging_time=0.476354, accumulated_submission_time=17353.5, global_step=3779, preemption_count=0, score=17353.5, test/ctc_loss=2.1437907218933105, test/num_examples=2472, test/wer=0.523958, total_duration=18774.8, train/ctc_loss=2.2359395027160645, train/wer=0.549697, validation/ctc_loss=2.706197500228882, validation/num_examples=5348, validation/wer=0.610802
I0306 15:32:53.028549 140430637676288 logging_writer.py:48] [3800] global_step=3800, grad_norm=3.1256892681121826, loss=2.0618276596069336
I0306 15:41:40.342490 140430646068992 logging_writer.py:48] [3900] global_step=3900, grad_norm=4.424150466918945, loss=2.0298714637756348
I0306 15:50:52.308764 140430637676288 logging_writer.py:48] [4000] global_step=4000, grad_norm=3.1916017532348633, loss=2.069725513458252
I0306 15:56:35.152706 140570054255808 spec.py:321] Evaluating on the training split.
I0306 15:57:21.061892 140570054255808 spec.py:333] Evaluating on the validation split.
/usr/local/lib/python3.11/multiprocessing/popen_fork.py:66: RuntimeWarning: os.fork() was called. os.fork() is incompatible with multithreaded code, and JAX is multithreaded, so this will likely lead to a deadlock.
  self.pid = os.fork()
I0306 15:58:06.367561 140570054255808 spec.py:349] Evaluating on the test split.
/usr/local/lib/python3.11/multiprocessing/popen_fork.py:66: RuntimeWarning: os.fork() was called. os.fork() is incompatible with multithreaded code, and JAX is multithreaded, so this will likely lead to a deadlock.
  self.pid = os.fork()
I0306 15:58:28.287676 140570054255808 submission_runner.py:469] Time since start: 20329.92s, 	Step: 4063, 	{'train/ctc_loss': Array(1.6704015, dtype=float32), 'train/wer': np.float64(0.44007881377867697), 'validation/ctc_loss': Array(2.1299672, dtype=float32), 'validation/wer': np.float64(0.49896212479604546), 'validation/num_examples': 5348, 'test/ctc_loss': Array(1.5696734, dtype=float32), 'test/wer': np.float64(0.41407186236873644), 'test/num_examples': 2472, 'score': 18795.467178106308, 'total_duration': 20329.92183661461, 'accumulated_submission_time': 18795.467178106308, 'accumulated_eval_time': 1533.49809384346, 'accumulated_logging_time': 0.5056755542755127}
I0306 15:58:28.307368 140430215988992 logging_writer.py:48] [4063] accumulated_eval_time=1533.5, accumulated_logging_time=0.505676, accumulated_submission_time=18795.5, global_step=4063, preemption_count=0, score=18795.5, test/ctc_loss=1.5696734189987183, test/num_examples=2472, test/wer=0.414072, total_duration=20329.9, train/ctc_loss=1.6704014539718628, train/wer=0.440079, validation/ctc_loss=2.129967212677002, validation/num_examples=5348, validation/wer=0.498962
I0306 15:59:45.970574 140430207596288 logging_writer.py:48] [4100] global_step=4100, grad_norm=3.335867404937744, loss=2.056441307067871
/usr/local/lib/python3.11/multiprocessing/popen_fork.py:66: RuntimeWarning: os.fork() was called. os.fork() is incompatible with multithreaded code, and JAX is multithreaded, so this will likely lead to a deadlock.
  self.pid = os.fork()
I0306 16:05:37.152486 140430215988992 logging_writer.py:48] [4200] global_step=4200, grad_norm=3.751788854598999, loss=1.9867366552352905
I0306 16:10:58.907256 140430207596288 logging_writer.py:48] [4300] global_step=4300, grad_norm=2.6105711460113525, loss=2.0224640369415283
I0306 16:16:56.188013 140430215988992 logging_writer.py:48] [4400] global_step=4400, grad_norm=3.9356279373168945, loss=1.9857538938522339
I0306 16:22:36.755674 140570054255808 spec.py:321] Evaluating on the training split.
I0306 16:23:24.094550 140570054255808 spec.py:333] Evaluating on the validation split.
/usr/local/lib/python3.11/multiprocessing/popen_fork.py:66: RuntimeWarning: os.fork() was called. os.fork() is incompatible with multithreaded code, and JAX is multithreaded, so this will likely lead to a deadlock.
  self.pid = os.fork()
I0306 16:24:16.432139 140570054255808 spec.py:349] Evaluating on the test split.
/usr/local/lib/python3.11/multiprocessing/popen_fork.py:66: RuntimeWarning: os.fork() was called. os.fork() is incompatible with multithreaded code, and JAX is multithreaded, so this will likely lead to a deadlock.
  self.pid = os.fork()
I0306 16:24:45.829194 140570054255808 submission_runner.py:469] Time since start: 21907.46s, 	Step: 4483, 	{'train/ctc_loss': Array(0.7911748, dtype=float32), 'train/wer': np.float64(0.2503529776835355), 'validation/ctc_loss': Array(1.1925182, dtype=float32), 'validation/wer': np.float64(0.32531353485812486), 'validation/num_examples': 5348, 'test/ctc_loss': Array(0.8082762, dtype=float32), 'test/wer': np.float64(0.24780127150488493), 'test/num_examples': 2472, 'score': 20243.86131644249, 'total_duration': 21907.463601589203, 'accumulated_submission_time': 20243.86131644249, 'accumulated_eval_time': 1662.569129705429, 'accumulated_logging_time': 0.5366318225860596}
I0306 16:24:45.926428 140430646068992 logging_writer.py:48] [4483] accumulated_eval_time=1662.57, accumulated_logging_time=0.536632, accumulated_submission_time=20243.9, global_step=4483, preemption_count=0, score=20243.9, test/ctc_loss=0.8082761764526367, test/num_examples=2472, test/wer=0.247801, total_duration=21907.5, train/ctc_loss=0.7911748290061951, train/wer=0.250353, validation/ctc_loss=1.1925182342529297, validation/num_examples=5348, validation/wer=0.325314
I0306 16:25:02.090306 140430637676288 logging_writer.py:48] [4500] global_step=4500, grad_norm=3.6510324478149414, loss=1.9599868059158325
I0306 16:31:58.345055 140430646068992 logging_writer.py:48] [4600] global_step=4600, grad_norm=5.080184459686279, loss=1.915383219718933
I0306 16:40:04.616979 140430637676288 logging_writer.py:48] [4700] global_step=4700, grad_norm=2.99615740776062, loss=1.9337525367736816
I0306 16:48:49.550582 140570054255808 spec.py:321] Evaluating on the training split.
I0306 16:49:38.217056 140570054255808 spec.py:333] Evaluating on the validation split.
/usr/local/lib/python3.11/multiprocessing/popen_fork.py:66: RuntimeWarning: os.fork() was called. os.fork() is incompatible with multithreaded code, and JAX is multithreaded, so this will likely lead to a deadlock.
  self.pid = os.fork()
I0306 16:50:32.616377 140570054255808 spec.py:349] Evaluating on the test split.
/usr/local/lib/python3.11/multiprocessing/popen_fork.py:66: RuntimeWarning: os.fork() was called. os.fork() is incompatible with multithreaded code, and JAX is multithreaded, so this will likely lead to a deadlock.
  self.pid = os.fork()
I0306 16:50:53.714316 140570054255808 submission_runner.py:469] Time since start: 23475.35s, 	Step: 4800, 	{'train/ctc_loss': Array(0.6790096, dtype=float32), 'train/wer': np.float64(0.224568210195759), 'validation/ctc_loss': Array(1.040522, dtype=float32), 'validation/wer': np.float64(0.29035403612771177), 'validation/num_examples': 5348, 'test/ctc_loss': Array(0.696312, dtype=float32), 'test/wer': np.float64(0.21975098003371724), 'test/num_examples': 2472, 'score': 21687.44119977951, 'total_duration': 23475.34834599495, 'accumulated_submission_time': 21687.44119977951, 'accumulated_eval_time': 1786.7299609184265, 'accumulated_logging_time': 0.6462032794952393}
I0306 16:50:53.733655 140430646068992 logging_writer.py:48] [4800] accumulated_eval_time=1786.73, accumulated_logging_time=0.646203, accumulated_submission_time=21687.4, global_step=4800, preemption_count=0, score=21687.4, test/ctc_loss=0.6963120102882385, test/num_examples=2472, test/wer=0.219751, total_duration=23475.3, train/ctc_loss=0.6790096163749695, train/wer=0.224568, validation/ctc_loss=1.0405219793319702, validation/num_examples=5348, validation/wer=0.290354
I0306 16:50:54.646935 140430637676288 logging_writer.py:48] [4800] global_step=4800, grad_norm=2.393049955368042, loss=1.8794968128204346
I0306 16:57:54.681555 140430646068992 logging_writer.py:48] [4900] global_step=4900, grad_norm=3.967745780944824, loss=1.9023065567016602
I0306 17:06:38.307738 140430637676288 logging_writer.py:48] [5000] global_step=5000, grad_norm=3.485959768295288, loss=1.9644060134887695
I0306 17:15:02.441676 140570054255808 spec.py:321] Evaluating on the training split.
I0306 17:15:49.956679 140570054255808 spec.py:333] Evaluating on the validation split.
/usr/local/lib/python3.11/multiprocessing/popen_fork.py:66: RuntimeWarning: os.fork() was called. os.fork() is incompatible with multithreaded code, and JAX is multithreaded, so this will likely lead to a deadlock.
  self.pid = os.fork()
I0306 17:16:34.671639 140570054255808 spec.py:349] Evaluating on the test split.
/usr/local/lib/python3.11/multiprocessing/popen_fork.py:66: RuntimeWarning: os.fork() was called. os.fork() is incompatible with multithreaded code, and JAX is multithreaded, so this will likely lead to a deadlock.
  self.pid = os.fork()
I0306 17:16:56.460114 140570054255808 submission_runner.py:469] Time since start: 25038.09s, 	Step: 5094, 	{'train/ctc_loss': Array(0.57658136, dtype=float32), 'train/wer': np.float64(0.19505260605059882), 'validation/ctc_loss': Array(0.95835805, dtype=float32), 'validation/wer': np.float64(0.27399905384400014), 'validation/num_examples': 5348, 'test/ctc_loss': Array(0.6318376, dtype=float32), 'test/wer': np.float64(0.20484228058416104), 'test/num_examples': 2472, 'score': 23136.07256603241, 'total_duration': 25038.09470462799, 'accumulated_submission_time': 23136.07256603241, 'accumulated_eval_time': 1900.7460551261902, 'accumulated_logging_time': 0.7121388912200928}
I0306 17:16:56.479768 140430646068992 logging_writer.py:48] [5094] accumulated_eval_time=1900.75, accumulated_logging_time=0.712139, accumulated_submission_time=23136.1, global_step=5094, preemption_count=0, score=23136.1, test/ctc_loss=0.6318376064300537, test/num_examples=2472, test/wer=0.204842, total_duration=25038.1, train/ctc_loss=0.5765813589096069, train/wer=0.195053, validation/ctc_loss=0.9583580493927002, validation/num_examples=5348, validation/wer=0.273999
I0306 17:17:02.673071 140430637676288 logging_writer.py:48] [5100] global_step=5100, grad_norm=4.593721866607666, loss=1.872436285018921
/usr/local/lib/python3.11/multiprocessing/popen_fork.py:66: RuntimeWarning: os.fork() was called. os.fork() is incompatible with multithreaded code, and JAX is multithreaded, so this will likely lead to a deadlock.
  self.pid = os.fork()
I0306 17:22:40.071721 140430646068992 logging_writer.py:48] [5200] global_step=5200, grad_norm=2.80436635017395, loss=1.842115879058838
I0306 17:27:57.589235 140430637676288 logging_writer.py:48] [5300] global_step=5300, grad_norm=2.0949056148529053, loss=1.8099175691604614
I0306 17:33:58.688686 140430646068992 logging_writer.py:48] [5400] global_step=5400, grad_norm=3.0131640434265137, loss=1.9173959493637085
I0306 17:40:28.357467 140430637676288 logging_writer.py:48] [5500] global_step=5500, grad_norm=4.216375827789307, loss=1.7917449474334717
I0306 17:41:02.575864 140570054255808 spec.py:321] Evaluating on the training split.
I0306 17:41:49.889089 140570054255808 spec.py:333] Evaluating on the validation split.
/usr/local/lib/python3.11/multiprocessing/popen_fork.py:66: RuntimeWarning: os.fork() was called. os.fork() is incompatible with multithreaded code, and JAX is multithreaded, so this will likely lead to a deadlock.
  self.pid = os.fork()
I0306 17:42:39.540809 140570054255808 spec.py:349] Evaluating on the test split.
/usr/local/lib/python3.11/multiprocessing/popen_fork.py:66: RuntimeWarning: os.fork() was called. os.fork() is incompatible with multithreaded code, and JAX is multithreaded, so this will likely lead to a deadlock.
  self.pid = os.fork()
I0306 17:43:03.299944 140570054255808 submission_runner.py:469] Time since start: 26604.93s, 	Step: 5509, 	{'train/ctc_loss': Array(0.58232737, dtype=float32), 'train/wer': np.float64(0.1940876950668948), 'validation/ctc_loss': Array(0.91787475, dtype=float32), 'validation/wer': np.float64(0.26439267404925804), 'validation/num_examples': 5348, 'test/ctc_loss': Array(0.59566134, dtype=float32), 'test/wer': np.float64(0.1941990128572299), 'test/num_examples': 2472, 'score': 24582.119140148163, 'total_duration': 26604.93451476097, 'accumulated_submission_time': 24582.119140148163, 'accumulated_eval_time': 2021.4677894115448, 'accumulated_logging_time': 0.742039680480957}
I0306 17:43:03.343921 140430646068992 logging_writer.py:48] [5509] accumulated_eval_time=2021.47, accumulated_logging_time=0.74204, accumulated_submission_time=24582.1, global_step=5509, preemption_count=0, score=24582.1, test/ctc_loss=0.5956613421440125, test/num_examples=2472, test/wer=0.194199, total_duration=26604.9, train/ctc_loss=0.5823273658752441, train/wer=0.194088, validation/ctc_loss=0.9178747534751892, validation/num_examples=5348, validation/wer=0.264393
I0306 17:48:28.424052 140430637676288 logging_writer.py:48] [5600] global_step=5600, grad_norm=2.365546226501465, loss=1.8166495561599731
