I0315 19:16:26.822830 140186397963456 shampoo_preconditioner_list.py:352] Instantiated Adagrad Preconditioner 6.block_0 (torch.Size([0])) for Parameter 6 (torch.Size([256, 128, 3, 3])), Block block_0 (torch.Size([256, 384, 3])).
I0315 19:16:26.822838 140072725882048 shampoo_preconditioner_list.py:352] Instantiated Adagrad Preconditioner 14.block_0 (torch.Size([0])) for Parameter 14 (torch.Size([64, 128, 3, 3])), Block block_0 (torch.Size([64, 384, 3])).
I0315 19:16:26.822839 139629662209216 shampoo_preconditioner_list.py:375] Rank 1: AdaGradPreconditionerList Numel Breakdown: (0, 0, 0, 0, 0, 0, 0, 0, 1179648, 0, 0, 0, 0, 0, 0, 0, 0, 0, 0, 0, 0, 0, 0, 0)
I0315 19:16:26.822848 140572191630528 shampoo_preconditioner_list.py:375] Rank 2: AdaGradPreconditionerList Numel Breakdown: (0, 0, 0, 0, 0, 0, 0, 0, 0, 0, 1179648, 0, 0, 0, 0, 0, 0, 0, 0, 0, 0, 0, 0, 0)
I0315 19:16:26.822836 140531948930240 shampoo_preconditioner_list.py:352] Instantiated Adagrad Preconditioner 0.block_0 (torch.Size([288])) for Parameter 0 (torch.Size([32, 1, 3, 3])), Block block_0 (torch.Size([288])).
I0315 19:16:26.822874 139629662209216 shampoo_preconditioner_list.py:378] Rank 1: AdaGradPreconditionerList Bytes Breakdown: (0, 0, 0, 0, 0, 0, 0, 0, 4718592, 0, 0, 0, 0, 0, 0, 0, 0, 0, 0, 0, 0, 0, 0, 0)
I0315 19:16:26.822883 140186397963456 shampoo_preconditioner_list.py:352] Instantiated Adagrad Preconditioner 7.block_0 (torch.Size([0])) for Parameter 7 (torch.Size([256, 256, 3, 3])), Block block_0 (torch.Size([256, 768, 3])).
I0315 19:16:26.822888 140572191630528 shampoo_preconditioner_list.py:378] Rank 2: AdaGradPreconditionerList Bytes Breakdown: (0, 0, 0, 0, 0, 0, 0, 0, 0, 0, 4718592, 0, 0, 0, 0, 0, 0, 0, 0, 0, 0, 0, 0, 0)
I0315 19:16:26.822905 139629662209216 shampoo_preconditioner_list.py:381] Rank 1: AdaGradPreconditionerList Total Elements: 1179648
I0315 19:16:26.822920 140572191630528 shampoo_preconditioner_list.py:381] Rank 2: AdaGradPreconditionerList Total Elements: 1179648
I0315 19:16:26.822928 140186397963456 shampoo_preconditioner_list.py:352] Instantiated Adagrad Preconditioner 8.block_0 (torch.Size([0])) for Parameter 8 (torch.Size([512, 256, 3, 3])), Block block_0 (torch.Size([512, 768, 3])).
I0315 19:16:26.822926 140531948930240 shampoo_preconditioner_list.py:352] Instantiated Adagrad Preconditioner 1.block_0 (torch.Size([0])) for Parameter 1 (torch.Size([32, 32, 3, 3])), Block block_0 (torch.Size([1024, 9])).
I0315 19:16:26.822927 140072725882048 shampoo_preconditioner_list.py:352] Instantiated Adagrad Preconditioner 15.block_0 (torch.Size([64, 576])) for Parameter 15 (torch.Size([64, 64, 3, 3])), Block block_0 (torch.Size([64, 576])).
I0315 19:16:26.822941 139629662209216 shampoo_preconditioner_list.py:384] Rank 1: AdaGradPreconditionerList Total Bytes: 4718592
I0315 19:16:26.822949 140572191630528 shampoo_preconditioner_list.py:384] Rank 2: AdaGradPreconditionerList Total Bytes: 4718592
I0315 19:16:26.822985 140531948930240 shampoo_preconditioner_list.py:352] Instantiated Adagrad Preconditioner 2.block_0 (torch.Size([0])) for Parameter 2 (torch.Size([64, 32, 3, 3])), Block block_0 (torch.Size([64, 288])).
I0315 19:16:26.822989 140072725882048 shampoo_preconditioner_list.py:352] Instantiated Adagrad Preconditioner 16.block_0 (torch.Size([0])) for Parameter 16 (torch.Size([32, 64, 3, 3])), Block block_0 (torch.Size([32, 576])).
I0315 19:16:26.823038 140186397963456 shampoo_preconditioner_list.py:352] Instantiated Adagrad Preconditioner 9.block_0 (torch.Size([512, 512, 9])) for Parameter 9 (torch.Size([512, 512, 3, 3])), Block block_0 (torch.Size([512, 512, 9])).
I0315 19:16:26.823052 140531948930240 shampoo_preconditioner_list.py:352] Instantiated Adagrad Preconditioner 3.block_0 (torch.Size([0])) for Parameter 3 (torch.Size([64, 64, 3, 3])), Block block_0 (torch.Size([64, 576])).
I0315 19:16:26.823067 140072725882048 shampoo_preconditioner_list.py:352] Instantiated Adagrad Preconditioner 17.block_0 (torch.Size([1024, 9])) for Parameter 17 (torch.Size([32, 32, 3, 3])), Block block_0 (torch.Size([1024, 9])).
I0315 19:16:26.823107 140531948930240 shampoo_preconditioner_list.py:352] Instantiated Adagrad Preconditioner 4.block_0 (torch.Size([0])) for Parameter 4 (torch.Size([128, 64, 3, 3])), Block block_0 (torch.Size([128, 576])).
I0315 19:16:26.823112 140186397963456 shampoo_preconditioner_list.py:352] Instantiated Adagrad Preconditioner 10.block_0 (torch.Size([0])) for Parameter 10 (torch.Size([256, 512, 3, 3])), Block block_0 (torch.Size([256, 512, 9])).
I0315 19:16:26.823139 140072725882048 shampoo_preconditioner_list.py:352] Instantiated Adagrad Preconditioner 18.block_0 (torch.Size([0])) for Parameter 18 (torch.Size([1, 32, 1, 1])), Block block_0 (torch.Size([32])).
I0315 19:16:26.823160 140186397963456 shampoo_preconditioner_list.py:352] Instantiated Adagrad Preconditioner 11.block_0 (torch.Size([0])) for Parameter 11 (torch.Size([256, 256, 3, 3])), Block block_0 (torch.Size([256, 768, 3])).
I0315 19:16:26.823198 140072725882048 shampoo_preconditioner_list.py:352] Instantiated Adagrad Preconditioner 19.block_0 (torch.Size([0])) for Parameter 19 (torch.Size([1])), Block block_0 (torch.Size([1])).
I0315 19:16:26.823205 140186397963456 shampoo_preconditioner_list.py:352] Instantiated Adagrad Preconditioner 12.block_0 (torch.Size([0])) for Parameter 12 (torch.Size([128, 256, 3, 3])), Block block_0 (torch.Size([128, 768, 3])).
I0315 19:16:26.823249 140186397963456 shampoo_preconditioner_list.py:352] Instantiated Adagrad Preconditioner 13.block_0 (torch.Size([0])) for Parameter 13 (torch.Size([128, 128, 3, 3])), Block block_0 (torch.Size([128, 384, 3])).
I0315 19:16:26.823286 140072725882048 shampoo_preconditioner_list.py:352] Instantiated Adagrad Preconditioner 20.block_0 (torch.Size([512, 1024])) for Parameter 20 (torch.Size([512, 256, 2, 2])), Block block_0 (torch.Size([512, 1024])).
I0315 19:16:26.823302 140186397963456 shampoo_preconditioner_list.py:352] Instantiated Adagrad Preconditioner 14.block_0 (torch.Size([0])) for Parameter 14 (torch.Size([64, 128, 3, 3])), Block block_0 (torch.Size([64, 384, 3])).
I0315 19:16:26.823355 140186397963456 shampoo_preconditioner_list.py:352] Instantiated Adagrad Preconditioner 15.block_0 (torch.Size([0])) for Parameter 15 (torch.Size([64, 64, 3, 3])), Block block_0 (torch.Size([64, 576])).
I0315 19:16:26.823360 140072725882048 shampoo_preconditioner_list.py:352] Instantiated Adagrad Preconditioner 21.block_0 (torch.Size([0])) for Parameter 21 (torch.Size([256, 128, 2, 2])), Block block_0 (torch.Size([256, 512])).
I0315 19:16:26.823408 140186397963456 shampoo_preconditioner_list.py:352] Instantiated Adagrad Preconditioner 16.block_0 (torch.Size([0])) for Parameter 16 (torch.Size([32, 64, 3, 3])), Block block_0 (torch.Size([32, 576])).
I0315 19:16:26.823415 140072725882048 shampoo_preconditioner_list.py:352] Instantiated Adagrad Preconditioner 22.block_0 (torch.Size([0])) for Parameter 22 (torch.Size([128, 64, 2, 2])), Block block_0 (torch.Size([128, 256])).
I0315 19:16:26.823414 140321624544448 shampoo_preconditioner_list.py:352] Instantiated Adagrad Preconditioner 4.block_0 (torch.Size([128, 576])) for Parameter 4 (torch.Size([128, 64, 3, 3])), Block block_0 (torch.Size([128, 576])).
I0315 19:16:26.823458 140186397963456 shampoo_preconditioner_list.py:352] Instantiated Adagrad Preconditioner 17.block_0 (torch.Size([0])) for Parameter 17 (torch.Size([32, 32, 3, 3])), Block block_0 (torch.Size([1024, 9])).
I0315 19:16:26.823476 140072725882048 shampoo_preconditioner_list.py:352] Instantiated Adagrad Preconditioner 23.block_0 (torch.Size([0])) for Parameter 23 (torch.Size([64, 32, 2, 2])), Block block_0 (torch.Size([64, 128])).
I0315 19:16:26.823511 140186397963456 shampoo_preconditioner_list.py:352] Instantiated Adagrad Preconditioner 18.block_0 (torch.Size([0])) for Parameter 18 (torch.Size([1, 32, 1, 1])), Block block_0 (torch.Size([32])).
I0315 19:16:26.823529 140321624544448 shampoo_preconditioner_list.py:352] Instantiated Adagrad Preconditioner 5.block_0 (torch.Size([0])) for Parameter 5 (torch.Size([128, 128, 3, 3])), Block block_0 (torch.Size([128, 384, 3])).
I0315 19:16:26.823547 140072725882048 shampoo_preconditioner_list.py:375] Rank 5: AdaGradPreconditionerList Numel Breakdown: (0, 0, 0, 36864, 0, 0, 0, 0, 0, 0, 0, 0, 0, 0, 0, 36864, 0, 9216, 0, 0, 524288, 0, 0, 0)
I0315 19:16:26.823562 140186397963456 shampoo_preconditioner_list.py:352] Instantiated Adagrad Preconditioner 19.block_0 (torch.Size([0])) for Parameter 19 (torch.Size([1])), Block block_0 (torch.Size([1])).
I0315 19:16:26.823584 140072725882048 shampoo_preconditioner_list.py:378] Rank 5: AdaGradPreconditionerList Bytes Breakdown: (0, 0, 0, 147456, 0, 0, 0, 0, 0, 0, 0, 0, 0, 0, 0, 147456, 0, 36864, 0, 0, 2097152, 0, 0, 0)
I0315 19:16:26.823601 140321624544448 shampoo_preconditioner_list.py:352] Instantiated Adagrad Preconditioner 6.block_0 (torch.Size([0])) for Parameter 6 (torch.Size([256, 128, 3, 3])), Block block_0 (torch.Size([256, 384, 3])).
I0315 19:16:26.823614 140186397963456 shampoo_preconditioner_list.py:352] Instantiated Adagrad Preconditioner 20.block_0 (torch.Size([0])) for Parameter 20 (torch.Size([512, 256, 2, 2])), Block block_0 (torch.Size([512, 1024])).
I0315 19:16:26.823623 140072725882048 shampoo_preconditioner_list.py:381] Rank 5: AdaGradPreconditionerList Total Elements: 607232
I0315 19:16:26.823654 140072725882048 shampoo_preconditioner_list.py:384] Rank 5: AdaGradPreconditionerList Total Bytes: 2428928
I0315 19:16:26.823658 140186397963456 shampoo_preconditioner_list.py:352] Instantiated Adagrad Preconditioner 21.block_0 (torch.Size([0])) for Parameter 21 (torch.Size([256, 128, 2, 2])), Block block_0 (torch.Size([256, 512])).
I0315 19:16:26.823669 140321624544448 shampoo_preconditioner_list.py:352] Instantiated Adagrad Preconditioner 7.block_0 (torch.Size([0])) for Parameter 7 (torch.Size([256, 256, 3, 3])), Block block_0 (torch.Size([256, 768, 3])).
I0315 19:16:26.823703 140186397963456 shampoo_preconditioner_list.py:352] Instantiated Adagrad Preconditioner 22.block_0 (torch.Size([0])) for Parameter 22 (torch.Size([128, 64, 2, 2])), Block block_0 (torch.Size([128, 256])).
I0315 19:16:26.823731 140321624544448 shampoo_preconditioner_list.py:352] Instantiated Adagrad Preconditioner 8.block_0 (torch.Size([0])) for Parameter 8 (torch.Size([512, 256, 3, 3])), Block block_0 (torch.Size([512, 768, 3])).
I0315 19:16:26.823753 140186397963456 shampoo_preconditioner_list.py:352] Instantiated Adagrad Preconditioner 23.block_0 (torch.Size([0])) for Parameter 23 (torch.Size([64, 32, 2, 2])), Block block_0 (torch.Size([64, 128])).
I0315 19:16:26.823792 140321624544448 shampoo_preconditioner_list.py:352] Instantiated Adagrad Preconditioner 9.block_0 (torch.Size([0])) for Parameter 9 (torch.Size([512, 512, 3, 3])), Block block_0 (torch.Size([512, 512, 9])).
I0315 19:16:26.823822 140186397963456 shampoo_preconditioner_list.py:375] Rank 0: AdaGradPreconditionerList Numel Breakdown: (0, 0, 0, 0, 0, 0, 0, 0, 0, 2359296, 0, 0, 0, 0, 0, 0, 0, 0, 0, 0, 0, 0, 0, 0)
I0315 19:16:26.823850 140321624544448 shampoo_preconditioner_list.py:352] Instantiated Adagrad Preconditioner 10.block_0 (torch.Size([0])) for Parameter 10 (torch.Size([256, 512, 3, 3])), Block block_0 (torch.Size([256, 512, 9])).
I0315 19:16:26.823860 140186397963456 shampoo_preconditioner_list.py:378] Rank 0: AdaGradPreconditionerList Bytes Breakdown: (0, 0, 0, 0, 0, 0, 0, 0, 0, 9437184, 0, 0, 0, 0, 0, 0, 0, 0, 0, 0, 0, 0, 0, 0)
I0315 19:16:26.823889 140186397963456 shampoo_preconditioner_list.py:381] Rank 0: AdaGradPreconditionerList Total Elements: 2359296
I0315 19:16:26.823909 140321624544448 shampoo_preconditioner_list.py:352] Instantiated Adagrad Preconditioner 11.block_0 (torch.Size([0])) for Parameter 11 (torch.Size([256, 256, 3, 3])), Block block_0 (torch.Size([256, 768, 3])).
I0315 19:16:26.823922 140186397963456 shampoo_preconditioner_list.py:384] Rank 0: AdaGradPreconditionerList Total Bytes: 9437184
I0315 19:16:26.823896 140531948930240 shampoo_preconditioner_list.py:352] Instantiated Adagrad Preconditioner 5.block_0 (torch.Size([128, 384, 3])) for Parameter 5 (torch.Size([128, 128, 3, 3])), Block block_0 (torch.Size([128, 384, 3])).
I0315 19:16:26.824007 140321624544448 shampoo_preconditioner_list.py:352] Instantiated Adagrad Preconditioner 12.block_0 (torch.Size([128, 768, 3])) for Parameter 12 (torch.Size([128, 256, 3, 3])), Block block_0 (torch.Size([128, 768, 3])).
I0315 19:16:26.824018 140531948930240 shampoo_preconditioner_list.py:352] Instantiated Adagrad Preconditioner 6.block_0 (torch.Size([256, 384, 3])) for Parameter 6 (torch.Size([256, 128, 3, 3])), Block block_0 (torch.Size([256, 384, 3])).
I0315 19:16:26.824117 140531948930240 shampoo_preconditioner_list.py:352] Instantiated Adagrad Preconditioner 7.block_0 (torch.Size([0])) for Parameter 7 (torch.Size([256, 256, 3, 3])), Block block_0 (torch.Size([256, 768, 3])).
I0315 19:16:26.824125 140321624544448 shampoo_preconditioner_list.py:352] Instantiated Adagrad Preconditioner 13.block_0 (torch.Size([128, 384, 3])) for Parameter 13 (torch.Size([128, 128, 3, 3])), Block block_0 (torch.Size([128, 384, 3])).
I0315 19:16:26.824111 139912558875840 logger_utils.py:262] Unable to record workload.train_mean information. Continuing without it.
I0315 19:16:26.824116 140257611351232 logger_utils.py:262] Unable to record workload.train_mean information. Continuing without it.
I0315 19:16:26.824177 139912558875840 logger_utils.py:262] Unable to record workload.train_stddev information. Continuing without it.
I0315 19:16:26.824184 140257611351232 logger_utils.py:262] Unable to record workload.train_stddev information. Continuing without it.
I0315 19:16:26.824191 140531948930240 shampoo_preconditioner_list.py:352] Instantiated Adagrad Preconditioner 8.block_0 (torch.Size([0])) for Parameter 8 (torch.Size([512, 256, 3, 3])), Block block_0 (torch.Size([512, 768, 3])).
I0315 19:16:26.824207 140321624544448 shampoo_preconditioner_list.py:352] Instantiated Adagrad Preconditioner 14.block_0 (torch.Size([64, 384, 3])) for Parameter 14 (torch.Size([64, 128, 3, 3])), Block block_0 (torch.Size([64, 384, 3])).
I0315 19:16:26.824247 140531948930240 shampoo_preconditioner_list.py:352] Instantiated Adagrad Preconditioner 9.block_0 (torch.Size([0])) for Parameter 9 (torch.Size([512, 512, 3, 3])), Block block_0 (torch.Size([512, 512, 9])).
I0315 19:16:26.824282 140321624544448 shampoo_preconditioner_list.py:352] Instantiated Adagrad Preconditioner 15.block_0 (torch.Size([0])) for Parameter 15 (torch.Size([64, 64, 3, 3])), Block block_0 (torch.Size([64, 576])).
I0315 19:16:26.824308 140531948930240 shampoo_preconditioner_list.py:352] Instantiated Adagrad Preconditioner 10.block_0 (torch.Size([0])) for Parameter 10 (torch.Size([256, 512, 3, 3])), Block block_0 (torch.Size([256, 512, 9])).
I0315 19:16:26.824346 140321624544448 shampoo_preconditioner_list.py:352] Instantiated Adagrad Preconditioner 16.block_0 (torch.Size([0])) for Parameter 16 (torch.Size([32, 64, 3, 3])), Block block_0 (torch.Size([32, 576])).
I0315 19:16:26.824368 140531948930240 shampoo_preconditioner_list.py:352] Instantiated Adagrad Preconditioner 11.block_0 (torch.Size([0])) for Parameter 11 (torch.Size([256, 256, 3, 3])), Block block_0 (torch.Size([256, 768, 3])).
I0315 19:16:26.824407 140321624544448 shampoo_preconditioner_list.py:352] Instantiated Adagrad Preconditioner 17.block_0 (torch.Size([0])) for Parameter 17 (torch.Size([32, 32, 3, 3])), Block block_0 (torch.Size([1024, 9])).
I0315 19:16:26.824429 140531948930240 shampoo_preconditioner_list.py:352] Instantiated Adagrad Preconditioner 12.block_0 (torch.Size([0])) for Parameter 12 (torch.Size([128, 256, 3, 3])), Block block_0 (torch.Size([128, 768, 3])).
I0315 19:16:26.824466 140321624544448 shampoo_preconditioner_list.py:352] Instantiated Adagrad Preconditioner 18.block_0 (torch.Size([0])) for Parameter 18 (torch.Size([1, 32, 1, 1])), Block block_0 (torch.Size([32])).
I0315 19:16:26.824496 140531948930240 shampoo_preconditioner_list.py:352] Instantiated Adagrad Preconditioner 13.block_0 (torch.Size([0])) for Parameter 13 (torch.Size([128, 128, 3, 3])), Block block_0 (torch.Size([128, 384, 3])).
I0315 19:16:26.824533 140321624544448 shampoo_preconditioner_list.py:352] Instantiated Adagrad Preconditioner 19.block_0 (torch.Size([0])) for Parameter 19 (torch.Size([1])), Block block_0 (torch.Size([1])).
I0315 19:16:26.824558 140531948930240 shampoo_preconditioner_list.py:352] Instantiated Adagrad Preconditioner 14.block_0 (torch.Size([0])) for Parameter 14 (torch.Size([64, 128, 3, 3])), Block block_0 (torch.Size([64, 384, 3])).
I0315 19:16:26.824596 140321624544448 shampoo_preconditioner_list.py:352] Instantiated Adagrad Preconditioner 20.block_0 (torch.Size([0])) for Parameter 20 (torch.Size([512, 256, 2, 2])), Block block_0 (torch.Size([512, 1024])).
I0315 19:16:26.824616 140531948930240 shampoo_preconditioner_list.py:352] Instantiated Adagrad Preconditioner 15.block_0 (torch.Size([0])) for Parameter 15 (torch.Size([64, 64, 3, 3])), Block block_0 (torch.Size([64, 576])).
I0315 19:16:26.824671 140321624544448 shampoo_preconditioner_list.py:352] Instantiated Adagrad Preconditioner 21.block_0 (torch.Size([0])) for Parameter 21 (torch.Size([256, 128, 2, 2])), Block block_0 (torch.Size([256, 512])).
I0315 19:16:26.824692 140531948930240 shampoo_preconditioner_list.py:352] Instantiated Adagrad Preconditioner 16.block_0 (torch.Size([0])) for Parameter 16 (torch.Size([32, 64, 3, 3])), Block block_0 (torch.Size([32, 576])).
I0315 19:16:26.824737 140321624544448 shampoo_preconditioner_list.py:352] Instantiated Adagrad Preconditioner 22.block_0 (torch.Size([0])) for Parameter 22 (torch.Size([128, 64, 2, 2])), Block block_0 (torch.Size([128, 256])).
I0315 19:16:26.824755 140531948930240 shampoo_preconditioner_list.py:352] Instantiated Adagrad Preconditioner 17.block_0 (torch.Size([0])) for Parameter 17 (torch.Size([32, 32, 3, 3])), Block block_0 (torch.Size([1024, 9])).
I0315 19:16:26.824832 140321624544448 shampoo_preconditioner_list.py:352] Instantiated Adagrad Preconditioner 23.block_0 (torch.Size([64, 128])) for Parameter 23 (torch.Size([64, 32, 2, 2])), Block block_0 (torch.Size([64, 128])).
I0315 19:16:26.824847 140531948930240 shampoo_preconditioner_list.py:352] Instantiated Adagrad Preconditioner 18.block_0 (torch.Size([32])) for Parameter 18 (torch.Size([1, 32, 1, 1])), Block block_0 (torch.Size([32])).
I0315 19:16:26.824925 140321624544448 shampoo_preconditioner_list.py:375] Rank 7: AdaGradPreconditionerList Numel Breakdown: (0, 9216, 0, 0, 73728, 0, 0, 0, 0, 0, 0, 0, 294912, 147456, 73728, 0, 0, 0, 0, 0, 0, 0, 0, 8192)
I0315 19:16:26.824928 140531948930240 shampoo_preconditioner_list.py:352] Instantiated Adagrad Preconditioner 19.block_0 (torch.Size([1])) for Parameter 19 (torch.Size([1])), Block block_0 (torch.Size([1])).
I0315 19:16:26.824913 140572191630528 logger_utils.py:262] Unable to record workload.train_mean information. Continuing without it.
I0315 19:16:26.824971 140321624544448 shampoo_preconditioner_list.py:378] Rank 7: AdaGradPreconditionerList Bytes Breakdown: (0, 36864, 0, 0, 294912, 0, 0, 0, 0, 0, 0, 0, 1179648, 589824, 294912, 0, 0, 0, 0, 0, 0, 0, 0, 32768)
I0315 19:16:26.824982 140572191630528 logger_utils.py:262] Unable to record workload.train_stddev information. Continuing without it.
I0315 19:16:26.824994 140531948930240 shampoo_preconditioner_list.py:352] Instantiated Adagrad Preconditioner 20.block_0 (torch.Size([0])) for Parameter 20 (torch.Size([512, 256, 2, 2])), Block block_0 (torch.Size([512, 1024])).
I0315 19:16:26.824977 139629662209216 logger_utils.py:262] Unable to record workload.train_mean information. Continuing without it.
I0315 19:16:26.825009 140321624544448 shampoo_preconditioner_list.py:381] Rank 7: AdaGradPreconditionerList Total Elements: 607232
I0315 19:16:26.825005 140186397963456 submission.py:142] No large parameters detected! Continuing with only Shampoo....
I0315 19:16:26.825040 140321624544448 shampoo_preconditioner_list.py:384] Rank 7: AdaGradPreconditionerList Total Bytes: 2428928
I0315 19:16:26.825045 139629662209216 logger_utils.py:262] Unable to record workload.train_stddev information. Continuing without it.
I0315 19:16:26.825072 140531948930240 shampoo_preconditioner_list.py:352] Instantiated Adagrad Preconditioner 21.block_0 (torch.Size([256, 512])) for Parameter 21 (torch.Size([256, 128, 2, 2])), Block block_0 (torch.Size([256, 512])).
I0315 19:16:26.825161 140531948930240 shampoo_preconditioner_list.py:352] Instantiated Adagrad Preconditioner 22.block_0 (torch.Size([128, 256])) for Parameter 22 (torch.Size([128, 64, 2, 2])), Block block_0 (torch.Size([128, 256])).
I0315 19:16:26.825163 140072725882048 logger_utils.py:262] Unable to record workload.train_mean information. Continuing without it.
I0315 19:16:26.825221 140186397963456 submission_runner.py:279] Initializing metrics bundle.
I0315 19:16:26.825235 140531948930240 shampoo_preconditioner_list.py:352] Instantiated Adagrad Preconditioner 23.block_0 (torch.Size([0])) for Parameter 23 (torch.Size([64, 32, 2, 2])), Block block_0 (torch.Size([64, 128])).
I0315 19:16:26.825239 140072725882048 logger_utils.py:262] Unable to record workload.train_stddev information. Continuing without it.
I0315 19:16:26.825322 140531948930240 shampoo_preconditioner_list.py:375] Rank 6: AdaGradPreconditionerList Numel Breakdown: (288, 0, 0, 0, 0, 147456, 294912, 0, 0, 0, 0, 0, 0, 0, 0, 0, 0, 0, 32, 1, 0, 131072, 32768, 0)
I0315 19:16:26.825365 140531948930240 shampoo_preconditioner_list.py:378] Rank 6: AdaGradPreconditionerList Bytes Breakdown: (1152, 0, 0, 0, 0, 589824, 1179648, 0, 0, 0, 0, 0, 0, 0, 0, 0, 0, 0, 128, 4, 0, 524288, 131072, 0)
I0315 19:16:26.825379 140186397963456 submission_runner.py:301] Initializing checkpoint and logger.
I0315 19:16:26.825402 140531948930240 shampoo_preconditioner_list.py:381] Rank 6: AdaGradPreconditionerList Total Elements: 606529
I0315 19:16:26.825432 140531948930240 shampoo_preconditioner_list.py:384] Rank 6: AdaGradPreconditionerList Total Bytes: 2426116
I0315 19:16:26.825845 140186397963456 submission_runner.py:321] Saving meta data to /experiment_runs/submissions/rolling_leaderboard/external_tuning/shampoo/study_2/fastmri_pytorch/trial_4/meta_data_0.json.
I0315 19:16:26.826026 140186397963456 logger_utils.py:262] Unable to record workload.train_mean information. Continuing without it.
I0315 19:16:26.826076 140186397963456 logger_utils.py:262] Unable to record workload.train_stddev information. Continuing without it.
I0315 19:16:26.826999 140321624544448 logger_utils.py:262] Unable to record workload.train_mean information. Continuing without it.
I0315 19:16:26.827078 140321624544448 logger_utils.py:262] Unable to record workload.train_stddev information. Continuing without it.
I0315 19:16:26.827385 140531948930240 logger_utils.py:262] Unable to record workload.train_mean information. Continuing without it.
I0315 19:16:26.827462 140531948930240 logger_utils.py:262] Unable to record workload.train_stddev information. Continuing without it.
I0315 19:16:27.766345 140186397963456 submission_runner.py:325] Saving flags to /experiment_runs/submissions/rolling_leaderboard/external_tuning/shampoo/study_2/fastmri_pytorch/trial_4/flags_0.json.
I0315 19:16:27.933130 140186397963456 submission_runner.py:337] Starting training loop.
[rank4]:W0315 19:16:28.121000 48 site-packages/torch/_logging/_internal.py:1081] [0/0] Profiler function <class 'torch.autograd.profiler.record_function'> will be ignored
[rank5]:W0315 19:16:28.121000 49 site-packages/torch/_logging/_internal.py:1081] [0/0] Profiler function <class 'torch.autograd.profiler.record_function'> will be ignored
[rank6]:W0315 19:16:28.121000 50 site-packages/torch/_logging/_internal.py:1081] [0/0] Profiler function <class 'torch.autograd.profiler.record_function'> will be ignored
[rank1]:W0315 19:16:28.121000 45 site-packages/torch/_logging/_internal.py:1081] [0/0] Profiler function <class 'torch.autograd.profiler.record_function'> will be ignored
[rank7]:W0315 19:16:28.121000 51 site-packages/torch/_logging/_internal.py:1081] [0/0] Profiler function <class 'torch.autograd.profiler.record_function'> will be ignored
[rank3]:W0315 19:16:28.121000 47 site-packages/torch/_logging/_internal.py:1081] [0/0] Profiler function <class 'torch.autograd.profiler.record_function'> will be ignored
[rank2]:W0315 19:16:28.121000 46 site-packages/torch/_logging/_internal.py:1081] [0/0] Profiler function <class 'torch.autograd.profiler.record_function'> will be ignored
[rank0]:W0315 19:20:14.309000 44 site-packages/torch/_logging/_internal.py:1081] [0/0] Profiler function <class 'torch.autograd.profiler.record_function'> will be ignored
[rank3]:W0315 19:21:03.265000 47 site-packages/torch/_dynamo/convert_frame.py:844] [2/8] torch._dynamo hit config.cache_size_limit (8)
[rank3]:W0315 19:21:03.265000 47 site-packages/torch/_dynamo/convert_frame.py:844] [2/8]    function: 'forward' (/algorithmic-efficiency/algoperf/workloads/fastmri/fastmri_pytorch/models.py:141)
[rank3]:W0315 19:21:03.265000 47 site-packages/torch/_dynamo/convert_frame.py:844] [2/8]    last reason: 2/0: tensor 'L['x']' requires_grad mismatch. expected requires_grad=0
[rank3]:W0315 19:21:03.265000 47 site-packages/torch/_dynamo/convert_frame.py:844] [2/8] To log all recompilation reasons, use TORCH_LOGS="recompiles".
[rank3]:W0315 19:21:03.265000 47 site-packages/torch/_dynamo/convert_frame.py:844] [2/8] To diagnose recompilation issues, see https://pytorch.org/docs/main/torch.compiler_troubleshooting.html.
[rank5]:W0315 19:21:03.269000 49 site-packages/torch/_dynamo/convert_frame.py:844] [2/8] torch._dynamo hit config.cache_size_limit (8)
[rank5]:W0315 19:21:03.269000 49 site-packages/torch/_dynamo/convert_frame.py:844] [2/8]    function: 'forward' (/algorithmic-efficiency/algoperf/workloads/fastmri/fastmri_pytorch/models.py:141)
[rank5]:W0315 19:21:03.269000 49 site-packages/torch/_dynamo/convert_frame.py:844] [2/8]    last reason: 2/0: tensor 'L['x']' requires_grad mismatch. expected requires_grad=0
[rank5]:W0315 19:21:03.269000 49 site-packages/torch/_dynamo/convert_frame.py:844] [2/8] To log all recompilation reasons, use TORCH_LOGS="recompiles".
[rank5]:W0315 19:21:03.269000 49 site-packages/torch/_dynamo/convert_frame.py:844] [2/8] To diagnose recompilation issues, see https://pytorch.org/docs/main/torch.compiler_troubleshooting.html.
[rank7]:W0315 19:21:03.269000 51 site-packages/torch/_dynamo/convert_frame.py:844] [2/8] torch._dynamo hit config.cache_size_limit (8)
[rank7]:W0315 19:21:03.269000 51 site-packages/torch/_dynamo/convert_frame.py:844] [2/8]    function: 'forward' (/algorithmic-efficiency/algoperf/workloads/fastmri/fastmri_pytorch/models.py:141)
[rank7]:W0315 19:21:03.269000 51 site-packages/torch/_dynamo/convert_frame.py:844] [2/8]    last reason: 2/0: tensor 'L['x']' requires_grad mismatch. expected requires_grad=0
[rank7]:W0315 19:21:03.269000 51 site-packages/torch/_dynamo/convert_frame.py:844] [2/8] To log all recompilation reasons, use TORCH_LOGS="recompiles".
[rank7]:W0315 19:21:03.269000 51 site-packages/torch/_dynamo/convert_frame.py:844] [2/8] To diagnose recompilation issues, see https://pytorch.org/docs/main/torch.compiler_troubleshooting.html.
[rank4]:W0315 19:21:03.285000 48 site-packages/torch/_dynamo/convert_frame.py:844] [2/8] torch._dynamo hit config.cache_size_limit (8)
[rank4]:W0315 19:21:03.285000 48 site-packages/torch/_dynamo/convert_frame.py:844] [2/8]    function: 'forward' (/algorithmic-efficiency/algoperf/workloads/fastmri/fastmri_pytorch/models.py:141)
[rank4]:W0315 19:21:03.285000 48 site-packages/torch/_dynamo/convert_frame.py:844] [2/8]    last reason: 2/0: tensor 'L['x']' requires_grad mismatch. expected requires_grad=0
[rank4]:W0315 19:21:03.285000 48 site-packages/torch/_dynamo/convert_frame.py:844] [2/8] To log all recompilation reasons, use TORCH_LOGS="recompiles".
[rank4]:W0315 19:21:03.285000 48 site-packages/torch/_dynamo/convert_frame.py:844] [2/8] To diagnose recompilation issues, see https://pytorch.org/docs/main/torch.compiler_troubleshooting.html.
[rank2]:W0315 19:21:03.322000 46 site-packages/torch/_dynamo/convert_frame.py:844] [2/8] torch._dynamo hit config.cache_size_limit (8)
[rank2]:W0315 19:21:03.322000 46 site-packages/torch/_dynamo/convert_frame.py:844] [2/8]    function: 'forward' (/algorithmic-efficiency/algoperf/workloads/fastmri/fastmri_pytorch/models.py:141)
[rank2]:W0315 19:21:03.322000 46 site-packages/torch/_dynamo/convert_frame.py:844] [2/8]    last reason: 2/0: tensor 'L['x']' requires_grad mismatch. expected requires_grad=0
[rank2]:W0315 19:21:03.322000 46 site-packages/torch/_dynamo/convert_frame.py:844] [2/8] To log all recompilation reasons, use TORCH_LOGS="recompiles".
[rank2]:W0315 19:21:03.322000 46 site-packages/torch/_dynamo/convert_frame.py:844] [2/8] To diagnose recompilation issues, see https://pytorch.org/docs/main/torch.compiler_troubleshooting.html.
[rank1]:W0315 19:21:03.458000 45 site-packages/torch/_dynamo/convert_frame.py:844] [2/8] torch._dynamo hit config.cache_size_limit (8)
[rank1]:W0315 19:21:03.458000 45 site-packages/torch/_dynamo/convert_frame.py:844] [2/8]    function: 'forward' (/algorithmic-efficiency/algoperf/workloads/fastmri/fastmri_pytorch/models.py:141)
[rank1]:W0315 19:21:03.458000 45 site-packages/torch/_dynamo/convert_frame.py:844] [2/8]    last reason: 2/0: tensor 'L['x']' requires_grad mismatch. expected requires_grad=0
[rank1]:W0315 19:21:03.458000 45 site-packages/torch/_dynamo/convert_frame.py:844] [2/8] To log all recompilation reasons, use TORCH_LOGS="recompiles".
[rank1]:W0315 19:21:03.458000 45 site-packages/torch/_dynamo/convert_frame.py:844] [2/8] To diagnose recompilation issues, see https://pytorch.org/docs/main/torch.compiler_troubleshooting.html.
[rank6]:W0315 19:21:03.559000 50 site-packages/torch/_dynamo/convert_frame.py:844] [2/8] torch._dynamo hit config.cache_size_limit (8)
[rank6]:W0315 19:21:03.559000 50 site-packages/torch/_dynamo/convert_frame.py:844] [2/8]    function: 'forward' (/algorithmic-efficiency/algoperf/workloads/fastmri/fastmri_pytorch/models.py:141)
[rank6]:W0315 19:21:03.559000 50 site-packages/torch/_dynamo/convert_frame.py:844] [2/8]    last reason: 2/0: tensor 'L['x']' requires_grad mismatch. expected requires_grad=0
[rank6]:W0315 19:21:03.559000 50 site-packages/torch/_dynamo/convert_frame.py:844] [2/8] To log all recompilation reasons, use TORCH_LOGS="recompiles".
[rank6]:W0315 19:21:03.559000 50 site-packages/torch/_dynamo/convert_frame.py:844] [2/8] To diagnose recompilation issues, see https://pytorch.org/docs/main/torch.compiler_troubleshooting.html.
[rank0]:W0315 19:21:03.581000 44 site-packages/torch/_dynamo/convert_frame.py:844] [2/8] torch._dynamo hit config.cache_size_limit (8)
[rank0]:W0315 19:21:03.581000 44 site-packages/torch/_dynamo/convert_frame.py:844] [2/8]    function: 'forward' (/algorithmic-efficiency/algoperf/workloads/fastmri/fastmri_pytorch/models.py:141)
[rank0]:W0315 19:21:03.581000 44 site-packages/torch/_dynamo/convert_frame.py:844] [2/8]    last reason: 2/0: tensor 'L['x']' requires_grad mismatch. expected requires_grad=0
[rank0]:W0315 19:21:03.581000 44 site-packages/torch/_dynamo/convert_frame.py:844] [2/8] To log all recompilation reasons, use TORCH_LOGS="recompiles".
[rank0]:W0315 19:21:03.581000 44 site-packages/torch/_dynamo/convert_frame.py:844] [2/8] To diagnose recompilation issues, see https://pytorch.org/docs/main/torch.compiler_troubleshooting.html.
I0315 19:21:19.516736 140158303368960 logging_writer.py:48] [0] global_step=0, grad_norm=3.72486, loss=1.04869
I0315 19:21:19.838690 140186397963456 submission.py:265] 0) loss = 1.049, grad_norm = 3.725
I0315 19:21:20.665250 140186397963456 spec.py:321] Evaluating on the training split.
I0315 19:28:44.137606 140186397963456 spec.py:333] Evaluating on the validation split.
I0315 19:32:42.271973 140186397963456 spec.py:349] Evaluating on the test split.
I0315 19:36:45.840038 140186397963456 submission_runner.py:469] Time since start: 1217.91s, 	Step: 1, 	{'train/ssim': 0.18409654072352818, 'train/loss': 1.1149094445364816, 'validation/ssim': 0.1786466050027258, 'validation/loss': 1.121061188757386, 'validation/num_examples': 3554, 'test/ssim': 0.1992406347083566, 'test/loss': 1.1195749103340547, 'test/num_examples': 3581, 'score': 291.90677642822266, 'total_duration': 1217.9073350429535, 'accumulated_submission_time': 291.90677642822266, 'accumulated_eval_time': 925.1751244068146, 'accumulated_logging_time': 0}
I0315 19:36:45.848344 140135622489856 logging_writer.py:48] [1] accumulated_eval_time=925.175, accumulated_logging_time=0, accumulated_submission_time=291.907, global_step=1, preemption_count=0, score=291.907, test/loss=1.11957, test/num_examples=3581, test/ssim=0.199241, total_duration=1217.91, train/loss=1.11491, train/ssim=0.184097, validation/loss=1.12106, validation/num_examples=3554, validation/ssim=0.178647
I0315 19:36:47.033900 140135614097152 logging_writer.py:48] [1] global_step=1, grad_norm=3.6416, loss=1.17014
I0315 19:36:47.037014 140186397963456 submission.py:265] 1) loss = 1.170, grad_norm = 3.642
I0315 19:36:47.139022 140135622489856 logging_writer.py:48] [2] global_step=2, grad_norm=4.88022, loss=1.08254
I0315 19:36:47.146641 140186397963456 submission.py:265] 2) loss = 1.083, grad_norm = 4.880
I0315 19:36:47.236950 140135614097152 logging_writer.py:48] [3] global_step=3, grad_norm=4.52419, loss=1.07932
I0315 19:36:47.244317 140186397963456 submission.py:265] 3) loss = 1.079, grad_norm = 4.524
I0315 19:36:47.347244 140135622489856 logging_writer.py:48] [4] global_step=4, grad_norm=4.70326, loss=1.08922
I0315 19:36:47.352063 140186397963456 submission.py:265] 4) loss = 1.089, grad_norm = 4.703
I0315 19:36:47.458492 140135614097152 logging_writer.py:48] [5] global_step=5, grad_norm=5.72407, loss=1.11272
I0315 19:36:47.462926 140186397963456 submission.py:265] 5) loss = 1.113, grad_norm = 5.724
I0315 19:36:47.552092 140135622489856 logging_writer.py:48] [6] global_step=6, grad_norm=3.96418, loss=0.972603
I0315 19:36:47.561219 140186397963456 submission.py:265] 6) loss = 0.973, grad_norm = 3.964
I0315 19:36:47.643326 140135614097152 logging_writer.py:48] [7] global_step=7, grad_norm=4.13429, loss=1.01254
I0315 19:36:47.647683 140186397963456 submission.py:265] 7) loss = 1.013, grad_norm = 4.134
I0315 19:36:47.737536 140135622489856 logging_writer.py:48] [8] global_step=8, grad_norm=4.67314, loss=0.957081
I0315 19:36:47.742560 140186397963456 submission.py:265] 8) loss = 0.957, grad_norm = 4.673
I0315 19:36:47.843000 140135614097152 logging_writer.py:48] [9] global_step=9, grad_norm=3.48119, loss=0.951731
I0315 19:36:47.847895 140186397963456 submission.py:265] 9) loss = 0.952, grad_norm = 3.481
I0315 19:36:47.922446 140135622489856 logging_writer.py:48] [10] global_step=10, grad_norm=4.44667, loss=1.03514
I0315 19:36:47.927871 140186397963456 submission.py:265] 10) loss = 1.035, grad_norm = 4.447
I0315 19:36:48.019595 140135614097152 logging_writer.py:48] [11] global_step=11, grad_norm=3.91966, loss=0.972732
I0315 19:36:48.024231 140186397963456 submission.py:265] 11) loss = 0.973, grad_norm = 3.920
I0315 19:36:48.112935 140135622489856 logging_writer.py:48] [12] global_step=12, grad_norm=4.85002, loss=1.02165
I0315 19:36:48.118004 140186397963456 submission.py:265] 12) loss = 1.022, grad_norm = 4.850
I0315 19:36:48.203852 140135614097152 logging_writer.py:48] [13] global_step=13, grad_norm=3.11263, loss=0.935135
I0315 19:36:48.209564 140186397963456 submission.py:265] 13) loss = 0.935, grad_norm = 3.113
I0315 19:36:48.299371 140135622489856 logging_writer.py:48] [14] global_step=14, grad_norm=2.92111, loss=0.897752
I0315 19:36:48.305564 140186397963456 submission.py:265] 14) loss = 0.898, grad_norm = 2.921
I0315 19:36:48.397814 140135614097152 logging_writer.py:48] [15] global_step=15, grad_norm=3.44954, loss=0.858521
I0315 19:36:48.404062 140186397963456 submission.py:265] 15) loss = 0.859, grad_norm = 3.450
I0315 19:36:48.490056 140135622489856 logging_writer.py:48] [16] global_step=16, grad_norm=2.8416, loss=0.842523
I0315 19:36:48.496956 140186397963456 submission.py:265] 16) loss = 0.843, grad_norm = 2.842
I0315 19:36:48.571464 140135614097152 logging_writer.py:48] [17] global_step=17, grad_norm=2.35223, loss=0.935571
I0315 19:36:48.577159 140186397963456 submission.py:265] 17) loss = 0.936, grad_norm = 2.352
I0315 19:36:48.651040 140135622489856 logging_writer.py:48] [18] global_step=18, grad_norm=2.26858, loss=0.808577
I0315 19:36:48.657580 140186397963456 submission.py:265] 18) loss = 0.809, grad_norm = 2.269
I0315 19:36:48.736827 140135614097152 logging_writer.py:48] [19] global_step=19, grad_norm=3.02554, loss=0.879576
I0315 19:36:48.744110 140186397963456 submission.py:265] 19) loss = 0.880, grad_norm = 3.026
I0315 19:36:48.834752 140135622489856 logging_writer.py:48] [20] global_step=20, grad_norm=1.8748, loss=0.725059
I0315 19:36:48.839448 140186397963456 submission.py:265] 20) loss = 0.725, grad_norm = 1.875
I0315 19:36:48.922966 140135614097152 logging_writer.py:48] [21] global_step=21, grad_norm=2.8541, loss=0.896399
I0315 19:36:48.928002 140186397963456 submission.py:265] 21) loss = 0.896, grad_norm = 2.854
I0315 19:36:49.020117 140135622489856 logging_writer.py:48] [22] global_step=22, grad_norm=2.83117, loss=0.894223
I0315 19:36:49.026738 140186397963456 submission.py:265] 22) loss = 0.894, grad_norm = 2.831
I0315 19:36:49.104692 140135614097152 logging_writer.py:48] [23] global_step=23, grad_norm=2.07047, loss=0.794216
I0315 19:36:49.109180 140186397963456 submission.py:265] 23) loss = 0.794, grad_norm = 2.070
I0315 19:36:49.202943 140135622489856 logging_writer.py:48] [24] global_step=24, grad_norm=1.68447, loss=0.672866
I0315 19:36:49.207773 140186397963456 submission.py:265] 24) loss = 0.673, grad_norm = 1.684
I0315 19:36:49.290770 140135614097152 logging_writer.py:48] [25] global_step=25, grad_norm=1.56759, loss=0.678759
I0315 19:36:49.295277 140186397963456 submission.py:265] 25) loss = 0.679, grad_norm = 1.568
I0315 19:36:49.387046 140135622489856 logging_writer.py:48] [26] global_step=26, grad_norm=1.45368, loss=0.755824
I0315 19:36:49.394576 140186397963456 submission.py:265] 26) loss = 0.756, grad_norm = 1.454
I0315 19:36:49.474630 140135614097152 logging_writer.py:48] [27] global_step=27, grad_norm=1.60166, loss=0.671206
I0315 19:36:49.484769 140186397963456 submission.py:265] 27) loss = 0.671, grad_norm = 1.602
I0315 19:36:49.555463 140135622489856 logging_writer.py:48] [28] global_step=28, grad_norm=1.51081, loss=0.702584
I0315 19:36:49.559653 140186397963456 submission.py:265] 28) loss = 0.703, grad_norm = 1.511
I0315 19:36:49.654997 140135614097152 logging_writer.py:48] [29] global_step=29, grad_norm=1.66862, loss=0.67887
I0315 19:36:49.659127 140186397963456 submission.py:265] 29) loss = 0.679, grad_norm = 1.669
I0315 19:36:49.740964 140135622489856 logging_writer.py:48] [30] global_step=30, grad_norm=1.18608, loss=0.606717
I0315 19:36:49.745621 140186397963456 submission.py:265] 30) loss = 0.607, grad_norm = 1.186
I0315 19:36:49.828864 140135614097152 logging_writer.py:48] [31] global_step=31, grad_norm=1.59332, loss=0.664129
I0315 19:36:49.833726 140186397963456 submission.py:265] 31) loss = 0.664, grad_norm = 1.593
I0315 19:36:49.923962 140135622489856 logging_writer.py:48] [32] global_step=32, grad_norm=1.61364, loss=0.652436
I0315 19:36:49.928206 140186397963456 submission.py:265] 32) loss = 0.652, grad_norm = 1.614
I0315 19:36:50.027622 140135614097152 logging_writer.py:48] [33] global_step=33, grad_norm=1.65345, loss=0.679988
I0315 19:36:50.035951 140186397963456 submission.py:265] 33) loss = 0.680, grad_norm = 1.653
I0315 19:36:50.119325 140135622489856 logging_writer.py:48] [34] global_step=34, grad_norm=1.63697, loss=0.681786
I0315 19:36:50.123879 140186397963456 submission.py:265] 34) loss = 0.682, grad_norm = 1.637
I0315 19:36:50.215889 140135614097152 logging_writer.py:48] [35] global_step=35, grad_norm=1.65016, loss=0.68857
I0315 19:36:50.219889 140186397963456 submission.py:265] 35) loss = 0.689, grad_norm = 1.650
I0315 19:36:50.307216 140135622489856 logging_writer.py:48] [36] global_step=36, grad_norm=1.51905, loss=0.708869
I0315 19:36:50.312051 140186397963456 submission.py:265] 36) loss = 0.709, grad_norm = 1.519
I0315 19:36:50.396039 140135614097152 logging_writer.py:48] [37] global_step=37, grad_norm=1.6332, loss=0.603519
I0315 19:36:50.399937 140186397963456 submission.py:265] 37) loss = 0.604, grad_norm = 1.633
I0315 19:36:50.484614 140135622489856 logging_writer.py:48] [38] global_step=38, grad_norm=1.48599, loss=0.566676
I0315 19:36:50.489644 140186397963456 submission.py:265] 38) loss = 0.567, grad_norm = 1.486
I0315 19:36:50.569694 140135614097152 logging_writer.py:48] [39] global_step=39, grad_norm=1.36542, loss=0.608498
I0315 19:36:50.574882 140186397963456 submission.py:265] 39) loss = 0.608, grad_norm = 1.365
I0315 19:36:50.651124 140135622489856 logging_writer.py:48] [40] global_step=40, grad_norm=1.41194, loss=0.572986
I0315 19:36:50.656088 140186397963456 submission.py:265] 40) loss = 0.573, grad_norm = 1.412
I0315 19:36:50.736053 140135614097152 logging_writer.py:48] [41] global_step=41, grad_norm=1.72117, loss=0.539413
I0315 19:36:50.742307 140186397963456 submission.py:265] 41) loss = 0.539, grad_norm = 1.721
I0315 19:36:50.814249 140135622489856 logging_writer.py:48] [42] global_step=42, grad_norm=1.33094, loss=0.553231
I0315 19:36:50.819296 140186397963456 submission.py:265] 42) loss = 0.553, grad_norm = 1.331
I0315 19:36:50.895083 140135614097152 logging_writer.py:48] [43] global_step=43, grad_norm=1.80308, loss=0.554814
I0315 19:36:50.900414 140186397963456 submission.py:265] 43) loss = 0.555, grad_norm = 1.803
I0315 19:36:50.981646 140135622489856 logging_writer.py:48] [44] global_step=44, grad_norm=1.92909, loss=0.552009
I0315 19:36:50.986616 140186397963456 submission.py:265] 44) loss = 0.552, grad_norm = 1.929
I0315 19:36:51.065460 140135614097152 logging_writer.py:48] [45] global_step=45, grad_norm=1.73537, loss=0.495491
I0315 19:36:51.069920 140186397963456 submission.py:265] 45) loss = 0.495, grad_norm = 1.735
I0315 19:36:51.143379 140135622489856 logging_writer.py:48] [46] global_step=46, grad_norm=1.99315, loss=0.696637
I0315 19:36:51.148327 140186397963456 submission.py:265] 46) loss = 0.697, grad_norm = 1.993
I0315 19:36:51.234956 140135614097152 logging_writer.py:48] [47] global_step=47, grad_norm=1.20581, loss=0.511068
I0315 19:36:51.239632 140186397963456 submission.py:265] 47) loss = 0.511, grad_norm = 1.206
I0315 19:36:51.314042 140135622489856 logging_writer.py:48] [48] global_step=48, grad_norm=1.10071, loss=0.597717
I0315 19:36:51.318434 140186397963456 submission.py:265] 48) loss = 0.598, grad_norm = 1.101
I0315 19:36:51.397023 140135614097152 logging_writer.py:48] [49] global_step=49, grad_norm=1.1941, loss=0.444174
I0315 19:36:51.405474 140186397963456 submission.py:265] 49) loss = 0.444, grad_norm = 1.194
I0315 19:36:51.483749 140135622489856 logging_writer.py:48] [50] global_step=50, grad_norm=1.2298, loss=0.430357
I0315 19:36:51.495255 140186397963456 submission.py:265] 50) loss = 0.430, grad_norm = 1.230
I0315 19:36:51.570975 140135614097152 logging_writer.py:48] [51] global_step=51, grad_norm=1.30626, loss=0.440027
I0315 19:36:51.575790 140186397963456 submission.py:265] 51) loss = 0.440, grad_norm = 1.306
I0315 19:36:51.653079 140135622489856 logging_writer.py:48] [52] global_step=52, grad_norm=1.04756, loss=0.419315
I0315 19:36:51.659181 140186397963456 submission.py:265] 52) loss = 0.419, grad_norm = 1.048
I0315 19:36:51.739353 140135614097152 logging_writer.py:48] [53] global_step=53, grad_norm=1.30149, loss=0.410826
I0315 19:36:51.744883 140186397963456 submission.py:265] 53) loss = 0.411, grad_norm = 1.301
I0315 19:36:51.862710 140135622489856 logging_writer.py:48] [54] global_step=54, grad_norm=1.77676, loss=0.533014
I0315 19:36:51.868254 140186397963456 submission.py:265] 54) loss = 0.533, grad_norm = 1.777
I0315 19:36:52.080206 140135614097152 logging_writer.py:48] [55] global_step=55, grad_norm=1.20266, loss=0.507758
I0315 19:36:52.087229 140186397963456 submission.py:265] 55) loss = 0.508, grad_norm = 1.203
I0315 19:36:52.239716 140135622489856 logging_writer.py:48] [56] global_step=56, grad_norm=1.06537, loss=0.422398
I0315 19:36:52.244253 140186397963456 submission.py:265] 56) loss = 0.422, grad_norm = 1.065
I0315 19:36:52.730210 140135614097152 logging_writer.py:48] [57] global_step=57, grad_norm=1.34124, loss=0.461894
I0315 19:36:52.737345 140186397963456 submission.py:265] 57) loss = 0.462, grad_norm = 1.341
I0315 19:36:53.063650 140135622489856 logging_writer.py:48] [58] global_step=58, grad_norm=1.0161, loss=0.415572
I0315 19:36:53.070048 140186397963456 submission.py:265] 58) loss = 0.416, grad_norm = 1.016
I0315 19:36:53.243574 140135614097152 logging_writer.py:48] [59] global_step=59, grad_norm=0.980133, loss=0.44932
I0315 19:36:53.250720 140186397963456 submission.py:265] 59) loss = 0.449, grad_norm = 0.980
I0315 19:36:53.431086 140135622489856 logging_writer.py:48] [60] global_step=60, grad_norm=1.097, loss=0.471738
I0315 19:36:53.436982 140186397963456 submission.py:265] 60) loss = 0.472, grad_norm = 1.097
I0315 19:36:53.705711 140135614097152 logging_writer.py:48] [61] global_step=61, grad_norm=1.36852, loss=0.405568
I0315 19:36:53.710215 140186397963456 submission.py:265] 61) loss = 0.406, grad_norm = 1.369
I0315 19:36:53.972533 140135622489856 logging_writer.py:48] [62] global_step=62, grad_norm=1.34157, loss=0.460333
I0315 19:36:53.977365 140186397963456 submission.py:265] 62) loss = 0.460, grad_norm = 1.342
I0315 19:36:54.440084 140135614097152 logging_writer.py:48] [63] global_step=63, grad_norm=1.46973, loss=0.402738
I0315 19:36:54.445365 140186397963456 submission.py:265] 63) loss = 0.403, grad_norm = 1.470
I0315 19:36:54.841915 140135622489856 logging_writer.py:48] [64] global_step=64, grad_norm=1.2971, loss=0.445192
I0315 19:36:54.848258 140186397963456 submission.py:265] 64) loss = 0.445, grad_norm = 1.297
I0315 19:36:55.028720 140135614097152 logging_writer.py:48] [65] global_step=65, grad_norm=0.999463, loss=0.43885
I0315 19:36:55.033597 140186397963456 submission.py:265] 65) loss = 0.439, grad_norm = 0.999
I0315 19:36:55.582488 140135622489856 logging_writer.py:48] [66] global_step=66, grad_norm=1.65757, loss=0.445503
I0315 19:36:55.587579 140186397963456 submission.py:265] 66) loss = 0.446, grad_norm = 1.658
I0315 19:36:55.828611 140135614097152 logging_writer.py:48] [67] global_step=67, grad_norm=1.36147, loss=0.443758
I0315 19:36:55.833706 140186397963456 submission.py:265] 67) loss = 0.444, grad_norm = 1.361
I0315 19:36:55.945701 140135622489856 logging_writer.py:48] [68] global_step=68, grad_norm=1.58061, loss=0.39823
I0315 19:36:55.950852 140186397963456 submission.py:265] 68) loss = 0.398, grad_norm = 1.581
I0315 19:36:56.098239 140135614097152 logging_writer.py:48] [69] global_step=69, grad_norm=1.12805, loss=0.526487
I0315 19:36:56.103584 140186397963456 submission.py:265] 69) loss = 0.526, grad_norm = 1.128
I0315 19:36:56.189615 140135622489856 logging_writer.py:48] [70] global_step=70, grad_norm=0.673812, loss=0.437719
I0315 19:36:56.195280 140186397963456 submission.py:265] 70) loss = 0.438, grad_norm = 0.674
I0315 19:36:56.286164 140135614097152 logging_writer.py:48] [71] global_step=71, grad_norm=1.31305, loss=0.460619
I0315 19:36:56.296528 140186397963456 submission.py:265] 71) loss = 0.461, grad_norm = 1.313
I0315 19:36:56.379964 140135622489856 logging_writer.py:48] [72] global_step=72, grad_norm=1.28101, loss=0.386859
I0315 19:36:56.387140 140186397963456 submission.py:265] 72) loss = 0.387, grad_norm = 1.281
I0315 19:36:56.468879 140135614097152 logging_writer.py:48] [73] global_step=73, grad_norm=0.914272, loss=0.482641
I0315 19:36:56.474982 140186397963456 submission.py:265] 73) loss = 0.483, grad_norm = 0.914
I0315 19:36:56.560649 140135622489856 logging_writer.py:48] [74] global_step=74, grad_norm=0.627838, loss=0.426421
I0315 19:36:56.565804 140186397963456 submission.py:265] 74) loss = 0.426, grad_norm = 0.628
I0315 19:36:56.645853 140135614097152 logging_writer.py:48] [75] global_step=75, grad_norm=1.10027, loss=0.49242
I0315 19:36:56.650322 140186397963456 submission.py:265] 75) loss = 0.492, grad_norm = 1.100
I0315 19:36:56.735522 140135622489856 logging_writer.py:48] [76] global_step=76, grad_norm=1.06554, loss=0.486174
I0315 19:36:56.742952 140186397963456 submission.py:265] 76) loss = 0.486, grad_norm = 1.066
I0315 19:36:56.824976 140135614097152 logging_writer.py:48] [77] global_step=77, grad_norm=1.64519, loss=0.440179
I0315 19:36:56.830937 140186397963456 submission.py:265] 77) loss = 0.440, grad_norm = 1.645
I0315 19:36:56.910749 140135622489856 logging_writer.py:48] [78] global_step=78, grad_norm=0.61902, loss=0.49203
I0315 19:36:56.915715 140186397963456 submission.py:265] 78) loss = 0.492, grad_norm = 0.619
I0315 19:36:56.996845 140135614097152 logging_writer.py:48] [79] global_step=79, grad_norm=0.549993, loss=0.366976
I0315 19:36:57.002651 140186397963456 submission.py:265] 79) loss = 0.367, grad_norm = 0.550
I0315 19:36:57.126631 140135622489856 logging_writer.py:48] [80] global_step=80, grad_norm=1.11231, loss=0.396415
I0315 19:36:57.131503 140186397963456 submission.py:265] 80) loss = 0.396, grad_norm = 1.112
I0315 19:36:57.252511 140135614097152 logging_writer.py:48] [81] global_step=81, grad_norm=0.867832, loss=0.429169
I0315 19:36:57.258086 140186397963456 submission.py:265] 81) loss = 0.429, grad_norm = 0.868
I0315 19:36:57.393578 140135622489856 logging_writer.py:48] [82] global_step=82, grad_norm=0.602134, loss=0.391905
I0315 19:36:57.398904 140186397963456 submission.py:265] 82) loss = 0.392, grad_norm = 0.602
