I0315 18:58:12.281193 140247122023616 shampoo_preconditioner_list.py:574] Instantiated Shampoo Preconditioner 1.block_0 ([torch.Size([0]), torch.Size([0])]) for Parameter 1 (torch.Size([32, 32, 3, 3])), Block block_0 (torch.Size([1024, 9])).
I0315 18:58:12.281481 140247122023616 shampoo_preconditioner_list.py:574] Instantiated Shampoo Preconditioner 2.block_0 ([torch.Size([64, 64]), torch.Size([288, 288])]) for Parameter 2 (torch.Size([64, 32, 3, 3])), Block block_0 (torch.Size([64, 288])).
I0315 18:58:12.281719 140247122023616 shampoo_preconditioner_list.py:574] Instantiated Shampoo Preconditioner 3.block_0 ([torch.Size([0]), torch.Size([0])]) for Parameter 3 (torch.Size([64, 64, 3, 3])), Block block_0 (torch.Size([64, 576])).
I0315 18:58:12.281880 140247122023616 shampoo_preconditioner_list.py:574] Instantiated Shampoo Preconditioner 4.block_0 ([torch.Size([0]), torch.Size([0])]) for Parameter 4 (torch.Size([128, 64, 3, 3])), Block block_0 (torch.Size([128, 576])).
I0315 18:58:12.282040 140247122023616 shampoo_preconditioner_list.py:574] Instantiated Shampoo Preconditioner 5.block_0 ([torch.Size([0]), torch.Size([0]), torch.Size([0])]) for Parameter 5 (torch.Size([128, 128, 3, 3])), Block block_0 (torch.Size([128, 384, 3])).
I0315 18:58:12.282199 140247122023616 shampoo_preconditioner_list.py:574] Instantiated Shampoo Preconditioner 6.block_0 ([torch.Size([0]), torch.Size([0]), torch.Size([0])]) for Parameter 6 (torch.Size([256, 128, 3, 3])), Block block_0 (torch.Size([256, 384, 3])).
I0315 18:58:12.282242 140146293318848 shampoo_preconditioner_list.py:574] Instantiated Shampoo Preconditioner 9.block_0 ([torch.Size([512, 512]), torch.Size([512, 512]), torch.Size([9, 9])]) for Parameter 9 (torch.Size([512, 512, 3, 3])), Block block_0 (torch.Size([512, 512, 9])).
I0315 18:58:12.282455 140146293318848 shampoo_preconditioner_list.py:574] Instantiated Shampoo Preconditioner 10.block_0 ([torch.Size([0]), torch.Size([0]), torch.Size([0])]) for Parameter 10 (torch.Size([256, 512, 3, 3])), Block block_0 (torch.Size([256, 512, 9])).
I0315 18:58:12.282614 140146293318848 shampoo_preconditioner_list.py:574] Instantiated Shampoo Preconditioner 11.block_0 ([torch.Size([0]), torch.Size([0]), torch.Size([0])]) for Parameter 11 (torch.Size([256, 256, 3, 3])), Block block_0 (torch.Size([256, 768, 3])).
I0315 18:58:12.282769 140146293318848 shampoo_preconditioner_list.py:574] Instantiated Shampoo Preconditioner 12.block_0 ([torch.Size([0]), torch.Size([0]), torch.Size([0])]) for Parameter 12 (torch.Size([128, 256, 3, 3])), Block block_0 (torch.Size([128, 768, 3])).
I0315 18:58:12.282919 140146293318848 shampoo_preconditioner_list.py:574] Instantiated Shampoo Preconditioner 13.block_0 ([torch.Size([0]), torch.Size([0]), torch.Size([0])]) for Parameter 13 (torch.Size([128, 128, 3, 3])), Block block_0 (torch.Size([128, 384, 3])).
I0315 18:58:12.283063 140146293318848 shampoo_preconditioner_list.py:574] Instantiated Shampoo Preconditioner 14.block_0 ([torch.Size([0]), torch.Size([0]), torch.Size([0])]) for Parameter 14 (torch.Size([64, 128, 3, 3])), Block block_0 (torch.Size([64, 384, 3])).
I0315 18:58:12.283183 140146293318848 shampoo_preconditioner_list.py:574] Instantiated Shampoo Preconditioner 15.block_0 ([torch.Size([0]), torch.Size([0])]) for Parameter 15 (torch.Size([64, 64, 3, 3])), Block block_0 (torch.Size([64, 576])).
I0315 18:58:12.283310 140146293318848 shampoo_preconditioner_list.py:574] Instantiated Shampoo Preconditioner 16.block_0 ([torch.Size([0]), torch.Size([0])]) for Parameter 16 (torch.Size([32, 64, 3, 3])), Block block_0 (torch.Size([32, 576])).
I0315 18:58:12.283435 140146293318848 shampoo_preconditioner_list.py:574] Instantiated Shampoo Preconditioner 17.block_0 ([torch.Size([0]), torch.Size([0])]) for Parameter 17 (torch.Size([32, 32, 3, 3])), Block block_0 (torch.Size([1024, 9])).
I0315 18:58:12.283531 140146293318848 shampoo_preconditioner_list.py:574] Instantiated Shampoo Preconditioner 18.block_0 ([torch.Size([0])]) for Parameter 18 (torch.Size([1, 32, 1, 1])), Block block_0 (torch.Size([32])).
I0315 18:58:12.283627 140146293318848 shampoo_preconditioner_list.py:574] Instantiated Shampoo Preconditioner 19.block_0 ([torch.Size([0])]) for Parameter 19 (torch.Size([1])), Block block_0 (torch.Size([1])).
I0315 18:58:12.283751 140146293318848 shampoo_preconditioner_list.py:574] Instantiated Shampoo Preconditioner 20.block_0 ([torch.Size([0]), torch.Size([0])]) for Parameter 20 (torch.Size([512, 256, 2, 2])), Block block_0 (torch.Size([512, 1024])).
I0315 18:58:12.283879 140146293318848 shampoo_preconditioner_list.py:574] Instantiated Shampoo Preconditioner 21.block_0 ([torch.Size([0]), torch.Size([0])]) for Parameter 21 (torch.Size([256, 128, 2, 2])), Block block_0 (torch.Size([256, 512])).
I0315 18:58:12.283967 140247122023616 shampoo_preconditioner_list.py:574] Instantiated Shampoo Preconditioner 7.block_0 ([torch.Size([256, 256]), torch.Size([768, 768]), torch.Size([3, 3])]) for Parameter 7 (torch.Size([256, 256, 3, 3])), Block block_0 (torch.Size([256, 768, 3])).
I0315 18:58:12.284002 140146293318848 shampoo_preconditioner_list.py:574] Instantiated Shampoo Preconditioner 22.block_0 ([torch.Size([0]), torch.Size([0])]) for Parameter 22 (torch.Size([128, 64, 2, 2])), Block block_0 (torch.Size([128, 256])).
I0315 18:58:12.284112 140146293318848 shampoo_preconditioner_list.py:574] Instantiated Shampoo Preconditioner 23.block_0 ([torch.Size([0]), torch.Size([0])]) for Parameter 23 (torch.Size([64, 32, 2, 2])), Block block_0 (torch.Size([64, 128])).
I0315 18:58:12.284168 140247122023616 shampoo_preconditioner_list.py:574] Instantiated Shampoo Preconditioner 8.block_0 ([torch.Size([0]), torch.Size([0]), torch.Size([0])]) for Parameter 8 (torch.Size([512, 256, 3, 3])), Block block_0 (torch.Size([512, 768, 3])).
I0315 18:58:12.284213 140146293318848 shampoo_preconditioner_list.py:612] Rank 0: ShampooPreconditionerList Numel Breakdown: (165888, 2097314, 174080, 671744, 696320, 327698, 426002, 1310738, 1703954, 1048738, 655522, 1310738, 1212434, 327698, 303122, 671744, 665600, 2097314, 2048, 2, 2621440, 655360, 163840, 40960)
I0315 18:58:12.284259 140146293318848 shampoo_preconditioner_list.py:615] Rank 0: ShampooPreconditionerList Bytes Breakdown: (663552,)
I0315 18:58:12.284297 140146293318848 shampoo_preconditioner_list.py:618] Rank 0: ShampooPreconditionerList Total Elements: 19350298
I0315 18:58:12.284321 140247122023616 shampoo_preconditioner_list.py:574] Instantiated Shampoo Preconditioner 9.block_0 ([torch.Size([0]), torch.Size([0]), torch.Size([0])]) for Parameter 9 (torch.Size([512, 512, 3, 3])), Block block_0 (torch.Size([512, 512, 9])).
I0315 18:58:12.284334 140146293318848 shampoo_preconditioner_list.py:621] Rank 0: ShampooPreconditionerList Total Bytes: 663552
I0315 18:58:12.284464 140247122023616 shampoo_preconditioner_list.py:574] Instantiated Shampoo Preconditioner 10.block_0 ([torch.Size([0]), torch.Size([0]), torch.Size([0])]) for Parameter 10 (torch.Size([256, 512, 3, 3])), Block block_0 (torch.Size([256, 512, 9])).
I0315 18:58:12.284500 140146293318848 shampoo_preconditioner_list.py:352] Instantiated Adagrad Preconditioner 0.block_0 (torch.Size([0])) for Parameter 0 (torch.Size([32, 1, 3, 3])), Block block_0 (torch.Size([288])).
I0315 18:58:12.284582 140146293318848 shampoo_preconditioner_list.py:352] Instantiated Adagrad Preconditioner 1.block_0 (torch.Size([0])) for Parameter 1 (torch.Size([32, 32, 3, 3])), Block block_0 (torch.Size([1024, 9])).
I0315 18:58:12.284613 140247122023616 shampoo_preconditioner_list.py:574] Instantiated Shampoo Preconditioner 11.block_0 ([torch.Size([0]), torch.Size([0]), torch.Size([0])]) for Parameter 11 (torch.Size([256, 256, 3, 3])), Block block_0 (torch.Size([256, 768, 3])).
I0315 18:58:12.284644 140146293318848 shampoo_preconditioner_list.py:352] Instantiated Adagrad Preconditioner 2.block_0 (torch.Size([0])) for Parameter 2 (torch.Size([64, 32, 3, 3])), Block block_0 (torch.Size([64, 288])).
I0315 18:58:12.284702 140146293318848 shampoo_preconditioner_list.py:352] Instantiated Adagrad Preconditioner 3.block_0 (torch.Size([0])) for Parameter 3 (torch.Size([64, 64, 3, 3])), Block block_0 (torch.Size([64, 576])).
I0315 18:58:12.284759 140146293318848 shampoo_preconditioner_list.py:352] Instantiated Adagrad Preconditioner 4.block_0 (torch.Size([0])) for Parameter 4 (torch.Size([128, 64, 3, 3])), Block block_0 (torch.Size([128, 576])).
I0315 18:58:12.284760 140247122023616 shampoo_preconditioner_list.py:574] Instantiated Shampoo Preconditioner 12.block_0 ([torch.Size([0]), torch.Size([0]), torch.Size([0])]) for Parameter 12 (torch.Size([128, 256, 3, 3])), Block block_0 (torch.Size([128, 768, 3])).
I0315 18:58:12.284825 140146293318848 shampoo_preconditioner_list.py:352] Instantiated Adagrad Preconditioner 5.block_0 (torch.Size([0])) for Parameter 5 (torch.Size([128, 128, 3, 3])), Block block_0 (torch.Size([128, 384, 3])).
I0315 18:58:12.284884 140146293318848 shampoo_preconditioner_list.py:352] Instantiated Adagrad Preconditioner 6.block_0 (torch.Size([0])) for Parameter 6 (torch.Size([256, 128, 3, 3])), Block block_0 (torch.Size([256, 384, 3])).
I0315 18:58:12.284889 140247122023616 shampoo_preconditioner_list.py:574] Instantiated Shampoo Preconditioner 13.block_0 ([torch.Size([0]), torch.Size([0]), torch.Size([0])]) for Parameter 13 (torch.Size([128, 128, 3, 3])), Block block_0 (torch.Size([128, 384, 3])).
I0315 18:58:12.284959 140146293318848 shampoo_preconditioner_list.py:352] Instantiated Adagrad Preconditioner 7.block_0 (torch.Size([0])) for Parameter 7 (torch.Size([256, 256, 3, 3])), Block block_0 (torch.Size([256, 768, 3])).
I0315 18:58:12.285013 140146293318848 shampoo_preconditioner_list.py:352] Instantiated Adagrad Preconditioner 8.block_0 (torch.Size([0])) for Parameter 8 (torch.Size([512, 256, 3, 3])), Block block_0 (torch.Size([512, 768, 3])).
I0315 18:58:12.285037 140247122023616 shampoo_preconditioner_list.py:574] Instantiated Shampoo Preconditioner 14.block_0 ([torch.Size([0]), torch.Size([0]), torch.Size([0])]) for Parameter 14 (torch.Size([64, 128, 3, 3])), Block block_0 (torch.Size([64, 384, 3])).
I0315 18:58:12.285114 140146293318848 shampoo_preconditioner_list.py:352] Instantiated Adagrad Preconditioner 9.block_0 (torch.Size([512, 512, 9])) for Parameter 9 (torch.Size([512, 512, 3, 3])), Block block_0 (torch.Size([512, 512, 9])).
I0315 18:58:12.285169 140247122023616 shampoo_preconditioner_list.py:574] Instantiated Shampoo Preconditioner 15.block_0 ([torch.Size([0]), torch.Size([0])]) for Parameter 15 (torch.Size([64, 64, 3, 3])), Block block_0 (torch.Size([64, 576])).
I0315 18:58:12.285188 140146293318848 shampoo_preconditioner_list.py:352] Instantiated Adagrad Preconditioner 10.block_0 (torch.Size([0])) for Parameter 10 (torch.Size([256, 512, 3, 3])), Block block_0 (torch.Size([256, 512, 9])).
I0315 18:58:12.285238 140146293318848 shampoo_preconditioner_list.py:352] Instantiated Adagrad Preconditioner 11.block_0 (torch.Size([0])) for Parameter 11 (torch.Size([256, 256, 3, 3])), Block block_0 (torch.Size([256, 768, 3])).
I0315 18:58:12.285283 140247122023616 shampoo_preconditioner_list.py:574] Instantiated Shampoo Preconditioner 16.block_0 ([torch.Size([0]), torch.Size([0])]) for Parameter 16 (torch.Size([32, 64, 3, 3])), Block block_0 (torch.Size([32, 576])).
I0315 18:58:12.285292 140146293318848 shampoo_preconditioner_list.py:352] Instantiated Adagrad Preconditioner 12.block_0 (torch.Size([0])) for Parameter 12 (torch.Size([128, 256, 3, 3])), Block block_0 (torch.Size([128, 768, 3])).
I0315 18:58:12.285337 140146293318848 shampoo_preconditioner_list.py:352] Instantiated Adagrad Preconditioner 13.block_0 (torch.Size([0])) for Parameter 13 (torch.Size([128, 128, 3, 3])), Block block_0 (torch.Size([128, 384, 3])).
I0315 18:58:12.285391 140146293318848 shampoo_preconditioner_list.py:352] Instantiated Adagrad Preconditioner 14.block_0 (torch.Size([0])) for Parameter 14 (torch.Size([64, 128, 3, 3])), Block block_0 (torch.Size([64, 384, 3])).
I0315 18:58:12.285399 140247122023616 shampoo_preconditioner_list.py:574] Instantiated Shampoo Preconditioner 17.block_0 ([torch.Size([0]), torch.Size([0])]) for Parameter 17 (torch.Size([32, 32, 3, 3])), Block block_0 (torch.Size([1024, 9])).
I0315 18:58:12.285443 140146293318848 shampoo_preconditioner_list.py:352] Instantiated Adagrad Preconditioner 15.block_0 (torch.Size([0])) for Parameter 15 (torch.Size([64, 64, 3, 3])), Block block_0 (torch.Size([64, 576])).
I0315 18:58:12.285483 140247122023616 shampoo_preconditioner_list.py:574] Instantiated Shampoo Preconditioner 18.block_0 ([torch.Size([0])]) for Parameter 18 (torch.Size([1, 32, 1, 1])), Block block_0 (torch.Size([32])).
I0315 18:58:12.285494 140146293318848 shampoo_preconditioner_list.py:352] Instantiated Adagrad Preconditioner 16.block_0 (torch.Size([0])) for Parameter 16 (torch.Size([32, 64, 3, 3])), Block block_0 (torch.Size([32, 576])).
I0315 18:58:12.285541 140146293318848 shampoo_preconditioner_list.py:352] Instantiated Adagrad Preconditioner 17.block_0 (torch.Size([0])) for Parameter 17 (torch.Size([32, 32, 3, 3])), Block block_0 (torch.Size([1024, 9])).
I0315 18:58:12.285574 140247122023616 shampoo_preconditioner_list.py:574] Instantiated Shampoo Preconditioner 19.block_0 ([torch.Size([0])]) for Parameter 19 (torch.Size([1])), Block block_0 (torch.Size([1])).
I0315 18:58:12.285618 140146293318848 shampoo_preconditioner_list.py:352] Instantiated Adagrad Preconditioner 18.block_0 (torch.Size([0])) for Parameter 18 (torch.Size([1, 32, 1, 1])), Block block_0 (torch.Size([32])).
I0315 18:58:12.285685 140146293318848 shampoo_preconditioner_list.py:352] Instantiated Adagrad Preconditioner 19.block_0 (torch.Size([0])) for Parameter 19 (torch.Size([1])), Block block_0 (torch.Size([1])).
I0315 18:58:12.285753 140146293318848 shampoo_preconditioner_list.py:352] Instantiated Adagrad Preconditioner 20.block_0 (torch.Size([0])) for Parameter 20 (torch.Size([512, 256, 2, 2])), Block block_0 (torch.Size([512, 1024])).
I0315 18:58:12.285752 140247122023616 shampoo_preconditioner_list.py:574] Instantiated Shampoo Preconditioner 20.block_0 ([torch.Size([0]), torch.Size([0])]) for Parameter 20 (torch.Size([512, 256, 2, 2])), Block block_0 (torch.Size([512, 1024])).
I0315 18:58:12.285806 140146293318848 shampoo_preconditioner_list.py:352] Instantiated Adagrad Preconditioner 21.block_0 (torch.Size([0])) for Parameter 21 (torch.Size([256, 128, 2, 2])), Block block_0 (torch.Size([256, 512])).
I0315 18:58:12.285859 140146293318848 shampoo_preconditioner_list.py:352] Instantiated Adagrad Preconditioner 22.block_0 (torch.Size([0])) for Parameter 22 (torch.Size([128, 64, 2, 2])), Block block_0 (torch.Size([128, 256])).
I0315 18:58:12.285871 140247122023616 shampoo_preconditioner_list.py:574] Instantiated Shampoo Preconditioner 21.block_0 ([torch.Size([0]), torch.Size([0])]) for Parameter 21 (torch.Size([256, 128, 2, 2])), Block block_0 (torch.Size([256, 512])).
I0315 18:58:12.285912 140146293318848 shampoo_preconditioner_list.py:352] Instantiated Adagrad Preconditioner 23.block_0 (torch.Size([0])) for Parameter 23 (torch.Size([64, 32, 2, 2])), Block block_0 (torch.Size([64, 128])).
I0315 18:58:12.285974 140247122023616 shampoo_preconditioner_list.py:574] Instantiated Shampoo Preconditioner 22.block_0 ([torch.Size([0]), torch.Size([0])]) for Parameter 22 (torch.Size([128, 64, 2, 2])), Block block_0 (torch.Size([128, 256])).
I0315 18:58:12.285979 140146293318848 shampoo_preconditioner_list.py:375] Rank 0: AdaGradPreconditionerList Numel Breakdown: (0, 0, 0, 0, 0, 0, 0, 0, 0, 2359296, 0, 0, 0, 0, 0, 0, 0, 0, 0, 0, 0, 0, 0, 0)
I0315 18:58:12.286012 140146293318848 shampoo_preconditioner_list.py:378] Rank 0: AdaGradPreconditionerList Bytes Breakdown: (0, 0, 0, 0, 0, 0, 0, 0, 0, 9437184, 0, 0, 0, 0, 0, 0, 0, 0, 0, 0, 0, 0, 0, 0)
I0315 18:58:12.286047 140146293318848 shampoo_preconditioner_list.py:381] Rank 0: AdaGradPreconditionerList Total Elements: 2359296
I0315 18:58:12.286081 140146293318848 shampoo_preconditioner_list.py:384] Rank 0: AdaGradPreconditionerList Total Bytes: 9437184
I0315 18:58:12.286085 140247122023616 shampoo_preconditioner_list.py:574] Instantiated Shampoo Preconditioner 23.block_0 ([torch.Size([0]), torch.Size([0])]) for Parameter 23 (torch.Size([64, 32, 2, 2])), Block block_0 (torch.Size([64, 128])).
I0315 18:58:12.286178 140247122023616 shampoo_preconditioner_list.py:612] Rank 3: ShampooPreconditionerList Numel Breakdown: (165888, 2097314, 174080, 671744, 696320, 327698, 426002, 1310738, 1703954, 1048738, 655522, 1310738, 1212434, 327698, 303122, 671744, 665600, 2097314, 2048, 2, 2621440, 655360, 163840, 40960)
I0315 18:58:12.286223 140247122023616 shampoo_preconditioner_list.py:615] Rank 3: ShampooPreconditionerList Bytes Breakdown: (663552, 8389256)
I0315 18:58:12.286259 140247122023616 shampoo_preconditioner_list.py:618] Rank 3: ShampooPreconditionerList Total Elements: 19350298
I0315 18:58:12.286293 140247122023616 shampoo_preconditioner_list.py:621] Rank 3: ShampooPreconditionerList Total Bytes: 9052808
I0315 18:58:12.286457 140247122023616 shampoo_preconditioner_list.py:352] Instantiated Adagrad Preconditioner 0.block_0 (torch.Size([0])) for Parameter 0 (torch.Size([32, 1, 3, 3])), Block block_0 (torch.Size([288])).
I0315 18:58:12.286533 140247122023616 shampoo_preconditioner_list.py:352] Instantiated Adagrad Preconditioner 1.block_0 (torch.Size([0])) for Parameter 1 (torch.Size([32, 32, 3, 3])), Block block_0 (torch.Size([1024, 9])).
I0315 18:58:12.286647 140247122023616 shampoo_preconditioner_list.py:352] Instantiated Adagrad Preconditioner 2.block_0 (torch.Size([64, 288])) for Parameter 2 (torch.Size([64, 32, 3, 3])), Block block_0 (torch.Size([64, 288])).
I0315 18:58:12.286724 140247122023616 shampoo_preconditioner_list.py:352] Instantiated Adagrad Preconditioner 3.block_0 (torch.Size([0])) for Parameter 3 (torch.Size([64, 64, 3, 3])), Block block_0 (torch.Size([64, 576])).
I0315 18:58:12.286781 140247122023616 shampoo_preconditioner_list.py:352] Instantiated Adagrad Preconditioner 4.block_0 (torch.Size([0])) for Parameter 4 (torch.Size([128, 64, 3, 3])), Block block_0 (torch.Size([128, 576])).
I0315 18:58:12.286855 140247122023616 shampoo_preconditioner_list.py:352] Instantiated Adagrad Preconditioner 5.block_0 (torch.Size([0])) for Parameter 5 (torch.Size([128, 128, 3, 3])), Block block_0 (torch.Size([128, 384, 3])).
I0315 18:58:12.286935 140247122023616 shampoo_preconditioner_list.py:352] Instantiated Adagrad Preconditioner 6.block_0 (torch.Size([0])) for Parameter 6 (torch.Size([256, 128, 3, 3])), Block block_0 (torch.Size([256, 384, 3])).
I0315 18:58:12.287028 140247122023616 shampoo_preconditioner_list.py:352] Instantiated Adagrad Preconditioner 7.block_0 (torch.Size([256, 768, 3])) for Parameter 7 (torch.Size([256, 256, 3, 3])), Block block_0 (torch.Size([256, 768, 3])).
I0315 18:58:12.287098 140247122023616 shampoo_preconditioner_list.py:352] Instantiated Adagrad Preconditioner 8.block_0 (torch.Size([0])) for Parameter 8 (torch.Size([512, 256, 3, 3])), Block block_0 (torch.Size([512, 768, 3])).
I0315 18:58:12.287161 140247122023616 shampoo_preconditioner_list.py:352] Instantiated Adagrad Preconditioner 9.block_0 (torch.Size([0])) for Parameter 9 (torch.Size([512, 512, 3, 3])), Block block_0 (torch.Size([512, 512, 9])).
I0315 18:58:12.287212 140247122023616 shampoo_preconditioner_list.py:352] Instantiated Adagrad Preconditioner 10.block_0 (torch.Size([0])) for Parameter 10 (torch.Size([256, 512, 3, 3])), Block block_0 (torch.Size([256, 512, 9])).
I0315 18:58:12.287264 140247122023616 shampoo_preconditioner_list.py:352] Instantiated Adagrad Preconditioner 11.block_0 (torch.Size([0])) for Parameter 11 (torch.Size([256, 256, 3, 3])), Block block_0 (torch.Size([256, 768, 3])).
I0315 18:58:12.287330 140247122023616 shampoo_preconditioner_list.py:352] Instantiated Adagrad Preconditioner 12.block_0 (torch.Size([0])) for Parameter 12 (torch.Size([128, 256, 3, 3])), Block block_0 (torch.Size([128, 768, 3])).
I0315 18:58:12.287316 140146293318848 submission.py:142] No large parameters detected! Continuing with only Shampoo....
I0315 18:58:12.287388 140247122023616 shampoo_preconditioner_list.py:352] Instantiated Adagrad Preconditioner 13.block_0 (torch.Size([0])) for Parameter 13 (torch.Size([128, 128, 3, 3])), Block block_0 (torch.Size([128, 384, 3])).
I0315 18:58:12.287447 140247122023616 shampoo_preconditioner_list.py:352] Instantiated Adagrad Preconditioner 14.block_0 (torch.Size([0])) for Parameter 14 (torch.Size([64, 128, 3, 3])), Block block_0 (torch.Size([64, 384, 3])).
I0315 18:58:12.287487 140146293318848 submission_runner.py:279] Initializing metrics bundle.
I0315 18:58:12.287503 140247122023616 shampoo_preconditioner_list.py:352] Instantiated Adagrad Preconditioner 15.block_0 (torch.Size([0])) for Parameter 15 (torch.Size([64, 64, 3, 3])), Block block_0 (torch.Size([64, 576])).
I0315 18:58:12.287550 140247122023616 shampoo_preconditioner_list.py:352] Instantiated Adagrad Preconditioner 16.block_0 (torch.Size([0])) for Parameter 16 (torch.Size([32, 64, 3, 3])), Block block_0 (torch.Size([32, 576])).
I0315 18:58:12.287615 140247122023616 shampoo_preconditioner_list.py:352] Instantiated Adagrad Preconditioner 17.block_0 (torch.Size([0])) for Parameter 17 (torch.Size([32, 32, 3, 3])), Block block_0 (torch.Size([1024, 9])).
I0315 18:58:12.287615 140146293318848 submission_runner.py:301] Initializing checkpoint and logger.
I0315 18:58:12.287672 140247122023616 shampoo_preconditioner_list.py:352] Instantiated Adagrad Preconditioner 18.block_0 (torch.Size([0])) for Parameter 18 (torch.Size([1, 32, 1, 1])), Block block_0 (torch.Size([32])).
I0315 18:58:12.287727 140247122023616 shampoo_preconditioner_list.py:352] Instantiated Adagrad Preconditioner 19.block_0 (torch.Size([0])) for Parameter 19 (torch.Size([1])), Block block_0 (torch.Size([1])).
I0315 18:58:12.287782 140247122023616 shampoo_preconditioner_list.py:352] Instantiated Adagrad Preconditioner 20.block_0 (torch.Size([0])) for Parameter 20 (torch.Size([512, 256, 2, 2])), Block block_0 (torch.Size([512, 1024])).
I0315 18:58:12.287837 140247122023616 shampoo_preconditioner_list.py:352] Instantiated Adagrad Preconditioner 21.block_0 (torch.Size([0])) for Parameter 21 (torch.Size([256, 128, 2, 2])), Block block_0 (torch.Size([256, 512])).
I0315 18:58:12.287892 140247122023616 shampoo_preconditioner_list.py:352] Instantiated Adagrad Preconditioner 22.block_0 (torch.Size([0])) for Parameter 22 (torch.Size([128, 64, 2, 2])), Block block_0 (torch.Size([128, 256])).
I0315 18:58:12.287949 140247122023616 shampoo_preconditioner_list.py:352] Instantiated Adagrad Preconditioner 23.block_0 (torch.Size([0])) for Parameter 23 (torch.Size([64, 32, 2, 2])), Block block_0 (torch.Size([64, 128])).
I0315 18:58:12.288022 140247122023616 shampoo_preconditioner_list.py:375] Rank 3: AdaGradPreconditionerList Numel Breakdown: (0, 0, 18432, 0, 0, 0, 0, 589824, 0, 0, 0, 0, 0, 0, 0, 0, 0, 0, 0, 0, 0, 0, 0, 0)
I0315 18:58:12.288015 140146293318848 submission_runner.py:321] Saving meta data to /experiment_runs/submissions/rolling_leaderboard/external_tuning/shampoo/study_2/fastmri_pytorch/trial_1/meta_data_0.json.
I0315 18:58:12.288063 140247122023616 shampoo_preconditioner_list.py:378] Rank 3: AdaGradPreconditionerList Bytes Breakdown: (0, 0, 73728, 0, 0, 0, 0, 2359296, 0, 0, 0, 0, 0, 0, 0, 0, 0, 0, 0, 0, 0, 0, 0, 0)
I0315 18:58:12.288113 140247122023616 shampoo_preconditioner_list.py:381] Rank 3: AdaGradPreconditionerList Total Elements: 608256
I0315 18:58:12.288148 140247122023616 shampoo_preconditioner_list.py:384] Rank 3: AdaGradPreconditionerList Total Bytes: 2433024
I0315 18:58:12.288181 140146293318848 logger_utils.py:262] Unable to record workload.train_mean information. Continuing without it.
I0315 18:58:12.288233 140146293318848 logger_utils.py:262] Unable to record workload.train_stddev information. Continuing without it.
I0315 18:58:12.289197 140247122023616 logger_utils.py:262] Unable to record workload.train_mean information. Continuing without it.
I0315 18:58:12.289270 140247122023616 logger_utils.py:262] Unable to record workload.train_stddev information. Continuing without it.
I0315 18:58:12.579346 140146293318848 submission_runner.py:325] Saving flags to /experiment_runs/submissions/rolling_leaderboard/external_tuning/shampoo/study_2/fastmri_pytorch/trial_1/flags_0.json.
I0315 18:58:12.618879 140146293318848 submission_runner.py:337] Starting training loop.
[rank1]:W0315 18:58:12.653000 45 site-packages/torch/_logging/_internal.py:1081] [0/0] Profiler function <class 'torch.autograd.profiler.record_function'> will be ignored
[rank2]:W0315 18:58:12.653000 46 site-packages/torch/_logging/_internal.py:1081] [0/0] Profiler function <class 'torch.autograd.profiler.record_function'> will be ignored
[rank6]:W0315 18:58:12.653000 50 site-packages/torch/_logging/_internal.py:1081] [0/0] Profiler function <class 'torch.autograd.profiler.record_function'> will be ignored
[rank5]:W0315 18:58:12.654000 49 site-packages/torch/_logging/_internal.py:1081] [0/0] Profiler function <class 'torch.autograd.profiler.record_function'> will be ignored
[rank7]:W0315 18:58:12.654000 51 site-packages/torch/_logging/_internal.py:1081] [0/0] Profiler function <class 'torch.autograd.profiler.record_function'> will be ignored
[rank4]:W0315 18:58:12.654000 48 site-packages/torch/_logging/_internal.py:1081] [0/0] Profiler function <class 'torch.autograd.profiler.record_function'> will be ignored
[rank3]:W0315 18:58:12.654000 47 site-packages/torch/_logging/_internal.py:1081] [0/0] Profiler function <class 'torch.autograd.profiler.record_function'> will be ignored
[rank0]:W0315 18:58:38.115000 44 site-packages/torch/_logging/_internal.py:1081] [0/0] Profiler function <class 'torch.autograd.profiler.record_function'> will be ignored
[rank4]:W0315 18:59:13.578000 48 site-packages/torch/_dynamo/convert_frame.py:844] [2/8] torch._dynamo hit config.cache_size_limit (8)
[rank4]:W0315 18:59:13.578000 48 site-packages/torch/_dynamo/convert_frame.py:844] [2/8]    function: 'forward' (/algorithmic-efficiency/algoperf/workloads/fastmri/fastmri_pytorch/models.py:141)
[rank4]:W0315 18:59:13.578000 48 site-packages/torch/_dynamo/convert_frame.py:844] [2/8]    last reason: 2/0: tensor 'L['x']' requires_grad mismatch. expected requires_grad=0
[rank4]:W0315 18:59:13.578000 48 site-packages/torch/_dynamo/convert_frame.py:844] [2/8] To log all recompilation reasons, use TORCH_LOGS="recompiles".
[rank4]:W0315 18:59:13.578000 48 site-packages/torch/_dynamo/convert_frame.py:844] [2/8] To diagnose recompilation issues, see https://pytorch.org/docs/main/torch.compiler_troubleshooting.html.
[rank1]:W0315 18:59:13.580000 45 site-packages/torch/_dynamo/convert_frame.py:844] [2/8] torch._dynamo hit config.cache_size_limit (8)
[rank1]:W0315 18:59:13.580000 45 site-packages/torch/_dynamo/convert_frame.py:844] [2/8]    function: 'forward' (/algorithmic-efficiency/algoperf/workloads/fastmri/fastmri_pytorch/models.py:141)
[rank1]:W0315 18:59:13.580000 45 site-packages/torch/_dynamo/convert_frame.py:844] [2/8]    last reason: 2/0: tensor 'L['x']' requires_grad mismatch. expected requires_grad=0
[rank1]:W0315 18:59:13.580000 45 site-packages/torch/_dynamo/convert_frame.py:844] [2/8] To log all recompilation reasons, use TORCH_LOGS="recompiles".
[rank1]:W0315 18:59:13.580000 45 site-packages/torch/_dynamo/convert_frame.py:844] [2/8] To diagnose recompilation issues, see https://pytorch.org/docs/main/torch.compiler_troubleshooting.html.
[rank2]:W0315 18:59:13.869000 46 site-packages/torch/_dynamo/convert_frame.py:844] [2/8] torch._dynamo hit config.cache_size_limit (8)
[rank2]:W0315 18:59:13.869000 46 site-packages/torch/_dynamo/convert_frame.py:844] [2/8]    function: 'forward' (/algorithmic-efficiency/algoperf/workloads/fastmri/fastmri_pytorch/models.py:141)
[rank2]:W0315 18:59:13.869000 46 site-packages/torch/_dynamo/convert_frame.py:844] [2/8]    last reason: 2/0: tensor 'L['x']' requires_grad mismatch. expected requires_grad=0
[rank2]:W0315 18:59:13.869000 46 site-packages/torch/_dynamo/convert_frame.py:844] [2/8] To log all recompilation reasons, use TORCH_LOGS="recompiles".
[rank2]:W0315 18:59:13.869000 46 site-packages/torch/_dynamo/convert_frame.py:844] [2/8] To diagnose recompilation issues, see https://pytorch.org/docs/main/torch.compiler_troubleshooting.html.
[rank3]:W0315 18:59:13.927000 47 site-packages/torch/_dynamo/convert_frame.py:844] [2/8] torch._dynamo hit config.cache_size_limit (8)
[rank3]:W0315 18:59:13.927000 47 site-packages/torch/_dynamo/convert_frame.py:844] [2/8]    function: 'forward' (/algorithmic-efficiency/algoperf/workloads/fastmri/fastmri_pytorch/models.py:141)
[rank3]:W0315 18:59:13.927000 47 site-packages/torch/_dynamo/convert_frame.py:844] [2/8]    last reason: 2/0: tensor 'L['x']' requires_grad mismatch. expected requires_grad=0
[rank3]:W0315 18:59:13.927000 47 site-packages/torch/_dynamo/convert_frame.py:844] [2/8] To log all recompilation reasons, use TORCH_LOGS="recompiles".
[rank3]:W0315 18:59:13.927000 47 site-packages/torch/_dynamo/convert_frame.py:844] [2/8] To diagnose recompilation issues, see https://pytorch.org/docs/main/torch.compiler_troubleshooting.html.
[rank5]:W0315 18:59:13.956000 49 site-packages/torch/_dynamo/convert_frame.py:844] [2/8] torch._dynamo hit config.cache_size_limit (8)
[rank5]:W0315 18:59:13.956000 49 site-packages/torch/_dynamo/convert_frame.py:844] [2/8]    function: 'forward' (/algorithmic-efficiency/algoperf/workloads/fastmri/fastmri_pytorch/models.py:141)
[rank5]:W0315 18:59:13.956000 49 site-packages/torch/_dynamo/convert_frame.py:844] [2/8]    last reason: 2/0: tensor 'L['x']' requires_grad mismatch. expected requires_grad=0
[rank5]:W0315 18:59:13.956000 49 site-packages/torch/_dynamo/convert_frame.py:844] [2/8] To log all recompilation reasons, use TORCH_LOGS="recompiles".
[rank5]:W0315 18:59:13.956000 49 site-packages/torch/_dynamo/convert_frame.py:844] [2/8] To diagnose recompilation issues, see https://pytorch.org/docs/main/torch.compiler_troubleshooting.html.
[rank6]:W0315 18:59:14.150000 50 site-packages/torch/_dynamo/convert_frame.py:844] [2/8] torch._dynamo hit config.cache_size_limit (8)
[rank6]:W0315 18:59:14.150000 50 site-packages/torch/_dynamo/convert_frame.py:844] [2/8]    function: 'forward' (/algorithmic-efficiency/algoperf/workloads/fastmri/fastmri_pytorch/models.py:141)
[rank6]:W0315 18:59:14.150000 50 site-packages/torch/_dynamo/convert_frame.py:844] [2/8]    last reason: 2/0: tensor 'L['x']' requires_grad mismatch. expected requires_grad=0
[rank6]:W0315 18:59:14.150000 50 site-packages/torch/_dynamo/convert_frame.py:844] [2/8] To log all recompilation reasons, use TORCH_LOGS="recompiles".
[rank6]:W0315 18:59:14.150000 50 site-packages/torch/_dynamo/convert_frame.py:844] [2/8] To diagnose recompilation issues, see https://pytorch.org/docs/main/torch.compiler_troubleshooting.html.
[rank7]:W0315 18:59:14.150000 51 site-packages/torch/_dynamo/convert_frame.py:844] [2/8] torch._dynamo hit config.cache_size_limit (8)
[rank7]:W0315 18:59:14.150000 51 site-packages/torch/_dynamo/convert_frame.py:844] [2/8]    function: 'forward' (/algorithmic-efficiency/algoperf/workloads/fastmri/fastmri_pytorch/models.py:141)
[rank7]:W0315 18:59:14.150000 51 site-packages/torch/_dynamo/convert_frame.py:844] [2/8]    last reason: 2/0: tensor 'L['x']' requires_grad mismatch. expected requires_grad=0
[rank7]:W0315 18:59:14.150000 51 site-packages/torch/_dynamo/convert_frame.py:844] [2/8] To log all recompilation reasons, use TORCH_LOGS="recompiles".
[rank7]:W0315 18:59:14.150000 51 site-packages/torch/_dynamo/convert_frame.py:844] [2/8] To diagnose recompilation issues, see https://pytorch.org/docs/main/torch.compiler_troubleshooting.html.
[rank0]:W0315 18:59:15.932000 44 site-packages/torch/_dynamo/convert_frame.py:844] [2/8] torch._dynamo hit config.cache_size_limit (8)
[rank0]:W0315 18:59:15.932000 44 site-packages/torch/_dynamo/convert_frame.py:844] [2/8]    function: 'forward' (/algorithmic-efficiency/algoperf/workloads/fastmri/fastmri_pytorch/models.py:141)
[rank0]:W0315 18:59:15.932000 44 site-packages/torch/_dynamo/convert_frame.py:844] [2/8]    last reason: 2/0: tensor 'L['x']' requires_grad mismatch. expected requires_grad=0
[rank0]:W0315 18:59:15.932000 44 site-packages/torch/_dynamo/convert_frame.py:844] [2/8] To log all recompilation reasons, use TORCH_LOGS="recompiles".
[rank0]:W0315 18:59:15.932000 44 site-packages/torch/_dynamo/convert_frame.py:844] [2/8] To diagnose recompilation issues, see https://pytorch.org/docs/main/torch.compiler_troubleshooting.html.
I0315 18:59:27.020057 140118489630464 logging_writer.py:48] [0] global_step=0, grad_norm=2.4655, loss=1.18924
I0315 18:59:27.038589 140146293318848 submission.py:265] 0) loss = 1.189, grad_norm = 2.465
I0315 18:59:27.831945 140146293318848 spec.py:321] Evaluating on the training split.
I0315 19:00:33.221415 140146293318848 spec.py:333] Evaluating on the validation split.
I0315 19:01:01.292028 140146293318848 spec.py:349] Evaluating on the test split.
I0315 19:01:41.221901 140146293318848 submission_runner.py:469] Time since start: 208.60s, 	Step: 1, 	{'train/ssim': 0.1951230423791068, 'train/loss': 0.9957185472760882, 'validation/ssim': 0.18485184016359207, 'validation/loss': 1.0091675697717362, 'validation/num_examples': 3554, 'test/ssim': 0.20717075649369066, 'test/loss': 1.0065030990383272, 'test/num_examples': 3581, 'score': 74.42088913917542, 'total_duration': 208.60333847999573, 'accumulated_submission_time': 74.42088913917542, 'accumulated_eval_time': 133.39040756225586, 'accumulated_logging_time': 0}
I0315 19:01:41.230335 140096531592960 logging_writer.py:48] [1] accumulated_eval_time=133.39, accumulated_logging_time=0, accumulated_submission_time=74.4209, global_step=1, preemption_count=0, score=74.4209, test/loss=1.0065, test/num_examples=3581, test/ssim=0.207171, total_duration=208.603, train/loss=0.995719, train/ssim=0.195123, validation/loss=1.00917, validation/num_examples=3554, validation/ssim=0.184852
I0315 19:01:42.357834 140096523200256 logging_writer.py:48] [1] global_step=1, grad_norm=3.16345, loss=1.04865
I0315 19:01:42.361808 140146293318848 submission.py:265] 1) loss = 1.049, grad_norm = 3.163
I0315 19:01:42.470875 140096531592960 logging_writer.py:48] [2] global_step=2, grad_norm=2.51896, loss=1.05925
I0315 19:01:42.478227 140146293318848 submission.py:265] 2) loss = 1.059, grad_norm = 2.519
I0315 19:01:42.566763 140096523200256 logging_writer.py:48] [3] global_step=3, grad_norm=3.00501, loss=0.972261
I0315 19:01:42.573561 140146293318848 submission.py:265] 3) loss = 0.972, grad_norm = 3.005
I0315 19:01:42.676972 140096531592960 logging_writer.py:48] [4] global_step=4, grad_norm=3.00856, loss=1.02254
I0315 19:01:42.684711 140146293318848 submission.py:265] 4) loss = 1.023, grad_norm = 3.009
I0315 19:01:42.769811 140096523200256 logging_writer.py:48] [5] global_step=5, grad_norm=2.92237, loss=0.954677
I0315 19:01:42.774322 140146293318848 submission.py:265] 5) loss = 0.955, grad_norm = 2.922
I0315 19:01:42.856032 140096531592960 logging_writer.py:48] [6] global_step=6, grad_norm=3.34489, loss=0.942737
I0315 19:01:42.860806 140146293318848 submission.py:265] 6) loss = 0.943, grad_norm = 3.345
I0315 19:01:42.956310 140096523200256 logging_writer.py:48] [7] global_step=7, grad_norm=2.42955, loss=0.981707
I0315 19:01:42.960778 140146293318848 submission.py:265] 7) loss = 0.982, grad_norm = 2.430
I0315 19:01:43.055795 140096531592960 logging_writer.py:48] [8] global_step=8, grad_norm=2.68478, loss=0.975356
I0315 19:01:43.061045 140146293318848 submission.py:265] 8) loss = 0.975, grad_norm = 2.685
I0315 19:01:43.161156 140096523200256 logging_writer.py:48] [9] global_step=9, grad_norm=2.23429, loss=1.00978
I0315 19:01:43.166172 140146293318848 submission.py:265] 9) loss = 1.010, grad_norm = 2.234
I0315 19:01:43.250137 140096531592960 logging_writer.py:48] [10] global_step=10, grad_norm=2.0261, loss=0.849817
I0315 19:01:43.254361 140146293318848 submission.py:265] 10) loss = 0.850, grad_norm = 2.026
I0315 19:01:43.337680 140096523200256 logging_writer.py:48] [11] global_step=11, grad_norm=1.80334, loss=0.858694
I0315 19:01:43.345745 140146293318848 submission.py:265] 11) loss = 0.859, grad_norm = 1.803
I0315 19:01:43.434525 140096531592960 logging_writer.py:48] [12] global_step=12, grad_norm=2.00214, loss=0.821625
I0315 19:01:43.438216 140146293318848 submission.py:265] 12) loss = 0.822, grad_norm = 2.002
I0315 19:01:43.526584 140096523200256 logging_writer.py:48] [13] global_step=13, grad_norm=1.88977, loss=0.809585
I0315 19:01:43.531624 140146293318848 submission.py:265] 13) loss = 0.810, grad_norm = 1.890
I0315 19:01:43.631996 140096531592960 logging_writer.py:48] [14] global_step=14, grad_norm=1.71751, loss=0.932392
I0315 19:01:43.637193 140146293318848 submission.py:265] 14) loss = 0.932, grad_norm = 1.718
I0315 19:01:43.741560 140096523200256 logging_writer.py:48] [15] global_step=15, grad_norm=1.78592, loss=0.764336
I0315 19:01:43.750091 140146293318848 submission.py:265] 15) loss = 0.764, grad_norm = 1.786
I0315 19:01:43.839001 140096531592960 logging_writer.py:48] [16] global_step=16, grad_norm=1.5895, loss=0.892166
I0315 19:01:43.844767 140146293318848 submission.py:265] 16) loss = 0.892, grad_norm = 1.590
I0315 19:01:43.932397 140096523200256 logging_writer.py:48] [17] global_step=17, grad_norm=1.63885, loss=0.840244
I0315 19:01:43.936917 140146293318848 submission.py:265] 17) loss = 0.840, grad_norm = 1.639
I0315 19:01:44.031344 140096531592960 logging_writer.py:48] [18] global_step=18, grad_norm=1.58166, loss=0.894617
I0315 19:01:44.035975 140146293318848 submission.py:265] 18) loss = 0.895, grad_norm = 1.582
I0315 19:01:44.115268 140096523200256 logging_writer.py:48] [19] global_step=19, grad_norm=1.57593, loss=0.739855
I0315 19:01:44.124305 140146293318848 submission.py:265] 19) loss = 0.740, grad_norm = 1.576
I0315 19:01:44.205711 140096531592960 logging_writer.py:48] [20] global_step=20, grad_norm=1.57356, loss=0.831911
I0315 19:01:44.210943 140146293318848 submission.py:265] 20) loss = 0.832, grad_norm = 1.574
I0315 19:01:44.293702 140096523200256 logging_writer.py:48] [21] global_step=21, grad_norm=1.45322, loss=0.749005
I0315 19:01:44.298393 140146293318848 submission.py:265] 21) loss = 0.749, grad_norm = 1.453
I0315 19:01:44.379072 140096531592960 logging_writer.py:48] [22] global_step=22, grad_norm=1.51472, loss=0.685159
I0315 19:01:44.384404 140146293318848 submission.py:265] 22) loss = 0.685, grad_norm = 1.515
I0315 19:01:44.467013 140096523200256 logging_writer.py:48] [23] global_step=23, grad_norm=1.61671, loss=0.71136
I0315 19:01:44.472019 140146293318848 submission.py:265] 23) loss = 0.711, grad_norm = 1.617
I0315 19:01:44.569027 140096531592960 logging_writer.py:48] [24] global_step=24, grad_norm=1.44159, loss=0.735246
I0315 19:01:44.579276 140146293318848 submission.py:265] 24) loss = 0.735, grad_norm = 1.442
I0315 19:01:44.656786 140096523200256 logging_writer.py:48] [25] global_step=25, grad_norm=1.66188, loss=0.836893
I0315 19:01:44.662631 140146293318848 submission.py:265] 25) loss = 0.837, grad_norm = 1.662
I0315 19:01:44.748029 140096531592960 logging_writer.py:48] [26] global_step=26, grad_norm=1.63485, loss=0.659231
I0315 19:01:44.752671 140146293318848 submission.py:265] 26) loss = 0.659, grad_norm = 1.635
I0315 19:01:44.840388 140096523200256 logging_writer.py:48] [27] global_step=27, grad_norm=1.26613, loss=0.574995
I0315 19:01:44.847262 140146293318848 submission.py:265] 27) loss = 0.575, grad_norm = 1.266
I0315 19:01:44.934031 140096531592960 logging_writer.py:48] [28] global_step=28, grad_norm=1.40954, loss=0.657392
I0315 19:01:44.941126 140146293318848 submission.py:265] 28) loss = 0.657, grad_norm = 1.410
I0315 19:01:45.012291 140096523200256 logging_writer.py:48] [29] global_step=29, grad_norm=1.49205, loss=0.587717
I0315 19:01:45.016934 140146293318848 submission.py:265] 29) loss = 0.588, grad_norm = 1.492
I0315 19:01:45.108407 140096531592960 logging_writer.py:48] [30] global_step=30, grad_norm=1.38581, loss=0.596311
I0315 19:01:45.112589 140146293318848 submission.py:265] 30) loss = 0.596, grad_norm = 1.386
I0315 19:01:45.192008 140096523200256 logging_writer.py:48] [31] global_step=31, grad_norm=1.35208, loss=0.585182
I0315 19:01:45.195706 140146293318848 submission.py:265] 31) loss = 0.585, grad_norm = 1.352
I0315 19:01:45.288451 140096531592960 logging_writer.py:48] [32] global_step=32, grad_norm=1.31164, loss=0.588143
I0315 19:01:45.293034 140146293318848 submission.py:265] 32) loss = 0.588, grad_norm = 1.312
I0315 19:01:45.383228 140096523200256 logging_writer.py:48] [33] global_step=33, grad_norm=1.36178, loss=0.562191
I0315 19:01:45.388864 140146293318848 submission.py:265] 33) loss = 0.562, grad_norm = 1.362
I0315 19:01:45.483173 140096531592960 logging_writer.py:48] [34] global_step=34, grad_norm=1.42866, loss=0.560041
I0315 19:01:45.487892 140146293318848 submission.py:265] 34) loss = 0.560, grad_norm = 1.429
I0315 19:01:45.567757 140096523200256 logging_writer.py:48] [35] global_step=35, grad_norm=1.3205, loss=0.585439
I0315 19:01:45.573794 140146293318848 submission.py:265] 35) loss = 0.585, grad_norm = 1.321
I0315 19:01:45.658518 140096531592960 logging_writer.py:48] [36] global_step=36, grad_norm=1.09098, loss=0.532155
I0315 19:01:45.663099 140146293318848 submission.py:265] 36) loss = 0.532, grad_norm = 1.091
I0315 19:01:45.747831 140096523200256 logging_writer.py:48] [37] global_step=37, grad_norm=0.977892, loss=0.565037
I0315 19:01:45.753543 140146293318848 submission.py:265] 37) loss = 0.565, grad_norm = 0.978
I0315 19:01:45.837066 140096531592960 logging_writer.py:48] [38] global_step=38, grad_norm=1.22191, loss=0.56885
I0315 19:01:45.842658 140146293318848 submission.py:265] 38) loss = 0.569, grad_norm = 1.222
I0315 19:01:45.926593 140096523200256 logging_writer.py:48] [39] global_step=39, grad_norm=1.25326, loss=0.570189
I0315 19:01:45.931001 140146293318848 submission.py:265] 39) loss = 0.570, grad_norm = 1.253
I0315 19:01:46.012012 140096531592960 logging_writer.py:48] [40] global_step=40, grad_norm=0.992996, loss=0.489297
I0315 19:01:46.016213 140146293318848 submission.py:265] 40) loss = 0.489, grad_norm = 0.993
I0315 19:01:46.087204 140096523200256 logging_writer.py:48] [41] global_step=41, grad_norm=0.890287, loss=0.487195
I0315 19:01:46.094009 140146293318848 submission.py:265] 41) loss = 0.487, grad_norm = 0.890
I0315 19:01:46.179283 140096531592960 logging_writer.py:48] [42] global_step=42, grad_norm=1.21672, loss=0.39835
I0315 19:01:46.184908 140146293318848 submission.py:265] 42) loss = 0.398, grad_norm = 1.217
I0315 19:01:46.265683 140096523200256 logging_writer.py:48] [43] global_step=43, grad_norm=1.20533, loss=0.478658
I0315 19:01:46.270856 140146293318848 submission.py:265] 43) loss = 0.479, grad_norm = 1.205
I0315 19:01:46.340334 140096531592960 logging_writer.py:48] [44] global_step=44, grad_norm=0.968915, loss=0.440387
I0315 19:01:46.344937 140146293318848 submission.py:265] 44) loss = 0.440, grad_norm = 0.969
I0315 19:01:46.420618 140096523200256 logging_writer.py:48] [45] global_step=45, grad_norm=0.816886, loss=0.429533
I0315 19:01:46.425458 140146293318848 submission.py:265] 45) loss = 0.430, grad_norm = 0.817
I0315 19:01:46.500051 140096531592960 logging_writer.py:48] [46] global_step=46, grad_norm=0.701765, loss=0.520858
I0315 19:01:46.505215 140146293318848 submission.py:265] 46) loss = 0.521, grad_norm = 0.702
I0315 19:01:46.584391 140096523200256 logging_writer.py:48] [47] global_step=47, grad_norm=0.901046, loss=0.422405
I0315 19:01:46.588407 140146293318848 submission.py:265] 47) loss = 0.422, grad_norm = 0.901
I0315 19:01:46.661171 140096531592960 logging_writer.py:48] [48] global_step=48, grad_norm=1.4237, loss=0.389726
I0315 19:01:46.666020 140146293318848 submission.py:265] 48) loss = 0.390, grad_norm = 1.424
I0315 19:01:46.748834 140096523200256 logging_writer.py:48] [49] global_step=49, grad_norm=0.796771, loss=0.439641
I0315 19:01:46.757396 140146293318848 submission.py:265] 49) loss = 0.440, grad_norm = 0.797
I0315 19:01:46.838733 140096531592960 logging_writer.py:48] [50] global_step=50, grad_norm=0.747986, loss=0.421599
I0315 19:01:46.844279 140146293318848 submission.py:265] 50) loss = 0.422, grad_norm = 0.748
I0315 19:01:46.919044 140096523200256 logging_writer.py:48] [51] global_step=51, grad_norm=0.526238, loss=0.430119
I0315 19:01:46.927568 140146293318848 submission.py:265] 51) loss = 0.430, grad_norm = 0.526
I0315 19:01:47.018066 140096531592960 logging_writer.py:48] [52] global_step=52, grad_norm=0.695401, loss=0.393654
I0315 19:01:47.022446 140146293318848 submission.py:265] 52) loss = 0.394, grad_norm = 0.695
I0315 19:01:47.304563 140096523200256 logging_writer.py:48] [53] global_step=53, grad_norm=0.599007, loss=0.360748
I0315 19:01:47.313397 140146293318848 submission.py:265] 53) loss = 0.361, grad_norm = 0.599
I0315 19:01:47.548778 140096531592960 logging_writer.py:48] [54] global_step=54, grad_norm=0.546523, loss=0.366988
I0315 19:01:47.558137 140146293318848 submission.py:265] 54) loss = 0.367, grad_norm = 0.547
I0315 19:01:47.794275 140096523200256 logging_writer.py:48] [55] global_step=55, grad_norm=0.540525, loss=0.35789
I0315 19:01:47.799440 140146293318848 submission.py:265] 55) loss = 0.358, grad_norm = 0.541
I0315 19:01:48.044311 140096531592960 logging_writer.py:48] [56] global_step=56, grad_norm=0.681124, loss=0.340857
I0315 19:01:48.049398 140146293318848 submission.py:265] 56) loss = 0.341, grad_norm = 0.681
I0315 19:01:48.302722 140096523200256 logging_writer.py:48] [57] global_step=57, grad_norm=1.00069, loss=0.305293
I0315 19:01:48.309753 140146293318848 submission.py:265] 57) loss = 0.305, grad_norm = 1.001
I0315 19:01:48.747252 140096531592960 logging_writer.py:48] [58] global_step=58, grad_norm=0.500967, loss=0.294725
I0315 19:01:48.759909 140146293318848 submission.py:265] 58) loss = 0.295, grad_norm = 0.501
I0315 19:01:49.140054 140096523200256 logging_writer.py:48] [59] global_step=59, grad_norm=1.04488, loss=0.357678
I0315 19:01:49.147634 140146293318848 submission.py:265] 59) loss = 0.358, grad_norm = 1.045
I0315 19:01:49.432082 140096531592960 logging_writer.py:48] [60] global_step=60, grad_norm=0.563679, loss=0.332251
I0315 19:01:49.439074 140146293318848 submission.py:265] 60) loss = 0.332, grad_norm = 0.564
I0315 19:01:49.723321 140096523200256 logging_writer.py:48] [61] global_step=61, grad_norm=0.416805, loss=0.374489
I0315 19:01:49.732715 140146293318848 submission.py:265] 61) loss = 0.374, grad_norm = 0.417
I0315 19:01:50.050758 140096531592960 logging_writer.py:48] [62] global_step=62, grad_norm=0.397117, loss=0.323545
I0315 19:01:50.056962 140146293318848 submission.py:265] 62) loss = 0.324, grad_norm = 0.397
I0315 19:01:50.518003 140096523200256 logging_writer.py:48] [63] global_step=63, grad_norm=0.547147, loss=0.324698
I0315 19:01:50.527119 140146293318848 submission.py:265] 63) loss = 0.325, grad_norm = 0.547
I0315 19:01:50.837992 140096531592960 logging_writer.py:48] [64] global_step=64, grad_norm=1.2955, loss=0.51836
I0315 19:01:50.846552 140146293318848 submission.py:265] 64) loss = 0.518, grad_norm = 1.296
I0315 19:01:51.112523 140096523200256 logging_writer.py:48] [65] global_step=65, grad_norm=0.479436, loss=0.322631
I0315 19:01:51.117411 140146293318848 submission.py:265] 65) loss = 0.323, grad_norm = 0.479
I0315 19:01:51.384986 140096531592960 logging_writer.py:48] [66] global_step=66, grad_norm=0.594447, loss=0.307217
I0315 19:01:51.389850 140146293318848 submission.py:265] 66) loss = 0.307, grad_norm = 0.594
I0315 19:01:51.644638 140096523200256 logging_writer.py:48] [67] global_step=67, grad_norm=1.14249, loss=0.388643
I0315 19:01:51.648417 140146293318848 submission.py:265] 67) loss = 0.389, grad_norm = 1.142
I0315 19:01:51.932315 140096531592960 logging_writer.py:48] [68] global_step=68, grad_norm=0.473948, loss=0.464003
I0315 19:01:51.936573 140146293318848 submission.py:265] 68) loss = 0.464, grad_norm = 0.474
I0315 19:01:52.150415 140096523200256 logging_writer.py:48] [69] global_step=69, grad_norm=0.390996, loss=0.347905
I0315 19:01:52.156553 140146293318848 submission.py:265] 69) loss = 0.348, grad_norm = 0.391
I0315 19:01:52.248487 140096531592960 logging_writer.py:48] [70] global_step=70, grad_norm=0.321995, loss=0.32899
I0315 19:01:52.254519 140146293318848 submission.py:265] 70) loss = 0.329, grad_norm = 0.322
I0315 19:01:52.331234 140096523200256 logging_writer.py:48] [71] global_step=71, grad_norm=0.310366, loss=0.360328
I0315 19:01:52.336746 140146293318848 submission.py:265] 71) loss = 0.360, grad_norm = 0.310
I0315 19:01:52.443341 140096531592960 logging_writer.py:48] [72] global_step=72, grad_norm=0.395427, loss=0.3052
I0315 19:01:52.449496 140146293318848 submission.py:265] 72) loss = 0.305, grad_norm = 0.395
I0315 19:01:52.519536 140096523200256 logging_writer.py:48] [73] global_step=73, grad_norm=0.40881, loss=0.403041
I0315 19:01:52.524661 140146293318848 submission.py:265] 73) loss = 0.403, grad_norm = 0.409
I0315 19:01:52.669422 140096531592960 logging_writer.py:48] [74] global_step=74, grad_norm=0.814929, loss=0.342968
I0315 19:01:52.674247 140146293318848 submission.py:265] 74) loss = 0.343, grad_norm = 0.815
I0315 19:01:52.792304 140096523200256 logging_writer.py:48] [75] global_step=75, grad_norm=0.651689, loss=0.335826
I0315 19:01:52.797743 140146293318848 submission.py:265] 75) loss = 0.336, grad_norm = 0.652
I0315 19:01:52.937228 140096531592960 logging_writer.py:48] [76] global_step=76, grad_norm=0.536457, loss=0.458026
I0315 19:01:52.941901 140146293318848 submission.py:265] 76) loss = 0.458, grad_norm = 0.536
