I0315 19:15:58.554639 140541031118016 shampoo_preconditioner_list.py:574] Instantiated Shampoo Preconditioner 16.block_0 ([torch.Size([0]), torch.Size([0])]) for Parameter 16 (torch.Size([32, 64, 3, 3])), Block block_0 (torch.Size([32, 576])).
I0315 19:15:58.554609 140252643460288 shampoo_preconditioner_list.py:574] Instantiated Shampoo Preconditioner 13.block_0 ([torch.Size([128, 128]), torch.Size([384, 384]), torch.Size([3, 3])]) for Parameter 13 (torch.Size([128, 128, 3, 3])), Block block_0 (torch.Size([128, 384, 3])).
I0315 19:15:58.554644 139910288733376 shampoo_preconditioner_list.py:574] Instantiated Shampoo Preconditioner 12.block_0 ([torch.Size([0]), torch.Size([0]), torch.Size([0])]) for Parameter 12 (torch.Size([128, 256, 3, 3])), Block block_0 (torch.Size([128, 768, 3])).
I0315 19:15:58.554646 140333034140864 shampoo_preconditioner_list.py:574] Instantiated Shampoo Preconditioner 16.block_0 ([torch.Size([0]), torch.Size([0])]) for Parameter 16 (torch.Size([32, 64, 3, 3])), Block block_0 (torch.Size([32, 576])).
I0315 19:15:58.554664 140403110823104 shampoo_preconditioner_list.py:574] Instantiated Shampoo Preconditioner 9.block_0 ([torch.Size([0]), torch.Size([0]), torch.Size([0])]) for Parameter 9 (torch.Size([512, 512, 3, 3])), Block block_0 (torch.Size([512, 512, 9])).
I0315 19:15:58.554677 140359151371456 shampoo_preconditioner_list.py:574] Instantiated Shampoo Preconditioner 19.block_0 ([torch.Size([0])]) for Parameter 19 (torch.Size([1])), Block block_0 (torch.Size([1])).
I0315 19:15:58.554733 139767967495360 shampoo_preconditioner_list.py:574] Instantiated Shampoo Preconditioner 17.block_0 ([torch.Size([0]), torch.Size([0])]) for Parameter 17 (torch.Size([32, 32, 3, 3])), Block block_0 (torch.Size([1024, 9])).
I0315 19:15:58.554770 140333034140864 shampoo_preconditioner_list.py:574] Instantiated Shampoo Preconditioner 17.block_0 ([torch.Size([0]), torch.Size([0])]) for Parameter 17 (torch.Size([32, 32, 3, 3])), Block block_0 (torch.Size([1024, 9])).
I0315 19:15:58.554778 140541031118016 shampoo_preconditioner_list.py:574] Instantiated Shampoo Preconditioner 17.block_0 ([torch.Size([0]), torch.Size([0])]) for Parameter 17 (torch.Size([32, 32, 3, 3])), Block block_0 (torch.Size([1024, 9])).
I0315 19:15:58.554801 139910288733376 shampoo_preconditioner_list.py:574] Instantiated Shampoo Preconditioner 13.block_0 ([torch.Size([0]), torch.Size([0]), torch.Size([0])]) for Parameter 13 (torch.Size([128, 128, 3, 3])), Block block_0 (torch.Size([128, 384, 3])).
I0315 19:15:58.554805 140403110823104 shampoo_preconditioner_list.py:574] Instantiated Shampoo Preconditioner 10.block_0 ([torch.Size([0]), torch.Size([0]), torch.Size([0])]) for Parameter 10 (torch.Size([256, 512, 3, 3])), Block block_0 (torch.Size([256, 512, 9])).
I0315 19:15:58.554833 139767967495360 shampoo_preconditioner_list.py:574] Instantiated Shampoo Preconditioner 18.block_0 ([torch.Size([0])]) for Parameter 18 (torch.Size([1, 32, 1, 1])), Block block_0 (torch.Size([32])).
I0315 19:15:58.554867 140541031118016 shampoo_preconditioner_list.py:574] Instantiated Shampoo Preconditioner 18.block_0 ([torch.Size([0])]) for Parameter 18 (torch.Size([1, 32, 1, 1])), Block block_0 (torch.Size([32])).
I0315 19:15:58.554870 140333034140864 shampoo_preconditioner_list.py:574] Instantiated Shampoo Preconditioner 18.block_0 ([torch.Size([0])]) for Parameter 18 (torch.Size([1, 32, 1, 1])), Block block_0 (torch.Size([32])).
I0315 19:15:58.554873 140252643460288 shampoo_preconditioner_list.py:574] Instantiated Shampoo Preconditioner 14.block_0 ([torch.Size([64, 64]), torch.Size([384, 384]), torch.Size([3, 3])]) for Parameter 14 (torch.Size([64, 128, 3, 3])), Block block_0 (torch.Size([64, 384, 3])).
I0315 19:15:58.554927 139767967495360 shampoo_preconditioner_list.py:574] Instantiated Shampoo Preconditioner 19.block_0 ([torch.Size([0])]) for Parameter 19 (torch.Size([1])), Block block_0 (torch.Size([1])).
I0315 19:15:58.554949 140403110823104 shampoo_preconditioner_list.py:574] Instantiated Shampoo Preconditioner 11.block_0 ([torch.Size([0]), torch.Size([0]), torch.Size([0])]) for Parameter 11 (torch.Size([256, 256, 3, 3])), Block block_0 (torch.Size([256, 768, 3])).
I0315 19:15:58.554965 140541031118016 shampoo_preconditioner_list.py:574] Instantiated Shampoo Preconditioner 19.block_0 ([torch.Size([0])]) for Parameter 19 (torch.Size([1])), Block block_0 (torch.Size([1])).
I0315 19:15:58.554968 139910288733376 shampoo_preconditioner_list.py:574] Instantiated Shampoo Preconditioner 14.block_0 ([torch.Size([0]), torch.Size([0]), torch.Size([0])]) for Parameter 14 (torch.Size([64, 128, 3, 3])), Block block_0 (torch.Size([64, 384, 3])).
I0315 19:15:58.554970 140333034140864 shampoo_preconditioner_list.py:574] Instantiated Shampoo Preconditioner 19.block_0 ([torch.Size([0])]) for Parameter 19 (torch.Size([1])), Block block_0 (torch.Size([1])).
I0315 19:15:58.555038 140252643460288 shampoo_preconditioner_list.py:574] Instantiated Shampoo Preconditioner 15.block_0 ([torch.Size([0]), torch.Size([0])]) for Parameter 15 (torch.Size([64, 64, 3, 3])), Block block_0 (torch.Size([64, 576])).
I0315 19:15:58.555059 139767967495360 shampoo_preconditioner_list.py:574] Instantiated Shampoo Preconditioner 20.block_0 ([torch.Size([0]), torch.Size([0])]) for Parameter 20 (torch.Size([512, 256, 2, 2])), Block block_0 (torch.Size([512, 1024])).
I0315 19:15:58.555079 140541031118016 shampoo_preconditioner_list.py:574] Instantiated Shampoo Preconditioner 20.block_0 ([torch.Size([0]), torch.Size([0])]) for Parameter 20 (torch.Size([512, 256, 2, 2])), Block block_0 (torch.Size([512, 1024])).
I0315 19:15:58.555089 140333034140864 shampoo_preconditioner_list.py:574] Instantiated Shampoo Preconditioner 20.block_0 ([torch.Size([0]), torch.Size([0])]) for Parameter 20 (torch.Size([512, 256, 2, 2])), Block block_0 (torch.Size([512, 1024])).
I0315 19:15:58.555094 139910288733376 shampoo_preconditioner_list.py:574] Instantiated Shampoo Preconditioner 15.block_0 ([torch.Size([0]), torch.Size([0])]) for Parameter 15 (torch.Size([64, 64, 3, 3])), Block block_0 (torch.Size([64, 576])).
I0315 19:15:58.555102 140403110823104 shampoo_preconditioner_list.py:574] Instantiated Shampoo Preconditioner 12.block_0 ([torch.Size([0]), torch.Size([0]), torch.Size([0])]) for Parameter 12 (torch.Size([128, 256, 3, 3])), Block block_0 (torch.Size([128, 768, 3])).
I0315 19:15:58.555181 140252643460288 shampoo_preconditioner_list.py:574] Instantiated Shampoo Preconditioner 16.block_0 ([torch.Size([0]), torch.Size([0])]) for Parameter 16 (torch.Size([32, 64, 3, 3])), Block block_0 (torch.Size([32, 576])).
I0315 19:15:58.555198 139767967495360 shampoo_preconditioner_list.py:574] Instantiated Shampoo Preconditioner 21.block_0 ([torch.Size([0]), torch.Size([0])]) for Parameter 21 (torch.Size([256, 128, 2, 2])), Block block_0 (torch.Size([256, 512])).
I0315 19:15:58.555213 139910288733376 shampoo_preconditioner_list.py:574] Instantiated Shampoo Preconditioner 16.block_0 ([torch.Size([0]), torch.Size([0])]) for Parameter 16 (torch.Size([32, 64, 3, 3])), Block block_0 (torch.Size([32, 576])).
I0315 19:15:58.555218 140333034140864 shampoo_preconditioner_list.py:574] Instantiated Shampoo Preconditioner 21.block_0 ([torch.Size([0]), torch.Size([0])]) for Parameter 21 (torch.Size([256, 128, 2, 2])), Block block_0 (torch.Size([256, 512])).
I0315 19:15:58.555216 140541031118016 shampoo_preconditioner_list.py:574] Instantiated Shampoo Preconditioner 21.block_0 ([torch.Size([0]), torch.Size([0])]) for Parameter 21 (torch.Size([256, 128, 2, 2])), Block block_0 (torch.Size([256, 512])).
I0315 19:15:58.555239 140403110823104 shampoo_preconditioner_list.py:574] Instantiated Shampoo Preconditioner 13.block_0 ([torch.Size([0]), torch.Size([0]), torch.Size([0])]) for Parameter 13 (torch.Size([128, 128, 3, 3])), Block block_0 (torch.Size([128, 384, 3])).
I0315 19:15:58.555272 140359151371456 shampoo_preconditioner_list.py:574] Instantiated Shampoo Preconditioner 20.block_0 ([torch.Size([512, 512]), torch.Size([1024, 1024])]) for Parameter 20 (torch.Size([512, 256, 2, 2])), Block block_0 (torch.Size([512, 1024])).
I0315 19:15:58.555316 139767967495360 shampoo_preconditioner_list.py:574] Instantiated Shampoo Preconditioner 22.block_0 ([torch.Size([0]), torch.Size([0])]) for Parameter 22 (torch.Size([128, 64, 2, 2])), Block block_0 (torch.Size([128, 256])).
I0315 19:15:58.555315 140252643460288 shampoo_preconditioner_list.py:574] Instantiated Shampoo Preconditioner 17.block_0 ([torch.Size([0]), torch.Size([0])]) for Parameter 17 (torch.Size([32, 32, 3, 3])), Block block_0 (torch.Size([1024, 9])).
I0315 19:15:58.555333 140333034140864 shampoo_preconditioner_list.py:574] Instantiated Shampoo Preconditioner 22.block_0 ([torch.Size([0]), torch.Size([0])]) for Parameter 22 (torch.Size([128, 64, 2, 2])), Block block_0 (torch.Size([128, 256])).
I0315 19:15:58.555357 139910288733376 shampoo_preconditioner_list.py:574] Instantiated Shampoo Preconditioner 17.block_0 ([torch.Size([0]), torch.Size([0])]) for Parameter 17 (torch.Size([32, 32, 3, 3])), Block block_0 (torch.Size([1024, 9])).
I0315 19:15:58.555364 140541031118016 shampoo_preconditioner_list.py:574] Instantiated Shampoo Preconditioner 22.block_0 ([torch.Size([0]), torch.Size([0])]) for Parameter 22 (torch.Size([128, 64, 2, 2])), Block block_0 (torch.Size([128, 256])).
I0315 19:15:58.555392 140403110823104 shampoo_preconditioner_list.py:574] Instantiated Shampoo Preconditioner 14.block_0 ([torch.Size([0]), torch.Size([0]), torch.Size([0])]) for Parameter 14 (torch.Size([64, 128, 3, 3])), Block block_0 (torch.Size([64, 384, 3])).
I0315 19:15:58.555403 140252643460288 shampoo_preconditioner_list.py:574] Instantiated Shampoo Preconditioner 18.block_0 ([torch.Size([0])]) for Parameter 18 (torch.Size([1, 32, 1, 1])), Block block_0 (torch.Size([32])).
I0315 19:15:58.555430 139767967495360 shampoo_preconditioner_list.py:574] Instantiated Shampoo Preconditioner 23.block_0 ([torch.Size([0]), torch.Size([0])]) for Parameter 23 (torch.Size([64, 32, 2, 2])), Block block_0 (torch.Size([64, 128])).
I0315 19:15:58.555454 140333034140864 shampoo_preconditioner_list.py:574] Instantiated Shampoo Preconditioner 23.block_0 ([torch.Size([0]), torch.Size([0])]) for Parameter 23 (torch.Size([64, 32, 2, 2])), Block block_0 (torch.Size([64, 128])).
I0315 19:15:58.555455 139910288733376 shampoo_preconditioner_list.py:574] Instantiated Shampoo Preconditioner 18.block_0 ([torch.Size([0])]) for Parameter 18 (torch.Size([1, 32, 1, 1])), Block block_0 (torch.Size([32])).
I0315 19:15:58.555455 140359151371456 shampoo_preconditioner_list.py:574] Instantiated Shampoo Preconditioner 21.block_0 ([torch.Size([0]), torch.Size([0])]) for Parameter 21 (torch.Size([256, 128, 2, 2])), Block block_0 (torch.Size([256, 512])).
I0315 19:15:58.555493 140252643460288 shampoo_preconditioner_list.py:574] Instantiated Shampoo Preconditioner 19.block_0 ([torch.Size([0])]) for Parameter 19 (torch.Size([1])), Block block_0 (torch.Size([1])).
I0315 19:15:58.555496 140541031118016 shampoo_preconditioner_list.py:574] Instantiated Shampoo Preconditioner 23.block_0 ([torch.Size([0]), torch.Size([0])]) for Parameter 23 (torch.Size([64, 32, 2, 2])), Block block_0 (torch.Size([64, 128])).
I0315 19:15:58.555514 140403110823104 shampoo_preconditioner_list.py:574] Instantiated Shampoo Preconditioner 15.block_0 ([torch.Size([0]), torch.Size([0])]) for Parameter 15 (torch.Size([64, 64, 3, 3])), Block block_0 (torch.Size([64, 576])).
I0315 19:15:58.555551 139767967495360 shampoo_preconditioner_list.py:612] Rank 3: ShampooPreconditionerList Numel Breakdown: (165888, 2097314, 174080, 671744, 696320, 327698, 426002, 1310738, 1703954, 1048738, 655522, 1310738, 1212434, 327698, 303122, 671744, 665600, 2097314, 2048, 2, 2621440, 655360, 163840, 40960)
I0315 19:15:58.555568 139910288733376 shampoo_preconditioner_list.py:574] Instantiated Shampoo Preconditioner 19.block_0 ([torch.Size([0])]) for Parameter 19 (torch.Size([1])), Block block_0 (torch.Size([1])).
I0315 19:15:58.555574 140333034140864 shampoo_preconditioner_list.py:612] Rank 2: ShampooPreconditionerList Numel Breakdown: (165888, 2097314, 174080, 671744, 696320, 327698, 426002, 1310738, 1703954, 1048738, 655522, 1310738, 1212434, 327698, 303122, 671744, 665600, 2097314, 2048, 2, 2621440, 655360, 163840, 40960)
I0315 19:15:58.555576 140359151371456 shampoo_preconditioner_list.py:574] Instantiated Shampoo Preconditioner 22.block_0 ([torch.Size([0]), torch.Size([0])]) for Parameter 22 (torch.Size([128, 64, 2, 2])), Block block_0 (torch.Size([128, 256])).
I0315 19:15:58.555599 139767967495360 shampoo_preconditioner_list.py:615] Rank 3: ShampooPreconditionerList Bytes Breakdown: (663552, 8389256)
I0315 19:15:58.555608 140541031118016 shampoo_preconditioner_list.py:612] Rank 1: ShampooPreconditionerList Numel Breakdown: (165888, 2097314, 174080, 671744, 696320, 327698, 426002, 1310738, 1703954, 1048738, 655522, 1310738, 1212434, 327698, 303122, 671744, 665600, 2097314, 2048, 2, 2621440, 655360, 163840, 40960)
I0315 19:15:58.555615 140333034140864 shampoo_preconditioner_list.py:615] Rank 2: ShampooPreconditionerList Bytes Breakdown: (663552,)
I0315 19:15:58.555622 140252643460288 shampoo_preconditioner_list.py:574] Instantiated Shampoo Preconditioner 20.block_0 ([torch.Size([0]), torch.Size([0])]) for Parameter 20 (torch.Size([512, 256, 2, 2])), Block block_0 (torch.Size([512, 1024])).
I0315 19:15:58.555638 139767967495360 shampoo_preconditioner_list.py:618] Rank 3: ShampooPreconditionerList Total Elements: 19350298
I0315 19:15:58.555634 140403110823104 shampoo_preconditioner_list.py:574] Instantiated Shampoo Preconditioner 16.block_0 ([torch.Size([0]), torch.Size([0])]) for Parameter 16 (torch.Size([32, 64, 3, 3])), Block block_0 (torch.Size([32, 576])).
I0315 19:15:58.555648 140541031118016 shampoo_preconditioner_list.py:615] Rank 1: ShampooPreconditionerList Bytes Breakdown: (663552,)
I0315 19:15:58.555650 140333034140864 shampoo_preconditioner_list.py:618] Rank 2: ShampooPreconditionerList Total Elements: 19350298
I0315 19:15:58.555674 139767967495360 shampoo_preconditioner_list.py:621] Rank 3: ShampooPreconditionerList Total Bytes: 9052808
I0315 19:15:58.555681 140333034140864 shampoo_preconditioner_list.py:621] Rank 2: ShampooPreconditionerList Total Bytes: 663552
I0315 19:15:58.555681 140541031118016 shampoo_preconditioner_list.py:618] Rank 1: ShampooPreconditionerList Total Elements: 19350298
I0315 19:15:58.555682 139910288733376 shampoo_preconditioner_list.py:574] Instantiated Shampoo Preconditioner 20.block_0 ([torch.Size([0]), torch.Size([0])]) for Parameter 20 (torch.Size([512, 256, 2, 2])), Block block_0 (torch.Size([512, 1024])).
I0315 19:15:58.555707 140359151371456 shampoo_preconditioner_list.py:574] Instantiated Shampoo Preconditioner 23.block_0 ([torch.Size([0]), torch.Size([0])]) for Parameter 23 (torch.Size([64, 32, 2, 2])), Block block_0 (torch.Size([64, 128])).
I0315 19:15:58.555731 140541031118016 shampoo_preconditioner_list.py:621] Rank 1: ShampooPreconditionerList Total Bytes: 663552
I0315 19:15:58.555774 140252643460288 shampoo_preconditioner_list.py:574] Instantiated Shampoo Preconditioner 21.block_0 ([torch.Size([0]), torch.Size([0])]) for Parameter 21 (torch.Size([256, 128, 2, 2])), Block block_0 (torch.Size([256, 512])).
I0315 19:15:58.555777 140403110823104 shampoo_preconditioner_list.py:574] Instantiated Shampoo Preconditioner 17.block_0 ([torch.Size([0]), torch.Size([0])]) for Parameter 17 (torch.Size([32, 32, 3, 3])), Block block_0 (torch.Size([1024, 9])).
I0315 19:15:58.555830 139910288733376 shampoo_preconditioner_list.py:574] Instantiated Shampoo Preconditioner 21.block_0 ([torch.Size([0]), torch.Size([0])]) for Parameter 21 (torch.Size([256, 128, 2, 2])), Block block_0 (torch.Size([256, 512])).
I0315 19:15:58.555828 140359151371456 shampoo_preconditioner_list.py:612] Rank 5: ShampooPreconditionerList Numel Breakdown: (165888, 2097314, 174080, 671744, 696320, 327698, 426002, 1310738, 1703954, 1048738, 655522, 1310738, 1212434, 327698, 303122, 671744, 665600, 2097314, 2048, 2, 2621440, 655360, 163840, 40960)
I0315 19:15:58.555872 140359151371456 shampoo_preconditioner_list.py:615] Rank 5: ShampooPreconditionerList Bytes Breakdown: (663552, 8389256, 696320, 2686976)
I0315 19:15:58.555905 140252643460288 shampoo_preconditioner_list.py:574] Instantiated Shampoo Preconditioner 22.block_0 ([torch.Size([0]), torch.Size([0])]) for Parameter 22 (torch.Size([128, 64, 2, 2])), Block block_0 (torch.Size([128, 256])).
I0315 19:15:58.555881 139979773215936 logger_utils.py:262] Unable to record workload.train_mean information. Continuing without it.
I0315 19:15:58.555919 140359151371456 shampoo_preconditioner_list.py:618] Rank 5: ShampooPreconditionerList Total Elements: 19350298
I0315 19:15:58.555952 140359151371456 shampoo_preconditioner_list.py:621] Rank 5: ShampooPreconditionerList Total Bytes: 12436104
I0315 19:15:58.555944 140403110823104 shampoo_preconditioner_list.py:574] Instantiated Shampoo Preconditioner 18.block_0 ([torch.Size([32, 32])]) for Parameter 18 (torch.Size([1, 32, 1, 1])), Block block_0 (torch.Size([32])).
I0315 19:15:58.555950 139979773215936 logger_utils.py:262] Unable to record workload.train_stddev information. Continuing without it.
I0315 19:15:58.555962 139910288733376 shampoo_preconditioner_list.py:574] Instantiated Shampoo Preconditioner 22.block_0 ([torch.Size([0]), torch.Size([0])]) for Parameter 22 (torch.Size([128, 64, 2, 2])), Block block_0 (torch.Size([128, 256])).
I0315 19:15:58.556082 139910288733376 shampoo_preconditioner_list.py:574] Instantiated Shampoo Preconditioner 23.block_0 ([torch.Size([0]), torch.Size([0])]) for Parameter 23 (torch.Size([64, 32, 2, 2])), Block block_0 (torch.Size([64, 128])).
I0315 19:15:58.556116 140403110823104 shampoo_preconditioner_list.py:574] Instantiated Shampoo Preconditioner 19.block_0 ([torch.Size([1, 1])]) for Parameter 19 (torch.Size([1])), Block block_0 (torch.Size([1])).
I0315 19:15:58.556134 140252643460288 shampoo_preconditioner_list.py:574] Instantiated Shampoo Preconditioner 23.block_0 ([torch.Size([64, 64]), torch.Size([128, 128])]) for Parameter 23 (torch.Size([64, 32, 2, 2])), Block block_0 (torch.Size([64, 128])).
I0315 19:15:58.556221 139910288733376 shampoo_preconditioner_list.py:612] Rank 0: ShampooPreconditionerList Numel Breakdown: (165888, 2097314, 174080, 671744, 696320, 327698, 426002, 1310738, 1703954, 1048738, 655522, 1310738, 1212434, 327698, 303122, 671744, 665600, 2097314, 2048, 2, 2621440, 655360, 163840, 40960)
I0315 19:15:58.556275 139910288733376 shampoo_preconditioner_list.py:615] Rank 0: ShampooPreconditionerList Bytes Breakdown: (663552,)
I0315 19:15:58.556294 140403110823104 shampoo_preconditioner_list.py:574] Instantiated Shampoo Preconditioner 20.block_0 ([torch.Size([0]), torch.Size([0])]) for Parameter 20 (torch.Size([512, 256, 2, 2])), Block block_0 (torch.Size([512, 1024])).
I0315 19:15:58.556303 140252643460288 shampoo_preconditioner_list.py:612] Rank 7: ShampooPreconditionerList Numel Breakdown: (165888, 2097314, 174080, 671744, 696320, 327698, 426002, 1310738, 1703954, 1048738, 655522, 1310738, 1212434, 327698, 303122, 671744, 665600, 2097314, 2048, 2, 2621440, 655360, 163840, 40960)
I0315 19:15:58.556323 139910288733376 shampoo_preconditioner_list.py:618] Rank 0: ShampooPreconditionerList Total Elements: 19350298
I0315 19:15:58.556350 140252643460288 shampoo_preconditioner_list.py:615] Rank 7: ShampooPreconditionerList Bytes Breakdown: (663552, 8389256, 696320, 2686976, 2785280, 1310792)
I0315 19:15:58.556355 139910288733376 shampoo_preconditioner_list.py:621] Rank 0: ShampooPreconditionerList Total Bytes: 663552
I0315 19:15:58.556396 140252643460288 shampoo_preconditioner_list.py:618] Rank 7: ShampooPreconditionerList Total Elements: 19350298
I0315 19:15:58.556444 140252643460288 shampoo_preconditioner_list.py:621] Rank 7: ShampooPreconditionerList Total Bytes: 16532176
I0315 19:15:58.556916 140403110823104 shampoo_preconditioner_list.py:574] Instantiated Shampoo Preconditioner 21.block_0 ([torch.Size([256, 256]), torch.Size([512, 512])]) for Parameter 21 (torch.Size([256, 128, 2, 2])), Block block_0 (torch.Size([256, 512])).
I0315 19:15:58.556915 139910288733376 submission.py:142] No large parameters detected! Continuing with only Shampoo....
I0315 19:15:58.557002 140333034140864 logger_utils.py:262] Unable to record workload.train_mean information. Continuing without it.
I0315 19:15:58.557012 140541031118016 logger_utils.py:262] Unable to record workload.train_mean information. Continuing without it.
I0315 19:15:58.557018 139767967495360 logger_utils.py:262] Unable to record workload.train_mean information. Continuing without it.
I0315 19:15:58.557079 140541031118016 logger_utils.py:262] Unable to record workload.train_stddev information. Continuing without it.
I0315 19:15:58.557083 140333034140864 logger_utils.py:262] Unable to record workload.train_stddev information. Continuing without it.
I0315 19:15:58.557086 139767967495360 logger_utils.py:262] Unable to record workload.train_stddev information. Continuing without it.
I0315 19:15:58.557112 139910288733376 submission_runner.py:279] Initializing metrics bundle.
I0315 19:15:58.557172 140403110823104 shampoo_preconditioner_list.py:574] Instantiated Shampoo Preconditioner 22.block_0 ([torch.Size([128, 128]), torch.Size([256, 256])]) for Parameter 22 (torch.Size([128, 64, 2, 2])), Block block_0 (torch.Size([128, 256])).
I0315 19:15:58.557254 139910288733376 submission_runner.py:301] Initializing checkpoint and logger.
I0315 19:15:58.557286 140359151371456 logger_utils.py:262] Unable to record workload.train_mean information. Continuing without it.
I0315 19:15:58.557319 140403110823104 shampoo_preconditioner_list.py:574] Instantiated Shampoo Preconditioner 23.block_0 ([torch.Size([0]), torch.Size([0])]) for Parameter 23 (torch.Size([64, 32, 2, 2])), Block block_0 (torch.Size([64, 128])).
I0315 19:15:58.557363 140359151371456 logger_utils.py:262] Unable to record workload.train_stddev information. Continuing without it.
I0315 19:15:58.557451 140403110823104 shampoo_preconditioner_list.py:612] Rank 6: ShampooPreconditionerList Numel Breakdown: (165888, 2097314, 174080, 671744, 696320, 327698, 426002, 1310738, 1703954, 1048738, 655522, 1310738, 1212434, 327698, 303122, 671744, 665600, 2097314, 2048, 2, 2621440, 655360, 163840, 40960)
I0315 19:15:58.557503 140403110823104 shampoo_preconditioner_list.py:615] Rank 6: ShampooPreconditionerList Bytes Breakdown: (663552, 8389256, 696320, 2686976, 2785280, 1310792, 1704008)
I0315 19:15:58.557544 140403110823104 shampoo_preconditioner_list.py:618] Rank 6: ShampooPreconditionerList Total Elements: 19350298
I0315 19:15:58.557580 140403110823104 shampoo_preconditioner_list.py:621] Rank 6: ShampooPreconditionerList Total Bytes: 18236184
I0315 19:15:58.557684 139910288733376 submission_runner.py:321] Saving meta data to /experiment_runs/submissions/rolling_leaderboard/external_tuning/shampoo/study_2/fastmri_pytorch/trial_3/meta_data_0.json.
I0315 19:15:58.557859 139910288733376 logger_utils.py:262] Unable to record workload.train_mean information. Continuing without it.
I0315 19:15:58.557908 139910288733376 logger_utils.py:262] Unable to record workload.train_stddev information. Continuing without it.
I0315 19:15:58.558146 140252643460288 logger_utils.py:262] Unable to record workload.train_mean information. Continuing without it.
I0315 19:15:58.558223 140252643460288 logger_utils.py:262] Unable to record workload.train_stddev information. Continuing without it.
I0315 19:15:58.559348 140403110823104 logger_utils.py:262] Unable to record workload.train_mean information. Continuing without it.
I0315 19:15:58.559429 140403110823104 logger_utils.py:262] Unable to record workload.train_stddev information. Continuing without it.
I0315 19:15:59.379664 139910288733376 submission_runner.py:325] Saving flags to /experiment_runs/submissions/rolling_leaderboard/external_tuning/shampoo/study_2/fastmri_pytorch/trial_3/flags_0.json.
I0315 19:15:59.474082 139910288733376 submission_runner.py:337] Starting training loop.
[rank2]:W0315 19:15:59.665000 46 site-packages/torch/_logging/_internal.py:1081] [0/0] Profiler function <class 'torch.autograd.profiler.record_function'> will be ignored
[rank5]:W0315 19:15:59.665000 49 site-packages/torch/_logging/_internal.py:1081] [0/0] Profiler function <class 'torch.autograd.profiler.record_function'> will be ignored
[rank3]:W0315 19:15:59.665000 47 site-packages/torch/_logging/_internal.py:1081] [0/0] Profiler function <class 'torch.autograd.profiler.record_function'> will be ignored
[rank7]:W0315 19:15:59.665000 51 site-packages/torch/_logging/_internal.py:1081] [0/0] Profiler function <class 'torch.autograd.profiler.record_function'> will be ignored
[rank1]:W0315 19:15:59.665000 45 site-packages/torch/_logging/_internal.py:1081] [0/0] Profiler function <class 'torch.autograd.profiler.record_function'> will be ignored
[rank6]:W0315 19:15:59.665000 50 site-packages/torch/_logging/_internal.py:1081] [0/0] Profiler function <class 'torch.autograd.profiler.record_function'> will be ignored
[rank4]:W0315 19:15:59.665000 48 site-packages/torch/_logging/_internal.py:1081] [0/0] Profiler function <class 'torch.autograd.profiler.record_function'> will be ignored
[rank0]:W0315 19:19:43.331000 44 site-packages/torch/_logging/_internal.py:1081] [0/0] Profiler function <class 'torch.autograd.profiler.record_function'> will be ignored
[rank2]:W0315 19:20:29.960000 46 site-packages/torch/_dynamo/convert_frame.py:844] [2/8] torch._dynamo hit config.cache_size_limit (8)
[rank2]:W0315 19:20:29.960000 46 site-packages/torch/_dynamo/convert_frame.py:844] [2/8]    function: 'forward' (/algorithmic-efficiency/algoperf/workloads/fastmri/fastmri_pytorch/models.py:141)
[rank2]:W0315 19:20:29.960000 46 site-packages/torch/_dynamo/convert_frame.py:844] [2/8]    last reason: 2/0: tensor 'L['x']' requires_grad mismatch. expected requires_grad=0
[rank2]:W0315 19:20:29.960000 46 site-packages/torch/_dynamo/convert_frame.py:844] [2/8] To log all recompilation reasons, use TORCH_LOGS="recompiles".
[rank2]:W0315 19:20:29.960000 46 site-packages/torch/_dynamo/convert_frame.py:844] [2/8] To diagnose recompilation issues, see https://pytorch.org/docs/main/torch.compiler_troubleshooting.html.
[rank4]:W0315 19:20:29.960000 48 site-packages/torch/_dynamo/convert_frame.py:844] [2/8] torch._dynamo hit config.cache_size_limit (8)
[rank4]:W0315 19:20:29.960000 48 site-packages/torch/_dynamo/convert_frame.py:844] [2/8]    function: 'forward' (/algorithmic-efficiency/algoperf/workloads/fastmri/fastmri_pytorch/models.py:141)
[rank4]:W0315 19:20:29.960000 48 site-packages/torch/_dynamo/convert_frame.py:844] [2/8]    last reason: 2/0: tensor 'L['x']' requires_grad mismatch. expected requires_grad=0
[rank4]:W0315 19:20:29.960000 48 site-packages/torch/_dynamo/convert_frame.py:844] [2/8] To log all recompilation reasons, use TORCH_LOGS="recompiles".
[rank4]:W0315 19:20:29.960000 48 site-packages/torch/_dynamo/convert_frame.py:844] [2/8] To diagnose recompilation issues, see https://pytorch.org/docs/main/torch.compiler_troubleshooting.html.
[rank6]:W0315 19:20:30.025000 50 site-packages/torch/_dynamo/convert_frame.py:844] [2/8] torch._dynamo hit config.cache_size_limit (8)
[rank6]:W0315 19:20:30.025000 50 site-packages/torch/_dynamo/convert_frame.py:844] [2/8]    function: 'forward' (/algorithmic-efficiency/algoperf/workloads/fastmri/fastmri_pytorch/models.py:141)
[rank6]:W0315 19:20:30.025000 50 site-packages/torch/_dynamo/convert_frame.py:844] [2/8]    last reason: 2/0: tensor 'L['x']' requires_grad mismatch. expected requires_grad=0
[rank6]:W0315 19:20:30.025000 50 site-packages/torch/_dynamo/convert_frame.py:844] [2/8] To log all recompilation reasons, use TORCH_LOGS="recompiles".
[rank6]:W0315 19:20:30.025000 50 site-packages/torch/_dynamo/convert_frame.py:844] [2/8] To diagnose recompilation issues, see https://pytorch.org/docs/main/torch.compiler_troubleshooting.html.
[rank7]:W0315 19:20:30.026000 51 site-packages/torch/_dynamo/convert_frame.py:844] [2/8] torch._dynamo hit config.cache_size_limit (8)
[rank7]:W0315 19:20:30.026000 51 site-packages/torch/_dynamo/convert_frame.py:844] [2/8]    function: 'forward' (/algorithmic-efficiency/algoperf/workloads/fastmri/fastmri_pytorch/models.py:141)
[rank7]:W0315 19:20:30.026000 51 site-packages/torch/_dynamo/convert_frame.py:844] [2/8]    last reason: 2/0: tensor 'L['x']' requires_grad mismatch. expected requires_grad=0
[rank7]:W0315 19:20:30.026000 51 site-packages/torch/_dynamo/convert_frame.py:844] [2/8] To log all recompilation reasons, use TORCH_LOGS="recompiles".
[rank7]:W0315 19:20:30.026000 51 site-packages/torch/_dynamo/convert_frame.py:844] [2/8] To diagnose recompilation issues, see https://pytorch.org/docs/main/torch.compiler_troubleshooting.html.
[rank1]:W0315 19:20:30.074000 45 site-packages/torch/_dynamo/convert_frame.py:844] [2/8] torch._dynamo hit config.cache_size_limit (8)
[rank1]:W0315 19:20:30.074000 45 site-packages/torch/_dynamo/convert_frame.py:844] [2/8]    function: 'forward' (/algorithmic-efficiency/algoperf/workloads/fastmri/fastmri_pytorch/models.py:141)
[rank1]:W0315 19:20:30.074000 45 site-packages/torch/_dynamo/convert_frame.py:844] [2/8]    last reason: 2/0: tensor 'L['x']' requires_grad mismatch. expected requires_grad=0
[rank1]:W0315 19:20:30.074000 45 site-packages/torch/_dynamo/convert_frame.py:844] [2/8] To log all recompilation reasons, use TORCH_LOGS="recompiles".
[rank1]:W0315 19:20:30.074000 45 site-packages/torch/_dynamo/convert_frame.py:844] [2/8] To diagnose recompilation issues, see https://pytorch.org/docs/main/torch.compiler_troubleshooting.html.
[rank5]:W0315 19:20:30.100000 49 site-packages/torch/_dynamo/convert_frame.py:844] [2/8] torch._dynamo hit config.cache_size_limit (8)
[rank5]:W0315 19:20:30.100000 49 site-packages/torch/_dynamo/convert_frame.py:844] [2/8]    function: 'forward' (/algorithmic-efficiency/algoperf/workloads/fastmri/fastmri_pytorch/models.py:141)
[rank5]:W0315 19:20:30.100000 49 site-packages/torch/_dynamo/convert_frame.py:844] [2/8]    last reason: 2/0: tensor 'L['x']' requires_grad mismatch. expected requires_grad=0
[rank5]:W0315 19:20:30.100000 49 site-packages/torch/_dynamo/convert_frame.py:844] [2/8] To log all recompilation reasons, use TORCH_LOGS="recompiles".
[rank5]:W0315 19:20:30.100000 49 site-packages/torch/_dynamo/convert_frame.py:844] [2/8] To diagnose recompilation issues, see https://pytorch.org/docs/main/torch.compiler_troubleshooting.html.
[rank3]:W0315 19:20:30.146000 47 site-packages/torch/_dynamo/convert_frame.py:844] [2/8] torch._dynamo hit config.cache_size_limit (8)
[rank3]:W0315 19:20:30.146000 47 site-packages/torch/_dynamo/convert_frame.py:844] [2/8]    function: 'forward' (/algorithmic-efficiency/algoperf/workloads/fastmri/fastmri_pytorch/models.py:141)
[rank3]:W0315 19:20:30.146000 47 site-packages/torch/_dynamo/convert_frame.py:844] [2/8]    last reason: 2/0: tensor 'L['x']' requires_grad mismatch. expected requires_grad=0
[rank3]:W0315 19:20:30.146000 47 site-packages/torch/_dynamo/convert_frame.py:844] [2/8] To log all recompilation reasons, use TORCH_LOGS="recompiles".
[rank3]:W0315 19:20:30.146000 47 site-packages/torch/_dynamo/convert_frame.py:844] [2/8] To diagnose recompilation issues, see https://pytorch.org/docs/main/torch.compiler_troubleshooting.html.
[rank0]:W0315 19:20:30.164000 44 site-packages/torch/_dynamo/convert_frame.py:844] [2/8] torch._dynamo hit config.cache_size_limit (8)
[rank0]:W0315 19:20:30.164000 44 site-packages/torch/_dynamo/convert_frame.py:844] [2/8]    function: 'forward' (/algorithmic-efficiency/algoperf/workloads/fastmri/fastmri_pytorch/models.py:141)
[rank0]:W0315 19:20:30.164000 44 site-packages/torch/_dynamo/convert_frame.py:844] [2/8]    last reason: 2/0: tensor 'L['x']' requires_grad mismatch. expected requires_grad=0
[rank0]:W0315 19:20:30.164000 44 site-packages/torch/_dynamo/convert_frame.py:844] [2/8] To log all recompilation reasons, use TORCH_LOGS="recompiles".
[rank0]:W0315 19:20:30.164000 44 site-packages/torch/_dynamo/convert_frame.py:844] [2/8] To diagnose recompilation issues, see https://pytorch.org/docs/main/torch.compiler_troubleshooting.html.
I0315 19:20:43.739042 139881733879552 logging_writer.py:48] [0] global_step=0, grad_norm=3.32137, loss=0.781374
I0315 19:20:44.027697 139910288733376 submission.py:265] 0) loss = 0.781, grad_norm = 3.321
I0315 19:20:44.685626 139910288733376 spec.py:321] Evaluating on the training split.
I0315 19:27:26.683544 139910288733376 spec.py:333] Evaluating on the validation split.
I0315 19:31:25.846382 139910288733376 spec.py:349] Evaluating on the test split.
I0315 19:35:19.751689 139910288733376 submission_runner.py:469] Time since start: 1160.28s, 	Step: 1, 	{'train/ssim': 0.2406021867479597, 'train/loss': 0.757904188973563, 'validation/ssim': 0.22950762661239976, 'validation/loss': 0.7763365497063168, 'validation/num_examples': 3554, 'test/ssim': 0.2535599807360025, 'test/loss': 0.7742088507487433, 'test/num_examples': 3581, 'score': 284.5546500682831, 'total_duration': 1160.2777500152588, 'accumulated_submission_time': 284.5546500682831, 'accumulated_eval_time': 875.0662159919739, 'accumulated_logging_time': 0}
I0315 19:35:19.759983 139865492526848 logging_writer.py:48] [1] accumulated_eval_time=875.066, accumulated_logging_time=0, accumulated_submission_time=284.555, global_step=1, preemption_count=0, score=284.555, test/loss=0.774209, test/num_examples=3581, test/ssim=0.25356, total_duration=1160.28, train/loss=0.757904, train/ssim=0.240602, validation/loss=0.776337, validation/num_examples=3554, validation/ssim=0.229508
I0315 19:35:20.829511 139865006012160 logging_writer.py:48] [1] global_step=1, grad_norm=3.27578, loss=0.76099
I0315 19:35:20.833376 139910288733376 submission.py:265] 1) loss = 0.761, grad_norm = 3.276
I0315 19:35:20.928148 139865492526848 logging_writer.py:48] [2] global_step=2, grad_norm=3.14928, loss=0.759356
I0315 19:35:20.935727 139910288733376 submission.py:265] 2) loss = 0.759, grad_norm = 3.149
I0315 19:35:21.019793 139865006012160 logging_writer.py:48] [3] global_step=3, grad_norm=3.34437, loss=0.720948
I0315 19:35:21.030080 139910288733376 submission.py:265] 3) loss = 0.721, grad_norm = 3.344
I0315 19:35:21.116359 139865492526848 logging_writer.py:48] [4] global_step=4, grad_norm=2.30185, loss=0.70713
I0315 19:35:21.121495 139910288733376 submission.py:265] 4) loss = 0.707, grad_norm = 2.302
I0315 19:35:21.209166 139865006012160 logging_writer.py:48] [5] global_step=5, grad_norm=2.12369, loss=0.583124
I0315 19:35:21.214344 139910288733376 submission.py:265] 5) loss = 0.583, grad_norm = 2.124
I0315 19:35:21.307775 139865492526848 logging_writer.py:48] [6] global_step=6, grad_norm=1.19485, loss=0.606468
I0315 19:35:21.315096 139910288733376 submission.py:265] 6) loss = 0.606, grad_norm = 1.195
I0315 19:35:21.382735 139865006012160 logging_writer.py:48] [7] global_step=7, grad_norm=0.982222, loss=0.564158
I0315 19:35:21.386676 139910288733376 submission.py:265] 7) loss = 0.564, grad_norm = 0.982
I0315 19:35:21.474107 139865492526848 logging_writer.py:48] [8] global_step=8, grad_norm=1.37317, loss=0.563712
I0315 19:35:21.479546 139910288733376 submission.py:265] 8) loss = 0.564, grad_norm = 1.373
I0315 19:35:21.577124 139865006012160 logging_writer.py:48] [9] global_step=9, grad_norm=1.72066, loss=0.5348
I0315 19:35:21.582139 139910288733376 submission.py:265] 9) loss = 0.535, grad_norm = 1.721
I0315 19:35:21.667749 139865492526848 logging_writer.py:48] [10] global_step=10, grad_norm=1.81953, loss=0.44146
I0315 19:35:21.675525 139910288733376 submission.py:265] 10) loss = 0.441, grad_norm = 1.820
I0315 19:35:21.761219 139865006012160 logging_writer.py:48] [11] global_step=11, grad_norm=1.76044, loss=0.487667
I0315 19:35:21.769230 139910288733376 submission.py:265] 11) loss = 0.488, grad_norm = 1.760
I0315 19:35:21.848632 139865492526848 logging_writer.py:48] [12] global_step=12, grad_norm=1.49882, loss=0.439152
I0315 19:35:21.853248 139910288733376 submission.py:265] 12) loss = 0.439, grad_norm = 1.499
I0315 19:35:21.936868 139865006012160 logging_writer.py:48] [13] global_step=13, grad_norm=0.774967, loss=0.346074
I0315 19:35:21.941961 139910288733376 submission.py:265] 13) loss = 0.346, grad_norm = 0.775
I0315 19:35:22.023641 139865492526848 logging_writer.py:48] [14] global_step=14, grad_norm=0.436772, loss=0.445544
I0315 19:35:22.028830 139910288733376 submission.py:265] 14) loss = 0.446, grad_norm = 0.437
I0315 19:35:22.102932 139865006012160 logging_writer.py:48] [15] global_step=15, grad_norm=0.811926, loss=0.45975
I0315 19:35:22.107409 139910288733376 submission.py:265] 15) loss = 0.460, grad_norm = 0.812
I0315 19:35:22.183427 139865492526848 logging_writer.py:48] [16] global_step=16, grad_norm=1.16938, loss=0.428368
I0315 19:35:22.187189 139910288733376 submission.py:265] 16) loss = 0.428, grad_norm = 1.169
I0315 19:35:22.280546 139865006012160 logging_writer.py:48] [17] global_step=17, grad_norm=1.05558, loss=0.458719
I0315 19:35:22.286092 139910288733376 submission.py:265] 17) loss = 0.459, grad_norm = 1.056
I0315 19:35:22.373028 139865492526848 logging_writer.py:48] [18] global_step=18, grad_norm=0.813998, loss=0.433462
I0315 19:35:22.377935 139910288733376 submission.py:265] 18) loss = 0.433, grad_norm = 0.814
I0315 19:35:22.476039 139865006012160 logging_writer.py:48] [19] global_step=19, grad_norm=0.91192, loss=0.434066
I0315 19:35:22.481090 139910288733376 submission.py:265] 19) loss = 0.434, grad_norm = 0.912
I0315 19:35:22.568270 139865492526848 logging_writer.py:48] [20] global_step=20, grad_norm=0.809416, loss=0.371824
I0315 19:35:22.575464 139910288733376 submission.py:265] 20) loss = 0.372, grad_norm = 0.809
I0315 19:35:22.654874 139865006012160 logging_writer.py:48] [21] global_step=21, grad_norm=0.690811, loss=0.405265
I0315 19:35:22.660959 139910288733376 submission.py:265] 21) loss = 0.405, grad_norm = 0.691
I0315 19:35:22.748353 139865492526848 logging_writer.py:48] [22] global_step=22, grad_norm=0.53709, loss=0.526087
I0315 19:35:22.752990 139910288733376 submission.py:265] 22) loss = 0.526, grad_norm = 0.537
I0315 19:35:22.837857 139865006012160 logging_writer.py:48] [23] global_step=23, grad_norm=0.633542, loss=0.339105
I0315 19:35:22.842662 139910288733376 submission.py:265] 23) loss = 0.339, grad_norm = 0.634
I0315 19:35:22.929604 139865492526848 logging_writer.py:48] [24] global_step=24, grad_norm=0.351951, loss=0.376691
I0315 19:35:22.935852 139910288733376 submission.py:265] 24) loss = 0.377, grad_norm = 0.352
I0315 19:35:23.024304 139865006012160 logging_writer.py:48] [25] global_step=25, grad_norm=0.250487, loss=0.374613
I0315 19:35:23.028949 139910288733376 submission.py:265] 25) loss = 0.375, grad_norm = 0.250
I0315 19:35:23.101147 139865492526848 logging_writer.py:48] [26] global_step=26, grad_norm=0.240039, loss=0.355945
I0315 19:35:23.108914 139910288733376 submission.py:265] 26) loss = 0.356, grad_norm = 0.240
I0315 19:35:23.191889 139865006012160 logging_writer.py:48] [27] global_step=27, grad_norm=0.425824, loss=0.331493
I0315 19:35:23.197933 139910288733376 submission.py:265] 27) loss = 0.331, grad_norm = 0.426
I0315 19:35:23.265480 139865492526848 logging_writer.py:48] [28] global_step=28, grad_norm=0.400299, loss=0.376711
I0315 19:35:23.271217 139910288733376 submission.py:265] 28) loss = 0.377, grad_norm = 0.400
I0315 19:35:23.353227 139865006012160 logging_writer.py:48] [29] global_step=29, grad_norm=0.467113, loss=0.3926
I0315 19:35:23.360865 139910288733376 submission.py:265] 29) loss = 0.393, grad_norm = 0.467
I0315 19:35:23.449354 139865492526848 logging_writer.py:48] [30] global_step=30, grad_norm=0.416074, loss=0.311302
I0315 19:35:23.457504 139910288733376 submission.py:265] 30) loss = 0.311, grad_norm = 0.416
I0315 19:35:23.535401 139865006012160 logging_writer.py:48] [31] global_step=31, grad_norm=0.359965, loss=0.290648
I0315 19:35:23.540051 139910288733376 submission.py:265] 31) loss = 0.291, grad_norm = 0.360
I0315 19:35:23.620975 139865492526848 logging_writer.py:48] [32] global_step=32, grad_norm=0.327683, loss=0.364668
I0315 19:35:23.625566 139910288733376 submission.py:265] 32) loss = 0.365, grad_norm = 0.328
I0315 19:35:23.704816 139865006012160 logging_writer.py:48] [33] global_step=33, grad_norm=0.289468, loss=0.342847
I0315 19:35:23.711630 139910288733376 submission.py:265] 33) loss = 0.343, grad_norm = 0.289
I0315 19:35:23.791871 139865492526848 logging_writer.py:48] [34] global_step=34, grad_norm=0.378853, loss=0.282593
I0315 19:35:23.799514 139910288733376 submission.py:265] 34) loss = 0.283, grad_norm = 0.379
I0315 19:35:23.878446 139865006012160 logging_writer.py:48] [35] global_step=35, grad_norm=0.221583, loss=0.369084
I0315 19:35:23.883718 139910288733376 submission.py:265] 35) loss = 0.369, grad_norm = 0.222
I0315 19:35:23.962608 139865492526848 logging_writer.py:48] [36] global_step=36, grad_norm=0.195459, loss=0.321004
I0315 19:35:23.968722 139910288733376 submission.py:265] 36) loss = 0.321, grad_norm = 0.195
I0315 19:35:24.045928 139865006012160 logging_writer.py:48] [37] global_step=37, grad_norm=0.122599, loss=0.287233
I0315 19:35:24.053649 139910288733376 submission.py:265] 37) loss = 0.287, grad_norm = 0.123
I0315 19:35:24.134609 139865492526848 logging_writer.py:48] [38] global_step=38, grad_norm=0.134089, loss=0.275683
I0315 19:35:24.140732 139910288733376 submission.py:265] 38) loss = 0.276, grad_norm = 0.134
I0315 19:35:24.217900 139865006012160 logging_writer.py:48] [39] global_step=39, grad_norm=0.196401, loss=0.401174
I0315 19:35:24.222994 139910288733376 submission.py:265] 39) loss = 0.401, grad_norm = 0.196
I0315 19:35:24.293688 139865492526848 logging_writer.py:48] [40] global_step=40, grad_norm=0.115788, loss=0.327508
I0315 19:35:24.299257 139910288733376 submission.py:265] 40) loss = 0.328, grad_norm = 0.116
I0315 19:35:24.371810 139865006012160 logging_writer.py:48] [41] global_step=41, grad_norm=0.213083, loss=0.270952
I0315 19:35:24.377745 139910288733376 submission.py:265] 41) loss = 0.271, grad_norm = 0.213
I0315 19:35:24.457238 139865492526848 logging_writer.py:48] [42] global_step=42, grad_norm=0.12439, loss=0.382714
I0315 19:35:24.463838 139910288733376 submission.py:265] 42) loss = 0.383, grad_norm = 0.124
I0315 19:35:24.539631 139865006012160 logging_writer.py:48] [43] global_step=43, grad_norm=0.12531, loss=0.349353
I0315 19:35:24.543936 139910288733376 submission.py:265] 43) loss = 0.349, grad_norm = 0.125
I0315 19:35:24.625050 139865492526848 logging_writer.py:48] [44] global_step=44, grad_norm=0.171611, loss=0.327104
I0315 19:35:24.634443 139910288733376 submission.py:265] 44) loss = 0.327, grad_norm = 0.172
I0315 19:35:24.709115 139865006012160 logging_writer.py:48] [45] global_step=45, grad_norm=0.253921, loss=0.296248
I0315 19:35:24.714881 139910288733376 submission.py:265] 45) loss = 0.296, grad_norm = 0.254
I0315 19:35:24.791023 139865492526848 logging_writer.py:48] [46] global_step=46, grad_norm=0.127452, loss=0.349063
I0315 19:35:24.796091 139910288733376 submission.py:265] 46) loss = 0.349, grad_norm = 0.127
I0315 19:35:24.867370 139865006012160 logging_writer.py:48] [47] global_step=47, grad_norm=0.130586, loss=0.299003
I0315 19:35:24.874945 139910288733376 submission.py:265] 47) loss = 0.299, grad_norm = 0.131
I0315 19:35:24.946637 139865492526848 logging_writer.py:48] [48] global_step=48, grad_norm=0.112475, loss=0.318621
I0315 19:35:24.951197 139910288733376 submission.py:265] 48) loss = 0.319, grad_norm = 0.112
I0315 19:35:25.022640 139865006012160 logging_writer.py:48] [49] global_step=49, grad_norm=0.109837, loss=0.266473
I0315 19:35:25.028482 139910288733376 submission.py:265] 49) loss = 0.266, grad_norm = 0.110
I0315 19:35:25.102031 139865492526848 logging_writer.py:48] [50] global_step=50, grad_norm=0.127162, loss=0.299579
I0315 19:35:25.109154 139910288733376 submission.py:265] 50) loss = 0.300, grad_norm = 0.127
I0315 19:35:25.178782 139865006012160 logging_writer.py:48] [51] global_step=51, grad_norm=0.123772, loss=0.36511
I0315 19:35:25.183989 139910288733376 submission.py:265] 51) loss = 0.365, grad_norm = 0.124
I0315 19:35:25.268069 139865492526848 logging_writer.py:48] [52] global_step=52, grad_norm=0.230438, loss=0.356722
I0315 19:35:25.274104 139910288733376 submission.py:265] 52) loss = 0.357, grad_norm = 0.230
I0315 19:35:25.705694 139865006012160 logging_writer.py:48] [53] global_step=53, grad_norm=0.0996421, loss=0.253469
I0315 19:35:25.711195 139910288733376 submission.py:265] 53) loss = 0.253, grad_norm = 0.100
I0315 19:35:25.944947 139865492526848 logging_writer.py:48] [54] global_step=54, grad_norm=0.112994, loss=0.292427
I0315 19:35:25.949890 139910288733376 submission.py:265] 54) loss = 0.292, grad_norm = 0.113
I0315 19:35:26.216103 139865006012160 logging_writer.py:48] [55] global_step=55, grad_norm=0.104653, loss=0.357357
I0315 19:35:26.221366 139910288733376 submission.py:265] 55) loss = 0.357, grad_norm = 0.105
I0315 19:35:26.499053 139865492526848 logging_writer.py:48] [56] global_step=56, grad_norm=0.132101, loss=0.271707
I0315 19:35:26.503666 139910288733376 submission.py:265] 56) loss = 0.272, grad_norm = 0.132
I0315 19:35:26.803929 139865006012160 logging_writer.py:48] [57] global_step=57, grad_norm=0.194127, loss=0.298133
I0315 19:35:26.809710 139910288733376 submission.py:265] 57) loss = 0.298, grad_norm = 0.194
I0315 19:35:27.085920 139865492526848 logging_writer.py:48] [58] global_step=58, grad_norm=0.114467, loss=0.332418
I0315 19:35:27.091342 139910288733376 submission.py:265] 58) loss = 0.332, grad_norm = 0.114
I0315 19:35:27.403542 139865006012160 logging_writer.py:48] [59] global_step=59, grad_norm=0.0860313, loss=0.359682
I0315 19:35:27.411242 139910288733376 submission.py:265] 59) loss = 0.360, grad_norm = 0.086
I0315 19:35:27.839502 139865492526848 logging_writer.py:48] [60] global_step=60, grad_norm=0.133824, loss=0.307938
I0315 19:35:27.844525 139910288733376 submission.py:265] 60) loss = 0.308, grad_norm = 0.134
I0315 19:35:28.118000 139865006012160 logging_writer.py:48] [61] global_step=61, grad_norm=0.133557, loss=0.37322
I0315 19:35:28.125248 139910288733376 submission.py:265] 61) loss = 0.373, grad_norm = 0.134
I0315 19:35:28.298384 139865492526848 logging_writer.py:48] [62] global_step=62, grad_norm=0.119811, loss=0.312903
I0315 19:35:28.303813 139910288733376 submission.py:265] 62) loss = 0.313, grad_norm = 0.120
I0315 19:35:28.483284 139865006012160 logging_writer.py:48] [63] global_step=63, grad_norm=0.0832704, loss=0.288539
I0315 19:35:28.488635 139910288733376 submission.py:265] 63) loss = 0.289, grad_norm = 0.083
I0315 19:35:28.740732 139865492526848 logging_writer.py:48] [64] global_step=64, grad_norm=0.163568, loss=0.30152
I0315 19:35:28.746877 139910288733376 submission.py:265] 64) loss = 0.302, grad_norm = 0.164
I0315 19:35:29.050148 139865006012160 logging_writer.py:48] [65] global_step=65, grad_norm=0.15949, loss=0.292274
I0315 19:35:29.055874 139910288733376 submission.py:265] 65) loss = 0.292, grad_norm = 0.159
I0315 19:35:29.261345 139865492526848 logging_writer.py:48] [66] global_step=66, grad_norm=0.108341, loss=0.29363
I0315 19:35:29.267605 139910288733376 submission.py:265] 66) loss = 0.294, grad_norm = 0.108
I0315 19:35:29.494119 139865006012160 logging_writer.py:48] [67] global_step=67, grad_norm=0.107337, loss=0.327502
I0315 19:35:29.501782 139910288733376 submission.py:265] 67) loss = 0.328, grad_norm = 0.107
I0315 19:35:29.705744 139865492526848 logging_writer.py:48] [68] global_step=68, grad_norm=0.112681, loss=0.326062
I0315 19:35:29.713833 139910288733376 submission.py:265] 68) loss = 0.326, grad_norm = 0.113
I0315 19:35:29.829222 139865006012160 logging_writer.py:48] [69] global_step=69, grad_norm=0.0769402, loss=0.325239
I0315 19:35:29.837910 139910288733376 submission.py:265] 69) loss = 0.325, grad_norm = 0.077
I0315 19:35:29.972285 139865492526848 logging_writer.py:48] [70] global_step=70, grad_norm=0.111227, loss=0.364245
I0315 19:35:29.977060 139910288733376 submission.py:265] 70) loss = 0.364, grad_norm = 0.111
I0315 19:35:30.127629 139865006012160 logging_writer.py:48] [71] global_step=71, grad_norm=0.100527, loss=0.318768
I0315 19:35:30.133134 139910288733376 submission.py:265] 71) loss = 0.319, grad_norm = 0.101
I0315 19:35:30.222188 139865492526848 logging_writer.py:48] [72] global_step=72, grad_norm=0.268239, loss=0.25024
I0315 19:35:30.232806 139910288733376 submission.py:265] 72) loss = 0.250, grad_norm = 0.268
I0315 19:35:30.325070 139865006012160 logging_writer.py:48] [73] global_step=73, grad_norm=0.176195, loss=0.315554
I0315 19:35:30.352641 139910288733376 submission.py:265] 73) loss = 0.316, grad_norm = 0.176
I0315 19:35:30.443478 139865492526848 logging_writer.py:48] [74] global_step=74, grad_norm=0.0904241, loss=0.251588
I0315 19:35:30.448644 139910288733376 submission.py:265] 74) loss = 0.252, grad_norm = 0.090
I0315 19:35:30.551982 139865006012160 logging_writer.py:48] [75] global_step=75, grad_norm=0.200388, loss=0.391454
I0315 19:35:30.559971 139910288733376 submission.py:265] 75) loss = 0.391, grad_norm = 0.200
I0315 19:35:30.649669 139865492526848 logging_writer.py:48] [76] global_step=76, grad_norm=0.18232, loss=0.332595
I0315 19:35:30.654006 139910288733376 submission.py:265] 76) loss = 0.333, grad_norm = 0.182
I0315 19:35:30.762079 139865006012160 logging_writer.py:48] [77] global_step=77, grad_norm=0.0952955, loss=0.354473
I0315 19:35:30.766739 139910288733376 submission.py:265] 77) loss = 0.354, grad_norm = 0.095
I0315 19:35:30.880666 139865492526848 logging_writer.py:48] [78] global_step=78, grad_norm=0.143608, loss=0.259649
I0315 19:35:30.888548 139910288733376 submission.py:265] 78) loss = 0.260, grad_norm = 0.144
