torchrun --redirects 1:0,2:0,3:0 --standalone --nnodes=1 --nproc_per_node=4 submission_runner.py --framework=pytorch --workload=librispeech_deepspeech --submission_path=submissions_algorithms/submissions/self_tuning/lion/submission.py --data_dir=/data/librispeech --experiment_dir=/experiment_runs --experiment_name=submissions_a100/lion/study_1 --overwrite=True --save_checkpoints=False --rng_seed=1708813484 --librispeech_tokenizer_vocab_path=/data/librispeech/spm_model.vocab --torch_compile=true --tuning_ruleset=self 2>&1 | tee -a /logs/librispeech_deepspeech_pytorch_04-04-2026-11-56-14.log
W0404 11:56:15.888000 9 site-packages/torch/distributed/run.py:803] 
W0404 11:56:15.888000 9 site-packages/torch/distributed/run.py:803] *****************************************
W0404 11:56:15.888000 9 site-packages/torch/distributed/run.py:803] Setting OMP_NUM_THREADS environment variable for each process to be 1 in default, to avoid your system being overloaded, please further tune the variable for optimal performance in your application as needed. 
W0404 11:56:15.888000 9 site-packages/torch/distributed/run.py:803] *****************************************
2026-04-04 11:56:17.462921: E external/local_xla/xla/stream_executor/cuda/cuda_fft.cc:467] Unable to register cuFFT factory: Attempting to register factory for plugin cuFFT when one has already been registered
2026-04-04 11:56:17.462924: E external/local_xla/xla/stream_executor/cuda/cuda_fft.cc:467] Unable to register cuFFT factory: Attempting to register factory for plugin cuFFT when one has already been registered
2026-04-04 11:56:17.462925: E external/local_xla/xla/stream_executor/cuda/cuda_fft.cc:467] Unable to register cuFFT factory: Attempting to register factory for plugin cuFFT when one has already been registered
2026-04-04 11:56:17.462927: E external/local_xla/xla/stream_executor/cuda/cuda_fft.cc:467] Unable to register cuFFT factory: Attempting to register factory for plugin cuFFT when one has already been registered
WARNING: All log messages before absl::InitializeLog() is called are written to STDERR
WARNING: All log messages before absl::InitializeLog() is called are written to STDERR
WARNING: All log messages before absl::InitializeLog() is called are written to STDERR
WARNING: All log messages before absl::InitializeLog() is called are written to STDERR
E0000 00:00:1775303777.483735      40 cuda_dnn.cc:8579] Unable to register cuDNN factory: Attempting to register factory for plugin cuDNN when one has already been registered
E0000 00:00:1775303777.483734      41 cuda_dnn.cc:8579] Unable to register cuDNN factory: Attempting to register factory for plugin cuDNN when one has already been registered
E0000 00:00:1775303777.483734      38 cuda_dnn.cc:8579] Unable to register cuDNN factory: Attempting to register factory for plugin cuDNN when one has already been registered
E0000 00:00:1775303777.483732      39 cuda_dnn.cc:8579] Unable to register cuDNN factory: Attempting to register factory for plugin cuDNN when one has already been registered
E0000 00:00:1775303777.490545      39 cuda_blas.cc:1407] Unable to register cuBLAS factory: Attempting to register factory for plugin cuBLAS when one has already been registered
E0000 00:00:1775303777.490546      41 cuda_blas.cc:1407] Unable to register cuBLAS factory: Attempting to register factory for plugin cuBLAS when one has already been registered
E0000 00:00:1775303777.490548      40 cuda_blas.cc:1407] Unable to register cuBLAS factory: Attempting to register factory for plugin cuBLAS when one has already been registered
E0000 00:00:1775303777.490551      38 cuda_blas.cc:1407] Unable to register cuBLAS factory: Attempting to register factory for plugin cuBLAS when one has already been registered
W0000 00:00:1775303777.507597      38 computation_placer.cc:177] computation placer already registered. Please check linkage and avoid linking the same target more than once.
W0000 00:00:1775303777.507597      41 computation_placer.cc:177] computation placer already registered. Please check linkage and avoid linking the same target more than once.
W0000 00:00:1775303777.507600      39 computation_placer.cc:177] computation placer already registered. Please check linkage and avoid linking the same target more than once.
W0000 00:00:1775303777.507598      40 computation_placer.cc:177] computation placer already registered. Please check linkage and avoid linking the same target more than once.
W0000 00:00:1775303777.507618      41 computation_placer.cc:177] computation placer already registered. Please check linkage and avoid linking the same target more than once.
W0000 00:00:1775303777.507618      39 computation_placer.cc:177] computation placer already registered. Please check linkage and avoid linking the same target more than once.
W0000 00:00:1775303777.507619      40 computation_placer.cc:177] computation placer already registered. Please check linkage and avoid linking the same target more than once.
W0000 00:00:1775303777.507621      41 computation_placer.cc:177] computation placer already registered. Please check linkage and avoid linking the same target more than once.
W0000 00:00:1775303777.507621      39 computation_placer.cc:177] computation placer already registered. Please check linkage and avoid linking the same target more than once.
W0000 00:00:1775303777.507621      40 computation_placer.cc:177] computation placer already registered. Please check linkage and avoid linking the same target more than once.
W0000 00:00:1775303777.507623      41 computation_placer.cc:177] computation placer already registered. Please check linkage and avoid linking the same target more than once.
W0000 00:00:1775303777.507623      39 computation_placer.cc:177] computation placer already registered. Please check linkage and avoid linking the same target more than once.
W0000 00:00:1775303777.507623      40 computation_placer.cc:177] computation placer already registered. Please check linkage and avoid linking the same target more than once.
W0000 00:00:1775303777.507623      38 computation_placer.cc:177] computation placer already registered. Please check linkage and avoid linking the same target more than once.
W0000 00:00:1775303777.507626      38 computation_placer.cc:177] computation placer already registered. Please check linkage and avoid linking the same target more than once.
W0000 00:00:1775303777.507628      38 computation_placer.cc:177] computation placer already registered. Please check linkage and avoid linking the same target more than once.
W0000 00:00:1775303782.984317      39 gpu_device.cc:2341] Cannot dlopen some GPU libraries. Please make sure the missing libraries mentioned above are installed properly if you would like to use GPU. Follow the guide at https://www.tensorflow.org/install/gpu for how to download and setup the required libraries for your platform.
Skipping registering GPU devices...
W0000 00:00:1775303783.279609      40 gpu_device.cc:2341] Cannot dlopen some GPU libraries. Please make sure the missing libraries mentioned above are installed properly if you would like to use GPU. Follow the guide at https://www.tensorflow.org/install/gpu for how to download and setup the required libraries for your platform.
Skipping registering GPU devices...
W0000 00:00:1775303783.406166      38 gpu_device.cc:2341] Cannot dlopen some GPU libraries. Please make sure the missing libraries mentioned above are installed properly if you would like to use GPU. Follow the guide at https://www.tensorflow.org/install/gpu for how to download and setup the required libraries for your platform.
Skipping registering GPU devices...
/usr/local/lib/python3.11/site-packages/torch/__init__.py:1617: UserWarning: Please use the new API settings to control TF32 behavior, such as torch.backends.cudnn.conv.fp32_precision = 'tf32' or torch.backends.cuda.matmul.fp32_precision = 'ieee'. Old settings, e.g, torch.backends.cuda.matmul.allow_tf32 = True, torch.backends.cudnn.allow_tf32 = True, allowTF32CuDNN() and allowTF32CuBLAS() will be deprecated after Pytorch 2.9. Please see https://pytorch.org/docs/main/notes/cuda.html#tensorfloat-32-tf32-on-ampere-and-later-devices (Triggered internally at /pytorch/aten/src/ATen/Context.cpp:80.)
  _C._set_float32_matmul_precision(precision)
/usr/local/lib/python3.11/site-packages/torch/__init__.py:1617: UserWarning: Please use the new API settings to control TF32 behavior, such as torch.backends.cudnn.conv.fp32_precision = 'tf32' or torch.backends.cuda.matmul.fp32_precision = 'ieee'. Old settings, e.g, torch.backends.cuda.matmul.allow_tf32 = True, torch.backends.cudnn.allow_tf32 = True, allowTF32CuDNN() and allowTF32CuBLAS() will be deprecated after Pytorch 2.9. Please see https://pytorch.org/docs/main/notes/cuda.html#tensorfloat-32-tf32-on-ampere-and-later-devices (Triggered internally at /pytorch/aten/src/ATen/Context.cpp:80.)
  _C._set_float32_matmul_precision(precision)
W0000 00:00:1775303783.518797      41 gpu_device.cc:2341] Cannot dlopen some GPU libraries. Please make sure the missing libraries mentioned above are installed properly if you would like to use GPU. Follow the guide at https://www.tensorflow.org/install/gpu for how to download and setup the required libraries for your platform.
Skipping registering GPU devices...
/usr/local/lib/python3.11/site-packages/torch/__init__.py:1617: UserWarning: Please use the new API settings to control TF32 behavior, such as torch.backends.cudnn.conv.fp32_precision = 'tf32' or torch.backends.cuda.matmul.fp32_precision = 'ieee'. Old settings, e.g, torch.backends.cuda.matmul.allow_tf32 = True, torch.backends.cudnn.allow_tf32 = True, allowTF32CuDNN() and allowTF32CuBLAS() will be deprecated after Pytorch 2.9. Please see https://pytorch.org/docs/main/notes/cuda.html#tensorfloat-32-tf32-on-ampere-and-later-devices (Triggered internally at /pytorch/aten/src/ATen/Context.cpp:80.)
  _C._set_float32_matmul_precision(precision)
/usr/local/lib/python3.11/site-packages/torch/__init__.py:1617: UserWarning: Please use the new API settings to control TF32 behavior, such as torch.backends.cudnn.conv.fp32_precision = 'tf32' or torch.backends.cuda.matmul.fp32_precision = 'ieee'. Old settings, e.g, torch.backends.cuda.matmul.allow_tf32 = True, torch.backends.cudnn.allow_tf32 = True, allowTF32CuDNN() and allowTF32CuBLAS() will be deprecated after Pytorch 2.9. Please see https://pytorch.org/docs/main/notes/cuda.html#tensorfloat-32-tf32-on-ampere-and-later-devices (Triggered internally at /pytorch/aten/src/ATen/Context.cpp:80.)
  _C._set_float32_matmul_precision(precision)
/usr/local/lib/python3.11/site-packages/pydantic/_internal/_generate_schema.py:2249: UnsupportedFieldAttributeWarning: The 'repr' attribute with value False was provided to the `Field()` function, which has no effect in the context it was used. 'repr' is field-specific metadata, and can only be attached to a model field using `Annotated` metadata or by assignment. This may have happened because an `Annotated` type alias using the `type` statement was used, or if the `Field()` function was attached to a single member of a union type.
  warnings.warn(
/usr/local/lib/python3.11/site-packages/pydantic/_internal/_generate_schema.py:2249: UnsupportedFieldAttributeWarning: The 'frozen' attribute with value True was provided to the `Field()` function, which has no effect in the context it was used. 'frozen' is field-specific metadata, and can only be attached to a model field using `Annotated` metadata or by assignment. This may have happened because an `Annotated` type alias using the `type` statement was used, or if the `Field()` function was attached to a single member of a union type.
  warnings.warn(
/usr/local/lib/python3.11/site-packages/pydantic/_internal/_generate_schema.py:2249: UnsupportedFieldAttributeWarning: The 'repr' attribute with value False was provided to the `Field()` function, which has no effect in the context it was used. 'repr' is field-specific metadata, and can only be attached to a model field using `Annotated` metadata or by assignment. This may have happened because an `Annotated` type alias using the `type` statement was used, or if the `Field()` function was attached to a single member of a union type.
  warnings.warn(
/usr/local/lib/python3.11/site-packages/pydantic/_internal/_generate_schema.py:2249: UnsupportedFieldAttributeWarning: The 'frozen' attribute with value True was provided to the `Field()` function, which has no effect in the context it was used. 'frozen' is field-specific metadata, and can only be attached to a model field using `Annotated` metadata or by assignment. This may have happened because an `Annotated` type alias using the `type` statement was used, or if the `Field()` function was attached to a single member of a union type.
  warnings.warn(
/usr/local/lib/python3.11/site-packages/pydantic/_internal/_generate_schema.py:2249: UnsupportedFieldAttributeWarning: The 'repr' attribute with value False was provided to the `Field()` function, which has no effect in the context it was used. 'repr' is field-specific metadata, and can only be attached to a model field using `Annotated` metadata or by assignment. This may have happened because an `Annotated` type alias using the `type` statement was used, or if the `Field()` function was attached to a single member of a union type.
  warnings.warn(
/usr/local/lib/python3.11/site-packages/pydantic/_internal/_generate_schema.py:2249: UnsupportedFieldAttributeWarning: The 'frozen' attribute with value True was provided to the `Field()` function, which has no effect in the context it was used. 'frozen' is field-specific metadata, and can only be attached to a model field using `Annotated` metadata or by assignment. This may have happened because an `Annotated` type alias using the `type` statement was used, or if the `Field()` function was attached to a single member of a union type.
  warnings.warn(
/usr/local/lib/python3.11/site-packages/pydantic/_internal/_generate_schema.py:2249: UnsupportedFieldAttributeWarning: The 'repr' attribute with value False was provided to the `Field()` function, which has no effect in the context it was used. 'repr' is field-specific metadata, and can only be attached to a model field using `Annotated` metadata or by assignment. This may have happened because an `Annotated` type alias using the `type` statement was used, or if the `Field()` function was attached to a single member of a union type.
  warnings.warn(
/usr/local/lib/python3.11/site-packages/pydantic/_internal/_generate_schema.py:2249: UnsupportedFieldAttributeWarning: The 'frozen' attribute with value True was provided to the `Field()` function, which has no effect in the context it was used. 'frozen' is field-specific metadata, and can only be attached to a model field using `Annotated` metadata or by assignment. This may have happened because an `Annotated` type alias using the `type` statement was used, or if the `Field()` function was attached to a single member of a union type.
  warnings.warn(
/usr/local/lib/python3.11/site-packages/torch/distributed/distributed_c10d.py:4876: UserWarning: barrier(): using the device under current context. You can specify `device_id` in `init_process_group` to mute this warning.
  warnings.warn(  # warn only once
[rank0]:[W404 11:56:25.525139145 ProcessGroupNCCL.cpp:5068] Guessing device ID based on global rank. This can cause a hang if rank to GPU mapping is heterogeneous. You can specify device_id in init_process_group()
I0404 11:56:25.893025 140592981112000 logger_utils.py:84] Creating experiment directory at /experiment_runs/submissions_a100/lion/study_1/librispeech_deepspeech_pytorch.
I0404 11:56:25.893026 140136742474944 logger_utils.py:84] Creating experiment directory at /experiment_runs/submissions_a100/lion/study_1/librispeech_deepspeech_pytorch.
I0404 11:56:25.893025 140289813517504 logger_utils.py:84] Creating experiment directory at /experiment_runs/submissions_a100/lion/study_1/librispeech_deepspeech_pytorch.
I0404 11:56:25.893054 140602357392576 logger_utils.py:84] Creating experiment directory at /experiment_runs/submissions_a100/lion/study_1/librispeech_deepspeech_pytorch.
I0404 11:56:25.935943 140592981112000 submission_runner.py:741] Creating directory at /experiment_runs/submissions_a100/lion/study_1/librispeech_deepspeech_pytorch/trial_1.
I0404 11:56:26.189030 140592981112000 submission_runner.py:242] Initializing dataset.
I0404 11:56:26.189239 140592981112000 input_pipeline.py:19] Loading split = train-clean-100
I0404 11:56:26.236112 140592981112000 input_pipeline.py:19] Loading split = train-clean-360
I0404 11:56:26.390916 140592981112000 input_pipeline.py:19] Loading split = train-other-500
I0404 11:56:26.912673 140592981112000 submission_runner.py:251] Initializing model.
W0404 11:56:30.560702 140602357392576 submission_runner.py:273] These workloads cannot be fully compiled under current PyTorch version. Proceeding without `torch.compile`.
W0404 11:56:30.561856 140136742474944 submission_runner.py:273] These workloads cannot be fully compiled under current PyTorch version. Proceeding without `torch.compile`.
W0404 11:56:30.562504 140289813517504 submission_runner.py:273] These workloads cannot be fully compiled under current PyTorch version. Proceeding without `torch.compile`.
W0404 11:56:30.564485 140592981112000 submission_runner.py:273] These workloads cannot be fully compiled under current PyTorch version. Proceeding without `torch.compile`.
I0404 11:56:32.272163 140592981112000 submission_runner.py:294] Initializing optimizer.
I0404 11:56:32.272718 140592981112000 submission_runner.py:299] Initializing metrics bundle.
I0404 11:56:32.272860 140592981112000 submission_runner.py:321] Initializing checkpoint and logger.
I0404 11:56:32.273251 140602357392576 logger_utils.py:283] Unable to record workload.train_mean information. Continuing without it.
I0404 11:56:32.273261 140136742474944 logger_utils.py:283] Unable to record workload.train_mean information. Continuing without it.
I0404 11:56:32.273402 140602357392576 logger_utils.py:283] Unable to record workload.train_stddev information. Continuing without it.
I0404 11:56:32.273405 140136742474944 logger_utils.py:283] Unable to record workload.train_stddev information. Continuing without it.
I0404 11:56:32.274037 140592981112000 submission_runner.py:344] Saving meta data to /experiment_runs/submissions_a100/lion/study_1/librispeech_deepspeech_pytorch/trial_1/meta_data_0.json.
I0404 11:56:32.274249 140592981112000 logger_utils.py:283] Unable to record workload.train_mean information. Continuing without it.
I0404 11:56:32.274306 140592981112000 logger_utils.py:283] Unable to record workload.train_stddev information. Continuing without it.
I0404 11:56:32.282904 140289813517504 logger_utils.py:283] Unable to record workload.train_mean information. Continuing without it.
I0404 11:56:32.283070 140289813517504 logger_utils.py:283] Unable to record workload.train_stddev information. Continuing without it.
I0404 11:56:32.543628 140592981112000 submission_runner.py:348] Saving flags to /experiment_runs/submissions_a100/lion/study_1/librispeech_deepspeech_pytorch/trial_1/flags_0.json.
I0404 11:56:32.561732 140592981112000 submission_runner.py:359] Starting training loop.
/usr/local/lib/python3.11/multiprocessing/popen_fork.py:66: RuntimeWarning: os.fork() was called. os.fork() is incompatible with multithreaded code, and JAX is multithreaded, so this will likely lead to a deadlock.
  self.pid = os.fork()
/usr/local/lib/python3.11/multiprocessing/popen_fork.py:66: RuntimeWarning: os.fork() was called. os.fork() is incompatible with multithreaded code, and JAX is multithreaded, so this will likely lead to a deadlock.
  self.pid = os.fork()
/usr/local/lib/python3.11/multiprocessing/popen_fork.py:66: RuntimeWarning: os.fork() was called. os.fork() is incompatible with multithreaded code, and JAX is multithreaded, so this will likely lead to a deadlock.
  self.pid = os.fork()
/usr/local/lib/python3.11/multiprocessing/popen_fork.py:66: RuntimeWarning: os.fork() was called. os.fork() is incompatible with multithreaded code, and JAX is multithreaded, so this will likely lead to a deadlock.
  self.pid = os.fork()
I0404 11:57:04.287449 140576009373440 logging_writer.py:48] [0] global_step=0, grad_norm=20.846, loss=33.6136
I0404 11:57:04.327264 140592981112000 submission.py:218] 0) loss = 33.614, grad_norm = 20.846
I0404 11:57:04.903757 140592981112000 spec.py:333] Evaluating on the training split.
I0404 11:57:04.904711 140592981112000 input_pipeline.py:19] Loading split = train-clean-100
I0404 11:57:04.928894 140592981112000 input_pipeline.py:19] Loading split = train-clean-360
I0404 11:57:05.017606 140592981112000 input_pipeline.py:19] Loading split = train-other-500
/usr/local/lib/python3.11/multiprocessing/popen_fork.py:66: RuntimeWarning: os.fork() was called. os.fork() is incompatible with multithreaded code, and JAX is multithreaded, so this will likely lead to a deadlock.
  self.pid = os.fork()
/usr/local/lib/python3.11/multiprocessing/popen_fork.py:66: RuntimeWarning: os.fork() was called. os.fork() is incompatible with multithreaded code, and JAX is multithreaded, so this will likely lead to a deadlock.
  self.pid = os.fork()
/usr/local/lib/python3.11/multiprocessing/popen_fork.py:66: RuntimeWarning: os.fork() was called. os.fork() is incompatible with multithreaded code, and JAX is multithreaded, so this will likely lead to a deadlock.
  self.pid = os.fork()
/usr/local/lib/python3.11/multiprocessing/popen_fork.py:66: RuntimeWarning: os.fork() was called. os.fork() is incompatible with multithreaded code, and JAX is multithreaded, so this will likely lead to a deadlock.
  self.pid = os.fork()
I0404 11:57:39.914514 140592981112000 spec.py:346] Evaluating on the validation split.
I0404 11:57:39.915644 140592981112000 input_pipeline.py:19] Loading split = dev-clean
I0404 11:57:39.933435 140592981112000 input_pipeline.py:19] Loading split = dev-other
/usr/local/lib/python3.11/multiprocessing/popen_fork.py:66: RuntimeWarning: os.fork() was called. os.fork() is incompatible with multithreaded code, and JAX is multithreaded, so this will likely lead to a deadlock.
  self.pid = os.fork()
/usr/local/lib/python3.11/multiprocessing/popen_fork.py:66: RuntimeWarning: os.fork() was called. os.fork() is incompatible with multithreaded code, and JAX is multithreaded, so this will likely lead to a deadlock.
  self.pid = os.fork()
/usr/local/lib/python3.11/multiprocessing/popen_fork.py:66: RuntimeWarning: os.fork() was called. os.fork() is incompatible with multithreaded code, and JAX is multithreaded, so this will likely lead to a deadlock.
  self.pid = os.fork()
/usr/local/lib/python3.11/multiprocessing/popen_fork.py:66: RuntimeWarning: os.fork() was called. os.fork() is incompatible with multithreaded code, and JAX is multithreaded, so this will likely lead to a deadlock.
  self.pid = os.fork()
I0404 11:58:06.097841 140592981112000 spec.py:363] Evaluating on the test split.
I0404 11:58:06.098840 140592981112000 input_pipeline.py:19] Loading split = test-clean
/usr/local/lib/python3.11/multiprocessing/popen_fork.py:66: RuntimeWarning: os.fork() was called. os.fork() is incompatible with multithreaded code, and JAX is multithreaded, so this will likely lead to a deadlock.
  self.pid = os.fork()
/usr/local/lib/python3.11/multiprocessing/popen_fork.py:66: RuntimeWarning: os.fork() was called. os.fork() is incompatible with multithreaded code, and JAX is multithreaded, so this will likely lead to a deadlock.
  self.pid = os.fork()
/usr/local/lib/python3.11/multiprocessing/popen_fork.py:66: RuntimeWarning: os.fork() was called. os.fork() is incompatible with multithreaded code, and JAX is multithreaded, so this will likely lead to a deadlock.
  self.pid = os.fork()
/usr/local/lib/python3.11/multiprocessing/popen_fork.py:66: RuntimeWarning: os.fork() was called. os.fork() is incompatible with multithreaded code, and JAX is multithreaded, so this will likely lead to a deadlock.
  self.pid = os.fork()
I0404 11:58:18.576746 140592981112000 submission_runner.py:516] Time since start: 106.01s, 	Step: 1, 	{'train/ctc_loss': 31.94692032256636, 'train/wer': 3.5095193491117818, 'validation/ctc_loss': 30.791013662849107, 'validation/wer': 3.253464008110848, 'validation/num_examples': 5348, 'test/ctc_loss': 31.004868056003613, 'test/wer': 3.4610525460565067, 'test/num_examples': 2472, 'score': 31.767141819000244, 'total_duration': 106.01481103897095, 'accumulated_submission_time': 31.767141819000244, 'accumulated_eval_time': 73.67282342910767, 'accumulated_logging_time': 0}
I0404 11:58:18.620142 140573608507136 logging_writer.py:48] [1] accumulated_eval_time=73.6728, accumulated_logging_time=0, accumulated_submission_time=31.7671, global_step=1, preemption_count=0, score=31.7671, test/ctc_loss=31.0049, test/num_examples=2472, test/wer=3.46105, total_duration=106.015, train/ctc_loss=31.9469, train/wer=3.50952, validation/ctc_loss=30.791, validation/num_examples=5348, validation/wer=3.25346
I0404 11:58:19.918441 140573600114432 logging_writer.py:48] [1] global_step=1, grad_norm=20.5855, loss=32.9671
I0404 11:58:19.921429 140592981112000 submission.py:218] 1) loss = 32.967, grad_norm = 20.586
I0404 11:58:20.473843 140573608507136 logging_writer.py:48] [2] global_step=2, grad_norm=21.07, loss=33.5425
I0404 11:58:20.476961 140592981112000 submission.py:218] 2) loss = 33.543, grad_norm = 21.070
I0404 11:58:21.030670 140573600114432 logging_writer.py:48] [3] global_step=3, grad_norm=20.7515, loss=33.5096
I0404 11:58:21.033709 140592981112000 submission.py:218] 3) loss = 33.510, grad_norm = 20.752
I0404 11:58:21.579692 140573608507136 logging_writer.py:48] [4] global_step=4, grad_norm=21.9206, loss=33.0829
I0404 11:58:21.582601 140592981112000 submission.py:218] 4) loss = 33.083, grad_norm = 21.921
I0404 11:58:22.124425 140573600114432 logging_writer.py:48] [5] global_step=5, grad_norm=22.3021, loss=33.3843
I0404 11:58:22.127314 140592981112000 submission.py:218] 5) loss = 33.384, grad_norm = 22.302
I0404 11:58:22.686204 140573608507136 logging_writer.py:48] [6] global_step=6, grad_norm=22.5669, loss=33.567
I0404 11:58:22.689246 140592981112000 submission.py:218] 6) loss = 33.567, grad_norm = 22.567
I0404 11:58:23.232155 140573600114432 logging_writer.py:48] [7] global_step=7, grad_norm=22.6523, loss=32.4678
I0404 11:58:23.235399 140592981112000 submission.py:218] 7) loss = 32.468, grad_norm = 22.652
I0404 11:58:23.788240 140573608507136 logging_writer.py:48] [8] global_step=8, grad_norm=25.1981, loss=32.9801
I0404 11:58:23.791298 140592981112000 submission.py:218] 8) loss = 32.980, grad_norm = 25.198
I0404 11:58:25.753184 140573600114432 logging_writer.py:48] [9] global_step=9, grad_norm=25.6238, loss=32.6355
I0404 11:58:25.756272 140592981112000 submission.py:218] 9) loss = 32.636, grad_norm = 25.624
I0404 11:58:26.313007 140573608507136 logging_writer.py:48] [10] global_step=10, grad_norm=29.3648, loss=32.4161
I0404 11:58:26.316213 140592981112000 submission.py:218] 10) loss = 32.416, grad_norm = 29.365
I0404 11:58:26.872183 140573600114432 logging_writer.py:48] [11] global_step=11, grad_norm=30.0284, loss=32.6621
I0404 11:58:26.875313 140592981112000 submission.py:218] 11) loss = 32.662, grad_norm = 30.028
I0404 11:58:27.428795 140573608507136 logging_writer.py:48] [12] global_step=12, grad_norm=31.3171, loss=32.7415
I0404 11:58:27.431799 140592981112000 submission.py:218] 12) loss = 32.741, grad_norm = 31.317
I0404 11:58:31.418032 140573600114432 logging_writer.py:48] [13] global_step=13, grad_norm=33.1179, loss=32.3865
I0404 11:58:31.421039 140592981112000 submission.py:218] 13) loss = 32.386, grad_norm = 33.118
I0404 11:58:32.102337 140573608507136 logging_writer.py:48] [14] global_step=14, grad_norm=36.1502, loss=32.1905
I0404 11:58:32.105756 140592981112000 submission.py:218] 14) loss = 32.191, grad_norm = 36.150
I0404 11:58:32.651831 140573600114432 logging_writer.py:48] [15] global_step=15, grad_norm=34.7856, loss=31.2695
I0404 11:58:32.654884 140592981112000 submission.py:218] 15) loss = 31.270, grad_norm = 34.786
I0404 11:58:33.195827 140573608507136 logging_writer.py:48] [16] global_step=16, grad_norm=35.891, loss=31.8211
I0404 11:58:33.198857 140592981112000 submission.py:218] 16) loss = 31.821, grad_norm = 35.891
I0404 11:58:36.908631 140573600114432 logging_writer.py:48] [17] global_step=17, grad_norm=38.9044, loss=31.3586
I0404 11:58:36.911824 140592981112000 submission.py:218] 17) loss = 31.359, grad_norm = 38.904
I0404 11:58:37.457866 140573608507136 logging_writer.py:48] [18] global_step=18, grad_norm=39.8463, loss=30.9773
I0404 11:58:37.460832 140592981112000 submission.py:218] 18) loss = 30.977, grad_norm = 39.846
I0404 11:58:38.009704 140573600114432 logging_writer.py:48] [19] global_step=19, grad_norm=38.3186, loss=30.4862
I0404 11:58:38.012673 140592981112000 submission.py:218] 19) loss = 30.486, grad_norm = 38.319
I0404 11:58:38.567984 140573608507136 logging_writer.py:48] [20] global_step=20, grad_norm=37.755, loss=29.8279
I0404 11:58:38.571192 140592981112000 submission.py:218] 20) loss = 29.828, grad_norm = 37.755
I0404 11:58:42.369263 140573600114432 logging_writer.py:48] [21] global_step=21, grad_norm=38.0339, loss=29.8397
I0404 11:58:42.372302 140592981112000 submission.py:218] 21) loss = 29.840, grad_norm = 38.034
I0404 11:58:43.154879 140573608507136 logging_writer.py:48] [22] global_step=22, grad_norm=41.4081, loss=29.8807
I0404 11:58:43.158174 140592981112000 submission.py:218] 22) loss = 29.881, grad_norm = 41.408
I0404 11:58:43.705202 140573600114432 logging_writer.py:48] [23] global_step=23, grad_norm=39.7041, loss=28.9328
I0404 11:58:43.708352 140592981112000 submission.py:218] 23) loss = 28.933, grad_norm = 39.704
I0404 11:58:44.255129 140573608507136 logging_writer.py:48] [24] global_step=24, grad_norm=39.6296, loss=28.995
I0404 11:58:44.258337 140592981112000 submission.py:218] 24) loss = 28.995, grad_norm = 39.630
I0404 11:58:47.723027 140573600114432 logging_writer.py:48] [25] global_step=25, grad_norm=40.0996, loss=28.7376
I0404 11:58:47.726280 140592981112000 submission.py:218] 25) loss = 28.738, grad_norm = 40.100
I0404 11:58:49.052697 140573608507136 logging_writer.py:48] [26] global_step=26, grad_norm=40.4078, loss=28.2075
I0404 11:58:49.055728 140592981112000 submission.py:218] 26) loss = 28.208, grad_norm = 40.408
I0404 11:58:49.611425 140573600114432 logging_writer.py:48] [27] global_step=27, grad_norm=39.5523, loss=28.2391
I0404 11:58:49.614523 140592981112000 submission.py:218] 27) loss = 28.239, grad_norm = 39.552
I0404 11:58:50.169201 140573608507136 logging_writer.py:48] [28] global_step=28, grad_norm=38.6746, loss=27.4919
I0404 11:58:50.172332 140592981112000 submission.py:218] 28) loss = 27.492, grad_norm = 38.675
I0404 11:58:53.311145 140573600114432 logging_writer.py:48] [29] global_step=29, grad_norm=38.2227, loss=26.679
I0404 11:58:53.314261 140592981112000 submission.py:218] 29) loss = 26.679, grad_norm = 38.223
I0404 11:58:54.654932 140573608507136 logging_writer.py:48] [30] global_step=30, grad_norm=37.5894, loss=26.4254
I0404 11:58:54.658068 140592981112000 submission.py:218] 30) loss = 26.425, grad_norm = 37.589
I0404 11:58:55.199069 140573600114432 logging_writer.py:48] [31] global_step=31, grad_norm=38.4899, loss=26.2926
I0404 11:58:55.202075 140592981112000 submission.py:218] 31) loss = 26.293, grad_norm = 38.490
I0404 11:58:55.750542 140573608507136 logging_writer.py:48] [32] global_step=32, grad_norm=37.9449, loss=25.746
I0404 11:58:55.753569 140592981112000 submission.py:218] 32) loss = 25.746, grad_norm = 37.945
I0404 11:58:58.721706 140573600114432 logging_writer.py:48] [33] global_step=33, grad_norm=38.0904, loss=25.7929
I0404 11:58:58.724915 140592981112000 submission.py:218] 33) loss = 25.793, grad_norm = 38.090
I0404 11:58:59.927762 140573608507136 logging_writer.py:48] [34] global_step=34, grad_norm=37.3538, loss=25.0653
I0404 11:58:59.931108 140592981112000 submission.py:218] 34) loss = 25.065, grad_norm = 37.354
I0404 11:59:00.475296 140573600114432 logging_writer.py:48] [35] global_step=35, grad_norm=37.2241, loss=24.715
I0404 11:59:00.478500 140592981112000 submission.py:218] 35) loss = 24.715, grad_norm = 37.224
I0404 11:59:01.042251 140573608507136 logging_writer.py:48] [36] global_step=36, grad_norm=37.1291, loss=24.1869
I0404 11:59:01.045199 140592981112000 submission.py:218] 36) loss = 24.187, grad_norm = 37.129
I0404 11:59:04.364978 140573600114432 logging_writer.py:48] [37] global_step=37, grad_norm=35.8633, loss=23.4411
I0404 11:59:04.368084 140592981112000 submission.py:218] 37) loss = 23.441, grad_norm = 35.863
I0404 11:59:05.504240 140573608507136 logging_writer.py:48] [38] global_step=38, grad_norm=35.9105, loss=23.0698
I0404 11:59:05.507215 140592981112000 submission.py:218] 38) loss = 23.070, grad_norm = 35.910
I0404 11:59:06.059562 140573600114432 logging_writer.py:48] [39] global_step=39, grad_norm=35.7215, loss=23.1565
I0404 11:59:06.062578 140592981112000 submission.py:218] 39) loss = 23.157, grad_norm = 35.721
I0404 11:59:06.620206 140573608507136 logging_writer.py:48] [40] global_step=40, grad_norm=35.2459, loss=22.3122
I0404 11:59:06.623187 140592981112000 submission.py:218] 40) loss = 22.312, grad_norm = 35.246
I0404 11:59:09.445215 140573600114432 logging_writer.py:48] [41] global_step=41, grad_norm=34.0418, loss=21.6765
I0404 11:59:09.448233 140592981112000 submission.py:218] 41) loss = 21.676, grad_norm = 34.042
I0404 11:59:11.207201 140573608507136 logging_writer.py:48] [42] global_step=42, grad_norm=33.4894, loss=21.4198
I0404 11:59:11.210300 140592981112000 submission.py:218] 42) loss = 21.420, grad_norm = 33.489
I0404 11:59:11.763925 140573600114432 logging_writer.py:48] [43] global_step=43, grad_norm=32.116, loss=20.7859
I0404 11:59:11.767013 140592981112000 submission.py:218] 43) loss = 20.786, grad_norm = 32.116
I0404 11:59:12.311137 140573608507136 logging_writer.py:48] [44] global_step=44, grad_norm=31.5725, loss=20.5214
I0404 11:59:12.314125 140592981112000 submission.py:218] 44) loss = 20.521, grad_norm = 31.572
I0404 11:59:14.752480 140573600114432 logging_writer.py:48] [45] global_step=45, grad_norm=31.9502, loss=20.0367
I0404 11:59:14.755789 140592981112000 submission.py:218] 45) loss = 20.037, grad_norm = 31.950
I0404 11:59:17.349619 140573608507136 logging_writer.py:48] [46] global_step=46, grad_norm=30.3872, loss=19.3668
I0404 11:59:17.352676 140592981112000 submission.py:218] 46) loss = 19.367, grad_norm = 30.387
I0404 11:59:17.894612 140573600114432 logging_writer.py:48] [47] global_step=47, grad_norm=30.4908, loss=19.1157
I0404 11:59:17.897639 140592981112000 submission.py:218] 47) loss = 19.116, grad_norm = 30.491
I0404 11:59:18.452768 140573608507136 logging_writer.py:48] [48] global_step=48, grad_norm=30.2784, loss=19.3259
I0404 11:59:18.455820 140592981112000 submission.py:218] 48) loss = 19.326, grad_norm = 30.278
I0404 11:59:20.106066 140573600114432 logging_writer.py:48] [49] global_step=49, grad_norm=29.4693, loss=18.667
I0404 11:59:20.109190 140592981112000 submission.py:218] 49) loss = 18.667, grad_norm = 29.469
I0404 11:59:22.328027 140573608507136 logging_writer.py:48] [50] global_step=50, grad_norm=27.7004, loss=18.0943
I0404 11:59:22.331195 140592981112000 submission.py:218] 50) loss = 18.094, grad_norm = 27.700
I0404 11:59:22.879842 140573600114432 logging_writer.py:48] [51] global_step=51, grad_norm=27.2771, loss=17.5839
I0404 11:59:22.882861 140592981112000 submission.py:218] 51) loss = 17.584, grad_norm = 27.277
I0404 11:59:23.432651 140573608507136 logging_writer.py:48] [52] global_step=52, grad_norm=25.1682, loss=16.9371
I0404 11:59:23.435621 140592981112000 submission.py:218] 52) loss = 16.937, grad_norm = 25.168
I0404 11:59:26.349617 140573600114432 logging_writer.py:48] [53] global_step=53, grad_norm=26.0518, loss=16.9117
I0404 11:59:26.352661 140592981112000 submission.py:218] 53) loss = 16.912, grad_norm = 26.052
I0404 11:59:27.306974 140573608507136 logging_writer.py:48] [54] global_step=54, grad_norm=24.4326, loss=16.9857
I0404 11:59:27.309936 140592981112000 submission.py:218] 54) loss = 16.986, grad_norm = 24.433
I0404 11:59:27.857491 140573600114432 logging_writer.py:48] [55] global_step=55, grad_norm=24.921, loss=16.6308
I0404 11:59:27.860559 140592981112000 submission.py:218] 55) loss = 16.631, grad_norm = 24.921
I0404 11:59:28.405570 140573608507136 logging_writer.py:48] [56] global_step=56, grad_norm=23.668, loss=15.9195
I0404 11:59:28.408680 140592981112000 submission.py:218] 56) loss = 15.919, grad_norm = 23.668
I0404 11:59:31.332820 140573600114432 logging_writer.py:48] [57] global_step=57, grad_norm=23.8669, loss=15.8146
I0404 11:59:31.335789 140592981112000 submission.py:218] 57) loss = 15.815, grad_norm = 23.867
I0404 11:59:32.855108 140573608507136 logging_writer.py:48] [58] global_step=58, grad_norm=22.6125, loss=15.0424
I0404 11:59:32.858123 140592981112000 submission.py:218] 58) loss = 15.042, grad_norm = 22.613
I0404 11:59:33.417919 140573600114432 logging_writer.py:48] [59] global_step=59, grad_norm=21.2717, loss=14.9467
I0404 11:59:33.421041 140592981112000 submission.py:218] 59) loss = 14.947, grad_norm = 21.272
I0404 11:59:33.974745 140573608507136 logging_writer.py:48] [60] global_step=60, grad_norm=21.022, loss=14.757
I0404 11:59:33.977864 140592981112000 submission.py:218] 60) loss = 14.757, grad_norm = 21.022
I0404 11:59:37.195790 140573600114432 logging_writer.py:48] [61] global_step=61, grad_norm=21.162, loss=13.9524
I0404 11:59:37.198939 140592981112000 submission.py:218] 61) loss = 13.952, grad_norm = 21.162
I0404 11:59:38.389502 140573608507136 logging_writer.py:48] [62] global_step=62, grad_norm=19.0956, loss=14.3479
I0404 11:59:38.392404 140592981112000 submission.py:218] 62) loss = 14.348, grad_norm = 19.096
I0404 11:59:38.938859 140573600114432 logging_writer.py:48] [63] global_step=63, grad_norm=18.2255, loss=14.279
I0404 11:59:38.941933 140592981112000 submission.py:218] 63) loss = 14.279, grad_norm = 18.225
I0404 11:59:39.490346 140573608507136 logging_writer.py:48] [64] global_step=64, grad_norm=17.7181, loss=13.2848
I0404 11:59:39.493302 140592981112000 submission.py:218] 64) loss = 13.285, grad_norm = 17.718
I0404 11:59:42.474376 140573600114432 logging_writer.py:48] [65] global_step=65, grad_norm=16.9239, loss=13.3137
I0404 11:59:42.477563 140592981112000 submission.py:218] 65) loss = 13.314, grad_norm = 16.924
I0404 11:59:43.761408 140573608507136 logging_writer.py:48] [66] global_step=66, grad_norm=16.0506, loss=12.7958
I0404 11:59:43.764438 140592981112000 submission.py:218] 66) loss = 12.796, grad_norm = 16.051
I0404 11:59:44.315400 140573600114432 logging_writer.py:48] [67] global_step=67, grad_norm=15.3077, loss=12.3264
I0404 11:59:44.318415 140592981112000 submission.py:218] 67) loss = 12.326, grad_norm = 15.308
I0404 11:59:44.876690 140573608507136 logging_writer.py:48] [68] global_step=68, grad_norm=14.2997, loss=12.2555
I0404 11:59:44.879646 140592981112000 submission.py:218] 68) loss = 12.256, grad_norm = 14.300
I0404 11:59:47.896790 140573600114432 logging_writer.py:48] [69] global_step=69, grad_norm=14.3491, loss=12.3429
I0404 11:59:47.899777 140592981112000 submission.py:218] 69) loss = 12.343, grad_norm = 14.349
I0404 11:59:48.785523 140573608507136 logging_writer.py:48] [70] global_step=70, grad_norm=12.7539, loss=11.8583
I0404 11:59:48.788484 140592981112000 submission.py:218] 70) loss = 11.858, grad_norm = 12.754
I0404 11:59:49.328894 140573600114432 logging_writer.py:48] [71] global_step=71, grad_norm=13.4716, loss=12.1813
I0404 11:59:49.332208 140592981112000 submission.py:218] 71) loss = 12.181, grad_norm = 13.472
I0404 11:59:49.877120 140573608507136 logging_writer.py:48] [72] global_step=72, grad_norm=12.3502, loss=11.6225
I0404 11:59:49.880173 140592981112000 submission.py:218] 72) loss = 11.622, grad_norm = 12.350
I0404 11:59:53.640400 140573600114432 logging_writer.py:48] [73] global_step=73, grad_norm=12.0218, loss=11.6265
I0404 11:59:53.643438 140592981112000 submission.py:218] 73) loss = 11.626, grad_norm = 12.022
I0404 11:59:54.441893 140573608507136 logging_writer.py:48] [74] global_step=74, grad_norm=11.0364, loss=11.5249
I0404 11:59:54.444857 140592981112000 submission.py:218] 74) loss = 11.525, grad_norm = 11.036
I0404 11:59:55.001703 140573600114432 logging_writer.py:48] [75] global_step=75, grad_norm=11.3865, loss=11.5791
I0404 11:59:55.004758 140592981112000 submission.py:218] 75) loss = 11.579, grad_norm = 11.386
I0404 11:59:55.563510 140573608507136 logging_writer.py:48] [76] global_step=76, grad_norm=10.4854, loss=11.1263
I0404 11:59:55.566592 140592981112000 submission.py:218] 76) loss = 11.126, grad_norm = 10.485
I0404 11:59:58.915539 140573600114432 logging_writer.py:48] [77] global_step=77, grad_norm=10.0098, loss=10.8786
I0404 11:59:58.918498 140592981112000 submission.py:218] 77) loss = 10.879, grad_norm = 10.010
I0404 12:00:00.048316 140573608507136 logging_writer.py:48] [78] global_step=78, grad_norm=9.67116, loss=10.5975
I0404 12:00:00.051347 140592981112000 submission.py:218] 78) loss = 10.597, grad_norm = 9.671
I0404 12:00:00.597278 140573600114432 logging_writer.py:48] [79] global_step=79, grad_norm=9.77747, loss=10.4971
I0404 12:00:00.600239 140592981112000 submission.py:218] 79) loss = 10.497, grad_norm = 9.777
I0404 12:00:01.146542 140573608507136 logging_writer.py:48] [80] global_step=80, grad_norm=9.29939, loss=10.6195
I0404 12:00:01.149513 140592981112000 submission.py:218] 80) loss = 10.620, grad_norm = 9.299
I0404 12:00:04.415874 140573600114432 logging_writer.py:48] [81] global_step=81, grad_norm=8.5518, loss=10.2715
I0404 12:00:04.418974 140592981112000 submission.py:218] 81) loss = 10.271, grad_norm = 8.552
I0404 12:00:05.204012 140573608507136 logging_writer.py:48] [82] global_step=82, grad_norm=8.18763, loss=10.098
I0404 12:00:05.207087 140592981112000 submission.py:218] 82) loss = 10.098, grad_norm = 8.188
I0404 12:00:05.750148 140573600114432 logging_writer.py:48] [83] global_step=83, grad_norm=7.63237, loss=10.0077
I0404 12:00:05.753200 140592981112000 submission.py:218] 83) loss = 10.008, grad_norm = 7.632
I0404 12:00:06.304249 140573608507136 logging_writer.py:48] [84] global_step=84, grad_norm=7.81861, loss=9.89949
I0404 12:00:06.307487 140592981112000 submission.py:218] 84) loss = 9.899, grad_norm = 7.819
I0404 12:00:10.229464 140573600114432 logging_writer.py:48] [85] global_step=85, grad_norm=7.9249, loss=9.8935
I0404 12:00:10.232511 140592981112000 submission.py:218] 85) loss = 9.893, grad_norm = 7.925
I0404 12:00:10.776237 140573608507136 logging_writer.py:48] [86] global_step=86, grad_norm=7.14503, loss=9.53748
I0404 12:00:10.779288 140592981112000 submission.py:218] 86) loss = 9.537, grad_norm = 7.145
I0404 12:00:11.335790 140573600114432 logging_writer.py:48] [87] global_step=87, grad_norm=7.62415, loss=9.63709
I0404 12:00:11.338907 140592981112000 submission.py:218] 87) loss = 9.637, grad_norm = 7.624
I0404 12:00:11.888808 140573608507136 logging_writer.py:48] [88] global_step=88, grad_norm=7.67602, loss=9.66433
I0404 12:00:11.891769 140592981112000 submission.py:218] 88) loss = 9.664, grad_norm = 7.676
I0404 12:00:15.090867 140573600114432 logging_writer.py:48] [89] global_step=89, grad_norm=6.79741, loss=9.58416
I0404 12:00:15.093854 140592981112000 submission.py:218] 89) loss = 9.584, grad_norm = 6.797
I0404 12:00:16.053114 140573608507136 logging_writer.py:48] [90] global_step=90, grad_norm=6.74823, loss=9.09053
I0404 12:00:16.056072 140592981112000 submission.py:218] 90) loss = 9.091, grad_norm = 6.748
I0404 12:00:16.613218 140573600114432 logging_writer.py:48] [91] global_step=91, grad_norm=7.2881, loss=9.39304
I0404 12:00:16.616392 140592981112000 submission.py:218] 91) loss = 9.393, grad_norm = 7.288
I0404 12:00:17.170990 140573608507136 logging_writer.py:48] [92] global_step=92, grad_norm=6.9362, loss=9.28069
I0404 12:00:17.174145 140592981112000 submission.py:218] 92) loss = 9.281, grad_norm = 6.936
I0404 12:00:20.680804 140573600114432 logging_writer.py:48] [93] global_step=93, grad_norm=6.51718, loss=9.02333
I0404 12:00:20.683840 140592981112000 submission.py:218] 93) loss = 9.023, grad_norm = 6.517
I0404 12:00:21.233789 140573608507136 logging_writer.py:48] [94] global_step=94, grad_norm=6.25814, loss=8.96245
I0404 12:00:21.236877 140592981112000 submission.py:218] 94) loss = 8.962, grad_norm = 6.258
I0404 12:00:21.787755 140573600114432 logging_writer.py:48] [95] global_step=95, grad_norm=6.56887, loss=8.87974
I0404 12:00:21.790729 140592981112000 submission.py:218] 95) loss = 8.880, grad_norm = 6.569
I0404 12:00:22.341250 140573608507136 logging_writer.py:48] [96] global_step=96, grad_norm=6.67741, loss=8.77023
I0404 12:00:22.344202 140592981112000 submission.py:218] 96) loss = 8.770, grad_norm = 6.677
I0404 12:00:25.765491 140573600114432 logging_writer.py:48] [97] global_step=97, grad_norm=6.00735, loss=8.73042
I0404 12:00:25.768689 140592981112000 submission.py:218] 97) loss = 8.730, grad_norm = 6.007
I0404 12:00:26.336730 140573608507136 logging_writer.py:48] [98] global_step=98, grad_norm=5.73013, loss=8.78455
I0404 12:00:26.339781 140592981112000 submission.py:218] 98) loss = 8.785, grad_norm = 5.730
I0404 12:00:26.882159 140573600114432 logging_writer.py:48] [99] global_step=99, grad_norm=5.72685, loss=8.66158
I0404 12:00:26.885190 140592981112000 submission.py:218] 99) loss = 8.662, grad_norm = 5.727
I0404 12:00:27.430650 140573608507136 logging_writer.py:48] [100] global_step=100, grad_norm=5.58051, loss=8.41632
I0404 12:00:27.433769 140592981112000 submission.py:218] 100) loss = 8.416, grad_norm = 5.581
I0404 12:09:32.716917 140573600114432 logging_writer.py:48] [500] global_step=500, grad_norm=2.20871, loss=5.80212
I0404 12:09:32.720378 140592981112000 submission.py:218] 500) loss = 5.802, grad_norm = 2.209
I0404 12:21:06.323338 140573608507136 logging_writer.py:48] [1000] global_step=1000, grad_norm=3.33424, loss=3.61911
I0404 12:21:06.358616 140592981112000 submission.py:218] 1000) loss = 3.619, grad_norm = 3.334
/usr/local/lib/python3.11/multiprocessing/popen_fork.py:66: RuntimeWarning: os.fork() was called. os.fork() is incompatible with multithreaded code, and JAX is multithreaded, so this will likely lead to a deadlock.
  self.pid = os.fork()
I0404 12:22:26.739507 140592981112000 spec.py:333] Evaluating on the training split.
I0404 12:22:39.073852 140592981112000 spec.py:346] Evaluating on the validation split.
I0404 12:22:58.602179 140592981112000 spec.py:363] Evaluating on the test split.
I0404 12:23:08.656366 140592981112000 submission_runner.py:516] Time since start: 1596.09s, 	Step: 1095, 	{'train/ctc_loss': 13.512203556133974, 'train/wer': 0.9414462004291332, 'validation/ctc_loss': 13.386248618645771, 'validation/wer': 0.8967218654950997, 'validation/num_examples': 5348, 'test/ctc_loss': 13.36191689786438, 'test/wer': 0.899579550301627, 'test/num_examples': 2472, 'score': 1478.0001254081726, 'total_duration': 1596.0945179462433, 'accumulated_submission_time': 1478.0001254081726, 'accumulated_eval_time': 115.58969712257385, 'accumulated_logging_time': 0.052961111068725586}
I0404 12:23:08.702842 140573608507136 logging_writer.py:48] [1095] accumulated_eval_time=115.59, accumulated_logging_time=0.0529611, accumulated_submission_time=1478, global_step=1095, preemption_count=0, score=1478, test/ctc_loss=13.3619, test/num_examples=2472, test/wer=0.89958, total_duration=1596.09, train/ctc_loss=13.5122, train/wer=0.941446, validation/ctc_loss=13.3862, validation/num_examples=5348, validation/wer=0.896722
I0404 12:28:34.825270 140573600114432 logging_writer.py:48] [1500] global_step=1500, grad_norm=1.86685, loss=2.65633
I0404 12:28:34.828794 140592981112000 submission.py:218] 1500) loss = 2.656, grad_norm = 1.867
I0404 12:39:31.056075 140573608507136 logging_writer.py:48] [2000] global_step=2000, grad_norm=2.72942, loss=2.19614
I0404 12:39:31.059536 140592981112000 submission.py:218] 2000) loss = 2.196, grad_norm = 2.729
/usr/local/lib/python3.11/multiprocessing/popen_fork.py:66: RuntimeWarning: os.fork() was called. os.fork() is incompatible with multithreaded code, and JAX is multithreaded, so this will likely lead to a deadlock.
  self.pid = os.fork()
I0404 12:45:10.693997 140573608507136 logging_writer.py:48] [2500] global_step=2500, grad_norm=1.90625, loss=2.06489
I0404 12:45:10.700505 140592981112000 submission.py:218] 2500) loss = 2.065, grad_norm = 1.906
I0404 12:47:16.465714 140592981112000 spec.py:333] Evaluating on the training split.
/usr/local/lib/python3.11/multiprocessing/popen_fork.py:66: RuntimeWarning: os.fork() was called. os.fork() is incompatible with multithreaded code, and JAX is multithreaded, so this will likely lead to a deadlock.
  self.pid = os.fork()
I0404 12:47:31.082908 140592981112000 spec.py:346] Evaluating on the validation split.
I0404 12:47:50.919809 140592981112000 spec.py:363] Evaluating on the test split.
I0404 12:48:01.029263 140592981112000 submission_runner.py:516] Time since start: 3088.47s, 	Step: 2654, 	{'train/ctc_loss': 12.356793040361678, 'train/wer': 0.9414462004291332, 'validation/ctc_loss': 12.257071591822383, 'validation/wer': 0.8967218654950997, 'validation/num_examples': 5348, 'test/ctc_loss': 12.24627717917285, 'test/wer': 0.899579550301627, 'test/num_examples': 2472, 'score': 2923.542911529541, 'total_duration': 3088.467358827591, 'accumulated_submission_time': 2923.542911529541, 'accumulated_eval_time': 160.1530237197876, 'accumulated_logging_time': 0.10900545120239258}
