torchrun --redirects 1:0,2:0,3:0 --standalone --nnodes=1 --nproc_per_node=4 submission_runner.py --framework=pytorch --workload=criteo1tb --submission_path=submissions_algorithms/submissions/self_tuning/ademamix_golden/submission.py --data_dir=/data/criteo1tb --experiment_dir=/experiment_runs --experiment_name=submissions_a100/ademamix_golden/study_0 --overwrite=True --save_checkpoints=False --rng_seed=-858678099 --torch_compile=true --tuning_ruleset=self 2>&1 | tee -a /logs/criteo1tb_pytorch_09-14-2026-17-27-32.log
W0914 17:28:02.375000 9 site-packages/torch/distributed/run.py:803] 
W0914 17:28:02.375000 9 site-packages/torch/distributed/run.py:803] *****************************************
W0914 17:28:02.375000 9 site-packages/torch/distributed/run.py:803] Setting OMP_NUM_THREADS environment variable for each process to be 1 in default, to avoid your system being overloaded, please further tune the variable for optimal performance in your application as needed. 
W0914 17:28:02.375000 9 site-packages/torch/distributed/run.py:803] *****************************************
2026-09-14 17:28:18.233756: E external/local_xla/xla/stream_executor/cuda/cuda_fft.cc:467] Unable to register cuFFT factory: Attempting to register factory for plugin cuFFT when one has already been registered
2026-09-14 17:28:18.233757: E external/local_xla/xla/stream_executor/cuda/cuda_fft.cc:467] Unable to register cuFFT factory: Attempting to register factory for plugin cuFFT when one has already been registered
2026-09-14 17:28:18.233768: E external/local_xla/xla/stream_executor/cuda/cuda_fft.cc:467] Unable to register cuFFT factory: Attempting to register factory for plugin cuFFT when one has already been registered
2026-09-14 17:28:18.233757: E external/local_xla/xla/stream_executor/cuda/cuda_fft.cc:467] Unable to register cuFFT factory: Attempting to register factory for plugin cuFFT when one has already been registered
WARNING: All log messages before absl::InitializeLog() is called are written to STDERR
WARNING: All log messages before absl::InitializeLog() is called are written to STDERR
WARNING: All log messages before absl::InitializeLog() is called are written to STDERR
WARNING: All log messages before absl::InitializeLog() is called are written to STDERR
E0000 00:00:1789406898.885564      40 cuda_dnn.cc:8579] Unable to register cuDNN factory: Attempting to register factory for plugin cuDNN when one has already been registered
E0000 00:00:1789406898.885593      38 cuda_dnn.cc:8579] Unable to register cuDNN factory: Attempting to register factory for plugin cuDNN when one has already been registered
E0000 00:00:1789406898.885576      41 cuda_dnn.cc:8579] Unable to register cuDNN factory: Attempting to register factory for plugin cuDNN when one has already been registered
E0000 00:00:1789406898.885577      39 cuda_dnn.cc:8579] Unable to register cuDNN factory: Attempting to register factory for plugin cuDNN when one has already been registered
E0000 00:00:1789406898.963290      41 cuda_blas.cc:1407] Unable to register cuBLAS factory: Attempting to register factory for plugin cuBLAS when one has already been registered
E0000 00:00:1789406898.963297      39 cuda_blas.cc:1407] Unable to register cuBLAS factory: Attempting to register factory for plugin cuBLAS when one has already been registered
E0000 00:00:1789406898.963297      40 cuda_blas.cc:1407] Unable to register cuBLAS factory: Attempting to register factory for plugin cuBLAS when one has already been registered
E0000 00:00:1789406898.963316      38 cuda_blas.cc:1407] Unable to register cuBLAS factory: Attempting to register factory for plugin cuBLAS when one has already been registered
W0000 00:00:1789406900.625768      40 computation_placer.cc:177] computation placer already registered. Please check linkage and avoid linking the same target more than once.
W0000 00:00:1789406900.625769      41 computation_placer.cc:177] computation placer already registered. Please check linkage and avoid linking the same target more than once.
W0000 00:00:1789406900.625775      38 computation_placer.cc:177] computation placer already registered. Please check linkage and avoid linking the same target more than once.
W0000 00:00:1789406900.625780      39 computation_placer.cc:177] computation placer already registered. Please check linkage and avoid linking the same target more than once.
W0000 00:00:1789406900.625811      39 computation_placer.cc:177] computation placer already registered. Please check linkage and avoid linking the same target more than once.
W0000 00:00:1789406900.625811      41 computation_placer.cc:177] computation placer already registered. Please check linkage and avoid linking the same target more than once.
W0000 00:00:1789406900.625811      38 computation_placer.cc:177] computation placer already registered. Please check linkage and avoid linking the same target more than once.
W0000 00:00:1789406900.625812      40 computation_placer.cc:177] computation placer already registered. Please check linkage and avoid linking the same target more than once.
W0000 00:00:1789406900.625814      41 computation_placer.cc:177] computation placer already registered. Please check linkage and avoid linking the same target more than once.
W0000 00:00:1789406900.625814      39 computation_placer.cc:177] computation placer already registered. Please check linkage and avoid linking the same target more than once.
W0000 00:00:1789406900.625815      40 computation_placer.cc:177] computation placer already registered. Please check linkage and avoid linking the same target more than once.
W0000 00:00:1789406900.625815      38 computation_placer.cc:177] computation placer already registered. Please check linkage and avoid linking the same target more than once.
W0000 00:00:1789406900.625816      41 computation_placer.cc:177] computation placer already registered. Please check linkage and avoid linking the same target more than once.
W0000 00:00:1789406900.625817      39 computation_placer.cc:177] computation placer already registered. Please check linkage and avoid linking the same target more than once.
W0000 00:00:1789406900.625818      40 computation_placer.cc:177] computation placer already registered. Please check linkage and avoid linking the same target more than once.
W0000 00:00:1789406900.625818      38 computation_placer.cc:177] computation placer already registered. Please check linkage and avoid linking the same target more than once.
W0000 00:00:1789406933.228746      41 gpu_device.cc:2341] Cannot dlopen some GPU libraries. Please make sure the missing libraries mentioned above are installed properly if you would like to use GPU. Follow the guide at https://www.tensorflow.org/install/gpu for how to download and setup the required libraries for your platform.
Skipping registering GPU devices...
W0000 00:00:1789406933.228775      38 gpu_device.cc:2341] Cannot dlopen some GPU libraries. Please make sure the missing libraries mentioned above are installed properly if you would like to use GPU. Follow the guide at https://www.tensorflow.org/install/gpu for how to download and setup the required libraries for your platform.
Skipping registering GPU devices...
W0000 00:00:1789406933.228796      39 gpu_device.cc:2341] Cannot dlopen some GPU libraries. Please make sure the missing libraries mentioned above are installed properly if you would like to use GPU. Follow the guide at https://www.tensorflow.org/install/gpu for how to download and setup the required libraries for your platform.
Skipping registering GPU devices...
W0000 00:00:1789406933.228799      40 gpu_device.cc:2341] Cannot dlopen some GPU libraries. Please make sure the missing libraries mentioned above are installed properly if you would like to use GPU. Follow the guide at https://www.tensorflow.org/install/gpu for how to download and setup the required libraries for your platform.
Skipping registering GPU devices...
/usr/local/lib/python3.11/site-packages/torch/__init__.py:1617: UserWarning: Please use the new API settings to control TF32 behavior, such as torch.backends.cudnn.conv.fp32_precision = 'tf32' or torch.backends.cuda.matmul.fp32_precision = 'ieee'. Old settings, e.g, torch.backends.cuda.matmul.allow_tf32 = True, torch.backends.cudnn.allow_tf32 = True, allowTF32CuDNN() and allowTF32CuBLAS() will be deprecated after Pytorch 2.9. Please see https://pytorch.org/docs/main/notes/cuda.html#tensorfloat-32-tf32-on-ampere-and-later-devices (Triggered internally at /pytorch/aten/src/ATen/Context.cpp:80.)
  _C._set_float32_matmul_precision(precision)
/usr/local/lib/python3.11/site-packages/torch/__init__.py:1617: UserWarning: Please use the new API settings to control TF32 behavior, such as torch.backends.cudnn.conv.fp32_precision = 'tf32' or torch.backends.cuda.matmul.fp32_precision = 'ieee'. Old settings, e.g, torch.backends.cuda.matmul.allow_tf32 = True, torch.backends.cudnn.allow_tf32 = True, allowTF32CuDNN() and allowTF32CuBLAS() will be deprecated after Pytorch 2.9. Please see https://pytorch.org/docs/main/notes/cuda.html#tensorfloat-32-tf32-on-ampere-and-later-devices (Triggered internally at /pytorch/aten/src/ATen/Context.cpp:80.)
  _C._set_float32_matmul_precision(precision)
/usr/local/lib/python3.11/site-packages/torch/__init__.py:1617: UserWarning: Please use the new API settings to control TF32 behavior, such as torch.backends.cudnn.conv.fp32_precision = 'tf32' or torch.backends.cuda.matmul.fp32_precision = 'ieee'. Old settings, e.g, torch.backends.cuda.matmul.allow_tf32 = True, torch.backends.cudnn.allow_tf32 = True, allowTF32CuDNN() and allowTF32CuBLAS() will be deprecated after Pytorch 2.9. Please see https://pytorch.org/docs/main/notes/cuda.html#tensorfloat-32-tf32-on-ampere-and-later-devices (Triggered internally at /pytorch/aten/src/ATen/Context.cpp:80.)
  _C._set_float32_matmul_precision(precision)
/usr/local/lib/python3.11/site-packages/torch/__init__.py:1617: UserWarning: Please use the new API settings to control TF32 behavior, such as torch.backends.cudnn.conv.fp32_precision = 'tf32' or torch.backends.cuda.matmul.fp32_precision = 'ieee'. Old settings, e.g, torch.backends.cuda.matmul.allow_tf32 = True, torch.backends.cudnn.allow_tf32 = True, allowTF32CuDNN() and allowTF32CuBLAS() will be deprecated after Pytorch 2.9. Please see https://pytorch.org/docs/main/notes/cuda.html#tensorfloat-32-tf32-on-ampere-and-later-devices (Triggered internally at /pytorch/aten/src/ATen/Context.cpp:80.)
  _C._set_float32_matmul_precision(precision)
/usr/local/lib/python3.11/site-packages/pydantic/_internal/_generate_schema.py:2249: UnsupportedFieldAttributeWarning: The 'repr' attribute with value False was provided to the `Field()` function, which has no effect in the context it was used. 'repr' is field-specific metadata, and can only be attached to a model field using `Annotated` metadata or by assignment. This may have happened because an `Annotated` type alias using the `type` statement was used, or if the `Field()` function was attached to a single member of a union type.
  warnings.warn(
/usr/local/lib/python3.11/site-packages/pydantic/_internal/_generate_schema.py:2249: UnsupportedFieldAttributeWarning: The 'repr' attribute with value False was provided to the `Field()` function, which has no effect in the context it was used. 'repr' is field-specific metadata, and can only be attached to a model field using `Annotated` metadata or by assignment. This may have happened because an `Annotated` type alias using the `type` statement was used, or if the `Field()` function was attached to a single member of a union type.
  warnings.warn(
/usr/local/lib/python3.11/site-packages/pydantic/_internal/_generate_schema.py:2249: UnsupportedFieldAttributeWarning: The 'repr' attribute with value False was provided to the `Field()` function, which has no effect in the context it was used. 'repr' is field-specific metadata, and can only be attached to a model field using `Annotated` metadata or by assignment. This may have happened because an `Annotated` type alias using the `type` statement was used, or if the `Field()` function was attached to a single member of a union type.
  warnings.warn(
/usr/local/lib/python3.11/site-packages/pydantic/_internal/_generate_schema.py:2249: UnsupportedFieldAttributeWarning: The 'repr' attribute with value False was provided to the `Field()` function, which has no effect in the context it was used. 'repr' is field-specific metadata, and can only be attached to a model field using `Annotated` metadata or by assignment. This may have happened because an `Annotated` type alias using the `type` statement was used, or if the `Field()` function was attached to a single member of a union type.
  warnings.warn(
/usr/local/lib/python3.11/site-packages/pydantic/_internal/_generate_schema.py:2249: UnsupportedFieldAttributeWarning: The 'frozen' attribute with value True was provided to the `Field()` function, which has no effect in the context it was used. 'frozen' is field-specific metadata, and can only be attached to a model field using `Annotated` metadata or by assignment. This may have happened because an `Annotated` type alias using the `type` statement was used, or if the `Field()` function was attached to a single member of a union type.
  warnings.warn(
/usr/local/lib/python3.11/site-packages/pydantic/_internal/_generate_schema.py:2249: UnsupportedFieldAttributeWarning: The 'frozen' attribute with value True was provided to the `Field()` function, which has no effect in the context it was used. 'frozen' is field-specific metadata, and can only be attached to a model field using `Annotated` metadata or by assignment. This may have happened because an `Annotated` type alias using the `type` statement was used, or if the `Field()` function was attached to a single member of a union type.
  warnings.warn(
/usr/local/lib/python3.11/site-packages/pydantic/_internal/_generate_schema.py:2249: UnsupportedFieldAttributeWarning: The 'frozen' attribute with value True was provided to the `Field()` function, which has no effect in the context it was used. 'frozen' is field-specific metadata, and can only be attached to a model field using `Annotated` metadata or by assignment. This may have happened because an `Annotated` type alias using the `type` statement was used, or if the `Field()` function was attached to a single member of a union type.
  warnings.warn(
/usr/local/lib/python3.11/site-packages/pydantic/_internal/_generate_schema.py:2249: UnsupportedFieldAttributeWarning: The 'frozen' attribute with value True was provided to the `Field()` function, which has no effect in the context it was used. 'frozen' is field-specific metadata, and can only be attached to a model field using `Annotated` metadata or by assignment. This may have happened because an `Annotated` type alias using the `type` statement was used, or if the `Field()` function was attached to a single member of a union type.
  warnings.warn(
/usr/local/lib/python3.11/site-packages/torch/distributed/distributed_c10d.py:4876: UserWarning: barrier(): using the device under current context. You can specify `device_id` in `init_process_group` to mute this warning.
  warnings.warn(  # warn only once
[rank0]:[W914 17:29:03.912545928 ProcessGroupNCCL.cpp:5068] Guessing device ID based on global rank. This can cause a hang if rank to GPU mapping is heterogeneous. You can specify device_id in init_process_group()
I0914 17:29:06.441272 139698671826112 logger_utils.py:84] Creating experiment directory at /experiment_runs/submissions_a100/ademamix_golden/study_0/criteo1tb_pytorch.
I0914 17:29:06.441272 140109222773952 logger_utils.py:84] Creating experiment directory at /experiment_runs/submissions_a100/ademamix_golden/study_0/criteo1tb_pytorch.
I0914 17:29:06.441272 139915216819392 logger_utils.py:84] Creating experiment directory at /experiment_runs/submissions_a100/ademamix_golden/study_0/criteo1tb_pytorch.
I0914 17:29:06.441285 140069821084864 logger_utils.py:84] Creating experiment directory at /experiment_runs/submissions_a100/ademamix_golden/study_0/criteo1tb_pytorch.
I0914 17:29:06.704234 140069821084864 submission_runner.py:741] Creating directory at /experiment_runs/submissions_a100/ademamix_golden/study_0/criteo1tb_pytorch/trial_1.
I0914 17:29:06.975733 140069821084864 submission_runner.py:242] Initializing dataset.
I0914 17:29:06.975917 140069821084864 submission_runner.py:251] Initializing model.
W0914 17:29:22.244227 139698671826112 submission_runner.py:273] These workloads cannot be fully compiled under current PyTorch version. Proceeding without `torch.compile`.
W0914 17:29:22.244227 140109222773952 submission_runner.py:273] These workloads cannot be fully compiled under current PyTorch version. Proceeding without `torch.compile`.
W0914 17:29:22.244233 139915216819392 submission_runner.py:273] These workloads cannot be fully compiled under current PyTorch version. Proceeding without `torch.compile`.
W0914 17:29:22.244280 140069821084864 submission_runner.py:273] These workloads cannot be fully compiled under current PyTorch version. Proceeding without `torch.compile`.
I0914 17:29:22.244459 140069821084864 submission_runner.py:294] Initializing optimizer.
I0914 17:29:22.244872 140069821084864 submission_runner.py:299] Initializing metrics bundle.
I0914 17:29:22.245053 140069821084864 submission_runner.py:321] Initializing checkpoint and logger.
I0914 17:29:22.248365 140069821084864 submission_runner.py:344] Saving meta data to /experiment_runs/submissions_a100/ademamix_golden/study_0/criteo1tb_pytorch/trial_1/meta_data_0.json.
I0914 17:29:22.248414 139915216819392 logger_utils.py:283] Unable to record workload.train_mean information. Continuing without it.
I0914 17:29:22.248425 139698671826112 logger_utils.py:283] Unable to record workload.train_mean information. Continuing without it.
I0914 17:29:22.248546 139915216819392 logger_utils.py:283] Unable to record workload.train_stddev information. Continuing without it.
I0914 17:29:22.248555 139698671826112 logger_utils.py:283] Unable to record workload.train_stddev information. Continuing without it.
I0914 17:29:22.248480 140109222773952 logger_utils.py:283] Unable to record workload.train_mean information. Continuing without it.
I0914 17:29:22.248599 140069821084864 logger_utils.py:283] Unable to record workload.train_mean information. Continuing without it.
I0914 17:29:22.248627 140109222773952 logger_utils.py:283] Unable to record workload.train_stddev information. Continuing without it.
I0914 17:29:22.248669 140069821084864 logger_utils.py:283] Unable to record workload.train_stddev information. Continuing without it.
I0914 17:29:22.875969 140069821084864 submission_runner.py:348] Saving flags to /experiment_runs/submissions_a100/ademamix_golden/study_0/criteo1tb_pytorch/trial_1/flags_0.json.
I0914 17:29:23.141260 140069821084864 submission_runner.py:359] Starting training loop.
I0914 17:29:34.354318 140046488897280 logging_writer.py:48] [0] global_step=0, grad_norm=0.5, loss=0.689198
I0914 17:29:34.568252 140069821084864 submission.py:307] 0) loss = 0.689, grad_norm = 0.500
I0914 17:29:34.896683 140069821084864 spec.py:333] Evaluating on the training split.
I0914 17:41:14.417857 140069821084864 spec.py:346] Evaluating on the validation split.
I0914 17:52:30.343646 140069821084864 spec.py:363] Evaluating on the test split.
I0914 18:05:19.399240 140069821084864 submission_runner.py:516] Time since start: 2156.26s, 	Step: 1, 	{'train/loss': 0.6890505460885573, 'validation/loss': 0.6889704567631297, 'validation/num_examples': 83274637, 'test/loss': 0.6891419952508223, 'test/num_examples': 95000000, 'score': 11.428372621536255, 'total_duration': 2156.258265018463, 'accumulated_submission_time': 11.428372621536255, 'accumulated_eval_time': 2144.502624988556, 'accumulated_logging_time': 0}
I0914 18:05:19.567724 140026536982272 logging_writer.py:48] [1] accumulated_eval_time=2144.5, accumulated_logging_time=0, accumulated_submission_time=11.4284, global_step=1, preemption_count=0, score=11.4284, test/loss=0.689142, test/num_examples=95000000, total_duration=2156.26, train/loss=0.689051, validation/loss=0.68897, validation/num_examples=83274637
I0914 18:05:20.179536 140026528589568 logging_writer.py:48] [1] global_step=1, grad_norm=0.5, loss=0.68918
I0914 18:05:20.182669 140069821084864 submission.py:307] 1) loss = 0.689, grad_norm = 0.500
I0914 18:05:20.418234 140026536982272 logging_writer.py:48] [2] global_step=2, grad_norm=0.5, loss=0.683746
I0914 18:05:20.421381 140069821084864 submission.py:307] 2) loss = 0.684, grad_norm = 0.500
I0914 18:05:20.655732 140026528589568 logging_writer.py:48] [3] global_step=3, grad_norm=0.5, loss=0.672947
I0914 18:05:20.658742 140069821084864 submission.py:307] 3) loss = 0.673, grad_norm = 0.500
I0914 18:05:20.892677 140026536982272 logging_writer.py:48] [4] global_step=4, grad_norm=0.5, loss=0.656802
I0914 18:05:20.895604 140069821084864 submission.py:307] 4) loss = 0.657, grad_norm = 0.500
I0914 18:05:21.129808 140026528589568 logging_writer.py:48] [5] global_step=5, grad_norm=0.5, loss=0.635536
I0914 18:05:21.132754 140069821084864 submission.py:307] 5) loss = 0.636, grad_norm = 0.500
I0914 18:05:21.367295 140026536982272 logging_writer.py:48] [6] global_step=6, grad_norm=0.5, loss=0.6098
I0914 18:05:21.370319 140069821084864 submission.py:307] 6) loss = 0.610, grad_norm = 0.500
I0914 18:05:21.603744 140026528589568 logging_writer.py:48] [7] global_step=7, grad_norm=0.5, loss=0.579884
I0914 18:05:21.606734 140069821084864 submission.py:307] 7) loss = 0.580, grad_norm = 0.500
I0914 18:05:21.841030 140026536982272 logging_writer.py:48] [8] global_step=8, grad_norm=0.5, loss=0.546684
I0914 18:05:21.844105 140069821084864 submission.py:307] 8) loss = 0.547, grad_norm = 0.500
I0914 18:05:22.077088 140026528589568 logging_writer.py:48] [9] global_step=9, grad_norm=0.5, loss=0.510027
I0914 18:05:22.080109 140069821084864 submission.py:307] 9) loss = 0.510, grad_norm = 0.500
I0914 18:05:22.314311 140026536982272 logging_writer.py:48] [10] global_step=10, grad_norm=0.5, loss=0.472204
I0914 18:05:22.317299 140069821084864 submission.py:307] 10) loss = 0.472, grad_norm = 0.500
I0914 18:05:22.551140 140026528589568 logging_writer.py:48] [11] global_step=11, grad_norm=0.5, loss=0.432559
I0914 18:05:22.554266 140069821084864 submission.py:307] 11) loss = 0.433, grad_norm = 0.500
I0914 18:05:22.789183 140026536982272 logging_writer.py:48] [12] global_step=12, grad_norm=0.5, loss=0.393042
I0914 18:05:22.792241 140069821084864 submission.py:307] 12) loss = 0.393, grad_norm = 0.500
I0914 18:05:23.027754 140026528589568 logging_writer.py:48] [13] global_step=13, grad_norm=0.5, loss=0.353394
I0914 18:05:23.030966 140069821084864 submission.py:307] 13) loss = 0.353, grad_norm = 0.500
I0914 18:05:23.268493 140026536982272 logging_writer.py:48] [14] global_step=14, grad_norm=0.5, loss=0.315401
I0914 18:05:23.271552 140069821084864 submission.py:307] 14) loss = 0.315, grad_norm = 0.500
I0914 18:05:23.505109 140026528589568 logging_writer.py:48] [15] global_step=15, grad_norm=0.5, loss=0.279919
I0914 18:05:23.508071 140069821084864 submission.py:307] 15) loss = 0.280, grad_norm = 0.500
I0914 18:05:23.744445 140026536982272 logging_writer.py:48] [16] global_step=16, grad_norm=0.5, loss=0.250032
I0914 18:05:23.747413 140069821084864 submission.py:307] 16) loss = 0.250, grad_norm = 0.500
I0914 18:05:23.981341 140026528589568 logging_writer.py:48] [17] global_step=17, grad_norm=0.5, loss=0.224006
I0914 18:05:23.984382 140069821084864 submission.py:307] 17) loss = 0.224, grad_norm = 0.500
I0914 18:05:24.218593 140026536982272 logging_writer.py:48] [18] global_step=18, grad_norm=0.5, loss=0.202048
I0914 18:05:24.221670 140069821084864 submission.py:307] 18) loss = 0.202, grad_norm = 0.500
I0914 18:05:24.456483 140026528589568 logging_writer.py:48] [19] global_step=19, grad_norm=0.499999, loss=0.18201
I0914 18:05:24.459590 140069821084864 submission.py:307] 19) loss = 0.182, grad_norm = 0.500
I0914 18:05:24.693984 140026536982272 logging_writer.py:48] [20] global_step=20, grad_norm=0.499999, loss=0.169964
I0914 18:05:24.697455 140069821084864 submission.py:307] 20) loss = 0.170, grad_norm = 0.500
I0914 18:05:24.932443 140026528589568 logging_writer.py:48] [21] global_step=21, grad_norm=0.244878, loss=0.162229
I0914 18:05:24.935459 140069821084864 submission.py:307] 21) loss = 0.162, grad_norm = 0.245
I0914 18:05:25.170366 140026536982272 logging_writer.py:48] [22] global_step=22, grad_norm=0.177896, loss=0.157853
I0914 18:05:25.173441 140069821084864 submission.py:307] 22) loss = 0.158, grad_norm = 0.178
I0914 18:05:25.407094 140026528589568 logging_writer.py:48] [23] global_step=23, grad_norm=0.34179, loss=0.160895
I0914 18:05:25.410216 140069821084864 submission.py:307] 23) loss = 0.161, grad_norm = 0.342
I0914 18:05:25.645207 140026536982272 logging_writer.py:48] [24] global_step=24, grad_norm=0.448387, loss=0.160882
I0914 18:05:25.648252 140069821084864 submission.py:307] 24) loss = 0.161, grad_norm = 0.448
I0914 18:05:25.883526 140026528589568 logging_writer.py:48] [25] global_step=25, grad_norm=0.492796, loss=0.161316
I0914 18:05:25.886588 140069821084864 submission.py:307] 25) loss = 0.161, grad_norm = 0.493
I0914 18:05:26.120071 140026536982272 logging_writer.py:48] [26] global_step=26, grad_norm=0.484462, loss=0.161149
I0914 18:05:26.124019 140069821084864 submission.py:307] 26) loss = 0.161, grad_norm = 0.484
I0914 18:05:26.362023 140026528589568 logging_writer.py:48] [27] global_step=27, grad_norm=0.397565, loss=0.157649
I0914 18:05:26.365041 140069821084864 submission.py:307] 27) loss = 0.158, grad_norm = 0.398
I0914 18:05:26.600031 140026536982272 logging_writer.py:48] [28] global_step=28, grad_norm=0.263544, loss=0.15165
I0914 18:05:26.603115 140069821084864 submission.py:307] 28) loss = 0.152, grad_norm = 0.264
I0914 18:05:27.786464 140026528589568 logging_writer.py:48] [29] global_step=29, grad_norm=0.146678, loss=0.150101
I0914 18:05:27.789508 140069821084864 submission.py:307] 29) loss = 0.150, grad_norm = 0.147
I0914 18:05:30.188284 140026536982272 logging_writer.py:48] [30] global_step=30, grad_norm=0.106599, loss=0.148794
I0914 18:05:30.191323 140069821084864 submission.py:307] 30) loss = 0.149, grad_norm = 0.107
I0914 18:05:32.522961 140026528589568 logging_writer.py:48] [31] global_step=31, grad_norm=0.153016, loss=0.150432
I0914 18:05:32.526018 140069821084864 submission.py:307] 31) loss = 0.150, grad_norm = 0.153
I0914 18:05:34.506201 140026536982272 logging_writer.py:48] [32] global_step=32, grad_norm=0.186301, loss=0.148584
I0914 18:05:34.509258 140069821084864 submission.py:307] 32) loss = 0.149, grad_norm = 0.186
I0914 18:05:36.575149 140026528589568 logging_writer.py:48] [33] global_step=33, grad_norm=0.142947, loss=0.147012
I0914 18:05:36.578276 140069821084864 submission.py:307] 33) loss = 0.147, grad_norm = 0.143
I0914 18:05:38.588297 140026536982272 logging_writer.py:48] [34] global_step=34, grad_norm=0.0864599, loss=0.144175
I0914 18:05:38.591542 140069821084864 submission.py:307] 34) loss = 0.144, grad_norm = 0.086
I0914 18:05:40.815914 140026528589568 logging_writer.py:48] [35] global_step=35, grad_norm=0.108623, loss=0.143851
I0914 18:05:40.819048 140069821084864 submission.py:307] 35) loss = 0.144, grad_norm = 0.109
I0914 18:05:43.091388 140026536982272 logging_writer.py:48] [36] global_step=36, grad_norm=0.174385, loss=0.14486
I0914 18:05:43.094461 140069821084864 submission.py:307] 36) loss = 0.145, grad_norm = 0.174
I0914 18:05:45.539047 140026528589568 logging_writer.py:48] [37] global_step=37, grad_norm=0.156668, loss=0.142576
I0914 18:05:45.542137 140069821084864 submission.py:307] 37) loss = 0.143, grad_norm = 0.157
I0914 18:05:47.652343 140026536982272 logging_writer.py:48] [38] global_step=38, grad_norm=0.125792, loss=0.14751
I0914 18:05:47.655410 140069821084864 submission.py:307] 38) loss = 0.148, grad_norm = 0.126
I0914 18:05:49.992342 140026528589568 logging_writer.py:48] [39] global_step=39, grad_norm=0.0599951, loss=0.147111
I0914 18:05:49.995478 140069821084864 submission.py:307] 39) loss = 0.147, grad_norm = 0.060
I0914 18:05:52.103250 140026536982272 logging_writer.py:48] [40] global_step=40, grad_norm=0.0810338, loss=0.14846
I0914 18:05:52.106470 140069821084864 submission.py:307] 40) loss = 0.148, grad_norm = 0.081
I0914 18:05:54.544105 140026528589568 logging_writer.py:48] [41] global_step=41, grad_norm=0.0790589, loss=0.147586
I0914 18:05:54.547455 140069821084864 submission.py:307] 41) loss = 0.148, grad_norm = 0.079
I0914 18:05:57.012162 140026536982272 logging_writer.py:48] [42] global_step=42, grad_norm=0.0467737, loss=0.14555
I0914 18:05:57.015231 140069821084864 submission.py:307] 42) loss = 0.146, grad_norm = 0.047
I0914 18:05:59.008241 140026528589568 logging_writer.py:48] [43] global_step=43, grad_norm=0.0906159, loss=0.145067
I0914 18:05:59.011291 140069821084864 submission.py:307] 43) loss = 0.145, grad_norm = 0.091
I0914 18:06:01.233439 140026536982272 logging_writer.py:48] [44] global_step=44, grad_norm=0.0859875, loss=0.145604
I0914 18:06:01.236559 140069821084864 submission.py:307] 44) loss = 0.146, grad_norm = 0.086
I0914 18:06:03.502919 140026528589568 logging_writer.py:48] [45] global_step=45, grad_norm=0.039192, loss=0.146387
I0914 18:06:03.506353 140069821084864 submission.py:307] 45) loss = 0.146, grad_norm = 0.039
I0914 18:06:05.654223 140026536982272 logging_writer.py:48] [46] global_step=46, grad_norm=0.0361098, loss=0.148882
I0914 18:06:05.657277 140069821084864 submission.py:307] 46) loss = 0.149, grad_norm = 0.036
I0914 18:06:07.760335 140026528589568 logging_writer.py:48] [47] global_step=47, grad_norm=0.138199, loss=0.138495
I0914 18:06:07.763506 140069821084864 submission.py:307] 47) loss = 0.138, grad_norm = 0.138
I0914 18:06:09.598969 140026536982272 logging_writer.py:48] [48] global_step=48, grad_norm=0.0569327, loss=0.139154
I0914 18:06:09.602086 140069821084864 submission.py:307] 48) loss = 0.139, grad_norm = 0.057
I0914 18:06:11.673328 140026528589568 logging_writer.py:48] [49] global_step=49, grad_norm=0.125951, loss=0.13838
I0914 18:06:11.676384 140069821084864 submission.py:307] 49) loss = 0.138, grad_norm = 0.126
I0914 18:06:13.604892 140026536982272 logging_writer.py:48] [50] global_step=50, grad_norm=0.0325923, loss=0.13695
I0914 18:06:13.607927 140069821084864 submission.py:307] 50) loss = 0.137, grad_norm = 0.033
I0914 18:06:16.225606 140026528589568 logging_writer.py:48] [51] global_step=51, grad_norm=0.0937807, loss=0.136362
I0914 18:06:16.228667 140069821084864 submission.py:307] 51) loss = 0.136, grad_norm = 0.094
I0914 18:06:18.409425 140026536982272 logging_writer.py:48] [52] global_step=52, grad_norm=0.0366948, loss=0.136071
I0914 18:06:18.412595 140069821084864 submission.py:307] 52) loss = 0.136, grad_norm = 0.037
I0914 18:06:20.962333 140026528589568 logging_writer.py:48] [53] global_step=53, grad_norm=0.0915322, loss=0.136444
I0914 18:06:20.965382 140069821084864 submission.py:307] 53) loss = 0.136, grad_norm = 0.092
I0914 18:06:23.233685 140026536982272 logging_writer.py:48] [54] global_step=54, grad_norm=0.0268382, loss=0.134762
I0914 18:06:23.236727 140069821084864 submission.py:307] 54) loss = 0.135, grad_norm = 0.027
I0914 18:06:25.777383 140026528589568 logging_writer.py:48] [55] global_step=55, grad_norm=0.0731413, loss=0.133949
I0914 18:06:25.780358 140069821084864 submission.py:307] 55) loss = 0.134, grad_norm = 0.073
I0914 18:06:28.125356 140026536982272 logging_writer.py:48] [56] global_step=56, grad_norm=0.0211235, loss=0.134116
I0914 18:06:28.128434 140069821084864 submission.py:307] 56) loss = 0.134, grad_norm = 0.021
I0914 18:06:30.305749 140026528589568 logging_writer.py:48] [57] global_step=57, grad_norm=0.0403683, loss=0.132375
I0914 18:06:30.308851 140069821084864 submission.py:307] 57) loss = 0.132, grad_norm = 0.040
I0914 18:06:32.603077 140026536982272 logging_writer.py:48] [58] global_step=58, grad_norm=0.031725, loss=0.13557
I0914 18:06:32.606173 140069821084864 submission.py:307] 58) loss = 0.136, grad_norm = 0.032
I0914 18:06:34.925987 140026528589568 logging_writer.py:48] [59] global_step=59, grad_norm=0.0863037, loss=0.135108
I0914 18:06:34.928972 140069821084864 submission.py:307] 59) loss = 0.135, grad_norm = 0.086
I0914 18:06:37.314468 140026536982272 logging_writer.py:48] [60] global_step=60, grad_norm=0.0498793, loss=0.134947
I0914 18:06:37.317532 140069821084864 submission.py:307] 60) loss = 0.135, grad_norm = 0.050
I0914 18:06:39.601601 140026528589568 logging_writer.py:48] [61] global_step=61, grad_norm=0.0251996, loss=0.133363
I0914 18:06:39.604614 140069821084864 submission.py:307] 61) loss = 0.133, grad_norm = 0.025
I0914 18:06:42.060822 140026536982272 logging_writer.py:48] [62] global_step=62, grad_norm=0.0713536, loss=0.131519
I0914 18:06:42.063892 140069821084864 submission.py:307] 62) loss = 0.132, grad_norm = 0.071
I0914 18:06:44.297487 140026528589568 logging_writer.py:48] [63] global_step=63, grad_norm=0.102803, loss=0.13341
I0914 18:06:44.300577 140069821084864 submission.py:307] 63) loss = 0.133, grad_norm = 0.103
I0914 18:06:46.787613 140026536982272 logging_writer.py:48] [64] global_step=64, grad_norm=0.0958869, loss=0.131222
I0914 18:06:46.790669 140069821084864 submission.py:307] 64) loss = 0.131, grad_norm = 0.096
I0914 18:06:48.820811 140026528589568 logging_writer.py:48] [65] global_step=65, grad_norm=0.0291765, loss=0.131347
I0914 18:06:48.823860 140069821084864 submission.py:307] 65) loss = 0.131, grad_norm = 0.029
I0914 18:06:51.176029 140026536982272 logging_writer.py:48] [66] global_step=66, grad_norm=0.0735644, loss=0.135467
I0914 18:06:51.179071 140069821084864 submission.py:307] 66) loss = 0.135, grad_norm = 0.074
I0914 18:06:53.496782 140026528589568 logging_writer.py:48] [67] global_step=67, grad_norm=0.139301, loss=0.136478
I0914 18:06:53.499833 140069821084864 submission.py:307] 67) loss = 0.136, grad_norm = 0.139
I0914 18:06:55.903070 140026536982272 logging_writer.py:48] [68] global_step=68, grad_norm=0.132343, loss=0.134957
I0914 18:06:55.906261 140069821084864 submission.py:307] 68) loss = 0.135, grad_norm = 0.132
I0914 18:06:57.880855 140026528589568 logging_writer.py:48] [69] global_step=69, grad_norm=0.066005, loss=0.134286
I0914 18:06:57.884340 140069821084864 submission.py:307] 69) loss = 0.134, grad_norm = 0.066
I0914 18:07:00.102370 140026536982272 logging_writer.py:48] [70] global_step=70, grad_norm=0.0209384, loss=0.133619
I0914 18:07:00.105420 140069821084864 submission.py:307] 70) loss = 0.134, grad_norm = 0.021
I0914 18:07:02.606700 140026528589568 logging_writer.py:48] [71] global_step=71, grad_norm=0.0994184, loss=0.134716
I0914 18:07:02.609796 140069821084864 submission.py:307] 71) loss = 0.135, grad_norm = 0.099
I0914 18:07:04.791208 140026536982272 logging_writer.py:48] [72] global_step=72, grad_norm=0.188206, loss=0.134578
I0914 18:07:04.794299 140069821084864 submission.py:307] 72) loss = 0.135, grad_norm = 0.188
I0914 18:07:06.748131 140026528589568 logging_writer.py:48] [73] global_step=73, grad_norm=0.267239, loss=0.135906
I0914 18:07:06.751164 140069821084864 submission.py:307] 73) loss = 0.136, grad_norm = 0.267
I0914 18:07:09.084159 140026536982272 logging_writer.py:48] [74] global_step=74, grad_norm=0.298844, loss=0.133768
I0914 18:07:09.087211 140069821084864 submission.py:307] 74) loss = 0.134, grad_norm = 0.299
I0914 18:07:11.523450 140026528589568 logging_writer.py:48] [75] global_step=75, grad_norm=0.218726, loss=0.13344
I0914 18:07:11.526650 140069821084864 submission.py:307] 75) loss = 0.133, grad_norm = 0.219
I0914 18:07:13.649735 140026536982272 logging_writer.py:48] [76] global_step=76, grad_norm=0.0166625, loss=0.136167
I0914 18:07:13.652859 140069821084864 submission.py:307] 76) loss = 0.136, grad_norm = 0.017
I0914 18:07:16.289978 140026528589568 logging_writer.py:48] [77] global_step=77, grad_norm=0.251331, loss=0.135747
I0914 18:07:16.293074 140069821084864 submission.py:307] 77) loss = 0.136, grad_norm = 0.251
I0914 18:07:18.482015 140026536982272 logging_writer.py:48] [78] global_step=78, grad_norm=0.330274, loss=0.135295
I0914 18:07:18.485179 140069821084864 submission.py:307] 78) loss = 0.135, grad_norm = 0.330
I0914 18:07:20.718177 140026528589568 logging_writer.py:48] [79] global_step=79, grad_norm=0.201455, loss=0.133058
I0914 18:07:20.721240 140069821084864 submission.py:307] 79) loss = 0.133, grad_norm = 0.201
I0914 18:07:22.993709 140026536982272 logging_writer.py:48] [80] global_step=80, grad_norm=0.018247, loss=0.132844
I0914 18:07:22.996711 140069821084864 submission.py:307] 80) loss = 0.133, grad_norm = 0.018
I0914 18:07:25.204940 140026528589568 logging_writer.py:48] [81] global_step=81, grad_norm=0.180408, loss=0.134019
I0914 18:07:25.207946 140069821084864 submission.py:307] 81) loss = 0.134, grad_norm = 0.180
I0914 18:07:27.407818 140026536982272 logging_writer.py:48] [82] global_step=82, grad_norm=0.2469, loss=0.133622
I0914 18:07:27.410876 140069821084864 submission.py:307] 82) loss = 0.134, grad_norm = 0.247
I0914 18:07:29.914128 140026528589568 logging_writer.py:48] [83] global_step=83, grad_norm=0.194889, loss=0.12949
I0914 18:07:29.917112 140069821084864 submission.py:307] 83) loss = 0.129, grad_norm = 0.195
I0914 18:07:32.050786 140026536982272 logging_writer.py:48] [84] global_step=84, grad_norm=0.0518726, loss=0.129946
I0914 18:07:32.053917 140069821084864 submission.py:307] 84) loss = 0.130, grad_norm = 0.052
I0914 18:07:34.555806 140026528589568 logging_writer.py:48] [85] global_step=85, grad_norm=0.11324, loss=0.128168
I0914 18:07:34.558829 140069821084864 submission.py:307] 85) loss = 0.128, grad_norm = 0.113
I0914 18:07:36.672825 140026536982272 logging_writer.py:48] [86] global_step=86, grad_norm=0.202559, loss=0.12725
I0914 18:07:36.675846 140069821084864 submission.py:307] 86) loss = 0.127, grad_norm = 0.203
I0914 18:07:39.165729 140026528589568 logging_writer.py:48] [87] global_step=87, grad_norm=0.231787, loss=0.127808
I0914 18:07:39.168750 140069821084864 submission.py:307] 87) loss = 0.128, grad_norm = 0.232
I0914 18:07:41.125096 140026536982272 logging_writer.py:48] [88] global_step=88, grad_norm=0.203947, loss=0.127619
I0914 18:07:41.128239 140069821084864 submission.py:307] 88) loss = 0.128, grad_norm = 0.204
I0914 18:07:43.362266 140026528589568 logging_writer.py:48] [89] global_step=89, grad_norm=0.135559, loss=0.127602
I0914 18:07:43.365293 140069821084864 submission.py:307] 89) loss = 0.128, grad_norm = 0.136
I0914 18:07:45.768435 140026536982272 logging_writer.py:48] [90] global_step=90, grad_norm=0.0912989, loss=0.130664
I0914 18:07:45.771471 140069821084864 submission.py:307] 90) loss = 0.131, grad_norm = 0.091
I0914 18:07:47.911296 140026528589568 logging_writer.py:48] [91] global_step=91, grad_norm=0.089513, loss=0.128712
I0914 18:07:47.914750 140069821084864 submission.py:307] 91) loss = 0.129, grad_norm = 0.090
I0914 18:07:50.137560 140026536982272 logging_writer.py:48] [92] global_step=92, grad_norm=0.116322, loss=0.129518
I0914 18:07:50.140608 140069821084864 submission.py:307] 92) loss = 0.130, grad_norm = 0.116
I0914 18:07:52.433534 140026528589568 logging_writer.py:48] [93] global_step=93, grad_norm=0.235479, loss=0.125931
I0914 18:07:52.436655 140069821084864 submission.py:307] 93) loss = 0.126, grad_norm = 0.235
I0914 18:07:54.737554 140026536982272 logging_writer.py:48] [94] global_step=94, grad_norm=0.449339, loss=0.130595
I0914 18:07:54.740588 140069821084864 submission.py:307] 94) loss = 0.131, grad_norm = 0.449
I0914 18:07:57.053887 140026528589568 logging_writer.py:48] [95] global_step=95, grad_norm=0.499999, loss=0.129806
I0914 18:07:57.057636 140069821084864 submission.py:307] 95) loss = 0.130, grad_norm = 0.500
I0914 18:07:59.154736 140026536982272 logging_writer.py:48] [96] global_step=96, grad_norm=0.163523, loss=0.126275
I0914 18:07:59.157771 140069821084864 submission.py:307] 96) loss = 0.126, grad_norm = 0.164
I0914 18:08:01.652904 140026528589568 logging_writer.py:48] [97] global_step=97, grad_norm=0.257663, loss=0.126744
I0914 18:08:01.655922 140069821084864 submission.py:307] 97) loss = 0.127, grad_norm = 0.258
I0914 18:08:03.816343 140026536982272 logging_writer.py:48] [98] global_step=98, grad_norm=0.482912, loss=0.127803
I0914 18:08:03.819383 140069821084864 submission.py:307] 98) loss = 0.128, grad_norm = 0.483
I0914 18:08:06.121062 140026528589568 logging_writer.py:48] [99] global_step=99, grad_norm=0.395164, loss=0.126927
I0914 18:08:06.124112 140069821084864 submission.py:307] 99) loss = 0.127, grad_norm = 0.395
I0914 18:08:08.212876 140026536982272 logging_writer.py:48] [100] global_step=100, grad_norm=0.0259142, loss=0.122931
I0914 18:08:08.216204 140069821084864 submission.py:307] 100) loss = 0.123, grad_norm = 0.026
I0914 18:11:16.704610 140069821084864 spec.py:333] Evaluating on the training split.
I0914 18:21:26.855887 140069821084864 spec.py:346] Evaluating on the validation split.
I0914 18:25:04.014981 140069821084864 spec.py:363] Evaluating on the test split.
I0914 18:29:31.283564 140069821084864 submission_runner.py:516] Time since start: 3608.14s, 	Step: 186, 	{'train/loss': 0.12694673304587673, 'validation/loss': 0.1290675938772927, 'validation/num_examples': 83274637, 'test/loss': 0.13167683004375258, 'test/num_examples': 95000000, 'score': 367.84259271621704, 'total_duration': 3608.1425683498383, 'accumulated_submission_time': 367.84259271621704, 'accumulated_eval_time': 3239.0816621780396, 'accumulated_logging_time': 0.17610836029052734}
I0914 18:29:31.306059 140026528589568 logging_writer.py:48] [186] accumulated_eval_time=3239.08, accumulated_logging_time=0.176108, accumulated_submission_time=367.843, global_step=186, preemption_count=0, score=367.843, test/loss=0.131677, test/num_examples=95000000, total_duration=3608.14, train/loss=0.126947, validation/loss=0.129068, validation/num_examples=83274637
I0914 18:35:29.012535 140069821084864 spec.py:333] Evaluating on the training split.
I0914 18:46:26.065652 140069821084864 spec.py:346] Evaluating on the validation split.
I0914 18:50:03.028874 140069821084864 spec.py:363] Evaluating on the test split.
I0914 18:54:26.595230 140069821084864 submission_runner.py:516] Time since start: 5103.45s, 	Step: 370, 	{'train/loss': 0.12826613458113487, 'validation/loss': 0.12754104139467642, 'validation/num_examples': 83274637, 'test/loss': 0.130261814970157, 'test/num_examples': 95000000, 'score': 724.8272361755371, 'total_duration': 5103.454279661179, 'accumulated_submission_time': 724.8272361755371, 'accumulated_eval_time': 4376.664420127869, 'accumulated_logging_time': 0.20498251914978027}
I0914 18:54:26.617550 140026536982272 logging_writer.py:48] [370] accumulated_eval_time=4376.66, accumulated_logging_time=0.204983, accumulated_submission_time=724.827, global_step=370, preemption_count=0, score=724.827, test/loss=0.130262, test/num_examples=95000000, total_duration=5103.45, train/loss=0.128266, validation/loss=0.127541, validation/num_examples=83274637
I0914 18:58:28.114557 140026528589568 logging_writer.py:48] [500] global_step=500, grad_norm=0.0315373, loss=0.130997
I0914 18:58:28.117753 140069821084864 submission.py:307] 500) loss = 0.131, grad_norm = 0.032
I0914 19:00:24.639265 140069821084864 spec.py:333] Evaluating on the training split.
I0914 19:10:56.127309 140069821084864 spec.py:346] Evaluating on the validation split.
I0914 19:14:33.734404 140069821084864 spec.py:363] Evaluating on the test split.
I0914 19:18:40.692546 140069821084864 submission_runner.py:516] Time since start: 6557.55s, 	Step: 553, 	{'train/loss': 0.1267044816886962, 'validation/loss': 0.12685694044409168, 'validation/num_examples': 83274637, 'test/loss': 0.12932246176918433, 'test/num_examples': 95000000, 'score': 1082.1323177814484, 'total_duration': 6557.551578044891, 'accumulated_submission_time': 1082.1323177814484, 'accumulated_eval_time': 5472.717729330063, 'accumulated_logging_time': 0.23378658294677734}
I0914 19:18:40.714917 140026536982272 logging_writer.py:48] [553] accumulated_eval_time=5472.72, accumulated_logging_time=0.233787, accumulated_submission_time=1082.13, global_step=553, preemption_count=0, score=1082.13, test/loss=0.129322, test/num_examples=95000000, total_duration=6557.55, train/loss=0.126704, validation/loss=0.126857, validation/num_examples=83274637
I0914 19:24:39.012210 140069821084864 spec.py:333] Evaluating on the training split.
I0914 19:34:56.038390 140069821084864 spec.py:346] Evaluating on the validation split.
I0914 19:38:32.819715 140069821084864 spec.py:363] Evaluating on the test split.
I0914 19:42:40.144806 140069821084864 submission_runner.py:516] Time since start: 7997.00s, 	Step: 747, 	{'train/loss': 0.12635178175047054, 'validation/loss': 0.1264811841288897, 'validation/num_examples': 83274637, 'test/loss': 0.12908050685762104, 'test/num_examples': 95000000, 'score': 1439.6988294124603, 'total_duration': 7997.0038385391235, 'accumulated_submission_time': 1439.6988294124603, 'accumulated_eval_time': 6553.85037279129, 'accumulated_logging_time': 0.2626612186431885}
I0914 19:42:40.166199 140026528589568 logging_writer.py:48] [747] accumulated_eval_time=6553.85, accumulated_logging_time=0.262661, accumulated_submission_time=1439.7, global_step=747, preemption_count=0, score=1439.7, test/loss=0.129081, test/num_examples=95000000, total_duration=7997, train/loss=0.126352, validation/loss=0.126481, validation/num_examples=83274637
I0914 19:48:36.906913 140069821084864 spec.py:333] Evaluating on the training split.
I0914 19:59:33.096648 140069821084864 spec.py:346] Evaluating on the validation split.
I0914 20:03:10.612035 140069821084864 spec.py:363] Evaluating on the test split.
I0914 20:07:17.339934 140069821084864 submission_runner.py:516] Time since start: 9474.20s, 	Step: 956, 	{'train/loss': 0.12435807907188352, 'validation/loss': 0.12621115180701778, 'validation/num_examples': 83274637, 'test/loss': 0.12875099081501207, 'test/num_examples': 95000000, 'score': 1795.705944776535, 'total_duration': 9474.198992490768, 'accumulated_submission_time': 1795.705944776535, 'accumulated_eval_time': 7674.283470630646, 'accumulated_logging_time': 0.2904345989227295}
I0914 20:07:17.375529 140026536982272 logging_writer.py:48] [956] accumulated_eval_time=7674.28, accumulated_logging_time=0.290435, accumulated_submission_time=1795.71, global_step=956, preemption_count=0, score=1795.71, test/loss=0.128751, test/num_examples=95000000, total_duration=9474.2, train/loss=0.124358, validation/loss=0.126211, validation/num_examples=83274637
I0914 20:08:00.499643 140026528589568 logging_writer.py:48] [1000] global_step=1000, grad_norm=0.0400113, loss=0.123219
I0914 20:08:00.503364 140069821084864 submission.py:307] 1000) loss = 0.123, grad_norm = 0.040
I0914 20:13:14.744668 140069821084864 spec.py:333] Evaluating on the training split.
I0914 20:23:31.304592 140069821084864 spec.py:346] Evaluating on the validation split.
I0914 20:27:07.881846 140069821084864 spec.py:363] Evaluating on the test split.
I0914 20:31:14.055181 140069821084864 submission_runner.py:516] Time since start: 10910.91s, 	Step: 1171, 	{'train/loss': 0.1261888873957049, 'validation/loss': 0.12637783631326305, 'validation/num_examples': 83274637, 'test/loss': 0.12909958038892244, 'test/num_examples': 95000000, 'score': 2152.3411235809326, 'total_duration': 10910.914236068726, 'accumulated_submission_time': 2152.3411235809326, 'accumulated_eval_time': 8753.594065904617, 'accumulated_logging_time': 0.33248448371887207}
I0914 20:31:14.077235 140026536982272 logging_writer.py:48] [1171] accumulated_eval_time=8753.59, accumulated_logging_time=0.332484, accumulated_submission_time=2152.34, global_step=1171, preemption_count=0, score=2152.34, test/loss=0.1291, test/num_examples=95000000, total_duration=10910.9, train/loss=0.126189, validation/loss=0.126378, validation/num_examples=83274637
I0914 20:37:10.662388 140069821084864 spec.py:333] Evaluating on the training split.
I0914 20:46:03.378149 140069821084864 spec.py:346] Evaluating on the validation split.
I0914 20:49:38.078608 140069821084864 spec.py:363] Evaluating on the test split.
I0914 20:53:42.679903 140069821084864 submission_runner.py:516] Time since start: 12259.54s, 	Step: 1358, 	{'train/loss': 0.12328442864427089, 'validation/loss': 0.12611475707139086, 'validation/num_examples': 83274637, 'test/loss': 0.1283687012205425, 'test/num_examples': 95000000, 'score': 2508.20432639122, 'total_duration': 12259.538949489594, 'accumulated_submission_time': 2508.20432639122, 'accumulated_eval_time': 9745.611643075943, 'accumulated_logging_time': 0.36100244522094727}
I0914 20:53:42.701343 140026528589568 logging_writer.py:48] [1358] accumulated_eval_time=9745.61, accumulated_logging_time=0.361002, accumulated_submission_time=2508.2, global_step=1358, preemption_count=0, score=2508.2, test/loss=0.128369, test/num_examples=95000000, total_duration=12259.5, train/loss=0.123284, validation/loss=0.126115, validation/num_examples=83274637
I0914 20:57:57.251245 140026536982272 logging_writer.py:48] [1500] global_step=1500, grad_norm=0.0107403, loss=0.129935
I0914 20:57:57.254611 140069821084864 submission.py:307] 1500) loss = 0.130, grad_norm = 0.011
I0914 20:59:39.378459 140069821084864 spec.py:333] Evaluating on the training split.
I0914 21:09:23.705406 140069821084864 spec.py:346] Evaluating on the validation split.
I0914 21:12:57.005846 140069821084864 spec.py:363] Evaluating on the test split.
I0914 21:16:59.790764 140069821084864 submission_runner.py:516] Time since start: 13656.65s, 	Step: 1549, 	{'train/loss': 0.12528120088089603, 'validation/loss': 0.12568715767984323, 'validation/num_examples': 83274637, 'test/loss': 0.12794226515808105, 'test/num_examples': 95000000, 'score': 2864.1562666893005, 'total_duration': 13656.649791002274, 'accumulated_submission_time': 2864.1562666893005, 'accumulated_eval_time': 10786.024005651474, 'accumulated_logging_time': 0.38872313499450684}
I0914 21:16:59.813406 140026528589568 logging_writer.py:48] [1549] accumulated_eval_time=10786, accumulated_logging_time=0.388723, accumulated_submission_time=2864.16, global_step=1549, preemption_count=0, score=2864.16, test/loss=0.127942, test/num_examples=95000000, total_duration=13656.6, train/loss=0.125281, validation/loss=0.125687, validation/num_examples=83274637
I0914 21:22:56.407713 140069821084864 spec.py:333] Evaluating on the training split.
I0914 21:32:51.206402 140069821084864 spec.py:346] Evaluating on the validation split.
I0914 21:36:20.097892 140069821084864 spec.py:363] Evaluating on the test split.
I0914 21:40:17.691931 140069821084864 submission_runner.py:516] Time since start: 15054.55s, 	Step: 1748, 	{'train/loss': 0.12534069006365894, 'validation/loss': 0.1254944849850555, 'validation/num_examples': 83274637, 'test/loss': 0.12791959633997868, 'test/num_examples': 95000000, 'score': 3220.04137635231, 'total_duration': 15054.550971746445, 'accumulated_submission_time': 3220.04137635231, 'accumulated_eval_time': 11827.308275699615, 'accumulated_logging_time': 0.41773366928100586}
I0914 21:40:17.713609 140026536982272 logging_writer.py:48] [1748] accumulated_eval_time=11827.3, accumulated_logging_time=0.417734, accumulated_submission_time=3220.04, global_step=1748, preemption_count=0, score=3220.04, test/loss=0.12792, test/num_examples=95000000, total_duration=15054.6, train/loss=0.125341, validation/loss=0.125494, validation/num_examples=83274637
I0914 21:46:14.608562 140069821084864 spec.py:333] Evaluating on the training split.
I0914 21:54:51.357386 140069821084864 spec.py:346] Evaluating on the validation split.
I0914 21:58:10.791788 140069821084864 spec.py:363] Evaluating on the test split.
I0914 22:01:58.225624 140069821084864 submission_runner.py:516] Time since start: 16355.08s, 	Step: 1953, 	{'train/loss': 0.12294707671647, 'validation/loss': 0.1253609903469546, 'validation/num_examples': 83274637, 'test/loss': 0.12768890750491493, 'test/num_examples': 95000000, 'score': 3576.227335691452, 'total_duration': 16355.084664106369, 'accumulated_submission_time': 3576.227335691452, 'accumulated_eval_time': 12770.925372123718, 'accumulated_logging_time': 0.44575023651123047}
I0914 22:01:58.249147 140026528589568 logging_writer.py:48] [1953] accumulated_eval_time=12770.9, accumulated_logging_time=0.44575, accumulated_submission_time=3576.23, global_step=1953, preemption_count=0, score=3576.23, test/loss=0.127689, test/num_examples=95000000, total_duration=16355.1, train/loss=0.122947, validation/loss=0.125361, validation/num_examples=83274637
I0914 22:02:39.570953 140026536982272 logging_writer.py:48] [2000] global_step=2000, grad_norm=0.00970958, loss=0.125704
I0914 22:02:39.574080 140069821084864 submission.py:307] 2000) loss = 0.126, grad_norm = 0.010
I0914 22:07:55.280849 140069821084864 spec.py:333] Evaluating on the training split.
I0914 22:14:46.845383 140069821084864 spec.py:346] Evaluating on the validation split.
I0914 22:17:45.261638 140069821084864 spec.py:363] Evaluating on the test split.
I0914 22:21:11.879209 140069821084864 submission_runner.py:516] Time since start: 17508.74s, 	Step: 2167, 	{'train/loss': 0.1231787101783924, 'validation/loss': 0.12556251450551098, 'validation/num_examples': 83274637, 'test/loss': 0.12800871344732986, 'test/num_examples': 95000000, 'score': 3932.574423313141, 'total_duration': 17508.73826622963, 'accumulated_submission_time': 3932.574423313141, 'accumulated_eval_time': 13567.52386879921, 'accumulated_logging_time': 0.47588253021240234}
I0914 22:21:11.901387 140026528589568 logging_writer.py:48] [2167] accumulated_eval_time=13567.5, accumulated_logging_time=0.475883, accumulated_submission_time=3932.57, global_step=2167, preemption_count=0, score=3932.57, test/loss=0.128009, test/num_examples=95000000, total_duration=17508.7, train/loss=0.123179, validation/loss=0.125563, validation/num_examples=83274637
I0914 22:27:08.986437 140069821084864 spec.py:333] Evaluating on the training split.
I0914 22:32:12.504598 140069821084864 spec.py:346] Evaluating on the validation split.
I0914 22:35:10.896489 140069821084864 spec.py:363] Evaluating on the test split.
I0914 22:38:42.884100 140069821084864 submission_runner.py:516] Time since start: 18559.74s, 	Step: 2369, 	{'train/loss': 0.12290766619101164, 'validation/loss': 0.12530956720384262, 'validation/num_examples': 83274637, 'test/loss': 0.12779830862041272, 'test/num_examples': 95000000, 'score': 4288.982084035873, 'total_duration': 18559.743125915527, 'accumulated_submission_time': 4288.982084035873, 'accumulated_eval_time': 14261.421571493149, 'accumulated_logging_time': 0.504258394241333}
I0914 22:38:42.906040 140026536982272 logging_writer.py:48] [2369] accumulated_eval_time=14261.4, accumulated_logging_time=0.504258, accumulated_submission_time=4288.98, global_step=2369, preemption_count=0, score=4288.98, test/loss=0.127798, test/num_examples=95000000, total_duration=18559.7, train/loss=0.122908, validation/loss=0.12531, validation/num_examples=83274637
I0914 22:42:08.194474 140026528589568 logging_writer.py:48] [2500] global_step=2500, grad_norm=0.0150674, loss=0.124488
I0914 22:42:08.197782 140069821084864 submission.py:307] 2500) loss = 0.124, grad_norm = 0.015
I0914 22:44:41.068930 140069821084864 spec.py:333] Evaluating on the training split.
I0914 22:48:26.872511 140069821084864 spec.py:346] Evaluating on the validation split.
I0914 22:51:25.003875 140069821084864 spec.py:363] Evaluating on the test split.
I0914 22:54:57.440474 140069821084864 submission_runner.py:516] Time since start: 19534.30s, 	Step: 2578, 	{'train/loss': 0.12351121791821107, 'validation/loss': 0.12480875427967063, 'validation/num_examples': 83274637, 'test/loss': 0.1271974353258635, 'test/num_examples': 95000000, 'score': 4646.4661474227905, 'total_duration': 19534.2995262146, 'accumulated_submission_time': 4646.4661474227905, 'accumulated_eval_time': 14877.79320716858, 'accumulated_logging_time': 0.5324914455413818}
I0914 22:54:57.463219 140026536982272 logging_writer.py:48] [2578] accumulated_eval_time=14877.8, accumulated_logging_time=0.532491, accumulated_submission_time=4646.47, global_step=2578, preemption_count=0, score=4646.47, test/loss=0.127197, test/num_examples=95000000, total_duration=19534.3, train/loss=0.123511, validation/loss=0.124809, validation/num_examples=83274637
I0914 23:00:55.268599 140069821084864 spec.py:333] Evaluating on the training split.
I0914 23:02:35.552597 140069821084864 spec.py:346] Evaluating on the validation split.
I0914 23:05:34.120453 140069821084864 spec.py:363] Evaluating on the test split.
I0914 23:09:07.235566 140069821084864 submission_runner.py:516] Time since start: 20384.09s, 	Step: 2781, 	{'train/loss': 0.12444366294393741, 'validation/loss': 0.12473375667010844, 'validation/num_examples': 83274637, 'test/loss': 0.12709752272370992, 'test/num_examples': 95000000, 'score': 5003.59354186058, 'total_duration': 20384.09462237358, 'accumulated_submission_time': 5003.59354186058, 'accumulated_eval_time': 15369.760269403458, 'accumulated_logging_time': 0.5615274906158447}
I0914 23:09:07.257657 140026528589568 logging_writer.py:48] [2781] accumulated_eval_time=15369.8, accumulated_logging_time=0.561527, accumulated_submission_time=5003.59, global_step=2781, preemption_count=0, score=5003.59, test/loss=0.127098, test/num_examples=95000000, total_duration=20384.1, train/loss=0.124444, validation/loss=0.124734, validation/num_examples=83274637
I0914 23:15:04.548539 140069821084864 spec.py:333] Evaluating on the training split.
I0914 23:16:02.874647 140069821084864 spec.py:346] Evaluating on the validation split.
I0914 23:19:01.247142 140069821084864 spec.py:363] Evaluating on the test split.
I0914 23:22:33.609757 140069821084864 submission_runner.py:516] Time since start: 21190.47s, 	Step: 2976, 	{'train/loss': 0.12191889421237856, 'validation/loss': 0.12478362670817317, 'validation/num_examples': 83274637, 'test/loss': 0.1271950413490697, 'test/num_examples': 95000000, 'score': 5360.208089351654, 'total_duration': 21190.468819379807, 'accumulated_submission_time': 5360.208089351654, 'accumulated_eval_time': 15818.821569442749, 'accumulated_logging_time': 0.5901992321014404}
I0914 23:22:33.630639 140026536982272 logging_writer.py:48] [2976] accumulated_eval_time=15818.8, accumulated_logging_time=0.590199, accumulated_submission_time=5360.21, global_step=2976, preemption_count=0, score=5360.21, test/loss=0.127195, test/num_examples=95000000, total_duration=21190.5, train/loss=0.121919, validation/loss=0.124784, validation/num_examples=83274637
I0914 23:22:39.558706 140026528589568 logging_writer.py:48] [3000] global_step=3000, grad_norm=0.00681748, loss=0.122913
I0914 23:22:39.561671 140069821084864 submission.py:307] 3000) loss = 0.123, grad_norm = 0.007
I0914 23:28:30.010405 140069821084864 spec.py:333] Evaluating on the training split.
I0914 23:29:28.302504 140069821084864 spec.py:346] Evaluating on the validation split.
I0914 23:32:26.414805 140069821084864 spec.py:363] Evaluating on the test split.
I0914 23:35:58.671257 140069821084864 submission_runner.py:516] Time since start: 21995.53s, 	Step: 3204, 	{'train/loss': 0.12320158136273823, 'validation/loss': 0.12468983266495527, 'validation/num_examples': 83274637, 'test/loss': 0.1270577581971821, 'test/num_examples': 95000000, 'score': 5715.89444732666, 'total_duration': 21995.530319452286, 'accumulated_submission_time': 5715.89444732666, 'accumulated_eval_time': 16267.482496500015, 'accumulated_logging_time': 0.6184685230255127}
I0914 23:35:58.693293 140026536982272 logging_writer.py:48] [3204] accumulated_eval_time=16267.5, accumulated_logging_time=0.618469, accumulated_submission_time=5715.89, global_step=3204, preemption_count=0, score=5715.89, test/loss=0.127058, test/num_examples=95000000, total_duration=21995.5, train/loss=0.123202, validation/loss=0.12469, validation/num_examples=83274637
I0914 23:41:57.048506 140069821084864 spec.py:333] Evaluating on the training split.
I0914 23:42:55.592089 140069821084864 spec.py:346] Evaluating on the validation split.
I0914 23:45:53.913392 140069821084864 spec.py:363] Evaluating on the test split.
I0914 23:49:28.110052 140069821084864 submission_runner.py:516] Time since start: 22804.97s, 	Step: 3402, 	{'train/loss': 0.12404982798543915, 'validation/loss': 0.12470717372903027, 'validation/num_examples': 83274637, 'test/loss': 0.12714490267510664, 'test/num_examples': 95000000, 'score': 6073.568929672241, 'total_duration': 22804.969116687775, 'accumulated_submission_time': 6073.568929672241, 'accumulated_eval_time': 16718.54413294792, 'accumulated_logging_time': 0.6468093395233154}
I0914 23:49:28.132344 140026528589568 logging_writer.py:48] [3402] accumulated_eval_time=16718.5, accumulated_logging_time=0.646809, accumulated_submission_time=6073.57, global_step=3402, preemption_count=0, score=6073.57, test/loss=0.127145, test/num_examples=95000000, total_duration=22805, train/loss=0.12405, validation/loss=0.124707, validation/num_examples=83274637
I0914 23:51:58.047083 140026536982272 logging_writer.py:48] [3500] global_step=3500, grad_norm=0.00721512, loss=0.121678
I0914 23:51:58.050323 140069821084864 submission.py:307] 3500) loss = 0.122, grad_norm = 0.007
I0914 23:55:25.218576 140069821084864 spec.py:333] Evaluating on the training split.
I0914 23:56:23.866321 140069821084864 spec.py:346] Evaluating on the validation split.
I0914 23:59:22.187195 140069821084864 spec.py:363] Evaluating on the test split.
I0915 00:02:57.050585 140069821084864 submission_runner.py:516] Time since start: 23613.91s, 	Step: 3612, 	{'train/loss': 0.12195268458024051, 'validation/loss': 0.1246549948902484, 'validation/num_examples': 83274637, 'test/loss': 0.1271164032991108, 'test/num_examples': 95000000, 'score': 6429.9725069999695, 'total_duration': 23613.909635543823, 'accumulated_submission_time': 6429.9725069999695, 'accumulated_eval_time': 17170.37621164322, 'accumulated_logging_time': 0.6755161285400391}
I0915 00:02:57.073406 140026528589568 logging_writer.py:48] [3612] accumulated_eval_time=17170.4, accumulated_logging_time=0.675516, accumulated_submission_time=6429.97, global_step=3612, preemption_count=0, score=6429.97, test/loss=0.127116, test/num_examples=95000000, total_duration=23613.9, train/loss=0.121953, validation/loss=0.124655, validation/num_examples=83274637
I0915 00:08:54.415119 140069821084864 spec.py:333] Evaluating on the training split.
I0915 00:09:52.994674 140069821084864 spec.py:346] Evaluating on the validation split.
I0915 00:12:51.488348 140069821084864 spec.py:363] Evaluating on the test split.
I0915 00:16:24.279486 140069821084864 submission_runner.py:516] Time since start: 24421.14s, 	Step: 3813, 	{'train/loss': 0.12360765451201504, 'validation/loss': 0.12468748179670476, 'validation/num_examples': 83274637, 'test/loss': 0.12715450920169227, 'test/num_examples': 95000000, 'score': 6786.63451218605, 'total_duration': 24421.138518333435, 'accumulated_submission_time': 6786.63451218605, 'accumulated_eval_time': 17620.24062728882, 'accumulated_logging_time': 0.7046818733215332}
I0915 00:16:24.319463 140026536982272 logging_writer.py:48] [3813] accumulated_eval_time=17620.2, accumulated_logging_time=0.704682, accumulated_submission_time=6786.63, global_step=3813, preemption_count=0, score=6786.63, test/loss=0.127155, test/num_examples=95000000, total_duration=24421.1, train/loss=0.123608, validation/loss=0.124687, validation/num_examples=83274637
I0915 00:22:02.036281 140026528589568 logging_writer.py:48] [4000] global_step=4000, grad_norm=0.0127975, loss=0.120338
I0915 00:22:02.039498 140069821084864 submission.py:307] 4000) loss = 0.120, grad_norm = 0.013
I0915 00:22:21.670411 140069821084864 spec.py:333] Evaluating on the training split.
I0915 00:23:20.208191 140069821084864 spec.py:346] Evaluating on the validation split.
I0915 00:26:19.089821 140069821084864 spec.py:363] Evaluating on the test split.
I0915 00:29:53.292717 140069821084864 submission_runner.py:516] Time since start: 25230.15s, 	Step: 4010, 	{'train/loss': 0.12330253023457075, 'validation/loss': 0.12468694847849297, 'validation/num_examples': 83274637, 'test/loss': 0.12709274321465744, 'test/num_examples': 95000000, 'score': 7143.305164813995, 'total_duration': 25230.151753425598, 'accumulated_submission_time': 7143.305164813995, 'accumulated_eval_time': 18071.862988710403, 'accumulated_logging_time': 0.7509946823120117}
I0915 00:29:53.315381 140026536982272 logging_writer.py:48] [4010] accumulated_eval_time=18071.9, accumulated_logging_time=0.750995, accumulated_submission_time=7143.31, global_step=4010, preemption_count=0, score=7143.31, test/loss=0.127093, test/num_examples=95000000, total_duration=25230.2, train/loss=0.123303, validation/loss=0.124687, validation/num_examples=83274637
I0915 00:35:50.337291 140069821084864 spec.py:333] Evaluating on the training split.
I0915 00:36:48.631671 140069821084864 spec.py:346] Evaluating on the validation split.
I0915 00:39:47.088165 140069821084864 spec.py:363] Evaluating on the test split.
I0915 00:43:21.432877 140069821084864 submission_runner.py:516] Time since start: 26038.29s, 	Step: 4238, 	{'train/loss': 0.12299114936688256, 'validation/loss': 0.12447192473189195, 'validation/num_examples': 83274637, 'test/loss': 0.12683050084485506, 'test/num_examples': 95000000, 'score': 7499.6366539001465, 'total_duration': 26038.29193878174, 'accumulated_submission_time': 7499.6366539001465, 'accumulated_eval_time': 18522.95866727829, 'accumulated_logging_time': 0.7810301780700684}
I0915 00:43:21.454982 140026528589568 logging_writer.py:48] [4238] accumulated_eval_time=18523, accumulated_logging_time=0.78103, accumulated_submission_time=7499.64, global_step=4238, preemption_count=0, score=7499.64, test/loss=0.126831, test/num_examples=95000000, total_duration=26038.3, train/loss=0.122991, validation/loss=0.124472, validation/num_examples=83274637
I0915 00:49:18.116367 140069821084864 spec.py:333] Evaluating on the training split.
I0915 00:50:16.565878 140069821084864 spec.py:346] Evaluating on the validation split.
I0915 00:53:15.019662 140069821084864 spec.py:363] Evaluating on the test split.
I0915 00:56:51.393243 140069821084864 submission_runner.py:516] Time since start: 26848.25s, 	Step: 4450, 	{'train/loss': 0.12318694136432898, 'validation/loss': 0.12442490228230692, 'validation/num_examples': 83274637, 'test/loss': 0.1267312048434609, 'test/num_examples': 95000000, 'score': 7855.612186908722, 'total_duration': 26848.252278089523, 'accumulated_submission_time': 7855.612186908722, 'accumulated_eval_time': 18976.235602855682, 'accumulated_logging_time': 0.8097052574157715}
I0915 00:56:51.416056 140026536982272 logging_writer.py:48] [4450] accumulated_eval_time=18976.2, accumulated_logging_time=0.809705, accumulated_submission_time=7855.61, global_step=4450, preemption_count=0, score=7855.61, test/loss=0.126731, test/num_examples=95000000, total_duration=26848.3, train/loss=0.123187, validation/loss=0.124425, validation/num_examples=83274637
I0915 00:57:42.765811 140026528589568 logging_writer.py:48] [4500] global_step=4500, grad_norm=0.00550038, loss=0.122811
I0915 00:57:42.768931 140069821084864 submission.py:307] 4500) loss = 0.123, grad_norm = 0.006
I0915 01:02:48.888706 140069821084864 spec.py:333] Evaluating on the training split.
I0915 01:03:47.393203 140069821084864 spec.py:346] Evaluating on the validation split.
I0915 01:06:45.761027 140069821084864 spec.py:363] Evaluating on the test split.
I0915 01:10:19.758523 140069821084864 submission_runner.py:516] Time since start: 27656.62s, 	Step: 4655, 	{'train/loss': 0.12421156305302328, 'validation/loss': 0.12446358872719832, 'validation/num_examples': 83274637, 'test/loss': 0.12681963255470677, 'test/num_examples': 95000000, 'score': 8212.401973485947, 'total_duration': 27656.617559194565, 'accumulated_submission_time': 8212.401973485947, 'accumulated_eval_time': 19427.105493545532, 'accumulated_logging_time': 0.8389811515808105}
I0915 01:10:19.781255 140026536982272 logging_writer.py:48] [4655] accumulated_eval_time=19427.1, accumulated_logging_time=0.838981, accumulated_submission_time=8212.4, global_step=4655, preemption_count=0, score=8212.4, test/loss=0.12682, test/num_examples=95000000, total_duration=27656.6, train/loss=0.124212, validation/loss=0.124464, validation/num_examples=83274637
I0915 01:16:17.245404 140069821084864 spec.py:333] Evaluating on the training split.
I0915 01:17:15.725483 140069821084864 spec.py:346] Evaluating on the validation split.
I0915 01:20:14.462506 140069821084864 spec.py:363] Evaluating on the test split.
I0915 01:23:48.316010 140069821084864 submission_runner.py:516] Time since start: 28465.18s, 	Step: 4872, 	{'train/loss': 0.12338476969904284, 'validation/loss': 0.12444184406496256, 'validation/num_examples': 83274637, 'test/loss': 0.1266996562864605, 'test/num_examples': 95000000, 'score': 8569.17642068863, 'total_duration': 28465.175060749054, 'accumulated_submission_time': 8569.17642068863, 'accumulated_eval_time': 19878.17617082596, 'accumulated_logging_time': 0.868128776550293}
I0915 01:23:48.338837 140026528589568 logging_writer.py:48] [4872] accumulated_eval_time=19878.2, accumulated_logging_time=0.868129, accumulated_submission_time=8569.18, global_step=4872, preemption_count=0, score=8569.18, test/loss=0.1267, test/num_examples=95000000, total_duration=28465.2, train/loss=0.123385, validation/loss=0.124442, validation/num_examples=83274637
I0915 01:27:08.328621 140026536982272 logging_writer.py:48] [5000] global_step=5000, grad_norm=0.0194436, loss=0.120582
I0915 01:27:08.331904 140069821084864 submission.py:307] 5000) loss = 0.121, grad_norm = 0.019
I0915 01:29:45.169800 140069821084864 spec.py:333] Evaluating on the training split.
I0915 01:30:43.622518 140069821084864 spec.py:346] Evaluating on the validation split.
I0915 01:33:42.109987 140069821084864 spec.py:363] Evaluating on the test split.
I0915 01:37:17.351616 140069821084864 submission_runner.py:516] Time since start: 29274.21s, 	Step: 5083, 	{'train/loss': 0.12048792654416463, 'validation/loss': 0.12430243447180923, 'validation/num_examples': 83274637, 'test/loss': 0.12654046956674675, 'test/num_examples': 95000000, 'score': 8925.319944858551, 'total_duration': 29274.210667848587, 'accumulated_submission_time': 8925.319944858551, 'accumulated_eval_time': 20330.358067274094, 'accumulated_logging_time': 0.8973524570465088}
I0915 01:37:17.375989 140026528589568 logging_writer.py:48] [5083] accumulated_eval_time=20330.4, accumulated_logging_time=0.897352, accumulated_submission_time=8925.32, global_step=5083, preemption_count=0, score=8925.32, test/loss=0.12654, test/num_examples=95000000, total_duration=29274.2, train/loss=0.120488, validation/loss=0.124302, validation/num_examples=83274637
I0915 01:43:15.042099 140069821084864 spec.py:333] Evaluating on the training split.
I0915 01:44:13.439768 140069821084864 spec.py:346] Evaluating on the validation split.
I0915 01:47:11.959856 140069821084864 spec.py:363] Evaluating on the test split.
I0915 01:50:45.994022 140069821084864 submission_runner.py:516] Time since start: 30082.85s, 	Step: 5295, 	{'train/loss': 0.12289239757459962, 'validation/loss': 0.12426028797097123, 'validation/num_examples': 83274637, 'test/loss': 0.12665145451579846, 'test/num_examples': 95000000, 'score': 9282.303190946579, 'total_duration': 30082.853084802628, 'accumulated_submission_time': 9282.303190946579, 'accumulated_eval_time': 20781.310081481934, 'accumulated_logging_time': 0.9282863140106201}
I0915 01:50:46.018854 140026536982272 logging_writer.py:48] [5295] accumulated_eval_time=20781.3, accumulated_logging_time=0.928286, accumulated_submission_time=9282.3, global_step=5295, preemption_count=0, score=9282.3, test/loss=0.126651, test/num_examples=95000000, total_duration=30082.9, train/loss=0.122892, validation/loss=0.12426, validation/num_examples=83274637
I0915 01:56:26.433485 140026528589568 logging_writer.py:48] [5500] global_step=5500, grad_norm=0.0061199, loss=0.125416
I0915 01:56:26.436708 140069821084864 submission.py:307] 5500) loss = 0.125, grad_norm = 0.006
I0915 01:56:44.092236 140069821084864 spec.py:333] Evaluating on the training split.
I0915 01:57:42.505496 140069821084864 spec.py:346] Evaluating on the validation split.
I0915 02:00:41.519892 140069821084864 spec.py:363] Evaluating on the test split.
I0915 02:04:16.436368 140069821084864 submission_runner.py:516] Time since start: 30893.30s, 	Step: 5510, 	{'train/loss': 0.12264581239439097, 'validation/loss': 0.12424266595137412, 'validation/num_examples': 83274637, 'test/loss': 0.1266076050482499, 'test/num_examples': 95000000, 'score': 9639.686212778091, 'total_duration': 30893.29542040825, 'accumulated_submission_time': 9639.686212778091, 'accumulated_eval_time': 21233.654284477234, 'accumulated_logging_time': 0.9595811367034912}
I0915 02:04:16.474522 140026536982272 logging_writer.py:48] [5510] accumulated_eval_time=21233.7, accumulated_logging_time=0.959581, accumulated_submission_time=9639.69, global_step=5510, preemption_count=0, score=9639.69, test/loss=0.126608, test/num_examples=95000000, total_duration=30893.3, train/loss=0.122646, validation/loss=0.124243, validation/num_examples=83274637
I0915 02:10:14.312966 140069821084864 spec.py:333] Evaluating on the training split.
I0915 02:11:12.896099 140069821084864 spec.py:346] Evaluating on the validation split.
I0915 02:14:11.763353 140069821084864 spec.py:363] Evaluating on the test split.
I0915 02:17:46.310327 140069821084864 submission_runner.py:516] Time since start: 31703.17s, 	Step: 5735, 	{'train/loss': 0.12054924197537491, 'validation/loss': 0.1241994243948032, 'validation/num_examples': 83274637, 'test/loss': 0.12658224439327842, 'test/num_examples': 95000000, 'score': 9996.833044290543, 'total_duration': 31703.16938185692, 'accumulated_submission_time': 9996.833044290543, 'accumulated_eval_time': 21685.651729106903, 'accumulated_logging_time': 1.0043079853057861}
I0915 02:17:46.333949 140026528589568 logging_writer.py:48] [5735] accumulated_eval_time=21685.7, accumulated_logging_time=1.00431, accumulated_submission_time=9996.83, global_step=5735, preemption_count=0, score=9996.83, test/loss=0.126582, test/num_examples=95000000, total_duration=31703.2, train/loss=0.120549, validation/loss=0.124199, validation/num_examples=83274637
I0915 02:23:43.246392 140069821084864 spec.py:333] Evaluating on the training split.
I0915 02:24:41.724259 140069821084864 spec.py:346] Evaluating on the validation split.
I0915 02:27:40.490787 140069821084864 spec.py:363] Evaluating on the test split.
I0915 02:31:15.188155 140069821084864 submission_runner.py:516] Time since start: 32512.05s, 	Step: 5955, 	{'train/loss': 0.12028691511708944, 'validation/loss': 0.12395168462638755, 'validation/num_examples': 83274637, 'test/loss': 0.12629723196443257, 'test/num_examples': 95000000, 'score': 10353.056209802628, 'total_duration': 32512.04721045494, 'accumulated_submission_time': 10353.056209802628, 'accumulated_eval_time': 22137.593573093414, 'accumulated_logging_time': 1.0345714092254639}
I0915 02:31:15.211662 140026536982272 logging_writer.py:48] [5955] accumulated_eval_time=22137.6, accumulated_logging_time=1.03457, accumulated_submission_time=10353.1, global_step=5955, preemption_count=0, score=10353.1, test/loss=0.126297, test/num_examples=95000000, total_duration=32512, train/loss=0.120287, validation/loss=0.123952, validation/num_examples=83274637
I0915 02:31:56.557355 140026528589568 logging_writer.py:48] [6000] global_step=6000, grad_norm=0.0189949, loss=0.12202
I0915 02:31:56.560295 140069821084864 submission.py:307] 6000) loss = 0.122, grad_norm = 0.019
I0915 02:37:11.615815 140069821084864 spec.py:333] Evaluating on the training split.
I0915 02:38:09.902260 140069821084864 spec.py:346] Evaluating on the validation split.
I0915 02:41:09.126507 140069821084864 spec.py:363] Evaluating on the test split.
I0915 02:44:43.683113 140069821084864 submission_runner.py:516] Time since start: 33320.54s, 	Step: 6175, 	{'train/loss': 0.12217553914858997, 'validation/loss': 0.12412426897413466, 'validation/num_examples': 83274637, 'test/loss': 0.12650605329573783, 'test/num_examples': 95000000, 'score': 10708.771770477295, 'total_duration': 33320.54216980934, 'accumulated_submission_time': 10708.771770477295, 'accumulated_eval_time': 22589.660952091217, 'accumulated_logging_time': 1.0645341873168945}
I0915 02:44:43.706578 140026536982272 logging_writer.py:48] [6175] accumulated_eval_time=22589.7, accumulated_logging_time=1.06453, accumulated_submission_time=10708.8, global_step=6175, preemption_count=0, score=10708.8, test/loss=0.126506, test/num_examples=95000000, total_duration=33320.5, train/loss=0.122176, validation/loss=0.124124, validation/num_examples=83274637
I0915 02:50:40.644901 140069821084864 spec.py:333] Evaluating on the training split.
I0915 02:51:39.162285 140069821084864 spec.py:346] Evaluating on the validation split.
I0915 02:54:38.148802 140069821084864 spec.py:363] Evaluating on the test split.
I0915 02:58:10.935821 140069821084864 submission_runner.py:516] Time since start: 34127.79s, 	Step: 6388, 	{'train/loss': 0.12235956073112195, 'validation/loss': 0.12391907428857017, 'validation/num_examples': 83274637, 'test/loss': 0.12621670044459293, 'test/num_examples': 95000000, 'score': 11065.027774333954, 'total_duration': 34127.79482841492, 'accumulated_submission_time': 11065.027774333954, 'accumulated_eval_time': 23039.951890945435, 'accumulated_logging_time': 1.0944933891296387}
I0915 02:58:10.960795 140026528589568 logging_writer.py:48] [6388] accumulated_eval_time=23040, accumulated_logging_time=1.09449, accumulated_submission_time=11065, global_step=6388, preemption_count=0, score=11065, test/loss=0.126217, test/num_examples=95000000, total_duration=34127.8, train/loss=0.12236, validation/loss=0.123919, validation/num_examples=83274637
I0915 03:00:39.785634 140026536982272 logging_writer.py:48] [6500] global_step=6500, grad_norm=0.0145496, loss=0.119019
I0915 03:00:39.788640 140069821084864 submission.py:307] 6500) loss = 0.119, grad_norm = 0.015
I0915 03:04:07.798730 140069821084864 spec.py:333] Evaluating on the training split.
I0915 03:05:06.275288 140069821084864 spec.py:346] Evaluating on the validation split.
I0915 03:08:05.027626 140069821084864 spec.py:363] Evaluating on the test split.
I0915 03:11:38.605827 140069821084864 submission_runner.py:516] Time since start: 34935.46s, 	Step: 6628, 	{'train/loss': 0.12171748654758212, 'validation/loss': 0.1238195275884534, 'validation/num_examples': 83274637, 'test/loss': 0.12615040450391268, 'test/num_examples': 95000000, 'score': 11421.166724920273, 'total_duration': 34935.46488428116, 'accumulated_submission_time': 11421.166724920273, 'accumulated_eval_time': 23490.759078502655, 'accumulated_logging_time': 1.1259403228759766}
I0915 03:11:38.628466 140026528589568 logging_writer.py:48] [6628] accumulated_eval_time=23490.8, accumulated_logging_time=1.12594, accumulated_submission_time=11421.2, global_step=6628, preemption_count=0, score=11421.2, test/loss=0.12615, test/num_examples=95000000, total_duration=34935.5, train/loss=0.121717, validation/loss=0.12382, validation/num_examples=83274637
I0915 03:17:36.621032 140069821084864 spec.py:333] Evaluating on the training split.
I0915 03:18:35.191182 140069821084864 spec.py:346] Evaluating on the validation split.
I0915 03:21:34.004299 140069821084864 spec.py:363] Evaluating on the test split.
I0915 03:25:07.693807 140069821084864 submission_runner.py:516] Time since start: 35744.55s, 	Step: 6864, 	{'train/loss': 0.12146207886837246, 'validation/loss': 0.12377636809639898, 'validation/num_examples': 83274637, 'test/loss': 0.12609451138241418, 'test/num_examples': 95000000, 'score': 11778.461151599884, 'total_duration': 35744.55286478996, 'accumulated_submission_time': 11778.461151599884, 'accumulated_eval_time': 23941.831956148148, 'accumulated_logging_time': 1.1551685333251953}
I0915 03:25:07.717705 140026536982272 logging_writer.py:48] [6864] accumulated_eval_time=23941.8, accumulated_logging_time=1.15517, accumulated_submission_time=11778.5, global_step=6864, preemption_count=0, score=11778.5, test/loss=0.126095, test/num_examples=95000000, total_duration=35744.6, train/loss=0.121462, validation/loss=0.123776, validation/num_examples=83274637
I0915 03:28:28.437519 140026528589568 logging_writer.py:48] [7000] global_step=7000, grad_norm=0.00727773, loss=0.123088
I0915 03:28:28.440638 140069821084864 submission.py:307] 7000) loss = 0.123, grad_norm = 0.007
I0915 03:31:04.676876 140069821084864 spec.py:333] Evaluating on the training split.
I0915 03:32:03.161225 140069821084864 spec.py:346] Evaluating on the validation split.
I0915 03:35:01.880457 140069821084864 spec.py:363] Evaluating on the test split.
I0915 03:38:35.301773 140069821084864 submission_runner.py:516] Time since start: 36552.16s, 	Step: 7080, 	{'train/loss': 0.12131296080331382, 'validation/loss': 0.12381045709418861, 'validation/num_examples': 83274637, 'test/loss': 0.12617998732556795, 'test/num_examples': 95000000, 'score': 12134.730668783188, 'total_duration': 36552.16082024574, 'accumulated_submission_time': 12134.730668783188, 'accumulated_eval_time': 24392.45693564415, 'accumulated_logging_time': 1.1855676174163818}
I0915 03:38:35.324617 140026536982272 logging_writer.py:48] [7080] accumulated_eval_time=24392.5, accumulated_logging_time=1.18557, accumulated_submission_time=12134.7, global_step=7080, preemption_count=0, score=12134.7, test/loss=0.12618, test/num_examples=95000000, total_duration=36552.2, train/loss=0.121313, validation/loss=0.12381, validation/num_examples=83274637
I0915 03:44:31.990007 140069821084864 spec.py:333] Evaluating on the training split.
I0915 03:45:30.481608 140069821084864 spec.py:346] Evaluating on the validation split.
I0915 03:48:28.892586 140069821084864 spec.py:363] Evaluating on the test split.
I0915 03:52:02.853458 140069821084864 submission_runner.py:516] Time since start: 37359.71s, 	Step: 7319, 	{'train/loss': 0.12137885767832389, 'validation/loss': 0.12387279992932258, 'validation/num_examples': 83274637, 'test/loss': 0.12630583417743885, 'test/num_examples': 95000000, 'score': 12490.695368289948, 'total_duration': 37359.71250939369, 'accumulated_submission_time': 12490.695368289948, 'accumulated_eval_time': 24843.320456027985, 'accumulated_logging_time': 1.2147247791290283}
I0915 03:52:02.876708 140026528589568 logging_writer.py:48] [7319] accumulated_eval_time=24843.3, accumulated_logging_time=1.21472, accumulated_submission_time=12490.7, global_step=7319, preemption_count=0, score=12490.7, test/loss=0.126306, test/num_examples=95000000, total_duration=37359.7, train/loss=0.121379, validation/loss=0.123873, validation/num_examples=83274637
I0915 03:56:30.397613 140026536982272 logging_writer.py:48] [7500] global_step=7500, grad_norm=0.0056297, loss=0.125352
I0915 03:56:30.400846 140069821084864 submission.py:307] 7500) loss = 0.125, grad_norm = 0.006
I0915 03:57:59.858484 140069821084864 spec.py:333] Evaluating on the training split.
I0915 03:58:58.351329 140069821084864 spec.py:346] Evaluating on the validation split.
I0915 04:01:57.338147 140069821084864 spec.py:363] Evaluating on the test split.
I0915 04:05:31.866446 140069821084864 submission_runner.py:516] Time since start: 38168.73s, 	Step: 7558, 	{'train/loss': 0.1215535438057609, 'validation/loss': 0.12387690687957276, 'validation/num_examples': 83274637, 'test/loss': 0.12637291547803378, 'test/num_examples': 95000000, 'score': 12846.98413515091, 'total_duration': 38168.725474357605, 'accumulated_submission_time': 12846.98413515091, 'accumulated_eval_time': 25295.328444242477, 'accumulated_logging_time': 1.2445180416107178}
I0915 04:05:31.891374 140026528589568 logging_writer.py:48] [7558] accumulated_eval_time=25295.3, accumulated_logging_time=1.24452, accumulated_submission_time=12847, global_step=7558, preemption_count=0, score=12847, test/loss=0.126373, test/num_examples=95000000, total_duration=38168.7, train/loss=0.121554, validation/loss=0.123877, validation/num_examples=83274637
I0915 04:11:28.658485 140069821084864 spec.py:333] Evaluating on the training split.
I0915 04:12:27.040307 140069821084864 spec.py:346] Evaluating on the validation split.
I0915 04:15:25.922105 140069821084864 spec.py:363] Evaluating on the test split.
I0915 04:18:59.744206 140069821084864 submission_runner.py:516] Time since start: 38976.60s, 	Step: 7778, 	{'train/loss': 0.12235634997831528, 'validation/loss': 0.12383803090201297, 'validation/num_examples': 83274637, 'test/loss': 0.12624362888729698, 'test/num_examples': 95000000, 'score': 13203.063688755035, 'total_duration': 38976.60324835777, 'accumulated_submission_time': 13203.063688755035, 'accumulated_eval_time': 25746.41421842575, 'accumulated_logging_time': 1.2761409282684326}
I0915 04:18:59.769758 140026536982272 logging_writer.py:48] [7778] accumulated_eval_time=25746.4, accumulated_logging_time=1.27614, accumulated_submission_time=13203.1, global_step=7778, preemption_count=0, score=13203.1, test/loss=0.126244, test/num_examples=95000000, total_duration=38976.6, train/loss=0.122356, validation/loss=0.123838, validation/num_examples=83274637
I0915 04:24:56.963710 140026528589568 logging_writer.py:48] [7988] global_step=7988, preemption_count=0, score=13559.8
I0915 04:25:05.272166 140069821084864 submission_runner.py:857] Final criteo1tb score: 13559.849144935608
