torchrun --redirects 1:0,2:0,3:0 --standalone --nnodes=1 --nproc_per_node=4 submission_runner.py --framework=pytorch --workload=ogbg --submission_path=submissions_algorithms/submissions/self_tuning/ademamix_golden/submission.py --data_dir=/data/ogbg --experiment_dir=/experiment_runs --experiment_name=submissions_a100/ademamix_golden/study_1 --overwrite=True --save_checkpoints=False --rng_seed=-1419473739 --torch_compile=true --tuning_ruleset=self 2>&1 | tee -a /logs/ogbg_pytorch_09-13-2026-01-07-00.log
W0913 01:07:26.394000 9 site-packages/torch/distributed/run.py:803] 
W0913 01:07:26.394000 9 site-packages/torch/distributed/run.py:803] *****************************************
W0913 01:07:26.394000 9 site-packages/torch/distributed/run.py:803] Setting OMP_NUM_THREADS environment variable for each process to be 1 in default, to avoid your system being overloaded, please further tune the variable for optimal performance in your application as needed. 
W0913 01:07:26.394000 9 site-packages/torch/distributed/run.py:803] *****************************************
2026-09-13 01:07:40.906612: E external/local_xla/xla/stream_executor/cuda/cuda_fft.cc:467] Unable to register cuFFT factory: Attempting to register factory for plugin cuFFT when one has already been registered
2026-09-13 01:07:40.906612: E external/local_xla/xla/stream_executor/cuda/cuda_fft.cc:467] Unable to register cuFFT factory: Attempting to register factory for plugin cuFFT when one has already been registered
2026-09-13 01:07:40.906604: E external/local_xla/xla/stream_executor/cuda/cuda_fft.cc:467] Unable to register cuFFT factory: Attempting to register factory for plugin cuFFT when one has already been registered
2026-09-13 01:07:40.906605: E external/local_xla/xla/stream_executor/cuda/cuda_fft.cc:467] Unable to register cuFFT factory: Attempting to register factory for plugin cuFFT when one has already been registered
WARNING: All log messages before absl::InitializeLog() is called are written to STDERR
E0000 00:00:1789261661.402858      38 cuda_dnn.cc:8579] Unable to register cuDNN factory: Attempting to register factory for plugin cuDNN when one has already been registered
WARNING: All log messages before absl::InitializeLog() is called are written to STDERR
E0000 00:00:1789261661.402861      39 cuda_dnn.cc:8579] Unable to register cuDNN factory: Attempting to register factory for plugin cuDNN when one has already been registered
WARNING: All log messages before absl::InitializeLog() is called are written to STDERR
E0000 00:00:1789261661.402899      40 cuda_dnn.cc:8579] Unable to register cuDNN factory: Attempting to register factory for plugin cuDNN when one has already been registered
WARNING: All log messages before absl::InitializeLog() is called are written to STDERR
E0000 00:00:1789261661.402885      41 cuda_dnn.cc:8579] Unable to register cuDNN factory: Attempting to register factory for plugin cuDNN when one has already been registered
E0000 00:00:1789261661.484140      38 cuda_blas.cc:1407] Unable to register cuBLAS factory: Attempting to register factory for plugin cuBLAS when one has already been registered
E0000 00:00:1789261661.484156      40 cuda_blas.cc:1407] Unable to register cuBLAS factory: Attempting to register factory for plugin cuBLAS when one has already been registered
E0000 00:00:1789261661.484158      39 cuda_blas.cc:1407] Unable to register cuBLAS factory: Attempting to register factory for plugin cuBLAS when one has already been registered
E0000 00:00:1789261661.484169      41 cuda_blas.cc:1407] Unable to register cuBLAS factory: Attempting to register factory for plugin cuBLAS when one has already been registered
W0000 00:00:1789261662.959637      39 computation_placer.cc:177] computation placer already registered. Please check linkage and avoid linking the same target more than once.
W0000 00:00:1789261662.959647      40 computation_placer.cc:177] computation placer already registered. Please check linkage and avoid linking the same target more than once.
W0000 00:00:1789261662.959642      41 computation_placer.cc:177] computation placer already registered. Please check linkage and avoid linking the same target more than once.
W0000 00:00:1789261662.959654      38 computation_placer.cc:177] computation placer already registered. Please check linkage and avoid linking the same target more than once.
W0000 00:00:1789261662.959684      41 computation_placer.cc:177] computation placer already registered. Please check linkage and avoid linking the same target more than once.
W0000 00:00:1789261662.959684      40 computation_placer.cc:177] computation placer already registered. Please check linkage and avoid linking the same target more than once.
W0000 00:00:1789261662.959684      38 computation_placer.cc:177] computation placer already registered. Please check linkage and avoid linking the same target more than once.
W0000 00:00:1789261662.959685      39 computation_placer.cc:177] computation placer already registered. Please check linkage and avoid linking the same target more than once.
W0000 00:00:1789261662.959687      41 computation_placer.cc:177] computation placer already registered. Please check linkage and avoid linking the same target more than once.
W0000 00:00:1789261662.959687      40 computation_placer.cc:177] computation placer already registered. Please check linkage and avoid linking the same target more than once.
W0000 00:00:1789261662.959688      38 computation_placer.cc:177] computation placer already registered. Please check linkage and avoid linking the same target more than once.
W0000 00:00:1789261662.959688      39 computation_placer.cc:177] computation placer already registered. Please check linkage and avoid linking the same target more than once.
W0000 00:00:1789261662.959689      41 computation_placer.cc:177] computation placer already registered. Please check linkage and avoid linking the same target more than once.
W0000 00:00:1789261662.959690      40 computation_placer.cc:177] computation placer already registered. Please check linkage and avoid linking the same target more than once.
W0000 00:00:1789261662.959690      38 computation_placer.cc:177] computation placer already registered. Please check linkage and avoid linking the same target more than once.
W0000 00:00:1789261662.959691      39 computation_placer.cc:177] computation placer already registered. Please check linkage and avoid linking the same target more than once.
W0000 00:00:1789261689.565051      40 gpu_device.cc:2341] Cannot dlopen some GPU libraries. Please make sure the missing libraries mentioned above are installed properly if you would like to use GPU. Follow the guide at https://www.tensorflow.org/install/gpu for how to download and setup the required libraries for your platform.
Skipping registering GPU devices...
W0000 00:00:1789261689.565045      39 gpu_device.cc:2341] Cannot dlopen some GPU libraries. Please make sure the missing libraries mentioned above are installed properly if you would like to use GPU. Follow the guide at https://www.tensorflow.org/install/gpu for how to download and setup the required libraries for your platform.
Skipping registering GPU devices...
W0000 00:00:1789261689.565082      41 gpu_device.cc:2341] Cannot dlopen some GPU libraries. Please make sure the missing libraries mentioned above are installed properly if you would like to use GPU. Follow the guide at https://www.tensorflow.org/install/gpu for how to download and setup the required libraries for your platform.
Skipping registering GPU devices...
W0000 00:00:1789261689.568920      38 gpu_device.cc:2341] Cannot dlopen some GPU libraries. Please make sure the missing libraries mentioned above are installed properly if you would like to use GPU. Follow the guide at https://www.tensorflow.org/install/gpu for how to download and setup the required libraries for your platform.
Skipping registering GPU devices...
/usr/local/lib/python3.11/site-packages/torch/__init__.py:1617: UserWarning: Please use the new API settings to control TF32 behavior, such as torch.backends.cudnn.conv.fp32_precision = 'tf32' or torch.backends.cuda.matmul.fp32_precision = 'ieee'. Old settings, e.g, torch.backends.cuda.matmul.allow_tf32 = True, torch.backends.cudnn.allow_tf32 = True, allowTF32CuDNN() and allowTF32CuBLAS() will be deprecated after Pytorch 2.9. Please see https://pytorch.org/docs/main/notes/cuda.html#tensorfloat-32-tf32-on-ampere-and-later-devices (Triggered internally at /pytorch/aten/src/ATen/Context.cpp:80.)
  _C._set_float32_matmul_precision(precision)
/usr/local/lib/python3.11/site-packages/torch/__init__.py:1617: UserWarning: Please use the new API settings to control TF32 behavior, such as torch.backends.cudnn.conv.fp32_precision = 'tf32' or torch.backends.cuda.matmul.fp32_precision = 'ieee'. Old settings, e.g, torch.backends.cuda.matmul.allow_tf32 = True, torch.backends.cudnn.allow_tf32 = True, allowTF32CuDNN() and allowTF32CuBLAS() will be deprecated after Pytorch 2.9. Please see https://pytorch.org/docs/main/notes/cuda.html#tensorfloat-32-tf32-on-ampere-and-later-devices (Triggered internally at /pytorch/aten/src/ATen/Context.cpp:80.)
  _C._set_float32_matmul_precision(precision)
/usr/local/lib/python3.11/site-packages/torch/__init__.py:1617: UserWarning: Please use the new API settings to control TF32 behavior, such as torch.backends.cudnn.conv.fp32_precision = 'tf32' or torch.backends.cuda.matmul.fp32_precision = 'ieee'. Old settings, e.g, torch.backends.cuda.matmul.allow_tf32 = True, torch.backends.cudnn.allow_tf32 = True, allowTF32CuDNN() and allowTF32CuBLAS() will be deprecated after Pytorch 2.9. Please see https://pytorch.org/docs/main/notes/cuda.html#tensorfloat-32-tf32-on-ampere-and-later-devices (Triggered internally at /pytorch/aten/src/ATen/Context.cpp:80.)
  _C._set_float32_matmul_precision(precision)
/usr/local/lib/python3.11/site-packages/torch/__init__.py:1617: UserWarning: Please use the new API settings to control TF32 behavior, such as torch.backends.cudnn.conv.fp32_precision = 'tf32' or torch.backends.cuda.matmul.fp32_precision = 'ieee'. Old settings, e.g, torch.backends.cuda.matmul.allow_tf32 = True, torch.backends.cudnn.allow_tf32 = True, allowTF32CuDNN() and allowTF32CuBLAS() will be deprecated after Pytorch 2.9. Please see https://pytorch.org/docs/main/notes/cuda.html#tensorfloat-32-tf32-on-ampere-and-later-devices (Triggered internally at /pytorch/aten/src/ATen/Context.cpp:80.)
  _C._set_float32_matmul_precision(precision)
/usr/local/lib/python3.11/site-packages/pydantic/_internal/_generate_schema.py:2249: UnsupportedFieldAttributeWarning: The 'repr' attribute with value False was provided to the `Field()` function, which has no effect in the context it was used. 'repr' is field-specific metadata, and can only be attached to a model field using `Annotated` metadata or by assignment. This may have happened because an `Annotated` type alias using the `type` statement was used, or if the `Field()` function was attached to a single member of a union type.
  warnings.warn(
/usr/local/lib/python3.11/site-packages/pydantic/_internal/_generate_schema.py:2249: UnsupportedFieldAttributeWarning: The 'repr' attribute with value False was provided to the `Field()` function, which has no effect in the context it was used. 'repr' is field-specific metadata, and can only be attached to a model field using `Annotated` metadata or by assignment. This may have happened because an `Annotated` type alias using the `type` statement was used, or if the `Field()` function was attached to a single member of a union type.
  warnings.warn(
/usr/local/lib/python3.11/site-packages/pydantic/_internal/_generate_schema.py:2249: UnsupportedFieldAttributeWarning: The 'repr' attribute with value False was provided to the `Field()` function, which has no effect in the context it was used. 'repr' is field-specific metadata, and can only be attached to a model field using `Annotated` metadata or by assignment. This may have happened because an `Annotated` type alias using the `type` statement was used, or if the `Field()` function was attached to a single member of a union type.
  warnings.warn(
/usr/local/lib/python3.11/site-packages/pydantic/_internal/_generate_schema.py:2249: UnsupportedFieldAttributeWarning: The 'repr' attribute with value False was provided to the `Field()` function, which has no effect in the context it was used. 'repr' is field-specific metadata, and can only be attached to a model field using `Annotated` metadata or by assignment. This may have happened because an `Annotated` type alias using the `type` statement was used, or if the `Field()` function was attached to a single member of a union type.
  warnings.warn(
/usr/local/lib/python3.11/site-packages/pydantic/_internal/_generate_schema.py:2249: UnsupportedFieldAttributeWarning: The 'frozen' attribute with value True was provided to the `Field()` function, which has no effect in the context it was used. 'frozen' is field-specific metadata, and can only be attached to a model field using `Annotated` metadata or by assignment. This may have happened because an `Annotated` type alias using the `type` statement was used, or if the `Field()` function was attached to a single member of a union type.
  warnings.warn(
/usr/local/lib/python3.11/site-packages/pydantic/_internal/_generate_schema.py:2249: UnsupportedFieldAttributeWarning: The 'frozen' attribute with value True was provided to the `Field()` function, which has no effect in the context it was used. 'frozen' is field-specific metadata, and can only be attached to a model field using `Annotated` metadata or by assignment. This may have happened because an `Annotated` type alias using the `type` statement was used, or if the `Field()` function was attached to a single member of a union type.
  warnings.warn(
/usr/local/lib/python3.11/site-packages/pydantic/_internal/_generate_schema.py:2249: UnsupportedFieldAttributeWarning: The 'frozen' attribute with value True was provided to the `Field()` function, which has no effect in the context it was used. 'frozen' is field-specific metadata, and can only be attached to a model field using `Annotated` metadata or by assignment. This may have happened because an `Annotated` type alias using the `type` statement was used, or if the `Field()` function was attached to a single member of a union type.
  warnings.warn(
/usr/local/lib/python3.11/site-packages/pydantic/_internal/_generate_schema.py:2249: UnsupportedFieldAttributeWarning: The 'frozen' attribute with value True was provided to the `Field()` function, which has no effect in the context it was used. 'frozen' is field-specific metadata, and can only be attached to a model field using `Annotated` metadata or by assignment. This may have happened because an `Annotated` type alias using the `type` statement was used, or if the `Field()` function was attached to a single member of a union type.
  warnings.warn(
/usr/local/lib/python3.11/site-packages/torch/distributed/distributed_c10d.py:4876: UserWarning: barrier(): using the device under current context. You can specify `device_id` in `init_process_group` to mute this warning.
  warnings.warn(  # warn only once
[rank0]:[W913 01:08:19.009486971 ProcessGroupNCCL.cpp:5068] Guessing device ID based on global rank. This can cause a hang if rank to GPU mapping is heterogeneous. You can specify device_id in init_process_group()
I0913 01:08:22.045259 140058254623936 logger_utils.py:84] Creating experiment directory at /experiment_runs/submissions_a100/ademamix_golden/study_1/ogbg_pytorch.
I0913 01:08:22.045259 140452716922048 logger_utils.py:84] Creating experiment directory at /experiment_runs/submissions_a100/ademamix_golden/study_1/ogbg_pytorch.
I0913 01:08:22.045259 139913010533568 logger_utils.py:84] Creating experiment directory at /experiment_runs/submissions_a100/ademamix_golden/study_1/ogbg_pytorch.
I0913 01:08:22.045296 140414510847168 logger_utils.py:84] Creating experiment directory at /experiment_runs/submissions_a100/ademamix_golden/study_1/ogbg_pytorch.
I0913 01:08:22.330052 140414510847168 submission_runner.py:741] Creating directory at /experiment_runs/submissions_a100/ademamix_golden/study_1/ogbg_pytorch/trial_1.
I0913 01:08:22.605943 140414510847168 submission_runner.py:242] Initializing dataset.
I0913 01:08:22.606117 140414510847168 submission_runner.py:251] Initializing model.
W0913 01:08:31.438484 140414510847168 submission_runner.py:273] These workloads cannot be fully compiled under current PyTorch version. Proceeding without `torch.compile`.
W0913 01:08:31.438484 140452716922048 submission_runner.py:273] These workloads cannot be fully compiled under current PyTorch version. Proceeding without `torch.compile`.
W0913 01:08:31.438483 140058254623936 submission_runner.py:273] These workloads cannot be fully compiled under current PyTorch version. Proceeding without `torch.compile`.
W0913 01:08:31.438483 139913010533568 submission_runner.py:273] These workloads cannot be fully compiled under current PyTorch version. Proceeding without `torch.compile`.
I0913 01:08:35.170305 140414510847168 submission_runner.py:294] Initializing optimizer.
I0913 01:08:35.170994 140414510847168 submission_runner.py:299] Initializing metrics bundle.
I0913 01:08:35.171153 140414510847168 submission_runner.py:321] Initializing checkpoint and logger.
I0913 01:08:35.173339 140414510847168 submission_runner.py:344] Saving meta data to /experiment_runs/submissions_a100/ademamix_golden/study_1/ogbg_pytorch/trial_1/meta_data_0.json.
I0913 01:08:35.173401 140452716922048 logger_utils.py:283] Unable to record workload.train_mean information. Continuing without it.
I0913 01:08:35.173421 139913010533568 logger_utils.py:283] Unable to record workload.train_mean information. Continuing without it.
I0913 01:08:35.173450 140058254623936 logger_utils.py:283] Unable to record workload.train_mean information. Continuing without it.
I0913 01:08:35.173548 140414510847168 logger_utils.py:283] Unable to record workload.train_mean information. Continuing without it.
I0913 01:08:35.173559 140452716922048 logger_utils.py:283] Unable to record workload.train_stddev information. Continuing without it.
I0913 01:08:35.173572 139913010533568 logger_utils.py:283] Unable to record workload.train_stddev information. Continuing without it.
I0913 01:08:35.173605 140414510847168 logger_utils.py:283] Unable to record workload.train_stddev information. Continuing without it.
I0913 01:08:35.173624 140058254623936 logger_utils.py:283] Unable to record workload.train_stddev information. Continuing without it.
I0913 01:08:35.658640 140414510847168 submission_runner.py:348] Saving flags to /experiment_runs/submissions_a100/ademamix_golden/study_1/ogbg_pytorch/trial_1/flags_0.json.
I0913 01:08:35.734925 140414510847168 submission_runner.py:359] Starting training loop.
I0913 01:08:40.528908 140414510847168 dataset_info.py:707] Load dataset info from /data/ogbg/ogbg_molpcba/0.1.3
I0913 01:08:40.583129 140414510847168 reader.py:262] Creating a tf.data.Dataset reading 8 files located in folders: /data/ogbg/ogbg_molpcba/0.1.3.
WARNING:tensorflow:From /usr/local/lib/python3.11/site-packages/tensorflow_datasets/core/reader.py:102: CounterV2 (from tensorflow.python.data.experimental.ops.counter) is deprecated and will be removed in a future version.
Instructions for updating:
Use `tf.data.Dataset.counter(...)` instead.
W0913 01:08:40.844721 140414510847168 deprecation.py:50] From /usr/local/lib/python3.11/site-packages/tensorflow_datasets/core/reader.py:102: CounterV2 (from tensorflow.python.data.experimental.ops.counter) is deprecated and will be removed in a future version.
Instructions for updating:
Use `tf.data.Dataset.counter(...)` instead.
I0913 01:08:41.307629 140414510847168 logging_logger.py:49] Constructing tf.data.Dataset ogbg_molpcba for split train, from /data/ogbg/ogbg_molpcba/0.1.3
I0913 01:09:07.107853 140389126174464 logging_writer.py:48] [0] global_step=0, grad_norm=0.5, loss=0.728479
I0913 01:09:07.298723 140414510847168 submission.py:307] 0) loss = 0.728, grad_norm = 0.500
I0913 01:09:07.733063 140414510847168 spec.py:333] Evaluating on the training split.
I0913 01:09:07.736300 140414510847168 dataset_info.py:707] Load dataset info from /data/ogbg/ogbg_molpcba/0.1.3
I0913 01:09:07.739694 140414510847168 reader.py:262] Creating a tf.data.Dataset reading 8 files located in folders: /data/ogbg/ogbg_molpcba/0.1.3.
I0913 01:09:07.801130 140414510847168 logging_logger.py:49] Constructing tf.data.Dataset ogbg_molpcba for split train, from /data/ogbg/ogbg_molpcba/0.1.3
I0913 01:09:47.849410 140414510847168 spec.py:346] Evaluating on the validation split.
I0913 01:09:47.851808 140414510847168 dataset_info.py:707] Load dataset info from /data/ogbg/ogbg_molpcba/0.1.3
I0913 01:09:47.855218 140414510847168 reader.py:262] Creating a tf.data.Dataset reading 1 files located in folders: /data/ogbg/ogbg_molpcba/0.1.3.
I0913 01:09:47.919281 140414510847168 logging_logger.py:49] Constructing tf.data.Dataset ogbg_molpcba for split validation, from /data/ogbg/ogbg_molpcba/0.1.3
I0913 01:10:07.011831 140414510847168 spec.py:363] Evaluating on the test split.
I0913 01:10:07.014056 140414510847168 dataset_info.py:707] Load dataset info from /data/ogbg/ogbg_molpcba/0.1.3
I0913 01:10:07.017430 140414510847168 reader.py:262] Creating a tf.data.Dataset reading 1 files located in folders: /data/ogbg/ogbg_molpcba/0.1.3.
I0913 01:10:07.076837 140414510847168 logging_logger.py:49] Constructing tf.data.Dataset ogbg_molpcba for split test, from /data/ogbg/ogbg_molpcba/0.1.3
I0913 01:10:26.108055 140414510847168 submission_runner.py:516] Time since start: 110.37s, 	Step: 1, 	{'train/accuracy': 0.5586510674202247, 'train/loss': 0.7345021011061005, 'train/mean_average_precision': 0.023466601473233494, 'validation/accuracy': 0.5490050383355145, 'validation/loss': 0.7403665985795889, 'validation/mean_average_precision': 0.02634112715062556, 'validation/num_examples': 43793, 'test/accuracy': 0.5467212161999395, 'test/loss': 0.7414811802846774, 'test/mean_average_precision': 0.02823475507662738, 'test/num_examples': 43793, 'score': 31.565271377563477, 'total_duration': 110.37323498725891, 'accumulated_submission_time': 31.565271377563477, 'accumulated_eval_time': 78.37495589256287, 'accumulated_logging_time': 0}
I0913 01:10:26.127695 140379747440384 logging_writer.py:48] [1] accumulated_eval_time=78.375, accumulated_logging_time=0, accumulated_submission_time=31.5653, global_step=1, preemption_count=0, score=31.5653, test/accuracy=0.546721, test/loss=0.741481, test/mean_average_precision=0.0282348, test/num_examples=43793, total_duration=110.373, train/accuracy=0.558651, train/loss=0.734502, train/mean_average_precision=0.0234666, validation/accuracy=0.549005, validation/loss=0.740367, validation/mean_average_precision=0.0263411, validation/num_examples=43793
I0913 01:10:26.834922 140379755833088 logging_writer.py:48] [1] global_step=1, grad_norm=0.5, loss=0.730535
I0913 01:10:26.837943 140414510847168 submission.py:307] 1) loss = 0.731, grad_norm = 0.500
I0913 01:10:27.084076 140379747440384 logging_writer.py:48] [2] global_step=2, grad_norm=0.5, loss=0.729496
I0913 01:10:27.087171 140414510847168 submission.py:307] 2) loss = 0.729, grad_norm = 0.500
I0913 01:10:27.329640 140379755833088 logging_writer.py:48] [3] global_step=3, grad_norm=0.5, loss=0.728626
I0913 01:10:27.332563 140414510847168 submission.py:307] 3) loss = 0.729, grad_norm = 0.500
I0913 01:10:27.576979 140379747440384 logging_writer.py:48] [4] global_step=4, grad_norm=0.5, loss=0.728981
I0913 01:10:27.579923 140414510847168 submission.py:307] 4) loss = 0.729, grad_norm = 0.500
I0913 01:10:27.819232 140379755833088 logging_writer.py:48] [5] global_step=5, grad_norm=0.5, loss=0.725472
I0913 01:10:27.822232 140414510847168 submission.py:307] 5) loss = 0.725, grad_norm = 0.500
I0913 01:10:28.071012 140379747440384 logging_writer.py:48] [6] global_step=6, grad_norm=0.5, loss=0.725856
I0913 01:10:28.074082 140414510847168 submission.py:307] 6) loss = 0.726, grad_norm = 0.500
I0913 01:10:28.328935 140379755833088 logging_writer.py:48] [7] global_step=7, grad_norm=0.5, loss=0.721924
I0913 01:10:28.331948 140414510847168 submission.py:307] 7) loss = 0.722, grad_norm = 0.500
I0913 01:10:28.575167 140379747440384 logging_writer.py:48] [8] global_step=8, grad_norm=0.5, loss=0.719258
I0913 01:10:28.578378 140414510847168 submission.py:307] 8) loss = 0.719, grad_norm = 0.500
I0913 01:10:28.820628 140379755833088 logging_writer.py:48] [9] global_step=9, grad_norm=0.5, loss=0.711758
I0913 01:10:28.823832 140414510847168 submission.py:307] 9) loss = 0.712, grad_norm = 0.500
I0913 01:10:29.066415 140379747440384 logging_writer.py:48] [10] global_step=10, grad_norm=0.5, loss=0.71116
I0913 01:10:29.069728 140414510847168 submission.py:307] 10) loss = 0.711, grad_norm = 0.500
I0913 01:10:29.313488 140379755833088 logging_writer.py:48] [11] global_step=11, grad_norm=0.5, loss=0.70956
I0913 01:10:29.317430 140414510847168 submission.py:307] 11) loss = 0.710, grad_norm = 0.500
I0913 01:10:29.561283 140379747440384 logging_writer.py:48] [12] global_step=12, grad_norm=0.5, loss=0.70263
I0913 01:10:29.564654 140414510847168 submission.py:307] 12) loss = 0.703, grad_norm = 0.500
I0913 01:10:29.809994 140379755833088 logging_writer.py:48] [13] global_step=13, grad_norm=0.5, loss=0.696168
I0913 01:10:29.813163 140414510847168 submission.py:307] 13) loss = 0.696, grad_norm = 0.500
I0913 01:10:30.053087 140379747440384 logging_writer.py:48] [14] global_step=14, grad_norm=0.5, loss=0.690788
I0913 01:10:30.056051 140414510847168 submission.py:307] 14) loss = 0.691, grad_norm = 0.500
I0913 01:10:30.297043 140379755833088 logging_writer.py:48] [15] global_step=15, grad_norm=0.5, loss=0.684906
I0913 01:10:30.300065 140414510847168 submission.py:307] 15) loss = 0.685, grad_norm = 0.500
I0913 01:10:30.542372 140379747440384 logging_writer.py:48] [16] global_step=16, grad_norm=0.5, loss=0.678718
I0913 01:10:30.545261 140414510847168 submission.py:307] 16) loss = 0.679, grad_norm = 0.500
I0913 01:10:30.786581 140379755833088 logging_writer.py:48] [17] global_step=17, grad_norm=0.5, loss=0.671283
I0913 01:10:30.789614 140414510847168 submission.py:307] 17) loss = 0.671, grad_norm = 0.500
I0913 01:10:31.030599 140379747440384 logging_writer.py:48] [18] global_step=18, grad_norm=0.5, loss=0.669953
I0913 01:10:31.033588 140414510847168 submission.py:307] 18) loss = 0.670, grad_norm = 0.500
I0913 01:10:31.274223 140379755833088 logging_writer.py:48] [19] global_step=19, grad_norm=0.5, loss=0.663981
I0913 01:10:31.277163 140414510847168 submission.py:307] 19) loss = 0.664, grad_norm = 0.500
I0913 01:10:31.520115 140379747440384 logging_writer.py:48] [20] global_step=20, grad_norm=0.5, loss=0.652072
I0913 01:10:31.523119 140414510847168 submission.py:307] 20) loss = 0.652, grad_norm = 0.500
I0913 01:10:31.763725 140379755833088 logging_writer.py:48] [21] global_step=21, grad_norm=0.5, loss=0.645859
I0913 01:10:31.767051 140414510847168 submission.py:307] 21) loss = 0.646, grad_norm = 0.500
I0913 01:10:32.011507 140379747440384 logging_writer.py:48] [22] global_step=22, grad_norm=0.5, loss=0.637613
I0913 01:10:32.014412 140414510847168 submission.py:307] 22) loss = 0.638, grad_norm = 0.500
I0913 01:10:32.253799 140379755833088 logging_writer.py:48] [23] global_step=23, grad_norm=0.5, loss=0.629899
I0913 01:10:32.256798 140414510847168 submission.py:307] 23) loss = 0.630, grad_norm = 0.500
I0913 01:10:32.501950 140379747440384 logging_writer.py:48] [24] global_step=24, grad_norm=0.5, loss=0.627101
I0913 01:10:32.504969 140414510847168 submission.py:307] 24) loss = 0.627, grad_norm = 0.500
I0913 01:10:32.748251 140379755833088 logging_writer.py:48] [25] global_step=25, grad_norm=0.5, loss=0.615109
I0913 01:10:32.751224 140414510847168 submission.py:307] 25) loss = 0.615, grad_norm = 0.500
I0913 01:10:32.995712 140379747440384 logging_writer.py:48] [26] global_step=26, grad_norm=0.5, loss=0.604968
I0913 01:10:32.998743 140414510847168 submission.py:307] 26) loss = 0.605, grad_norm = 0.500
I0913 01:10:33.243538 140379755833088 logging_writer.py:48] [27] global_step=27, grad_norm=0.5, loss=0.598412
I0913 01:10:33.246548 140414510847168 submission.py:307] 27) loss = 0.598, grad_norm = 0.500
I0913 01:10:33.489198 140379747440384 logging_writer.py:48] [28] global_step=28, grad_norm=0.5, loss=0.590896
I0913 01:10:33.492168 140414510847168 submission.py:307] 28) loss = 0.591, grad_norm = 0.500
I0913 01:10:33.732647 140379755833088 logging_writer.py:48] [29] global_step=29, grad_norm=0.5, loss=0.580914
I0913 01:10:33.735737 140414510847168 submission.py:307] 29) loss = 0.581, grad_norm = 0.500
I0913 01:10:33.978316 140379747440384 logging_writer.py:48] [30] global_step=30, grad_norm=0.5, loss=0.570592
I0913 01:10:33.981392 140414510847168 submission.py:307] 30) loss = 0.571, grad_norm = 0.500
I0913 01:10:34.228562 140379755833088 logging_writer.py:48] [31] global_step=31, grad_norm=0.5, loss=0.564664
I0913 01:10:34.231541 140414510847168 submission.py:307] 31) loss = 0.565, grad_norm = 0.500
I0913 01:10:34.480916 140379747440384 logging_writer.py:48] [32] global_step=32, grad_norm=0.5, loss=0.557313
I0913 01:10:34.484096 140414510847168 submission.py:307] 32) loss = 0.557, grad_norm = 0.500
I0913 01:10:34.731414 140379755833088 logging_writer.py:48] [33] global_step=33, grad_norm=0.5, loss=0.547977
I0913 01:10:34.734467 140414510847168 submission.py:307] 33) loss = 0.548, grad_norm = 0.500
I0913 01:10:34.979351 140379747440384 logging_writer.py:48] [34] global_step=34, grad_norm=0.5, loss=0.540141
I0913 01:10:34.982441 140414510847168 submission.py:307] 34) loss = 0.540, grad_norm = 0.500
I0913 01:10:35.232241 140379755833088 logging_writer.py:48] [35] global_step=35, grad_norm=0.499999, loss=0.531826
I0913 01:10:35.235276 140414510847168 submission.py:307] 35) loss = 0.532, grad_norm = 0.500
I0913 01:10:35.480947 140379747440384 logging_writer.py:48] [36] global_step=36, grad_norm=0.499999, loss=0.523864
I0913 01:10:35.484035 140414510847168 submission.py:307] 36) loss = 0.524, grad_norm = 0.500
I0913 01:10:35.730905 140379755833088 logging_writer.py:48] [37] global_step=37, grad_norm=0.499999, loss=0.513047
I0913 01:10:35.736908 140414510847168 submission.py:307] 37) loss = 0.513, grad_norm = 0.500
I0913 01:10:35.983936 140379747440384 logging_writer.py:48] [38] global_step=38, grad_norm=0.499999, loss=0.509439
I0913 01:10:35.987594 140414510847168 submission.py:307] 38) loss = 0.509, grad_norm = 0.500
I0913 01:10:36.232926 140379755833088 logging_writer.py:48] [39] global_step=39, grad_norm=0.499999, loss=0.500375
I0913 01:10:36.236407 140414510847168 submission.py:307] 39) loss = 0.500, grad_norm = 0.500
I0913 01:10:36.480942 140379747440384 logging_writer.py:48] [40] global_step=40, grad_norm=0.499999, loss=0.49546
I0913 01:10:36.484062 140414510847168 submission.py:307] 40) loss = 0.495, grad_norm = 0.500
I0913 01:10:36.730657 140379755833088 logging_writer.py:48] [41] global_step=41, grad_norm=0.499999, loss=0.49039
I0913 01:10:36.734226 140414510847168 submission.py:307] 41) loss = 0.490, grad_norm = 0.500
I0913 01:10:36.977590 140379747440384 logging_writer.py:48] [42] global_step=42, grad_norm=0.499999, loss=0.483528
I0913 01:10:36.981069 140414510847168 submission.py:307] 42) loss = 0.484, grad_norm = 0.500
I0913 01:10:37.222315 140379755833088 logging_writer.py:48] [43] global_step=43, grad_norm=0.499999, loss=0.481444
I0913 01:10:37.225395 140414510847168 submission.py:307] 43) loss = 0.481, grad_norm = 0.500
I0913 01:10:37.468041 140379747440384 logging_writer.py:48] [44] global_step=44, grad_norm=0.499999, loss=0.471582
I0913 01:10:37.473731 140414510847168 submission.py:307] 44) loss = 0.472, grad_norm = 0.500
I0913 01:10:37.715537 140379755833088 logging_writer.py:48] [45] global_step=45, grad_norm=0.499999, loss=0.468898
I0913 01:10:37.719584 140414510847168 submission.py:307] 45) loss = 0.469, grad_norm = 0.500
I0913 01:10:37.964204 140379747440384 logging_writer.py:48] [46] global_step=46, grad_norm=0.499999, loss=0.464524
I0913 01:10:37.967385 140414510847168 submission.py:307] 46) loss = 0.465, grad_norm = 0.500
I0913 01:10:38.212105 140379755833088 logging_writer.py:48] [47] global_step=47, grad_norm=0.499999, loss=0.45727
I0913 01:10:38.215238 140414510847168 submission.py:307] 47) loss = 0.457, grad_norm = 0.500
I0913 01:10:38.460186 140379747440384 logging_writer.py:48] [48] global_step=48, grad_norm=0.499999, loss=0.45304
I0913 01:10:38.463624 140414510847168 submission.py:307] 48) loss = 0.453, grad_norm = 0.500
I0913 01:10:38.708217 140379755833088 logging_writer.py:48] [49] global_step=49, grad_norm=0.499999, loss=0.452006
I0913 01:10:38.711167 140414510847168 submission.py:307] 49) loss = 0.452, grad_norm = 0.500
I0913 01:10:38.957215 140379747440384 logging_writer.py:48] [50] global_step=50, grad_norm=0.499999, loss=0.44577
I0913 01:10:38.960225 140414510847168 submission.py:307] 50) loss = 0.446, grad_norm = 0.500
I0913 01:10:39.203263 140379755833088 logging_writer.py:48] [51] global_step=51, grad_norm=0.499999, loss=0.440786
I0913 01:10:39.206207 140414510847168 submission.py:307] 51) loss = 0.441, grad_norm = 0.500
I0913 01:10:39.449652 140379747440384 logging_writer.py:48] [52] global_step=52, grad_norm=0.499999, loss=0.43798
I0913 01:10:39.452837 140414510847168 submission.py:307] 52) loss = 0.438, grad_norm = 0.500
I0913 01:10:39.697722 140379755833088 logging_writer.py:48] [53] global_step=53, grad_norm=0.497673, loss=0.440495
I0913 01:10:39.700728 140414510847168 submission.py:307] 53) loss = 0.440, grad_norm = 0.498
I0913 01:10:39.943007 140379747440384 logging_writer.py:48] [54] global_step=54, grad_norm=0.494459, loss=0.431466
I0913 01:10:39.945978 140414510847168 submission.py:307] 54) loss = 0.431, grad_norm = 0.494
I0913 01:10:40.189751 140379755833088 logging_writer.py:48] [55] global_step=55, grad_norm=0.486141, loss=0.427144
I0913 01:10:40.192765 140414510847168 submission.py:307] 55) loss = 0.427, grad_norm = 0.486
I0913 01:10:40.433347 140379747440384 logging_writer.py:48] [56] global_step=56, grad_norm=0.480954, loss=0.423342
I0913 01:10:40.436396 140414510847168 submission.py:307] 56) loss = 0.423, grad_norm = 0.481
I0913 01:10:40.678837 140379755833088 logging_writer.py:48] [57] global_step=57, grad_norm=0.471848, loss=0.425899
I0913 01:10:40.681859 140414510847168 submission.py:307] 57) loss = 0.426, grad_norm = 0.472
I0913 01:10:40.925402 140379747440384 logging_writer.py:48] [58] global_step=58, grad_norm=0.467501, loss=0.420367
I0913 01:10:40.928363 140414510847168 submission.py:307] 58) loss = 0.420, grad_norm = 0.468
I0913 01:10:41.173760 140379755833088 logging_writer.py:48] [59] global_step=59, grad_norm=0.463369, loss=0.419721
I0913 01:10:41.176776 140414510847168 submission.py:307] 59) loss = 0.420, grad_norm = 0.463
I0913 01:10:41.421303 140379747440384 logging_writer.py:48] [60] global_step=60, grad_norm=0.461335, loss=0.413886
I0913 01:10:41.424297 140414510847168 submission.py:307] 60) loss = 0.414, grad_norm = 0.461
I0913 01:10:41.666218 140379755833088 logging_writer.py:48] [61] global_step=61, grad_norm=0.45947, loss=0.411149
I0913 01:10:41.669307 140414510847168 submission.py:307] 61) loss = 0.411, grad_norm = 0.459
I0913 01:10:41.912588 140379747440384 logging_writer.py:48] [62] global_step=62, grad_norm=0.459573, loss=0.406947
I0913 01:10:41.915648 140414510847168 submission.py:307] 62) loss = 0.407, grad_norm = 0.460
I0913 01:10:42.159775 140379755833088 logging_writer.py:48] [63] global_step=63, grad_norm=0.455153, loss=0.406738
I0913 01:10:42.162786 140414510847168 submission.py:307] 63) loss = 0.407, grad_norm = 0.455
I0913 01:10:42.409357 140379747440384 logging_writer.py:48] [64] global_step=64, grad_norm=0.449655, loss=0.403712
I0913 01:10:42.412341 140414510847168 submission.py:307] 64) loss = 0.404, grad_norm = 0.450
I0913 01:10:42.659032 140379755833088 logging_writer.py:48] [65] global_step=65, grad_norm=0.447662, loss=0.402483
I0913 01:10:42.662128 140414510847168 submission.py:307] 65) loss = 0.402, grad_norm = 0.448
I0913 01:10:42.907837 140379747440384 logging_writer.py:48] [66] global_step=66, grad_norm=0.443879, loss=0.398607
I0913 01:10:42.910835 140414510847168 submission.py:307] 66) loss = 0.399, grad_norm = 0.444
I0913 01:10:43.152867 140379755833088 logging_writer.py:48] [67] global_step=67, grad_norm=0.433898, loss=0.399821
I0913 01:10:43.155859 140414510847168 submission.py:307] 67) loss = 0.400, grad_norm = 0.434
I0913 01:10:43.400990 140379747440384 logging_writer.py:48] [68] global_step=68, grad_norm=0.43545, loss=0.392929
I0913 01:10:43.404043 140414510847168 submission.py:307] 68) loss = 0.393, grad_norm = 0.435
I0913 01:10:43.649129 140379755833088 logging_writer.py:48] [69] global_step=69, grad_norm=0.43277, loss=0.393344
I0913 01:10:43.652137 140414510847168 submission.py:307] 69) loss = 0.393, grad_norm = 0.433
I0913 01:10:43.896124 140379747440384 logging_writer.py:48] [70] global_step=70, grad_norm=0.433609, loss=0.391122
I0913 01:10:43.899049 140414510847168 submission.py:307] 70) loss = 0.391, grad_norm = 0.434
I0913 01:10:44.143917 140379755833088 logging_writer.py:48] [71] global_step=71, grad_norm=0.452115, loss=0.387052
I0913 01:10:44.146940 140414510847168 submission.py:307] 71) loss = 0.387, grad_norm = 0.452
I0913 01:10:44.390094 140379747440384 logging_writer.py:48] [72] global_step=72, grad_norm=0.44172, loss=0.38507
I0913 01:10:44.393000 140414510847168 submission.py:307] 72) loss = 0.385, grad_norm = 0.442
I0913 01:10:44.635804 140379755833088 logging_writer.py:48] [73] global_step=73, grad_norm=0.42957, loss=0.386344
I0913 01:10:44.638799 140414510847168 submission.py:307] 73) loss = 0.386, grad_norm = 0.430
I0913 01:10:44.886027 140379747440384 logging_writer.py:48] [74] global_step=74, grad_norm=0.424712, loss=0.382086
I0913 01:10:44.889068 140414510847168 submission.py:307] 74) loss = 0.382, grad_norm = 0.425
I0913 01:10:45.134810 140379755833088 logging_writer.py:48] [75] global_step=75, grad_norm=0.419183, loss=0.379433
I0913 01:10:45.137793 140414510847168 submission.py:307] 75) loss = 0.379, grad_norm = 0.419
I0913 01:10:45.387621 140379747440384 logging_writer.py:48] [76] global_step=76, grad_norm=0.417905, loss=0.377403
I0913 01:10:45.390755 140414510847168 submission.py:307] 76) loss = 0.377, grad_norm = 0.418
I0913 01:10:45.639945 140379755833088 logging_writer.py:48] [77] global_step=77, grad_norm=0.41146, loss=0.376207
I0913 01:10:45.642960 140414510847168 submission.py:307] 77) loss = 0.376, grad_norm = 0.411
I0913 01:10:45.894589 140379747440384 logging_writer.py:48] [78] global_step=78, grad_norm=0.408512, loss=0.371575
I0913 01:10:45.897725 140414510847168 submission.py:307] 78) loss = 0.372, grad_norm = 0.409
I0913 01:10:46.146412 140379755833088 logging_writer.py:48] [79] global_step=79, grad_norm=0.403855, loss=0.370022
I0913 01:10:46.149406 140414510847168 submission.py:307] 79) loss = 0.370, grad_norm = 0.404
I0913 01:10:46.397042 140379747440384 logging_writer.py:48] [80] global_step=80, grad_norm=0.403979, loss=0.368339
I0913 01:10:46.400035 140414510847168 submission.py:307] 80) loss = 0.368, grad_norm = 0.404
I0913 01:10:46.645499 140379755833088 logging_writer.py:48] [81] global_step=81, grad_norm=0.400467, loss=0.36676
I0913 01:10:46.648409 140414510847168 submission.py:307] 81) loss = 0.367, grad_norm = 0.400
I0913 01:10:46.893962 140379747440384 logging_writer.py:48] [82] global_step=82, grad_norm=0.398876, loss=0.368283
I0913 01:10:46.896877 140414510847168 submission.py:307] 82) loss = 0.368, grad_norm = 0.399
I0913 01:10:47.140259 140379755833088 logging_writer.py:48] [83] global_step=83, grad_norm=0.397733, loss=0.363378
I0913 01:10:47.143313 140414510847168 submission.py:307] 83) loss = 0.363, grad_norm = 0.398
I0913 01:10:47.391342 140379747440384 logging_writer.py:48] [84] global_step=84, grad_norm=0.393243, loss=0.361512
I0913 01:10:47.394338 140414510847168 submission.py:307] 84) loss = 0.362, grad_norm = 0.393
I0913 01:10:47.642026 140379755833088 logging_writer.py:48] [85] global_step=85, grad_norm=0.388189, loss=0.36242
I0913 01:10:47.645005 140414510847168 submission.py:307] 85) loss = 0.362, grad_norm = 0.388
I0913 01:10:47.893253 140379747440384 logging_writer.py:48] [86] global_step=86, grad_norm=0.386464, loss=0.360579
I0913 01:10:47.896248 140414510847168 submission.py:307] 86) loss = 0.361, grad_norm = 0.386
I0913 01:10:48.143593 140379755833088 logging_writer.py:48] [87] global_step=87, grad_norm=0.391082, loss=0.356344
I0913 01:10:48.146655 140414510847168 submission.py:307] 87) loss = 0.356, grad_norm = 0.391
I0913 01:10:48.394699 140379747440384 logging_writer.py:48] [88] global_step=88, grad_norm=0.386468, loss=0.355973
I0913 01:10:48.397742 140414510847168 submission.py:307] 88) loss = 0.356, grad_norm = 0.386
I0913 01:10:48.642966 140379755833088 logging_writer.py:48] [89] global_step=89, grad_norm=0.382687, loss=0.356793
I0913 01:10:48.646021 140414510847168 submission.py:307] 89) loss = 0.357, grad_norm = 0.383
I0913 01:10:48.891215 140379747440384 logging_writer.py:48] [90] global_step=90, grad_norm=0.385518, loss=0.352109
I0913 01:10:48.894249 140414510847168 submission.py:307] 90) loss = 0.352, grad_norm = 0.386
I0913 01:10:49.142618 140379755833088 logging_writer.py:48] [91] global_step=91, grad_norm=0.382113, loss=0.351625
I0913 01:10:49.145693 140414510847168 submission.py:307] 91) loss = 0.352, grad_norm = 0.382
I0913 01:10:49.391429 140379747440384 logging_writer.py:48] [92] global_step=92, grad_norm=0.380693, loss=0.351116
I0913 01:10:49.394434 140414510847168 submission.py:307] 92) loss = 0.351, grad_norm = 0.381
I0913 01:10:49.638231 140379755833088 logging_writer.py:48] [93] global_step=93, grad_norm=0.380173, loss=0.348481
I0913 01:10:49.641278 140414510847168 submission.py:307] 93) loss = 0.348, grad_norm = 0.380
I0913 01:10:49.887771 140379747440384 logging_writer.py:48] [94] global_step=94, grad_norm=0.379323, loss=0.346351
I0913 01:10:49.890995 140414510847168 submission.py:307] 94) loss = 0.346, grad_norm = 0.379
I0913 01:10:50.137620 140379755833088 logging_writer.py:48] [95] global_step=95, grad_norm=0.375825, loss=0.344865
I0913 01:10:50.140614 140414510847168 submission.py:307] 95) loss = 0.345, grad_norm = 0.376
I0913 01:10:50.389481 140379747440384 logging_writer.py:48] [96] global_step=96, grad_norm=0.375272, loss=0.342934
I0913 01:10:50.392537 140414510847168 submission.py:307] 96) loss = 0.343, grad_norm = 0.375
I0913 01:10:50.636295 140379755833088 logging_writer.py:48] [97] global_step=97, grad_norm=0.377983, loss=0.33952
I0913 01:10:50.639450 140414510847168 submission.py:307] 97) loss = 0.340, grad_norm = 0.378
I0913 01:10:50.883380 140379747440384 logging_writer.py:48] [98] global_step=98, grad_norm=0.372457, loss=0.338567
I0913 01:10:50.886449 140414510847168 submission.py:307] 98) loss = 0.339, grad_norm = 0.372
I0913 01:10:51.130818 140379755833088 logging_writer.py:48] [99] global_step=99, grad_norm=0.372528, loss=0.340341
I0913 01:10:51.133859 140414510847168 submission.py:307] 99) loss = 0.340, grad_norm = 0.373
I0913 01:10:51.379771 140379747440384 logging_writer.py:48] [100] global_step=100, grad_norm=0.369444, loss=0.339648
I0913 01:10:51.382823 140414510847168 submission.py:307] 100) loss = 0.340, grad_norm = 0.369
I0913 01:12:26.944788 140379755833088 logging_writer.py:48] [500] global_step=500, grad_norm=0.030448, loss=0.0682298
I0913 01:12:26.948212 140414510847168 submission.py:307] 500) loss = 0.068, grad_norm = 0.030
I0913 01:14:24.499054 140379747440384 logging_writer.py:48] [1000] global_step=1000, grad_norm=0.0193225, loss=0.0504973
I0913 01:14:24.502445 140414510847168 submission.py:307] 1000) loss = 0.050, grad_norm = 0.019
I0913 01:16:22.543859 140379755833088 logging_writer.py:48] [1500] global_step=1500, grad_norm=0.0229361, loss=0.0448496
I0913 01:16:22.547434 140414510847168 submission.py:307] 1500) loss = 0.045, grad_norm = 0.023
I0913 01:17:58.593968 140414510847168 spec.py:333] Evaluating on the training split.
I0913 01:18:24.894428 140414510847168 spec.py:346] Evaluating on the validation split.
I0913 01:18:26.907112 140414510847168 spec.py:363] Evaluating on the test split.
I0913 01:18:28.986604 140414510847168 submission_runner.py:516] Time since start: 593.25s, 	Step: 1909, 	{'train/accuracy': 0.987392573965418, 'train/loss': 0.04626145357260643, 'train/mean_average_precision': 0.10833063408675046, 'validation/accuracy': 0.9847544887136738, 'validation/loss': 0.055170290169075695, 'validation/mean_average_precision': 0.10860620174572136, 'validation/num_examples': 43793, 'test/accuracy': 0.9837648527381597, 'test/loss': 0.05830736797729859, 'test/mean_average_precision': 0.10742968659137667, 'test/num_examples': 43793, 'score': 482.64182305336, 'total_duration': 593.2517759799957, 'accumulated_submission_time': 482.64182305336, 'accumulated_eval_time': 108.76751208305359, 'accumulated_logging_time': 0.029638051986694336}
I0913 01:18:29.010369 140379747440384 logging_writer.py:48] [1909] accumulated_eval_time=108.768, accumulated_logging_time=0.0296381, accumulated_submission_time=482.642, global_step=1909, preemption_count=0, score=482.642, test/accuracy=0.983765, test/loss=0.0583074, test/mean_average_precision=0.10743, test/num_examples=43793, total_duration=593.252, train/accuracy=0.987393, train/loss=0.0462615, train/mean_average_precision=0.108331, validation/accuracy=0.984754, validation/loss=0.0551703, validation/mean_average_precision=0.108606, validation/num_examples=43793
I0913 01:18:51.417424 140379755833088 logging_writer.py:48] [2000] global_step=2000, grad_norm=0.0189821, loss=0.0459201
I0913 01:18:51.420550 140414510847168 submission.py:307] 2000) loss = 0.046, grad_norm = 0.019
I0913 01:20:49.048781 140379747440384 logging_writer.py:48] [2500] global_step=2500, grad_norm=0.0437944, loss=0.0394203
I0913 01:20:49.052136 140414510847168 submission.py:307] 2500) loss = 0.039, grad_norm = 0.044
I0913 01:22:47.360907 140379755833088 logging_writer.py:48] [3000] global_step=3000, grad_norm=0.0187581, loss=0.0440383
I0913 01:22:47.364858 140414510847168 submission.py:307] 3000) loss = 0.044, grad_norm = 0.019
I0913 01:24:45.775686 140379747440384 logging_writer.py:48] [3500] global_step=3500, grad_norm=0.0269089, loss=0.0456432
I0913 01:24:45.779088 140414510847168 submission.py:307] 3500) loss = 0.046, grad_norm = 0.027
I0913 01:26:01.485800 140414510847168 spec.py:333] Evaluating on the training split.
I0913 01:26:27.628592 140414510847168 spec.py:346] Evaluating on the validation split.
I0913 01:26:29.643171 140414510847168 spec.py:363] Evaluating on the test split.
I0913 01:26:31.709884 140414510847168 submission_runner.py:516] Time since start: 1075.97s, 	Step: 3823, 	{'train/accuracy': 0.9884848246424989, 'train/loss': 0.040407567271189444, 'train/mean_average_precision': 0.19120728049328006, 'validation/accuracy': 0.9854151309187859, 'validation/loss': 0.05075225176495994, 'validation/mean_average_precision': 0.16287674577030156, 'validation/num_examples': 43793, 'test/accuracy': 0.984448371389417, 'test/loss': 0.05355386926094914, 'test/mean_average_precision': 0.1640744205277744, 'test/num_examples': 43793, 'score': 933.7262935638428, 'total_duration': 1075.9749946594238, 'accumulated_submission_time': 933.7262935638428, 'accumulated_eval_time': 138.99151515960693, 'accumulated_logging_time': 0.0630345344543457}
I0913 01:26:31.733505 140379755833088 logging_writer.py:48] [3823] accumulated_eval_time=138.992, accumulated_logging_time=0.0630345, accumulated_submission_time=933.726, global_step=3823, preemption_count=0, score=933.726, test/accuracy=0.984448, test/loss=0.0535539, test/mean_average_precision=0.164074, test/num_examples=43793, total_duration=1075.97, train/accuracy=0.988485, train/loss=0.0404076, train/mean_average_precision=0.191207, validation/accuracy=0.985415, validation/loss=0.0507523, validation/mean_average_precision=0.162877, validation/num_examples=43793
I0913 01:27:14.484435 140379747440384 logging_writer.py:48] [4000] global_step=4000, grad_norm=0.026149, loss=0.0436869
I0913 01:27:14.487650 140414510847168 submission.py:307] 4000) loss = 0.044, grad_norm = 0.026
I0913 01:29:13.940930 140379755833088 logging_writer.py:48] [4500] global_step=4500, grad_norm=0.0243712, loss=0.0486334
I0913 01:29:13.944608 140414510847168 submission.py:307] 4500) loss = 0.049, grad_norm = 0.024
I0913 01:31:13.586194 140379747440384 logging_writer.py:48] [5000] global_step=5000, grad_norm=0.0201098, loss=0.0436581
I0913 01:31:13.589648 140414510847168 submission.py:307] 5000) loss = 0.044, grad_norm = 0.020
I0913 01:33:11.810143 140379755833088 logging_writer.py:48] [5500] global_step=5500, grad_norm=0.0308451, loss=0.0378625
I0913 01:33:11.813530 140414510847168 submission.py:307] 5500) loss = 0.038, grad_norm = 0.031
I0913 01:34:04.318002 140414510847168 spec.py:333] Evaluating on the training split.
I0913 01:34:30.704740 140414510847168 spec.py:346] Evaluating on the validation split.
I0913 01:34:32.730834 140414510847168 spec.py:363] Evaluating on the test split.
I0913 01:34:34.819263 140414510847168 submission_runner.py:516] Time since start: 1559.08s, 	Step: 5720, 	{'train/accuracy': 0.9886374956736488, 'train/loss': 0.03856164425364093, 'train/mean_average_precision': 0.23909901151243002, 'validation/accuracy': 0.9857841163347286, 'validation/loss': 0.048169271399936354, 'validation/mean_average_precision': 0.2052480629121319, 'validation/num_examples': 43793, 'test/accuracy': 0.9848665685679127, 'test/loss': 0.05095236984718325, 'test/mean_average_precision': 0.20260702704146777, 'test/num_examples': 43793, 'score': 1384.9259967803955, 'total_duration': 1559.084408044815, 'accumulated_submission_time': 1384.9259967803955, 'accumulated_eval_time': 169.49265098571777, 'accumulated_logging_time': 0.09615492820739746}
I0913 01:34:34.842361 140379747440384 logging_writer.py:48] [5720] accumulated_eval_time=169.493, accumulated_logging_time=0.0961549, accumulated_submission_time=1384.93, global_step=5720, preemption_count=0, score=1384.93, test/accuracy=0.984867, test/loss=0.0509524, test/mean_average_precision=0.202607, test/num_examples=43793, total_duration=1559.08, train/accuracy=0.988637, train/loss=0.0385616, train/mean_average_precision=0.239099, validation/accuracy=0.985784, validation/loss=0.0481693, validation/mean_average_precision=0.205248, validation/num_examples=43793
I0913 01:35:42.652616 140379755833088 logging_writer.py:48] [6000] global_step=6000, grad_norm=0.0200517, loss=0.0395983
I0913 01:35:42.655851 140414510847168 submission.py:307] 6000) loss = 0.040, grad_norm = 0.020
I0913 01:37:41.908269 140379747440384 logging_writer.py:48] [6500] global_step=6500, grad_norm=0.0272362, loss=0.0385592
I0913 01:37:41.912413 140414510847168 submission.py:307] 6500) loss = 0.039, grad_norm = 0.027
I0913 01:39:41.417582 140379755833088 logging_writer.py:48] [7000] global_step=7000, grad_norm=0.021751, loss=0.03493
I0913 01:39:41.421043 140414510847168 submission.py:307] 7000) loss = 0.035, grad_norm = 0.022
I0913 01:41:40.842155 140379747440384 logging_writer.py:48] [7500] global_step=7500, grad_norm=0.0156814, loss=0.0324344
I0913 01:41:40.845720 140414510847168 submission.py:307] 7500) loss = 0.032, grad_norm = 0.016
I0913 01:42:07.385359 140414510847168 spec.py:333] Evaluating on the training split.
I0913 01:42:33.604250 140414510847168 spec.py:346] Evaluating on the validation split.
I0913 01:42:35.608260 140414510847168 spec.py:363] Evaluating on the test split.
I0913 01:42:37.662148 140414510847168 submission_runner.py:516] Time since start: 2041.93s, 	Step: 7610, 	{'train/accuracy': 0.9895910571669182, 'train/loss': 0.03510912069093631, 'train/mean_average_precision': 0.2911635532020825, 'validation/accuracy': 0.9861514780524714, 'validation/loss': 0.04606302087730849, 'validation/mean_average_precision': 0.22996665595578003, 'validation/num_examples': 43793, 'test/accuracy': 0.9853134036196587, 'test/loss': 0.048619133342149304, 'test/mean_average_precision': 0.2286057515900184, 'test/num_examples': 43793, 'score': 1836.0931000709534, 'total_duration': 2041.9273238182068, 'accumulated_submission_time': 1836.0931000709534, 'accumulated_eval_time': 199.7694013118744, 'accumulated_logging_time': 0.1288614273071289}
I0913 01:42:37.684312 140379755833088 logging_writer.py:48] [7610] accumulated_eval_time=199.769, accumulated_logging_time=0.128861, accumulated_submission_time=1836.09, global_step=7610, preemption_count=0, score=1836.09, test/accuracy=0.985313, test/loss=0.0486191, test/mean_average_precision=0.228606, test/num_examples=43793, total_duration=2041.93, train/accuracy=0.989591, train/loss=0.0351091, train/mean_average_precision=0.291164, validation/accuracy=0.986151, validation/loss=0.046063, validation/mean_average_precision=0.229967, validation/num_examples=43793
I0913 01:44:11.389155 140379747440384 logging_writer.py:48] [8000] global_step=8000, grad_norm=0.0163229, loss=0.0340497
I0913 01:44:11.392511 140414510847168 submission.py:307] 8000) loss = 0.034, grad_norm = 0.016
I0913 01:46:10.877550 140379755833088 logging_writer.py:48] [8500] global_step=8500, grad_norm=0.0200388, loss=0.0392392
I0913 01:46:10.881026 140414510847168 submission.py:307] 8500) loss = 0.039, grad_norm = 0.020
I0913 01:48:10.317507 140379747440384 logging_writer.py:48] [9000] global_step=9000, grad_norm=0.0169167, loss=0.0355976
I0913 01:48:10.320794 140414510847168 submission.py:307] 9000) loss = 0.036, grad_norm = 0.017
I0913 01:50:09.311642 140379755833088 logging_writer.py:48] [9500] global_step=9500, grad_norm=0.0149519, loss=0.0346768
I0913 01:50:09.315127 140414510847168 submission.py:307] 9500) loss = 0.035, grad_norm = 0.015
I0913 01:50:10.229608 140414510847168 spec.py:333] Evaluating on the training split.
I0913 01:50:36.603995 140414510847168 spec.py:346] Evaluating on the validation split.
I0913 01:50:38.625994 140414510847168 spec.py:363] Evaluating on the test split.
I0913 01:50:40.716366 140414510847168 submission_runner.py:516] Time since start: 2524.98s, 	Step: 9503, 	{'train/accuracy': 0.9898969062830736, 'train/loss': 0.03370176837601168, 'train/mean_average_precision': 0.3318149727723656, 'validation/accuracy': 0.9865431952432138, 'validation/loss': 0.04514741682808933, 'validation/mean_average_precision': 0.24401900095267037, 'validation/num_examples': 43793, 'test/accuracy': 0.9856915920046427, 'test/loss': 0.04799593057926837, 'test/mean_average_precision': 0.23806589574507442, 'test/num_examples': 43793, 'score': 2287.257420063019, 'total_duration': 2524.9815373420715, 'accumulated_submission_time': 2287.257420063019, 'accumulated_eval_time': 230.2561206817627, 'accumulated_logging_time': 0.16065526008605957}
I0913 01:50:40.739250 140379747440384 logging_writer.py:48] [9503] accumulated_eval_time=230.256, accumulated_logging_time=0.160655, accumulated_submission_time=2287.26, global_step=9503, preemption_count=0, score=2287.26, test/accuracy=0.985692, test/loss=0.0479959, test/mean_average_precision=0.238066, test/num_examples=43793, total_duration=2524.98, train/accuracy=0.989897, train/loss=0.0337018, train/mean_average_precision=0.331815, validation/accuracy=0.986543, validation/loss=0.0451474, validation/mean_average_precision=0.244019, validation/num_examples=43793
I0913 01:52:40.251860 140379755833088 logging_writer.py:48] [10000] global_step=10000, grad_norm=0.0187978, loss=0.0342521
I0913 01:52:40.255315 140414510847168 submission.py:307] 10000) loss = 0.034, grad_norm = 0.019
I0913 01:54:38.892963 140379747440384 logging_writer.py:48] [10500] global_step=10500, grad_norm=0.0207025, loss=0.0346329
I0913 01:54:38.896209 140414510847168 submission.py:307] 10500) loss = 0.035, grad_norm = 0.021
I0913 01:56:38.602449 140379755833088 logging_writer.py:48] [11000] global_step=11000, grad_norm=0.0151515, loss=0.0328005
I0913 01:56:38.605886 140414510847168 submission.py:307] 11000) loss = 0.033, grad_norm = 0.015
I0913 01:58:13.254155 140414510847168 spec.py:333] Evaluating on the training split.
I0913 01:58:39.788377 140414510847168 spec.py:346] Evaluating on the validation split.
I0913 01:58:41.833229 140414510847168 spec.py:363] Evaluating on the test split.
I0913 01:58:43.919941 140414510847168 submission_runner.py:516] Time since start: 3008.19s, 	Step: 11397, 	{'train/accuracy': 0.9905033425243241, 'train/loss': 0.03171524286825818, 'train/mean_average_precision': 0.37856228803121666, 'validation/accuracy': 0.9866564481926615, 'validation/loss': 0.044947521186217074, 'validation/mean_average_precision': 0.2540324694597763, 'validation/num_examples': 43793, 'test/accuracy': 0.9858512060334945, 'test/loss': 0.04768449041747281, 'test/mean_average_precision': 0.25288343198344315, 'test/num_examples': 43793, 'score': 2738.389086484909, 'total_duration': 3008.1850967407227, 'accumulated_submission_time': 2738.389086484909, 'accumulated_eval_time': 260.9218719005585, 'accumulated_logging_time': 0.1932201385498047}
I0913 01:58:43.944404 140379747440384 logging_writer.py:48] [11397] accumulated_eval_time=260.922, accumulated_logging_time=0.19322, accumulated_submission_time=2738.39, global_step=11397, preemption_count=0, score=2738.39, test/accuracy=0.985851, test/loss=0.0476845, test/mean_average_precision=0.252883, test/num_examples=43793, total_duration=3008.19, train/accuracy=0.990503, train/loss=0.0317152, train/mean_average_precision=0.378562, validation/accuracy=0.986656, validation/loss=0.0449475, validation/mean_average_precision=0.254032, validation/num_examples=43793
I0913 01:59:09.341238 140379755833088 logging_writer.py:48] [11500] global_step=11500, grad_norm=0.0169753, loss=0.0353803
I0913 01:59:09.344325 140414510847168 submission.py:307] 11500) loss = 0.035, grad_norm = 0.017
I0913 02:01:08.493326 140379747440384 logging_writer.py:48] [12000] global_step=12000, grad_norm=0.0149312, loss=0.0309349
I0913 02:01:08.496681 140414510847168 submission.py:307] 12000) loss = 0.031, grad_norm = 0.015
I0913 02:03:07.720756 140379755833088 logging_writer.py:48] [12500] global_step=12500, grad_norm=0.0166224, loss=0.0304455
I0913 02:03:07.724627 140414510847168 submission.py:307] 12500) loss = 0.030, grad_norm = 0.017
I0913 02:05:06.991347 140379747440384 logging_writer.py:48] [13000] global_step=13000, grad_norm=0.0160947, loss=0.0311039
I0913 02:05:06.995117 140414510847168 submission.py:307] 13000) loss = 0.031, grad_norm = 0.016
I0913 02:06:16.547213 140414510847168 spec.py:333] Evaluating on the training split.
I0913 02:06:42.801793 140414510847168 spec.py:346] Evaluating on the validation split.
I0913 02:06:44.802654 140414510847168 spec.py:363] Evaluating on the test split.
I0913 02:06:46.831420 140414510847168 submission_runner.py:516] Time since start: 3491.10s, 	Step: 13292, 	{'train/accuracy': 0.9909148422903182, 'train/loss': 0.0301297743295072, 'train/mean_average_precision': 0.39912657319498523, 'validation/accuracy': 0.9868740237514573, 'validation/loss': 0.04422345009888322, 'validation/mean_average_precision': 0.27054262197357337, 'validation/num_examples': 43793, 'test/accuracy': 0.9860137680787103, 'test/loss': 0.046997974396899025, 'test/mean_average_precision': 0.2609902563106287, 'test/num_examples': 43793, 'score': 3189.6078889369965, 'total_duration': 3491.096622467041, 'accumulated_submission_time': 3189.6078889369965, 'accumulated_eval_time': 291.20612835884094, 'accumulated_logging_time': 0.22724652290344238}
I0913 02:06:46.855723 140379755833088 logging_writer.py:48] [13292] accumulated_eval_time=291.206, accumulated_logging_time=0.227247, accumulated_submission_time=3189.61, global_step=13292, preemption_count=0, score=3189.61, test/accuracy=0.986014, test/loss=0.046998, test/mean_average_precision=0.26099, test/num_examples=43793, total_duration=3491.1, train/accuracy=0.990915, train/loss=0.0301298, train/mean_average_precision=0.399127, validation/accuracy=0.986874, validation/loss=0.0442235, validation/mean_average_precision=0.270543, validation/num_examples=43793
I0913 02:07:37.339360 140379747440384 logging_writer.py:48] [13500] global_step=13500, grad_norm=0.0155233, loss=0.0294452
I0913 02:07:37.342674 140414510847168 submission.py:307] 13500) loss = 0.029, grad_norm = 0.016
I0913 02:09:34.759184 140379755833088 logging_writer.py:48] [14000] global_step=14000, grad_norm=0.0190781, loss=0.0300727
I0913 02:09:34.762545 140414510847168 submission.py:307] 14000) loss = 0.030, grad_norm = 0.019
I0913 02:11:30.710639 140379747440384 logging_writer.py:48] [14500] global_step=14500, grad_norm=0.0171732, loss=0.0287043
I0913 02:11:30.718641 140414510847168 submission.py:307] 14500) loss = 0.029, grad_norm = 0.017
I0913 02:13:25.598982 140379755833088 logging_writer.py:48] [15000] global_step=15000, grad_norm=0.016204, loss=0.0277313
I0913 02:13:25.602430 140414510847168 submission.py:307] 15000) loss = 0.028, grad_norm = 0.016
I0913 02:14:19.426579 140414510847168 spec.py:333] Evaluating on the training split.
I0913 02:14:44.788327 140414510847168 spec.py:346] Evaluating on the validation split.
I0913 02:14:46.790560 140414510847168 spec.py:363] Evaluating on the test split.
I0913 02:14:48.821494 140414510847168 submission_runner.py:516] Time since start: 3973.09s, 	Step: 15236, 	{'train/accuracy': 0.9914435874576981, 'train/loss': 0.028296213395269654, 'train/mean_average_precision': 0.44738064563564217, 'validation/accuracy': 0.9868715882041573, 'validation/loss': 0.04422238771822504, 'validation/mean_average_precision': 0.2697428412578408, 'validation/num_examples': 43793, 'test/accuracy': 0.9860491442750786, 'test/loss': 0.04709520629376225, 'test/mean_average_precision': 0.2617299438584322, 'test/num_examples': 43793, 'score': 3640.7936511039734, 'total_duration': 3973.0866956710815, 'accumulated_submission_time': 3640.7936511039734, 'accumulated_eval_time': 320.60099935531616, 'accumulated_logging_time': 0.26543426513671875}
I0913 02:14:48.844926 140379747440384 logging_writer.py:48] [15236] accumulated_eval_time=320.601, accumulated_logging_time=0.265434, accumulated_submission_time=3640.79, global_step=15236, preemption_count=0, score=3640.79, test/accuracy=0.986049, test/loss=0.0470952, test/mean_average_precision=0.26173, test/num_examples=43793, total_duration=3973.09, train/accuracy=0.991444, train/loss=0.0282962, train/mean_average_precision=0.447381, validation/accuracy=0.986872, validation/loss=0.0442224, validation/mean_average_precision=0.269743, validation/num_examples=43793
I0913 02:15:49.296016 140379755833088 logging_writer.py:48] [15500] global_step=15500, grad_norm=0.020017, loss=0.0333224
I0913 02:15:49.299173 140414510847168 submission.py:307] 15500) loss = 0.033, grad_norm = 0.020
I0913 02:17:43.163309 140379747440384 logging_writer.py:48] [16000] global_step=16000, grad_norm=0.0222029, loss=0.0341091
I0913 02:17:43.167943 140414510847168 submission.py:307] 16000) loss = 0.034, grad_norm = 0.022
I0913 02:19:36.602185 140379755833088 logging_writer.py:48] [16500] global_step=16500, grad_norm=0.0178688, loss=0.029432
I0913 02:19:36.611056 140414510847168 submission.py:307] 16500) loss = 0.029, grad_norm = 0.018
I0913 02:21:30.825614 140379747440384 logging_writer.py:48] [17000] global_step=17000, grad_norm=0.0178401, loss=0.0285211
I0913 02:21:30.828922 140414510847168 submission.py:307] 17000) loss = 0.029, grad_norm = 0.018
I0913 02:22:21.377157 140414510847168 spec.py:333] Evaluating on the training split.
I0913 02:22:46.644495 140414510847168 spec.py:346] Evaluating on the validation split.
I0913 02:22:48.666046 140414510847168 spec.py:363] Evaluating on the test split.
I0913 02:22:50.754382 140414510847168 submission_runner.py:516] Time since start: 4455.02s, 	Step: 17220, 	{'train/accuracy': 0.9920402604089243, 'train/loss': 0.026127167900357063, 'train/mean_average_precision': 0.49616984273163683, 'validation/accuracy': 0.9869357242830561, 'validation/loss': 0.04444915683382098, 'validation/mean_average_precision': 0.2739300672967146, 'validation/num_examples': 43793, 'test/accuracy': 0.9861196860952176, 'test/loss': 0.047152139859792344, 'test/mean_average_precision': 0.26818404313760036, 'test/num_examples': 43793, 'score': 4091.952267408371, 'total_duration': 4455.019567489624, 'accumulated_submission_time': 4091.952267408371, 'accumulated_eval_time': 349.97821378707886, 'accumulated_logging_time': 0.29807329177856445}
I0913 02:22:50.778447 140379755833088 logging_writer.py:48] [17220] accumulated_eval_time=349.978, accumulated_logging_time=0.298073, accumulated_submission_time=4091.95, global_step=17220, preemption_count=0, score=4091.95, test/accuracy=0.98612, test/loss=0.0471521, test/mean_average_precision=0.268184, test/num_examples=43793, total_duration=4455.02, train/accuracy=0.99204, train/loss=0.0261272, train/mean_average_precision=0.49617, validation/accuracy=0.986936, validation/loss=0.0444492, validation/mean_average_precision=0.27393, validation/num_examples=43793
I0913 02:23:54.954312 140379747440384 logging_writer.py:48] [17500] global_step=17500, grad_norm=0.0162622, loss=0.0253394
I0913 02:23:54.957522 140414510847168 submission.py:307] 17500) loss = 0.025, grad_norm = 0.016
I0913 02:25:47.787787 140379755833088 logging_writer.py:48] [18000] global_step=18000, grad_norm=0.0196909, loss=0.0258581
I0913 02:25:47.791042 140414510847168 submission.py:307] 18000) loss = 0.026, grad_norm = 0.020
I0913 02:27:40.330164 140379747440384 logging_writer.py:48] [18500] global_step=18500, grad_norm=0.0195962, loss=0.0271452
I0913 02:27:40.333287 140414510847168 submission.py:307] 18500) loss = 0.027, grad_norm = 0.020
I0913 02:29:33.617615 140379755833088 logging_writer.py:48] [19000] global_step=19000, grad_norm=0.0195315, loss=0.0285482
I0913 02:29:33.620873 140414510847168 submission.py:307] 19000) loss = 0.029, grad_norm = 0.020
I0913 02:30:23.242651 140414510847168 spec.py:333] Evaluating on the training split.
I0913 02:30:48.327406 140414510847168 spec.py:346] Evaluating on the validation split.
I0913 02:30:50.311675 140414510847168 spec.py:363] Evaluating on the test split.
I0913 02:30:52.352745 140414510847168 submission_runner.py:516] Time since start: 4936.62s, 	Step: 19219, 	{'train/accuracy': 0.9922587325620501, 'train/loss': 0.02521319431163083, 'train/mean_average_precision': 0.5292838896308407, 'validation/accuracy': 0.9870345669109791, 'validation/loss': 0.044852398476240424, 'validation/mean_average_precision': 0.27909230434120236, 'validation/num_examples': 43793, 'test/accuracy': 0.9861563257271704, 'test/loss': 0.0476955290278537, 'test/mean_average_precision': 0.2709051437065942, 'test/num_examples': 43793, 'score': 4543.044823646545, 'total_duration': 4936.61790394783, 'accumulated_submission_time': 4543.044823646545, 'accumulated_eval_time': 379.088228225708, 'accumulated_logging_time': 0.3312056064605713}
I0913 02:30:52.376145 140379747440384 logging_writer.py:48] [19219] accumulated_eval_time=379.088, accumulated_logging_time=0.331206, accumulated_submission_time=4543.04, global_step=19219, preemption_count=0, score=4543.04, test/accuracy=0.986156, test/loss=0.0476955, test/mean_average_precision=0.270905, test/num_examples=43793, total_duration=4936.62, train/accuracy=0.992259, train/loss=0.0252132, train/mean_average_precision=0.529284, validation/accuracy=0.987035, validation/loss=0.0448524, validation/mean_average_precision=0.279092, validation/num_examples=43793
I0913 02:31:55.974288 140379755833088 logging_writer.py:48] [19500] global_step=19500, grad_norm=0.0189949, loss=0.0294257
I0913 02:31:55.977680 140414510847168 submission.py:307] 19500) loss = 0.029, grad_norm = 0.019
I0913 02:33:48.200229 140379747440384 logging_writer.py:48] [20000] global_step=20000, grad_norm=0.0174147, loss=0.0261211
I0913 02:33:48.203579 140414510847168 submission.py:307] 20000) loss = 0.026, grad_norm = 0.017
I0913 02:35:40.237685 140379755833088 logging_writer.py:48] [20500] global_step=20500, grad_norm=0.0189442, loss=0.0280141
I0913 02:35:40.240869 140414510847168 submission.py:307] 20500) loss = 0.028, grad_norm = 0.019
I0913 02:37:32.088920 140379747440384 logging_writer.py:48] [21000] global_step=21000, grad_norm=0.0227868, loss=0.028208
I0913 02:37:32.092119 140414510847168 submission.py:307] 21000) loss = 0.028, grad_norm = 0.023
I0913 02:38:24.977591 140414510847168 spec.py:333] Evaluating on the training split.
I0913 02:38:49.831026 140414510847168 spec.py:346] Evaluating on the validation split.
I0913 02:38:51.812797 140414510847168 spec.py:363] Evaluating on the test split.
I0913 02:38:53.812364 140414510847168 submission_runner.py:516] Time since start: 5418.08s, 	Step: 21236, 	{'train/accuracy': 0.9925139913291285, 'train/loss': 0.024142121883480805, 'train/mean_average_precision': 0.5400073620419426, 'validation/accuracy': 0.9870051373811047, 'validation/loss': 0.04515812625938092, 'validation/mean_average_precision': 0.28139374424142705, 'validation/num_examples': 43793, 'test/accuracy': 0.9861407433549605, 'test/loss': 0.04821267558596037, 'test/mean_average_precision': 0.27437666614556744, 'test/num_examples': 43793, 'score': 4994.298848628998, 'total_duration': 5418.0775537490845, 'accumulated_submission_time': 4994.298848628998, 'accumulated_eval_time': 407.92298674583435, 'accumulated_logging_time': 0.36398983001708984}
I0913 02:38:53.836669 140379755833088 logging_writer.py:48] [21236] accumulated_eval_time=407.923, accumulated_logging_time=0.36399, accumulated_submission_time=4994.3, global_step=21236, preemption_count=0, score=4994.3, test/accuracy=0.986141, test/loss=0.0482127, test/mean_average_precision=0.274377, test/num_examples=43793, total_duration=5418.08, train/accuracy=0.992514, train/loss=0.0241421, train/mean_average_precision=0.540007, validation/accuracy=0.987005, validation/loss=0.0451581, validation/mean_average_precision=0.281394, validation/num_examples=43793
I0913 02:38:54.276631 140379747440384 logging_writer.py:48] [21236] global_step=21236, preemption_count=0, score=4994.3
I0913 02:38:54.399078 140414510847168 submission_runner.py:857] Final ogbg score: 4994.298848628998
