python submission_runner.py --framework=jax --workload=imagenet_resnet --submission_path=submissions_algorithms/submissions/self_tuning/single_worker_dilocov2/submission.py --data_dir=/data/imagenet/jax --experiment_dir=/experiment_runs --experiment_name=submissions_a100/single_worker_dilocov2/study_1 --overwrite=True --save_checkpoints=False --rng_seed=-1750020085 --imagenet_v2_data_dir=/data/imagenet/jax --tuning_ruleset=self 2>&1 | tee -a /logs/imagenet_resnet_jax_06-16-2026-08-46-04.log
2026-06-16 08:46:05.484935: E external/local_xla/xla/stream_executor/cuda/cuda_fft.cc:467] Unable to register cuFFT factory: Attempting to register factory for plugin cuFFT when one has already been registered
WARNING: All log messages before absl::InitializeLog() is called are written to STDERR
E0000 00:00:1781599565.508299       9 cuda_dnn.cc:8579] Unable to register cuDNN factory: Attempting to register factory for plugin cuDNN when one has already been registered
E0000 00:00:1781599565.516029       9 cuda_blas.cc:1407] Unable to register cuBLAS factory: Attempting to register factory for plugin cuBLAS when one has already been registered
W0000 00:00:1781599565.534937       9 computation_placer.cc:177] computation placer already registered. Please check linkage and avoid linking the same target more than once.
W0000 00:00:1781599565.534962       9 computation_placer.cc:177] computation placer already registered. Please check linkage and avoid linking the same target more than once.
W0000 00:00:1781599565.534965       9 computation_placer.cc:177] computation placer already registered. Please check linkage and avoid linking the same target more than once.
W0000 00:00:1781599565.534967       9 computation_placer.cc:177] computation placer already registered. Please check linkage and avoid linking the same target more than once.
/usr/local/lib/python3.11/site-packages/torch/__init__.py:1617: UserWarning: Please use the new API settings to control TF32 behavior, such as torch.backends.cudnn.conv.fp32_precision = 'tf32' or torch.backends.cuda.matmul.fp32_precision = 'ieee'. Old settings, e.g, torch.backends.cuda.matmul.allow_tf32 = True, torch.backends.cudnn.allow_tf32 = True, allowTF32CuDNN() and allowTF32CuBLAS() will be deprecated after Pytorch 2.9. Please see https://pytorch.org/docs/main/notes/cuda.html#tensorfloat-32-tf32-on-ampere-and-later-devices (Triggered internally at /pytorch/aten/src/ATen/Context.cpp:80.)
  _C._set_float32_matmul_precision(precision)
/usr/local/lib/python3.11/site-packages/pydantic/_internal/_generate_schema.py:2249: UnsupportedFieldAttributeWarning: The 'repr' attribute with value False was provided to the `Field()` function, which has no effect in the context it was used. 'repr' is field-specific metadata, and can only be attached to a model field using `Annotated` metadata or by assignment. This may have happened because an `Annotated` type alias using the `type` statement was used, or if the `Field()` function was attached to a single member of a union type.
  warnings.warn(
/usr/local/lib/python3.11/site-packages/pydantic/_internal/_generate_schema.py:2249: UnsupportedFieldAttributeWarning: The 'frozen' attribute with value True was provided to the `Field()` function, which has no effect in the context it was used. 'frozen' is field-specific metadata, and can only be attached to a model field using `Annotated` metadata or by assignment. This may have happened because an `Annotated` type alias using the `type` statement was used, or if the `Field()` function was attached to a single member of a union type.
  warnings.warn(
INFO:2026-06-16 08:46:13,286:jax._src.xla_bridge:830: Unable to initialize backend 'tpu': INTERNAL: Failed to open libtpu.so: libtpu.so: cannot open shared object file: No such file or directory
I0616 08:46:13.286073 140306086958272 xla_bridge.py:830] Unable to initialize backend 'tpu': INTERNAL: Failed to open libtpu.so: libtpu.so: cannot open shared object file: No such file or directory
I0616 08:46:13.894626 140306086958272 logger_utils.py:84] Creating experiment directory at /experiment_runs/submissions_a100/single_worker_dilocov2/study_1/imagenet_resnet_jax.
I0616 08:46:14.259657 140306086958272 submission_runner.py:741] Creating directory at /experiment_runs/submissions_a100/single_worker_dilocov2/study_1/imagenet_resnet_jax/trial_1.
I0616 08:46:14.771876 140306086958272 submission_runner.py:242] Initializing dataset.
I0616 08:46:15.280871 140306086958272 dataset_info.py:707] Load dataset info from /data/imagenet/jax/imagenet2012/5.1.0
I0616 08:46:15.335831 140306086958272 dataset_info.py:793] For 'imagenet2012/5.1.0': fields info.[splits, supervised_keys] differ on disk and in the code. Keeping the one from code.
I0616 08:46:15.617239 140306086958272 reader.py:262] Creating a tf.data.Dataset reading 1024 files located in folders: /data/imagenet/jax/imagenet2012/5.1.0.
I0616 08:46:15.698480 140306086958272 logging_logger.py:49] Constructing tf.data.Dataset imagenet2012 for split train, from /data/imagenet/jax/imagenet2012/5.1.0
I0616 08:46:16.602378 140306086958272 submission_runner.py:251] Initializing model.
I0616 08:46:39.704249 140306086958272 submission_runner.py:294] Initializing optimizer.
I0616 08:46:40.994472 140306086958272 submission_runner.py:299] Initializing metrics bundle.
I0616 08:46:40.994715 140306086958272 submission_runner.py:321] Initializing checkpoint and logger.
I0616 08:46:40.996683 140306086958272 checkpoints.py:1098] Found no checkpoint files in /experiment_runs/submissions_a100/single_worker_dilocov2/study_1/imagenet_resnet_jax/trial_1 with prefix checkpoint_
I0616 08:46:40.996817 140306086958272 submission_runner.py:344] Saving meta data to /experiment_runs/submissions_a100/single_worker_dilocov2/study_1/imagenet_resnet_jax/trial_1/meta_data_0.json.
I0616 08:46:41.168721 140306086958272 submission_runner.py:348] Saving flags to /experiment_runs/submissions_a100/single_worker_dilocov2/study_1/imagenet_resnet_jax/trial_1/flags_0.json.
I0616 08:46:41.179961 140306086958272 submission_runner.py:359] Starting training loop.
I0616 08:47:29.628305 140306086958272 spec.py:333] Evaluating on the training split.
I0616 08:47:29.886123 140306086958272 dataset_info.py:707] Load dataset info from /data/imagenet/jax/imagenet2012/5.1.0
I0616 08:47:29.891595 140306086958272 dataset_info.py:793] For 'imagenet2012/5.1.0': fields info.[splits, supervised_keys] differ on disk and in the code. Keeping the one from code.
I0616 08:47:29.909585 140306086958272 reader.py:262] Creating a tf.data.Dataset reading 1024 files located in folders: /data/imagenet/jax/imagenet2012/5.1.0.
I0616 08:47:29.949373 140306086958272 logging_logger.py:49] Constructing tf.data.Dataset imagenet2012 for split train, from /data/imagenet/jax/imagenet2012/5.1.0
I0616 08:47:56.565540 140306086958272 spec.py:346] Evaluating on the validation split.
I0616 08:47:56.570241 140306086958272 dataset_info.py:707] Load dataset info from /data/imagenet/jax/imagenet2012/5.1.0
I0616 08:47:56.583263 140306086958272 dataset_info.py:793] For 'imagenet2012/5.1.0': fields info.[splits, supervised_keys] differ on disk and in the code. Keeping the one from code.
I0616 08:47:56.586227 140306086958272 reader.py:262] Creating a tf.data.Dataset reading 64 files located in folders: /data/imagenet/jax/imagenet2012/5.1.0.
I0616 08:47:56.639299 140306086958272 logging_logger.py:49] Constructing tf.data.Dataset imagenet2012 for split validation, from /data/imagenet/jax/imagenet2012/5.1.0
I0616 08:48:29.174329 140306086958272 spec.py:363] Evaluating on the test split.
I0616 08:48:29.307507 140306086958272 dataset_info.py:707] Load dataset info from /data/imagenet/jax/imagenet_v2/matched-frequency/3.0.0
I0616 08:48:29.333731 140306086958272 reader.py:262] Creating a tf.data.Dataset reading 16 files located in folders: /data/imagenet/jax/imagenet_v2/matched-frequency/3.0.0.
I0616 08:48:29.378876 140306086958272 logging_logger.py:49] Constructing tf.data.Dataset imagenet_v2 for split test, from /data/imagenet/jax/imagenet_v2/matched-frequency/3.0.0
I0616 08:48:35.257382 140306086958272 submission_runner.py:516] Time since start: 114.08s, 	Step: 1, 	{'train/accuracy': Array(0.00095663, dtype=float32), 'train/loss': Array(6.910946, dtype=float32), 'validation/accuracy': Array(0.00148, dtype=float32), 'validation/loss': Array(6.910766, dtype=float32), 'validation/num_examples': 50000, 'test/accuracy': Array(0.0016, dtype=float32), 'test/loss': Array(6.910859, dtype=float32), 'test/num_examples': 10000, 'score': 48.448254346847534, 'total_duration': 114.07582020759583, 'accumulated_submission_time': 48.448254346847534, 'accumulated_eval_time': 65.62747931480408, 'accumulated_logging_time': 0}
I0616 08:48:35.275010 140091288708864 logging_writer.py:48] [1] accumulated_eval_time=65.6275, accumulated_logging_time=0, accumulated_submission_time=48.4483, global_step=1, preemption_count=0, score=48.4483, test/accuracy=0.001600000075995922, test/loss=6.910859107971191, test/num_examples=10000, total_duration=114.076, train/accuracy=0.0009566326625645161, train/loss=6.910945892333984, validation/accuracy=0.0014799999771639705, validation/loss=6.910766124725342, validation/num_examples=50000
I0616 09:21:51.619245 140306086958272 spec.py:333] Evaluating on the training split.
I0616 09:22:03.538043 140306086958272 spec.py:346] Evaluating on the validation split.
I0616 09:22:13.383522 140306086958272 spec.py:363] Evaluating on the test split.
I0616 09:22:14.309248 140306086958272 submission_runner.py:516] Time since start: 2133.13s, 	Step: 6574, 	{'train/accuracy': Array(0.5008968, dtype=float32), 'train/loss': Array(2.1325688, dtype=float32), 'validation/accuracy': Array(0.44562, dtype=float32), 'validation/loss': Array(2.4388456, dtype=float32), 'validation/num_examples': 50000, 'test/accuracy': Array(0.344, dtype=float32), 'test/loss': Array(3.1412408, dtype=float32), 'test/num_examples': 10000, 'score': 2044.7006561756134, 'total_duration': 2133.12740111351, 'accumulated_submission_time': 2044.7006561756134, 'accumulated_eval_time': 88.31560039520264, 'accumulated_logging_time': 0.05373525619506836}
I0616 09:22:14.364618 140091297101568 logging_writer.py:48] [6574] accumulated_eval_time=88.3156, accumulated_logging_time=0.0537353, accumulated_submission_time=2044.7, global_step=6574, preemption_count=0, score=2044.7, test/accuracy=0.3440000116825104, test/loss=3.1412408351898193, test/num_examples=10000, total_duration=2133.13, train/accuracy=0.5008968114852905, train/loss=2.132568836212158, validation/accuracy=0.44562000036239624, validation/loss=2.438845634460449, validation/num_examples=50000
I0616 09:55:30.543072 140306086958272 spec.py:333] Evaluating on the training split.
I0616 09:55:43.356045 140306086958272 spec.py:346] Evaluating on the validation split.
I0616 09:55:53.563306 140306086958272 spec.py:363] Evaluating on the test split.
I0616 09:55:54.448036 140306086958272 submission_runner.py:516] Time since start: 4153.27s, 	Step: 14471, 	{'train/accuracy': Array(0.44874042, dtype=float32), 'train/loss': Array(2.4465966, dtype=float32), 'validation/accuracy': Array(0.41015998, dtype=float32), 'validation/loss': Array(2.6819794, dtype=float32), 'validation/num_examples': 50000, 'test/accuracy': Array(0.3014, dtype=float32), 'test/loss': Array(3.5374274, dtype=float32), 'test/num_examples': 10000, 'score': 4040.7499194145203, 'total_duration': 4153.265815734863, 'accumulated_submission_time': 4040.7499194145203, 'accumulated_eval_time': 112.2183096408844, 'accumulated_logging_time': 0.17162513732910156}
I0616 09:55:54.472801 140092119160576 logging_writer.py:48] [14471] accumulated_eval_time=112.218, accumulated_logging_time=0.171625, accumulated_submission_time=4040.75, global_step=14471, preemption_count=0, score=4040.75, test/accuracy=0.30140000581741333, test/loss=3.5374274253845215, test/num_examples=10000, total_duration=4153.27, train/accuracy=0.4487404227256775, train/loss=2.446596622467041, validation/accuracy=0.41015997529029846, validation/loss=2.6819794178009033, validation/num_examples=50000
I0616 10:29:10.880704 140306086958272 spec.py:333] Evaluating on the training split.
I0616 10:29:23.957488 140306086958272 spec.py:346] Evaluating on the validation split.
I0616 10:29:34.154699 140306086958272 spec.py:363] Evaluating on the test split.
I0616 10:29:35.076471 140306086958272 submission_runner.py:516] Time since start: 6173.89s, 	Step: 22370, 	{'train/accuracy': Array(0.63291216, dtype=float32), 'train/loss': Array(1.4917095, dtype=float32), 'validation/accuracy': Array(0.5922, dtype=float32), 'validation/loss': Array(1.7013758, dtype=float32), 'validation/num_examples': 50000, 'test/accuracy': Array(0.4679, dtype=float32), 'test/loss': Array(2.4209087, dtype=float32), 'test/num_examples': 10000, 'score': 6037.059064626694, 'total_duration': 6173.894790172577, 'accumulated_submission_time': 6037.059064626694, 'accumulated_eval_time': 136.41236233711243, 'accumulated_logging_time': 0.2293534278869629}
I0616 10:29:35.110419 140091297101568 logging_writer.py:48] [22370] accumulated_eval_time=136.412, accumulated_logging_time=0.229353, accumulated_submission_time=6037.06, global_step=22370, preemption_count=0, score=6037.06, test/accuracy=0.46790000796318054, test/loss=2.4209086894989014, test/num_examples=10000, total_duration=6173.89, train/accuracy=0.6329121589660645, train/loss=1.4917094707489014, validation/accuracy=0.592199981212616, validation/loss=1.7013758420944214, validation/num_examples=50000
I0616 11:02:51.293031 140306086958272 spec.py:333] Evaluating on the training split.
I0616 11:03:04.141506 140306086958272 spec.py:346] Evaluating on the validation split.
I0616 11:03:14.218288 140306086958272 spec.py:363] Evaluating on the test split.
I0616 11:03:15.079645 140306086958272 submission_runner.py:516] Time since start: 8193.90s, 	Step: 30271, 	{'train/accuracy': Array(0.5286192, dtype=float32), 'train/loss': Array(2.029472, dtype=float32), 'validation/accuracy': Array(0.49363998, dtype=float32), 'validation/loss': Array(2.2493715, dtype=float32), 'validation/num_examples': 50000, 'test/accuracy': Array(0.38250002, dtype=float32), 'test/loss': Array(3.016398, dtype=float32), 'test/num_examples': 10000, 'score': 8033.165176391602, 'total_duration': 8193.897422790527, 'accumulated_submission_time': 8033.165176391602, 'accumulated_eval_time': 160.19671821594238, 'accumulated_logging_time': 0.2714869976043701}
I0616 11:03:15.117762 140092119160576 logging_writer.py:48] [30271] accumulated_eval_time=160.197, accumulated_logging_time=0.271487, accumulated_submission_time=8033.17, global_step=30271, preemption_count=0, score=8033.17, test/accuracy=0.382500022649765, test/loss=3.0163979530334473, test/num_examples=10000, total_duration=8193.9, train/accuracy=0.5286192297935486, train/loss=2.0294721126556396, validation/accuracy=0.4936399757862091, validation/loss=2.2493715286254883, validation/num_examples=50000
I0616 11:36:31.702206 140306086958272 spec.py:333] Evaluating on the training split.
I0616 11:36:44.457791 140306086958272 spec.py:346] Evaluating on the validation split.
I0616 11:36:54.542272 140306086958272 spec.py:363] Evaluating on the test split.
I0616 11:36:55.439415 140306086958272 submission_runner.py:516] Time since start: 10214.26s, 	Step: 38175, 	{'train/accuracy': Array(0.64233893, dtype=float32), 'train/loss': Array(1.4591397, dtype=float32), 'validation/accuracy': Array(0.5897, dtype=float32), 'validation/loss': Array(1.7350374, dtype=float32), 'validation/num_examples': 50000, 'test/accuracy': Array(0.4638, dtype=float32), 'test/loss': Array(2.4623997, dtype=float32), 'test/num_examples': 10000, 'score': 10029.62434720993, 'total_duration': 10214.257433891296, 'accumulated_submission_time': 10029.62434720993, 'accumulated_eval_time': 183.93191981315613, 'accumulated_logging_time': 0.3662400245666504}
I0616 11:36:55.488598 140091297101568 logging_writer.py:48] [38175] accumulated_eval_time=183.932, accumulated_logging_time=0.36624, accumulated_submission_time=10029.6, global_step=38175, preemption_count=0, score=10029.6, test/accuracy=0.46380001306533813, test/loss=2.46239972114563, test/num_examples=10000, total_duration=10214.3, train/accuracy=0.6423389315605164, train/loss=1.4591397047042847, validation/accuracy=0.5896999835968018, validation/loss=1.7350374460220337, validation/num_examples=50000
I0616 12:10:11.859718 140306086958272 spec.py:333] Evaluating on the training split.
I0616 12:10:24.199585 140306086958272 spec.py:346] Evaluating on the validation split.
I0616 12:10:34.320451 140306086958272 spec.py:363] Evaluating on the test split.
I0616 12:10:35.220760 140306086958272 submission_runner.py:516] Time since start: 12234.04s, 	Step: 46080, 	{'train/accuracy': Array(0.6270328, dtype=float32), 'train/loss': Array(1.4942726, dtype=float32), 'validation/accuracy': Array(0.58204, dtype=float32), 'validation/loss': Array(1.7451154, dtype=float32), 'validation/num_examples': 50000, 'test/accuracy': Array(0.45580003, dtype=float32), 'test/loss': Array(2.4762254, dtype=float32), 'test/num_examples': 10000, 'score': 12025.895962953568, 'total_duration': 12234.039200544357, 'accumulated_submission_time': 12025.895962953568, 'accumulated_eval_time': 207.29136729240417, 'accumulated_logging_time': 0.4473421573638916}
I0616 12:10:35.255855 140092119160576 logging_writer.py:48] [46080] accumulated_eval_time=207.291, accumulated_logging_time=0.447342, accumulated_submission_time=12025.9, global_step=46080, preemption_count=0, score=12025.9, test/accuracy=0.45580002665519714, test/loss=2.4762253761291504, test/num_examples=10000, total_duration=12234, train/accuracy=0.6270328164100647, train/loss=1.4942725896835327, validation/accuracy=0.582040011882782, validation/loss=1.7451153993606567, validation/num_examples=50000
I0616 12:43:51.560082 140306086958272 spec.py:333] Evaluating on the training split.
I0616 12:44:03.152252 140306086958272 spec.py:346] Evaluating on the validation split.
I0616 12:44:12.770752 140306086958272 spec.py:363] Evaluating on the test split.
I0616 12:44:13.652970 140306086958272 submission_runner.py:516] Time since start: 14252.47s, 	Step: 53983, 	{'train/accuracy': Array(0.49575493, dtype=float32), 'train/loss': Array(2.2197626, dtype=float32), 'validation/accuracy': Array(0.46888, dtype=float32), 'validation/loss': Array(2.3973634, dtype=float32), 'validation/num_examples': 50000, 'test/accuracy': Array(0.3447, dtype=float32), 'test/loss': Array(3.2400095, dtype=float32), 'test/num_examples': 10000, 'score': 14022.105908155441, 'total_duration': 14252.47112107277, 'accumulated_submission_time': 14022.105908155441, 'accumulated_eval_time': 229.38237142562866, 'accumulated_logging_time': 0.5088551044464111}
I0616 12:44:13.680494 140091297101568 logging_writer.py:48] [53983] accumulated_eval_time=229.382, accumulated_logging_time=0.508855, accumulated_submission_time=14022.1, global_step=53983, preemption_count=0, score=14022.1, test/accuracy=0.34470000863075256, test/loss=3.2400095462799072, test/num_examples=10000, total_duration=14252.5, train/accuracy=0.4957549273967743, train/loss=2.2197625637054443, validation/accuracy=0.4688799977302551, validation/loss=2.3973634243011475, validation/num_examples=50000
I0616 13:17:29.897689 140306086958272 spec.py:333] Evaluating on the training split.
I0616 13:17:41.302032 140306086958272 spec.py:346] Evaluating on the validation split.
I0616 13:17:51.274804 140306086958272 spec.py:363] Evaluating on the test split.
I0616 13:17:52.162121 140306086958272 submission_runner.py:516] Time since start: 16270.98s, 	Step: 61884, 	{'train/accuracy': Array(0.72301495, dtype=float32), 'train/loss': Array(1.0854682, dtype=float32), 'validation/accuracy': Array(0.64959997, dtype=float32), 'validation/loss': Array(1.4303972, dtype=float32), 'validation/num_examples': 50000, 'test/accuracy': Array(0.5242, dtype=float32), 'test/loss': Array(2.0993693, dtype=float32), 'test/num_examples': 10000, 'score': 16018.221548080444, 'total_duration': 16270.97692656517, 'accumulated_submission_time': 16018.221548080444, 'accumulated_eval_time': 251.64157342910767, 'accumulated_logging_time': 0.5705082416534424}
I0616 13:17:52.194689 140092119160576 logging_writer.py:48] [61884] accumulated_eval_time=251.642, accumulated_logging_time=0.570508, accumulated_submission_time=16018.2, global_step=61884, preemption_count=0, score=16018.2, test/accuracy=0.5242000222206116, test/loss=2.0993692874908447, test/num_examples=10000, total_duration=16271, train/accuracy=0.7230149507522583, train/loss=1.0854681730270386, validation/accuracy=0.6495999693870544, validation/loss=1.4303971529006958, validation/num_examples=50000
I0616 13:51:08.471116 140306086958272 spec.py:333] Evaluating on the training split.
I0616 13:51:19.254381 140306086958272 spec.py:346] Evaluating on the validation split.
I0616 13:51:29.402753 140306086958272 spec.py:363] Evaluating on the test split.
I0616 13:51:30.282691 140306086958272 submission_runner.py:516] Time since start: 18289.10s, 	Step: 69790, 	{'train/accuracy': Array(0.6197385, dtype=float32), 'train/loss': Array(1.5353694, dtype=float32), 'validation/accuracy': Array(0.56292, dtype=float32), 'validation/loss': Array(1.8471901, dtype=float32), 'validation/num_examples': 50000, 'test/accuracy': Array(0.4433, dtype=float32), 'test/loss': Array(2.5818877, dtype=float32), 'test/num_examples': 10000, 'score': 18014.396778345108, 'total_duration': 18289.100295066833, 'accumulated_submission_time': 18014.396778345108, 'accumulated_eval_time': 273.45071721076965, 'accumulated_logging_time': 0.6361775398254395}
I0616 13:51:30.320731 140091297101568 logging_writer.py:48] [69790] accumulated_eval_time=273.451, accumulated_logging_time=0.636178, accumulated_submission_time=18014.4, global_step=69790, preemption_count=0, score=18014.4, test/accuracy=0.4433000087738037, test/loss=2.581887722015381, test/num_examples=10000, total_duration=18289.1, train/accuracy=0.6197385191917419, train/loss=1.5353693962097168, validation/accuracy=0.5629199743270874, validation/loss=1.8471901416778564, validation/num_examples=50000
I0616 14:24:46.665023 140306086958272 spec.py:333] Evaluating on the training split.
I0616 14:24:57.289745 140306086958272 spec.py:346] Evaluating on the validation split.
I0616 14:25:06.826163 140306086958272 spec.py:363] Evaluating on the test split.
I0616 14:25:07.736378 140306086958272 submission_runner.py:516] Time since start: 20306.55s, 	Step: 77697, 	{'train/accuracy': Array(0.5709104, dtype=float32), 'train/loss': Array(1.8330364, dtype=float32), 'validation/accuracy': Array(0.5299, dtype=float32), 'validation/loss': Array(2.0520184, dtype=float32), 'validation/num_examples': 50000, 'test/accuracy': Array(0.4106, dtype=float32), 'test/loss': Array(2.7825503, dtype=float32), 'test/num_examples': 10000, 'score': 20010.646619081497, 'total_duration': 20306.554559230804, 'accumulated_submission_time': 20010.646619081497, 'accumulated_eval_time': 294.5202178955078, 'accumulated_logging_time': 0.700531005859375}
I0616 14:25:07.769008 140092119160576 logging_writer.py:48] [77697] accumulated_eval_time=294.52, accumulated_logging_time=0.700531, accumulated_submission_time=20010.6, global_step=77697, preemption_count=0, score=20010.6, test/accuracy=0.4106000065803528, test/loss=2.78255033493042, test/num_examples=10000, total_duration=20306.6, train/accuracy=0.5709103941917419, train/loss=1.8330364227294922, validation/accuracy=0.5299000144004822, validation/loss=2.052018404006958, validation/num_examples=50000
I0616 14:58:24.029839 140306086958272 spec.py:333] Evaluating on the training split.
I0616 14:58:34.403947 140306086958272 spec.py:346] Evaluating on the validation split.
I0616 14:58:44.048691 140306086958272 spec.py:363] Evaluating on the test split.
I0616 14:58:44.925869 140306086958272 submission_runner.py:516] Time since start: 22323.74s, 	Step: 85598, 	{'train/accuracy': Array(0.69949776, dtype=float32), 'train/loss': Array(1.182242, dtype=float32), 'validation/accuracy': Array(0.64928, dtype=float32), 'validation/loss': Array(1.4378701, dtype=float32), 'validation/num_examples': 50000, 'test/accuracy': Array(0.5249, dtype=float32), 'test/loss': Array(2.1338289, dtype=float32), 'test/num_examples': 10000, 'score': 22006.814713716507, 'total_duration': 22323.74402499199, 'accumulated_submission_time': 22006.814713716507, 'accumulated_eval_time': 315.41436672210693, 'accumulated_logging_time': 0.7587721347808838}
I0616 14:58:44.973455 140091297101568 logging_writer.py:48] [85598] accumulated_eval_time=315.414, accumulated_logging_time=0.758772, accumulated_submission_time=22006.8, global_step=85598, preemption_count=0, score=22006.8, test/accuracy=0.5249000191688538, test/loss=2.13382887840271, test/num_examples=10000, total_duration=22323.7, train/accuracy=0.6994977593421936, train/loss=1.1822420358657837, validation/accuracy=0.6492800116539001, validation/loss=1.4378701448440552, validation/num_examples=50000
I0616 15:32:01.387742 140306086958272 spec.py:333] Evaluating on the training split.
I0616 15:32:11.572862 140306086958272 spec.py:346] Evaluating on the validation split.
I0616 15:32:21.687026 140306086958272 spec.py:363] Evaluating on the test split.
I0616 15:32:22.588904 140306086958272 submission_runner.py:516] Time since start: 24341.41s, 	Step: 93506, 	{'train/accuracy': Array(0.64861685, dtype=float32), 'train/loss': Array(1.3878047, dtype=float32), 'validation/accuracy': Array(0.5821, dtype=float32), 'validation/loss': Array(1.7430437, dtype=float32), 'validation/num_examples': 50000, 'test/accuracy': Array(0.45760003, dtype=float32), 'test/loss': Array(2.505126, dtype=float32), 'test/num_examples': 10000, 'score': 24003.118032455444, 'total_duration': 24341.407113075256, 'accumulated_submission_time': 24003.118032455444, 'accumulated_eval_time': 336.61370277404785, 'accumulated_logging_time': 0.850106954574585}
I0616 15:32:22.634691 140092119160576 logging_writer.py:48] [93506] accumulated_eval_time=336.614, accumulated_logging_time=0.850107, accumulated_submission_time=24003.1, global_step=93506, preemption_count=0, score=24003.1, test/accuracy=0.45760002732276917, test/loss=2.5051259994506836, test/num_examples=10000, total_duration=24341.4, train/accuracy=0.6486168503761292, train/loss=1.3878047466278076, validation/accuracy=0.582099974155426, validation/loss=1.7430436611175537, validation/num_examples=50000
I0616 16:05:39.023274 140306086958272 spec.py:333] Evaluating on the training split.
I0616 16:05:48.473417 140306086958272 spec.py:346] Evaluating on the validation split.
I0616 16:05:58.485501 140306086958272 spec.py:363] Evaluating on the test split.
I0616 16:05:59.395193 140306086958272 submission_runner.py:516] Time since start: 26358.21s, 	Step: 101411, 	{'train/accuracy': Array(0.7499402, dtype=float32), 'train/loss': Array(0.96044666, dtype=float32), 'validation/accuracy': Array(0.67899996, dtype=float32), 'validation/loss': Array(1.2914762, dtype=float32), 'validation/num_examples': 50000, 'test/accuracy': Array(0.5536, dtype=float32), 'test/loss': Array(1.9720975, dtype=float32), 'test/num_examples': 10000, 'score': 25999.418875694275, 'total_duration': 26358.213308811188, 'accumulated_submission_time': 25999.418875694275, 'accumulated_eval_time': 356.9837021827698, 'accumulated_logging_time': 0.9157228469848633}
I0616 16:05:59.427316 140091297101568 logging_writer.py:48] [101411] accumulated_eval_time=356.984, accumulated_logging_time=0.915723, accumulated_submission_time=25999.4, global_step=101411, preemption_count=0, score=25999.4, test/accuracy=0.553600013256073, test/loss=1.9720975160598755, test/num_examples=10000, total_duration=26358.2, train/accuracy=0.7499402165412903, train/loss=0.9604466557502747, validation/accuracy=0.6789999604225159, validation/loss=1.2914762496948242, validation/num_examples=50000
I0616 16:39:15.705120 140306086958272 spec.py:333] Evaluating on the training split.
I0616 16:39:25.080470 140306086958272 spec.py:346] Evaluating on the validation split.
I0616 16:39:35.302668 140306086958272 spec.py:363] Evaluating on the test split.
I0616 16:39:36.210977 140306086958272 submission_runner.py:516] Time since start: 28375.03s, 	Step: 109316, 	{'train/accuracy': Array(0.6949936, dtype=float32), 'train/loss': Array(1.1949118, dtype=float32), 'validation/accuracy': Array(0.63764, dtype=float32), 'validation/loss': Array(1.4930809, dtype=float32), 'validation/num_examples': 50000, 'test/accuracy': Array(0.505, dtype=float32), 'test/loss': Array(2.2272134, dtype=float32), 'test/num_examples': 10000, 'score': 27995.598920583725, 'total_duration': 28375.029263734818, 'accumulated_submission_time': 27995.598920583725, 'accumulated_eval_time': 377.4878098964691, 'accumulated_logging_time': 0.9773755073547363}
I0616 16:39:36.234049 140092119160576 logging_writer.py:48] [109316] accumulated_eval_time=377.488, accumulated_logging_time=0.977376, accumulated_submission_time=27995.6, global_step=109316, preemption_count=0, score=27995.6, test/accuracy=0.5049999952316284, test/loss=2.2272133827209473, test/num_examples=10000, total_duration=28375, train/accuracy=0.6949936151504517, train/loss=1.1949118375778198, validation/accuracy=0.6376399993896484, validation/loss=1.4930808544158936, validation/num_examples=50000
I0616 17:12:52.516810 140306086958272 spec.py:333] Evaluating on the training split.
I0616 17:13:02.067469 140306086958272 spec.py:346] Evaluating on the validation split.
I0616 17:13:12.171888 140306086958272 spec.py:363] Evaluating on the test split.
I0616 17:13:13.087487 140306086958272 submission_runner.py:516] Time since start: 30391.90s, 	Step: 117222, 	{'train/accuracy': Array(0.66021603, dtype=float32), 'train/loss': Array(1.3736831, dtype=float32), 'validation/accuracy': Array(0.60148, dtype=float32), 'validation/loss': Array(1.6999507, dtype=float32), 'validation/num_examples': 50000, 'test/accuracy': Array(0.4539, dtype=float32), 'test/loss': Array(2.536217, dtype=float32), 'test/num_examples': 10000, 'score': 29991.785826683044, 'total_duration': 30391.904808282852, 'accumulated_submission_time': 29991.785826683044, 'accumulated_eval_time': 398.05577278137207, 'accumulated_logging_time': 1.0110912322998047}
I0616 17:13:13.114439 140091297101568 logging_writer.py:48] [117222] accumulated_eval_time=398.056, accumulated_logging_time=1.01109, accumulated_submission_time=29991.8, global_step=117222, preemption_count=0, score=29991.8, test/accuracy=0.453900009393692, test/loss=2.536216974258423, test/num_examples=10000, total_duration=30391.9, train/accuracy=0.6602160334587097, train/loss=1.3736830949783325, validation/accuracy=0.6014800071716309, validation/loss=1.6999506950378418, validation/num_examples=50000
I0616 17:46:29.520917 140306086958272 spec.py:333] Evaluating on the training split.
I0616 17:46:38.391947 140306086958272 spec.py:346] Evaluating on the validation split.
I0616 17:46:49.181672 140306086958272 spec.py:363] Evaluating on the test split.
I0616 17:46:50.120700 140306086958272 submission_runner.py:516] Time since start: 32408.94s, 	Step: 125124, 	{'train/accuracy': Array(0.7655851, dtype=float32), 'train/loss': Array(0.89153737, dtype=float32), 'validation/accuracy': Array(0.67884, dtype=float32), 'validation/loss': Array(1.3016279, dtype=float32), 'validation/num_examples': 50000, 'test/accuracy': Array(0.5553, dtype=float32), 'test/loss': Array(1.9965752, dtype=float32), 'test/num_examples': 10000, 'score': 31988.10932993889, 'total_duration': 32408.93852996826, 'accumulated_submission_time': 31988.10932993889, 'accumulated_eval_time': 418.6533501148224, 'accumulated_logging_time': 1.0527408123016357}
I0616 17:46:50.166386 140092119160576 logging_writer.py:48] [125124] accumulated_eval_time=418.653, accumulated_logging_time=1.05274, accumulated_submission_time=31988.1, global_step=125124, preemption_count=0, score=31988.1, test/accuracy=0.5552999973297119, test/loss=1.9965752363204956, test/num_examples=10000, total_duration=32408.9, train/accuracy=0.7655851244926453, train/loss=0.8915373682975769, validation/accuracy=0.6788399815559387, validation/loss=1.3016278743743896, validation/num_examples=50000
I0616 18:20:06.428894 140306086958272 spec.py:333] Evaluating on the training split.
I0616 18:20:15.042604 140306086958272 spec.py:346] Evaluating on the validation split.
I0616 18:20:25.179927 140306086958272 spec.py:363] Evaluating on the test split.
I0616 18:20:26.064522 140306086958272 submission_runner.py:516] Time since start: 34424.88s, 	Step: 133033, 	{'train/accuracy': Array(0.737205, dtype=float32), 'train/loss': Array(1.0210457, dtype=float32), 'validation/accuracy': Array(0.65936, dtype=float32), 'validation/loss': Array(1.4107411, dtype=float32), 'validation/num_examples': 50000, 'test/accuracy': Array(0.5292, dtype=float32), 'test/loss': Array(2.1648736, dtype=float32), 'test/num_examples': 10000, 'score': 33984.28125, 'total_duration': 34424.87550783157, 'accumulated_submission_time': 33984.28125, 'accumulated_eval_time': 438.2799291610718, 'accumulated_logging_time': 1.119739055633545}
I0616 18:20:26.101469 140091297101568 logging_writer.py:48] [133033] accumulated_eval_time=438.28, accumulated_logging_time=1.11974, accumulated_submission_time=33984.3, global_step=133033, preemption_count=0, score=33984.3, test/accuracy=0.52920001745224, test/loss=2.1648736000061035, test/num_examples=10000, total_duration=34424.9, train/accuracy=0.7372050285339355, train/loss=1.0210456848144531, validation/accuracy=0.6593599915504456, validation/loss=1.4107410907745361, validation/num_examples=50000
I0616 18:53:42.496883 140306086958272 spec.py:333] Evaluating on the training split.
I0616 18:53:50.025428 140306086958272 spec.py:346] Evaluating on the validation split.
I0616 18:54:02.633918 140306086958272 spec.py:363] Evaluating on the test split.
I0616 18:54:03.524333 140306086958272 submission_runner.py:516] Time since start: 36442.34s, 	Step: 140939, 	{'train/accuracy': Array(0.8110451, dtype=float32), 'train/loss': Array(0.69160104, dtype=float32), 'validation/accuracy': Array(0.72242, dtype=float32), 'validation/loss': Array(1.114952, dtype=float32), 'validation/num_examples': 50000, 'test/accuracy': Array(0.59110004, dtype=float32), 'test/loss': Array(1.7961286, dtype=float32), 'test/num_examples': 10000, 'score': 35980.56474542618, 'total_duration': 36442.33736252785, 'accumulated_submission_time': 35980.56474542618, 'accumulated_eval_time': 459.30037331581116, 'accumulated_logging_time': 1.1850454807281494}
I0616 18:54:03.554550 140092119160576 logging_writer.py:48] [140939] accumulated_eval_time=459.3, accumulated_logging_time=1.18505, accumulated_submission_time=35980.6, global_step=140939, preemption_count=0, score=35980.6, test/accuracy=0.5911000370979309, test/loss=1.7961286306381226, test/num_examples=10000, total_duration=36442.3, train/accuracy=0.8110451102256775, train/loss=0.691601037979126, validation/accuracy=0.7224199771881104, validation/loss=1.1149519681930542, validation/num_examples=50000
I0616 19:27:19.897089 140306086958272 spec.py:333] Evaluating on the training split.
I0616 19:27:28.333684 140306086958272 spec.py:346] Evaluating on the validation split.
I0616 19:27:40.112445 140306086958272 spec.py:363] Evaluating on the test split.
I0616 19:27:41.019201 140306086958272 submission_runner.py:516] Time since start: 38459.84s, 	Step: 148847, 	{'train/accuracy': Array(0.8207908, dtype=float32), 'train/loss': Array(0.6529671, dtype=float32), 'validation/accuracy': Array(0.70144, dtype=float32), 'validation/loss': Array(1.2089361, dtype=float32), 'validation/num_examples': 50000, 'test/accuracy': Array(0.5738, dtype=float32), 'test/loss': Array(1.9082474, dtype=float32), 'test/num_examples': 10000, 'score': 37976.82823348045, 'total_duration': 38459.837107658386, 'accumulated_submission_time': 37976.82823348045, 'accumulated_eval_time': 480.42035603523254, 'accumulated_logging_time': 1.2263495922088623}
I0616 19:27:41.046583 140091297101568 logging_writer.py:48] [148847] accumulated_eval_time=480.42, accumulated_logging_time=1.22635, accumulated_submission_time=37976.8, global_step=148847, preemption_count=0, score=37976.8, test/accuracy=0.5738000273704529, test/loss=1.9082473516464233, test/num_examples=10000, total_duration=38459.8, train/accuracy=0.8207908272743225, train/loss=0.652967095375061, validation/accuracy=0.7014399766921997, validation/loss=1.208936095237732, validation/num_examples=50000
I0616 20:00:57.239385 140306086958272 spec.py:333] Evaluating on the training split.
I0616 20:01:07.425309 140306086958272 spec.py:346] Evaluating on the validation split.
I0616 20:01:18.416824 140306086958272 spec.py:363] Evaluating on the test split.
I0616 20:01:19.309515 140306086958272 submission_runner.py:516] Time since start: 40478.13s, 	Step: 156752, 	{'train/accuracy': Array(0.85552853, dtype=float32), 'train/loss': Array(0.5187515, dtype=float32), 'validation/accuracy': Array(0.73526, dtype=float32), 'validation/loss': Array(1.0652239, dtype=float32), 'validation/num_examples': 50000, 'test/accuracy': Array(0.6061, dtype=float32), 'test/loss': Array(1.7687228, dtype=float32), 'test/num_examples': 10000, 'score': 39972.94029712677, 'total_duration': 40478.127233982086, 'accumulated_submission_time': 39972.94029712677, 'accumulated_eval_time': 502.4881703853607, 'accumulated_logging_time': 1.2669072151184082}
I0616 20:01:19.334961 140092119160576 logging_writer.py:48] [156752] accumulated_eval_time=502.488, accumulated_logging_time=1.26691, accumulated_submission_time=39972.9, global_step=156752, preemption_count=0, score=39972.9, test/accuracy=0.6061000227928162, test/loss=1.7687227725982666, test/num_examples=10000, total_duration=40478.1, train/accuracy=0.8555285334587097, train/loss=0.5187515020370483, validation/accuracy=0.735260009765625, validation/loss=1.0652239322662354, validation/num_examples=50000
I0616 20:34:35.623944 140306086958272 spec.py:333] Evaluating on the training split.
I0616 20:34:45.327568 140306086958272 spec.py:346] Evaluating on the validation split.
I0616 20:35:06.259450 140306086958272 spec.py:363] Evaluating on the test split.
I0616 20:35:07.154134 140306086958272 submission_runner.py:516] Time since start: 42505.97s, 	Step: 164649, 	{'train/accuracy': Array(0.87577724, dtype=float32), 'train/loss': Array(0.43978187, dtype=float32), 'validation/accuracy': Array(0.74083996, dtype=float32), 'validation/loss': Array(1.0440029, dtype=float32), 'validation/num_examples': 50000, 'test/accuracy': Array(0.6129, dtype=float32), 'test/loss': Array(1.7425966, dtype=float32), 'test/num_examples': 10000, 'score': 41969.15107345581, 'total_duration': 42505.97097349167, 'accumulated_submission_time': 41969.15107345581, 'accumulated_eval_time': 534.015163898468, 'accumulated_logging_time': 1.3026063442230225}
I0616 20:35:07.181827 140091297101568 logging_writer.py:48] [164649] accumulated_eval_time=534.015, accumulated_logging_time=1.30261, accumulated_submission_time=41969.2, global_step=164649, preemption_count=0, score=41969.2, test/accuracy=0.6129000186920166, test/loss=1.7425966262817383, test/num_examples=10000, total_duration=42506, train/accuracy=0.8757772445678711, train/loss=0.43978187441825867, validation/accuracy=0.740839958190918, validation/loss=1.044002890586853, validation/num_examples=50000
I0616 21:08:23.412305 140306086958272 spec.py:333] Evaluating on the training split.
I0616 21:08:31.207853 140306086958272 spec.py:346] Evaluating on the validation split.
I0616 21:08:43.283401 140306086958272 spec.py:363] Evaluating on the test split.
I0616 21:08:44.183545 140306086958272 submission_runner.py:516] Time since start: 44523.00s, 	Step: 172365, 	{'train/accuracy': Array(0.90756536, dtype=float32), 'train/loss': Array(0.33182752, dtype=float32), 'validation/accuracy': Array(0.74938, dtype=float32), 'validation/loss': Array(1.012876, dtype=float32), 'validation/num_examples': 50000, 'test/accuracy': Array(0.61850005, dtype=float32), 'test/loss': Array(1.7247689, dtype=float32), 'test/num_examples': 10000, 'score': 43965.30530452728, 'total_duration': 44523.0014629364, 'accumulated_submission_time': 43965.30530452728, 'accumulated_eval_time': 554.7842860221863, 'accumulated_logging_time': 1.340423822402954}
I0616 21:08:44.208527 140092119160576 logging_writer.py:48] [172365] accumulated_eval_time=554.784, accumulated_logging_time=1.34042, accumulated_submission_time=43965.3, global_step=172365, preemption_count=0, score=43965.3, test/accuracy=0.6185000538825989, test/loss=1.724768877029419, test/num_examples=10000, total_duration=44523, train/accuracy=0.9075653553009033, train/loss=0.3318275213241577, validation/accuracy=0.7493799924850464, validation/loss=1.012876033782959, validation/num_examples=50000
I0616 21:42:00.481287 140306086958272 spec.py:333] Evaluating on the training split.
I0616 21:42:10.721727 140306086958272 spec.py:346] Evaluating on the validation split.
I0616 21:42:43.214190 140306086958272 spec.py:363] Evaluating on the test split.
I0616 21:42:44.279637 140306086958272 submission_runner.py:516] Time since start: 46562.93s, 	Step: 177786, 	{'train/accuracy': Array(0.92586094, dtype=float32), 'train/loss': Array(0.271651, dtype=float32), 'validation/accuracy': Array(0.75086, dtype=float32), 'validation/loss': Array(1.0084722, dtype=float32), 'validation/num_examples': 50000, 'test/accuracy': Array(0.6225, dtype=float32), 'test/loss': Array(1.7081381, dtype=float32), 'test/num_examples': 10000, 'score': 45961.51646542549, 'total_duration': 46562.926508426666, 'accumulated_submission_time': 45961.51646542549, 'accumulated_eval_time': 598.4094722270966, 'accumulated_logging_time': 1.3751344680786133}
I0616 21:42:44.961160 140091297101568 logging_writer.py:48] [177786] accumulated_eval_time=598.409, accumulated_logging_time=1.37513, accumulated_submission_time=45961.5, global_step=177786, preemption_count=0, score=45961.5, test/accuracy=0.6225000023841858, test/loss=1.708138108253479, test/num_examples=10000, total_duration=46562.9, train/accuracy=0.9258609414100647, train/loss=0.2716509997844696, validation/accuracy=0.7508599758148193, validation/loss=1.008472204208374, validation/num_examples=50000
I0616 22:16:00.654959 140306086958272 spec.py:333] Evaluating on the training split.
I0616 22:16:10.709011 140306086958272 spec.py:346] Evaluating on the validation split.
I0616 22:16:30.837282 140306086958272 spec.py:363] Evaluating on the test split.
I0616 22:16:31.951072 140306086958272 submission_runner.py:516] Time since start: 48590.55s, 	Step: 182095, 	{'train/accuracy': Array(0.9288504, dtype=float32), 'train/loss': Array(0.26146877, dtype=float32), 'validation/accuracy': Array(0.75417995, dtype=float32), 'validation/loss': Array(1.0023896, dtype=float32), 'validation/num_examples': 50000, 'test/accuracy': Array(0.62880003, dtype=float32), 'test/loss': Array(1.7130508, dtype=float32), 'test/num_examples': 10000, 'score': 47956.75986242294, 'total_duration': 48590.553916454315, 'accumulated_submission_time': 47956.75986242294, 'accumulated_eval_time': 629.5091474056244, 'accumulated_logging_time': 2.4481124877929688}
I0616 22:16:33.280380 140092119160576 logging_writer.py:48] [182095] accumulated_eval_time=629.509, accumulated_logging_time=2.44811, accumulated_submission_time=47956.8, global_step=182095, preemption_count=0, score=47956.8, test/accuracy=0.6288000345230103, test/loss=1.7130508422851562, test/num_examples=10000, total_duration=48590.6, train/accuracy=0.9288504123687744, train/loss=0.261468768119812, validation/accuracy=0.7541799545288086, validation/loss=1.0023895502090454, validation/num_examples=50000
I0616 22:49:48.205949 140306086958272 spec.py:333] Evaluating on the training split.
I0616 22:49:57.331503 140306086958272 spec.py:346] Evaluating on the validation split.
I0616 22:50:20.245123 140306086958272 spec.py:363] Evaluating on the test split.
I0616 22:50:21.344328 140306086958272 submission_runner.py:516] Time since start: 50619.96s, 	Step: 186112, 	{'train/accuracy': Array(0.93600523, dtype=float32), 'train/loss': Array(0.22946075, dtype=float32), 'validation/accuracy': Array(0.75788, dtype=float32), 'validation/loss': Array(0.99318576, dtype=float32), 'validation/num_examples': 50000, 'test/accuracy': Array(0.6327, dtype=float32), 'test/loss': Array(1.7037182, dtype=float32), 'test/num_examples': 10000, 'score': 49950.8002641201, 'total_duration': 50619.96003508568, 'accumulated_submission_time': 49950.8002641201, 'accumulated_eval_time': 662.4716708660126, 'accumulated_logging_time': 4.598000526428223}
I0616 22:50:22.563092 140091297101568 logging_writer.py:48] [186112] accumulated_eval_time=662.472, accumulated_logging_time=4.598, accumulated_submission_time=49950.8, global_step=186112, preemption_count=0, score=49950.8, test/accuracy=0.6327000260353088, test/loss=1.7037181854248047, test/num_examples=10000, total_duration=50620, train/accuracy=0.9360052347183228, train/loss=0.22946074604988098, validation/accuracy=0.7578799724578857, validation/loss=0.9931857585906982, validation/num_examples=50000
I0616 23:23:37.528691 140306086958272 spec.py:333] Evaluating on the training split.
I0616 23:23:46.592660 140306086958272 spec.py:346] Evaluating on the validation split.
I0616 23:24:09.240458 140306086958272 spec.py:363] Evaluating on the test split.
I0616 23:24:10.354423 140306086958272 submission_runner.py:516] Time since start: 52648.99s, 	Step: 190248, 	{'train/accuracy': Array(0.938636, dtype=float32), 'train/loss': Array(0.22276881, dtype=float32), 'validation/accuracy': Array(0.75898, dtype=float32), 'validation/loss': Array(0.98452646, dtype=float32), 'validation/num_examples': 50000, 'test/accuracy': Array(0.6352, dtype=float32), 'test/loss': Array(1.6943291, dtype=float32), 'test/num_examples': 10000, 'score': 51944.65696811676, 'total_duration': 52648.98858523369, 'accumulated_submission_time': 51944.65696811676, 'accumulated_eval_time': 695.1274292469025, 'accumulated_logging_time': 6.872580051422119}
I0616 23:24:11.441916 140092119160576 logging_writer.py:48] [190248] accumulated_eval_time=695.127, accumulated_logging_time=6.87258, accumulated_submission_time=51944.7, global_step=190248, preemption_count=0, score=51944.7, test/accuracy=0.635200023651123, test/loss=1.6943291425704956, test/num_examples=10000, total_duration=52649, train/accuracy=0.9386360049247742, train/loss=0.22276881337165833, validation/accuracy=0.7589799761772156, validation/loss=0.9845264554023743, validation/num_examples=50000
I0616 23:57:26.987022 140306086958272 spec.py:333] Evaluating on the training split.
I0616 23:57:36.149019 140306086958272 spec.py:346] Evaluating on the validation split.
I0616 23:57:59.152278 140306086958272 spec.py:363] Evaluating on the test split.
I0616 23:58:00.203012 140306086958272 submission_runner.py:516] Time since start: 54678.88s, 	Step: 194315, 	{'train/accuracy': Array(0.9445153, dtype=float32), 'train/loss': Array(0.21024603, dtype=float32), 'validation/accuracy': Array(0.76018, dtype=float32), 'validation/loss': Array(0.9816788, dtype=float32), 'validation/num_examples': 50000, 'test/accuracy': Array(0.6345, dtype=float32), 'test/loss': Array(1.6908909, dtype=float32), 'test/num_examples': 10000, 'score': 53939.167600393295, 'total_duration': 54678.882725954056, 'accumulated_submission_time': 53939.167600393295, 'accumulated_eval_time': 728.2585225105286, 'accumulated_logging_time': 8.903057336807251}
I0616 23:58:01.532732 140091297101568 logging_writer.py:48] [194315] accumulated_eval_time=728.259, accumulated_logging_time=8.90306, accumulated_submission_time=53939.2, global_step=194315, preemption_count=0, score=53939.2, test/accuracy=0.6345000267028809, test/loss=1.690890908241272, test/num_examples=10000, total_duration=54678.9, train/accuracy=0.9445152878761292, train/loss=0.2102460265159607, validation/accuracy=0.7601799964904785, validation/loss=0.9816787838935852, validation/num_examples=50000
I0617 00:31:16.347789 140306086958272 spec.py:333] Evaluating on the training split.
I0617 00:31:25.351288 140306086958272 spec.py:346] Evaluating on the validation split.
I0617 00:31:48.121047 140306086958272 spec.py:363] Evaluating on the test split.
I0617 00:31:49.167846 140306086958272 submission_runner.py:516] Time since start: 56707.83s, 	Step: 198440, 	{'train/accuracy': Array(0.9435786, dtype=float32), 'train/loss': Array(0.21039899, dtype=float32), 'validation/accuracy': Array(0.75988, dtype=float32), 'validation/loss': Array(0.9805295, dtype=float32), 'validation/num_examples': 50000, 'test/accuracy': Array(0.6345, dtype=float32), 'test/loss': Array(1.6899554, dtype=float32), 'test/num_examples': 10000, 'score': 55933.04728055, 'total_duration': 56707.82960605621, 'accumulated_submission_time': 55933.04728055, 'accumulated_eval_time': 760.9377210140228, 'accumulated_logging_time': 11.113433361053467}
I0617 00:31:50.596560 140092119160576 logging_writer.py:48] [198440] accumulated_eval_time=760.938, accumulated_logging_time=11.1134, accumulated_submission_time=55933, global_step=198440, preemption_count=0, score=55933, test/accuracy=0.6345000267028809, test/loss=1.6899553537368774, test/num_examples=10000, total_duration=56707.8, train/accuracy=0.9435786008834839, train/loss=0.21039898693561554, validation/accuracy=0.759880006313324, validation/loss=0.9805294871330261, validation/num_examples=50000
I0617 01:05:05.454029 140306086958272 spec.py:333] Evaluating on the training split.
I0617 01:05:14.988707 140306086958272 spec.py:346] Evaluating on the validation split.
I0617 01:05:37.254749 140306086958272 spec.py:363] Evaluating on the test split.
