I0315 20:50:52.961256 140542925006016 logging_logger.py:49] Constructing tf.data.Dataset wmt17_translate for split train, from /data/wmt/wmt17_translate/de-en/1.0.0
[rank7]:W0315 20:50:54.559000 51 site-packages/torch/_logging/_internal.py:1081] [0/0] Profiler function <class 'torch.autograd.profiler.record_function'> will be ignored
[rank4]:W0315 20:50:54.559000 48 site-packages/torch/_logging/_internal.py:1081] [0/0] Profiler function <class 'torch.autograd.profiler.record_function'> will be ignored
[rank5]:W0315 20:50:54.559000 49 site-packages/torch/_logging/_internal.py:1081] [0/0] Profiler function <class 'torch.autograd.profiler.record_function'> will be ignored
[rank6]:W0315 20:50:54.559000 50 site-packages/torch/_logging/_internal.py:1081] [0/0] Profiler function <class 'torch.autograd.profiler.record_function'> will be ignored
[rank1]:W0315 20:50:54.559000 45 site-packages/torch/_logging/_internal.py:1081] [0/0] Profiler function <class 'torch.autograd.profiler.record_function'> will be ignored
[rank2]:W0315 20:50:54.560000 46 site-packages/torch/_logging/_internal.py:1081] [0/0] Profiler function <class 'torch.autograd.profiler.record_function'> will be ignored
[rank3]:W0315 20:50:54.561000 47 site-packages/torch/_logging/_internal.py:1081] [0/0] Profiler function <class 'torch.autograd.profiler.record_function'> will be ignored
[rank0]:W0315 20:50:55.383000 44 site-packages/torch/_logging/_internal.py:1081] [0/0] Profiler function <class 'torch.autograd.profiler.record_function'> will be ignored
I0315 20:51:33.911896 140514589169408 logging_writer.py:48] [0] global_step=0, grad_norm=10.9287, loss=11.9124
I0315 20:51:33.928686 140542925006016 submission.py:265] 0) loss = 11.912, grad_norm = 10.929
I0315 20:51:34.757285 140542925006016 spec.py:321] Evaluating on the training split.
I0315 20:51:34.759854 140542925006016 dataset_info.py:690] Load dataset info from /data/wmt/wmt17_translate/de-en/1.0.0
I0315 20:51:34.764152 140542925006016 reader.py:261] Creating a tf.data.Dataset reading 16 files located in folders: /data/wmt/wmt17_translate/de-en/1.0.0.
I0315 20:51:34.798427 140542925006016 logging_logger.py:49] Constructing tf.data.Dataset wmt17_translate for split train, from /data/wmt/wmt17_translate/de-en/1.0.0
/usr/local/lib/python3.11/site-packages/torch/_dynamo/variables/functions.py:725: UserWarning: Graph break due to unsupported builtin torch._C._distributed_c10d.PyCapsule._broadcast_coalesced. This function is either a Python builtin (e.g. _warnings.warn) or a third-party C/C++ Python extension (perhaps created with pybind). If it is a Python builtin, please file an issue on GitHub so the PyTorch team can add support for it and see the next case for a workaround. If it is a third-party C/C++ Python extension, please either wrap it into a PyTorch-understood custom operator (see https://pytorch.org/tutorials/advanced/custom_ops_landing_page.html for more details) or, if it is traceable, use torch.compiler.allow_in_graph.
  torch._dynamo.utils.warn_once(msg)
/usr/local/lib/python3.11/site-packages/torch/_dynamo/variables/functions.py:725: UserWarning: Graph break due to unsupported builtin torch._C._distributed_c10d.PyCapsule._broadcast_coalesced. This function is either a Python builtin (e.g. _warnings.warn) or a third-party C/C++ Python extension (perhaps created with pybind). If it is a Python builtin, please file an issue on GitHub so the PyTorch team can add support for it and see the next case for a workaround. If it is a third-party C/C++ Python extension, please either wrap it into a PyTorch-understood custom operator (see https://pytorch.org/tutorials/advanced/custom_ops_landing_page.html for more details) or, if it is traceable, use torch.compiler.allow_in_graph.
  torch._dynamo.utils.warn_once(msg)
/usr/local/lib/python3.11/site-packages/torch/_dynamo/variables/functions.py:725: UserWarning: Graph break due to unsupported builtin torch._C._distributed_c10d.PyCapsule._broadcast_coalesced. This function is either a Python builtin (e.g. _warnings.warn) or a third-party C/C++ Python extension (perhaps created with pybind). If it is a Python builtin, please file an issue on GitHub so the PyTorch team can add support for it and see the next case for a workaround. If it is a third-party C/C++ Python extension, please either wrap it into a PyTorch-understood custom operator (see https://pytorch.org/tutorials/advanced/custom_ops_landing_page.html for more details) or, if it is traceable, use torch.compiler.allow_in_graph.
  torch._dynamo.utils.warn_once(msg)
/usr/local/lib/python3.11/site-packages/torch/_dynamo/variables/functions.py:725: UserWarning: Graph break due to unsupported builtin torch._C._distributed_c10d.PyCapsule._broadcast_coalesced. This function is either a Python builtin (e.g. _warnings.warn) or a third-party C/C++ Python extension (perhaps created with pybind). If it is a Python builtin, please file an issue on GitHub so the PyTorch team can add support for it and see the next case for a workaround. If it is a third-party C/C++ Python extension, please either wrap it into a PyTorch-understood custom operator (see https://pytorch.org/tutorials/advanced/custom_ops_landing_page.html for more details) or, if it is traceable, use torch.compiler.allow_in_graph.
  torch._dynamo.utils.warn_once(msg)
/usr/local/lib/python3.11/site-packages/torch/_dynamo/variables/functions.py:725: UserWarning: Graph break due to unsupported builtin torch._C._distributed_c10d.PyCapsule._broadcast_coalesced. This function is either a Python builtin (e.g. _warnings.warn) or a third-party C/C++ Python extension (perhaps created with pybind). If it is a Python builtin, please file an issue on GitHub so the PyTorch team can add support for it and see the next case for a workaround. If it is a third-party C/C++ Python extension, please either wrap it into a PyTorch-understood custom operator (see https://pytorch.org/tutorials/advanced/custom_ops_landing_page.html for more details) or, if it is traceable, use torch.compiler.allow_in_graph.
  torch._dynamo.utils.warn_once(msg)
/usr/local/lib/python3.11/site-packages/torch/_dynamo/variables/functions.py:725: UserWarning: Graph break due to unsupported builtin torch._C._distributed_c10d.PyCapsule._broadcast_coalesced. This function is either a Python builtin (e.g. _warnings.warn) or a third-party C/C++ Python extension (perhaps created with pybind). If it is a Python builtin, please file an issue on GitHub so the PyTorch team can add support for it and see the next case for a workaround. If it is a third-party C/C++ Python extension, please either wrap it into a PyTorch-understood custom operator (see https://pytorch.org/tutorials/advanced/custom_ops_landing_page.html for more details) or, if it is traceable, use torch.compiler.allow_in_graph.
  torch._dynamo.utils.warn_once(msg)
/usr/local/lib/python3.11/site-packages/torch/_dynamo/variables/functions.py:725: UserWarning: Graph break due to unsupported builtin torch._C._distributed_c10d.PyCapsule._broadcast_coalesced. This function is either a Python builtin (e.g. _warnings.warn) or a third-party C/C++ Python extension (perhaps created with pybind). If it is a Python builtin, please file an issue on GitHub so the PyTorch team can add support for it and see the next case for a workaround. If it is a third-party C/C++ Python extension, please either wrap it into a PyTorch-understood custom operator (see https://pytorch.org/tutorials/advanced/custom_ops_landing_page.html for more details) or, if it is traceable, use torch.compiler.allow_in_graph.
  torch._dynamo.utils.warn_once(msg)
/usr/local/lib/python3.11/site-packages/torch/_dynamo/variables/functions.py:725: UserWarning: Graph break due to unsupported builtin torch._C._distributed_c10d.PyCapsule._broadcast_coalesced. This function is either a Python builtin (e.g. _warnings.warn) or a third-party C/C++ Python extension (perhaps created with pybind). If it is a Python builtin, please file an issue on GitHub so the PyTorch team can add support for it and see the next case for a workaround. If it is a third-party C/C++ Python extension, please either wrap it into a PyTorch-understood custom operator (see https://pytorch.org/tutorials/advanced/custom_ops_landing_page.html for more details) or, if it is traceable, use torch.compiler.allow_in_graph.
  torch._dynamo.utils.warn_once(msg)
I0315 20:51:53.389201 140542925006016 workload.py:142] Translating evaluation dataset.
I0315 20:56:17.907525 140542925006016 spec.py:333] Evaluating on the validation split.
I0315 20:56:17.959528 140542925006016 dataset_info.py:690] Load dataset info from /data/wmt/wmt14_translate/de-en/1.0.0
I0315 20:56:17.979004 140542925006016 reader.py:261] Creating a tf.data.Dataset reading 1 files located in folders: /data/wmt/wmt14_translate/de-en/1.0.0.
I0315 20:56:18.014516 140542925006016 logging_logger.py:49] Constructing tf.data.Dataset wmt14_translate for split validation, from /data/wmt/wmt14_translate/de-en/1.0.0
I0315 20:56:21.530361 140542925006016 workload.py:142] Translating evaluation dataset.
I0315 21:00:44.785427 140542925006016 spec.py:349] Evaluating on the test split.
I0315 21:00:44.788207 140542925006016 dataset_info.py:690] Load dataset info from /data/wmt/wmt14_translate/de-en/1.0.0
I0315 21:00:44.792639 140542925006016 reader.py:261] Creating a tf.data.Dataset reading 1 files located in folders: /data/wmt/wmt14_translate/de-en/1.0.0.
I0315 21:00:44.825358 140542925006016 logging_logger.py:49] Constructing tf.data.Dataset wmt14_translate for split test, from /data/wmt/wmt14_translate/de-en/1.0.0
I0315 21:00:48.386501 140542925006016 workload.py:142] Translating evaluation dataset.
I0315 21:05:12.106745 140542925006016 submission_runner.py:469] Time since start: 859.49s, 	Step: 1, 	{'train/accuracy': 0.00071751534685603, 'train/loss': 11.93188729314488, 'train/bleu': 1.1612715047663884e-10, 'validation/accuracy': 0.000482040886955232, 'validation/loss': 11.920369008478975, 'validation/bleu': 4.3840314320685605e-09, 'validation/num_examples': 3000, 'test/accuracy': 0.0007183408643262658, 'test/loss': 11.923564766539219, 'test/bleu': 1.5352873003539313e-09, 'test/num_examples': 3003, 'score': 41.311094522476196, 'total_duration': 859.4883379936218, 'accumulated_submission_time': 41.311094522476196, 'accumulated_eval_time': 817.3496689796448, 'accumulated_logging_time': 0}
I0315 21:05:12.115667 140506482693888 logging_writer.py:48] [1] accumulated_eval_time=817.35, accumulated_logging_time=0, accumulated_submission_time=41.3111, global_step=1, preemption_count=0, score=41.3111, test/accuracy=0.000718341, test/bleu=1.53529e-09, test/loss=11.9236, test/num_examples=3003, total_duration=859.488, train/accuracy=0.000717515, train/bleu=1.16127e-10, train/loss=11.9319, validation/accuracy=0.000482041, validation/bleu=4.38403e-09, validation/loss=11.9204, validation/num_examples=3000
I0315 21:05:13.491516 140506474301184 logging_writer.py:48] [1] global_step=1, grad_norm=10.9329, loss=11.9109
I0315 21:05:13.494679 140542925006016 submission.py:265] 1) loss = 11.911, grad_norm = 10.933
I0315 21:05:13.856751 140506482693888 logging_writer.py:48] [2] global_step=2, grad_norm=10.8418, loss=11.8993
I0315 21:05:13.859716 140542925006016 submission.py:265] 2) loss = 11.899, grad_norm = 10.842
I0315 21:05:14.219920 140506474301184 logging_writer.py:48] [3] global_step=3, grad_norm=10.4091, loss=11.8366
I0315 21:05:14.223221 140542925006016 submission.py:265] 3) loss = 11.837, grad_norm = 10.409
I0315 21:05:14.583272 140506482693888 logging_writer.py:48] [4] global_step=4, grad_norm=9.68568, loss=11.7582
I0315 21:05:14.587278 140542925006016 submission.py:265] 4) loss = 11.758, grad_norm = 9.686
I0315 21:05:14.947659 140506474301184 logging_writer.py:48] [5] global_step=5, grad_norm=8.75298, loss=11.6129
I0315 21:05:14.950977 140542925006016 submission.py:265] 5) loss = 11.613, grad_norm = 8.753
I0315 21:05:15.311777 140506482693888 logging_writer.py:48] [6] global_step=6, grad_norm=7.57093, loss=11.4674
I0315 21:05:15.314985 140542925006016 submission.py:265] 6) loss = 11.467, grad_norm = 7.571
I0315 21:05:15.675533 140506474301184 logging_writer.py:48] [7] global_step=7, grad_norm=6.22789, loss=11.3007
I0315 21:05:15.678816 140542925006016 submission.py:265] 7) loss = 11.301, grad_norm = 6.228
I0315 21:05:16.039913 140506482693888 logging_writer.py:48] [8] global_step=8, grad_norm=5.02594, loss=11.1465
I0315 21:05:16.043228 140542925006016 submission.py:265] 8) loss = 11.146, grad_norm = 5.026
I0315 21:05:16.404006 140506474301184 logging_writer.py:48] [9] global_step=9, grad_norm=4.17964, loss=11.0139
I0315 21:05:16.407238 140542925006016 submission.py:265] 9) loss = 11.014, grad_norm = 4.180
I0315 21:05:16.767534 140506482693888 logging_writer.py:48] [10] global_step=10, grad_norm=3.59922, loss=10.8945
I0315 21:05:16.771574 140542925006016 submission.py:265] 10) loss = 10.894, grad_norm = 3.599
I0315 21:05:17.132290 140506474301184 logging_writer.py:48] [11] global_step=11, grad_norm=3.3388, loss=10.7874
I0315 21:05:17.135411 140542925006016 submission.py:265] 11) loss = 10.787, grad_norm = 3.339
I0315 21:05:17.496896 140506482693888 logging_writer.py:48] [12] global_step=12, grad_norm=3.13038, loss=10.7035
I0315 21:05:17.499877 140542925006016 submission.py:265] 12) loss = 10.703, grad_norm = 3.130
I0315 21:05:17.862482 140506474301184 logging_writer.py:48] [13] global_step=13, grad_norm=2.92366, loss=10.6284
I0315 21:05:17.865838 140542925006016 submission.py:265] 13) loss = 10.628, grad_norm = 2.924
I0315 21:05:18.227426 140506482693888 logging_writer.py:48] [14] global_step=14, grad_norm=2.80992, loss=10.5545
I0315 21:05:18.230971 140542925006016 submission.py:265] 14) loss = 10.554, grad_norm = 2.810
I0315 21:05:18.590941 140506474301184 logging_writer.py:48] [15] global_step=15, grad_norm=2.64571, loss=10.4938
I0315 21:05:18.594004 140542925006016 submission.py:265] 15) loss = 10.494, grad_norm = 2.646
I0315 21:05:18.951690 140506482693888 logging_writer.py:48] [16] global_step=16, grad_norm=2.53214, loss=10.4232
I0315 21:05:18.955564 140542925006016 submission.py:265] 16) loss = 10.423, grad_norm = 2.532
I0315 21:05:19.313974 140506474301184 logging_writer.py:48] [17] global_step=17, grad_norm=2.41921, loss=10.3443
I0315 21:05:19.317182 140542925006016 submission.py:265] 17) loss = 10.344, grad_norm = 2.419
I0315 21:05:19.677677 140506482693888 logging_writer.py:48] [18] global_step=18, grad_norm=2.29301, loss=10.282
I0315 21:05:19.680849 140542925006016 submission.py:265] 18) loss = 10.282, grad_norm = 2.293
I0315 21:05:20.042143 140506474301184 logging_writer.py:48] [19] global_step=19, grad_norm=2.09601, loss=10.2266
I0315 21:05:20.045216 140542925006016 submission.py:265] 19) loss = 10.227, grad_norm = 2.096
I0315 21:05:20.404430 140506482693888 logging_writer.py:48] [20] global_step=20, grad_norm=2.0344, loss=10.1446
I0315 21:05:20.408202 140542925006016 submission.py:265] 20) loss = 10.145, grad_norm = 2.034
I0315 21:05:20.768501 140506474301184 logging_writer.py:48] [21] global_step=21, grad_norm=1.90137, loss=10.0953
I0315 21:05:20.771556 140542925006016 submission.py:265] 21) loss = 10.095, grad_norm = 1.901
I0315 21:05:21.131240 140506482693888 logging_writer.py:48] [22] global_step=22, grad_norm=1.81492, loss=10.015
I0315 21:05:21.134648 140542925006016 submission.py:265] 22) loss = 10.015, grad_norm = 1.815
I0315 21:05:21.495500 140506474301184 logging_writer.py:48] [23] global_step=23, grad_norm=1.66001, loss=9.98337
I0315 21:05:21.498713 140542925006016 submission.py:265] 23) loss = 9.983, grad_norm = 1.660
I0315 21:05:21.860547 140506482693888 logging_writer.py:48] [24] global_step=24, grad_norm=1.6031, loss=9.88649
I0315 21:05:21.863586 140542925006016 submission.py:265] 24) loss = 9.886, grad_norm = 1.603
I0315 21:05:22.227913 140506474301184 logging_writer.py:48] [25] global_step=25, grad_norm=1.4352, loss=9.86731
I0315 21:05:22.230911 140542925006016 submission.py:265] 25) loss = 9.867, grad_norm = 1.435
I0315 21:05:22.591952 140506482693888 logging_writer.py:48] [26] global_step=26, grad_norm=1.36243, loss=9.79303
I0315 21:05:22.595634 140542925006016 submission.py:265] 26) loss = 9.793, grad_norm = 1.362
I0315 21:05:22.954879 140506474301184 logging_writer.py:48] [27] global_step=27, grad_norm=1.24482, loss=9.77174
I0315 21:05:22.958512 140542925006016 submission.py:265] 27) loss = 9.772, grad_norm = 1.245
I0315 21:05:23.318029 140506482693888 logging_writer.py:48] [28] global_step=28, grad_norm=1.16657, loss=9.71588
I0315 21:05:23.321459 140542925006016 submission.py:265] 28) loss = 9.716, grad_norm = 1.167
I0315 21:05:23.683082 140506474301184 logging_writer.py:48] [29] global_step=29, grad_norm=1.14659, loss=9.66333
I0315 21:05:23.686459 140542925006016 submission.py:265] 29) loss = 9.663, grad_norm = 1.147
I0315 21:05:24.048184 140506482693888 logging_writer.py:48] [30] global_step=30, grad_norm=1.08668, loss=9.6128
I0315 21:05:24.051494 140542925006016 submission.py:265] 30) loss = 9.613, grad_norm = 1.087
I0315 21:05:24.412885 140506474301184 logging_writer.py:48] [31] global_step=31, grad_norm=1.08817, loss=9.58725
I0315 21:05:24.415869 140542925006016 submission.py:265] 31) loss = 9.587, grad_norm = 1.088
I0315 21:05:24.778574 140506482693888 logging_writer.py:48] [32] global_step=32, grad_norm=1.08469, loss=9.54178
I0315 21:05:24.781617 140542925006016 submission.py:265] 32) loss = 9.542, grad_norm = 1.085
I0315 21:05:25.141047 140506474301184 logging_writer.py:48] [33] global_step=33, grad_norm=1.06554, loss=9.5066
I0315 21:05:25.144246 140542925006016 submission.py:265] 33) loss = 9.507, grad_norm = 1.066
I0315 21:05:25.504152 140506482693888 logging_writer.py:48] [34] global_step=34, grad_norm=1.05846, loss=9.50213
I0315 21:05:25.507912 140542925006016 submission.py:265] 34) loss = 9.502, grad_norm = 1.058
I0315 21:05:25.866311 140506474301184 logging_writer.py:48] [35] global_step=35, grad_norm=1.04127, loss=9.46977
I0315 21:05:25.870009 140542925006016 submission.py:265] 35) loss = 9.470, grad_norm = 1.041
I0315 21:05:26.229420 140506482693888 logging_writer.py:48] [36] global_step=36, grad_norm=0.999759, loss=9.44466
I0315 21:05:26.232563 140542925006016 submission.py:265] 36) loss = 9.445, grad_norm = 1.000
I0315 21:05:26.591996 140506474301184 logging_writer.py:48] [37] global_step=37, grad_norm=0.954772, loss=9.42769
I0315 21:05:26.595951 140542925006016 submission.py:265] 37) loss = 9.428, grad_norm = 0.955
I0315 21:05:26.956833 140506482693888 logging_writer.py:48] [38] global_step=38, grad_norm=0.902493, loss=9.4105
I0315 21:05:26.960403 140542925006016 submission.py:265] 38) loss = 9.411, grad_norm = 0.902
I0315 21:05:27.319551 140506474301184 logging_writer.py:48] [39] global_step=39, grad_norm=0.815082, loss=9.38649
I0315 21:05:27.323346 140542925006016 submission.py:265] 39) loss = 9.386, grad_norm = 0.815
I0315 21:05:27.682762 140506482693888 logging_writer.py:48] [40] global_step=40, grad_norm=0.762562, loss=9.33848
I0315 21:05:27.686321 140542925006016 submission.py:265] 40) loss = 9.338, grad_norm = 0.763
I0315 21:05:28.046213 140506474301184 logging_writer.py:48] [41] global_step=41, grad_norm=0.718905, loss=9.32552
I0315 21:05:28.049562 140542925006016 submission.py:265] 41) loss = 9.326, grad_norm = 0.719
I0315 21:05:28.408686 140506482693888 logging_writer.py:48] [42] global_step=42, grad_norm=0.690267, loss=9.28878
I0315 21:05:28.411779 140542925006016 submission.py:265] 42) loss = 9.289, grad_norm = 0.690
I0315 21:05:28.770457 140506474301184 logging_writer.py:48] [43] global_step=43, grad_norm=0.671193, loss=9.25905
I0315 21:05:28.774243 140542925006016 submission.py:265] 43) loss = 9.259, grad_norm = 0.671
I0315 21:05:29.134841 140506482693888 logging_writer.py:48] [44] global_step=44, grad_norm=0.660279, loss=9.27875
I0315 21:05:29.138264 140542925006016 submission.py:265] 44) loss = 9.279, grad_norm = 0.660
I0315 21:05:29.498939 140506474301184 logging_writer.py:48] [45] global_step=45, grad_norm=0.650092, loss=9.21922
I0315 21:05:29.501971 140542925006016 submission.py:265] 45) loss = 9.219, grad_norm = 0.650
I0315 21:05:29.862617 140506482693888 logging_writer.py:48] [46] global_step=46, grad_norm=0.667791, loss=9.21428
I0315 21:05:29.865877 140542925006016 submission.py:265] 46) loss = 9.214, grad_norm = 0.668
I0315 21:05:30.224764 140506474301184 logging_writer.py:48] [47] global_step=47, grad_norm=0.663584, loss=9.20768
I0315 21:05:30.227926 140542925006016 submission.py:265] 47) loss = 9.208, grad_norm = 0.664
I0315 21:05:30.588504 140506482693888 logging_writer.py:48] [48] global_step=48, grad_norm=0.648875, loss=9.1961
I0315 21:05:30.591482 140542925006016 submission.py:265] 48) loss = 9.196, grad_norm = 0.649
I0315 21:05:30.951914 140506474301184 logging_writer.py:48] [49] global_step=49, grad_norm=0.657564, loss=9.17594
I0315 21:05:30.955712 140542925006016 submission.py:265] 49) loss = 9.176, grad_norm = 0.658
I0315 21:05:31.316991 140506482693888 logging_writer.py:48] [50] global_step=50, grad_norm=0.640966, loss=9.1719
I0315 21:05:31.320074 140542925006016 submission.py:265] 50) loss = 9.172, grad_norm = 0.641
I0315 21:05:31.678966 140506474301184 logging_writer.py:48] [51] global_step=51, grad_norm=0.624066, loss=9.14587
I0315 21:05:31.682424 140542925006016 submission.py:265] 51) loss = 9.146, grad_norm = 0.624
I0315 21:05:32.040920 140506482693888 logging_writer.py:48] [52] global_step=52, grad_norm=0.587287, loss=9.12752
I0315 21:05:32.043978 140542925006016 submission.py:265] 52) loss = 9.128, grad_norm = 0.587
I0315 21:05:32.403434 140506474301184 logging_writer.py:48] [53] global_step=53, grad_norm=0.56035, loss=9.14369
I0315 21:05:32.406633 140542925006016 submission.py:265] 53) loss = 9.144, grad_norm = 0.560
I0315 21:05:32.765100 140506482693888 logging_writer.py:48] [54] global_step=54, grad_norm=0.564483, loss=9.13431
I0315 21:05:32.767986 140542925006016 submission.py:265] 54) loss = 9.134, grad_norm = 0.564
I0315 21:05:33.127979 140506474301184 logging_writer.py:48] [55] global_step=55, grad_norm=0.511222, loss=9.10845
I0315 21:05:33.130998 140542925006016 submission.py:265] 55) loss = 9.108, grad_norm = 0.511
I0315 21:05:33.491275 140506482693888 logging_writer.py:48] [56] global_step=56, grad_norm=0.488236, loss=9.11001
I0315 21:05:33.494907 140542925006016 submission.py:265] 56) loss = 9.110, grad_norm = 0.488
I0315 21:05:33.855277 140506474301184 logging_writer.py:48] [57] global_step=57, grad_norm=0.464956, loss=9.06942
I0315 21:05:33.858710 140542925006016 submission.py:265] 57) loss = 9.069, grad_norm = 0.465
I0315 21:05:34.219475 140506482693888 logging_writer.py:48] [58] global_step=58, grad_norm=0.456263, loss=9.0853
I0315 21:05:34.222920 140542925006016 submission.py:265] 58) loss = 9.085, grad_norm = 0.456
I0315 21:05:34.584964 140506474301184 logging_writer.py:48] [59] global_step=59, grad_norm=0.423893, loss=9.08086
I0315 21:05:34.588404 140542925006016 submission.py:265] 59) loss = 9.081, grad_norm = 0.424
I0315 21:05:34.950699 140506482693888 logging_writer.py:48] [60] global_step=60, grad_norm=0.398924, loss=9.05414
I0315 21:05:34.954116 140542925006016 submission.py:265] 60) loss = 9.054, grad_norm = 0.399
I0315 21:05:35.314609 140506474301184 logging_writer.py:48] [61] global_step=61, grad_norm=0.381753, loss=9.05734
I0315 21:05:35.318125 140542925006016 submission.py:265] 61) loss = 9.057, grad_norm = 0.382
I0315 21:05:35.680214 140506482693888 logging_writer.py:48] [62] global_step=62, grad_norm=0.378203, loss=9.02213
I0315 21:05:35.683569 140542925006016 submission.py:265] 62) loss = 9.022, grad_norm = 0.378
I0315 21:05:36.043461 140506474301184 logging_writer.py:48] [63] global_step=63, grad_norm=0.35464, loss=9.05252
I0315 21:05:36.047143 140542925006016 submission.py:265] 63) loss = 9.053, grad_norm = 0.355
I0315 21:05:36.405921 140506482693888 logging_writer.py:48] [64] global_step=64, grad_norm=0.35715, loss=9.03996
I0315 21:05:36.409655 140542925006016 submission.py:265] 64) loss = 9.040, grad_norm = 0.357
I0315 21:05:36.769553 140506474301184 logging_writer.py:48] [65] global_step=65, grad_norm=0.349544, loss=9.01581
I0315 21:05:36.772898 140542925006016 submission.py:265] 65) loss = 9.016, grad_norm = 0.350
I0315 21:05:37.130848 140506482693888 logging_writer.py:48] [66] global_step=66, grad_norm=0.351237, loss=8.99655
I0315 21:05:37.133807 140542925006016 submission.py:265] 66) loss = 8.997, grad_norm = 0.351
I0315 21:05:37.494327 140506474301184 logging_writer.py:48] [67] global_step=67, grad_norm=0.343432, loss=8.98862
I0315 21:05:37.497836 140542925006016 submission.py:265] 67) loss = 8.989, grad_norm = 0.343
I0315 21:05:37.861745 140506482693888 logging_writer.py:48] [68] global_step=68, grad_norm=0.348457, loss=9.01207
I0315 21:05:37.865635 140542925006016 submission.py:265] 68) loss = 9.012, grad_norm = 0.348
I0315 21:05:38.230514 140506474301184 logging_writer.py:48] [69] global_step=69, grad_norm=0.364379, loss=8.94095
I0315 21:05:38.233972 140542925006016 submission.py:265] 69) loss = 8.941, grad_norm = 0.364
I0315 21:05:38.592754 140506482693888 logging_writer.py:48] [70] global_step=70, grad_norm=0.353463, loss=8.96546
I0315 21:05:38.596259 140542925006016 submission.py:265] 70) loss = 8.965, grad_norm = 0.353
I0315 21:05:38.955640 140506474301184 logging_writer.py:48] [71] global_step=71, grad_norm=0.344891, loss=8.97938
I0315 21:05:38.958704 140542925006016 submission.py:265] 71) loss = 8.979, grad_norm = 0.345
I0315 21:05:39.316854 140506482693888 logging_writer.py:48] [72] global_step=72, grad_norm=0.330761, loss=8.96093
I0315 21:05:39.320188 140542925006016 submission.py:265] 72) loss = 8.961, grad_norm = 0.331
I0315 21:05:39.679363 140506474301184 logging_writer.py:48] [73] global_step=73, grad_norm=0.336055, loss=8.93652
I0315 21:05:39.682315 140542925006016 submission.py:265] 73) loss = 8.937, grad_norm = 0.336
I0315 21:05:40.042042 140506482693888 logging_writer.py:48] [74] global_step=74, grad_norm=0.3492, loss=8.93098
I0315 21:05:40.045158 140542925006016 submission.py:265] 74) loss = 8.931, grad_norm = 0.349
I0315 21:05:40.405053 140506474301184 logging_writer.py:48] [75] global_step=75, grad_norm=0.332264, loss=8.95541
I0315 21:05:40.408016 140542925006016 submission.py:265] 75) loss = 8.955, grad_norm = 0.332
I0315 21:05:40.768547 140506482693888 logging_writer.py:48] [76] global_step=76, grad_norm=0.325691, loss=8.94508
I0315 21:05:40.771604 140542925006016 submission.py:265] 76) loss = 8.945, grad_norm = 0.326
I0315 21:05:41.130483 140506474301184 logging_writer.py:48] [77] global_step=77, grad_norm=0.312656, loss=8.92366
I0315 21:05:41.133657 140542925006016 submission.py:265] 77) loss = 8.924, grad_norm = 0.313
I0315 21:05:41.492958 140506482693888 logging_writer.py:48] [78] global_step=78, grad_norm=0.313662, loss=8.91308
I0315 21:05:41.496065 140542925006016 submission.py:265] 78) loss = 8.913, grad_norm = 0.314
I0315 21:05:41.856594 140506474301184 logging_writer.py:48] [79] global_step=79, grad_norm=0.291756, loss=8.93274
I0315 21:05:41.859453 140542925006016 submission.py:265] 79) loss = 8.933, grad_norm = 0.292
I0315 21:05:42.219018 140506482693888 logging_writer.py:48] [80] global_step=80, grad_norm=0.272346, loss=8.94168
I0315 21:05:42.222581 140542925006016 submission.py:265] 80) loss = 8.942, grad_norm = 0.272
I0315 21:05:42.583818 140506474301184 logging_writer.py:48] [81] global_step=81, grad_norm=0.279618, loss=8.91386
I0315 21:05:42.586963 140542925006016 submission.py:265] 81) loss = 8.914, grad_norm = 0.280
I0315 21:05:42.947696 140506482693888 logging_writer.py:48] [82] global_step=82, grad_norm=0.2587, loss=8.87401
I0315 21:05:42.950769 140542925006016 submission.py:265] 82) loss = 8.874, grad_norm = 0.259
I0315 21:05:43.311506 140506474301184 logging_writer.py:48] [83] global_step=83, grad_norm=0.248212, loss=8.88694
I0315 21:05:43.314471 140542925006016 submission.py:265] 83) loss = 8.887, grad_norm = 0.248
I0315 21:05:43.673356 140506482693888 logging_writer.py:48] [84] global_step=84, grad_norm=0.242097, loss=8.89715
I0315 21:05:43.676821 140542925006016 submission.py:265] 84) loss = 8.897, grad_norm = 0.242
I0315 21:05:44.036657 140506474301184 logging_writer.py:48] [85] global_step=85, grad_norm=0.228197, loss=8.87679
I0315 21:05:44.039562 140542925006016 submission.py:265] 85) loss = 8.877, grad_norm = 0.228
I0315 21:05:44.400797 140506482693888 logging_writer.py:48] [86] global_step=86, grad_norm=0.216331, loss=8.8873
I0315 21:05:44.403761 140542925006016 submission.py:265] 86) loss = 8.887, grad_norm = 0.216
I0315 21:05:44.763473 140506474301184 logging_writer.py:48] [87] global_step=87, grad_norm=0.216689, loss=8.85062
I0315 21:05:44.766862 140542925006016 submission.py:265] 87) loss = 8.851, grad_norm = 0.217
I0315 21:05:45.126266 140506482693888 logging_writer.py:48] [88] global_step=88, grad_norm=0.218558, loss=8.83056
I0315 21:05:45.129465 140542925006016 submission.py:265] 88) loss = 8.831, grad_norm = 0.219
I0315 21:05:45.488810 140506474301184 logging_writer.py:48] [89] global_step=89, grad_norm=0.20795, loss=8.86116
I0315 21:05:45.491852 140542925006016 submission.py:265] 89) loss = 8.861, grad_norm = 0.208
I0315 21:05:45.850998 140506482693888 logging_writer.py:48] [90] global_step=90, grad_norm=0.198195, loss=8.87086
I0315 21:05:45.854591 140542925006016 submission.py:265] 90) loss = 8.871, grad_norm = 0.198
I0315 21:05:46.214688 140506474301184 logging_writer.py:48] [91] global_step=91, grad_norm=0.19915, loss=8.86846
I0315 21:05:46.217820 140542925006016 submission.py:265] 91) loss = 8.868, grad_norm = 0.199
I0315 21:05:46.577129 140506482693888 logging_writer.py:48] [92] global_step=92, grad_norm=0.194249, loss=8.87878
I0315 21:05:46.580308 140542925006016 submission.py:265] 92) loss = 8.879, grad_norm = 0.194
I0315 21:05:46.939846 140506474301184 logging_writer.py:48] [93] global_step=93, grad_norm=0.189166, loss=8.8354
I0315 21:05:46.943152 140542925006016 submission.py:265] 93) loss = 8.835, grad_norm = 0.189
I0315 21:05:47.303233 140506482693888 logging_writer.py:48] [94] global_step=94, grad_norm=0.185607, loss=8.8763
I0315 21:05:47.306329 140542925006016 submission.py:265] 94) loss = 8.876, grad_norm = 0.186
I0315 21:05:47.667928 140506474301184 logging_writer.py:48] [95] global_step=95, grad_norm=0.201209, loss=8.80908
I0315 21:05:47.670969 140542925006016 submission.py:265] 95) loss = 8.809, grad_norm = 0.201
I0315 21:05:48.030606 140506482693888 logging_writer.py:48] [96] global_step=96, grad_norm=0.200124, loss=8.81126
I0315 21:05:48.034125 140542925006016 submission.py:265] 96) loss = 8.811, grad_norm = 0.200
I0315 21:05:48.394819 140506474301184 logging_writer.py:48] [97] global_step=97, grad_norm=0.20545, loss=8.87096
I0315 21:05:48.398210 140542925006016 submission.py:265] 97) loss = 8.871, grad_norm = 0.205
I0315 21:05:48.760623 140506482693888 logging_writer.py:48] [98] global_step=98, grad_norm=0.180751, loss=8.85343
I0315 21:05:48.764265 140542925006016 submission.py:265] 98) loss = 8.853, grad_norm = 0.181
I0315 21:05:50.751238 140506474301184 logging_writer.py:48] [99] global_step=99, grad_norm=0.181223, loss=8.81427
I0315 21:05:50.754718 140542925006016 submission.py:265] 99) loss = 8.814, grad_norm = 0.181
I0315 21:05:51.120594 140506482693888 logging_writer.py:48] [100] global_step=100, grad_norm=0.17326, loss=8.82175
I0315 21:05:51.123966 140542925006016 submission.py:265] 100) loss = 8.822, grad_norm = 0.173
I0315 21:08:21.115188 140506474301184 logging_writer.py:48] [500] global_step=500, grad_norm=0.977038, loss=8.2666
I0315 21:08:21.118651 140542925006016 submission.py:265] 500) loss = 8.267, grad_norm = 0.977
I0315 21:11:29.506005 140506482693888 logging_writer.py:48] [1000] global_step=1000, grad_norm=0.511541, loss=7.14602
I0315 21:11:29.510238 140542925006016 submission.py:265] 1000) loss = 7.146, grad_norm = 0.512
I0315 21:14:38.208905 140506474301184 logging_writer.py:48] [1500] global_step=1500, grad_norm=2.51859, loss=7.67982
I0315 21:14:38.212921 140542925006016 submission.py:265] 1500) loss = 7.680, grad_norm = 2.519
I0315 21:17:46.879548 140506482693888 logging_writer.py:48] [2000] global_step=2000, grad_norm=0.317304, loss=6.88279
I0315 21:17:46.883083 140542925006016 submission.py:265] 2000) loss = 6.883, grad_norm = 0.317
I0315 21:19:13.107822 140542925006016 spec.py:321] Evaluating on the training split.
I0315 21:19:16.491674 140542925006016 workload.py:142] Translating evaluation dataset.
I0315 21:23:36.419776 140542925006016 spec.py:333] Evaluating on the validation split.
I0315 21:23:39.789930 140542925006016 workload.py:142] Translating evaluation dataset.
I0315 21:27:59.559010 140542925006016 spec.py:349] Evaluating on the test split.
I0315 21:28:02.944876 140542925006016 workload.py:142] Translating evaluation dataset.
I0315 21:32:23.483443 140542925006016 submission_runner.py:469] Time since start: 2490.87s, 	Step: 2228, 	{'train/accuracy': 0.28426017305088247, 'train/loss': 6.1589740022033, 'train/bleu': 3.333906620210647, 'validation/accuracy': 0.2569772328381084, 'validation/loss': 6.458153984253331, 'validation/bleu': 1.2843705099921026, 'validation/num_examples': 3000, 'test/accuracy': 0.24063260340632603, 'test/loss': 6.707423096976017, 'test/bleu': 1.0300980110904687, 'test/num_examples': 3003, 'score': 879.5780096054077, 'total_duration': 2490.865055322647, 'accumulated_submission_time': 879.5780096054077, 'accumulated_eval_time': 1607.7253968715668, 'accumulated_logging_time': 0.019706249237060547}
I0315 21:32:23.493784 140506474301184 logging_writer.py:48] [2228] accumulated_eval_time=1607.73, accumulated_logging_time=0.0197062, accumulated_submission_time=879.578, global_step=2228, preemption_count=0, score=879.578, test/accuracy=0.240633, test/bleu=1.0301, test/loss=6.70742, test/num_examples=3003, total_duration=2490.87, train/accuracy=0.28426, train/bleu=3.33391, train/loss=6.15897, validation/accuracy=0.256977, validation/bleu=1.28437, validation/loss=6.45815, validation/num_examples=3000
/usr/local/lib/python3.11/site-packages/torch/optim/lr_scheduler.py:240: UserWarning: The epoch parameter in `scheduler.step()` was not necessary and is being deprecated where possible. Please use `scheduler.step()` to step the scheduler. During the deprecation, if epoch is different from None, the closed form is used instead of the new chainable form, where available. Please open an issue if you are unable to replicate your use case: https://github.com/pytorch/pytorch/issues/new/choose.
  warnings.warn(EPOCH_DEPRECATION_WARNING, UserWarning)
/usr/local/lib/python3.11/site-packages/torch/optim/lr_scheduler.py:240: UserWarning: The epoch parameter in `scheduler.step()` was not necessary and is being deprecated where possible. Please use `scheduler.step()` to step the scheduler. During the deprecation, if epoch is different from None, the closed form is used instead of the new chainable form, where available. Please open an issue if you are unable to replicate your use case: https://github.com/pytorch/pytorch/issues/new/choose.
  warnings.warn(EPOCH_DEPRECATION_WARNING, UserWarning)
/usr/local/lib/python3.11/site-packages/torch/optim/lr_scheduler.py:240: UserWarning: The epoch parameter in `scheduler.step()` was not necessary and is being deprecated where possible. Please use `scheduler.step()` to step the scheduler. During the deprecation, if epoch is different from None, the closed form is used instead of the new chainable form, where available. Please open an issue if you are unable to replicate your use case: https://github.com/pytorch/pytorch/issues/new/choose.
  warnings.warn(EPOCH_DEPRECATION_WARNING, UserWarning)
/usr/local/lib/python3.11/site-packages/torch/optim/lr_scheduler.py:240: UserWarning: The epoch parameter in `scheduler.step()` was not necessary and is being deprecated where possible. Please use `scheduler.step()` to step the scheduler. During the deprecation, if epoch is different from None, the closed form is used instead of the new chainable form, where available. Please open an issue if you are unable to replicate your use case: https://github.com/pytorch/pytorch/issues/new/choose.
  warnings.warn(EPOCH_DEPRECATION_WARNING, UserWarning)
/usr/local/lib/python3.11/site-packages/torch/optim/lr_scheduler.py:240: UserWarning: The epoch parameter in `scheduler.step()` was not necessary and is being deprecated where possible. Please use `scheduler.step()` to step the scheduler. During the deprecation, if epoch is different from None, the closed form is used instead of the new chainable form, where available. Please open an issue if you are unable to replicate your use case: https://github.com/pytorch/pytorch/issues/new/choose.
  warnings.warn(EPOCH_DEPRECATION_WARNING, UserWarning)
/usr/local/lib/python3.11/site-packages/torch/optim/lr_scheduler.py:240: UserWarning: The epoch parameter in `scheduler.step()` was not necessary and is being deprecated where possible. Please use `scheduler.step()` to step the scheduler. During the deprecation, if epoch is different from None, the closed form is used instead of the new chainable form, where available. Please open an issue if you are unable to replicate your use case: https://github.com/pytorch/pytorch/issues/new/choose.
  warnings.warn(EPOCH_DEPRECATION_WARNING, UserWarning)
/usr/local/lib/python3.11/site-packages/torch/optim/lr_scheduler.py:240: UserWarning: The epoch parameter in `scheduler.step()` was not necessary and is being deprecated where possible. Please use `scheduler.step()` to step the scheduler. During the deprecation, if epoch is different from None, the closed form is used instead of the new chainable form, where available. Please open an issue if you are unable to replicate your use case: https://github.com/pytorch/pytorch/issues/new/choose.
  warnings.warn(EPOCH_DEPRECATION_WARNING, UserWarning)
/usr/local/lib/python3.11/site-packages/torch/optim/lr_scheduler.py:240: UserWarning: The epoch parameter in `scheduler.step()` was not necessary and is being deprecated where possible. Please use `scheduler.step()` to step the scheduler. During the deprecation, if epoch is different from None, the closed form is used instead of the new chainable form, where available. Please open an issue if you are unable to replicate your use case: https://github.com/pytorch/pytorch/issues/new/choose.
  warnings.warn(EPOCH_DEPRECATION_WARNING, UserWarning)
I0315 21:34:07.727183 140506482693888 logging_writer.py:48] [2500] global_step=2500, grad_norm=0.330301, loss=6.71598
I0315 21:34:07.730789 140542925006016 submission.py:265] 2500) loss = 6.716, grad_norm = 0.330
I0315 21:37:16.561894 140506474301184 logging_writer.py:48] [3000] global_step=3000, grad_norm=0.362425, loss=6.49238
I0315 21:37:16.565195 140542925006016 submission.py:265] 3000) loss = 6.492, grad_norm = 0.362
I0315 21:40:25.455154 140506482693888 logging_writer.py:48] [3500] global_step=3500, grad_norm=0.38282, loss=6.4258
I0315 21:40:25.458431 140542925006016 submission.py:265] 3500) loss = 6.426, grad_norm = 0.383
I0315 21:43:34.327535 140506474301184 logging_writer.py:48] [4000] global_step=4000, grad_norm=0.511772, loss=6.09336
I0315 21:43:34.330706 140542925006016 submission.py:265] 4000) loss = 6.093, grad_norm = 0.512
I0315 21:46:24.447987 140542925006016 spec.py:321] Evaluating on the training split.
I0315 21:46:27.828084 140542925006016 workload.py:142] Translating evaluation dataset.
I0315 21:50:32.369801 140542925006016 spec.py:333] Evaluating on the validation split.
I0315 21:50:35.757854 140542925006016 workload.py:142] Translating evaluation dataset.
I0315 21:54:38.764585 140542925006016 spec.py:349] Evaluating on the test split.
I0315 21:54:42.148957 140542925006016 workload.py:142] Translating evaluation dataset.
I0315 21:58:38.596995 140542925006016 submission_runner.py:469] Time since start: 4065.98s, 	Step: 4451, 	{'train/accuracy': 0.35229191312437547, 'train/loss': 5.442989307085348, 'train/bleu': 7.207052363225432, 'validation/accuracy': 0.3257731194225397, 'validation/loss': 5.692353626430672, 'validation/bleu': 4.003200038910658, 'validation/num_examples': 3000, 'test/accuracy': 0.3077163712200209, 'test/loss': 5.942273490904878, 'test/bleu': 2.8969035081657135, 'test/num_examples': 3003, 'score': 1717.8950290679932, 'total_duration': 4065.978619337082, 'accumulated_submission_time': 1717.8950290679932, 'accumulated_eval_time': 2341.874528169632, 'accumulated_logging_time': 0.039093971252441406}
I0315 21:58:38.607485 140506482693888 logging_writer.py:48] [4451] accumulated_eval_time=2341.87, accumulated_logging_time=0.039094, accumulated_submission_time=1717.9, global_step=4451, preemption_count=0, score=1717.9, test/accuracy=0.307716, test/bleu=2.8969, test/loss=5.94227, test/num_examples=3003, total_duration=4065.98, train/accuracy=0.352292, train/bleu=7.20705, train/loss=5.44299, validation/accuracy=0.325773, validation/bleu=4.0032, validation/loss=5.69235, validation/num_examples=3000
I0315 21:58:59.136212 140506474301184 logging_writer.py:48] [4500] global_step=4500, grad_norm=0.503091, loss=6.03509
I0315 21:58:59.139330 140542925006016 submission.py:265] 4500) loss = 6.035, grad_norm = 0.503
I0315 22:02:08.081769 140506482693888 logging_writer.py:48] [5000] global_step=5000, grad_norm=0.574249, loss=5.73224
I0315 22:02:08.085288 140542925006016 submission.py:265] 5000) loss = 5.732, grad_norm = 0.574
I0315 22:05:17.068653 140506474301184 logging_writer.py:48] [5500] global_step=5500, grad_norm=0.612937, loss=5.71674
I0315 22:05:17.072375 140542925006016 submission.py:265] 5500) loss = 5.717, grad_norm = 0.613
I0315 22:08:25.998619 140506482693888 logging_writer.py:48] [6000] global_step=6000, grad_norm=0.275518, loss=6.92625
I0315 22:08:26.002516 140542925006016 submission.py:265] 6000) loss = 6.926, grad_norm = 0.276
I0315 22:11:34.796310 140506474301184 logging_writer.py:48] [6500] global_step=6500, grad_norm=1.02259, loss=5.70104
I0315 22:11:34.799601 140542925006016 submission.py:265] 6500) loss = 5.701, grad_norm = 1.023
I0315 22:12:39.547966 140542925006016 spec.py:321] Evaluating on the training split.
I0315 22:12:42.939880 140542925006016 workload.py:142] Translating evaluation dataset.
I0315 22:15:48.797650 140542925006016 spec.py:333] Evaluating on the validation split.
I0315 22:15:52.191553 140542925006016 workload.py:142] Translating evaluation dataset.
I0315 22:18:59.639332 140542925006016 spec.py:349] Evaluating on the test split.
I0315 22:19:03.024814 140542925006016 workload.py:142] Translating evaluation dataset.
I0315 22:22:06.467724 140542925006016 submission_runner.py:469] Time since start: 5473.85s, 	Step: 6673, 	{'train/accuracy': 0.3927920173064072, 'train/loss': 4.85757395997327, 'train/bleu': 9.917468672379073, 'validation/accuracy': 0.37773465503176523, 'validation/loss': 5.009735835413937, 'validation/bleu': 5.957030993196458, 'validation/num_examples': 3000, 'test/accuracy': 0.36094311203800256, 'test/loss': 5.244954596802224, 'test/bleu': 4.569038109203771, 'test/num_examples': 3003, 'score': 2556.1866903305054, 'total_duration': 5473.8493745327, 'accumulated_submission_time': 2556.1866903305054, 'accumulated_eval_time': 2908.794445514679, 'accumulated_logging_time': 0.05849480628967285}
I0315 22:22:06.477733 140506482693888 logging_writer.py:48] [6673] accumulated_eval_time=2908.79, accumulated_logging_time=0.0584948, accumulated_submission_time=2556.19, global_step=6673, preemption_count=0, score=2556.19, test/accuracy=0.360943, test/bleu=4.56904, test/loss=5.24495, test/num_examples=3003, total_duration=5473.85, train/accuracy=0.392792, train/bleu=9.91747, train/loss=4.85757, validation/accuracy=0.377735, validation/bleu=5.95703, validation/loss=5.00974, validation/num_examples=3000
I0315 22:24:12.216356 140506474301184 logging_writer.py:48] [7000] global_step=7000, grad_norm=0.505071, loss=5.71236
I0315 22:24:12.220358 140542925006016 submission.py:265] 7000) loss = 5.712, grad_norm = 0.505
I0315 22:27:21.020985 140506482693888 logging_writer.py:48] [7500] global_step=7500, grad_norm=0.761714, loss=5.75424
I0315 22:27:21.024164 140542925006016 submission.py:265] 7500) loss = 5.754, grad_norm = 0.762
I0315 22:30:29.690634 140506474301184 logging_writer.py:48] [8000] global_step=8000, grad_norm=0.587201, loss=5.47267
I0315 22:30:29.694049 140542925006016 submission.py:265] 8000) loss = 5.473, grad_norm = 0.587
I0315 22:33:38.349060 140506482693888 logging_writer.py:48] [8500] global_step=8500, grad_norm=0.622895, loss=5.22793
I0315 22:33:38.352336 140542925006016 submission.py:265] 8500) loss = 5.228, grad_norm = 0.623
I0315 22:36:07.479416 140542925006016 spec.py:321] Evaluating on the training split.
I0315 22:36:10.860695 140542925006016 workload.py:142] Translating evaluation dataset.
I0315 22:39:26.878220 140542925006016 spec.py:333] Evaluating on the validation split.
I0315 22:39:30.254968 140542925006016 workload.py:142] Translating evaluation dataset.
I0315 22:42:58.916723 140542925006016 spec.py:349] Evaluating on the test split.
I0315 22:43:02.312570 140542925006016 workload.py:142] Translating evaluation dataset.
I0315 22:46:36.874402 140542925006016 submission_runner.py:469] Time since start: 6944.26s, 	Step: 8898, 	{'train/accuracy': 0.415030706301913, 'train/loss': 4.446729337336357, 'train/bleu': 10.691678764852018, 'validation/accuracy': 0.40726274936345885, 'validation/loss': 4.551469065953081, 'validation/bleu': 6.958527040357849, 'validation/num_examples': 3000, 'test/accuracy': 0.3949368555207971, 'test/loss': 4.747328669910787, 'test/bleu': 5.38676781840814, 'test/num_examples': 3003, 'score': 3394.530655860901, 'total_duration': 6944.256027698517, 'accumulated_submission_time': 3394.530655860901, 'accumulated_eval_time': 3538.1895694732666, 'accumulated_logging_time': 0.07752132415771484}
I0315 22:46:36.884496 140506474301184 logging_writer.py:48] [8898] accumulated_eval_time=3538.19, accumulated_logging_time=0.0775213, accumulated_submission_time=3394.53, global_step=8898, preemption_count=0, score=3394.53, test/accuracy=0.394937, test/bleu=5.38677, test/loss=4.74733, test/num_examples=3003, total_duration=6944.26, train/accuracy=0.415031, train/bleu=10.6917, train/loss=4.44673, validation/accuracy=0.407263, validation/bleu=6.95853, validation/loss=4.55147, validation/num_examples=3000
I0315 22:47:18.050060 140506482693888 logging_writer.py:48] [9000] global_step=9000, grad_norm=0.614436, loss=5.17414
I0315 22:47:18.053785 140542925006016 submission.py:265] 9000) loss = 5.174, grad_norm = 0.614
I0315 22:50:26.767204 140506474301184 logging_writer.py:48] [9500] global_step=9500, grad_norm=0.516072, loss=5.19639
I0315 22:50:26.770795 140542925006016 submission.py:265] 9500) loss = 5.196, grad_norm = 0.516
I0315 22:53:35.550033 140506482693888 logging_writer.py:48] [10000] global_step=10000, grad_norm=0.623113, loss=4.96694
I0315 22:53:35.553118 140542925006016 submission.py:265] 10000) loss = 4.967, grad_norm = 0.623
I0315 22:56:44.347079 140506474301184 logging_writer.py:48] [10500] global_step=10500, grad_norm=4.03959, loss=5.08266
I0315 22:56:44.350295 140542925006016 submission.py:265] 10500) loss = 5.083, grad_norm = 4.040
I0315 22:59:53.083415 140506482693888 logging_writer.py:48] [11000] global_step=11000, grad_norm=0.885494, loss=4.67246
I0315 22:59:53.086711 140542925006016 submission.py:265] 11000) loss = 4.672, grad_norm = 0.885
I0315 23:00:37.784536 140542925006016 spec.py:321] Evaluating on the training split.
I0315 23:00:41.163254 140542925006016 workload.py:142] Translating evaluation dataset.
I0315 23:03:50.439333 140542925006016 spec.py:333] Evaluating on the validation split.
I0315 23:03:53.823590 140542925006016 workload.py:142] Translating evaluation dataset.
I0315 23:06:56.678473 140542925006016 spec.py:349] Evaluating on the test split.
I0315 23:07:00.064186 140542925006016 workload.py:142] Translating evaluation dataset.
I0315 23:09:56.527689 140542925006016 submission_runner.py:469] Time since start: 8343.91s, 	Step: 11118, 	{'train/accuracy': 0.4512371639256448, 'train/loss': 3.967559350816608, 'train/bleu': 12.850655425948526, 'validation/accuracy': 0.4436506563172076, 'validation/loss': 4.071513546584926, 'validation/bleu': 9.468808376208225, 'validation/num_examples': 3000, 'test/accuracy': 0.432522303325223, 'test/loss': 4.24573883385471, 'test/bleu': 7.369903191839421, 'test/num_examples': 3003, 'score': 4232.7737159729, 'total_duration': 8343.909327983856, 'accumulated_submission_time': 4232.7737159729, 'accumulated_eval_time': 4096.932901144028, 'accumulated_logging_time': 0.0963747501373291}
I0315 23:09:56.537492 140506474301184 logging_writer.py:48] [11118] accumulated_eval_time=4096.93, accumulated_logging_time=0.0963748, accumulated_submission_time=4232.77, global_step=11118, preemption_count=0, score=4232.77, test/accuracy=0.432522, test/bleu=7.3699, test/loss=4.24574, test/num_examples=3003, total_duration=8343.91, train/accuracy=0.451237, train/bleu=12.8507, train/loss=3.96756, validation/accuracy=0.443651, validation/bleu=9.46881, validation/loss=4.07151, validation/num_examples=3000
I0315 23:12:22.008813 140506482693888 logging_writer.py:48] [11500] global_step=11500, grad_norm=0.90389, loss=4.58133
I0315 23:12:22.012031 140542925006016 submission.py:265] 11500) loss = 4.581, grad_norm = 0.904
I0315 23:15:30.707088 140506474301184 logging_writer.py:48] [12000] global_step=12000, grad_norm=1.52344, loss=4.60466
I0315 23:15:30.710257 140542925006016 submission.py:265] 12000) loss = 4.605, grad_norm = 1.523
I0315 23:18:39.410028 140506482693888 logging_writer.py:48] [12500] global_step=12500, grad_norm=0.902191, loss=4.4298
I0315 23:18:39.412997 140542925006016 submission.py:265] 12500) loss = 4.430, grad_norm = 0.902
