I0316 10:11:26.098533 140616019150016 shampoo_preconditioner_list.py:352] Instantiated Adagrad Preconditioner 12.block_0 (torch.Size([0])) for Parameter 12 (torch.Size([1024, 512])), Block block_0 (torch.Size([1024, 512])).
I0316 10:11:26.098587 140270367569088 shampoo_preconditioner_list.py:352] Instantiated Adagrad Preconditioner 76.block_0 (torch.Size([0])) for Parameter 76 (torch.Size([512, 512])), Block block_0 (torch.Size([512, 512])).
I0316 10:11:26.098595 140616019150016 shampoo_preconditioner_list.py:352] Instantiated Adagrad Preconditioner 13.block_0 (torch.Size([0])) for Parameter 13 (torch.Size([1024, 256])), Block block_0 (torch.Size([1024, 256])).
I0316 10:11:26.098660 140270367569088 shampoo_preconditioner_list.py:352] Instantiated Adagrad Preconditioner 77.block_0 (torch.Size([512])) for Parameter 77 (torch.Size([512])), Block block_0 (torch.Size([512])).
I0316 10:11:26.098677 140616019150016 shampoo_preconditioner_list.py:352] Instantiated Adagrad Preconditioner 14.block_0 (torch.Size([1024])) for Parameter 14 (torch.Size([1024])), Block block_0 (torch.Size([1024])).
I0316 10:11:26.098722 140270367569088 shampoo_preconditioner_list.py:352] Instantiated Adagrad Preconditioner 78.block_0 (torch.Size([0])) for Parameter 78 (torch.Size([512])), Block block_0 (torch.Size([512])).
I0316 10:11:26.098755 140616019150016 shampoo_preconditioner_list.py:352] Instantiated Adagrad Preconditioner 15.block_0 (torch.Size([1024])) for Parameter 15 (torch.Size([1024])), Block block_0 (torch.Size([1024])).
I0316 10:11:26.098794 140270367569088 shampoo_preconditioner_list.py:352] Instantiated Adagrad Preconditioner 79.block_0 (torch.Size([512])) for Parameter 79 (torch.Size([512])), Block block_0 (torch.Size([512])).
I0316 10:11:26.098829 140616019150016 shampoo_preconditioner_list.py:352] Instantiated Adagrad Preconditioner 16.block_0 (torch.Size([0])) for Parameter 16 (torch.Size([512])), Block block_0 (torch.Size([512])).
I0316 10:11:26.098871 140270367569088 shampoo_preconditioner_list.py:352] Instantiated Adagrad Preconditioner 80.block_0 (torch.Size([0])) for Parameter 80 (torch.Size([1024, 512])), Block block_0 (torch.Size([1024, 512])).
I0316 10:11:26.098920 140270367569088 shampoo_preconditioner_list.py:352] Instantiated Adagrad Preconditioner 81.block_0 (torch.Size([0])) for Parameter 81 (torch.Size([1024])), Block block_0 (torch.Size([1024])).
I0316 10:11:26.098969 140616019150016 shampoo_preconditioner_list.py:352] Instantiated Adagrad Preconditioner 17.block_0 (torch.Size([512])) for Parameter 17 (torch.Size([512])), Block block_0 (torch.Size([512])).
I0316 10:11:26.099040 140270367569088 shampoo_preconditioner_list.py:375] Rank 6: AdaGradPreconditionerList Numel Breakdown: (4608, 512, 0, 512, 0, 0, 0, 0, 0, 524288, 0, 0, 0, 0, 0, 512, 0, 0, 0, 0, 0, 0, 0, 0, 0, 512, 0, 524288, 0, 0, 1024, 0, 262144, 0, 1024, 512, 0, 0, 0, 0, 1024, 0, 0, 0, 1024, 512, 0, 0, 0, 0, 1024, 0, 0, 0, 1024, 512, 0, 0, 262144, 0, 1024, 524288, 0, 0, 1024, 512, 0, 0, 0, 0, 1024, 0, 0, 0, 1024, 512, 0, 0, 512, 0, 512, 0, 0, 512, 0, 0, 512, 0, 512, 0, 0)
I0316 10:11:26.099053 140616019150016 shampoo_preconditioner_list.py:352] Instantiated Adagrad Preconditioner 18.block_0 (torch.Size([0])) for Parameter 18 (torch.Size([1024, 512])), Block block_0 (torch.Size([1024, 512])).
I0316 10:11:26.099087 140270367569088 shampoo_preconditioner_list.py:378] Rank 6: AdaGradPreconditionerList Bytes Breakdown: (18432, 2048, 0, 2048, 0, 0, 0, 0, 0, 2097152, 0, 0, 0, 0, 0, 2048, 0, 0, 0, 0, 0, 0, 0, 0, 0, 2048, 0, 2097152, 0, 0, 4096, 0, 1048576, 0, 4096, 2048, 0, 0, 0, 0, 4096, 0, 0, 0, 4096, 2048, 0, 0, 0, 0, 4096, 0, 0, 0, 4096, 2048, 0, 0, 1048576, 0, 4096, 2097152, 0, 0, 4096, 2048, 0, 0, 0, 0, 4096, 0, 0, 0, 4096, 2048, 0, 0, 2048, 0, 2048, 0, 0, 2048, 0, 0, 2048, 0, 2048, 0, 0)
I0316 10:11:26.099124 140270367569088 shampoo_preconditioner_list.py:381] Rank 6: AdaGradPreconditionerList Total Elements: 2119168
I0316 10:11:26.099117 140616019150016 shampoo_preconditioner_list.py:352] Instantiated Adagrad Preconditioner 19.block_0 (torch.Size([0])) for Parameter 19 (torch.Size([1024, 256])), Block block_0 (torch.Size([1024, 256])).
I0316 10:11:26.099159 140270367569088 shampoo_preconditioner_list.py:384] Rank 6: AdaGradPreconditionerList Total Bytes: 8476672
I0316 10:11:26.099209 140616019150016 shampoo_preconditioner_list.py:352] Instantiated Adagrad Preconditioner 20.block_0 (torch.Size([1024])) for Parameter 20 (torch.Size([1024])), Block block_0 (torch.Size([1024])).
I0316 10:11:26.099288 140616019150016 shampoo_preconditioner_list.py:352] Instantiated Adagrad Preconditioner 21.block_0 (torch.Size([0])) for Parameter 21 (torch.Size([1024])), Block block_0 (torch.Size([1024])).
I0316 10:11:26.099398 140616019150016 shampoo_preconditioner_list.py:352] Instantiated Adagrad Preconditioner 22.block_0 (torch.Size([1024, 512])) for Parameter 22 (torch.Size([1024, 512])), Block block_0 (torch.Size([1024, 512])).
I0316 10:11:26.099482 140616019150016 shampoo_preconditioner_list.py:352] Instantiated Adagrad Preconditioner 23.block_0 (torch.Size([0])) for Parameter 23 (torch.Size([1024, 256])), Block block_0 (torch.Size([1024, 256])).
I0316 10:11:26.099581 140616019150016 shampoo_preconditioner_list.py:352] Instantiated Adagrad Preconditioner 24.block_0 (torch.Size([1024])) for Parameter 24 (torch.Size([1024])), Block block_0 (torch.Size([1024])).
I0316 10:11:26.099659 140616019150016 shampoo_preconditioner_list.py:352] Instantiated Adagrad Preconditioner 25.block_0 (torch.Size([0])) for Parameter 25 (torch.Size([1024])), Block block_0 (torch.Size([1024])).
I0316 10:11:26.099729 140616019150016 shampoo_preconditioner_list.py:352] Instantiated Adagrad Preconditioner 26.block_0 (torch.Size([0])) for Parameter 26 (torch.Size([512])), Block block_0 (torch.Size([512])).
I0316 10:11:26.099823 140616019150016 shampoo_preconditioner_list.py:352] Instantiated Adagrad Preconditioner 27.block_0 (torch.Size([512])) for Parameter 27 (torch.Size([512])), Block block_0 (torch.Size([512])).
I0316 10:11:26.099902 140616019150016 shampoo_preconditioner_list.py:352] Instantiated Adagrad Preconditioner 28.block_0 (torch.Size([0])) for Parameter 28 (torch.Size([1024, 512])), Block block_0 (torch.Size([1024, 512])).
I0316 10:11:26.100001 140616019150016 shampoo_preconditioner_list.py:352] Instantiated Adagrad Preconditioner 29.block_0 (torch.Size([1024, 256])) for Parameter 29 (torch.Size([1024, 256])), Block block_0 (torch.Size([1024, 256])).
I0316 10:11:26.100111 140616019150016 shampoo_preconditioner_list.py:352] Instantiated Adagrad Preconditioner 30.block_0 (torch.Size([1024])) for Parameter 30 (torch.Size([1024])), Block block_0 (torch.Size([1024])).
I0316 10:11:26.100197 140616019150016 shampoo_preconditioner_list.py:352] Instantiated Adagrad Preconditioner 31.block_0 (torch.Size([0])) for Parameter 31 (torch.Size([1024])), Block block_0 (torch.Size([1024])).
I0316 10:11:26.100260 140616019150016 shampoo_preconditioner_list.py:352] Instantiated Adagrad Preconditioner 32.block_0 (torch.Size([0])) for Parameter 32 (torch.Size([1024, 512])), Block block_0 (torch.Size([1024, 512])).
I0316 10:11:26.100328 140616019150016 shampoo_preconditioner_list.py:352] Instantiated Adagrad Preconditioner 33.block_0 (torch.Size([0])) for Parameter 33 (torch.Size([1024, 256])), Block block_0 (torch.Size([1024, 256])).
I0316 10:11:26.100419 140616019150016 shampoo_preconditioner_list.py:352] Instantiated Adagrad Preconditioner 34.block_0 (torch.Size([1024])) for Parameter 34 (torch.Size([1024])), Block block_0 (torch.Size([1024])).
I0316 10:11:26.100493 140616019150016 shampoo_preconditioner_list.py:352] Instantiated Adagrad Preconditioner 35.block_0 (torch.Size([0])) for Parameter 35 (torch.Size([1024])), Block block_0 (torch.Size([1024])).
I0316 10:11:26.100554 140616019150016 shampoo_preconditioner_list.py:352] Instantiated Adagrad Preconditioner 36.block_0 (torch.Size([0])) for Parameter 36 (torch.Size([512])), Block block_0 (torch.Size([512])).
I0316 10:11:26.100642 140616019150016 shampoo_preconditioner_list.py:352] Instantiated Adagrad Preconditioner 37.block_0 (torch.Size([512])) for Parameter 37 (torch.Size([512])), Block block_0 (torch.Size([512])).
I0316 10:11:26.100716 140616019150016 shampoo_preconditioner_list.py:352] Instantiated Adagrad Preconditioner 38.block_0 (torch.Size([0])) for Parameter 38 (torch.Size([1024, 512])), Block block_0 (torch.Size([1024, 512])).
I0316 10:11:26.100779 140616019150016 shampoo_preconditioner_list.py:352] Instantiated Adagrad Preconditioner 39.block_0 (torch.Size([0])) for Parameter 39 (torch.Size([1024, 256])), Block block_0 (torch.Size([1024, 256])).
I0316 10:11:26.100865 140616019150016 shampoo_preconditioner_list.py:352] Instantiated Adagrad Preconditioner 40.block_0 (torch.Size([1024])) for Parameter 40 (torch.Size([1024])), Block block_0 (torch.Size([1024])).
I0316 10:11:26.100936 140616019150016 shampoo_preconditioner_list.py:352] Instantiated Adagrad Preconditioner 41.block_0 (torch.Size([0])) for Parameter 41 (torch.Size([1024])), Block block_0 (torch.Size([1024])).
I0316 10:11:26.100999 140616019150016 shampoo_preconditioner_list.py:352] Instantiated Adagrad Preconditioner 42.block_0 (torch.Size([0])) for Parameter 42 (torch.Size([1024, 512])), Block block_0 (torch.Size([1024, 512])).
I0316 10:11:26.101060 140616019150016 shampoo_preconditioner_list.py:352] Instantiated Adagrad Preconditioner 43.block_0 (torch.Size([0])) for Parameter 43 (torch.Size([1024, 256])), Block block_0 (torch.Size([1024, 256])).
I0316 10:11:26.101148 140616019150016 shampoo_preconditioner_list.py:352] Instantiated Adagrad Preconditioner 44.block_0 (torch.Size([1024])) for Parameter 44 (torch.Size([1024])), Block block_0 (torch.Size([1024])).
I0316 10:11:26.101220 140616019150016 shampoo_preconditioner_list.py:352] Instantiated Adagrad Preconditioner 45.block_0 (torch.Size([0])) for Parameter 45 (torch.Size([1024])), Block block_0 (torch.Size([1024])).
I0316 10:11:26.101280 140616019150016 shampoo_preconditioner_list.py:352] Instantiated Adagrad Preconditioner 46.block_0 (torch.Size([0])) for Parameter 46 (torch.Size([512])), Block block_0 (torch.Size([512])).
I0316 10:11:26.101377 140616019150016 shampoo_preconditioner_list.py:352] Instantiated Adagrad Preconditioner 47.block_0 (torch.Size([512])) for Parameter 47 (torch.Size([512])), Block block_0 (torch.Size([512])).
I0316 10:11:26.101461 140616019150016 shampoo_preconditioner_list.py:352] Instantiated Adagrad Preconditioner 48.block_0 (torch.Size([0])) for Parameter 48 (torch.Size([1024, 512])), Block block_0 (torch.Size([1024, 512])).
I0316 10:11:26.101521 140616019150016 shampoo_preconditioner_list.py:352] Instantiated Adagrad Preconditioner 49.block_0 (torch.Size([0])) for Parameter 49 (torch.Size([1024, 256])), Block block_0 (torch.Size([1024, 256])).
I0316 10:11:26.101628 140616019150016 shampoo_preconditioner_list.py:352] Instantiated Adagrad Preconditioner 50.block_0 (torch.Size([1024])) for Parameter 50 (torch.Size([1024])), Block block_0 (torch.Size([1024])).
I0316 10:11:26.101700 140616019150016 shampoo_preconditioner_list.py:352] Instantiated Adagrad Preconditioner 51.block_0 (torch.Size([0])) for Parameter 51 (torch.Size([1024])), Block block_0 (torch.Size([1024])).
I0316 10:11:26.101762 140616019150016 shampoo_preconditioner_list.py:352] Instantiated Adagrad Preconditioner 52.block_0 (torch.Size([0])) for Parameter 52 (torch.Size([1024, 512])), Block block_0 (torch.Size([1024, 512])).
I0316 10:11:26.101941 140270367569088 logger_utils.py:262] Unable to record workload.train_mean information. Continuing without it.
I0316 10:11:26.102017 140270367569088 logger_utils.py:262] Unable to record workload.train_stddev information. Continuing without it.
I0316 10:11:26.102205 140616019150016 shampoo_preconditioner_list.py:352] Instantiated Adagrad Preconditioner 53.block_0 (torch.Size([1024, 256])) for Parameter 53 (torch.Size([1024, 256])), Block block_0 (torch.Size([1024, 256])).
I0316 10:11:26.102356 140616019150016 shampoo_preconditioner_list.py:352] Instantiated Adagrad Preconditioner 54.block_0 (torch.Size([1024])) for Parameter 54 (torch.Size([1024])), Block block_0 (torch.Size([1024])).
I0316 10:11:26.102445 140616019150016 shampoo_preconditioner_list.py:352] Instantiated Adagrad Preconditioner 55.block_0 (torch.Size([0])) for Parameter 55 (torch.Size([1024])), Block block_0 (torch.Size([1024])).
I0316 10:11:26.102510 140616019150016 shampoo_preconditioner_list.py:352] Instantiated Adagrad Preconditioner 56.block_0 (torch.Size([0])) for Parameter 56 (torch.Size([512])), Block block_0 (torch.Size([512])).
I0316 10:11:26.102603 140616019150016 shampoo_preconditioner_list.py:352] Instantiated Adagrad Preconditioner 57.block_0 (torch.Size([512])) for Parameter 57 (torch.Size([512])), Block block_0 (torch.Size([512])).
I0316 10:11:26.102699 140616019150016 shampoo_preconditioner_list.py:352] Instantiated Adagrad Preconditioner 58.block_0 (torch.Size([1024, 512])) for Parameter 58 (torch.Size([1024, 512])), Block block_0 (torch.Size([1024, 512])).
I0316 10:11:26.102775 140616019150016 shampoo_preconditioner_list.py:352] Instantiated Adagrad Preconditioner 59.block_0 (torch.Size([0])) for Parameter 59 (torch.Size([1024, 256])), Block block_0 (torch.Size([1024, 256])).
I0316 10:11:26.102911 140616019150016 shampoo_preconditioner_list.py:352] Instantiated Adagrad Preconditioner 60.block_0 (torch.Size([1024])) for Parameter 60 (torch.Size([1024])), Block block_0 (torch.Size([1024])).
I0316 10:11:26.103018 140616019150016 shampoo_preconditioner_list.py:352] Instantiated Adagrad Preconditioner 61.block_0 (torch.Size([0])) for Parameter 61 (torch.Size([1024])), Block block_0 (torch.Size([1024])).
I0316 10:11:26.103087 140616019150016 shampoo_preconditioner_list.py:352] Instantiated Adagrad Preconditioner 62.block_0 (torch.Size([0])) for Parameter 62 (torch.Size([1024, 512])), Block block_0 (torch.Size([1024, 512])).
I0316 10:11:26.103155 140616019150016 shampoo_preconditioner_list.py:352] Instantiated Adagrad Preconditioner 63.block_0 (torch.Size([0])) for Parameter 63 (torch.Size([1024, 256])), Block block_0 (torch.Size([1024, 256])).
I0316 10:11:26.103253 140616019150016 shampoo_preconditioner_list.py:352] Instantiated Adagrad Preconditioner 64.block_0 (torch.Size([1024])) for Parameter 64 (torch.Size([1024])), Block block_0 (torch.Size([1024])).
I0316 10:11:26.103342 140616019150016 shampoo_preconditioner_list.py:352] Instantiated Adagrad Preconditioner 65.block_0 (torch.Size([0])) for Parameter 65 (torch.Size([1024])), Block block_0 (torch.Size([1024])).
I0316 10:11:26.103413 140616019150016 shampoo_preconditioner_list.py:352] Instantiated Adagrad Preconditioner 66.block_0 (torch.Size([0])) for Parameter 66 (torch.Size([512])), Block block_0 (torch.Size([512])).
I0316 10:11:26.103515 140616019150016 shampoo_preconditioner_list.py:352] Instantiated Adagrad Preconditioner 67.block_0 (torch.Size([512])) for Parameter 67 (torch.Size([512])), Block block_0 (torch.Size([512])).
I0316 10:11:26.103598 140616019150016 shampoo_preconditioner_list.py:352] Instantiated Adagrad Preconditioner 68.block_0 (torch.Size([0])) for Parameter 68 (torch.Size([512, 512])), Block block_0 (torch.Size([512, 512])).
I0316 10:11:26.103667 140616019150016 shampoo_preconditioner_list.py:352] Instantiated Adagrad Preconditioner 69.block_0 (torch.Size([0])) for Parameter 69 (torch.Size([512])), Block block_0 (torch.Size([512])).
I0316 10:11:26.103763 140616019150016 shampoo_preconditioner_list.py:352] Instantiated Adagrad Preconditioner 70.block_0 (torch.Size([512])) for Parameter 70 (torch.Size([512])), Block block_0 (torch.Size([512])).
I0316 10:11:26.103842 140616019150016 shampoo_preconditioner_list.py:352] Instantiated Adagrad Preconditioner 71.block_0 (torch.Size([0])) for Parameter 71 (torch.Size([512])), Block block_0 (torch.Size([512])).
I0316 10:11:26.103912 140616019150016 shampoo_preconditioner_list.py:352] Instantiated Adagrad Preconditioner 72.block_0 (torch.Size([0])) for Parameter 72 (torch.Size([512, 512])), Block block_0 (torch.Size([512, 512])).
I0316 10:11:26.104007 140616019150016 shampoo_preconditioner_list.py:352] Instantiated Adagrad Preconditioner 73.block_0 (torch.Size([512])) for Parameter 73 (torch.Size([512])), Block block_0 (torch.Size([512])).
I0316 10:11:26.104085 140616019150016 shampoo_preconditioner_list.py:352] Instantiated Adagrad Preconditioner 74.block_0 (torch.Size([0])) for Parameter 74 (torch.Size([512])), Block block_0 (torch.Size([512])).
I0316 10:11:26.104203 140616019150016 shampoo_preconditioner_list.py:352] Instantiated Adagrad Preconditioner 75.block_0 (torch.Size([512])) for Parameter 75 (torch.Size([512])), Block block_0 (torch.Size([512])).
I0316 10:11:26.104275 140616019150016 shampoo_preconditioner_list.py:352] Instantiated Adagrad Preconditioner 76.block_0 (torch.Size([0])) for Parameter 76 (torch.Size([512, 512])), Block block_0 (torch.Size([512, 512])).
I0316 10:11:26.104344 140616019150016 shampoo_preconditioner_list.py:352] Instantiated Adagrad Preconditioner 77.block_0 (torch.Size([0])) for Parameter 77 (torch.Size([512])), Block block_0 (torch.Size([512])).
I0316 10:11:26.104437 140616019150016 shampoo_preconditioner_list.py:352] Instantiated Adagrad Preconditioner 78.block_0 (torch.Size([512])) for Parameter 78 (torch.Size([512])), Block block_0 (torch.Size([512])).
I0316 10:11:26.104510 140616019150016 shampoo_preconditioner_list.py:352] Instantiated Adagrad Preconditioner 79.block_0 (torch.Size([0])) for Parameter 79 (torch.Size([512])), Block block_0 (torch.Size([512])).
I0316 10:11:26.104572 140616019150016 shampoo_preconditioner_list.py:352] Instantiated Adagrad Preconditioner 80.block_0 (torch.Size([0])) for Parameter 80 (torch.Size([1024, 512])), Block block_0 (torch.Size([1024, 512])).
I0316 10:11:26.104662 140616019150016 shampoo_preconditioner_list.py:352] Instantiated Adagrad Preconditioner 81.block_0 (torch.Size([1024])) for Parameter 81 (torch.Size([1024])), Block block_0 (torch.Size([1024])).
I0316 10:11:26.104803 140616019150016 shampoo_preconditioner_list.py:375] Rank 7: AdaGradPreconditionerList Numel Breakdown: (0, 0, 0, 0, 0, 0, 0, 0, 0, 0, 524288, 0, 0, 0, 512, 0, 512, 0, 0, 1024, 1024, 0, 0, 1024, 1024, 0, 512, 0, 0, 1024, 0, 524288, 0, 1024, 0, 0, 512, 0, 262144, 1024, 0, 0, 0, 1024, 0, 0, 512, 0, 0, 1024, 0, 0, 0, 1024, 0, 0, 512, 0, 0, 1024, 0, 0, 262144, 1024, 0, 0, 512, 524288, 0, 1024, 0, 0, 0, 1024, 0, 0, 512, 0, 0, 512, 0, 0, 512, 0, 512, 0, 0, 512, 0, 0, 1024)
I0316 10:11:26.104854 140616019150016 shampoo_preconditioner_list.py:378] Rank 7: AdaGradPreconditionerList Bytes Breakdown: (0, 0, 0, 0, 0, 0, 0, 0, 0, 0, 2097152, 0, 0, 0, 2048, 0, 2048, 0, 0, 4096, 4096, 0, 0, 4096, 4096, 0, 2048, 0, 0, 4096, 0, 2097152, 0, 4096, 0, 0, 2048, 0, 1048576, 4096, 0, 0, 0, 4096, 0, 0, 2048, 0, 0, 4096, 0, 0, 0, 4096, 0, 0, 2048, 0, 0, 4096, 0, 0, 1048576, 4096, 0, 0, 2048, 2097152, 0, 4096, 0, 0, 0, 4096, 0, 0, 2048, 0, 0, 2048, 0, 0, 2048, 0, 2048, 0, 0, 2048, 0, 0, 4096)
I0316 10:11:26.104892 140616019150016 shampoo_preconditioner_list.py:381] Rank 7: AdaGradPreconditionerList Total Elements: 2118656
I0316 10:11:26.104929 140616019150016 shampoo_preconditioner_list.py:384] Rank 7: AdaGradPreconditionerList Total Bytes: 8474624
I0316 10:11:26.108735 140616019150016 logger_utils.py:262] Unable to record workload.train_mean information. Continuing without it.
I0316 10:11:26.108813 140616019150016 logger_utils.py:262] Unable to record workload.train_stddev information. Continuing without it.
I0316 10:11:26.818426 139948197741760 submission_runner.py:325] Saving flags to /experiment_runs/submissions/rolling_leaderboard/external_tuning/shampoo/study_2/librispeech_deepspeech_pytorch/trial_2/flags_0.json.
I0316 10:11:26.834466 139948197741760 submission_runner.py:337] Starting training loop.
/usr/local/lib/python3.11/multiprocessing/popen_fork.py:66: RuntimeWarning: os.fork() was called. os.fork() is incompatible with multithreaded code, and JAX is multithreaded, so this will likely lead to a deadlock.
  self.pid = os.fork()
/usr/local/lib/python3.11/multiprocessing/popen_fork.py:66: RuntimeWarning: os.fork() was called. os.fork() is incompatible with multithreaded code, and JAX is multithreaded, so this will likely lead to a deadlock.
  self.pid = os.fork()
/usr/local/lib/python3.11/multiprocessing/popen_fork.py:66: RuntimeWarning: os.fork() was called. os.fork() is incompatible with multithreaded code, and JAX is multithreaded, so this will likely lead to a deadlock.
  self.pid = os.fork()
/usr/local/lib/python3.11/multiprocessing/popen_fork.py:66: RuntimeWarning: os.fork() was called. os.fork() is incompatible with multithreaded code, and JAX is multithreaded, so this will likely lead to a deadlock.
  self.pid = os.fork()
/usr/local/lib/python3.11/multiprocessing/popen_fork.py:66: RuntimeWarning: os.fork() was called. os.fork() is incompatible with multithreaded code, and JAX is multithreaded, so this will likely lead to a deadlock.
  self.pid = os.fork()
/usr/local/lib/python3.11/multiprocessing/popen_fork.py:66: RuntimeWarning: os.fork() was called. os.fork() is incompatible with multithreaded code, and JAX is multithreaded, so this will likely lead to a deadlock.
  self.pid = os.fork()
/usr/local/lib/python3.11/multiprocessing/popen_fork.py:66: RuntimeWarning: os.fork() was called. os.fork() is incompatible with multithreaded code, and JAX is multithreaded, so this will likely lead to a deadlock.
  self.pid = os.fork()
/usr/local/lib/python3.11/multiprocessing/popen_fork.py:66: RuntimeWarning: os.fork() was called. os.fork() is incompatible with multithreaded code, and JAX is multithreaded, so this will likely lead to a deadlock.
  self.pid = os.fork()
/algorithmic-efficiency/algoperf/workloads/librispeech_conformer/librispeech_pytorch/preprocessor.py:488: UserWarning: Specified kernel cache directory could not be created! This disables kernel caching. Specified directory is /root/.cache/torch/kernels. This warning will appear only once per process. (Triggered internally at ../aten/src/ATen/native/cuda/jit_utils.cpp:1442.)
  spectrum = torch.abs(spectrum)
/algorithmic-efficiency/algoperf/workloads/librispeech_conformer/librispeech_pytorch/preprocessor.py:488: UserWarning: Specified kernel cache directory could not be created! This disables kernel caching. Specified directory is /root/.cache/torch/kernels. This warning will appear only once per process. (Triggered internally at ../aten/src/ATen/native/cuda/jit_utils.cpp:1442.)
  spectrum = torch.abs(spectrum)
/algorithmic-efficiency/algoperf/workloads/librispeech_conformer/librispeech_pytorch/preprocessor.py:488: UserWarning: Specified kernel cache directory could not be created! This disables kernel caching. Specified directory is /root/.cache/torch/kernels. This warning will appear only once per process. (Triggered internally at ../aten/src/ATen/native/cuda/jit_utils.cpp:1442.)
  spectrum = torch.abs(spectrum)
/algorithmic-efficiency/algoperf/workloads/librispeech_conformer/librispeech_pytorch/preprocessor.py:488: UserWarning: Specified kernel cache directory could not be created! This disables kernel caching. Specified directory is /root/.cache/torch/kernels. This warning will appear only once per process. (Triggered internally at ../aten/src/ATen/native/cuda/jit_utils.cpp:1442.)
  spectrum = torch.abs(spectrum)
/algorithmic-efficiency/algoperf/workloads/librispeech_conformer/librispeech_pytorch/preprocessor.py:488: UserWarning: Specified kernel cache directory could not be created! This disables kernel caching. Specified directory is /root/.cache/torch/kernels. This warning will appear only once per process. (Triggered internally at ../aten/src/ATen/native/cuda/jit_utils.cpp:1442.)
  spectrum = torch.abs(spectrum)
/algorithmic-efficiency/algoperf/workloads/librispeech_conformer/librispeech_pytorch/preprocessor.py:488: UserWarning: Specified kernel cache directory could not be created! This disables kernel caching. Specified directory is /root/.cache/torch/kernels. This warning will appear only once per process. (Triggered internally at ../aten/src/ATen/native/cuda/jit_utils.cpp:1442.)
  spectrum = torch.abs(spectrum)
/algorithmic-efficiency/algoperf/workloads/librispeech_conformer/librispeech_pytorch/preprocessor.py:488: UserWarning: Specified kernel cache directory could not be created! This disables kernel caching. Specified directory is /root/.cache/torch/kernels. This warning will appear only once per process. (Triggered internally at ../aten/src/ATen/native/cuda/jit_utils.cpp:1442.)
  spectrum = torch.abs(spectrum)
I0316 10:13:03.475350 139930772698880 logging_writer.py:48] [0] global_step=0, grad_norm=24.521, loss=33.7812
I0316 10:13:03.743360 139948197741760 submission.py:265] 0) loss = 33.781, grad_norm = 24.521
I0316 10:13:04.220786 139948197741760 spec.py:321] Evaluating on the training split.
I0316 10:13:04.221906 139948197741760 input_pipeline.py:20] Loading split = train-clean-100
I0316 10:13:04.252087 139948197741760 input_pipeline.py:20] Loading split = train-clean-360
I0316 10:13:04.359209 139948197741760 input_pipeline.py:20] Loading split = train-other-500
/usr/local/lib/python3.11/multiprocessing/popen_fork.py:66: RuntimeWarning: os.fork() was called. os.fork() is incompatible with multithreaded code, and JAX is multithreaded, so this will likely lead to a deadlock.
  self.pid = os.fork()
/usr/local/lib/python3.11/multiprocessing/popen_fork.py:66: RuntimeWarning: os.fork() was called. os.fork() is incompatible with multithreaded code, and JAX is multithreaded, so this will likely lead to a deadlock.
  self.pid = os.fork()
/usr/local/lib/python3.11/multiprocessing/popen_fork.py:66: RuntimeWarning: os.fork() was called. os.fork() is incompatible with multithreaded code, and JAX is multithreaded, so this will likely lead to a deadlock.
  self.pid = os.fork()
/usr/local/lib/python3.11/multiprocessing/popen_fork.py:66: RuntimeWarning: os.fork() was called. os.fork() is incompatible with multithreaded code, and JAX is multithreaded, so this will likely lead to a deadlock.
  self.pid = os.fork()
/usr/local/lib/python3.11/multiprocessing/popen_fork.py:66: RuntimeWarning: os.fork() was called. os.fork() is incompatible with multithreaded code, and JAX is multithreaded, so this will likely lead to a deadlock.
  self.pid = os.fork()
/usr/local/lib/python3.11/multiprocessing/popen_fork.py:66: RuntimeWarning: os.fork() was called. os.fork() is incompatible with multithreaded code, and JAX is multithreaded, so this will likely lead to a deadlock.
  self.pid = os.fork()
/usr/local/lib/python3.11/multiprocessing/popen_fork.py:66: RuntimeWarning: os.fork() was called. os.fork() is incompatible with multithreaded code, and JAX is multithreaded, so this will likely lead to a deadlock.
  self.pid = os.fork()
/usr/local/lib/python3.11/multiprocessing/popen_fork.py:66: RuntimeWarning: os.fork() was called. os.fork() is incompatible with multithreaded code, and JAX is multithreaded, so this will likely lead to a deadlock.
  self.pid = os.fork()
I0316 10:13:41.914628 139948197741760 spec.py:333] Evaluating on the validation split.
I0316 10:13:41.915845 139948197741760 input_pipeline.py:20] Loading split = dev-clean
I0316 10:13:41.957605 139948197741760 input_pipeline.py:20] Loading split = dev-other
/usr/local/lib/python3.11/multiprocessing/popen_fork.py:66: RuntimeWarning: os.fork() was called. os.fork() is incompatible with multithreaded code, and JAX is multithreaded, so this will likely lead to a deadlock.
  self.pid = os.fork()
/usr/local/lib/python3.11/multiprocessing/popen_fork.py:66: RuntimeWarning: os.fork() was called. os.fork() is incompatible with multithreaded code, and JAX is multithreaded, so this will likely lead to a deadlock.
  self.pid = os.fork()
/usr/local/lib/python3.11/multiprocessing/popen_fork.py:66: RuntimeWarning: os.fork() was called. os.fork() is incompatible with multithreaded code, and JAX is multithreaded, so this will likely lead to a deadlock.
  self.pid = os.fork()
/usr/local/lib/python3.11/multiprocessing/popen_fork.py:66: RuntimeWarning: os.fork() was called. os.fork() is incompatible with multithreaded code, and JAX is multithreaded, so this will likely lead to a deadlock.
  self.pid = os.fork()
/usr/local/lib/python3.11/multiprocessing/popen_fork.py:66: RuntimeWarning: os.fork() was called. os.fork() is incompatible with multithreaded code, and JAX is multithreaded, so this will likely lead to a deadlock.
  self.pid = os.fork()
/usr/local/lib/python3.11/multiprocessing/popen_fork.py:66: RuntimeWarning: os.fork() was called. os.fork() is incompatible with multithreaded code, and JAX is multithreaded, so this will likely lead to a deadlock.
  self.pid = os.fork()
/usr/local/lib/python3.11/multiprocessing/popen_fork.py:66: RuntimeWarning: os.fork() was called. os.fork() is incompatible with multithreaded code, and JAX is multithreaded, so this will likely lead to a deadlock.
  self.pid = os.fork()
/usr/local/lib/python3.11/multiprocessing/popen_fork.py:66: RuntimeWarning: os.fork() was called. os.fork() is incompatible with multithreaded code, and JAX is multithreaded, so this will likely lead to a deadlock.
  self.pid = os.fork()
I0316 10:14:04.672855 139948197741760 spec.py:349] Evaluating on the test split.
I0316 10:14:04.674126 139948197741760 input_pipeline.py:20] Loading split = test-clean
I0316 10:14:17.145401 139948197741760 submission_runner.py:469] Time since start: 170.31s, 	Step: 1, 	{'train/ctc_loss': 31.760694615216185, 'train/wer': 4.628239866141307, 'validation/ctc_loss': 30.80876038326677, 'validation/wer': 4.272852797759861, 'validation/num_examples': 5348, 'test/ctc_loss': 30.904718518613574, 'test/wer': 4.480064184591636, 'test/num_examples': 2472, 'score': 96.91032910346985, 'total_duration': 170.3105800151825, 'accumulated_submission_time': 96.91032910346985, 'accumulated_eval_time': 72.92442274093628, 'accumulated_logging_time': 0}
I0316 10:14:17.161252 139929254340352 logging_writer.py:48] [1] accumulated_eval_time=72.9244, accumulated_logging_time=0, accumulated_submission_time=96.9103, global_step=1, preemption_count=0, score=96.9103, test/ctc_loss=30.9047, test/num_examples=2472, test/wer=4.48006, total_duration=170.311, train/ctc_loss=31.7607, train/wer=4.62824, validation/ctc_loss=30.8088, validation/num_examples=5348, validation/wer=4.27285
I0316 10:14:18.845856 139929245947648 logging_writer.py:48] [1] global_step=1, grad_norm=23.7932, loss=32.6194
I0316 10:14:18.849454 139948197741760 submission.py:265] 1) loss = 32.619, grad_norm = 23.793
I0316 10:14:19.718514 139929254340352 logging_writer.py:48] [2] global_step=2, grad_norm=26.632, loss=33.3752
I0316 10:14:19.722125 139948197741760 submission.py:265] 2) loss = 33.375, grad_norm = 26.632
I0316 10:14:20.585582 139929245947648 logging_writer.py:48] [3] global_step=3, grad_norm=27.9518, loss=32.8939
I0316 10:14:20.589039 139948197741760 submission.py:265] 3) loss = 32.894, grad_norm = 27.952
I0316 10:14:21.452761 139929254340352 logging_writer.py:48] [4] global_step=4, grad_norm=25.0483, loss=32.3666
I0316 10:14:21.456142 139948197741760 submission.py:265] 4) loss = 32.367, grad_norm = 25.048
I0316 10:14:22.313938 139929245947648 logging_writer.py:48] [5] global_step=5, grad_norm=31.0707, loss=32.5193
I0316 10:14:22.320960 139948197741760 submission.py:265] 5) loss = 32.519, grad_norm = 31.071
I0316 10:14:23.186309 139929254340352 logging_writer.py:48] [6] global_step=6, grad_norm=32.3265, loss=31.5155
I0316 10:14:23.189790 139948197741760 submission.py:265] 6) loss = 31.515, grad_norm = 32.326
I0316 10:14:24.056123 139929245947648 logging_writer.py:48] [7] global_step=7, grad_norm=34.9463, loss=31.1556
I0316 10:14:24.059642 139948197741760 submission.py:265] 7) loss = 31.156, grad_norm = 34.946
I0316 10:14:24.924602 139929254340352 logging_writer.py:48] [8] global_step=8, grad_norm=38.098, loss=31.1356
I0316 10:14:24.928377 139948197741760 submission.py:265] 8) loss = 31.136, grad_norm = 38.098
I0316 10:14:25.785279 139929245947648 logging_writer.py:48] [9] global_step=9, grad_norm=39.3372, loss=31.5096
I0316 10:14:25.788888 139948197741760 submission.py:265] 9) loss = 31.510, grad_norm = 39.337
I0316 10:14:26.653095 139929254340352 logging_writer.py:48] [10] global_step=10, grad_norm=39.3839, loss=30.4486
I0316 10:14:26.656947 139948197741760 submission.py:265] 10) loss = 30.449, grad_norm = 39.384
I0316 10:14:27.520099 139929245947648 logging_writer.py:48] [11] global_step=11, grad_norm=39.5866, loss=29.6499
I0316 10:14:27.523683 139948197741760 submission.py:265] 11) loss = 29.650, grad_norm = 39.587
I0316 10:14:28.382838 139929254340352 logging_writer.py:48] [12] global_step=12, grad_norm=39.473, loss=28.7352
I0316 10:14:28.386204 139948197741760 submission.py:265] 12) loss = 28.735, grad_norm = 39.473
I0316 10:14:29.249816 139929245947648 logging_writer.py:48] [13] global_step=13, grad_norm=38.4184, loss=27.6661
I0316 10:14:29.253070 139948197741760 submission.py:265] 13) loss = 27.666, grad_norm = 38.418
I0316 10:14:30.124533 139929254340352 logging_writer.py:48] [14] global_step=14, grad_norm=39.4415, loss=27.05
I0316 10:14:30.128025 139948197741760 submission.py:265] 14) loss = 27.050, grad_norm = 39.442
I0316 10:14:30.989710 139929245947648 logging_writer.py:48] [15] global_step=15, grad_norm=39.3284, loss=27.0252
I0316 10:14:30.993014 139948197741760 submission.py:265] 15) loss = 27.025, grad_norm = 39.328
I0316 10:14:31.856896 139929254340352 logging_writer.py:48] [16] global_step=16, grad_norm=38.787, loss=25.4805
I0316 10:14:31.860221 139948197741760 submission.py:265] 16) loss = 25.480, grad_norm = 38.787
I0316 10:14:32.717244 139929245947648 logging_writer.py:48] [17] global_step=17, grad_norm=40.5736, loss=25.0244
I0316 10:14:32.720638 139948197741760 submission.py:265] 17) loss = 25.024, grad_norm = 40.574
I0316 10:14:33.582945 139929254340352 logging_writer.py:48] [18] global_step=18, grad_norm=39.8718, loss=23.7185
I0316 10:14:33.586775 139948197741760 submission.py:265] 18) loss = 23.718, grad_norm = 39.872
I0316 10:14:34.776338 139929245947648 logging_writer.py:48] [19] global_step=19, grad_norm=40.94, loss=23.6159
I0316 10:14:34.779664 139948197741760 submission.py:265] 19) loss = 23.616, grad_norm = 40.940
I0316 10:14:36.625509 139929254340352 logging_writer.py:48] [20] global_step=20, grad_norm=37.4845, loss=21.998
I0316 10:14:36.629034 139948197741760 submission.py:265] 20) loss = 21.998, grad_norm = 37.485
I0316 10:14:37.567959 139929245947648 logging_writer.py:48] [21] global_step=21, grad_norm=38.1817, loss=21.2366
I0316 10:14:37.571319 139948197741760 submission.py:265] 21) loss = 21.237, grad_norm = 38.182
I0316 10:14:38.433386 139929254340352 logging_writer.py:48] [22] global_step=22, grad_norm=36.5666, loss=20.1652
I0316 10:14:38.437380 139948197741760 submission.py:265] 22) loss = 20.165, grad_norm = 36.567
I0316 10:14:39.688344 139929245947648 logging_writer.py:48] [23] global_step=23, grad_norm=36.5704, loss=20.2711
I0316 10:14:39.691825 139948197741760 submission.py:265] 23) loss = 20.271, grad_norm = 36.570
I0316 10:14:41.665414 139929254340352 logging_writer.py:48] [24] global_step=24, grad_norm=33.9539, loss=19.1009
I0316 10:14:41.669197 139948197741760 submission.py:265] 24) loss = 19.101, grad_norm = 33.954
I0316 10:14:42.530961 139929245947648 logging_writer.py:48] [25] global_step=25, grad_norm=32.9546, loss=18.2944
I0316 10:14:42.534765 139948197741760 submission.py:265] 25) loss = 18.294, grad_norm = 32.955
I0316 10:14:43.396490 139929254340352 logging_writer.py:48] [26] global_step=26, grad_norm=32.1271, loss=17.7441
I0316 10:14:43.400005 139948197741760 submission.py:265] 26) loss = 17.744, grad_norm = 32.127
I0316 10:14:44.758222 139929245947648 logging_writer.py:48] [27] global_step=27, grad_norm=29.5961, loss=16.5198
I0316 10:14:44.761395 139948197741760 submission.py:265] 27) loss = 16.520, grad_norm = 29.596
I0316 10:14:46.574688 139929254340352 logging_writer.py:48] [28] global_step=28, grad_norm=28.6185, loss=15.8606
I0316 10:14:46.577984 139948197741760 submission.py:265] 28) loss = 15.861, grad_norm = 28.618
I0316 10:14:47.578377 139929245947648 logging_writer.py:48] [29] global_step=29, grad_norm=25.1306, loss=14.8503
I0316 10:14:47.581714 139948197741760 submission.py:265] 29) loss = 14.850, grad_norm = 25.131
I0316 10:14:48.447349 139929254340352 logging_writer.py:48] [30] global_step=30, grad_norm=23.8356, loss=15.1149
I0316 10:14:48.450717 139948197741760 submission.py:265] 30) loss = 15.115, grad_norm = 23.836
I0316 10:14:49.797007 139929245947648 logging_writer.py:48] [31] global_step=31, grad_norm=23.0744, loss=14.6627
I0316 10:14:49.800501 139948197741760 submission.py:265] 31) loss = 14.663, grad_norm = 23.074
I0316 10:14:51.299111 139929254340352 logging_writer.py:48] [32] global_step=32, grad_norm=21.4543, loss=13.4056
I0316 10:14:51.302684 139948197741760 submission.py:265] 32) loss = 13.406, grad_norm = 21.454
I0316 10:14:52.578727 139929245947648 logging_writer.py:48] [33] global_step=33, grad_norm=19.0902, loss=13.238
I0316 10:14:52.582290 139948197741760 submission.py:265] 33) loss = 13.238, grad_norm = 19.090
I0316 10:14:53.445845 139929254340352 logging_writer.py:48] [34] global_step=34, grad_norm=19.056, loss=13.1053
I0316 10:14:53.449102 139948197741760 submission.py:265] 34) loss = 13.105, grad_norm = 19.056
I0316 10:14:55.072021 139929245947648 logging_writer.py:48] [35] global_step=35, grad_norm=16.1774, loss=12.4993
I0316 10:14:55.075462 139948197741760 submission.py:265] 35) loss = 12.499, grad_norm = 16.177
I0316 10:14:55.956887 139929254340352 logging_writer.py:48] [36] global_step=36, grad_norm=15.1855, loss=12.0161
I0316 10:14:55.960476 139948197741760 submission.py:265] 36) loss = 12.016, grad_norm = 15.186
I0316 10:14:57.940083 139929245947648 logging_writer.py:48] [37] global_step=37, grad_norm=13.9858, loss=11.5962
I0316 10:14:57.943396 139948197741760 submission.py:265] 37) loss = 11.596, grad_norm = 13.986
I0316 10:14:58.807193 139929254340352 logging_writer.py:48] [38] global_step=38, grad_norm=11.9306, loss=10.963
I0316 10:14:58.810541 139948197741760 submission.py:265] 38) loss = 10.963, grad_norm = 11.931
I0316 10:15:00.246803 139929245947648 logging_writer.py:48] [39] global_step=39, grad_norm=10.0737, loss=10.3552
I0316 10:15:00.250204 139948197741760 submission.py:265] 39) loss = 10.355, grad_norm = 10.074
I0316 10:15:01.293582 139929254340352 logging_writer.py:48] [40] global_step=40, grad_norm=10.0218, loss=10.7768
I0316 10:15:01.297096 139948197741760 submission.py:265] 40) loss = 10.777, grad_norm = 10.022
I0316 10:15:02.579220 139929245947648 logging_writer.py:48] [41] global_step=41, grad_norm=9.3487, loss=10.4091
I0316 10:15:02.582648 139948197741760 submission.py:265] 41) loss = 10.409, grad_norm = 9.349
I0316 10:15:03.439872 139929254340352 logging_writer.py:48] [42] global_step=42, grad_norm=9.09631, loss=10.5854
I0316 10:15:03.443531 139948197741760 submission.py:265] 42) loss = 10.585, grad_norm = 9.096
I0316 10:15:04.995820 139929245947648 logging_writer.py:48] [43] global_step=43, grad_norm=8.27118, loss=10.0308
I0316 10:15:04.999413 139948197741760 submission.py:265] 43) loss = 10.031, grad_norm = 8.271
I0316 10:15:06.097405 139929254340352 logging_writer.py:48] [44] global_step=44, grad_norm=7.62258, loss=9.91514
I0316 10:15:06.100674 139948197741760 submission.py:265] 44) loss = 9.915, grad_norm = 7.623
I0316 10:15:07.538564 139929245947648 logging_writer.py:48] [45] global_step=45, grad_norm=6.51215, loss=9.83348
I0316 10:15:07.541910 139948197741760 submission.py:265] 45) loss = 9.833, grad_norm = 6.512
I0316 10:15:08.401532 139929254340352 logging_writer.py:48] [46] global_step=46, grad_norm=6.98343, loss=9.82334
I0316 10:15:08.404911 139948197741760 submission.py:265] 46) loss = 9.823, grad_norm = 6.983
I0316 10:15:09.769917 139929245947648 logging_writer.py:48] [47] global_step=47, grad_norm=6.72473, loss=9.29473
I0316 10:15:09.773155 139948197741760 submission.py:265] 47) loss = 9.295, grad_norm = 6.725
I0316 10:15:11.324181 139929254340352 logging_writer.py:48] [48] global_step=48, grad_norm=5.81992, loss=9.29791
I0316 10:15:11.328572 139948197741760 submission.py:265] 48) loss = 9.298, grad_norm = 5.820
I0316 10:15:12.449193 139929245947648 logging_writer.py:48] [49] global_step=49, grad_norm=6.05809, loss=9.19186
I0316 10:15:12.452959 139948197741760 submission.py:265] 49) loss = 9.192, grad_norm = 6.058
I0316 10:15:13.320492 139929254340352 logging_writer.py:48] [50] global_step=50, grad_norm=5.30273, loss=8.93614
I0316 10:15:13.323791 139948197741760 submission.py:265] 50) loss = 8.936, grad_norm = 5.303
I0316 10:15:14.518952 139929245947648 logging_writer.py:48] [51] global_step=51, grad_norm=4.36038, loss=9.01815
I0316 10:15:14.522217 139948197741760 submission.py:265] 51) loss = 9.018, grad_norm = 4.360
I0316 10:15:16.365787 139929254340352 logging_writer.py:48] [52] global_step=52, grad_norm=5.56624, loss=9.20389
I0316 10:15:16.369177 139948197741760 submission.py:265] 52) loss = 9.204, grad_norm = 5.566
I0316 10:15:17.336236 139929245947648 logging_writer.py:48] [53] global_step=53, grad_norm=5.27405, loss=8.88736
I0316 10:15:17.340040 139948197741760 submission.py:265] 53) loss = 8.887, grad_norm = 5.274
I0316 10:15:18.198619 139929254340352 logging_writer.py:48] [54] global_step=54, grad_norm=6.07195, loss=9.12175
I0316 10:15:18.202103 139948197741760 submission.py:265] 54) loss = 9.122, grad_norm = 6.072
I0316 10:15:19.314907 139929245947648 logging_writer.py:48] [55] global_step=55, grad_norm=5.63971, loss=8.86932
I0316 10:15:19.318562 139948197741760 submission.py:265] 55) loss = 8.869, grad_norm = 5.640
I0316 10:15:21.742283 139929254340352 logging_writer.py:48] [56] global_step=56, grad_norm=4.58352, loss=8.54318
I0316 10:15:21.745938 139948197741760 submission.py:265] 56) loss = 8.543, grad_norm = 4.584
I0316 10:15:22.611765 139929245947648 logging_writer.py:48] [57] global_step=57, grad_norm=4.17927, loss=8.46301
I0316 10:15:22.614945 139948197741760 submission.py:265] 57) loss = 8.463, grad_norm = 4.179
I0316 10:15:23.473918 139929254340352 logging_writer.py:48] [58] global_step=58, grad_norm=3.98661, loss=8.45083
I0316 10:15:23.477630 139948197741760 submission.py:265] 58) loss = 8.451, grad_norm = 3.987
I0316 10:15:24.339065 139929245947648 logging_writer.py:48] [59] global_step=59, grad_norm=4.69804, loss=8.57403
I0316 10:15:24.342213 139948197741760 submission.py:265] 59) loss = 8.574, grad_norm = 4.698
I0316 10:15:26.546784 139929254340352 logging_writer.py:48] [60] global_step=60, grad_norm=4.10908, loss=8.38736
I0316 10:15:26.549977 139948197741760 submission.py:265] 60) loss = 8.387, grad_norm = 4.109
I0316 10:15:27.412324 139929245947648 logging_writer.py:48] [61] global_step=61, grad_norm=3.75631, loss=8.03587
I0316 10:15:27.415995 139948197741760 submission.py:265] 61) loss = 8.036, grad_norm = 3.756
I0316 10:15:28.282503 139929254340352 logging_writer.py:48] [62] global_step=62, grad_norm=3.84364, loss=8.15256
I0316 10:15:28.286082 139948197741760 submission.py:265] 62) loss = 8.153, grad_norm = 3.844
I0316 10:15:29.147279 139929245947648 logging_writer.py:48] [63] global_step=63, grad_norm=4.06728, loss=7.93703
I0316 10:15:29.150706 139948197741760 submission.py:265] 63) loss = 7.937, grad_norm = 4.067
I0316 10:15:31.521000 139929254340352 logging_writer.py:48] [64] global_step=64, grad_norm=3.50306, loss=7.9044
I0316 10:15:31.524563 139948197741760 submission.py:265] 64) loss = 7.904, grad_norm = 3.503
I0316 10:15:32.388473 139929245947648 logging_writer.py:48] [65] global_step=65, grad_norm=4.38728, loss=8.07631
I0316 10:15:32.391880 139948197741760 submission.py:265] 65) loss = 8.076, grad_norm = 4.387
I0316 10:15:33.252287 139929254340352 logging_writer.py:48] [66] global_step=66, grad_norm=2.76201, loss=7.65451
I0316 10:15:33.255832 139948197741760 submission.py:265] 66) loss = 7.655, grad_norm = 2.762
I0316 10:15:34.117861 139929245947648 logging_writer.py:48] [67] global_step=67, grad_norm=3.14893, loss=7.66657
I0316 10:15:34.121205 139948197741760 submission.py:265] 67) loss = 7.667, grad_norm = 3.149
I0316 10:15:36.043340 139929254340352 logging_writer.py:48] [68] global_step=68, grad_norm=2.89431, loss=7.62707
I0316 10:15:36.046796 139948197741760 submission.py:265] 68) loss = 7.627, grad_norm = 2.894
I0316 10:15:36.958455 139929245947648 logging_writer.py:48] [69] global_step=69, grad_norm=3.21284, loss=7.57226
I0316 10:15:36.961756 139948197741760 submission.py:265] 69) loss = 7.572, grad_norm = 3.213
I0316 10:15:37.822925 139929254340352 logging_writer.py:48] [70] global_step=70, grad_norm=3.0306, loss=7.66264
I0316 10:15:37.826455 139948197741760 submission.py:265] 70) loss = 7.663, grad_norm = 3.031
I0316 10:15:38.764716 139929245947648 logging_writer.py:48] [71] global_step=71, grad_norm=2.49165, loss=7.31318
I0316 10:15:38.768159 139948197741760 submission.py:265] 71) loss = 7.313, grad_norm = 2.492
I0316 10:15:40.989185 139929254340352 logging_writer.py:48] [72] global_step=72, grad_norm=2.71939, loss=7.64422
I0316 10:15:40.992558 139948197741760 submission.py:265] 72) loss = 7.644, grad_norm = 2.719
I0316 10:15:41.857471 139929245947648 logging_writer.py:48] [73] global_step=73, grad_norm=2.33296, loss=7.28519
I0316 10:15:41.861011 139948197741760 submission.py:265] 73) loss = 7.285, grad_norm = 2.333
I0316 10:15:42.737102 139929254340352 logging_writer.py:48] [74] global_step=74, grad_norm=2.35881, loss=7.408
I0316 10:15:42.740628 139948197741760 submission.py:265] 74) loss = 7.408, grad_norm = 2.359
I0316 10:15:43.650572 139929245947648 logging_writer.py:48] [75] global_step=75, grad_norm=2.20108, loss=7.2788
I0316 10:15:43.653784 139948197741760 submission.py:265] 75) loss = 7.279, grad_norm = 2.201
I0316 10:15:45.962124 139929254340352 logging_writer.py:48] [76] global_step=76, grad_norm=2.29777, loss=7.23096
I0316 10:15:45.965402 139948197741760 submission.py:265] 76) loss = 7.231, grad_norm = 2.298
I0316 10:15:46.829063 139929245947648 logging_writer.py:48] [77] global_step=77, grad_norm=2.60591, loss=7.22702
I0316 10:15:46.832552 139948197741760 submission.py:265] 77) loss = 7.227, grad_norm = 2.606
I0316 10:15:47.696451 139929254340352 logging_writer.py:48] [78] global_step=78, grad_norm=1.93885, loss=7.13724
I0316 10:15:47.700059 139948197741760 submission.py:265] 78) loss = 7.137, grad_norm = 1.939
I0316 10:15:48.873304 139929245947648 logging_writer.py:48] [79] global_step=79, grad_norm=3.11312, loss=7.16935
I0316 10:15:48.876895 139948197741760 submission.py:265] 79) loss = 7.169, grad_norm = 3.113
I0316 10:15:50.830045 139929254340352 logging_writer.py:48] [80] global_step=80, grad_norm=2.69908, loss=7.12447
I0316 10:15:50.833687 139948197741760 submission.py:265] 80) loss = 7.124, grad_norm = 2.699
I0316 10:15:51.697858 139929245947648 logging_writer.py:48] [81] global_step=81, grad_norm=4.33494, loss=7.04096
I0316 10:15:51.701422 139948197741760 submission.py:265] 81) loss = 7.041, grad_norm = 4.335
I0316 10:15:52.560801 139929254340352 logging_writer.py:48] [82] global_step=82, grad_norm=2.51271, loss=7.07226
I0316 10:15:52.564237 139948197741760 submission.py:265] 82) loss = 7.072, grad_norm = 2.513
I0316 10:15:53.427448 139929245947648 logging_writer.py:48] [83] global_step=83, grad_norm=2.03967, loss=7.04994
I0316 10:15:53.430783 139948197741760 submission.py:265] 83) loss = 7.050, grad_norm = 2.040
I0316 10:15:55.775309 139929254340352 logging_writer.py:48] [84] global_step=84, grad_norm=2.06708, loss=7.0111
I0316 10:15:55.779209 139948197741760 submission.py:265] 84) loss = 7.011, grad_norm = 2.067
I0316 10:15:56.642429 139929245947648 logging_writer.py:48] [85] global_step=85, grad_norm=2.3335, loss=6.9539
I0316 10:15:56.645674 139948197741760 submission.py:265] 85) loss = 6.954, grad_norm = 2.333
I0316 10:15:57.512057 139929254340352 logging_writer.py:48] [86] global_step=86, grad_norm=2.60683, loss=6.91785
I0316 10:15:57.515239 139948197741760 submission.py:265] 86) loss = 6.918, grad_norm = 2.607
I0316 10:15:58.553930 139929245947648 logging_writer.py:48] [87] global_step=87, grad_norm=2.21893, loss=6.91528
I0316 10:15:58.557265 139948197741760 submission.py:265] 87) loss = 6.915, grad_norm = 2.219
I0316 10:16:00.509560 139929254340352 logging_writer.py:48] [88] global_step=88, grad_norm=2.52497, loss=6.78753
I0316 10:16:00.513004 139948197741760 submission.py:265] 88) loss = 6.788, grad_norm = 2.525
I0316 10:16:01.371091 139929245947648 logging_writer.py:48] [89] global_step=89, grad_norm=2.39868, loss=6.87558
I0316 10:16:01.374685 139948197741760 submission.py:265] 89) loss = 6.876, grad_norm = 2.399
I0316 10:16:02.279318 139929254340352 logging_writer.py:48] [90] global_step=90, grad_norm=2.1593, loss=6.98451
I0316 10:16:02.282623 139948197741760 submission.py:265] 90) loss = 6.985, grad_norm = 2.159
I0316 10:16:03.532629 139929245947648 logging_writer.py:48] [91] global_step=91, grad_norm=2.02225, loss=6.78131
I0316 10:16:03.536200 139948197741760 submission.py:265] 91) loss = 6.781, grad_norm = 2.022
I0316 10:16:05.002433 139929254340352 logging_writer.py:48] [92] global_step=92, grad_norm=2.16799, loss=6.76822
I0316 10:16:05.006311 139948197741760 submission.py:265] 92) loss = 6.768, grad_norm = 2.168
I0316 10:16:05.890806 139929245947648 logging_writer.py:48] [93] global_step=93, grad_norm=1.7805, loss=6.7916
I0316 10:16:05.894659 139948197741760 submission.py:265] 93) loss = 6.792, grad_norm = 1.780
I0316 10:16:06.756060 139929254340352 logging_writer.py:48] [94] global_step=94, grad_norm=1.36702, loss=6.64844
I0316 10:16:06.759450 139948197741760 submission.py:265] 94) loss = 6.648, grad_norm = 1.367
