I0316 10:17:47.371036 140015294502080 shampoo_preconditioner_list.py:352] Instantiated Adagrad Preconditioner 53.block_0 (torch.Size([1024, 256])) for Parameter 53 (torch.Size([1024, 256])), Block block_0 (torch.Size([1024, 256])).
I0316 10:17:47.371063 140055525385408 shampoo_preconditioner_list.py:352] Instantiated Adagrad Preconditioner 42.block_0 (torch.Size([0])) for Parameter 42 (torch.Size([1024, 512])), Block block_0 (torch.Size([1024, 512])).
I0316 10:17:47.371128 140055525385408 shampoo_preconditioner_list.py:352] Instantiated Adagrad Preconditioner 43.block_0 (torch.Size([0])) for Parameter 43 (torch.Size([1024, 256])), Block block_0 (torch.Size([1024, 256])).
I0316 10:17:47.371165 140015294502080 shampoo_preconditioner_list.py:352] Instantiated Adagrad Preconditioner 54.block_0 (torch.Size([1024])) for Parameter 54 (torch.Size([1024])), Block block_0 (torch.Size([1024])).
I0316 10:17:47.371188 140055525385408 shampoo_preconditioner_list.py:352] Instantiated Adagrad Preconditioner 44.block_0 (torch.Size([0])) for Parameter 44 (torch.Size([1024])), Block block_0 (torch.Size([1024])).
I0316 10:17:47.371254 140015294502080 shampoo_preconditioner_list.py:352] Instantiated Adagrad Preconditioner 55.block_0 (torch.Size([0])) for Parameter 55 (torch.Size([1024])), Block block_0 (torch.Size([1024])).
I0316 10:17:47.371272 140055525385408 shampoo_preconditioner_list.py:352] Instantiated Adagrad Preconditioner 45.block_0 (torch.Size([1024])) for Parameter 45 (torch.Size([1024])), Block block_0 (torch.Size([1024])).
I0316 10:17:47.371312 140015294502080 shampoo_preconditioner_list.py:352] Instantiated Adagrad Preconditioner 56.block_0 (torch.Size([0])) for Parameter 56 (torch.Size([512])), Block block_0 (torch.Size([512])).
I0316 10:17:47.371361 140055525385408 shampoo_preconditioner_list.py:352] Instantiated Adagrad Preconditioner 46.block_0 (torch.Size([512])) for Parameter 46 (torch.Size([512])), Block block_0 (torch.Size([512])).
I0316 10:17:47.371412 140015294502080 shampoo_preconditioner_list.py:352] Instantiated Adagrad Preconditioner 57.block_0 (torch.Size([512])) for Parameter 57 (torch.Size([512])), Block block_0 (torch.Size([512])).
I0316 10:17:47.371432 140055525385408 shampoo_preconditioner_list.py:352] Instantiated Adagrad Preconditioner 47.block_0 (torch.Size([0])) for Parameter 47 (torch.Size([512])), Block block_0 (torch.Size([512])).
I0316 10:17:47.371502 140015294502080 shampoo_preconditioner_list.py:352] Instantiated Adagrad Preconditioner 58.block_0 (torch.Size([1024, 512])) for Parameter 58 (torch.Size([1024, 512])), Block block_0 (torch.Size([1024, 512])).
I0316 10:17:47.371507 140055525385408 shampoo_preconditioner_list.py:352] Instantiated Adagrad Preconditioner 48.block_0 (torch.Size([0])) for Parameter 48 (torch.Size([1024, 512])), Block block_0 (torch.Size([1024, 512])).
I0316 10:17:47.371573 140015294502080 shampoo_preconditioner_list.py:352] Instantiated Adagrad Preconditioner 59.block_0 (torch.Size([0])) for Parameter 59 (torch.Size([1024, 256])), Block block_0 (torch.Size([1024, 256])).
I0316 10:17:47.371656 140015294502080 shampoo_preconditioner_list.py:352] Instantiated Adagrad Preconditioner 60.block_0 (torch.Size([1024])) for Parameter 60 (torch.Size([1024])), Block block_0 (torch.Size([1024])).
I0316 10:17:47.371725 140015294502080 shampoo_preconditioner_list.py:352] Instantiated Adagrad Preconditioner 61.block_0 (torch.Size([0])) for Parameter 61 (torch.Size([1024])), Block block_0 (torch.Size([1024])).
I0316 10:17:47.371812 140015294502080 shampoo_preconditioner_list.py:352] Instantiated Adagrad Preconditioner 62.block_0 (torch.Size([0])) for Parameter 62 (torch.Size([1024, 512])), Block block_0 (torch.Size([1024, 512])).
I0316 10:17:47.371876 140015294502080 shampoo_preconditioner_list.py:352] Instantiated Adagrad Preconditioner 63.block_0 (torch.Size([0])) for Parameter 63 (torch.Size([1024, 256])), Block block_0 (torch.Size([1024, 256])).
I0316 10:17:47.371990 140015294502080 shampoo_preconditioner_list.py:352] Instantiated Adagrad Preconditioner 64.block_0 (torch.Size([1024])) for Parameter 64 (torch.Size([1024])), Block block_0 (torch.Size([1024])).
I0316 10:17:47.371996 140055525385408 shampoo_preconditioner_list.py:352] Instantiated Adagrad Preconditioner 49.block_0 (torch.Size([1024, 256])) for Parameter 49 (torch.Size([1024, 256])), Block block_0 (torch.Size([1024, 256])).
I0316 10:17:47.372076 140015294502080 shampoo_preconditioner_list.py:352] Instantiated Adagrad Preconditioner 65.block_0 (torch.Size([0])) for Parameter 65 (torch.Size([1024])), Block block_0 (torch.Size([1024])).
I0316 10:17:47.372096 140055525385408 shampoo_preconditioner_list.py:352] Instantiated Adagrad Preconditioner 50.block_0 (torch.Size([0])) for Parameter 50 (torch.Size([1024])), Block block_0 (torch.Size([1024])).
I0316 10:17:47.372137 140015294502080 shampoo_preconditioner_list.py:352] Instantiated Adagrad Preconditioner 66.block_0 (torch.Size([0])) for Parameter 66 (torch.Size([512])), Block block_0 (torch.Size([512])).
I0316 10:17:47.372189 140055525385408 shampoo_preconditioner_list.py:352] Instantiated Adagrad Preconditioner 51.block_0 (torch.Size([1024])) for Parameter 51 (torch.Size([1024])), Block block_0 (torch.Size([1024])).
I0316 10:17:47.372225 140015294502080 shampoo_preconditioner_list.py:352] Instantiated Adagrad Preconditioner 67.block_0 (torch.Size([512])) for Parameter 67 (torch.Size([512])), Block block_0 (torch.Size([512])).
I0316 10:17:47.372274 140055525385408 shampoo_preconditioner_list.py:352] Instantiated Adagrad Preconditioner 52.block_0 (torch.Size([1024, 512])) for Parameter 52 (torch.Size([1024, 512])), Block block_0 (torch.Size([1024, 512])).
I0316 10:17:47.372297 140015294502080 shampoo_preconditioner_list.py:352] Instantiated Adagrad Preconditioner 68.block_0 (torch.Size([0])) for Parameter 68 (torch.Size([512, 512])), Block block_0 (torch.Size([512, 512])).
I0316 10:17:47.372343 140055525385408 shampoo_preconditioner_list.py:352] Instantiated Adagrad Preconditioner 53.block_0 (torch.Size([0])) for Parameter 53 (torch.Size([1024, 256])), Block block_0 (torch.Size([1024, 256])).
I0316 10:17:47.372376 140015294502080 shampoo_preconditioner_list.py:352] Instantiated Adagrad Preconditioner 69.block_0 (torch.Size([0])) for Parameter 69 (torch.Size([512])), Block block_0 (torch.Size([512])).
I0316 10:17:47.372402 140055525385408 shampoo_preconditioner_list.py:352] Instantiated Adagrad Preconditioner 54.block_0 (torch.Size([0])) for Parameter 54 (torch.Size([1024])), Block block_0 (torch.Size([1024])).
I0316 10:17:47.372476 140055525385408 shampoo_preconditioner_list.py:352] Instantiated Adagrad Preconditioner 55.block_0 (torch.Size([1024])) for Parameter 55 (torch.Size([1024])), Block block_0 (torch.Size([1024])).
I0316 10:17:47.372487 140015294502080 shampoo_preconditioner_list.py:352] Instantiated Adagrad Preconditioner 70.block_0 (torch.Size([512])) for Parameter 70 (torch.Size([512])), Block block_0 (torch.Size([512])).
I0316 10:17:47.372545 140015294502080 shampoo_preconditioner_list.py:352] Instantiated Adagrad Preconditioner 71.block_0 (torch.Size([0])) for Parameter 71 (torch.Size([512])), Block block_0 (torch.Size([512])).
I0316 10:17:47.372558 140055525385408 shampoo_preconditioner_list.py:352] Instantiated Adagrad Preconditioner 56.block_0 (torch.Size([512])) for Parameter 56 (torch.Size([512])), Block block_0 (torch.Size([512])).
I0316 10:17:47.372603 140015294502080 shampoo_preconditioner_list.py:352] Instantiated Adagrad Preconditioner 72.block_0 (torch.Size([0])) for Parameter 72 (torch.Size([512, 512])), Block block_0 (torch.Size([512, 512])).
I0316 10:17:47.372617 140055525385408 shampoo_preconditioner_list.py:352] Instantiated Adagrad Preconditioner 57.block_0 (torch.Size([0])) for Parameter 57 (torch.Size([512])), Block block_0 (torch.Size([512])).
I0316 10:17:47.372682 140015294502080 shampoo_preconditioner_list.py:352] Instantiated Adagrad Preconditioner 73.block_0 (torch.Size([512])) for Parameter 73 (torch.Size([512])), Block block_0 (torch.Size([512])).
I0316 10:17:47.372703 140055525385408 shampoo_preconditioner_list.py:352] Instantiated Adagrad Preconditioner 58.block_0 (torch.Size([0])) for Parameter 58 (torch.Size([1024, 512])), Block block_0 (torch.Size([1024, 512])).
I0316 10:17:47.372748 140015294502080 shampoo_preconditioner_list.py:352] Instantiated Adagrad Preconditioner 74.block_0 (torch.Size([0])) for Parameter 74 (torch.Size([512])), Block block_0 (torch.Size([512])).
I0316 10:17:47.372752 140055525385408 shampoo_preconditioner_list.py:352] Instantiated Adagrad Preconditioner 59.block_0 (torch.Size([0])) for Parameter 59 (torch.Size([1024, 256])), Block block_0 (torch.Size([1024, 256])).
I0316 10:17:47.372798 140055525385408 shampoo_preconditioner_list.py:352] Instantiated Adagrad Preconditioner 60.block_0 (torch.Size([0])) for Parameter 60 (torch.Size([1024])), Block block_0 (torch.Size([1024])).
I0316 10:17:47.372826 140015294502080 shampoo_preconditioner_list.py:352] Instantiated Adagrad Preconditioner 75.block_0 (torch.Size([512])) for Parameter 75 (torch.Size([512])), Block block_0 (torch.Size([512])).
I0316 10:17:47.372886 140055525385408 shampoo_preconditioner_list.py:352] Instantiated Adagrad Preconditioner 61.block_0 (torch.Size([1024])) for Parameter 61 (torch.Size([1024])), Block block_0 (torch.Size([1024])).
I0316 10:17:47.372901 140015294502080 shampoo_preconditioner_list.py:352] Instantiated Adagrad Preconditioner 76.block_0 (torch.Size([0])) for Parameter 76 (torch.Size([512, 512])), Block block_0 (torch.Size([512, 512])).
I0316 10:17:47.372954 140015294502080 shampoo_preconditioner_list.py:352] Instantiated Adagrad Preconditioner 77.block_0 (torch.Size([0])) for Parameter 77 (torch.Size([512])), Block block_0 (torch.Size([512])).
I0316 10:17:47.372955 140055525385408 shampoo_preconditioner_list.py:352] Instantiated Adagrad Preconditioner 62.block_0 (torch.Size([0])) for Parameter 62 (torch.Size([1024, 512])), Block block_0 (torch.Size([1024, 512])).
I0316 10:17:47.373003 140055525385408 shampoo_preconditioner_list.py:352] Instantiated Adagrad Preconditioner 63.block_0 (torch.Size([0])) for Parameter 63 (torch.Size([1024, 256])), Block block_0 (torch.Size([1024, 256])).
I0316 10:17:47.373029 140015294502080 shampoo_preconditioner_list.py:352] Instantiated Adagrad Preconditioner 78.block_0 (torch.Size([512])) for Parameter 78 (torch.Size([512])), Block block_0 (torch.Size([512])).
I0316 10:17:47.373057 140055525385408 shampoo_preconditioner_list.py:352] Instantiated Adagrad Preconditioner 64.block_0 (torch.Size([0])) for Parameter 64 (torch.Size([1024])), Block block_0 (torch.Size([1024])).
I0316 10:17:47.373090 140015294502080 shampoo_preconditioner_list.py:352] Instantiated Adagrad Preconditioner 79.block_0 (torch.Size([0])) for Parameter 79 (torch.Size([512])), Block block_0 (torch.Size([512])).
I0316 10:17:47.373143 140015294502080 shampoo_preconditioner_list.py:352] Instantiated Adagrad Preconditioner 80.block_0 (torch.Size([0])) for Parameter 80 (torch.Size([1024, 512])), Block block_0 (torch.Size([1024, 512])).
I0316 10:17:47.373150 140055525385408 shampoo_preconditioner_list.py:352] Instantiated Adagrad Preconditioner 65.block_0 (torch.Size([1024])) for Parameter 65 (torch.Size([1024])), Block block_0 (torch.Size([1024])).
I0316 10:17:47.373216 140015294502080 shampoo_preconditioner_list.py:352] Instantiated Adagrad Preconditioner 81.block_0 (torch.Size([1024])) for Parameter 81 (torch.Size([1024])), Block block_0 (torch.Size([1024])).
I0316 10:17:47.373225 140055525385408 shampoo_preconditioner_list.py:352] Instantiated Adagrad Preconditioner 66.block_0 (torch.Size([512])) for Parameter 66 (torch.Size([512])), Block block_0 (torch.Size([512])).
I0316 10:17:47.373284 140055525385408 shampoo_preconditioner_list.py:352] Instantiated Adagrad Preconditioner 67.block_0 (torch.Size([0])) for Parameter 67 (torch.Size([512])), Block block_0 (torch.Size([512])).
I0316 10:17:47.373344 140055525385408 shampoo_preconditioner_list.py:352] Instantiated Adagrad Preconditioner 68.block_0 (torch.Size([0])) for Parameter 68 (torch.Size([512, 512])), Block block_0 (torch.Size([512, 512])).
I0316 10:17:47.373350 140015294502080 shampoo_preconditioner_list.py:375] Rank 7: AdaGradPreconditionerList Numel Breakdown: (0, 0, 0, 0, 0, 0, 0, 0, 0, 0, 524288, 0, 0, 0, 512, 0, 512, 0, 0, 1024, 1024, 0, 0, 1024, 1024, 0, 512, 0, 0, 1024, 0, 524288, 0, 1024, 0, 0, 512, 0, 262144, 1024, 0, 0, 0, 1024, 0, 0, 512, 0, 0, 1024, 0, 0, 0, 1024, 0, 0, 512, 0, 0, 1024, 0, 0, 262144, 1024, 0, 0, 512, 524288, 0, 1024, 0, 0, 0, 1024, 0, 0, 512, 0, 0, 512, 0, 0, 512, 0, 512, 0, 0, 512, 0, 0, 1024)
I0316 10:17:47.373391 140015294502080 shampoo_preconditioner_list.py:378] Rank 7: AdaGradPreconditionerList Bytes Breakdown: (0, 0, 0, 0, 0, 0, 0, 0, 0, 0, 2097152, 0, 0, 0, 2048, 0, 2048, 0, 0, 4096, 4096, 0, 0, 4096, 4096, 0, 2048, 0, 0, 4096, 0, 2097152, 0, 4096, 0, 0, 2048, 0, 1048576, 4096, 0, 0, 0, 4096, 0, 0, 2048, 0, 0, 4096, 0, 0, 0, 4096, 0, 0, 2048, 0, 0, 4096, 0, 0, 1048576, 4096, 0, 0, 2048, 2097152, 0, 4096, 0, 0, 0, 4096, 0, 0, 2048, 0, 0, 2048, 0, 0, 2048, 0, 2048, 0, 0, 2048, 0, 0, 4096)
I0316 10:17:47.373428 140015294502080 shampoo_preconditioner_list.py:381] Rank 7: AdaGradPreconditionerList Total Elements: 2118656
I0316 10:17:47.373422 140055525385408 shampoo_preconditioner_list.py:352] Instantiated Adagrad Preconditioner 69.block_0 (torch.Size([512])) for Parameter 69 (torch.Size([512])), Block block_0 (torch.Size([512])).
I0316 10:17:47.373463 140015294502080 shampoo_preconditioner_list.py:384] Rank 7: AdaGradPreconditionerList Total Bytes: 8474624
I0316 10:17:47.373479 140055525385408 shampoo_preconditioner_list.py:352] Instantiated Adagrad Preconditioner 70.block_0 (torch.Size([0])) for Parameter 70 (torch.Size([512])), Block block_0 (torch.Size([512])).
I0316 10:17:47.373625 140055525385408 shampoo_preconditioner_list.py:352] Instantiated Adagrad Preconditioner 71.block_0 (torch.Size([512])) for Parameter 71 (torch.Size([512])), Block block_0 (torch.Size([512])).
I0316 10:17:47.373701 140055525385408 shampoo_preconditioner_list.py:352] Instantiated Adagrad Preconditioner 72.block_0 (torch.Size([0])) for Parameter 72 (torch.Size([512, 512])), Block block_0 (torch.Size([512, 512])).
I0316 10:17:47.373764 140055525385408 shampoo_preconditioner_list.py:352] Instantiated Adagrad Preconditioner 73.block_0 (torch.Size([0])) for Parameter 73 (torch.Size([512])), Block block_0 (torch.Size([512])).
I0316 10:17:47.373849 140055525385408 shampoo_preconditioner_list.py:352] Instantiated Adagrad Preconditioner 74.block_0 (torch.Size([512])) for Parameter 74 (torch.Size([512])), Block block_0 (torch.Size([512])).
I0316 10:17:47.373921 140055525385408 shampoo_preconditioner_list.py:352] Instantiated Adagrad Preconditioner 75.block_0 (torch.Size([0])) for Parameter 75 (torch.Size([512])), Block block_0 (torch.Size([512])).
I0316 10:17:47.373983 140055525385408 shampoo_preconditioner_list.py:352] Instantiated Adagrad Preconditioner 76.block_0 (torch.Size([0])) for Parameter 76 (torch.Size([512, 512])), Block block_0 (torch.Size([512, 512])).
I0316 10:17:47.374067 140055525385408 shampoo_preconditioner_list.py:352] Instantiated Adagrad Preconditioner 77.block_0 (torch.Size([512])) for Parameter 77 (torch.Size([512])), Block block_0 (torch.Size([512])).
I0316 10:17:47.374148 140055525385408 shampoo_preconditioner_list.py:352] Instantiated Adagrad Preconditioner 78.block_0 (torch.Size([0])) for Parameter 78 (torch.Size([512])), Block block_0 (torch.Size([512])).
I0316 10:17:47.374236 140055525385408 shampoo_preconditioner_list.py:352] Instantiated Adagrad Preconditioner 79.block_0 (torch.Size([512])) for Parameter 79 (torch.Size([512])), Block block_0 (torch.Size([512])).
I0316 10:17:47.374307 140055525385408 shampoo_preconditioner_list.py:352] Instantiated Adagrad Preconditioner 80.block_0 (torch.Size([0])) for Parameter 80 (torch.Size([1024, 512])), Block block_0 (torch.Size([1024, 512])).
I0316 10:17:47.374369 140055525385408 shampoo_preconditioner_list.py:352] Instantiated Adagrad Preconditioner 81.block_0 (torch.Size([0])) for Parameter 81 (torch.Size([1024])), Block block_0 (torch.Size([1024])).
I0316 10:17:47.374532 140055525385408 shampoo_preconditioner_list.py:375] Rank 6: AdaGradPreconditionerList Numel Breakdown: (4608, 512, 0, 512, 0, 0, 0, 0, 0, 524288, 0, 0, 0, 0, 0, 512, 0, 0, 0, 0, 0, 0, 0, 0, 0, 512, 0, 524288, 0, 0, 1024, 0, 262144, 0, 1024, 512, 0, 0, 0, 0, 1024, 0, 0, 0, 1024, 512, 0, 0, 0, 0, 1024, 0, 0, 0, 1024, 512, 0, 0, 262144, 0, 1024, 524288, 0, 0, 1024, 512, 0, 0, 0, 0, 1024, 0, 0, 0, 1024, 512, 0, 0, 512, 0, 512, 0, 0, 512, 0, 0, 512, 0, 512, 0, 0)
I0316 10:17:47.374596 140055525385408 shampoo_preconditioner_list.py:378] Rank 6: AdaGradPreconditionerList Bytes Breakdown: (18432, 2048, 0, 2048, 0, 0, 0, 0, 0, 2097152, 0, 0, 0, 0, 0, 2048, 0, 0, 0, 0, 0, 0, 0, 0, 0, 2048, 0, 2097152, 0, 0, 4096, 0, 1048576, 0, 4096, 2048, 0, 0, 0, 0, 4096, 0, 0, 0, 4096, 2048, 0, 0, 0, 0, 4096, 0, 0, 0, 4096, 2048, 0, 0, 1048576, 0, 4096, 2097152, 0, 0, 4096, 2048, 0, 0, 0, 0, 4096, 0, 0, 0, 4096, 2048, 0, 0, 2048, 0, 2048, 0, 0, 2048, 0, 0, 2048, 0, 2048, 0, 0)
I0316 10:17:47.374637 140055525385408 shampoo_preconditioner_list.py:381] Rank 6: AdaGradPreconditionerList Total Elements: 2119168
I0316 10:17:47.374674 140055525385408 shampoo_preconditioner_list.py:384] Rank 6: AdaGradPreconditionerList Total Bytes: 8476672
I0316 10:17:47.378154 140015294502080 logger_utils.py:262] Unable to record workload.train_mean information. Continuing without it.
I0316 10:17:47.378228 140015294502080 logger_utils.py:262] Unable to record workload.train_stddev information. Continuing without it.
I0316 10:17:47.379821 140055525385408 logger_utils.py:262] Unable to record workload.train_mean information. Continuing without it.
I0316 10:17:47.379896 140055525385408 logger_utils.py:262] Unable to record workload.train_stddev information. Continuing without it.
I0316 10:17:48.078080 139950186022080 submission_runner.py:325] Saving flags to /experiment_runs/submissions/rolling_leaderboard/external_tuning/shampoo/study_2/librispeech_deepspeech_pytorch/trial_4/flags_0.json.
I0316 10:17:48.084962 139950186022080 submission_runner.py:337] Starting training loop.
/usr/local/lib/python3.11/multiprocessing/popen_fork.py:66: RuntimeWarning: os.fork() was called. os.fork() is incompatible with multithreaded code, and JAX is multithreaded, so this will likely lead to a deadlock.
  self.pid = os.fork()
/usr/local/lib/python3.11/multiprocessing/popen_fork.py:66: RuntimeWarning: os.fork() was called. os.fork() is incompatible with multithreaded code, and JAX is multithreaded, so this will likely lead to a deadlock.
  self.pid = os.fork()
/usr/local/lib/python3.11/multiprocessing/popen_fork.py:66: RuntimeWarning: os.fork() was called. os.fork() is incompatible with multithreaded code, and JAX is multithreaded, so this will likely lead to a deadlock.
  self.pid = os.fork()
/usr/local/lib/python3.11/multiprocessing/popen_fork.py:66: RuntimeWarning: os.fork() was called. os.fork() is incompatible with multithreaded code, and JAX is multithreaded, so this will likely lead to a deadlock.
  self.pid = os.fork()
/usr/local/lib/python3.11/multiprocessing/popen_fork.py:66: RuntimeWarning: os.fork() was called. os.fork() is incompatible with multithreaded code, and JAX is multithreaded, so this will likely lead to a deadlock.
  self.pid = os.fork()
/usr/local/lib/python3.11/multiprocessing/popen_fork.py:66: RuntimeWarning: os.fork() was called. os.fork() is incompatible with multithreaded code, and JAX is multithreaded, so this will likely lead to a deadlock.
  self.pid = os.fork()
/usr/local/lib/python3.11/multiprocessing/popen_fork.py:66: RuntimeWarning: os.fork() was called. os.fork() is incompatible with multithreaded code, and JAX is multithreaded, so this will likely lead to a deadlock.
  self.pid = os.fork()
/usr/local/lib/python3.11/multiprocessing/popen_fork.py:66: RuntimeWarning: os.fork() was called. os.fork() is incompatible with multithreaded code, and JAX is multithreaded, so this will likely lead to a deadlock.
  self.pid = os.fork()
/algorithmic-efficiency/algoperf/workloads/librispeech_conformer/librispeech_pytorch/preprocessor.py:488: UserWarning: Specified kernel cache directory could not be created! This disables kernel caching. Specified directory is /root/.cache/torch/kernels. This warning will appear only once per process. (Triggered internally at ../aten/src/ATen/native/cuda/jit_utils.cpp:1442.)
  spectrum = torch.abs(spectrum)
/algorithmic-efficiency/algoperf/workloads/librispeech_conformer/librispeech_pytorch/preprocessor.py:488: UserWarning: Specified kernel cache directory could not be created! This disables kernel caching. Specified directory is /root/.cache/torch/kernels. This warning will appear only once per process. (Triggered internally at ../aten/src/ATen/native/cuda/jit_utils.cpp:1442.)
  spectrum = torch.abs(spectrum)
/algorithmic-efficiency/algoperf/workloads/librispeech_conformer/librispeech_pytorch/preprocessor.py:488: UserWarning: Specified kernel cache directory could not be created! This disables kernel caching. Specified directory is /root/.cache/torch/kernels. This warning will appear only once per process. (Triggered internally at ../aten/src/ATen/native/cuda/jit_utils.cpp:1442.)
  spectrum = torch.abs(spectrum)
/algorithmic-efficiency/algoperf/workloads/librispeech_conformer/librispeech_pytorch/preprocessor.py:488: UserWarning: Specified kernel cache directory could not be created! This disables kernel caching. Specified directory is /root/.cache/torch/kernels. This warning will appear only once per process. (Triggered internally at ../aten/src/ATen/native/cuda/jit_utils.cpp:1442.)
  spectrum = torch.abs(spectrum)
/algorithmic-efficiency/algoperf/workloads/librispeech_conformer/librispeech_pytorch/preprocessor.py:488: UserWarning: Specified kernel cache directory could not be created! This disables kernel caching. Specified directory is /root/.cache/torch/kernels. This warning will appear only once per process. (Triggered internally at ../aten/src/ATen/native/cuda/jit_utils.cpp:1442.)
  spectrum = torch.abs(spectrum)
/algorithmic-efficiency/algoperf/workloads/librispeech_conformer/librispeech_pytorch/preprocessor.py:488: UserWarning: Specified kernel cache directory could not be created! This disables kernel caching. Specified directory is /root/.cache/torch/kernels. This warning will appear only once per process. (Triggered internally at ../aten/src/ATen/native/cuda/jit_utils.cpp:1442.)
  spectrum = torch.abs(spectrum)
/algorithmic-efficiency/algoperf/workloads/librispeech_conformer/librispeech_pytorch/preprocessor.py:488: UserWarning: Specified kernel cache directory could not be created! This disables kernel caching. Specified directory is /root/.cache/torch/kernels. This warning will appear only once per process. (Triggered internally at ../aten/src/ATen/native/cuda/jit_utils.cpp:1442.)
  spectrum = torch.abs(spectrum)
I0316 10:19:17.627513 139930630088448 logging_writer.py:48] [0] global_step=0, grad_norm=27.9476, loss=34.0603
I0316 10:19:17.947026 139950186022080 submission.py:265] 0) loss = 34.060, grad_norm = 27.948
I0316 10:19:18.428890 139950186022080 spec.py:321] Evaluating on the training split.
I0316 10:19:18.429870 139950186022080 input_pipeline.py:20] Loading split = train-clean-100
I0316 10:19:18.454936 139950186022080 input_pipeline.py:20] Loading split = train-clean-360
I0316 10:19:18.546789 139950186022080 input_pipeline.py:20] Loading split = train-other-500
/usr/local/lib/python3.11/multiprocessing/popen_fork.py:66: RuntimeWarning: os.fork() was called. os.fork() is incompatible with multithreaded code, and JAX is multithreaded, so this will likely lead to a deadlock.
  self.pid = os.fork()
/usr/local/lib/python3.11/multiprocessing/popen_fork.py:66: RuntimeWarning: os.fork() was called. os.fork() is incompatible with multithreaded code, and JAX is multithreaded, so this will likely lead to a deadlock.
  self.pid = os.fork()
/usr/local/lib/python3.11/multiprocessing/popen_fork.py:66: RuntimeWarning: os.fork() was called. os.fork() is incompatible with multithreaded code, and JAX is multithreaded, so this will likely lead to a deadlock.
  self.pid = os.fork()
/usr/local/lib/python3.11/multiprocessing/popen_fork.py:66: RuntimeWarning: os.fork() was called. os.fork() is incompatible with multithreaded code, and JAX is multithreaded, so this will likely lead to a deadlock.
  self.pid = os.fork()
/usr/local/lib/python3.11/multiprocessing/popen_fork.py:66: RuntimeWarning: os.fork() was called. os.fork() is incompatible with multithreaded code, and JAX is multithreaded, so this will likely lead to a deadlock.
  self.pid = os.fork()
/usr/local/lib/python3.11/multiprocessing/popen_fork.py:66: RuntimeWarning: os.fork() was called. os.fork() is incompatible with multithreaded code, and JAX is multithreaded, so this will likely lead to a deadlock.
  self.pid = os.fork()
/usr/local/lib/python3.11/multiprocessing/popen_fork.py:66: RuntimeWarning: os.fork() was called. os.fork() is incompatible with multithreaded code, and JAX is multithreaded, so this will likely lead to a deadlock.
  self.pid = os.fork()
/usr/local/lib/python3.11/multiprocessing/popen_fork.py:66: RuntimeWarning: os.fork() was called. os.fork() is incompatible with multithreaded code, and JAX is multithreaded, so this will likely lead to a deadlock.
  self.pid = os.fork()
I0316 10:19:45.839630 139950186022080 spec.py:333] Evaluating on the validation split.
I0316 10:19:45.840868 139950186022080 input_pipeline.py:20] Loading split = dev-clean
I0316 10:19:45.845850 139950186022080 input_pipeline.py:20] Loading split = dev-other
/usr/local/lib/python3.11/multiprocessing/popen_fork.py:66: RuntimeWarning: os.fork() was called. os.fork() is incompatible with multithreaded code, and JAX is multithreaded, so this will likely lead to a deadlock.
  self.pid = os.fork()
/usr/local/lib/python3.11/multiprocessing/popen_fork.py:66: RuntimeWarning: os.fork() was called. os.fork() is incompatible with multithreaded code, and JAX is multithreaded, so this will likely lead to a deadlock.
  self.pid = os.fork()
/usr/local/lib/python3.11/multiprocessing/popen_fork.py:66: RuntimeWarning: os.fork() was called. os.fork() is incompatible with multithreaded code, and JAX is multithreaded, so this will likely lead to a deadlock.
  self.pid = os.fork()
/usr/local/lib/python3.11/multiprocessing/popen_fork.py:66: RuntimeWarning: os.fork() was called. os.fork() is incompatible with multithreaded code, and JAX is multithreaded, so this will likely lead to a deadlock.
  self.pid = os.fork()
/usr/local/lib/python3.11/multiprocessing/popen_fork.py:66: RuntimeWarning: os.fork() was called. os.fork() is incompatible with multithreaded code, and JAX is multithreaded, so this will likely lead to a deadlock.
  self.pid = os.fork()
/usr/local/lib/python3.11/multiprocessing/popen_fork.py:66: RuntimeWarning: os.fork() was called. os.fork() is incompatible with multithreaded code, and JAX is multithreaded, so this will likely lead to a deadlock.
  self.pid = os.fork()
/usr/local/lib/python3.11/multiprocessing/popen_fork.py:66: RuntimeWarning: os.fork() was called. os.fork() is incompatible with multithreaded code, and JAX is multithreaded, so this will likely lead to a deadlock.
  self.pid = os.fork()
/usr/local/lib/python3.11/multiprocessing/popen_fork.py:66: RuntimeWarning: os.fork() was called. os.fork() is incompatible with multithreaded code, and JAX is multithreaded, so this will likely lead to a deadlock.
  self.pid = os.fork()
I0316 10:20:08.404843 139950186022080 spec.py:349] Evaluating on the test split.
I0316 10:20:08.406146 139950186022080 input_pipeline.py:20] Loading split = test-clean
I0316 10:20:20.782156 139950186022080 submission_runner.py:469] Time since start: 152.70s, 	Step: 1, 	{'train/ctc_loss': 32.18032164585063, 'train/wer': 4.004137328748431, 'validation/ctc_loss': 31.14841274305751, 'validation/wer': 3.647448462318351, 'validation/num_examples': 5348, 'test/ctc_loss': 31.197264747776764, 'test/wer': 4.035910872788577, 'test/num_examples': 2472, 'score': 89.86334371566772, 'total_duration': 152.69694352149963, 'accumulated_submission_time': 89.86334371566772, 'accumulated_eval_time': 62.35309815406799, 'accumulated_logging_time': 0}
I0316 10:20:20.798644 139929220802304 logging_writer.py:48] [1] accumulated_eval_time=62.3531, accumulated_logging_time=0, accumulated_submission_time=89.8633, global_step=1, preemption_count=0, score=89.8633, test/ctc_loss=31.1973, test/num_examples=2472, test/wer=4.03591, total_duration=152.697, train/ctc_loss=32.1803, train/wer=4.00414, validation/ctc_loss=31.1484, validation/num_examples=5348, validation/wer=3.64745
I0316 10:20:22.545152 139929212409600 logging_writer.py:48] [1] global_step=1, grad_norm=27.3137, loss=32.853
I0316 10:20:22.548634 139950186022080 submission.py:265] 1) loss = 32.853, grad_norm = 27.314
I0316 10:20:23.422161 139929220802304 logging_writer.py:48] [2] global_step=2, grad_norm=32.86, loss=33.631
I0316 10:20:23.425741 139950186022080 submission.py:265] 2) loss = 33.631, grad_norm = 32.860
I0316 10:20:24.288118 139929212409600 logging_writer.py:48] [3] global_step=3, grad_norm=40.7954, loss=33.1363
I0316 10:20:24.292010 139950186022080 submission.py:265] 3) loss = 33.136, grad_norm = 40.795
I0316 10:20:25.156445 139929220802304 logging_writer.py:48] [4] global_step=4, grad_norm=47.3116, loss=32.1535
I0316 10:20:25.159920 139950186022080 submission.py:265] 4) loss = 32.154, grad_norm = 47.312
I0316 10:20:26.023823 139929212409600 logging_writer.py:48] [5] global_step=5, grad_norm=51.9515, loss=31.8986
I0316 10:20:26.027373 139950186022080 submission.py:265] 5) loss = 31.899, grad_norm = 51.952
I0316 10:20:26.895016 139929220802304 logging_writer.py:48] [6] global_step=6, grad_norm=49.6254, loss=30.5644
I0316 10:20:26.898716 139950186022080 submission.py:265] 6) loss = 30.564, grad_norm = 49.625
I0316 10:20:27.762631 139929212409600 logging_writer.py:48] [7] global_step=7, grad_norm=45.7431, loss=29.9061
I0316 10:20:27.766267 139950186022080 submission.py:265] 7) loss = 29.906, grad_norm = 45.743
I0316 10:20:28.635464 139929220802304 logging_writer.py:48] [8] global_step=8, grad_norm=40.5583, loss=29.856
I0316 10:20:28.639149 139950186022080 submission.py:265] 8) loss = 29.856, grad_norm = 40.558
I0316 10:20:29.496014 139929212409600 logging_writer.py:48] [9] global_step=9, grad_norm=40.0971, loss=29.9416
I0316 10:20:29.499627 139950186022080 submission.py:265] 9) loss = 29.942, grad_norm = 40.097
I0316 10:20:30.368935 139929220802304 logging_writer.py:48] [10] global_step=10, grad_norm=34.3889, loss=28.7506
I0316 10:20:30.372567 139950186022080 submission.py:265] 10) loss = 28.751, grad_norm = 34.389
I0316 10:20:31.238740 139929212409600 logging_writer.py:48] [11] global_step=11, grad_norm=31.583, loss=28.3603
I0316 10:20:31.242058 139950186022080 submission.py:265] 11) loss = 28.360, grad_norm = 31.583
I0316 10:20:32.133384 139929220802304 logging_writer.py:48] [12] global_step=12, grad_norm=29.3026, loss=27.7084
I0316 10:20:32.137403 139950186022080 submission.py:265] 12) loss = 27.708, grad_norm = 29.303
I0316 10:20:33.006709 139929212409600 logging_writer.py:48] [13] global_step=13, grad_norm=27.9834, loss=26.6882
I0316 10:20:33.010300 139950186022080 submission.py:265] 13) loss = 26.688, grad_norm = 27.983
I0316 10:20:33.887936 139929220802304 logging_writer.py:48] [14] global_step=14, grad_norm=26.7697, loss=26.277
I0316 10:20:33.892044 139950186022080 submission.py:265] 14) loss = 26.277, grad_norm = 26.770
I0316 10:20:34.755940 139929212409600 logging_writer.py:48] [15] global_step=15, grad_norm=27.0179, loss=26.3458
I0316 10:20:34.759440 139950186022080 submission.py:265] 15) loss = 26.346, grad_norm = 27.018
I0316 10:20:35.627421 139929220802304 logging_writer.py:48] [16] global_step=16, grad_norm=23.7659, loss=24.9801
I0316 10:20:35.630961 139950186022080 submission.py:265] 16) loss = 24.980, grad_norm = 23.766
I0316 10:20:36.497631 139929212409600 logging_writer.py:48] [17] global_step=17, grad_norm=23.609, loss=24.8915
I0316 10:20:36.501439 139950186022080 submission.py:265] 17) loss = 24.891, grad_norm = 23.609
I0316 10:20:37.366799 139929220802304 logging_writer.py:48] [18] global_step=18, grad_norm=23.3013, loss=24.5064
I0316 10:20:37.370111 139950186022080 submission.py:265] 18) loss = 24.506, grad_norm = 23.301
I0316 10:20:38.234018 139929212409600 logging_writer.py:48] [19] global_step=19, grad_norm=24.6158, loss=24.513
I0316 10:20:38.237897 139950186022080 submission.py:265] 19) loss = 24.513, grad_norm = 24.616
I0316 10:20:39.103265 139929220802304 logging_writer.py:48] [20] global_step=20, grad_norm=21.0421, loss=23.193
I0316 10:20:39.106978 139950186022080 submission.py:265] 20) loss = 23.193, grad_norm = 21.042
I0316 10:20:39.970830 139929212409600 logging_writer.py:48] [21] global_step=21, grad_norm=21.379, loss=23.2012
I0316 10:20:39.974237 139950186022080 submission.py:265] 21) loss = 23.201, grad_norm = 21.379
I0316 10:20:40.844137 139929220802304 logging_writer.py:48] [22] global_step=22, grad_norm=20.4711, loss=21.9793
I0316 10:20:40.847670 139950186022080 submission.py:265] 22) loss = 21.979, grad_norm = 20.471
I0316 10:20:41.716920 139929212409600 logging_writer.py:48] [23] global_step=23, grad_norm=21.7545, loss=22.0933
I0316 10:20:41.720800 139950186022080 submission.py:265] 23) loss = 22.093, grad_norm = 21.755
I0316 10:20:42.581983 139929220802304 logging_writer.py:48] [24] global_step=24, grad_norm=20.7152, loss=21.4872
I0316 10:20:42.585835 139950186022080 submission.py:265] 24) loss = 21.487, grad_norm = 20.715
I0316 10:20:43.451464 139929212409600 logging_writer.py:48] [25] global_step=25, grad_norm=19.5101, loss=20.8559
I0316 10:20:43.454912 139950186022080 submission.py:265] 25) loss = 20.856, grad_norm = 19.510
I0316 10:20:44.316170 139929220802304 logging_writer.py:48] [26] global_step=26, grad_norm=20.7785, loss=20.1564
I0316 10:20:44.319979 139950186022080 submission.py:265] 26) loss = 20.156, grad_norm = 20.779
I0316 10:20:45.183066 139929212409600 logging_writer.py:48] [27] global_step=27, grad_norm=18.1297, loss=19.9355
I0316 10:20:45.186523 139950186022080 submission.py:265] 27) loss = 19.936, grad_norm = 18.130
I0316 10:20:46.057158 139929220802304 logging_writer.py:48] [28] global_step=28, grad_norm=18.0606, loss=19.1943
I0316 10:20:46.060692 139950186022080 submission.py:265] 28) loss = 19.194, grad_norm = 18.061
I0316 10:20:46.933374 139929212409600 logging_writer.py:48] [29] global_step=29, grad_norm=18.9695, loss=18.0505
I0316 10:20:46.936862 139950186022080 submission.py:265] 29) loss = 18.050, grad_norm = 18.970
I0316 10:20:47.803400 139929220802304 logging_writer.py:48] [30] global_step=30, grad_norm=17.5832, loss=18.1057
I0316 10:20:47.806975 139950186022080 submission.py:265] 30) loss = 18.106, grad_norm = 17.583
I0316 10:20:48.671878 139929212409600 logging_writer.py:48] [31] global_step=31, grad_norm=16.1957, loss=18.0213
I0316 10:20:48.675446 139950186022080 submission.py:265] 31) loss = 18.021, grad_norm = 16.196
I0316 10:20:49.543515 139929220802304 logging_writer.py:48] [32] global_step=32, grad_norm=15.0864, loss=17.1117
I0316 10:20:49.548166 139950186022080 submission.py:265] 32) loss = 17.112, grad_norm = 15.086
I0316 10:20:50.413837 139929212409600 logging_writer.py:48] [33] global_step=33, grad_norm=14.4218, loss=16.7754
I0316 10:20:50.417446 139950186022080 submission.py:265] 33) loss = 16.775, grad_norm = 14.422
I0316 10:20:51.286127 139929220802304 logging_writer.py:48] [34] global_step=34, grad_norm=14.6728, loss=16.1986
I0316 10:20:51.289899 139950186022080 submission.py:265] 34) loss = 16.199, grad_norm = 14.673
I0316 10:20:52.155163 139929212409600 logging_writer.py:48] [35] global_step=35, grad_norm=14.4593, loss=16.1633
I0316 10:20:52.158602 139950186022080 submission.py:265] 35) loss = 16.163, grad_norm = 14.459
I0316 10:20:53.022966 139929220802304 logging_writer.py:48] [36] global_step=36, grad_norm=13.4702, loss=15.6793
I0316 10:20:53.026518 139950186022080 submission.py:265] 36) loss = 15.679, grad_norm = 13.470
I0316 10:20:53.885611 139929212409600 logging_writer.py:48] [37] global_step=37, grad_norm=12.6148, loss=14.7788
I0316 10:20:53.889115 139950186022080 submission.py:265] 37) loss = 14.779, grad_norm = 12.615
I0316 10:20:54.758159 139929220802304 logging_writer.py:48] [38] global_step=38, grad_norm=12.8831, loss=14.5292
I0316 10:20:54.761645 139950186022080 submission.py:265] 38) loss = 14.529, grad_norm = 12.883
I0316 10:20:55.621740 139929212409600 logging_writer.py:48] [39] global_step=39, grad_norm=11.8116, loss=14.2727
I0316 10:20:55.625185 139950186022080 submission.py:265] 39) loss = 14.273, grad_norm = 11.812
I0316 10:20:56.507412 139929220802304 logging_writer.py:48] [40] global_step=40, grad_norm=11.8089, loss=14.4472
I0316 10:20:56.511238 139950186022080 submission.py:265] 40) loss = 14.447, grad_norm = 11.809
I0316 10:20:57.375788 139929212409600 logging_writer.py:48] [41] global_step=41, grad_norm=10.2074, loss=13.6851
I0316 10:20:57.379473 139950186022080 submission.py:265] 41) loss = 13.685, grad_norm = 10.207
I0316 10:20:58.237592 139929220802304 logging_writer.py:48] [42] global_step=42, grad_norm=9.53599, loss=12.9035
I0316 10:20:58.240893 139950186022080 submission.py:265] 42) loss = 12.904, grad_norm = 9.536
I0316 10:20:59.108914 139929212409600 logging_writer.py:48] [43] global_step=43, grad_norm=9.82673, loss=13.2246
I0316 10:20:59.112306 139950186022080 submission.py:265] 43) loss = 13.225, grad_norm = 9.827
I0316 10:20:59.979110 139929220802304 logging_writer.py:48] [44] global_step=44, grad_norm=9.25683, loss=12.9474
I0316 10:20:59.982578 139950186022080 submission.py:265] 44) loss = 12.947, grad_norm = 9.257
I0316 10:21:00.844895 139929212409600 logging_writer.py:48] [45] global_step=45, grad_norm=8.30943, loss=11.9728
I0316 10:21:00.848420 139950186022080 submission.py:265] 45) loss = 11.973, grad_norm = 8.309
I0316 10:21:01.713685 139929220802304 logging_writer.py:48] [46] global_step=46, grad_norm=8.283, loss=12.2152
I0316 10:21:01.717272 139950186022080 submission.py:265] 46) loss = 12.215, grad_norm = 8.283
I0316 10:21:02.580194 139929212409600 logging_writer.py:48] [47] global_step=47, grad_norm=7.62827, loss=11.4479
I0316 10:21:02.583889 139950186022080 submission.py:265] 47) loss = 11.448, grad_norm = 7.628
I0316 10:21:03.447933 139929220802304 logging_writer.py:48] [48] global_step=48, grad_norm=7.72976, loss=11.6843
I0316 10:21:03.451581 139950186022080 submission.py:265] 48) loss = 11.684, grad_norm = 7.730
I0316 10:21:04.312671 139929212409600 logging_writer.py:48] [49] global_step=49, grad_norm=7.69431, loss=11.5757
I0316 10:21:04.316221 139950186022080 submission.py:265] 49) loss = 11.576, grad_norm = 7.694
I0316 10:21:05.187201 139929220802304 logging_writer.py:48] [50] global_step=50, grad_norm=7.06871, loss=11.4365
I0316 10:21:05.190617 139950186022080 submission.py:265] 50) loss = 11.436, grad_norm = 7.069
I0316 10:21:06.054347 139929212409600 logging_writer.py:48] [51] global_step=51, grad_norm=5.9056, loss=11.1131
I0316 10:21:06.057813 139950186022080 submission.py:265] 51) loss = 11.113, grad_norm = 5.906
I0316 10:21:06.916836 139929220802304 logging_writer.py:48] [52] global_step=52, grad_norm=6.72809, loss=10.7624
I0316 10:21:06.920083 139950186022080 submission.py:265] 52) loss = 10.762, grad_norm = 6.728
I0316 10:21:07.791229 139929212409600 logging_writer.py:48] [53] global_step=53, grad_norm=9.58855, loss=11.2895
I0316 10:21:07.794896 139950186022080 submission.py:265] 53) loss = 11.289, grad_norm = 9.589
I0316 10:21:08.655209 139929220802304 logging_writer.py:48] [54] global_step=54, grad_norm=7.936, loss=10.8277
I0316 10:21:08.659518 139950186022080 submission.py:265] 54) loss = 10.828, grad_norm = 7.936
I0316 10:21:09.516703 139929212409600 logging_writer.py:48] [55] global_step=55, grad_norm=7.66874, loss=10.4954
I0316 10:21:09.520967 139950186022080 submission.py:265] 55) loss = 10.495, grad_norm = 7.669
I0316 10:21:10.393211 139929220802304 logging_writer.py:48] [56] global_step=56, grad_norm=6.5289, loss=10.3987
I0316 10:21:10.398318 139950186022080 submission.py:265] 56) loss = 10.399, grad_norm = 6.529
I0316 10:21:11.263939 139929212409600 logging_writer.py:48] [57] global_step=57, grad_norm=7.88413, loss=10.3554
I0316 10:21:11.267611 139950186022080 submission.py:265] 57) loss = 10.355, grad_norm = 7.884
I0316 10:21:12.133822 139929220802304 logging_writer.py:48] [58] global_step=58, grad_norm=9.02145, loss=10.6614
I0316 10:21:12.138566 139950186022080 submission.py:265] 58) loss = 10.661, grad_norm = 9.021
I0316 10:21:13.022704 139929212409600 logging_writer.py:48] [59] global_step=59, grad_norm=6.87336, loss=10.3585
I0316 10:21:13.026572 139950186022080 submission.py:265] 59) loss = 10.359, grad_norm = 6.873
I0316 10:21:13.886092 139929220802304 logging_writer.py:48] [60] global_step=60, grad_norm=6.30465, loss=9.80587
I0316 10:21:13.889688 139950186022080 submission.py:265] 60) loss = 9.806, grad_norm = 6.305
I0316 10:21:14.751735 139929212409600 logging_writer.py:48] [61] global_step=61, grad_norm=6.99346, loss=9.85824
I0316 10:21:14.755476 139950186022080 submission.py:265] 61) loss = 9.858, grad_norm = 6.993
I0316 10:21:15.628151 139929220802304 logging_writer.py:48] [62] global_step=62, grad_norm=7.09551, loss=10.0367
I0316 10:21:15.631471 139950186022080 submission.py:265] 62) loss = 10.037, grad_norm = 7.096
I0316 10:21:16.497898 139929212409600 logging_writer.py:48] [63] global_step=63, grad_norm=5.45721, loss=9.60796
I0316 10:21:16.501215 139950186022080 submission.py:265] 63) loss = 9.608, grad_norm = 5.457
I0316 10:21:17.368664 139929220802304 logging_writer.py:48] [64] global_step=64, grad_norm=4.56862, loss=9.63247
I0316 10:21:17.371981 139950186022080 submission.py:265] 64) loss = 9.632, grad_norm = 4.569
I0316 10:21:18.234669 139929212409600 logging_writer.py:48] [65] global_step=65, grad_norm=4.70538, loss=9.34746
I0316 10:21:18.238019 139950186022080 submission.py:265] 65) loss = 9.347, grad_norm = 4.705
I0316 10:21:19.108530 139929220802304 logging_writer.py:48] [66] global_step=66, grad_norm=4.96246, loss=9.34387
I0316 10:21:19.111924 139950186022080 submission.py:265] 66) loss = 9.344, grad_norm = 4.962
I0316 10:21:19.977985 139929212409600 logging_writer.py:48] [67] global_step=67, grad_norm=4.57346, loss=9.18084
I0316 10:21:19.981661 139950186022080 submission.py:265] 67) loss = 9.181, grad_norm = 4.573
I0316 10:21:20.857046 139929220802304 logging_writer.py:48] [68] global_step=68, grad_norm=5.24125, loss=9.3887
I0316 10:21:20.860522 139950186022080 submission.py:265] 68) loss = 9.389, grad_norm = 5.241
I0316 10:21:21.727897 139929212409600 logging_writer.py:48] [69] global_step=69, grad_norm=3.89408, loss=8.86466
I0316 10:21:21.732095 139950186022080 submission.py:265] 69) loss = 8.865, grad_norm = 3.894
I0316 10:21:22.596017 139929220802304 logging_writer.py:48] [70] global_step=70, grad_norm=3.98813, loss=8.81846
I0316 10:21:22.599821 139950186022080 submission.py:265] 70) loss = 8.818, grad_norm = 3.988
I0316 10:21:23.464710 139929212409600 logging_writer.py:48] [71] global_step=71, grad_norm=4.29477, loss=8.91048
I0316 10:21:23.468962 139950186022080 submission.py:265] 71) loss = 8.910, grad_norm = 4.295
I0316 10:21:24.332793 139929220802304 logging_writer.py:48] [72] global_step=72, grad_norm=5.16491, loss=8.93853
I0316 10:21:24.336825 139950186022080 submission.py:265] 72) loss = 8.939, grad_norm = 5.165
I0316 10:21:25.206157 139929212409600 logging_writer.py:48] [73] global_step=73, grad_norm=5.23325, loss=8.82679
I0316 10:21:25.209839 139950186022080 submission.py:265] 73) loss = 8.827, grad_norm = 5.233
I0316 10:21:26.068802 139929220802304 logging_writer.py:48] [74] global_step=74, grad_norm=4.11836, loss=8.65755
I0316 10:21:26.072281 139950186022080 submission.py:265] 74) loss = 8.658, grad_norm = 4.118
I0316 10:21:26.934463 139929212409600 logging_writer.py:48] [75] global_step=75, grad_norm=4.78434, loss=8.61122
I0316 10:21:26.937874 139950186022080 submission.py:265] 75) loss = 8.611, grad_norm = 4.784
I0316 10:21:27.805248 139929220802304 logging_writer.py:48] [76] global_step=76, grad_norm=3.49413, loss=8.42445
I0316 10:21:27.808708 139950186022080 submission.py:265] 76) loss = 8.424, grad_norm = 3.494
I0316 10:21:28.672007 139929212409600 logging_writer.py:48] [77] global_step=77, grad_norm=4.78589, loss=8.5699
I0316 10:21:28.675491 139950186022080 submission.py:265] 77) loss = 8.570, grad_norm = 4.786
I0316 10:21:29.543107 139929220802304 logging_writer.py:48] [78] global_step=78, grad_norm=5.4297, loss=8.31954
I0316 10:21:29.546614 139950186022080 submission.py:265] 78) loss = 8.320, grad_norm = 5.430
I0316 10:21:30.428684 139929212409600 logging_writer.py:48] [79] global_step=79, grad_norm=4.05426, loss=8.25987
I0316 10:21:30.432297 139950186022080 submission.py:265] 79) loss = 8.260, grad_norm = 4.054
I0316 10:21:31.300169 139929220802304 logging_writer.py:48] [80] global_step=80, grad_norm=5.83232, loss=8.446
I0316 10:21:31.304382 139950186022080 submission.py:265] 80) loss = 8.446, grad_norm = 5.832
I0316 10:21:32.168523 139929212409600 logging_writer.py:48] [81] global_step=81, grad_norm=4.26252, loss=8.06079
I0316 10:21:32.172161 139950186022080 submission.py:265] 81) loss = 8.061, grad_norm = 4.263
I0316 10:21:33.037245 139929220802304 logging_writer.py:48] [82] global_step=82, grad_norm=4.87782, loss=8.08441
I0316 10:21:33.041039 139950186022080 submission.py:265] 82) loss = 8.084, grad_norm = 4.878
I0316 10:21:33.899438 139929212409600 logging_writer.py:48] [83] global_step=83, grad_norm=4.02273, loss=7.90192
I0316 10:21:33.903212 139950186022080 submission.py:265] 83) loss = 7.902, grad_norm = 4.023
I0316 10:21:34.767113 139929220802304 logging_writer.py:48] [84] global_step=84, grad_norm=4.05848, loss=7.82681
I0316 10:21:34.771295 139950186022080 submission.py:265] 84) loss = 7.827, grad_norm = 4.058
I0316 10:21:35.635774 139929212409600 logging_writer.py:48] [85] global_step=85, grad_norm=4.94239, loss=8.08341
I0316 10:21:35.639737 139950186022080 submission.py:265] 85) loss = 8.083, grad_norm = 4.942
I0316 10:21:36.509227 139929220802304 logging_writer.py:48] [86] global_step=86, grad_norm=4.41883, loss=7.88593
I0316 10:21:36.512677 139950186022080 submission.py:265] 86) loss = 7.886, grad_norm = 4.419
I0316 10:21:37.379719 139929212409600 logging_writer.py:48] [87] global_step=87, grad_norm=3.72207, loss=7.75558
I0316 10:21:37.383242 139950186022080 submission.py:265] 87) loss = 7.756, grad_norm = 3.722
I0316 10:21:38.249283 139929220802304 logging_writer.py:48] [88] global_step=88, grad_norm=3.17584, loss=7.65854
I0316 10:21:38.252688 139950186022080 submission.py:265] 88) loss = 7.659, grad_norm = 3.176
I0316 10:21:39.111718 139929212409600 logging_writer.py:48] [89] global_step=89, grad_norm=3.94662, loss=7.54089
I0316 10:21:39.115781 139950186022080 submission.py:265] 89) loss = 7.541, grad_norm = 3.947
I0316 10:21:39.983521 139929220802304 logging_writer.py:48] [90] global_step=90, grad_norm=3.39635, loss=7.72394
I0316 10:21:39.987372 139950186022080 submission.py:265] 90) loss = 7.724, grad_norm = 3.396
I0316 10:21:40.862961 139929212409600 logging_writer.py:48] [91] global_step=91, grad_norm=3.33312, loss=7.51205
I0316 10:21:40.866706 139950186022080 submission.py:265] 91) loss = 7.512, grad_norm = 3.333
I0316 10:21:41.737187 139929220802304 logging_writer.py:48] [92] global_step=92, grad_norm=12.7573, loss=7.44321
I0316 10:21:41.741192 139950186022080 submission.py:265] 92) loss = 7.443, grad_norm = 12.757
I0316 10:21:42.607788 139929212409600 logging_writer.py:48] [93] global_step=93, grad_norm=3.91393, loss=7.28802
I0316 10:21:42.611375 139950186022080 submission.py:265] 93) loss = 7.288, grad_norm = 3.914
I0316 10:21:43.474466 139929220802304 logging_writer.py:48] [94] global_step=94, grad_norm=4.3713, loss=7.24457
I0316 10:21:43.478704 139950186022080 submission.py:265] 94) loss = 7.245, grad_norm = 4.371
I0316 10:21:44.345087 139929212409600 logging_writer.py:48] [95] global_step=95, grad_norm=5.35805, loss=7.21453
I0316 10:21:44.348712 139950186022080 submission.py:265] 95) loss = 7.215, grad_norm = 5.358
I0316 10:21:45.214257 139929220802304 logging_writer.py:48] [96] global_step=96, grad_norm=3.52464, loss=7.05319
I0316 10:21:45.217459 139950186022080 submission.py:265] 96) loss = 7.053, grad_norm = 3.525
I0316 10:21:46.086947 139929212409600 logging_writer.py:48] [97] global_step=97, grad_norm=3.51907, loss=7.11109
I0316 10:21:46.090363 139950186022080 submission.py:265] 97) loss = 7.111, grad_norm = 3.519
I0316 10:21:46.962006 139929220802304 logging_writer.py:48] [98] global_step=98, grad_norm=3.22757, loss=7.03773
I0316 10:21:46.966355 139950186022080 submission.py:265] 98) loss = 7.038, grad_norm = 3.228
I0316 10:21:50.086393 139929212409600 logging_writer.py:48] [99] global_step=99, grad_norm=3.28077, loss=6.91634
I0316 10:21:50.090112 139950186022080 submission.py:265] 99) loss = 6.916, grad_norm = 3.281
I0316 10:21:50.959656 139929220802304 logging_writer.py:48] [100] global_step=100, grad_norm=3.09402, loss=6.95182
I0316 10:21:50.963170 139950186022080 submission.py:265] 100) loss = 6.952, grad_norm = 3.094
I0316 10:27:47.736803 139929212409600 logging_writer.py:48] [500] global_step=500, grad_norm=0.689726, loss=5.57108
I0316 10:27:47.770087 139950186022080 submission.py:265] 500) loss = 5.571, grad_norm = 0.690
