I0316 10:19:04.623231 140439769326784 shampoo_preconditioner_list.py:352] Instantiated Adagrad Preconditioner 46.block_0 (torch.Size([0])) for Parameter 46 (torch.Size([512])), Block block_0 (torch.Size([512])).
I0316 10:19:04.623286 140238244979904 shampoo_preconditioner_list.py:352] Instantiated Adagrad Preconditioner 44.block_0 (torch.Size([0])) for Parameter 44 (torch.Size([1024])), Block block_0 (torch.Size([1024])).
I0316 10:19:04.623305 140439769326784 shampoo_preconditioner_list.py:352] Instantiated Adagrad Preconditioner 47.block_0 (torch.Size([512])) for Parameter 47 (torch.Size([512])), Block block_0 (torch.Size([512])).
I0316 10:19:04.623368 140238244979904 shampoo_preconditioner_list.py:352] Instantiated Adagrad Preconditioner 45.block_0 (torch.Size([1024])) for Parameter 45 (torch.Size([1024])), Block block_0 (torch.Size([1024])).
I0316 10:19:04.623375 140439769326784 shampoo_preconditioner_list.py:352] Instantiated Adagrad Preconditioner 48.block_0 (torch.Size([0])) for Parameter 48 (torch.Size([1024, 512])), Block block_0 (torch.Size([1024, 512])).
I0316 10:19:04.623426 140439769326784 shampoo_preconditioner_list.py:352] Instantiated Adagrad Preconditioner 49.block_0 (torch.Size([0])) for Parameter 49 (torch.Size([1024, 256])), Block block_0 (torch.Size([1024, 256])).
I0316 10:19:04.623452 140238244979904 shampoo_preconditioner_list.py:352] Instantiated Adagrad Preconditioner 46.block_0 (torch.Size([512])) for Parameter 46 (torch.Size([512])), Block block_0 (torch.Size([512])).
I0316 10:19:04.623509 140439769326784 shampoo_preconditioner_list.py:352] Instantiated Adagrad Preconditioner 50.block_0 (torch.Size([1024])) for Parameter 50 (torch.Size([1024])), Block block_0 (torch.Size([1024])).
I0316 10:19:04.623520 140238244979904 shampoo_preconditioner_list.py:352] Instantiated Adagrad Preconditioner 47.block_0 (torch.Size([0])) for Parameter 47 (torch.Size([512])), Block block_0 (torch.Size([512])).
I0316 10:19:04.623573 140238244979904 shampoo_preconditioner_list.py:352] Instantiated Adagrad Preconditioner 48.block_0 (torch.Size([0])) for Parameter 48 (torch.Size([1024, 512])), Block block_0 (torch.Size([1024, 512])).
I0316 10:19:04.623577 140439769326784 shampoo_preconditioner_list.py:352] Instantiated Adagrad Preconditioner 51.block_0 (torch.Size([0])) for Parameter 51 (torch.Size([1024])), Block block_0 (torch.Size([1024])).
I0316 10:19:04.623629 140439769326784 shampoo_preconditioner_list.py:352] Instantiated Adagrad Preconditioner 52.block_0 (torch.Size([0])) for Parameter 52 (torch.Size([1024, 512])), Block block_0 (torch.Size([1024, 512])).
I0316 10:19:04.624189 140238244979904 shampoo_preconditioner_list.py:352] Instantiated Adagrad Preconditioner 49.block_0 (torch.Size([1024, 256])) for Parameter 49 (torch.Size([1024, 256])), Block block_0 (torch.Size([1024, 256])).
I0316 10:19:04.624238 140439769326784 shampoo_preconditioner_list.py:352] Instantiated Adagrad Preconditioner 53.block_0 (torch.Size([1024, 256])) for Parameter 53 (torch.Size([1024, 256])), Block block_0 (torch.Size([1024, 256])).
I0316 10:19:04.624320 140238244979904 shampoo_preconditioner_list.py:352] Instantiated Adagrad Preconditioner 50.block_0 (torch.Size([0])) for Parameter 50 (torch.Size([1024])), Block block_0 (torch.Size([1024])).
I0316 10:19:04.624393 140439769326784 shampoo_preconditioner_list.py:352] Instantiated Adagrad Preconditioner 54.block_0 (torch.Size([1024])) for Parameter 54 (torch.Size([1024])), Block block_0 (torch.Size([1024])).
I0316 10:19:04.624425 140238244979904 shampoo_preconditioner_list.py:352] Instantiated Adagrad Preconditioner 51.block_0 (torch.Size([1024])) for Parameter 51 (torch.Size([1024])), Block block_0 (torch.Size([1024])).
I0316 10:19:04.624480 140439769326784 shampoo_preconditioner_list.py:352] Instantiated Adagrad Preconditioner 55.block_0 (torch.Size([0])) for Parameter 55 (torch.Size([1024])), Block block_0 (torch.Size([1024])).
I0316 10:19:04.624507 140238244979904 shampoo_preconditioner_list.py:352] Instantiated Adagrad Preconditioner 52.block_0 (torch.Size([1024, 512])) for Parameter 52 (torch.Size([1024, 512])), Block block_0 (torch.Size([1024, 512])).
I0316 10:19:04.624545 140439769326784 shampoo_preconditioner_list.py:352] Instantiated Adagrad Preconditioner 56.block_0 (torch.Size([0])) for Parameter 56 (torch.Size([512])), Block block_0 (torch.Size([512])).
I0316 10:19:04.624572 140238244979904 shampoo_preconditioner_list.py:352] Instantiated Adagrad Preconditioner 53.block_0 (torch.Size([0])) for Parameter 53 (torch.Size([1024, 256])), Block block_0 (torch.Size([1024, 256])).
I0316 10:19:04.624636 140238244979904 shampoo_preconditioner_list.py:352] Instantiated Adagrad Preconditioner 54.block_0 (torch.Size([0])) for Parameter 54 (torch.Size([1024])), Block block_0 (torch.Size([1024])).
I0316 10:19:04.624634 140439769326784 shampoo_preconditioner_list.py:352] Instantiated Adagrad Preconditioner 57.block_0 (torch.Size([512])) for Parameter 57 (torch.Size([512])), Block block_0 (torch.Size([512])).
I0316 10:19:04.624716 140439769326784 shampoo_preconditioner_list.py:352] Instantiated Adagrad Preconditioner 58.block_0 (torch.Size([1024, 512])) for Parameter 58 (torch.Size([1024, 512])), Block block_0 (torch.Size([1024, 512])).
I0316 10:19:04.624723 140238244979904 shampoo_preconditioner_list.py:352] Instantiated Adagrad Preconditioner 55.block_0 (torch.Size([1024])) for Parameter 55 (torch.Size([1024])), Block block_0 (torch.Size([1024])).
I0316 10:19:04.624791 140439769326784 shampoo_preconditioner_list.py:352] Instantiated Adagrad Preconditioner 59.block_0 (torch.Size([0])) for Parameter 59 (torch.Size([1024, 256])), Block block_0 (torch.Size([1024, 256])).
I0316 10:19:04.624814 140238244979904 shampoo_preconditioner_list.py:352] Instantiated Adagrad Preconditioner 56.block_0 (torch.Size([512])) for Parameter 56 (torch.Size([512])), Block block_0 (torch.Size([512])).
I0316 10:19:04.624880 140439769326784 shampoo_preconditioner_list.py:352] Instantiated Adagrad Preconditioner 60.block_0 (torch.Size([1024])) for Parameter 60 (torch.Size([1024])), Block block_0 (torch.Size([1024])).
I0316 10:19:04.624891 140238244979904 shampoo_preconditioner_list.py:352] Instantiated Adagrad Preconditioner 57.block_0 (torch.Size([0])) for Parameter 57 (torch.Size([512])), Block block_0 (torch.Size([512])).
I0316 10:19:04.624947 140238244979904 shampoo_preconditioner_list.py:352] Instantiated Adagrad Preconditioner 58.block_0 (torch.Size([0])) for Parameter 58 (torch.Size([1024, 512])), Block block_0 (torch.Size([1024, 512])).
I0316 10:19:04.624952 140439769326784 shampoo_preconditioner_list.py:352] Instantiated Adagrad Preconditioner 61.block_0 (torch.Size([0])) for Parameter 61 (torch.Size([1024])), Block block_0 (torch.Size([1024])).
I0316 10:19:04.625006 140238244979904 shampoo_preconditioner_list.py:352] Instantiated Adagrad Preconditioner 59.block_0 (torch.Size([0])) for Parameter 59 (torch.Size([1024, 256])), Block block_0 (torch.Size([1024, 256])).
I0316 10:19:04.625031 140439769326784 shampoo_preconditioner_list.py:352] Instantiated Adagrad Preconditioner 62.block_0 (torch.Size([0])) for Parameter 62 (torch.Size([1024, 512])), Block block_0 (torch.Size([1024, 512])).
I0316 10:19:04.625063 140238244979904 shampoo_preconditioner_list.py:352] Instantiated Adagrad Preconditioner 60.block_0 (torch.Size([0])) for Parameter 60 (torch.Size([1024])), Block block_0 (torch.Size([1024])).
I0316 10:19:04.625091 140439769326784 shampoo_preconditioner_list.py:352] Instantiated Adagrad Preconditioner 63.block_0 (torch.Size([0])) for Parameter 63 (torch.Size([1024, 256])), Block block_0 (torch.Size([1024, 256])).
I0316 10:19:04.625149 140238244979904 shampoo_preconditioner_list.py:352] Instantiated Adagrad Preconditioner 61.block_0 (torch.Size([1024])) for Parameter 61 (torch.Size([1024])), Block block_0 (torch.Size([1024])).
I0316 10:19:04.625183 140439769326784 shampoo_preconditioner_list.py:352] Instantiated Adagrad Preconditioner 64.block_0 (torch.Size([1024])) for Parameter 64 (torch.Size([1024])), Block block_0 (torch.Size([1024])).
I0316 10:19:04.625221 140238244979904 shampoo_preconditioner_list.py:352] Instantiated Adagrad Preconditioner 62.block_0 (torch.Size([0])) for Parameter 62 (torch.Size([1024, 512])), Block block_0 (torch.Size([1024, 512])).
I0316 10:19:04.625257 140439769326784 shampoo_preconditioner_list.py:352] Instantiated Adagrad Preconditioner 65.block_0 (torch.Size([0])) for Parameter 65 (torch.Size([1024])), Block block_0 (torch.Size([1024])).
I0316 10:19:04.625281 140238244979904 shampoo_preconditioner_list.py:352] Instantiated Adagrad Preconditioner 63.block_0 (torch.Size([0])) for Parameter 63 (torch.Size([1024, 256])), Block block_0 (torch.Size([1024, 256])).
I0316 10:19:04.625319 140439769326784 shampoo_preconditioner_list.py:352] Instantiated Adagrad Preconditioner 66.block_0 (torch.Size([0])) for Parameter 66 (torch.Size([512])), Block block_0 (torch.Size([512])).
I0316 10:19:04.625338 140238244979904 shampoo_preconditioner_list.py:352] Instantiated Adagrad Preconditioner 64.block_0 (torch.Size([0])) for Parameter 64 (torch.Size([1024])), Block block_0 (torch.Size([1024])).
I0316 10:19:04.625406 140439769326784 shampoo_preconditioner_list.py:352] Instantiated Adagrad Preconditioner 67.block_0 (torch.Size([512])) for Parameter 67 (torch.Size([512])), Block block_0 (torch.Size([512])).
I0316 10:19:04.625422 140238244979904 shampoo_preconditioner_list.py:352] Instantiated Adagrad Preconditioner 65.block_0 (torch.Size([1024])) for Parameter 65 (torch.Size([1024])), Block block_0 (torch.Size([1024])).
I0316 10:19:04.625479 140439769326784 shampoo_preconditioner_list.py:352] Instantiated Adagrad Preconditioner 68.block_0 (torch.Size([0])) for Parameter 68 (torch.Size([512, 512])), Block block_0 (torch.Size([512, 512])).
I0316 10:19:04.625499 140238244979904 shampoo_preconditioner_list.py:352] Instantiated Adagrad Preconditioner 66.block_0 (torch.Size([512])) for Parameter 66 (torch.Size([512])), Block block_0 (torch.Size([512])).
I0316 10:19:04.625550 140439769326784 shampoo_preconditioner_list.py:352] Instantiated Adagrad Preconditioner 69.block_0 (torch.Size([0])) for Parameter 69 (torch.Size([512])), Block block_0 (torch.Size([512])).
I0316 10:19:04.625581 140238244979904 shampoo_preconditioner_list.py:352] Instantiated Adagrad Preconditioner 67.block_0 (torch.Size([0])) for Parameter 67 (torch.Size([512])), Block block_0 (torch.Size([512])).
I0316 10:19:04.625630 140439769326784 shampoo_preconditioner_list.py:352] Instantiated Adagrad Preconditioner 70.block_0 (torch.Size([512])) for Parameter 70 (torch.Size([512])), Block block_0 (torch.Size([512])).
I0316 10:19:04.625641 140238244979904 shampoo_preconditioner_list.py:352] Instantiated Adagrad Preconditioner 68.block_0 (torch.Size([0])) for Parameter 68 (torch.Size([512, 512])), Block block_0 (torch.Size([512, 512])).
I0316 10:19:04.625706 140439769326784 shampoo_preconditioner_list.py:352] Instantiated Adagrad Preconditioner 71.block_0 (torch.Size([0])) for Parameter 71 (torch.Size([512])), Block block_0 (torch.Size([512])).
I0316 10:19:04.625723 140238244979904 shampoo_preconditioner_list.py:352] Instantiated Adagrad Preconditioner 69.block_0 (torch.Size([512])) for Parameter 69 (torch.Size([512])), Block block_0 (torch.Size([512])).
I0316 10:19:04.625761 140439769326784 shampoo_preconditioner_list.py:352] Instantiated Adagrad Preconditioner 72.block_0 (torch.Size([0])) for Parameter 72 (torch.Size([512, 512])), Block block_0 (torch.Size([512, 512])).
I0316 10:19:04.625794 140238244979904 shampoo_preconditioner_list.py:352] Instantiated Adagrad Preconditioner 70.block_0 (torch.Size([0])) for Parameter 70 (torch.Size([512])), Block block_0 (torch.Size([512])).
I0316 10:19:04.625836 140439769326784 shampoo_preconditioner_list.py:352] Instantiated Adagrad Preconditioner 73.block_0 (torch.Size([512])) for Parameter 73 (torch.Size([512])), Block block_0 (torch.Size([512])).
I0316 10:19:04.625873 140238244979904 shampoo_preconditioner_list.py:352] Instantiated Adagrad Preconditioner 71.block_0 (torch.Size([512])) for Parameter 71 (torch.Size([512])), Block block_0 (torch.Size([512])).
I0316 10:19:04.625899 140439769326784 shampoo_preconditioner_list.py:352] Instantiated Adagrad Preconditioner 74.block_0 (torch.Size([0])) for Parameter 74 (torch.Size([512])), Block block_0 (torch.Size([512])).
I0316 10:19:04.625939 140238244979904 shampoo_preconditioner_list.py:352] Instantiated Adagrad Preconditioner 72.block_0 (torch.Size([0])) for Parameter 72 (torch.Size([512, 512])), Block block_0 (torch.Size([512, 512])).
I0316 10:19:04.625982 140439769326784 shampoo_preconditioner_list.py:352] Instantiated Adagrad Preconditioner 75.block_0 (torch.Size([512])) for Parameter 75 (torch.Size([512])), Block block_0 (torch.Size([512])).
I0316 10:19:04.625994 140238244979904 shampoo_preconditioner_list.py:352] Instantiated Adagrad Preconditioner 73.block_0 (torch.Size([0])) for Parameter 73 (torch.Size([512])), Block block_0 (torch.Size([512])).
I0316 10:19:04.626050 140439769326784 shampoo_preconditioner_list.py:352] Instantiated Adagrad Preconditioner 76.block_0 (torch.Size([0])) for Parameter 76 (torch.Size([512, 512])), Block block_0 (torch.Size([512, 512])).
I0316 10:19:04.626064 140238244979904 shampoo_preconditioner_list.py:352] Instantiated Adagrad Preconditioner 74.block_0 (torch.Size([512])) for Parameter 74 (torch.Size([512])), Block block_0 (torch.Size([512])).
I0316 10:19:04.626105 140439769326784 shampoo_preconditioner_list.py:352] Instantiated Adagrad Preconditioner 77.block_0 (torch.Size([0])) for Parameter 77 (torch.Size([512])), Block block_0 (torch.Size([512])).
I0316 10:19:04.626119 140238244979904 shampoo_preconditioner_list.py:352] Instantiated Adagrad Preconditioner 75.block_0 (torch.Size([0])) for Parameter 75 (torch.Size([512])), Block block_0 (torch.Size([512])).
I0316 10:19:04.626166 140238244979904 shampoo_preconditioner_list.py:352] Instantiated Adagrad Preconditioner 76.block_0 (torch.Size([0])) for Parameter 76 (torch.Size([512, 512])), Block block_0 (torch.Size([512, 512])).
I0316 10:19:04.626182 140439769326784 shampoo_preconditioner_list.py:352] Instantiated Adagrad Preconditioner 78.block_0 (torch.Size([512])) for Parameter 78 (torch.Size([512])), Block block_0 (torch.Size([512])).
I0316 10:19:04.626241 140238244979904 shampoo_preconditioner_list.py:352] Instantiated Adagrad Preconditioner 77.block_0 (torch.Size([512])) for Parameter 77 (torch.Size([512])), Block block_0 (torch.Size([512])).
I0316 10:19:04.626246 140439769326784 shampoo_preconditioner_list.py:352] Instantiated Adagrad Preconditioner 79.block_0 (torch.Size([0])) for Parameter 79 (torch.Size([512])), Block block_0 (torch.Size([512])).
I0316 10:19:04.626294 140439769326784 shampoo_preconditioner_list.py:352] Instantiated Adagrad Preconditioner 80.block_0 (torch.Size([0])) for Parameter 80 (torch.Size([1024, 512])), Block block_0 (torch.Size([1024, 512])).
I0316 10:19:04.626305 140238244979904 shampoo_preconditioner_list.py:352] Instantiated Adagrad Preconditioner 78.block_0 (torch.Size([0])) for Parameter 78 (torch.Size([512])), Block block_0 (torch.Size([512])).
I0316 10:19:04.626373 140238244979904 shampoo_preconditioner_list.py:352] Instantiated Adagrad Preconditioner 79.block_0 (torch.Size([512])) for Parameter 79 (torch.Size([512])), Block block_0 (torch.Size([512])).
I0316 10:19:04.626372 140439769326784 shampoo_preconditioner_list.py:352] Instantiated Adagrad Preconditioner 81.block_0 (torch.Size([1024])) for Parameter 81 (torch.Size([1024])), Block block_0 (torch.Size([1024])).
I0316 10:19:04.626438 140238244979904 shampoo_preconditioner_list.py:352] Instantiated Adagrad Preconditioner 80.block_0 (torch.Size([0])) for Parameter 80 (torch.Size([1024, 512])), Block block_0 (torch.Size([1024, 512])).
I0316 10:19:04.626493 140238244979904 shampoo_preconditioner_list.py:352] Instantiated Adagrad Preconditioner 81.block_0 (torch.Size([0])) for Parameter 81 (torch.Size([1024])), Block block_0 (torch.Size([1024])).
I0316 10:19:04.626506 140439769326784 shampoo_preconditioner_list.py:375] Rank 7: AdaGradPreconditionerList Numel Breakdown: (0, 0, 0, 0, 0, 0, 0, 0, 0, 0, 524288, 0, 0, 0, 512, 0, 512, 0, 0, 1024, 1024, 0, 0, 1024, 1024, 0, 512, 0, 0, 1024, 0, 524288, 0, 1024, 0, 0, 512, 0, 262144, 1024, 0, 0, 0, 1024, 0, 0, 512, 0, 0, 1024, 0, 0, 0, 1024, 0, 0, 512, 0, 0, 1024, 0, 0, 262144, 1024, 0, 0, 512, 524288, 0, 1024, 0, 0, 0, 1024, 0, 0, 512, 0, 0, 512, 0, 0, 512, 0, 512, 0, 0, 512, 0, 0, 1024)
I0316 10:19:04.626567 140439769326784 shampoo_preconditioner_list.py:378] Rank 7: AdaGradPreconditionerList Bytes Breakdown: (0, 0, 0, 0, 0, 0, 0, 0, 0, 0, 2097152, 0, 0, 0, 2048, 0, 2048, 0, 0, 4096, 4096, 0, 0, 4096, 4096, 0, 2048, 0, 0, 4096, 0, 2097152, 0, 4096, 0, 0, 2048, 0, 1048576, 4096, 0, 0, 0, 4096, 0, 0, 2048, 0, 0, 4096, 0, 0, 0, 4096, 0, 0, 2048, 0, 0, 4096, 0, 0, 1048576, 4096, 0, 0, 2048, 2097152, 0, 4096, 0, 0, 0, 4096, 0, 0, 2048, 0, 0, 2048, 0, 0, 2048, 0, 2048, 0, 0, 2048, 0, 0, 4096)
I0316 10:19:04.626608 140439769326784 shampoo_preconditioner_list.py:381] Rank 7: AdaGradPreconditionerList Total Elements: 2118656
I0316 10:19:04.626652 140439769326784 shampoo_preconditioner_list.py:384] Rank 7: AdaGradPreconditionerList Total Bytes: 8474624
I0316 10:19:04.626647 140238244979904 shampoo_preconditioner_list.py:375] Rank 6: AdaGradPreconditionerList Numel Breakdown: (4608, 512, 0, 512, 0, 0, 0, 0, 0, 524288, 0, 0, 0, 0, 0, 512, 0, 0, 0, 0, 0, 0, 0, 0, 0, 512, 0, 524288, 0, 0, 1024, 0, 262144, 0, 1024, 512, 0, 0, 0, 0, 1024, 0, 0, 0, 1024, 512, 0, 0, 0, 0, 1024, 0, 0, 0, 1024, 512, 0, 0, 262144, 0, 1024, 524288, 0, 0, 1024, 512, 0, 0, 0, 0, 1024, 0, 0, 0, 1024, 512, 0, 0, 512, 0, 512, 0, 0, 512, 0, 0, 512, 0, 512, 0, 0)
I0316 10:19:04.626694 140238244979904 shampoo_preconditioner_list.py:378] Rank 6: AdaGradPreconditionerList Bytes Breakdown: (18432, 2048, 0, 2048, 0, 0, 0, 0, 0, 2097152, 0, 0, 0, 0, 0, 2048, 0, 0, 0, 0, 0, 0, 0, 0, 0, 2048, 0, 2097152, 0, 0, 4096, 0, 1048576, 0, 4096, 2048, 0, 0, 0, 0, 4096, 0, 0, 0, 4096, 2048, 0, 0, 0, 0, 4096, 0, 0, 0, 4096, 2048, 0, 0, 1048576, 0, 4096, 2097152, 0, 0, 4096, 2048, 0, 0, 0, 0, 4096, 0, 0, 0, 4096, 2048, 0, 0, 2048, 0, 2048, 0, 0, 2048, 0, 0, 2048, 0, 2048, 0, 0)
I0316 10:19:04.626751 140238244979904 shampoo_preconditioner_list.py:381] Rank 6: AdaGradPreconditionerList Total Elements: 2119168
I0316 10:19:04.626796 140238244979904 shampoo_preconditioner_list.py:384] Rank 6: AdaGradPreconditionerList Total Bytes: 8476672
I0316 10:19:04.630213 140439769326784 logger_utils.py:262] Unable to record workload.train_mean information. Continuing without it.
I0316 10:19:04.630297 140439769326784 logger_utils.py:262] Unable to record workload.train_stddev information. Continuing without it.
I0316 10:19:04.630304 140238244979904 logger_utils.py:262] Unable to record workload.train_mean information. Continuing without it.
I0316 10:19:04.630388 140238244979904 logger_utils.py:262] Unable to record workload.train_stddev information. Continuing without it.
I0316 10:19:05.374289 139933085344960 submission_runner.py:325] Saving flags to /experiment_runs/submissions/rolling_leaderboard/external_tuning/shampoo/study_2/librispeech_deepspeech_pytorch/trial_5/flags_0.json.
I0316 10:19:05.388528 139933085344960 submission_runner.py:337] Starting training loop.
/usr/local/lib/python3.11/multiprocessing/popen_fork.py:66: RuntimeWarning: os.fork() was called. os.fork() is incompatible with multithreaded code, and JAX is multithreaded, so this will likely lead to a deadlock.
  self.pid = os.fork()
/usr/local/lib/python3.11/multiprocessing/popen_fork.py:66: RuntimeWarning: os.fork() was called. os.fork() is incompatible with multithreaded code, and JAX is multithreaded, so this will likely lead to a deadlock.
  self.pid = os.fork()
/usr/local/lib/python3.11/multiprocessing/popen_fork.py:66: RuntimeWarning: os.fork() was called. os.fork() is incompatible with multithreaded code, and JAX is multithreaded, so this will likely lead to a deadlock.
  self.pid = os.fork()
/usr/local/lib/python3.11/multiprocessing/popen_fork.py:66: RuntimeWarning: os.fork() was called. os.fork() is incompatible with multithreaded code, and JAX is multithreaded, so this will likely lead to a deadlock.
  self.pid = os.fork()
/usr/local/lib/python3.11/multiprocessing/popen_fork.py:66: RuntimeWarning: os.fork() was called. os.fork() is incompatible with multithreaded code, and JAX is multithreaded, so this will likely lead to a deadlock.
  self.pid = os.fork()
/usr/local/lib/python3.11/multiprocessing/popen_fork.py:66: RuntimeWarning: os.fork() was called. os.fork() is incompatible with multithreaded code, and JAX is multithreaded, so this will likely lead to a deadlock.
  self.pid = os.fork()
/usr/local/lib/python3.11/multiprocessing/popen_fork.py:66: RuntimeWarning: os.fork() was called. os.fork() is incompatible with multithreaded code, and JAX is multithreaded, so this will likely lead to a deadlock.
  self.pid = os.fork()
/usr/local/lib/python3.11/multiprocessing/popen_fork.py:66: RuntimeWarning: os.fork() was called. os.fork() is incompatible with multithreaded code, and JAX is multithreaded, so this will likely lead to a deadlock.
  self.pid = os.fork()
/algorithmic-efficiency/algoperf/workloads/librispeech_conformer/librispeech_pytorch/preprocessor.py:488: UserWarning: Specified kernel cache directory could not be created! This disables kernel caching. Specified directory is /root/.cache/torch/kernels. This warning will appear only once per process. (Triggered internally at ../aten/src/ATen/native/cuda/jit_utils.cpp:1442.)
  spectrum = torch.abs(spectrum)
/algorithmic-efficiency/algoperf/workloads/librispeech_conformer/librispeech_pytorch/preprocessor.py:488: UserWarning: Specified kernel cache directory could not be created! This disables kernel caching. Specified directory is /root/.cache/torch/kernels. This warning will appear only once per process. (Triggered internally at ../aten/src/ATen/native/cuda/jit_utils.cpp:1442.)
  spectrum = torch.abs(spectrum)
/algorithmic-efficiency/algoperf/workloads/librispeech_conformer/librispeech_pytorch/preprocessor.py:488: UserWarning: Specified kernel cache directory could not be created! This disables kernel caching. Specified directory is /root/.cache/torch/kernels. This warning will appear only once per process. (Triggered internally at ../aten/src/ATen/native/cuda/jit_utils.cpp:1442.)
  spectrum = torch.abs(spectrum)
/algorithmic-efficiency/algoperf/workloads/librispeech_conformer/librispeech_pytorch/preprocessor.py:488: UserWarning: Specified kernel cache directory could not be created! This disables kernel caching. Specified directory is /root/.cache/torch/kernels. This warning will appear only once per process. (Triggered internally at ../aten/src/ATen/native/cuda/jit_utils.cpp:1442.)
  spectrum = torch.abs(spectrum)
/algorithmic-efficiency/algoperf/workloads/librispeech_conformer/librispeech_pytorch/preprocessor.py:488: UserWarning: Specified kernel cache directory could not be created! This disables kernel caching. Specified directory is /root/.cache/torch/kernels. This warning will appear only once per process. (Triggered internally at ../aten/src/ATen/native/cuda/jit_utils.cpp:1442.)
  spectrum = torch.abs(spectrum)
/algorithmic-efficiency/algoperf/workloads/librispeech_conformer/librispeech_pytorch/preprocessor.py:488: UserWarning: Specified kernel cache directory could not be created! This disables kernel caching. Specified directory is /root/.cache/torch/kernels. This warning will appear only once per process. (Triggered internally at ../aten/src/ATen/native/cuda/jit_utils.cpp:1442.)
  spectrum = torch.abs(spectrum)
/algorithmic-efficiency/algoperf/workloads/librispeech_conformer/librispeech_pytorch/preprocessor.py:488: UserWarning: Specified kernel cache directory could not be created! This disables kernel caching. Specified directory is /root/.cache/torch/kernels. This warning will appear only once per process. (Triggered internally at ../aten/src/ATen/native/cuda/jit_utils.cpp:1442.)
  spectrum = torch.abs(spectrum)
I0316 10:20:35.054503 139914331027200 logging_writer.py:48] [0] global_step=0, grad_norm=23.4979, loss=33.903
I0316 10:20:35.283174 139933085344960 submission.py:265] 0) loss = 33.903, grad_norm = 23.498
I0316 10:20:35.718865 139933085344960 spec.py:321] Evaluating on the training split.
I0316 10:20:35.719855 139933085344960 input_pipeline.py:20] Loading split = train-clean-100
I0316 10:20:35.748018 139933085344960 input_pipeline.py:20] Loading split = train-clean-360
I0316 10:20:35.843564 139933085344960 input_pipeline.py:20] Loading split = train-other-500
/usr/local/lib/python3.11/multiprocessing/popen_fork.py:66: RuntimeWarning: os.fork() was called. os.fork() is incompatible with multithreaded code, and JAX is multithreaded, so this will likely lead to a deadlock.
  self.pid = os.fork()
/usr/local/lib/python3.11/multiprocessing/popen_fork.py:66: RuntimeWarning: os.fork() was called. os.fork() is incompatible with multithreaded code, and JAX is multithreaded, so this will likely lead to a deadlock.
  self.pid = os.fork()
/usr/local/lib/python3.11/multiprocessing/popen_fork.py:66: RuntimeWarning: os.fork() was called. os.fork() is incompatible with multithreaded code, and JAX is multithreaded, so this will likely lead to a deadlock.
  self.pid = os.fork()
/usr/local/lib/python3.11/multiprocessing/popen_fork.py:66: RuntimeWarning: os.fork() was called. os.fork() is incompatible with multithreaded code, and JAX is multithreaded, so this will likely lead to a deadlock.
  self.pid = os.fork()
/usr/local/lib/python3.11/multiprocessing/popen_fork.py:66: RuntimeWarning: os.fork() was called. os.fork() is incompatible with multithreaded code, and JAX is multithreaded, so this will likely lead to a deadlock.
  self.pid = os.fork()
/usr/local/lib/python3.11/multiprocessing/popen_fork.py:66: RuntimeWarning: os.fork() was called. os.fork() is incompatible with multithreaded code, and JAX is multithreaded, so this will likely lead to a deadlock.
  self.pid = os.fork()
/usr/local/lib/python3.11/multiprocessing/popen_fork.py:66: RuntimeWarning: os.fork() was called. os.fork() is incompatible with multithreaded code, and JAX is multithreaded, so this will likely lead to a deadlock.
  self.pid = os.fork()
/usr/local/lib/python3.11/multiprocessing/popen_fork.py:66: RuntimeWarning: os.fork() was called. os.fork() is incompatible with multithreaded code, and JAX is multithreaded, so this will likely lead to a deadlock.
  self.pid = os.fork()
I0316 10:21:03.047661 139933085344960 spec.py:333] Evaluating on the validation split.
I0316 10:21:03.048918 139933085344960 input_pipeline.py:20] Loading split = dev-clean
I0316 10:21:03.071028 139933085344960 input_pipeline.py:20] Loading split = dev-other
/usr/local/lib/python3.11/multiprocessing/popen_fork.py:66: RuntimeWarning: os.fork() was called. os.fork() is incompatible with multithreaded code, and JAX is multithreaded, so this will likely lead to a deadlock.
  self.pid = os.fork()
/usr/local/lib/python3.11/multiprocessing/popen_fork.py:66: RuntimeWarning: os.fork() was called. os.fork() is incompatible with multithreaded code, and JAX is multithreaded, so this will likely lead to a deadlock.
  self.pid = os.fork()
/usr/local/lib/python3.11/multiprocessing/popen_fork.py:66: RuntimeWarning: os.fork() was called. os.fork() is incompatible with multithreaded code, and JAX is multithreaded, so this will likely lead to a deadlock.
  self.pid = os.fork()
/usr/local/lib/python3.11/multiprocessing/popen_fork.py:66: RuntimeWarning: os.fork() was called. os.fork() is incompatible with multithreaded code, and JAX is multithreaded, so this will likely lead to a deadlock.
  self.pid = os.fork()
/usr/local/lib/python3.11/multiprocessing/popen_fork.py:66: RuntimeWarning: os.fork() was called. os.fork() is incompatible with multithreaded code, and JAX is multithreaded, so this will likely lead to a deadlock.
  self.pid = os.fork()
/usr/local/lib/python3.11/multiprocessing/popen_fork.py:66: RuntimeWarning: os.fork() was called. os.fork() is incompatible with multithreaded code, and JAX is multithreaded, so this will likely lead to a deadlock.
  self.pid = os.fork()
/usr/local/lib/python3.11/multiprocessing/popen_fork.py:66: RuntimeWarning: os.fork() was called. os.fork() is incompatible with multithreaded code, and JAX is multithreaded, so this will likely lead to a deadlock.
  self.pid = os.fork()
/usr/local/lib/python3.11/multiprocessing/popen_fork.py:66: RuntimeWarning: os.fork() was called. os.fork() is incompatible with multithreaded code, and JAX is multithreaded, so this will likely lead to a deadlock.
  self.pid = os.fork()
I0316 10:21:25.585551 139933085344960 spec.py:349] Evaluating on the test split.
I0316 10:21:25.586864 139933085344960 input_pipeline.py:20] Loading split = test-clean
I0316 10:21:37.983591 139933085344960 submission_runner.py:469] Time since start: 152.59s, 	Step: 1, 	{'train/ctc_loss': 32.26477742029637, 'train/wer': 3.0753488221519603, 'validation/ctc_loss': 31.098135543430026, 'validation/wer': 3.0214647805725874, 'validation/num_examples': 5348, 'test/ctc_loss': 31.146233012948016, 'test/wer': 2.954664554262385, 'test/num_examples': 2472, 'score': 89.89594173431396, 'total_duration': 152.59471201896667, 'accumulated_submission_time': 89.89594173431396, 'accumulated_eval_time': 62.264322996139526, 'accumulated_logging_time': 0}
I0316 10:21:38.002096 139914094003968 logging_writer.py:48] [1] accumulated_eval_time=62.2643, accumulated_logging_time=0, accumulated_submission_time=89.8959, global_step=1, preemption_count=0, score=89.8959, test/ctc_loss=31.1462, test/num_examples=2472, test/wer=2.95466, total_duration=152.595, train/ctc_loss=32.2648, train/wer=3.07535, validation/ctc_loss=31.0981, validation/num_examples=5348, validation/wer=3.02146
I0316 10:21:39.828958 139914085611264 logging_writer.py:48] [1] global_step=1, grad_norm=23.0097, loss=32.6533
I0316 10:21:39.832736 139933085344960 submission.py:265] 1) loss = 32.653, grad_norm = 23.010
I0316 10:21:40.707993 139914094003968 logging_writer.py:48] [2] global_step=2, grad_norm=25.8288, loss=33.4108
I0316 10:21:40.712695 139933085344960 submission.py:265] 2) loss = 33.411, grad_norm = 25.829
I0316 10:21:41.588116 139914085611264 logging_writer.py:48] [3] global_step=3, grad_norm=25.9274, loss=33.1673
I0316 10:21:41.592077 139933085344960 submission.py:265] 3) loss = 33.167, grad_norm = 25.927
I0316 10:21:42.461666 139914094003968 logging_writer.py:48] [4] global_step=4, grad_norm=23.5816, loss=32.6399
I0316 10:21:42.465349 139933085344960 submission.py:265] 4) loss = 32.640, grad_norm = 23.582
I0316 10:21:43.331153 139914085611264 logging_writer.py:48] [5] global_step=5, grad_norm=26.0373, loss=32.9653
I0316 10:21:43.335056 139933085344960 submission.py:265] 5) loss = 32.965, grad_norm = 26.037
I0316 10:21:44.207277 139914094003968 logging_writer.py:48] [6] global_step=6, grad_norm=28.5244, loss=32.1003
I0316 10:21:44.211378 139933085344960 submission.py:265] 6) loss = 32.100, grad_norm = 28.524
I0316 10:21:45.081145 139914085611264 logging_writer.py:48] [7] global_step=7, grad_norm=29.2151, loss=32.2513
I0316 10:21:45.085782 139933085344960 submission.py:265] 7) loss = 32.251, grad_norm = 29.215
I0316 10:21:45.956856 139914094003968 logging_writer.py:48] [8] global_step=8, grad_norm=29.0027, loss=32.7189
I0316 10:21:45.960453 139933085344960 submission.py:265] 8) loss = 32.719, grad_norm = 29.003
I0316 10:21:46.821312 139914085611264 logging_writer.py:48] [9] global_step=9, grad_norm=32.4613, loss=33.4315
I0316 10:21:46.824936 139933085344960 submission.py:265] 9) loss = 33.432, grad_norm = 32.461
I0316 10:21:47.692004 139914094003968 logging_writer.py:48] [10] global_step=10, grad_norm=30.6571, loss=32.7386
I0316 10:21:47.695760 139933085344960 submission.py:265] 10) loss = 32.739, grad_norm = 30.657
I0316 10:21:48.563989 139914085611264 logging_writer.py:48] [11] global_step=11, grad_norm=31.1904, loss=32.308
I0316 10:21:48.568148 139933085344960 submission.py:265] 11) loss = 32.308, grad_norm = 31.190
I0316 10:21:49.435598 139914094003968 logging_writer.py:48] [12] global_step=12, grad_norm=28.7454, loss=32.2474
I0316 10:21:49.439339 139933085344960 submission.py:265] 12) loss = 32.247, grad_norm = 28.745
I0316 10:21:50.306263 139914085611264 logging_writer.py:48] [13] global_step=13, grad_norm=29.3138, loss=31.5875
I0316 10:21:50.309778 139933085344960 submission.py:265] 13) loss = 31.588, grad_norm = 29.314
I0316 10:21:51.180684 139914094003968 logging_writer.py:48] [14] global_step=14, grad_norm=28.6551, loss=31.7295
I0316 10:21:51.184888 139933085344960 submission.py:265] 14) loss = 31.729, grad_norm = 28.655
I0316 10:21:52.047592 139914085611264 logging_writer.py:48] [15] global_step=15, grad_norm=28.5916, loss=31.9603
I0316 10:21:52.051177 139933085344960 submission.py:265] 15) loss = 31.960, grad_norm = 28.592
I0316 10:21:52.918934 139914094003968 logging_writer.py:48] [16] global_step=16, grad_norm=29.2476, loss=30.6142
I0316 10:21:52.922773 139933085344960 submission.py:265] 16) loss = 30.614, grad_norm = 29.248
I0316 10:21:53.784691 139914085611264 logging_writer.py:48] [17] global_step=17, grad_norm=29.4806, loss=31.3251
I0316 10:21:53.788223 139933085344960 submission.py:265] 17) loss = 31.325, grad_norm = 29.481
I0316 10:21:54.659130 139914094003968 logging_writer.py:48] [18] global_step=18, grad_norm=30.9021, loss=30.6398
I0316 10:21:54.662604 139933085344960 submission.py:265] 18) loss = 30.640, grad_norm = 30.902
I0316 10:21:55.527088 139914085611264 logging_writer.py:48] [19] global_step=19, grad_norm=30.9338, loss=31.3043
I0316 10:21:55.530597 139933085344960 submission.py:265] 19) loss = 31.304, grad_norm = 30.934
I0316 10:21:56.396447 139914094003968 logging_writer.py:48] [20] global_step=20, grad_norm=32.0401, loss=30.1323
I0316 10:21:56.399837 139933085344960 submission.py:265] 20) loss = 30.132, grad_norm = 32.040
I0316 10:21:57.264596 139914085611264 logging_writer.py:48] [21] global_step=21, grad_norm=33.8309, loss=30.1272
I0316 10:21:57.268095 139933085344960 submission.py:265] 21) loss = 30.127, grad_norm = 33.831
I0316 10:21:58.137626 139914094003968 logging_writer.py:48] [22] global_step=22, grad_norm=31.1003, loss=29.1403
I0316 10:21:58.141576 139933085344960 submission.py:265] 22) loss = 29.140, grad_norm = 31.100
I0316 10:21:59.015367 139914085611264 logging_writer.py:48] [23] global_step=23, grad_norm=35.3113, loss=30.2856
I0316 10:21:59.018892 139933085344960 submission.py:265] 23) loss = 30.286, grad_norm = 35.311
I0316 10:21:59.885138 139914094003968 logging_writer.py:48] [24] global_step=24, grad_norm=34.566, loss=29.6941
I0316 10:21:59.888778 139933085344960 submission.py:265] 24) loss = 29.694, grad_norm = 34.566
I0316 10:22:00.756958 139914085611264 logging_writer.py:48] [25] global_step=25, grad_norm=34.8509, loss=28.6908
I0316 10:22:00.761137 139933085344960 submission.py:265] 25) loss = 28.691, grad_norm = 34.851
I0316 10:22:01.625495 139914094003968 logging_writer.py:48] [26] global_step=26, grad_norm=35.2428, loss=28.6481
I0316 10:22:01.629094 139933085344960 submission.py:265] 26) loss = 28.648, grad_norm = 35.243
I0316 10:22:02.491424 139914085611264 logging_writer.py:48] [27] global_step=27, grad_norm=33.2151, loss=28.27
I0316 10:22:02.495058 139933085344960 submission.py:265] 27) loss = 28.270, grad_norm = 33.215
I0316 10:22:03.369614 139914094003968 logging_writer.py:48] [28] global_step=28, grad_norm=34.1401, loss=27.8232
I0316 10:22:03.373448 139933085344960 submission.py:265] 28) loss = 27.823, grad_norm = 34.140
I0316 10:22:04.245541 139914085611264 logging_writer.py:48] [29] global_step=29, grad_norm=34.4362, loss=27.3078
I0316 10:22:04.249244 139933085344960 submission.py:265] 29) loss = 27.308, grad_norm = 34.436
I0316 10:22:05.119167 139914094003968 logging_writer.py:48] [30] global_step=30, grad_norm=34.8489, loss=26.9908
I0316 10:22:05.123080 139933085344960 submission.py:265] 30) loss = 26.991, grad_norm = 34.849
I0316 10:22:05.993760 139914085611264 logging_writer.py:48] [31] global_step=31, grad_norm=35.8, loss=27.2325
I0316 10:22:05.997283 139933085344960 submission.py:265] 31) loss = 27.233, grad_norm = 35.800
I0316 10:22:06.863756 139914094003968 logging_writer.py:48] [32] global_step=32, grad_norm=35.2748, loss=26.6064
I0316 10:22:06.867249 139933085344960 submission.py:265] 32) loss = 26.606, grad_norm = 35.275
I0316 10:22:07.737267 139914085611264 logging_writer.py:48] [33] global_step=33, grad_norm=33.7541, loss=25.7969
I0316 10:22:07.740707 139933085344960 submission.py:265] 33) loss = 25.797, grad_norm = 33.754
I0316 10:22:08.610800 139914094003968 logging_writer.py:48] [34] global_step=34, grad_norm=32.6922, loss=25.5288
I0316 10:22:08.614294 139933085344960 submission.py:265] 34) loss = 25.529, grad_norm = 32.692
I0316 10:22:09.479136 139914085611264 logging_writer.py:48] [35] global_step=35, grad_norm=34.6144, loss=25.5034
I0316 10:22:09.482612 139933085344960 submission.py:265] 35) loss = 25.503, grad_norm = 34.614
I0316 10:22:10.351826 139914094003968 logging_writer.py:48] [36] global_step=36, grad_norm=34.0777, loss=24.6449
I0316 10:22:10.355354 139933085344960 submission.py:265] 36) loss = 24.645, grad_norm = 34.078
I0316 10:22:11.218100 139914085611264 logging_writer.py:48] [37] global_step=37, grad_norm=33.7029, loss=23.9968
I0316 10:22:11.221807 139933085344960 submission.py:265] 37) loss = 23.997, grad_norm = 33.703
I0316 10:22:12.088448 139914094003968 logging_writer.py:48] [38] global_step=38, grad_norm=33.2621, loss=24.3057
I0316 10:22:12.092273 139933085344960 submission.py:265] 38) loss = 24.306, grad_norm = 33.262
I0316 10:22:12.957829 139914085611264 logging_writer.py:48] [39] global_step=39, grad_norm=33.1117, loss=23.4432
I0316 10:22:12.961337 139933085344960 submission.py:265] 39) loss = 23.443, grad_norm = 33.112
I0316 10:22:13.840404 139914094003968 logging_writer.py:48] [40] global_step=40, grad_norm=33.1592, loss=23.3087
I0316 10:22:13.844873 139933085344960 submission.py:265] 40) loss = 23.309, grad_norm = 33.159
I0316 10:22:14.713943 139914085611264 logging_writer.py:48] [41] global_step=41, grad_norm=32.6643, loss=23.0447
I0316 10:22:14.718317 139933085344960 submission.py:265] 41) loss = 23.045, grad_norm = 32.664
I0316 10:22:15.584751 139914094003968 logging_writer.py:48] [42] global_step=42, grad_norm=31.1597, loss=22.2543
I0316 10:22:15.588401 139933085344960 submission.py:265] 42) loss = 22.254, grad_norm = 31.160
I0316 10:22:16.459302 139914085611264 logging_writer.py:48] [43] global_step=43, grad_norm=30.7325, loss=21.8586
I0316 10:22:16.462784 139933085344960 submission.py:265] 43) loss = 21.859, grad_norm = 30.732
I0316 10:22:17.336389 139914094003968 logging_writer.py:48] [44] global_step=44, grad_norm=30.8816, loss=22.4831
I0316 10:22:17.340061 139933085344960 submission.py:265] 44) loss = 22.483, grad_norm = 30.882
I0316 10:22:18.208469 139914085611264 logging_writer.py:48] [45] global_step=45, grad_norm=29.2674, loss=21.0382
I0316 10:22:18.212303 139933085344960 submission.py:265] 45) loss = 21.038, grad_norm = 29.267
I0316 10:22:19.082222 139914094003968 logging_writer.py:48] [46] global_step=46, grad_norm=28.6667, loss=20.9376
I0316 10:22:19.086245 139933085344960 submission.py:265] 46) loss = 20.938, grad_norm = 28.667
I0316 10:22:19.952776 139914085611264 logging_writer.py:48] [47] global_step=47, grad_norm=28.2699, loss=20.5388
I0316 10:22:19.957457 139933085344960 submission.py:265] 47) loss = 20.539, grad_norm = 28.270
I0316 10:22:20.826542 139914094003968 logging_writer.py:48] [48] global_step=48, grad_norm=27.5211, loss=20.0119
I0316 10:22:20.830504 139933085344960 submission.py:265] 48) loss = 20.012, grad_norm = 27.521
I0316 10:22:21.696942 139914085611264 logging_writer.py:48] [49] global_step=49, grad_norm=27.1326, loss=18.7431
I0316 10:22:21.700528 139933085344960 submission.py:265] 49) loss = 18.743, grad_norm = 27.133
I0316 10:22:22.570717 139914094003968 logging_writer.py:48] [50] global_step=50, grad_norm=27.3325, loss=19.1134
I0316 10:22:22.574788 139933085344960 submission.py:265] 50) loss = 19.113, grad_norm = 27.333
I0316 10:22:23.446146 139914085611264 logging_writer.py:48] [51] global_step=51, grad_norm=27.1685, loss=18.718
I0316 10:22:23.450087 139933085344960 submission.py:265] 51) loss = 18.718, grad_norm = 27.169
I0316 10:22:24.313569 139914094003968 logging_writer.py:48] [52] global_step=52, grad_norm=25.4136, loss=18.1203
I0316 10:22:24.317417 139933085344960 submission.py:265] 52) loss = 18.120, grad_norm = 25.414
I0316 10:22:25.184603 139914085611264 logging_writer.py:48] [53] global_step=53, grad_norm=25.2499, loss=17.9574
I0316 10:22:25.188368 139933085344960 submission.py:265] 53) loss = 17.957, grad_norm = 25.250
I0316 10:22:26.053231 139914094003968 logging_writer.py:48] [54] global_step=54, grad_norm=23.1377, loss=17.8827
I0316 10:22:26.057096 139933085344960 submission.py:265] 54) loss = 17.883, grad_norm = 23.138
I0316 10:22:26.922877 139914085611264 logging_writer.py:48] [55] global_step=55, grad_norm=23.6293, loss=17.1359
I0316 10:22:26.927019 139933085344960 submission.py:265] 55) loss = 17.136, grad_norm = 23.629
I0316 10:22:27.798209 139914094003968 logging_writer.py:48] [56] global_step=56, grad_norm=23.3124, loss=16.7729
I0316 10:22:27.802310 139933085344960 submission.py:265] 56) loss = 16.773, grad_norm = 23.312
I0316 10:22:28.673660 139914085611264 logging_writer.py:48] [57] global_step=57, grad_norm=20.7531, loss=16.0415
I0316 10:22:28.677755 139933085344960 submission.py:265] 57) loss = 16.041, grad_norm = 20.753
I0316 10:22:29.548360 139914094003968 logging_writer.py:48] [58] global_step=58, grad_norm=20.9297, loss=16.2469
I0316 10:22:29.552167 139933085344960 submission.py:265] 58) loss = 16.247, grad_norm = 20.930
I0316 10:22:30.420507 139914085611264 logging_writer.py:48] [59] global_step=59, grad_norm=20.6585, loss=16.171
I0316 10:22:30.424419 139933085344960 submission.py:265] 59) loss = 16.171, grad_norm = 20.659
I0316 10:22:31.291549 139914094003968 logging_writer.py:48] [60] global_step=60, grad_norm=19.4067, loss=15.7213
I0316 10:22:31.295452 139933085344960 submission.py:265] 60) loss = 15.721, grad_norm = 19.407
I0316 10:22:32.163328 139914085611264 logging_writer.py:48] [61] global_step=61, grad_norm=17.6114, loss=14.9585
I0316 10:22:32.170125 139933085344960 submission.py:265] 61) loss = 14.958, grad_norm = 17.611
I0316 10:22:33.041097 139914094003968 logging_writer.py:48] [62] global_step=62, grad_norm=18.0845, loss=15.0403
I0316 10:22:33.045685 139933085344960 submission.py:265] 62) loss = 15.040, grad_norm = 18.085
I0316 10:22:33.916755 139914085611264 logging_writer.py:48] [63] global_step=63, grad_norm=15.7963, loss=14.7797
I0316 10:22:33.921046 139933085344960 submission.py:265] 63) loss = 14.780, grad_norm = 15.796
I0316 10:22:34.790912 139914094003968 logging_writer.py:48] [64] global_step=64, grad_norm=15.0942, loss=14.738
I0316 10:22:34.794462 139933085344960 submission.py:265] 64) loss = 14.738, grad_norm = 15.094
I0316 10:22:35.657994 139914085611264 logging_writer.py:48] [65] global_step=65, grad_norm=15.9027, loss=14.8245
I0316 10:22:35.661475 139933085344960 submission.py:265] 65) loss = 14.825, grad_norm = 15.903
I0316 10:22:36.533913 139914094003968 logging_writer.py:48] [66] global_step=66, grad_norm=13.6415, loss=13.946
I0316 10:22:36.537834 139933085344960 submission.py:265] 66) loss = 13.946, grad_norm = 13.641
I0316 10:22:37.402671 139914085611264 logging_writer.py:48] [67] global_step=67, grad_norm=13.9031, loss=13.6249
I0316 10:22:37.406268 139933085344960 submission.py:265] 67) loss = 13.625, grad_norm = 13.903
I0316 10:22:38.275652 139914094003968 logging_writer.py:48] [68] global_step=68, grad_norm=13.3573, loss=13.6396
I0316 10:22:38.279022 139933085344960 submission.py:265] 68) loss = 13.640, grad_norm = 13.357
I0316 10:22:39.148771 139914085611264 logging_writer.py:48] [69] global_step=69, grad_norm=12.9219, loss=13.1918
I0316 10:22:39.152578 139933085344960 submission.py:265] 69) loss = 13.192, grad_norm = 12.922
I0316 10:22:40.018991 139914094003968 logging_writer.py:48] [70] global_step=70, grad_norm=12.5174, loss=12.9068
I0316 10:22:40.022925 139933085344960 submission.py:265] 70) loss = 12.907, grad_norm = 12.517
I0316 10:22:40.887548 139914085611264 logging_writer.py:48] [71] global_step=71, grad_norm=11.5656, loss=13.0194
I0316 10:22:40.891689 139933085344960 submission.py:265] 71) loss = 13.019, grad_norm = 11.566
I0316 10:22:41.758111 139914094003968 logging_writer.py:48] [72] global_step=72, grad_norm=12.5532, loss=13.1191
I0316 10:22:41.762031 139933085344960 submission.py:265] 72) loss = 13.119, grad_norm = 12.553
I0316 10:22:42.631901 139914085611264 logging_writer.py:48] [73] global_step=73, grad_norm=11.3541, loss=12.7739
I0316 10:22:42.635756 139933085344960 submission.py:265] 73) loss = 12.774, grad_norm = 11.354
I0316 10:22:43.494816 139914094003968 logging_writer.py:48] [74] global_step=74, grad_norm=11.6355, loss=12.8954
I0316 10:22:43.498478 139933085344960 submission.py:265] 74) loss = 12.895, grad_norm = 11.635
I0316 10:22:44.370719 139914085611264 logging_writer.py:48] [75] global_step=75, grad_norm=11.139, loss=12.3294
I0316 10:22:44.378505 139933085344960 submission.py:265] 75) loss = 12.329, grad_norm = 11.139
I0316 10:22:45.245835 139914094003968 logging_writer.py:48] [76] global_step=76, grad_norm=10.3882, loss=12.1842
I0316 10:22:45.249449 139933085344960 submission.py:265] 76) loss = 12.184, grad_norm = 10.388
I0316 10:22:46.117846 139914085611264 logging_writer.py:48] [77] global_step=77, grad_norm=11.4529, loss=12.4147
I0316 10:22:46.121728 139933085344960 submission.py:265] 77) loss = 12.415, grad_norm = 11.453
I0316 10:22:46.997124 139914094003968 logging_writer.py:48] [78] global_step=78, grad_norm=11.5294, loss=12.2645
I0316 10:22:47.000683 139933085344960 submission.py:265] 78) loss = 12.264, grad_norm = 11.529
I0316 10:22:47.864485 139914085611264 logging_writer.py:48] [79] global_step=79, grad_norm=9.41959, loss=11.4793
I0316 10:22:47.867789 139933085344960 submission.py:265] 79) loss = 11.479, grad_norm = 9.420
I0316 10:22:48.739031 139914094003968 logging_writer.py:48] [80] global_step=80, grad_norm=10.9341, loss=11.4294
I0316 10:22:48.742580 139933085344960 submission.py:265] 80) loss = 11.429, grad_norm = 10.934
I0316 10:22:49.611302 139914085611264 logging_writer.py:48] [81] global_step=81, grad_norm=9.51789, loss=11.0696
I0316 10:22:49.614907 139933085344960 submission.py:265] 81) loss = 11.070, grad_norm = 9.518
I0316 10:22:50.483295 139914094003968 logging_writer.py:48] [82] global_step=82, grad_norm=9.62207, loss=11.531
I0316 10:22:50.487016 139933085344960 submission.py:265] 82) loss = 11.531, grad_norm = 9.622
I0316 10:22:51.350268 139914085611264 logging_writer.py:48] [83] global_step=83, grad_norm=9.66279, loss=11.0128
I0316 10:22:51.353700 139933085344960 submission.py:265] 83) loss = 11.013, grad_norm = 9.663
I0316 10:22:52.222086 139914094003968 logging_writer.py:48] [84] global_step=84, grad_norm=10.4, loss=11.1534
I0316 10:22:52.225581 139933085344960 submission.py:265] 84) loss = 11.153, grad_norm = 10.400
I0316 10:22:53.092830 139914085611264 logging_writer.py:48] [85] global_step=85, grad_norm=10.1642, loss=10.4978
I0316 10:22:53.096239 139933085344960 submission.py:265] 85) loss = 10.498, grad_norm = 10.164
I0316 10:22:53.967085 139914094003968 logging_writer.py:48] [86] global_step=86, grad_norm=9.27727, loss=10.6057
I0316 10:22:53.971292 139933085344960 submission.py:265] 86) loss = 10.606, grad_norm = 9.277
I0316 10:22:54.839929 139914085611264 logging_writer.py:48] [87] global_step=87, grad_norm=9.59042, loss=10.5193
I0316 10:22:54.843388 139933085344960 submission.py:265] 87) loss = 10.519, grad_norm = 9.590
I0316 10:22:55.710465 139914094003968 logging_writer.py:48] [88] global_step=88, grad_norm=9.16154, loss=10.5418
I0316 10:22:55.714027 139933085344960 submission.py:265] 88) loss = 10.542, grad_norm = 9.162
I0316 10:22:56.574506 139914085611264 logging_writer.py:48] [89] global_step=89, grad_norm=8.10287, loss=10.3841
I0316 10:22:56.578436 139933085344960 submission.py:265] 89) loss = 10.384, grad_norm = 8.103
I0316 10:22:57.448019 139914094003968 logging_writer.py:48] [90] global_step=90, grad_norm=8.64115, loss=9.9769
I0316 10:22:57.451636 139933085344960 submission.py:265] 90) loss = 9.977, grad_norm = 8.641
I0316 10:22:58.327767 139914085611264 logging_writer.py:48] [91] global_step=91, grad_norm=8.63242, loss=10.0554
I0316 10:22:58.331957 139933085344960 submission.py:265] 91) loss = 10.055, grad_norm = 8.632
I0316 10:22:59.198837 139914094003968 logging_writer.py:48] [92] global_step=92, grad_norm=9.66793, loss=10.039
I0316 10:22:59.202950 139933085344960 submission.py:265] 92) loss = 10.039, grad_norm = 9.668
I0316 10:23:00.072694 139914085611264 logging_writer.py:48] [93] global_step=93, grad_norm=8.02163, loss=9.83773
I0316 10:23:00.076550 139933085344960 submission.py:265] 93) loss = 9.838, grad_norm = 8.022
I0316 10:23:00.947345 139914094003968 logging_writer.py:48] [94] global_step=94, grad_norm=6.85022, loss=9.69185
I0316 10:23:00.951390 139933085344960 submission.py:265] 94) loss = 9.692, grad_norm = 6.850
I0316 10:23:01.818433 139914085611264 logging_writer.py:48] [95] global_step=95, grad_norm=7.77248, loss=9.21656
I0316 10:23:01.822316 139933085344960 submission.py:265] 95) loss = 9.217, grad_norm = 7.772
I0316 10:23:02.694101 139914094003968 logging_writer.py:48] [96] global_step=96, grad_norm=7.51898, loss=9.62101
I0316 10:23:02.698166 139933085344960 submission.py:265] 96) loss = 9.621, grad_norm = 7.519
