I0316 10:17:45.982462 139967488779456 submission_runner.py:337] Starting training loop.
/usr/local/lib/python3.11/multiprocessing/popen_fork.py:66: RuntimeWarning: os.fork() was called. os.fork() is incompatible with multithreaded code, and JAX is multithreaded, so this will likely lead to a deadlock.
  self.pid = os.fork()
/usr/local/lib/python3.11/multiprocessing/popen_fork.py:66: RuntimeWarning: os.fork() was called. os.fork() is incompatible with multithreaded code, and JAX is multithreaded, so this will likely lead to a deadlock.
  self.pid = os.fork()
/usr/local/lib/python3.11/multiprocessing/popen_fork.py:66: RuntimeWarning: os.fork() was called. os.fork() is incompatible with multithreaded code, and JAX is multithreaded, so this will likely lead to a deadlock.
  self.pid = os.fork()
/usr/local/lib/python3.11/multiprocessing/popen_fork.py:66: RuntimeWarning: os.fork() was called. os.fork() is incompatible with multithreaded code, and JAX is multithreaded, so this will likely lead to a deadlock.
  self.pid = os.fork()
/usr/local/lib/python3.11/multiprocessing/popen_fork.py:66: RuntimeWarning: os.fork() was called. os.fork() is incompatible with multithreaded code, and JAX is multithreaded, so this will likely lead to a deadlock.
  self.pid = os.fork()
/usr/local/lib/python3.11/multiprocessing/popen_fork.py:66: RuntimeWarning: os.fork() was called. os.fork() is incompatible with multithreaded code, and JAX is multithreaded, so this will likely lead to a deadlock.
  self.pid = os.fork()
/usr/local/lib/python3.11/multiprocessing/popen_fork.py:66: RuntimeWarning: os.fork() was called. os.fork() is incompatible with multithreaded code, and JAX is multithreaded, so this will likely lead to a deadlock.
  self.pid = os.fork()
/usr/local/lib/python3.11/multiprocessing/popen_fork.py:66: RuntimeWarning: os.fork() was called. os.fork() is incompatible with multithreaded code, and JAX is multithreaded, so this will likely lead to a deadlock.
  self.pid = os.fork()
/algorithmic-efficiency/algoperf/workloads/librispeech_conformer/librispeech_pytorch/preprocessor.py:488: UserWarning: Specified kernel cache directory could not be created! This disables kernel caching. Specified directory is /root/.cache/torch/kernels. This warning will appear only once per process. (Triggered internally at ../aten/src/ATen/native/cuda/jit_utils.cpp:1442.)
  spectrum = torch.abs(spectrum)
/algorithmic-efficiency/algoperf/workloads/librispeech_conformer/librispeech_pytorch/preprocessor.py:488: UserWarning: Specified kernel cache directory could not be created! This disables kernel caching. Specified directory is /root/.cache/torch/kernels. This warning will appear only once per process. (Triggered internally at ../aten/src/ATen/native/cuda/jit_utils.cpp:1442.)
  spectrum = torch.abs(spectrum)
/algorithmic-efficiency/algoperf/workloads/librispeech_conformer/librispeech_pytorch/preprocessor.py:488: UserWarning: Specified kernel cache directory could not be created! This disables kernel caching. Specified directory is /root/.cache/torch/kernels. This warning will appear only once per process. (Triggered internally at ../aten/src/ATen/native/cuda/jit_utils.cpp:1442.)
  spectrum = torch.abs(spectrum)
/algorithmic-efficiency/algoperf/workloads/librispeech_conformer/librispeech_pytorch/preprocessor.py:488: UserWarning: Specified kernel cache directory could not be created! This disables kernel caching. Specified directory is /root/.cache/torch/kernels. This warning will appear only once per process. (Triggered internally at ../aten/src/ATen/native/cuda/jit_utils.cpp:1442.)
  spectrum = torch.abs(spectrum)
/algorithmic-efficiency/algoperf/workloads/librispeech_conformer/librispeech_pytorch/preprocessor.py:488: UserWarning: Specified kernel cache directory could not be created! This disables kernel caching. Specified directory is /root/.cache/torch/kernels. This warning will appear only once per process. (Triggered internally at ../aten/src/ATen/native/cuda/jit_utils.cpp:1442.)
  spectrum = torch.abs(spectrum)
/algorithmic-efficiency/algoperf/workloads/librispeech_conformer/librispeech_pytorch/preprocessor.py:488: UserWarning: Specified kernel cache directory could not be created! This disables kernel caching. Specified directory is /root/.cache/torch/kernels. This warning will appear only once per process. (Triggered internally at ../aten/src/ATen/native/cuda/jit_utils.cpp:1442.)
  spectrum = torch.abs(spectrum)
/algorithmic-efficiency/algoperf/workloads/librispeech_conformer/librispeech_pytorch/preprocessor.py:488: UserWarning: Specified kernel cache directory could not be created! This disables kernel caching. Specified directory is /root/.cache/torch/kernels. This warning will appear only once per process. (Triggered internally at ../aten/src/ATen/native/cuda/jit_utils.cpp:1442.)
  spectrum = torch.abs(spectrum)
I0316 10:19:15.789750 139948757874432 logging_writer.py:48] [0] global_step=0, grad_norm=27.8011, loss=33.6143
I0316 10:19:16.088250 139967488779456 submission.py:265] 0) loss = 33.614, grad_norm = 27.801
I0316 10:19:16.533610 139967488779456 spec.py:321] Evaluating on the training split.
I0316 10:19:16.534652 139967488779456 input_pipeline.py:20] Loading split = train-clean-100
I0316 10:19:16.561609 139967488779456 input_pipeline.py:20] Loading split = train-clean-360
I0316 10:19:16.658521 139967488779456 input_pipeline.py:20] Loading split = train-other-500
/usr/local/lib/python3.11/multiprocessing/popen_fork.py:66: RuntimeWarning: os.fork() was called. os.fork() is incompatible with multithreaded code, and JAX is multithreaded, so this will likely lead to a deadlock.
  self.pid = os.fork()
/usr/local/lib/python3.11/multiprocessing/popen_fork.py:66: RuntimeWarning: os.fork() was called. os.fork() is incompatible with multithreaded code, and JAX is multithreaded, so this will likely lead to a deadlock.
  self.pid = os.fork()
/usr/local/lib/python3.11/multiprocessing/popen_fork.py:66: RuntimeWarning: os.fork() was called. os.fork() is incompatible with multithreaded code, and JAX is multithreaded, so this will likely lead to a deadlock.
  self.pid = os.fork()
/usr/local/lib/python3.11/multiprocessing/popen_fork.py:66: RuntimeWarning: os.fork() was called. os.fork() is incompatible with multithreaded code, and JAX is multithreaded, so this will likely lead to a deadlock.
  self.pid = os.fork()
/usr/local/lib/python3.11/multiprocessing/popen_fork.py:66: RuntimeWarning: os.fork() was called. os.fork() is incompatible with multithreaded code, and JAX is multithreaded, so this will likely lead to a deadlock.
  self.pid = os.fork()
/usr/local/lib/python3.11/multiprocessing/popen_fork.py:66: RuntimeWarning: os.fork() was called. os.fork() is incompatible with multithreaded code, and JAX is multithreaded, so this will likely lead to a deadlock.
  self.pid = os.fork()
/usr/local/lib/python3.11/multiprocessing/popen_fork.py:66: RuntimeWarning: os.fork() was called. os.fork() is incompatible with multithreaded code, and JAX is multithreaded, so this will likely lead to a deadlock.
  self.pid = os.fork()
/usr/local/lib/python3.11/multiprocessing/popen_fork.py:66: RuntimeWarning: os.fork() was called. os.fork() is incompatible with multithreaded code, and JAX is multithreaded, so this will likely lead to a deadlock.
  self.pid = os.fork()
I0316 10:19:41.780922 139967488779456 spec.py:333] Evaluating on the validation split.
I0316 10:19:41.782137 139967488779456 input_pipeline.py:20] Loading split = dev-clean
I0316 10:19:41.809756 139967488779456 input_pipeline.py:20] Loading split = dev-other
/usr/local/lib/python3.11/multiprocessing/popen_fork.py:66: RuntimeWarning: os.fork() was called. os.fork() is incompatible with multithreaded code, and JAX is multithreaded, so this will likely lead to a deadlock.
  self.pid = os.fork()
/usr/local/lib/python3.11/multiprocessing/popen_fork.py:66: RuntimeWarning: os.fork() was called. os.fork() is incompatible with multithreaded code, and JAX is multithreaded, so this will likely lead to a deadlock.
  self.pid = os.fork()
/usr/local/lib/python3.11/multiprocessing/popen_fork.py:66: RuntimeWarning: os.fork() was called. os.fork() is incompatible with multithreaded code, and JAX is multithreaded, so this will likely lead to a deadlock.
  self.pid = os.fork()
/usr/local/lib/python3.11/multiprocessing/popen_fork.py:66: RuntimeWarning: os.fork() was called. os.fork() is incompatible with multithreaded code, and JAX is multithreaded, so this will likely lead to a deadlock.
  self.pid = os.fork()
/usr/local/lib/python3.11/multiprocessing/popen_fork.py:66: RuntimeWarning: os.fork() was called. os.fork() is incompatible with multithreaded code, and JAX is multithreaded, so this will likely lead to a deadlock.
  self.pid = os.fork()
/usr/local/lib/python3.11/multiprocessing/popen_fork.py:66: RuntimeWarning: os.fork() was called. os.fork() is incompatible with multithreaded code, and JAX is multithreaded, so this will likely lead to a deadlock.
  self.pid = os.fork()
/usr/local/lib/python3.11/multiprocessing/popen_fork.py:66: RuntimeWarning: os.fork() was called. os.fork() is incompatible with multithreaded code, and JAX is multithreaded, so this will likely lead to a deadlock.
  self.pid = os.fork()
/usr/local/lib/python3.11/multiprocessing/popen_fork.py:66: RuntimeWarning: os.fork() was called. os.fork() is incompatible with multithreaded code, and JAX is multithreaded, so this will likely lead to a deadlock.
  self.pid = os.fork()
I0316 10:20:04.134506 139967488779456 spec.py:349] Evaluating on the test split.
I0316 10:20:04.136123 139967488779456 input_pipeline.py:20] Loading split = test-clean
I0316 10:20:16.216680 139967488779456 submission_runner.py:469] Time since start: 150.23s, 	Step: 1, 	{'train/ctc_loss': 31.22331597321582, 'train/wer': 1.1347244457710364, 'validation/ctc_loss': 30.44041926834299, 'validation/wer': 1.0669531212282142, 'validation/num_examples': 5348, 'test/ctc_loss': 30.36906977042617, 'test/wer': 1.1132573680255113, 'test/num_examples': 2472, 'score': 90.1071891784668, 'total_duration': 150.23398566246033, 'accumulated_submission_time': 90.1071891784668, 'accumulated_eval_time': 59.68274760246277, 'accumulated_logging_time': 0}
I0316 10:20:16.235143 139948503045888 logging_writer.py:48] [1] accumulated_eval_time=59.6827, accumulated_logging_time=0, accumulated_submission_time=90.1072, global_step=1, preemption_count=0, score=90.1072, test/ctc_loss=30.3691, test/num_examples=2472, test/wer=1.11326, total_duration=150.234, train/ctc_loss=31.2233, train/wer=1.13472, validation/ctc_loss=30.4404, validation/num_examples=5348, validation/wer=1.06695
I0316 10:20:17.986161 139947885459200 logging_writer.py:48] [1] global_step=1, grad_norm=25.1926, loss=32.4411
I0316 10:20:17.990647 139967488779456 submission.py:265] 1) loss = 32.441, grad_norm = 25.193
I0316 10:20:18.864907 139948503045888 logging_writer.py:48] [2] global_step=2, grad_norm=36.1049, loss=32.8649
I0316 10:20:18.868989 139967488779456 submission.py:265] 2) loss = 32.865, grad_norm = 36.105
I0316 10:20:19.734198 139947885459200 logging_writer.py:48] [3] global_step=3, grad_norm=54.2886, loss=30.754
I0316 10:20:19.738233 139967488779456 submission.py:265] 3) loss = 30.754, grad_norm = 54.289
I0316 10:20:20.608305 139948503045888 logging_writer.py:48] [4] global_step=4, grad_norm=46.3605, loss=27.0316
I0316 10:20:20.612378 139967488779456 submission.py:265] 4) loss = 27.032, grad_norm = 46.360
I0316 10:20:21.472795 139947885459200 logging_writer.py:48] [5] global_step=5, grad_norm=32.6546, loss=24.129
I0316 10:20:21.476667 139967488779456 submission.py:265] 5) loss = 24.129, grad_norm = 32.655
I0316 10:20:22.348217 139948503045888 logging_writer.py:48] [6] global_step=6, grad_norm=25.544, loss=20.7127
I0316 10:20:22.351794 139967488779456 submission.py:265] 6) loss = 20.713, grad_norm = 25.544
I0316 10:20:23.220481 139947885459200 logging_writer.py:48] [7] global_step=7, grad_norm=21.2466, loss=19.3651
I0316 10:20:23.224224 139967488779456 submission.py:265] 7) loss = 19.365, grad_norm = 21.247
I0316 10:20:24.088719 139948503045888 logging_writer.py:48] [8] global_step=8, grad_norm=18.77, loss=17.2122
I0316 10:20:24.092410 139967488779456 submission.py:265] 8) loss = 17.212, grad_norm = 18.770
I0316 10:20:24.952640 139947885459200 logging_writer.py:48] [9] global_step=9, grad_norm=16.8098, loss=15.6969
I0316 10:20:24.956325 139967488779456 submission.py:265] 9) loss = 15.697, grad_norm = 16.810
I0316 10:20:25.827912 139948503045888 logging_writer.py:48] [10] global_step=10, grad_norm=13.0135, loss=13.9249
I0316 10:20:25.831438 139967488779456 submission.py:265] 10) loss = 13.925, grad_norm = 13.014
I0316 10:20:26.697337 139947885459200 logging_writer.py:48] [11] global_step=11, grad_norm=10.9413, loss=12.8361
I0316 10:20:26.700825 139967488779456 submission.py:265] 11) loss = 12.836, grad_norm = 10.941
I0316 10:20:27.566062 139948503045888 logging_writer.py:48] [12] global_step=12, grad_norm=10.5037, loss=11.8474
I0316 10:20:27.570122 139967488779456 submission.py:265] 12) loss = 11.847, grad_norm = 10.504
I0316 10:20:28.436310 139947885459200 logging_writer.py:48] [13] global_step=13, grad_norm=9.12519, loss=10.931
I0316 10:20:28.440076 139967488779456 submission.py:265] 13) loss = 10.931, grad_norm = 9.125
I0316 10:20:29.313959 139948503045888 logging_writer.py:48] [14] global_step=14, grad_norm=7.52907, loss=10.2755
I0316 10:20:29.317899 139967488779456 submission.py:265] 14) loss = 10.275, grad_norm = 7.529
I0316 10:20:30.180873 139947885459200 logging_writer.py:48] [15] global_step=15, grad_norm=6.6409, loss=9.5599
I0316 10:20:30.184123 139967488779456 submission.py:265] 15) loss = 9.560, grad_norm = 6.641
I0316 10:20:31.047786 139948503045888 logging_writer.py:48] [16] global_step=16, grad_norm=6.73074, loss=9.10316
I0316 10:20:31.051267 139967488779456 submission.py:265] 16) loss = 9.103, grad_norm = 6.731
I0316 10:20:31.913247 139947885459200 logging_writer.py:48] [17] global_step=17, grad_norm=9.30304, loss=8.77194
I0316 10:20:31.917357 139967488779456 submission.py:265] 17) loss = 8.772, grad_norm = 9.303
I0316 10:20:32.782760 139948503045888 logging_writer.py:48] [18] global_step=18, grad_norm=8.73359, loss=8.78801
I0316 10:20:32.786347 139967488779456 submission.py:265] 18) loss = 8.788, grad_norm = 8.734
I0316 10:20:33.659068 139947885459200 logging_writer.py:48] [19] global_step=19, grad_norm=15.5859, loss=8.71817
I0316 10:20:33.662410 139967488779456 submission.py:265] 19) loss = 8.718, grad_norm = 15.586
I0316 10:20:34.527811 139948503045888 logging_writer.py:48] [20] global_step=20, grad_norm=19.4591, loss=10.8966
I0316 10:20:34.531934 139967488779456 submission.py:265] 20) loss = 10.897, grad_norm = 19.459
I0316 10:20:35.393877 139947885459200 logging_writer.py:48] [21] global_step=21, grad_norm=21.4228, loss=8.09088
I0316 10:20:35.397813 139967488779456 submission.py:265] 21) loss = 8.091, grad_norm = 21.423
I0316 10:20:36.265607 139948503045888 logging_writer.py:48] [22] global_step=22, grad_norm=14.7259, loss=8.7973
I0316 10:20:36.269688 139967488779456 submission.py:265] 22) loss = 8.797, grad_norm = 14.726
I0316 10:20:37.139280 139947885459200 logging_writer.py:48] [23] global_step=23, grad_norm=9.03574, loss=8.46422
I0316 10:20:37.142919 139967488779456 submission.py:265] 23) loss = 8.464, grad_norm = 9.036
I0316 10:20:38.007901 139948503045888 logging_writer.py:48] [24] global_step=24, grad_norm=9.75945, loss=8.43073
I0316 10:20:38.011819 139967488779456 submission.py:265] 24) loss = 8.431, grad_norm = 9.759
I0316 10:20:38.883356 139947885459200 logging_writer.py:48] [25] global_step=25, grad_norm=4.74994, loss=7.95606
I0316 10:20:38.887171 139967488779456 submission.py:265] 25) loss = 7.956, grad_norm = 4.750
I0316 10:20:39.747716 139948503045888 logging_writer.py:48] [26] global_step=26, grad_norm=10.1146, loss=8.00747
I0316 10:20:39.751547 139967488779456 submission.py:265] 26) loss = 8.007, grad_norm = 10.115
I0316 10:20:40.613306 139947885459200 logging_writer.py:48] [27] global_step=27, grad_norm=7.44921, loss=7.88345
I0316 10:20:40.617177 139967488779456 submission.py:265] 27) loss = 7.883, grad_norm = 7.449
I0316 10:20:41.484767 139948503045888 logging_writer.py:48] [28] global_step=28, grad_norm=4.26086, loss=7.44264
I0316 10:20:41.488344 139967488779456 submission.py:265] 28) loss = 7.443, grad_norm = 4.261
I0316 10:20:42.358552 139947885459200 logging_writer.py:48] [29] global_step=29, grad_norm=5.03104, loss=7.30867
I0316 10:20:42.362116 139967488779456 submission.py:265] 29) loss = 7.309, grad_norm = 5.031
I0316 10:20:43.231174 139948503045888 logging_writer.py:48] [30] global_step=30, grad_norm=7.9061, loss=7.12675
I0316 10:20:43.235049 139967488779456 submission.py:265] 30) loss = 7.127, grad_norm = 7.906
I0316 10:20:44.101499 139947885459200 logging_writer.py:48] [31] global_step=31, grad_norm=3.58231, loss=7.13362
I0316 10:20:44.105589 139967488779456 submission.py:265] 31) loss = 7.134, grad_norm = 3.582
I0316 10:20:44.971196 139948503045888 logging_writer.py:48] [32] global_step=32, grad_norm=4.13313, loss=6.9509
I0316 10:20:44.975270 139967488779456 submission.py:265] 32) loss = 6.951, grad_norm = 4.133
I0316 10:20:45.847143 139947885459200 logging_writer.py:48] [33] global_step=33, grad_norm=8.62179, loss=6.8952
I0316 10:20:45.850756 139967488779456 submission.py:265] 33) loss = 6.895, grad_norm = 8.622
I0316 10:20:46.720899 139948503045888 logging_writer.py:48] [34] global_step=34, grad_norm=14.2373, loss=7.02206
I0316 10:20:46.725168 139967488779456 submission.py:265] 34) loss = 7.022, grad_norm = 14.237
I0316 10:20:47.590912 139947885459200 logging_writer.py:48] [35] global_step=35, grad_norm=19.0518, loss=7.97659
I0316 10:20:47.594648 139967488779456 submission.py:265] 35) loss = 7.977, grad_norm = 19.052
I0316 10:20:48.461871 139948503045888 logging_writer.py:48] [36] global_step=36, grad_norm=20.9891, loss=7.39534
I0316 10:20:48.465373 139967488779456 submission.py:265] 36) loss = 7.395, grad_norm = 20.989
I0316 10:20:49.329734 139947885459200 logging_writer.py:48] [37] global_step=37, grad_norm=15.8438, loss=8.54419
I0316 10:20:49.333816 139967488779456 submission.py:265] 37) loss = 8.544, grad_norm = 15.844
I0316 10:20:50.200096 139948503045888 logging_writer.py:48] [38] global_step=38, grad_norm=7.64697, loss=6.6677
I0316 10:20:50.203770 139967488779456 submission.py:265] 38) loss = 6.668, grad_norm = 7.647
I0316 10:20:51.069004 139947885459200 logging_writer.py:48] [39] global_step=39, grad_norm=21.5787, loss=7.56146
I0316 10:20:51.073004 139967488779456 submission.py:265] 39) loss = 7.561, grad_norm = 21.579
I0316 10:20:51.948225 139948503045888 logging_writer.py:48] [40] global_step=40, grad_norm=16.9306, loss=8.53781
I0316 10:20:51.951941 139967488779456 submission.py:265] 40) loss = 8.538, grad_norm = 16.931
I0316 10:20:52.816986 139947885459200 logging_writer.py:48] [41] global_step=41, grad_norm=3.89313, loss=6.72108
I0316 10:20:52.820615 139967488779456 submission.py:265] 41) loss = 6.721, grad_norm = 3.893
I0316 10:20:53.683617 139948503045888 logging_writer.py:48] [42] global_step=42, grad_norm=2.58251, loss=6.6416
I0316 10:20:53.686976 139967488779456 submission.py:265] 42) loss = 6.642, grad_norm = 2.583
I0316 10:20:54.558461 139947885459200 logging_writer.py:48] [43] global_step=43, grad_norm=3.36086, loss=6.58415
I0316 10:20:54.562561 139967488779456 submission.py:265] 43) loss = 6.584, grad_norm = 3.361
I0316 10:20:55.433076 139948503045888 logging_writer.py:48] [44] global_step=44, grad_norm=6.02259, loss=6.6033
I0316 10:20:55.436946 139967488779456 submission.py:265] 44) loss = 6.603, grad_norm = 6.023
I0316 10:20:56.298329 139947885459200 logging_writer.py:48] [45] global_step=45, grad_norm=14.5008, loss=6.94034
I0316 10:20:56.301907 139967488779456 submission.py:265] 45) loss = 6.940, grad_norm = 14.501
I0316 10:20:57.165538 139948503045888 logging_writer.py:48] [46] global_step=46, grad_norm=24.1677, loss=8.2806
I0316 10:20:57.168949 139967488779456 submission.py:265] 46) loss = 8.281, grad_norm = 24.168
I0316 10:20:58.031985 139947885459200 logging_writer.py:48] [47] global_step=47, grad_norm=29.6038, loss=9.51505
I0316 10:20:58.035479 139967488779456 submission.py:265] 47) loss = 9.515, grad_norm = 29.604
I0316 10:20:58.898751 139948503045888 logging_writer.py:48] [48] global_step=48, grad_norm=22.4022, loss=9.60278
I0316 10:20:58.902235 139967488779456 submission.py:265] 48) loss = 9.603, grad_norm = 22.402
I0316 10:20:59.768434 139947885459200 logging_writer.py:48] [49] global_step=49, grad_norm=12.2805, loss=7.05525
I0316 10:20:59.772245 139967488779456 submission.py:265] 49) loss = 7.055, grad_norm = 12.281
I0316 10:21:00.641523 139948503045888 logging_writer.py:48] [50] global_step=50, grad_norm=15.3551, loss=7.5468
I0316 10:21:00.645296 139967488779456 submission.py:265] 50) loss = 7.547, grad_norm = 15.355
I0316 10:21:01.512864 139947885459200 logging_writer.py:48] [51] global_step=51, grad_norm=18.6867, loss=7.67113
I0316 10:21:01.516252 139967488779456 submission.py:265] 51) loss = 7.671, grad_norm = 18.687
I0316 10:21:02.375096 139948503045888 logging_writer.py:48] [52] global_step=52, grad_norm=14.12, loss=7.853
I0316 10:21:02.379150 139967488779456 submission.py:265] 52) loss = 7.853, grad_norm = 14.120
I0316 10:21:03.243976 139947885459200 logging_writer.py:48] [53] global_step=53, grad_norm=6.69178, loss=7.00669
I0316 10:21:03.247720 139967488779456 submission.py:265] 53) loss = 7.007, grad_norm = 6.692
I0316 10:21:04.106376 139948503045888 logging_writer.py:48] [54] global_step=54, grad_norm=5.59721, loss=6.87956
I0316 10:21:04.110001 139967488779456 submission.py:265] 54) loss = 6.880, grad_norm = 5.597
I0316 10:21:04.973553 139947885459200 logging_writer.py:48] [55] global_step=55, grad_norm=6.32494, loss=6.84969
I0316 10:21:04.977086 139967488779456 submission.py:265] 55) loss = 6.850, grad_norm = 6.325
I0316 10:21:05.848771 139948503045888 logging_writer.py:48] [56] global_step=56, grad_norm=3.79035, loss=6.98242
I0316 10:21:05.852591 139967488779456 submission.py:265] 56) loss = 6.982, grad_norm = 3.790
I0316 10:21:06.717897 139947885459200 logging_writer.py:48] [57] global_step=57, grad_norm=3.63151, loss=6.78965
I0316 10:21:06.722007 139967488779456 submission.py:265] 57) loss = 6.790, grad_norm = 3.632
I0316 10:21:07.588925 139948503045888 logging_writer.py:48] [58] global_step=58, grad_norm=3.06368, loss=6.87027
I0316 10:21:07.592719 139967488779456 submission.py:265] 58) loss = 6.870, grad_norm = 3.064
I0316 10:21:08.458472 139947885459200 logging_writer.py:48] [59] global_step=59, grad_norm=3.17182, loss=6.71017
I0316 10:21:08.462140 139967488779456 submission.py:265] 59) loss = 6.710, grad_norm = 3.172
I0316 10:21:09.325313 139948503045888 logging_writer.py:48] [60] global_step=60, grad_norm=9.38507, loss=6.77909
I0316 10:21:09.329200 139967488779456 submission.py:265] 60) loss = 6.779, grad_norm = 9.385
I0316 10:21:10.197824 139947885459200 logging_writer.py:48] [61] global_step=61, grad_norm=12.7181, loss=7.12874
I0316 10:21:10.201309 139967488779456 submission.py:265] 61) loss = 7.129, grad_norm = 12.718
I0316 10:21:11.069494 139948503045888 logging_writer.py:48] [62] global_step=62, grad_norm=14.1398, loss=7.43072
I0316 10:21:11.073653 139967488779456 submission.py:265] 62) loss = 7.431, grad_norm = 14.140
I0316 10:21:11.935889 139947885459200 logging_writer.py:48] [63] global_step=63, grad_norm=17.7619, loss=7.70814
I0316 10:21:11.939335 139967488779456 submission.py:265] 63) loss = 7.708, grad_norm = 17.762
I0316 10:21:12.808112 139948503045888 logging_writer.py:48] [64] global_step=64, grad_norm=18.7551, loss=8.43488
I0316 10:21:12.811589 139967488779456 submission.py:265] 64) loss = 8.435, grad_norm = 18.755
I0316 10:21:13.673747 139947885459200 logging_writer.py:48] [65] global_step=65, grad_norm=17.9193, loss=7.4969
I0316 10:21:13.677440 139967488779456 submission.py:265] 65) loss = 7.497, grad_norm = 17.919
I0316 10:21:14.545244 139948503045888 logging_writer.py:48] [66] global_step=66, grad_norm=16.9647, loss=8.2118
I0316 10:21:14.548547 139967488779456 submission.py:265] 66) loss = 8.212, grad_norm = 16.965
I0316 10:21:15.413073 139947885459200 logging_writer.py:48] [67] global_step=67, grad_norm=13.5375, loss=7.45796
I0316 10:21:15.417246 139967488779456 submission.py:265] 67) loss = 7.458, grad_norm = 13.537
I0316 10:21:16.289163 139948503045888 logging_writer.py:48] [68] global_step=68, grad_norm=12.2708, loss=7.32756
I0316 10:21:16.293253 139967488779456 submission.py:265] 68) loss = 7.328, grad_norm = 12.271
I0316 10:21:17.166672 139947885459200 logging_writer.py:48] [69] global_step=69, grad_norm=11.9705, loss=7.24181
I0316 10:21:17.170876 139967488779456 submission.py:265] 69) loss = 7.242, grad_norm = 11.970
I0316 10:21:18.039550 139948503045888 logging_writer.py:48] [70] global_step=70, grad_norm=11.8652, loss=7.30648
I0316 10:21:18.043623 139967488779456 submission.py:265] 70) loss = 7.306, grad_norm = 11.865
I0316 10:21:18.910653 139947885459200 logging_writer.py:48] [71] global_step=71, grad_norm=11.7013, loss=7.21365
I0316 10:21:18.917126 139967488779456 submission.py:265] 71) loss = 7.214, grad_norm = 11.701
I0316 10:21:19.786037 139948503045888 logging_writer.py:48] [72] global_step=72, grad_norm=10.8897, loss=7.13118
I0316 10:21:19.790548 139967488779456 submission.py:265] 72) loss = 7.131, grad_norm = 10.890
I0316 10:21:20.663477 139947885459200 logging_writer.py:48] [73] global_step=73, grad_norm=11.9101, loss=7.26577
I0316 10:21:20.667698 139967488779456 submission.py:265] 73) loss = 7.266, grad_norm = 11.910
I0316 10:21:21.524024 139948503045888 logging_writer.py:48] [74] global_step=74, grad_norm=11.5349, loss=7.36491
I0316 10:21:21.528393 139967488779456 submission.py:265] 74) loss = 7.365, grad_norm = 11.535
I0316 10:21:22.395480 139947885459200 logging_writer.py:48] [75] global_step=75, grad_norm=10.2432, loss=7.08739
I0316 10:21:22.399401 139967488779456 submission.py:265] 75) loss = 7.087, grad_norm = 10.243
I0316 10:21:23.264097 139948503045888 logging_writer.py:48] [76] global_step=76, grad_norm=9.60131, loss=7.05913
I0316 10:21:23.268068 139967488779456 submission.py:265] 76) loss = 7.059, grad_norm = 9.601
I0316 10:21:24.134975 139947885459200 logging_writer.py:48] [77] global_step=77, grad_norm=7.7284, loss=6.95003
I0316 10:21:24.138710 139967488779456 submission.py:265] 77) loss = 6.950, grad_norm = 7.728
I0316 10:21:25.005953 139948503045888 logging_writer.py:48] [78] global_step=78, grad_norm=6.03077, loss=6.79857
I0316 10:21:25.009761 139967488779456 submission.py:265] 78) loss = 6.799, grad_norm = 6.031
I0316 10:21:25.872050 139947885459200 logging_writer.py:48] [79] global_step=79, grad_norm=6.14342, loss=6.7411
I0316 10:21:25.876051 139967488779456 submission.py:265] 79) loss = 6.741, grad_norm = 6.143
I0316 10:21:26.743988 139948503045888 logging_writer.py:48] [80] global_step=80, grad_norm=7.70716, loss=6.85095
I0316 10:21:26.747862 139967488779456 submission.py:265] 80) loss = 6.851, grad_norm = 7.707
I0316 10:21:27.616667 139947885459200 logging_writer.py:48] [81] global_step=81, grad_norm=8.56143, loss=6.95425
I0316 10:21:27.620487 139967488779456 submission.py:265] 81) loss = 6.954, grad_norm = 8.561
I0316 10:21:28.490142 139948503045888 logging_writer.py:48] [82] global_step=82, grad_norm=8.52776, loss=7.04828
I0316 10:21:28.494053 139967488779456 submission.py:265] 82) loss = 7.048, grad_norm = 8.528
I0316 10:21:29.357274 139947885459200 logging_writer.py:48] [83] global_step=83, grad_norm=8.35271, loss=6.87547
I0316 10:21:29.361172 139967488779456 submission.py:265] 83) loss = 6.875, grad_norm = 8.353
I0316 10:21:30.225673 139948503045888 logging_writer.py:48] [84] global_step=84, grad_norm=10.0849, loss=7.0121
I0316 10:21:30.229517 139967488779456 submission.py:265] 84) loss = 7.012, grad_norm = 10.085
I0316 10:21:31.100245 139947885459200 logging_writer.py:48] [85] global_step=85, grad_norm=12.8993, loss=7.3132
I0316 10:21:31.104478 139967488779456 submission.py:265] 85) loss = 7.313, grad_norm = 12.899
I0316 10:21:31.976621 139948503045888 logging_writer.py:48] [86] global_step=86, grad_norm=14.0232, loss=7.63128
I0316 10:21:31.980190 139967488779456 submission.py:265] 86) loss = 7.631, grad_norm = 14.023
I0316 10:21:32.847219 139947885459200 logging_writer.py:48] [87] global_step=87, grad_norm=13.8076, loss=8.01111
I0316 10:21:32.850625 139967488779456 submission.py:265] 87) loss = 8.011, grad_norm = 13.808
I0316 10:21:33.717325 139948503045888 logging_writer.py:48] [88] global_step=88, grad_norm=14.2266, loss=7.53592
I0316 10:21:33.720810 139967488779456 submission.py:265] 88) loss = 7.536, grad_norm = 14.227
I0316 10:21:34.580114 139947885459200 logging_writer.py:48] [89] global_step=89, grad_norm=12.7673, loss=8.06066
I0316 10:21:34.583793 139967488779456 submission.py:265] 89) loss = 8.061, grad_norm = 12.767
I0316 10:21:35.447529 139948503045888 logging_writer.py:48] [90] global_step=90, grad_norm=8.0336, loss=6.94285
I0316 10:21:35.451001 139967488779456 submission.py:265] 90) loss = 6.943, grad_norm = 8.034
I0316 10:21:36.326937 139947885459200 logging_writer.py:48] [91] global_step=91, grad_norm=8.22272, loss=7.11209
I0316 10:21:36.330445 139967488779456 submission.py:265] 91) loss = 7.112, grad_norm = 8.223
I0316 10:21:37.198534 139948503045888 logging_writer.py:48] [92] global_step=92, grad_norm=11.9326, loss=7.44858
I0316 10:21:37.202003 139967488779456 submission.py:265] 92) loss = 7.449, grad_norm = 11.933
I0316 10:21:38.068328 139947885459200 logging_writer.py:48] [93] global_step=93, grad_norm=10.2541, loss=7.40329
I0316 10:21:38.071906 139967488779456 submission.py:265] 93) loss = 7.403, grad_norm = 10.254
I0316 10:21:38.940263 139948503045888 logging_writer.py:48] [94] global_step=94, grad_norm=4.0178, loss=6.64736
I0316 10:21:38.944115 139967488779456 submission.py:265] 94) loss = 6.647, grad_norm = 4.018
I0316 10:21:39.809913 139947885459200 logging_writer.py:48] [95] global_step=95, grad_norm=1.62509, loss=6.68479
I0316 10:21:39.813959 139967488779456 submission.py:265] 95) loss = 6.685, grad_norm = 1.625
I0316 10:21:40.681906 139948503045888 logging_writer.py:48] [96] global_step=96, grad_norm=5.65996, loss=6.91057
I0316 10:21:40.685516 139967488779456 submission.py:265] 96) loss = 6.911, grad_norm = 5.660
I0316 10:21:41.561159 139947885459200 logging_writer.py:48] [97] global_step=97, grad_norm=13.0518, loss=7.58249
I0316 10:21:41.565004 139967488779456 submission.py:265] 97) loss = 7.582, grad_norm = 13.052
I0316 10:21:42.433686 139948503045888 logging_writer.py:48] [98] global_step=98, grad_norm=11.6421, loss=8.6405
I0316 10:21:42.437222 139967488779456 submission.py:265] 98) loss = 8.641, grad_norm = 11.642
I0316 10:21:45.907272 139947885459200 logging_writer.py:48] [99] global_step=99, grad_norm=1.8059, loss=6.49519
I0316 10:21:45.910618 139967488779456 submission.py:265] 99) loss = 6.495, grad_norm = 1.806
I0316 10:21:46.778208 139948503045888 logging_writer.py:48] [100] global_step=100, grad_norm=4.42677, loss=6.67385
I0316 10:21:46.781634 139967488779456 submission.py:265] 100) loss = 6.674, grad_norm = 4.427
[rank7]: Traceback (most recent call last):
[rank7]:   File "/algorithmic-efficiency/submission_runner.py", line 766, in <module>
[rank7]:     app.run(main)
[rank7]:   File "/usr/local/lib/python3.11/site-packages/absl/app.py", line 308, in run
[rank7]:     _run_main(main, args)
[rank7]:   File "/usr/local/lib/python3.11/site-packages/absl/app.py", line 254, in _run_main
[rank7]:     sys.exit(main(argv))
[rank7]:              ^^^^^^^^^^
[rank7]:   File "/algorithmic-efficiency/submission_runner.py", line 734, in main
[rank7]:     score = score_submission_on_workload(
[rank7]:             ^^^^^^^^^^^^^^^^^^^^^^^^^^^^^
[rank7]:   File "/algorithmic-efficiency/submission_runner.py", line 630, in score_submission_on_workload
[rank7]:     timing, metrics = train_once(workload, workload_name,
[rank7]:                       ^^^^^^^^^^^^^^^^^^^^^^^^^^^^^^^^^^^
[rank7]:   File "/algorithmic-efficiency/submission_runner.py", line 361, in train_once
[rank7]:     optimizer_state, model_params, model_state = update_params(
[rank7]:                                                  ^^^^^^^^^^^^^^
[rank7]:   File "/algorithmic-efficiency/submissions_algorithms/leaderboard/external_tuning/shampoo_submission/submission.py", line 241, in update_params
[rank7]:     optimizer_state['optimizer'].step()
[rank7]:   File "/usr/local/lib/python3.11/site-packages/torch/optim/lr_scheduler.py", line 137, in wrapper
[rank7]:     return func.__get__(opt, opt.__class__)(*args, **kwargs)
[rank7]:            ^^^^^^^^^^^^^^^^^^^^^^^^^^^^^^^^^^^^^^^^^^^^^^^^^
[rank7]:   File "/usr/local/lib/python3.11/site-packages/torch/optim/optimizer.py", line 487, in wrapper
[rank7]:     out = func(*args, **kwargs)
[rank7]:           ^^^^^^^^^^^^^^^^^^^^^
[rank7]:   File "/usr/local/lib/python3.11/site-packages/torch/utils/_contextlib.py", line 116, in decorate_context
[rank7]:     return func(*args, **kwargs)
[rank7]:            ^^^^^^^^^^^^^^^^^^^^^
[rank7]:   File "/algorithmic-efficiency/submissions_algorithms/leaderboard/external_tuning/shampoo_submission/optimizers/distributed_shampoo/distributed_shampoo.py", line 954, in step
[rank7]:     self._per_group_step(
[rank7]:   File "/usr/local/lib/python3.11/site-packages/torch/utils/_contextlib.py", line 116, in decorate_context
[rank7]:     return func(*args, **kwargs)
[rank7]:            ^^^^^^^^^^^^^^^^^^^^^
[rank7]:   File "/algorithmic-efficiency/submissions_algorithms/leaderboard/external_tuning/shampoo_submission/optimizers/distributed_shampoo/distributed_shampoo.py", line 781, in _per_group_step_impl
[rank7]:     self._compute_root_inverse(state_lists, compute_root_inverse)
[rank7]:   File "/usr/local/lib/python3.11/site-packages/torch/utils/_contextlib.py", line 116, in decorate_context
[rank7]:     return func(*args, **kwargs)
[rank7]:            ^^^^^^^^^^^^^^^^^^^^^
[rank7]:   File "/usr/local/lib/python3.11/site-packages/torch/_dynamo/eval_frame.py", line 632, in _fn
[rank7]:     return fn(*args, **kwargs)
[rank7]:            ^^^^^^^^^^^^^^^^^^^
[rank7]:   File "/algorithmic-efficiency/submissions_algorithms/leaderboard/external_tuning/shampoo_submission/optimizers/distributed_shampoo/distributed_shampoo.py", line 732, in _compute_root_inverse
[rank7]:     state_lists[SHAMPOO_PRECONDITIONER_LIST].compute_root_inverse()
[rank7]:   File "/algorithmic-efficiency/submissions_algorithms/leaderboard/external_tuning/shampoo_submission/optimizers/distributed_shampoo/utils/shampoo_preconditioner_list.py", line 766, in compute_root_inverse
[rank7]:     raise ValueError(
[rank7]: ValueError: Encountered nan values in bias-corrected factor matrix 4.block_6.0! To mitigate, check if nan inputs are being passed into the network or nan gradients are being passed to the optimizer.For debugging purposes, factor_matrix 4.block_6.0: torch.min(factor_matrix)=tensor(nan, device='cuda:7'), torch.max(factor_matrix)=tensor(nan, device='cuda:7'), factor_matrix.isinf().any()=tensor(False, device='cuda:7'), factor_matrix.isnan().any()=tensor(True, device='cuda:7').
[rank3]: Traceback (most recent call last):
[rank3]:   File "/algorithmic-efficiency/submission_runner.py", line 766, in <module>
[rank3]:     app.run(main)
[rank3]:   File "/usr/local/lib/python3.11/site-packages/absl/app.py", line 308, in run
[rank3]:     _run_main(main, args)
[rank3]:   File "/usr/local/lib/python3.11/site-packages/absl/app.py", line 254, in _run_main
[rank3]:     sys.exit(main(argv))
[rank3]:              ^^^^^^^^^^
[rank3]:   File "/algorithmic-efficiency/submission_runner.py", line 734, in main
[rank3]:     score = score_submission_on_workload(
[rank3]:             ^^^^^^^^^^^^^^^^^^^^^^^^^^^^^
[rank3]:   File "/algorithmic-efficiency/submission_runner.py", line 630, in score_submission_on_workload
[rank3]:     timing, metrics = train_once(workload, workload_name,
[rank3]:                       ^^^^^^^^^^^^^^^^^^^^^^^^^^^^^^^^^^^
[rank3]:   File "/algorithmic-efficiency/submission_runner.py", line 361, in train_once
[rank3]:     optimizer_state, model_params, model_state = update_params(
[rank3]:                                                  ^^^^^^^^^^^^^^
[rank3]:   File "/algorithmic-efficiency/submissions_algorithms/leaderboard/external_tuning/shampoo_submission/submission.py", line 241, in update_params
[rank3]:     optimizer_state['optimizer'].step()
[rank3]:   File "/usr/local/lib/python3.11/site-packages/torch/optim/lr_scheduler.py", line 137, in wrapper
[rank3]:     return func.__get__(opt, opt.__class__)(*args, **kwargs)
[rank3]:            ^^^^^^^^^^^^^^^^^^^^^^^^^^^^^^^^^^^^^^^^^^^^^^^^^
[rank3]:   File "/usr/local/lib/python3.11/site-packages/torch/optim/optimizer.py", line 487, in wrapper
[rank3]:     out = func(*args, **kwargs)
[rank3]:           ^^^^^^^^^^^^^^^^^^^^^
[rank3]:   File "/usr/local/lib/python3.11/site-packages/torch/utils/_contextlib.py", line 116, in decorate_context
[rank3]:     return func(*args, **kwargs)
[rank3]:            ^^^^^^^^^^^^^^^^^^^^^
[rank3]:   File "/algorithmic-efficiency/submissions_algorithms/leaderboard/external_tuning/shampoo_submission/optimizers/distributed_shampoo/distributed_shampoo.py", line 954, in step
[rank3]:     self._per_group_step(
[rank3]:   File "/usr/local/lib/python3.11/site-packages/torch/utils/_contextlib.py", line 116, in decorate_context
[rank3]:     return func(*args, **kwargs)
[rank3]:            ^^^^^^^^^^^^^^^^^^^^^
[rank3]:   File "/algorithmic-efficiency/submissions_algorithms/leaderboard/external_tuning/shampoo_submission/optimizers/distributed_shampoo/distributed_shampoo.py", line 781, in _per_group_step_impl
[rank3]:     self._compute_root_inverse(state_lists, compute_root_inverse)
[rank3]:   File "/usr/local/lib/python3.11/site-packages/torch/utils/_contextlib.py", line 116, in decorate_context
[rank3]:     return func(*args, **kwargs)
[rank3]:            ^^^^^^^^^^^^^^^^^^^^^
[rank3]:   File "/usr/local/lib/python3.11/site-packages/torch/_dynamo/eval_frame.py", line 632, in _fn
[rank3]:     return fn(*args, **kwargs)
[rank3]:            ^^^^^^^^^^^^^^^^^^^
[rank3]:   File "/algorithmic-efficiency/submissions_algorithms/leaderboard/external_tuning/shampoo_submission/optimizers/distributed_shampoo/distributed_shampoo.py", line 732, in _compute_root_inverse
[rank3]:     state_lists[SHAMPOO_PRECONDITIONER_LIST].compute_root_inverse()
[rank3]:   File "/algorithmic-efficiency/submissions_algorithms/leaderboard/external_tuning/shampoo_submission/optimizers/distributed_shampoo/utils/shampoo_preconditioner_list.py", line 766, in compute_root_inverse
[rank3]:     raise ValueError(
[rank3]: ValueError: Encountered nan values in bias-corrected factor matrix 4.block_2.0! To mitigate, check if nan inputs are being passed into the network or nan gradients are being passed to the optimizer.For debugging purposes, factor_matrix 4.block_2.0: torch.min(factor_matrix)=tensor(nan, device='cuda:3'), torch.max(factor_matrix)=tensor(nan, device='cuda:3'), factor_matrix.isinf().any()=tensor(False, device='cuda:3'), factor_matrix.isnan().any()=tensor(True, device='cuda:3').
[rank1]: Traceback (most recent call last):
[rank1]:   File "/algorithmic-efficiency/submission_runner.py", line 766, in <module>
[rank1]:     app.run(main)
[rank1]:   File "/usr/local/lib/python3.11/site-packages/absl/app.py", line 308, in run
[rank1]:     _run_main(main, args)
[rank1]:   File "/usr/local/lib/python3.11/site-packages/absl/app.py", line 254, in _run_main
[rank1]:     sys.exit(main(argv))
[rank1]:              ^^^^^^^^^^
[rank1]:   File "/algorithmic-efficiency/submission_runner.py", line 734, in main
[rank1]:     score = score_submission_on_workload(
[rank1]:             ^^^^^^^^^^^^^^^^^^^^^^^^^^^^^
[rank1]:   File "/algorithmic-efficiency/submission_runner.py", line 630, in score_submission_on_workload
[rank1]:     timing, metrics = train_once(workload, workload_name,
[rank1]:                       ^^^^^^^^^^^^^^^^^^^^^^^^^^^^^^^^^^^
[rank1]:   File "/algorithmic-efficiency/submission_runner.py", line 361, in train_once
[rank1]:     optimizer_state, model_params, model_state = update_params(
[rank1]:                                                  ^^^^^^^^^^^^^^
[rank1]:   File "/algorithmic-efficiency/submissions_algorithms/leaderboard/external_tuning/shampoo_submission/submission.py", line 241, in update_params
[rank1]:     optimizer_state['optimizer'].step()
[rank1]:   File "/usr/local/lib/python3.11/site-packages/torch/optim/lr_scheduler.py", line 137, in wrapper
[rank1]:     return func.__get__(opt, opt.__class__)(*args, **kwargs)
[rank1]:            ^^^^^^^^^^^^^^^^^^^^^^^^^^^^^^^^^^^^^^^^^^^^^^^^^
[rank1]:   File "/usr/local/lib/python3.11/site-packages/torch/optim/optimizer.py", line 487, in wrapper
[rank1]:     out = func(*args, **kwargs)
[rank1]:           ^^^^^^^^^^^^^^^^^^^^^
[rank1]:   File "/usr/local/lib/python3.11/site-packages/torch/utils/_contextlib.py", line 116, in decorate_context
[rank1]:     return func(*args, **kwargs)
[rank1]:            ^^^^^^^^^^^^^^^^^^^^^
[rank1]:   File "/algorithmic-efficiency/submissions_algorithms/leaderboard/external_tuning/shampoo_submission/optimizers/distributed_shampoo/distributed_shampoo.py", line 954, in step
[rank1]:     self._per_group_step(
[rank1]:   File "/usr/local/lib/python3.11/site-packages/torch/utils/_contextlib.py", line 116, in decorate_context
[rank1]:     return func(*args, **kwargs)
[rank1]:            ^^^^^^^^^^^^^^^^^^^^^
[rank1]:   File "/algorithmic-efficiency/submissions_algorithms/leaderboard/external_tuning/shampoo_submission/optimizers/distributed_shampoo/distributed_shampoo.py", line 781, in _per_group_step_impl
[rank1]:     self._compute_root_inverse(state_lists, compute_root_inverse)
[rank1]:   File "/usr/local/lib/python3.11/site-packages/torch/utils/_contextlib.py", line 116, in decorate_context
[rank1]:     return func(*args, **kwargs)
[rank1]:            ^^^^^^^^^^^^^^^^^^^^^
[rank1]:   File "/usr/local/lib/python3.11/site-packages/torch/_dynamo/eval_frame.py", line 632, in _fn
[rank1]:     return fn(*args, **kwargs)
[rank1]:            ^^^^^^^^^^^^^^^^^^^
[rank1]:   File "/algorithmic-efficiency/submissions_algorithms/leaderboard/external_tuning/shampoo_submission/optimizers/distributed_shampoo/distributed_shampoo.py", line 732, in _compute_root_inverse
[rank1]:     state_lists[SHAMPOO_PRECONDITIONER_LIST].compute_root_inverse()
[rank1]:   File "/algorithmic-efficiency/submissions_algorithms/leaderboard/external_tuning/shampoo_submission/optimizers/distributed_shampoo/utils/shampoo_preconditioner_list.py", line 766, in compute_root_inverse
[rank1]:     raise ValueError(
[rank1]: ValueError: Encountered nan values in bias-corrected factor matrix 4.block_0.0! To mitigate, check if nan inputs are being passed into the network or nan gradients are being passed to the optimizer.For debugging purposes, factor_matrix 4.block_0.0: torch.min(factor_matrix)=tensor(nan, device='cuda:1'), torch.max(factor_matrix)=tensor(nan, device='cuda:1'), factor_matrix.isinf().any()=tensor(False, device='cuda:1'), factor_matrix.isnan().any()=tensor(True, device='cuda:1').
[rank0]: Traceback (most recent call last):
[rank0]:   File "/algorithmic-efficiency/submission_runner.py", line 766, in <module>
[rank0]:     app.run(main)
[rank0]:   File "/usr/local/lib/python3.11/site-packages/absl/app.py", line 308, in run
[rank0]:     _run_main(main, args)
[rank0]:   File "/usr/local/lib/python3.11/site-packages/absl/app.py", line 254, in _run_main
[rank0]:     sys.exit(main(argv))
[rank0]:              ^^^^^^^^^^
[rank0]:   File "/algorithmic-efficiency/submission_runner.py", line 734, in main
[rank0]:     score = score_submission_on_workload(
[rank0]:             ^^^^^^^^^^^^^^^^^^^^^^^^^^^^^
[rank0]:   File "/algorithmic-efficiency/submission_runner.py", line 630, in score_submission_on_workload
[rank0]:     timing, metrics = train_once(workload, workload_name,
[rank0]:                       ^^^^^^^^^^^^^^^^^^^^^^^^^^^^^^^^^^^
[rank0]:   File "/algorithmic-efficiency/submission_runner.py", line 361, in train_once
[rank0]:     optimizer_state, model_params, model_state = update_params(
[rank0]:                                                  ^^^^^^^^^^^^^^
[rank0]:   File "/algorithmic-efficiency/submissions_algorithms/leaderboard/external_tuning/shampoo_submission/submission.py", line 241, in update_params
[rank0]:     optimizer_state['optimizer'].step()
[rank0]:   File "/usr/local/lib/python3.11/site-packages/torch/optim/lr_scheduler.py", line 137, in wrapper
[rank0]:     return func.__get__(opt, opt.__class__)(*args, **kwargs)
[rank0]:            ^^^^^^^^^^^^^^^^^^^^^^^^^^^^^^^^^^^^^^^^^^^^^^^^^
[rank0]:   File "/usr/local/lib/python3.11/site-packages/torch/optim/optimizer.py", line 487, in wrapper
[rank0]:     out = func(*args, **kwargs)
[rank0]:           ^^^^^^^^^^^^^^^^^^^^^
[rank0]:   File "/usr/local/lib/python3.11/site-packages/torch/utils/_contextlib.py", line 116, in decorate_context
[rank0]:     return func(*args, **kwargs)
[rank0]:            ^^^^^^^^^^^^^^^^^^^^^
[rank0]:   File "/algorithmic-efficiency/submissions_algorithms/leaderboard/external_tuning/shampoo_submission/optimizers/distributed_shampoo/distributed_shampoo.py", line 954, in step
[rank0]:     self._per_group_step(
[rank0]:   File "/usr/local/lib/python3.11/site-packages/torch/utils/_contextlib.py", line 116, in decorate_context
[rank0]:     return func(*args, **kwargs)
[rank0]:            ^^^^^^^^^^^^^^^^^^^^^
[rank0]:   File "/algorithmic-efficiency/submissions_algorithms/leaderboard/external_tuning/shampoo_submission/optimizers/distributed_shampoo/distributed_shampoo.py", line 781, in _per_group_step_impl
[rank0]:     self._compute_root_inverse(state_lists, compute_root_inverse)
[rank0]:   File "/usr/local/lib/python3.11/site-packages/torch/utils/_contextlib.py", line 116, in decorate_context
[rank0]:     return func(*args, **kwargs)
[rank0]:            ^^^^^^^^^^^^^^^^^^^^^
[rank0]:   File "/usr/local/lib/python3.11/site-packages/torch/_dynamo/eval_frame.py", line 632, in _fn
[rank0]:     return fn(*args, **kwargs)
[rank0]:            ^^^^^^^^^^^^^^^^^^^
[rank0]:   File "/algorithmic-efficiency/submissions_algorithms/leaderboard/external_tuning/shampoo_submission/optimizers/distributed_shampoo/distributed_shampoo.py", line 732, in _compute_root_inverse
[rank0]:     state_lists[SHAMPOO_PRECONDITIONER_LIST].compute_root_inverse()
[rank0]:   File "/algorithmic-efficiency/submissions_algorithms/leaderboard/external_tuning/shampoo_submission/optimizers/distributed_shampoo/utils/shampoo_preconditioner_list.py", line 766, in compute_root_inverse
[rank0]:     raise ValueError(
[rank0]: ValueError: Encountered nan values in bias-corrected factor matrix 2.block_0.0! To mitigate, check if nan inputs are being passed into the network or nan gradients are being passed to the optimizer.For debugging purposes, factor_matrix 2.block_0.0: torch.min(factor_matrix)=tensor(nan, device='cuda:0'), torch.max(factor_matrix)=tensor(nan, device='cuda:0'), factor_matrix.isinf().any()=tensor(False, device='cuda:0'), factor_matrix.isnan().any()=tensor(True, device='cuda:0').
[rank4]: Traceback (most recent call last):
[rank4]:   File "/algorithmic-efficiency/submission_runner.py", line 766, in <module>
[rank4]:     app.run(main)
[rank4]:   File "/usr/local/lib/python3.11/site-packages/absl/app.py", line 308, in run
[rank4]:     _run_main(main, args)
[rank4]:   File "/usr/local/lib/python3.11/site-packages/absl/app.py", line 254, in _run_main
[rank4]:     sys.exit(main(argv))
[rank4]:              ^^^^^^^^^^
[rank4]:   File "/algorithmic-efficiency/submission_runner.py", line 734, in main
[rank4]:     score = score_submission_on_workload(
[rank4]:             ^^^^^^^^^^^^^^^^^^^^^^^^^^^^^
[rank4]:   File "/algorithmic-efficiency/submission_runner.py", line 630, in score_submission_on_workload
[rank4]:     timing, metrics = train_once(workload, workload_name,
[rank4]:                       ^^^^^^^^^^^^^^^^^^^^^^^^^^^^^^^^^^^
[rank4]:   File "/algorithmic-efficiency/submission_runner.py", line 361, in train_once
[rank4]:     optimizer_state, model_params, model_state = update_params(
[rank4]:                                                  ^^^^^^^^^^^^^^
[rank4]:   File "/algorithmic-efficiency/submissions_algorithms/leaderboard/external_tuning/shampoo_submission/submission.py", line 241, in update_params
[rank4]:     optimizer_state['optimizer'].step()
[rank4]:   File "/usr/local/lib/python3.11/site-packages/torch/optim/lr_scheduler.py", line 137, in wrapper
[rank4]:     return func.__get__(opt, opt.__class__)(*args, **kwargs)
[rank4]:            ^^^^^^^^^^^^^^^^^^^^^^^^^^^^^^^^^^^^^^^^^^^^^^^^^
[rank4]:   File "/usr/local/lib/python3.11/site-packages/torch/optim/optimizer.py", line 487, in wrapper
[rank4]:     out = func(*args, **kwargs)
[rank4]:           ^^^^^^^^^^^^^^^^^^^^^
[rank4]:   File "/usr/local/lib/python3.11/site-packages/torch/utils/_contextlib.py", line 116, in decorate_context
[rank4]:     return func(*args, **kwargs)
[rank4]:            ^^^^^^^^^^^^^^^^^^^^^
[rank4]:   File "/algorithmic-efficiency/submissions_algorithms/leaderboard/external_tuning/shampoo_submission/optimizers/distributed_shampoo/distributed_shampoo.py", line 954, in step
[rank4]:     self._per_group_step(
[rank4]:   File "/usr/local/lib/python3.11/site-packages/torch/utils/_contextlib.py", line 116, in decorate_context
[rank4]:     return func(*args, **kwargs)
[rank4]:            ^^^^^^^^^^^^^^^^^^^^^
[rank4]:   File "/algorithmic-efficiency/submissions_algorithms/leaderboard/external_tuning/shampoo_submission/optimizers/distributed_shampoo/distributed_shampoo.py", line 781, in _per_group_step_impl
