I0316 08:29:28.051201 139647151056064 shampoo_preconditioner_list.py:352] Instantiated Adagrad Preconditioner 40.block_0 (torch.Size([1024])) for Parameter 40 (torch.Size([1024])), Block block_0 (torch.Size([1024])).
I0316 08:29:28.051274 139647151056064 shampoo_preconditioner_list.py:352] Instantiated Adagrad Preconditioner 41.block_0 (torch.Size([0])) for Parameter 41 (torch.Size([1024])), Block block_0 (torch.Size([1024])).
I0316 08:29:28.051274 139712556852416 shampoo_preconditioner_list.py:352] Instantiated Adagrad Preconditioner 49.block_0 (torch.Size([1024, 256])) for Parameter 49 (torch.Size([1024, 256])), Block block_0 (torch.Size([1024, 256])).
I0316 08:29:28.051338 139647151056064 shampoo_preconditioner_list.py:352] Instantiated Adagrad Preconditioner 42.block_0 (torch.Size([0])) for Parameter 42 (torch.Size([1024, 512])), Block block_0 (torch.Size([1024, 512])).
I0316 08:29:28.051383 139712556852416 shampoo_preconditioner_list.py:352] Instantiated Adagrad Preconditioner 50.block_0 (torch.Size([0])) for Parameter 50 (torch.Size([1024])), Block block_0 (torch.Size([1024])).
I0316 08:29:28.051400 139647151056064 shampoo_preconditioner_list.py:352] Instantiated Adagrad Preconditioner 43.block_0 (torch.Size([0])) for Parameter 43 (torch.Size([1024, 256])), Block block_0 (torch.Size([1024, 256])).
I0316 08:29:28.051482 139712556852416 shampoo_preconditioner_list.py:352] Instantiated Adagrad Preconditioner 51.block_0 (torch.Size([1024])) for Parameter 51 (torch.Size([1024])), Block block_0 (torch.Size([1024])).
I0316 08:29:28.051483 139647151056064 shampoo_preconditioner_list.py:352] Instantiated Adagrad Preconditioner 44.block_0 (torch.Size([1024])) for Parameter 44 (torch.Size([1024])), Block block_0 (torch.Size([1024])).
I0316 08:29:28.051548 139647151056064 shampoo_preconditioner_list.py:352] Instantiated Adagrad Preconditioner 45.block_0 (torch.Size([0])) for Parameter 45 (torch.Size([1024])), Block block_0 (torch.Size([1024])).
I0316 08:29:28.051572 139712556852416 shampoo_preconditioner_list.py:352] Instantiated Adagrad Preconditioner 52.block_0 (torch.Size([1024, 512])) for Parameter 52 (torch.Size([1024, 512])), Block block_0 (torch.Size([1024, 512])).
I0316 08:29:28.051611 139647151056064 shampoo_preconditioner_list.py:352] Instantiated Adagrad Preconditioner 46.block_0 (torch.Size([0])) for Parameter 46 (torch.Size([512])), Block block_0 (torch.Size([512])).
I0316 08:29:28.051647 139712556852416 shampoo_preconditioner_list.py:352] Instantiated Adagrad Preconditioner 53.block_0 (torch.Size([0])) for Parameter 53 (torch.Size([1024, 256])), Block block_0 (torch.Size([1024, 256])).
I0316 08:29:28.051698 139647151056064 shampoo_preconditioner_list.py:352] Instantiated Adagrad Preconditioner 47.block_0 (torch.Size([512])) for Parameter 47 (torch.Size([512])), Block block_0 (torch.Size([512])).
I0316 08:29:28.051709 139712556852416 shampoo_preconditioner_list.py:352] Instantiated Adagrad Preconditioner 54.block_0 (torch.Size([0])) for Parameter 54 (torch.Size([1024])), Block block_0 (torch.Size([1024])).
I0316 08:29:28.051770 139647151056064 shampoo_preconditioner_list.py:352] Instantiated Adagrad Preconditioner 48.block_0 (torch.Size([0])) for Parameter 48 (torch.Size([1024, 512])), Block block_0 (torch.Size([1024, 512])).
I0316 08:29:28.051789 139712556852416 shampoo_preconditioner_list.py:352] Instantiated Adagrad Preconditioner 55.block_0 (torch.Size([1024])) for Parameter 55 (torch.Size([1024])), Block block_0 (torch.Size([1024])).
I0316 08:29:28.051831 139647151056064 shampoo_preconditioner_list.py:352] Instantiated Adagrad Preconditioner 49.block_0 (torch.Size([0])) for Parameter 49 (torch.Size([1024, 256])), Block block_0 (torch.Size([1024, 256])).
I0316 08:29:28.051890 139712556852416 shampoo_preconditioner_list.py:352] Instantiated Adagrad Preconditioner 56.block_0 (torch.Size([512])) for Parameter 56 (torch.Size([512])), Block block_0 (torch.Size([512])).
I0316 08:29:28.051928 139647151056064 shampoo_preconditioner_list.py:352] Instantiated Adagrad Preconditioner 50.block_0 (torch.Size([1024])) for Parameter 50 (torch.Size([1024])), Block block_0 (torch.Size([1024])).
I0316 08:29:28.051959 139712556852416 shampoo_preconditioner_list.py:352] Instantiated Adagrad Preconditioner 57.block_0 (torch.Size([0])) for Parameter 57 (torch.Size([512])), Block block_0 (torch.Size([512])).
I0316 08:29:28.052010 139647151056064 shampoo_preconditioner_list.py:352] Instantiated Adagrad Preconditioner 51.block_0 (torch.Size([0])) for Parameter 51 (torch.Size([1024])), Block block_0 (torch.Size([1024])).
I0316 08:29:28.052015 139712556852416 shampoo_preconditioner_list.py:352] Instantiated Adagrad Preconditioner 58.block_0 (torch.Size([0])) for Parameter 58 (torch.Size([1024, 512])), Block block_0 (torch.Size([1024, 512])).
I0316 08:29:28.052065 139712556852416 shampoo_preconditioner_list.py:352] Instantiated Adagrad Preconditioner 59.block_0 (torch.Size([0])) for Parameter 59 (torch.Size([1024, 256])), Block block_0 (torch.Size([1024, 256])).
I0316 08:29:28.052070 139647151056064 shampoo_preconditioner_list.py:352] Instantiated Adagrad Preconditioner 52.block_0 (torch.Size([0])) for Parameter 52 (torch.Size([1024, 512])), Block block_0 (torch.Size([1024, 512])).
I0316 08:29:28.052129 139712556852416 shampoo_preconditioner_list.py:352] Instantiated Adagrad Preconditioner 60.block_0 (torch.Size([0])) for Parameter 60 (torch.Size([1024])), Block block_0 (torch.Size([1024])).
I0316 08:29:28.052217 139712556852416 shampoo_preconditioner_list.py:352] Instantiated Adagrad Preconditioner 61.block_0 (torch.Size([1024])) for Parameter 61 (torch.Size([1024])), Block block_0 (torch.Size([1024])).
I0316 08:29:28.052288 139712556852416 shampoo_preconditioner_list.py:352] Instantiated Adagrad Preconditioner 62.block_0 (torch.Size([0])) for Parameter 62 (torch.Size([1024, 512])), Block block_0 (torch.Size([1024, 512])).
I0316 08:29:28.052347 139712556852416 shampoo_preconditioner_list.py:352] Instantiated Adagrad Preconditioner 63.block_0 (torch.Size([0])) for Parameter 63 (torch.Size([1024, 256])), Block block_0 (torch.Size([1024, 256])).
I0316 08:29:28.052403 139712556852416 shampoo_preconditioner_list.py:352] Instantiated Adagrad Preconditioner 64.block_0 (torch.Size([0])) for Parameter 64 (torch.Size([1024])), Block block_0 (torch.Size([1024])).
I0316 08:29:28.052487 139712556852416 shampoo_preconditioner_list.py:352] Instantiated Adagrad Preconditioner 65.block_0 (torch.Size([1024])) for Parameter 65 (torch.Size([1024])), Block block_0 (torch.Size([1024])).
I0316 08:29:28.052508 139647151056064 shampoo_preconditioner_list.py:352] Instantiated Adagrad Preconditioner 53.block_0 (torch.Size([1024, 256])) for Parameter 53 (torch.Size([1024, 256])), Block block_0 (torch.Size([1024, 256])).
I0316 08:29:28.052571 139712556852416 shampoo_preconditioner_list.py:352] Instantiated Adagrad Preconditioner 66.block_0 (torch.Size([512])) for Parameter 66 (torch.Size([512])), Block block_0 (torch.Size([512])).
I0316 08:29:28.052667 139712556852416 shampoo_preconditioner_list.py:352] Instantiated Adagrad Preconditioner 67.block_0 (torch.Size([0])) for Parameter 67 (torch.Size([512])), Block block_0 (torch.Size([512])).
I0316 08:29:28.052673 139647151056064 shampoo_preconditioner_list.py:352] Instantiated Adagrad Preconditioner 54.block_0 (torch.Size([1024])) for Parameter 54 (torch.Size([1024])), Block block_0 (torch.Size([1024])).
I0316 08:29:28.052729 139712556852416 shampoo_preconditioner_list.py:352] Instantiated Adagrad Preconditioner 68.block_0 (torch.Size([0])) for Parameter 68 (torch.Size([512, 512])), Block block_0 (torch.Size([512, 512])).
I0316 08:29:28.052750 139647151056064 shampoo_preconditioner_list.py:352] Instantiated Adagrad Preconditioner 55.block_0 (torch.Size([0])) for Parameter 55 (torch.Size([1024])), Block block_0 (torch.Size([1024])).
I0316 08:29:28.052812 139712556852416 shampoo_preconditioner_list.py:352] Instantiated Adagrad Preconditioner 69.block_0 (torch.Size([512])) for Parameter 69 (torch.Size([512])), Block block_0 (torch.Size([512])).
I0316 08:29:28.052819 139647151056064 shampoo_preconditioner_list.py:352] Instantiated Adagrad Preconditioner 56.block_0 (torch.Size([0])) for Parameter 56 (torch.Size([512])), Block block_0 (torch.Size([512])).
I0316 08:29:28.052882 139712556852416 shampoo_preconditioner_list.py:352] Instantiated Adagrad Preconditioner 70.block_0 (torch.Size([0])) for Parameter 70 (torch.Size([512])), Block block_0 (torch.Size([512])).
I0316 08:29:28.052902 139647151056064 shampoo_preconditioner_list.py:352] Instantiated Adagrad Preconditioner 57.block_0 (torch.Size([512])) for Parameter 57 (torch.Size([512])), Block block_0 (torch.Size([512])).
I0316 08:29:28.052964 139712556852416 shampoo_preconditioner_list.py:352] Instantiated Adagrad Preconditioner 71.block_0 (torch.Size([512])) for Parameter 71 (torch.Size([512])), Block block_0 (torch.Size([512])).
I0316 08:29:28.053024 139647151056064 shampoo_preconditioner_list.py:352] Instantiated Adagrad Preconditioner 58.block_0 (torch.Size([1024, 512])) for Parameter 58 (torch.Size([1024, 512])), Block block_0 (torch.Size([1024, 512])).
I0316 08:29:28.053034 139712556852416 shampoo_preconditioner_list.py:352] Instantiated Adagrad Preconditioner 72.block_0 (torch.Size([0])) for Parameter 72 (torch.Size([512, 512])), Block block_0 (torch.Size([512, 512])).
I0316 08:29:28.053087 139712556852416 shampoo_preconditioner_list.py:352] Instantiated Adagrad Preconditioner 73.block_0 (torch.Size([0])) for Parameter 73 (torch.Size([512])), Block block_0 (torch.Size([512])).
I0316 08:29:28.053111 139647151056064 shampoo_preconditioner_list.py:352] Instantiated Adagrad Preconditioner 59.block_0 (torch.Size([0])) for Parameter 59 (torch.Size([1024, 256])), Block block_0 (torch.Size([1024, 256])).
I0316 08:29:28.053181 139712556852416 shampoo_preconditioner_list.py:352] Instantiated Adagrad Preconditioner 74.block_0 (torch.Size([512])) for Parameter 74 (torch.Size([512])), Block block_0 (torch.Size([512])).
I0316 08:29:28.053206 139647151056064 shampoo_preconditioner_list.py:352] Instantiated Adagrad Preconditioner 60.block_0 (torch.Size([1024])) for Parameter 60 (torch.Size([1024])), Block block_0 (torch.Size([1024])).
I0316 08:29:28.053253 139712556852416 shampoo_preconditioner_list.py:352] Instantiated Adagrad Preconditioner 75.block_0 (torch.Size([0])) for Parameter 75 (torch.Size([512])), Block block_0 (torch.Size([512])).
I0316 08:29:28.053280 139647151056064 shampoo_preconditioner_list.py:352] Instantiated Adagrad Preconditioner 61.block_0 (torch.Size([0])) for Parameter 61 (torch.Size([1024])), Block block_0 (torch.Size([1024])).
I0316 08:29:28.053314 139712556852416 shampoo_preconditioner_list.py:352] Instantiated Adagrad Preconditioner 76.block_0 (torch.Size([0])) for Parameter 76 (torch.Size([512, 512])), Block block_0 (torch.Size([512, 512])).
I0316 08:29:28.053349 139647151056064 shampoo_preconditioner_list.py:352] Instantiated Adagrad Preconditioner 62.block_0 (torch.Size([0])) for Parameter 62 (torch.Size([1024, 512])), Block block_0 (torch.Size([1024, 512])).
I0316 08:29:28.053396 139712556852416 shampoo_preconditioner_list.py:352] Instantiated Adagrad Preconditioner 77.block_0 (torch.Size([512])) for Parameter 77 (torch.Size([512])), Block block_0 (torch.Size([512])).
I0316 08:29:28.053411 139647151056064 shampoo_preconditioner_list.py:352] Instantiated Adagrad Preconditioner 63.block_0 (torch.Size([0])) for Parameter 63 (torch.Size([1024, 256])), Block block_0 (torch.Size([1024, 256])).
I0316 08:29:28.053465 139712556852416 shampoo_preconditioner_list.py:352] Instantiated Adagrad Preconditioner 78.block_0 (torch.Size([0])) for Parameter 78 (torch.Size([512])), Block block_0 (torch.Size([512])).
I0316 08:29:28.053498 139647151056064 shampoo_preconditioner_list.py:352] Instantiated Adagrad Preconditioner 64.block_0 (torch.Size([1024])) for Parameter 64 (torch.Size([1024])), Block block_0 (torch.Size([1024])).
I0316 08:29:28.053547 139712556852416 shampoo_preconditioner_list.py:352] Instantiated Adagrad Preconditioner 79.block_0 (torch.Size([512])) for Parameter 79 (torch.Size([512])), Block block_0 (torch.Size([512])).
I0316 08:29:28.053572 139647151056064 shampoo_preconditioner_list.py:352] Instantiated Adagrad Preconditioner 65.block_0 (torch.Size([0])) for Parameter 65 (torch.Size([1024])), Block block_0 (torch.Size([1024])).
I0316 08:29:28.053617 139712556852416 shampoo_preconditioner_list.py:352] Instantiated Adagrad Preconditioner 80.block_0 (torch.Size([0])) for Parameter 80 (torch.Size([1024, 512])), Block block_0 (torch.Size([1024, 512])).
I0316 08:29:28.053635 139647151056064 shampoo_preconditioner_list.py:352] Instantiated Adagrad Preconditioner 66.block_0 (torch.Size([0])) for Parameter 66 (torch.Size([512])), Block block_0 (torch.Size([512])).
I0316 08:29:28.053677 139712556852416 shampoo_preconditioner_list.py:352] Instantiated Adagrad Preconditioner 81.block_0 (torch.Size([0])) for Parameter 81 (torch.Size([1024])), Block block_0 (torch.Size([1024])).
I0316 08:29:28.053719 139647151056064 shampoo_preconditioner_list.py:352] Instantiated Adagrad Preconditioner 67.block_0 (torch.Size([512])) for Parameter 67 (torch.Size([512])), Block block_0 (torch.Size([512])).
I0316 08:29:28.053792 139647151056064 shampoo_preconditioner_list.py:352] Instantiated Adagrad Preconditioner 68.block_0 (torch.Size([0])) for Parameter 68 (torch.Size([512, 512])), Block block_0 (torch.Size([512, 512])).
I0316 08:29:28.053816 139712556852416 shampoo_preconditioner_list.py:375] Rank 6: AdaGradPreconditionerList Numel Breakdown: (4608, 512, 0, 512, 0, 0, 0, 0, 0, 524288, 0, 0, 0, 0, 0, 512, 0, 0, 0, 0, 0, 0, 0, 0, 0, 512, 0, 524288, 0, 0, 1024, 0, 262144, 0, 1024, 512, 0, 0, 0, 0, 1024, 0, 0, 0, 1024, 512, 0, 0, 0, 0, 1024, 0, 0, 0, 1024, 512, 0, 0, 262144, 0, 1024, 524288, 0, 0, 1024, 512, 0, 0, 0, 0, 1024, 0, 0, 0, 1024, 512, 0, 0, 512, 0, 512, 0, 0, 512, 0, 0, 512, 0, 512, 0, 0)
I0316 08:29:28.053854 139647151056064 shampoo_preconditioner_list.py:352] Instantiated Adagrad Preconditioner 69.block_0 (torch.Size([0])) for Parameter 69 (torch.Size([512])), Block block_0 (torch.Size([512])).
I0316 08:29:28.053868 139712556852416 shampoo_preconditioner_list.py:378] Rank 6: AdaGradPreconditionerList Bytes Breakdown: (18432, 2048, 0, 2048, 0, 0, 0, 0, 0, 2097152, 0, 0, 0, 0, 0, 2048, 0, 0, 0, 0, 0, 0, 0, 0, 0, 2048, 0, 2097152, 0, 0, 4096, 0, 1048576, 0, 4096, 2048, 0, 0, 0, 0, 4096, 0, 0, 0, 4096, 2048, 0, 0, 0, 0, 4096, 0, 0, 0, 4096, 2048, 0, 0, 1048576, 0, 4096, 2097152, 0, 0, 4096, 2048, 0, 0, 0, 0, 4096, 0, 0, 0, 4096, 2048, 0, 0, 2048, 0, 2048, 0, 0, 2048, 0, 0, 2048, 0, 2048, 0, 0)
I0316 08:29:28.053902 139712556852416 shampoo_preconditioner_list.py:381] Rank 6: AdaGradPreconditionerList Total Elements: 2119168
I0316 08:29:28.053946 139712556852416 shampoo_preconditioner_list.py:384] Rank 6: AdaGradPreconditionerList Total Bytes: 8476672
I0316 08:29:28.053941 139647151056064 shampoo_preconditioner_list.py:352] Instantiated Adagrad Preconditioner 70.block_0 (torch.Size([512])) for Parameter 70 (torch.Size([512])), Block block_0 (torch.Size([512])).
I0316 08:29:28.054022 139647151056064 shampoo_preconditioner_list.py:352] Instantiated Adagrad Preconditioner 71.block_0 (torch.Size([0])) for Parameter 71 (torch.Size([512])), Block block_0 (torch.Size([512])).
I0316 08:29:28.054106 139647151056064 shampoo_preconditioner_list.py:352] Instantiated Adagrad Preconditioner 72.block_0 (torch.Size([0])) for Parameter 72 (torch.Size([512, 512])), Block block_0 (torch.Size([512, 512])).
I0316 08:29:28.054202 139647151056064 shampoo_preconditioner_list.py:352] Instantiated Adagrad Preconditioner 73.block_0 (torch.Size([512])) for Parameter 73 (torch.Size([512])), Block block_0 (torch.Size([512])).
I0316 08:29:28.054275 139647151056064 shampoo_preconditioner_list.py:352] Instantiated Adagrad Preconditioner 74.block_0 (torch.Size([0])) for Parameter 74 (torch.Size([512])), Block block_0 (torch.Size([512])).
I0316 08:29:28.054365 139647151056064 shampoo_preconditioner_list.py:352] Instantiated Adagrad Preconditioner 75.block_0 (torch.Size([512])) for Parameter 75 (torch.Size([512])), Block block_0 (torch.Size([512])).
I0316 08:29:28.054445 139647151056064 shampoo_preconditioner_list.py:352] Instantiated Adagrad Preconditioner 76.block_0 (torch.Size([0])) for Parameter 76 (torch.Size([512, 512])), Block block_0 (torch.Size([512, 512])).
I0316 08:29:28.054510 139647151056064 shampoo_preconditioner_list.py:352] Instantiated Adagrad Preconditioner 77.block_0 (torch.Size([0])) for Parameter 77 (torch.Size([512])), Block block_0 (torch.Size([512])).
I0316 08:29:28.054600 139647151056064 shampoo_preconditioner_list.py:352] Instantiated Adagrad Preconditioner 78.block_0 (torch.Size([512])) for Parameter 78 (torch.Size([512])), Block block_0 (torch.Size([512])).
I0316 08:29:28.054672 139647151056064 shampoo_preconditioner_list.py:352] Instantiated Adagrad Preconditioner 79.block_0 (torch.Size([0])) for Parameter 79 (torch.Size([512])), Block block_0 (torch.Size([512])).
I0316 08:29:28.054739 139647151056064 shampoo_preconditioner_list.py:352] Instantiated Adagrad Preconditioner 80.block_0 (torch.Size([0])) for Parameter 80 (torch.Size([1024, 512])), Block block_0 (torch.Size([1024, 512])).
I0316 08:29:28.054837 139647151056064 shampoo_preconditioner_list.py:352] Instantiated Adagrad Preconditioner 81.block_0 (torch.Size([1024])) for Parameter 81 (torch.Size([1024])), Block block_0 (torch.Size([1024])).
I0316 08:29:28.055000 139647151056064 shampoo_preconditioner_list.py:375] Rank 7: AdaGradPreconditionerList Numel Breakdown: (0, 0, 0, 0, 0, 0, 0, 0, 0, 0, 524288, 0, 0, 0, 512, 0, 512, 0, 0, 1024, 1024, 0, 0, 1024, 1024, 0, 512, 0, 0, 1024, 0, 524288, 0, 1024, 0, 0, 512, 0, 262144, 1024, 0, 0, 0, 1024, 0, 0, 512, 0, 0, 1024, 0, 0, 0, 1024, 0, 0, 512, 0, 0, 1024, 0, 0, 262144, 1024, 0, 0, 512, 524288, 0, 1024, 0, 0, 0, 1024, 0, 0, 512, 0, 0, 512, 0, 0, 512, 0, 512, 0, 0, 512, 0, 0, 1024)
I0316 08:29:28.055055 139647151056064 shampoo_preconditioner_list.py:378] Rank 7: AdaGradPreconditionerList Bytes Breakdown: (0, 0, 0, 0, 0, 0, 0, 0, 0, 0, 2097152, 0, 0, 0, 2048, 0, 2048, 0, 0, 4096, 4096, 0, 0, 4096, 4096, 0, 2048, 0, 0, 4096, 0, 2097152, 0, 4096, 0, 0, 2048, 0, 1048576, 4096, 0, 0, 0, 4096, 0, 0, 2048, 0, 0, 4096, 0, 0, 0, 4096, 0, 0, 2048, 0, 0, 4096, 0, 0, 1048576, 4096, 0, 0, 2048, 2097152, 0, 4096, 0, 0, 0, 4096, 0, 0, 2048, 0, 0, 2048, 0, 0, 2048, 0, 2048, 0, 0, 2048, 0, 0, 4096)
I0316 08:29:28.055094 139647151056064 shampoo_preconditioner_list.py:381] Rank 7: AdaGradPreconditionerList Total Elements: 2118656
I0316 08:29:28.055131 139647151056064 shampoo_preconditioner_list.py:384] Rank 7: AdaGradPreconditionerList Total Bytes: 8474624
I0316 08:29:28.057062 139712556852416 logger_utils.py:262] Unable to record workload.train_mean information. Continuing without it.
I0316 08:29:28.057148 139712556852416 logger_utils.py:262] Unable to record workload.train_stddev information. Continuing without it.
I0316 08:29:28.058307 139647151056064 logger_utils.py:262] Unable to record workload.train_mean information. Continuing without it.
I0316 08:29:28.058387 139647151056064 logger_utils.py:262] Unable to record workload.train_stddev information. Continuing without it.
I0316 08:29:29.064411 140550601262272 submission_runner.py:325] Saving flags to /experiment_runs/submissions/rolling_leaderboard/external_tuning/shampoo/study_2/librispeech_deepspeech_pytorch/trial_1/flags_0.json.
I0316 08:29:29.080770 140550601262272 submission_runner.py:337] Starting training loop.
/usr/local/lib/python3.11/multiprocessing/popen_fork.py:66: RuntimeWarning: os.fork() was called. os.fork() is incompatible with multithreaded code, and JAX is multithreaded, so this will likely lead to a deadlock.
  self.pid = os.fork()
/usr/local/lib/python3.11/multiprocessing/popen_fork.py:66: RuntimeWarning: os.fork() was called. os.fork() is incompatible with multithreaded code, and JAX is multithreaded, so this will likely lead to a deadlock.
  self.pid = os.fork()
/usr/local/lib/python3.11/multiprocessing/popen_fork.py:66: RuntimeWarning: os.fork() was called. os.fork() is incompatible with multithreaded code, and JAX is multithreaded, so this will likely lead to a deadlock.
  self.pid = os.fork()
/usr/local/lib/python3.11/multiprocessing/popen_fork.py:66: RuntimeWarning: os.fork() was called. os.fork() is incompatible with multithreaded code, and JAX is multithreaded, so this will likely lead to a deadlock.
  self.pid = os.fork()
/usr/local/lib/python3.11/multiprocessing/popen_fork.py:66: RuntimeWarning: os.fork() was called. os.fork() is incompatible with multithreaded code, and JAX is multithreaded, so this will likely lead to a deadlock.
  self.pid = os.fork()
/usr/local/lib/python3.11/multiprocessing/popen_fork.py:66: RuntimeWarning: os.fork() was called. os.fork() is incompatible with multithreaded code, and JAX is multithreaded, so this will likely lead to a deadlock.
  self.pid = os.fork()
/usr/local/lib/python3.11/multiprocessing/popen_fork.py:66: RuntimeWarning: os.fork() was called. os.fork() is incompatible with multithreaded code, and JAX is multithreaded, so this will likely lead to a deadlock.
  self.pid = os.fork()
/usr/local/lib/python3.11/multiprocessing/popen_fork.py:66: RuntimeWarning: os.fork() was called. os.fork() is incompatible with multithreaded code, and JAX is multithreaded, so this will likely lead to a deadlock.
  self.pid = os.fork()
/algorithmic-efficiency/algoperf/workloads/librispeech_conformer/librispeech_pytorch/preprocessor.py:488: UserWarning: Specified kernel cache directory could not be created! This disables kernel caching. Specified directory is /root/.cache/torch/kernels. This warning will appear only once per process. (Triggered internally at ../aten/src/ATen/native/cuda/jit_utils.cpp:1442.)
  spectrum = torch.abs(spectrum)
/algorithmic-efficiency/algoperf/workloads/librispeech_conformer/librispeech_pytorch/preprocessor.py:488: UserWarning: Specified kernel cache directory could not be created! This disables kernel caching. Specified directory is /root/.cache/torch/kernels. This warning will appear only once per process. (Triggered internally at ../aten/src/ATen/native/cuda/jit_utils.cpp:1442.)
  spectrum = torch.abs(spectrum)
/algorithmic-efficiency/algoperf/workloads/librispeech_conformer/librispeech_pytorch/preprocessor.py:488: UserWarning: Specified kernel cache directory could not be created! This disables kernel caching. Specified directory is /root/.cache/torch/kernels. This warning will appear only once per process. (Triggered internally at ../aten/src/ATen/native/cuda/jit_utils.cpp:1442.)
  spectrum = torch.abs(spectrum)
/algorithmic-efficiency/algoperf/workloads/librispeech_conformer/librispeech_pytorch/preprocessor.py:488: UserWarning: Specified kernel cache directory could not be created! This disables kernel caching. Specified directory is /root/.cache/torch/kernels. This warning will appear only once per process. (Triggered internally at ../aten/src/ATen/native/cuda/jit_utils.cpp:1442.)
  spectrum = torch.abs(spectrum)
/algorithmic-efficiency/algoperf/workloads/librispeech_conformer/librispeech_pytorch/preprocessor.py:488: UserWarning: Specified kernel cache directory could not be created! This disables kernel caching. Specified directory is /root/.cache/torch/kernels. This warning will appear only once per process. (Triggered internally at ../aten/src/ATen/native/cuda/jit_utils.cpp:1442.)
  spectrum = torch.abs(spectrum)
/algorithmic-efficiency/algoperf/workloads/librispeech_conformer/librispeech_pytorch/preprocessor.py:488: UserWarning: Specified kernel cache directory could not be created! This disables kernel caching. Specified directory is /root/.cache/torch/kernels. This warning will appear only once per process. (Triggered internally at ../aten/src/ATen/native/cuda/jit_utils.cpp:1442.)
  spectrum = torch.abs(spectrum)
/algorithmic-efficiency/algoperf/workloads/librispeech_conformer/librispeech_pytorch/preprocessor.py:488: UserWarning: Specified kernel cache directory could not be created! This disables kernel caching. Specified directory is /root/.cache/torch/kernels. This warning will appear only once per process. (Triggered internally at ../aten/src/ATen/native/cuda/jit_utils.cpp:1442.)
  spectrum = torch.abs(spectrum)
I0316 08:31:02.108429 140531866793728 logging_writer.py:48] [0] global_step=0, grad_norm=25.2986, loss=34.0946
I0316 08:31:02.364944 140550601262272 submission.py:265] 0) loss = 34.095, grad_norm = 25.299
I0316 08:31:02.893535 140550601262272 spec.py:321] Evaluating on the training split.
I0316 08:31:02.894638 140550601262272 input_pipeline.py:20] Loading split = train-clean-100
I0316 08:31:02.922220 140550601262272 input_pipeline.py:20] Loading split = train-clean-360
I0316 08:31:03.022972 140550601262272 input_pipeline.py:20] Loading split = train-other-500
/usr/local/lib/python3.11/multiprocessing/popen_fork.py:66: RuntimeWarning: os.fork() was called. os.fork() is incompatible with multithreaded code, and JAX is multithreaded, so this will likely lead to a deadlock.
  self.pid = os.fork()
/usr/local/lib/python3.11/multiprocessing/popen_fork.py:66: RuntimeWarning: os.fork() was called. os.fork() is incompatible with multithreaded code, and JAX is multithreaded, so this will likely lead to a deadlock.
  self.pid = os.fork()
/usr/local/lib/python3.11/multiprocessing/popen_fork.py:66: RuntimeWarning: os.fork() was called. os.fork() is incompatible with multithreaded code, and JAX is multithreaded, so this will likely lead to a deadlock.
  self.pid = os.fork()
/usr/local/lib/python3.11/multiprocessing/popen_fork.py:66: RuntimeWarning: os.fork() was called. os.fork() is incompatible with multithreaded code, and JAX is multithreaded, so this will likely lead to a deadlock.
  self.pid = os.fork()
/usr/local/lib/python3.11/multiprocessing/popen_fork.py:66: RuntimeWarning: os.fork() was called. os.fork() is incompatible with multithreaded code, and JAX is multithreaded, so this will likely lead to a deadlock.
  self.pid = os.fork()
/usr/local/lib/python3.11/multiprocessing/popen_fork.py:66: RuntimeWarning: os.fork() was called. os.fork() is incompatible with multithreaded code, and JAX is multithreaded, so this will likely lead to a deadlock.
  self.pid = os.fork()
/usr/local/lib/python3.11/multiprocessing/popen_fork.py:66: RuntimeWarning: os.fork() was called. os.fork() is incompatible with multithreaded code, and JAX is multithreaded, so this will likely lead to a deadlock.
  self.pid = os.fork()
/usr/local/lib/python3.11/multiprocessing/popen_fork.py:66: RuntimeWarning: os.fork() was called. os.fork() is incompatible with multithreaded code, and JAX is multithreaded, so this will likely lead to a deadlock.
  self.pid = os.fork()
I0316 08:31:31.603578 140550601262272 spec.py:333] Evaluating on the validation split.
I0316 08:31:31.604990 140550601262272 input_pipeline.py:20] Loading split = dev-clean
I0316 08:31:31.628604 140550601262272 input_pipeline.py:20] Loading split = dev-other
/usr/local/lib/python3.11/multiprocessing/popen_fork.py:66: RuntimeWarning: os.fork() was called. os.fork() is incompatible with multithreaded code, and JAX is multithreaded, so this will likely lead to a deadlock.
  self.pid = os.fork()
/usr/local/lib/python3.11/multiprocessing/popen_fork.py:66: RuntimeWarning: os.fork() was called. os.fork() is incompatible with multithreaded code, and JAX is multithreaded, so this will likely lead to a deadlock.
  self.pid = os.fork()
/usr/local/lib/python3.11/multiprocessing/popen_fork.py:66: RuntimeWarning: os.fork() was called. os.fork() is incompatible with multithreaded code, and JAX is multithreaded, so this will likely lead to a deadlock.
  self.pid = os.fork()
/usr/local/lib/python3.11/multiprocessing/popen_fork.py:66: RuntimeWarning: os.fork() was called. os.fork() is incompatible with multithreaded code, and JAX is multithreaded, so this will likely lead to a deadlock.
  self.pid = os.fork()
/usr/local/lib/python3.11/multiprocessing/popen_fork.py:66: RuntimeWarning: os.fork() was called. os.fork() is incompatible with multithreaded code, and JAX is multithreaded, so this will likely lead to a deadlock.
  self.pid = os.fork()
/usr/local/lib/python3.11/multiprocessing/popen_fork.py:66: RuntimeWarning: os.fork() was called. os.fork() is incompatible with multithreaded code, and JAX is multithreaded, so this will likely lead to a deadlock.
  self.pid = os.fork()
/usr/local/lib/python3.11/multiprocessing/popen_fork.py:66: RuntimeWarning: os.fork() was called. os.fork() is incompatible with multithreaded code, and JAX is multithreaded, so this will likely lead to a deadlock.
  self.pid = os.fork()
/usr/local/lib/python3.11/multiprocessing/popen_fork.py:66: RuntimeWarning: os.fork() was called. os.fork() is incompatible with multithreaded code, and JAX is multithreaded, so this will likely lead to a deadlock.
  self.pid = os.fork()
I0316 08:31:46.077036 140550601262272 spec.py:349] Evaluating on the test split.
I0316 08:31:46.078438 140550601262272 input_pipeline.py:20] Loading split = test-clean
I0316 08:31:54.451076 140550601262272 submission_runner.py:469] Time since start: 145.37s, 	Step: 1, 	{'train/ctc_loss': 32.27161337713481, 'train/wer': 4.226310025227896, 'validation/ctc_loss': 30.900755033032695, 'validation/wer': 3.8878578670400232, 'validation/num_examples': 5348, 'test/ctc_loss': 31.003910711306737, 'test/wer': 4.045761988909877, 'test/num_examples': 2472, 'score': 93.28579545021057, 'total_duration': 145.37001967430115, 'accumulated_submission_time': 93.28579545021057, 'accumulated_eval_time': 51.55728602409363, 'accumulated_logging_time': 0}
I0316 08:31:54.467391 140531697919744 logging_writer.py:48] [1] accumulated_eval_time=51.5573, accumulated_logging_time=0, accumulated_submission_time=93.2858, global_step=1, preemption_count=0, score=93.2858, test/ctc_loss=31.0039, test/num_examples=2472, test/wer=4.04576, total_duration=145.37, train/ctc_loss=32.2716, train/wer=4.22631, validation/ctc_loss=30.9008, validation/num_examples=5348, validation/wer=3.88786
I0316 08:31:56.272552 140531689527040 logging_writer.py:48] [1] global_step=1, grad_norm=23.0906, loss=32.884
I0316 08:31:56.276237 140550601262272 submission.py:265] 1) loss = 32.884, grad_norm = 23.091
I0316 08:31:57.160841 140531697919744 logging_writer.py:48] [2] global_step=2, grad_norm=28.0493, loss=33.5691
I0316 08:31:57.164375 140550601262272 submission.py:265] 2) loss = 33.569, grad_norm = 28.049
I0316 08:31:58.041520 140531689527040 logging_writer.py:48] [3] global_step=3, grad_norm=36.3542, loss=32.9562
I0316 08:31:58.044929 140550601262272 submission.py:265] 3) loss = 32.956, grad_norm = 36.354
I0316 08:31:58.920660 140531697919744 logging_writer.py:48] [4] global_step=4, grad_norm=41.2052, loss=32.2043
I0316 08:31:58.924074 140550601262272 submission.py:265] 4) loss = 32.204, grad_norm = 41.205
I0316 08:31:59.793131 140531689527040 logging_writer.py:48] [5] global_step=5, grad_norm=55.7979, loss=31.717
I0316 08:31:59.797038 140550601262272 submission.py:265] 5) loss = 31.717, grad_norm = 55.798
I0316 08:32:00.682642 140531697919744 logging_writer.py:48] [6] global_step=6, grad_norm=53.1644, loss=30.2233
I0316 08:32:00.686358 140550601262272 submission.py:265] 6) loss = 30.223, grad_norm = 53.164
I0316 08:32:01.562776 140531689527040 logging_writer.py:48] [7] global_step=7, grad_norm=45.0406, loss=29.248
I0316 08:32:01.567348 140550601262272 submission.py:265] 7) loss = 29.248, grad_norm = 45.041
I0316 08:32:02.445468 140531697919744 logging_writer.py:48] [8] global_step=8, grad_norm=40.6641, loss=28.7573
I0316 08:32:02.449089 140550601262272 submission.py:265] 8) loss = 28.757, grad_norm = 40.664
I0316 08:32:03.323983 140531689527040 logging_writer.py:48] [9] global_step=9, grad_norm=37.6903, loss=29.0264
I0316 08:32:03.327363 140550601262272 submission.py:265] 9) loss = 29.026, grad_norm = 37.690
I0316 08:32:04.210809 140531697919744 logging_writer.py:48] [10] global_step=10, grad_norm=36.1412, loss=27.3452
I0316 08:32:04.214968 140550601262272 submission.py:265] 10) loss = 27.345, grad_norm = 36.141
I0316 08:32:05.096803 140531689527040 logging_writer.py:48] [11] global_step=11, grad_norm=32.7922, loss=26.4543
I0316 08:32:05.100797 140550601262272 submission.py:265] 11) loss = 26.454, grad_norm = 32.792
I0316 08:32:05.979543 140531697919744 logging_writer.py:48] [12] global_step=12, grad_norm=31.7445, loss=25.8887
I0316 08:32:05.983325 140550601262272 submission.py:265] 12) loss = 25.889, grad_norm = 31.744
I0316 08:32:06.858982 140531689527040 logging_writer.py:48] [13] global_step=13, grad_norm=30.9328, loss=24.442
I0316 08:32:06.862575 140550601262272 submission.py:265] 13) loss = 24.442, grad_norm = 30.933
I0316 08:32:07.751519 140531697919744 logging_writer.py:48] [14] global_step=14, grad_norm=31.1222, loss=23.874
I0316 08:32:07.755208 140550601262272 submission.py:265] 14) loss = 23.874, grad_norm = 31.122
I0316 08:32:08.631580 140531689527040 logging_writer.py:48] [15] global_step=15, grad_norm=31.3139, loss=23.4127
I0316 08:32:08.635964 140550601262272 submission.py:265] 15) loss = 23.413, grad_norm = 31.314
I0316 08:32:09.509450 140531697919744 logging_writer.py:48] [16] global_step=16, grad_norm=28.1918, loss=21.4322
I0316 08:32:09.512938 140550601262272 submission.py:265] 16) loss = 21.432, grad_norm = 28.192
I0316 08:32:10.393317 140531689527040 logging_writer.py:48] [17] global_step=17, grad_norm=27.4697, loss=21.2017
I0316 08:32:10.396641 140550601262272 submission.py:265] 17) loss = 21.202, grad_norm = 27.470
I0316 08:32:11.281308 140531697919744 logging_writer.py:48] [18] global_step=18, grad_norm=24.8449, loss=20.1328
I0316 08:32:11.285100 140550601262272 submission.py:265] 18) loss = 20.133, grad_norm = 24.845
I0316 08:32:12.164474 140531689527040 logging_writer.py:48] [19] global_step=19, grad_norm=23.1624, loss=19.8111
I0316 08:32:12.168119 140550601262272 submission.py:265] 19) loss = 19.811, grad_norm = 23.162
I0316 08:32:13.044408 140531697919744 logging_writer.py:48] [20] global_step=20, grad_norm=20.5999, loss=18.5434
I0316 08:32:13.053174 140550601262272 submission.py:265] 20) loss = 18.543, grad_norm = 20.600
I0316 08:32:13.929142 140531689527040 logging_writer.py:48] [21] global_step=21, grad_norm=18.8682, loss=17.837
I0316 08:32:13.933117 140550601262272 submission.py:265] 21) loss = 17.837, grad_norm = 18.868
I0316 08:32:14.813780 140531697919744 logging_writer.py:48] [22] global_step=22, grad_norm=16.5676, loss=16.6388
I0316 08:32:14.818292 140550601262272 submission.py:265] 22) loss = 16.639, grad_norm = 16.568
I0316 08:32:15.701150 140531689527040 logging_writer.py:48] [23] global_step=23, grad_norm=16.6778, loss=16.5639
I0316 08:32:15.705092 140550601262272 submission.py:265] 23) loss = 16.564, grad_norm = 16.678
I0316 08:32:16.578574 140531697919744 logging_writer.py:48] [24] global_step=24, grad_norm=15.0891, loss=16.0952
I0316 08:32:16.582405 140550601262272 submission.py:265] 24) loss = 16.095, grad_norm = 15.089
I0316 08:32:17.460661 140531689527040 logging_writer.py:48] [25] global_step=25, grad_norm=13.726, loss=15.3357
I0316 08:32:17.465563 140550601262272 submission.py:265] 25) loss = 15.336, grad_norm = 13.726
I0316 08:32:18.341570 140531697919744 logging_writer.py:48] [26] global_step=26, grad_norm=13.1108, loss=14.8785
I0316 08:32:18.345549 140550601262272 submission.py:265] 26) loss = 14.878, grad_norm = 13.111
I0316 08:32:19.223100 140531689527040 logging_writer.py:48] [27] global_step=27, grad_norm=12.3536, loss=14.1136
I0316 08:32:19.226997 140550601262272 submission.py:265] 27) loss = 14.114, grad_norm = 12.354
I0316 08:32:20.103395 140531697919744 logging_writer.py:48] [28] global_step=28, grad_norm=10.605, loss=13.4799
I0316 08:32:20.108122 140550601262272 submission.py:265] 28) loss = 13.480, grad_norm = 10.605
I0316 08:32:20.991166 140531689527040 logging_writer.py:48] [29] global_step=29, grad_norm=10.3569, loss=13.2685
I0316 08:32:20.994653 140550601262272 submission.py:265] 29) loss = 13.269, grad_norm = 10.357
I0316 08:32:21.870408 140531697919744 logging_writer.py:48] [30] global_step=30, grad_norm=9.37814, loss=12.7865
I0316 08:32:21.877599 140550601262272 submission.py:265] 30) loss = 12.786, grad_norm = 9.378
I0316 08:32:22.753632 140531689527040 logging_writer.py:48] [31] global_step=31, grad_norm=8.43999, loss=12.2136
I0316 08:32:22.757021 140550601262272 submission.py:265] 31) loss = 12.214, grad_norm = 8.440
I0316 08:32:23.633466 140531697919744 logging_writer.py:48] [32] global_step=32, grad_norm=8.8152, loss=11.9548
I0316 08:32:23.636951 140550601262272 submission.py:265] 32) loss = 11.955, grad_norm = 8.815
I0316 08:32:24.516146 140531689527040 logging_writer.py:48] [33] global_step=33, grad_norm=8.10517, loss=11.3748
I0316 08:32:24.520028 140550601262272 submission.py:265] 33) loss = 11.375, grad_norm = 8.105
I0316 08:32:25.397782 140531697919744 logging_writer.py:48] [34] global_step=34, grad_norm=7.56521, loss=11.0697
I0316 08:32:25.401248 140550601262272 submission.py:265] 34) loss = 11.070, grad_norm = 7.565
I0316 08:32:26.277835 140531689527040 logging_writer.py:48] [35] global_step=35, grad_norm=8.49973, loss=11.2484
I0316 08:32:26.281285 140550601262272 submission.py:265] 35) loss = 11.248, grad_norm = 8.500
I0316 08:32:27.159042 140531697919744 logging_writer.py:48] [36] global_step=36, grad_norm=6.77105, loss=10.5891
I0316 08:32:27.162549 140550601262272 submission.py:265] 36) loss = 10.589, grad_norm = 6.771
I0316 08:32:28.034106 140531689527040 logging_writer.py:48] [37] global_step=37, grad_norm=7.93134, loss=10.3597
I0316 08:32:28.037654 140550601262272 submission.py:265] 37) loss = 10.360, grad_norm = 7.931
I0316 08:32:28.914046 140531697919744 logging_writer.py:48] [38] global_step=38, grad_norm=6.15179, loss=10.1102
I0316 08:32:28.917450 140550601262272 submission.py:265] 38) loss = 10.110, grad_norm = 6.152
I0316 08:32:29.790557 140531689527040 logging_writer.py:48] [39] global_step=39, grad_norm=6.28627, loss=9.88291
I0316 08:32:29.794101 140550601262272 submission.py:265] 39) loss = 9.883, grad_norm = 6.286
I0316 08:32:30.680734 140531697919744 logging_writer.py:48] [40] global_step=40, grad_norm=5.92836, loss=9.62916
I0316 08:32:30.685514 140550601262272 submission.py:265] 40) loss = 9.629, grad_norm = 5.928
I0316 08:32:31.567044 140531689527040 logging_writer.py:48] [41] global_step=41, grad_norm=5.07, loss=9.31492
I0316 08:32:31.570657 140550601262272 submission.py:265] 41) loss = 9.315, grad_norm = 5.070
I0316 08:32:32.444409 140531697919744 logging_writer.py:48] [42] global_step=42, grad_norm=4.80288, loss=9.10393
I0316 08:32:32.448079 140550601262272 submission.py:265] 42) loss = 9.104, grad_norm = 4.803
I0316 08:32:33.330103 140531689527040 logging_writer.py:48] [43] global_step=43, grad_norm=4.39368, loss=8.91041
I0316 08:32:33.333652 140550601262272 submission.py:265] 43) loss = 8.910, grad_norm = 4.394
I0316 08:32:34.215332 140531697919744 logging_writer.py:48] [44] global_step=44, grad_norm=4.42201, loss=9.00066
I0316 08:32:34.218953 140550601262272 submission.py:265] 44) loss = 9.001, grad_norm = 4.422
I0316 08:32:35.092583 140531689527040 logging_writer.py:48] [45] global_step=45, grad_norm=4.30815, loss=8.53921
I0316 08:32:35.095993 140550601262272 submission.py:265] 45) loss = 8.539, grad_norm = 4.308
I0316 08:32:35.972769 140531697919744 logging_writer.py:48] [46] global_step=46, grad_norm=4.26219, loss=8.50054
I0316 08:32:35.976867 140550601262272 submission.py:265] 46) loss = 8.501, grad_norm = 4.262
I0316 08:32:36.852148 140531689527040 logging_writer.py:48] [47] global_step=47, grad_norm=4.27485, loss=8.43619
I0316 08:32:36.856333 140550601262272 submission.py:265] 47) loss = 8.436, grad_norm = 4.275
I0316 08:32:37.733520 140531697919744 logging_writer.py:48] [48] global_step=48, grad_norm=3.27023, loss=8.22577
I0316 08:32:37.737099 140550601262272 submission.py:265] 48) loss = 8.226, grad_norm = 3.270
I0316 08:32:38.615126 140531689527040 logging_writer.py:48] [49] global_step=49, grad_norm=4.00505, loss=8.02347
I0316 08:32:38.618542 140550601262272 submission.py:265] 49) loss = 8.023, grad_norm = 4.005
I0316 08:32:39.500794 140531697919744 logging_writer.py:48] [50] global_step=50, grad_norm=3.52243, loss=7.90155
I0316 08:32:39.504407 140550601262272 submission.py:265] 50) loss = 7.902, grad_norm = 3.522
I0316 08:32:40.381423 140531689527040 logging_writer.py:48] [51] global_step=51, grad_norm=3.80342, loss=7.77535
I0316 08:32:40.385182 140550601262272 submission.py:265] 51) loss = 7.775, grad_norm = 3.803
I0316 08:32:41.254527 140531697919744 logging_writer.py:48] [52] global_step=52, grad_norm=3.42854, loss=7.78361
I0316 08:32:41.257946 140550601262272 submission.py:265] 52) loss = 7.784, grad_norm = 3.429
I0316 08:32:42.136164 140531689527040 logging_writer.py:48] [53] global_step=53, grad_norm=3.60402, loss=7.75166
I0316 08:32:42.139845 140550601262272 submission.py:265] 53) loss = 7.752, grad_norm = 3.604
I0316 08:32:43.010023 140531697919744 logging_writer.py:48] [54] global_step=54, grad_norm=3.23051, loss=7.5452
I0316 08:32:43.013359 140550601262272 submission.py:265] 54) loss = 7.545, grad_norm = 3.231
I0316 08:32:43.886370 140531689527040 logging_writer.py:48] [55] global_step=55, grad_norm=3.73023, loss=7.42303
I0316 08:32:43.889717 140550601262272 submission.py:265] 55) loss = 7.423, grad_norm = 3.730
I0316 08:32:44.770643 140531697919744 logging_writer.py:48] [56] global_step=56, grad_norm=3.87218, loss=7.38183
I0316 08:32:44.774371 140550601262272 submission.py:265] 56) loss = 7.382, grad_norm = 3.872
I0316 08:32:45.654901 140531689527040 logging_writer.py:48] [57] global_step=57, grad_norm=3.67514, loss=7.29187
I0316 08:32:45.658530 140550601262272 submission.py:265] 57) loss = 7.292, grad_norm = 3.675
I0316 08:32:46.537117 140531697919744 logging_writer.py:48] [58] global_step=58, grad_norm=4.24667, loss=7.24755
I0316 08:32:46.540995 140550601262272 submission.py:265] 58) loss = 7.248, grad_norm = 4.247
I0316 08:32:47.413589 140531689527040 logging_writer.py:48] [59] global_step=59, grad_norm=4.8042, loss=7.10419
I0316 08:32:47.417157 140550601262272 submission.py:265] 59) loss = 7.104, grad_norm = 4.804
I0316 08:32:48.291603 140531697919744 logging_writer.py:48] [60] global_step=60, grad_norm=3.12582, loss=6.97237
I0316 08:32:48.295259 140550601262272 submission.py:265] 60) loss = 6.972, grad_norm = 3.126
I0316 08:32:49.172287 140531689527040 logging_writer.py:48] [61] global_step=61, grad_norm=3.48348, loss=6.95934
I0316 08:32:49.175770 140550601262272 submission.py:265] 61) loss = 6.959, grad_norm = 3.483
I0316 08:32:50.054937 140531697919744 logging_writer.py:48] [62] global_step=62, grad_norm=2.94564, loss=6.96988
I0316 08:32:50.058380 140550601262272 submission.py:265] 62) loss = 6.970, grad_norm = 2.946
I0316 08:32:50.934153 140531689527040 logging_writer.py:48] [63] global_step=63, grad_norm=4.26343, loss=6.79061
I0316 08:32:50.937699 140550601262272 submission.py:265] 63) loss = 6.791, grad_norm = 4.263
I0316 08:32:51.825000 140531697919744 logging_writer.py:48] [64] global_step=64, grad_norm=3.23576, loss=6.79265
I0316 08:32:51.828819 140550601262272 submission.py:265] 64) loss = 6.793, grad_norm = 3.236
I0316 08:32:52.703250 140531689527040 logging_writer.py:48] [65] global_step=65, grad_norm=1.90074, loss=6.68522
I0316 08:32:52.707046 140550601262272 submission.py:265] 65) loss = 6.685, grad_norm = 1.901
I0316 08:32:53.586568 140531697919744 logging_writer.py:48] [66] global_step=66, grad_norm=2.11008, loss=6.59606
I0316 08:32:53.590156 140550601262272 submission.py:265] 66) loss = 6.596, grad_norm = 2.110
I0316 08:32:54.467869 140531689527040 logging_writer.py:48] [67] global_step=67, grad_norm=2.28812, loss=6.55356
I0316 08:32:54.471208 140550601262272 submission.py:265] 67) loss = 6.554, grad_norm = 2.288
I0316 08:32:55.353281 140531697919744 logging_writer.py:48] [68] global_step=68, grad_norm=2.47997, loss=6.5562
I0316 08:32:55.356696 140550601262272 submission.py:265] 68) loss = 6.556, grad_norm = 2.480
I0316 08:32:56.236224 140531689527040 logging_writer.py:48] [69] global_step=69, grad_norm=2.02642, loss=6.49307
I0316 08:32:56.239833 140550601262272 submission.py:265] 69) loss = 6.493, grad_norm = 2.026
I0316 08:32:57.115116 140531697919744 logging_writer.py:48] [70] global_step=70, grad_norm=2.67216, loss=6.43735
I0316 08:32:57.119360 140550601262272 submission.py:265] 70) loss = 6.437, grad_norm = 2.672
I0316 08:32:57.993552 140531689527040 logging_writer.py:48] [71] global_step=71, grad_norm=1.65256, loss=6.39696
I0316 08:32:57.997579 140550601262272 submission.py:265] 71) loss = 6.397, grad_norm = 1.653
I0316 08:32:58.872066 140531697919744 logging_writer.py:48] [72] global_step=72, grad_norm=1.57524, loss=6.37818
I0316 08:32:58.875386 140550601262272 submission.py:265] 72) loss = 6.378, grad_norm = 1.575
I0316 08:32:59.754358 140531689527040 logging_writer.py:48] [73] global_step=73, grad_norm=1.88166, loss=6.36685
I0316 08:32:59.757775 140550601262272 submission.py:265] 73) loss = 6.367, grad_norm = 1.882
I0316 08:33:00.627339 140531697919744 logging_writer.py:48] [74] global_step=74, grad_norm=1.41219, loss=6.32355
I0316 08:33:00.630830 140550601262272 submission.py:265] 74) loss = 6.324, grad_norm = 1.412
I0316 08:33:01.506951 140531689527040 logging_writer.py:48] [75] global_step=75, grad_norm=1.60856, loss=6.26247
I0316 08:33:01.510391 140550601262272 submission.py:265] 75) loss = 6.262, grad_norm = 1.609
I0316 08:33:02.385699 140531697919744 logging_writer.py:48] [76] global_step=76, grad_norm=1.98876, loss=6.22098
I0316 08:33:02.389305 140550601262272 submission.py:265] 76) loss = 6.221, grad_norm = 1.989
I0316 08:33:03.265194 140531689527040 logging_writer.py:48] [77] global_step=77, grad_norm=2.71751, loss=6.21413
I0316 08:33:03.268835 140550601262272 submission.py:265] 77) loss = 6.214, grad_norm = 2.718
I0316 08:33:04.147333 140531697919744 logging_writer.py:48] [78] global_step=78, grad_norm=2.2064, loss=6.16739
I0316 08:33:04.151301 140550601262272 submission.py:265] 78) loss = 6.167, grad_norm = 2.206
I0316 08:33:05.027998 140531689527040 logging_writer.py:48] [79] global_step=79, grad_norm=2.27559, loss=6.17308
I0316 08:33:05.031888 140550601262272 submission.py:265] 79) loss = 6.173, grad_norm = 2.276
I0316 08:33:05.911806 140531697919744 logging_writer.py:48] [80] global_step=80, grad_norm=1.21112, loss=6.12938
I0316 08:33:05.915373 140550601262272 submission.py:265] 80) loss = 6.129, grad_norm = 1.211
I0316 08:33:06.790844 140531689527040 logging_writer.py:48] [81] global_step=81, grad_norm=1.72426, loss=6.11937
I0316 08:33:06.794157 140550601262272 submission.py:265] 81) loss = 6.119, grad_norm = 1.724
I0316 08:33:07.672260 140531697919744 logging_writer.py:48] [82] global_step=82, grad_norm=2.19784, loss=6.11619
I0316 08:33:07.676146 140550601262272 submission.py:265] 82) loss = 6.116, grad_norm = 2.198
I0316 08:33:08.549073 140531689527040 logging_writer.py:48] [83] global_step=83, grad_norm=2.81244, loss=6.07143
I0316 08:33:08.552828 140550601262272 submission.py:265] 83) loss = 6.071, grad_norm = 2.812
I0316 08:33:09.429998 140531697919744 logging_writer.py:48] [84] global_step=84, grad_norm=2.68998, loss=6.0737
I0316 08:33:09.433959 140550601262272 submission.py:265] 84) loss = 6.074, grad_norm = 2.690
I0316 08:33:10.311329 140531689527040 logging_writer.py:48] [85] global_step=85, grad_norm=1.39733, loss=6.01282
I0316 08:33:10.314965 140550601262272 submission.py:265] 85) loss = 6.013, grad_norm = 1.397
I0316 08:33:11.194637 140531697919744 logging_writer.py:48] [86] global_step=86, grad_norm=0.698162, loss=5.98979
I0316 08:33:11.198208 140550601262272 submission.py:265] 86) loss = 5.990, grad_norm = 0.698
I0316 08:33:12.077304 140531689527040 logging_writer.py:48] [87] global_step=87, grad_norm=0.946099, loss=6.02452
I0316 08:33:12.080737 140550601262272 submission.py:265] 87) loss = 6.025, grad_norm = 0.946
I0316 08:33:12.956191 140531697919744 logging_writer.py:48] [88] global_step=88, grad_norm=0.864671, loss=5.99506
I0316 08:33:12.959726 140550601262272 submission.py:265] 88) loss = 5.995, grad_norm = 0.865
I0316 08:33:13.831064 140531689527040 logging_writer.py:48] [89] global_step=89, grad_norm=0.855483, loss=5.99811
I0316 08:33:13.834698 140550601262272 submission.py:265] 89) loss = 5.998, grad_norm = 0.855
I0316 08:33:14.712410 140531697919744 logging_writer.py:48] [90] global_step=90, grad_norm=0.907097, loss=5.98724
I0316 08:33:14.716350 140550601262272 submission.py:265] 90) loss = 5.987, grad_norm = 0.907
I0316 08:33:15.603688 140531689527040 logging_writer.py:48] [91] global_step=91, grad_norm=1.02371, loss=5.96458
I0316 08:33:15.607879 140550601262272 submission.py:265] 91) loss = 5.965, grad_norm = 1.024
I0316 08:33:16.488659 140531697919744 logging_writer.py:48] [92] global_step=92, grad_norm=1.0624, loss=6.00384
I0316 08:33:16.492465 140550601262272 submission.py:265] 92) loss = 6.004, grad_norm = 1.062
I0316 08:33:17.369300 140531689527040 logging_writer.py:48] [93] global_step=93, grad_norm=0.962571, loss=5.96184
I0316 08:33:17.373169 140550601262272 submission.py:265] 93) loss = 5.962, grad_norm = 0.963
I0316 08:33:18.249246 140531697919744 logging_writer.py:48] [94] global_step=94, grad_norm=0.879734, loss=5.94932
I0316 08:33:18.253019 140550601262272 submission.py:265] 94) loss = 5.949, grad_norm = 0.880
I0316 08:33:19.132945 140531689527040 logging_writer.py:48] [95] global_step=95, grad_norm=0.982401, loss=5.95963
I0316 08:33:19.136852 140550601262272 submission.py:265] 95) loss = 5.960, grad_norm = 0.982
I0316 08:33:20.015001 140531697919744 logging_writer.py:48] [96] global_step=96, grad_norm=0.600757, loss=5.9807
