I0315 21:54:09.342214 140435219141824 shampoo_preconditioner_list.py:352] Instantiated Adagrad Preconditioner 47.block_0 (torch.Size([512])) for Parameter 47 (torch.Size([512])), Block block_0 (torch.Size([512])).
I0315 21:54:09.342286 140435219141824 shampoo_preconditioner_list.py:352] Instantiated Adagrad Preconditioner 48.block_0 (torch.Size([0])) for Parameter 48 (torch.Size([1024, 512])), Block block_0 (torch.Size([1024, 512])).
I0315 21:54:09.342348 140435219141824 shampoo_preconditioner_list.py:352] Instantiated Adagrad Preconditioner 49.block_0 (torch.Size([0])) for Parameter 49 (torch.Size([1024, 256])), Block block_0 (torch.Size([1024, 256])).
I0315 21:54:09.342436 140435219141824 shampoo_preconditioner_list.py:352] Instantiated Adagrad Preconditioner 50.block_0 (torch.Size([1024])) for Parameter 50 (torch.Size([1024])), Block block_0 (torch.Size([1024])).
I0315 21:54:09.342510 140435219141824 shampoo_preconditioner_list.py:352] Instantiated Adagrad Preconditioner 51.block_0 (torch.Size([0])) for Parameter 51 (torch.Size([1024])), Block block_0 (torch.Size([1024])).
I0315 21:54:09.342571 140435219141824 shampoo_preconditioner_list.py:352] Instantiated Adagrad Preconditioner 52.block_0 (torch.Size([0])) for Parameter 52 (torch.Size([1024, 512])), Block block_0 (torch.Size([1024, 512])).
I0315 21:54:09.342660 139668860171456 shampoo_preconditioner_list.py:352] Instantiated Adagrad Preconditioner 49.block_0 (torch.Size([1024, 256])) for Parameter 49 (torch.Size([1024, 256])), Block block_0 (torch.Size([1024, 256])).
I0315 21:54:09.342782 139668860171456 shampoo_preconditioner_list.py:352] Instantiated Adagrad Preconditioner 50.block_0 (torch.Size([0])) for Parameter 50 (torch.Size([1024])), Block block_0 (torch.Size([1024])).
I0315 21:54:09.342884 139668860171456 shampoo_preconditioner_list.py:352] Instantiated Adagrad Preconditioner 51.block_0 (torch.Size([1024])) for Parameter 51 (torch.Size([1024])), Block block_0 (torch.Size([1024])).
I0315 21:54:09.342980 139668860171456 shampoo_preconditioner_list.py:352] Instantiated Adagrad Preconditioner 52.block_0 (torch.Size([1024, 512])) for Parameter 52 (torch.Size([1024, 512])), Block block_0 (torch.Size([1024, 512])).
I0315 21:54:09.343055 139668860171456 shampoo_preconditioner_list.py:352] Instantiated Adagrad Preconditioner 53.block_0 (torch.Size([0])) for Parameter 53 (torch.Size([1024, 256])), Block block_0 (torch.Size([1024, 256])).
I0315 21:54:09.343075 140435219141824 shampoo_preconditioner_list.py:352] Instantiated Adagrad Preconditioner 53.block_0 (torch.Size([1024, 256])) for Parameter 53 (torch.Size([1024, 256])), Block block_0 (torch.Size([1024, 256])).
I0315 21:54:09.343118 139668860171456 shampoo_preconditioner_list.py:352] Instantiated Adagrad Preconditioner 54.block_0 (torch.Size([0])) for Parameter 54 (torch.Size([1024])), Block block_0 (torch.Size([1024])).
I0315 21:54:09.343203 139668860171456 shampoo_preconditioner_list.py:352] Instantiated Adagrad Preconditioner 55.block_0 (torch.Size([1024])) for Parameter 55 (torch.Size([1024])), Block block_0 (torch.Size([1024])).
I0315 21:54:09.343219 140435219141824 shampoo_preconditioner_list.py:352] Instantiated Adagrad Preconditioner 54.block_0 (torch.Size([1024])) for Parameter 54 (torch.Size([1024])), Block block_0 (torch.Size([1024])).
I0315 21:54:09.343290 139668860171456 shampoo_preconditioner_list.py:352] Instantiated Adagrad Preconditioner 56.block_0 (torch.Size([512])) for Parameter 56 (torch.Size([512])), Block block_0 (torch.Size([512])).
I0315 21:54:09.343296 140435219141824 shampoo_preconditioner_list.py:352] Instantiated Adagrad Preconditioner 55.block_0 (torch.Size([0])) for Parameter 55 (torch.Size([1024])), Block block_0 (torch.Size([1024])).
I0315 21:54:09.343350 140435219141824 shampoo_preconditioner_list.py:352] Instantiated Adagrad Preconditioner 56.block_0 (torch.Size([0])) for Parameter 56 (torch.Size([512])), Block block_0 (torch.Size([512])).
I0315 21:54:09.343363 139668860171456 shampoo_preconditioner_list.py:352] Instantiated Adagrad Preconditioner 57.block_0 (torch.Size([0])) for Parameter 57 (torch.Size([512])), Block block_0 (torch.Size([512])).
I0315 21:54:09.343419 139668860171456 shampoo_preconditioner_list.py:352] Instantiated Adagrad Preconditioner 58.block_0 (torch.Size([0])) for Parameter 58 (torch.Size([1024, 512])), Block block_0 (torch.Size([1024, 512])).
I0315 21:54:09.343441 140435219141824 shampoo_preconditioner_list.py:352] Instantiated Adagrad Preconditioner 57.block_0 (torch.Size([512])) for Parameter 57 (torch.Size([512])), Block block_0 (torch.Size([512])).
I0315 21:54:09.343480 139668860171456 shampoo_preconditioner_list.py:352] Instantiated Adagrad Preconditioner 59.block_0 (torch.Size([0])) for Parameter 59 (torch.Size([1024, 256])), Block block_0 (torch.Size([1024, 256])).
I0315 21:54:09.343540 139668860171456 shampoo_preconditioner_list.py:352] Instantiated Adagrad Preconditioner 60.block_0 (torch.Size([0])) for Parameter 60 (torch.Size([1024])), Block block_0 (torch.Size([1024])).
I0315 21:54:09.343536 140435219141824 shampoo_preconditioner_list.py:352] Instantiated Adagrad Preconditioner 58.block_0 (torch.Size([1024, 512])) for Parameter 58 (torch.Size([1024, 512])), Block block_0 (torch.Size([1024, 512])).
I0315 21:54:09.343624 140435219141824 shampoo_preconditioner_list.py:352] Instantiated Adagrad Preconditioner 59.block_0 (torch.Size([0])) for Parameter 59 (torch.Size([1024, 256])), Block block_0 (torch.Size([1024, 256])).
I0315 21:54:09.343637 139668860171456 shampoo_preconditioner_list.py:352] Instantiated Adagrad Preconditioner 61.block_0 (torch.Size([1024])) for Parameter 61 (torch.Size([1024])), Block block_0 (torch.Size([1024])).
I0315 21:54:09.343717 139668860171456 shampoo_preconditioner_list.py:352] Instantiated Adagrad Preconditioner 62.block_0 (torch.Size([0])) for Parameter 62 (torch.Size([1024, 512])), Block block_0 (torch.Size([1024, 512])).
I0315 21:54:09.343716 140435219141824 shampoo_preconditioner_list.py:352] Instantiated Adagrad Preconditioner 60.block_0 (torch.Size([1024])) for Parameter 60 (torch.Size([1024])), Block block_0 (torch.Size([1024])).
I0315 21:54:09.343778 139668860171456 shampoo_preconditioner_list.py:352] Instantiated Adagrad Preconditioner 63.block_0 (torch.Size([0])) for Parameter 63 (torch.Size([1024, 256])), Block block_0 (torch.Size([1024, 256])).
I0315 21:54:09.343780 140435219141824 shampoo_preconditioner_list.py:352] Instantiated Adagrad Preconditioner 61.block_0 (torch.Size([0])) for Parameter 61 (torch.Size([1024])), Block block_0 (torch.Size([1024])).
I0315 21:54:09.343832 140435219141824 shampoo_preconditioner_list.py:352] Instantiated Adagrad Preconditioner 62.block_0 (torch.Size([0])) for Parameter 62 (torch.Size([1024, 512])), Block block_0 (torch.Size([1024, 512])).
I0315 21:54:09.343835 139668860171456 shampoo_preconditioner_list.py:352] Instantiated Adagrad Preconditioner 64.block_0 (torch.Size([0])) for Parameter 64 (torch.Size([1024])), Block block_0 (torch.Size([1024])).
I0315 21:54:09.343892 140435219141824 shampoo_preconditioner_list.py:352] Instantiated Adagrad Preconditioner 63.block_0 (torch.Size([0])) for Parameter 63 (torch.Size([1024, 256])), Block block_0 (torch.Size([1024, 256])).
I0315 21:54:09.343916 139668860171456 shampoo_preconditioner_list.py:352] Instantiated Adagrad Preconditioner 65.block_0 (torch.Size([1024])) for Parameter 65 (torch.Size([1024])), Block block_0 (torch.Size([1024])).
I0315 21:54:09.343977 140435219141824 shampoo_preconditioner_list.py:352] Instantiated Adagrad Preconditioner 64.block_0 (torch.Size([1024])) for Parameter 64 (torch.Size([1024])), Block block_0 (torch.Size([1024])).
I0315 21:54:09.344002 139668860171456 shampoo_preconditioner_list.py:352] Instantiated Adagrad Preconditioner 66.block_0 (torch.Size([512])) for Parameter 66 (torch.Size([512])), Block block_0 (torch.Size([512])).
I0315 21:54:09.344048 140435219141824 shampoo_preconditioner_list.py:352] Instantiated Adagrad Preconditioner 65.block_0 (torch.Size([0])) for Parameter 65 (torch.Size([1024])), Block block_0 (torch.Size([1024])).
I0315 21:54:09.344074 139668860171456 shampoo_preconditioner_list.py:352] Instantiated Adagrad Preconditioner 67.block_0 (torch.Size([0])) for Parameter 67 (torch.Size([512])), Block block_0 (torch.Size([512])).
I0315 21:54:09.344107 140435219141824 shampoo_preconditioner_list.py:352] Instantiated Adagrad Preconditioner 66.block_0 (torch.Size([0])) for Parameter 66 (torch.Size([512])), Block block_0 (torch.Size([512])).
I0315 21:54:09.344136 139668860171456 shampoo_preconditioner_list.py:352] Instantiated Adagrad Preconditioner 68.block_0 (torch.Size([0])) for Parameter 68 (torch.Size([512, 512])), Block block_0 (torch.Size([512, 512])).
I0315 21:54:09.344193 140435219141824 shampoo_preconditioner_list.py:352] Instantiated Adagrad Preconditioner 67.block_0 (torch.Size([512])) for Parameter 67 (torch.Size([512])), Block block_0 (torch.Size([512])).
I0315 21:54:09.344218 139668860171456 shampoo_preconditioner_list.py:352] Instantiated Adagrad Preconditioner 69.block_0 (torch.Size([512])) for Parameter 69 (torch.Size([512])), Block block_0 (torch.Size([512])).
I0315 21:54:09.344265 140435219141824 shampoo_preconditioner_list.py:352] Instantiated Adagrad Preconditioner 68.block_0 (torch.Size([0])) for Parameter 68 (torch.Size([512, 512])), Block block_0 (torch.Size([512, 512])).
I0315 21:54:09.344287 139668860171456 shampoo_preconditioner_list.py:352] Instantiated Adagrad Preconditioner 70.block_0 (torch.Size([0])) for Parameter 70 (torch.Size([512])), Block block_0 (torch.Size([512])).
I0315 21:54:09.344325 140435219141824 shampoo_preconditioner_list.py:352] Instantiated Adagrad Preconditioner 69.block_0 (torch.Size([0])) for Parameter 69 (torch.Size([512])), Block block_0 (torch.Size([512])).
I0315 21:54:09.344370 139668860171456 shampoo_preconditioner_list.py:352] Instantiated Adagrad Preconditioner 71.block_0 (torch.Size([512])) for Parameter 71 (torch.Size([512])), Block block_0 (torch.Size([512])).
I0315 21:54:09.344408 140435219141824 shampoo_preconditioner_list.py:352] Instantiated Adagrad Preconditioner 70.block_0 (torch.Size([512])) for Parameter 70 (torch.Size([512])), Block block_0 (torch.Size([512])).
I0315 21:54:09.344439 139668860171456 shampoo_preconditioner_list.py:352] Instantiated Adagrad Preconditioner 72.block_0 (torch.Size([0])) for Parameter 72 (torch.Size([512, 512])), Block block_0 (torch.Size([512, 512])).
I0315 21:54:09.344479 140435219141824 shampoo_preconditioner_list.py:352] Instantiated Adagrad Preconditioner 71.block_0 (torch.Size([0])) for Parameter 71 (torch.Size([512])), Block block_0 (torch.Size([512])).
I0315 21:54:09.344498 139668860171456 shampoo_preconditioner_list.py:352] Instantiated Adagrad Preconditioner 73.block_0 (torch.Size([0])) for Parameter 73 (torch.Size([512])), Block block_0 (torch.Size([512])).
I0315 21:54:09.344540 140435219141824 shampoo_preconditioner_list.py:352] Instantiated Adagrad Preconditioner 72.block_0 (torch.Size([0])) for Parameter 72 (torch.Size([512, 512])), Block block_0 (torch.Size([512, 512])).
I0315 21:54:09.344574 139668860171456 shampoo_preconditioner_list.py:352] Instantiated Adagrad Preconditioner 74.block_0 (torch.Size([512])) for Parameter 74 (torch.Size([512])), Block block_0 (torch.Size([512])).
I0315 21:54:09.344632 140435219141824 shampoo_preconditioner_list.py:352] Instantiated Adagrad Preconditioner 73.block_0 (torch.Size([512])) for Parameter 73 (torch.Size([512])), Block block_0 (torch.Size([512])).
I0315 21:54:09.344650 139668860171456 shampoo_preconditioner_list.py:352] Instantiated Adagrad Preconditioner 75.block_0 (torch.Size([0])) for Parameter 75 (torch.Size([512])), Block block_0 (torch.Size([512])).
I0315 21:54:09.344707 139668860171456 shampoo_preconditioner_list.py:352] Instantiated Adagrad Preconditioner 76.block_0 (torch.Size([0])) for Parameter 76 (torch.Size([512, 512])), Block block_0 (torch.Size([512, 512])).
I0315 21:54:09.344706 140435219141824 shampoo_preconditioner_list.py:352] Instantiated Adagrad Preconditioner 74.block_0 (torch.Size([0])) for Parameter 74 (torch.Size([512])), Block block_0 (torch.Size([512])).
I0315 21:54:09.344786 140435219141824 shampoo_preconditioner_list.py:352] Instantiated Adagrad Preconditioner 75.block_0 (torch.Size([512])) for Parameter 75 (torch.Size([512])), Block block_0 (torch.Size([512])).
I0315 21:54:09.344793 139668860171456 shampoo_preconditioner_list.py:352] Instantiated Adagrad Preconditioner 77.block_0 (torch.Size([512])) for Parameter 77 (torch.Size([512])), Block block_0 (torch.Size([512])).
I0315 21:54:09.344847 140435219141824 shampoo_preconditioner_list.py:352] Instantiated Adagrad Preconditioner 76.block_0 (torch.Size([0])) for Parameter 76 (torch.Size([512, 512])), Block block_0 (torch.Size([512, 512])).
I0315 21:54:09.344854 139668860171456 shampoo_preconditioner_list.py:352] Instantiated Adagrad Preconditioner 78.block_0 (torch.Size([0])) for Parameter 78 (torch.Size([512])), Block block_0 (torch.Size([512])).
I0315 21:54:09.344909 140435219141824 shampoo_preconditioner_list.py:352] Instantiated Adagrad Preconditioner 77.block_0 (torch.Size([0])) for Parameter 77 (torch.Size([512])), Block block_0 (torch.Size([512])).
I0315 21:54:09.344929 139668860171456 shampoo_preconditioner_list.py:352] Instantiated Adagrad Preconditioner 79.block_0 (torch.Size([512])) for Parameter 79 (torch.Size([512])), Block block_0 (torch.Size([512])).
I0315 21:54:09.344992 140435219141824 shampoo_preconditioner_list.py:352] Instantiated Adagrad Preconditioner 78.block_0 (torch.Size([512])) for Parameter 78 (torch.Size([512])), Block block_0 (torch.Size([512])).
I0315 21:54:09.345000 139668860171456 shampoo_preconditioner_list.py:352] Instantiated Adagrad Preconditioner 80.block_0 (torch.Size([0])) for Parameter 80 (torch.Size([1024, 512])), Block block_0 (torch.Size([1024, 512])).
I0315 21:54:09.345053 139668860171456 shampoo_preconditioner_list.py:352] Instantiated Adagrad Preconditioner 81.block_0 (torch.Size([0])) for Parameter 81 (torch.Size([1024])), Block block_0 (torch.Size([1024])).
I0315 21:54:09.345061 140435219141824 shampoo_preconditioner_list.py:352] Instantiated Adagrad Preconditioner 79.block_0 (torch.Size([0])) for Parameter 79 (torch.Size([512])), Block block_0 (torch.Size([512])).
I0315 21:54:09.345115 140435219141824 shampoo_preconditioner_list.py:352] Instantiated Adagrad Preconditioner 80.block_0 (torch.Size([0])) for Parameter 80 (torch.Size([1024, 512])), Block block_0 (torch.Size([1024, 512])).
I0315 21:54:09.345217 140435219141824 shampoo_preconditioner_list.py:352] Instantiated Adagrad Preconditioner 81.block_0 (torch.Size([1024])) for Parameter 81 (torch.Size([1024])), Block block_0 (torch.Size([1024])).
I0315 21:54:09.345238 139668860171456 shampoo_preconditioner_list.py:375] Rank 6: AdaGradPreconditionerList Numel Breakdown: (4608, 512, 0, 512, 0, 0, 0, 0, 0, 524288, 0, 0, 0, 0, 0, 512, 0, 0, 0, 0, 0, 0, 0, 0, 0, 512, 0, 524288, 0, 0, 1024, 0, 262144, 0, 1024, 512, 0, 0, 0, 0, 1024, 0, 0, 0, 1024, 512, 0, 0, 0, 0, 1024, 0, 0, 0, 1024, 512, 0, 0, 262144, 0, 1024, 524288, 0, 0, 1024, 512, 0, 0, 0, 0, 1024, 0, 0, 0, 1024, 512, 0, 0, 512, 0, 512, 0, 0, 512, 0, 0, 512, 0, 512, 0, 0)
I0315 21:54:09.345286 139668860171456 shampoo_preconditioner_list.py:378] Rank 6: AdaGradPreconditionerList Bytes Breakdown: (18432, 2048, 0, 2048, 0, 0, 0, 0, 0, 2097152, 0, 0, 0, 0, 0, 2048, 0, 0, 0, 0, 0, 0, 0, 0, 0, 2048, 0, 2097152, 0, 0, 4096, 0, 1048576, 0, 4096, 2048, 0, 0, 0, 0, 4096, 0, 0, 0, 4096, 2048, 0, 0, 0, 0, 4096, 0, 0, 0, 4096, 2048, 0, 0, 1048576, 0, 4096, 2097152, 0, 0, 4096, 2048, 0, 0, 0, 0, 4096, 0, 0, 0, 4096, 2048, 0, 0, 2048, 0, 2048, 0, 0, 2048, 0, 0, 2048, 0, 2048, 0, 0)
I0315 21:54:09.345327 139668860171456 shampoo_preconditioner_list.py:381] Rank 6: AdaGradPreconditionerList Total Elements: 2119168
I0315 21:54:09.345365 139668860171456 shampoo_preconditioner_list.py:384] Rank 6: AdaGradPreconditionerList Total Bytes: 8476672
I0315 21:54:09.345384 140435219141824 shampoo_preconditioner_list.py:375] Rank 7: AdaGradPreconditionerList Numel Breakdown: (0, 0, 0, 0, 0, 0, 0, 0, 0, 0, 524288, 0, 0, 0, 512, 0, 512, 0, 0, 1024, 1024, 0, 0, 1024, 1024, 0, 512, 0, 0, 1024, 0, 524288, 0, 1024, 0, 0, 512, 0, 262144, 1024, 0, 0, 0, 1024, 0, 0, 512, 0, 0, 1024, 0, 0, 0, 1024, 0, 0, 512, 0, 0, 1024, 0, 0, 262144, 1024, 0, 0, 512, 524288, 0, 1024, 0, 0, 0, 1024, 0, 0, 512, 0, 0, 512, 0, 0, 512, 0, 512, 0, 0, 512, 0, 0, 1024)
I0315 21:54:09.345435 140435219141824 shampoo_preconditioner_list.py:378] Rank 7: AdaGradPreconditionerList Bytes Breakdown: (0, 0, 0, 0, 0, 0, 0, 0, 0, 0, 2097152, 0, 0, 0, 2048, 0, 2048, 0, 0, 4096, 4096, 0, 0, 4096, 4096, 0, 2048, 0, 0, 4096, 0, 2097152, 0, 4096, 0, 0, 2048, 0, 1048576, 4096, 0, 0, 0, 4096, 0, 0, 2048, 0, 0, 4096, 0, 0, 0, 4096, 0, 0, 2048, 0, 0, 4096, 0, 0, 1048576, 4096, 0, 0, 2048, 2097152, 0, 4096, 0, 0, 0, 4096, 0, 0, 2048, 0, 0, 2048, 0, 0, 2048, 0, 2048, 0, 0, 2048, 0, 0, 4096)
I0315 21:54:09.345474 140435219141824 shampoo_preconditioner_list.py:381] Rank 7: AdaGradPreconditionerList Total Elements: 2118656
I0315 21:54:09.345512 140435219141824 shampoo_preconditioner_list.py:384] Rank 7: AdaGradPreconditionerList Total Bytes: 8474624
I0315 21:54:09.353960 139668860171456 logger_utils.py:262] Unable to record workload.train_mean information. Continuing without it.
I0315 21:54:09.354064 139668860171456 logger_utils.py:262] Unable to record workload.train_stddev information. Continuing without it.
I0315 21:54:09.355046 140435219141824 logger_utils.py:262] Unable to record workload.train_mean information. Continuing without it.
I0315 21:54:09.355148 140435219141824 logger_utils.py:262] Unable to record workload.train_stddev information. Continuing without it.
I0315 21:54:09.628304 140150555874496 submission_runner.py:325] Saving flags to /experiment_runs/submissions/rolling_leaderboard/external_tuning/shampoo/study_1/librispeech_deepspeech_pytorch/trial_4/flags_0.json.
I0315 21:54:09.692694 140150555874496 submission_runner.py:337] Starting training loop.
/usr/local/lib/python3.11/multiprocessing/popen_fork.py:66: RuntimeWarning: os.fork() was called. os.fork() is incompatible with multithreaded code, and JAX is multithreaded, so this will likely lead to a deadlock.
  self.pid = os.fork()
/usr/local/lib/python3.11/multiprocessing/popen_fork.py:66: RuntimeWarning: os.fork() was called. os.fork() is incompatible with multithreaded code, and JAX is multithreaded, so this will likely lead to a deadlock.
  self.pid = os.fork()
/usr/local/lib/python3.11/multiprocessing/popen_fork.py:66: RuntimeWarning: os.fork() was called. os.fork() is incompatible with multithreaded code, and JAX is multithreaded, so this will likely lead to a deadlock.
  self.pid = os.fork()
/usr/local/lib/python3.11/multiprocessing/popen_fork.py:66: RuntimeWarning: os.fork() was called. os.fork() is incompatible with multithreaded code, and JAX is multithreaded, so this will likely lead to a deadlock.
  self.pid = os.fork()
/usr/local/lib/python3.11/multiprocessing/popen_fork.py:66: RuntimeWarning: os.fork() was called. os.fork() is incompatible with multithreaded code, and JAX is multithreaded, so this will likely lead to a deadlock.
  self.pid = os.fork()
/usr/local/lib/python3.11/multiprocessing/popen_fork.py:66: RuntimeWarning: os.fork() was called. os.fork() is incompatible with multithreaded code, and JAX is multithreaded, so this will likely lead to a deadlock.
  self.pid = os.fork()
/usr/local/lib/python3.11/multiprocessing/popen_fork.py:66: RuntimeWarning: os.fork() was called. os.fork() is incompatible with multithreaded code, and JAX is multithreaded, so this will likely lead to a deadlock.
  self.pid = os.fork()
/usr/local/lib/python3.11/multiprocessing/popen_fork.py:66: RuntimeWarning: os.fork() was called. os.fork() is incompatible with multithreaded code, and JAX is multithreaded, so this will likely lead to a deadlock.
  self.pid = os.fork()
/algorithmic-efficiency/algoperf/workloads/librispeech_conformer/librispeech_pytorch/preprocessor.py:488: UserWarning: Specified kernel cache directory could not be created! This disables kernel caching. Specified directory is /root/.cache/torch/kernels. This warning will appear only once per process. (Triggered internally at ../aten/src/ATen/native/cuda/jit_utils.cpp:1442.)
  spectrum = torch.abs(spectrum)
/algorithmic-efficiency/algoperf/workloads/librispeech_conformer/librispeech_pytorch/preprocessor.py:488: UserWarning: Specified kernel cache directory could not be created! This disables kernel caching. Specified directory is /root/.cache/torch/kernels. This warning will appear only once per process. (Triggered internally at ../aten/src/ATen/native/cuda/jit_utils.cpp:1442.)
  spectrum = torch.abs(spectrum)
/algorithmic-efficiency/algoperf/workloads/librispeech_conformer/librispeech_pytorch/preprocessor.py:488: UserWarning: Specified kernel cache directory could not be created! This disables kernel caching. Specified directory is /root/.cache/torch/kernels. This warning will appear only once per process. (Triggered internally at ../aten/src/ATen/native/cuda/jit_utils.cpp:1442.)
  spectrum = torch.abs(spectrum)
/algorithmic-efficiency/algoperf/workloads/librispeech_conformer/librispeech_pytorch/preprocessor.py:488: UserWarning: Specified kernel cache directory could not be created! This disables kernel caching. Specified directory is /root/.cache/torch/kernels. This warning will appear only once per process. (Triggered internally at ../aten/src/ATen/native/cuda/jit_utils.cpp:1442.)
  spectrum = torch.abs(spectrum)
/algorithmic-efficiency/algoperf/workloads/librispeech_conformer/librispeech_pytorch/preprocessor.py:488: UserWarning: Specified kernel cache directory could not be created! This disables kernel caching. Specified directory is /root/.cache/torch/kernels. This warning will appear only once per process. (Triggered internally at ../aten/src/ATen/native/cuda/jit_utils.cpp:1442.)
  spectrum = torch.abs(spectrum)
/algorithmic-efficiency/algoperf/workloads/librispeech_conformer/librispeech_pytorch/preprocessor.py:488: UserWarning: Specified kernel cache directory could not be created! This disables kernel caching. Specified directory is /root/.cache/torch/kernels. This warning will appear only once per process. (Triggered internally at ../aten/src/ATen/native/cuda/jit_utils.cpp:1442.)
  spectrum = torch.abs(spectrum)
/algorithmic-efficiency/algoperf/workloads/librispeech_conformer/librispeech_pytorch/preprocessor.py:488: UserWarning: Specified kernel cache directory could not be created! This disables kernel caching. Specified directory is /root/.cache/torch/kernels. This warning will appear only once per process. (Triggered internally at ../aten/src/ATen/native/cuda/jit_utils.cpp:1442.)
  spectrum = torch.abs(spectrum)
I0315 21:55:19.836844 140131574081280 logging_writer.py:48] [0] global_step=0, grad_norm=32.3781, loss=33.9089
I0315 21:55:19.859643 140150555874496 submission.py:265] 0) loss = 33.909, grad_norm = 32.378
I0315 21:55:20.301143 140150555874496 spec.py:321] Evaluating on the training split.
I0315 21:55:20.302212 140150555874496 input_pipeline.py:20] Loading split = train-clean-100
I0315 21:55:20.330247 140150555874496 input_pipeline.py:20] Loading split = train-clean-360
I0315 21:55:20.428326 140150555874496 input_pipeline.py:20] Loading split = train-other-500
/usr/local/lib/python3.11/multiprocessing/popen_fork.py:66: RuntimeWarning: os.fork() was called. os.fork() is incompatible with multithreaded code, and JAX is multithreaded, so this will likely lead to a deadlock.
  self.pid = os.fork()
/usr/local/lib/python3.11/multiprocessing/popen_fork.py:66: RuntimeWarning: os.fork() was called. os.fork() is incompatible with multithreaded code, and JAX is multithreaded, so this will likely lead to a deadlock.
  self.pid = os.fork()
/usr/local/lib/python3.11/multiprocessing/popen_fork.py:66: RuntimeWarning: os.fork() was called. os.fork() is incompatible with multithreaded code, and JAX is multithreaded, so this will likely lead to a deadlock.
  self.pid = os.fork()
/usr/local/lib/python3.11/multiprocessing/popen_fork.py:66: RuntimeWarning: os.fork() was called. os.fork() is incompatible with multithreaded code, and JAX is multithreaded, so this will likely lead to a deadlock.
  self.pid = os.fork()
/usr/local/lib/python3.11/multiprocessing/popen_fork.py:66: RuntimeWarning: os.fork() was called. os.fork() is incompatible with multithreaded code, and JAX is multithreaded, so this will likely lead to a deadlock.
  self.pid = os.fork()
/usr/local/lib/python3.11/multiprocessing/popen_fork.py:66: RuntimeWarning: os.fork() was called. os.fork() is incompatible with multithreaded code, and JAX is multithreaded, so this will likely lead to a deadlock.
  self.pid = os.fork()
/usr/local/lib/python3.11/multiprocessing/popen_fork.py:66: RuntimeWarning: os.fork() was called. os.fork() is incompatible with multithreaded code, and JAX is multithreaded, so this will likely lead to a deadlock.
  self.pid = os.fork()
/usr/local/lib/python3.11/multiprocessing/popen_fork.py:66: RuntimeWarning: os.fork() was called. os.fork() is incompatible with multithreaded code, and JAX is multithreaded, so this will likely lead to a deadlock.
  self.pid = os.fork()
I0315 21:55:49.947801 140150555874496 spec.py:333] Evaluating on the validation split.
I0315 21:55:49.949079 140150555874496 input_pipeline.py:20] Loading split = dev-clean
I0315 21:55:49.966327 140150555874496 input_pipeline.py:20] Loading split = dev-other
/usr/local/lib/python3.11/multiprocessing/popen_fork.py:66: RuntimeWarning: os.fork() was called. os.fork() is incompatible with multithreaded code, and JAX is multithreaded, so this will likely lead to a deadlock.
  self.pid = os.fork()
/usr/local/lib/python3.11/multiprocessing/popen_fork.py:66: RuntimeWarning: os.fork() was called. os.fork() is incompatible with multithreaded code, and JAX is multithreaded, so this will likely lead to a deadlock.
  self.pid = os.fork()
/usr/local/lib/python3.11/multiprocessing/popen_fork.py:66: RuntimeWarning: os.fork() was called. os.fork() is incompatible with multithreaded code, and JAX is multithreaded, so this will likely lead to a deadlock.
  self.pid = os.fork()
/usr/local/lib/python3.11/multiprocessing/popen_fork.py:66: RuntimeWarning: os.fork() was called. os.fork() is incompatible with multithreaded code, and JAX is multithreaded, so this will likely lead to a deadlock.
  self.pid = os.fork()
/usr/local/lib/python3.11/multiprocessing/popen_fork.py:66: RuntimeWarning: os.fork() was called. os.fork() is incompatible with multithreaded code, and JAX is multithreaded, so this will likely lead to a deadlock.
  self.pid = os.fork()
/usr/local/lib/python3.11/multiprocessing/popen_fork.py:66: RuntimeWarning: os.fork() was called. os.fork() is incompatible with multithreaded code, and JAX is multithreaded, so this will likely lead to a deadlock.
  self.pid = os.fork()
/usr/local/lib/python3.11/multiprocessing/popen_fork.py:66: RuntimeWarning: os.fork() was called. os.fork() is incompatible with multithreaded code, and JAX is multithreaded, so this will likely lead to a deadlock.
  self.pid = os.fork()
/usr/local/lib/python3.11/multiprocessing/popen_fork.py:66: RuntimeWarning: os.fork() was called. os.fork() is incompatible with multithreaded code, and JAX is multithreaded, so this will likely lead to a deadlock.
  self.pid = os.fork()
I0315 21:56:12.681070 140150555874496 spec.py:349] Evaluating on the test split.
I0315 21:56:12.682559 140150555874496 input_pipeline.py:20] Loading split = test-clean
I0315 21:56:25.041327 140150555874496 submission_runner.py:469] Time since start: 135.35s, 	Step: 1, 	{'train/ctc_loss': 30.751770998988, 'train/wer': 3.069803322885031, 'validation/ctc_loss': 29.410121067796716, 'validation/wer': 2.791435330468788, 'validation/num_examples': 5348, 'test/ctc_loss': 29.461390147189036, 'test/wer': 3.1024922308207907, 'test/num_examples': 2472, 'score': 70.16827607154846, 'total_duration': 135.3483431339264, 'accumulated_submission_time': 70.16827607154846, 'accumulated_eval_time': 64.7397689819336, 'accumulated_logging_time': 0}
I0315 21:56:25.059377 140130312513280 logging_writer.py:48] [1] accumulated_eval_time=64.7398, accumulated_logging_time=0, accumulated_submission_time=70.1683, global_step=1, preemption_count=0, score=70.1683, test/ctc_loss=29.4614, test/num_examples=2472, test/wer=3.10249, total_duration=135.348, train/ctc_loss=30.7518, train/wer=3.0698, validation/ctc_loss=29.4101, validation/num_examples=5348, validation/wer=2.79144
I0315 21:56:26.738770 140130304120576 logging_writer.py:48] [1] global_step=1, grad_norm=27.592, loss=32.6787
I0315 21:56:26.743117 140150555874496 submission.py:265] 1) loss = 32.679, grad_norm = 27.592
I0315 21:56:27.623762 140130312513280 logging_writer.py:48] [2] global_step=2, grad_norm=40.1836, loss=33.4001
I0315 21:56:27.628146 140150555874496 submission.py:265] 2) loss = 33.400, grad_norm = 40.184
I0315 21:56:28.503629 140130304120576 logging_writer.py:48] [3] global_step=3, grad_norm=55.2831, loss=32.6804
I0315 21:56:28.507146 140150555874496 submission.py:265] 3) loss = 32.680, grad_norm = 55.283
I0315 21:56:29.379621 140130312513280 logging_writer.py:48] [4] global_step=4, grad_norm=52.3664, loss=31.7895
I0315 21:56:29.383661 140150555874496 submission.py:265] 4) loss = 31.789, grad_norm = 52.366
I0315 21:56:30.261511 140130304120576 logging_writer.py:48] [5] global_step=5, grad_norm=50.5476, loss=31.8866
I0315 21:56:30.265449 140150555874496 submission.py:265] 5) loss = 31.887, grad_norm = 50.548
I0315 21:56:31.141233 140130312513280 logging_writer.py:48] [6] global_step=6, grad_norm=46.4395, loss=30.5561
I0315 21:56:31.144734 140150555874496 submission.py:265] 6) loss = 30.556, grad_norm = 46.440
I0315 21:56:32.020440 140130304120576 logging_writer.py:48] [7] global_step=7, grad_norm=46.0117, loss=30.1808
I0315 21:56:32.024069 140150555874496 submission.py:265] 7) loss = 30.181, grad_norm = 46.012
I0315 21:56:32.894089 140130312513280 logging_writer.py:48] [8] global_step=8, grad_norm=43.1673, loss=29.659
I0315 21:56:32.897990 140150555874496 submission.py:265] 8) loss = 29.659, grad_norm = 43.167
I0315 21:56:33.766897 140130304120576 logging_writer.py:48] [9] global_step=9, grad_norm=39.4133, loss=30.1732
I0315 21:56:33.770863 140150555874496 submission.py:265] 9) loss = 30.173, grad_norm = 39.413
I0315 21:56:34.641608 140130312513280 logging_writer.py:48] [10] global_step=10, grad_norm=37.7566, loss=28.8709
I0315 21:56:34.645591 140150555874496 submission.py:265] 10) loss = 28.871, grad_norm = 37.757
I0315 21:56:35.529253 140130304120576 logging_writer.py:48] [11] global_step=11, grad_norm=32.3803, loss=28.5386
I0315 21:56:35.533401 140150555874496 submission.py:265] 11) loss = 28.539, grad_norm = 32.380
I0315 21:56:36.406510 140130312513280 logging_writer.py:48] [12] global_step=12, grad_norm=30.7691, loss=27.6921
I0315 21:56:36.410164 140150555874496 submission.py:265] 12) loss = 27.692, grad_norm = 30.769
I0315 21:56:37.281832 140130304120576 logging_writer.py:48] [13] global_step=13, grad_norm=28.2135, loss=26.6745
I0315 21:56:37.285910 140150555874496 submission.py:265] 13) loss = 26.675, grad_norm = 28.213
I0315 21:56:38.162424 140130312513280 logging_writer.py:48] [14] global_step=14, grad_norm=28.2292, loss=26.3468
I0315 21:56:38.166631 140150555874496 submission.py:265] 14) loss = 26.347, grad_norm = 28.229
I0315 21:56:39.031792 140130304120576 logging_writer.py:48] [15] global_step=15, grad_norm=27.3238, loss=26.1204
I0315 21:56:39.035869 140150555874496 submission.py:265] 15) loss = 26.120, grad_norm = 27.324
I0315 21:56:39.905568 140130312513280 logging_writer.py:48] [16] global_step=16, grad_norm=26.1727, loss=25.0278
I0315 21:56:39.909210 140150555874496 submission.py:265] 16) loss = 25.028, grad_norm = 26.173
I0315 21:56:40.793576 140130304120576 logging_writer.py:48] [17] global_step=17, grad_norm=27.7366, loss=24.9636
I0315 21:56:40.797156 140150555874496 submission.py:265] 17) loss = 24.964, grad_norm = 27.737
I0315 21:56:41.670333 140130312513280 logging_writer.py:48] [18] global_step=18, grad_norm=25.8986, loss=24.2563
I0315 21:56:41.674140 140150555874496 submission.py:265] 18) loss = 24.256, grad_norm = 25.899
I0315 21:56:42.543246 140130304120576 logging_writer.py:48] [19] global_step=19, grad_norm=24.7512, loss=24.3967
I0315 21:56:42.546838 140150555874496 submission.py:265] 19) loss = 24.397, grad_norm = 24.751
I0315 21:56:43.496966 140130312513280 logging_writer.py:48] [20] global_step=20, grad_norm=24.4172, loss=22.7158
I0315 21:56:43.500668 140150555874496 submission.py:265] 20) loss = 22.716, grad_norm = 24.417
I0315 21:56:44.671973 140130304120576 logging_writer.py:48] [21] global_step=21, grad_norm=25.9312, loss=22.8729
I0315 21:56:44.675554 140150555874496 submission.py:265] 21) loss = 22.873, grad_norm = 25.931
I0315 21:56:46.475200 140130312513280 logging_writer.py:48] [22] global_step=22, grad_norm=23.3165, loss=21.5307
I0315 21:56:46.479217 140150555874496 submission.py:265] 22) loss = 21.531, grad_norm = 23.317
I0315 21:56:47.781749 140130304120576 logging_writer.py:48] [23] global_step=23, grad_norm=25.056, loss=21.9316
I0315 21:56:47.785707 140150555874496 submission.py:265] 23) loss = 21.932, grad_norm = 25.056
I0315 21:56:48.653729 140130312513280 logging_writer.py:48] [24] global_step=24, grad_norm=24.3161, loss=21.2038
I0315 21:56:48.657088 140150555874496 submission.py:265] 24) loss = 21.204, grad_norm = 24.316
I0315 21:56:49.741823 140130304120576 logging_writer.py:48] [25] global_step=25, grad_norm=21.8024, loss=20.1896
I0315 21:56:49.745817 140150555874496 submission.py:265] 25) loss = 20.190, grad_norm = 21.802
I0315 21:56:50.658128 140130312513280 logging_writer.py:48] [26] global_step=26, grad_norm=23.8554, loss=19.6796
I0315 21:56:50.661740 140150555874496 submission.py:265] 26) loss = 19.680, grad_norm = 23.855
I0315 21:56:52.579734 140130304120576 logging_writer.py:48] [27] global_step=27, grad_norm=22.0651, loss=18.7569
I0315 21:56:52.583173 140150555874496 submission.py:265] 27) loss = 18.757, grad_norm = 22.065
I0315 21:56:53.456739 140130312513280 logging_writer.py:48] [28] global_step=28, grad_norm=20.7232, loss=18.4993
I0315 21:56:53.460614 140150555874496 submission.py:265] 28) loss = 18.499, grad_norm = 20.723
I0315 21:56:54.741879 140130304120576 logging_writer.py:48] [29] global_step=29, grad_norm=20.6454, loss=17.3848
I0315 21:56:54.746222 140150555874496 submission.py:265] 29) loss = 17.385, grad_norm = 20.645
I0315 21:56:55.649920 140130312513280 logging_writer.py:48] [30] global_step=30, grad_norm=19.6212, loss=17.2072
I0315 21:56:55.653529 140150555874496 submission.py:265] 30) loss = 17.207, grad_norm = 19.621
I0315 21:56:57.568395 140130304120576 logging_writer.py:48] [31] global_step=31, grad_norm=18.2873, loss=16.8218
I0315 21:56:57.571799 140150555874496 submission.py:265] 31) loss = 16.822, grad_norm = 18.287
I0315 21:56:58.443188 140130312513280 logging_writer.py:48] [32] global_step=32, grad_norm=17.0635, loss=16.1313
I0315 21:56:58.446588 140150555874496 submission.py:265] 32) loss = 16.131, grad_norm = 17.064
I0315 21:56:59.557332 140130304120576 logging_writer.py:48] [33] global_step=33, grad_norm=15.4221, loss=15.4079
I0315 21:56:59.560796 140150555874496 submission.py:265] 33) loss = 15.408, grad_norm = 15.422
I0315 21:57:00.549913 140130312513280 logging_writer.py:48] [34] global_step=34, grad_norm=14.7769, loss=14.6801
I0315 21:57:00.554257 140150555874496 submission.py:265] 34) loss = 14.680, grad_norm = 14.777
I0315 21:57:02.188693 140130304120576 logging_writer.py:48] [35] global_step=35, grad_norm=13.0241, loss=14.8989
I0315 21:57:02.192129 140150555874496 submission.py:265] 35) loss = 14.899, grad_norm = 13.024
I0315 21:57:03.062520 140130312513280 logging_writer.py:48] [36] global_step=36, grad_norm=14.0488, loss=14.2476
I0315 21:57:03.066037 140150555874496 submission.py:265] 36) loss = 14.248, grad_norm = 14.049
I0315 21:57:04.819402 140130304120576 logging_writer.py:48] [37] global_step=37, grad_norm=12.3661, loss=13.3607
I0315 21:57:04.822917 140150555874496 submission.py:265] 37) loss = 13.361, grad_norm = 12.366
I0315 21:57:05.698191 140130312513280 logging_writer.py:48] [38] global_step=38, grad_norm=12.1226, loss=13.7787
I0315 21:57:05.701642 140150555874496 submission.py:265] 38) loss = 13.779, grad_norm = 12.123
I0315 21:57:06.573951 140130304120576 logging_writer.py:48] [39] global_step=39, grad_norm=11.9828, loss=12.8723
I0315 21:57:06.577292 140150555874496 submission.py:265] 39) loss = 12.872, grad_norm = 11.983
I0315 21:57:07.664581 140130312513280 logging_writer.py:48] [40] global_step=40, grad_norm=11.8162, loss=13.0044
I0315 21:57:07.668265 140150555874496 submission.py:265] 40) loss = 13.004, grad_norm = 11.816
I0315 21:57:09.159739 140130304120576 logging_writer.py:48] [41] global_step=41, grad_norm=10.3834, loss=12.6374
I0315 21:57:09.163793 140150555874496 submission.py:265] 41) loss = 12.637, grad_norm = 10.383
I0315 21:57:10.322227 140130312513280 logging_writer.py:48] [42] global_step=42, grad_norm=9.16042, loss=11.872
I0315 21:57:10.325837 140150555874496 submission.py:265] 42) loss = 11.872, grad_norm = 9.160
I0315 21:57:11.202521 140130304120576 logging_writer.py:48] [43] global_step=43, grad_norm=11.5311, loss=12.2253
I0315 21:57:11.206299 140150555874496 submission.py:265] 43) loss = 12.225, grad_norm = 11.531
I0315 21:57:12.876203 140130312513280 logging_writer.py:48] [44] global_step=44, grad_norm=10.2015, loss=11.8459
I0315 21:57:12.879692 140150555874496 submission.py:265] 44) loss = 11.846, grad_norm = 10.201
I0315 21:57:14.086110 140130304120576 logging_writer.py:48] [45] global_step=45, grad_norm=9.00696, loss=11.6362
I0315 21:57:14.090371 140150555874496 submission.py:265] 45) loss = 11.636, grad_norm = 9.007
I0315 21:57:14.963674 140130312513280 logging_writer.py:48] [46] global_step=46, grad_norm=9.23788, loss=10.9687
I0315 21:57:14.967517 140150555874496 submission.py:265] 46) loss = 10.969, grad_norm = 9.238
I0315 21:57:16.027090 140130304120576 logging_writer.py:48] [47] global_step=47, grad_norm=6.96702, loss=10.2672
I0315 21:57:16.031342 140150555874496 submission.py:265] 47) loss = 10.267, grad_norm = 6.967
I0315 21:57:17.749045 140130312513280 logging_writer.py:48] [48] global_step=48, grad_norm=8.66667, loss=10.4504
I0315 21:57:17.753415 140150555874496 submission.py:265] 48) loss = 10.450, grad_norm = 8.667
I0315 21:57:18.635461 140130304120576 logging_writer.py:48] [49] global_step=49, grad_norm=8.10402, loss=10.3601
I0315 21:57:18.639262 140150555874496 submission.py:265] 49) loss = 10.360, grad_norm = 8.104
I0315 21:57:20.147315 140130312513280 logging_writer.py:48] [50] global_step=50, grad_norm=7.90259, loss=10.3132
I0315 21:57:20.151667 140150555874496 submission.py:265] 50) loss = 10.313, grad_norm = 7.903
I0315 21:57:21.192670 140130304120576 logging_writer.py:48] [51] global_step=51, grad_norm=8.73063, loss=10.0193
I0315 21:57:21.196354 140150555874496 submission.py:265] 51) loss = 10.019, grad_norm = 8.731
I0315 21:57:22.808642 140130312513280 logging_writer.py:48] [52] global_step=52, grad_norm=9.19785, loss=10.0481
I0315 21:57:22.812667 140150555874496 submission.py:265] 52) loss = 10.048, grad_norm = 9.198
I0315 21:57:23.695569 140130304120576 logging_writer.py:48] [53] global_step=53, grad_norm=9.27476, loss=10.173
I0315 21:57:23.699471 140150555874496 submission.py:265] 53) loss = 10.173, grad_norm = 9.275
I0315 21:57:24.609598 140130312513280 logging_writer.py:48] [54] global_step=54, grad_norm=9.36651, loss=9.6289
I0315 21:57:24.613422 140150555874496 submission.py:265] 54) loss = 9.629, grad_norm = 9.367
I0315 21:57:25.807500 140130304120576 logging_writer.py:48] [55] global_step=55, grad_norm=9.203, loss=9.53633
I0315 21:57:25.811311 140150555874496 submission.py:265] 55) loss = 9.536, grad_norm = 9.203
I0315 21:57:27.185112 140130312513280 logging_writer.py:48] [56] global_step=56, grad_norm=7.65018, loss=9.17746
I0315 21:57:27.188858 140150555874496 submission.py:265] 56) loss = 9.177, grad_norm = 7.650
I0315 21:57:28.352306 140130304120576 logging_writer.py:48] [57] global_step=57, grad_norm=10.5802, loss=9.5248
I0315 21:57:28.356062 140150555874496 submission.py:265] 57) loss = 9.525, grad_norm = 10.580
I0315 21:57:29.247784 140130312513280 logging_writer.py:48] [58] global_step=58, grad_norm=9.7411, loss=9.32203
I0315 21:57:29.251396 140150555874496 submission.py:265] 58) loss = 9.322, grad_norm = 9.741
I0315 21:57:30.445135 140130304120576 logging_writer.py:48] [59] global_step=59, grad_norm=7.8922, loss=8.88628
I0315 21:57:30.448971 140150555874496 submission.py:265] 59) loss = 8.886, grad_norm = 7.892
I0315 21:57:31.809863 140130312513280 logging_writer.py:48] [60] global_step=60, grad_norm=7.23452, loss=8.89215
I0315 21:57:31.813694 140150555874496 submission.py:265] 60) loss = 8.892, grad_norm = 7.235
I0315 21:57:32.887669 140130304120576 logging_writer.py:48] [61] global_step=61, grad_norm=7.27873, loss=8.69556
I0315 21:57:32.891553 140150555874496 submission.py:265] 61) loss = 8.696, grad_norm = 7.279
I0315 21:57:33.876336 140130312513280 logging_writer.py:48] [62] global_step=62, grad_norm=7.119, loss=8.8486
I0315 21:57:33.880164 140150555874496 submission.py:265] 62) loss = 8.849, grad_norm = 7.119
I0315 21:57:35.146877 140130304120576 logging_writer.py:48] [63] global_step=63, grad_norm=5.78358, loss=8.59944
I0315 21:57:35.150896 140150555874496 submission.py:265] 63) loss = 8.599, grad_norm = 5.784
I0315 21:57:36.712399 140130312513280 logging_writer.py:48] [64] global_step=64, grad_norm=5.18934, loss=8.47501
I0315 21:57:36.716326 140150555874496 submission.py:265] 64) loss = 8.475, grad_norm = 5.189
I0315 21:57:37.584695 140130304120576 logging_writer.py:48] [65] global_step=65, grad_norm=4.27747, loss=8.28149
I0315 21:57:37.588127 140150555874496 submission.py:265] 65) loss = 8.281, grad_norm = 4.277
I0315 21:57:38.921182 140130312513280 logging_writer.py:48] [66] global_step=66, grad_norm=3.92405, loss=8.12515
I0315 21:57:38.924963 140150555874496 submission.py:265] 66) loss = 8.125, grad_norm = 3.924
I0315 21:57:39.796403 140130304120576 logging_writer.py:48] [67] global_step=67, grad_norm=3.9834, loss=8.13052
I0315 21:57:39.800589 140150555874496 submission.py:265] 67) loss = 8.131, grad_norm = 3.983
I0315 21:57:41.344280 140130312513280 logging_writer.py:48] [68] global_step=68, grad_norm=3.32434, loss=8.1937
I0315 21:57:41.348111 140150555874496 submission.py:265] 68) loss = 8.194, grad_norm = 3.324
I0315 21:57:42.303004 140130304120576 logging_writer.py:48] [69] global_step=69, grad_norm=2.98019, loss=8.14766
I0315 21:57:42.306575 140150555874496 submission.py:265] 69) loss = 8.148, grad_norm = 2.980
I0315 21:57:43.677034 140130312513280 logging_writer.py:48] [70] global_step=70, grad_norm=3.69206, loss=8.0394
I0315 21:57:43.680528 140150555874496 submission.py:265] 70) loss = 8.039, grad_norm = 3.692
I0315 21:57:44.846817 140130304120576 logging_writer.py:48] [71] global_step=71, grad_norm=2.84673, loss=7.81719
I0315 21:57:44.850315 140150555874496 submission.py:265] 71) loss = 7.817, grad_norm = 2.847
I0315 21:57:46.360790 140130312513280 logging_writer.py:48] [72] global_step=72, grad_norm=3.48972, loss=7.79362
I0315 21:57:46.364408 140150555874496 submission.py:265] 72) loss = 7.794, grad_norm = 3.490
I0315 21:57:47.234474 140130304120576 logging_writer.py:48] [73] global_step=73, grad_norm=2.78762, loss=7.71834
I0315 21:57:47.237860 140150555874496 submission.py:265] 73) loss = 7.718, grad_norm = 2.788
I0315 21:57:48.103805 140130312513280 logging_writer.py:48] [74] global_step=74, grad_norm=2.92273, loss=7.76217
I0315 21:57:48.107328 140150555874496 submission.py:265] 74) loss = 7.762, grad_norm = 2.923
I0315 21:57:49.638273 140130304120576 logging_writer.py:48] [75] global_step=75, grad_norm=2.70791, loss=7.5686
I0315 21:57:49.641724 140150555874496 submission.py:265] 75) loss = 7.569, grad_norm = 2.708
I0315 21:57:50.981972 140130312513280 logging_writer.py:48] [76] global_step=76, grad_norm=3.17495, loss=7.51873
I0315 21:57:50.985954 140150555874496 submission.py:265] 76) loss = 7.519, grad_norm = 3.175
I0315 21:57:52.073017 140130304120576 logging_writer.py:48] [77] global_step=77, grad_norm=3.83955, loss=7.65655
I0315 21:57:52.076931 140150555874496 submission.py:265] 77) loss = 7.657, grad_norm = 3.840
I0315 21:57:53.104282 140130312513280 logging_writer.py:48] [78] global_step=78, grad_norm=2.81614, loss=7.55741
I0315 21:57:53.108184 140150555874496 submission.py:265] 78) loss = 7.557, grad_norm = 2.816
I0315 21:57:54.297137 140130304120576 logging_writer.py:48] [79] global_step=79, grad_norm=3.06894, loss=7.62647
I0315 21:57:54.304099 140150555874496 submission.py:265] 79) loss = 7.626, grad_norm = 3.069
I0315 21:57:55.966690 140130312513280 logging_writer.py:48] [80] global_step=80, grad_norm=2.83386, loss=7.42054
I0315 21:57:55.970079 140150555874496 submission.py:265] 80) loss = 7.421, grad_norm = 2.834
I0315 21:57:56.842825 140130304120576 logging_writer.py:48] [81] global_step=81, grad_norm=3.1677, loss=7.32758
I0315 21:57:56.846711 140150555874496 submission.py:265] 81) loss = 7.328, grad_norm = 3.168
I0315 21:57:58.298672 140130312513280 logging_writer.py:48] [82] global_step=82, grad_norm=3.28196, loss=7.56611
I0315 21:57:58.302254 140150555874496 submission.py:265] 82) loss = 7.566, grad_norm = 3.282
I0315 21:57:59.425219 140130304120576 logging_writer.py:48] [83] global_step=83, grad_norm=3.12472, loss=7.32291
I0315 21:57:59.428810 140150555874496 submission.py:265] 83) loss = 7.323, grad_norm = 3.125
I0315 21:58:00.535274 140130312513280 logging_writer.py:48] [84] global_step=84, grad_norm=3.67403, loss=7.39978
I0315 21:58:00.539014 140150555874496 submission.py:265] 84) loss = 7.400, grad_norm = 3.674
I0315 21:58:01.822466 140130304120576 logging_writer.py:48] [85] global_step=85, grad_norm=2.36032, loss=7.15962
I0315 21:58:01.826068 140150555874496 submission.py:265] 85) loss = 7.160, grad_norm = 2.360
I0315 21:58:03.468101 140130312513280 logging_writer.py:48] [86] global_step=86, grad_norm=2.16208, loss=7.13738
I0315 21:58:03.471614 140150555874496 submission.py:265] 86) loss = 7.137, grad_norm = 2.162
I0315 21:58:04.363528 140130304120576 logging_writer.py:48] [87] global_step=87, grad_norm=2.72132, loss=7.27115
I0315 21:58:04.366999 140150555874496 submission.py:265] 87) loss = 7.271, grad_norm = 2.721
I0315 21:58:05.814031 140130312513280 logging_writer.py:48] [88] global_step=88, grad_norm=1.98658, loss=7.17561
I0315 21:58:05.817402 140150555874496 submission.py:265] 88) loss = 7.176, grad_norm = 1.987
I0315 21:58:06.961715 140130304120576 logging_writer.py:48] [89] global_step=89, grad_norm=4.3936, loss=7.12339
I0315 21:58:06.965390 140150555874496 submission.py:265] 89) loss = 7.123, grad_norm = 4.394
I0315 21:58:08.412076 140130312513280 logging_writer.py:48] [90] global_step=90, grad_norm=2.79863, loss=7.1709
I0315 21:58:08.415717 140150555874496 submission.py:265] 90) loss = 7.171, grad_norm = 2.799
I0315 21:58:09.299131 140130304120576 logging_writer.py:48] [91] global_step=91, grad_norm=1.98011, loss=6.98131
I0315 21:58:09.303146 140150555874496 submission.py:265] 91) loss = 6.981, grad_norm = 1.980
I0315 21:58:10.977357 140130312513280 logging_writer.py:48] [92] global_step=92, grad_norm=3.36715, loss=7.09039
I0315 21:58:10.980747 140150555874496 submission.py:265] 92) loss = 7.090, grad_norm = 3.367
I0315 21:58:12.295258 140130304120576 logging_writer.py:48] [93] global_step=93, grad_norm=2.31405, loss=7.09355
I0315 21:58:12.299020 140150555874496 submission.py:265] 93) loss = 7.094, grad_norm = 2.314
I0315 21:58:13.212365 140130312513280 logging_writer.py:48] [94] global_step=94, grad_norm=2.54283, loss=6.90177
I0315 21:58:13.215760 140150555874496 submission.py:265] 94) loss = 6.902, grad_norm = 2.543
I0315 21:58:14.085087 140130304120576 logging_writer.py:48] [95] global_step=95, grad_norm=3.09809, loss=6.86795
I0315 21:58:14.088465 140150555874496 submission.py:265] 95) loss = 6.868, grad_norm = 3.098
I0315 21:58:15.579770 140130312513280 logging_writer.py:48] [96] global_step=96, grad_norm=2.3719, loss=6.96424
I0315 21:58:15.583198 140150555874496 submission.py:265] 96) loss = 6.964, grad_norm = 2.372
I0315 21:58:17.510368 140130304120576 logging_writer.py:48] [97] global_step=97, grad_norm=2.00595, loss=6.90334
I0315 21:58:17.514478 140150555874496 submission.py:265] 97) loss = 6.903, grad_norm = 2.006
I0315 21:58:18.391835 140130312513280 logging_writer.py:48] [98] global_step=98, grad_norm=3.37131, loss=6.8697
I0315 21:58:18.395570 140150555874496 submission.py:265] 98) loss = 6.870, grad_norm = 3.371
I0315 21:58:19.997809 140130304120576 logging_writer.py:48] [99] global_step=99, grad_norm=2.76217, loss=6.92385
I0315 21:58:20.001095 140150555874496 submission.py:265] 99) loss = 6.924, grad_norm = 2.762
I0315 21:58:20.877170 140130312513280 logging_writer.py:48] [100] global_step=100, grad_norm=3.39923, loss=6.83277
I0315 21:58:20.880452 140150555874496 submission.py:265] 100) loss = 6.833, grad_norm = 3.399
I0315 22:05:15.872254 140130304120576 logging_writer.py:48] [500] global_step=500, grad_norm=0.98125, loss=5.61246
I0315 22:05:15.876284 140150555874496 submission.py:265] 500) loss = 5.612, grad_norm = 0.981
