I0315 21:40:35.088725 140336304612544 shampoo_preconditioner_list.py:352] Instantiated Adagrad Preconditioner 36.block_0 (torch.Size([0])) for Parameter 36 (torch.Size([512])), Block block_0 (torch.Size([512])).
I0315 21:40:35.088726 140390508774592 shampoo_preconditioner_list.py:352] Instantiated Adagrad Preconditioner 51.block_0 (torch.Size([0])) for Parameter 51 (torch.Size([1024])), Block block_0 (torch.Size([1024])).
I0315 21:40:35.088773 140390508774592 shampoo_preconditioner_list.py:352] Instantiated Adagrad Preconditioner 52.block_0 (torch.Size([0])) for Parameter 52 (torch.Size([1024, 512])), Block block_0 (torch.Size([1024, 512])).
I0315 21:40:35.088779 140336304612544 shampoo_preconditioner_list.py:352] Instantiated Adagrad Preconditioner 37.block_0 (torch.Size([0])) for Parameter 37 (torch.Size([512])), Block block_0 (torch.Size([512])).
I0315 21:40:35.088826 140336304612544 shampoo_preconditioner_list.py:352] Instantiated Adagrad Preconditioner 38.block_0 (torch.Size([0])) for Parameter 38 (torch.Size([1024, 512])), Block block_0 (torch.Size([1024, 512])).
I0315 21:40:35.088827 140390508774592 shampoo_preconditioner_list.py:352] Instantiated Adagrad Preconditioner 53.block_0 (torch.Size([0])) for Parameter 53 (torch.Size([1024, 256])), Block block_0 (torch.Size([1024, 256])).
I0315 21:40:35.088880 140390508774592 shampoo_preconditioner_list.py:352] Instantiated Adagrad Preconditioner 54.block_0 (torch.Size([0])) for Parameter 54 (torch.Size([1024])), Block block_0 (torch.Size([1024])).
I0315 21:40:35.088888 140336304612544 shampoo_preconditioner_list.py:352] Instantiated Adagrad Preconditioner 39.block_0 (torch.Size([0])) for Parameter 39 (torch.Size([1024, 256])), Block block_0 (torch.Size([1024, 256])).
I0315 21:40:35.088935 140336304612544 shampoo_preconditioner_list.py:352] Instantiated Adagrad Preconditioner 40.block_0 (torch.Size([0])) for Parameter 40 (torch.Size([1024])), Block block_0 (torch.Size([1024])).
I0315 21:40:35.088936 140390508774592 shampoo_preconditioner_list.py:352] Instantiated Adagrad Preconditioner 55.block_0 (torch.Size([0])) for Parameter 55 (torch.Size([1024])), Block block_0 (torch.Size([1024])).
I0315 21:40:35.088983 140390508774592 shampoo_preconditioner_list.py:352] Instantiated Adagrad Preconditioner 56.block_0 (torch.Size([0])) for Parameter 56 (torch.Size([512])), Block block_0 (torch.Size([512])).
I0315 21:40:35.088989 140336304612544 shampoo_preconditioner_list.py:352] Instantiated Adagrad Preconditioner 41.block_0 (torch.Size([0])) for Parameter 41 (torch.Size([1024])), Block block_0 (torch.Size([1024])).
I0315 21:40:35.089035 140336304612544 shampoo_preconditioner_list.py:352] Instantiated Adagrad Preconditioner 42.block_0 (torch.Size([0])) for Parameter 42 (torch.Size([1024, 512])), Block block_0 (torch.Size([1024, 512])).
I0315 21:40:35.089037 140390508774592 shampoo_preconditioner_list.py:352] Instantiated Adagrad Preconditioner 57.block_0 (torch.Size([0])) for Parameter 57 (torch.Size([512])), Block block_0 (torch.Size([512])).
I0315 21:40:35.089084 140390508774592 shampoo_preconditioner_list.py:352] Instantiated Adagrad Preconditioner 58.block_0 (torch.Size([0])) for Parameter 58 (torch.Size([1024, 512])), Block block_0 (torch.Size([1024, 512])).
I0315 21:40:35.089088 140336304612544 shampoo_preconditioner_list.py:352] Instantiated Adagrad Preconditioner 43.block_0 (torch.Size([0])) for Parameter 43 (torch.Size([1024, 256])), Block block_0 (torch.Size([1024, 256])).
I0315 21:40:35.089136 140336304612544 shampoo_preconditioner_list.py:352] Instantiated Adagrad Preconditioner 44.block_0 (torch.Size([0])) for Parameter 44 (torch.Size([1024])), Block block_0 (torch.Size([1024])).
I0315 21:40:35.089190 140336304612544 shampoo_preconditioner_list.py:352] Instantiated Adagrad Preconditioner 45.block_0 (torch.Size([0])) for Parameter 45 (torch.Size([1024])), Block block_0 (torch.Size([1024])).
I0315 21:40:35.089243 140336304612544 shampoo_preconditioner_list.py:352] Instantiated Adagrad Preconditioner 46.block_0 (torch.Size([0])) for Parameter 46 (torch.Size([512])), Block block_0 (torch.Size([512])).
I0315 21:40:35.089297 140336304612544 shampoo_preconditioner_list.py:352] Instantiated Adagrad Preconditioner 47.block_0 (torch.Size([0])) for Parameter 47 (torch.Size([512])), Block block_0 (torch.Size([512])).
I0315 21:40:35.089361 140336304612544 shampoo_preconditioner_list.py:352] Instantiated Adagrad Preconditioner 48.block_0 (torch.Size([0])) for Parameter 48 (torch.Size([1024, 512])), Block block_0 (torch.Size([1024, 512])).
I0315 21:40:35.089412 140336304612544 shampoo_preconditioner_list.py:352] Instantiated Adagrad Preconditioner 49.block_0 (torch.Size([0])) for Parameter 49 (torch.Size([1024, 256])), Block block_0 (torch.Size([1024, 256])).
I0315 21:40:35.089461 140336304612544 shampoo_preconditioner_list.py:352] Instantiated Adagrad Preconditioner 50.block_0 (torch.Size([0])) for Parameter 50 (torch.Size([1024])), Block block_0 (torch.Size([1024])).
I0315 21:40:35.089512 140336304612544 shampoo_preconditioner_list.py:352] Instantiated Adagrad Preconditioner 51.block_0 (torch.Size([0])) for Parameter 51 (torch.Size([1024])), Block block_0 (torch.Size([1024])).
I0315 21:40:35.089563 140336304612544 shampoo_preconditioner_list.py:352] Instantiated Adagrad Preconditioner 52.block_0 (torch.Size([0])) for Parameter 52 (torch.Size([1024, 512])), Block block_0 (torch.Size([1024, 512])).
I0315 21:40:35.089614 140336304612544 shampoo_preconditioner_list.py:352] Instantiated Adagrad Preconditioner 53.block_0 (torch.Size([0])) for Parameter 53 (torch.Size([1024, 256])), Block block_0 (torch.Size([1024, 256])).
I0315 21:40:35.089664 140336304612544 shampoo_preconditioner_list.py:352] Instantiated Adagrad Preconditioner 54.block_0 (torch.Size([0])) for Parameter 54 (torch.Size([1024])), Block block_0 (torch.Size([1024])).
I0315 21:40:35.089657 140390508774592 shampoo_preconditioner_list.py:352] Instantiated Adagrad Preconditioner 59.block_0 (torch.Size([1024, 256])) for Parameter 59 (torch.Size([1024, 256])), Block block_0 (torch.Size([1024, 256])).
I0315 21:40:35.089715 140336304612544 shampoo_preconditioner_list.py:352] Instantiated Adagrad Preconditioner 55.block_0 (torch.Size([0])) for Parameter 55 (torch.Size([1024])), Block block_0 (torch.Size([1024])).
I0315 21:40:35.089750 140390508774592 shampoo_preconditioner_list.py:352] Instantiated Adagrad Preconditioner 60.block_0 (torch.Size([0])) for Parameter 60 (torch.Size([1024])), Block block_0 (torch.Size([1024])).
I0315 21:40:35.089765 140336304612544 shampoo_preconditioner_list.py:352] Instantiated Adagrad Preconditioner 56.block_0 (torch.Size([0])) for Parameter 56 (torch.Size([512])), Block block_0 (torch.Size([512])).
I0315 21:40:35.089808 140336304612544 shampoo_preconditioner_list.py:352] Instantiated Adagrad Preconditioner 57.block_0 (torch.Size([0])) for Parameter 57 (torch.Size([512])), Block block_0 (torch.Size([512])).
I0315 21:40:35.089813 140390508774592 shampoo_preconditioner_list.py:352] Instantiated Adagrad Preconditioner 61.block_0 (torch.Size([0])) for Parameter 61 (torch.Size([1024])), Block block_0 (torch.Size([1024])).
I0315 21:40:35.089863 140336304612544 shampoo_preconditioner_list.py:352] Instantiated Adagrad Preconditioner 58.block_0 (torch.Size([0])) for Parameter 58 (torch.Size([1024, 512])), Block block_0 (torch.Size([1024, 512])).
I0315 21:40:35.089902 140390508774592 shampoo_preconditioner_list.py:352] Instantiated Adagrad Preconditioner 62.block_0 (torch.Size([1024, 512])) for Parameter 62 (torch.Size([1024, 512])), Block block_0 (torch.Size([1024, 512])).
I0315 21:40:35.089915 140336304612544 shampoo_preconditioner_list.py:352] Instantiated Adagrad Preconditioner 59.block_0 (torch.Size([0])) for Parameter 59 (torch.Size([1024, 256])), Block block_0 (torch.Size([1024, 256])).
I0315 21:40:35.089958 140336304612544 shampoo_preconditioner_list.py:352] Instantiated Adagrad Preconditioner 60.block_0 (torch.Size([0])) for Parameter 60 (torch.Size([1024])), Block block_0 (torch.Size([1024])).
I0315 21:40:35.089972 140390508774592 shampoo_preconditioner_list.py:352] Instantiated Adagrad Preconditioner 63.block_0 (torch.Size([0])) for Parameter 63 (torch.Size([1024, 256])), Block block_0 (torch.Size([1024, 256])).
I0315 21:40:35.090028 140336304612544 shampoo_preconditioner_list.py:352] Instantiated Adagrad Preconditioner 61.block_0 (torch.Size([0])) for Parameter 61 (torch.Size([1024])), Block block_0 (torch.Size([1024])).
I0315 21:40:35.090038 140390508774592 shampoo_preconditioner_list.py:352] Instantiated Adagrad Preconditioner 64.block_0 (torch.Size([0])) for Parameter 64 (torch.Size([1024])), Block block_0 (torch.Size([1024])).
I0315 21:40:35.090081 140336304612544 shampoo_preconditioner_list.py:352] Instantiated Adagrad Preconditioner 62.block_0 (torch.Size([0])) for Parameter 62 (torch.Size([1024, 512])), Block block_0 (torch.Size([1024, 512])).
I0315 21:40:35.090095 140390508774592 shampoo_preconditioner_list.py:352] Instantiated Adagrad Preconditioner 65.block_0 (torch.Size([0])) for Parameter 65 (torch.Size([1024])), Block block_0 (torch.Size([1024])).
I0315 21:40:35.090154 140390508774592 shampoo_preconditioner_list.py:352] Instantiated Adagrad Preconditioner 66.block_0 (torch.Size([0])) for Parameter 66 (torch.Size([512])), Block block_0 (torch.Size([512])).
I0315 21:40:35.090208 140390508774592 shampoo_preconditioner_list.py:352] Instantiated Adagrad Preconditioner 67.block_0 (torch.Size([0])) for Parameter 67 (torch.Size([512])), Block block_0 (torch.Size([512])).
I0315 21:40:35.090261 140390508774592 shampoo_preconditioner_list.py:352] Instantiated Adagrad Preconditioner 68.block_0 (torch.Size([0])) for Parameter 68 (torch.Size([512, 512])), Block block_0 (torch.Size([512, 512])).
I0315 21:40:35.090312 140390508774592 shampoo_preconditioner_list.py:352] Instantiated Adagrad Preconditioner 69.block_0 (torch.Size([0])) for Parameter 69 (torch.Size([512])), Block block_0 (torch.Size([512])).
I0315 21:40:35.090363 140390508774592 shampoo_preconditioner_list.py:352] Instantiated Adagrad Preconditioner 70.block_0 (torch.Size([0])) for Parameter 70 (torch.Size([512])), Block block_0 (torch.Size([512])).
I0315 21:40:35.090414 140390508774592 shampoo_preconditioner_list.py:352] Instantiated Adagrad Preconditioner 71.block_0 (torch.Size([0])) for Parameter 71 (torch.Size([512])), Block block_0 (torch.Size([512])).
I0315 21:40:35.090466 140390508774592 shampoo_preconditioner_list.py:352] Instantiated Adagrad Preconditioner 72.block_0 (torch.Size([0])) for Parameter 72 (torch.Size([512, 512])), Block block_0 (torch.Size([512, 512])).
I0315 21:40:35.090518 140390508774592 shampoo_preconditioner_list.py:352] Instantiated Adagrad Preconditioner 73.block_0 (torch.Size([0])) for Parameter 73 (torch.Size([512])), Block block_0 (torch.Size([512])).
I0315 21:40:35.090569 140390508774592 shampoo_preconditioner_list.py:352] Instantiated Adagrad Preconditioner 74.block_0 (torch.Size([0])) for Parameter 74 (torch.Size([512])), Block block_0 (torch.Size([512])).
I0315 21:40:35.090619 140390508774592 shampoo_preconditioner_list.py:352] Instantiated Adagrad Preconditioner 75.block_0 (torch.Size([0])) for Parameter 75 (torch.Size([512])), Block block_0 (torch.Size([512])).
I0315 21:40:35.090670 140390508774592 shampoo_preconditioner_list.py:352] Instantiated Adagrad Preconditioner 76.block_0 (torch.Size([0])) for Parameter 76 (torch.Size([512, 512])), Block block_0 (torch.Size([512, 512])).
I0315 21:40:35.090721 140390508774592 shampoo_preconditioner_list.py:352] Instantiated Adagrad Preconditioner 77.block_0 (torch.Size([0])) for Parameter 77 (torch.Size([512])), Block block_0 (torch.Size([512])).
I0315 21:40:35.090771 140390508774592 shampoo_preconditioner_list.py:352] Instantiated Adagrad Preconditioner 78.block_0 (torch.Size([0])) for Parameter 78 (torch.Size([512])), Block block_0 (torch.Size([512])).
I0315 21:40:35.090823 140390508774592 shampoo_preconditioner_list.py:352] Instantiated Adagrad Preconditioner 79.block_0 (torch.Size([0])) for Parameter 79 (torch.Size([512])), Block block_0 (torch.Size([512])).
I0315 21:40:35.090879 140390508774592 shampoo_preconditioner_list.py:352] Instantiated Adagrad Preconditioner 80.block_0 (torch.Size([0])) for Parameter 80 (torch.Size([1024, 512])), Block block_0 (torch.Size([1024, 512])).
I0315 21:40:35.090932 140390508774592 shampoo_preconditioner_list.py:352] Instantiated Adagrad Preconditioner 81.block_0 (torch.Size([0])) for Parameter 81 (torch.Size([1024])), Block block_0 (torch.Size([1024])).
I0315 21:40:35.091042 140390508774592 shampoo_preconditioner_list.py:375] Rank 1: AdaGradPreconditionerList Numel Breakdown: (0, 0, 0, 0, 524288, 0, 0, 0, 0, 0, 0, 524288, 0, 0, 0, 0, 0, 0, 0, 0, 0, 0, 0, 0, 0, 0, 0, 0, 0, 0, 0, 0, 0, 0, 0, 0, 0, 524288, 0, 0, 0, 0, 0, 0, 0, 0, 0, 0, 0, 0, 0, 0, 0, 0, 0, 0, 0, 0, 0, 0, 0, 0, 0, 0, 0, 0, 0, 0, 262144, 0, 0, 524288, 0, 0, 0, 0, 0, 0, 0, 0, 0, 0, 0, 0, 0, 0, 0, 0, 0, 0, 0)
I0315 21:40:35.091063 140336304612544 shampoo_preconditioner_list.py:352] Instantiated Adagrad Preconditioner 63.block_0 (torch.Size([1024, 256])) for Parameter 63 (torch.Size([1024, 256])), Block block_0 (torch.Size([1024, 256])).
I0315 21:40:35.091092 140390508774592 shampoo_preconditioner_list.py:378] Rank 1: AdaGradPreconditionerList Bytes Breakdown: (0, 0, 0, 0, 2097152, 0, 0, 0, 0, 0, 0, 2097152, 0, 0, 0, 0, 0, 0, 0, 0, 0, 0, 0, 0, 0, 0, 0, 0, 0, 0, 0, 0, 0, 0, 0, 0, 0, 2097152, 0, 0, 0, 0, 0, 0, 0, 0, 0, 0, 0, 0, 0, 0, 0, 0, 0, 0, 0, 0, 0, 0, 0, 0, 0, 0, 0, 0, 0, 0, 1048576, 0, 0, 2097152, 0, 0, 0, 0, 0, 0, 0, 0, 0, 0, 0, 0, 0, 0, 0, 0, 0, 0, 0)
I0315 21:40:35.091121 140390508774592 shampoo_preconditioner_list.py:381] Rank 1: AdaGradPreconditionerList Total Elements: 2359296
I0315 21:40:35.091151 140390508774592 shampoo_preconditioner_list.py:384] Rank 1: AdaGradPreconditionerList Total Bytes: 9437184
I0315 21:40:35.091164 140336304612544 shampoo_preconditioner_list.py:352] Instantiated Adagrad Preconditioner 64.block_0 (torch.Size([0])) for Parameter 64 (torch.Size([1024])), Block block_0 (torch.Size([1024])).
I0315 21:40:35.091216 140336304612544 shampoo_preconditioner_list.py:352] Instantiated Adagrad Preconditioner 65.block_0 (torch.Size([0])) for Parameter 65 (torch.Size([1024])), Block block_0 (torch.Size([1024])).
I0315 21:40:35.091271 140336304612544 shampoo_preconditioner_list.py:352] Instantiated Adagrad Preconditioner 66.block_0 (torch.Size([0])) for Parameter 66 (torch.Size([512])), Block block_0 (torch.Size([512])).
I0315 21:40:35.091326 140336304612544 shampoo_preconditioner_list.py:352] Instantiated Adagrad Preconditioner 67.block_0 (torch.Size([0])) for Parameter 67 (torch.Size([512])), Block block_0 (torch.Size([512])).
I0315 21:40:35.091379 140336304612544 shampoo_preconditioner_list.py:352] Instantiated Adagrad Preconditioner 68.block_0 (torch.Size([0])) for Parameter 68 (torch.Size([512, 512])), Block block_0 (torch.Size([512, 512])).
I0315 21:40:35.091430 140336304612544 shampoo_preconditioner_list.py:352] Instantiated Adagrad Preconditioner 69.block_0 (torch.Size([0])) for Parameter 69 (torch.Size([512])), Block block_0 (torch.Size([512])).
I0315 21:40:35.091481 140336304612544 shampoo_preconditioner_list.py:352] Instantiated Adagrad Preconditioner 70.block_0 (torch.Size([0])) for Parameter 70 (torch.Size([512])), Block block_0 (torch.Size([512])).
I0315 21:40:35.091532 140336304612544 shampoo_preconditioner_list.py:352] Instantiated Adagrad Preconditioner 71.block_0 (torch.Size([0])) for Parameter 71 (torch.Size([512])), Block block_0 (torch.Size([512])).
I0315 21:40:35.091584 140336304612544 shampoo_preconditioner_list.py:352] Instantiated Adagrad Preconditioner 72.block_0 (torch.Size([0])) for Parameter 72 (torch.Size([512, 512])), Block block_0 (torch.Size([512, 512])).
I0315 21:40:35.091634 140336304612544 shampoo_preconditioner_list.py:352] Instantiated Adagrad Preconditioner 73.block_0 (torch.Size([0])) for Parameter 73 (torch.Size([512])), Block block_0 (torch.Size([512])).
I0315 21:40:35.091685 140336304612544 shampoo_preconditioner_list.py:352] Instantiated Adagrad Preconditioner 74.block_0 (torch.Size([0])) for Parameter 74 (torch.Size([512])), Block block_0 (torch.Size([512])).
I0315 21:40:35.091737 140336304612544 shampoo_preconditioner_list.py:352] Instantiated Adagrad Preconditioner 75.block_0 (torch.Size([0])) for Parameter 75 (torch.Size([512])), Block block_0 (torch.Size([512])).
I0315 21:40:35.091788 140336304612544 shampoo_preconditioner_list.py:352] Instantiated Adagrad Preconditioner 76.block_0 (torch.Size([0])) for Parameter 76 (torch.Size([512, 512])), Block block_0 (torch.Size([512, 512])).
I0315 21:40:35.091838 140336304612544 shampoo_preconditioner_list.py:352] Instantiated Adagrad Preconditioner 77.block_0 (torch.Size([0])) for Parameter 77 (torch.Size([512])), Block block_0 (torch.Size([512])).
I0315 21:40:35.091895 140336304612544 shampoo_preconditioner_list.py:352] Instantiated Adagrad Preconditioner 78.block_0 (torch.Size([0])) for Parameter 78 (torch.Size([512])), Block block_0 (torch.Size([512])).
I0315 21:40:35.091948 140336304612544 shampoo_preconditioner_list.py:352] Instantiated Adagrad Preconditioner 79.block_0 (torch.Size([0])) for Parameter 79 (torch.Size([512])), Block block_0 (torch.Size([512])).
I0315 21:40:35.092037 140336304612544 shampoo_preconditioner_list.py:352] Instantiated Adagrad Preconditioner 80.block_0 (torch.Size([1024, 512])) for Parameter 80 (torch.Size([1024, 512])), Block block_0 (torch.Size([1024, 512])).
I0315 21:40:35.092107 140336304612544 shampoo_preconditioner_list.py:352] Instantiated Adagrad Preconditioner 81.block_0 (torch.Size([0])) for Parameter 81 (torch.Size([1024])), Block block_0 (torch.Size([1024])).
I0315 21:40:35.092236 140336304612544 shampoo_preconditioner_list.py:375] Rank 2: AdaGradPreconditionerList Numel Breakdown: (0, 0, 0, 0, 0, 524288, 0, 0, 0, 0, 0, 0, 524288, 0, 0, 0, 0, 0, 0, 0, 0, 0, 0, 0, 0, 0, 0, 0, 0, 0, 0, 0, 0, 0, 0, 0, 0, 0, 0, 0, 0, 524288, 0, 0, 0, 0, 0, 0, 0, 0, 0, 0, 0, 0, 0, 0, 0, 0, 0, 0, 0, 0, 0, 0, 0, 0, 0, 0, 0, 0, 0, 0, 262144, 0, 0, 0, 0, 0, 0, 0, 0, 0, 0, 0, 0, 0, 0, 0, 0, 524288, 0)
I0315 21:40:35.092284 140336304612544 shampoo_preconditioner_list.py:378] Rank 2: AdaGradPreconditionerList Bytes Breakdown: (0, 0, 0, 0, 0, 2097152, 0, 0, 0, 0, 0, 0, 2097152, 0, 0, 0, 0, 0, 0, 0, 0, 0, 0, 0, 0, 0, 0, 0, 0, 0, 0, 0, 0, 0, 0, 0, 0, 0, 0, 0, 0, 2097152, 0, 0, 0, 0, 0, 0, 0, 0, 0, 0, 0, 0, 0, 0, 0, 0, 0, 0, 0, 0, 0, 0, 0, 0, 0, 0, 0, 0, 0, 0, 1048576, 0, 0, 0, 0, 0, 0, 0, 0, 0, 0, 0, 0, 0, 0, 0, 0, 2097152, 0)
I0315 21:40:35.092318 140336304612544 shampoo_preconditioner_list.py:381] Rank 2: AdaGradPreconditionerList Total Elements: 2359296
I0315 21:40:35.092353 140336304612544 shampoo_preconditioner_list.py:384] Rank 2: AdaGradPreconditionerList Total Bytes: 9437184
I0315 21:40:35.093655 140390508774592 logger_utils.py:262] Unable to record workload.train_mean information. Continuing without it.
I0315 21:40:35.093735 140390508774592 logger_utils.py:262] Unable to record workload.train_stddev information. Continuing without it.
I0315 21:40:35.095477 140336304612544 logger_utils.py:262] Unable to record workload.train_mean information. Continuing without it.
I0315 21:40:35.095569 140336304612544 logger_utils.py:262] Unable to record workload.train_stddev information. Continuing without it.
I0315 21:40:35.264407 139630228972736 submission_runner.py:325] Saving flags to /experiment_runs/submissions/rolling_leaderboard/external_tuning/shampoo/study_1/librispeech_deepspeech_pytorch/trial_2/flags_0.json.
I0315 21:40:35.374789 139630228972736 submission_runner.py:337] Starting training loop.
/usr/local/lib/python3.11/multiprocessing/popen_fork.py:66: RuntimeWarning: os.fork() was called. os.fork() is incompatible with multithreaded code, and JAX is multithreaded, so this will likely lead to a deadlock.
  self.pid = os.fork()
/usr/local/lib/python3.11/multiprocessing/popen_fork.py:66: RuntimeWarning: os.fork() was called. os.fork() is incompatible with multithreaded code, and JAX is multithreaded, so this will likely lead to a deadlock.
  self.pid = os.fork()
/usr/local/lib/python3.11/multiprocessing/popen_fork.py:66: RuntimeWarning: os.fork() was called. os.fork() is incompatible with multithreaded code, and JAX is multithreaded, so this will likely lead to a deadlock.
  self.pid = os.fork()
/usr/local/lib/python3.11/multiprocessing/popen_fork.py:66: RuntimeWarning: os.fork() was called. os.fork() is incompatible with multithreaded code, and JAX is multithreaded, so this will likely lead to a deadlock.
  self.pid = os.fork()
/usr/local/lib/python3.11/multiprocessing/popen_fork.py:66: RuntimeWarning: os.fork() was called. os.fork() is incompatible with multithreaded code, and JAX is multithreaded, so this will likely lead to a deadlock.
  self.pid = os.fork()
/usr/local/lib/python3.11/multiprocessing/popen_fork.py:66: RuntimeWarning: os.fork() was called. os.fork() is incompatible with multithreaded code, and JAX is multithreaded, so this will likely lead to a deadlock.
  self.pid = os.fork()
/usr/local/lib/python3.11/multiprocessing/popen_fork.py:66: RuntimeWarning: os.fork() was called. os.fork() is incompatible with multithreaded code, and JAX is multithreaded, so this will likely lead to a deadlock.
  self.pid = os.fork()
/usr/local/lib/python3.11/multiprocessing/popen_fork.py:66: RuntimeWarning: os.fork() was called. os.fork() is incompatible with multithreaded code, and JAX is multithreaded, so this will likely lead to a deadlock.
  self.pid = os.fork()
/algorithmic-efficiency/algoperf/workloads/librispeech_conformer/librispeech_pytorch/preprocessor.py:488: UserWarning: Specified kernel cache directory could not be created! This disables kernel caching. Specified directory is /root/.cache/torch/kernels. This warning will appear only once per process. (Triggered internally at ../aten/src/ATen/native/cuda/jit_utils.cpp:1442.)
  spectrum = torch.abs(spectrum)
/algorithmic-efficiency/algoperf/workloads/librispeech_conformer/librispeech_pytorch/preprocessor.py:488: UserWarning: Specified kernel cache directory could not be created! This disables kernel caching. Specified directory is /root/.cache/torch/kernels. This warning will appear only once per process. (Triggered internally at ../aten/src/ATen/native/cuda/jit_utils.cpp:1442.)
  spectrum = torch.abs(spectrum)
/algorithmic-efficiency/algoperf/workloads/librispeech_conformer/librispeech_pytorch/preprocessor.py:488: UserWarning: Specified kernel cache directory could not be created! This disables kernel caching. Specified directory is /root/.cache/torch/kernels. This warning will appear only once per process. (Triggered internally at ../aten/src/ATen/native/cuda/jit_utils.cpp:1442.)
  spectrum = torch.abs(spectrum)
/algorithmic-efficiency/algoperf/workloads/librispeech_conformer/librispeech_pytorch/preprocessor.py:488: UserWarning: Specified kernel cache directory could not be created! This disables kernel caching. Specified directory is /root/.cache/torch/kernels. This warning will appear only once per process. (Triggered internally at ../aten/src/ATen/native/cuda/jit_utils.cpp:1442.)
  spectrum = torch.abs(spectrum)
/algorithmic-efficiency/algoperf/workloads/librispeech_conformer/librispeech_pytorch/preprocessor.py:488: UserWarning: Specified kernel cache directory could not be created! This disables kernel caching. Specified directory is /root/.cache/torch/kernels. This warning will appear only once per process. (Triggered internally at ../aten/src/ATen/native/cuda/jit_utils.cpp:1442.)
  spectrum = torch.abs(spectrum)
/algorithmic-efficiency/algoperf/workloads/librispeech_conformer/librispeech_pytorch/preprocessor.py:488: UserWarning: Specified kernel cache directory could not be created! This disables kernel caching. Specified directory is /root/.cache/torch/kernels. This warning will appear only once per process. (Triggered internally at ../aten/src/ATen/native/cuda/jit_utils.cpp:1442.)
  spectrum = torch.abs(spectrum)
/algorithmic-efficiency/algoperf/workloads/librispeech_conformer/librispeech_pytorch/preprocessor.py:488: UserWarning: Specified kernel cache directory could not be created! This disables kernel caching. Specified directory is /root/.cache/torch/kernels. This warning will appear only once per process. (Triggered internally at ../aten/src/ATen/native/cuda/jit_utils.cpp:1442.)
  spectrum = torch.abs(spectrum)
I0315 21:41:59.067412 139611334506240 logging_writer.py:48] [0] global_step=0, grad_norm=22.777, loss=33.8494
I0315 21:41:59.090022 139630228972736 submission.py:265] 0) loss = 33.849, grad_norm = 22.777
I0315 21:41:59.640918 139630228972736 spec.py:321] Evaluating on the training split.
I0315 21:41:59.641983 139630228972736 input_pipeline.py:20] Loading split = train-clean-100
I0315 21:41:59.670870 139630228972736 input_pipeline.py:20] Loading split = train-clean-360
I0315 21:41:59.773387 139630228972736 input_pipeline.py:20] Loading split = train-other-500
/usr/local/lib/python3.11/multiprocessing/popen_fork.py:66: RuntimeWarning: os.fork() was called. os.fork() is incompatible with multithreaded code, and JAX is multithreaded, so this will likely lead to a deadlock.
  self.pid = os.fork()
/usr/local/lib/python3.11/multiprocessing/popen_fork.py:66: RuntimeWarning: os.fork() was called. os.fork() is incompatible with multithreaded code, and JAX is multithreaded, so this will likely lead to a deadlock.
  self.pid = os.fork()
/usr/local/lib/python3.11/multiprocessing/popen_fork.py:66: RuntimeWarning: os.fork() was called. os.fork() is incompatible with multithreaded code, and JAX is multithreaded, so this will likely lead to a deadlock.
  self.pid = os.fork()
/usr/local/lib/python3.11/multiprocessing/popen_fork.py:66: RuntimeWarning: os.fork() was called. os.fork() is incompatible with multithreaded code, and JAX is multithreaded, so this will likely lead to a deadlock.
  self.pid = os.fork()
/usr/local/lib/python3.11/multiprocessing/popen_fork.py:66: RuntimeWarning: os.fork() was called. os.fork() is incompatible with multithreaded code, and JAX is multithreaded, so this will likely lead to a deadlock.
  self.pid = os.fork()
/usr/local/lib/python3.11/multiprocessing/popen_fork.py:66: RuntimeWarning: os.fork() was called. os.fork() is incompatible with multithreaded code, and JAX is multithreaded, so this will likely lead to a deadlock.
  self.pid = os.fork()
/usr/local/lib/python3.11/multiprocessing/popen_fork.py:66: RuntimeWarning: os.fork() was called. os.fork() is incompatible with multithreaded code, and JAX is multithreaded, so this will likely lead to a deadlock.
  self.pid = os.fork()
/usr/local/lib/python3.11/multiprocessing/popen_fork.py:66: RuntimeWarning: os.fork() was called. os.fork() is incompatible with multithreaded code, and JAX is multithreaded, so this will likely lead to a deadlock.
  self.pid = os.fork()
I0315 21:42:36.797059 139630228972736 spec.py:333] Evaluating on the validation split.
I0315 21:42:36.798408 139630228972736 input_pipeline.py:20] Loading split = dev-clean
I0315 21:42:36.827582 139630228972736 input_pipeline.py:20] Loading split = dev-other
/usr/local/lib/python3.11/multiprocessing/popen_fork.py:66: RuntimeWarning: os.fork() was called. os.fork() is incompatible with multithreaded code, and JAX is multithreaded, so this will likely lead to a deadlock.
  self.pid = os.fork()
/usr/local/lib/python3.11/multiprocessing/popen_fork.py:66: RuntimeWarning: os.fork() was called. os.fork() is incompatible with multithreaded code, and JAX is multithreaded, so this will likely lead to a deadlock.
  self.pid = os.fork()
/usr/local/lib/python3.11/multiprocessing/popen_fork.py:66: RuntimeWarning: os.fork() was called. os.fork() is incompatible with multithreaded code, and JAX is multithreaded, so this will likely lead to a deadlock.
  self.pid = os.fork()
/usr/local/lib/python3.11/multiprocessing/popen_fork.py:66: RuntimeWarning: os.fork() was called. os.fork() is incompatible with multithreaded code, and JAX is multithreaded, so this will likely lead to a deadlock.
  self.pid = os.fork()
/usr/local/lib/python3.11/multiprocessing/popen_fork.py:66: RuntimeWarning: os.fork() was called. os.fork() is incompatible with multithreaded code, and JAX is multithreaded, so this will likely lead to a deadlock.
  self.pid = os.fork()
/usr/local/lib/python3.11/multiprocessing/popen_fork.py:66: RuntimeWarning: os.fork() was called. os.fork() is incompatible with multithreaded code, and JAX is multithreaded, so this will likely lead to a deadlock.
  self.pid = os.fork()
/usr/local/lib/python3.11/multiprocessing/popen_fork.py:66: RuntimeWarning: os.fork() was called. os.fork() is incompatible with multithreaded code, and JAX is multithreaded, so this will likely lead to a deadlock.
  self.pid = os.fork()
/usr/local/lib/python3.11/multiprocessing/popen_fork.py:66: RuntimeWarning: os.fork() was called. os.fork() is incompatible with multithreaded code, and JAX is multithreaded, so this will likely lead to a deadlock.
  self.pid = os.fork()
I0315 21:42:59.457209 139630228972736 spec.py:349] Evaluating on the test split.
I0315 21:42:59.458635 139630228972736 input_pipeline.py:20] Loading split = test-clean
I0315 21:43:11.887681 139630228972736 submission_runner.py:469] Time since start: 156.51s, 	Step: 1, 	{'train/ctc_loss': 32.397548573930024, 'train/wer': 3.3921571818364282, 'validation/ctc_loss': 31.356931240741783, 'validation/wer': 3.109525418819099, 'validation/num_examples': 5348, 'test/ctc_loss': 31.415472172674427, 'test/wer': 3.3454390347937357, 'test/num_examples': 2472, 'score': 83.71679735183716, 'total_duration': 156.51282691955566, 'accumulated_submission_time': 83.71679735183716, 'accumulated_eval_time': 72.24660658836365, 'accumulated_logging_time': 0}
I0315 21:43:11.904466 139611040892672 logging_writer.py:48] [1] accumulated_eval_time=72.2466, accumulated_logging_time=0, accumulated_submission_time=83.7168, global_step=1, preemption_count=0, score=83.7168, test/ctc_loss=31.4155, test/num_examples=2472, test/wer=3.34544, total_duration=156.513, train/ctc_loss=32.3975, train/wer=3.39216, validation/ctc_loss=31.3569, validation/num_examples=5348, validation/wer=3.10953
I0315 21:43:13.522218 139611032499968 logging_writer.py:48] [1] global_step=1, grad_norm=23.6822, loss=32.6398
I0315 21:43:13.525763 139630228972736 submission.py:265] 1) loss = 32.640, grad_norm = 23.682
I0315 21:43:14.402982 139611040892672 logging_writer.py:48] [2] global_step=2, grad_norm=25.6289, loss=33.392
I0315 21:43:14.406740 139630228972736 submission.py:265] 2) loss = 33.392, grad_norm = 25.629
I0315 21:43:15.280266 139611032499968 logging_writer.py:48] [3] global_step=3, grad_norm=28.1871, loss=33.034
I0315 21:43:15.283830 139630228972736 submission.py:265] 3) loss = 33.034, grad_norm = 28.187
I0315 21:43:16.158096 139611040892672 logging_writer.py:48] [4] global_step=4, grad_norm=32.8674, loss=32.3052
I0315 21:43:16.161696 139630228972736 submission.py:265] 4) loss = 32.305, grad_norm = 32.867
I0315 21:43:17.027427 139611032499968 logging_writer.py:48] [5] global_step=5, grad_norm=33.229, loss=32.3818
I0315 21:43:17.031567 139630228972736 submission.py:265] 5) loss = 32.382, grad_norm = 33.229
I0315 21:43:17.909181 139611040892672 logging_writer.py:48] [6] global_step=6, grad_norm=35.3427, loss=31.33
I0315 21:43:17.913442 139630228972736 submission.py:265] 6) loss = 31.330, grad_norm = 35.343
I0315 21:43:18.784889 139611032499968 logging_writer.py:48] [7] global_step=7, grad_norm=34.6895, loss=31.1784
I0315 21:43:18.788599 139630228972736 submission.py:265] 7) loss = 31.178, grad_norm = 34.690
I0315 21:43:19.655530 139611040892672 logging_writer.py:48] [8] global_step=8, grad_norm=38.7831, loss=31.2291
I0315 21:43:19.659054 139630228972736 submission.py:265] 8) loss = 31.229, grad_norm = 38.783
I0315 21:43:20.524281 139611032499968 logging_writer.py:48] [9] global_step=9, grad_norm=39.8243, loss=31.4916
I0315 21:43:20.528311 139630228972736 submission.py:265] 9) loss = 31.492, grad_norm = 39.824
I0315 21:43:21.402725 139611040892672 logging_writer.py:48] [10] global_step=10, grad_norm=40.6657, loss=30.3721
I0315 21:43:21.406562 139630228972736 submission.py:265] 10) loss = 30.372, grad_norm = 40.666
I0315 21:43:22.282241 139611032499968 logging_writer.py:48] [11] global_step=11, grad_norm=40.0726, loss=29.7085
I0315 21:43:22.286333 139630228972736 submission.py:265] 11) loss = 29.708, grad_norm = 40.073
I0315 21:43:23.152070 139611040892672 logging_writer.py:48] [12] global_step=12, grad_norm=40.154, loss=28.6441
I0315 21:43:23.156145 139630228972736 submission.py:265] 12) loss = 28.644, grad_norm = 40.154
I0315 21:43:24.029493 139611032499968 logging_writer.py:48] [13] global_step=13, grad_norm=39.7427, loss=27.7866
I0315 21:43:24.033081 139630228972736 submission.py:265] 13) loss = 27.787, grad_norm = 39.743
I0315 21:43:24.909935 139611040892672 logging_writer.py:48] [14] global_step=14, grad_norm=40.6404, loss=27.2405
I0315 21:43:24.913891 139630228972736 submission.py:265] 14) loss = 27.241, grad_norm = 40.640
I0315 21:43:25.780791 139611032499968 logging_writer.py:48] [15] global_step=15, grad_norm=40.8017, loss=26.7494
I0315 21:43:25.784860 139630228972736 submission.py:265] 15) loss = 26.749, grad_norm = 40.802
I0315 21:43:26.653349 139611040892672 logging_writer.py:48] [16] global_step=16, grad_norm=37.9567, loss=24.8709
I0315 21:43:26.656944 139630228972736 submission.py:265] 16) loss = 24.871, grad_norm = 37.957
I0315 21:43:27.524542 139611032499968 logging_writer.py:48] [17] global_step=17, grad_norm=37.643, loss=25.0368
I0315 21:43:27.527928 139630228972736 submission.py:265] 17) loss = 25.037, grad_norm = 37.643
I0315 21:43:28.653175 139611040892672 logging_writer.py:48] [18] global_step=18, grad_norm=38.075, loss=23.8852
I0315 21:43:28.657238 139630228972736 submission.py:265] 18) loss = 23.885, grad_norm = 38.075
I0315 21:43:30.237802 139611032499968 logging_writer.py:48] [19] global_step=19, grad_norm=37.9169, loss=23.7754
I0315 21:43:30.241381 139630228972736 submission.py:265] 19) loss = 23.775, grad_norm = 37.917
I0315 21:43:31.305325 139611040892672 logging_writer.py:48] [20] global_step=20, grad_norm=34.047, loss=22.1184
I0315 21:43:31.308685 139630228972736 submission.py:265] 20) loss = 22.118, grad_norm = 34.047
I0315 21:43:32.284780 139611032499968 logging_writer.py:48] [21] global_step=21, grad_norm=35.0816, loss=21.5408
I0315 21:43:32.288754 139630228972736 submission.py:265] 21) loss = 21.541, grad_norm = 35.082
I0315 21:43:33.885236 139611040892672 logging_writer.py:48] [22] global_step=22, grad_norm=32.3101, loss=20.3702
I0315 21:43:33.889016 139630228972736 submission.py:265] 22) loss = 20.370, grad_norm = 32.310
I0315 21:43:35.223937 139611032499968 logging_writer.py:48] [23] global_step=23, grad_norm=32.5808, loss=19.9605
I0315 21:43:35.227289 139630228972736 submission.py:265] 23) loss = 19.960, grad_norm = 32.581
I0315 21:43:36.222389 139611040892672 logging_writer.py:48] [24] global_step=24, grad_norm=30.3995, loss=19.2807
I0315 21:43:36.225662 139630228972736 submission.py:265] 24) loss = 19.281, grad_norm = 30.400
I0315 21:43:37.220072 139611032499968 logging_writer.py:48] [25] global_step=25, grad_norm=28.636, loss=18.6469
I0315 21:43:37.223674 139630228972736 submission.py:265] 25) loss = 18.647, grad_norm = 28.636
I0315 21:43:38.888967 139611040892672 logging_writer.py:48] [26] global_step=26, grad_norm=27.7011, loss=17.7822
I0315 21:43:38.892401 139630228972736 submission.py:265] 26) loss = 17.782, grad_norm = 27.701
I0315 21:43:40.393860 139611032499968 logging_writer.py:48] [27] global_step=27, grad_norm=26.0692, loss=17.0353
I0315 21:43:40.397879 139630228972736 submission.py:265] 27) loss = 17.035, grad_norm = 26.069
I0315 21:43:41.407132 139611040892672 logging_writer.py:48] [28] global_step=28, grad_norm=24.3801, loss=16.1134
I0315 21:43:41.410781 139630228972736 submission.py:265] 28) loss = 16.113, grad_norm = 24.380
I0315 21:43:42.291301 139611032499968 logging_writer.py:48] [29] global_step=29, grad_norm=22.6069, loss=15.6114
I0315 21:43:42.294952 139630228972736 submission.py:265] 29) loss = 15.611, grad_norm = 22.607
I0315 21:43:43.363573 139611040892672 logging_writer.py:48] [30] global_step=30, grad_norm=20.7183, loss=15.3378
I0315 21:43:43.367013 139630228972736 submission.py:265] 30) loss = 15.338, grad_norm = 20.718
I0315 21:43:45.488621 139611032499968 logging_writer.py:48] [31] global_step=31, grad_norm=19.7416, loss=14.9954
I0315 21:43:45.492842 139630228972736 submission.py:265] 31) loss = 14.995, grad_norm = 19.742
I0315 21:43:46.363485 139611040892672 logging_writer.py:48] [32] global_step=32, grad_norm=17.6709, loss=14.4389
I0315 21:43:46.367114 139630228972736 submission.py:265] 32) loss = 14.439, grad_norm = 17.671
I0315 21:43:47.239997 139611032499968 logging_writer.py:48] [33] global_step=33, grad_norm=17.6736, loss=13.9655
I0315 21:43:47.243877 139630228972736 submission.py:265] 33) loss = 13.966, grad_norm = 17.674
I0315 21:43:48.548504 139611040892672 logging_writer.py:48] [34] global_step=34, grad_norm=15.1351, loss=12.8987
I0315 21:43:48.552206 139630228972736 submission.py:265] 34) loss = 12.899, grad_norm = 15.135
I0315 21:43:50.202347 139611032499968 logging_writer.py:48] [35] global_step=35, grad_norm=14.8975, loss=13.0549
I0315 21:43:50.206381 139630228972736 submission.py:265] 35) loss = 13.055, grad_norm = 14.897
I0315 21:43:51.076200 139611040892672 logging_writer.py:48] [36] global_step=36, grad_norm=11.8726, loss=12.8914
I0315 21:43:51.079775 139630228972736 submission.py:265] 36) loss = 12.891, grad_norm = 11.873
I0315 21:43:51.947148 139611032499968 logging_writer.py:48] [37] global_step=37, grad_norm=11.5661, loss=12.0463
I0315 21:43:51.950661 139630228972736 submission.py:265] 37) loss = 12.046, grad_norm = 11.566
I0315 21:43:53.340603 139611040892672 logging_writer.py:48] [38] global_step=38, grad_norm=9.79209, loss=11.531
I0315 21:43:53.343949 139630228972736 submission.py:265] 38) loss = 11.531, grad_norm = 9.792
I0315 21:43:54.867069 139611032499968 logging_writer.py:48] [39] global_step=39, grad_norm=11.7086, loss=11.679
I0315 21:43:54.871566 139630228972736 submission.py:265] 39) loss = 11.679, grad_norm = 11.709
I0315 21:43:55.917026 139611040892672 logging_writer.py:48] [40] global_step=40, grad_norm=10.303, loss=11.5876
I0315 21:43:55.920922 139630228972736 submission.py:265] 40) loss = 11.588, grad_norm = 10.303
I0315 21:43:56.790468 139611032499968 logging_writer.py:48] [41] global_step=41, grad_norm=10.5327, loss=11.3646
I0315 21:43:56.794716 139630228972736 submission.py:265] 41) loss = 11.365, grad_norm = 10.533
I0315 21:43:58.388450 139611040892672 logging_writer.py:48] [42] global_step=42, grad_norm=10.1654, loss=11.3015
I0315 21:43:58.392165 139630228972736 submission.py:265] 42) loss = 11.302, grad_norm = 10.165
I0315 21:44:00.234637 139611032499968 logging_writer.py:48] [43] global_step=43, grad_norm=11.6924, loss=11.214
I0315 21:44:00.238447 139630228972736 submission.py:265] 43) loss = 11.214, grad_norm = 11.692
I0315 21:44:01.111485 139611040892672 logging_writer.py:48] [44] global_step=44, grad_norm=10.8729, loss=11.1224
I0315 21:44:01.115144 139630228972736 submission.py:265] 44) loss = 11.122, grad_norm = 10.873
I0315 21:44:01.989634 139611032499968 logging_writer.py:48] [45] global_step=45, grad_norm=10.1373, loss=10.2449
I0315 21:44:01.993408 139630228972736 submission.py:265] 45) loss = 10.245, grad_norm = 10.137
I0315 21:44:03.294073 139611040892672 logging_writer.py:48] [46] global_step=46, grad_norm=8.50006, loss=10.1009
I0315 21:44:03.297839 139630228972736 submission.py:265] 46) loss = 10.101, grad_norm = 8.500
I0315 21:44:04.883775 139611032499968 logging_writer.py:48] [47] global_step=47, grad_norm=7.49872, loss=9.76644
I0315 21:44:04.887519 139630228972736 submission.py:265] 47) loss = 9.766, grad_norm = 7.499
I0315 21:44:05.754747 139611040892672 logging_writer.py:48] [48] global_step=48, grad_norm=8.31243, loss=9.93349
I0315 21:44:05.758417 139630228972736 submission.py:265] 48) loss = 9.933, grad_norm = 8.312
I0315 21:44:06.628345 139611032499968 logging_writer.py:48] [49] global_step=49, grad_norm=8.61978, loss=9.65456
I0315 21:44:06.632091 139630228972736 submission.py:265] 49) loss = 9.655, grad_norm = 8.620
I0315 21:44:08.019364 139611040892672 logging_writer.py:48] [50] global_step=50, grad_norm=6.41428, loss=9.26174
I0315 21:44:08.023658 139630228972736 submission.py:265] 50) loss = 9.262, grad_norm = 6.414
I0315 21:44:09.653408 139611032499968 logging_writer.py:48] [51] global_step=51, grad_norm=5.61109, loss=9.18912
I0315 21:44:09.657306 139630228972736 submission.py:265] 51) loss = 9.189, grad_norm = 5.611
I0315 21:44:10.723866 139611040892672 logging_writer.py:48] [52] global_step=52, grad_norm=5.32939, loss=8.77208
I0315 21:44:10.727755 139630228972736 submission.py:265] 52) loss = 8.772, grad_norm = 5.329
I0315 21:44:11.602534 139611032499968 logging_writer.py:48] [53] global_step=53, grad_norm=5.40594, loss=8.93941
I0315 21:44:11.606511 139630228972736 submission.py:265] 53) loss = 8.939, grad_norm = 5.406
I0315 21:44:12.685000 139611040892672 logging_writer.py:48] [54] global_step=54, grad_norm=4.60248, loss=8.83713
I0315 21:44:12.688834 139630228972736 submission.py:265] 54) loss = 8.837, grad_norm = 4.602
I0315 21:44:14.901032 139611032499968 logging_writer.py:48] [55] global_step=55, grad_norm=4.65895, loss=8.91954
I0315 21:44:14.904536 139630228972736 submission.py:265] 55) loss = 8.920, grad_norm = 4.659
I0315 21:44:15.798316 139611040892672 logging_writer.py:48] [56] global_step=56, grad_norm=4.52836, loss=8.58731
I0315 21:44:15.802143 139630228972736 submission.py:265] 56) loss = 8.587, grad_norm = 4.528
I0315 21:44:16.674347 139611032499968 logging_writer.py:48] [57] global_step=57, grad_norm=4.62652, loss=8.42618
I0315 21:44:16.678070 139630228972736 submission.py:265] 57) loss = 8.426, grad_norm = 4.627
I0315 21:44:17.550491 139611040892672 logging_writer.py:48] [58] global_step=58, grad_norm=4.01285, loss=8.38344
I0315 21:44:17.554485 139630228972736 submission.py:265] 58) loss = 8.383, grad_norm = 4.013
I0315 21:44:19.669683 139611032499968 logging_writer.py:48] [59] global_step=59, grad_norm=4.21438, loss=8.38811
I0315 21:44:19.673475 139630228972736 submission.py:265] 59) loss = 8.388, grad_norm = 4.214
I0315 21:44:20.539181 139611040892672 logging_writer.py:48] [60] global_step=60, grad_norm=3.46003, loss=8.27162
I0315 21:44:20.542876 139630228972736 submission.py:265] 60) loss = 8.272, grad_norm = 3.460
I0315 21:44:21.416102 139611032499968 logging_writer.py:48] [61] global_step=61, grad_norm=3.34439, loss=8.02853
I0315 21:44:21.420077 139630228972736 submission.py:265] 61) loss = 8.029, grad_norm = 3.344
I0315 21:44:22.440662 139611040892672 logging_writer.py:48] [62] global_step=62, grad_norm=2.75274, loss=7.94241
I0315 21:44:22.444478 139630228972736 submission.py:265] 62) loss = 7.942, grad_norm = 2.753
I0315 21:44:24.459142 139611032499968 logging_writer.py:48] [63] global_step=63, grad_norm=3.29547, loss=7.9603
I0315 21:44:24.462964 139630228972736 submission.py:265] 63) loss = 7.960, grad_norm = 3.295
I0315 21:44:25.333083 139611040892672 logging_writer.py:48] [64] global_step=64, grad_norm=4.34243, loss=8.01381
I0315 21:44:25.336607 139630228972736 submission.py:265] 64) loss = 8.014, grad_norm = 4.342
I0315 21:44:26.206680 139611032499968 logging_writer.py:48] [65] global_step=65, grad_norm=3.86822, loss=7.85827
I0315 21:44:26.210775 139630228972736 submission.py:265] 65) loss = 7.858, grad_norm = 3.868
I0315 21:44:27.474887 139611040892672 logging_writer.py:48] [66] global_step=66, grad_norm=3.40082, loss=7.68673
I0315 21:44:27.478756 139630228972736 submission.py:265] 66) loss = 7.687, grad_norm = 3.401
I0315 21:44:29.434813 139611032499968 logging_writer.py:48] [67] global_step=67, grad_norm=4.47647, loss=7.76346
I0315 21:44:29.438949 139630228972736 submission.py:265] 67) loss = 7.763, grad_norm = 4.476
I0315 21:44:30.309737 139611040892672 logging_writer.py:48] [68] global_step=68, grad_norm=3.97263, loss=7.76143
I0315 21:44:30.313430 139630228972736 submission.py:265] 68) loss = 7.761, grad_norm = 3.973
I0315 21:44:31.183652 139611032499968 logging_writer.py:48] [69] global_step=69, grad_norm=4.11205, loss=7.65807
I0315 21:44:31.187317 139630228972736 submission.py:265] 69) loss = 7.658, grad_norm = 4.112
I0315 21:44:32.054230 139611040892672 logging_writer.py:48] [70] global_step=70, grad_norm=3.77959, loss=7.54821
I0315 21:44:32.058493 139630228972736 submission.py:265] 70) loss = 7.548, grad_norm = 3.780
I0315 21:44:34.282012 139611032499968 logging_writer.py:48] [71] global_step=71, grad_norm=4.06911, loss=7.68656
I0315 21:44:34.286159 139630228972736 submission.py:265] 71) loss = 7.687, grad_norm = 4.069
I0315 21:44:35.183219 139611040892672 logging_writer.py:48] [72] global_step=72, grad_norm=3.88501, loss=7.62008
I0315 21:44:35.187112 139630228972736 submission.py:265] 72) loss = 7.620, grad_norm = 3.885
I0315 21:44:36.063504 139611032499968 logging_writer.py:48] [73] global_step=73, grad_norm=3.2788, loss=7.32698
I0315 21:44:36.067329 139630228972736 submission.py:265] 73) loss = 7.327, grad_norm = 3.279
I0315 21:44:36.930708 139611040892672 logging_writer.py:48] [74] global_step=74, grad_norm=3.52034, loss=7.3895
I0315 21:44:36.934765 139630228972736 submission.py:265] 74) loss = 7.389, grad_norm = 3.520
I0315 21:44:39.311636 139611032499968 logging_writer.py:48] [75] global_step=75, grad_norm=3.12612, loss=7.34114
I0315 21:44:39.315384 139630228972736 submission.py:265] 75) loss = 7.341, grad_norm = 3.126
I0315 21:44:40.185811 139611040892672 logging_writer.py:48] [76] global_step=76, grad_norm=2.74831, loss=7.45797
I0315 21:44:40.189584 139630228972736 submission.py:265] 76) loss = 7.458, grad_norm = 2.748
I0315 21:44:41.058185 139611032499968 logging_writer.py:48] [77] global_step=77, grad_norm=2.52851, loss=7.15512
I0315 21:44:41.062297 139630228972736 submission.py:265] 77) loss = 7.155, grad_norm = 2.529
I0315 21:44:42.239817 139611040892672 logging_writer.py:48] [78] global_step=78, grad_norm=2.0002, loss=7.18812
I0315 21:44:42.243723 139630228972736 submission.py:265] 78) loss = 7.188, grad_norm = 2.000
I0315 21:44:44.090703 139611032499968 logging_writer.py:48] [79] global_step=79, grad_norm=1.99205, loss=7.0293
I0315 21:44:44.094221 139630228972736 submission.py:265] 79) loss = 7.029, grad_norm = 1.992
I0315 21:44:44.963957 139611040892672 logging_writer.py:48] [80] global_step=80, grad_norm=1.95579, loss=7.13638
I0315 21:44:44.967245 139630228972736 submission.py:265] 80) loss = 7.136, grad_norm = 1.956
I0315 21:44:45.840555 139611032499968 logging_writer.py:48] [81] global_step=81, grad_norm=2.24906, loss=7.13933
I0315 21:44:45.843895 139630228972736 submission.py:265] 81) loss = 7.139, grad_norm = 2.249
I0315 21:44:47.753593 139611040892672 logging_writer.py:48] [82] global_step=82, grad_norm=1.86924, loss=6.99859
I0315 21:44:47.756996 139630228972736 submission.py:265] 82) loss = 6.999, grad_norm = 1.869
I0315 21:44:48.791323 139611032499968 logging_writer.py:48] [83] global_step=83, grad_norm=1.81247, loss=6.92334
I0315 21:44:48.794737 139630228972736 submission.py:265] 83) loss = 6.923, grad_norm = 1.812
I0315 21:44:49.660565 139611040892672 logging_writer.py:48] [84] global_step=84, grad_norm=1.71156, loss=6.9737
I0315 21:44:49.664426 139630228972736 submission.py:265] 84) loss = 6.974, grad_norm = 1.712
I0315 21:44:50.566535 139611032499968 logging_writer.py:48] [85] global_step=85, grad_norm=1.51422, loss=6.77079
I0315 21:44:50.570261 139630228972736 submission.py:265] 85) loss = 6.771, grad_norm = 1.514
I0315 21:44:52.754573 139611040892672 logging_writer.py:48] [86] global_step=86, grad_norm=1.55633, loss=6.8406
I0315 21:44:52.758451 139630228972736 submission.py:265] 86) loss = 6.841, grad_norm = 1.556
I0315 21:44:53.630057 139611032499968 logging_writer.py:48] [87] global_step=87, grad_norm=1.91536, loss=6.88089
I0315 21:44:53.633984 139630228972736 submission.py:265] 87) loss = 6.881, grad_norm = 1.915
I0315 21:44:54.601657 139611040892672 logging_writer.py:48] [88] global_step=88, grad_norm=2.58815, loss=6.9338
I0315 21:44:54.605004 139630228972736 submission.py:265] 88) loss = 6.934, grad_norm = 2.588
I0315 21:44:55.471967 139611032499968 logging_writer.py:48] [89] global_step=89, grad_norm=2.03794, loss=6.70069
I0315 21:44:55.475659 139630228972736 submission.py:265] 89) loss = 6.701, grad_norm = 2.038
I0315 21:44:57.522918 139611040892672 logging_writer.py:48] [90] global_step=90, grad_norm=2.04004, loss=6.87717
I0315 21:44:57.526434 139630228972736 submission.py:265] 90) loss = 6.877, grad_norm = 2.040
I0315 21:44:58.412429 139611032499968 logging_writer.py:48] [91] global_step=91, grad_norm=1.65567, loss=6.80998
I0315 21:44:58.415953 139630228972736 submission.py:265] 91) loss = 6.810, grad_norm = 1.656
I0315 21:44:59.326433 139611040892672 logging_writer.py:48] [92] global_step=92, grad_norm=1.60043, loss=6.83377
I0315 21:44:59.330178 139630228972736 submission.py:265] 92) loss = 6.834, grad_norm = 1.600
I0315 21:45:00.200677 139611032499968 logging_writer.py:48] [93] global_step=93, grad_norm=1.86388, loss=6.78456
I0315 21:45:00.203962 139630228972736 submission.py:265] 93) loss = 6.785, grad_norm = 1.864
I0315 21:45:02.764074 139611040892672 logging_writer.py:48] [94] global_step=94, grad_norm=1.92873, loss=6.83544
I0315 21:45:02.767416 139630228972736 submission.py:265] 94) loss = 6.835, grad_norm = 1.929
I0315 21:45:03.637811 139611032499968 logging_writer.py:48] [95] global_step=95, grad_norm=1.45489, loss=6.64787
I0315 21:45:03.641262 139630228972736 submission.py:265] 95) loss = 6.648, grad_norm = 1.455
