I0315 21:54:18.310292 139823383016640 shampoo_preconditioner_list.py:352] Instantiated Adagrad Preconditioner 4.block_5 (torch.Size([512, 1024])) for Parameter 4 (torch.Size([512, 10240])), Block block_5 (torch.Size([512, 1024])).
I0315 21:54:18.310364 139823383016640 shampoo_preconditioner_list.py:352] Instantiated Adagrad Preconditioner 4.block_6 (torch.Size([0])) for Parameter 4 (torch.Size([512, 10240])), Block block_6 (torch.Size([512, 1024])).
I0315 21:54:18.310424 139823383016640 shampoo_preconditioner_list.py:352] Instantiated Adagrad Preconditioner 4.block_7 (torch.Size([0])) for Parameter 4 (torch.Size([512, 10240])), Block block_7 (torch.Size([512, 1024])).
I0315 21:54:18.310479 139823383016640 shampoo_preconditioner_list.py:352] Instantiated Adagrad Preconditioner 4.block_8 (torch.Size([0])) for Parameter 4 (torch.Size([512, 10240])), Block block_8 (torch.Size([512, 1024])).
I0315 21:54:18.310534 139823383016640 shampoo_preconditioner_list.py:352] Instantiated Adagrad Preconditioner 4.block_9 (torch.Size([0])) for Parameter 4 (torch.Size([512, 10240])), Block block_9 (torch.Size([512, 1024])).
I0315 21:54:18.310591 139823383016640 shampoo_preconditioner_list.py:352] Instantiated Adagrad Preconditioner 5.block_0 (torch.Size([0])) for Parameter 5 (torch.Size([512])), Block block_0 (torch.Size([512])).
I0315 21:54:18.310676 139823383016640 shampoo_preconditioner_list.py:352] Instantiated Adagrad Preconditioner 6.block_0 (torch.Size([512])) for Parameter 6 (torch.Size([512])), Block block_0 (torch.Size([512])).
I0315 21:54:18.310743 139823383016640 shampoo_preconditioner_list.py:352] Instantiated Adagrad Preconditioner 7.block_0 (torch.Size([0])) for Parameter 7 (torch.Size([512])), Block block_0 (torch.Size([512])).
I0315 21:54:18.310808 139823383016640 shampoo_preconditioner_list.py:352] Instantiated Adagrad Preconditioner 8.block_0 (torch.Size([0])) for Parameter 8 (torch.Size([1024, 512])), Block block_0 (torch.Size([1024, 512])).
I0315 21:54:18.310865 139823383016640 shampoo_preconditioner_list.py:352] Instantiated Adagrad Preconditioner 9.block_0 (torch.Size([0])) for Parameter 9 (torch.Size([1024, 256])), Block block_0 (torch.Size([1024, 256])).
I0315 21:54:18.310919 139823383016640 shampoo_preconditioner_list.py:352] Instantiated Adagrad Preconditioner 10.block_0 (torch.Size([0])) for Parameter 10 (torch.Size([1024])), Block block_0 (torch.Size([1024])).
I0315 21:54:18.310972 139823383016640 shampoo_preconditioner_list.py:352] Instantiated Adagrad Preconditioner 11.block_0 (torch.Size([0])) for Parameter 11 (torch.Size([1024])), Block block_0 (torch.Size([1024])).
I0315 21:54:18.311026 139823383016640 shampoo_preconditioner_list.py:352] Instantiated Adagrad Preconditioner 12.block_0 (torch.Size([0])) for Parameter 12 (torch.Size([1024, 512])), Block block_0 (torch.Size([1024, 512])).
I0315 21:54:18.311081 139823383016640 shampoo_preconditioner_list.py:352] Instantiated Adagrad Preconditioner 13.block_0 (torch.Size([0])) for Parameter 13 (torch.Size([1024, 256])), Block block_0 (torch.Size([1024, 256])).
I0315 21:54:18.311136 139823383016640 shampoo_preconditioner_list.py:352] Instantiated Adagrad Preconditioner 14.block_0 (torch.Size([0])) for Parameter 14 (torch.Size([1024])), Block block_0 (torch.Size([1024])).
I0315 21:54:18.311213 139823383016640 shampoo_preconditioner_list.py:352] Instantiated Adagrad Preconditioner 15.block_0 (torch.Size([0])) for Parameter 15 (torch.Size([1024])), Block block_0 (torch.Size([1024])).
I0315 21:54:18.311302 139823383016640 shampoo_preconditioner_list.py:352] Instantiated Adagrad Preconditioner 16.block_0 (torch.Size([512])) for Parameter 16 (torch.Size([512])), Block block_0 (torch.Size([512])).
I0315 21:54:18.311373 139823383016640 shampoo_preconditioner_list.py:352] Instantiated Adagrad Preconditioner 17.block_0 (torch.Size([0])) for Parameter 17 (torch.Size([512])), Block block_0 (torch.Size([512])).
I0315 21:54:18.311459 139823383016640 shampoo_preconditioner_list.py:352] Instantiated Adagrad Preconditioner 18.block_0 (torch.Size([1024, 512])) for Parameter 18 (torch.Size([1024, 512])), Block block_0 (torch.Size([1024, 512])).
I0315 21:54:18.311527 139823383016640 shampoo_preconditioner_list.py:352] Instantiated Adagrad Preconditioner 19.block_0 (torch.Size([0])) for Parameter 19 (torch.Size([1024, 256])), Block block_0 (torch.Size([1024, 256])).
I0315 21:54:18.311584 139823383016640 shampoo_preconditioner_list.py:352] Instantiated Adagrad Preconditioner 20.block_0 (torch.Size([0])) for Parameter 20 (torch.Size([1024])), Block block_0 (torch.Size([1024])).
I0315 21:54:18.311668 139823383016640 shampoo_preconditioner_list.py:352] Instantiated Adagrad Preconditioner 21.block_0 (torch.Size([1024])) for Parameter 21 (torch.Size([1024])), Block block_0 (torch.Size([1024])).
I0315 21:54:18.311738 139823383016640 shampoo_preconditioner_list.py:352] Instantiated Adagrad Preconditioner 22.block_0 (torch.Size([0])) for Parameter 22 (torch.Size([1024, 512])), Block block_0 (torch.Size([1024, 512])).
I0315 21:54:18.311821 139823383016640 shampoo_preconditioner_list.py:352] Instantiated Adagrad Preconditioner 23.block_0 (torch.Size([1024, 256])) for Parameter 23 (torch.Size([1024, 256])), Block block_0 (torch.Size([1024, 256])).
I0315 21:54:18.311910 139823383016640 shampoo_preconditioner_list.py:352] Instantiated Adagrad Preconditioner 24.block_0 (torch.Size([0])) for Parameter 24 (torch.Size([1024])), Block block_0 (torch.Size([1024])).
I0315 21:54:18.312000 139823383016640 shampoo_preconditioner_list.py:352] Instantiated Adagrad Preconditioner 25.block_0 (torch.Size([1024])) for Parameter 25 (torch.Size([1024])), Block block_0 (torch.Size([1024])).
I0315 21:54:18.312083 139823383016640 shampoo_preconditioner_list.py:352] Instantiated Adagrad Preconditioner 26.block_0 (torch.Size([512])) for Parameter 26 (torch.Size([512])), Block block_0 (torch.Size([512])).
I0315 21:54:18.312151 139823383016640 shampoo_preconditioner_list.py:352] Instantiated Adagrad Preconditioner 27.block_0 (torch.Size([0])) for Parameter 27 (torch.Size([512])), Block block_0 (torch.Size([512])).
I0315 21:54:18.312216 139823383016640 shampoo_preconditioner_list.py:352] Instantiated Adagrad Preconditioner 28.block_0 (torch.Size([0])) for Parameter 28 (torch.Size([1024, 512])), Block block_0 (torch.Size([1024, 512])).
I0315 21:54:18.312275 139823383016640 shampoo_preconditioner_list.py:352] Instantiated Adagrad Preconditioner 29.block_0 (torch.Size([0])) for Parameter 29 (torch.Size([1024, 256])), Block block_0 (torch.Size([1024, 256])).
I0315 21:54:18.312331 139823383016640 shampoo_preconditioner_list.py:352] Instantiated Adagrad Preconditioner 30.block_0 (torch.Size([0])) for Parameter 30 (torch.Size([1024])), Block block_0 (torch.Size([1024])).
I0315 21:54:18.312425 139823383016640 shampoo_preconditioner_list.py:352] Instantiated Adagrad Preconditioner 31.block_0 (torch.Size([1024])) for Parameter 31 (torch.Size([1024])), Block block_0 (torch.Size([1024])).
I0315 21:54:18.312493 139823383016640 shampoo_preconditioner_list.py:352] Instantiated Adagrad Preconditioner 32.block_0 (torch.Size([0])) for Parameter 32 (torch.Size([1024, 512])), Block block_0 (torch.Size([1024, 512])).
I0315 21:54:18.312547 139823383016640 shampoo_preconditioner_list.py:352] Instantiated Adagrad Preconditioner 33.block_0 (torch.Size([0])) for Parameter 33 (torch.Size([1024, 256])), Block block_0 (torch.Size([1024, 256])).
I0315 21:54:18.312599 139823383016640 shampoo_preconditioner_list.py:352] Instantiated Adagrad Preconditioner 34.block_0 (torch.Size([0])) for Parameter 34 (torch.Size([1024])), Block block_0 (torch.Size([1024])).
I0315 21:54:18.312677 139823383016640 shampoo_preconditioner_list.py:352] Instantiated Adagrad Preconditioner 35.block_0 (torch.Size([1024])) for Parameter 35 (torch.Size([1024])), Block block_0 (torch.Size([1024])).
I0315 21:54:18.312758 139823383016640 shampoo_preconditioner_list.py:352] Instantiated Adagrad Preconditioner 36.block_0 (torch.Size([512])) for Parameter 36 (torch.Size([512])), Block block_0 (torch.Size([512])).
I0315 21:54:18.312822 139823383016640 shampoo_preconditioner_list.py:352] Instantiated Adagrad Preconditioner 37.block_0 (torch.Size([0])) for Parameter 37 (torch.Size([512])), Block block_0 (torch.Size([512])).
I0315 21:54:18.312876 139823383016640 shampoo_preconditioner_list.py:352] Instantiated Adagrad Preconditioner 38.block_0 (torch.Size([0])) for Parameter 38 (torch.Size([1024, 512])), Block block_0 (torch.Size([1024, 512])).
I0315 21:54:18.312928 139823383016640 shampoo_preconditioner_list.py:352] Instantiated Adagrad Preconditioner 39.block_0 (torch.Size([0])) for Parameter 39 (torch.Size([1024, 256])), Block block_0 (torch.Size([1024, 256])).
I0315 21:54:18.312982 139823383016640 shampoo_preconditioner_list.py:352] Instantiated Adagrad Preconditioner 40.block_0 (torch.Size([0])) for Parameter 40 (torch.Size([1024])), Block block_0 (torch.Size([1024])).
I0315 21:54:18.313051 139823383016640 shampoo_preconditioner_list.py:352] Instantiated Adagrad Preconditioner 41.block_0 (torch.Size([1024])) for Parameter 41 (torch.Size([1024])), Block block_0 (torch.Size([1024])).
I0315 21:54:18.313114 139823383016640 shampoo_preconditioner_list.py:352] Instantiated Adagrad Preconditioner 42.block_0 (torch.Size([0])) for Parameter 42 (torch.Size([1024, 512])), Block block_0 (torch.Size([1024, 512])).
I0315 21:54:18.313166 139823383016640 shampoo_preconditioner_list.py:352] Instantiated Adagrad Preconditioner 43.block_0 (torch.Size([0])) for Parameter 43 (torch.Size([1024, 256])), Block block_0 (torch.Size([1024, 256])).
I0315 21:54:18.313224 139823383016640 shampoo_preconditioner_list.py:352] Instantiated Adagrad Preconditioner 44.block_0 (torch.Size([0])) for Parameter 44 (torch.Size([1024])), Block block_0 (torch.Size([1024])).
I0315 21:54:18.313302 139823383016640 shampoo_preconditioner_list.py:352] Instantiated Adagrad Preconditioner 45.block_0 (torch.Size([1024])) for Parameter 45 (torch.Size([1024])), Block block_0 (torch.Size([1024])).
I0315 21:54:18.313380 139823383016640 shampoo_preconditioner_list.py:352] Instantiated Adagrad Preconditioner 46.block_0 (torch.Size([512])) for Parameter 46 (torch.Size([512])), Block block_0 (torch.Size([512])).
I0315 21:54:18.313441 139823383016640 shampoo_preconditioner_list.py:352] Instantiated Adagrad Preconditioner 47.block_0 (torch.Size([0])) for Parameter 47 (torch.Size([512])), Block block_0 (torch.Size([512])).
I0315 21:54:18.313493 139823383016640 shampoo_preconditioner_list.py:352] Instantiated Adagrad Preconditioner 48.block_0 (torch.Size([0])) for Parameter 48 (torch.Size([1024, 512])), Block block_0 (torch.Size([1024, 512])).
I0315 21:54:18.317688 139823383016640 shampoo_preconditioner_list.py:352] Instantiated Adagrad Preconditioner 49.block_0 (torch.Size([1024, 256])) for Parameter 49 (torch.Size([1024, 256])), Block block_0 (torch.Size([1024, 256])).
I0315 21:54:18.317797 139823383016640 shampoo_preconditioner_list.py:352] Instantiated Adagrad Preconditioner 50.block_0 (torch.Size([0])) for Parameter 50 (torch.Size([1024])), Block block_0 (torch.Size([1024])).
I0315 21:54:18.317889 139823383016640 shampoo_preconditioner_list.py:352] Instantiated Adagrad Preconditioner 51.block_0 (torch.Size([1024])) for Parameter 51 (torch.Size([1024])), Block block_0 (torch.Size([1024])).
I0315 21:54:18.317974 139823383016640 shampoo_preconditioner_list.py:352] Instantiated Adagrad Preconditioner 52.block_0 (torch.Size([1024, 512])) for Parameter 52 (torch.Size([1024, 512])), Block block_0 (torch.Size([1024, 512])).
I0315 21:54:18.318040 139823383016640 shampoo_preconditioner_list.py:352] Instantiated Adagrad Preconditioner 53.block_0 (torch.Size([0])) for Parameter 53 (torch.Size([1024, 256])), Block block_0 (torch.Size([1024, 256])).
I0315 21:54:18.318094 139823383016640 shampoo_preconditioner_list.py:352] Instantiated Adagrad Preconditioner 54.block_0 (torch.Size([0])) for Parameter 54 (torch.Size([1024])), Block block_0 (torch.Size([1024])).
I0315 21:54:18.318192 139823383016640 shampoo_preconditioner_list.py:352] Instantiated Adagrad Preconditioner 55.block_0 (torch.Size([1024])) for Parameter 55 (torch.Size([1024])), Block block_0 (torch.Size([1024])).
I0315 21:54:18.318298 139823383016640 shampoo_preconditioner_list.py:352] Instantiated Adagrad Preconditioner 56.block_0 (torch.Size([512])) for Parameter 56 (torch.Size([512])), Block block_0 (torch.Size([512])).
I0315 21:54:18.318364 139823383016640 shampoo_preconditioner_list.py:352] Instantiated Adagrad Preconditioner 57.block_0 (torch.Size([0])) for Parameter 57 (torch.Size([512])), Block block_0 (torch.Size([512])).
I0315 21:54:18.318418 139823383016640 shampoo_preconditioner_list.py:352] Instantiated Adagrad Preconditioner 58.block_0 (torch.Size([0])) for Parameter 58 (torch.Size([1024, 512])), Block block_0 (torch.Size([1024, 512])).
I0315 21:54:18.318469 139823383016640 shampoo_preconditioner_list.py:352] Instantiated Adagrad Preconditioner 59.block_0 (torch.Size([0])) for Parameter 59 (torch.Size([1024, 256])), Block block_0 (torch.Size([1024, 256])).
I0315 21:54:18.318518 139823383016640 shampoo_preconditioner_list.py:352] Instantiated Adagrad Preconditioner 60.block_0 (torch.Size([0])) for Parameter 60 (torch.Size([1024])), Block block_0 (torch.Size([1024])).
I0315 21:54:18.318594 139823383016640 shampoo_preconditioner_list.py:352] Instantiated Adagrad Preconditioner 61.block_0 (torch.Size([1024])) for Parameter 61 (torch.Size([1024])), Block block_0 (torch.Size([1024])).
I0315 21:54:18.318656 139823383016640 shampoo_preconditioner_list.py:352] Instantiated Adagrad Preconditioner 62.block_0 (torch.Size([0])) for Parameter 62 (torch.Size([1024, 512])), Block block_0 (torch.Size([1024, 512])).
I0315 21:54:18.318708 139823383016640 shampoo_preconditioner_list.py:352] Instantiated Adagrad Preconditioner 63.block_0 (torch.Size([0])) for Parameter 63 (torch.Size([1024, 256])), Block block_0 (torch.Size([1024, 256])).
I0315 21:54:18.318757 139823383016640 shampoo_preconditioner_list.py:352] Instantiated Adagrad Preconditioner 64.block_0 (torch.Size([0])) for Parameter 64 (torch.Size([1024])), Block block_0 (torch.Size([1024])).
I0315 21:54:18.318832 139823383016640 shampoo_preconditioner_list.py:352] Instantiated Adagrad Preconditioner 65.block_0 (torch.Size([1024])) for Parameter 65 (torch.Size([1024])), Block block_0 (torch.Size([1024])).
I0315 21:54:18.318910 139823383016640 shampoo_preconditioner_list.py:352] Instantiated Adagrad Preconditioner 66.block_0 (torch.Size([512])) for Parameter 66 (torch.Size([512])), Block block_0 (torch.Size([512])).
I0315 21:54:18.318972 139823383016640 shampoo_preconditioner_list.py:352] Instantiated Adagrad Preconditioner 67.block_0 (torch.Size([0])) for Parameter 67 (torch.Size([512])), Block block_0 (torch.Size([512])).
I0315 21:54:18.319025 139823383016640 shampoo_preconditioner_list.py:352] Instantiated Adagrad Preconditioner 68.block_0 (torch.Size([0])) for Parameter 68 (torch.Size([512, 512])), Block block_0 (torch.Size([512, 512])).
I0315 21:54:18.319098 139823383016640 shampoo_preconditioner_list.py:352] Instantiated Adagrad Preconditioner 69.block_0 (torch.Size([512])) for Parameter 69 (torch.Size([512])), Block block_0 (torch.Size([512])).
I0315 21:54:18.319158 139823383016640 shampoo_preconditioner_list.py:352] Instantiated Adagrad Preconditioner 70.block_0 (torch.Size([0])) for Parameter 70 (torch.Size([512])), Block block_0 (torch.Size([512])).
I0315 21:54:18.319258 139823383016640 shampoo_preconditioner_list.py:352] Instantiated Adagrad Preconditioner 71.block_0 (torch.Size([512])) for Parameter 71 (torch.Size([512])), Block block_0 (torch.Size([512])).
I0315 21:54:18.319327 139823383016640 shampoo_preconditioner_list.py:352] Instantiated Adagrad Preconditioner 72.block_0 (torch.Size([0])) for Parameter 72 (torch.Size([512, 512])), Block block_0 (torch.Size([512, 512])).
I0315 21:54:18.319381 139823383016640 shampoo_preconditioner_list.py:352] Instantiated Adagrad Preconditioner 73.block_0 (torch.Size([0])) for Parameter 73 (torch.Size([512])), Block block_0 (torch.Size([512])).
I0315 21:54:18.319460 139823383016640 shampoo_preconditioner_list.py:352] Instantiated Adagrad Preconditioner 74.block_0 (torch.Size([512])) for Parameter 74 (torch.Size([512])), Block block_0 (torch.Size([512])).
I0315 21:54:18.319525 139823383016640 shampoo_preconditioner_list.py:352] Instantiated Adagrad Preconditioner 75.block_0 (torch.Size([0])) for Parameter 75 (torch.Size([512])), Block block_0 (torch.Size([512])).
I0315 21:54:18.319579 139823383016640 shampoo_preconditioner_list.py:352] Instantiated Adagrad Preconditioner 76.block_0 (torch.Size([0])) for Parameter 76 (torch.Size([512, 512])), Block block_0 (torch.Size([512, 512])).
I0315 21:54:18.319655 139823383016640 shampoo_preconditioner_list.py:352] Instantiated Adagrad Preconditioner 77.block_0 (torch.Size([512])) for Parameter 77 (torch.Size([512])), Block block_0 (torch.Size([512])).
I0315 21:54:18.319719 139823383016640 shampoo_preconditioner_list.py:352] Instantiated Adagrad Preconditioner 78.block_0 (torch.Size([0])) for Parameter 78 (torch.Size([512])), Block block_0 (torch.Size([512])).
I0315 21:54:18.319807 139823383016640 shampoo_preconditioner_list.py:352] Instantiated Adagrad Preconditioner 79.block_0 (torch.Size([512])) for Parameter 79 (torch.Size([512])), Block block_0 (torch.Size([512])).
I0315 21:54:18.319875 139823383016640 shampoo_preconditioner_list.py:352] Instantiated Adagrad Preconditioner 80.block_0 (torch.Size([0])) for Parameter 80 (torch.Size([1024, 512])), Block block_0 (torch.Size([1024, 512])).
I0315 21:54:18.319947 139823383016640 shampoo_preconditioner_list.py:352] Instantiated Adagrad Preconditioner 81.block_0 (torch.Size([0])) for Parameter 81 (torch.Size([1024])), Block block_0 (torch.Size([1024])).
I0315 21:54:18.320079 139823383016640 shampoo_preconditioner_list.py:375] Rank 6: AdaGradPreconditionerList Numel Breakdown: (4608, 512, 0, 512, 0, 0, 0, 0, 0, 524288, 0, 0, 0, 0, 0, 512, 0, 0, 0, 0, 0, 0, 0, 0, 0, 512, 0, 524288, 0, 0, 1024, 0, 262144, 0, 1024, 512, 0, 0, 0, 0, 1024, 0, 0, 0, 1024, 512, 0, 0, 0, 0, 1024, 0, 0, 0, 1024, 512, 0, 0, 262144, 0, 1024, 524288, 0, 0, 1024, 512, 0, 0, 0, 0, 1024, 0, 0, 0, 1024, 512, 0, 0, 512, 0, 512, 0, 0, 512, 0, 0, 512, 0, 512, 0, 0)
I0315 21:54:18.320127 139823383016640 shampoo_preconditioner_list.py:378] Rank 6: AdaGradPreconditionerList Bytes Breakdown: (18432, 2048, 0, 2048, 0, 0, 0, 0, 0, 2097152, 0, 0, 0, 0, 0, 2048, 0, 0, 0, 0, 0, 0, 0, 0, 0, 2048, 0, 2097152, 0, 0, 4096, 0, 1048576, 0, 4096, 2048, 0, 0, 0, 0, 4096, 0, 0, 0, 4096, 2048, 0, 0, 0, 0, 4096, 0, 0, 0, 4096, 2048, 0, 0, 1048576, 0, 4096, 2097152, 0, 0, 4096, 2048, 0, 0, 0, 0, 4096, 0, 0, 0, 4096, 2048, 0, 0, 2048, 0, 2048, 0, 0, 2048, 0, 0, 2048, 0, 2048, 0, 0)
I0315 21:54:18.320162 139823383016640 shampoo_preconditioner_list.py:381] Rank 6: AdaGradPreconditionerList Total Elements: 2119168
I0315 21:54:18.320201 139823383016640 shampoo_preconditioner_list.py:384] Rank 6: AdaGradPreconditionerList Total Bytes: 8476672
I0315 21:54:18.325196 139823383016640 logger_utils.py:262] Unable to record workload.train_mean information. Continuing without it.
I0315 21:54:18.325270 139823383016640 logger_utils.py:262] Unable to record workload.train_stddev information. Continuing without it.
I0315 21:54:18.578687 140699076310208 submission_runner.py:325] Saving flags to /experiment_runs/submissions/rolling_leaderboard/external_tuning/shampoo/study_1/librispeech_deepspeech_pytorch/trial_5/flags_0.json.
I0315 21:54:18.589405 140699076310208 submission_runner.py:337] Starting training loop.
/usr/local/lib/python3.11/multiprocessing/popen_fork.py:66: RuntimeWarning: os.fork() was called. os.fork() is incompatible with multithreaded code, and JAX is multithreaded, so this will likely lead to a deadlock.
  self.pid = os.fork()
/usr/local/lib/python3.11/multiprocessing/popen_fork.py:66: RuntimeWarning: os.fork() was called. os.fork() is incompatible with multithreaded code, and JAX is multithreaded, so this will likely lead to a deadlock.
  self.pid = os.fork()
/usr/local/lib/python3.11/multiprocessing/popen_fork.py:66: RuntimeWarning: os.fork() was called. os.fork() is incompatible with multithreaded code, and JAX is multithreaded, so this will likely lead to a deadlock.
  self.pid = os.fork()
/usr/local/lib/python3.11/multiprocessing/popen_fork.py:66: RuntimeWarning: os.fork() was called. os.fork() is incompatible with multithreaded code, and JAX is multithreaded, so this will likely lead to a deadlock.
  self.pid = os.fork()
/usr/local/lib/python3.11/multiprocessing/popen_fork.py:66: RuntimeWarning: os.fork() was called. os.fork() is incompatible with multithreaded code, and JAX is multithreaded, so this will likely lead to a deadlock.
  self.pid = os.fork()
/usr/local/lib/python3.11/multiprocessing/popen_fork.py:66: RuntimeWarning: os.fork() was called. os.fork() is incompatible with multithreaded code, and JAX is multithreaded, so this will likely lead to a deadlock.
  self.pid = os.fork()
/usr/local/lib/python3.11/multiprocessing/popen_fork.py:66: RuntimeWarning: os.fork() was called. os.fork() is incompatible with multithreaded code, and JAX is multithreaded, so this will likely lead to a deadlock.
  self.pid = os.fork()
/usr/local/lib/python3.11/multiprocessing/popen_fork.py:66: RuntimeWarning: os.fork() was called. os.fork() is incompatible with multithreaded code, and JAX is multithreaded, so this will likely lead to a deadlock.
  self.pid = os.fork()
/algorithmic-efficiency/algoperf/workloads/librispeech_conformer/librispeech_pytorch/preprocessor.py:488: UserWarning: Specified kernel cache directory could not be created! This disables kernel caching. Specified directory is /root/.cache/torch/kernels. This warning will appear only once per process. (Triggered internally at ../aten/src/ATen/native/cuda/jit_utils.cpp:1442.)
  spectrum = torch.abs(spectrum)
/algorithmic-efficiency/algoperf/workloads/librispeech_conformer/librispeech_pytorch/preprocessor.py:488: UserWarning: Specified kernel cache directory could not be created! This disables kernel caching. Specified directory is /root/.cache/torch/kernels. This warning will appear only once per process. (Triggered internally at ../aten/src/ATen/native/cuda/jit_utils.cpp:1442.)
  spectrum = torch.abs(spectrum)
/algorithmic-efficiency/algoperf/workloads/librispeech_conformer/librispeech_pytorch/preprocessor.py:488: UserWarning: Specified kernel cache directory could not be created! This disables kernel caching. Specified directory is /root/.cache/torch/kernels. This warning will appear only once per process. (Triggered internally at ../aten/src/ATen/native/cuda/jit_utils.cpp:1442.)
  spectrum = torch.abs(spectrum)
/algorithmic-efficiency/algoperf/workloads/librispeech_conformer/librispeech_pytorch/preprocessor.py:488: UserWarning: Specified kernel cache directory could not be created! This disables kernel caching. Specified directory is /root/.cache/torch/kernels. This warning will appear only once per process. (Triggered internally at ../aten/src/ATen/native/cuda/jit_utils.cpp:1442.)
  spectrum = torch.abs(spectrum)
/algorithmic-efficiency/algoperf/workloads/librispeech_conformer/librispeech_pytorch/preprocessor.py:488: UserWarning: Specified kernel cache directory could not be created! This disables kernel caching. Specified directory is /root/.cache/torch/kernels. This warning will appear only once per process. (Triggered internally at ../aten/src/ATen/native/cuda/jit_utils.cpp:1442.)
  spectrum = torch.abs(spectrum)
/algorithmic-efficiency/algoperf/workloads/librispeech_conformer/librispeech_pytorch/preprocessor.py:488: UserWarning: Specified kernel cache directory could not be created! This disables kernel caching. Specified directory is /root/.cache/torch/kernels. This warning will appear only once per process. (Triggered internally at ../aten/src/ATen/native/cuda/jit_utils.cpp:1442.)
  spectrum = torch.abs(spectrum)
I0315 21:55:45.383385 140681179174656 logging_writer.py:48] [0] global_step=0, grad_norm=25.0485, loss=33.7717
I0315 21:55:45.406672 140699076310208 submission.py:265] 0) loss = 33.772, grad_norm = 25.049
I0315 21:55:45.915746 140699076310208 spec.py:321] Evaluating on the training split.
I0315 21:55:45.916742 140699076310208 input_pipeline.py:20] Loading split = train-clean-100
I0315 21:55:45.944447 140699076310208 input_pipeline.py:20] Loading split = train-clean-360
I0315 21:55:46.039826 140699076310208 input_pipeline.py:20] Loading split = train-other-500
/usr/local/lib/python3.11/multiprocessing/popen_fork.py:66: RuntimeWarning: os.fork() was called. os.fork() is incompatible with multithreaded code, and JAX is multithreaded, so this will likely lead to a deadlock.
  self.pid = os.fork()
/usr/local/lib/python3.11/multiprocessing/popen_fork.py:66: RuntimeWarning: os.fork() was called. os.fork() is incompatible with multithreaded code, and JAX is multithreaded, so this will likely lead to a deadlock.
  self.pid = os.fork()
/usr/local/lib/python3.11/multiprocessing/popen_fork.py:66: RuntimeWarning: os.fork() was called. os.fork() is incompatible with multithreaded code, and JAX is multithreaded, so this will likely lead to a deadlock.
  self.pid = os.fork()
/usr/local/lib/python3.11/multiprocessing/popen_fork.py:66: RuntimeWarning: os.fork() was called. os.fork() is incompatible with multithreaded code, and JAX is multithreaded, so this will likely lead to a deadlock.
  self.pid = os.fork()
/usr/local/lib/python3.11/multiprocessing/popen_fork.py:66: RuntimeWarning: os.fork() was called. os.fork() is incompatible with multithreaded code, and JAX is multithreaded, so this will likely lead to a deadlock.
  self.pid = os.fork()
/usr/local/lib/python3.11/multiprocessing/popen_fork.py:66: RuntimeWarning: os.fork() was called. os.fork() is incompatible with multithreaded code, and JAX is multithreaded, so this will likely lead to a deadlock.
  self.pid = os.fork()
/usr/local/lib/python3.11/multiprocessing/popen_fork.py:66: RuntimeWarning: os.fork() was called. os.fork() is incompatible with multithreaded code, and JAX is multithreaded, so this will likely lead to a deadlock.
  self.pid = os.fork()
/usr/local/lib/python3.11/multiprocessing/popen_fork.py:66: RuntimeWarning: os.fork() was called. os.fork() is incompatible with multithreaded code, and JAX is multithreaded, so this will likely lead to a deadlock.
  self.pid = os.fork()
I0315 21:56:21.647385 140699076310208 spec.py:333] Evaluating on the validation split.
I0315 21:56:21.648676 140699076310208 input_pipeline.py:20] Loading split = dev-clean
I0315 21:56:21.701137 140699076310208 input_pipeline.py:20] Loading split = dev-other
/usr/local/lib/python3.11/multiprocessing/popen_fork.py:66: RuntimeWarning: os.fork() was called. os.fork() is incompatible with multithreaded code, and JAX is multithreaded, so this will likely lead to a deadlock.
  self.pid = os.fork()
/usr/local/lib/python3.11/multiprocessing/popen_fork.py:66: RuntimeWarning: os.fork() was called. os.fork() is incompatible with multithreaded code, and JAX is multithreaded, so this will likely lead to a deadlock.
  self.pid = os.fork()
/usr/local/lib/python3.11/multiprocessing/popen_fork.py:66: RuntimeWarning: os.fork() was called. os.fork() is incompatible with multithreaded code, and JAX is multithreaded, so this will likely lead to a deadlock.
  self.pid = os.fork()
/usr/local/lib/python3.11/multiprocessing/popen_fork.py:66: RuntimeWarning: os.fork() was called. os.fork() is incompatible with multithreaded code, and JAX is multithreaded, so this will likely lead to a deadlock.
  self.pid = os.fork()
/usr/local/lib/python3.11/multiprocessing/popen_fork.py:66: RuntimeWarning: os.fork() was called. os.fork() is incompatible with multithreaded code, and JAX is multithreaded, so this will likely lead to a deadlock.
  self.pid = os.fork()
/usr/local/lib/python3.11/multiprocessing/popen_fork.py:66: RuntimeWarning: os.fork() was called. os.fork() is incompatible with multithreaded code, and JAX is multithreaded, so this will likely lead to a deadlock.
  self.pid = os.fork()
/usr/local/lib/python3.11/multiprocessing/popen_fork.py:66: RuntimeWarning: os.fork() was called. os.fork() is incompatible with multithreaded code, and JAX is multithreaded, so this will likely lead to a deadlock.
  self.pid = os.fork()
/usr/local/lib/python3.11/multiprocessing/popen_fork.py:66: RuntimeWarning: os.fork() was called. os.fork() is incompatible with multithreaded code, and JAX is multithreaded, so this will likely lead to a deadlock.
  self.pid = os.fork()
I0315 21:56:44.175700 140699076310208 spec.py:349] Evaluating on the test split.
I0315 21:56:44.177068 140699076310208 input_pipeline.py:20] Loading split = test-clean
I0315 21:56:56.568181 140699076310208 submission_runner.py:469] Time since start: 157.98s, 	Step: 1, 	{'train/ctc_loss': 32.08157898308766, 'train/wer': 3.5930995789370477, 'validation/ctc_loss': 31.035042158094416, 'validation/wer': 3.423077294452759, 'validation/num_examples': 5348, 'test/ctc_loss': 31.070668702760276, 'test/wer': 3.5790018889769057, 'test/num_examples': 2472, 'score': 86.82339978218079, 'total_duration': 157.97857666015625, 'accumulated_submission_time': 86.82339978218079, 'accumulated_eval_time': 70.65218424797058, 'accumulated_logging_time': 0}
I0315 21:56:56.584531 140679221073664 logging_writer.py:48] [1] accumulated_eval_time=70.6522, accumulated_logging_time=0, accumulated_submission_time=86.8234, global_step=1, preemption_count=0, score=86.8234, test/ctc_loss=31.0707, test/num_examples=2472, test/wer=3.579, total_duration=157.979, train/ctc_loss=32.0816, train/wer=3.5931, validation/ctc_loss=31.035, validation/num_examples=5348, validation/wer=3.42308
I0315 21:56:58.147377 140678935869184 logging_writer.py:48] [1] global_step=1, grad_norm=24.2601, loss=32.6071
I0315 21:56:58.151269 140699076310208 submission.py:265] 1) loss = 32.607, grad_norm = 24.260
I0315 21:56:59.019194 140679221073664 logging_writer.py:48] [2] global_step=2, grad_norm=25.6198, loss=33.4077
I0315 21:56:59.023444 140699076310208 submission.py:265] 2) loss = 33.408, grad_norm = 25.620
I0315 21:56:59.879300 140678935869184 logging_writer.py:48] [3] global_step=3, grad_norm=24.3224, loss=33.0935
I0315 21:56:59.882848 140699076310208 submission.py:265] 3) loss = 33.093, grad_norm = 24.322
I0315 21:57:00.746155 140679221073664 logging_writer.py:48] [4] global_step=4, grad_norm=25.817, loss=32.4587
I0315 21:57:00.750308 140699076310208 submission.py:265] 4) loss = 32.459, grad_norm = 25.817
I0315 21:57:01.608846 140678935869184 logging_writer.py:48] [5] global_step=5, grad_norm=28.0984, loss=32.8518
I0315 21:57:01.612222 140699076310208 submission.py:265] 5) loss = 32.852, grad_norm = 28.098
I0315 21:57:02.475999 140679221073664 logging_writer.py:48] [6] global_step=6, grad_norm=27.2074, loss=32.1
I0315 21:57:02.479827 140699076310208 submission.py:265] 6) loss = 32.100, grad_norm = 27.207
I0315 21:57:03.339034 140678935869184 logging_writer.py:48] [7] global_step=7, grad_norm=30.9051, loss=32.133
I0315 21:57:03.342880 140699076310208 submission.py:265] 7) loss = 32.133, grad_norm = 30.905
I0315 21:57:04.204924 140679221073664 logging_writer.py:48] [8] global_step=8, grad_norm=30.6403, loss=32.5575
I0315 21:57:04.208214 140699076310208 submission.py:265] 8) loss = 32.558, grad_norm = 30.640
I0315 21:57:05.062998 140678935869184 logging_writer.py:48] [9] global_step=9, grad_norm=34.1596, loss=33.3111
I0315 21:57:05.066784 140699076310208 submission.py:265] 9) loss = 33.311, grad_norm = 34.160
I0315 21:57:05.928353 140679221073664 logging_writer.py:48] [10] global_step=10, grad_norm=32.0103, loss=32.6255
I0315 21:57:05.932384 140699076310208 submission.py:265] 10) loss = 32.626, grad_norm = 32.010
I0315 21:57:06.793153 140678935869184 logging_writer.py:48] [11] global_step=11, grad_norm=32.0868, loss=32.3335
I0315 21:57:06.796778 140699076310208 submission.py:265] 11) loss = 32.334, grad_norm = 32.087
I0315 21:57:07.655526 140679221073664 logging_writer.py:48] [12] global_step=12, grad_norm=38.1263, loss=31.8738
I0315 21:57:07.658941 140699076310208 submission.py:265] 12) loss = 31.874, grad_norm = 38.126
I0315 21:57:08.519077 140678935869184 logging_writer.py:48] [13] global_step=13, grad_norm=35.8481, loss=31.3717
I0315 21:57:08.522376 140699076310208 submission.py:265] 13) loss = 31.372, grad_norm = 35.848
I0315 21:57:09.388441 140679221073664 logging_writer.py:48] [14] global_step=14, grad_norm=35.7635, loss=31.448
I0315 21:57:09.391830 140699076310208 submission.py:265] 14) loss = 31.448, grad_norm = 35.764
I0315 21:57:10.247062 140678935869184 logging_writer.py:48] [15] global_step=15, grad_norm=39.1573, loss=31.5284
I0315 21:57:10.250515 140699076310208 submission.py:265] 15) loss = 31.528, grad_norm = 39.157
I0315 21:57:11.109075 140679221073664 logging_writer.py:48] [16] global_step=16, grad_norm=37.0293, loss=30.14
I0315 21:57:11.112969 140699076310208 submission.py:265] 16) loss = 30.140, grad_norm = 37.029
I0315 21:57:12.194086 140678935869184 logging_writer.py:48] [17] global_step=17, grad_norm=39.0968, loss=30.7047
I0315 21:57:12.197520 140699076310208 submission.py:265] 17) loss = 30.705, grad_norm = 39.097
I0315 21:57:13.056289 140679221073664 logging_writer.py:48] [18] global_step=18, grad_norm=38.6424, loss=30.1488
I0315 21:57:13.060025 140699076310208 submission.py:265] 18) loss = 30.149, grad_norm = 38.642
I0315 21:57:14.460680 140678935869184 logging_writer.py:48] [19] global_step=19, grad_norm=39.4131, loss=30.5104
I0315 21:57:14.464562 140699076310208 submission.py:265] 19) loss = 30.510, grad_norm = 39.413
I0315 21:57:15.361585 140679221073664 logging_writer.py:48] [20] global_step=20, grad_norm=38.946, loss=29.0043
I0315 21:57:15.364958 140699076310208 submission.py:265] 20) loss = 29.004, grad_norm = 38.946
I0315 21:57:17.119711 140678935869184 logging_writer.py:48] [21] global_step=21, grad_norm=39.4378, loss=29.0908
I0315 21:57:17.122968 140699076310208 submission.py:265] 21) loss = 29.091, grad_norm = 39.438
I0315 21:57:18.068330 140679221073664 logging_writer.py:48] [22] global_step=22, grad_norm=37.0893, loss=28.3074
I0315 21:57:18.071723 140699076310208 submission.py:265] 22) loss = 28.307, grad_norm = 37.089
I0315 21:57:19.467553 140678935869184 logging_writer.py:48] [23] global_step=23, grad_norm=39.0911, loss=28.7644
I0315 21:57:19.471573 140699076310208 submission.py:265] 23) loss = 28.764, grad_norm = 39.091
I0315 21:57:20.326644 140679221073664 logging_writer.py:48] [24] global_step=24, grad_norm=38.2116, loss=28.3964
I0315 21:57:20.330190 140699076310208 submission.py:265] 24) loss = 28.396, grad_norm = 38.212
I0315 21:57:22.087922 140678935869184 logging_writer.py:48] [25] global_step=25, grad_norm=38.2098, loss=27.3923
I0315 21:57:22.091102 140699076310208 submission.py:265] 25) loss = 27.392, grad_norm = 38.210
I0315 21:57:22.946666 140679221073664 logging_writer.py:48] [26] global_step=26, grad_norm=38.7879, loss=27.4769
I0315 21:57:22.950152 140699076310208 submission.py:265] 26) loss = 27.477, grad_norm = 38.788
I0315 21:57:24.375481 140678935869184 logging_writer.py:48] [27] global_step=27, grad_norm=38.4645, loss=26.2956
I0315 21:57:24.379236 140699076310208 submission.py:265] 27) loss = 26.296, grad_norm = 38.464
I0315 21:57:25.728216 140679221073664 logging_writer.py:48] [28] global_step=28, grad_norm=37.2801, loss=26.1303
I0315 21:57:25.732011 140699076310208 submission.py:265] 28) loss = 26.130, grad_norm = 37.280
I0315 21:57:27.002603 140678935869184 logging_writer.py:48] [29] global_step=29, grad_norm=37.8799, loss=25.5322
I0315 21:57:27.005966 140699076310208 submission.py:265] 29) loss = 25.532, grad_norm = 37.880
I0315 21:57:27.870261 140679221073664 logging_writer.py:48] [30] global_step=30, grad_norm=38.5743, loss=25.2569
I0315 21:57:27.873687 140699076310208 submission.py:265] 30) loss = 25.257, grad_norm = 38.574
I0315 21:57:29.395822 140678935869184 logging_writer.py:48] [31] global_step=31, grad_norm=39.1187, loss=25.1455
I0315 21:57:29.399341 140699076310208 submission.py:265] 31) loss = 25.145, grad_norm = 39.119
I0315 21:57:30.381764 140679221073664 logging_writer.py:48] [32] global_step=32, grad_norm=38.194, loss=24.4508
I0315 21:57:30.385227 140699076310208 submission.py:265] 32) loss = 24.451, grad_norm = 38.194
I0315 21:57:32.006495 140678935869184 logging_writer.py:48] [33] global_step=33, grad_norm=38.1249, loss=24.1964
I0315 21:57:32.010123 140699076310208 submission.py:265] 33) loss = 24.196, grad_norm = 38.125
I0315 21:57:32.872006 140679221073664 logging_writer.py:48] [34] global_step=34, grad_norm=36.2277, loss=23.3742
I0315 21:57:32.875450 140699076310208 submission.py:265] 34) loss = 23.374, grad_norm = 36.228
I0315 21:57:34.056399 140678935869184 logging_writer.py:48] [35] global_step=35, grad_norm=37.2487, loss=23.2404
I0315 21:57:34.059998 140699076310208 submission.py:265] 35) loss = 23.240, grad_norm = 37.249
I0315 21:57:35.437894 140679221073664 logging_writer.py:48] [36] global_step=36, grad_norm=37.9699, loss=22.5017
I0315 21:57:35.441171 140699076310208 submission.py:265] 36) loss = 22.502, grad_norm = 37.970
I0315 21:57:36.785097 140678935869184 logging_writer.py:48] [37] global_step=37, grad_norm=37.41, loss=21.8065
I0315 21:57:36.788454 140699076310208 submission.py:265] 37) loss = 21.807, grad_norm = 37.410
I0315 21:57:37.644781 140679221073664 logging_writer.py:48] [38] global_step=38, grad_norm=36.177, loss=21.6331
I0315 21:57:37.650743 140699076310208 submission.py:265] 38) loss = 21.633, grad_norm = 36.177
I0315 21:57:38.932506 140678935869184 logging_writer.py:48] [39] global_step=39, grad_norm=35.9965, loss=21.0317
I0315 21:57:38.935630 140699076310208 submission.py:265] 39) loss = 21.032, grad_norm = 35.997
I0315 21:57:40.431656 140679221073664 logging_writer.py:48] [40] global_step=40, grad_norm=34.7002, loss=21.4398
I0315 21:57:40.435627 140699076310208 submission.py:265] 40) loss = 21.440, grad_norm = 34.700
I0315 21:57:41.553617 140678935869184 logging_writer.py:48] [41] global_step=41, grad_norm=34.7487, loss=20.4184
I0315 21:57:41.556846 140699076310208 submission.py:265] 41) loss = 20.418, grad_norm = 34.749
I0315 21:57:42.410030 140679221073664 logging_writer.py:48] [42] global_step=42, grad_norm=34.0141, loss=19.6257
I0315 21:57:42.413169 140699076310208 submission.py:265] 42) loss = 19.626, grad_norm = 34.014
I0315 21:57:44.105545 140678935869184 logging_writer.py:48] [43] global_step=43, grad_norm=33.4048, loss=19.533
I0315 21:57:44.108933 140699076310208 submission.py:265] 43) loss = 19.533, grad_norm = 33.405
I0315 21:57:45.232632 140679221073664 logging_writer.py:48] [44] global_step=44, grad_norm=33.8389, loss=19.6469
I0315 21:57:45.236143 140699076310208 submission.py:265] 44) loss = 19.647, grad_norm = 33.839
I0315 21:57:46.458741 140678935869184 logging_writer.py:48] [45] global_step=45, grad_norm=32.2182, loss=18.3553
I0315 21:57:46.461989 140699076310208 submission.py:265] 45) loss = 18.355, grad_norm = 32.218
I0315 21:57:47.575487 140679221073664 logging_writer.py:48] [46] global_step=46, grad_norm=30.3026, loss=18.1035
I0315 21:57:47.579506 140699076310208 submission.py:265] 46) loss = 18.103, grad_norm = 30.303
I0315 21:57:48.749419 140678935869184 logging_writer.py:48] [47] global_step=47, grad_norm=29.7752, loss=17.3963
I0315 21:57:48.752990 140699076310208 submission.py:265] 47) loss = 17.396, grad_norm = 29.775
I0315 21:57:49.944462 140679221073664 logging_writer.py:48] [48] global_step=48, grad_norm=30.5103, loss=17.3633
I0315 21:57:49.947778 140699076310208 submission.py:265] 48) loss = 17.363, grad_norm = 30.510
I0315 21:57:51.271697 140678935869184 logging_writer.py:48] [49] global_step=49, grad_norm=28.64, loss=16.6633
I0315 21:57:51.275281 140699076310208 submission.py:265] 49) loss = 16.663, grad_norm = 28.640
I0315 21:57:52.452265 140679221073664 logging_writer.py:48] [50] global_step=50, grad_norm=28.112, loss=16.3291
I0315 21:57:52.456014 140699076310208 submission.py:265] 50) loss = 16.329, grad_norm = 28.112
I0315 21:57:54.059567 140678935869184 logging_writer.py:48] [51] global_step=51, grad_norm=27.258, loss=16.3009
I0315 21:57:54.063267 140699076310208 submission.py:265] 51) loss = 16.301, grad_norm = 27.258
I0315 21:57:55.001328 140679221073664 logging_writer.py:48] [52] global_step=52, grad_norm=24.777, loss=15.5382
I0315 21:57:55.004811 140699076310208 submission.py:265] 52) loss = 15.538, grad_norm = 24.777
I0315 21:57:56.297129 140678935869184 logging_writer.py:48] [53] global_step=53, grad_norm=25.8071, loss=15.3762
I0315 21:57:56.300973 140699076310208 submission.py:265] 53) loss = 15.376, grad_norm = 25.807
I0315 21:57:57.305549 140679221073664 logging_writer.py:48] [54] global_step=54, grad_norm=23.5483, loss=14.9869
I0315 21:57:57.309023 140699076310208 submission.py:265] 54) loss = 14.987, grad_norm = 23.548
I0315 21:57:58.674448 140678935869184 logging_writer.py:48] [55] global_step=55, grad_norm=23.4491, loss=15.0025
I0315 21:57:58.678287 140699076310208 submission.py:265] 55) loss = 15.003, grad_norm = 23.449
I0315 21:57:59.944091 140679221073664 logging_writer.py:48] [56] global_step=56, grad_norm=22.8175, loss=14.3469
I0315 21:57:59.947519 140699076310208 submission.py:265] 56) loss = 14.347, grad_norm = 22.817
I0315 21:58:01.443290 140678935869184 logging_writer.py:48] [57] global_step=57, grad_norm=20.6398, loss=13.7536
I0315 21:58:01.446527 140699076310208 submission.py:265] 57) loss = 13.754, grad_norm = 20.640
I0315 21:58:02.303897 140679221073664 logging_writer.py:48] [58] global_step=58, grad_norm=19.5279, loss=13.7904
I0315 21:58:02.307101 140699076310208 submission.py:265] 58) loss = 13.790, grad_norm = 19.528
I0315 21:58:03.572276 140678935869184 logging_writer.py:48] [59] global_step=59, grad_norm=21.0024, loss=13.6661
I0315 21:58:03.575708 140699076310208 submission.py:265] 59) loss = 13.666, grad_norm = 21.002
I0315 21:58:04.759750 140679221073664 logging_writer.py:48] [60] global_step=60, grad_norm=18.3225, loss=13.4354
I0315 21:58:04.763231 140699076310208 submission.py:265] 60) loss = 13.435, grad_norm = 18.323
I0315 21:58:06.312369 140678935869184 logging_writer.py:48] [61] global_step=61, grad_norm=18.0686, loss=12.6685
I0315 21:58:06.315841 140699076310208 submission.py:265] 61) loss = 12.669, grad_norm = 18.069
I0315 21:58:07.175615 140679221073664 logging_writer.py:48] [62] global_step=62, grad_norm=17.8522, loss=12.665
I0315 21:58:07.179187 140699076310208 submission.py:265] 62) loss = 12.665, grad_norm = 17.852
I0315 21:58:08.713642 140678935869184 logging_writer.py:48] [63] global_step=63, grad_norm=17.0218, loss=12.1811
I0315 21:58:08.716975 140699076310208 submission.py:265] 63) loss = 12.181, grad_norm = 17.022
I0315 21:58:09.767155 140679221073664 logging_writer.py:48] [64] global_step=64, grad_norm=16.2057, loss=11.8082
I0315 21:58:09.770646 140699076310208 submission.py:265] 64) loss = 11.808, grad_norm = 16.206
I0315 21:58:10.897341 140678935869184 logging_writer.py:48] [65] global_step=65, grad_norm=13.3807, loss=11.964
I0315 21:58:10.901026 140699076310208 submission.py:265] 65) loss = 11.964, grad_norm = 13.381
I0315 21:58:11.764503 140679221073664 logging_writer.py:48] [66] global_step=66, grad_norm=14.093, loss=11.4562
I0315 21:58:11.768038 140699076310208 submission.py:265] 66) loss = 11.456, grad_norm = 14.093
I0315 21:58:13.610150 140678935869184 logging_writer.py:48] [67] global_step=67, grad_norm=14.4172, loss=11.3117
I0315 21:58:13.613668 140699076310208 submission.py:265] 67) loss = 11.312, grad_norm = 14.417
I0315 21:58:14.477474 140679221073664 logging_writer.py:48] [68] global_step=68, grad_norm=12.966, loss=11.0504
I0315 21:58:14.481209 140699076310208 submission.py:265] 68) loss = 11.050, grad_norm = 12.966
I0315 21:58:15.574050 140678935869184 logging_writer.py:48] [69] global_step=69, grad_norm=11.797, loss=10.8261
I0315 21:58:15.577442 140699076310208 submission.py:265] 69) loss = 10.826, grad_norm = 11.797
I0315 21:58:16.433295 140679221073664 logging_writer.py:48] [70] global_step=70, grad_norm=11.5864, loss=10.7743
I0315 21:58:16.436610 140699076310208 submission.py:265] 70) loss = 10.774, grad_norm = 11.586
I0315 21:58:18.442780 140678935869184 logging_writer.py:48] [71] global_step=71, grad_norm=11.3737, loss=10.4199
I0315 21:58:18.446171 140699076310208 submission.py:265] 71) loss = 10.420, grad_norm = 11.374
I0315 21:58:19.304390 140679221073664 logging_writer.py:48] [72] global_step=72, grad_norm=11.3805, loss=10.7453
I0315 21:58:19.308152 140699076310208 submission.py:265] 72) loss = 10.745, grad_norm = 11.380
I0315 21:58:20.498098 140678935869184 logging_writer.py:48] [73] global_step=73, grad_norm=10.4799, loss=10.3873
I0315 21:58:20.501642 140699076310208 submission.py:265] 73) loss = 10.387, grad_norm = 10.480
I0315 21:58:21.350358 140679221073664 logging_writer.py:48] [74] global_step=74, grad_norm=10.4548, loss=10.4324
I0315 21:58:21.353996 140699076310208 submission.py:265] 74) loss = 10.432, grad_norm = 10.455
I0315 21:58:23.270592 140678935869184 logging_writer.py:48] [75] global_step=75, grad_norm=8.95109, loss=9.83329
I0315 21:58:23.274270 140699076310208 submission.py:265] 75) loss = 9.833, grad_norm = 8.951
I0315 21:58:24.205058 140679221073664 logging_writer.py:48] [76] global_step=76, grad_norm=9.11554, loss=9.87912
I0315 21:58:24.208372 140699076310208 submission.py:265] 76) loss = 9.879, grad_norm = 9.116
I0315 21:58:25.351155 140678935869184 logging_writer.py:48] [77] global_step=77, grad_norm=9.09674, loss=9.75602
I0315 21:58:25.354648 140699076310208 submission.py:265] 77) loss = 9.756, grad_norm = 9.097
I0315 21:58:26.215069 140679221073664 logging_writer.py:48] [78] global_step=78, grad_norm=8.70247, loss=9.38367
I0315 21:58:26.218569 140699076310208 submission.py:265] 78) loss = 9.384, grad_norm = 8.702
I0315 21:58:28.613925 140678935869184 logging_writer.py:48] [79] global_step=79, grad_norm=8.76562, loss=9.3345
I0315 21:58:28.617858 140699076310208 submission.py:265] 79) loss = 9.335, grad_norm = 8.766
I0315 21:58:29.477361 140679221073664 logging_writer.py:48] [80] global_step=80, grad_norm=8.54542, loss=9.32418
I0315 21:58:29.480776 140699076310208 submission.py:265] 80) loss = 9.324, grad_norm = 8.545
I0315 21:58:30.338682 140678935869184 logging_writer.py:48] [81] global_step=81, grad_norm=7.37245, loss=8.9132
I0315 21:58:30.342022 140699076310208 submission.py:265] 81) loss = 8.913, grad_norm = 7.372
I0315 21:58:31.206917 140679221073664 logging_writer.py:48] [82] global_step=82, grad_norm=8.54467, loss=9.25939
I0315 21:58:31.210220 140699076310208 submission.py:265] 82) loss = 9.259, grad_norm = 8.545
I0315 21:58:33.405676 140678935869184 logging_writer.py:48] [83] global_step=83, grad_norm=6.99067, loss=8.80409
I0315 21:58:33.409090 140699076310208 submission.py:265] 83) loss = 8.804, grad_norm = 6.991
I0315 21:58:34.513475 140679221073664 logging_writer.py:48] [84] global_step=84, grad_norm=6.85297, loss=8.74295
I0315 21:58:34.516796 140699076310208 submission.py:265] 84) loss = 8.743, grad_norm = 6.853
I0315 21:58:35.375791 140678935869184 logging_writer.py:48] [85] global_step=85, grad_norm=6.89155, loss=8.55813
I0315 21:58:35.379441 140699076310208 submission.py:265] 85) loss = 8.558, grad_norm = 6.892
I0315 21:58:36.243742 140679221073664 logging_writer.py:48] [86] global_step=86, grad_norm=6.5881, loss=8.62388
I0315 21:58:36.247162 140699076310208 submission.py:265] 86) loss = 8.624, grad_norm = 6.588
I0315 21:58:38.422520 140678935869184 logging_writer.py:48] [87] global_step=87, grad_norm=6.50336, loss=8.61922
I0315 21:58:38.426009 140699076310208 submission.py:265] 87) loss = 8.619, grad_norm = 6.503
I0315 21:58:39.341967 140679221073664 logging_writer.py:48] [88] global_step=88, grad_norm=5.80727, loss=8.53654
I0315 21:58:39.345517 140699076310208 submission.py:265] 88) loss = 8.537, grad_norm = 5.807
I0315 21:58:40.197202 140678935869184 logging_writer.py:48] [89] global_step=89, grad_norm=6.03077, loss=8.36333
I0315 21:58:40.201092 140699076310208 submission.py:265] 89) loss = 8.363, grad_norm = 6.031
I0315 21:58:41.060823 140679221073664 logging_writer.py:48] [90] global_step=90, grad_norm=5.75901, loss=8.32583
I0315 21:58:41.064072 140699076310208 submission.py:265] 90) loss = 8.326, grad_norm = 5.759
I0315 21:58:43.634564 140678935869184 logging_writer.py:48] [91] global_step=91, grad_norm=6.3536, loss=8.20014
I0315 21:58:43.637933 140699076310208 submission.py:265] 91) loss = 8.200, grad_norm = 6.354
I0315 21:58:44.501503 140679221073664 logging_writer.py:48] [92] global_step=92, grad_norm=5.38914, loss=8.15475
I0315 21:58:44.504943 140699076310208 submission.py:265] 92) loss = 8.155, grad_norm = 5.389
I0315 21:58:45.363043 140678935869184 logging_writer.py:48] [93] global_step=93, grad_norm=5.58861, loss=8.36677
I0315 21:58:45.366453 140699076310208 submission.py:265] 93) loss = 8.367, grad_norm = 5.589
I0315 21:58:46.225426 140679221073664 logging_writer.py:48] [94] global_step=94, grad_norm=5.02654, loss=8.00825
I0315 21:58:46.228727 140699076310208 submission.py:265] 94) loss = 8.008, grad_norm = 5.027
I0315 21:58:48.361537 140678935869184 logging_writer.py:48] [95] global_step=95, grad_norm=5.31254, loss=8.07174
I0315 21:58:48.364925 140699076310208 submission.py:265] 95) loss = 8.072, grad_norm = 5.313
I0315 21:58:49.225144 140679221073664 logging_writer.py:48] [96] global_step=96, grad_norm=4.77563, loss=7.98452
I0315 21:58:49.228579 140699076310208 submission.py:265] 96) loss = 7.985, grad_norm = 4.776
I0315 21:58:50.091477 140678935869184 logging_writer.py:48] [97] global_step=97, grad_norm=3.83662, loss=7.80698
I0315 21:58:50.094889 140699076310208 submission.py:265] 97) loss = 7.807, grad_norm = 3.837
