/usr/local/lib/python3.11/multiprocessing/popen_fork.py:66: RuntimeWarning: os.fork() was called. os.fork() is incompatible with multithreaded code, and JAX is multithreaded, so this will likely lead to a deadlock.
  self.pid = os.fork()
/usr/local/lib/python3.11/multiprocessing/popen_fork.py:66: RuntimeWarning: os.fork() was called. os.fork() is incompatible with multithreaded code, and JAX is multithreaded, so this will likely lead to a deadlock.
  self.pid = os.fork()
/usr/local/lib/python3.11/multiprocessing/popen_fork.py:66: RuntimeWarning: os.fork() was called. os.fork() is incompatible with multithreaded code, and JAX is multithreaded, so this will likely lead to a deadlock.
  self.pid = os.fork()
/usr/local/lib/python3.11/multiprocessing/popen_fork.py:66: RuntimeWarning: os.fork() was called. os.fork() is incompatible with multithreaded code, and JAX is multithreaded, so this will likely lead to a deadlock.
  self.pid = os.fork()
/usr/local/lib/python3.11/multiprocessing/popen_fork.py:66: RuntimeWarning: os.fork() was called. os.fork() is incompatible with multithreaded code, and JAX is multithreaded, so this will likely lead to a deadlock.
  self.pid = os.fork()
/usr/local/lib/python3.11/multiprocessing/popen_fork.py:66: RuntimeWarning: os.fork() was called. os.fork() is incompatible with multithreaded code, and JAX is multithreaded, so this will likely lead to a deadlock.
  self.pid = os.fork()
/usr/local/lib/python3.11/multiprocessing/popen_fork.py:66: RuntimeWarning: os.fork() was called. os.fork() is incompatible with multithreaded code, and JAX is multithreaded, so this will likely lead to a deadlock.
  self.pid = os.fork()
/usr/local/lib/python3.11/multiprocessing/popen_fork.py:66: RuntimeWarning: os.fork() was called. os.fork() is incompatible with multithreaded code, and JAX is multithreaded, so this will likely lead to a deadlock.
  self.pid = os.fork()
/algorithmic-efficiency/algoperf/workloads/librispeech_conformer/librispeech_pytorch/preprocessor.py:488: UserWarning: Specified kernel cache directory could not be created! This disables kernel caching. Specified directory is /root/.cache/torch/kernels. This warning will appear only once per process. (Triggered internally at ../aten/src/ATen/native/cuda/jit_utils.cpp:1442.)
  spectrum = torch.abs(spectrum)
/algorithmic-efficiency/algoperf/workloads/librispeech_conformer/librispeech_pytorch/preprocessor.py:488: UserWarning: Specified kernel cache directory could not be created! This disables kernel caching. Specified directory is /root/.cache/torch/kernels. This warning will appear only once per process. (Triggered internally at ../aten/src/ATen/native/cuda/jit_utils.cpp:1442.)
  spectrum = torch.abs(spectrum)
/algorithmic-efficiency/algoperf/workloads/librispeech_conformer/librispeech_pytorch/preprocessor.py:488: UserWarning: Specified kernel cache directory could not be created! This disables kernel caching. Specified directory is /root/.cache/torch/kernels. This warning will appear only once per process. (Triggered internally at ../aten/src/ATen/native/cuda/jit_utils.cpp:1442.)
  spectrum = torch.abs(spectrum)
/algorithmic-efficiency/algoperf/workloads/librispeech_conformer/librispeech_pytorch/preprocessor.py:488: UserWarning: Specified kernel cache directory could not be created! This disables kernel caching. Specified directory is /root/.cache/torch/kernels. This warning will appear only once per process. (Triggered internally at ../aten/src/ATen/native/cuda/jit_utils.cpp:1442.)
  spectrum = torch.abs(spectrum)
/algorithmic-efficiency/algoperf/workloads/librispeech_conformer/librispeech_pytorch/preprocessor.py:488: UserWarning: Specified kernel cache directory could not be created! This disables kernel caching. Specified directory is /root/.cache/torch/kernels. This warning will appear only once per process. (Triggered internally at ../aten/src/ATen/native/cuda/jit_utils.cpp:1442.)
  spectrum = torch.abs(spectrum)
/algorithmic-efficiency/algoperf/workloads/librispeech_conformer/librispeech_pytorch/preprocessor.py:488: UserWarning: Specified kernel cache directory could not be created! This disables kernel caching. Specified directory is /root/.cache/torch/kernels. This warning will appear only once per process. (Triggered internally at ../aten/src/ATen/native/cuda/jit_utils.cpp:1442.)
  spectrum = torch.abs(spectrum)
/algorithmic-efficiency/algoperf/workloads/librispeech_conformer/librispeech_pytorch/preprocessor.py:488: UserWarning: Specified kernel cache directory could not be created! This disables kernel caching. Specified directory is /root/.cache/torch/kernels. This warning will appear only once per process. (Triggered internally at ../aten/src/ATen/native/cuda/jit_utils.cpp:1442.)
  spectrum = torch.abs(spectrum)
I0315 21:44:04.998041 139835142567680 logging_writer.py:48] [0] global_step=0, grad_norm=22.0198, loss=33.6347
I0315 21:44:05.020396 139854132851904 submission.py:265] 0) loss = 33.635, grad_norm = 22.020
I0315 21:44:05.566486 139854132851904 spec.py:321] Evaluating on the training split.
I0315 21:44:05.567445 139854132851904 input_pipeline.py:20] Loading split = train-clean-100
I0315 21:44:05.594608 139854132851904 input_pipeline.py:20] Loading split = train-clean-360
I0315 21:44:05.689085 139854132851904 input_pipeline.py:20] Loading split = train-other-500
/usr/local/lib/python3.11/multiprocessing/popen_fork.py:66: RuntimeWarning: os.fork() was called. os.fork() is incompatible with multithreaded code, and JAX is multithreaded, so this will likely lead to a deadlock.
  self.pid = os.fork()
/usr/local/lib/python3.11/multiprocessing/popen_fork.py:66: RuntimeWarning: os.fork() was called. os.fork() is incompatible with multithreaded code, and JAX is multithreaded, so this will likely lead to a deadlock.
  self.pid = os.fork()
/usr/local/lib/python3.11/multiprocessing/popen_fork.py:66: RuntimeWarning: os.fork() was called. os.fork() is incompatible with multithreaded code, and JAX is multithreaded, so this will likely lead to a deadlock.
  self.pid = os.fork()
/usr/local/lib/python3.11/multiprocessing/popen_fork.py:66: RuntimeWarning: os.fork() was called. os.fork() is incompatible with multithreaded code, and JAX is multithreaded, so this will likely lead to a deadlock.
  self.pid = os.fork()
/usr/local/lib/python3.11/multiprocessing/popen_fork.py:66: RuntimeWarning: os.fork() was called. os.fork() is incompatible with multithreaded code, and JAX is multithreaded, so this will likely lead to a deadlock.
  self.pid = os.fork()
/usr/local/lib/python3.11/multiprocessing/popen_fork.py:66: RuntimeWarning: os.fork() was called. os.fork() is incompatible with multithreaded code, and JAX is multithreaded, so this will likely lead to a deadlock.
  self.pid = os.fork()
/usr/local/lib/python3.11/multiprocessing/popen_fork.py:66: RuntimeWarning: os.fork() was called. os.fork() is incompatible with multithreaded code, and JAX is multithreaded, so this will likely lead to a deadlock.
  self.pid = os.fork()
/usr/local/lib/python3.11/multiprocessing/popen_fork.py:66: RuntimeWarning: os.fork() was called. os.fork() is incompatible with multithreaded code, and JAX is multithreaded, so this will likely lead to a deadlock.
  self.pid = os.fork()
I0315 21:44:42.268256 139854132851904 spec.py:333] Evaluating on the validation split.
I0315 21:44:42.269682 139854132851904 input_pipeline.py:20] Loading split = dev-clean
I0315 21:44:42.312381 139854132851904 input_pipeline.py:20] Loading split = dev-other
/usr/local/lib/python3.11/multiprocessing/popen_fork.py:66: RuntimeWarning: os.fork() was called. os.fork() is incompatible with multithreaded code, and JAX is multithreaded, so this will likely lead to a deadlock.
  self.pid = os.fork()
/usr/local/lib/python3.11/multiprocessing/popen_fork.py:66: RuntimeWarning: os.fork() was called. os.fork() is incompatible with multithreaded code, and JAX is multithreaded, so this will likely lead to a deadlock.
  self.pid = os.fork()
/usr/local/lib/python3.11/multiprocessing/popen_fork.py:66: RuntimeWarning: os.fork() was called. os.fork() is incompatible with multithreaded code, and JAX is multithreaded, so this will likely lead to a deadlock.
  self.pid = os.fork()
/usr/local/lib/python3.11/multiprocessing/popen_fork.py:66: RuntimeWarning: os.fork() was called. os.fork() is incompatible with multithreaded code, and JAX is multithreaded, so this will likely lead to a deadlock.
  self.pid = os.fork()
/usr/local/lib/python3.11/multiprocessing/popen_fork.py:66: RuntimeWarning: os.fork() was called. os.fork() is incompatible with multithreaded code, and JAX is multithreaded, so this will likely lead to a deadlock.
  self.pid = os.fork()
/usr/local/lib/python3.11/multiprocessing/popen_fork.py:66: RuntimeWarning: os.fork() was called. os.fork() is incompatible with multithreaded code, and JAX is multithreaded, so this will likely lead to a deadlock.
  self.pid = os.fork()
/usr/local/lib/python3.11/multiprocessing/popen_fork.py:66: RuntimeWarning: os.fork() was called. os.fork() is incompatible with multithreaded code, and JAX is multithreaded, so this will likely lead to a deadlock.
  self.pid = os.fork()
/usr/local/lib/python3.11/multiprocessing/popen_fork.py:66: RuntimeWarning: os.fork() was called. os.fork() is incompatible with multithreaded code, and JAX is multithreaded, so this will likely lead to a deadlock.
  self.pid = os.fork()
I0315 21:45:04.739255 139854132851904 spec.py:349] Evaluating on the test split.
I0315 21:45:04.740481 139854132851904 input_pipeline.py:20] Loading split = test-clean
I0315 21:45:17.026617 139854132851904 submission_runner.py:469] Time since start: 155.99s, 	Step: 1, 	{'train/ctc_loss': 32.2030871640207, 'train/wer': 2.489979252435938, 'validation/ctc_loss': 31.204958966954806, 'validation/wer': 2.350620383334138, 'validation/num_examples': 5348, 'test/ctc_loss': 31.23872021250658, 'test/wer': 2.4326569577316026, 'test/num_examples': 2472, 'score': 83.98095393180847, 'total_duration': 155.9855420589447, 'accumulated_submission_time': 83.98095393180847, 'accumulated_eval_time': 71.45974493026733, 'accumulated_logging_time': 0}
I0315 21:45:17.045341 139834555340544 logging_writer.py:48] [1] accumulated_eval_time=71.4597, accumulated_logging_time=0, accumulated_submission_time=83.981, global_step=1, preemption_count=0, score=83.981, test/ctc_loss=31.2387, test/num_examples=2472, test/wer=2.43266, total_duration=155.986, train/ctc_loss=32.2031, train/wer=2.48998, validation/ctc_loss=31.205, validation/num_examples=5348, validation/wer=2.35062
I0315 21:45:18.719961 139834463086336 logging_writer.py:48] [1] global_step=1, grad_norm=19.4902, loss=32.5397
I0315 21:45:18.723556 139854132851904 submission.py:265] 1) loss = 32.540, grad_norm = 19.490
I0315 21:45:19.603413 139834555340544 logging_writer.py:48] [2] global_step=2, grad_norm=24.7239, loss=33.1015
I0315 21:45:19.606872 139854132851904 submission.py:265] 2) loss = 33.101, grad_norm = 24.724
I0315 21:45:20.482779 139834463086336 logging_writer.py:48] [3] global_step=3, grad_norm=33.4022, loss=31.9926
I0315 21:45:20.486459 139854132851904 submission.py:265] 3) loss = 31.993, grad_norm = 33.402
I0315 21:45:21.361647 139834555340544 logging_writer.py:48] [4] global_step=4, grad_norm=42.4101, loss=29.651
I0315 21:45:21.365213 139854132851904 submission.py:265] 4) loss = 29.651, grad_norm = 42.410
I0315 21:45:22.231495 139834463086336 logging_writer.py:48] [5] global_step=5, grad_norm=47.6159, loss=26.3927
I0315 21:45:22.235023 139854132851904 submission.py:265] 5) loss = 26.393, grad_norm = 47.616
I0315 21:45:23.114297 139834555340544 logging_writer.py:48] [6] global_step=6, grad_norm=31.2722, loss=22.7845
I0315 21:45:23.118323 139854132851904 submission.py:265] 6) loss = 22.784, grad_norm = 31.272
I0315 21:45:23.993229 139834463086336 logging_writer.py:48] [7] global_step=7, grad_norm=23.098, loss=20.5868
I0315 21:45:23.999336 139854132851904 submission.py:265] 7) loss = 20.587, grad_norm = 23.098
I0315 21:45:24.872175 139834555340544 logging_writer.py:48] [8] global_step=8, grad_norm=20.4629, loss=18.2891
I0315 21:45:24.875796 139854132851904 submission.py:265] 8) loss = 18.289, grad_norm = 20.463
I0315 21:45:25.741935 139834463086336 logging_writer.py:48] [9] global_step=9, grad_norm=18.8777, loss=16.7277
I0315 21:45:25.745601 139854132851904 submission.py:265] 9) loss = 16.728, grad_norm = 18.878
I0315 21:45:26.620555 139834555340544 logging_writer.py:48] [10] global_step=10, grad_norm=15.0765, loss=14.5111
I0315 21:45:26.624444 139854132851904 submission.py:265] 10) loss = 14.511, grad_norm = 15.076
I0315 21:45:27.502321 139834463086336 logging_writer.py:48] [11] global_step=11, grad_norm=12.8415, loss=13.15
I0315 21:45:27.506125 139854132851904 submission.py:265] 11) loss = 13.150, grad_norm = 12.841
I0315 21:45:28.375722 139834555340544 logging_writer.py:48] [12] global_step=12, grad_norm=10.9541, loss=11.9075
I0315 21:45:28.379224 139854132851904 submission.py:265] 12) loss = 11.907, grad_norm = 10.954
I0315 21:45:29.250077 139834463086336 logging_writer.py:48] [13] global_step=13, grad_norm=9.64342, loss=11.3635
I0315 21:45:29.253399 139854132851904 submission.py:265] 13) loss = 11.363, grad_norm = 9.643
I0315 21:45:30.136147 139834555340544 logging_writer.py:48] [14] global_step=14, grad_norm=10.5021, loss=10.72
I0315 21:45:30.140281 139854132851904 submission.py:265] 14) loss = 10.720, grad_norm = 10.502
I0315 21:45:31.007870 139834463086336 logging_writer.py:48] [15] global_step=15, grad_norm=20.5212, loss=10.1583
I0315 21:45:31.011419 139854132851904 submission.py:265] 15) loss = 10.158, grad_norm = 20.521
I0315 21:45:31.886983 139834555340544 logging_writer.py:48] [16] global_step=16, grad_norm=9.99105, loss=10.1153
I0315 21:45:31.890372 139854132851904 submission.py:265] 16) loss = 10.115, grad_norm = 9.991
I0315 21:45:32.761802 139834463086336 logging_writer.py:48] [17] global_step=17, grad_norm=9.49316, loss=9.63495
I0315 21:45:32.765928 139854132851904 submission.py:265] 17) loss = 9.635, grad_norm = 9.493
I0315 21:45:33.637688 139834555340544 logging_writer.py:48] [18] global_step=18, grad_norm=7.48147, loss=9.25433
I0315 21:45:33.641638 139854132851904 submission.py:265] 18) loss = 9.254, grad_norm = 7.481
I0315 21:45:35.491054 139834463086336 logging_writer.py:48] [19] global_step=19, grad_norm=11.7988, loss=8.98047
I0315 21:45:35.494845 139854132851904 submission.py:265] 19) loss = 8.980, grad_norm = 11.799
I0315 21:45:36.501432 139834555340544 logging_writer.py:48] [20] global_step=20, grad_norm=37.0262, loss=9.42865
I0315 21:45:36.504785 139854132851904 submission.py:265] 20) loss = 9.429, grad_norm = 37.026
I0315 21:45:37.528247 139834463086336 logging_writer.py:48] [21] global_step=21, grad_norm=7.58619, loss=9.34249
I0315 21:45:37.532334 139854132851904 submission.py:265] 21) loss = 9.342, grad_norm = 7.586
I0315 21:45:38.524289 139834555340544 logging_writer.py:48] [22] global_step=22, grad_norm=8.55073, loss=9.21358
I0315 21:45:38.527970 139854132851904 submission.py:265] 22) loss = 9.214, grad_norm = 8.551
I0315 21:45:40.308572 139834463086336 logging_writer.py:48] [23] global_step=23, grad_norm=7.72714, loss=8.80475
I0315 21:45:40.312111 139854132851904 submission.py:265] 23) loss = 8.805, grad_norm = 7.727
I0315 21:45:41.319377 139834555340544 logging_writer.py:48] [24] global_step=24, grad_norm=5.75384, loss=8.53823
I0315 21:45:41.323150 139854132851904 submission.py:265] 24) loss = 8.538, grad_norm = 5.754
I0315 21:45:42.944345 139834463086336 logging_writer.py:48] [25] global_step=25, grad_norm=10.008, loss=8.60205
I0315 21:45:42.947932 139854132851904 submission.py:265] 25) loss = 8.602, grad_norm = 10.008
I0315 21:45:43.816752 139834555340544 logging_writer.py:48] [26] global_step=26, grad_norm=7.71736, loss=8.27442
I0315 21:45:43.820149 139854132851904 submission.py:265] 26) loss = 8.274, grad_norm = 7.717
I0315 21:45:45.017013 139834463086336 logging_writer.py:48] [27] global_step=27, grad_norm=3.2269, loss=7.65449
I0315 21:45:45.021126 139854132851904 submission.py:265] 27) loss = 7.654, grad_norm = 3.227
I0315 21:45:46.342081 139834555340544 logging_writer.py:48] [28] global_step=28, grad_norm=5.71056, loss=7.64747
I0315 21:45:46.345883 139854132851904 submission.py:265] 28) loss = 7.647, grad_norm = 5.711
I0315 21:45:48.057829 139834463086336 logging_writer.py:48] [29] global_step=29, grad_norm=5.36479, loss=7.48626
I0315 21:45:48.061118 139854132851904 submission.py:265] 29) loss = 7.486, grad_norm = 5.365
I0315 21:45:48.933407 139834555340544 logging_writer.py:48] [30] global_step=30, grad_norm=7.13382, loss=7.3587
I0315 21:45:48.937005 139854132851904 submission.py:265] 30) loss = 7.359, grad_norm = 7.134
I0315 21:45:50.266656 139834463086336 logging_writer.py:48] [31] global_step=31, grad_norm=9.87369, loss=7.5173
I0315 21:45:50.270826 139854132851904 submission.py:265] 31) loss = 7.517, grad_norm = 9.874
I0315 21:45:51.241438 139834555340544 logging_writer.py:48] [32] global_step=32, grad_norm=12.373, loss=7.2787
I0315 21:45:51.245093 139854132851904 submission.py:265] 32) loss = 7.279, grad_norm = 12.373
I0315 21:45:52.770680 139834463086336 logging_writer.py:48] [33] global_step=33, grad_norm=16.6966, loss=7.64696
I0315 21:45:52.774344 139854132851904 submission.py:265] 33) loss = 7.647, grad_norm = 16.697
I0315 21:45:53.855972 139834555340544 logging_writer.py:48] [34] global_step=34, grad_norm=18.6828, loss=7.38941
I0315 21:45:53.859976 139854132851904 submission.py:265] 34) loss = 7.389, grad_norm = 18.683
I0315 21:45:55.008671 139834463086336 logging_writer.py:48] [35] global_step=35, grad_norm=15.4013, loss=8.15452
I0315 21:45:55.012567 139854132851904 submission.py:265] 35) loss = 8.155, grad_norm = 15.401
I0315 21:45:55.909344 139834555340544 logging_writer.py:48] [36] global_step=36, grad_norm=3.1328, loss=6.76188
I0315 21:45:55.913416 139854132851904 submission.py:265] 36) loss = 6.762, grad_norm = 3.133
I0315 21:45:57.638800 139834463086336 logging_writer.py:48] [37] global_step=37, grad_norm=8.7028, loss=6.8048
I0315 21:45:57.642125 139854132851904 submission.py:265] 37) loss = 6.805, grad_norm = 8.703
I0315 21:45:58.684957 139834555340544 logging_writer.py:48] [38] global_step=38, grad_norm=16.3975, loss=6.97703
I0315 21:45:58.688160 139854132851904 submission.py:265] 38) loss = 6.977, grad_norm = 16.398
I0315 21:45:59.588391 139834463086336 logging_writer.py:48] [39] global_step=39, grad_norm=28.1442, loss=8.51178
I0315 21:45:59.591762 139854132851904 submission.py:265] 39) loss = 8.512, grad_norm = 28.144
I0315 21:46:00.780949 139834555340544 logging_writer.py:48] [40] global_step=40, grad_norm=14.7167, loss=9.25362
I0315 21:46:00.784330 139854132851904 submission.py:265] 40) loss = 9.254, grad_norm = 14.717
I0315 21:46:02.250730 139834463086336 logging_writer.py:48] [41] global_step=41, grad_norm=17.3761, loss=7.92682
I0315 21:46:02.254144 139854132851904 submission.py:265] 41) loss = 7.927, grad_norm = 17.376
I0315 21:46:03.688352 139834555340544 logging_writer.py:48] [42] global_step=42, grad_norm=22.3527, loss=8.21343
I0315 21:46:03.691821 139854132851904 submission.py:265] 42) loss = 8.213, grad_norm = 22.353
I0315 21:46:04.699083 139834463086336 logging_writer.py:48] [43] global_step=43, grad_norm=14.5683, loss=7.78873
I0315 21:46:04.702658 139854132851904 submission.py:265] 43) loss = 7.789, grad_norm = 14.568
I0315 21:46:05.860529 139834555340544 logging_writer.py:48] [44] global_step=44, grad_norm=7.17589, loss=6.93378
I0315 21:46:05.863797 139854132851904 submission.py:265] 44) loss = 6.934, grad_norm = 7.176
I0315 21:46:07.308918 139834463086336 logging_writer.py:48] [45] global_step=45, grad_norm=4.35493, loss=6.75012
I0315 21:46:07.312812 139854132851904 submission.py:265] 45) loss = 6.750, grad_norm = 4.355
I0315 21:46:08.384984 139834555340544 logging_writer.py:48] [46] global_step=46, grad_norm=6.92178, loss=6.92521
I0315 21:46:08.388354 139854132851904 submission.py:265] 46) loss = 6.925, grad_norm = 6.922
I0315 21:46:09.323857 139834463086336 logging_writer.py:48] [47] global_step=47, grad_norm=4.18941, loss=6.77195
I0315 21:46:09.327316 139854132851904 submission.py:265] 47) loss = 6.772, grad_norm = 4.189
I0315 21:46:10.897202 139834555340544 logging_writer.py:48] [48] global_step=48, grad_norm=2.92821, loss=6.73361
I0315 21:46:10.900586 139854132851904 submission.py:265] 48) loss = 6.734, grad_norm = 2.928
I0315 21:46:12.342898 139834463086336 logging_writer.py:48] [49] global_step=49, grad_norm=7.46534, loss=6.76579
I0315 21:46:12.346133 139854132851904 submission.py:265] 49) loss = 6.766, grad_norm = 7.465
I0315 21:46:13.220026 139834555340544 logging_writer.py:48] [50] global_step=50, grad_norm=12.5215, loss=7.02774
I0315 21:46:13.223478 139854132851904 submission.py:265] 50) loss = 7.028, grad_norm = 12.521
I0315 21:46:14.431514 139834463086336 logging_writer.py:48] [51] global_step=51, grad_norm=15.3396, loss=7.40704
I0315 21:46:14.435636 139854132851904 submission.py:265] 51) loss = 7.407, grad_norm = 15.340
I0315 21:46:15.850293 139834555340544 logging_writer.py:48] [52] global_step=52, grad_norm=18.9573, loss=7.48757
I0315 21:46:15.853757 139854132851904 submission.py:265] 52) loss = 7.488, grad_norm = 18.957
I0315 21:46:17.256947 139834463086336 logging_writer.py:48] [53] global_step=53, grad_norm=20.759, loss=8.71949
I0315 21:46:17.261155 139854132851904 submission.py:265] 53) loss = 8.719, grad_norm = 20.759
I0315 21:46:18.123715 139834555340544 logging_writer.py:48] [54] global_step=54, grad_norm=19.7706, loss=7.46081
I0315 21:46:18.127187 139854132851904 submission.py:265] 54) loss = 7.461, grad_norm = 19.771
I0315 21:46:19.382322 139834463086336 logging_writer.py:48] [55] global_step=55, grad_norm=18.5693, loss=8.41855
I0315 21:46:19.386076 139854132851904 submission.py:265] 55) loss = 8.419, grad_norm = 18.569
I0315 21:46:20.486106 139834555340544 logging_writer.py:48] [56] global_step=56, grad_norm=10.8651, loss=6.97568
I0315 21:46:20.489320 139854132851904 submission.py:265] 56) loss = 6.976, grad_norm = 10.865
I0315 21:46:22.113404 139834463086336 logging_writer.py:48] [57] global_step=57, grad_norm=7.58861, loss=7.00978
I0315 21:46:22.116755 139854132851904 submission.py:265] 57) loss = 7.010, grad_norm = 7.589
I0315 21:46:23.247773 139834555340544 logging_writer.py:48] [58] global_step=58, grad_norm=9.62098, loss=6.94845
I0315 21:46:23.251168 139854132851904 submission.py:265] 58) loss = 6.948, grad_norm = 9.621
I0315 21:46:24.559277 139834463086336 logging_writer.py:48] [59] global_step=59, grad_norm=11.0186, loss=7.14544
I0315 21:46:24.562835 139854132851904 submission.py:265] 59) loss = 7.145, grad_norm = 11.019
I0315 21:46:25.568278 139834555340544 logging_writer.py:48] [60] global_step=60, grad_norm=14.8537, loss=7.22433
I0315 21:46:25.571710 139854132851904 submission.py:265] 60) loss = 7.224, grad_norm = 14.854
I0315 21:46:26.902523 139834463086336 logging_writer.py:48] [61] global_step=61, grad_norm=15.0568, loss=8.0572
I0315 21:46:26.905966 139854132851904 submission.py:265] 61) loss = 8.057, grad_norm = 15.057
I0315 21:46:28.742052 139834555340544 logging_writer.py:48] [62] global_step=62, grad_norm=11.7051, loss=7.09839
I0315 21:46:28.745399 139854132851904 submission.py:265] 62) loss = 7.098, grad_norm = 11.705
I0315 21:46:29.622654 139834463086336 logging_writer.py:48] [63] global_step=63, grad_norm=12.9462, loss=7.41341
I0315 21:46:29.626230 139854132851904 submission.py:265] 63) loss = 7.413, grad_norm = 12.946
I0315 21:46:30.817269 139834555340544 logging_writer.py:48] [64] global_step=64, grad_norm=14.7212, loss=7.61702
I0315 21:46:30.820488 139854132851904 submission.py:265] 64) loss = 7.617, grad_norm = 14.721
I0315 21:46:31.891529 139834463086336 logging_writer.py:48] [65] global_step=65, grad_norm=12.9203, loss=7.43741
I0315 21:46:31.894895 139854132851904 submission.py:265] 65) loss = 7.437, grad_norm = 12.920
I0315 21:46:33.851264 139834555340544 logging_writer.py:48] [66] global_step=66, grad_norm=10.5432, loss=6.97028
I0315 21:46:33.854763 139854132851904 submission.py:265] 66) loss = 6.970, grad_norm = 10.543
I0315 21:46:34.724186 139834463086336 logging_writer.py:48] [67] global_step=67, grad_norm=8.60573, loss=6.98623
I0315 21:46:34.727380 139854132851904 submission.py:265] 67) loss = 6.986, grad_norm = 8.606
I0315 21:46:35.601389 139834555340544 logging_writer.py:48] [68] global_step=68, grad_norm=6.47845, loss=7.09038
I0315 21:46:35.604674 139854132851904 submission.py:265] 68) loss = 7.090, grad_norm = 6.478
I0315 21:46:36.776683 139834463086336 logging_writer.py:48] [69] global_step=69, grad_norm=3.18513, loss=6.72785
I0315 21:46:36.780052 139854132851904 submission.py:265] 69) loss = 6.728, grad_norm = 3.185
I0315 21:46:38.760859 139834555340544 logging_writer.py:48] [70] global_step=70, grad_norm=2.64129, loss=6.56993
I0315 21:46:38.764308 139854132851904 submission.py:265] 70) loss = 6.570, grad_norm = 2.641
I0315 21:46:39.639620 139834463086336 logging_writer.py:48] [71] global_step=71, grad_norm=5.77222, loss=6.74288
I0315 21:46:39.643068 139854132851904 submission.py:265] 71) loss = 6.743, grad_norm = 5.772
I0315 21:46:40.525263 139834555340544 logging_writer.py:48] [72] global_step=72, grad_norm=6.76795, loss=6.81895
I0315 21:46:40.528792 139854132851904 submission.py:265] 72) loss = 6.819, grad_norm = 6.768
I0315 21:46:41.564271 139834463086336 logging_writer.py:48] [73] global_step=73, grad_norm=12.7895, loss=7.30876
I0315 21:46:41.567638 139854132851904 submission.py:265] 73) loss = 7.309, grad_norm = 12.790
I0315 21:46:43.374829 139834555340544 logging_writer.py:48] [74] global_step=74, grad_norm=18.0526, loss=8.37199
I0315 21:46:43.379055 139854132851904 submission.py:265] 74) loss = 8.372, grad_norm = 18.053
I0315 21:46:44.255581 139834463086336 logging_writer.py:48] [75] global_step=75, grad_norm=20.2502, loss=8.11854
I0315 21:46:44.259148 139854132851904 submission.py:265] 75) loss = 8.119, grad_norm = 20.250
I0315 21:46:45.924966 139834555340544 logging_writer.py:48] [76] global_step=76, grad_norm=19.2807, loss=9.2167
I0315 21:46:45.928181 139854132851904 submission.py:265] 76) loss = 9.217, grad_norm = 19.281
I0315 21:46:46.805106 139834463086336 logging_writer.py:48] [77] global_step=77, grad_norm=11.3557, loss=7.62141
I0315 21:46:46.808684 139854132851904 submission.py:265] 77) loss = 7.621, grad_norm = 11.356
I0315 21:46:48.205524 139834555340544 logging_writer.py:48] [78] global_step=78, grad_norm=6.48796, loss=7.01689
I0315 21:46:48.208973 139854132851904 submission.py:265] 78) loss = 7.017, grad_norm = 6.488
I0315 21:46:49.079979 139834463086336 logging_writer.py:48] [79] global_step=79, grad_norm=5.35272, loss=7.00283
I0315 21:46:49.083502 139854132851904 submission.py:265] 79) loss = 7.003, grad_norm = 5.353
I0315 21:46:51.020039 139834555340544 logging_writer.py:48] [80] global_step=80, grad_norm=2.06749, loss=6.6865
I0315 21:46:51.023666 139854132851904 submission.py:265] 80) loss = 6.686, grad_norm = 2.067
I0315 21:46:51.896786 139834463086336 logging_writer.py:48] [81] global_step=81, grad_norm=2.26909, loss=6.78669
I0315 21:46:51.900452 139854132851904 submission.py:265] 81) loss = 6.787, grad_norm = 2.269
I0315 21:46:52.881877 139834555340544 logging_writer.py:48] [82] global_step=82, grad_norm=2.2434, loss=6.69349
I0315 21:46:52.885148 139854132851904 submission.py:265] 82) loss = 6.693, grad_norm = 2.243
I0315 21:46:53.757568 139834463086336 logging_writer.py:48] [83] global_step=83, grad_norm=1.52129, loss=6.63109
I0315 21:46:53.760759 139854132851904 submission.py:265] 83) loss = 6.631, grad_norm = 1.521
I0315 21:46:55.765309 139834555340544 logging_writer.py:48] [84] global_step=84, grad_norm=3.87002, loss=6.81219
I0315 21:46:55.769002 139854132851904 submission.py:265] 84) loss = 6.812, grad_norm = 3.870
I0315 21:46:56.638279 139834463086336 logging_writer.py:48] [85] global_step=85, grad_norm=7.45516, loss=6.91324
I0315 21:46:56.642260 139854132851904 submission.py:265] 85) loss = 6.913, grad_norm = 7.455
I0315 21:46:57.558866 139834555340544 logging_writer.py:48] [86] global_step=86, grad_norm=10.9616, loss=7.06953
I0315 21:46:57.562360 139854132851904 submission.py:265] 86) loss = 7.070, grad_norm = 10.962
I0315 21:46:58.433933 139834463086336 logging_writer.py:48] [87] global_step=87, grad_norm=13.2341, loss=7.70147
I0315 21:46:58.437224 139854132851904 submission.py:265] 87) loss = 7.701, grad_norm = 13.234
I0315 21:47:00.561085 139834555340544 logging_writer.py:48] [88] global_step=88, grad_norm=15.8047, loss=7.48823
I0315 21:47:00.565258 139854132851904 submission.py:265] 88) loss = 7.488, grad_norm = 15.805
I0315 21:47:01.434938 139834463086336 logging_writer.py:48] [89] global_step=89, grad_norm=15.369, loss=8.80203
I0315 21:47:01.438612 139854132851904 submission.py:265] 89) loss = 8.802, grad_norm = 15.369
I0315 21:47:02.613727 139834555340544 logging_writer.py:48] [90] global_step=90, grad_norm=12.6667, loss=7.14482
I0315 21:47:02.617424 139854132851904 submission.py:265] 90) loss = 7.145, grad_norm = 12.667
I0315 21:47:03.497390 139834463086336 logging_writer.py:48] [91] global_step=91, grad_norm=15.6891, loss=8.31919
I0315 21:47:03.500663 139854132851904 submission.py:265] 91) loss = 8.319, grad_norm = 15.689
I0315 21:47:05.938633 139834555340544 logging_writer.py:48] [92] global_step=92, grad_norm=22.1534, loss=8.71664
I0315 21:47:05.942644 139854132851904 submission.py:265] 92) loss = 8.717, grad_norm = 22.153
I0315 21:47:06.813453 139834463086336 logging_writer.py:48] [93] global_step=93, grad_norm=18.4474, loss=10.7061
I0315 21:47:06.817240 139854132851904 submission.py:265] 93) loss = 10.706, grad_norm = 18.447
I0315 21:47:07.775332 139834555340544 logging_writer.py:48] [94] global_step=94, grad_norm=2.79116, loss=6.69599
I0315 21:47:07.779029 139854132851904 submission.py:265] 94) loss = 6.696, grad_norm = 2.791
I0315 21:47:08.651378 139834463086336 logging_writer.py:48] [95] global_step=95, grad_norm=2.54412, loss=6.59812
I0315 21:47:08.655280 139854132851904 submission.py:265] 95) loss = 6.598, grad_norm = 2.544
I0315 21:47:10.525208 139834555340544 logging_writer.py:48] [96] global_step=96, grad_norm=1.08268, loss=6.85462
I0315 21:47:10.528775 139854132851904 submission.py:265] 96) loss = 6.855, grad_norm = 1.083
I0315 21:47:11.405831 139834463086336 logging_writer.py:48] [97] global_step=97, grad_norm=2.20962, loss=6.86013
I0315 21:47:11.409691 139854132851904 submission.py:265] 97) loss = 6.860, grad_norm = 2.210
I0315 21:47:12.843842 139834555340544 logging_writer.py:48] [98] global_step=98, grad_norm=3.47604, loss=6.72602
I0315 21:47:12.847322 139854132851904 submission.py:265] 98) loss = 6.726, grad_norm = 3.476
I0315 21:47:14.422626 139834463086336 logging_writer.py:48] [99] global_step=99, grad_norm=2.92911, loss=6.79115
I0315 21:47:14.426651 139854132851904 submission.py:265] 99) loss = 6.791, grad_norm = 2.929
I0315 21:47:15.649179 139834555340544 logging_writer.py:48] [100] global_step=100, grad_norm=4.39038, loss=6.82701
I0315 21:47:15.652589 139854132851904 submission.py:265] 100) loss = 6.827, grad_norm = 4.390
[rank5]: Traceback (most recent call last):
[rank5]:   File "/algorithmic-efficiency/submission_runner.py", line 766, in <module>
[rank5]:     app.run(main)
[rank5]:   File "/usr/local/lib/python3.11/site-packages/absl/app.py", line 308, in run
[rank5]:     _run_main(main, args)
[rank5]:   File "/usr/local/lib/python3.11/site-packages/absl/app.py", line 254, in _run_main
[rank5]:     sys.exit(main(argv))
[rank5]:              ^^^^^^^^^^
[rank5]:   File "/algorithmic-efficiency/submission_runner.py", line 734, in main
[rank5]:     score = score_submission_on_workload(
[rank5]:             ^^^^^^^^^^^^^^^^^^^^^^^^^^^^^
[rank5]:   File "/algorithmic-efficiency/submission_runner.py", line 630, in score_submission_on_workload
[rank5]:     timing, metrics = train_once(workload, workload_name,
[rank5]:                       ^^^^^^^^^^^^^^^^^^^^^^^^^^^^^^^^^^^
[rank5]:   File "/algorithmic-efficiency/submission_runner.py", line 361, in train_once
[rank5]:     optimizer_state, model_params, model_state = update_params(
[rank5]:                                                  ^^^^^^^^^^^^^^
[rank5]:   File "/algorithmic-efficiency/submissions_algorithms/leaderboard/external_tuning/shampoo_submission/submission.py", line 241, in update_params
[rank5]:     optimizer_state['optimizer'].step()
[rank5]:   File "/usr/local/lib/python3.11/site-packages/torch/optim/lr_scheduler.py", line 137, in wrapper
[rank5]:     return func.__get__(opt, opt.__class__)(*args, **kwargs)
[rank5]:            ^^^^^^^^^^^^^^^^^^^^^^^^^^^^^^^^^^^^^^^^^^^^^^^^^
[rank5]:   File "/usr/local/lib/python3.11/site-packages/torch/optim/optimizer.py", line 487, in wrapper
[rank5]:     out = func(*args, **kwargs)
[rank5]:           ^^^^^^^^^^^^^^^^^^^^^
[rank5]:   File "/usr/local/lib/python3.11/site-packages/torch/utils/_contextlib.py", line 116, in decorate_context
[rank5]:     return func(*args, **kwargs)
[rank5]:            ^^^^^^^^^^^^^^^^^^^^^
[rank5]:   File "/algorithmic-efficiency/submissions_algorithms/leaderboard/external_tuning/shampoo_submission/optimizers/distributed_shampoo/distributed_shampoo.py", line 954, in step
[rank5]:     self._per_group_step(
[rank5]:   File "/usr/local/lib/python3.11/site-packages/torch/utils/_contextlib.py", line 116, in decorate_context
[rank5]:     return func(*args, **kwargs)
[rank5]:            ^^^^^^^^^^^^^^^^^^^^^
[rank5]:   File "/algorithmic-efficiency/submissions_algorithms/leaderboard/external_tuning/shampoo_submission/optimizers/distributed_shampoo/distributed_shampoo.py", line 781, in _per_group_step_impl
[rank5]:     self._compute_root_inverse(state_lists, compute_root_inverse)
[rank5]:   File "/usr/local/lib/python3.11/site-packages/torch/utils/_contextlib.py", line 116, in decorate_context
[rank5]:     return func(*args, **kwargs)
[rank5]:            ^^^^^^^^^^^^^^^^^^^^^
[rank5]:   File "/usr/local/lib/python3.11/site-packages/torch/_dynamo/eval_frame.py", line 632, in _fn
[rank5]:     return fn(*args, **kwargs)
[rank5]:            ^^^^^^^^^^^^^^^^^^^
[rank5]:   File "/algorithmic-efficiency/submissions_algorithms/leaderboard/external_tuning/shampoo_submission/optimizers/distributed_shampoo/distributed_shampoo.py", line 732, in _compute_root_inverse
[rank5]:     state_lists[SHAMPOO_PRECONDITIONER_LIST].compute_root_inverse()
[rank5]:   File "/algorithmic-efficiency/submissions_algorithms/leaderboard/external_tuning/shampoo_submission/optimizers/distributed_shampoo/utils/shampoo_preconditioner_list.py", line 766, in compute_root_inverse
[rank5]:     raise ValueError(
[rank5]: ValueError: Encountered nan values in bias-corrected factor matrix 4.block_4.0! To mitigate, check if nan inputs are being passed into the network or nan gradients are being passed to the optimizer.For debugging purposes, factor_matrix 4.block_4.0: torch.min(factor_matrix)=tensor(nan, device='cuda:5'), torch.max(factor_matrix)=tensor(nan, device='cuda:5'), factor_matrix.isinf().any()=tensor(False, device='cuda:5'), factor_matrix.isnan().any()=tensor(True, device='cuda:5').
[rank6]: Traceback (most recent call last):
[rank6]:   File "/algorithmic-efficiency/submission_runner.py", line 766, in <module>
[rank6]:     app.run(main)
[rank6]:   File "/usr/local/lib/python3.11/site-packages/absl/app.py", line 308, in run
[rank6]:     _run_main(main, args)
[rank6]:   File "/usr/local/lib/python3.11/site-packages/absl/app.py", line 254, in _run_main
[rank6]:     sys.exit(main(argv))
[rank6]:              ^^^^^^^^^^
[rank6]:   File "/algorithmic-efficiency/submission_runner.py", line 734, in main
[rank6]:     score = score_submission_on_workload(
[rank6]:             ^^^^^^^^^^^^^^^^^^^^^^^^^^^^^
[rank6]:   File "/algorithmic-efficiency/submission_runner.py", line 630, in score_submission_on_workload
[rank6]:     timing, metrics = train_once(workload, workload_name,
[rank6]:                       ^^^^^^^^^^^^^^^^^^^^^^^^^^^^^^^^^^^
[rank6]:   File "/algorithmic-efficiency/submission_runner.py", line 361, in train_once
[rank6]:     optimizer_state, model_params, model_state = update_params(
[rank6]:                                                  ^^^^^^^^^^^^^^
[rank6]:   File "/algorithmic-efficiency/submissions_algorithms/leaderboard/external_tuning/shampoo_submission/submission.py", line 241, in update_params
[rank6]:     optimizer_state['optimizer'].step()
[rank6]:   File "/usr/local/lib/python3.11/site-packages/torch/optim/lr_scheduler.py", line 137, in wrapper
[rank6]:     return func.__get__(opt, opt.__class__)(*args, **kwargs)
[rank6]:            ^^^^^^^^^^^^^^^^^^^^^^^^^^^^^^^^^^^^^^^^^^^^^^^^^
[rank6]:   File "/usr/local/lib/python3.11/site-packages/torch/optim/optimizer.py", line 487, in wrapper
[rank6]:     out = func(*args, **kwargs)
[rank6]:           ^^^^^^^^^^^^^^^^^^^^^
[rank6]:   File "/usr/local/lib/python3.11/site-packages/torch/utils/_contextlib.py", line 116, in decorate_context
[rank6]:     return func(*args, **kwargs)
[rank6]:            ^^^^^^^^^^^^^^^^^^^^^
[rank6]:   File "/algorithmic-efficiency/submissions_algorithms/leaderboard/external_tuning/shampoo_submission/optimizers/distributed_shampoo/distributed_shampoo.py", line 954, in step
[rank6]:     self._per_group_step(
[rank6]:   File "/usr/local/lib/python3.11/site-packages/torch/utils/_contextlib.py", line 116, in decorate_context
[rank6]:     return func(*args, **kwargs)
[rank6]:            ^^^^^^^^^^^^^^^^^^^^^
[rank6]:   File "/algorithmic-efficiency/submissions_algorithms/leaderboard/external_tuning/shampoo_submission/optimizers/distributed_shampoo/distributed_shampoo.py", line 781, in _per_group_step_impl
[rank6]:     self._compute_root_inverse(state_lists, compute_root_inverse)
[rank6]:   File "/usr/local/lib/python3.11/site-packages/torch/utils/_contextlib.py", line 116, in decorate_context
[rank6]:     return func(*args, **kwargs)
[rank6]:            ^^^^^^^^^^^^^^^^^^^^^
[rank6]:   File "/usr/local/lib/python3.11/site-packages/torch/_dynamo/eval_frame.py", line 632, in _fn
[rank6]:     return fn(*args, **kwargs)
[rank6]:            ^^^^^^^^^^^^^^^^^^^
[rank6]:   File "/algorithmic-efficiency/submissions_algorithms/leaderboard/external_tuning/shampoo_submission/optimizers/distributed_shampoo/distributed_shampoo.py", line 732, in _compute_root_inverse
[rank6]:     state_lists[SHAMPOO_PRECONDITIONER_LIST].compute_root_inverse()
[rank6]:   File "/algorithmic-efficiency/submissions_algorithms/leaderboard/external_tuning/shampoo_submission/optimizers/distributed_shampoo/utils/shampoo_preconditioner_list.py", line 766, in compute_root_inverse
[rank6]:     raise ValueError(
[rank6]: ValueError: Encountered nan values in bias-corrected factor matrix 0.block_0.0! To mitigate, check if nan inputs are being passed into the network or nan gradients are being passed to the optimizer.For debugging purposes, factor_matrix 0.block_0.0: torch.min(factor_matrix)=tensor(nan, device='cuda:6'), torch.max(factor_matrix)=tensor(nan, device='cuda:6'), factor_matrix.isinf().any()=tensor(False, device='cuda:6'), factor_matrix.isnan().any()=tensor(True, device='cuda:6').
[rank0]: Traceback (most recent call last):
[rank0]:   File "/algorithmic-efficiency/submission_runner.py", line 766, in <module>
[rank0]:     app.run(main)
[rank0]:   File "/usr/local/lib/python3.11/site-packages/absl/app.py", line 308, in run
[rank0]:     _run_main(main, args)
[rank0]:   File "/usr/local/lib/python3.11/site-packages/absl/app.py", line 254, in _run_main
[rank0]:     sys.exit(main(argv))
[rank0]:              ^^^^^^^^^^
[rank0]:   File "/algorithmic-efficiency/submission_runner.py", line 734, in main
[rank0]:     score = score_submission_on_workload(
[rank0]:             ^^^^^^^^^^^^^^^^^^^^^^^^^^^^^
[rank0]:   File "/algorithmic-efficiency/submission_runner.py", line 630, in score_submission_on_workload
[rank0]:     timing, metrics = train_once(workload, workload_name,
[rank0]:                       ^^^^^^^^^^^^^^^^^^^^^^^^^^^^^^^^^^^
[rank0]:   File "/algorithmic-efficiency/submission_runner.py", line 361, in train_once
[rank0]:     optimizer_state, model_params, model_state = update_params(
[rank0]:                                                  ^^^^^^^^^^^^^^
[rank0]:   File "/algorithmic-efficiency/submissions_algorithms/leaderboard/external_tuning/shampoo_submission/submission.py", line 241, in update_params
[rank0]:     optimizer_state['optimizer'].step()
[rank0]:   File "/usr/local/lib/python3.11/site-packages/torch/optim/lr_scheduler.py", line 137, in wrapper
[rank0]:     return func.__get__(opt, opt.__class__)(*args, **kwargs)
[rank0]:            ^^^^^^^^^^^^^^^^^^^^^^^^^^^^^^^^^^^^^^^^^^^^^^^^^
[rank0]:   File "/usr/local/lib/python3.11/site-packages/torch/optim/optimizer.py", line 487, in wrapper
[rank0]:     out = func(*args, **kwargs)
[rank0]:           ^^^^^^^^^^^^^^^^^^^^^
[rank0]:   File "/usr/local/lib/python3.11/site-packages/torch/utils/_contextlib.py", line 116, in decorate_context
[rank0]:     return func(*args, **kwargs)
[rank0]:            ^^^^^^^^^^^^^^^^^^^^^
[rank0]:   File "/algorithmic-efficiency/submissions_algorithms/leaderboard/external_tuning/shampoo_submission/optimizers/distributed_shampoo/distributed_shampoo.py", line 954, in step
[rank0]:     self._per_group_step(
[rank0]:   File "/usr/local/lib/python3.11/site-packages/torch/utils/_contextlib.py", line 116, in decorate_context
[rank0]:     return func(*args, **kwargs)
[rank0]:            ^^^^^^^^^^^^^^^^^^^^^
[rank0]:   File "/algorithmic-efficiency/submissions_algorithms/leaderboard/external_tuning/shampoo_submission/optimizers/distributed_shampoo/distributed_shampoo.py", line 781, in _per_group_step_impl
[rank0]:     self._compute_root_inverse(state_lists, compute_root_inverse)
[rank0]:   File "/usr/local/lib/python3.11/site-packages/torch/utils/_contextlib.py", line 116, in decorate_context
[rank0]:     return func(*args, **kwargs)
[rank0]:            ^^^^^^^^^^^^^^^^^^^^^
[rank0]:   File "/usr/local/lib/python3.11/site-packages/torch/_dynamo/eval_frame.py", line 632, in _fn
[rank0]:     return fn(*args, **kwargs)
[rank0]:            ^^^^^^^^^^^^^^^^^^^
[rank0]:   File "/algorithmic-efficiency/submissions_algorithms/leaderboard/external_tuning/shampoo_submission/optimizers/distributed_shampoo/distributed_shampoo.py", line 732, in _compute_root_inverse
[rank0]:     state_lists[SHAMPOO_PRECONDITIONER_LIST].compute_root_inverse()
[rank0]:   File "/algorithmic-efficiency/submissions_algorithms/leaderboard/external_tuning/shampoo_submission/optimizers/distributed_shampoo/utils/shampoo_preconditioner_list.py", line 766, in compute_root_inverse
[rank0]:     raise ValueError(
[rank0]: ValueError: Encountered nan values in bias-corrected factor matrix 2.block_0.0! To mitigate, check if nan inputs are being passed into the network or nan gradients are being passed to the optimizer.For debugging purposes, factor_matrix 2.block_0.0: torch.min(factor_matrix)=tensor(nan, device='cuda:0'), torch.max(factor_matrix)=tensor(nan, device='cuda:0'), factor_matrix.isinf().any()=tensor(False, device='cuda:0'), factor_matrix.isnan().any()=tensor(True, device='cuda:0').
[rank4]: Traceback (most recent call last):
[rank4]:   File "/algorithmic-efficiency/submission_runner.py", line 766, in <module>
[rank4]:     app.run(main)
[rank4]:   File "/usr/local/lib/python3.11/site-packages/absl/app.py", line 308, in run
[rank4]:     _run_main(main, args)
[rank4]:   File "/usr/local/lib/python3.11/site-packages/absl/app.py", line 254, in _run_main
[rank4]:     sys.exit(main(argv))
[rank4]:              ^^^^^^^^^^
[rank4]:   File "/algorithmic-efficiency/submission_runner.py", line 734, in main
[rank4]:     score = score_submission_on_workload(
[rank4]:             ^^^^^^^^^^^^^^^^^^^^^^^^^^^^^
[rank4]:   File "/algorithmic-efficiency/submission_runner.py", line 630, in score_submission_on_workload
[rank4]:     timing, metrics = train_once(workload, workload_name,
[rank4]:                       ^^^^^^^^^^^^^^^^^^^^^^^^^^^^^^^^^^^
[rank4]:   File "/algorithmic-efficiency/submission_runner.py", line 361, in train_once
[rank4]:     optimizer_state, model_params, model_state = update_params(
[rank4]:                                                  ^^^^^^^^^^^^^^
[rank4]:   File "/algorithmic-efficiency/submissions_algorithms/leaderboard/external_tuning/shampoo_submission/submission.py", line 241, in update_params
[rank4]:     optimizer_state['optimizer'].step()
[rank4]:   File "/usr/local/lib/python3.11/site-packages/torch/optim/lr_scheduler.py", line 137, in wrapper
[rank4]:     return func.__get__(opt, opt.__class__)(*args, **kwargs)
[rank4]:            ^^^^^^^^^^^^^^^^^^^^^^^^^^^^^^^^^^^^^^^^^^^^^^^^^
[rank4]:   File "/usr/local/lib/python3.11/site-packages/torch/optim/optimizer.py", line 487, in wrapper
[rank4]:     out = func(*args, **kwargs)
[rank4]:           ^^^^^^^^^^^^^^^^^^^^^
[rank4]:   File "/usr/local/lib/python3.11/site-packages/torch/utils/_contextlib.py", line 116, in decorate_context
[rank4]:     return func(*args, **kwargs)
[rank4]:            ^^^^^^^^^^^^^^^^^^^^^
[rank4]:   File "/algorithmic-efficiency/submissions_algorithms/leaderboard/external_tuning/shampoo_submission/optimizers/distributed_shampoo/distributed_shampoo.py", line 954, in step
[rank4]:     self._per_group_step(
[rank4]:   File "/usr/local/lib/python3.11/site-packages/torch/utils/_contextlib.py", line 116, in decorate_context
[rank4]:     return func(*args, **kwargs)
[rank4]:            ^^^^^^^^^^^^^^^^^^^^^
[rank4]:   File "/algorithmic-efficiency/submissions_algorithms/leaderboard/external_tuning/shampoo_submission/optimizers/distributed_shampoo/distributed_shampoo.py", line 781, in _per_group_step_impl
[rank4]:     self._compute_root_inverse(state_lists, compute_root_inverse)
[rank4]:   File "/usr/local/lib/python3.11/site-packages/torch/utils/_contextlib.py", line 116, in decorate_context
[rank4]:     return func(*args, **kwargs)
[rank4]:            ^^^^^^^^^^^^^^^^^^^^^
[rank4]:   File "/usr/local/lib/python3.11/site-packages/torch/_dynamo/eval_frame.py", line 632, in _fn
[rank4]:     return fn(*args, **kwargs)
[rank4]:            ^^^^^^^^^^^^^^^^^^^
[rank4]:   File "/algorithmic-efficiency/submissions_algorithms/leaderboard/external_tuning/shampoo_submission/optimizers/distributed_shampoo/distributed_shampoo.py", line 732, in _compute_root_inverse
[rank4]:     state_lists[SHAMPOO_PRECONDITIONER_LIST].compute_root_inverse()
[rank4]:   File "/algorithmic-efficiency/submissions_algorithms/leaderboard/external_tuning/shampoo_submission/optimizers/distributed_shampoo/utils/shampoo_preconditioner_list.py", line 766, in compute_root_inverse
[rank4]:     raise ValueError(
[rank4]: ValueError: Encountered nan values in bias-corrected factor matrix 4.block_3.0! To mitigate, check if nan inputs are being passed into the network or nan gradients are being passed to the optimizer.For debugging purposes, factor_matrix 4.block_3.0: torch.min(factor_matrix)=tensor(nan, device='cuda:4'), torch.max(factor_matrix)=tensor(nan, device='cuda:4'), factor_matrix.isinf().any()=tensor(False, device='cuda:4'), factor_matrix.isnan().any()=tensor(True, device='cuda:4').
[rank2]: Traceback (most recent call last):
[rank2]:   File "/algorithmic-efficiency/submission_runner.py", line 766, in <module>
[rank2]:     app.run(main)
[rank2]:   File "/usr/local/lib/python3.11/site-packages/absl/app.py", line 308, in run
[rank2]:     _run_main(main, args)
[rank2]:   File "/usr/local/lib/python3.11/site-packages/absl/app.py", line 254, in _run_main
[rank2]:     sys.exit(main(argv))
[rank2]:              ^^^^^^^^^^
[rank2]:   File "/algorithmic-efficiency/submission_runner.py", line 734, in main
[rank2]:     score = score_submission_on_workload(
[rank2]:             ^^^^^^^^^^^^^^^^^^^^^^^^^^^^^
[rank2]:   File "/algorithmic-efficiency/submission_runner.py", line 630, in score_submission_on_workload
[rank2]:     timing, metrics = train_once(workload, workload_name,
[rank2]:                       ^^^^^^^^^^^^^^^^^^^^^^^^^^^^^^^^^^^
[rank2]:   File "/algorithmic-efficiency/submission_runner.py", line 361, in train_once
[rank2]:     optimizer_state, model_params, model_state = update_params(
[rank2]:                                                  ^^^^^^^^^^^^^^
[rank2]:   File "/algorithmic-efficiency/submissions_algorithms/leaderboard/external_tuning/shampoo_submission/submission.py", line 241, in update_params
[rank2]:     optimizer_state['optimizer'].step()
[rank2]:   File "/usr/local/lib/python3.11/site-packages/torch/optim/lr_scheduler.py", line 137, in wrapper
[rank2]:     return func.__get__(opt, opt.__class__)(*args, **kwargs)
[rank2]:            ^^^^^^^^^^^^^^^^^^^^^^^^^^^^^^^^^^^^^^^^^^^^^^^^^
[rank2]:   File "/usr/local/lib/python3.11/site-packages/torch/optim/optimizer.py", line 487, in wrapper
[rank2]:     out = func(*args, **kwargs)
[rank2]:           ^^^^^^^^^^^^^^^^^^^^^
[rank2]:   File "/usr/local/lib/python3.11/site-packages/torch/utils/_contextlib.py", line 116, in decorate_context
[rank2]:     return func(*args, **kwargs)
[rank2]:            ^^^^^^^^^^^^^^^^^^^^^
[rank2]:   File "/algorithmic-efficiency/submissions_algorithms/leaderboard/external_tuning/shampoo_submission/optimizers/distributed_shampoo/distributed_shampoo.py", line 954, in step
[rank2]:     self._per_group_step(
[rank2]:   File "/usr/local/lib/python3.11/site-packages/torch/utils/_contextlib.py", line 116, in decorate_context
[rank2]:     return func(*args, **kwargs)
[rank2]:            ^^^^^^^^^^^^^^^^^^^^^
[rank2]:   File "/algorithmic-efficiency/submissions_algorithms/leaderboard/external_tuning/shampoo_submission/optimizers/distributed_shampoo/distributed_shampoo.py", line 781, in _per_group_step_impl
[rank2]:     self._compute_root_inverse(state_lists, compute_root_inverse)
