I0315 19:20:20.641988 139981172016320 shampoo_preconditioner_list.py:574] Instantiated Shampoo Preconditioner 49.block_0 ([torch.Size([0])]) for Parameter 49 (torch.Size([256])), Block block_0 (torch.Size([256])).
I0315 19:20:20.641992 140284627670208 shampoo_preconditioner_list.py:574] Instantiated Shampoo Preconditioner 46.block_0 ([torch.Size([0])]) for Parameter 46 (torch.Size([256])), Block block_0 (torch.Size([256])).
I0315 19:20:20.641997 139940592760000 shampoo_preconditioner_list.py:574] Instantiated Shampoo Preconditioner 51.block_0 ([torch.Size([0])]) for Parameter 51 (torch.Size([256])), Block block_0 (torch.Size([256])).
I0315 19:20:20.642003 139727168652480 shampoo_preconditioner_list.py:574] Instantiated Shampoo Preconditioner 50.block_0 ([torch.Size([0])]) for Parameter 50 (torch.Size([256])), Block block_0 (torch.Size([256])).
I0315 19:20:20.642045 139842323592384 shampoo_preconditioner_list.py:574] Instantiated Shampoo Preconditioner 49.block_0 ([torch.Size([0])]) for Parameter 49 (torch.Size([256])), Block block_0 (torch.Size([256])).
I0315 19:20:20.642066 139981903705280 shampoo_preconditioner_list.py:574] Instantiated Shampoo Preconditioner 52.block_0 ([torch.Size([0]), torch.Size([0])]) for Parameter 52 (torch.Size([256, 1024])), Block block_0 (torch.Size([256, 1024])).
I0315 19:20:20.642073 139981172016320 shampoo_preconditioner_list.py:574] Instantiated Shampoo Preconditioner 50.block_0 ([torch.Size([0])]) for Parameter 50 (torch.Size([256])), Block block_0 (torch.Size([256])).
I0315 19:20:20.642074 140284627670208 shampoo_preconditioner_list.py:574] Instantiated Shampoo Preconditioner 47.block_0 ([torch.Size([0])]) for Parameter 47 (torch.Size([256])), Block block_0 (torch.Size([256])).
I0315 19:20:20.642080 140590863271104 shampoo_preconditioner_list.py:574] Instantiated Shampoo Preconditioner 49.block_0 ([torch.Size([0])]) for Parameter 49 (torch.Size([256])), Block block_0 (torch.Size([256])).
I0315 19:20:20.642086 139727168652480 shampoo_preconditioner_list.py:574] Instantiated Shampoo Preconditioner 51.block_0 ([torch.Size([0])]) for Parameter 51 (torch.Size([256])), Block block_0 (torch.Size([256])).
I0315 19:20:20.642135 139842323592384 shampoo_preconditioner_list.py:574] Instantiated Shampoo Preconditioner 50.block_0 ([torch.Size([0])]) for Parameter 50 (torch.Size([256])), Block block_0 (torch.Size([256])).
I0315 19:20:20.642157 139981903705280 shampoo_preconditioner_list.py:574] Instantiated Shampoo Preconditioner 53.block_0 ([torch.Size([0])]) for Parameter 53 (torch.Size([256])), Block block_0 (torch.Size([256])).
I0315 19:20:20.642158 139981172016320 shampoo_preconditioner_list.py:574] Instantiated Shampoo Preconditioner 51.block_0 ([torch.Size([0])]) for Parameter 51 (torch.Size([256])), Block block_0 (torch.Size([256])).
I0315 19:20:20.642170 140590863271104 shampoo_preconditioner_list.py:574] Instantiated Shampoo Preconditioner 50.block_0 ([torch.Size([0])]) for Parameter 50 (torch.Size([256])), Block block_0 (torch.Size([256])).
I0315 19:20:20.642183 140284627670208 shampoo_preconditioner_list.py:574] Instantiated Shampoo Preconditioner 48.block_0 ([torch.Size([0]), torch.Size([0])]) for Parameter 48 (torch.Size([256, 768])), Block block_0 (torch.Size([256, 768])).
I0315 19:20:20.642206 139727168652480 shampoo_preconditioner_list.py:574] Instantiated Shampoo Preconditioner 52.block_0 ([torch.Size([0]), torch.Size([0])]) for Parameter 52 (torch.Size([256, 1024])), Block block_0 (torch.Size([256, 1024])).
I0315 19:20:20.642232 139842323592384 shampoo_preconditioner_list.py:574] Instantiated Shampoo Preconditioner 51.block_0 ([torch.Size([0])]) for Parameter 51 (torch.Size([256])), Block block_0 (torch.Size([256])).
I0315 19:20:20.642245 139981903705280 shampoo_preconditioner_list.py:574] Instantiated Shampoo Preconditioner 54.block_0 ([torch.Size([0])]) for Parameter 54 (torch.Size([256])), Block block_0 (torch.Size([256])).
I0315 19:20:20.642235 139940592760000 shampoo_preconditioner_list.py:574] Instantiated Shampoo Preconditioner 52.block_0 ([torch.Size([256, 256]), torch.Size([1024, 1024])]) for Parameter 52 (torch.Size([256, 1024])), Block block_0 (torch.Size([256, 1024])).
I0315 19:20:20.642256 140590863271104 shampoo_preconditioner_list.py:574] Instantiated Shampoo Preconditioner 51.block_0 ([torch.Size([0])]) for Parameter 51 (torch.Size([256])), Block block_0 (torch.Size([256])).
I0315 19:20:20.642275 140284627670208 shampoo_preconditioner_list.py:574] Instantiated Shampoo Preconditioner 49.block_0 ([torch.Size([0])]) for Parameter 49 (torch.Size([256])), Block block_0 (torch.Size([256])).
I0315 19:20:20.642276 139981172016320 shampoo_preconditioner_list.py:574] Instantiated Shampoo Preconditioner 52.block_0 ([torch.Size([0]), torch.Size([0])]) for Parameter 52 (torch.Size([256, 1024])), Block block_0 (torch.Size([256, 1024])).
I0315 19:20:20.642300 139727168652480 shampoo_preconditioner_list.py:574] Instantiated Shampoo Preconditioner 53.block_0 ([torch.Size([0])]) for Parameter 53 (torch.Size([256])), Block block_0 (torch.Size([256])).
I0315 19:20:20.642324 139981903705280 shampoo_preconditioner_list.py:574] Instantiated Shampoo Preconditioner 55.block_0 ([torch.Size([0])]) for Parameter 55 (torch.Size([256])), Block block_0 (torch.Size([256])).
I0315 19:20:20.642339 139940592760000 shampoo_preconditioner_list.py:574] Instantiated Shampoo Preconditioner 53.block_0 ([torch.Size([0])]) for Parameter 53 (torch.Size([256])), Block block_0 (torch.Size([256])).
I0315 19:20:20.642357 139981172016320 shampoo_preconditioner_list.py:574] Instantiated Shampoo Preconditioner 53.block_0 ([torch.Size([0])]) for Parameter 53 (torch.Size([256])), Block block_0 (torch.Size([256])).
I0315 19:20:20.642361 139842323592384 shampoo_preconditioner_list.py:574] Instantiated Shampoo Preconditioner 52.block_0 ([torch.Size([0]), torch.Size([0])]) for Parameter 52 (torch.Size([256, 1024])), Block block_0 (torch.Size([256, 1024])).
I0315 19:20:20.642366 140284627670208 shampoo_preconditioner_list.py:574] Instantiated Shampoo Preconditioner 50.block_0 ([torch.Size([0])]) for Parameter 50 (torch.Size([256])), Block block_0 (torch.Size([256])).
I0315 19:20:20.642356 139828903359680 shampoo_preconditioner_list.py:574] Instantiated Shampoo Preconditioner 22.block_0 ([torch.Size([256, 256])]) for Parameter 22 (torch.Size([256])), Block block_0 (torch.Size([256])).
I0315 19:20:20.642378 140590863271104 shampoo_preconditioner_list.py:574] Instantiated Shampoo Preconditioner 52.block_0 ([torch.Size([0]), torch.Size([0])]) for Parameter 52 (torch.Size([256, 1024])), Block block_0 (torch.Size([256, 1024])).
I0315 19:20:20.642389 139727168652480 shampoo_preconditioner_list.py:574] Instantiated Shampoo Preconditioner 54.block_0 ([torch.Size([0])]) for Parameter 54 (torch.Size([256])), Block block_0 (torch.Size([256])).
I0315 19:20:20.642431 139940592760000 shampoo_preconditioner_list.py:574] Instantiated Shampoo Preconditioner 54.block_0 ([torch.Size([0])]) for Parameter 54 (torch.Size([256])), Block block_0 (torch.Size([256])).
I0315 19:20:20.642434 139981903705280 shampoo_preconditioner_list.py:574] Instantiated Shampoo Preconditioner 56.block_0 ([torch.Size([0]), torch.Size([0])]) for Parameter 56 (torch.Size([256, 1024])), Block block_0 (torch.Size([256, 1024])).
I0315 19:20:20.642445 139842323592384 shampoo_preconditioner_list.py:574] Instantiated Shampoo Preconditioner 53.block_0 ([torch.Size([0])]) for Parameter 53 (torch.Size([256])), Block block_0 (torch.Size([256])).
I0315 19:20:20.642447 140284627670208 shampoo_preconditioner_list.py:574] Instantiated Shampoo Preconditioner 51.block_0 ([torch.Size([0])]) for Parameter 51 (torch.Size([256])), Block block_0 (torch.Size([256])).
I0315 19:20:20.642447 139981172016320 shampoo_preconditioner_list.py:574] Instantiated Shampoo Preconditioner 54.block_0 ([torch.Size([0])]) for Parameter 54 (torch.Size([256])), Block block_0 (torch.Size([256])).
I0315 19:20:20.642462 140590863271104 shampoo_preconditioner_list.py:574] Instantiated Shampoo Preconditioner 53.block_0 ([torch.Size([0])]) for Parameter 53 (torch.Size([256])), Block block_0 (torch.Size([256])).
I0315 19:20:20.642480 139727168652480 shampoo_preconditioner_list.py:574] Instantiated Shampoo Preconditioner 55.block_0 ([torch.Size([0])]) for Parameter 55 (torch.Size([256])), Block block_0 (torch.Size([256])).
I0315 19:20:20.642514 139981903705280 shampoo_preconditioner_list.py:574] Instantiated Shampoo Preconditioner 57.block_0 ([torch.Size([0])]) for Parameter 57 (torch.Size([256])), Block block_0 (torch.Size([256])).
I0315 19:20:20.642527 139842323592384 shampoo_preconditioner_list.py:574] Instantiated Shampoo Preconditioner 54.block_0 ([torch.Size([0])]) for Parameter 54 (torch.Size([256])), Block block_0 (torch.Size([256])).
I0315 19:20:20.642529 139940592760000 shampoo_preconditioner_list.py:574] Instantiated Shampoo Preconditioner 55.block_0 ([torch.Size([0])]) for Parameter 55 (torch.Size([256])), Block block_0 (torch.Size([256])).
I0315 19:20:20.642523 139828903359680 shampoo_preconditioner_list.py:574] Instantiated Shampoo Preconditioner 23.block_0 ([torch.Size([256, 256])]) for Parameter 23 (torch.Size([256])), Block block_0 (torch.Size([256])).
I0315 19:20:20.642530 139981172016320 shampoo_preconditioner_list.py:574] Instantiated Shampoo Preconditioner 55.block_0 ([torch.Size([0])]) for Parameter 55 (torch.Size([256])), Block block_0 (torch.Size([256])).
I0315 19:20:20.642553 140590863271104 shampoo_preconditioner_list.py:574] Instantiated Shampoo Preconditioner 54.block_0 ([torch.Size([0])]) for Parameter 54 (torch.Size([256])), Block block_0 (torch.Size([256])).
I0315 19:20:20.642569 140284627670208 shampoo_preconditioner_list.py:574] Instantiated Shampoo Preconditioner 52.block_0 ([torch.Size([0]), torch.Size([0])]) for Parameter 52 (torch.Size([256, 1024])), Block block_0 (torch.Size([256, 1024])).
I0315 19:20:20.642590 139727168652480 shampoo_preconditioner_list.py:574] Instantiated Shampoo Preconditioner 56.block_0 ([torch.Size([0]), torch.Size([0])]) for Parameter 56 (torch.Size([256, 1024])), Block block_0 (torch.Size([256, 1024])).
I0315 19:20:20.642605 139981903705280 shampoo_preconditioner_list.py:574] Instantiated Shampoo Preconditioner 58.block_0 ([torch.Size([0])]) for Parameter 58 (torch.Size([256])), Block block_0 (torch.Size([256])).
I0315 19:20:20.642612 139842323592384 shampoo_preconditioner_list.py:574] Instantiated Shampoo Preconditioner 55.block_0 ([torch.Size([0])]) for Parameter 55 (torch.Size([256])), Block block_0 (torch.Size([256])).
I0315 19:20:20.642639 139940592760000 shampoo_preconditioner_list.py:574] Instantiated Shampoo Preconditioner 56.block_0 ([torch.Size([0]), torch.Size([0])]) for Parameter 56 (torch.Size([256, 1024])), Block block_0 (torch.Size([256, 1024])).
I0315 19:20:20.642643 139981172016320 shampoo_preconditioner_list.py:574] Instantiated Shampoo Preconditioner 56.block_0 ([torch.Size([0]), torch.Size([0])]) for Parameter 56 (torch.Size([256, 1024])), Block block_0 (torch.Size([256, 1024])).
I0315 19:20:20.642650 140590863271104 shampoo_preconditioner_list.py:574] Instantiated Shampoo Preconditioner 55.block_0 ([torch.Size([0])]) for Parameter 55 (torch.Size([256])), Block block_0 (torch.Size([256])).
I0315 19:20:20.642651 139828903359680 shampoo_preconditioner_list.py:574] Instantiated Shampoo Preconditioner 24.block_0 ([torch.Size([0]), torch.Size([0])]) for Parameter 24 (torch.Size([256, 768])), Block block_0 (torch.Size([256, 768])).
I0315 19:20:20.642652 140284627670208 shampoo_preconditioner_list.py:574] Instantiated Shampoo Preconditioner 53.block_0 ([torch.Size([0])]) for Parameter 53 (torch.Size([256])), Block block_0 (torch.Size([256])).
I0315 19:20:20.642678 139727168652480 shampoo_preconditioner_list.py:574] Instantiated Shampoo Preconditioner 57.block_0 ([torch.Size([0])]) for Parameter 57 (torch.Size([256])), Block block_0 (torch.Size([256])).
I0315 19:20:20.642685 139981903705280 shampoo_preconditioner_list.py:574] Instantiated Shampoo Preconditioner 59.block_0 ([torch.Size([0])]) for Parameter 59 (torch.Size([256])), Block block_0 (torch.Size([256])).
I0315 19:20:20.642721 139842323592384 shampoo_preconditioner_list.py:574] Instantiated Shampoo Preconditioner 56.block_0 ([torch.Size([0]), torch.Size([0])]) for Parameter 56 (torch.Size([256, 1024])), Block block_0 (torch.Size([256, 1024])).
I0315 19:20:20.642724 139981172016320 shampoo_preconditioner_list.py:574] Instantiated Shampoo Preconditioner 57.block_0 ([torch.Size([0])]) for Parameter 57 (torch.Size([256])), Block block_0 (torch.Size([256])).
I0315 19:20:20.642739 140284627670208 shampoo_preconditioner_list.py:574] Instantiated Shampoo Preconditioner 54.block_0 ([torch.Size([0])]) for Parameter 54 (torch.Size([256])), Block block_0 (torch.Size([256])).
I0315 19:20:20.642739 139940592760000 shampoo_preconditioner_list.py:574] Instantiated Shampoo Preconditioner 57.block_0 ([torch.Size([0])]) for Parameter 57 (torch.Size([256])), Block block_0 (torch.Size([256])).
I0315 19:20:20.642762 140590863271104 shampoo_preconditioner_list.py:574] Instantiated Shampoo Preconditioner 56.block_0 ([torch.Size([0]), torch.Size([0])]) for Parameter 56 (torch.Size([256, 1024])), Block block_0 (torch.Size([256, 1024])).
I0315 19:20:20.642772 139727168652480 shampoo_preconditioner_list.py:574] Instantiated Shampoo Preconditioner 58.block_0 ([torch.Size([0])]) for Parameter 58 (torch.Size([256])), Block block_0 (torch.Size([256])).
I0315 19:20:20.642786 139828903359680 shampoo_preconditioner_list.py:574] Instantiated Shampoo Preconditioner 25.block_0 ([torch.Size([256, 256])]) for Parameter 25 (torch.Size([256])), Block block_0 (torch.Size([256])).
I0315 19:20:20.642804 139981172016320 shampoo_preconditioner_list.py:574] Instantiated Shampoo Preconditioner 58.block_0 ([torch.Size([0])]) for Parameter 58 (torch.Size([256])), Block block_0 (torch.Size([256])).
I0315 19:20:20.642812 139842323592384 shampoo_preconditioner_list.py:574] Instantiated Shampoo Preconditioner 57.block_0 ([torch.Size([0])]) for Parameter 57 (torch.Size([256])), Block block_0 (torch.Size([256])).
I0315 19:20:20.642819 140284627670208 shampoo_preconditioner_list.py:574] Instantiated Shampoo Preconditioner 55.block_0 ([torch.Size([0])]) for Parameter 55 (torch.Size([256])), Block block_0 (torch.Size([256])).
I0315 19:20:20.642822 139940592760000 shampoo_preconditioner_list.py:574] Instantiated Shampoo Preconditioner 58.block_0 ([torch.Size([0])]) for Parameter 58 (torch.Size([256])), Block block_0 (torch.Size([256])).
I0315 19:20:20.642853 140590863271104 shampoo_preconditioner_list.py:574] Instantiated Shampoo Preconditioner 57.block_0 ([torch.Size([0])]) for Parameter 57 (torch.Size([256])), Block block_0 (torch.Size([256])).
I0315 19:20:20.642857 139727168652480 shampoo_preconditioner_list.py:574] Instantiated Shampoo Preconditioner 59.block_0 ([torch.Size([0])]) for Parameter 59 (torch.Size([256])), Block block_0 (torch.Size([256])).
I0315 19:20:20.642886 139981172016320 shampoo_preconditioner_list.py:574] Instantiated Shampoo Preconditioner 59.block_0 ([torch.Size([0])]) for Parameter 59 (torch.Size([256])), Block block_0 (torch.Size([256])).
I0315 19:20:20.642893 139842323592384 shampoo_preconditioner_list.py:574] Instantiated Shampoo Preconditioner 58.block_0 ([torch.Size([0])]) for Parameter 58 (torch.Size([256])), Block block_0 (torch.Size([256])).
I0315 19:20:20.642904 139940592760000 shampoo_preconditioner_list.py:574] Instantiated Shampoo Preconditioner 59.block_0 ([torch.Size([0])]) for Parameter 59 (torch.Size([256])), Block block_0 (torch.Size([256])).
I0315 19:20:20.642925 140284627670208 shampoo_preconditioner_list.py:574] Instantiated Shampoo Preconditioner 56.block_0 ([torch.Size([0]), torch.Size([0])]) for Parameter 56 (torch.Size([256, 1024])), Block block_0 (torch.Size([256, 1024])).
I0315 19:20:20.642910 139981903705280 shampoo_preconditioner_list.py:574] Instantiated Shampoo Preconditioner 60.block_0 ([torch.Size([256, 256]), torch.Size([768, 768])]) for Parameter 60 (torch.Size([256, 768])), Block block_0 (torch.Size([256, 768])).
I0315 19:20:20.642943 140590863271104 shampoo_preconditioner_list.py:574] Instantiated Shampoo Preconditioner 58.block_0 ([torch.Size([0])]) for Parameter 58 (torch.Size([256])), Block block_0 (torch.Size([256])).
I0315 19:20:20.642965 139828903359680 shampoo_preconditioner_list.py:574] Instantiated Shampoo Preconditioner 26.block_0 ([torch.Size([256, 256])]) for Parameter 26 (torch.Size([256])), Block block_0 (torch.Size([256])).
I0315 19:20:20.642981 139727168652480 shampoo_preconditioner_list.py:574] Instantiated Shampoo Preconditioner 60.block_0 ([torch.Size([0]), torch.Size([0])]) for Parameter 60 (torch.Size([256, 768])), Block block_0 (torch.Size([256, 768])).
I0315 19:20:20.642986 139842323592384 shampoo_preconditioner_list.py:574] Instantiated Shampoo Preconditioner 59.block_0 ([torch.Size([0])]) for Parameter 59 (torch.Size([256])), Block block_0 (torch.Size([256])).
I0315 19:20:20.643016 140284627670208 shampoo_preconditioner_list.py:574] Instantiated Shampoo Preconditioner 57.block_0 ([torch.Size([0])]) for Parameter 57 (torch.Size([256])), Block block_0 (torch.Size([256])).
I0315 19:20:20.643015 139981172016320 shampoo_preconditioner_list.py:574] Instantiated Shampoo Preconditioner 60.block_0 ([torch.Size([0]), torch.Size([0])]) for Parameter 60 (torch.Size([256, 768])), Block block_0 (torch.Size([256, 768])).
I0315 19:20:20.643028 139981903705280 shampoo_preconditioner_list.py:574] Instantiated Shampoo Preconditioner 61.block_0 ([torch.Size([0])]) for Parameter 61 (torch.Size([256])), Block block_0 (torch.Size([256])).
I0315 19:20:20.643028 139940592760000 shampoo_preconditioner_list.py:574] Instantiated Shampoo Preconditioner 60.block_0 ([torch.Size([0]), torch.Size([0])]) for Parameter 60 (torch.Size([256, 768])), Block block_0 (torch.Size([256, 768])).
I0315 19:20:20.643036 140590863271104 shampoo_preconditioner_list.py:574] Instantiated Shampoo Preconditioner 59.block_0 ([torch.Size([0])]) for Parameter 59 (torch.Size([256])), Block block_0 (torch.Size([256])).
I0315 19:20:20.643066 139727168652480 shampoo_preconditioner_list.py:574] Instantiated Shampoo Preconditioner 61.block_0 ([torch.Size([0])]) for Parameter 61 (torch.Size([256])), Block block_0 (torch.Size([256])).
I0315 19:20:20.643102 139981172016320 shampoo_preconditioner_list.py:574] Instantiated Shampoo Preconditioner 61.block_0 ([torch.Size([0])]) for Parameter 61 (torch.Size([256])), Block block_0 (torch.Size([256])).
I0315 19:20:20.643107 139981903705280 shampoo_preconditioner_list.py:574] Instantiated Shampoo Preconditioner 62.block_0 ([torch.Size([0])]) for Parameter 62 (torch.Size([256])), Block block_0 (torch.Size([256])).
I0315 19:20:20.643111 140284627670208 shampoo_preconditioner_list.py:574] Instantiated Shampoo Preconditioner 58.block_0 ([torch.Size([0])]) for Parameter 58 (torch.Size([256])), Block block_0 (torch.Size([256])).
I0315 19:20:20.643115 139940592760000 shampoo_preconditioner_list.py:574] Instantiated Shampoo Preconditioner 61.block_0 ([torch.Size([0])]) for Parameter 61 (torch.Size([256])), Block block_0 (torch.Size([256])).
I0315 19:20:20.643119 139842323592384 shampoo_preconditioner_list.py:574] Instantiated Shampoo Preconditioner 60.block_0 ([torch.Size([0]), torch.Size([0])]) for Parameter 60 (torch.Size([256, 768])), Block block_0 (torch.Size([256, 768])).
I0315 19:20:20.643153 140590863271104 shampoo_preconditioner_list.py:574] Instantiated Shampoo Preconditioner 60.block_0 ([torch.Size([0]), torch.Size([0])]) for Parameter 60 (torch.Size([256, 768])), Block block_0 (torch.Size([256, 768])).
I0315 19:20:20.643156 139727168652480 shampoo_preconditioner_list.py:574] Instantiated Shampoo Preconditioner 62.block_0 ([torch.Size([0])]) for Parameter 62 (torch.Size([256])), Block block_0 (torch.Size([256])).
I0315 19:20:20.643185 139981903705280 shampoo_preconditioner_list.py:574] Instantiated Shampoo Preconditioner 63.block_0 ([torch.Size([0])]) for Parameter 63 (torch.Size([256])), Block block_0 (torch.Size([256])).
I0315 19:20:20.643191 139981172016320 shampoo_preconditioner_list.py:574] Instantiated Shampoo Preconditioner 62.block_0 ([torch.Size([0])]) for Parameter 62 (torch.Size([256])), Block block_0 (torch.Size([256])).
I0315 19:20:20.643198 139940592760000 shampoo_preconditioner_list.py:574] Instantiated Shampoo Preconditioner 62.block_0 ([torch.Size([0])]) for Parameter 62 (torch.Size([256])), Block block_0 (torch.Size([256])).
I0315 19:20:20.643195 140284627670208 shampoo_preconditioner_list.py:574] Instantiated Shampoo Preconditioner 59.block_0 ([torch.Size([0])]) for Parameter 59 (torch.Size([256])), Block block_0 (torch.Size([256])).
I0315 19:20:20.643205 139842323592384 shampoo_preconditioner_list.py:574] Instantiated Shampoo Preconditioner 61.block_0 ([torch.Size([0])]) for Parameter 61 (torch.Size([256])), Block block_0 (torch.Size([256])).
I0315 19:20:20.643238 139727168652480 shampoo_preconditioner_list.py:574] Instantiated Shampoo Preconditioner 63.block_0 ([torch.Size([0])]) for Parameter 63 (torch.Size([256])), Block block_0 (torch.Size([256])).
I0315 19:20:20.643246 140590863271104 shampoo_preconditioner_list.py:574] Instantiated Shampoo Preconditioner 61.block_0 ([torch.Size([0])]) for Parameter 61 (torch.Size([256])), Block block_0 (torch.Size([256])).
I0315 19:20:20.643273 139981172016320 shampoo_preconditioner_list.py:574] Instantiated Shampoo Preconditioner 63.block_0 ([torch.Size([0])]) for Parameter 63 (torch.Size([256])), Block block_0 (torch.Size([256])).
I0315 19:20:20.643279 139940592760000 shampoo_preconditioner_list.py:574] Instantiated Shampoo Preconditioner 63.block_0 ([torch.Size([0])]) for Parameter 63 (torch.Size([256])), Block block_0 (torch.Size([256])).
I0315 19:20:20.643290 139842323592384 shampoo_preconditioner_list.py:574] Instantiated Shampoo Preconditioner 62.block_0 ([torch.Size([0])]) for Parameter 62 (torch.Size([256])), Block block_0 (torch.Size([256])).
I0315 19:20:20.643310 139981903705280 shampoo_preconditioner_list.py:574] Instantiated Shampoo Preconditioner 64.block_0 ([torch.Size([0]), torch.Size([0])]) for Parameter 64 (torch.Size([128, 256])), Block block_0 (torch.Size([128, 256])).
I0315 19:20:20.643316 140284627670208 shampoo_preconditioner_list.py:574] Instantiated Shampoo Preconditioner 60.block_0 ([torch.Size([0]), torch.Size([0])]) for Parameter 60 (torch.Size([256, 768])), Block block_0 (torch.Size([256, 768])).
I0315 19:20:20.643330 140590863271104 shampoo_preconditioner_list.py:574] Instantiated Shampoo Preconditioner 62.block_0 ([torch.Size([0])]) for Parameter 62 (torch.Size([256])), Block block_0 (torch.Size([256])).
I0315 19:20:20.643353 139727168652480 shampoo_preconditioner_list.py:574] Instantiated Shampoo Preconditioner 64.block_0 ([torch.Size([0]), torch.Size([0])]) for Parameter 64 (torch.Size([128, 256])), Block block_0 (torch.Size([128, 256])).
I0315 19:20:20.643372 139842323592384 shampoo_preconditioner_list.py:574] Instantiated Shampoo Preconditioner 63.block_0 ([torch.Size([0])]) for Parameter 63 (torch.Size([256])), Block block_0 (torch.Size([256])).
I0315 19:20:20.643387 139940592760000 shampoo_preconditioner_list.py:574] Instantiated Shampoo Preconditioner 64.block_0 ([torch.Size([0]), torch.Size([0])]) for Parameter 64 (torch.Size([128, 256])), Block block_0 (torch.Size([128, 256])).
I0315 19:20:20.643393 139981172016320 shampoo_preconditioner_list.py:574] Instantiated Shampoo Preconditioner 64.block_0 ([torch.Size([0]), torch.Size([0])]) for Parameter 64 (torch.Size([128, 256])), Block block_0 (torch.Size([128, 256])).
I0315 19:20:20.643400 139981903705280 shampoo_preconditioner_list.py:574] Instantiated Shampoo Preconditioner 65.block_0 ([torch.Size([0])]) for Parameter 65 (torch.Size([128])), Block block_0 (torch.Size([128])).
I0315 19:20:20.643400 140284627670208 shampoo_preconditioner_list.py:574] Instantiated Shampoo Preconditioner 61.block_0 ([torch.Size([0])]) for Parameter 61 (torch.Size([256])), Block block_0 (torch.Size([256])).
I0315 19:20:20.643418 140590863271104 shampoo_preconditioner_list.py:574] Instantiated Shampoo Preconditioner 63.block_0 ([torch.Size([0])]) for Parameter 63 (torch.Size([256])), Block block_0 (torch.Size([256])).
I0315 19:20:20.643448 139727168652480 shampoo_preconditioner_list.py:574] Instantiated Shampoo Preconditioner 65.block_0 ([torch.Size([0])]) for Parameter 65 (torch.Size([128])), Block block_0 (torch.Size([128])).
I0315 19:20:20.643493 139981172016320 shampoo_preconditioner_list.py:574] Instantiated Shampoo Preconditioner 65.block_0 ([torch.Size([0])]) for Parameter 65 (torch.Size([128])), Block block_0 (torch.Size([128])).
I0315 19:20:20.643499 140284627670208 shampoo_preconditioner_list.py:574] Instantiated Shampoo Preconditioner 62.block_0 ([torch.Size([0])]) for Parameter 62 (torch.Size([256])), Block block_0 (torch.Size([256])).
I0315 19:20:20.643505 139940592760000 shampoo_preconditioner_list.py:574] Instantiated Shampoo Preconditioner 65.block_0 ([torch.Size([0])]) for Parameter 65 (torch.Size([128])), Block block_0 (torch.Size([128])).
I0315 19:20:20.643503 139842323592384 shampoo_preconditioner_list.py:574] Instantiated Shampoo Preconditioner 64.block_0 ([torch.Size([0]), torch.Size([0])]) for Parameter 64 (torch.Size([128, 256])), Block block_0 (torch.Size([128, 256])).
I0315 19:20:20.643490 139828903359680 shampoo_preconditioner_list.py:574] Instantiated Shampoo Preconditioner 27.block_0 ([torch.Size([256, 256])]) for Parameter 27 (torch.Size([256])), Block block_0 (torch.Size([256])).
I0315 19:20:20.643545 139981903705280 shampoo_preconditioner_list.py:612] Rank 5: ShampooPreconditionerList Numel Breakdown: (131234, 131072, 1179648, 131072, 1736704, 131072, 131072, 131072, 1736704, 131072, 131072, 131072, 950272, 131072, 131072, 131072, 2228224, 131072, 131072, 131072, 2228224, 131072, 131072, 131072, 1310720, 131072, 131072, 131072, 2228224, 131072, 131072, 131072, 2228224, 131072, 131072, 131072, 1310720, 131072, 131072, 131072, 2228224, 131072, 131072, 131072, 2228224, 131072, 131072, 131072, 1310720, 131072, 131072, 131072, 2228224, 131072, 131072, 131072, 2228224, 131072, 131072, 131072, 1310720, 131072, 131072, 131072, 163840, 32768)
I0315 19:20:20.643559 140590863271104 shampoo_preconditioner_list.py:574] Instantiated Shampoo Preconditioner 64.block_0 ([torch.Size([0]), torch.Size([0])]) for Parameter 64 (torch.Size([128, 256])), Block block_0 (torch.Size([128, 256])).
I0315 19:20:20.643582 140284627670208 shampoo_preconditioner_list.py:574] Instantiated Shampoo Preconditioner 63.block_0 ([torch.Size([0])]) for Parameter 63 (torch.Size([256])), Block block_0 (torch.Size([256])).
I0315 19:20:20.643593 139981903705280 shampoo_preconditioner_list.py:615] Rank 5: ShampooPreconditionerList Bytes Breakdown: (524936, 524288)
I0315 19:20:20.643594 139842323592384 shampoo_preconditioner_list.py:574] Instantiated Shampoo Preconditioner 65.block_0 ([torch.Size([0])]) for Parameter 65 (torch.Size([128])), Block block_0 (torch.Size([128])).
I0315 19:20:20.643625 139981903705280 shampoo_preconditioner_list.py:618] Rank 5: ShampooPreconditionerList Total Elements: 35160226
I0315 19:20:20.643625 139727168652480 shampoo_preconditioner_list.py:612] Rank 4: ShampooPreconditionerList Numel Breakdown: (131234, 131072, 1179648, 131072, 1736704, 131072, 131072, 131072, 1736704, 131072, 131072, 131072, 950272, 131072, 131072, 131072, 2228224, 131072, 131072, 131072, 2228224, 131072, 131072, 131072, 1310720, 131072, 131072, 131072, 2228224, 131072, 131072, 131072, 2228224, 131072, 131072, 131072, 1310720, 131072, 131072, 131072, 2228224, 131072, 131072, 131072, 2228224, 131072, 131072, 131072, 1310720, 131072, 131072, 131072, 2228224, 131072, 131072, 131072, 2228224, 131072, 131072, 131072, 1310720, 131072, 131072, 131072, 163840, 32768)
I0315 19:20:20.643642 139828903359680 shampoo_preconditioner_list.py:574] Instantiated Shampoo Preconditioner 28.block_0 ([torch.Size([0]), torch.Size([0])]) for Parameter 28 (torch.Size([256, 1024])), Block block_0 (torch.Size([256, 1024])).
I0315 19:20:20.643653 139940592760000 shampoo_preconditioner_list.py:612] Rank 6: ShampooPreconditionerList Numel Breakdown: (131234, 131072, 1179648, 131072, 1736704, 131072, 131072, 131072, 1736704, 131072, 131072, 131072, 950272, 131072, 131072, 131072, 2228224, 131072, 131072, 131072, 2228224, 131072, 131072, 131072, 1310720, 131072, 131072, 131072, 2228224, 131072, 131072, 131072, 2228224, 131072, 131072, 131072, 1310720, 131072, 131072, 131072, 2228224, 131072, 131072, 131072, 2228224, 131072, 131072, 131072, 1310720, 131072, 131072, 131072, 2228224, 131072, 131072, 131072, 2228224, 131072, 131072, 131072, 1310720, 131072, 131072, 131072, 163840, 32768)
I0315 19:20:20.643666 139981903705280 shampoo_preconditioner_list.py:621] Rank 5: ShampooPreconditionerList Total Bytes: 1049224
I0315 19:20:20.643656 139981172016320 shampoo_preconditioner_list.py:612] Rank 2: ShampooPreconditionerList Numel Breakdown: (131234, 131072, 1179648, 131072, 1736704, 131072, 131072, 131072, 1736704, 131072, 131072, 131072, 950272, 131072, 131072, 131072, 2228224, 131072, 131072, 131072, 2228224, 131072, 131072, 131072, 1310720, 131072, 131072, 131072, 2228224, 131072, 131072, 131072, 2228224, 131072, 131072, 131072, 1310720, 131072, 131072, 131072, 2228224, 131072, 131072, 131072, 2228224, 131072, 131072, 131072, 1310720, 131072, 131072, 131072, 2228224, 131072, 131072, 131072, 2228224, 131072, 131072, 131072, 1310720, 131072, 131072, 131072, 163840, 32768)
I0315 19:20:20.643671 139727168652480 shampoo_preconditioner_list.py:615] Rank 4: ShampooPreconditionerList Bytes Breakdown: (524936, 524288)
I0315 19:20:20.643677 140590863271104 shampoo_preconditioner_list.py:574] Instantiated Shampoo Preconditioner 65.block_0 ([torch.Size([0])]) for Parameter 65 (torch.Size([128])), Block block_0 (torch.Size([128])).
I0315 19:20:20.643696 139940592760000 shampoo_preconditioner_list.py:615] Rank 6: ShampooPreconditionerList Bytes Breakdown: (524936, 524288)
I0315 19:20:20.643701 139981172016320 shampoo_preconditioner_list.py:615] Rank 2: ShampooPreconditionerList Bytes Breakdown: (524936, 524288)
I0315 19:20:20.643705 139727168652480 shampoo_preconditioner_list.py:618] Rank 4: ShampooPreconditionerList Total Elements: 35160226
I0315 19:20:20.643731 139940592760000 shampoo_preconditioner_list.py:618] Rank 6: ShampooPreconditionerList Total Elements: 35160226
I0315 19:20:20.643735 139981172016320 shampoo_preconditioner_list.py:618] Rank 2: ShampooPreconditionerList Total Elements: 35160226
I0315 19:20:20.643737 139727168652480 shampoo_preconditioner_list.py:621] Rank 4: ShampooPreconditionerList Total Bytes: 1049224
I0315 19:20:20.643741 139842323592384 shampoo_preconditioner_list.py:612] Rank 3: ShampooPreconditionerList Numel Breakdown: (131234, 131072, 1179648, 131072, 1736704, 131072, 131072, 131072, 1736704, 131072, 131072, 131072, 950272, 131072, 131072, 131072, 2228224, 131072, 131072, 131072, 2228224, 131072, 131072, 131072, 1310720, 131072, 131072, 131072, 2228224, 131072, 131072, 131072, 2228224, 131072, 131072, 131072, 1310720, 131072, 131072, 131072, 2228224, 131072, 131072, 131072, 2228224, 131072, 131072, 131072, 1310720, 131072, 131072, 131072, 2228224, 131072, 131072, 131072, 2228224, 131072, 131072, 131072, 1310720, 131072, 131072, 131072, 163840, 32768)
I0315 19:20:20.643762 139940592760000 shampoo_preconditioner_list.py:621] Rank 6: ShampooPreconditionerList Total Bytes: 1049224
I0315 19:20:20.643766 139981172016320 shampoo_preconditioner_list.py:621] Rank 2: ShampooPreconditionerList Total Bytes: 1049224
I0315 19:20:20.643777 140284627670208 shampoo_preconditioner_list.py:574] Instantiated Shampoo Preconditioner 64.block_0 ([torch.Size([0]), torch.Size([0])]) for Parameter 64 (torch.Size([128, 256])), Block block_0 (torch.Size([128, 256])).
I0315 19:20:20.643796 139842323592384 shampoo_preconditioner_list.py:615] Rank 3: ShampooPreconditionerList Bytes Breakdown: (524936, 524288)
I0315 19:20:20.643831 139842323592384 shampoo_preconditioner_list.py:618] Rank 3: ShampooPreconditionerList Total Elements: 35160226
I0315 19:20:20.643829 140590863271104 shampoo_preconditioner_list.py:612] Rank 1: ShampooPreconditionerList Numel Breakdown: (131234, 131072, 1179648, 131072, 1736704, 131072, 131072, 131072, 1736704, 131072, 131072, 131072, 950272, 131072, 131072, 131072, 2228224, 131072, 131072, 131072, 2228224, 131072, 131072, 131072, 1310720, 131072, 131072, 131072, 2228224, 131072, 131072, 131072, 2228224, 131072, 131072, 131072, 1310720, 131072, 131072, 131072, 2228224, 131072, 131072, 131072, 2228224, 131072, 131072, 131072, 1310720, 131072, 131072, 131072, 2228224, 131072, 131072, 131072, 2228224, 131072, 131072, 131072, 1310720, 131072, 131072, 131072, 163840, 32768)
I0315 19:20:20.643869 139842323592384 shampoo_preconditioner_list.py:621] Rank 3: ShampooPreconditionerList Total Bytes: 1049224
I0315 19:20:20.643873 140590863271104 shampoo_preconditioner_list.py:615] Rank 1: ShampooPreconditionerList Bytes Breakdown: (524936, 524288)
I0315 19:20:20.643873 140284627670208 shampoo_preconditioner_list.py:574] Instantiated Shampoo Preconditioner 65.block_0 ([torch.Size([0])]) for Parameter 65 (torch.Size([128])), Block block_0 (torch.Size([128])).
I0315 19:20:20.643908 140590863271104 shampoo_preconditioner_list.py:618] Rank 1: ShampooPreconditionerList Total Elements: 35160226
I0315 19:20:20.643906 139828903359680 shampoo_preconditioner_list.py:574] Instantiated Shampoo Preconditioner 29.block_0 ([torch.Size([256, 256])]) for Parameter 29 (torch.Size([256])), Block block_0 (torch.Size([256])).
I0315 19:20:20.643948 140590863271104 shampoo_preconditioner_list.py:621] Rank 1: ShampooPreconditionerList Total Bytes: 1049224
I0315 19:20:20.644022 140284627670208 shampoo_preconditioner_list.py:612] Rank 0: ShampooPreconditionerList Numel Breakdown: (131234, 131072, 1179648, 131072, 1736704, 131072, 131072, 131072, 1736704, 131072, 131072, 131072, 950272, 131072, 131072, 131072, 2228224, 131072, 131072, 131072, 2228224, 131072, 131072, 131072, 1310720, 131072, 131072, 131072, 2228224, 131072, 131072, 131072, 2228224, 131072, 131072, 131072, 1310720, 131072, 131072, 131072, 2228224, 131072, 131072, 131072, 2228224, 131072, 131072, 131072, 1310720, 131072, 131072, 131072, 2228224, 131072, 131072, 131072, 2228224, 131072, 131072, 131072, 1310720, 131072, 131072, 131072, 163840, 32768)
I0315 19:20:20.644078 140284627670208 shampoo_preconditioner_list.py:615] Rank 0: ShampooPreconditionerList Bytes Breakdown: (524936, 524288)
I0315 19:20:20.644098 139828903359680 shampoo_preconditioner_list.py:574] Instantiated Shampoo Preconditioner 30.block_0 ([torch.Size([256, 256])]) for Parameter 30 (torch.Size([256])), Block block_0 (torch.Size([256])).
I0315 19:20:20.644135 140284627670208 shampoo_preconditioner_list.py:618] Rank 0: ShampooPreconditionerList Total Elements: 35160226
I0315 19:20:20.644169 140284627670208 shampoo_preconditioner_list.py:621] Rank 0: ShampooPreconditionerList Total Bytes: 1049224
I0315 19:20:20.644279 139828903359680 shampoo_preconditioner_list.py:574] Instantiated Shampoo Preconditioner 31.block_0 ([torch.Size([256, 256])]) for Parameter 31 (torch.Size([256])), Block block_0 (torch.Size([256])).
I0315 19:20:20.644425 139828903359680 shampoo_preconditioner_list.py:574] Instantiated Shampoo Preconditioner 32.block_0 ([torch.Size([0]), torch.Size([0])]) for Parameter 32 (torch.Size([256, 1024])), Block block_0 (torch.Size([256, 1024])).
I0315 19:20:20.646444 139828903359680 shampoo_preconditioner_list.py:574] Instantiated Shampoo Preconditioner 33.block_0 ([torch.Size([256, 256])]) for Parameter 33 (torch.Size([256])), Block block_0 (torch.Size([256])).
I0315 19:20:20.646633 139828903359680 shampoo_preconditioner_list.py:574] Instantiated Shampoo Preconditioner 34.block_0 ([torch.Size([256, 256])]) for Parameter 34 (torch.Size([256])), Block block_0 (torch.Size([256])).
I0315 19:20:20.646685 139981172016320 logger_utils.py:262] Unable to record workload.train_mean information. Continuing without it.
I0315 19:20:20.646759 139981172016320 logger_utils.py:262] Unable to record workload.train_stddev information. Continuing without it.
I0315 19:20:20.646826 139828903359680 shampoo_preconditioner_list.py:574] Instantiated Shampoo Preconditioner 35.block_0 ([torch.Size([256, 256])]) for Parameter 35 (torch.Size([256])), Block block_0 (torch.Size([256])).
I0315 19:20:20.646990 139828903359680 shampoo_preconditioner_list.py:574] Instantiated Shampoo Preconditioner 36.block_0 ([torch.Size([0]), torch.Size([0])]) for Parameter 36 (torch.Size([256, 768])), Block block_0 (torch.Size([256, 768])).
I0315 19:20:20.647118 139981903705280 logger_utils.py:262] Unable to record workload.train_mean information. Continuing without it.
I0315 19:20:20.647162 139828903359680 shampoo_preconditioner_list.py:574] Instantiated Shampoo Preconditioner 37.block_0 ([torch.Size([256, 256])]) for Parameter 37 (torch.Size([256])), Block block_0 (torch.Size([256])).
I0315 19:20:20.647198 139981903705280 logger_utils.py:262] Unable to record workload.train_stddev information. Continuing without it.
I0315 19:20:20.647248 140284627670208 submission.py:142] No large parameters detected! Continuing with only Shampoo....
I0315 19:20:20.647300 140590863271104 logger_utils.py:262] Unable to record workload.train_mean information. Continuing without it.
I0315 19:20:20.647381 140590863271104 logger_utils.py:262] Unable to record workload.train_stddev information. Continuing without it.
I0315 19:20:20.647464 140284627670208 submission_runner.py:279] Initializing metrics bundle.
I0315 19:20:20.647450 139727168652480 logger_utils.py:262] Unable to record workload.train_mean information. Continuing without it.
I0315 19:20:20.647522 139727168652480 logger_utils.py:262] Unable to record workload.train_stddev information. Continuing without it.
I0315 19:20:20.647508 139940592760000 logger_utils.py:262] Unable to record workload.train_mean information. Continuing without it.
I0315 19:20:20.647576 139940592760000 logger_utils.py:262] Unable to record workload.train_stddev information. Continuing without it.
I0315 19:20:20.647603 140284627670208 submission_runner.py:301] Initializing checkpoint and logger.
I0315 19:20:20.647601 139842323592384 logger_utils.py:262] Unable to record workload.train_mean information. Continuing without it.
I0315 19:20:20.647655 139828903359680 shampoo_preconditioner_list.py:574] Instantiated Shampoo Preconditioner 38.block_0 ([torch.Size([256, 256])]) for Parameter 38 (torch.Size([256])), Block block_0 (torch.Size([256])).
I0315 19:20:20.647684 139842323592384 logger_utils.py:262] Unable to record workload.train_stddev information. Continuing without it.
I0315 19:20:20.647869 139828903359680 shampoo_preconditioner_list.py:574] Instantiated Shampoo Preconditioner 39.block_0 ([torch.Size([256, 256])]) for Parameter 39 (torch.Size([256])), Block block_0 (torch.Size([256])).
I0315 19:20:20.648028 139828903359680 shampoo_preconditioner_list.py:574] Instantiated Shampoo Preconditioner 40.block_0 ([torch.Size([0]), torch.Size([0])]) for Parameter 40 (torch.Size([256, 1024])), Block block_0 (torch.Size([256, 1024])).
I0315 19:20:20.648025 140284627670208 submission_runner.py:321] Saving meta data to /experiment_runs/submissions/rolling_leaderboard/external_tuning/shampoo/study_1/ogbg_pytorch/trial_3/meta_data_0.json.
I0315 19:20:20.648209 139828903359680 shampoo_preconditioner_list.py:574] Instantiated Shampoo Preconditioner 41.block_0 ([torch.Size([256, 256])]) for Parameter 41 (torch.Size([256])), Block block_0 (torch.Size([256])).
I0315 19:20:20.648209 140284627670208 logger_utils.py:262] Unable to record workload.train_mean information. Continuing without it.
I0315 19:20:20.648265 140284627670208 logger_utils.py:262] Unable to record workload.train_stddev information. Continuing without it.
I0315 19:20:20.648376 139828903359680 shampoo_preconditioner_list.py:574] Instantiated Shampoo Preconditioner 42.block_0 ([torch.Size([256, 256])]) for Parameter 42 (torch.Size([256])), Block block_0 (torch.Size([256])).
I0315 19:20:20.648886 139828903359680 shampoo_preconditioner_list.py:574] Instantiated Shampoo Preconditioner 43.block_0 ([torch.Size([256, 256])]) for Parameter 43 (torch.Size([256])), Block block_0 (torch.Size([256])).
I0315 19:20:20.649076 139828903359680 shampoo_preconditioner_list.py:574] Instantiated Shampoo Preconditioner 44.block_0 ([torch.Size([0]), torch.Size([0])]) for Parameter 44 (torch.Size([256, 1024])), Block block_0 (torch.Size([256, 1024])).
I0315 19:20:20.649244 139828903359680 shampoo_preconditioner_list.py:574] Instantiated Shampoo Preconditioner 45.block_0 ([torch.Size([256, 256])]) for Parameter 45 (torch.Size([256])), Block block_0 (torch.Size([256])).
I0315 19:20:20.649409 139828903359680 shampoo_preconditioner_list.py:574] Instantiated Shampoo Preconditioner 46.block_0 ([torch.Size([256, 256])]) for Parameter 46 (torch.Size([256])), Block block_0 (torch.Size([256])).
I0315 19:20:20.649568 139828903359680 shampoo_preconditioner_list.py:574] Instantiated Shampoo Preconditioner 47.block_0 ([torch.Size([256, 256])]) for Parameter 47 (torch.Size([256])), Block block_0 (torch.Size([256])).
I0315 19:20:20.649706 139828903359680 shampoo_preconditioner_list.py:574] Instantiated Shampoo Preconditioner 48.block_0 ([torch.Size([0]), torch.Size([0])]) for Parameter 48 (torch.Size([256, 768])), Block block_0 (torch.Size([256, 768])).
I0315 19:20:20.650228 139828903359680 shampoo_preconditioner_list.py:574] Instantiated Shampoo Preconditioner 49.block_0 ([torch.Size([256, 256])]) for Parameter 49 (torch.Size([256])), Block block_0 (torch.Size([256])).
I0315 19:20:20.650410 139828903359680 shampoo_preconditioner_list.py:574] Instantiated Shampoo Preconditioner 50.block_0 ([torch.Size([256, 256])]) for Parameter 50 (torch.Size([256])), Block block_0 (torch.Size([256])).
I0315 19:20:20.650569 139828903359680 shampoo_preconditioner_list.py:574] Instantiated Shampoo Preconditioner 51.block_0 ([torch.Size([256, 256])]) for Parameter 51 (torch.Size([256])), Block block_0 (torch.Size([256])).
I0315 19:20:20.650729 139828903359680 shampoo_preconditioner_list.py:574] Instantiated Shampoo Preconditioner 52.block_0 ([torch.Size([0]), torch.Size([0])]) for Parameter 52 (torch.Size([256, 1024])), Block block_0 (torch.Size([256, 1024])).
I0315 19:20:20.650904 139828903359680 shampoo_preconditioner_list.py:574] Instantiated Shampoo Preconditioner 53.block_0 ([torch.Size([256, 256])]) for Parameter 53 (torch.Size([256])), Block block_0 (torch.Size([256])).
I0315 19:20:20.651422 139828903359680 shampoo_preconditioner_list.py:574] Instantiated Shampoo Preconditioner 54.block_0 ([torch.Size([256, 256])]) for Parameter 54 (torch.Size([256])), Block block_0 (torch.Size([256])).
I0315 19:20:20.651612 139828903359680 shampoo_preconditioner_list.py:574] Instantiated Shampoo Preconditioner 55.block_0 ([torch.Size([256, 256])]) for Parameter 55 (torch.Size([256])), Block block_0 (torch.Size([256])).
I0315 19:20:20.651834 139828903359680 shampoo_preconditioner_list.py:574] Instantiated Shampoo Preconditioner 56.block_0 ([torch.Size([256, 256]), torch.Size([1024, 1024])]) for Parameter 56 (torch.Size([256, 1024])), Block block_0 (torch.Size([256, 1024])).
I0315 19:20:20.652026 139828903359680 shampoo_preconditioner_list.py:574] Instantiated Shampoo Preconditioner 57.block_0 ([torch.Size([256, 256])]) for Parameter 57 (torch.Size([256])), Block block_0 (torch.Size([256])).
I0315 19:20:20.652612 139828903359680 shampoo_preconditioner_list.py:574] Instantiated Shampoo Preconditioner 58.block_0 ([torch.Size([256, 256])]) for Parameter 58 (torch.Size([256])), Block block_0 (torch.Size([256])).
I0315 19:20:20.652802 139828903359680 shampoo_preconditioner_list.py:574] Instantiated Shampoo Preconditioner 59.block_0 ([torch.Size([256, 256])]) for Parameter 59 (torch.Size([256])), Block block_0 (torch.Size([256])).
I0315 19:20:20.652971 139828903359680 shampoo_preconditioner_list.py:574] Instantiated Shampoo Preconditioner 60.block_0 ([torch.Size([0]), torch.Size([0])]) for Parameter 60 (torch.Size([256, 768])), Block block_0 (torch.Size([256, 768])).
I0315 19:20:20.653134 139828903359680 shampoo_preconditioner_list.py:574] Instantiated Shampoo Preconditioner 61.block_0 ([torch.Size([256, 256])]) for Parameter 61 (torch.Size([256])), Block block_0 (torch.Size([256])).
I0315 19:20:20.653291 139828903359680 shampoo_preconditioner_list.py:574] Instantiated Shampoo Preconditioner 62.block_0 ([torch.Size([256, 256])]) for Parameter 62 (torch.Size([256])), Block block_0 (torch.Size([256])).
I0315 19:20:20.653789 139828903359680 shampoo_preconditioner_list.py:574] Instantiated Shampoo Preconditioner 63.block_0 ([torch.Size([256, 256])]) for Parameter 63 (torch.Size([256])), Block block_0 (torch.Size([256])).
I0315 19:20:20.654037 139828903359680 shampoo_preconditioner_list.py:574] Instantiated Shampoo Preconditioner 64.block_0 ([torch.Size([128, 128]), torch.Size([256, 256])]) for Parameter 64 (torch.Size([128, 256])), Block block_0 (torch.Size([128, 256])).
I0315 19:20:20.654194 139828903359680 shampoo_preconditioner_list.py:574] Instantiated Shampoo Preconditioner 65.block_0 ([torch.Size([128, 128])]) for Parameter 65 (torch.Size([128])), Block block_0 (torch.Size([128])).
I0315 19:20:20.654444 139828903359680 shampoo_preconditioner_list.py:612] Rank 7: ShampooPreconditionerList Numel Breakdown: (131234, 131072, 1179648, 131072, 1736704, 131072, 131072, 131072, 1736704, 131072, 131072, 131072, 950272, 131072, 131072, 131072, 2228224, 131072, 131072, 131072, 2228224, 131072, 131072, 131072, 1310720, 131072, 131072, 131072, 2228224, 131072, 131072, 131072, 2228224, 131072, 131072, 131072, 1310720, 131072, 131072, 131072, 2228224, 131072, 131072, 131072, 2228224, 131072, 131072, 131072, 1310720, 131072, 131072, 131072, 2228224, 131072, 131072, 131072, 2228224, 131072, 131072, 131072, 1310720, 131072, 131072, 131072, 163840, 32768)
I0315 19:20:20.654503 139828903359680 shampoo_preconditioner_list.py:615] Rank 7: ShampooPreconditionerList Bytes Breakdown: (524936, 524288, 4718592, 524288, 6946816, 524288, 524288, 524288, 6946816, 524288, 524288, 524288, 3801088, 524288, 524288, 524288, 8912896, 524288, 524288, 524288, 8912896, 524288, 524288, 524288, 5242880, 524288, 524288, 524288, 8912896, 524288, 524288, 524288, 8912896, 524288, 524288, 524288, 5242880, 524288, 524288, 524288, 8912896, 524288, 524288, 524288, 8912896, 524288, 524288, 524288, 5242880, 524288, 524288, 524288)
I0315 19:20:20.654545 139828903359680 shampoo_preconditioner_list.py:618] Rank 7: ShampooPreconditionerList Total Elements: 35160226
I0315 19:20:20.654574 139828903359680 shampoo_preconditioner_list.py:621] Rank 7: ShampooPreconditionerList Total Bytes: 112067208
I0315 19:20:20.656831 139828903359680 logger_utils.py:262] Unable to record workload.train_mean information. Continuing without it.
I0315 19:20:20.656914 139828903359680 logger_utils.py:262] Unable to record workload.train_stddev information. Continuing without it.
I0315 19:20:21.551997 140284627670208 submission_runner.py:325] Saving flags to /experiment_runs/submissions/rolling_leaderboard/external_tuning/shampoo/study_1/ogbg_pytorch/trial_3/flags_0.json.
I0315 19:20:21.696550 140284627670208 submission_runner.py:337] Starting training loop.
I0315 19:20:27.741559 140284627670208 dataset_info.py:690] Load dataset info from /data/ogbg/ogbg_molpcba/0.1.3
I0315 19:20:27.760526 140284627670208 reader.py:261] Creating a tf.data.Dataset reading 8 files located in folders: /data/ogbg/ogbg_molpcba/0.1.3.
WARNING:tensorflow:From /usr/local/lib/python3.11/site-packages/tensorflow_datasets/core/reader.py:101: CounterV2 (from tensorflow.python.data.experimental.ops.counter) is deprecated and will be removed in a future version.
Instructions for updating:
Use `tf.data.Dataset.counter(...)` instead.
W0315 19:20:28.143895 140284627670208 deprecation.py:50] From /usr/local/lib/python3.11/site-packages/tensorflow_datasets/core/reader.py:101: CounterV2 (from tensorflow.python.data.experimental.ops.counter) is deprecated and will be removed in a future version.
Instructions for updating:
Use `tf.data.Dataset.counter(...)` instead.
I0315 19:20:28.225496 140284627670208 logging_logger.py:49] Constructing tf.data.Dataset ogbg_molpcba for split train, from /data/ogbg/ogbg_molpcba/0.1.3
I0315 19:20:50.205431 140260112545536 logging_writer.py:48] [0] global_step=0, grad_norm=3.09108, loss=0.77022
I0315 19:20:50.371207 140284627670208 submission.py:265] 0) loss = 0.770, grad_norm = 3.091
I0315 19:20:50.899530 140284627670208 spec.py:321] Evaluating on the training split.
I0315 19:20:50.902739 140284627670208 dataset_info.py:690] Load dataset info from /data/ogbg/ogbg_molpcba/0.1.3
I0315 19:20:50.907530 140284627670208 reader.py:261] Creating a tf.data.Dataset reading 8 files located in folders: /data/ogbg/ogbg_molpcba/0.1.3.
I0315 19:20:50.971066 140284627670208 logging_logger.py:49] Constructing tf.data.Dataset ogbg_molpcba for split train, from /data/ogbg/ogbg_molpcba/0.1.3
I0315 19:21:45.852489 140284627670208 spec.py:333] Evaluating on the validation split.
I0315 19:21:45.855351 140284627670208 dataset_info.py:690] Load dataset info from /data/ogbg/ogbg_molpcba/0.1.3
I0315 19:21:45.859477 140284627670208 reader.py:261] Creating a tf.data.Dataset reading 1 files located in folders: /data/ogbg/ogbg_molpcba/0.1.3.
I0315 19:21:45.926629 140284627670208 logging_logger.py:49] Constructing tf.data.Dataset ogbg_molpcba for split validation, from /data/ogbg/ogbg_molpcba/0.1.3
I0315 19:22:32.543581 140284627670208 spec.py:349] Evaluating on the test split.
