torchrun --redirects 1:0,2:0,3:0 --standalone --nnodes=1 --nproc_per_node=4 submission_runner.py --framework=pytorch --workload=librispeech_deepspeech --submission_path=submissions_algorithms/submissions/self_tuning/lion/submission.py --data_dir=/data/librispeech --experiment_dir=/experiment_runs --experiment_name=submissions_a100/lion/study_0 --overwrite=True --save_checkpoints=False --rng_seed=-915155196 --librispeech_tokenizer_vocab_path=/data/librispeech/spm_model.vocab --torch_compile=true --tuning_ruleset=self 2>&1 | tee -a /logs/librispeech_deepspeech_pytorch_04-07-2026-06-02-38.log
W0407 06:02:55.300000 9 site-packages/torch/distributed/run.py:803] 
W0407 06:02:55.300000 9 site-packages/torch/distributed/run.py:803] *****************************************
W0407 06:02:55.300000 9 site-packages/torch/distributed/run.py:803] Setting OMP_NUM_THREADS environment variable for each process to be 1 in default, to avoid your system being overloaded, please further tune the variable for optimal performance in your application as needed. 
W0407 06:02:55.300000 9 site-packages/torch/distributed/run.py:803] *****************************************
2026-04-07 06:03:03.695423: E external/local_xla/xla/stream_executor/cuda/cuda_fft.cc:467] Unable to register cuFFT factory: Attempting to register factory for plugin cuFFT when one has already been registered
2026-04-07 06:03:03.695424: E external/local_xla/xla/stream_executor/cuda/cuda_fft.cc:467] Unable to register cuFFT factory: Attempting to register factory for plugin cuFFT when one has already been registered
2026-04-07 06:03:03.695429: E external/local_xla/xla/stream_executor/cuda/cuda_fft.cc:467] Unable to register cuFFT factory: Attempting to register factory for plugin cuFFT when one has already been registered
2026-04-07 06:03:03.695427: E external/local_xla/xla/stream_executor/cuda/cuda_fft.cc:467] Unable to register cuFFT factory: Attempting to register factory for plugin cuFFT when one has already been registered
WARNING: All log messages before absl::InitializeLog() is called are written to STDERR
WARNING: All log messages before absl::InitializeLog() is called are written to STDERR
WARNING: All log messages before absl::InitializeLog() is called are written to STDERR
E0000 00:00:1775541784.056459      41 cuda_dnn.cc:8579] Unable to register cuDNN factory: Attempting to register factory for plugin cuDNN when one has already been registered
E0000 00:00:1775541784.056469      39 cuda_dnn.cc:8579] Unable to register cuDNN factory: Attempting to register factory for plugin cuDNN when one has already been registered
E0000 00:00:1775541784.056463      38 cuda_dnn.cc:8579] Unable to register cuDNN factory: Attempting to register factory for plugin cuDNN when one has already been registered
WARNING: All log messages before absl::InitializeLog() is called are written to STDERR
E0000 00:00:1775541784.056456      40 cuda_dnn.cc:8579] Unable to register cuDNN factory: Attempting to register factory for plugin cuDNN when one has already been registered
E0000 00:00:1775541784.126124      38 cuda_blas.cc:1407] Unable to register cuBLAS factory: Attempting to register factory for plugin cuBLAS when one has already been registered
E0000 00:00:1775541784.126129      41 cuda_blas.cc:1407] Unable to register cuBLAS factory: Attempting to register factory for plugin cuBLAS when one has already been registered
E0000 00:00:1775541784.126129      40 cuda_blas.cc:1407] Unable to register cuBLAS factory: Attempting to register factory for plugin cuBLAS when one has already been registered
E0000 00:00:1775541784.126169      39 cuda_blas.cc:1407] Unable to register cuBLAS factory: Attempting to register factory for plugin cuBLAS when one has already been registered
W0000 00:00:1775541784.868276      38 computation_placer.cc:177] computation placer already registered. Please check linkage and avoid linking the same target more than once.
W0000 00:00:1775541784.868276      40 computation_placer.cc:177] computation placer already registered. Please check linkage and avoid linking the same target more than once.
W0000 00:00:1775541784.868278      39 computation_placer.cc:177] computation placer already registered. Please check linkage and avoid linking the same target more than once.
W0000 00:00:1775541784.868276      41 computation_placer.cc:177] computation placer already registered. Please check linkage and avoid linking the same target more than once.
W0000 00:00:1775541784.868316      40 computation_placer.cc:177] computation placer already registered. Please check linkage and avoid linking the same target more than once.
W0000 00:00:1775541784.868316      39 computation_placer.cc:177] computation placer already registered. Please check linkage and avoid linking the same target more than once.
W0000 00:00:1775541784.868316      41 computation_placer.cc:177] computation placer already registered. Please check linkage and avoid linking the same target more than once.
W0000 00:00:1775541784.868318      40 computation_placer.cc:177] computation placer already registered. Please check linkage and avoid linking the same target more than once.
W0000 00:00:1775541784.868318      38 computation_placer.cc:177] computation placer already registered. Please check linkage and avoid linking the same target more than once.
W0000 00:00:1775541784.868319      39 computation_placer.cc:177] computation placer already registered. Please check linkage and avoid linking the same target more than once.
W0000 00:00:1775541784.868319      41 computation_placer.cc:177] computation placer already registered. Please check linkage and avoid linking the same target more than once.
W0000 00:00:1775541784.868321      40 computation_placer.cc:177] computation placer already registered. Please check linkage and avoid linking the same target more than once.
W0000 00:00:1775541784.868321      38 computation_placer.cc:177] computation placer already registered. Please check linkage and avoid linking the same target more than once.
W0000 00:00:1775541784.868322      39 computation_placer.cc:177] computation placer already registered. Please check linkage and avoid linking the same target more than once.
W0000 00:00:1775541784.868322      41 computation_placer.cc:177] computation placer already registered. Please check linkage and avoid linking the same target more than once.
W0000 00:00:1775541784.868324      38 computation_placer.cc:177] computation placer already registered. Please check linkage and avoid linking the same target more than once.
W0000 00:00:1775541806.311678      39 gpu_device.cc:2341] Cannot dlopen some GPU libraries. Please make sure the missing libraries mentioned above are installed properly if you would like to use GPU. Follow the guide at https://www.tensorflow.org/install/gpu for how to download and setup the required libraries for your platform.
Skipping registering GPU devices...
W0000 00:00:1775541806.311660      40 gpu_device.cc:2341] Cannot dlopen some GPU libraries. Please make sure the missing libraries mentioned above are installed properly if you would like to use GPU. Follow the guide at https://www.tensorflow.org/install/gpu for how to download and setup the required libraries for your platform.
Skipping registering GPU devices...
W0000 00:00:1775541806.311660      41 gpu_device.cc:2341] Cannot dlopen some GPU libraries. Please make sure the missing libraries mentioned above are installed properly if you would like to use GPU. Follow the guide at https://www.tensorflow.org/install/gpu for how to download and setup the required libraries for your platform.
Skipping registering GPU devices...
W0000 00:00:1775541806.311657      38 gpu_device.cc:2341] Cannot dlopen some GPU libraries. Please make sure the missing libraries mentioned above are installed properly if you would like to use GPU. Follow the guide at https://www.tensorflow.org/install/gpu for how to download and setup the required libraries for your platform.
Skipping registering GPU devices...
/usr/local/lib/python3.11/site-packages/torch/__init__.py:1617: UserWarning: Please use the new API settings to control TF32 behavior, such as torch.backends.cudnn.conv.fp32_precision = 'tf32' or torch.backends.cuda.matmul.fp32_precision = 'ieee'. Old settings, e.g, torch.backends.cuda.matmul.allow_tf32 = True, torch.backends.cudnn.allow_tf32 = True, allowTF32CuDNN() and allowTF32CuBLAS() will be deprecated after Pytorch 2.9. Please see https://pytorch.org/docs/main/notes/cuda.html#tensorfloat-32-tf32-on-ampere-and-later-devices (Triggered internally at /pytorch/aten/src/ATen/Context.cpp:80.)
  _C._set_float32_matmul_precision(precision)
/usr/local/lib/python3.11/site-packages/torch/__init__.py:1617: UserWarning: Please use the new API settings to control TF32 behavior, such as torch.backends.cudnn.conv.fp32_precision = 'tf32' or torch.backends.cuda.matmul.fp32_precision = 'ieee'. Old settings, e.g, torch.backends.cuda.matmul.allow_tf32 = True, torch.backends.cudnn.allow_tf32 = True, allowTF32CuDNN() and allowTF32CuBLAS() will be deprecated after Pytorch 2.9. Please see https://pytorch.org/docs/main/notes/cuda.html#tensorfloat-32-tf32-on-ampere-and-later-devices (Triggered internally at /pytorch/aten/src/ATen/Context.cpp:80.)
  _C._set_float32_matmul_precision(precision)
/usr/local/lib/python3.11/site-packages/torch/__init__.py:1617: UserWarning: Please use the new API settings to control TF32 behavior, such as torch.backends.cudnn.conv.fp32_precision = 'tf32' or torch.backends.cuda.matmul.fp32_precision = 'ieee'. Old settings, e.g, torch.backends.cuda.matmul.allow_tf32 = True, torch.backends.cudnn.allow_tf32 = True, allowTF32CuDNN() and allowTF32CuBLAS() will be deprecated after Pytorch 2.9. Please see https://pytorch.org/docs/main/notes/cuda.html#tensorfloat-32-tf32-on-ampere-and-later-devices (Triggered internally at /pytorch/aten/src/ATen/Context.cpp:80.)
  _C._set_float32_matmul_precision(precision)
/usr/local/lib/python3.11/site-packages/torch/__init__.py:1617: UserWarning: Please use the new API settings to control TF32 behavior, such as torch.backends.cudnn.conv.fp32_precision = 'tf32' or torch.backends.cuda.matmul.fp32_precision = 'ieee'. Old settings, e.g, torch.backends.cuda.matmul.allow_tf32 = True, torch.backends.cudnn.allow_tf32 = True, allowTF32CuDNN() and allowTF32CuBLAS() will be deprecated after Pytorch 2.9. Please see https://pytorch.org/docs/main/notes/cuda.html#tensorfloat-32-tf32-on-ampere-and-later-devices (Triggered internally at /pytorch/aten/src/ATen/Context.cpp:80.)
  _C._set_float32_matmul_precision(precision)
/usr/local/lib/python3.11/site-packages/pydantic/_internal/_generate_schema.py:2249: UnsupportedFieldAttributeWarning: The 'repr' attribute with value False was provided to the `Field()` function, which has no effect in the context it was used. 'repr' is field-specific metadata, and can only be attached to a model field using `Annotated` metadata or by assignment. This may have happened because an `Annotated` type alias using the `type` statement was used, or if the `Field()` function was attached to a single member of a union type.
  warnings.warn(
/usr/local/lib/python3.11/site-packages/pydantic/_internal/_generate_schema.py:2249: UnsupportedFieldAttributeWarning: The 'repr' attribute with value False was provided to the `Field()` function, which has no effect in the context it was used. 'repr' is field-specific metadata, and can only be attached to a model field using `Annotated` metadata or by assignment. This may have happened because an `Annotated` type alias using the `type` statement was used, or if the `Field()` function was attached to a single member of a union type.
  warnings.warn(
/usr/local/lib/python3.11/site-packages/pydantic/_internal/_generate_schema.py:2249: UnsupportedFieldAttributeWarning: The 'repr' attribute with value False was provided to the `Field()` function, which has no effect in the context it was used. 'repr' is field-specific metadata, and can only be attached to a model field using `Annotated` metadata or by assignment. This may have happened because an `Annotated` type alias using the `type` statement was used, or if the `Field()` function was attached to a single member of a union type.
  warnings.warn(
/usr/local/lib/python3.11/site-packages/pydantic/_internal/_generate_schema.py:2249: UnsupportedFieldAttributeWarning: The 'repr' attribute with value False was provided to the `Field()` function, which has no effect in the context it was used. 'repr' is field-specific metadata, and can only be attached to a model field using `Annotated` metadata or by assignment. This may have happened because an `Annotated` type alias using the `type` statement was used, or if the `Field()` function was attached to a single member of a union type.
  warnings.warn(
/usr/local/lib/python3.11/site-packages/pydantic/_internal/_generate_schema.py:2249: UnsupportedFieldAttributeWarning: The 'frozen' attribute with value True was provided to the `Field()` function, which has no effect in the context it was used. 'frozen' is field-specific metadata, and can only be attached to a model field using `Annotated` metadata or by assignment. This may have happened because an `Annotated` type alias using the `type` statement was used, or if the `Field()` function was attached to a single member of a union type.
  warnings.warn(
/usr/local/lib/python3.11/site-packages/pydantic/_internal/_generate_schema.py:2249: UnsupportedFieldAttributeWarning: The 'frozen' attribute with value True was provided to the `Field()` function, which has no effect in the context it was used. 'frozen' is field-specific metadata, and can only be attached to a model field using `Annotated` metadata or by assignment. This may have happened because an `Annotated` type alias using the `type` statement was used, or if the `Field()` function was attached to a single member of a union type.
  warnings.warn(
/usr/local/lib/python3.11/site-packages/pydantic/_internal/_generate_schema.py:2249: UnsupportedFieldAttributeWarning: The 'frozen' attribute with value True was provided to the `Field()` function, which has no effect in the context it was used. 'frozen' is field-specific metadata, and can only be attached to a model field using `Annotated` metadata or by assignment. This may have happened because an `Annotated` type alias using the `type` statement was used, or if the `Field()` function was attached to a single member of a union type.
  warnings.warn(
/usr/local/lib/python3.11/site-packages/pydantic/_internal/_generate_schema.py:2249: UnsupportedFieldAttributeWarning: The 'frozen' attribute with value True was provided to the `Field()` function, which has no effect in the context it was used. 'frozen' is field-specific metadata, and can only be attached to a model field using `Annotated` metadata or by assignment. This may have happened because an `Annotated` type alias using the `type` statement was used, or if the `Field()` function was attached to a single member of a union type.
  warnings.warn(
/usr/local/lib/python3.11/site-packages/torch/distributed/distributed_c10d.py:4876: UserWarning: barrier(): using the device under current context. You can specify `device_id` in `init_process_group` to mute this warning.
  warnings.warn(  # warn only once
[rank0]:[W407 06:03:34.429423422 ProcessGroupNCCL.cpp:5068] Guessing device ID based on global rank. This can cause a hang if rank to GPU mapping is heterogeneous. You can specify device_id in init_process_group()
I0407 06:03:35.780806 140241936348352 logger_utils.py:84] Creating experiment directory at /experiment_runs/submissions_a100/lion/study_0/librispeech_deepspeech_pytorch.
I0407 06:03:35.780807 140198898377920 logger_utils.py:84] Creating experiment directory at /experiment_runs/submissions_a100/lion/study_0/librispeech_deepspeech_pytorch.
I0407 06:03:35.780805 140249911637184 logger_utils.py:84] Creating experiment directory at /experiment_runs/submissions_a100/lion/study_0/librispeech_deepspeech_pytorch.
I0407 06:03:35.780826 140607968457920 logger_utils.py:84] Creating experiment directory at /experiment_runs/submissions_a100/lion/study_0/librispeech_deepspeech_pytorch.
I0407 06:03:35.989676 140241936348352 submission_runner.py:741] Creating directory at /experiment_runs/submissions_a100/lion/study_0/librispeech_deepspeech_pytorch/trial_1.
I0407 06:03:36.261792 140241936348352 submission_runner.py:242] Initializing dataset.
I0407 06:03:36.261993 140241936348352 input_pipeline.py:19] Loading split = train-clean-100
I0407 06:03:36.311428 140241936348352 input_pipeline.py:19] Loading split = train-clean-360
I0407 06:03:36.486110 140241936348352 input_pipeline.py:19] Loading split = train-other-500
I0407 06:03:36.961760 140241936348352 submission_runner.py:251] Initializing model.
W0407 06:03:48.292549 140607968457920 submission_runner.py:273] These workloads cannot be fully compiled under current PyTorch version. Proceeding without `torch.compile`.
W0407 06:03:48.292755 140241936348352 submission_runner.py:273] These workloads cannot be fully compiled under current PyTorch version. Proceeding without `torch.compile`.
W0407 06:03:48.293072 140198898377920 submission_runner.py:273] These workloads cannot be fully compiled under current PyTorch version. Proceeding without `torch.compile`.
W0407 06:03:48.293520 140249911637184 submission_runner.py:273] These workloads cannot be fully compiled under current PyTorch version. Proceeding without `torch.compile`.
I0407 06:03:51.448828 140241936348352 submission_runner.py:294] Initializing optimizer.
I0407 06:03:51.449432 140241936348352 submission_runner.py:299] Initializing metrics bundle.
I0407 06:03:51.449575 140241936348352 submission_runner.py:321] Initializing checkpoint and logger.
I0407 06:03:51.452638 140241936348352 submission_runner.py:344] Saving meta data to /experiment_runs/submissions_a100/lion/study_0/librispeech_deepspeech_pytorch/trial_1/meta_data_0.json.
I0407 06:03:51.452739 140607968457920 logger_utils.py:283] Unable to record workload.train_mean information. Continuing without it.
I0407 06:03:51.452744 140249911637184 logger_utils.py:283] Unable to record workload.train_mean information. Continuing without it.
I0407 06:03:51.452767 140198898377920 logger_utils.py:283] Unable to record workload.train_mean information. Continuing without it.
I0407 06:03:51.452856 140241936348352 logger_utils.py:283] Unable to record workload.train_mean information. Continuing without it.
I0407 06:03:51.452893 140607968457920 logger_utils.py:283] Unable to record workload.train_stddev information. Continuing without it.
I0407 06:03:51.452896 140249911637184 logger_utils.py:283] Unable to record workload.train_stddev information. Continuing without it.
I0407 06:03:51.452910 140241936348352 logger_utils.py:283] Unable to record workload.train_stddev information. Continuing without it.
I0407 06:03:51.452925 140198898377920 logger_utils.py:283] Unable to record workload.train_stddev information. Continuing without it.
I0407 06:03:51.990057 140241936348352 submission_runner.py:348] Saving flags to /experiment_runs/submissions_a100/lion/study_0/librispeech_deepspeech_pytorch/trial_1/flags_0.json.
I0407 06:03:52.012373 140241936348352 submission_runner.py:359] Starting training loop.
/usr/local/lib/python3.11/multiprocessing/popen_fork.py:66: RuntimeWarning: os.fork() was called. os.fork() is incompatible with multithreaded code, and JAX is multithreaded, so this will likely lead to a deadlock.
  self.pid = os.fork()
/usr/local/lib/python3.11/multiprocessing/popen_fork.py:66: RuntimeWarning: os.fork() was called. os.fork() is incompatible with multithreaded code, and JAX is multithreaded, so this will likely lead to a deadlock.
  self.pid = os.fork()
/usr/local/lib/python3.11/multiprocessing/popen_fork.py:66: RuntimeWarning: os.fork() was called. os.fork() is incompatible with multithreaded code, and JAX is multithreaded, so this will likely lead to a deadlock.
  self.pid = os.fork()
/usr/local/lib/python3.11/multiprocessing/popen_fork.py:66: RuntimeWarning: os.fork() was called. os.fork() is incompatible with multithreaded code, and JAX is multithreaded, so this will likely lead to a deadlock.
  self.pid = os.fork()
/algorithmic-efficiency/algoperf/workloads/librispeech_conformer/librispeech_pytorch/preprocessor.py:516: UserWarning: Specified kernel cache directory could not be created! This disables kernel caching. Specified directory is /root/.cache/torch/kernels. This warning will appear only once per process. (Triggered internally at /pytorch/aten/src/ATen/native/cuda/jit_utils.cpp:1487.)
  spectrum = torch.abs(spectrum)
/algorithmic-efficiency/algoperf/workloads/librispeech_conformer/librispeech_pytorch/preprocessor.py:516: UserWarning: Specified kernel cache directory could not be created! This disables kernel caching. Specified directory is /root/.cache/torch/kernels. This warning will appear only once per process. (Triggered internally at /pytorch/aten/src/ATen/native/cuda/jit_utils.cpp:1487.)
  spectrum = torch.abs(spectrum)
/algorithmic-efficiency/algoperf/workloads/librispeech_conformer/librispeech_pytorch/preprocessor.py:516: UserWarning: Specified kernel cache directory could not be created! This disables kernel caching. Specified directory is /root/.cache/torch/kernels. This warning will appear only once per process. (Triggered internally at /pytorch/aten/src/ATen/native/cuda/jit_utils.cpp:1487.)
  spectrum = torch.abs(spectrum)
I0407 06:04:45.476094 140224985007872 logging_writer.py:48] [0] global_step=0, grad_norm=44.5998, loss=33.3164
I0407 06:04:45.694630 140241936348352 submission.py:218] 0) loss = 33.316, grad_norm = 44.600
I0407 06:04:46.334835 140241936348352 spec.py:333] Evaluating on the training split.
I0407 06:04:46.335819 140241936348352 input_pipeline.py:19] Loading split = train-clean-100
I0407 06:04:46.360925 140241936348352 input_pipeline.py:19] Loading split = train-clean-360
I0407 06:04:46.453674 140241936348352 input_pipeline.py:19] Loading split = train-other-500
/usr/local/lib/python3.11/multiprocessing/popen_fork.py:66: RuntimeWarning: os.fork() was called. os.fork() is incompatible with multithreaded code, and JAX is multithreaded, so this will likely lead to a deadlock.
  self.pid = os.fork()
/usr/local/lib/python3.11/multiprocessing/popen_fork.py:66: RuntimeWarning: os.fork() was called. os.fork() is incompatible with multithreaded code, and JAX is multithreaded, so this will likely lead to a deadlock.
  self.pid = os.fork()
/usr/local/lib/python3.11/multiprocessing/popen_fork.py:66: RuntimeWarning: os.fork() was called. os.fork() is incompatible with multithreaded code, and JAX is multithreaded, so this will likely lead to a deadlock.
  self.pid = os.fork()
/usr/local/lib/python3.11/multiprocessing/popen_fork.py:66: RuntimeWarning: os.fork() was called. os.fork() is incompatible with multithreaded code, and JAX is multithreaded, so this will likely lead to a deadlock.
  self.pid = os.fork()
I0407 06:05:20.469340 140241936348352 spec.py:346] Evaluating on the validation split.
I0407 06:05:20.470457 140241936348352 input_pipeline.py:19] Loading split = dev-clean
I0407 06:05:20.485885 140241936348352 input_pipeline.py:19] Loading split = dev-other
/usr/local/lib/python3.11/multiprocessing/popen_fork.py:66: RuntimeWarning: os.fork() was called. os.fork() is incompatible with multithreaded code, and JAX is multithreaded, so this will likely lead to a deadlock.
  self.pid = os.fork()
/usr/local/lib/python3.11/multiprocessing/popen_fork.py:66: RuntimeWarning: os.fork() was called. os.fork() is incompatible with multithreaded code, and JAX is multithreaded, so this will likely lead to a deadlock.
  self.pid = os.fork()
/usr/local/lib/python3.11/multiprocessing/popen_fork.py:66: RuntimeWarning: os.fork() was called. os.fork() is incompatible with multithreaded code, and JAX is multithreaded, so this will likely lead to a deadlock.
  self.pid = os.fork()
/usr/local/lib/python3.11/multiprocessing/popen_fork.py:66: RuntimeWarning: os.fork() was called. os.fork() is incompatible with multithreaded code, and JAX is multithreaded, so this will likely lead to a deadlock.
  self.pid = os.fork()
I0407 06:05:47.633122 140241936348352 spec.py:363] Evaluating on the test split.
I0407 06:05:47.634290 140241936348352 input_pipeline.py:19] Loading split = test-clean
/usr/local/lib/python3.11/multiprocessing/popen_fork.py:66: RuntimeWarning: os.fork() was called. os.fork() is incompatible with multithreaded code, and JAX is multithreaded, so this will likely lead to a deadlock.
  self.pid = os.fork()
/usr/local/lib/python3.11/multiprocessing/popen_fork.py:66: RuntimeWarning: os.fork() was called. os.fork() is incompatible with multithreaded code, and JAX is multithreaded, so this will likely lead to a deadlock.
  self.pid = os.fork()
/usr/local/lib/python3.11/multiprocessing/popen_fork.py:66: RuntimeWarning: os.fork() was called. os.fork() is incompatible with multithreaded code, and JAX is multithreaded, so this will likely lead to a deadlock.
  self.pid = os.fork()
/usr/local/lib/python3.11/multiprocessing/popen_fork.py:66: RuntimeWarning: os.fork() was called. os.fork() is incompatible with multithreaded code, and JAX is multithreaded, so this will likely lead to a deadlock.
  self.pid = os.fork()
I0407 06:05:59.873760 140241936348352 submission_runner.py:516] Time since start: 127.86s, 	Step: 1, 	{'train/ctc_loss': 32.16297809210259, 'train/wer': 2.8338910547974874, 'validation/ctc_loss': 31.149647754671488, 'validation/wer': 2.656689035871192, 'validation/num_examples': 5348, 'test/ctc_loss': 31.273614426737208, 'test/wer': 2.7334917636544596, 'test/num_examples': 2472, 'score': 53.684048891067505, 'total_duration': 127.86123037338257, 'accumulated_submission_time': 53.684048891067505, 'accumulated_eval_time': 73.5387008190155, 'accumulated_logging_time': 0}
I0407 06:06:00.015863 140223249897216 logging_writer.py:48] [1] accumulated_eval_time=73.5387, accumulated_logging_time=0, accumulated_submission_time=53.684, global_step=1, preemption_count=0, score=53.684, test/ctc_loss=31.2736, test/num_examples=2472, test/wer=2.73349, total_duration=127.861, train/ctc_loss=32.163, train/wer=2.83389, validation/ctc_loss=31.1496, validation/num_examples=5348, validation/wer=2.65669
I0407 06:06:01.303885 140223031801600 logging_writer.py:48] [1] global_step=1, grad_norm=40.3291, loss=32.8606
I0407 06:06:01.307015 140241936348352 submission.py:218] 1) loss = 32.861, grad_norm = 40.329
I0407 06:06:01.859773 140223249897216 logging_writer.py:48] [2] global_step=2, grad_norm=57.5929, loss=33.1843
I0407 06:06:01.863190 140241936348352 submission.py:218] 2) loss = 33.184, grad_norm = 57.593
I0407 06:06:02.414806 140223031801600 logging_writer.py:48] [3] global_step=3, grad_norm=44.9238, loss=33.4143
I0407 06:06:02.418418 140241936348352 submission.py:218] 3) loss = 33.414, grad_norm = 44.924
I0407 06:06:02.966676 140223249897216 logging_writer.py:48] [4] global_step=4, grad_norm=61.2551, loss=32.7076
I0407 06:06:02.969994 140241936348352 submission.py:218] 4) loss = 32.708, grad_norm = 61.255
I0407 06:06:03.516773 140223031801600 logging_writer.py:48] [5] global_step=5, grad_norm=67.7766, loss=32.9222
I0407 06:06:03.520077 140241936348352 submission.py:218] 5) loss = 32.922, grad_norm = 67.777
I0407 06:06:04.071949 140223249897216 logging_writer.py:48] [6] global_step=6, grad_norm=72.9999, loss=32.9339
I0407 06:06:04.075121 140241936348352 submission.py:218] 6) loss = 32.934, grad_norm = 73.000
I0407 06:06:04.621123 140223031801600 logging_writer.py:48] [7] global_step=7, grad_norm=71.0264, loss=31.8117
I0407 06:06:04.624302 140241936348352 submission.py:218] 7) loss = 31.812, grad_norm = 71.026
I0407 06:06:05.170541 140223249897216 logging_writer.py:48] [8] global_step=8, grad_norm=73.2464, loss=32.1103
I0407 06:06:05.173784 140241936348352 submission.py:218] 8) loss = 32.110, grad_norm = 73.246
I0407 06:06:06.584562 140223031801600 logging_writer.py:48] [9] global_step=9, grad_norm=71.9592, loss=31.6469
I0407 06:06:06.587784 140241936348352 submission.py:218] 9) loss = 31.647, grad_norm = 71.959
I0407 06:06:07.184473 140223249897216 logging_writer.py:48] [10] global_step=10, grad_norm=64.1698, loss=31.4279
I0407 06:06:07.193777 140241936348352 submission.py:218] 10) loss = 31.428, grad_norm = 64.170
I0407 06:06:08.110667 140223031801600 logging_writer.py:48] [11] global_step=11, grad_norm=61.0739, loss=31.3872
I0407 06:06:08.113819 140241936348352 submission.py:218] 11) loss = 31.387, grad_norm = 61.074
I0407 06:06:08.841777 140223249897216 logging_writer.py:48] [12] global_step=12, grad_norm=60.1609, loss=31.3158
I0407 06:06:08.845008 140241936348352 submission.py:218] 12) loss = 31.316, grad_norm = 60.161
I0407 06:06:12.116476 140223031801600 logging_writer.py:48] [13] global_step=13, grad_norm=57.3043, loss=30.6052
I0407 06:06:12.119643 140241936348352 submission.py:218] 13) loss = 30.605, grad_norm = 57.304
I0407 06:06:12.800759 140223249897216 logging_writer.py:48] [14] global_step=14, grad_norm=55.6017, loss=30.535
I0407 06:06:12.804182 140241936348352 submission.py:218] 14) loss = 30.535, grad_norm = 55.602
I0407 06:06:13.611354 140223031801600 logging_writer.py:48] [15] global_step=15, grad_norm=50.8814, loss=29.5542
I0407 06:06:13.614451 140241936348352 submission.py:218] 15) loss = 29.554, grad_norm = 50.881
I0407 06:06:14.640684 140223249897216 logging_writer.py:48] [16] global_step=16, grad_norm=48.2648, loss=29.8617
I0407 06:06:14.643952 140241936348352 submission.py:218] 16) loss = 29.862, grad_norm = 48.265
I0407 06:06:17.555247 140223031801600 logging_writer.py:48] [17] global_step=17, grad_norm=45.5351, loss=29.5251
I0407 06:06:17.558755 140241936348352 submission.py:218] 17) loss = 29.525, grad_norm = 45.535
I0407 06:06:18.302464 140223249897216 logging_writer.py:48] [18] global_step=18, grad_norm=45.2531, loss=29.2248
I0407 06:06:18.305603 140241936348352 submission.py:218] 18) loss = 29.225, grad_norm = 45.253
I0407 06:06:19.299390 140223031801600 logging_writer.py:48] [19] global_step=19, grad_norm=40.5142, loss=28.696
I0407 06:06:19.302627 140241936348352 submission.py:218] 19) loss = 28.696, grad_norm = 40.514
I0407 06:06:19.894059 140223249897216 logging_writer.py:48] [20] global_step=20, grad_norm=38.3635, loss=28.2184
I0407 06:06:19.897407 140241936348352 submission.py:218] 20) loss = 28.218, grad_norm = 38.363
I0407 06:06:23.142206 140223031801600 logging_writer.py:48] [21] global_step=21, grad_norm=38.0602, loss=28.169
I0407 06:06:23.145730 140241936348352 submission.py:218] 21) loss = 28.169, grad_norm = 38.060
I0407 06:06:23.871558 140223249897216 logging_writer.py:48] [22] global_step=22, grad_norm=35.645, loss=28.5232
I0407 06:06:23.874878 140241936348352 submission.py:218] 22) loss = 28.523, grad_norm = 35.645
I0407 06:06:25.204467 140223031801600 logging_writer.py:48] [23] global_step=23, grad_norm=32.7697, loss=27.7006
I0407 06:06:25.207722 140241936348352 submission.py:218] 23) loss = 27.701, grad_norm = 32.770
I0407 06:06:25.774750 140223249897216 logging_writer.py:48] [24] global_step=24, grad_norm=32.8825, loss=27.7904
I0407 06:06:25.777951 140241936348352 submission.py:218] 24) loss = 27.790, grad_norm = 32.882
I0407 06:06:28.954938 140223031801600 logging_writer.py:48] [25] global_step=25, grad_norm=31.33, loss=27.7303
I0407 06:06:28.959147 140241936348352 submission.py:218] 25) loss = 27.730, grad_norm = 31.330
I0407 06:06:30.202686 140223249897216 logging_writer.py:48] [26] global_step=26, grad_norm=29.5735, loss=27.1991
I0407 06:06:30.205968 140241936348352 submission.py:218] 26) loss = 27.199, grad_norm = 29.573
I0407 06:06:30.755588 140223031801600 logging_writer.py:48] [27] global_step=27, grad_norm=29.5479, loss=27.235
I0407 06:06:30.758717 140241936348352 submission.py:218] 27) loss = 27.235, grad_norm = 29.548
I0407 06:06:31.444711 140223249897216 logging_writer.py:48] [28] global_step=28, grad_norm=27.7017, loss=27.0677
I0407 06:06:31.448074 140241936348352 submission.py:218] 28) loss = 27.068, grad_norm = 27.702
I0407 06:06:34.466876 140223031801600 logging_writer.py:48] [29] global_step=29, grad_norm=27.0948, loss=26.4764
I0407 06:06:34.470114 140241936348352 submission.py:218] 29) loss = 26.476, grad_norm = 27.095
I0407 06:06:35.864682 140223249897216 logging_writer.py:48] [30] global_step=30, grad_norm=26.9838, loss=26.2135
I0407 06:06:35.868132 140241936348352 submission.py:218] 30) loss = 26.213, grad_norm = 26.984
I0407 06:06:36.407717 140223031801600 logging_writer.py:48] [31] global_step=31, grad_norm=27.607, loss=26.3043
I0407 06:06:36.411017 140241936348352 submission.py:218] 31) loss = 26.304, grad_norm = 27.607
I0407 06:06:37.290687 140223249897216 logging_writer.py:48] [32] global_step=32, grad_norm=27.0161, loss=26.0689
I0407 06:06:37.294165 140241936348352 submission.py:218] 32) loss = 26.069, grad_norm = 27.016
I0407 06:06:40.077184 140223031801600 logging_writer.py:48] [33] global_step=33, grad_norm=25.6333, loss=26.1052
I0407 06:06:40.080456 140241936348352 submission.py:218] 33) loss = 26.105, grad_norm = 25.633
I0407 06:06:41.888520 140223249897216 logging_writer.py:48] [34] global_step=34, grad_norm=26.275, loss=25.6226
I0407 06:06:41.891849 140241936348352 submission.py:218] 34) loss = 25.623, grad_norm = 26.275
I0407 06:06:42.436357 140223031801600 logging_writer.py:48] [35] global_step=35, grad_norm=26.8772, loss=25.5575
I0407 06:06:42.439563 140241936348352 submission.py:218] 35) loss = 25.558, grad_norm = 26.877
I0407 06:06:42.991832 140223249897216 logging_writer.py:48] [36] global_step=36, grad_norm=26.1176, loss=25.3027
I0407 06:06:42.995281 140241936348352 submission.py:218] 36) loss = 25.303, grad_norm = 26.118
I0407 06:06:45.037962 140223031801600 logging_writer.py:48] [37] global_step=37, grad_norm=26.2457, loss=24.54
I0407 06:06:45.041156 140241936348352 submission.py:218] 37) loss = 24.540, grad_norm = 26.246
I0407 06:06:47.101588 140223249897216 logging_writer.py:48] [38] global_step=38, grad_norm=25.5643, loss=24.9248
I0407 06:06:47.105030 140241936348352 submission.py:218] 38) loss = 24.925, grad_norm = 25.564
I0407 06:06:47.653189 140223031801600 logging_writer.py:48] [39] global_step=39, grad_norm=26.8282, loss=24.5014
I0407 06:06:47.656594 140241936348352 submission.py:218] 39) loss = 24.501, grad_norm = 26.828
I0407 06:06:48.206241 140223249897216 logging_writer.py:48] [40] global_step=40, grad_norm=25.9019, loss=24.1529
I0407 06:06:48.209459 140241936348352 submission.py:218] 40) loss = 24.153, grad_norm = 25.902
I0407 06:06:50.484434 140223031801600 logging_writer.py:48] [41] global_step=41, grad_norm=26.9469, loss=23.5808
I0407 06:06:50.487545 140241936348352 submission.py:218] 41) loss = 23.581, grad_norm = 26.947
I0407 06:06:52.899772 140223249897216 logging_writer.py:48] [42] global_step=42, grad_norm=26.8289, loss=23.4481
I0407 06:06:52.902960 140241936348352 submission.py:218] 42) loss = 23.448, grad_norm = 26.829
I0407 06:06:53.459236 140223031801600 logging_writer.py:48] [43] global_step=43, grad_norm=26.4745, loss=23.1272
I0407 06:06:53.462515 140241936348352 submission.py:218] 43) loss = 23.127, grad_norm = 26.475
I0407 06:06:54.007923 140223249897216 logging_writer.py:48] [44] global_step=44, grad_norm=25.3841, loss=22.6532
I0407 06:06:54.011157 140241936348352 submission.py:218] 44) loss = 22.653, grad_norm = 25.384
I0407 06:06:56.166579 140223031801600 logging_writer.py:48] [45] global_step=45, grad_norm=25.9803, loss=22.2411
I0407 06:06:56.170012 140241936348352 submission.py:218] 45) loss = 22.241, grad_norm = 25.980
I0407 06:06:58.559781 140223249897216 logging_writer.py:48] [46] global_step=46, grad_norm=25.6572, loss=21.8016
I0407 06:06:58.562957 140241936348352 submission.py:218] 46) loss = 21.802, grad_norm = 25.657
I0407 06:06:59.112028 140223031801600 logging_writer.py:48] [47] global_step=47, grad_norm=26.6721, loss=21.5163
I0407 06:06:59.115251 140241936348352 submission.py:218] 47) loss = 21.516, grad_norm = 26.672
I0407 06:06:59.721467 140223249897216 logging_writer.py:48] [48] global_step=48, grad_norm=27.12, loss=21.5475
I0407 06:06:59.724651 140241936348352 submission.py:218] 48) loss = 21.547, grad_norm = 27.120
I0407 06:07:01.763013 140223031801600 logging_writer.py:48] [49] global_step=49, grad_norm=26.7468, loss=21.4631
I0407 06:07:01.766205 140241936348352 submission.py:218] 49) loss = 21.463, grad_norm = 26.747
I0407 06:07:04.008671 140223249897216 logging_writer.py:48] [50] global_step=50, grad_norm=25.2585, loss=20.4105
I0407 06:07:04.011886 140241936348352 submission.py:218] 50) loss = 20.411, grad_norm = 25.258
I0407 06:07:04.561324 140223031801600 logging_writer.py:48] [51] global_step=51, grad_norm=25.04, loss=20.0769
I0407 06:07:04.564477 140241936348352 submission.py:218] 51) loss = 20.077, grad_norm = 25.040
I0407 06:07:05.114427 140223249897216 logging_writer.py:48] [52] global_step=52, grad_norm=25.096, loss=19.4725
I0407 06:07:05.117692 140241936348352 submission.py:218] 52) loss = 19.472, grad_norm = 25.096
I0407 06:07:07.172028 140223031801600 logging_writer.py:48] [53] global_step=53, grad_norm=23.9806, loss=19.1942
I0407 06:07:07.175367 140241936348352 submission.py:218] 53) loss = 19.194, grad_norm = 23.981
I0407 06:07:09.722848 140223249897216 logging_writer.py:48] [54] global_step=54, grad_norm=24.874, loss=19.5458
I0407 06:07:09.726006 140241936348352 submission.py:218] 54) loss = 19.546, grad_norm = 24.874
I0407 06:07:10.277698 140223031801600 logging_writer.py:48] [55] global_step=55, grad_norm=24.118, loss=19.1865
I0407 06:07:10.280991 140241936348352 submission.py:218] 55) loss = 19.186, grad_norm = 24.118
I0407 06:07:10.827570 140223249897216 logging_writer.py:48] [56] global_step=56, grad_norm=22.5301, loss=18.311
I0407 06:07:10.830750 140241936348352 submission.py:218] 56) loss = 18.311, grad_norm = 22.530
I0407 06:07:12.556295 140223031801600 logging_writer.py:48] [57] global_step=57, grad_norm=23.0241, loss=17.9259
I0407 06:07:12.559517 140241936348352 submission.py:218] 57) loss = 17.926, grad_norm = 23.024
I0407 06:07:14.737342 140223249897216 logging_writer.py:48] [58] global_step=58, grad_norm=22.0413, loss=17.42
I0407 06:07:14.740574 140241936348352 submission.py:218] 58) loss = 17.420, grad_norm = 22.041
I0407 06:07:15.286190 140223031801600 logging_writer.py:48] [59] global_step=59, grad_norm=21.4529, loss=17.3074
I0407 06:07:15.289440 140241936348352 submission.py:218] 59) loss = 17.307, grad_norm = 21.453
I0407 06:07:15.841068 140223249897216 logging_writer.py:48] [60] global_step=60, grad_norm=21.0052, loss=16.9549
I0407 06:07:15.844265 140241936348352 submission.py:218] 60) loss = 16.955, grad_norm = 21.005
I0407 06:07:18.288191 140223031801600 logging_writer.py:48] [61] global_step=61, grad_norm=20.1362, loss=16.6727
I0407 06:07:18.291329 140241936348352 submission.py:218] 61) loss = 16.673, grad_norm = 20.136
I0407 06:07:19.916269 140223249897216 logging_writer.py:48] [62] global_step=62, grad_norm=19.2441, loss=16.5927
I0407 06:07:19.919614 140241936348352 submission.py:218] 62) loss = 16.593, grad_norm = 19.244
I0407 06:07:20.464112 140223031801600 logging_writer.py:48] [63] global_step=63, grad_norm=18.5784, loss=16.3578
I0407 06:07:20.467543 140241936348352 submission.py:218] 63) loss = 16.358, grad_norm = 18.578
I0407 06:07:21.044167 140223249897216 logging_writer.py:48] [64] global_step=64, grad_norm=18.4971, loss=15.6803
I0407 06:07:21.047424 140241936348352 submission.py:218] 64) loss = 15.680, grad_norm = 18.497
I0407 06:07:24.384875 140223031801600 logging_writer.py:48] [65] global_step=65, grad_norm=17.7037, loss=15.2374
I0407 06:07:24.388253 140241936348352 submission.py:218] 65) loss = 15.237, grad_norm = 17.704
I0407 06:07:25.570076 140223249897216 logging_writer.py:48] [66] global_step=66, grad_norm=16.5697, loss=15.0226
I0407 06:07:25.573203 140241936348352 submission.py:218] 66) loss = 15.023, grad_norm = 16.570
I0407 06:07:26.217381 140223031801600 logging_writer.py:48] [67] global_step=67, grad_norm=15.7764, loss=14.5443
I0407 06:07:26.220526 140241936348352 submission.py:218] 67) loss = 14.544, grad_norm = 15.776
I0407 06:07:26.772639 140223249897216 logging_writer.py:48] [68] global_step=68, grad_norm=15.6017, loss=14.2668
I0407 06:07:26.775882 140241936348352 submission.py:218] 68) loss = 14.267, grad_norm = 15.602
I0407 06:07:29.481100 140223031801600 logging_writer.py:48] [69] global_step=69, grad_norm=15.6147, loss=14.6874
I0407 06:07:29.484445 140241936348352 submission.py:218] 69) loss = 14.687, grad_norm = 15.615
I0407 06:07:31.091104 140223249897216 logging_writer.py:48] [70] global_step=70, grad_norm=15.0736, loss=14.1112
I0407 06:07:31.094331 140241936348352 submission.py:218] 70) loss = 14.111, grad_norm = 15.074
I0407 06:07:31.640584 140223031801600 logging_writer.py:48] [71] global_step=71, grad_norm=14.6153, loss=13.9175
I0407 06:07:31.643767 140241936348352 submission.py:218] 71) loss = 13.917, grad_norm = 14.615
I0407 06:07:32.190387 140223249897216 logging_writer.py:48] [72] global_step=72, grad_norm=14.2934, loss=13.5246
I0407 06:07:32.193595 140241936348352 submission.py:218] 72) loss = 13.525, grad_norm = 14.293
I0407 06:07:35.473123 140223031801600 logging_writer.py:48] [73] global_step=73, grad_norm=13.4459, loss=13.3964
I0407 06:07:35.476265 140241936348352 submission.py:218] 73) loss = 13.396, grad_norm = 13.446
I0407 06:07:36.377478 140223249897216 logging_writer.py:48] [74] global_step=74, grad_norm=13.1481, loss=13.0488
I0407 06:07:36.380685 140241936348352 submission.py:218] 74) loss = 13.049, grad_norm = 13.148
I0407 06:07:36.939296 140223031801600 logging_writer.py:48] [75] global_step=75, grad_norm=12.7804, loss=12.9955
I0407 06:07:36.942710 140241936348352 submission.py:218] 75) loss = 12.996, grad_norm = 12.780
I0407 06:07:37.500674 140223249897216 logging_writer.py:48] [76] global_step=76, grad_norm=12.1393, loss=12.4961
I0407 06:07:37.503831 140241936348352 submission.py:218] 76) loss = 12.496, grad_norm = 12.139
I0407 06:07:41.143313 140223031801600 logging_writer.py:48] [77] global_step=77, grad_norm=11.4947, loss=12.4339
I0407 06:07:41.146537 140241936348352 submission.py:218] 77) loss = 12.434, grad_norm = 11.495
I0407 06:07:41.894105 140223249897216 logging_writer.py:48] [78] global_step=78, grad_norm=11.8425, loss=12.3221
I0407 06:07:41.897282 140241936348352 submission.py:218] 78) loss = 12.322, grad_norm = 11.843
I0407 06:07:42.447677 140223031801600 logging_writer.py:48] [79] global_step=79, grad_norm=11.0577, loss=12.019
I0407 06:07:42.450792 140241936348352 submission.py:218] 79) loss = 12.019, grad_norm = 11.058
I0407 06:07:43.001111 140223249897216 logging_writer.py:48] [80] global_step=80, grad_norm=11.6631, loss=12.0061
I0407 06:07:43.004281 140241936348352 submission.py:218] 80) loss = 12.006, grad_norm = 11.663
I0407 06:07:46.731355 140223031801600 logging_writer.py:48] [81] global_step=81, grad_norm=10.6606, loss=11.8484
I0407 06:07:46.734522 140241936348352 submission.py:218] 81) loss = 11.848, grad_norm = 10.661
I0407 06:07:47.608534 140223249897216 logging_writer.py:48] [82] global_step=82, grad_norm=10.6154, loss=11.4392
I0407 06:07:47.612057 140241936348352 submission.py:218] 82) loss = 11.439, grad_norm = 10.615
I0407 06:07:48.158130 140223031801600 logging_writer.py:48] [83] global_step=83, grad_norm=10.1676, loss=11.5095
I0407 06:07:48.161332 140241936348352 submission.py:218] 83) loss = 11.510, grad_norm = 10.168
I0407 06:07:48.720039 140223249897216 logging_writer.py:48] [84] global_step=84, grad_norm=9.28016, loss=11.1639
I0407 06:07:48.723280 140241936348352 submission.py:218] 84) loss = 11.164, grad_norm = 9.280
I0407 06:07:52.263038 140223031801600 logging_writer.py:48] [85] global_step=85, grad_norm=9.60983, loss=11.0911
I0407 06:07:52.266314 140241936348352 submission.py:218] 85) loss = 11.091, grad_norm = 9.610
I0407 06:07:53.247738 140223249897216 logging_writer.py:48] [86] global_step=86, grad_norm=8.97979, loss=10.7903
I0407 06:07:53.251106 140241936348352 submission.py:218] 86) loss = 10.790, grad_norm = 8.980
I0407 06:07:53.800264 140223031801600 logging_writer.py:48] [87] global_step=87, grad_norm=8.65045, loss=10.6513
I0407 06:07:53.803499 140241936348352 submission.py:218] 87) loss = 10.651, grad_norm = 8.650
I0407 06:07:54.354051 140223249897216 logging_writer.py:48] [88] global_step=88, grad_norm=8.90394, loss=10.7117
I0407 06:07:54.357492 140241936348352 submission.py:218] 88) loss = 10.712, grad_norm = 8.904
I0407 06:07:57.523230 140223031801600 logging_writer.py:48] [89] global_step=89, grad_norm=7.6153, loss=10.5124
I0407 06:07:57.526394 140241936348352 submission.py:218] 89) loss = 10.512, grad_norm = 7.615
I0407 06:07:58.779362 140223249897216 logging_writer.py:48] [90] global_step=90, grad_norm=7.8315, loss=10.0714
I0407 06:07:58.782510 140241936348352 submission.py:218] 90) loss = 10.071, grad_norm = 7.832
I0407 06:07:59.333504 140223031801600 logging_writer.py:48] [91] global_step=91, grad_norm=7.31327, loss=10.3749
I0407 06:07:59.336791 140241936348352 submission.py:218] 91) loss = 10.375, grad_norm = 7.313
I0407 06:07:59.891863 140223249897216 logging_writer.py:48] [92] global_step=92, grad_norm=6.78004, loss=10.1045
I0407 06:07:59.895184 140241936348352 submission.py:218] 92) loss = 10.104, grad_norm = 6.780
I0407 06:08:03.607668 140223031801600 logging_writer.py:48] [93] global_step=93, grad_norm=6.8445, loss=9.95665
I0407 06:08:03.610917 140241936348352 submission.py:218] 93) loss = 9.957, grad_norm = 6.845
I0407 06:08:04.167533 140223249897216 logging_writer.py:48] [94] global_step=94, grad_norm=6.58386, loss=9.68738
I0407 06:08:04.170831 140241936348352 submission.py:218] 94) loss = 9.687, grad_norm = 6.584
I0407 06:08:04.721565 140223031801600 logging_writer.py:48] [95] global_step=95, grad_norm=6.17436, loss=9.55875
I0407 06:08:04.724885 140241936348352 submission.py:218] 95) loss = 9.559, grad_norm = 6.174
I0407 06:08:05.276027 140223249897216 logging_writer.py:48] [96] global_step=96, grad_norm=5.57533, loss=9.56317
I0407 06:08:05.279486 140241936348352 submission.py:218] 96) loss = 9.563, grad_norm = 5.575
I0407 06:08:08.754004 140223031801600 logging_writer.py:48] [97] global_step=97, grad_norm=5.62823, loss=9.51901
I0407 06:08:08.757187 140241936348352 submission.py:218] 97) loss = 9.519, grad_norm = 5.628
I0407 06:08:09.533465 140223249897216 logging_writer.py:48] [98] global_step=98, grad_norm=5.36743, loss=9.41932
I0407 06:08:09.536831 140241936348352 submission.py:218] 98) loss = 9.419, grad_norm = 5.367
I0407 06:08:10.085175 140223031801600 logging_writer.py:48] [99] global_step=99, grad_norm=4.77491, loss=9.42374
I0407 06:08:10.088310 140241936348352 submission.py:218] 99) loss = 9.424, grad_norm = 4.775
I0407 06:08:10.635424 140223249897216 logging_writer.py:48] [100] global_step=100, grad_norm=4.42062, loss=9.06896
I0407 06:08:10.638665 140241936348352 submission.py:218] 100) loss = 9.069, grad_norm = 4.421
I0407 06:17:14.407448 140223031801600 logging_writer.py:48] [500] global_step=500, grad_norm=1.77245, loss=5.81665
I0407 06:17:14.411784 140241936348352 submission.py:218] 500) loss = 5.817, grad_norm = 1.772
I0407 06:28:47.445307 140223249897216 logging_writer.py:48] [1000] global_step=1000, grad_norm=2.23839, loss=3.76936
I0407 06:28:47.449776 140241936348352 submission.py:218] 1000) loss = 3.769, grad_norm = 2.238
/usr/local/lib/python3.11/multiprocessing/popen_fork.py:66: RuntimeWarning: os.fork() was called. os.fork() is incompatible with multithreaded code, and JAX is multithreaded, so this will likely lead to a deadlock.
  self.pid = os.fork()
I0407 06:30:07.887451 140241936348352 spec.py:333] Evaluating on the training split.
I0407 06:30:20.984497 140241936348352 spec.py:346] Evaluating on the validation split.
I0407 06:30:40.351834 140241936348352 spec.py:363] Evaluating on the test split.
I0407 06:30:50.707128 140241936348352 submission_runner.py:516] Time since start: 1618.69s, 	Step: 1098, 	{'train/ctc_loss': 10.948136406129334, 'train/wer': 0.9417803768680961, 'validation/ctc_loss': 10.883864212879244, 'validation/wer': 0.8967218654950997, 'validation/num_examples': 5348, 'test/ctc_loss': 10.856324601587199, 'test/wer': 0.899579550301627, 'test/num_examples': 2472, 'score': 1499.3523709774017, 'total_duration': 1618.6946067810059, 'accumulated_submission_time': 1499.3523709774017, 'accumulated_eval_time': 116.35830450057983, 'accumulated_logging_time': 0.1531975269317627}
I0407 06:30:51.026971 140223249897216 logging_writer.py:48] [1098] accumulated_eval_time=116.358, accumulated_logging_time=0.153198, accumulated_submission_time=1499.35, global_step=1098, preemption_count=0, score=1499.35, test/ctc_loss=10.8563, test/num_examples=2472, test/wer=0.89958, total_duration=1618.69, train/ctc_loss=10.9481, train/wer=0.94178, validation/ctc_loss=10.8839, validation/num_examples=5348, validation/wer=0.896722
I0407 06:35:59.883098 140223031801600 logging_writer.py:48] [1500] global_step=1500, grad_norm=2.88621, loss=2.67233
I0407 06:35:59.887527 140241936348352 submission.py:218] 1500) loss = 2.672, grad_norm = 2.886
I0407 06:46:46.799647 140223249897216 logging_writer.py:48] [2000] global_step=2000, grad_norm=2.43891, loss=2.23515
I0407 06:46:46.804006 140241936348352 submission.py:218] 2000) loss = 2.235, grad_norm = 2.439
/usr/local/lib/python3.11/multiprocessing/popen_fork.py:66: RuntimeWarning: os.fork() was called. os.fork() is incompatible with multithreaded code, and JAX is multithreaded, so this will likely lead to a deadlock.
  self.pid = os.fork()
I0407 06:52:20.706863 140223249897216 logging_writer.py:48] [2500] global_step=2500, grad_norm=1.67525, loss=2.02709
I0407 06:52:20.715338 140241936348352 submission.py:218] 2500) loss = 2.027, grad_norm = 1.675
