torchrun --redirects 1:0,2:0,3:0 --standalone --nnodes=1 --nproc_per_node=4 submission_runner.py --framework=pytorch --workload=ogbg --submission_path=submissions_algorithms/submissions/self_tuning/ademamix_golden/submission.py --data_dir=/data/ogbg --experiment_dir=/experiment_runs --experiment_name=submissions_a100/ademamix_golden/study_0 --overwrite=True --save_checkpoints=False --rng_seed=1297901242 --torch_compile=true --tuning_ruleset=self 2>&1 | tee -a /logs/ogbg_pytorch_09-16-2026-07-32-45.log
W0916 07:32:51.291000 9 site-packages/torch/distributed/run.py:803] 
W0916 07:32:51.291000 9 site-packages/torch/distributed/run.py:803] *****************************************
W0916 07:32:51.291000 9 site-packages/torch/distributed/run.py:803] Setting OMP_NUM_THREADS environment variable for each process to be 1 in default, to avoid your system being overloaded, please further tune the variable for optimal performance in your application as needed. 
W0916 07:32:51.291000 9 site-packages/torch/distributed/run.py:803] *****************************************
2026-09-16 07:32:54.375693: E external/local_xla/xla/stream_executor/cuda/cuda_fft.cc:467] Unable to register cuFFT factory: Attempting to register factory for plugin cuFFT when one has already been registered
2026-09-16 07:32:54.375673: E external/local_xla/xla/stream_executor/cuda/cuda_fft.cc:467] Unable to register cuFFT factory: Attempting to register factory for plugin cuFFT when one has already been registered
2026-09-16 07:32:54.375673: E external/local_xla/xla/stream_executor/cuda/cuda_fft.cc:467] Unable to register cuFFT factory: Attempting to register factory for plugin cuFFT when one has already been registered
2026-09-16 07:32:54.375673: E external/local_xla/xla/stream_executor/cuda/cuda_fft.cc:467] Unable to register cuFFT factory: Attempting to register factory for plugin cuFFT when one has already been registered
WARNING: All log messages before absl::InitializeLog() is called are written to STDERR
WARNING: All log messages before absl::InitializeLog() is called are written to STDERR
E0000 00:00:1789543974.400377      40 cuda_dnn.cc:8579] Unable to register cuDNN factory: Attempting to register factory for plugin cuDNN when one has already been registered
E0000 00:00:1789543974.400376      38 cuda_dnn.cc:8579] Unable to register cuDNN factory: Attempting to register factory for plugin cuDNN when one has already been registered
WARNING: All log messages before absl::InitializeLog() is called are written to STDERR
E0000 00:00:1789543974.400377      39 cuda_dnn.cc:8579] Unable to register cuDNN factory: Attempting to register factory for plugin cuDNN when one has already been registered
WARNING: All log messages before absl::InitializeLog() is called are written to STDERR
E0000 00:00:1789543974.400376      41 cuda_dnn.cc:8579] Unable to register cuDNN factory: Attempting to register factory for plugin cuDNN when one has already been registered
E0000 00:00:1789543974.408472      39 cuda_blas.cc:1407] Unable to register cuBLAS factory: Attempting to register factory for plugin cuBLAS when one has already been registered
E0000 00:00:1789543974.408491      38 cuda_blas.cc:1407] Unable to register cuBLAS factory: Attempting to register factory for plugin cuBLAS when one has already been registered
E0000 00:00:1789543974.408495      40 cuda_blas.cc:1407] Unable to register cuBLAS factory: Attempting to register factory for plugin cuBLAS when one has already been registered
E0000 00:00:1789543974.408509      41 cuda_blas.cc:1407] Unable to register cuBLAS factory: Attempting to register factory for plugin cuBLAS when one has already been registered
W0000 00:00:1789543974.434986      40 computation_placer.cc:177] computation placer already registered. Please check linkage and avoid linking the same target more than once.
W0000 00:00:1789543974.434986      41 computation_placer.cc:177] computation placer already registered. Please check linkage and avoid linking the same target more than once.
W0000 00:00:1789543974.434986      38 computation_placer.cc:177] computation placer already registered. Please check linkage and avoid linking the same target more than once.
W0000 00:00:1789543974.434986      39 computation_placer.cc:177] computation placer already registered. Please check linkage and avoid linking the same target more than once.
W0000 00:00:1789543974.435017      41 computation_placer.cc:177] computation placer already registered. Please check linkage and avoid linking the same target more than once.
W0000 00:00:1789543974.435017      38 computation_placer.cc:177] computation placer already registered. Please check linkage and avoid linking the same target more than once.
W0000 00:00:1789543974.435017      39 computation_placer.cc:177] computation placer already registered. Please check linkage and avoid linking the same target more than once.
W0000 00:00:1789543974.435019      41 computation_placer.cc:177] computation placer already registered. Please check linkage and avoid linking the same target more than once.
W0000 00:00:1789543974.435019      38 computation_placer.cc:177] computation placer already registered. Please check linkage and avoid linking the same target more than once.
W0000 00:00:1789543974.435020      39 computation_placer.cc:177] computation placer already registered. Please check linkage and avoid linking the same target more than once.
W0000 00:00:1789543974.435021      41 computation_placer.cc:177] computation placer already registered. Please check linkage and avoid linking the same target more than once.
W0000 00:00:1789543974.435022      38 computation_placer.cc:177] computation placer already registered. Please check linkage and avoid linking the same target more than once.
W0000 00:00:1789543974.435022      40 computation_placer.cc:177] computation placer already registered. Please check linkage and avoid linking the same target more than once.
W0000 00:00:1789543974.435023      39 computation_placer.cc:177] computation placer already registered. Please check linkage and avoid linking the same target more than once.
W0000 00:00:1789543974.435025      40 computation_placer.cc:177] computation placer already registered. Please check linkage and avoid linking the same target more than once.
W0000 00:00:1789543974.435027      40 computation_placer.cc:177] computation placer already registered. Please check linkage and avoid linking the same target more than once.
W0000 00:00:1789543980.216056      38 gpu_device.cc:2341] Cannot dlopen some GPU libraries. Please make sure the missing libraries mentioned above are installed properly if you would like to use GPU. Follow the guide at https://www.tensorflow.org/install/gpu for how to download and setup the required libraries for your platform.
Skipping registering GPU devices...
W0000 00:00:1789543980.283409      39 gpu_device.cc:2341] Cannot dlopen some GPU libraries. Please make sure the missing libraries mentioned above are installed properly if you would like to use GPU. Follow the guide at https://www.tensorflow.org/install/gpu for how to download and setup the required libraries for your platform.
Skipping registering GPU devices...
W0000 00:00:1789543980.386929      41 gpu_device.cc:2341] Cannot dlopen some GPU libraries. Please make sure the missing libraries mentioned above are installed properly if you would like to use GPU. Follow the guide at https://www.tensorflow.org/install/gpu for how to download and setup the required libraries for your platform.
Skipping registering GPU devices...
W0000 00:00:1789543980.478617      40 gpu_device.cc:2341] Cannot dlopen some GPU libraries. Please make sure the missing libraries mentioned above are installed properly if you would like to use GPU. Follow the guide at https://www.tensorflow.org/install/gpu for how to download and setup the required libraries for your platform.
Skipping registering GPU devices...
/usr/local/lib/python3.11/site-packages/torch/__init__.py:1617: UserWarning: Please use the new API settings to control TF32 behavior, such as torch.backends.cudnn.conv.fp32_precision = 'tf32' or torch.backends.cuda.matmul.fp32_precision = 'ieee'. Old settings, e.g, torch.backends.cuda.matmul.allow_tf32 = True, torch.backends.cudnn.allow_tf32 = True, allowTF32CuDNN() and allowTF32CuBLAS() will be deprecated after Pytorch 2.9. Please see https://pytorch.org/docs/main/notes/cuda.html#tensorfloat-32-tf32-on-ampere-and-later-devices (Triggered internally at /pytorch/aten/src/ATen/Context.cpp:80.)
  _C._set_float32_matmul_precision(precision)
/usr/local/lib/python3.11/site-packages/torch/__init__.py:1617: UserWarning: Please use the new API settings to control TF32 behavior, such as torch.backends.cudnn.conv.fp32_precision = 'tf32' or torch.backends.cuda.matmul.fp32_precision = 'ieee'. Old settings, e.g, torch.backends.cuda.matmul.allow_tf32 = True, torch.backends.cudnn.allow_tf32 = True, allowTF32CuDNN() and allowTF32CuBLAS() will be deprecated after Pytorch 2.9. Please see https://pytorch.org/docs/main/notes/cuda.html#tensorfloat-32-tf32-on-ampere-and-later-devices (Triggered internally at /pytorch/aten/src/ATen/Context.cpp:80.)
  _C._set_float32_matmul_precision(precision)
/usr/local/lib/python3.11/site-packages/torch/__init__.py:1617: UserWarning: Please use the new API settings to control TF32 behavior, such as torch.backends.cudnn.conv.fp32_precision = 'tf32' or torch.backends.cuda.matmul.fp32_precision = 'ieee'. Old settings, e.g, torch.backends.cuda.matmul.allow_tf32 = True, torch.backends.cudnn.allow_tf32 = True, allowTF32CuDNN() and allowTF32CuBLAS() will be deprecated after Pytorch 2.9. Please see https://pytorch.org/docs/main/notes/cuda.html#tensorfloat-32-tf32-on-ampere-and-later-devices (Triggered internally at /pytorch/aten/src/ATen/Context.cpp:80.)
  _C._set_float32_matmul_precision(precision)
/usr/local/lib/python3.11/site-packages/torch/__init__.py:1617: UserWarning: Please use the new API settings to control TF32 behavior, such as torch.backends.cudnn.conv.fp32_precision = 'tf32' or torch.backends.cuda.matmul.fp32_precision = 'ieee'. Old settings, e.g, torch.backends.cuda.matmul.allow_tf32 = True, torch.backends.cudnn.allow_tf32 = True, allowTF32CuDNN() and allowTF32CuBLAS() will be deprecated after Pytorch 2.9. Please see https://pytorch.org/docs/main/notes/cuda.html#tensorfloat-32-tf32-on-ampere-and-later-devices (Triggered internally at /pytorch/aten/src/ATen/Context.cpp:80.)
  _C._set_float32_matmul_precision(precision)
/usr/local/lib/python3.11/site-packages/pydantic/_internal/_generate_schema.py:2249: UnsupportedFieldAttributeWarning: The 'repr' attribute with value False was provided to the `Field()` function, which has no effect in the context it was used. 'repr' is field-specific metadata, and can only be attached to a model field using `Annotated` metadata or by assignment. This may have happened because an `Annotated` type alias using the `type` statement was used, or if the `Field()` function was attached to a single member of a union type.
  warnings.warn(
/usr/local/lib/python3.11/site-packages/pydantic/_internal/_generate_schema.py:2249: UnsupportedFieldAttributeWarning: The 'frozen' attribute with value True was provided to the `Field()` function, which has no effect in the context it was used. 'frozen' is field-specific metadata, and can only be attached to a model field using `Annotated` metadata or by assignment. This may have happened because an `Annotated` type alias using the `type` statement was used, or if the `Field()` function was attached to a single member of a union type.
  warnings.warn(
/usr/local/lib/python3.11/site-packages/pydantic/_internal/_generate_schema.py:2249: UnsupportedFieldAttributeWarning: The 'repr' attribute with value False was provided to the `Field()` function, which has no effect in the context it was used. 'repr' is field-specific metadata, and can only be attached to a model field using `Annotated` metadata or by assignment. This may have happened because an `Annotated` type alias using the `type` statement was used, or if the `Field()` function was attached to a single member of a union type.
  warnings.warn(
/usr/local/lib/python3.11/site-packages/pydantic/_internal/_generate_schema.py:2249: UnsupportedFieldAttributeWarning: The 'frozen' attribute with value True was provided to the `Field()` function, which has no effect in the context it was used. 'frozen' is field-specific metadata, and can only be attached to a model field using `Annotated` metadata or by assignment. This may have happened because an `Annotated` type alias using the `type` statement was used, or if the `Field()` function was attached to a single member of a union type.
  warnings.warn(
/usr/local/lib/python3.11/site-packages/pydantic/_internal/_generate_schema.py:2249: UnsupportedFieldAttributeWarning: The 'repr' attribute with value False was provided to the `Field()` function, which has no effect in the context it was used. 'repr' is field-specific metadata, and can only be attached to a model field using `Annotated` metadata or by assignment. This may have happened because an `Annotated` type alias using the `type` statement was used, or if the `Field()` function was attached to a single member of a union type.
  warnings.warn(
/usr/local/lib/python3.11/site-packages/pydantic/_internal/_generate_schema.py:2249: UnsupportedFieldAttributeWarning: The 'frozen' attribute with value True was provided to the `Field()` function, which has no effect in the context it was used. 'frozen' is field-specific metadata, and can only be attached to a model field using `Annotated` metadata or by assignment. This may have happened because an `Annotated` type alias using the `type` statement was used, or if the `Field()` function was attached to a single member of a union type.
  warnings.warn(
/usr/local/lib/python3.11/site-packages/pydantic/_internal/_generate_schema.py:2249: UnsupportedFieldAttributeWarning: The 'repr' attribute with value False was provided to the `Field()` function, which has no effect in the context it was used. 'repr' is field-specific metadata, and can only be attached to a model field using `Annotated` metadata or by assignment. This may have happened because an `Annotated` type alias using the `type` statement was used, or if the `Field()` function was attached to a single member of a union type.
  warnings.warn(
/usr/local/lib/python3.11/site-packages/pydantic/_internal/_generate_schema.py:2249: UnsupportedFieldAttributeWarning: The 'frozen' attribute with value True was provided to the `Field()` function, which has no effect in the context it was used. 'frozen' is field-specific metadata, and can only be attached to a model field using `Annotated` metadata or by assignment. This may have happened because an `Annotated` type alias using the `type` statement was used, or if the `Field()` function was attached to a single member of a union type.
  warnings.warn(
/usr/local/lib/python3.11/site-packages/torch/distributed/distributed_c10d.py:4876: UserWarning: barrier(): using the device under current context. You can specify `device_id` in `init_process_group` to mute this warning.
  warnings.warn(  # warn only once
[rank0]:[W916 07:33:04.184250247 ProcessGroupNCCL.cpp:5068] Guessing device ID based on global rank. This can cause a hang if rank to GPU mapping is heterogeneous. You can specify device_id in init_process_group()
I0916 07:33:05.634359 140272984544448 logger_utils.py:84] Creating experiment directory at /experiment_runs/submissions_a100/ademamix_golden/study_0/ogbg_pytorch.
I0916 07:33:05.634354 140526571857088 logger_utils.py:84] Creating experiment directory at /experiment_runs/submissions_a100/ademamix_golden/study_0/ogbg_pytorch.
I0916 07:33:05.634377 140425199580352 logger_utils.py:84] Creating experiment directory at /experiment_runs/submissions_a100/ademamix_golden/study_0/ogbg_pytorch.
I0916 07:33:05.634356 139777939743936 logger_utils.py:84] Creating experiment directory at /experiment_runs/submissions_a100/ademamix_golden/study_0/ogbg_pytorch.
I0916 07:33:05.660536 140425199580352 submission_runner.py:741] Creating directory at /experiment_runs/submissions_a100/ademamix_golden/study_0/ogbg_pytorch/trial_1.
I0916 07:33:05.944851 140425199580352 submission_runner.py:242] Initializing dataset.
I0916 07:33:05.945038 140425199580352 submission_runner.py:251] Initializing model.
W0916 07:33:06.929901 140526571857088 submission_runner.py:273] These workloads cannot be fully compiled under current PyTorch version. Proceeding without `torch.compile`.
W0916 07:33:06.929987 140425199580352 submission_runner.py:273] These workloads cannot be fully compiled under current PyTorch version. Proceeding without `torch.compile`.
W0916 07:33:06.930208 139777939743936 submission_runner.py:273] These workloads cannot be fully compiled under current PyTorch version. Proceeding without `torch.compile`.
W0916 07:33:06.930386 140272984544448 submission_runner.py:273] These workloads cannot be fully compiled under current PyTorch version. Proceeding without `torch.compile`.
I0916 07:33:08.364084 140425199580352 submission_runner.py:294] Initializing optimizer.
I0916 07:33:08.364726 140425199580352 submission_runner.py:299] Initializing metrics bundle.
I0916 07:33:08.364871 140425199580352 submission_runner.py:321] Initializing checkpoint and logger.
I0916 07:33:08.366340 140425199580352 submission_runner.py:344] Saving meta data to /experiment_runs/submissions_a100/ademamix_golden/study_0/ogbg_pytorch/trial_1/meta_data_0.json.
I0916 07:33:08.366534 140425199580352 logger_utils.py:283] Unable to record workload.train_mean information. Continuing without it.
I0916 07:33:08.366593 140425199580352 logger_utils.py:283] Unable to record workload.train_stddev information. Continuing without it.
I0916 07:33:08.367903 139777939743936 logger_utils.py:283] Unable to record workload.train_mean information. Continuing without it.
I0916 07:33:08.368059 139777939743936 logger_utils.py:283] Unable to record workload.train_stddev information. Continuing without it.
I0916 07:33:08.368367 140272984544448 logger_utils.py:283] Unable to record workload.train_mean information. Continuing without it.
I0916 07:33:08.368541 140272984544448 logger_utils.py:283] Unable to record workload.train_stddev information. Continuing without it.
I0916 07:33:08.370305 140526571857088 logger_utils.py:283] Unable to record workload.train_mean information. Continuing without it.
I0916 07:33:08.370463 140526571857088 logger_utils.py:283] Unable to record workload.train_stddev information. Continuing without it.
I0916 07:33:08.572136 140425199580352 submission_runner.py:348] Saving flags to /experiment_runs/submissions_a100/ademamix_golden/study_0/ogbg_pytorch/trial_1/flags_0.json.
I0916 07:33:08.619366 140425199580352 submission_runner.py:359] Starting training loop.
I0916 07:33:10.633972 140425199580352 dataset_info.py:707] Load dataset info from /data/ogbg/ogbg_molpcba/0.1.3
I0916 07:33:10.671423 140425199580352 reader.py:262] Creating a tf.data.Dataset reading 8 files located in folders: /data/ogbg/ogbg_molpcba/0.1.3.
WARNING:tensorflow:From /usr/local/lib/python3.11/site-packages/tensorflow_datasets/core/reader.py:102: CounterV2 (from tensorflow.python.data.experimental.ops.counter) is deprecated and will be removed in a future version.
Instructions for updating:
Use `tf.data.Dataset.counter(...)` instead.
W0916 07:33:10.791254 140425199580352 deprecation.py:50] From /usr/local/lib/python3.11/site-packages/tensorflow_datasets/core/reader.py:102: CounterV2 (from tensorflow.python.data.experimental.ops.counter) is deprecated and will be removed in a future version.
Instructions for updating:
Use `tf.data.Dataset.counter(...)` instead.
I0916 07:33:11.240701 140425199580352 logging_logger.py:49] Constructing tf.data.Dataset ogbg_molpcba for split train, from /data/ogbg/ogbg_molpcba/0.1.3
I0916 07:33:19.909852 140401247602432 logging_writer.py:48] [0] global_step=0, grad_norm=0.5, loss=0.756861
I0916 07:33:19.948625 140425199580352 submission.py:307] 0) loss = 0.757, grad_norm = 0.500
I0916 07:33:20.371079 140425199580352 spec.py:333] Evaluating on the training split.
I0916 07:33:20.374310 140425199580352 dataset_info.py:707] Load dataset info from /data/ogbg/ogbg_molpcba/0.1.3
I0916 07:33:20.377544 140425199580352 reader.py:262] Creating a tf.data.Dataset reading 8 files located in folders: /data/ogbg/ogbg_molpcba/0.1.3.
I0916 07:33:20.439122 140425199580352 logging_logger.py:49] Constructing tf.data.Dataset ogbg_molpcba for split train, from /data/ogbg/ogbg_molpcba/0.1.3
I0916 07:33:58.567810 140425199580352 spec.py:346] Evaluating on the validation split.
I0916 07:33:58.570092 140425199580352 dataset_info.py:707] Load dataset info from /data/ogbg/ogbg_molpcba/0.1.3
I0916 07:33:58.573212 140425199580352 reader.py:262] Creating a tf.data.Dataset reading 1 files located in folders: /data/ogbg/ogbg_molpcba/0.1.3.
I0916 07:33:58.633522 140425199580352 logging_logger.py:49] Constructing tf.data.Dataset ogbg_molpcba for split validation, from /data/ogbg/ogbg_molpcba/0.1.3
I0916 07:34:17.239961 140425199580352 spec.py:363] Evaluating on the test split.
I0916 07:34:17.242381 140425199580352 dataset_info.py:707] Load dataset info from /data/ogbg/ogbg_molpcba/0.1.3
I0916 07:34:17.245832 140425199580352 reader.py:262] Creating a tf.data.Dataset reading 1 files located in folders: /data/ogbg/ogbg_molpcba/0.1.3.
I0916 07:34:17.309720 140425199580352 logging_logger.py:49] Constructing tf.data.Dataset ogbg_molpcba for split test, from /data/ogbg/ogbg_molpcba/0.1.3
I0916 07:34:35.930121 140425199580352 submission_runner.py:516] Time since start: 87.31s, 	Step: 1, 	{'train/accuracy': 0.5281778531601953, 'train/loss': 0.7542170812830864, 'train/mean_average_precision': 0.023033742192316613, 'validation/accuracy': 0.5284877849184416, 'validation/loss': 0.7498691400731963, 'validation/mean_average_precision': 0.027189786787325653, 'validation/num_examples': 43793, 'test/accuracy': 0.5292198959097536, 'test/loss': 0.7482351910609405, 'test/mean_average_precision': 0.028311290438915268, 'test/num_examples': 43793, 'score': 11.330527305603027, 'total_duration': 87.31072282791138, 'accumulated_submission_time': 11.330527305603027, 'accumulated_eval_time': 75.55893635749817, 'accumulated_logging_time': 0}
I0916 07:34:35.952241 140390535182080 logging_writer.py:48] [1] accumulated_eval_time=75.5589, accumulated_logging_time=0, accumulated_submission_time=11.3305, global_step=1, preemption_count=0, score=11.3305, test/accuracy=0.52922, test/loss=0.748235, test/mean_average_precision=0.0283113, test/num_examples=43793, total_duration=87.3107, train/accuracy=0.528178, train/loss=0.754217, train/mean_average_precision=0.0230337, validation/accuracy=0.528488, validation/loss=0.749869, validation/mean_average_precision=0.0271898, validation/num_examples=43793
I0916 07:34:36.662559 140390543574784 logging_writer.py:48] [1] global_step=1, grad_norm=0.5, loss=0.756701
I0916 07:34:36.665672 140425199580352 submission.py:307] 1) loss = 0.757, grad_norm = 0.500
I0916 07:34:36.902549 140390535182080 logging_writer.py:48] [2] global_step=2, grad_norm=0.5, loss=0.75776
I0916 07:34:36.905465 140425199580352 submission.py:307] 2) loss = 0.758, grad_norm = 0.500
I0916 07:34:37.146605 140390543574784 logging_writer.py:48] [3] global_step=3, grad_norm=0.5, loss=0.757942
I0916 07:34:37.149618 140425199580352 submission.py:307] 3) loss = 0.758, grad_norm = 0.500
I0916 07:34:37.391516 140390535182080 logging_writer.py:48] [4] global_step=4, grad_norm=0.5, loss=0.755122
I0916 07:34:37.394816 140425199580352 submission.py:307] 4) loss = 0.755, grad_norm = 0.500
I0916 07:34:37.633708 140390543574784 logging_writer.py:48] [5] global_step=5, grad_norm=0.5, loss=0.752518
I0916 07:34:37.636846 140425199580352 submission.py:307] 5) loss = 0.753, grad_norm = 0.500
I0916 07:34:37.878890 140390535182080 logging_writer.py:48] [6] global_step=6, grad_norm=0.5, loss=0.749693
I0916 07:34:37.882486 140425199580352 submission.py:307] 6) loss = 0.750, grad_norm = 0.500
I0916 07:34:38.123411 140390543574784 logging_writer.py:48] [7] global_step=7, grad_norm=0.5, loss=0.745755
I0916 07:34:38.126327 140425199580352 submission.py:307] 7) loss = 0.746, grad_norm = 0.500
I0916 07:34:38.368447 140390535182080 logging_writer.py:48] [8] global_step=8, grad_norm=0.5, loss=0.744211
I0916 07:34:38.371600 140425199580352 submission.py:307] 8) loss = 0.744, grad_norm = 0.500
I0916 07:34:38.613928 140390543574784 logging_writer.py:48] [9] global_step=9, grad_norm=0.5, loss=0.738999
I0916 07:34:38.617109 140425199580352 submission.py:307] 9) loss = 0.739, grad_norm = 0.500
I0916 07:34:38.860470 140390535182080 logging_writer.py:48] [10] global_step=10, grad_norm=0.5, loss=0.739651
I0916 07:34:38.863515 140425199580352 submission.py:307] 10) loss = 0.740, grad_norm = 0.500
I0916 07:34:39.103574 140390543574784 logging_writer.py:48] [11] global_step=11, grad_norm=0.5, loss=0.735431
I0916 07:34:39.107038 140425199580352 submission.py:307] 11) loss = 0.735, grad_norm = 0.500
I0916 07:34:39.348393 140390535182080 logging_writer.py:48] [12] global_step=12, grad_norm=0.5, loss=0.729959
I0916 07:34:39.352156 140425199580352 submission.py:307] 12) loss = 0.730, grad_norm = 0.500
I0916 07:34:39.594050 140390543574784 logging_writer.py:48] [13] global_step=13, grad_norm=0.5, loss=0.721908
I0916 07:34:39.597361 140425199580352 submission.py:307] 13) loss = 0.722, grad_norm = 0.500
I0916 07:34:39.841251 140390535182080 logging_writer.py:48] [14] global_step=14, grad_norm=0.5, loss=0.718146
I0916 07:34:39.844675 140425199580352 submission.py:307] 14) loss = 0.718, grad_norm = 0.500
I0916 07:34:40.090482 140390543574784 logging_writer.py:48] [15] global_step=15, grad_norm=0.5, loss=0.712418
I0916 07:34:40.093592 140425199580352 submission.py:307] 15) loss = 0.712, grad_norm = 0.500
I0916 07:34:40.333024 140390535182080 logging_writer.py:48] [16] global_step=16, grad_norm=0.5, loss=0.707488
I0916 07:34:40.335987 140425199580352 submission.py:307] 16) loss = 0.707, grad_norm = 0.500
I0916 07:34:40.572729 140390543574784 logging_writer.py:48] [17] global_step=17, grad_norm=0.5, loss=0.701795
I0916 07:34:40.575666 140425199580352 submission.py:307] 17) loss = 0.702, grad_norm = 0.500
I0916 07:34:40.815145 140390535182080 logging_writer.py:48] [18] global_step=18, grad_norm=0.5, loss=0.69511
I0916 07:34:40.818099 140425199580352 submission.py:307] 18) loss = 0.695, grad_norm = 0.500
I0916 07:34:41.057952 140390543574784 logging_writer.py:48] [19] global_step=19, grad_norm=0.5, loss=0.687134
I0916 07:34:41.060926 140425199580352 submission.py:307] 19) loss = 0.687, grad_norm = 0.500
I0916 07:34:41.301592 140390535182080 logging_writer.py:48] [20] global_step=20, grad_norm=0.5, loss=0.679365
I0916 07:34:41.304473 140425199580352 submission.py:307] 20) loss = 0.679, grad_norm = 0.500
I0916 07:34:41.542925 140390543574784 logging_writer.py:48] [21] global_step=21, grad_norm=0.5, loss=0.67179
I0916 07:34:41.545798 140425199580352 submission.py:307] 21) loss = 0.672, grad_norm = 0.500
I0916 07:34:41.783957 140390535182080 logging_writer.py:48] [22] global_step=22, grad_norm=0.5, loss=0.665758
I0916 07:34:41.786980 140425199580352 submission.py:307] 22) loss = 0.666, grad_norm = 0.500
I0916 07:34:42.029096 140390543574784 logging_writer.py:48] [23] global_step=23, grad_norm=0.5, loss=0.659256
I0916 07:34:42.032041 140425199580352 submission.py:307] 23) loss = 0.659, grad_norm = 0.500
I0916 07:34:42.270804 140390535182080 logging_writer.py:48] [24] global_step=24, grad_norm=0.5, loss=0.649796
I0916 07:34:42.273777 140425199580352 submission.py:307] 24) loss = 0.650, grad_norm = 0.500
I0916 07:34:42.513142 140390543574784 logging_writer.py:48] [25] global_step=25, grad_norm=0.5, loss=0.644032
I0916 07:34:42.516072 140425199580352 submission.py:307] 25) loss = 0.644, grad_norm = 0.500
I0916 07:34:42.753794 140390535182080 logging_writer.py:48] [26] global_step=26, grad_norm=0.5, loss=0.636132
I0916 07:34:42.757088 140425199580352 submission.py:307] 26) loss = 0.636, grad_norm = 0.500
I0916 07:34:42.997650 140390543574784 logging_writer.py:48] [27] global_step=27, grad_norm=0.5, loss=0.628526
I0916 07:34:43.000648 140425199580352 submission.py:307] 27) loss = 0.629, grad_norm = 0.500
I0916 07:34:43.239491 140390535182080 logging_writer.py:48] [28] global_step=28, grad_norm=0.5, loss=0.62335
I0916 07:34:43.243012 140425199580352 submission.py:307] 28) loss = 0.623, grad_norm = 0.500
I0916 07:34:43.480267 140390543574784 logging_writer.py:48] [29] global_step=29, grad_norm=0.5, loss=0.615945
I0916 07:34:43.483234 140425199580352 submission.py:307] 29) loss = 0.616, grad_norm = 0.500
I0916 07:34:43.722530 140390535182080 logging_writer.py:48] [30] global_step=30, grad_norm=0.5, loss=0.606476
I0916 07:34:43.725551 140425199580352 submission.py:307] 30) loss = 0.606, grad_norm = 0.500
I0916 07:34:43.965727 140390543574784 logging_writer.py:48] [31] global_step=31, grad_norm=0.5, loss=0.599893
I0916 07:34:43.968665 140425199580352 submission.py:307] 31) loss = 0.600, grad_norm = 0.500
I0916 07:34:44.208460 140390535182080 logging_writer.py:48] [32] global_step=32, grad_norm=0.5, loss=0.590061
I0916 07:34:44.211470 140425199580352 submission.py:307] 32) loss = 0.590, grad_norm = 0.500
I0916 07:34:44.448991 140390543574784 logging_writer.py:48] [33] global_step=33, grad_norm=0.5, loss=0.584565
I0916 07:34:44.451884 140425199580352 submission.py:307] 33) loss = 0.585, grad_norm = 0.500
I0916 07:34:44.691999 140390535182080 logging_writer.py:48] [34] global_step=34, grad_norm=0.5, loss=0.576156
I0916 07:34:44.695109 140425199580352 submission.py:307] 34) loss = 0.576, grad_norm = 0.500
I0916 07:34:44.939038 140390543574784 logging_writer.py:48] [35] global_step=35, grad_norm=0.499999, loss=0.568725
I0916 07:34:44.942005 140425199580352 submission.py:307] 35) loss = 0.569, grad_norm = 0.500
I0916 07:34:45.182798 140390535182080 logging_writer.py:48] [36] global_step=36, grad_norm=0.499999, loss=0.563168
I0916 07:34:45.187183 140425199580352 submission.py:307] 36) loss = 0.563, grad_norm = 0.500
I0916 07:34:45.427038 140390543574784 logging_writer.py:48] [37] global_step=37, grad_norm=0.499999, loss=0.554549
I0916 07:34:45.431972 140425199580352 submission.py:307] 37) loss = 0.555, grad_norm = 0.500
I0916 07:34:45.675249 140390535182080 logging_writer.py:48] [38] global_step=38, grad_norm=0.499999, loss=0.55039
I0916 07:34:45.678422 140425199580352 submission.py:307] 38) loss = 0.550, grad_norm = 0.500
I0916 07:34:45.917644 140390543574784 logging_writer.py:48] [39] global_step=39, grad_norm=0.499999, loss=0.543086
I0916 07:34:45.920676 140425199580352 submission.py:307] 39) loss = 0.543, grad_norm = 0.500
I0916 07:34:46.156953 140390535182080 logging_writer.py:48] [40] global_step=40, grad_norm=0.499999, loss=0.537225
I0916 07:34:46.160148 140425199580352 submission.py:307] 40) loss = 0.537, grad_norm = 0.500
I0916 07:34:46.403579 140390543574784 logging_writer.py:48] [41] global_step=41, grad_norm=0.499999, loss=0.528337
I0916 07:34:46.407254 140425199580352 submission.py:307] 41) loss = 0.528, grad_norm = 0.500
I0916 07:34:46.653930 140390535182080 logging_writer.py:48] [42] global_step=42, grad_norm=0.499999, loss=0.524628
I0916 07:34:46.657112 140425199580352 submission.py:307] 42) loss = 0.525, grad_norm = 0.500
I0916 07:34:46.901869 140390543574784 logging_writer.py:48] [43] global_step=43, grad_norm=0.499999, loss=0.516762
I0916 07:34:46.905040 140425199580352 submission.py:307] 43) loss = 0.517, grad_norm = 0.500
I0916 07:34:47.145961 140390535182080 logging_writer.py:48] [44] global_step=44, grad_norm=0.499999, loss=0.50976
I0916 07:34:47.151854 140425199580352 submission.py:307] 44) loss = 0.510, grad_norm = 0.500
I0916 07:34:47.394057 140390543574784 logging_writer.py:48] [45] global_step=45, grad_norm=0.499999, loss=0.505603
I0916 07:34:47.397651 140425199580352 submission.py:307] 45) loss = 0.506, grad_norm = 0.500
I0916 07:34:47.637957 140390535182080 logging_writer.py:48] [46] global_step=46, grad_norm=0.499999, loss=0.499048
I0916 07:34:47.641170 140425199580352 submission.py:307] 46) loss = 0.499, grad_norm = 0.500
I0916 07:34:47.882451 140390543574784 logging_writer.py:48] [47] global_step=47, grad_norm=0.499999, loss=0.494484
I0916 07:34:47.885479 140425199580352 submission.py:307] 47) loss = 0.494, grad_norm = 0.500
I0916 07:34:48.123841 140390535182080 logging_writer.py:48] [48] global_step=48, grad_norm=0.499999, loss=0.490102
I0916 07:34:48.126835 140425199580352 submission.py:307] 48) loss = 0.490, grad_norm = 0.500
I0916 07:34:48.365929 140390543574784 logging_writer.py:48] [49] global_step=49, grad_norm=0.499999, loss=0.485355
I0916 07:34:48.368883 140425199580352 submission.py:307] 49) loss = 0.485, grad_norm = 0.500
I0916 07:34:48.608067 140390535182080 logging_writer.py:48] [50] global_step=50, grad_norm=0.499999, loss=0.482437
I0916 07:34:48.611338 140425199580352 submission.py:307] 50) loss = 0.482, grad_norm = 0.500
I0916 07:34:48.849284 140390543574784 logging_writer.py:48] [51] global_step=51, grad_norm=0.499999, loss=0.477616
I0916 07:34:48.852277 140425199580352 submission.py:307] 51) loss = 0.478, grad_norm = 0.500
I0916 07:34:49.091386 140390535182080 logging_writer.py:48] [52] global_step=52, grad_norm=0.499999, loss=0.471473
I0916 07:34:49.094525 140425199580352 submission.py:307] 52) loss = 0.471, grad_norm = 0.500
I0916 07:34:49.337899 140390543574784 logging_writer.py:48] [53] global_step=53, grad_norm=0.499999, loss=0.468569
I0916 07:34:49.340844 140425199580352 submission.py:307] 53) loss = 0.469, grad_norm = 0.500
I0916 07:34:49.584334 140390535182080 logging_writer.py:48] [54] global_step=54, grad_norm=0.499999, loss=0.463466
I0916 07:34:49.587305 140425199580352 submission.py:307] 54) loss = 0.463, grad_norm = 0.500
I0916 07:34:49.831121 140390543574784 logging_writer.py:48] [55] global_step=55, grad_norm=0.499999, loss=0.460383
I0916 07:34:49.834061 140425199580352 submission.py:307] 55) loss = 0.460, grad_norm = 0.500
I0916 07:34:50.074738 140390535182080 logging_writer.py:48] [56] global_step=56, grad_norm=0.499999, loss=0.454978
I0916 07:34:50.077754 140425199580352 submission.py:307] 56) loss = 0.455, grad_norm = 0.500
I0916 07:34:50.316841 140390543574784 logging_writer.py:48] [57] global_step=57, grad_norm=0.499999, loss=0.453774
I0916 07:34:50.319896 140425199580352 submission.py:307] 57) loss = 0.454, grad_norm = 0.500
I0916 07:34:50.563560 140390535182080 logging_writer.py:48] [58] global_step=58, grad_norm=0.499999, loss=0.4484
I0916 07:34:50.566824 140425199580352 submission.py:307] 58) loss = 0.448, grad_norm = 0.500
I0916 07:34:50.807504 140390543574784 logging_writer.py:48] [59] global_step=59, grad_norm=0.49547, loss=0.445186
I0916 07:34:50.810398 140425199580352 submission.py:307] 59) loss = 0.445, grad_norm = 0.495
I0916 07:34:51.054740 140390535182080 logging_writer.py:48] [60] global_step=60, grad_norm=0.492458, loss=0.441078
I0916 07:34:51.057785 140425199580352 submission.py:307] 60) loss = 0.441, grad_norm = 0.492
I0916 07:34:51.300877 140390543574784 logging_writer.py:48] [61] global_step=61, grad_norm=0.487307, loss=0.436396
I0916 07:34:51.303858 140425199580352 submission.py:307] 61) loss = 0.436, grad_norm = 0.487
I0916 07:34:51.543689 140390535182080 logging_writer.py:48] [62] global_step=62, grad_norm=0.479872, loss=0.434561
I0916 07:34:51.546653 140425199580352 submission.py:307] 62) loss = 0.435, grad_norm = 0.480
I0916 07:34:51.787589 140390543574784 logging_writer.py:48] [63] global_step=63, grad_norm=0.475692, loss=0.432599
I0916 07:34:51.790627 140425199580352 submission.py:307] 63) loss = 0.433, grad_norm = 0.476
I0916 07:34:52.032220 140390535182080 logging_writer.py:48] [64] global_step=64, grad_norm=0.476565, loss=0.428983
I0916 07:34:52.035201 140425199580352 submission.py:307] 64) loss = 0.429, grad_norm = 0.477
I0916 07:34:52.277191 140390543574784 logging_writer.py:48] [65] global_step=65, grad_norm=0.483333, loss=0.424186
I0916 07:34:52.280217 140425199580352 submission.py:307] 65) loss = 0.424, grad_norm = 0.483
I0916 07:34:52.517779 140390535182080 logging_writer.py:48] [66] global_step=66, grad_norm=0.472694, loss=0.422846
I0916 07:34:52.520746 140425199580352 submission.py:307] 66) loss = 0.423, grad_norm = 0.473
I0916 07:34:52.760892 140390543574784 logging_writer.py:48] [67] global_step=67, grad_norm=0.465895, loss=0.416833
I0916 07:34:52.763900 140425199580352 submission.py:307] 67) loss = 0.417, grad_norm = 0.466
I0916 07:34:53.005917 140390535182080 logging_writer.py:48] [68] global_step=68, grad_norm=0.459969, loss=0.416823
I0916 07:34:53.008945 140425199580352 submission.py:307] 68) loss = 0.417, grad_norm = 0.460
I0916 07:34:53.248730 140390543574784 logging_writer.py:48] [69] global_step=69, grad_norm=0.45264, loss=0.41346
I0916 07:34:53.251660 140425199580352 submission.py:307] 69) loss = 0.413, grad_norm = 0.453
I0916 07:34:53.490997 140390535182080 logging_writer.py:48] [70] global_step=70, grad_norm=0.446438, loss=0.412207
I0916 07:34:53.494017 140425199580352 submission.py:307] 70) loss = 0.412, grad_norm = 0.446
I0916 07:34:53.733113 140390543574784 logging_writer.py:48] [71] global_step=71, grad_norm=0.444901, loss=0.411268
I0916 07:34:53.736115 140425199580352 submission.py:307] 71) loss = 0.411, grad_norm = 0.445
I0916 07:34:53.975409 140390535182080 logging_writer.py:48] [72] global_step=72, grad_norm=0.439826, loss=0.408297
I0916 07:34:53.978369 140425199580352 submission.py:307] 72) loss = 0.408, grad_norm = 0.440
I0916 07:34:54.222257 140390543574784 logging_writer.py:48] [73] global_step=73, grad_norm=0.429563, loss=0.406558
I0916 07:34:54.225289 140425199580352 submission.py:307] 73) loss = 0.407, grad_norm = 0.430
I0916 07:34:54.469353 140390535182080 logging_writer.py:48] [74] global_step=74, grad_norm=0.429128, loss=0.403087
I0916 07:34:54.472288 140425199580352 submission.py:307] 74) loss = 0.403, grad_norm = 0.429
I0916 07:34:54.716689 140390543574784 logging_writer.py:48] [75] global_step=75, grad_norm=0.426128, loss=0.40134
I0916 07:34:54.719737 140425199580352 submission.py:307] 75) loss = 0.401, grad_norm = 0.426
I0916 07:34:54.962198 140390535182080 logging_writer.py:48] [76] global_step=76, grad_norm=0.423755, loss=0.398137
I0916 07:34:54.965232 140425199580352 submission.py:307] 76) loss = 0.398, grad_norm = 0.424
I0916 07:34:55.207509 140390543574784 logging_writer.py:48] [77] global_step=77, grad_norm=0.419658, loss=0.395656
I0916 07:34:55.210834 140425199580352 submission.py:307] 77) loss = 0.396, grad_norm = 0.420
I0916 07:34:55.453606 140390535182080 logging_writer.py:48] [78] global_step=78, grad_norm=0.418527, loss=0.393512
I0916 07:34:55.456580 140425199580352 submission.py:307] 78) loss = 0.394, grad_norm = 0.419
I0916 07:34:55.700753 140390543574784 logging_writer.py:48] [79] global_step=79, grad_norm=0.414544, loss=0.39363
I0916 07:34:55.703722 140425199580352 submission.py:307] 79) loss = 0.394, grad_norm = 0.415
I0916 07:34:55.947238 140390535182080 logging_writer.py:48] [80] global_step=80, grad_norm=0.415896, loss=0.388498
I0916 07:34:55.950326 140425199580352 submission.py:307] 80) loss = 0.388, grad_norm = 0.416
I0916 07:34:56.191327 140390543574784 logging_writer.py:48] [81] global_step=81, grad_norm=0.413136, loss=0.38738
I0916 07:34:56.194227 140425199580352 submission.py:307] 81) loss = 0.387, grad_norm = 0.413
I0916 07:34:56.431656 140390535182080 logging_writer.py:48] [82] global_step=82, grad_norm=0.41405, loss=0.386581
I0916 07:34:56.434684 140425199580352 submission.py:307] 82) loss = 0.387, grad_norm = 0.414
I0916 07:34:56.674232 140390543574784 logging_writer.py:48] [83] global_step=83, grad_norm=0.408927, loss=0.383988
I0916 07:34:56.677589 140425199580352 submission.py:307] 83) loss = 0.384, grad_norm = 0.409
I0916 07:34:56.917100 140390535182080 logging_writer.py:48] [84] global_step=84, grad_norm=0.408671, loss=0.382994
I0916 07:34:56.920556 140425199580352 submission.py:307] 84) loss = 0.383, grad_norm = 0.409
I0916 07:34:57.163501 140390543574784 logging_writer.py:48] [85] global_step=85, grad_norm=0.405117, loss=0.382958
I0916 07:34:57.166567 140425199580352 submission.py:307] 85) loss = 0.383, grad_norm = 0.405
I0916 07:34:57.407656 140390535182080 logging_writer.py:48] [86] global_step=86, grad_norm=0.403701, loss=0.381426
I0916 07:34:57.410588 140425199580352 submission.py:307] 86) loss = 0.381, grad_norm = 0.404
I0916 07:34:57.649763 140390543574784 logging_writer.py:48] [87] global_step=87, grad_norm=0.401319, loss=0.380856
I0916 07:34:57.652763 140425199580352 submission.py:307] 87) loss = 0.381, grad_norm = 0.401
I0916 07:34:57.892662 140390535182080 logging_writer.py:48] [88] global_step=88, grad_norm=0.4012, loss=0.375607
I0916 07:34:57.895662 140425199580352 submission.py:307] 88) loss = 0.376, grad_norm = 0.401
I0916 07:34:58.135431 140390543574784 logging_writer.py:48] [89] global_step=89, grad_norm=0.394719, loss=0.378277
I0916 07:34:58.138400 140425199580352 submission.py:307] 89) loss = 0.378, grad_norm = 0.395
I0916 07:34:58.380790 140390535182080 logging_writer.py:48] [90] global_step=90, grad_norm=0.398387, loss=0.373105
I0916 07:34:58.384269 140425199580352 submission.py:307] 90) loss = 0.373, grad_norm = 0.398
I0916 07:34:58.623115 140390543574784 logging_writer.py:48] [91] global_step=91, grad_norm=0.399344, loss=0.370765
I0916 07:34:58.626153 140425199580352 submission.py:307] 91) loss = 0.371, grad_norm = 0.399
I0916 07:34:58.865088 140390535182080 logging_writer.py:48] [92] global_step=92, grad_norm=0.394602, loss=0.371645
I0916 07:34:58.868099 140425199580352 submission.py:307] 92) loss = 0.372, grad_norm = 0.395
I0916 07:34:59.108284 140390543574784 logging_writer.py:48] [93] global_step=93, grad_norm=0.392345, loss=0.368974
I0916 07:34:59.111214 140425199580352 submission.py:307] 93) loss = 0.369, grad_norm = 0.392
I0916 07:34:59.347743 140390535182080 logging_writer.py:48] [94] global_step=94, grad_norm=0.392425, loss=0.364885
I0916 07:34:59.350697 140425199580352 submission.py:307] 94) loss = 0.365, grad_norm = 0.392
I0916 07:34:59.592038 140390543574784 logging_writer.py:48] [95] global_step=95, grad_norm=0.390491, loss=0.367709
I0916 07:34:59.595041 140425199580352 submission.py:307] 95) loss = 0.368, grad_norm = 0.390
I0916 07:34:59.832926 140390535182080 logging_writer.py:48] [96] global_step=96, grad_norm=0.386259, loss=0.367995
I0916 07:34:59.835960 140425199580352 submission.py:307] 96) loss = 0.368, grad_norm = 0.386
I0916 07:35:00.079825 140390543574784 logging_writer.py:48] [97] global_step=97, grad_norm=0.386014, loss=0.36332
I0916 07:35:00.082894 140425199580352 submission.py:307] 97) loss = 0.363, grad_norm = 0.386
I0916 07:35:00.329309 140390535182080 logging_writer.py:48] [98] global_step=98, grad_norm=0.386592, loss=0.359605
I0916 07:35:00.332296 140425199580352 submission.py:307] 98) loss = 0.360, grad_norm = 0.387
I0916 07:35:00.574132 140390543574784 logging_writer.py:48] [99] global_step=99, grad_norm=0.381879, loss=0.362913
I0916 07:35:00.577128 140425199580352 submission.py:307] 99) loss = 0.363, grad_norm = 0.382
I0916 07:35:00.816957 140390535182080 logging_writer.py:48] [100] global_step=100, grad_norm=0.385491, loss=0.355971
I0916 07:35:00.820179 140425199580352 submission.py:307] 100) loss = 0.356, grad_norm = 0.385
I0916 07:36:34.030071 140390543574784 logging_writer.py:48] [500] global_step=500, grad_norm=0.0334578, loss=0.0671956
I0916 07:36:34.034708 140425199580352 submission.py:307] 500) loss = 0.067, grad_norm = 0.033
I0916 07:38:30.922366 140390535182080 logging_writer.py:48] [1000] global_step=1000, grad_norm=0.0306246, loss=0.0568154
I0916 07:38:30.926072 140425199580352 submission.py:307] 1000) loss = 0.057, grad_norm = 0.031
I0916 07:40:27.343349 140390543574784 logging_writer.py:48] [1500] global_step=1500, grad_norm=0.0174965, loss=0.0472846
I0916 07:40:27.347029 140425199580352 submission.py:307] 1500) loss = 0.047, grad_norm = 0.017
I0916 07:42:08.569755 140425199580352 spec.py:333] Evaluating on the training split.
I0916 07:42:34.633372 140425199580352 spec.py:346] Evaluating on the validation split.
I0916 07:42:36.681307 140425199580352 spec.py:363] Evaluating on the test split.
I0916 07:42:38.708200 140425199580352 submission_runner.py:516] Time since start: 570.09s, 	Step: 1934, 	{'train/accuracy': 0.9872739783359699, 'train/loss': 0.04662817519994262, 'train/mean_average_precision': 0.10350142962238218, 'validation/accuracy': 0.9846617349540007, 'validation/loss': 0.055813864515374796, 'validation/mean_average_precision': 0.10950719332545168, 'validation/num_examples': 43793, 'test/accuracy': 0.983643984067235, 'test/loss': 0.05911211064073872, 'test/mean_average_precision': 0.10651275554585107, 'test/num_examples': 43793, 'score': 462.54997301101685, 'total_duration': 570.088809967041, 'accumulated_submission_time': 462.54997301101685, 'accumulated_eval_time': 105.69732356071472, 'accumulated_logging_time': 0.032109737396240234}
I0916 07:42:38.733559 140390535182080 logging_writer.py:48] [1934] accumulated_eval_time=105.697, accumulated_logging_time=0.0321097, accumulated_submission_time=462.55, global_step=1934, preemption_count=0, score=462.55, test/accuracy=0.983644, test/loss=0.0591121, test/mean_average_precision=0.106513, test/num_examples=43793, total_duration=570.089, train/accuracy=0.987274, train/loss=0.0466282, train/mean_average_precision=0.103501, validation/accuracy=0.984662, validation/loss=0.0558139, validation/mean_average_precision=0.109507, validation/num_examples=43793
I0916 07:42:54.722208 140390543574784 logging_writer.py:48] [2000] global_step=2000, grad_norm=0.0344604, loss=0.0416965
I0916 07:42:54.725249 140425199580352 submission.py:307] 2000) loss = 0.042, grad_norm = 0.034
I0916 07:44:51.181330 140390535182080 logging_writer.py:48] [2500] global_step=2500, grad_norm=0.0239974, loss=0.0423151
I0916 07:44:51.184902 140425199580352 submission.py:307] 2500) loss = 0.042, grad_norm = 0.024
I0916 07:46:48.243420 140390543574784 logging_writer.py:48] [3000] global_step=3000, grad_norm=0.0409143, loss=0.0434758
I0916 07:46:48.246855 140425199580352 submission.py:307] 3000) loss = 0.043, grad_norm = 0.041
I0916 07:48:45.003626 140390535182080 logging_writer.py:48] [3500] global_step=3500, grad_norm=0.0222061, loss=0.0420215
I0916 07:48:45.007270 140425199580352 submission.py:307] 3500) loss = 0.042, grad_norm = 0.022
I0916 07:50:11.338231 140425199580352 spec.py:333] Evaluating on the training split.
I0916 07:50:36.790089 140425199580352 spec.py:346] Evaluating on the validation split.
I0916 07:50:38.799749 140425199580352 spec.py:363] Evaluating on the test split.
I0916 07:50:40.849383 140425199580352 submission_runner.py:516] Time since start: 1052.23s, 	Step: 3872, 	{'train/accuracy': 0.988466569277978, 'train/loss': 0.040134937259917125, 'train/mean_average_precision': 0.19431109139602815, 'validation/accuracy': 0.9854650596384349, 'validation/loss': 0.0498583678504509, 'validation/mean_average_precision': 0.16580154988068696, 'validation/num_examples': 43793, 'test/accuracy': 0.9845637651728085, 'test/loss': 0.05259035814924375, 'test/mean_average_precision': 0.16993341334131962, 'test/num_examples': 43793, 'score': 913.7683036327362, 'total_duration': 1052.229915857315, 'accumulated_submission_time': 913.7683036327362, 'accumulated_eval_time': 135.20834755897522, 'accumulated_logging_time': 0.06734704971313477}
I0916 07:50:40.872758 140390543574784 logging_writer.py:48] [3872] accumulated_eval_time=135.208, accumulated_logging_time=0.067347, accumulated_submission_time=913.768, global_step=3872, preemption_count=0, score=913.768, test/accuracy=0.984564, test/loss=0.0525904, test/mean_average_precision=0.169933, test/num_examples=43793, total_duration=1052.23, train/accuracy=0.988467, train/loss=0.0401349, train/mean_average_precision=0.194311, validation/accuracy=0.985465, validation/loss=0.0498584, validation/mean_average_precision=0.165802, validation/num_examples=43793
I0916 07:51:11.006477 140390535182080 logging_writer.py:48] [4000] global_step=4000, grad_norm=0.0219006, loss=0.0391567
I0916 07:51:11.009632 140425199580352 submission.py:307] 4000) loss = 0.039, grad_norm = 0.022
I0916 07:53:05.453894 140390543574784 logging_writer.py:48] [4500] global_step=4500, grad_norm=0.0183786, loss=0.040737
I0916 07:53:05.457531 140425199580352 submission.py:307] 4500) loss = 0.041, grad_norm = 0.018
I0916 07:55:00.315978 140390535182080 logging_writer.py:48] [5000] global_step=5000, grad_norm=0.0348569, loss=0.037563
I0916 07:55:00.319338 140425199580352 submission.py:307] 5000) loss = 0.038, grad_norm = 0.035
I0916 07:56:54.691766 140390543574784 logging_writer.py:48] [5500] global_step=5500, grad_norm=0.0195123, loss=0.04068
I0916 07:56:54.695199 140425199580352 submission.py:307] 5500) loss = 0.041, grad_norm = 0.020
I0916 07:58:13.359514 140425199580352 spec.py:333] Evaluating on the training split.
I0916 07:58:38.934365 140425199580352 spec.py:346] Evaluating on the validation split.
I0916 07:58:40.968616 140425199580352 spec.py:363] Evaluating on the test split.
I0916 07:58:42.997476 140425199580352 submission_runner.py:516] Time since start: 1534.38s, 	Step: 5844, 	{'train/accuracy': 0.9888896233378502, 'train/loss': 0.03787011370942104, 'train/mean_average_precision': 0.2467587829208071, 'validation/accuracy': 0.985922333644001, 'validation/loss': 0.04776651813549112, 'validation/mean_average_precision': 0.19920993286886418, 'validation/num_examples': 43793, 'test/accuracy': 0.9850217605722184, 'test/loss': 0.050569384355214075, 'test/mean_average_precision': 0.20027314266106533, 'test/num_examples': 43793, 'score': 1364.8587460517883, 'total_duration': 1534.3781569004059, 'accumulated_submission_time': 1364.8587460517883, 'accumulated_eval_time': 164.8463044166565, 'accumulated_logging_time': 0.10014581680297852}
I0916 07:58:43.023336 140390535182080 logging_writer.py:48] [5844] accumulated_eval_time=164.846, accumulated_logging_time=0.100146, accumulated_submission_time=1364.86, global_step=5844, preemption_count=0, score=1364.86, test/accuracy=0.985022, test/loss=0.0505694, test/mean_average_precision=0.200273, test/num_examples=43793, total_duration=1534.38, train/accuracy=0.98889, train/loss=0.0378701, train/mean_average_precision=0.246759, validation/accuracy=0.985922, validation/loss=0.0477665, validation/mean_average_precision=0.19921, validation/num_examples=43793
I0916 07:59:19.329839 140390543574784 logging_writer.py:48] [6000] global_step=6000, grad_norm=0.0247361, loss=0.0396489
I0916 07:59:19.332813 140425199580352 submission.py:307] 6000) loss = 0.040, grad_norm = 0.025
I0916 08:01:13.308785 140390535182080 logging_writer.py:48] [6500] global_step=6500, grad_norm=0.0183451, loss=0.0359333
I0916 08:01:13.312162 140425199580352 submission.py:307] 6500) loss = 0.036, grad_norm = 0.018
I0916 08:03:07.632609 140390543574784 logging_writer.py:48] [7000] global_step=7000, grad_norm=0.0148427, loss=0.0402458
I0916 08:03:07.636105 140425199580352 submission.py:307] 7000) loss = 0.040, grad_norm = 0.015
I0916 08:05:02.116398 140390535182080 logging_writer.py:48] [7500] global_step=7500, grad_norm=0.0189646, loss=0.040157
I0916 08:05:02.119786 140425199580352 submission.py:307] 7500) loss = 0.040, grad_norm = 0.019
I0916 08:06:15.512043 140425199580352 spec.py:333] Evaluating on the training split.
I0916 08:06:40.807269 140425199580352 spec.py:346] Evaluating on the validation split.
I0916 08:06:42.837552 140425199580352 spec.py:363] Evaluating on the test split.
I0916 08:06:44.893891 140425199580352 submission_runner.py:516] Time since start: 2016.27s, 	Step: 7820, 	{'train/accuracy': 0.9895427617196845, 'train/loss': 0.035386638148443644, 'train/mean_average_precision': 0.2761431838430722, 'validation/accuracy': 0.9862570184354693, 'validation/loss': 0.04642729059164315, 'validation/mean_average_precision': 0.22400625690558534, 'validation/num_examples': 43793, 'test/accuracy': 0.9853462529448578, 'test/loss': 0.04926592023594238, 'test/mean_average_precision': 0.21944701857998322, 'test/num_examples': 43793, 'score': 1815.9603216648102, 'total_duration': 2016.2744965553284, 'accumulated_submission_time': 1815.9603216648102, 'accumulated_eval_time': 194.22807431221008, 'accumulated_logging_time': 0.13584184646606445}
I0916 08:06:44.916714 140390543574784 logging_writer.py:48] [7820] accumulated_eval_time=194.228, accumulated_logging_time=0.135842, accumulated_submission_time=1815.96, global_step=7820, preemption_count=0, score=1815.96, test/accuracy=0.985346, test/loss=0.0492659, test/mean_average_precision=0.219447, test/num_examples=43793, total_duration=2016.27, train/accuracy=0.989543, train/loss=0.0353866, train/mean_average_precision=0.276143, validation/accuracy=0.986257, validation/loss=0.0464273, validation/mean_average_precision=0.224006, validation/num_examples=43793
I0916 08:07:26.801909 140390535182080 logging_writer.py:48] [8000] global_step=8000, grad_norm=0.0148677, loss=0.0351541
I0916 08:07:26.804994 140425199580352 submission.py:307] 8000) loss = 0.035, grad_norm = 0.015
I0916 08:09:20.633471 140390543574784 logging_writer.py:48] [8500] global_step=8500, grad_norm=0.0265448, loss=0.0358589
I0916 08:09:20.637291 140425199580352 submission.py:307] 8500) loss = 0.036, grad_norm = 0.027
I0916 08:11:14.683550 140390535182080 logging_writer.py:48] [9000] global_step=9000, grad_norm=0.0226706, loss=0.0407664
I0916 08:11:14.687241 140425199580352 submission.py:307] 9000) loss = 0.041, grad_norm = 0.023
I0916 08:13:09.111988 140390543574784 logging_writer.py:48] [9500] global_step=9500, grad_norm=0.0184488, loss=0.0375356
I0916 08:13:09.115563 140425199580352 submission.py:307] 9500) loss = 0.038, grad_norm = 0.018
I0916 08:14:17.368171 140425199580352 spec.py:333] Evaluating on the training split.
I0916 08:14:42.811419 140425199580352 spec.py:346] Evaluating on the validation split.
I0916 08:14:44.841966 140425199580352 spec.py:363] Evaluating on the test split.
I0916 08:14:46.905890 140425199580352 submission_runner.py:516] Time since start: 2498.29s, 	Step: 9799, 	{'train/accuracy': 0.9901857675683852, 'train/loss': 0.03309017166229622, 'train/mean_average_precision': 0.3490473628829426, 'validation/accuracy': 0.9865009790900146, 'validation/loss': 0.0451063550228292, 'validation/mean_average_precision': 0.24864923532023483, 'validation/num_examples': 43793, 'test/accuracy': 0.9857101223932165, 'test/loss': 0.04764598195371783, 'test/mean_average_precision': 0.2409842598333483, 'test/num_examples': 43793, 'score': 2267.0146951675415, 'total_duration': 2498.28653550148, 'accumulated_submission_time': 2267.0146951675415, 'accumulated_eval_time': 223.76578831672668, 'accumulated_logging_time': 0.16794610023498535}
I0916 08:14:46.928147 140390535182080 logging_writer.py:48] [9799] accumulated_eval_time=223.766, accumulated_logging_time=0.167946, accumulated_submission_time=2267.01, global_step=9799, preemption_count=0, score=2267.01, test/accuracy=0.98571, test/loss=0.047646, test/mean_average_precision=0.240984, test/num_examples=43793, total_duration=2498.29, train/accuracy=0.990186, train/loss=0.0330902, train/mean_average_precision=0.349047, validation/accuracy=0.986501, validation/loss=0.0451064, validation/mean_average_precision=0.248649, validation/num_examples=43793
I0916 08:15:33.728792 140390543574784 logging_writer.py:48] [10000] global_step=10000, grad_norm=0.0164723, loss=0.0345669
I0916 08:15:33.732201 140425199580352 submission.py:307] 10000) loss = 0.035, grad_norm = 0.016
I0916 08:17:27.625072 140390535182080 logging_writer.py:48] [10500] global_step=10500, grad_norm=0.0197831, loss=0.0361742
I0916 08:17:27.628412 140425199580352 submission.py:307] 10500) loss = 0.036, grad_norm = 0.020
I0916 08:19:21.081418 140390543574784 logging_writer.py:48] [11000] global_step=11000, grad_norm=0.0182838, loss=0.0359306
I0916 08:19:21.084796 140425199580352 submission.py:307] 11000) loss = 0.036, grad_norm = 0.018
I0916 08:21:15.665535 140390535182080 logging_writer.py:48] [11500] global_step=11500, grad_norm=0.0167634, loss=0.0306401
I0916 08:21:15.668851 140425199580352 submission.py:307] 11500) loss = 0.031, grad_norm = 0.017
I0916 08:22:19.406543 140425199580352 spec.py:333] Evaluating on the training split.
I0916 08:22:44.875385 140425199580352 spec.py:346] Evaluating on the validation split.
I0916 08:22:46.885743 140425199580352 spec.py:363] Evaluating on the test split.
I0916 08:22:48.914321 140425199580352 submission_runner.py:516] Time since start: 2980.29s, 	Step: 11778, 	{'train/accuracy': 0.9903584234755127, 'train/loss': 0.03182477578347286, 'train/mean_average_precision': 0.3719740073263724, 'validation/accuracy': 0.986685268835711, 'validation/loss': 0.04487150230037443, 'validation/mean_average_precision': 0.25828172536038974, 'validation/num_examples': 43793, 'test/accuracy': 0.9858520483238843, 'test/loss': 0.04761673539405292, 'test/mean_average_precision': 0.2583378703119949, 'test/num_examples': 43793, 'score': 2718.1068575382233, 'total_duration': 2980.2949731349945, 'accumulated_submission_time': 2718.1068575382233, 'accumulated_eval_time': 253.27358293533325, 'accumulated_logging_time': 0.19945549964904785}
I0916 08:22:48.937652 140390543574784 logging_writer.py:48] [11778] accumulated_eval_time=253.274, accumulated_logging_time=0.199455, accumulated_submission_time=2718.11, global_step=11778, preemption_count=0, score=2718.11, test/accuracy=0.985852, test/loss=0.0476167, test/mean_average_precision=0.258338, test/num_examples=43793, total_duration=2980.29, train/accuracy=0.990358, train/loss=0.0318248, train/mean_average_precision=0.371974, validation/accuracy=0.986685, validation/loss=0.0448715, validation/mean_average_precision=0.258282, validation/num_examples=43793
I0916 08:23:40.402677 140390535182080 logging_writer.py:48] [12000] global_step=12000, grad_norm=0.0158963, loss=0.0346977
I0916 08:23:40.406143 140425199580352 submission.py:307] 12000) loss = 0.035, grad_norm = 0.016
I0916 08:25:33.943518 140390543574784 logging_writer.py:48] [12500] global_step=12500, grad_norm=0.0168645, loss=0.0319809
I0916 08:25:33.946823 140425199580352 submission.py:307] 12500) loss = 0.032, grad_norm = 0.017
I0916 08:27:28.525973 140390535182080 logging_writer.py:48] [13000] global_step=13000, grad_norm=0.0163647, loss=0.0322085
I0916 08:27:28.531259 140425199580352 submission.py:307] 13000) loss = 0.032, grad_norm = 0.016
I0916 08:29:23.150462 140390543574784 logging_writer.py:48] [13500] global_step=13500, grad_norm=0.0162139, loss=0.0314379
I0916 08:29:23.154107 140425199580352 submission.py:307] 13500) loss = 0.031, grad_norm = 0.016
I0916 08:30:21.352292 140425199580352 spec.py:333] Evaluating on the training split.
I0916 08:30:46.917466 140425199580352 spec.py:346] Evaluating on the validation split.
I0916 08:30:48.933404 140425199580352 spec.py:363] Evaluating on the test split.
I0916 08:30:50.978835 140425199580352 submission_runner.py:516] Time since start: 3462.36s, 	Step: 13753, 	{'train/accuracy': 0.9909471630031864, 'train/loss': 0.030043816366344483, 'train/mean_average_precision': 0.4012493489435839, 'validation/accuracy': 0.9867646270852344, 'validation/loss': 0.04451309946430137, 'validation/mean_average_precision': 0.2676612510009205, 'validation/num_examples': 43793, 'test/accuracy': 0.9860992605532669, 'test/loss': 0.046987406284665516, 'test/mean_average_precision': 0.26131275504819856, 'test/num_examples': 43793, 'score': 3169.12438416481, 'total_duration': 3462.3594183921814, 'accumulated_submission_time': 3169.12438416481, 'accumulated_eval_time': 282.9000051021576, 'accumulated_logging_time': 0.2322547435760498}
I0916 08:30:51.004554 140390535182080 logging_writer.py:48] [13753] accumulated_eval_time=282.9, accumulated_logging_time=0.232255, accumulated_submission_time=3169.12, global_step=13753, preemption_count=0, score=3169.12, test/accuracy=0.986099, test/loss=0.0469874, test/mean_average_precision=0.261313, test/num_examples=43793, total_duration=3462.36, train/accuracy=0.990947, train/loss=0.0300438, train/mean_average_precision=0.401249, validation/accuracy=0.986765, validation/loss=0.0445131, validation/mean_average_precision=0.267661, validation/num_examples=43793
I0916 08:31:48.064562 140390543574784 logging_writer.py:48] [14000] global_step=14000, grad_norm=0.0175456, loss=0.0326298
I0916 08:31:48.072448 140425199580352 submission.py:307] 14000) loss = 0.033, grad_norm = 0.018
I0916 08:33:42.248292 140390535182080 logging_writer.py:48] [14500] global_step=14500, grad_norm=0.0180858, loss=0.0315818
I0916 08:33:42.251706 140425199580352 submission.py:307] 14500) loss = 0.032, grad_norm = 0.018
I0916 08:35:35.850960 140390543574784 logging_writer.py:48] [15000] global_step=15000, grad_norm=0.0207067, loss=0.0332999
I0916 08:35:35.855293 140425199580352 submission.py:307] 15000) loss = 0.033, grad_norm = 0.021
I0916 08:37:29.566195 140390535182080 logging_writer.py:48] [15500] global_step=15500, grad_norm=0.0167546, loss=0.0302563
I0916 08:37:29.576124 140425199580352 submission.py:307] 15500) loss = 0.030, grad_norm = 0.017
I0916 08:38:23.515446 140425199580352 spec.py:333] Evaluating on the training split.
I0916 08:38:48.829269 140425199580352 spec.py:346] Evaluating on the validation split.
I0916 08:38:50.814771 140425199580352 spec.py:363] Evaluating on the test split.
I0916 08:38:52.785982 140425199580352 submission_runner.py:516] Time since start: 3944.17s, 	Step: 15735, 	{'train/accuracy': 0.9914554525443318, 'train/loss': 0.02781956239430765, 'train/mean_average_precision': 0.46531210795072864, 'validation/accuracy': 0.9869414072267559, 'validation/loss': 0.04474040135586918, 'validation/mean_average_precision': 0.2762624088256628, 'validation/num_examples': 43793, 'test/accuracy': 0.9861727503897699, 'test/loss': 0.04756114422833145, 'test/mean_average_precision': 0.2682699677631099, 'test/num_examples': 43793, 'score': 3620.244943380356, 'total_duration': 3944.1666402816772, 'accumulated_submission_time': 3620.244943380356, 'accumulated_eval_time': 312.17052459716797, 'accumulated_logging_time': 0.267136812210083}
I0916 08:38:52.809207 140390543574784 logging_writer.py:48] [15735] accumulated_eval_time=312.171, accumulated_logging_time=0.267137, accumulated_submission_time=3620.24, global_step=15735, preemption_count=0, score=3620.24, test/accuracy=0.986173, test/loss=0.0475611, test/mean_average_precision=0.26827, test/num_examples=43793, total_duration=3944.17, train/accuracy=0.991455, train/loss=0.0278196, train/mean_average_precision=0.465312, validation/accuracy=0.986941, validation/loss=0.0447404, validation/mean_average_precision=0.276262, validation/num_examples=43793
I0916 08:39:54.301081 140390535182080 logging_writer.py:48] [16000] global_step=16000, grad_norm=0.0183285, loss=0.0314843
I0916 08:39:54.304349 140425199580352 submission.py:307] 16000) loss = 0.031, grad_norm = 0.018
I0916 08:41:48.900635 140390543574784 logging_writer.py:48] [16500] global_step=16500, grad_norm=0.0170706, loss=0.0278501
I0916 08:41:48.904159 140425199580352 submission.py:307] 16500) loss = 0.028, grad_norm = 0.017
I0916 08:43:43.054923 140390535182080 logging_writer.py:48] [17000] global_step=17000, grad_norm=0.0183626, loss=0.0295564
I0916 08:43:43.058679 140425199580352 submission.py:307] 17000) loss = 0.030, grad_norm = 0.018
I0916 08:45:37.236182 140390543574784 logging_writer.py:48] [17500] global_step=17500, grad_norm=0.0158082, loss=0.0270338
I0916 08:45:37.242890 140425199580352 submission.py:307] 17500) loss = 0.027, grad_norm = 0.016
I0916 08:46:25.219479 140425199580352 spec.py:333] Evaluating on the training split.
I0916 08:46:50.526347 140425199580352 spec.py:346] Evaluating on the validation split.
I0916 08:46:52.521370 140425199580352 spec.py:363] Evaluating on the test split.
I0916 08:46:54.502580 140425199580352 submission_runner.py:516] Time since start: 4425.88s, 	Step: 17711, 	{'train/accuracy': 0.9920030392661061, 'train/loss': 0.02643663386916597, 'train/mean_average_precision': 0.4929768841281881, 'validation/accuracy': 0.9868512919766577, 'validation/loss': 0.04476370713335271, 'validation/mean_average_precision': 0.2784861725845394, 'validation/num_examples': 43793, 'test/accuracy': 0.9860162949498795, 'test/loss': 0.04755494549749461, 'test/mean_average_precision': 0.26342184124267576, 'test/num_examples': 43793, 'score': 4071.263598918915, 'total_duration': 4425.883248329163, 'accumulated_submission_time': 4071.263598918915, 'accumulated_eval_time': 341.4536712169647, 'accumulated_logging_time': 0.3021092414855957}
I0916 08:46:54.526259 140390535182080 logging_writer.py:48] [17711] accumulated_eval_time=341.454, accumulated_logging_time=0.302109, accumulated_submission_time=4071.26, global_step=17711, preemption_count=0, score=4071.26, test/accuracy=0.986016, test/loss=0.0475549, test/mean_average_precision=0.263422, test/num_examples=43793, total_duration=4425.88, train/accuracy=0.992003, train/loss=0.0264366, train/mean_average_precision=0.492977, validation/accuracy=0.986851, validation/loss=0.0447637, validation/mean_average_precision=0.278486, validation/num_examples=43793
I0916 08:48:00.610107 140390543574784 logging_writer.py:48] [18000] global_step=18000, grad_norm=0.0210767, loss=0.0288594
I0916 08:48:00.613471 140425199580352 submission.py:307] 18000) loss = 0.029, grad_norm = 0.021
I0916 08:49:53.865504 140390535182080 logging_writer.py:48] [18500] global_step=18500, grad_norm=0.017593, loss=0.0279048
I0916 08:49:53.868915 140425199580352 submission.py:307] 18500) loss = 0.028, grad_norm = 0.018
I0916 08:51:46.730451 140390543574784 logging_writer.py:48] [19000] global_step=19000, grad_norm=0.0201181, loss=0.0298432
I0916 08:51:46.733801 140425199580352 submission.py:307] 19000) loss = 0.030, grad_norm = 0.020
I0916 08:53:39.242175 140390535182080 logging_writer.py:48] [19500] global_step=19500, grad_norm=0.0175766, loss=0.0273489
I0916 08:53:39.245586 140425199580352 submission.py:307] 19500) loss = 0.027, grad_norm = 0.018
I0916 08:54:27.014049 140425199580352 spec.py:333] Evaluating on the training split.
I0916 08:54:52.518085 140425199580352 spec.py:346] Evaluating on the validation split.
I0916 08:54:54.513068 140425199580352 spec.py:363] Evaluating on the test split.
I0916 08:54:56.497677 140425199580352 submission_runner.py:516] Time since start: 4907.88s, 	Step: 19711, 	{'train/accuracy': 0.9921952268836711, 'train/loss': 0.025366222333885333, 'train/mean_average_precision': 0.5251250965686298, 'validation/accuracy': 0.9868525097503077, 'validation/loss': 0.04500548277215617, 'validation/mean_average_precision': 0.28200299588380895, 'validation/num_examples': 43793, 'test/accuracy': 0.9859518597350659, 'test/loss': 0.04796572657232453, 'test/mean_average_precision': 0.2710933780442979, 'test/num_examples': 43793, 'score': 4522.396051645279, 'total_duration': 4907.878260135651, 'accumulated_submission_time': 4522.396051645279, 'accumulated_eval_time': 370.93720149993896, 'accumulated_logging_time': 0.33507418632507324}
I0916 08:54:56.521176 140390543574784 logging_writer.py:48] [19711] accumulated_eval_time=370.937, accumulated_logging_time=0.335074, accumulated_submission_time=4522.4, global_step=19711, preemption_count=0, score=4522.4, test/accuracy=0.985952, test/loss=0.0479657, test/mean_average_precision=0.271093, test/num_examples=43793, total_duration=4907.88, train/accuracy=0.992195, train/loss=0.0253662, train/mean_average_precision=0.525125, validation/accuracy=0.986853, validation/loss=0.0450055, validation/mean_average_precision=0.282003, validation/num_examples=43793
I0916 08:54:56.965873 140390535182080 logging_writer.py:48] [19711] global_step=19711, preemption_count=0, score=4522.4
I0916 08:54:57.093461 140425199580352 submission_runner.py:857] Final ogbg score: 4522.396051645279
