torchrun --redirects 1:0,2:0,3:0 --standalone --nnodes=1 --nproc_per_node=4 submission_runner.py --framework=pytorch --workload=fastmri --submission_path=submissions_algorithms/submissions/self_tuning/lion/submission.py --data_dir=/data/fastmri --experiment_dir=/experiment_runs --experiment_name=submissions_a100/lion/study_1 --overwrite=True --save_checkpoints=False --rng_seed=-113931357 --torch_compile=true --tuning_ruleset=self 2>&1 | tee -a /logs/fastmri_pytorch_04-06-2026-08-26-37.log
W0406 08:26:55.193000 9 site-packages/torch/distributed/run.py:803] 
W0406 08:26:55.193000 9 site-packages/torch/distributed/run.py:803] *****************************************
W0406 08:26:55.193000 9 site-packages/torch/distributed/run.py:803] Setting OMP_NUM_THREADS environment variable for each process to be 1 in default, to avoid your system being overloaded, please further tune the variable for optimal performance in your application as needed. 
W0406 08:26:55.193000 9 site-packages/torch/distributed/run.py:803] *****************************************
2026-04-06 08:27:03.739774: E external/local_xla/xla/stream_executor/cuda/cuda_fft.cc:467] Unable to register cuFFT factory: Attempting to register factory for plugin cuFFT when one has already been registered
2026-04-06 08:27:03.739789: E external/local_xla/xla/stream_executor/cuda/cuda_fft.cc:467] Unable to register cuFFT factory: Attempting to register factory for plugin cuFFT when one has already been registered
2026-04-06 08:27:03.739775: E external/local_xla/xla/stream_executor/cuda/cuda_fft.cc:467] Unable to register cuFFT factory: Attempting to register factory for plugin cuFFT when one has already been registered
2026-04-06 08:27:03.739774: E external/local_xla/xla/stream_executor/cuda/cuda_fft.cc:467] Unable to register cuFFT factory: Attempting to register factory for plugin cuFFT when one has already been registered
WARNING: All log messages before absl::InitializeLog() is called are written to STDERR
WARNING: All log messages before absl::InitializeLog() is called are written to STDERR
E0000 00:00:1775464024.110758      40 cuda_dnn.cc:8579] Unable to register cuDNN factory: Attempting to register factory for plugin cuDNN when one has already been registered
E0000 00:00:1775464024.110750      41 cuda_dnn.cc:8579] Unable to register cuDNN factory: Attempting to register factory for plugin cuDNN when one has already been registered
WARNING: All log messages before absl::InitializeLog() is called are written to STDERR
E0000 00:00:1775464024.110781      38 cuda_dnn.cc:8579] Unable to register cuDNN factory: Attempting to register factory for plugin cuDNN when one has already been registered
WARNING: All log messages before absl::InitializeLog() is called are written to STDERR
E0000 00:00:1775464024.110753      39 cuda_dnn.cc:8579] Unable to register cuDNN factory: Attempting to register factory for plugin cuDNN when one has already been registered
E0000 00:00:1775464024.204966      40 cuda_blas.cc:1407] Unable to register cuBLAS factory: Attempting to register factory for plugin cuBLAS when one has already been registered
E0000 00:00:1775464024.204974      38 cuda_blas.cc:1407] Unable to register cuBLAS factory: Attempting to register factory for plugin cuBLAS when one has already been registered
E0000 00:00:1775464024.204973      41 cuda_blas.cc:1407] Unable to register cuBLAS factory: Attempting to register factory for plugin cuBLAS when one has already been registered
E0000 00:00:1775464024.204982      39 cuda_blas.cc:1407] Unable to register cuBLAS factory: Attempting to register factory for plugin cuBLAS when one has already been registered
W0000 00:00:1775464025.035853      38 computation_placer.cc:177] computation placer already registered. Please check linkage and avoid linking the same target more than once.
W0000 00:00:1775464025.035852      39 computation_placer.cc:177] computation placer already registered. Please check linkage and avoid linking the same target more than once.
W0000 00:00:1775464025.035853      41 computation_placer.cc:177] computation placer already registered. Please check linkage and avoid linking the same target more than once.
W0000 00:00:1775464025.035851      40 computation_placer.cc:177] computation placer already registered. Please check linkage and avoid linking the same target more than once.
W0000 00:00:1775464025.035891      39 computation_placer.cc:177] computation placer already registered. Please check linkage and avoid linking the same target more than once.
W0000 00:00:1775464025.035891      41 computation_placer.cc:177] computation placer already registered. Please check linkage and avoid linking the same target more than once.
W0000 00:00:1775464025.035891      40 computation_placer.cc:177] computation placer already registered. Please check linkage and avoid linking the same target more than once.
W0000 00:00:1775464025.035893      39 computation_placer.cc:177] computation placer already registered. Please check linkage and avoid linking the same target more than once.
W0000 00:00:1775464025.035894      41 computation_placer.cc:177] computation placer already registered. Please check linkage and avoid linking the same target more than once.
W0000 00:00:1775464025.035895      40 computation_placer.cc:177] computation placer already registered. Please check linkage and avoid linking the same target more than once.
W0000 00:00:1775464025.035894      38 computation_placer.cc:177] computation placer already registered. Please check linkage and avoid linking the same target more than once.
W0000 00:00:1775464025.035896      39 computation_placer.cc:177] computation placer already registered. Please check linkage and avoid linking the same target more than once.
W0000 00:00:1775464025.035897      41 computation_placer.cc:177] computation placer already registered. Please check linkage and avoid linking the same target more than once.
W0000 00:00:1775464025.035897      40 computation_placer.cc:177] computation placer already registered. Please check linkage and avoid linking the same target more than once.
W0000 00:00:1775464025.035897      38 computation_placer.cc:177] computation placer already registered. Please check linkage and avoid linking the same target more than once.
W0000 00:00:1775464025.035899      38 computation_placer.cc:177] computation placer already registered. Please check linkage and avoid linking the same target more than once.
W0000 00:00:1775464047.105685      40 gpu_device.cc:2341] Cannot dlopen some GPU libraries. Please make sure the missing libraries mentioned above are installed properly if you would like to use GPU. Follow the guide at https://www.tensorflow.org/install/gpu for how to download and setup the required libraries for your platform.
Skipping registering GPU devices...
W0000 00:00:1775464047.105684      39 gpu_device.cc:2341] Cannot dlopen some GPU libraries. Please make sure the missing libraries mentioned above are installed properly if you would like to use GPU. Follow the guide at https://www.tensorflow.org/install/gpu for how to download and setup the required libraries for your platform.
Skipping registering GPU devices...
W0000 00:00:1775464047.260545      38 gpu_device.cc:2341] Cannot dlopen some GPU libraries. Please make sure the missing libraries mentioned above are installed properly if you would like to use GPU. Follow the guide at https://www.tensorflow.org/install/gpu for how to download and setup the required libraries for your platform.
Skipping registering GPU devices...
W0000 00:00:1775464047.261472      41 gpu_device.cc:2341] Cannot dlopen some GPU libraries. Please make sure the missing libraries mentioned above are installed properly if you would like to use GPU. Follow the guide at https://www.tensorflow.org/install/gpu for how to download and setup the required libraries for your platform.
Skipping registering GPU devices...
/usr/local/lib/python3.11/site-packages/torch/__init__.py:1617: UserWarning: Please use the new API settings to control TF32 behavior, such as torch.backends.cudnn.conv.fp32_precision = 'tf32' or torch.backends.cuda.matmul.fp32_precision = 'ieee'. Old settings, e.g, torch.backends.cuda.matmul.allow_tf32 = True, torch.backends.cudnn.allow_tf32 = True, allowTF32CuDNN() and allowTF32CuBLAS() will be deprecated after Pytorch 2.9. Please see https://pytorch.org/docs/main/notes/cuda.html#tensorfloat-32-tf32-on-ampere-and-later-devices (Triggered internally at /pytorch/aten/src/ATen/Context.cpp:80.)
  _C._set_float32_matmul_precision(precision)
/usr/local/lib/python3.11/site-packages/torch/__init__.py:1617: UserWarning: Please use the new API settings to control TF32 behavior, such as torch.backends.cudnn.conv.fp32_precision = 'tf32' or torch.backends.cuda.matmul.fp32_precision = 'ieee'. Old settings, e.g, torch.backends.cuda.matmul.allow_tf32 = True, torch.backends.cudnn.allow_tf32 = True, allowTF32CuDNN() and allowTF32CuBLAS() will be deprecated after Pytorch 2.9. Please see https://pytorch.org/docs/main/notes/cuda.html#tensorfloat-32-tf32-on-ampere-and-later-devices (Triggered internally at /pytorch/aten/src/ATen/Context.cpp:80.)
  _C._set_float32_matmul_precision(precision)
/usr/local/lib/python3.11/site-packages/torch/__init__.py:1617: UserWarning: Please use the new API settings to control TF32 behavior, such as torch.backends.cudnn.conv.fp32_precision = 'tf32' or torch.backends.cuda.matmul.fp32_precision = 'ieee'. Old settings, e.g, torch.backends.cuda.matmul.allow_tf32 = True, torch.backends.cudnn.allow_tf32 = True, allowTF32CuDNN() and allowTF32CuBLAS() will be deprecated after Pytorch 2.9. Please see https://pytorch.org/docs/main/notes/cuda.html#tensorfloat-32-tf32-on-ampere-and-later-devices (Triggered internally at /pytorch/aten/src/ATen/Context.cpp:80.)
  _C._set_float32_matmul_precision(precision)
/usr/local/lib/python3.11/site-packages/torch/__init__.py:1617: UserWarning: Please use the new API settings to control TF32 behavior, such as torch.backends.cudnn.conv.fp32_precision = 'tf32' or torch.backends.cuda.matmul.fp32_precision = 'ieee'. Old settings, e.g, torch.backends.cuda.matmul.allow_tf32 = True, torch.backends.cudnn.allow_tf32 = True, allowTF32CuDNN() and allowTF32CuBLAS() will be deprecated after Pytorch 2.9. Please see https://pytorch.org/docs/main/notes/cuda.html#tensorfloat-32-tf32-on-ampere-and-later-devices (Triggered internally at /pytorch/aten/src/ATen/Context.cpp:80.)
  _C._set_float32_matmul_precision(precision)
/usr/local/lib/python3.11/site-packages/pydantic/_internal/_generate_schema.py:2249: UnsupportedFieldAttributeWarning: The 'repr' attribute with value False was provided to the `Field()` function, which has no effect in the context it was used. 'repr' is field-specific metadata, and can only be attached to a model field using `Annotated` metadata or by assignment. This may have happened because an `Annotated` type alias using the `type` statement was used, or if the `Field()` function was attached to a single member of a union type.
  warnings.warn(
/usr/local/lib/python3.11/site-packages/pydantic/_internal/_generate_schema.py:2249: UnsupportedFieldAttributeWarning: The 'repr' attribute with value False was provided to the `Field()` function, which has no effect in the context it was used. 'repr' is field-specific metadata, and can only be attached to a model field using `Annotated` metadata or by assignment. This may have happened because an `Annotated` type alias using the `type` statement was used, or if the `Field()` function was attached to a single member of a union type.
  warnings.warn(
/usr/local/lib/python3.11/site-packages/pydantic/_internal/_generate_schema.py:2249: UnsupportedFieldAttributeWarning: The 'repr' attribute with value False was provided to the `Field()` function, which has no effect in the context it was used. 'repr' is field-specific metadata, and can only be attached to a model field using `Annotated` metadata or by assignment. This may have happened because an `Annotated` type alias using the `type` statement was used, or if the `Field()` function was attached to a single member of a union type.
  warnings.warn(
/usr/local/lib/python3.11/site-packages/pydantic/_internal/_generate_schema.py:2249: UnsupportedFieldAttributeWarning: The 'repr' attribute with value False was provided to the `Field()` function, which has no effect in the context it was used. 'repr' is field-specific metadata, and can only be attached to a model field using `Annotated` metadata or by assignment. This may have happened because an `Annotated` type alias using the `type` statement was used, or if the `Field()` function was attached to a single member of a union type.
  warnings.warn(
/usr/local/lib/python3.11/site-packages/pydantic/_internal/_generate_schema.py:2249: UnsupportedFieldAttributeWarning: The 'frozen' attribute with value True was provided to the `Field()` function, which has no effect in the context it was used. 'frozen' is field-specific metadata, and can only be attached to a model field using `Annotated` metadata or by assignment. This may have happened because an `Annotated` type alias using the `type` statement was used, or if the `Field()` function was attached to a single member of a union type.
  warnings.warn(
/usr/local/lib/python3.11/site-packages/pydantic/_internal/_generate_schema.py:2249: UnsupportedFieldAttributeWarning: The 'frozen' attribute with value True was provided to the `Field()` function, which has no effect in the context it was used. 'frozen' is field-specific metadata, and can only be attached to a model field using `Annotated` metadata or by assignment. This may have happened because an `Annotated` type alias using the `type` statement was used, or if the `Field()` function was attached to a single member of a union type.
  warnings.warn(
/usr/local/lib/python3.11/site-packages/pydantic/_internal/_generate_schema.py:2249: UnsupportedFieldAttributeWarning: The 'frozen' attribute with value True was provided to the `Field()` function, which has no effect in the context it was used. 'frozen' is field-specific metadata, and can only be attached to a model field using `Annotated` metadata or by assignment. This may have happened because an `Annotated` type alias using the `type` statement was used, or if the `Field()` function was attached to a single member of a union type.
  warnings.warn(
/usr/local/lib/python3.11/site-packages/pydantic/_internal/_generate_schema.py:2249: UnsupportedFieldAttributeWarning: The 'frozen' attribute with value True was provided to the `Field()` function, which has no effect in the context it was used. 'frozen' is field-specific metadata, and can only be attached to a model field using `Annotated` metadata or by assignment. This may have happened because an `Annotated` type alias using the `type` statement was used, or if the `Field()` function was attached to a single member of a union type.
  warnings.warn(
/usr/local/lib/python3.11/site-packages/torch/distributed/distributed_c10d.py:4876: UserWarning: barrier(): using the device under current context. You can specify `device_id` in `init_process_group` to mute this warning.
  warnings.warn(  # warn only once
[rank0]:[W406 08:27:41.562334378 ProcessGroupNCCL.cpp:5068] Guessing device ID based on global rank. This can cause a hang if rank to GPU mapping is heterogeneous. You can specify device_id in init_process_group()
I0406 08:27:42.804233 139659786917056 logger_utils.py:84] Creating experiment directory at /experiment_runs/submissions_a100/lion/study_1/fastmri_pytorch.
I0406 08:27:42.804233 140181820642496 logger_utils.py:84] Creating experiment directory at /experiment_runs/submissions_a100/lion/study_1/fastmri_pytorch.
I0406 08:27:42.804232 140502378722496 logger_utils.py:84] Creating experiment directory at /experiment_runs/submissions_a100/lion/study_1/fastmri_pytorch.
I0406 08:27:42.804254 139644859974848 logger_utils.py:84] Creating experiment directory at /experiment_runs/submissions_a100/lion/study_1/fastmri_pytorch.
I0406 08:27:43.044859 139659786917056 submission_runner.py:741] Creating directory at /experiment_runs/submissions_a100/lion/study_1/fastmri_pytorch/trial_1.
I0406 08:27:43.368163 139659786917056 submission_runner.py:242] Initializing dataset.
I0406 08:27:43.368341 139659786917056 submission_runner.py:251] Initializing model.
I0406 08:27:44.100324 139659786917056 submission_runner.py:290] Performing `torch.compile`.
I0406 08:27:47.426715 139659786917056 submission_runner.py:294] Initializing optimizer.
I0406 08:27:47.427337 139659786917056 submission_runner.py:299] Initializing metrics bundle.
I0406 08:27:47.427488 139659786917056 submission_runner.py:321] Initializing checkpoint and logger.
I0406 08:27:47.430734 139659786917056 submission_runner.py:344] Saving meta data to /experiment_runs/submissions_a100/lion/study_1/fastmri_pytorch/trial_1/meta_data_0.json.
I0406 08:27:47.430793 139644859974848 logger_utils.py:283] Unable to record workload.train_mean information. Continuing without it.
I0406 08:27:47.430805 140502378722496 logger_utils.py:283] Unable to record workload.train_mean information. Continuing without it.
I0406 08:27:47.430817 140181820642496 logger_utils.py:283] Unable to record workload.train_mean information. Continuing without it.
I0406 08:27:47.430925 139659786917056 logger_utils.py:283] Unable to record workload.train_mean information. Continuing without it.
I0406 08:27:47.430951 139644859974848 logger_utils.py:283] Unable to record workload.train_stddev information. Continuing without it.
I0406 08:27:47.430957 140502378722496 logger_utils.py:283] Unable to record workload.train_stddev information. Continuing without it.
I0406 08:27:47.430966 140181820642496 logger_utils.py:283] Unable to record workload.train_stddev information. Continuing without it.
I0406 08:27:47.430990 139659786917056 logger_utils.py:283] Unable to record workload.train_stddev information. Continuing without it.
I0406 08:27:47.897537 139659786917056 submission_runner.py:348] Saving flags to /experiment_runs/submissions_a100/lion/study_1/fastmri_pytorch/trial_1/flags_0.json.
I0406 08:27:48.122188 139659786917056 submission_runner.py:359] Starting training loop.
[rank3]:W0406 08:27:48.203000 41 site-packages/torch/_logging/_internal.py:1199] [0/0] Profiler function <class 'torch.autograd.profiler.record_function'> will be ignored
[rank1]:W0406 08:27:48.203000 39 site-packages/torch/_logging/_internal.py:1199] [0/0] Profiler function <class 'torch.autograd.profiler.record_function'> will be ignored
[rank2]:W0406 08:27:48.203000 40 site-packages/torch/_logging/_internal.py:1199] [0/0] Profiler function <class 'torch.autograd.profiler.record_function'> will be ignored
WARNING:tensorflow:AutoGraph could not transform <function array at 0x7f050198c0e0> and will run it as-is.
Please report this to the TensorFlow team. When filing the bug, set the verbosity to 10 (on Linux, `export AUTOGRAPH_VERBOSITY=10`) and attach the full output.
Cause: (<gast.gast.NamedExpr object at 0x7f029c195a80>, (leaf_jax_array := getattr(leaf, '__jax_array__', None)))
To silence this warning, decorate the function with @tf.autograph.experimental.do_not_convert
W0406 08:27:50.139037 139659786917056 ag_logging.py:142] AutoGraph could not transform <function array at 0x7f050198c0e0> and will run it as-is.
Please report this to the TensorFlow team. When filing the bug, set the verbosity to 10 (on Linux, `export AUTOGRAPH_VERBOSITY=10`) and attach the full output.
Cause: (<gast.gast.NamedExpr object at 0x7f029c195a80>, (leaf_jax_array := getattr(leaf, '__jax_array__', None)))
To silence this warning, decorate the function with @tf.autograph.experimental.do_not_convert
WARNING:tensorflow:AutoGraph could not transform <function standard_insert_pvary at 0x7f0502624d60> and will run it as-is.
Please report this to the TensorFlow team. When filing the bug, set the verbosity to 10 (on Linux, `export AUTOGRAPH_VERBOSITY=10`) and attach the full output.
Cause: (<gast.gast.NamedExpr object at 0x7f029c194790>, (aval := get_aval(a)))
To silence this warning, decorate the function with @tf.autograph.experimental.do_not_convert
W0406 08:27:51.571499 139659786917056 ag_logging.py:142] AutoGraph could not transform <function standard_insert_pvary at 0x7f0502624d60> and will run it as-is.
Please report this to the TensorFlow team. When filing the bug, set the verbosity to 10 (on Linux, `export AUTOGRAPH_VERBOSITY=10`) and attach the full output.
Cause: (<gast.gast.NamedExpr object at 0x7f029c194790>, (aval := get_aval(a)))
To silence this warning, decorate the function with @tf.autograph.experimental.do_not_convert
[rank0]:W0406 08:30:13.593000 38 site-packages/torch/_logging/_internal.py:1199] [0/0] Profiler function <class 'torch.autograd.profiler.record_function'> will be ignored
I0406 08:31:24.680501 139626551002880 logging_writer.py:48] [0] global_step=0, grad_norm=3.89148, loss=0.821616
I0406 08:31:24.872146 139659786917056 submission.py:218] 0) loss = 0.822, grad_norm = 3.891
I0406 08:31:25.513122 139659786917056 spec.py:333] Evaluating on the training split.
[rank1]:W0406 08:33:37.298000 39 site-packages/torch/_dynamo/convert_frame.py:1358] [5/8] torch._dynamo hit config.recompile_limit (8)
[rank1]:W0406 08:33:37.298000 39 site-packages/torch/_dynamo/convert_frame.py:1358] [5/8]    function: 'forward' (/algorithmic-efficiency/algoperf/workloads/fastmri/fastmri_pytorch/models.py:139)
[rank1]:W0406 08:33:37.298000 39 site-packages/torch/_dynamo/convert_frame.py:1358] [5/8]    last reason: 5/7: GLOBAL_STATE changed: grad_mode 
[rank1]:W0406 08:33:37.298000 39 site-packages/torch/_dynamo/convert_frame.py:1358] [5/8] To log all recompilation reasons, use TORCH_LOGS="recompiles".
[rank1]:W0406 08:33:37.298000 39 site-packages/torch/_dynamo/convert_frame.py:1358] [5/8] To diagnose recompilation issues, see https://pytorch.org/docs/main/torch.compiler_troubleshooting.html
[rank0]:W0406 08:33:37.299000 38 site-packages/torch/_dynamo/convert_frame.py:1358] [5/8] torch._dynamo hit config.recompile_limit (8)
[rank0]:W0406 08:33:37.299000 38 site-packages/torch/_dynamo/convert_frame.py:1358] [5/8]    function: 'forward' (/algorithmic-efficiency/algoperf/workloads/fastmri/fastmri_pytorch/models.py:139)
[rank0]:W0406 08:33:37.299000 38 site-packages/torch/_dynamo/convert_frame.py:1358] [5/8]    last reason: 5/7: GLOBAL_STATE changed: grad_mode 
[rank0]:W0406 08:33:37.299000 38 site-packages/torch/_dynamo/convert_frame.py:1358] [5/8] To log all recompilation reasons, use TORCH_LOGS="recompiles".
[rank0]:W0406 08:33:37.299000 38 site-packages/torch/_dynamo/convert_frame.py:1358] [5/8] To diagnose recompilation issues, see https://pytorch.org/docs/main/torch.compiler_troubleshooting.html
[rank2]:W0406 08:33:37.308000 40 site-packages/torch/_dynamo/convert_frame.py:1358] [5/8] torch._dynamo hit config.recompile_limit (8)
[rank2]:W0406 08:33:37.308000 40 site-packages/torch/_dynamo/convert_frame.py:1358] [5/8]    function: 'forward' (/algorithmic-efficiency/algoperf/workloads/fastmri/fastmri_pytorch/models.py:139)
[rank2]:W0406 08:33:37.308000 40 site-packages/torch/_dynamo/convert_frame.py:1358] [5/8]    last reason: 5/7: GLOBAL_STATE changed: grad_mode 
[rank2]:W0406 08:33:37.308000 40 site-packages/torch/_dynamo/convert_frame.py:1358] [5/8] To log all recompilation reasons, use TORCH_LOGS="recompiles".
[rank2]:W0406 08:33:37.308000 40 site-packages/torch/_dynamo/convert_frame.py:1358] [5/8] To diagnose recompilation issues, see https://pytorch.org/docs/main/torch.compiler_troubleshooting.html
[rank3]:W0406 08:33:37.310000 41 site-packages/torch/_dynamo/convert_frame.py:1358] [5/8] torch._dynamo hit config.recompile_limit (8)
[rank3]:W0406 08:33:37.310000 41 site-packages/torch/_dynamo/convert_frame.py:1358] [5/8]    function: 'forward' (/algorithmic-efficiency/algoperf/workloads/fastmri/fastmri_pytorch/models.py:139)
[rank3]:W0406 08:33:37.310000 41 site-packages/torch/_dynamo/convert_frame.py:1358] [5/8]    last reason: 5/7: GLOBAL_STATE changed: grad_mode 
[rank3]:W0406 08:33:37.310000 41 site-packages/torch/_dynamo/convert_frame.py:1358] [5/8] To log all recompilation reasons, use TORCH_LOGS="recompiles".
[rank3]:W0406 08:33:37.310000 41 site-packages/torch/_dynamo/convert_frame.py:1358] [5/8] To diagnose recompilation issues, see https://pytorch.org/docs/main/torch.compiler_troubleshooting.html
I0406 08:35:26.067658 139659786917056 spec.py:346] Evaluating on the validation split.
I0406 08:37:43.963829 139659786917056 spec.py:363] Evaluating on the test split.
I0406 08:39:37.544429 139659786917056 submission_runner.py:516] Time since start: 709.42s, 	Step: 1, 	{'train/ssim': 0.24757531711033412, 'train/loss': 0.8222544533865792, 'validation/ssim': 0.23791740902636113, 'validation/loss': 0.8372011372529192, 'validation/num_examples': 3554, 'test/ssim': 0.2601679013914584, 'test/loss': 0.836109850600391, 'test/num_examples': 3581, 'score': 216.7514455318451, 'total_duration': 709.4223976135254, 'accumulated_submission_time': 216.7514455318451, 'accumulated_eval_time': 492.0313301086426, 'accumulated_logging_time': 0}
I0406 08:39:37.686745 139585337640704 logging_writer.py:48] [1] accumulated_eval_time=492.031, accumulated_logging_time=0, accumulated_submission_time=216.751, global_step=1, preemption_count=0, score=216.751, test/loss=0.83611, test/num_examples=3581, test/ssim=0.260168, total_duration=709.422, train/loss=0.822254, train/ssim=0.247575, validation/loss=0.837201, validation/num_examples=3554, validation/ssim=0.237917
I0406 08:39:38.411365 139585329248000 logging_writer.py:48] [1] global_step=1, grad_norm=3.47976, loss=0.932795
I0406 08:39:38.416401 139659786917056 submission.py:218] 1) loss = 0.933, grad_norm = 3.480
I0406 08:39:38.511685 139585337640704 logging_writer.py:48] [2] global_step=2, grad_norm=4.01179, loss=0.831144
I0406 08:39:38.516612 139659786917056 submission.py:218] 2) loss = 0.831, grad_norm = 4.012
I0406 08:39:38.604486 139585329248000 logging_writer.py:48] [3] global_step=3, grad_norm=3.74338, loss=0.796786
I0406 08:39:38.608521 139659786917056 submission.py:218] 3) loss = 0.797, grad_norm = 3.743
I0406 08:39:38.687295 139585337640704 logging_writer.py:48] [4] global_step=4, grad_norm=3.93527, loss=0.82857
I0406 08:39:38.691279 139659786917056 submission.py:218] 4) loss = 0.829, grad_norm = 3.935
I0406 08:39:38.778307 139585329248000 logging_writer.py:48] [5] global_step=5, grad_norm=3.80002, loss=0.814085
I0406 08:39:38.782590 139659786917056 submission.py:218] 5) loss = 0.814, grad_norm = 3.800
I0406 08:39:38.874222 139585337640704 logging_writer.py:48] [6] global_step=6, grad_norm=3.65976, loss=0.828089
I0406 08:39:38.878402 139659786917056 submission.py:218] 6) loss = 0.828, grad_norm = 3.660
I0406 08:39:38.959188 139585329248000 logging_writer.py:48] [7] global_step=7, grad_norm=3.85945, loss=0.806286
I0406 08:39:38.963994 139659786917056 submission.py:218] 7) loss = 0.806, grad_norm = 3.859
I0406 08:39:39.040014 139585337640704 logging_writer.py:48] [8] global_step=8, grad_norm=4.14479, loss=0.864929
I0406 08:39:39.043663 139659786917056 submission.py:218] 8) loss = 0.865, grad_norm = 4.145
I0406 08:39:39.126074 139585329248000 logging_writer.py:48] [9] global_step=9, grad_norm=3.79038, loss=0.817688
I0406 08:39:39.130113 139659786917056 submission.py:218] 9) loss = 0.818, grad_norm = 3.790
I0406 08:39:39.213725 139585337640704 logging_writer.py:48] [10] global_step=10, grad_norm=3.85134, loss=0.783833
I0406 08:39:39.217820 139659786917056 submission.py:218] 10) loss = 0.784, grad_norm = 3.851
I0406 08:39:39.299717 139585329248000 logging_writer.py:48] [11] global_step=11, grad_norm=4.24641, loss=0.751981
I0406 08:39:39.303874 139659786917056 submission.py:218] 11) loss = 0.752, grad_norm = 4.246
I0406 08:39:39.384457 139585337640704 logging_writer.py:48] [12] global_step=12, grad_norm=3.9636, loss=0.745354
I0406 08:39:39.388458 139659786917056 submission.py:218] 12) loss = 0.745, grad_norm = 3.964
I0406 08:39:39.474184 139585329248000 logging_writer.py:48] [13] global_step=13, grad_norm=3.81129, loss=0.810335
I0406 08:39:39.478801 139659786917056 submission.py:218] 13) loss = 0.810, grad_norm = 3.811
I0406 08:39:39.559082 139585337640704 logging_writer.py:48] [14] global_step=14, grad_norm=4.15343, loss=0.726746
I0406 08:39:39.564458 139659786917056 submission.py:218] 14) loss = 0.727, grad_norm = 4.153
I0406 08:39:39.651015 139585329248000 logging_writer.py:48] [15] global_step=15, grad_norm=3.46026, loss=0.793937
I0406 08:39:39.656009 139659786917056 submission.py:218] 15) loss = 0.794, grad_norm = 3.460
I0406 08:39:39.744043 139585337640704 logging_writer.py:48] [16] global_step=16, grad_norm=3.53843, loss=0.726632
I0406 08:39:39.751050 139659786917056 submission.py:218] 16) loss = 0.727, grad_norm = 3.538
I0406 08:39:39.826595 139585329248000 logging_writer.py:48] [17] global_step=17, grad_norm=3.54046, loss=0.739739
I0406 08:39:39.830436 139659786917056 submission.py:218] 17) loss = 0.740, grad_norm = 3.540
I0406 08:39:39.907708 139585337640704 logging_writer.py:48] [18] global_step=18, grad_norm=3.66563, loss=0.70613
I0406 08:39:39.911890 139659786917056 submission.py:218] 18) loss = 0.706, grad_norm = 3.666
I0406 08:39:39.994891 139585329248000 logging_writer.py:48] [19] global_step=19, grad_norm=3.58841, loss=0.709294
I0406 08:39:40.000009 139659786917056 submission.py:218] 19) loss = 0.709, grad_norm = 3.588
I0406 08:39:40.085761 139585337640704 logging_writer.py:48] [20] global_step=20, grad_norm=3.18406, loss=0.699723
I0406 08:39:40.091055 139659786917056 submission.py:218] 20) loss = 0.700, grad_norm = 3.184
I0406 08:39:40.174605 139585329248000 logging_writer.py:48] [21] global_step=21, grad_norm=3.5391, loss=0.688007
I0406 08:39:40.178961 139659786917056 submission.py:218] 21) loss = 0.688, grad_norm = 3.539
I0406 08:39:40.256868 139585337640704 logging_writer.py:48] [22] global_step=22, grad_norm=3.06026, loss=0.670894
I0406 08:39:40.261307 139659786917056 submission.py:218] 22) loss = 0.671, grad_norm = 3.060
I0406 08:39:40.342970 139585329248000 logging_writer.py:48] [23] global_step=23, grad_norm=3.2203, loss=0.689055
I0406 08:39:40.347856 139659786917056 submission.py:218] 23) loss = 0.689, grad_norm = 3.220
I0406 08:39:40.429755 139585337640704 logging_writer.py:48] [24] global_step=24, grad_norm=2.88673, loss=0.722712
I0406 08:39:40.434710 139659786917056 submission.py:218] 24) loss = 0.723, grad_norm = 2.887
I0406 08:39:40.516211 139585329248000 logging_writer.py:48] [25] global_step=25, grad_norm=3.13265, loss=0.605803
I0406 08:39:40.521288 139659786917056 submission.py:218] 25) loss = 0.606, grad_norm = 3.133
I0406 08:39:40.604098 139585337640704 logging_writer.py:48] [26] global_step=26, grad_norm=3.01484, loss=0.614647
I0406 08:39:40.608391 139659786917056 submission.py:218] 26) loss = 0.615, grad_norm = 3.015
I0406 08:39:40.691337 139585329248000 logging_writer.py:48] [27] global_step=27, grad_norm=2.80159, loss=0.61418
I0406 08:39:40.695500 139659786917056 submission.py:218] 27) loss = 0.614, grad_norm = 2.802
I0406 08:39:40.773497 139585337640704 logging_writer.py:48] [28] global_step=28, grad_norm=3.06629, loss=0.564841
I0406 08:39:40.779291 139659786917056 submission.py:218] 28) loss = 0.565, grad_norm = 3.066
I0406 08:39:40.862040 139585329248000 logging_writer.py:48] [29] global_step=29, grad_norm=2.81228, loss=0.607539
I0406 08:39:40.866001 139659786917056 submission.py:218] 29) loss = 0.608, grad_norm = 2.812
I0406 08:39:40.945167 139585337640704 logging_writer.py:48] [30] global_step=30, grad_norm=2.35252, loss=0.651331
I0406 08:39:40.950907 139659786917056 submission.py:218] 30) loss = 0.651, grad_norm = 2.353
I0406 08:39:41.030900 139585329248000 logging_writer.py:48] [31] global_step=31, grad_norm=2.47725, loss=0.56674
I0406 08:39:41.038311 139659786917056 submission.py:218] 31) loss = 0.567, grad_norm = 2.477
I0406 08:39:41.115470 139585337640704 logging_writer.py:48] [32] global_step=32, grad_norm=2.20746, loss=0.562028
I0406 08:39:41.121042 139659786917056 submission.py:218] 32) loss = 0.562, grad_norm = 2.207
I0406 08:39:41.202750 139585329248000 logging_writer.py:48] [33] global_step=33, grad_norm=2.30215, loss=0.570444
I0406 08:39:41.206894 139659786917056 submission.py:218] 33) loss = 0.570, grad_norm = 2.302
I0406 08:39:41.286303 139585337640704 logging_writer.py:48] [34] global_step=34, grad_norm=2.16853, loss=0.566861
I0406 08:39:41.291818 139659786917056 submission.py:218] 34) loss = 0.567, grad_norm = 2.169
I0406 08:39:41.372889 139585329248000 logging_writer.py:48] [35] global_step=35, grad_norm=1.81342, loss=0.577569
I0406 08:39:41.379359 139659786917056 submission.py:218] 35) loss = 0.578, grad_norm = 1.813
I0406 08:39:41.452723 139585337640704 logging_writer.py:48] [36] global_step=36, grad_norm=1.53254, loss=0.672528
I0406 08:39:41.456600 139659786917056 submission.py:218] 36) loss = 0.673, grad_norm = 1.533
I0406 08:39:41.545133 139585329248000 logging_writer.py:48] [37] global_step=37, grad_norm=1.49127, loss=0.576745
I0406 08:39:41.548884 139659786917056 submission.py:218] 37) loss = 0.577, grad_norm = 1.491
I0406 08:39:41.628737 139585337640704 logging_writer.py:48] [38] global_step=38, grad_norm=1.64761, loss=0.619208
I0406 08:39:41.632592 139659786917056 submission.py:218] 38) loss = 0.619, grad_norm = 1.648
I0406 08:39:41.713463 139585329248000 logging_writer.py:48] [39] global_step=39, grad_norm=1.36141, loss=0.561107
I0406 08:39:41.718780 139659786917056 submission.py:218] 39) loss = 0.561, grad_norm = 1.361
I0406 08:39:41.796884 139585337640704 logging_writer.py:48] [40] global_step=40, grad_norm=1.32326, loss=0.594031
I0406 08:39:41.801726 139659786917056 submission.py:218] 40) loss = 0.594, grad_norm = 1.323
I0406 08:39:41.875030 139585329248000 logging_writer.py:48] [41] global_step=41, grad_norm=1.20037, loss=0.687886
I0406 08:39:41.878999 139659786917056 submission.py:218] 41) loss = 0.688, grad_norm = 1.200
I0406 08:39:41.960541 139585337640704 logging_writer.py:48] [42] global_step=42, grad_norm=1.24842, loss=0.49319
I0406 08:39:41.964840 139659786917056 submission.py:218] 42) loss = 0.493, grad_norm = 1.248
I0406 08:39:42.041950 139585329248000 logging_writer.py:48] [43] global_step=43, grad_norm=1.14052, loss=0.545553
I0406 08:39:42.046332 139659786917056 submission.py:218] 43) loss = 0.546, grad_norm = 1.141
I0406 08:39:42.124492 139585337640704 logging_writer.py:48] [44] global_step=44, grad_norm=1.16385, loss=0.55942
I0406 08:39:42.132264 139659786917056 submission.py:218] 44) loss = 0.559, grad_norm = 1.164
I0406 08:39:42.206314 139585329248000 logging_writer.py:48] [45] global_step=45, grad_norm=1.13564, loss=0.492225
I0406 08:39:42.210558 139659786917056 submission.py:218] 45) loss = 0.492, grad_norm = 1.136
I0406 08:39:42.288116 139585337640704 logging_writer.py:48] [46] global_step=46, grad_norm=1.13411, loss=0.523753
I0406 08:39:42.292356 139659786917056 submission.py:218] 46) loss = 0.524, grad_norm = 1.134
I0406 08:39:42.370113 139585329248000 logging_writer.py:48] [47] global_step=47, grad_norm=1.18521, loss=0.543371
I0406 08:39:42.373846 139659786917056 submission.py:218] 47) loss = 0.543, grad_norm = 1.185
I0406 08:39:42.483487 139585337640704 logging_writer.py:48] [48] global_step=48, grad_norm=1.17951, loss=0.5518
I0406 08:39:42.487842 139659786917056 submission.py:218] 48) loss = 0.552, grad_norm = 1.180
I0406 08:39:42.750771 139585329248000 logging_writer.py:48] [49] global_step=49, grad_norm=1.20083, loss=0.528204
I0406 08:39:42.755002 139659786917056 submission.py:218] 49) loss = 0.528, grad_norm = 1.201
I0406 08:39:43.075416 139585337640704 logging_writer.py:48] [50] global_step=50, grad_norm=1.23203, loss=0.545759
I0406 08:39:43.079811 139659786917056 submission.py:218] 50) loss = 0.546, grad_norm = 1.232
I0406 08:39:43.262642 139585329248000 logging_writer.py:48] [51] global_step=51, grad_norm=1.22122, loss=0.601382
I0406 08:39:43.268158 139659786917056 submission.py:218] 51) loss = 0.601, grad_norm = 1.221
I0406 08:39:43.491021 139585337640704 logging_writer.py:48] [52] global_step=52, grad_norm=1.27653, loss=0.546728
I0406 08:39:43.494931 139659786917056 submission.py:218] 52) loss = 0.547, grad_norm = 1.277
I0406 08:39:43.686474 139585329248000 logging_writer.py:48] [53] global_step=53, grad_norm=1.37596, loss=0.491276
I0406 08:39:43.691466 139659786917056 submission.py:218] 53) loss = 0.491, grad_norm = 1.376
I0406 08:39:43.867152 139585337640704 logging_writer.py:48] [54] global_step=54, grad_norm=1.37324, loss=0.513319
I0406 08:39:43.871634 139659786917056 submission.py:218] 54) loss = 0.513, grad_norm = 1.373
I0406 08:39:44.062554 139585329248000 logging_writer.py:48] [55] global_step=55, grad_norm=1.38554, loss=0.650063
I0406 08:39:44.067692 139659786917056 submission.py:218] 55) loss = 0.650, grad_norm = 1.386
I0406 08:39:44.285951 139585337640704 logging_writer.py:48] [56] global_step=56, grad_norm=1.45878, loss=0.482338
I0406 08:39:44.290607 139659786917056 submission.py:218] 56) loss = 0.482, grad_norm = 1.459
I0406 08:39:44.426826 139585329248000 logging_writer.py:48] [57] global_step=57, grad_norm=1.51303, loss=0.456961
I0406 08:39:44.431737 139659786917056 submission.py:218] 57) loss = 0.457, grad_norm = 1.513
I0406 08:39:44.572041 139585337640704 logging_writer.py:48] [58] global_step=58, grad_norm=1.48564, loss=0.506851
I0406 08:39:44.577621 139659786917056 submission.py:218] 58) loss = 0.507, grad_norm = 1.486
I0406 08:39:44.694392 139585329248000 logging_writer.py:48] [59] global_step=59, grad_norm=1.56845, loss=0.480783
I0406 08:39:44.699099 139659786917056 submission.py:218] 59) loss = 0.481, grad_norm = 1.568
I0406 08:39:44.829351 139585337640704 logging_writer.py:48] [60] global_step=60, grad_norm=1.5486, loss=0.461598
I0406 08:39:44.834731 139659786917056 submission.py:218] 60) loss = 0.462, grad_norm = 1.549
I0406 08:39:44.936221 139585329248000 logging_writer.py:48] [61] global_step=61, grad_norm=1.70535, loss=0.472919
I0406 08:39:44.941554 139659786917056 submission.py:218] 61) loss = 0.473, grad_norm = 1.705
I0406 08:39:45.029868 139585337640704 logging_writer.py:48] [62] global_step=62, grad_norm=1.61425, loss=0.457107
I0406 08:39:45.036198 139659786917056 submission.py:218] 62) loss = 0.457, grad_norm = 1.614
I0406 08:39:45.118185 139585329248000 logging_writer.py:48] [63] global_step=63, grad_norm=1.64316, loss=0.469482
I0406 08:39:45.126460 139659786917056 submission.py:218] 63) loss = 0.469, grad_norm = 1.643
I0406 08:39:45.254758 139585337640704 logging_writer.py:48] [64] global_step=64, grad_norm=1.64949, loss=0.49372
I0406 08:39:45.258599 139659786917056 submission.py:218] 64) loss = 0.494, grad_norm = 1.649
I0406 08:39:45.386128 139585329248000 logging_writer.py:48] [65] global_step=65, grad_norm=1.64488, loss=0.494394
I0406 08:39:45.391261 139659786917056 submission.py:218] 65) loss = 0.494, grad_norm = 1.645
I0406 08:39:45.499121 139585337640704 logging_writer.py:48] [66] global_step=66, grad_norm=1.67908, loss=0.473435
I0406 08:39:45.504550 139659786917056 submission.py:218] 66) loss = 0.473, grad_norm = 1.679
I0406 08:39:45.693722 139585329248000 logging_writer.py:48] [67] global_step=67, grad_norm=1.60417, loss=0.586634
I0406 08:39:45.697581 139659786917056 submission.py:218] 67) loss = 0.587, grad_norm = 1.604
I0406 08:39:45.779470 139585337640704 logging_writer.py:48] [68] global_step=68, grad_norm=1.52559, loss=0.471838
I0406 08:39:45.783824 139659786917056 submission.py:218] 68) loss = 0.472, grad_norm = 1.526
I0406 08:39:45.873494 139585329248000 logging_writer.py:48] [69] global_step=69, grad_norm=1.57612, loss=0.441559
I0406 08:39:45.877709 139659786917056 submission.py:218] 69) loss = 0.442, grad_norm = 1.576
I0406 08:39:46.098484 139585337640704 logging_writer.py:48] [70] global_step=70, grad_norm=1.50915, loss=0.49713
I0406 08:39:46.103787 139659786917056 submission.py:218] 70) loss = 0.497, grad_norm = 1.509
I0406 08:39:46.235164 139585329248000 logging_writer.py:48] [71] global_step=71, grad_norm=1.41768, loss=0.449882
I0406 08:39:46.239564 139659786917056 submission.py:218] 71) loss = 0.450, grad_norm = 1.418
I0406 08:39:46.366861 139585337640704 logging_writer.py:48] [72] global_step=72, grad_norm=1.36926, loss=0.464532
I0406 08:39:46.371066 139659786917056 submission.py:218] 72) loss = 0.465, grad_norm = 1.369
I0406 08:39:46.524260 139585329248000 logging_writer.py:48] [73] global_step=73, grad_norm=1.25205, loss=0.426028
I0406 08:39:46.528559 139659786917056 submission.py:218] 73) loss = 0.426, grad_norm = 1.252
I0406 08:39:46.699114 139585337640704 logging_writer.py:48] [74] global_step=74, grad_norm=1.18407, loss=0.38068
I0406 08:39:46.703285 139659786917056 submission.py:218] 74) loss = 0.381, grad_norm = 1.184
I0406 08:39:46.790453 139585329248000 logging_writer.py:48] [75] global_step=75, grad_norm=1.13603, loss=0.354773
I0406 08:39:46.795586 139659786917056 submission.py:218] 75) loss = 0.355, grad_norm = 1.136
I0406 08:39:46.892458 139585337640704 logging_writer.py:48] [76] global_step=76, grad_norm=1.05957, loss=0.427825
I0406 08:39:46.898766 139659786917056 submission.py:218] 76) loss = 0.428, grad_norm = 1.060
I0406 08:39:46.999790 139585329248000 logging_writer.py:48] [77] global_step=77, grad_norm=1.00634, loss=0.541973
I0406 08:39:47.004117 139659786917056 submission.py:218] 77) loss = 0.542, grad_norm = 1.006
I0406 08:39:47.168926 139585337640704 logging_writer.py:48] [78] global_step=78, grad_norm=0.925987, loss=0.516414
I0406 08:39:47.175149 139659786917056 submission.py:218] 78) loss = 0.516, grad_norm = 0.926
I0406 08:39:47.348584 139585329248000 logging_writer.py:48] [79] global_step=79, grad_norm=0.850758, loss=0.37757
I0406 08:39:47.355756 139659786917056 submission.py:218] 79) loss = 0.378, grad_norm = 0.851
I0406 08:39:47.505043 139585337640704 logging_writer.py:48] [80] global_step=80, grad_norm=0.855074, loss=0.380196
I0406 08:39:47.511895 139659786917056 submission.py:218] 80) loss = 0.380, grad_norm = 0.855
I0406 08:39:47.688870 139585329248000 logging_writer.py:48] [81] global_step=81, grad_norm=0.95825, loss=0.514993
I0406 08:39:47.693214 139659786917056 submission.py:218] 81) loss = 0.515, grad_norm = 0.958
I0406 08:39:47.822210 139585337640704 logging_writer.py:48] [82] global_step=82, grad_norm=0.799055, loss=0.458957
I0406 08:39:47.827203 139659786917056 submission.py:218] 82) loss = 0.459, grad_norm = 0.799
I0406 08:39:47.969256 139585329248000 logging_writer.py:48] [83] global_step=83, grad_norm=0.925474, loss=0.381
I0406 08:39:47.973476 139659786917056 submission.py:218] 83) loss = 0.381, grad_norm = 0.925
I0406 08:39:48.297230 139585337640704 logging_writer.py:48] [84] global_step=84, grad_norm=0.853625, loss=0.364841
I0406 08:39:48.301178 139659786917056 submission.py:218] 84) loss = 0.365, grad_norm = 0.854
I0406 08:39:48.535158 139585329248000 logging_writer.py:48] [85] global_step=85, grad_norm=0.859526, loss=0.46647
I0406 08:39:48.540257 139659786917056 submission.py:218] 85) loss = 0.466, grad_norm = 0.860
I0406 08:39:48.756308 139585337640704 logging_writer.py:48] [86] global_step=86, grad_norm=0.903223, loss=0.433333
I0406 08:39:48.760462 139659786917056 submission.py:218] 86) loss = 0.433, grad_norm = 0.903
I0406 08:39:48.934853 139585329248000 logging_writer.py:48] [87] global_step=87, grad_norm=0.757576, loss=0.636001
I0406 08:39:48.939518 139659786917056 submission.py:218] 87) loss = 0.636, grad_norm = 0.758
I0406 08:39:49.051904 139585337640704 logging_writer.py:48] [88] global_step=88, grad_norm=0.920291, loss=0.404516
I0406 08:39:49.056759 139659786917056 submission.py:218] 88) loss = 0.405, grad_norm = 0.920
I0406 08:39:49.163377 139585329248000 logging_writer.py:48] [89] global_step=89, grad_norm=1.03599, loss=0.381936
I0406 08:39:49.168926 139659786917056 submission.py:218] 89) loss = 0.382, grad_norm = 1.036
I0406 08:39:49.247749 139585337640704 logging_writer.py:48] [90] global_step=90, grad_norm=0.870843, loss=0.404203
I0406 08:39:49.254466 139659786917056 submission.py:218] 90) loss = 0.404, grad_norm = 0.871
I0406 08:39:49.335878 139585329248000 logging_writer.py:48] [91] global_step=91, grad_norm=1.20727, loss=0.376798
I0406 08:39:49.340449 139659786917056 submission.py:218] 91) loss = 0.377, grad_norm = 1.207
I0406 08:39:49.488785 139585337640704 logging_writer.py:48] [92] global_step=92, grad_norm=0.705293, loss=0.534466
I0406 08:39:49.492609 139659786917056 submission.py:218] 92) loss = 0.534, grad_norm = 0.705
I0406 08:39:49.646051 139585329248000 logging_writer.py:48] [93] global_step=93, grad_norm=0.77878, loss=0.462242
I0406 08:39:49.651962 139659786917056 submission.py:218] 93) loss = 0.462, grad_norm = 0.779
I0406 08:39:49.831055 139585337640704 logging_writer.py:48] [94] global_step=94, grad_norm=0.757958, loss=0.463848
I0406 08:39:49.836990 139659786917056 submission.py:218] 94) loss = 0.464, grad_norm = 0.758
I0406 08:39:49.960107 139585329248000 logging_writer.py:48] [95] global_step=95, grad_norm=0.839407, loss=0.453572
I0406 08:39:49.964790 139659786917056 submission.py:218] 95) loss = 0.454, grad_norm = 0.839
I0406 08:39:50.094958 139585337640704 logging_writer.py:48] [96] global_step=96, grad_norm=0.760884, loss=0.483142
I0406 08:39:50.101726 139659786917056 submission.py:218] 96) loss = 0.483, grad_norm = 0.761
I0406 08:39:50.266450 139585329248000 logging_writer.py:48] [97] global_step=97, grad_norm=0.765471, loss=0.384189
I0406 08:39:50.270959 139659786917056 submission.py:218] 97) loss = 0.384, grad_norm = 0.765
I0406 08:39:50.490482 139585337640704 logging_writer.py:48] [98] global_step=98, grad_norm=0.675873, loss=0.418784
I0406 08:39:50.494466 139659786917056 submission.py:218] 98) loss = 0.419, grad_norm = 0.676
I0406 08:39:50.652300 139585329248000 logging_writer.py:48] [99] global_step=99, grad_norm=0.899111, loss=0.344084
I0406 08:39:50.657284 139659786917056 submission.py:218] 99) loss = 0.344, grad_norm = 0.899
I0406 08:39:50.800694 139585337640704 logging_writer.py:48] [100] global_step=100, grad_norm=0.695784, loss=0.406275
I0406 08:39:50.805676 139659786917056 submission.py:218] 100) loss = 0.406, grad_norm = 0.696
I0406 08:41:28.978331 139659786917056 spec.py:333] Evaluating on the training split.
I0406 08:41:30.972452 139659786917056 spec.py:346] Evaluating on the validation split.
I0406 08:41:32.998509 139659786917056 spec.py:363] Evaluating on the test split.
I0406 08:41:35.028541 139659786917056 submission_runner.py:516] Time since start: 826.91s, 	Step: 303, 	{'train/ssim': 0.7012284823826381, 'train/loss': 0.3111926487513951, 'validation/ssim': 0.6771111775464266, 'validation/loss': 0.333562967947647, 'validation/num_examples': 3554, 'test/ssim': 0.6958449597266825, 'test/loss': 0.335038147569202, 'test/num_examples': 3581, 'score': 326.6783425807953, 'total_duration': 826.9066450595856, 'accumulated_submission_time': 326.6783425807953, 'accumulated_eval_time': 498.08161425590515, 'accumulated_logging_time': 0.15119504928588867}
I0406 08:41:35.144226 139585329248000 logging_writer.py:48] [303] accumulated_eval_time=498.082, accumulated_logging_time=0.151195, accumulated_submission_time=326.678, global_step=303, preemption_count=0, score=326.678, test/loss=0.335038, test/num_examples=3581, test/ssim=0.695845, total_duration=826.907, train/loss=0.311193, train/ssim=0.701228, validation/loss=0.333563, validation/num_examples=3554, validation/ssim=0.677111
I0406 08:43:26.529752 139659786917056 spec.py:333] Evaluating on the training split.
I0406 08:43:28.524559 139659786917056 spec.py:346] Evaluating on the validation split.
I0406 08:43:30.536875 139659786917056 spec.py:363] Evaluating on the test split.
I0406 08:43:32.547958 139659786917056 submission_runner.py:516] Time since start: 944.43s, 	Step: 425, 	{'train/ssim': 0.7116006442478725, 'train/loss': 0.29706556456429617, 'validation/ssim': 0.6889793383115855, 'validation/loss': 0.31834659780353125, 'validation/num_examples': 3554, 'test/ssim': 0.7069242126413712, 'test/loss': 0.31997686629520383, 'test/num_examples': 3581, 'score': 436.90604996681213, 'total_duration': 944.4261002540588, 'accumulated_submission_time': 436.90604996681213, 'accumulated_eval_time': 504.09998297691345, 'accumulated_logging_time': 0.27619409561157227}
I0406 08:43:32.591845 139585337640704 logging_writer.py:48] [425] accumulated_eval_time=504.1, accumulated_logging_time=0.276194, accumulated_submission_time=436.906, global_step=425, preemption_count=0, score=436.906, test/loss=0.319977, test/num_examples=3581, test/ssim=0.706924, total_duration=944.426, train/loss=0.297066, train/ssim=0.711601, validation/loss=0.318347, validation/num_examples=3554, validation/ssim=0.688979
I0406 08:44:49.888395 139585329248000 logging_writer.py:48] [500] global_step=500, grad_norm=0.2073, loss=0.309286
I0406 08:44:49.891791 139659786917056 submission.py:218] 500) loss = 0.309, grad_norm = 0.207
I0406 08:45:23.226191 139659786917056 spec.py:333] Evaluating on the training split.
I0406 08:45:25.222513 139659786917056 spec.py:346] Evaluating on the validation split.
I0406 08:45:27.226782 139659786917056 spec.py:363] Evaluating on the test split.
I0406 08:45:29.246409 139659786917056 submission_runner.py:516] Time since start: 1061.12s, 	Step: 534, 	{'train/ssim': 0.7204068047659737, 'train/loss': 0.2893867492675781, 'validation/ssim': 0.6970091193461593, 'validation/loss': 0.31064723781742404, 'validation/num_examples': 3554, 'test/ssim': 0.7151105252766337, 'test/loss': 0.31196242702370147, 'test/num_examples': 3581, 'score': 546.402899980545, 'total_duration': 1061.1245148181915, 'accumulated_submission_time': 546.402899980545, 'accumulated_eval_time': 510.1202778816223, 'accumulated_logging_time': 0.3283674716949463}
