python submission_runner.py --framework=jax --workload=wmt --submission_path=prize_qualification_baselines/external_tuning/jax_nadamw_full_budget.py --data_dir=/data/wmt --num_tuning_trials=1 --experiment_dir=/experiment_runs --experiment_name=submissions/rolling_leaderboard/external_tuning/baseline/study_0 --overwrite=True --save_checkpoints=False --rng_seed=1619809009 --tuning_ruleset=external --tuning_search_space=prize_qualification_baselines/external_tuning/tuning_search_space.json --num_tuning_trials=5 --hparam_start_index=1 --hparam_end_index=2 2>&1 | tee -a /logs/wmt_jax_03-05-2025-19-12-36.log
2025-03-05 19:12:37.073821: E external/local_xla/xla/stream_executor/cuda/cuda_fft.cc:477] Unable to register cuFFT factory: Attempting to register factory for plugin cuFFT when one has already been registered
WARNING: All log messages before absl::InitializeLog() is called are written to STDERR
E0000 00:00:1741201957.100941       9 cuda_dnn.cc:8310] Unable to register cuDNN factory: Attempting to register factory for plugin cuDNN when one has already been registered
E0000 00:00:1741201957.108171       9 cuda_blas.cc:1418] Unable to register cuBLAS factory: Attempting to register factory for plugin cuBLAS when one has already been registered
ERROR:root:Unable to import wandb.
Traceback (most recent call last):
  File "/algorithmic-efficiency/algoperf/logger_utils.py", line 27, in <module>
    import wandb  # pylint: disable=g-import-not-at-top
    ^^^^^^^^^^^^
ModuleNotFoundError: No module named 'wandb'
I0305 19:12:43.916252 139728945038528 logger_utils.py:81] Creating experiment directory at /experiment_runs/submissions/rolling_leaderboard/external_tuning/baseline/study_0/wmt_jax.
I0305 19:12:44.869689 139728945038528 xla_bridge.py:884] Unable to initialize backend 'rocm': NOT_FOUND: Could not find registered platform with name: "rocm". Available platform names are: CUDA
I0305 19:12:44.872887 139728945038528 xla_bridge.py:884] Unable to initialize backend 'tpu': INTERNAL: Failed to open libtpu.so: libtpu.so: cannot open shared object file: No such file or directory
I0305 19:12:44.874687 139728945038528 submission_runner.py:606] Using RNG seed 1619809009
I0305 19:12:45.472731 139728945038528 submission_runner.py:615] --- Tuning run 2/5 ---
I0305 19:12:45.472904 139728945038528 submission_runner.py:620] Creating tuning directory at /experiment_runs/submissions/rolling_leaderboard/external_tuning/baseline/study_0/wmt_jax/trial_2.
I0305 19:12:45.473079 139728945038528 logger_utils.py:97] Saving hparams to /experiment_runs/submissions/rolling_leaderboard/external_tuning/baseline/study_0/wmt_jax/trial_2/hparams.json.
I0305 19:12:45.706687 139728945038528 submission_runner.py:218] Initializing dataset.
I0305 19:12:45.873340 139728945038528 dataset_info.py:690] Load dataset info from /data/wmt/wmt17_translate/de-en/1.0.0
I0305 19:12:45.879809 139728945038528 reader.py:261] Creating a tf.data.Dataset reading 16 files located in folders: /data/wmt/wmt17_translate/de-en/1.0.0.
I0305 19:12:45.953714 139728945038528 logging_logger.py:49] Constructing tf.data.Dataset wmt17_translate for split train, from /data/wmt/wmt17_translate/de-en/1.0.0
I0305 19:12:47.284933 139728945038528 submission_runner.py:229] Initializing model.
I0305 19:13:31.538117 139728945038528 submission_runner.py:272] Initializing optimizer.
I0305 19:13:32.424267 139728945038528 submission_runner.py:279] Initializing metrics bundle.
I0305 19:13:32.424521 139728945038528 submission_runner.py:301] Initializing checkpoint and logger.
I0305 19:13:32.425577 139728945038528 checkpoints.py:1101] Found no checkpoint files in /experiment_runs/submissions/rolling_leaderboard/external_tuning/baseline/study_0/wmt_jax/trial_2 with prefix checkpoint_
I0305 19:13:32.425688 139728945038528 submission_runner.py:321] Saving meta data to /experiment_runs/submissions/rolling_leaderboard/external_tuning/baseline/study_0/wmt_jax/trial_2/meta_data_0.json.
I0305 19:13:32.425853 139728945038528 logger_utils.py:262] Unable to record workload.train_mean information. Continuing without it.
I0305 19:13:32.425913 139728945038528 logger_utils.py:262] Unable to record workload.train_stddev information. Continuing without it.
I0305 19:13:32.609087 139728945038528 submission_runner.py:325] Saving flags to /experiment_runs/submissions/rolling_leaderboard/external_tuning/baseline/study_0/wmt_jax/trial_2/flags_0.json.
I0305 19:13:32.645137 139728945038528 submission_runner.py:337] Starting training loop.
I0305 19:13:59.287515 139592669370112 logging_writer.py:48] [0] global_step=0, grad_norm=5.497297763824463, loss=11.10626220703125
I0305 19:13:59.351161 139728945038528 spec.py:321] Evaluating on the training split.
I0305 19:13:59.353711 139728945038528 dataset_info.py:690] Load dataset info from /data/wmt/wmt17_translate/de-en/1.0.0
I0305 19:13:59.357748 139728945038528 reader.py:261] Creating a tf.data.Dataset reading 16 files located in folders: /data/wmt/wmt17_translate/de-en/1.0.0.
I0305 19:13:59.391256 139728945038528 logging_logger.py:49] Constructing tf.data.Dataset wmt17_translate for split train, from /data/wmt/wmt17_translate/de-en/1.0.0
I0305 19:14:05.517879 139728945038528 workload.py:181] Translating evaluation dataset.
I0305 19:19:09.959716 139728945038528 spec.py:333] Evaluating on the validation split.
I0305 19:19:09.986016 139728945038528 dataset_info.py:690] Load dataset info from /data/wmt/wmt14_translate/de-en/1.0.0
I0305 19:19:10.019366 139728945038528 reader.py:261] Creating a tf.data.Dataset reading 1 files located in folders: /data/wmt/wmt14_translate/de-en/1.0.0.
I0305 19:19:10.052308 139728945038528 logging_logger.py:49] Constructing tf.data.Dataset wmt14_translate for split validation, from /data/wmt/wmt14_translate/de-en/1.0.0
I0305 19:19:15.257131 139728945038528 workload.py:181] Translating evaluation dataset.
I0305 19:24:13.552038 139728945038528 spec.py:349] Evaluating on the test split.
I0305 19:24:13.554734 139728945038528 dataset_info.py:690] Load dataset info from /data/wmt/wmt14_translate/de-en/1.0.0
I0305 19:24:13.558837 139728945038528 reader.py:261] Creating a tf.data.Dataset reading 1 files located in folders: /data/wmt/wmt14_translate/de-en/1.0.0.
I0305 19:24:13.591519 139728945038528 logging_logger.py:49] Constructing tf.data.Dataset wmt14_translate for split test, from /data/wmt/wmt14_translate/de-en/1.0.0
I0305 19:24:16.330128 139728945038528 workload.py:181] Translating evaluation dataset.
I0305 19:29:14.437064 139728945038528 submission_runner.py:469] Time since start: 941.79s, 	Step: 1, 	{'train/accuracy': 0.0006014798418618739, 'train/loss': 11.105691909790039, 'train/bleu': 0.0, 'validation/accuracy': 0.00048204089398495853, 'validation/loss': 11.148694038391113, 'validation/bleu': 0.0, 'validation/num_examples': 3000, 'test/accuracy': 0.0007183408597484231, 'test/loss': 11.146646499633789, 'test/bleu': 0.0, 'test/num_examples': 3003, 'score': 26.70587730407715, 'total_duration': 941.7918515205383, 'accumulated_submission_time': 26.70587730407715, 'accumulated_eval_time': 915.0858404636383, 'accumulated_logging_time': 0}
I0305 19:29:14.444587 139586135078656 logging_writer.py:48] [1] accumulated_eval_time=915.086, accumulated_logging_time=0, accumulated_submission_time=26.7059, global_step=1, preemption_count=0, score=26.7059, test/accuracy=0.000718341, test/bleu=0, test/loss=11.1466, test/num_examples=3003, total_duration=941.792, train/accuracy=0.00060148, train/bleu=0, train/loss=11.1057, validation/accuracy=0.000482041, validation/bleu=0, validation/loss=11.1487, validation/num_examples=3000
I0305 19:29:48.975297 139586126685952 logging_writer.py:48] [100] global_step=100, grad_norm=0.25003328919410706, loss=9.006104469299316
I0305 19:30:23.450313 139586135078656 logging_writer.py:48] [200] global_step=200, grad_norm=0.23367947340011597, loss=8.663529396057129
I0305 19:30:57.960918 139586126685952 logging_writer.py:48] [300] global_step=300, grad_norm=0.6855263710021973, loss=8.276155471801758
I0305 19:31:32.507904 139586135078656 logging_writer.py:48] [400] global_step=400, grad_norm=0.7233957052230835, loss=7.986793518066406
I0305 19:32:07.100332 139586126685952 logging_writer.py:48] [500] global_step=500, grad_norm=0.44658219814300537, loss=7.720769882202148
I0305 19:32:41.670197 139586135078656 logging_writer.py:48] [600] global_step=600, grad_norm=0.8014897108078003, loss=7.609440326690674
I0305 19:33:16.267993 139586126685952 logging_writer.py:48] [700] global_step=700, grad_norm=0.9160163402557373, loss=7.432421684265137
I0305 19:33:50.802644 139586135078656 logging_writer.py:48] [800] global_step=800, grad_norm=0.6407467722892761, loss=7.153822898864746
I0305 19:34:25.342669 139586126685952 logging_writer.py:48] [900] global_step=900, grad_norm=0.6057806015014648, loss=7.023602485656738
I0305 19:34:59.834581 139586135078656 logging_writer.py:48] [1000] global_step=1000, grad_norm=0.5569967031478882, loss=6.913290500640869
I0305 19:35:34.370584 139586126685952 logging_writer.py:48] [1100] global_step=1100, grad_norm=0.6520048975944519, loss=6.7791948318481445
I0305 19:36:08.906914 139586135078656 logging_writer.py:48] [1200] global_step=1200, grad_norm=0.844960629940033, loss=6.643844127655029
I0305 19:36:43.507782 139586126685952 logging_writer.py:48] [1300] global_step=1300, grad_norm=0.5427057147026062, loss=6.491842746734619
I0305 19:37:18.037258 139586135078656 logging_writer.py:48] [1400] global_step=1400, grad_norm=0.5153172016143799, loss=6.429331302642822
I0305 19:37:52.602810 139586126685952 logging_writer.py:48] [1500] global_step=1500, grad_norm=0.6119392514228821, loss=6.308252334594727
I0305 19:38:27.175490 139586135078656 logging_writer.py:48] [1600] global_step=1600, grad_norm=0.7688025832176208, loss=6.2389750480651855
I0305 19:39:01.710791 139586126685952 logging_writer.py:48] [1700] global_step=1700, grad_norm=0.5966526865959167, loss=6.139710903167725
I0305 19:39:36.276248 139586135078656 logging_writer.py:48] [1800] global_step=1800, grad_norm=0.6805282831192017, loss=6.070979595184326
I0305 19:40:10.865975 139586126685952 logging_writer.py:48] [1900] global_step=1900, grad_norm=0.5801745057106018, loss=6.000800132751465
I0305 19:40:45.458269 139586135078656 logging_writer.py:48] [2000] global_step=2000, grad_norm=0.643957257270813, loss=5.852223873138428
I0305 19:41:20.045825 139586126685952 logging_writer.py:48] [2100] global_step=2100, grad_norm=0.6259230375289917, loss=5.789207458496094
I0305 19:41:54.635500 139586135078656 logging_writer.py:48] [2200] global_step=2200, grad_norm=0.6923004388809204, loss=5.6833038330078125
I0305 19:42:29.220158 139586126685952 logging_writer.py:48] [2300] global_step=2300, grad_norm=0.7937275767326355, loss=5.634119510650635
I0305 19:43:03.852476 139586135078656 logging_writer.py:48] [2400] global_step=2400, grad_norm=0.5697010159492493, loss=5.509006023406982
I0305 19:43:14.570651 139728945038528 spec.py:321] Evaluating on the training split.
I0305 19:43:17.158976 139728945038528 workload.py:181] Translating evaluation dataset.
I0305 19:46:04.851604 139728945038528 spec.py:333] Evaluating on the validation split.
I0305 19:46:07.435500 139728945038528 workload.py:181] Translating evaluation dataset.
I0305 19:48:53.714762 139728945038528 spec.py:349] Evaluating on the test split.
I0305 19:48:56.296795 139728945038528 workload.py:181] Translating evaluation dataset.
I0305 19:51:35.458807 139728945038528 submission_runner.py:469] Time since start: 2282.81s, 	Step: 2432, 	{'train/accuracy': 0.4331774413585663, 'train/loss': 3.8138489723205566, 'train/bleu': 13.576943366928587, 'validation/accuracy': 0.42132845520973206, 'validation/loss': 3.9137299060821533, 'validation/bleu': 10.100368024043531, 'validation/num_examples': 3000, 'test/accuracy': 0.40939635038375854, 'test/loss': 4.084228515625, 'test/bleu': 8.340447735070596, 'test/num_examples': 3003, 'score': 866.6493525505066, 'total_duration': 2282.8135888576508, 'accumulated_submission_time': 866.6493525505066, 'accumulated_eval_time': 1415.9739322662354, 'accumulated_logging_time': 0.01611948013305664}
I0305 19:51:35.468549 139586126685952 logging_writer.py:48] [2432] accumulated_eval_time=1415.97, accumulated_logging_time=0.0161195, accumulated_submission_time=866.649, global_step=2432, preemption_count=0, score=866.649, test/accuracy=0.409396, test/bleu=8.34045, test/loss=4.08423, test/num_examples=3003, total_duration=2282.81, train/accuracy=0.433177, train/bleu=13.5769, train/loss=3.81385, validation/accuracy=0.421328, validation/bleu=10.1004, validation/loss=3.91373, validation/num_examples=3000
I0305 19:51:59.112867 139586135078656 logging_writer.py:48] [2500] global_step=2500, grad_norm=0.5464414954185486, loss=5.443313121795654
I0305 19:52:33.554932 139586126685952 logging_writer.py:48] [2600] global_step=2600, grad_norm=0.6971393823623657, loss=5.362107276916504
I0305 19:53:08.080696 139586135078656 logging_writer.py:48] [2700] global_step=2700, grad_norm=0.4704749286174774, loss=5.307438373565674
I0305 19:53:42.639865 139586126685952 logging_writer.py:48] [2800] global_step=2800, grad_norm=0.4900106191635132, loss=5.179917812347412
I0305 19:54:17.232238 139586135078656 logging_writer.py:48] [2900] global_step=2900, grad_norm=0.5651896595954895, loss=5.195614814758301
I0305 19:54:51.796434 139586126685952 logging_writer.py:48] [3000] global_step=3000, grad_norm=0.4371740221977234, loss=5.189281940460205
I0305 19:55:26.415960 139586135078656 logging_writer.py:48] [3100] global_step=3100, grad_norm=0.6004578471183777, loss=5.190476417541504
I0305 19:56:01.005661 139586126685952 logging_writer.py:48] [3200] global_step=3200, grad_norm=0.5748618245124817, loss=5.084755897521973
I0305 19:56:35.617297 139586135078656 logging_writer.py:48] [3300] global_step=3300, grad_norm=0.4273185431957245, loss=5.063498020172119
I0305 19:57:10.179207 139586126685952 logging_writer.py:48] [3400] global_step=3400, grad_norm=0.6260465383529663, loss=4.994102478027344
I0305 19:57:44.821196 139586135078656 logging_writer.py:48] [3500] global_step=3500, grad_norm=0.45295965671539307, loss=4.969797134399414
I0305 19:58:19.397110 139586126685952 logging_writer.py:48] [3600] global_step=3600, grad_norm=0.40993794798851013, loss=4.894265651702881
I0305 19:58:53.966360 139586135078656 logging_writer.py:48] [3700] global_step=3700, grad_norm=0.44447386264801025, loss=4.890649795532227
I0305 19:59:28.594287 139586126685952 logging_writer.py:48] [3800] global_step=3800, grad_norm=0.41271278262138367, loss=4.796254634857178
I0305 20:00:03.189288 139586135078656 logging_writer.py:48] [3900] global_step=3900, grad_norm=0.43887919187545776, loss=4.859179496765137
I0305 20:00:37.788574 139586126685952 logging_writer.py:48] [4000] global_step=4000, grad_norm=0.4062875807285309, loss=4.874273300170898
I0305 20:01:12.376343 139586135078656 logging_writer.py:48] [4100] global_step=4100, grad_norm=0.37103062868118286, loss=4.792663097381592
I0305 20:01:46.970049 139586126685952 logging_writer.py:48] [4200] global_step=4200, grad_norm=0.40536803007125854, loss=4.807926177978516
I0305 20:02:21.554729 139586135078656 logging_writer.py:48] [4300] global_step=4300, grad_norm=0.3751794695854187, loss=4.733066558837891
I0305 20:02:56.125153 139586126685952 logging_writer.py:48] [4400] global_step=4400, grad_norm=0.4290317893028259, loss=4.730892658233643
I0305 20:03:30.731733 139586135078656 logging_writer.py:48] [4500] global_step=4500, grad_norm=0.4682554304599762, loss=4.807217121124268
I0305 20:04:05.335849 139586126685952 logging_writer.py:48] [4600] global_step=4600, grad_norm=0.3422897756099701, loss=4.7470855712890625
I0305 20:04:39.908082 139586135078656 logging_writer.py:48] [4700] global_step=4700, grad_norm=0.3318866789340973, loss=4.693653106689453
I0305 20:05:14.489454 139586126685952 logging_writer.py:48] [4800] global_step=4800, grad_norm=0.38167139887809753, loss=4.690240383148193
I0305 20:05:35.564648 139728945038528 spec.py:321] Evaluating on the training split.
I0305 20:05:38.150055 139728945038528 workload.py:181] Translating evaluation dataset.
I0305 20:08:29.049185 139728945038528 spec.py:333] Evaluating on the validation split.
I0305 20:08:31.629725 139728945038528 workload.py:181] Translating evaluation dataset.
I0305 20:11:29.605781 139728945038528 spec.py:349] Evaluating on the test split.
I0305 20:11:32.173152 139728945038528 workload.py:181] Translating evaluation dataset.
I0305 20:14:07.527491 139728945038528 submission_runner.py:469] Time since start: 3634.88s, 	Step: 4862, 	{'train/accuracy': 0.5495039820671082, 'train/loss': 2.786299228668213, 'train/bleu': 24.33146164553042, 'validation/accuracy': 0.5557931661605835, 'validation/loss': 2.7292561531066895, 'validation/bleu': 20.817781616158218, 'validation/num_examples': 3000, 'test/accuracy': 0.5562855005264282, 'test/loss': 2.7564375400543213, 'test/bleu': 19.679039332551106, 'test/num_examples': 3003, 'score': 1706.5789091587067, 'total_duration': 3634.882288455963, 'accumulated_submission_time': 1706.5789091587067, 'accumulated_eval_time': 1927.9367167949677, 'accumulated_logging_time': 0.03448677062988281}
I0305 20:14:07.537441 139586135078656 logging_writer.py:48] [4862] accumulated_eval_time=1927.94, accumulated_logging_time=0.0344868, accumulated_submission_time=1706.58, global_step=4862, preemption_count=0, score=1706.58, test/accuracy=0.556286, test/bleu=19.679, test/loss=2.75644, test/num_examples=3003, total_duration=3634.88, train/accuracy=0.549504, train/bleu=24.3315, train/loss=2.7863, validation/accuracy=0.555793, validation/bleu=20.8178, validation/loss=2.72926, validation/num_examples=3000
I0305 20:14:20.962722 139586126685952 logging_writer.py:48] [4900] global_step=4900, grad_norm=0.3255676329135895, loss=4.680585861206055
I0305 20:14:55.435249 139586135078656 logging_writer.py:48] [5000] global_step=5000, grad_norm=0.3759070038795471, loss=4.636605739593506
I0305 20:15:29.966193 139586126685952 logging_writer.py:48] [5100] global_step=5100, grad_norm=0.3511996567249298, loss=4.7498040199279785
I0305 20:16:04.547536 139586135078656 logging_writer.py:48] [5200] global_step=5200, grad_norm=0.33683285117149353, loss=4.631525039672852
I0305 20:16:39.154788 139586126685952 logging_writer.py:48] [5300] global_step=5300, grad_norm=0.29653507471084595, loss=4.651587009429932
I0305 20:17:13.741285 139586135078656 logging_writer.py:48] [5400] global_step=5400, grad_norm=0.3437773883342743, loss=4.6079792976379395
I0305 20:17:48.328049 139586126685952 logging_writer.py:48] [5500] global_step=5500, grad_norm=0.32876312732696533, loss=4.558083534240723
I0305 20:18:22.930706 139586135078656 logging_writer.py:48] [5600] global_step=5600, grad_norm=0.31547480821609497, loss=4.55109167098999
I0305 20:18:57.550629 139586126685952 logging_writer.py:48] [5700] global_step=5700, grad_norm=0.2812109887599945, loss=4.479055404663086
I0305 20:19:32.109988 139586135078656 logging_writer.py:48] [5800] global_step=5800, grad_norm=0.30529433488845825, loss=4.532756328582764
I0305 20:20:06.687756 139586126685952 logging_writer.py:48] [5900] global_step=5900, grad_norm=0.3134213387966156, loss=4.509823322296143
I0305 20:20:41.208750 139586135078656 logging_writer.py:48] [6000] global_step=6000, grad_norm=0.2744675278663635, loss=4.518533706665039
I0305 20:21:15.748494 139586126685952 logging_writer.py:48] [6100] global_step=6100, grad_norm=0.2807122468948364, loss=4.522360801696777
I0305 20:21:50.330538 139586135078656 logging_writer.py:48] [6200] global_step=6200, grad_norm=0.26107707619667053, loss=4.5361714363098145
I0305 20:22:24.846755 139585807927040 logging_writer.py:48] [6300] global_step=6300, grad_norm=0.27696889638900757, loss=4.55767297744751
I0305 20:22:59.244213 139585799534336 logging_writer.py:48] [6400] global_step=6400, grad_norm=0.25741565227508545, loss=4.457085609436035
I0305 20:23:33.645617 139585807927040 logging_writer.py:48] [6500] global_step=6500, grad_norm=0.24144122004508972, loss=4.52121114730835
I0305 20:24:08.081234 139585799534336 logging_writer.py:48] [6600] global_step=6600, grad_norm=0.2501634955406189, loss=4.455667495727539
I0305 20:24:42.530223 139585807927040 logging_writer.py:48] [6700] global_step=6700, grad_norm=0.27445709705352783, loss=4.468713760375977
I0305 20:25:17.021621 139585799534336 logging_writer.py:48] [6800] global_step=6800, grad_norm=0.2569260001182556, loss=4.479036331176758
I0305 20:25:51.477460 139585807927040 logging_writer.py:48] [6900] global_step=6900, grad_norm=0.2722439467906952, loss=4.399615287780762
I0305 20:26:25.933077 139585799534336 logging_writer.py:48] [7000] global_step=7000, grad_norm=0.23271222412586212, loss=4.457679271697998
I0305 20:27:00.405070 139585807927040 logging_writer.py:48] [7100] global_step=7100, grad_norm=0.21695120632648468, loss=4.463278770446777
I0305 20:27:34.894797 139585799534336 logging_writer.py:48] [7200] global_step=7200, grad_norm=0.2291496843099594, loss=4.394291877746582
I0305 20:28:07.643317 139728945038528 spec.py:321] Evaluating on the training split.
I0305 20:28:10.236376 139728945038528 workload.py:181] Translating evaluation dataset.
I0305 20:30:47.534383 139728945038528 spec.py:333] Evaluating on the validation split.
I0305 20:30:50.101567 139728945038528 workload.py:181] Translating evaluation dataset.
I0305 20:33:37.843060 139728945038528 spec.py:349] Evaluating on the test split.
I0305 20:33:40.410066 139728945038528 workload.py:181] Translating evaluation dataset.
I0305 20:36:07.228416 139728945038528 submission_runner.py:469] Time since start: 4954.58s, 	Step: 7296, 	{'train/accuracy': 0.591151237487793, 'train/loss': 2.3724465370178223, 'train/bleu': 27.554069144902588, 'validation/accuracy': 0.5970261693000793, 'validation/loss': 2.31310772895813, 'validation/bleu': 23.6990810584944, 'validation/num_examples': 3000, 'test/accuracy': 0.603441059589386, 'test/loss': 2.292757511138916, 'test/bleu': 22.587176736752028, 'test/num_examples': 3003, 'score': 2546.517216682434, 'total_duration': 4954.5831990242, 'accumulated_submission_time': 2546.517216682434, 'accumulated_eval_time': 2407.5217504501343, 'accumulated_logging_time': 0.05305743217468262}
I0305 20:36:07.238942 139585807927040 logging_writer.py:48] [7296] accumulated_eval_time=2407.52, accumulated_logging_time=0.0530574, accumulated_submission_time=2546.52, global_step=7296, preemption_count=0, score=2546.52, test/accuracy=0.603441, test/bleu=22.5872, test/loss=2.29276, test/num_examples=3003, total_duration=4954.58, train/accuracy=0.591151, train/bleu=27.5541, train/loss=2.37245, validation/accuracy=0.597026, validation/bleu=23.6991, validation/loss=2.31311, validation/num_examples=3000
I0305 20:36:08.969087 139585799534336 logging_writer.py:48] [7300] global_step=7300, grad_norm=0.21363011002540588, loss=4.41987943649292
I0305 20:36:43.255151 139585807927040 logging_writer.py:48] [7400] global_step=7400, grad_norm=0.24584974348545074, loss=4.415895462036133
I0305 20:37:17.639185 139585799534336 logging_writer.py:48] [7500] global_step=7500, grad_norm=0.26834166049957275, loss=4.381600856781006
I0305 20:37:52.099957 139585807927040 logging_writer.py:48] [7600] global_step=7600, grad_norm=0.21945278346538544, loss=4.293478012084961
I0305 20:38:26.575398 139585799534336 logging_writer.py:48] [7700] global_step=7700, grad_norm=0.23631519079208374, loss=4.325231552124023
I0305 20:39:01.047845 139585807927040 logging_writer.py:48] [7800] global_step=7800, grad_norm=0.2244616448879242, loss=4.291228771209717
I0305 20:39:35.551106 139585799534336 logging_writer.py:48] [7900] global_step=7900, grad_norm=0.23670637607574463, loss=4.358130931854248
I0305 20:40:10.008140 139585807927040 logging_writer.py:48] [8000] global_step=8000, grad_norm=0.24158579111099243, loss=4.413845539093018
I0305 20:40:44.473004 139585799534336 logging_writer.py:48] [8100] global_step=8100, grad_norm=0.2271415889263153, loss=4.295412540435791
I0305 20:41:18.966153 139585807927040 logging_writer.py:48] [8200] global_step=8200, grad_norm=0.2045488804578781, loss=4.389414310455322
I0305 20:41:53.443170 139585799534336 logging_writer.py:48] [8300] global_step=8300, grad_norm=0.19751591980457306, loss=4.243329048156738
I0305 20:42:27.900389 139585807927040 logging_writer.py:48] [8400] global_step=8400, grad_norm=0.232322558760643, loss=4.361377716064453
I0305 20:43:02.333648 139585799534336 logging_writer.py:48] [8500] global_step=8500, grad_norm=0.2596137225627899, loss=4.296310901641846
I0305 20:43:36.780963 139585807927040 logging_writer.py:48] [8600] global_step=8600, grad_norm=0.2072419822216034, loss=4.358803749084473
I0305 20:44:11.247635 139585799534336 logging_writer.py:48] [8700] global_step=8700, grad_norm=0.19333525002002716, loss=4.349814414978027
I0305 20:44:45.724074 139585807927040 logging_writer.py:48] [8800] global_step=8800, grad_norm=0.18730756640434265, loss=4.250156402587891
I0305 20:45:20.205641 139585799534336 logging_writer.py:48] [8900] global_step=8900, grad_norm=0.19133810698986053, loss=4.278653144836426
I0305 20:45:54.765714 139585807927040 logging_writer.py:48] [9000] global_step=9000, grad_norm=0.20547600090503693, loss=4.307911396026611
I0305 20:46:29.254944 139585799534336 logging_writer.py:48] [9100] global_step=9100, grad_norm=0.18489781022071838, loss=4.321652889251709
I0305 20:47:03.724253 139585807927040 logging_writer.py:48] [9200] global_step=9200, grad_norm=0.21099814772605896, loss=4.2640228271484375
I0305 20:47:38.198871 139585799534336 logging_writer.py:48] [9300] global_step=9300, grad_norm=0.18664303421974182, loss=4.269843101501465
I0305 20:48:12.690671 139585807927040 logging_writer.py:48] [9400] global_step=9400, grad_norm=0.19008681178092957, loss=4.257264137268066
I0305 20:48:47.180030 139585799534336 logging_writer.py:48] [9500] global_step=9500, grad_norm=0.18397559225559235, loss=4.270798683166504
I0305 20:49:21.626549 139585807927040 logging_writer.py:48] [9600] global_step=9600, grad_norm=0.2090853601694107, loss=4.24650764465332
I0305 20:49:56.062816 139585799534336 logging_writer.py:48] [9700] global_step=9700, grad_norm=0.2031247615814209, loss=4.257835388183594
I0305 20:50:07.426135 139728945038528 spec.py:321] Evaluating on the training split.
I0305 20:50:10.009070 139728945038528 workload.py:181] Translating evaluation dataset.
I0305 20:52:50.379275 139728945038528 spec.py:333] Evaluating on the validation split.
I0305 20:52:52.945163 139728945038528 workload.py:181] Translating evaluation dataset.
I0305 20:55:34.601715 139728945038528 spec.py:349] Evaluating on the test split.
I0305 20:55:37.176452 139728945038528 workload.py:181] Translating evaluation dataset.
I0305 20:58:04.357769 139728945038528 submission_runner.py:469] Time since start: 6271.71s, 	Step: 9734, 	{'train/accuracy': 0.606626033782959, 'train/loss': 2.255824327468872, 'train/bleu': 28.55987648512636, 'validation/accuracy': 0.6215237379074097, 'validation/loss': 2.139256000518799, 'validation/bleu': 25.231698333907953, 'validation/num_examples': 3000, 'test/accuracy': 0.629845917224884, 'test/loss': 2.0967488288879395, 'test/bleu': 24.160584648951673, 'test/num_examples': 3003, 'score': 3386.540834903717, 'total_duration': 6271.71257686615, 'accumulated_submission_time': 3386.540834903717, 'accumulated_eval_time': 2884.4533355236053, 'accumulated_logging_time': 0.07225346565246582}
I0305 20:58:04.367522 139585807927040 logging_writer.py:48] [9734] accumulated_eval_time=2884.45, accumulated_logging_time=0.0722535, accumulated_submission_time=3386.54, global_step=9734, preemption_count=0, score=3386.54, test/accuracy=0.629846, test/bleu=24.1606, test/loss=2.09675, test/num_examples=3003, total_duration=6271.71, train/accuracy=0.606626, train/bleu=28.5599, train/loss=2.25582, validation/accuracy=0.621524, validation/bleu=25.2317, validation/loss=2.13926, validation/num_examples=3000
I0305 20:58:27.354497 139585799534336 logging_writer.py:48] [9800] global_step=9800, grad_norm=0.20052701234817505, loss=4.250672340393066
I0305 20:59:01.623209 139585807927040 logging_writer.py:48] [9900] global_step=9900, grad_norm=0.18820159137248993, loss=4.295013904571533
I0305 20:59:36.006295 139585799534336 logging_writer.py:48] [10000] global_step=10000, grad_norm=0.17271235585212708, loss=4.188350677490234
I0305 21:00:10.492988 139585807927040 logging_writer.py:48] [10100] global_step=10100, grad_norm=0.18319185078144073, loss=4.256039619445801
I0305 21:00:44.874583 139585799534336 logging_writer.py:48] [10200] global_step=10200, grad_norm=0.1802041083574295, loss=4.268782615661621
I0305 21:01:19.313274 139585807927040 logging_writer.py:48] [10300] global_step=10300, grad_norm=0.16910669207572937, loss=4.232746601104736
I0305 21:01:53.776303 139585799534336 logging_writer.py:48] [10400] global_step=10400, grad_norm=0.18869444727897644, loss=4.221468925476074
I0305 21:02:28.224800 139585807927040 logging_writer.py:48] [10500] global_step=10500, grad_norm=0.1792018860578537, loss=4.25949764251709
I0305 21:03:02.689315 139585799534336 logging_writer.py:48] [10600] global_step=10600, grad_norm=0.19211317598819733, loss=4.188982963562012
I0305 21:03:37.177130 139585807927040 logging_writer.py:48] [10700] global_step=10700, grad_norm=0.21057631075382233, loss=4.194422721862793
I0305 21:04:11.612326 139585799534336 logging_writer.py:48] [10800] global_step=10800, grad_norm=0.17431195080280304, loss=4.246809959411621
I0305 21:04:46.081457 139585807927040 logging_writer.py:48] [10900] global_step=10900, grad_norm=0.1742120236158371, loss=4.245273113250732
I0305 21:05:20.576408 139585799534336 logging_writer.py:48] [11000] global_step=11000, grad_norm=0.17290565371513367, loss=4.172662258148193
I0305 21:05:55.055616 139585807927040 logging_writer.py:48] [11100] global_step=11100, grad_norm=0.18242640793323517, loss=4.222793102264404
I0305 21:06:29.544090 139585799534336 logging_writer.py:48] [11200] global_step=11200, grad_norm=0.17482760548591614, loss=4.2552971839904785
I0305 21:07:03.997020 139585807927040 logging_writer.py:48] [11300] global_step=11300, grad_norm=0.1938668191432953, loss=4.2006516456604
I0305 21:07:38.429011 139585799534336 logging_writer.py:48] [11400] global_step=11400, grad_norm=0.174796462059021, loss=4.207406044006348
I0305 21:08:12.848468 139585807927040 logging_writer.py:48] [11500] global_step=11500, grad_norm=0.17218798398971558, loss=4.184095859527588
I0305 21:08:47.286945 139585799534336 logging_writer.py:48] [11600] global_step=11600, grad_norm=0.16889245808124542, loss=4.164912700653076
I0305 21:09:21.720063 139585807927040 logging_writer.py:48] [11700] global_step=11700, grad_norm=0.16674527525901794, loss=4.200320243835449
I0305 21:09:56.170859 139585799534336 logging_writer.py:48] [11800] global_step=11800, grad_norm=0.19746635854244232, loss=4.214442729949951
I0305 21:10:30.588307 139585807927040 logging_writer.py:48] [11900] global_step=11900, grad_norm=0.17249642312526703, loss=4.2370171546936035
I0305 21:11:05.039911 139585799534336 logging_writer.py:48] [12000] global_step=12000, grad_norm=0.16605456173419952, loss=4.160838603973389
I0305 21:11:39.512112 139585807927040 logging_writer.py:48] [12100] global_step=12100, grad_norm=0.17752930521965027, loss=4.148608684539795
I0305 21:12:04.662089 139728945038528 spec.py:321] Evaluating on the training split.
I0305 21:12:07.238427 139728945038528 workload.py:181] Translating evaluation dataset.
I0305 21:15:34.545030 139728945038528 spec.py:333] Evaluating on the validation split.
I0305 21:15:37.123898 139728945038528 workload.py:181] Translating evaluation dataset.
I0305 21:18:21.137220 139728945038528 spec.py:349] Evaluating on the test split.
I0305 21:18:23.711260 139728945038528 workload.py:181] Translating evaluation dataset.
I0305 21:20:57.734741 139728945038528 submission_runner.py:469] Time since start: 7645.09s, 	Step: 12174, 	{'train/accuracy': 0.6185905933380127, 'train/loss': 2.1589958667755127, 'train/bleu': 29.70556923681752, 'validation/accuracy': 0.6356141567230225, 'validation/loss': 2.0175116062164307, 'validation/bleu': 26.385825583809147, 'validation/num_examples': 3000, 'test/accuracy': 0.6444792151451111, 'test/loss': 1.9658397436141968, 'test/bleu': 25.258389185895084, 'test/num_examples': 3003, 'score': 4226.681246757507, 'total_duration': 7645.089530467987, 'accumulated_submission_time': 4226.681246757507, 'accumulated_eval_time': 3417.525922060013, 'accumulated_logging_time': 0.09152913093566895}
I0305 21:20:57.744951 139585799534336 logging_writer.py:48] [12174] accumulated_eval_time=3417.53, accumulated_logging_time=0.0915291, accumulated_submission_time=4226.68, global_step=12174, preemption_count=0, score=4226.68, test/accuracy=0.644479, test/bleu=25.2584, test/loss=1.96584, test/num_examples=3003, total_duration=7645.09, train/accuracy=0.618591, train/bleu=29.7056, train/loss=2.159, validation/accuracy=0.635614, validation/bleu=26.3858, validation/loss=2.01751, validation/num_examples=3000
I0305 21:21:06.992953 139585807927040 logging_writer.py:48] [12200] global_step=12200, grad_norm=0.16238059103488922, loss=4.197518348693848
I0305 21:21:41.307049 139585799534336 logging_writer.py:48] [12300] global_step=12300, grad_norm=0.16579574346542358, loss=4.130070686340332
I0305 21:22:15.640733 139585807927040 logging_writer.py:48] [12400] global_step=12400, grad_norm=0.17272821068763733, loss=4.1868977546691895
I0305 21:22:50.067819 139585799534336 logging_writer.py:48] [12500] global_step=12500, grad_norm=0.1629587560892105, loss=4.198375701904297
I0305 21:23:24.581559 139585807927040 logging_writer.py:48] [12600] global_step=12600, grad_norm=0.18439652025699615, loss=4.168538570404053
I0305 21:23:59.108467 139585799534336 logging_writer.py:48] [12700] global_step=12700, grad_norm=0.16440314054489136, loss=4.133831024169922
I0305 21:24:33.646078 139585807927040 logging_writer.py:48] [12800] global_step=12800, grad_norm=0.16165407001972198, loss=4.216875076293945
I0305 21:25:08.150152 139585799534336 logging_writer.py:48] [12900] global_step=12900, grad_norm=0.15861018002033234, loss=4.1297454833984375
I0305 21:25:42.688961 139585807927040 logging_writer.py:48] [13000] global_step=13000, grad_norm=0.16499735414981842, loss=4.200908660888672
I0305 21:26:17.228050 139585799534336 logging_writer.py:48] [13100] global_step=13100, grad_norm=0.1548270881175995, loss=4.134698390960693
I0305 21:26:51.749689 139585807927040 logging_writer.py:48] [13200] global_step=13200, grad_norm=0.16085262596607208, loss=4.171976089477539
I0305 21:27:26.304635 139585799534336 logging_writer.py:48] [13300] global_step=13300, grad_norm=0.16173973679542542, loss=4.171677112579346
I0305 21:28:00.864346 139585807927040 logging_writer.py:48] [13400] global_step=13400, grad_norm=0.19929474592208862, loss=4.220450401306152
I0305 21:28:35.420705 139585799534336 logging_writer.py:48] [13500] global_step=13500, grad_norm=0.16445507109165192, loss=4.101199150085449
I0305 21:29:09.946260 139585807927040 logging_writer.py:48] [13600] global_step=13600, grad_norm=0.1701221466064453, loss=4.12668514251709
I0305 21:29:44.463681 139585799534336 logging_writer.py:48] [13700] global_step=13700, grad_norm=0.1660965383052826, loss=4.078295707702637
I0305 21:30:18.987069 139585807927040 logging_writer.py:48] [13800] global_step=13800, grad_norm=0.18107347190380096, loss=4.103969573974609
I0305 21:30:53.495479 139585799534336 logging_writer.py:48] [13900] global_step=13900, grad_norm=0.16270360350608826, loss=4.1057610511779785
I0305 21:31:28.004104 139585807927040 logging_writer.py:48] [14000] global_step=14000, grad_norm=0.16009247303009033, loss=4.12606954574585
I0305 21:32:02.502591 139585799534336 logging_writer.py:48] [14100] global_step=14100, grad_norm=0.19853340089321136, loss=4.148571491241455
I0305 21:32:37.040968 139585807927040 logging_writer.py:48] [14200] global_step=14200, grad_norm=0.17642831802368164, loss=4.1225361824035645
I0305 21:33:11.563056 139585799534336 logging_writer.py:48] [14300] global_step=14300, grad_norm=0.1621679961681366, loss=4.080774784088135
I0305 21:33:46.075132 139585807927040 logging_writer.py:48] [14400] global_step=14400, grad_norm=0.17098623514175415, loss=4.082245349884033
I0305 21:34:20.587923 139585799534336 logging_writer.py:48] [14500] global_step=14500, grad_norm=0.23139677941799164, loss=4.105960369110107
I0305 21:34:55.073298 139585807927040 logging_writer.py:48] [14600] global_step=14600, grad_norm=0.1670636385679245, loss=4.129702568054199
I0305 21:34:57.862342 139728945038528 spec.py:321] Evaluating on the training split.
I0305 21:35:00.441917 139728945038528 workload.py:181] Translating evaluation dataset.
I0305 21:39:01.822146 139728945038528 spec.py:333] Evaluating on the validation split.
I0305 21:39:04.389976 139728945038528 workload.py:181] Translating evaluation dataset.
I0305 21:41:46.079987 139728945038528 spec.py:349] Evaluating on the test split.
I0305 21:41:48.646452 139728945038528 workload.py:181] Translating evaluation dataset.
I0305 21:44:12.066635 139728945038528 submission_runner.py:469] Time since start: 9039.42s, 	Step: 14609, 	{'train/accuracy': 0.6285078525543213, 'train/loss': 2.0630898475646973, 'train/bleu': 30.303598075164416, 'validation/accuracy': 0.6444886922836304, 'validation/loss': 1.9426811933517456, 'validation/bleu': 27.059750884116987, 'validation/num_examples': 3000, 'test/accuracy': 0.6535859107971191, 'test/loss': 1.8884230852127075, 'test/bleu': 26.348372843234774, 'test/num_examples': 3003, 'score': 5066.6530611515045, 'total_duration': 9039.421432256699, 'accumulated_submission_time': 5066.6530611515045, 'accumulated_eval_time': 3971.73015165329, 'accumulated_logging_time': 0.11051726341247559}
I0305 21:44:12.076620 139585799534336 logging_writer.py:48] [14609] accumulated_eval_time=3971.73, accumulated_logging_time=0.110517, accumulated_submission_time=5066.65, global_step=14609, preemption_count=0, score=5066.65, test/accuracy=0.653586, test/bleu=26.3484, test/loss=1.88842, test/num_examples=3003, total_duration=9039.42, train/accuracy=0.628508, train/bleu=30.3036, train/loss=2.06309, validation/accuracy=0.644489, validation/bleu=27.0598, validation/loss=1.94268, validation/num_examples=3000
I0305 21:44:43.703597 139585807927040 logging_writer.py:48] [14700] global_step=14700, grad_norm=0.17344588041305542, loss=4.180625915527344
I0305 21:45:18.106687 139585799534336 logging_writer.py:48] [14800] global_step=14800, grad_norm=0.16052095592021942, loss=4.115100860595703
I0305 21:45:52.595165 139585807927040 logging_writer.py:48] [14900] global_step=14900, grad_norm=0.16655302047729492, loss=4.143210411071777
I0305 21:46:27.108126 139585799534336 logging_writer.py:48] [15000] global_step=15000, grad_norm=0.1522451490163803, loss=4.065430641174316
I0305 21:47:01.626968 139585807927040 logging_writer.py:48] [15100] global_step=15100, grad_norm=0.1853456050157547, loss=4.0823187828063965
I0305 21:47:36.142810 139585799534336 logging_writer.py:48] [15200] global_step=15200, grad_norm=0.16480861604213715, loss=4.068675518035889
I0305 21:48:10.659889 139585807927040 logging_writer.py:48] [15300] global_step=15300, grad_norm=0.16369366645812988, loss=4.131510257720947
I0305 21:48:45.213745 139585799534336 logging_writer.py:48] [15400] global_step=15400, grad_norm=0.17360861599445343, loss=4.151752471923828
I0305 21:49:19.745991 139585807927040 logging_writer.py:48] [15500] global_step=15500, grad_norm=0.15941429138183594, loss=4.115696430206299
I0305 21:49:54.281745 139585799534336 logging_writer.py:48] [15600] global_step=15600, grad_norm=0.17091959714889526, loss=4.090991497039795
I0305 21:50:28.812653 139585807927040 logging_writer.py:48] [15700] global_step=15700, grad_norm=0.19365128874778748, loss=4.019368648529053
I0305 21:51:03.361760 139585799534336 logging_writer.py:48] [15800] global_step=15800, grad_norm=0.15704086422920227, loss=4.092203617095947
I0305 21:51:37.906704 139585807927040 logging_writer.py:48] [15900] global_step=15900, grad_norm=0.17010466754436493, loss=4.058628082275391
I0305 21:52:12.428120 139585799534336 logging_writer.py:48] [16000] global_step=16000, grad_norm=0.1883174180984497, loss=4.069618225097656
I0305 21:52:46.927368 139585807927040 logging_writer.py:48] [16100] global_step=16100, grad_norm=0.156008780002594, loss=4.055419445037842
I0305 21:53:21.421741 139585799534336 logging_writer.py:48] [16200] global_step=16200, grad_norm=0.1710509955883026, loss=4.015693664550781
I0305 21:53:55.909263 139585807927040 logging_writer.py:48] [16300] global_step=16300, grad_norm=0.16112524271011353, loss=4.09440279006958
I0305 21:54:30.378754 139585799534336 logging_writer.py:48] [16400] global_step=16400, grad_norm=0.18988707661628723, loss=4.126874923706055
I0305 21:55:04.838396 139585807927040 logging_writer.py:48] [16500] global_step=16500, grad_norm=0.22275640070438385, loss=4.027066230773926
I0305 21:55:39.340624 139585799534336 logging_writer.py:48] [16600] global_step=16600, grad_norm=0.2052697092294693, loss=4.141775131225586
I0305 21:56:13.815264 139585807927040 logging_writer.py:48] [16700] global_step=16700, grad_norm=0.15740102529525757, loss=4.139328956604004
I0305 21:56:48.284135 139585799534336 logging_writer.py:48] [16800] global_step=16800, grad_norm=0.15370947122573853, loss=4.064153671264648
I0305 21:57:22.799799 139585807927040 logging_writer.py:48] [16900] global_step=16900, grad_norm=0.15264226496219635, loss=4.088723659515381
I0305 21:57:57.275241 139585799534336 logging_writer.py:48] [17000] global_step=17000, grad_norm=0.159579798579216, loss=4.149604320526123
I0305 21:58:12.121293 139728945038528 spec.py:321] Evaluating on the training split.
I0305 21:58:14.711861 139728945038528 workload.py:181] Translating evaluation dataset.
I0305 22:01:12.374696 139728945038528 spec.py:333] Evaluating on the validation split.
I0305 22:01:14.954800 139728945038528 workload.py:181] Translating evaluation dataset.
I0305 22:03:56.446608 139728945038528 spec.py:349] Evaluating on the test split.
I0305 22:03:59.027653 139728945038528 workload.py:181] Translating evaluation dataset.
I0305 22:06:19.094524 139728945038528 submission_runner.py:469] Time since start: 10366.45s, 	Step: 17044, 	{'train/accuracy': 0.6341263055801392, 'train/loss': 2.021695375442505, 'train/bleu': 30.77153944461597, 'validation/accuracy': 0.651336133480072, 'validation/loss': 1.888048768043518, 'validation/bleu': 27.395823434019217, 'validation/num_examples': 3000, 'test/accuracy': 0.6611980199813843, 'test/loss': 1.8268219232559204, 'test/bleu': 27.128141825744525, 'test/num_examples': 3003, 'score': 5906.551867485046, 'total_duration': 10366.449325561523, 'accumulated_submission_time': 5906.551867485046, 'accumulated_eval_time': 4458.703329563141, 'accumulated_logging_time': 0.12897300720214844}
I0305 22:06:19.105100 139585807927040 logging_writer.py:48] [17044] accumulated_eval_time=4458.7, accumulated_logging_time=0.128973, accumulated_submission_time=5906.55, global_step=17044, preemption_count=0, score=5906.55, test/accuracy=0.661198, test/bleu=27.1281, test/loss=1.82682, test/num_examples=3003, total_duration=10366.4, train/accuracy=0.634126, train/bleu=30.7715, train/loss=2.0217, validation/accuracy=0.651336, validation/bleu=27.3958, validation/loss=1.88805, validation/num_examples=3000
I0305 22:06:38.722682 139585799534336 logging_writer.py:48] [17100] global_step=17100, grad_norm=0.20226071774959564, loss=4.0720086097717285
I0305 22:07:13.116494 139585807927040 logging_writer.py:48] [17200] global_step=17200, grad_norm=0.16755375266075134, loss=4.081204414367676
I0305 22:07:47.564438 139585799534336 logging_writer.py:48] [17300] global_step=17300, grad_norm=0.15679819881916046, loss=4.024349212646484
I0305 22:08:22.060856 139585807927040 logging_writer.py:48] [17400] global_step=17400, grad_norm=0.15922673046588898, loss=4.057087421417236
I0305 22:08:56.580787 139585799534336 logging_writer.py:48] [17500] global_step=17500, grad_norm=0.17760422825813293, loss=4.03271484375
I0305 22:09:31.115131 139585807927040 logging_writer.py:48] [17600] global_step=17600, grad_norm=0.15069086849689484, loss=4.116005897521973
I0305 22:10:05.654748 139585799534336 logging_writer.py:48] [17700] global_step=17700, grad_norm=0.1747937798500061, loss=4.097901344299316
I0305 22:10:40.199309 139585807927040 logging_writer.py:48] [17800] global_step=17800, grad_norm=0.15664361417293549, loss=4.058821201324463
I0305 22:11:14.748009 139585799534336 logging_writer.py:48] [17900] global_step=17900, grad_norm=0.1931602656841278, loss=4.081103801727295
I0305 22:11:49.293996 139585807927040 logging_writer.py:48] [18000] global_step=18000, grad_norm=0.158928781747818, loss=4.077718257904053
I0305 22:12:23.824697 139585799534336 logging_writer.py:48] [18100] global_step=18100, grad_norm=0.1598593145608902, loss=4.048903942108154
I0305 22:12:58.360285 139585807927040 logging_writer.py:48] [18200] global_step=18200, grad_norm=0.1608182191848755, loss=4.024871826171875
I0305 22:13:32.890188 139585799534336 logging_writer.py:48] [18300] global_step=18300, grad_norm=0.1856766939163208, loss=4.054181098937988
I0305 22:14:07.475844 139585807927040 logging_writer.py:48] [18400] global_step=18400, grad_norm=0.17129744589328766, loss=4.0974016189575195
I0305 22:14:42.010630 139585799534336 logging_writer.py:48] [18500] global_step=18500, grad_norm=0.18026788532733917, loss=4.086708068847656
I0305 22:15:16.565449 139585807927040 logging_writer.py:48] [18600] global_step=18600, grad_norm=0.16245074570178986, loss=4.066125869750977
I0305 22:15:51.102717 139585799534336 logging_writer.py:48] [18700] global_step=18700, grad_norm=0.2107028067111969, loss=4.057293891906738
I0305 22:16:25.623226 139585807927040 logging_writer.py:48] [18800] global_step=18800, grad_norm=0.16986088454723358, loss=3.983445405960083
I0305 22:17:00.365371 139585799534336 logging_writer.py:48] [18900] global_step=18900, grad_norm=0.15262188017368317, loss=4.044242858886719
I0305 22:17:35.033317 139585807927040 logging_writer.py:48] [19000] global_step=19000, grad_norm=0.16833190619945526, loss=4.039894104003906
I0305 22:18:09.717294 139585799534336 logging_writer.py:48] [19100] global_step=19100, grad_norm=0.16093382239341736, loss=4.079834938049316
I0305 22:18:44.376503 139585807927040 logging_writer.py:48] [19200] global_step=19200, grad_norm=0.2395917922258377, loss=3.993882417678833
I0305 22:19:19.059184 139585799534336 logging_writer.py:48] [19300] global_step=19300, grad_norm=0.15065418183803558, loss=3.973417043685913
I0305 22:19:53.709348 139585807927040 logging_writer.py:48] [19400] global_step=19400, grad_norm=0.1498178392648697, loss=3.979053497314453
I0305 22:20:19.342071 139728945038528 spec.py:321] Evaluating on the training split.
I0305 22:20:21.936231 139728945038528 workload.py:181] Translating evaluation dataset.
I0305 22:23:01.978015 139728945038528 spec.py:333] Evaluating on the validation split.
I0305 22:23:04.559501 139728945038528 workload.py:181] Translating evaluation dataset.
I0305 22:25:40.799722 139728945038528 spec.py:349] Evaluating on the test split.
I0305 22:25:43.390201 139728945038528 workload.py:181] Translating evaluation dataset.
I0305 22:28:07.908585 139728945038528 submission_runner.py:469] Time since start: 11675.26s, 	Step: 19475, 	{'train/accuracy': 0.648202657699585, 'train/loss': 1.9112379550933838, 'train/bleu': 32.06620675384898, 'validation/accuracy': 0.656181275844574, 'validation/loss': 1.8411140441894531, 'validation/bleu': 28.217390071231478, 'validation/num_examples': 3000, 'test/accuracy': 0.6665855646133423, 'test/loss': 1.7744221687316895, 'test/bleu': 27.6295625742881, 'test/num_examples': 3003, 'score': 6746.63994717598, 'total_duration': 11675.263387441635, 'accumulated_submission_time': 6746.63994717598, 'accumulated_eval_time': 4927.269788742065, 'accumulated_logging_time': 0.14797019958496094}
I0305 22:28:07.919762 139585799534336 logging_writer.py:48] [19475] accumulated_eval_time=4927.27, accumulated_logging_time=0.14797, accumulated_submission_time=6746.64, global_step=19475, preemption_count=0, score=6746.64, test/accuracy=0.666586, test/bleu=27.6296, test/loss=1.77442, test/num_examples=3003, total_duration=11675.3, train/accuracy=0.648203, train/bleu=32.0662, train/loss=1.91124, validation/accuracy=0.656181, validation/bleu=28.2174, validation/loss=1.84111, validation/num_examples=3000
I0305 22:28:16.898856 139585807927040 logging_writer.py:48] [19500] global_step=19500, grad_norm=0.17880947887897491, loss=3.993410110473633
I0305 22:28:51.422550 139585799534336 logging_writer.py:48] [19600] global_step=19600, grad_norm=0.17723076045513153, loss=4.037064552307129
I0305 22:29:26.053769 139585807927040 logging_writer.py:48] [19700] global_step=19700, grad_norm=0.18269169330596924, loss=4.106162071228027
I0305 22:30:00.706140 139585799534336 logging_writer.py:48] [19800] global_step=19800, grad_norm=0.1738656759262085, loss=4.049178600311279
I0305 22:30:35.396012 139585807927040 logging_writer.py:48] [19900] global_step=19900, grad_norm=0.17754486203193665, loss=4.044290542602539
I0305 22:31:10.077150 139585799534336 logging_writer.py:48] [20000] global_step=20000, grad_norm=0.1779565066099167, loss=4.062789440155029
I0305 22:31:44.763183 139585807927040 logging_writer.py:48] [20100] global_step=20100, grad_norm=0.1536894589662552, loss=3.9488253593444824
I0305 22:32:19.444643 139585799534336 logging_writer.py:48] [20200] global_step=20200, grad_norm=0.16504395008087158, loss=4.0474629402160645
I0305 22:32:54.121581 139585807927040 logging_writer.py:48] [20300] global_step=20300, grad_norm=0.20492567121982574, loss=4.000341892242432
I0305 22:33:28.786983 139585799534336 logging_writer.py:48] [20400] global_step=20400, grad_norm=0.15859971940517426, loss=4.038415431976318
