python submission_runner.py --framework=jax --workload=wmt --submission_path=prize_qualification_baselines/external_tuning/jax_nadamw_full_budget.py --data_dir=/data/wmt --num_tuning_trials=1 --experiment_dir=/experiment_runs --experiment_name=submissions/rolling_leaderboard/external_tuning/baseline/study_0 --overwrite=True --save_checkpoints=False --rng_seed=1002959722 --tuning_ruleset=external --tuning_search_space=prize_qualification_baselines/external_tuning/tuning_search_space.json --num_tuning_trials=5 --hparam_start_index=3 --hparam_end_index=4 2>&1 | tee -a /logs/wmt_jax_03-05-2025-19-12-33.log
2025-03-05 19:12:34.449027: E external/local_xla/xla/stream_executor/cuda/cuda_fft.cc:477] Unable to register cuFFT factory: Attempting to register factory for plugin cuFFT when one has already been registered
WARNING: All log messages before absl::InitializeLog() is called are written to STDERR
E0000 00:00:1741201954.470421       9 cuda_dnn.cc:8310] Unable to register cuDNN factory: Attempting to register factory for plugin cuDNN when one has already been registered
E0000 00:00:1741201954.477090       9 cuda_blas.cc:1418] Unable to register cuBLAS factory: Attempting to register factory for plugin cuBLAS when one has already been registered
ERROR:root:Unable to import wandb.
Traceback (most recent call last):
  File "/algorithmic-efficiency/algoperf/logger_utils.py", line 27, in <module>
    import wandb  # pylint: disable=g-import-not-at-top
    ^^^^^^^^^^^^
ModuleNotFoundError: No module named 'wandb'
I0305 19:12:41.233788 139689492575424 logger_utils.py:81] Creating experiment directory at /experiment_runs/submissions/rolling_leaderboard/external_tuning/baseline/study_0/wmt_jax.
I0305 19:12:42.029150 139689492575424 xla_bridge.py:884] Unable to initialize backend 'rocm': NOT_FOUND: Could not find registered platform with name: "rocm". Available platform names are: CUDA
I0305 19:12:42.032296 139689492575424 xla_bridge.py:884] Unable to initialize backend 'tpu': INTERNAL: Failed to open libtpu.so: libtpu.so: cannot open shared object file: No such file or directory
I0305 19:12:42.034018 139689492575424 submission_runner.py:606] Using RNG seed 1002959722
I0305 19:12:42.600081 139689492575424 submission_runner.py:615] --- Tuning run 4/5 ---
I0305 19:12:42.600287 139689492575424 submission_runner.py:620] Creating tuning directory at /experiment_runs/submissions/rolling_leaderboard/external_tuning/baseline/study_0/wmt_jax/trial_4.
I0305 19:12:42.600484 139689492575424 logger_utils.py:97] Saving hparams to /experiment_runs/submissions/rolling_leaderboard/external_tuning/baseline/study_0/wmt_jax/trial_4/hparams.json.
I0305 19:12:42.828381 139689492575424 submission_runner.py:218] Initializing dataset.
I0305 19:12:43.028737 139689492575424 dataset_info.py:690] Load dataset info from /data/wmt/wmt17_translate/de-en/1.0.0
I0305 19:12:43.042864 139689492575424 reader.py:261] Creating a tf.data.Dataset reading 16 files located in folders: /data/wmt/wmt17_translate/de-en/1.0.0.
I0305 19:12:43.118362 139689492575424 logging_logger.py:49] Constructing tf.data.Dataset wmt17_translate for split train, from /data/wmt/wmt17_translate/de-en/1.0.0
I0305 19:12:44.494969 139689492575424 submission_runner.py:229] Initializing model.
I0305 19:13:23.788649 139689492575424 submission_runner.py:272] Initializing optimizer.
I0305 19:13:24.636765 139689492575424 submission_runner.py:279] Initializing metrics bundle.
I0305 19:13:24.636980 139689492575424 submission_runner.py:301] Initializing checkpoint and logger.
I0305 19:13:24.638004 139689492575424 checkpoints.py:1101] Found no checkpoint files in /experiment_runs/submissions/rolling_leaderboard/external_tuning/baseline/study_0/wmt_jax/trial_4 with prefix checkpoint_
I0305 19:13:24.638100 139689492575424 submission_runner.py:321] Saving meta data to /experiment_runs/submissions/rolling_leaderboard/external_tuning/baseline/study_0/wmt_jax/trial_4/meta_data_0.json.
I0305 19:13:24.638285 139689492575424 logger_utils.py:262] Unable to record workload.train_mean information. Continuing without it.
I0305 19:13:24.638332 139689492575424 logger_utils.py:262] Unable to record workload.train_stddev information. Continuing without it.
I0305 19:13:24.823014 139689492575424 submission_runner.py:325] Saving flags to /experiment_runs/submissions/rolling_leaderboard/external_tuning/baseline/study_0/wmt_jax/trial_4/flags_0.json.
I0305 19:13:24.870999 139689492575424 submission_runner.py:337] Starting training loop.
I0305 19:13:50.089531 139553360742144 logging_writer.py:48] [0] global_step=0, grad_norm=7.196130275726318, loss=11.120800971984863
I0305 19:13:50.144151 139689492575424 spec.py:321] Evaluating on the training split.
I0305 19:13:50.146118 139689492575424 dataset_info.py:690] Load dataset info from /data/wmt/wmt17_translate/de-en/1.0.0
I0305 19:13:50.149233 139689492575424 reader.py:261] Creating a tf.data.Dataset reading 16 files located in folders: /data/wmt/wmt17_translate/de-en/1.0.0.
I0305 19:13:50.179621 139689492575424 logging_logger.py:49] Constructing tf.data.Dataset wmt17_translate for split train, from /data/wmt/wmt17_translate/de-en/1.0.0
I0305 19:13:56.137191 139689492575424 workload.py:181] Translating evaluation dataset.
I0305 19:19:02.664275 139689492575424 spec.py:333] Evaluating on the validation split.
I0305 19:19:02.675588 139689492575424 dataset_info.py:690] Load dataset info from /data/wmt/wmt14_translate/de-en/1.0.0
I0305 19:19:02.683207 139689492575424 reader.py:261] Creating a tf.data.Dataset reading 1 files located in folders: /data/wmt/wmt14_translate/de-en/1.0.0.
I0305 19:19:02.715222 139689492575424 logging_logger.py:49] Constructing tf.data.Dataset wmt14_translate for split validation, from /data/wmt/wmt14_translate/de-en/1.0.0
I0305 19:19:08.016534 139689492575424 workload.py:181] Translating evaluation dataset.
I0305 19:24:08.835207 139689492575424 spec.py:349] Evaluating on the test split.
I0305 19:24:08.837621 139689492575424 dataset_info.py:690] Load dataset info from /data/wmt/wmt14_translate/de-en/1.0.0
I0305 19:24:08.841042 139689492575424 reader.py:261] Creating a tf.data.Dataset reading 1 files located in folders: /data/wmt/wmt14_translate/de-en/1.0.0.
I0305 19:24:08.872503 139689492575424 logging_logger.py:49] Constructing tf.data.Dataset wmt14_translate for split test, from /data/wmt/wmt14_translate/de-en/1.0.0
I0305 19:24:11.641933 139689492575424 workload.py:181] Translating evaluation dataset.
I0305 19:29:11.996681 139689492575424 submission_runner.py:469] Time since start: 947.13s, 	Step: 1, 	{'train/accuracy': 0.0006137479213066399, 'train/loss': 11.113200187683105, 'train/bleu': 0.0, 'validation/accuracy': 0.00048204089398495853, 'validation/loss': 11.092617988586426, 'validation/bleu': 0.0, 'validation/num_examples': 3000, 'test/accuracy': 0.0007183408597484231, 'test/loss': 11.114619255065918, 'test/bleu': 0.0, 'test/num_examples': 3003, 'score': 25.273067712783813, 'total_duration': 947.1256275177002, 'accumulated_submission_time': 25.273067712783813, 'accumulated_eval_time': 921.8524708747864, 'accumulated_logging_time': 0}
I0305 19:29:12.003523 139546439431936 logging_writer.py:48] [1] accumulated_eval_time=921.852, accumulated_logging_time=0, accumulated_submission_time=25.2731, global_step=1, preemption_count=0, score=25.2731, test/accuracy=0.000718341, test/bleu=0, test/loss=11.1146, test/num_examples=3003, total_duration=947.126, train/accuracy=0.000613748, train/bleu=0, train/loss=11.1132, validation/accuracy=0.000482041, validation/bleu=0, validation/loss=11.0926, validation/num_examples=3000
I0305 19:29:46.505207 139546431039232 logging_writer.py:48] [100] global_step=100, grad_norm=0.9777467250823975, loss=7.537600517272949
I0305 19:30:21.047351 139546439431936 logging_writer.py:48] [200] global_step=200, grad_norm=0.4771346151828766, loss=6.514475345611572
I0305 19:30:55.618404 139546431039232 logging_writer.py:48] [300] global_step=300, grad_norm=0.5541947484016418, loss=5.855775833129883
I0305 19:31:30.208873 139546439431936 logging_writer.py:48] [400] global_step=400, grad_norm=0.5099092721939087, loss=5.4042067527771
I0305 19:32:04.785410 139546431039232 logging_writer.py:48] [500] global_step=500, grad_norm=0.4920094311237335, loss=4.951297283172607
I0305 19:32:39.343761 139546439431936 logging_writer.py:48] [600] global_step=600, grad_norm=0.48627766966819763, loss=4.743732452392578
I0305 19:33:13.909512 139546431039232 logging_writer.py:48] [700] global_step=700, grad_norm=0.43517640233039856, loss=4.326198577880859
I0305 19:33:48.461887 139546439431936 logging_writer.py:48] [800] global_step=800, grad_norm=0.4773003160953522, loss=4.1233062744140625
I0305 19:34:23.020732 139546431039232 logging_writer.py:48] [900] global_step=900, grad_norm=0.44719991087913513, loss=3.973940372467041
I0305 19:34:57.564355 139546439431936 logging_writer.py:48] [1000] global_step=1000, grad_norm=0.49051347374916077, loss=3.831047296524048
I0305 19:35:32.079997 139546431039232 logging_writer.py:48] [1100] global_step=1100, grad_norm=0.4210731089115143, loss=3.695775032043457
I0305 19:36:06.706735 139546439431936 logging_writer.py:48] [1200] global_step=1200, grad_norm=0.3926016390323639, loss=3.5031802654266357
I0305 19:36:41.251347 139546431039232 logging_writer.py:48] [1300] global_step=1300, grad_norm=0.40197670459747314, loss=3.525345802307129
I0305 19:37:15.770511 139546439431936 logging_writer.py:48] [1400] global_step=1400, grad_norm=0.3136218786239624, loss=3.462054491043091
I0305 19:37:50.321156 139546431039232 logging_writer.py:48] [1500] global_step=1500, grad_norm=0.2760206460952759, loss=3.3015236854553223
I0305 19:38:24.859003 139546439431936 logging_writer.py:48] [1600] global_step=1600, grad_norm=0.2885584831237793, loss=3.146186351776123
I0305 19:38:59.378483 139546431039232 logging_writer.py:48] [1700] global_step=1700, grad_norm=0.32701587677001953, loss=3.075805187225342
I0305 19:39:33.907550 139546439431936 logging_writer.py:48] [1800] global_step=1800, grad_norm=0.2169514149427414, loss=3.035649538040161
I0305 19:40:08.449443 139546431039232 logging_writer.py:48] [1900] global_step=1900, grad_norm=0.2606760561466217, loss=2.90146541595459
I0305 19:40:42.962669 139546439431936 logging_writer.py:48] [2000] global_step=2000, grad_norm=0.24498453736305237, loss=2.8606936931610107
I0305 19:41:17.476915 139546431039232 logging_writer.py:48] [2100] global_step=2100, grad_norm=0.15630044043064117, loss=2.7406322956085205
I0305 19:41:51.969481 139546439431936 logging_writer.py:48] [2200] global_step=2200, grad_norm=0.20038336515426636, loss=2.7417163848876953
I0305 19:42:26.488533 139546431039232 logging_writer.py:48] [2300] global_step=2300, grad_norm=0.21457046270370483, loss=2.7408647537231445
I0305 19:43:01.019629 139546439431936 logging_writer.py:48] [2400] global_step=2400, grad_norm=0.24825674295425415, loss=2.588449716567993
I0305 19:43:12.081991 139689492575424 spec.py:321] Evaluating on the training split.
I0305 19:43:14.678678 139689492575424 workload.py:181] Translating evaluation dataset.
I0305 19:46:08.772974 139689492575424 spec.py:333] Evaluating on the validation split.
I0305 19:46:11.361766 139689492575424 workload.py:181] Translating evaluation dataset.
I0305 19:48:59.229831 139689492575424 spec.py:349] Evaluating on the test split.
I0305 19:49:01.819190 139689492575424 workload.py:181] Translating evaluation dataset.
I0305 19:51:32.817967 139689492575424 submission_runner.py:469] Time since start: 2287.95s, 	Step: 2433, 	{'train/accuracy': 0.5268543362617493, 'train/loss': 2.633565902709961, 'train/bleu': 23.59888208414684, 'validation/accuracy': 0.5368081331253052, 'validation/loss': 2.552730083465576, 'validation/bleu': 19.799683952039462, 'validation/num_examples': 3000, 'test/accuracy': 0.5373885035514832, 'test/loss': 2.565838575363159, 'test/bleu': 18.162308419097887, 'test/num_examples': 3003, 'score': 865.198891878128, 'total_duration': 2287.946869134903, 'accumulated_submission_time': 865.198891878128, 'accumulated_eval_time': 1422.5883588790894, 'accumulated_logging_time': 0.014955520629882812}
I0305 19:51:32.826554 139546431039232 logging_writer.py:48] [2433] accumulated_eval_time=1422.59, accumulated_logging_time=0.0149555, accumulated_submission_time=865.199, global_step=2433, preemption_count=0, score=865.199, test/accuracy=0.537389, test/bleu=18.1623, test/loss=2.56584, test/num_examples=3003, total_duration=2287.95, train/accuracy=0.526854, train/bleu=23.5989, train/loss=2.63357, validation/accuracy=0.536808, validation/bleu=19.7997, validation/loss=2.55273, validation/num_examples=3000
I0305 19:51:56.223643 139546439431936 logging_writer.py:48] [2500] global_step=2500, grad_norm=0.4332502484321594, loss=2.6595206260681152
I0305 19:52:30.682104 139546431039232 logging_writer.py:48] [2600] global_step=2600, grad_norm=0.21552106738090515, loss=2.532186508178711
I0305 19:53:05.165424 139546439431936 logging_writer.py:48] [2700] global_step=2700, grad_norm=0.3159072995185852, loss=2.4731574058532715
I0305 19:53:39.658154 139546431039232 logging_writer.py:48] [2800] global_step=2800, grad_norm=0.22291013598442078, loss=2.415489673614502
I0305 19:54:14.157193 139546439431936 logging_writer.py:48] [2900] global_step=2900, grad_norm=0.22155669331550598, loss=2.4468436241149902
I0305 19:54:48.719224 139546431039232 logging_writer.py:48] [3000] global_step=3000, grad_norm=0.3586294651031494, loss=2.384636402130127
I0305 19:55:23.242858 139546439431936 logging_writer.py:48] [3100] global_step=3100, grad_norm=0.26085925102233887, loss=2.431658983230591
I0305 19:55:57.778967 139546431039232 logging_writer.py:48] [3200] global_step=3200, grad_norm=0.22027762234210968, loss=2.416274309158325
I0305 19:56:32.310622 139546439431936 logging_writer.py:48] [3300] global_step=3300, grad_norm=0.25236180424690247, loss=2.3032124042510986
I0305 19:57:06.861699 139546431039232 logging_writer.py:48] [3400] global_step=3400, grad_norm=0.3033981919288635, loss=2.3437211513519287
I0305 19:57:41.387757 139546439431936 logging_writer.py:48] [3500] global_step=3500, grad_norm=0.26340705156326294, loss=2.3059258460998535
I0305 19:58:15.944439 139546431039232 logging_writer.py:48] [3600] global_step=3600, grad_norm=0.30875420570373535, loss=2.3271307945251465
I0305 19:58:50.519755 139546439431936 logging_writer.py:48] [3700] global_step=3700, grad_norm=0.4469691514968872, loss=2.2864363193511963
I0305 19:59:25.057492 139546431039232 logging_writer.py:48] [3800] global_step=3800, grad_norm=0.5370470285415649, loss=2.2392473220825195
I0305 19:59:59.609111 139546439431936 logging_writer.py:48] [3900] global_step=3900, grad_norm=0.34811434149742126, loss=2.274559736251831
I0305 20:00:34.134110 139546431039232 logging_writer.py:48] [4000] global_step=4000, grad_norm=0.41508132219314575, loss=2.2097535133361816
I0305 20:01:08.643149 139546439431936 logging_writer.py:48] [4100] global_step=4100, grad_norm=0.2804245352745056, loss=2.223135232925415
I0305 20:01:43.159622 139546431039232 logging_writer.py:48] [4200] global_step=4200, grad_norm=0.4978496730327606, loss=2.2821106910705566
I0305 20:02:17.676890 139546439431936 logging_writer.py:48] [4300] global_step=4300, grad_norm=0.31912165880203247, loss=2.3093528747558594
I0305 20:02:52.222185 139546431039232 logging_writer.py:48] [4400] global_step=4400, grad_norm=0.5623548030853271, loss=2.2735652923583984
I0305 20:03:26.764904 139546439431936 logging_writer.py:48] [4500] global_step=4500, grad_norm=0.5285129547119141, loss=2.3126373291015625
I0305 20:04:01.313100 139546431039232 logging_writer.py:48] [4600] global_step=4600, grad_norm=0.23502382636070251, loss=2.2284188270568848
I0305 20:04:35.847070 139546439431936 logging_writer.py:48] [4700] global_step=4700, grad_norm=0.5824246406555176, loss=2.25663423538208
I0305 20:05:10.420038 139546431039232 logging_writer.py:48] [4800] global_step=4800, grad_norm=0.4398212432861328, loss=2.192072629928589
I0305 20:05:32.860477 139689492575424 spec.py:321] Evaluating on the training split.
I0305 20:05:35.476248 139689492575424 workload.py:181] Translating evaluation dataset.
I0305 20:09:10.059152 139689492575424 spec.py:333] Evaluating on the validation split.
I0305 20:09:12.653674 139689492575424 workload.py:181] Translating evaluation dataset.
I0305 20:11:59.149916 139689492575424 spec.py:349] Evaluating on the test split.
I0305 20:12:01.747509 139689492575424 workload.py:181] Translating evaluation dataset.
I0305 20:14:21.722131 139689492575424 submission_runner.py:469] Time since start: 3656.85s, 	Step: 4866, 	{'train/accuracy': 0.5755481123924255, 'train/loss': 2.233250141143799, 'train/bleu': 27.06807370595582, 'validation/accuracy': 0.5934047102928162, 'validation/loss': 2.0908114910125732, 'validation/bleu': 23.52311379262754, 'validation/num_examples': 3000, 'test/accuracy': 0.5979492664337158, 'test/loss': 2.0481574535369873, 'test/bleu': 21.888933993197586, 'test/num_examples': 3003, 'score': 1705.0806679725647, 'total_duration': 3656.851088285446, 'accumulated_submission_time': 1705.0806679725647, 'accumulated_eval_time': 1951.4499690532684, 'accumulated_logging_time': 0.03181576728820801}
I0305 20:14:21.731521 139546439431936 logging_writer.py:48] [4866] accumulated_eval_time=1951.45, accumulated_logging_time=0.0318158, accumulated_submission_time=1705.08, global_step=4866, preemption_count=0, score=1705.08, test/accuracy=0.597949, test/bleu=21.8889, test/loss=2.04816, test/num_examples=3003, total_duration=3656.85, train/accuracy=0.575548, train/bleu=27.0681, train/loss=2.23325, validation/accuracy=0.593405, validation/bleu=23.5231, validation/loss=2.09081, validation/num_examples=3000
I0305 20:14:33.783186 139546431039232 logging_writer.py:48] [4900] global_step=4900, grad_norm=0.2635383903980255, loss=2.2721779346466064
I0305 20:15:08.209012 139546439431936 logging_writer.py:48] [5000] global_step=5000, grad_norm=0.2973305881023407, loss=2.2147374153137207
I0305 20:15:42.702991 139546431039232 logging_writer.py:48] [5100] global_step=5100, grad_norm=0.3697584867477417, loss=2.267176866531372
I0305 20:16:17.209062 139546439431936 logging_writer.py:48] [5200] global_step=5200, grad_norm=0.3007146120071411, loss=2.1787476539611816
I0305 20:16:51.750077 139546431039232 logging_writer.py:48] [5300] global_step=5300, grad_norm=0.34993231296539307, loss=2.1598052978515625
I0305 20:17:26.271762 139546439431936 logging_writer.py:48] [5400] global_step=5400, grad_norm=0.3328894078731537, loss=2.1076858043670654
I0305 20:18:00.785123 139546431039232 logging_writer.py:48] [5500] global_step=5500, grad_norm=0.5021392703056335, loss=2.2544472217559814
I0305 20:18:35.305619 139546439431936 logging_writer.py:48] [5600] global_step=5600, grad_norm=0.4743326008319855, loss=2.16068434715271
I0305 20:19:09.838094 139546431039232 logging_writer.py:48] [5700] global_step=5700, grad_norm=0.3264217972755432, loss=2.162583827972412
I0305 20:19:44.363296 139546439431936 logging_writer.py:48] [5800] global_step=5800, grad_norm=0.5193892121315002, loss=2.1239192485809326
I0305 20:20:18.916457 139546431039232 logging_writer.py:48] [5900] global_step=5900, grad_norm=0.3305259943008423, loss=2.1020336151123047
I0305 20:20:53.475739 139546439431936 logging_writer.py:48] [6000] global_step=6000, grad_norm=0.9697404503822327, loss=2.1901867389678955
I0305 20:21:28.020267 139546431039232 logging_writer.py:48] [6100] global_step=6100, grad_norm=0.3575423061847687, loss=2.259932279586792
I0305 20:22:02.551747 139546439431936 logging_writer.py:48] [6200] global_step=6200, grad_norm=0.5102381110191345, loss=2.1382765769958496
I0305 20:22:37.048710 139545878185728 logging_writer.py:48] [6300] global_step=6300, grad_norm=0.535503625869751, loss=2.2596020698547363
I0305 20:23:11.510684 139545869793024 logging_writer.py:48] [6400] global_step=6400, grad_norm=0.2981681823730469, loss=2.1878623962402344
I0305 20:23:45.999815 139545878185728 logging_writer.py:48] [6500] global_step=6500, grad_norm=0.26242101192474365, loss=2.1557726860046387
I0305 20:24:20.443269 139545869793024 logging_writer.py:48] [6600] global_step=6600, grad_norm=0.27378568053245544, loss=2.2203311920166016
I0305 20:24:54.897119 139545878185728 logging_writer.py:48] [6700] global_step=6700, grad_norm=0.9019509553909302, loss=2.2577006816864014
I0305 20:25:29.367228 139545869793024 logging_writer.py:48] [6800] global_step=6800, grad_norm=0.31778860092163086, loss=2.22015118598938
I0305 20:26:03.817196 139545878185728 logging_writer.py:48] [6900] global_step=6900, grad_norm=0.46670472621917725, loss=2.1831066608428955
I0305 20:26:38.282699 139545869793024 logging_writer.py:48] [7000] global_step=7000, grad_norm=0.5004008412361145, loss=2.149552583694458
I0305 20:27:12.737012 139545878185728 logging_writer.py:48] [7100] global_step=7100, grad_norm=0.3164818584918976, loss=2.177957773208618
I0305 20:27:47.195237 139545869793024 logging_writer.py:48] [7200] global_step=7200, grad_norm=0.3023875951766968, loss=2.0748178958892822
I0305 20:28:21.627105 139545878185728 logging_writer.py:48] [7300] global_step=7300, grad_norm=0.6795549392700195, loss=2.1654632091522217
I0305 20:28:21.978756 139689492575424 spec.py:321] Evaluating on the training split.
I0305 20:28:24.584163 139689492575424 workload.py:181] Translating evaluation dataset.
I0305 20:32:46.556999 139689492575424 spec.py:333] Evaluating on the validation split.
I0305 20:32:49.149653 139689492575424 workload.py:181] Translating evaluation dataset.
I0305 20:36:42.736361 139689492575424 spec.py:349] Evaluating on the test split.
I0305 20:36:45.316738 139689492575424 workload.py:181] Translating evaluation dataset.
I0305 20:39:57.408329 139689492575424 submission_runner.py:469] Time since start: 5192.54s, 	Step: 7302, 	{'train/accuracy': 0.5866950750350952, 'train/loss': 2.1409075260162354, 'train/bleu': 27.617000759658627, 'validation/accuracy': 0.6015252470970154, 'validation/loss': 2.0310425758361816, 'validation/bleu': 24.224764791205338, 'validation/num_examples': 3000, 'test/accuracy': 0.6064302921295166, 'test/loss': 1.9941027164459229, 'test/bleu': 22.91254225656282, 'test/num_examples': 3003, 'score': 2545.177567958832, 'total_duration': 5192.537220478058, 'accumulated_submission_time': 2545.177567958832, 'accumulated_eval_time': 2646.8794317245483, 'accumulated_logging_time': 0.05060625076293945}
I0305 20:39:57.417922 139545869793024 logging_writer.py:48] [7302] accumulated_eval_time=2646.88, accumulated_logging_time=0.0506063, accumulated_submission_time=2545.18, global_step=7302, preemption_count=0, score=2545.18, test/accuracy=0.60643, test/bleu=22.9125, test/loss=1.9941, test/num_examples=3003, total_duration=5192.54, train/accuracy=0.586695, train/bleu=27.617, train/loss=2.14091, validation/accuracy=0.601525, validation/bleu=24.2248, validation/loss=2.03104, validation/num_examples=3000
I0305 20:40:31.403345 139545878185728 logging_writer.py:48] [7400] global_step=7400, grad_norm=0.39330944418907166, loss=2.185589551925659
I0305 20:41:05.734733 139545869793024 logging_writer.py:48] [7500] global_step=7500, grad_norm=0.3774589002132416, loss=2.1394734382629395
I0305 20:41:40.122139 139545878185728 logging_writer.py:48] [7600] global_step=7600, grad_norm=1.0805290937423706, loss=2.1563992500305176
I0305 20:42:14.539661 139545869793024 logging_writer.py:48] [7700] global_step=7700, grad_norm=0.6728799939155579, loss=2.094538927078247
I0305 20:42:48.976651 139545878185728 logging_writer.py:48] [7800] global_step=7800, grad_norm=0.6145601868629456, loss=2.1780025959014893
I0305 20:43:23.427165 139545869793024 logging_writer.py:48] [7900] global_step=7900, grad_norm=0.48645347356796265, loss=2.1745009422302246
I0305 20:43:57.895014 139545878185728 logging_writer.py:48] [8000] global_step=8000, grad_norm=0.40834420919418335, loss=2.118399143218994
I0305 20:44:32.323096 139545869793024 logging_writer.py:48] [8100] global_step=8100, grad_norm=0.4980565011501312, loss=2.103644609451294
I0305 20:45:06.806515 139545878185728 logging_writer.py:48] [8200] global_step=8200, grad_norm=0.3974735140800476, loss=2.1338706016540527
I0305 20:45:41.243748 139545869793024 logging_writer.py:48] [8300] global_step=8300, grad_norm=0.3308066427707672, loss=1.9880086183547974
I0305 20:46:15.715573 139545878185728 logging_writer.py:48] [8400] global_step=8400, grad_norm=0.5629353523254395, loss=2.147040843963623
I0305 20:46:50.164247 139545869793024 logging_writer.py:48] [8500] global_step=8500, grad_norm=0.40004023909568787, loss=2.1948583126068115
I0305 20:47:24.616941 139545878185728 logging_writer.py:48] [8600] global_step=8600, grad_norm=0.38727763295173645, loss=2.153149127960205
I0305 20:47:59.061060 139545869793024 logging_writer.py:48] [8700] global_step=8700, grad_norm=0.6092793345451355, loss=2.15667986869812
I0305 20:48:33.537835 139545878185728 logging_writer.py:48] [8800] global_step=8800, grad_norm=0.3966420292854309, loss=2.096308946609497
I0305 20:49:08.010355 139545869793024 logging_writer.py:48] [8900] global_step=8900, grad_norm=0.3467729687690735, loss=2.121478796005249
I0305 20:49:42.459880 139545878185728 logging_writer.py:48] [9000] global_step=9000, grad_norm=0.39723116159439087, loss=2.164891242980957
I0305 20:50:16.893242 139545869793024 logging_writer.py:48] [9100] global_step=9100, grad_norm=0.3350902795791626, loss=2.147138833999634
I0305 20:50:51.343205 139545878185728 logging_writer.py:48] [9200] global_step=9200, grad_norm=0.37386104464530945, loss=2.16912841796875
I0305 20:51:25.764130 139545869793024 logging_writer.py:48] [9300] global_step=9300, grad_norm=0.5989021062850952, loss=2.174917459487915
I0305 20:52:00.180883 139545878185728 logging_writer.py:48] [9400] global_step=9400, grad_norm=0.38010555505752563, loss=2.1029980182647705
I0305 20:52:34.619744 139545869793024 logging_writer.py:48] [9500] global_step=9500, grad_norm=0.3344000279903412, loss=2.113095998764038
I0305 20:53:09.044745 139545878185728 logging_writer.py:48] [9600] global_step=9600, grad_norm=0.47661957144737244, loss=2.093423843383789
I0305 20:53:43.480811 139545869793024 logging_writer.py:48] [9700] global_step=9700, grad_norm=0.6338449120521545, loss=2.1644086837768555
I0305 20:53:57.614964 139689492575424 spec.py:321] Evaluating on the training split.
I0305 20:54:00.219086 139689492575424 workload.py:181] Translating evaluation dataset.
I0305 20:57:11.543380 139689492575424 spec.py:333] Evaluating on the validation split.
I0305 20:57:14.142956 139689492575424 workload.py:181] Translating evaluation dataset.
I0305 21:00:02.907206 139689492575424 spec.py:349] Evaluating on the test split.
I0305 21:00:05.507188 139689492575424 workload.py:181] Translating evaluation dataset.
I0305 21:02:46.783546 139689492575424 submission_runner.py:469] Time since start: 6561.91s, 	Step: 9742, 	{'train/accuracy': 0.5926209688186646, 'train/loss': 2.129615068435669, 'train/bleu': 28.122455950412665, 'validation/accuracy': 0.611845850944519, 'validation/loss': 1.9635041952133179, 'validation/bleu': 24.901812232626185, 'validation/num_examples': 3000, 'test/accuracy': 0.6167072057723999, 'test/loss': 1.9267637729644775, 'test/bleu': 23.346317025461424, 'test/num_examples': 3003, 'score': 3385.224435567856, 'total_duration': 6561.912496328354, 'accumulated_submission_time': 3385.224435567856, 'accumulated_eval_time': 3176.047967195511, 'accumulated_logging_time': 0.06971526145935059}
I0305 21:02:46.792100 139545878185728 logging_writer.py:48] [9742] accumulated_eval_time=3176.05, accumulated_logging_time=0.0697153, accumulated_submission_time=3385.22, global_step=9742, preemption_count=0, score=3385.22, test/accuracy=0.616707, test/bleu=23.3463, test/loss=1.92676, test/num_examples=3003, total_duration=6561.91, train/accuracy=0.592621, train/bleu=28.1225, train/loss=2.12962, validation/accuracy=0.611846, validation/bleu=24.9018, validation/loss=1.9635, validation/num_examples=3000
I0305 21:03:07.017814 139545869793024 logging_writer.py:48] [9800] global_step=9800, grad_norm=0.5644939541816711, loss=2.109035015106201
I0305 21:03:41.320244 139545878185728 logging_writer.py:48] [9900] global_step=9900, grad_norm=0.4658958613872528, loss=2.101017713546753
I0305 21:04:15.725428 139545869793024 logging_writer.py:48] [10000] global_step=10000, grad_norm=0.3083401918411255, loss=2.1442055702209473
I0305 21:04:50.133679 139545878185728 logging_writer.py:48] [10100] global_step=10100, grad_norm=0.3300953507423401, loss=2.1753222942352295
I0305 21:05:24.556431 139545869793024 logging_writer.py:48] [10200] global_step=10200, grad_norm=0.34328776597976685, loss=2.1421284675598145
I0305 21:05:58.950955 139545878185728 logging_writer.py:48] [10300] global_step=10300, grad_norm=0.2882692515850067, loss=2.182318925857544
I0305 21:06:33.379283 139545869793024 logging_writer.py:48] [10400] global_step=10400, grad_norm=0.3395366668701172, loss=2.208077907562256
I0305 21:07:07.803958 139545878185728 logging_writer.py:48] [10500] global_step=10500, grad_norm=0.3709968030452728, loss=2.132420539855957
I0305 21:07:42.227059 139545869793024 logging_writer.py:48] [10600] global_step=10600, grad_norm=0.5855114459991455, loss=2.184185743331909
I0305 21:08:16.637607 139545878185728 logging_writer.py:48] [10700] global_step=10700, grad_norm=0.4214800000190735, loss=2.1397571563720703
I0305 21:08:51.073164 139545869793024 logging_writer.py:48] [10800] global_step=10800, grad_norm=0.5339862108230591, loss=2.1473166942596436
I0305 21:09:25.499386 139545878185728 logging_writer.py:48] [10900] global_step=10900, grad_norm=0.47513699531555176, loss=2.0822038650512695
I0305 21:09:59.940692 139545869793024 logging_writer.py:48] [11000] global_step=11000, grad_norm=0.26740095019340515, loss=2.0960190296173096
I0305 21:10:34.475022 139545878185728 logging_writer.py:48] [11100] global_step=11100, grad_norm=0.911545991897583, loss=2.1292600631713867
I0305 21:11:08.941079 139545869793024 logging_writer.py:48] [11200] global_step=11200, grad_norm=0.35096582770347595, loss=2.14300537109375
I0305 21:11:43.380497 139545878185728 logging_writer.py:48] [11300] global_step=11300, grad_norm=0.5055491924285889, loss=2.1329827308654785
I0305 21:12:17.825678 139545869793024 logging_writer.py:48] [11400] global_step=11400, grad_norm=0.44779524207115173, loss=2.085732936859131
I0305 21:12:52.265688 139545878185728 logging_writer.py:48] [11500] global_step=11500, grad_norm=0.24807342886924744, loss=2.0586695671081543
I0305 21:13:26.690123 139545869793024 logging_writer.py:48] [11600] global_step=11600, grad_norm=0.43055370450019836, loss=2.067101240158081
I0305 21:14:01.155313 139545878185728 logging_writer.py:48] [11700] global_step=11700, grad_norm=0.3561052680015564, loss=2.106269359588623
I0305 21:14:35.578728 139545869793024 logging_writer.py:48] [11800] global_step=11800, grad_norm=0.5088129043579102, loss=2.2301130294799805
I0305 21:15:10.054271 139545878185728 logging_writer.py:48] [11900] global_step=11900, grad_norm=0.4154844582080841, loss=2.062572956085205
I0305 21:15:44.476269 139545869793024 logging_writer.py:48] [12000] global_step=12000, grad_norm=0.3770299255847931, loss=2.1696088314056396
I0305 21:16:18.882478 139545878185728 logging_writer.py:48] [12100] global_step=12100, grad_norm=0.3273920714855194, loss=1.980087161064148
I0305 21:16:47.083968 139689492575424 spec.py:321] Evaluating on the training split.
I0305 21:16:49.685629 139689492575424 workload.py:181] Translating evaluation dataset.
I0305 21:20:02.562222 139689492575424 spec.py:333] Evaluating on the validation split.
I0305 21:20:05.145490 139689492575424 workload.py:181] Translating evaluation dataset.
I0305 21:23:10.065793 139689492575424 spec.py:349] Evaluating on the test split.
I0305 21:23:12.658252 139689492575424 workload.py:181] Translating evaluation dataset.
I0305 21:25:59.660320 139689492575424 submission_runner.py:469] Time since start: 7954.79s, 	Step: 12183, 	{'train/accuracy': 0.5957537293434143, 'train/loss': 2.109661340713501, 'train/bleu': 28.22868065607038, 'validation/accuracy': 0.6141448020935059, 'validation/loss': 1.95601224899292, 'validation/bleu': 24.81098728072508, 'validation/num_examples': 3000, 'test/accuracy': 0.6180627942085266, 'test/loss': 1.9053274393081665, 'test/bleu': 23.33940159463234, 'test/num_examples': 3003, 'score': 4225.374735355377, 'total_duration': 7954.78924202919, 'accumulated_submission_time': 4225.374735355377, 'accumulated_eval_time': 3728.624238014221, 'accumulated_logging_time': 0.08627080917358398}
I0305 21:25:59.669528 139545869793024 logging_writer.py:48] [12183] accumulated_eval_time=3728.62, accumulated_logging_time=0.0862708, accumulated_submission_time=4225.37, global_step=12183, preemption_count=0, score=4225.37, test/accuracy=0.618063, test/bleu=23.3394, test/loss=1.90533, test/num_examples=3003, total_duration=7954.79, train/accuracy=0.595754, train/bleu=28.2287, train/loss=2.10966, validation/accuracy=0.614145, validation/bleu=24.811, validation/loss=1.95601, validation/num_examples=3000
I0305 21:26:05.845865 139545878185728 logging_writer.py:48] [12200] global_step=12200, grad_norm=0.6817837953567505, loss=2.2082273960113525
I0305 21:26:40.144831 139545869793024 logging_writer.py:48] [12300] global_step=12300, grad_norm=0.3062169849872589, loss=2.041991710662842
I0305 21:27:14.442851 139545878185728 logging_writer.py:48] [12400] global_step=12400, grad_norm=0.42112278938293457, loss=2.058960437774658
I0305 21:27:48.820963 139545869793024 logging_writer.py:48] [12500] global_step=12500, grad_norm=0.49394428730010986, loss=2.115358829498291
I0305 21:28:23.260105 139545878185728 logging_writer.py:48] [12600] global_step=12600, grad_norm=0.7030904293060303, loss=2.1234495639801025
I0305 21:28:57.742532 139545869793024 logging_writer.py:48] [12700] global_step=12700, grad_norm=0.27235403656959534, loss=2.1577603816986084
I0305 21:29:32.202461 139545878185728 logging_writer.py:48] [12800] global_step=12800, grad_norm=0.4362771809101105, loss=2.1642043590545654
I0305 21:30:06.735141 139545869793024 logging_writer.py:48] [12900] global_step=12900, grad_norm=0.32915323972702026, loss=2.0025572776794434
I0305 21:30:41.243273 139545878185728 logging_writer.py:48] [13000] global_step=13000, grad_norm=0.2700580060482025, loss=2.119302272796631
I0305 21:31:15.746926 139545869793024 logging_writer.py:48] [13100] global_step=13100, grad_norm=0.5020824670791626, loss=2.051776170730591
I0305 21:31:50.221469 139545878185728 logging_writer.py:48] [13200] global_step=13200, grad_norm=0.7090948224067688, loss=1.9994248151779175
I0305 21:32:24.792504 139545869793024 logging_writer.py:48] [13300] global_step=13300, grad_norm=0.36212265491485596, loss=1.975650668144226
I0305 21:32:59.325719 139545878185728 logging_writer.py:48] [13400] global_step=13400, grad_norm=0.2750857174396515, loss=2.202911138534546
I0305 21:33:33.816701 139545869793024 logging_writer.py:48] [13500] global_step=13500, grad_norm=0.7670659422874451, loss=2.1322271823883057
I0305 21:34:08.317201 139545878185728 logging_writer.py:48] [13600] global_step=13600, grad_norm=0.34526246786117554, loss=2.080994129180908
I0305 21:34:42.833514 139545869793024 logging_writer.py:48] [13700] global_step=13700, grad_norm=0.7620162963867188, loss=2.0312464237213135
I0305 21:35:17.334263 139545878185728 logging_writer.py:48] [13800] global_step=13800, grad_norm=0.28353407979011536, loss=2.0378732681274414
I0305 21:35:51.823498 139545869793024 logging_writer.py:48] [13900] global_step=13900, grad_norm=0.262359619140625, loss=2.0215542316436768
I0305 21:36:26.316628 139545878185728 logging_writer.py:48] [14000] global_step=14000, grad_norm=0.384386271238327, loss=2.0847887992858887
I0305 21:37:00.798453 139545869793024 logging_writer.py:48] [14100] global_step=14100, grad_norm=0.4162830710411072, loss=2.0946173667907715
I0305 21:37:35.311774 139545878185728 logging_writer.py:48] [14200] global_step=14200, grad_norm=0.29426172375679016, loss=2.085963726043701
I0305 21:38:09.816771 139545869793024 logging_writer.py:48] [14300] global_step=14300, grad_norm=0.6430860757827759, loss=2.069438934326172
I0305 21:38:44.303619 139545878185728 logging_writer.py:48] [14400] global_step=14400, grad_norm=0.6159541606903076, loss=2.04712176322937
I0305 21:39:18.812993 139545869793024 logging_writer.py:48] [14500] global_step=14500, grad_norm=0.6907525658607483, loss=2.081814765930176
I0305 21:39:53.305494 139545878185728 logging_writer.py:48] [14600] global_step=14600, grad_norm=0.69391930103302, loss=1.9701764583587646
I0305 21:39:59.866968 139689492575424 spec.py:321] Evaluating on the training split.
I0305 21:40:02.476230 139689492575424 workload.py:181] Translating evaluation dataset.
I0305 21:43:51.534856 139689492575424 spec.py:333] Evaluating on the validation split.
I0305 21:43:54.130904 139689492575424 workload.py:181] Translating evaluation dataset.
I0305 21:47:07.353200 139689492575424 spec.py:349] Evaluating on the test split.
I0305 21:47:09.940687 139689492575424 workload.py:181] Translating evaluation dataset.
I0305 21:50:17.087729 139689492575424 submission_runner.py:469] Time since start: 9412.22s, 	Step: 14620, 	{'train/accuracy': 0.5993795990943909, 'train/loss': 2.075961112976074, 'train/bleu': 27.6468726564483, 'validation/accuracy': 0.6140953898429871, 'validation/loss': 1.9391183853149414, 'validation/bleu': 24.631330065556224, 'validation/num_examples': 3000, 'test/accuracy': 0.6224076151847839, 'test/loss': 1.8961374759674072, 'test/bleu': 23.755933195601294, 'test/num_examples': 3003, 'score': 5065.436066389084, 'total_duration': 9412.216654777527, 'accumulated_submission_time': 5065.436066389084, 'accumulated_eval_time': 4345.8449177742, 'accumulated_logging_time': 0.10357880592346191}
I0305 21:50:17.098447 139545869793024 logging_writer.py:48] [14620] accumulated_eval_time=4345.84, accumulated_logging_time=0.103579, accumulated_submission_time=5065.44, global_step=14620, preemption_count=0, score=5065.44, test/accuracy=0.622408, test/bleu=23.7559, test/loss=1.89614, test/num_examples=3003, total_duration=9412.22, train/accuracy=0.59938, train/bleu=27.6469, train/loss=2.07596, validation/accuracy=0.614095, validation/bleu=24.6313, validation/loss=1.93912, validation/num_examples=3000
I0305 21:50:44.911528 139545878185728 logging_writer.py:48] [14700] global_step=14700, grad_norm=0.32611075043678284, loss=2.1566691398620605
I0305 21:51:19.355005 139545869793024 logging_writer.py:48] [14800] global_step=14800, grad_norm=0.3346836566925049, loss=2.046020030975342
I0305 21:51:53.846787 139545878185728 logging_writer.py:48] [14900] global_step=14900, grad_norm=0.3900749981403351, loss=2.1278955936431885
I0305 21:52:28.424022 139545869793024 logging_writer.py:48] [15000] global_step=15000, grad_norm=0.5107609033584595, loss=2.070335865020752
I0305 21:53:02.948593 139545878185728 logging_writer.py:48] [15100] global_step=15100, grad_norm=0.2770520746707916, loss=1.9617176055908203
I0305 21:53:37.450225 139545869793024 logging_writer.py:48] [15200] global_step=15200, grad_norm=0.37898167967796326, loss=2.0843443870544434
I0305 21:54:11.965471 139545878185728 logging_writer.py:48] [15300] global_step=15300, grad_norm=0.2779705822467804, loss=2.040562868118286
I0305 21:54:46.452091 139545869793024 logging_writer.py:48] [15400] global_step=15400, grad_norm=0.5003114342689514, loss=2.097201347351074
I0305 21:55:20.932868 139545878185728 logging_writer.py:48] [15500] global_step=15500, grad_norm=0.43360406160354614, loss=2.1500244140625
I0305 21:55:55.441773 139545869793024 logging_writer.py:48] [15600] global_step=15600, grad_norm=0.2814117968082428, loss=2.036853790283203
I0305 21:56:29.952664 139545878185728 logging_writer.py:48] [15700] global_step=15700, grad_norm=0.5936218500137329, loss=2.045836925506592
I0305 21:57:04.459440 139545869793024 logging_writer.py:48] [15800] global_step=15800, grad_norm=0.34682339429855347, loss=2.0771889686584473
I0305 21:57:38.993740 139545878185728 logging_writer.py:48] [15900] global_step=15900, grad_norm=0.6220714449882507, loss=2.0296616554260254
I0305 21:58:13.494951 139545869793024 logging_writer.py:48] [16000] global_step=16000, grad_norm=0.402496874332428, loss=2.0080554485321045
I0305 21:58:47.987665 139545878185728 logging_writer.py:48] [16100] global_step=16100, grad_norm=0.42035597562789917, loss=2.022690534591675
I0305 21:59:22.508410 139545869793024 logging_writer.py:48] [16200] global_step=16200, grad_norm=0.40826350450515747, loss=2.0612542629241943
I0305 21:59:57.005358 139545878185728 logging_writer.py:48] [16300] global_step=16300, grad_norm=0.3619847595691681, loss=2.0612621307373047
I0305 22:00:31.497315 139545869793024 logging_writer.py:48] [16400] global_step=16400, grad_norm=0.5492734313011169, loss=2.1051063537597656
I0305 22:01:05.986751 139545878185728 logging_writer.py:48] [16500] global_step=16500, grad_norm=0.5789158940315247, loss=2.0652008056640625
I0305 22:01:40.501657 139545869793024 logging_writer.py:48] [16600] global_step=16600, grad_norm=0.3058389723300934, loss=2.0682857036590576
I0305 22:02:14.979858 139545878185728 logging_writer.py:48] [16700] global_step=16700, grad_norm=0.4373527467250824, loss=2.169254779815674
I0305 22:02:49.483564 139545869793024 logging_writer.py:48] [16800] global_step=16800, grad_norm=0.4121883809566498, loss=2.061784267425537
I0305 22:03:23.996323 139545878185728 logging_writer.py:48] [16900] global_step=16900, grad_norm=0.5747699737548828, loss=2.0793418884277344
I0305 22:03:58.501745 139545869793024 logging_writer.py:48] [17000] global_step=17000, grad_norm=0.3050747811794281, loss=2.1208527088165283
I0305 22:04:17.125894 139689492575424 spec.py:321] Evaluating on the training split.
I0305 22:04:19.722855 139689492575424 workload.py:181] Translating evaluation dataset.
I0305 22:07:23.073815 139689492575424 spec.py:333] Evaluating on the validation split.
I0305 22:07:25.670517 139689492575424 workload.py:181] Translating evaluation dataset.
I0305 22:10:15.960987 139689492575424 spec.py:349] Evaluating on the test split.
I0305 22:10:18.546880 139689492575424 workload.py:181] Translating evaluation dataset.
I0305 22:13:02.692379 139689492575424 submission_runner.py:469] Time since start: 10777.82s, 	Step: 17055, 	{'train/accuracy': 0.5998297333717346, 'train/loss': 2.071913242340088, 'train/bleu': 28.266365049177512, 'validation/accuracy': 0.6177539229393005, 'validation/loss': 1.9214348793029785, 'validation/bleu': 24.703533923266356, 'validation/num_examples': 3000, 'test/accuracy': 0.627250611782074, 'test/loss': 1.8704904317855835, 'test/bleu': 23.91687603984399, 'test/num_examples': 3003, 'score': 5905.322413682938, 'total_duration': 10777.821339130402, 'accumulated_submission_time': 5905.322413682938, 'accumulated_eval_time': 4871.411356687546, 'accumulated_logging_time': 0.12322354316711426}
I0305 22:13:02.702114 139545878185728 logging_writer.py:48] [17055] accumulated_eval_time=4871.41, accumulated_logging_time=0.123224, accumulated_submission_time=5905.32, global_step=17055, preemption_count=0, score=5905.32, test/accuracy=0.627251, test/bleu=23.9169, test/loss=1.87049, test/num_examples=3003, total_duration=10777.8, train/accuracy=0.59983, train/bleu=28.2664, train/loss=2.07191, validation/accuracy=0.617754, validation/bleu=24.7035, validation/loss=1.92143, validation/num_examples=3000
I0305 22:13:18.488554 139545869793024 logging_writer.py:48] [17100] global_step=17100, grad_norm=0.3881966471672058, loss=2.140641927719116
I0305 22:13:52.876825 139545878185728 logging_writer.py:48] [17200] global_step=17200, grad_norm=0.5239346623420715, loss=2.109884738922119
I0305 22:14:27.326508 139545869793024 logging_writer.py:48] [17300] global_step=17300, grad_norm=0.4853914976119995, loss=2.0540008544921875
I0305 22:15:01.816315 139545878185728 logging_writer.py:48] [17400] global_step=17400, grad_norm=0.49207764863967896, loss=2.068618059158325
I0305 22:15:36.374679 139545869793024 logging_writer.py:48] [17500] global_step=17500, grad_norm=0.35631081461906433, loss=2.0221004486083984
I0305 22:16:10.887582 139545878185728 logging_writer.py:48] [17600] global_step=17600, grad_norm=0.35730016231536865, loss=2.120619535446167
I0305 22:16:45.415338 139545869793024 logging_writer.py:48] [17700] global_step=17700, grad_norm=0.2879575788974762, loss=2.1113128662109375
I0305 22:17:19.961442 139545878185728 logging_writer.py:48] [17800] global_step=17800, grad_norm=0.36827489733695984, loss=2.0758326053619385
I0305 22:17:54.498983 139545869793024 logging_writer.py:48] [17900] global_step=17900, grad_norm=0.6014298796653748, loss=1.998408317565918
I0305 22:18:29.017794 139545878185728 logging_writer.py:48] [18000] global_step=18000, grad_norm=0.7458690404891968, loss=2.146822929382324
I0305 22:19:03.512790 139545869793024 logging_writer.py:48] [18100] global_step=18100, grad_norm=0.5251063108444214, loss=2.041264772415161
I0305 22:19:37.992078 139545878185728 logging_writer.py:48] [18200] global_step=18200, grad_norm=0.3859233558177948, loss=2.0667543411254883
I0305 22:20:12.522818 139545869793024 logging_writer.py:48] [18300] global_step=18300, grad_norm=0.6203382015228271, loss=2.081357955932617
I0305 22:20:47.031103 139545878185728 logging_writer.py:48] [18400] global_step=18400, grad_norm=0.43480926752090454, loss=2.063783645629883
I0305 22:21:21.527278 139545869793024 logging_writer.py:48] [18500] global_step=18500, grad_norm=0.31831809878349304, loss=2.0911779403686523
I0305 22:21:56.017763 139545878185728 logging_writer.py:48] [18600] global_step=18600, grad_norm=0.35837116837501526, loss=2.081820249557495
I0305 22:22:30.457702 139545869793024 logging_writer.py:48] [18700] global_step=18700, grad_norm=0.3349180221557617, loss=2.0831403732299805
I0305 22:23:04.986402 139545878185728 logging_writer.py:48] [18800] global_step=18800, grad_norm=0.7141175866127014, loss=2.0724635124206543
I0305 22:23:39.733066 139545869793024 logging_writer.py:48] [18900] global_step=18900, grad_norm=0.7616536617279053, loss=2.103095531463623
I0305 22:24:14.426257 139545878185728 logging_writer.py:48] [19000] global_step=19000, grad_norm=0.8871753811836243, loss=2.101358413696289
I0305 22:24:49.075840 139545869793024 logging_writer.py:48] [19100] global_step=19100, grad_norm=0.4245775640010834, loss=2.0674197673797607
I0305 22:25:23.747448 139545878185728 logging_writer.py:48] [19200] global_step=19200, grad_norm=0.3829388916492462, loss=2.085299491882324
I0305 22:25:58.370716 139545869793024 logging_writer.py:48] [19300] global_step=19300, grad_norm=0.5839295983314514, loss=2.0328824520111084
I0305 22:26:33.017138 139545878185728 logging_writer.py:48] [19400] global_step=19400, grad_norm=0.3149098753929138, loss=2.091299057006836
I0305 22:27:02.812176 139689492575424 spec.py:321] Evaluating on the training split.
I0305 22:27:05.428098 139689492575424 workload.py:181] Translating evaluation dataset.
I0305 22:30:04.951062 139689492575424 spec.py:333] Evaluating on the validation split.
I0305 22:30:07.546370 139689492575424 workload.py:181] Translating evaluation dataset.
I0305 22:33:00.187932 139689492575424 spec.py:349] Evaluating on the test split.
I0305 22:33:02.788282 139689492575424 workload.py:181] Translating evaluation dataset.
I0305 22:35:44.872528 139689492575424 submission_runner.py:469] Time since start: 12140.00s, 	Step: 19487, 	{'train/accuracy': 0.6062939763069153, 'train/loss': 2.002042055130005, 'train/bleu': 28.480109655554514, 'validation/accuracy': 0.6182236075401306, 'validation/loss': 1.909186840057373, 'validation/bleu': 24.821472033894906, 'validation/num_examples': 3000, 'test/accuracy': 0.6248059272766113, 'test/loss': 1.8629462718963623, 'test/bleu': 24.132169736423464, 'test/num_examples': 3003, 'score': 6745.2925136089325, 'total_duration': 12140.001472711563, 'accumulated_submission_time': 6745.2925136089325, 'accumulated_eval_time': 5393.471658945084, 'accumulated_logging_time': 0.14071011543273926}
I0305 22:35:44.883172 139545869793024 logging_writer.py:48] [19487] accumulated_eval_time=5393.47, accumulated_logging_time=0.14071, accumulated_submission_time=6745.29, global_step=19487, preemption_count=0, score=6745.29, test/accuracy=0.624806, test/bleu=24.1322, test/loss=1.86295, test/num_examples=3003, total_duration=12140, train/accuracy=0.606294, train/bleu=28.4801, train/loss=2.00204, validation/accuracy=0.618224, validation/bleu=24.8215, validation/loss=1.90919, validation/num_examples=3000
I0305 22:35:49.715679 139545878185728 logging_writer.py:48] [19500] global_step=19500, grad_norm=0.34918180108070374, loss=2.0617852210998535
I0305 22:36:24.209827 139545869793024 logging_writer.py:48] [19600] global_step=19600, grad_norm=0.5648018717765808, loss=1.9778927564620972
I0305 22:36:58.775147 139545878185728 logging_writer.py:48] [19700] global_step=19700, grad_norm=0.44831645488739014, loss=2.0938754081726074
I0305 22:37:33.377283 139545869793024 logging_writer.py:48] [19800] global_step=19800, grad_norm=0.5007485747337341, loss=2.0910696983337402
I0305 22:38:08.029680 139545878185728 logging_writer.py:48] [19900] global_step=19900, grad_norm=0.31785130500793457, loss=2.0418405532836914
I0305 22:38:42.632458 139545869793024 logging_writer.py:48] [20000] global_step=20000, grad_norm=0.48370257019996643, loss=2.068995952606201
I0305 22:39:17.220305 139545878185728 logging_writer.py:48] [20100] global_step=20100, grad_norm=0.3838905692100525, loss=1.9689451456069946
I0305 22:39:51.863307 139545869793024 logging_writer.py:48] [20200] global_step=20200, grad_norm=0.33915969729423523, loss=2.0456771850585938
I0305 22:40:26.492241 139545878185728 logging_writer.py:48] [20300] global_step=20300, grad_norm=0.32886993885040283, loss=2.0079798698425293
I0305 22:41:01.089039 139545869793024 logging_writer.py:48] [20400] global_step=20400, grad_norm=0.270523339509964, loss=2.0196433067321777
