python submission_runner.py --framework=jax --workload=wmt --submission_path=prize_qualification_baselines/external_tuning/jax_nadamw_full_budget.py --data_dir=/data/wmt --num_tuning_trials=1 --experiment_dir=/experiment_runs --experiment_name=submissions/rolling_leaderboard/external_tuning/baseline/study_0 --overwrite=True --save_checkpoints=False --rng_seed=-1820741095 --tuning_ruleset=external --tuning_search_space=prize_qualification_baselines/external_tuning/tuning_search_space.json --num_tuning_trials=5 --hparam_start_index=2 --hparam_end_index=3 2>&1 | tee -a /logs/wmt_jax_03-05-2025-19-13-09.log
2025-03-05 19:13:10.256064: E external/local_xla/xla/stream_executor/cuda/cuda_fft.cc:477] Unable to register cuFFT factory: Attempting to register factory for plugin cuFFT when one has already been registered
WARNING: All log messages before absl::InitializeLog() is called are written to STDERR
E0000 00:00:1741201990.278762       9 cuda_dnn.cc:8310] Unable to register cuDNN factory: Attempting to register factory for plugin cuDNN when one has already been registered
E0000 00:00:1741201990.285671       9 cuda_blas.cc:1418] Unable to register cuBLAS factory: Attempting to register factory for plugin cuBLAS when one has already been registered
ERROR:root:Unable to import wandb.
Traceback (most recent call last):
  File "/algorithmic-efficiency/algoperf/logger_utils.py", line 27, in <module>
    import wandb  # pylint: disable=g-import-not-at-top
    ^^^^^^^^^^^^
ModuleNotFoundError: No module named 'wandb'
I0305 19:13:17.049187 140453607589056 logger_utils.py:81] Creating experiment directory at /experiment_runs/submissions/rolling_leaderboard/external_tuning/baseline/study_0/wmt_jax.
I0305 19:13:18.031285 140453607589056 xla_bridge.py:884] Unable to initialize backend 'rocm': NOT_FOUND: Could not find registered platform with name: "rocm". Available platform names are: CUDA
I0305 19:13:18.034436 140453607589056 xla_bridge.py:884] Unable to initialize backend 'tpu': INTERNAL: Failed to open libtpu.so: libtpu.so: cannot open shared object file: No such file or directory
I0305 19:13:18.036230 140453607589056 submission_runner.py:606] Using RNG seed -1820741095
I0305 19:13:18.638106 140453607589056 submission_runner.py:615] --- Tuning run 3/5 ---
I0305 19:13:18.638324 140453607589056 submission_runner.py:620] Creating tuning directory at /experiment_runs/submissions/rolling_leaderboard/external_tuning/baseline/study_0/wmt_jax/trial_3.
I0305 19:13:18.638525 140453607589056 logger_utils.py:97] Saving hparams to /experiment_runs/submissions/rolling_leaderboard/external_tuning/baseline/study_0/wmt_jax/trial_3/hparams.json.
I0305 19:13:18.870142 140453607589056 submission_runner.py:218] Initializing dataset.
I0305 19:13:19.042192 140453607589056 dataset_info.py:690] Load dataset info from /data/wmt/wmt17_translate/de-en/1.0.0
I0305 19:13:19.049015 140453607589056 reader.py:261] Creating a tf.data.Dataset reading 16 files located in folders: /data/wmt/wmt17_translate/de-en/1.0.0.
I0305 19:13:19.121302 140453607589056 logging_logger.py:49] Constructing tf.data.Dataset wmt17_translate for split train, from /data/wmt/wmt17_translate/de-en/1.0.0
I0305 19:13:20.517918 140453607589056 submission_runner.py:229] Initializing model.
I0305 19:14:02.402060 140453607589056 submission_runner.py:272] Initializing optimizer.
I0305 19:14:03.268234 140453607589056 submission_runner.py:279] Initializing metrics bundle.
I0305 19:14:03.268482 140453607589056 submission_runner.py:301] Initializing checkpoint and logger.
I0305 19:14:03.269613 140453607589056 checkpoints.py:1101] Found no checkpoint files in /experiment_runs/submissions/rolling_leaderboard/external_tuning/baseline/study_0/wmt_jax/trial_3 with prefix checkpoint_
I0305 19:14:03.269724 140453607589056 submission_runner.py:321] Saving meta data to /experiment_runs/submissions/rolling_leaderboard/external_tuning/baseline/study_0/wmt_jax/trial_3/meta_data_0.json.
I0305 19:14:03.269917 140453607589056 logger_utils.py:262] Unable to record workload.train_mean information. Continuing without it.
I0305 19:14:03.269969 140453607589056 logger_utils.py:262] Unable to record workload.train_stddev information. Continuing without it.
I0305 19:14:03.460759 140453607589056 submission_runner.py:325] Saving flags to /experiment_runs/submissions/rolling_leaderboard/external_tuning/baseline/study_0/wmt_jax/trial_3/flags_0.json.
I0305 19:14:03.495758 140453607589056 submission_runner.py:337] Starting training loop.
I0305 19:14:29.737787 140317411976960 logging_writer.py:48] [0] global_step=0, grad_norm=6.003373146057129, loss=11.214605331420898
I0305 19:14:29.798330 140453607589056 spec.py:321] Evaluating on the training split.
I0305 19:14:29.800532 140453607589056 dataset_info.py:690] Load dataset info from /data/wmt/wmt17_translate/de-en/1.0.0
I0305 19:14:29.804092 140453607589056 reader.py:261] Creating a tf.data.Dataset reading 16 files located in folders: /data/wmt/wmt17_translate/de-en/1.0.0.
I0305 19:14:29.836635 140453607589056 logging_logger.py:49] Constructing tf.data.Dataset wmt17_translate for split train, from /data/wmt/wmt17_translate/de-en/1.0.0
I0305 19:14:36.002470 140453607589056 workload.py:181] Translating evaluation dataset.
I0305 19:19:43.302389 140453607589056 spec.py:333] Evaluating on the validation split.
I0305 19:19:43.349025 140453607589056 dataset_info.py:690] Load dataset info from /data/wmt/wmt14_translate/de-en/1.0.0
I0305 19:19:43.371825 140453607589056 reader.py:261] Creating a tf.data.Dataset reading 1 files located in folders: /data/wmt/wmt14_translate/de-en/1.0.0.
I0305 19:19:43.405097 140453607589056 logging_logger.py:49] Constructing tf.data.Dataset wmt14_translate for split validation, from /data/wmt/wmt14_translate/de-en/1.0.0
I0305 19:19:48.557379 140453607589056 workload.py:181] Translating evaluation dataset.
I0305 19:24:49.187819 140453607589056 spec.py:349] Evaluating on the test split.
I0305 19:24:49.190282 140453607589056 dataset_info.py:690] Load dataset info from /data/wmt/wmt14_translate/de-en/1.0.0
I0305 19:24:49.193425 140453607589056 reader.py:261] Creating a tf.data.Dataset reading 1 files located in folders: /data/wmt/wmt14_translate/de-en/1.0.0.
I0305 19:24:49.226455 140453607589056 logging_logger.py:49] Constructing tf.data.Dataset wmt14_translate for split test, from /data/wmt/wmt14_translate/de-en/1.0.0
I0305 19:24:52.077148 140453607589056 workload.py:181] Translating evaluation dataset.
I0305 19:29:52.487336 140453607589056 submission_runner.py:469] Time since start: 948.99s, 	Step: 1, 	{'train/accuracy': 0.0006720660021528602, 'train/loss': 11.23320198059082, 'train/bleu': 0.0, 'validation/accuracy': 0.00048204089398495853, 'validation/loss': 11.248138427734375, 'validation/bleu': 0.0, 'validation/num_examples': 3000, 'test/accuracy': 0.0007183408597484231, 'test/loss': 11.245794296264648, 'test/bleu': 0.0, 'test/num_examples': 3003, 'score': 26.302452564239502, 'total_duration': 948.991500377655, 'accumulated_submission_time': 26.302452564239502, 'accumulated_eval_time': 922.688939332962, 'accumulated_logging_time': 0}
I0305 19:29:52.494966 140310357153536 logging_writer.py:48] [1] accumulated_eval_time=922.689, accumulated_logging_time=0, accumulated_submission_time=26.3025, global_step=1, preemption_count=0, score=26.3025, test/accuracy=0.000718341, test/bleu=0, test/loss=11.2458, test/num_examples=3003, total_duration=948.992, train/accuracy=0.000672066, train/bleu=0, train/loss=11.2332, validation/accuracy=0.000482041, validation/bleu=0, validation/loss=11.2481, validation/num_examples=3000
I0305 19:30:27.543072 140310348760832 logging_writer.py:48] [100] global_step=100, grad_norm=0.42057591676712036, loss=8.705294609069824
I0305 19:31:02.494137 140310357153536 logging_writer.py:48] [200] global_step=200, grad_norm=0.1771172732114792, loss=8.308656692504883
I0305 19:31:37.457994 140310348760832 logging_writer.py:48] [300] global_step=300, grad_norm=0.20521357655525208, loss=7.995695114135742
I0305 19:32:12.456444 140310357153536 logging_writer.py:48] [400] global_step=400, grad_norm=0.2931297719478607, loss=7.599889278411865
I0305 19:32:47.480348 140310348760832 logging_writer.py:48] [500] global_step=500, grad_norm=0.400884747505188, loss=7.225081920623779
I0305 19:33:22.536844 140310357153536 logging_writer.py:48] [600] global_step=600, grad_norm=0.6074106097221375, loss=6.923131465911865
I0305 19:33:57.588964 140310348760832 logging_writer.py:48] [700] global_step=700, grad_norm=0.589061975479126, loss=6.595981121063232
I0305 19:34:32.637988 140310357153536 logging_writer.py:48] [800] global_step=800, grad_norm=0.7666991353034973, loss=6.374453067779541
I0305 19:35:07.712122 140310348760832 logging_writer.py:48] [900] global_step=900, grad_norm=1.0057117938995361, loss=6.160004615783691
I0305 19:35:42.772578 140310357153536 logging_writer.py:48] [1000] global_step=1000, grad_norm=0.7804446220397949, loss=5.932745933532715
I0305 19:36:17.815062 140310348760832 logging_writer.py:48] [1100] global_step=1100, grad_norm=0.7229451537132263, loss=5.696985244750977
I0305 19:36:52.878848 140310357153536 logging_writer.py:48] [1200] global_step=1200, grad_norm=0.6513028144836426, loss=5.470172882080078
I0305 19:37:27.989930 140310348760832 logging_writer.py:48] [1300] global_step=1300, grad_norm=0.804840624332428, loss=5.269440174102783
I0305 19:38:03.048313 140310357153536 logging_writer.py:48] [1400] global_step=1400, grad_norm=0.7443828582763672, loss=5.118338108062744
I0305 19:38:38.085217 140310348760832 logging_writer.py:48] [1500] global_step=1500, grad_norm=1.48111093044281, loss=4.971184253692627
I0305 19:39:13.136685 140310357153536 logging_writer.py:48] [1600] global_step=1600, grad_norm=0.63021320104599, loss=4.86700963973999
I0305 19:39:48.185693 140310348760832 logging_writer.py:48] [1700] global_step=1700, grad_norm=1.2034012079238892, loss=4.724152565002441
I0305 19:40:23.261940 140310357153536 logging_writer.py:48] [1800] global_step=1800, grad_norm=0.9442091584205627, loss=4.615525245666504
I0305 19:40:58.315525 140310348760832 logging_writer.py:48] [1900] global_step=1900, grad_norm=0.9088292717933655, loss=4.480467319488525
I0305 19:41:33.397003 140310357153536 logging_writer.py:48] [2000] global_step=2000, grad_norm=0.8228359222412109, loss=4.331856727600098
I0305 19:42:08.429002 140310348760832 logging_writer.py:48] [2100] global_step=2100, grad_norm=0.7705788016319275, loss=4.186488151550293
I0305 19:42:43.490427 140310357153536 logging_writer.py:48] [2200] global_step=2200, grad_norm=0.8206204175949097, loss=4.120319843292236
I0305 19:43:18.515504 140310348760832 logging_writer.py:48] [2300] global_step=2300, grad_norm=1.3869129419326782, loss=3.9271082878112793
I0305 19:43:52.545582 140453607589056 spec.py:321] Evaluating on the training split.
I0305 19:43:55.201349 140453607589056 workload.py:181] Translating evaluation dataset.
I0305 19:48:04.125970 140453607589056 spec.py:333] Evaluating on the validation split.
I0305 19:48:06.771797 140453607589056 workload.py:181] Translating evaluation dataset.
I0305 19:52:12.365838 140453607589056 spec.py:349] Evaluating on the test split.
I0305 19:52:15.007163 140453607589056 workload.py:181] Translating evaluation dataset.
I0305 19:56:28.209224 140453607589056 submission_runner.py:469] Time since start: 2544.71s, 	Step: 2398, 	{'train/accuracy': 0.41951772570610046, 'train/loss': 3.8381333351135254, 'train/bleu': 14.816741339202395, 'validation/accuracy': 0.4016018807888031, 'validation/loss': 3.978447675704956, 'validation/bleu': 9.499882996677812, 'validation/num_examples': 3000, 'test/accuracy': 0.388761430978775, 'test/loss': 4.154230117797852, 'test/bleu': 8.37801651737534, 'test/num_examples': 3003, 'score': 866.1766827106476, 'total_duration': 2544.7133824825287, 'accumulated_submission_time': 866.1766827106476, 'accumulated_eval_time': 1678.352516412735, 'accumulated_logging_time': 0.01751089096069336}
I0305 19:56:28.219081 140310357153536 logging_writer.py:48] [2398] accumulated_eval_time=1678.35, accumulated_logging_time=0.0175109, accumulated_submission_time=866.177, global_step=2398, preemption_count=0, score=866.177, test/accuracy=0.388761, test/bleu=8.37802, test/loss=4.15423, test/num_examples=3003, total_duration=2544.71, train/accuracy=0.419518, train/bleu=14.8167, train/loss=3.83813, validation/accuracy=0.401602, validation/bleu=9.49988, validation/loss=3.97845, validation/num_examples=3000
I0305 19:56:29.271513 140310348760832 logging_writer.py:48] [2400] global_step=2400, grad_norm=0.8604695200920105, loss=3.888309955596924
I0305 19:57:04.202098 140310357153536 logging_writer.py:48] [2500] global_step=2500, grad_norm=1.3705284595489502, loss=3.8072316646575928
I0305 19:57:39.194406 140310348760832 logging_writer.py:48] [2600] global_step=2600, grad_norm=0.9437748789787292, loss=3.607351303100586
I0305 19:58:14.218176 140310357153536 logging_writer.py:48] [2700] global_step=2700, grad_norm=1.3337812423706055, loss=3.6132054328918457
I0305 19:58:49.298478 140310348760832 logging_writer.py:48] [2800] global_step=2800, grad_norm=0.9061102271080017, loss=3.5370965003967285
I0305 19:59:24.380892 140310357153536 logging_writer.py:48] [2900] global_step=2900, grad_norm=0.7245528101921082, loss=3.3767287731170654
I0305 19:59:59.441011 140310348760832 logging_writer.py:48] [3000] global_step=3000, grad_norm=0.8007560968399048, loss=3.295543670654297
I0305 20:00:34.515372 140310357153536 logging_writer.py:48] [3100] global_step=3100, grad_norm=0.7578179240226746, loss=3.283672571182251
I0305 20:01:09.594465 140310348760832 logging_writer.py:48] [3200] global_step=3200, grad_norm=0.811455488204956, loss=3.177269220352173
I0305 20:01:44.665282 140310357153536 logging_writer.py:48] [3300] global_step=3300, grad_norm=0.8435758352279663, loss=3.0979366302490234
I0305 20:02:19.739554 140310348760832 logging_writer.py:48] [3400] global_step=3400, grad_norm=0.7179044485092163, loss=3.1776282787323
I0305 20:02:54.840696 140310357153536 logging_writer.py:48] [3500] global_step=3500, grad_norm=0.6734153628349304, loss=3.1187427043914795
I0305 20:03:29.923541 140310348760832 logging_writer.py:48] [3600] global_step=3600, grad_norm=0.8614939451217651, loss=2.943425416946411
I0305 20:04:05.013995 140310357153536 logging_writer.py:48] [3700] global_step=3700, grad_norm=0.9289244413375854, loss=2.917273759841919
I0305 20:04:40.100745 140310348760832 logging_writer.py:48] [3800] global_step=3800, grad_norm=0.8646461963653564, loss=2.88704776763916
I0305 20:05:15.165245 140310357153536 logging_writer.py:48] [3900] global_step=3900, grad_norm=0.6814162135124207, loss=2.862262487411499
I0305 20:05:50.238304 140310348760832 logging_writer.py:48] [4000] global_step=4000, grad_norm=0.6452642679214478, loss=2.8617570400238037
I0305 20:06:25.323075 140310357153536 logging_writer.py:48] [4100] global_step=4100, grad_norm=0.5931950211524963, loss=2.768113374710083
I0305 20:07:00.431067 140310348760832 logging_writer.py:48] [4200] global_step=4200, grad_norm=0.6482441425323486, loss=2.909043550491333
I0305 20:07:35.511986 140310357153536 logging_writer.py:48] [4300] global_step=4300, grad_norm=0.6535812616348267, loss=2.7998416423797607
I0305 20:08:10.603300 140310348760832 logging_writer.py:48] [4400] global_step=4400, grad_norm=0.682777464389801, loss=2.661367893218994
I0305 20:08:45.693677 140310357153536 logging_writer.py:48] [4500] global_step=4500, grad_norm=0.757331907749176, loss=2.737058162689209
I0305 20:09:20.827740 140310348760832 logging_writer.py:48] [4600] global_step=4600, grad_norm=0.8160983920097351, loss=2.670841932296753
I0305 20:09:55.900166 140310357153536 logging_writer.py:48] [4700] global_step=4700, grad_norm=0.6590198874473572, loss=2.656485080718994
I0305 20:10:28.547816 140453607589056 spec.py:321] Evaluating on the training split.
I0305 20:10:31.203077 140453607589056 workload.py:181] Translating evaluation dataset.
I0305 20:13:24.361280 140453607589056 spec.py:333] Evaluating on the validation split.
I0305 20:13:27.002912 140453607589056 workload.py:181] Translating evaluation dataset.
I0305 20:16:11.059399 140453607589056 spec.py:349] Evaluating on the test split.
I0305 20:16:13.701871 140453607589056 workload.py:181] Translating evaluation dataset.
I0305 20:18:45.550328 140453607589056 submission_runner.py:469] Time since start: 3882.05s, 	Step: 4794, 	{'train/accuracy': 0.5435895323753357, 'train/loss': 2.6274607181549072, 'train/bleu': 24.86587119835876, 'validation/accuracy': 0.5490569472312927, 'validation/loss': 2.574619770050049, 'validation/bleu': 20.6708920708382, 'validation/num_examples': 3000, 'test/accuracy': 0.5522998571395874, 'test/loss': 2.5946102142333984, 'test/bleu': 19.44563204619634, 'test/num_examples': 3003, 'score': 1706.3324828147888, 'total_duration': 3882.05451130867, 'accumulated_submission_time': 1706.3324828147888, 'accumulated_eval_time': 2175.3549778461456, 'accumulated_logging_time': 0.03632807731628418}
I0305 20:18:45.560936 140310315190016 logging_writer.py:48] [4794] accumulated_eval_time=2175.35, accumulated_logging_time=0.0363281, accumulated_submission_time=1706.33, global_step=4794, preemption_count=0, score=1706.33, test/accuracy=0.5523, test/bleu=19.4456, test/loss=2.59461, test/num_examples=3003, total_duration=3882.05, train/accuracy=0.54359, train/bleu=24.8659, train/loss=2.62746, validation/accuracy=0.549057, validation/bleu=20.6709, validation/loss=2.57462, validation/num_examples=3000
I0305 20:18:48.023061 140310306797312 logging_writer.py:48] [4800] global_step=4800, grad_norm=0.9744491577148438, loss=2.612539052963257
I0305 20:19:23.014257 140310315190016 logging_writer.py:48] [4900] global_step=4900, grad_norm=0.7428941130638123, loss=2.6653037071228027
I0305 20:19:58.027153 140310306797312 logging_writer.py:48] [5000] global_step=5000, grad_norm=0.6276283264160156, loss=2.578629970550537
I0305 20:20:33.122577 140310315190016 logging_writer.py:48] [5100] global_step=5100, grad_norm=0.579907238483429, loss=2.4873220920562744
I0305 20:21:08.212958 140310306797312 logging_writer.py:48] [5200] global_step=5200, grad_norm=0.5537734627723694, loss=2.6347174644470215
I0305 20:21:43.305786 140310315190016 logging_writer.py:48] [5300] global_step=5300, grad_norm=0.5460699200630188, loss=2.510366916656494
I0305 20:22:18.363555 140310306797312 logging_writer.py:48] [5400] global_step=5400, grad_norm=0.5787529945373535, loss=2.4666125774383545
I0305 20:22:53.449387 140310315190016 logging_writer.py:48] [5500] global_step=5500, grad_norm=0.5952832102775574, loss=2.5519158840179443
I0305 20:23:28.514702 140310306797312 logging_writer.py:48] [5600] global_step=5600, grad_norm=0.6036610007286072, loss=2.4911129474639893
I0305 20:24:03.608175 140310315190016 logging_writer.py:48] [5700] global_step=5700, grad_norm=0.6082509160041809, loss=2.437924385070801
I0305 20:24:38.692028 140310306797312 logging_writer.py:48] [5800] global_step=5800, grad_norm=0.5088680982589722, loss=2.439732074737549
I0305 20:25:13.787894 140310315190016 logging_writer.py:48] [5900] global_step=5900, grad_norm=0.6232181787490845, loss=2.435053586959839
I0305 20:25:48.901488 140310306797312 logging_writer.py:48] [6000] global_step=6000, grad_norm=0.557263195514679, loss=2.41174054145813
I0305 20:26:23.991969 140310315190016 logging_writer.py:48] [6100] global_step=6100, grad_norm=0.6041142344474792, loss=2.482483148574829
I0305 20:26:59.101813 140310306797312 logging_writer.py:48] [6200] global_step=6200, grad_norm=0.5219735503196716, loss=2.4298834800720215
I0305 20:27:34.159114 140309904176896 logging_writer.py:48] [6300] global_step=6300, grad_norm=0.5159391760826111, loss=2.4816064834594727
I0305 20:28:09.195446 140309895784192 logging_writer.py:48] [6400] global_step=6400, grad_norm=0.518493115901947, loss=2.3036599159240723
I0305 20:28:44.225230 140309904176896 logging_writer.py:48] [6500] global_step=6500, grad_norm=0.4724063277244568, loss=2.4827816486358643
I0305 20:29:19.240711 140309895784192 logging_writer.py:48] [6600] global_step=6600, grad_norm=0.4700937867164612, loss=2.3350319862365723
I0305 20:29:54.284278 140309904176896 logging_writer.py:48] [6700] global_step=6700, grad_norm=0.47585949301719666, loss=2.3254170417785645
I0305 20:30:29.308826 140309895784192 logging_writer.py:48] [6800] global_step=6800, grad_norm=0.5263258814811707, loss=2.336906671524048
I0305 20:31:04.317298 140309904176896 logging_writer.py:48] [6900] global_step=6900, grad_norm=0.4419781267642975, loss=2.332749128341675
I0305 20:31:39.337672 140309895784192 logging_writer.py:48] [7000] global_step=7000, grad_norm=0.4422905743122101, loss=2.366818904876709
I0305 20:32:14.328052 140309904176896 logging_writer.py:48] [7100] global_step=7100, grad_norm=0.5082208514213562, loss=2.3375704288482666
I0305 20:32:45.848238 140453607589056 spec.py:321] Evaluating on the training split.
I0305 20:32:48.505826 140453607589056 workload.py:181] Translating evaluation dataset.
I0305 20:35:30.296728 140453607589056 spec.py:333] Evaluating on the validation split.
I0305 20:35:32.934351 140453607589056 workload.py:181] Translating evaluation dataset.
I0305 20:38:14.098204 140453607589056 spec.py:349] Evaluating on the test split.
I0305 20:38:16.736935 140453607589056 workload.py:181] Translating evaluation dataset.
I0305 20:40:48.819086 140453607589056 submission_runner.py:469] Time since start: 5205.32s, 	Step: 7191, 	{'train/accuracy': 0.5866031646728516, 'train/loss': 2.2181344032287598, 'train/bleu': 27.59965013514339, 'validation/accuracy': 0.5883988738059998, 'validation/loss': 2.186305284500122, 'validation/bleu': 23.447596896426234, 'validation/num_examples': 3000, 'test/accuracy': 0.5920171737670898, 'test/loss': 2.1745574474334717, 'test/bleu': 22.014903552176293, 'test/num_examples': 3003, 'score': 2546.4510893821716, 'total_duration': 5205.323271512985, 'accumulated_submission_time': 2546.4510893821716, 'accumulated_eval_time': 2658.325782060623, 'accumulated_logging_time': 0.05561041831970215}
I0305 20:40:48.829182 140309895784192 logging_writer.py:48] [7191] accumulated_eval_time=2658.33, accumulated_logging_time=0.0556104, accumulated_submission_time=2546.45, global_step=7191, preemption_count=0, score=2546.45, test/accuracy=0.592017, test/bleu=22.0149, test/loss=2.17456, test/num_examples=3003, total_duration=5205.32, train/accuracy=0.586603, train/bleu=27.5997, train/loss=2.21813, validation/accuracy=0.588399, validation/bleu=23.4476, validation/loss=2.18631, validation/num_examples=3000
I0305 20:40:52.331603 140309904176896 logging_writer.py:48] [7200] global_step=7200, grad_norm=0.45293402671813965, loss=2.218294858932495
I0305 20:41:27.192415 140309895784192 logging_writer.py:48] [7300] global_step=7300, grad_norm=0.46774426102638245, loss=2.2707200050354004
I0305 20:42:02.105616 140309904176896 logging_writer.py:48] [7400] global_step=7400, grad_norm=0.49800071120262146, loss=2.2405307292938232
I0305 20:42:37.057940 140309895784192 logging_writer.py:48] [7500] global_step=7500, grad_norm=0.46160322427749634, loss=2.30525541305542
I0305 20:43:12.061382 140309904176896 logging_writer.py:48] [7600] global_step=7600, grad_norm=0.4145207405090332, loss=2.2080130577087402
I0305 20:43:47.065222 140309895784192 logging_writer.py:48] [7700] global_step=7700, grad_norm=0.4475167393684387, loss=2.2125537395477295
I0305 20:44:22.063672 140309904176896 logging_writer.py:48] [7800] global_step=7800, grad_norm=0.4765029847621918, loss=2.2485435009002686
I0305 20:44:57.076678 140309895784192 logging_writer.py:48] [7900] global_step=7900, grad_norm=0.38605958223342896, loss=2.2499547004699707
I0305 20:45:32.093796 140309904176896 logging_writer.py:48] [8000] global_step=8000, grad_norm=0.38455894589424133, loss=2.22712779045105
I0305 20:46:07.104247 140309895784192 logging_writer.py:48] [8100] global_step=8100, grad_norm=0.5066066384315491, loss=2.3205113410949707
I0305 20:46:42.091711 140309904176896 logging_writer.py:48] [8200] global_step=8200, grad_norm=0.39534997940063477, loss=2.1681437492370605
I0305 20:47:17.089585 140309895784192 logging_writer.py:48] [8300] global_step=8300, grad_norm=0.49624931812286377, loss=2.1455228328704834
I0305 20:47:52.068813 140309904176896 logging_writer.py:48] [8400] global_step=8400, grad_norm=0.39926254749298096, loss=2.1949429512023926
I0305 20:48:27.072084 140309895784192 logging_writer.py:48] [8500] global_step=8500, grad_norm=0.4122689664363861, loss=2.1801400184631348
I0305 20:49:02.066877 140309904176896 logging_writer.py:48] [8600] global_step=8600, grad_norm=0.3837951719760895, loss=2.0884854793548584
I0305 20:49:37.041899 140309895784192 logging_writer.py:48] [8700] global_step=8700, grad_norm=0.3463561534881592, loss=2.1693687438964844
I0305 20:50:12.046574 140309904176896 logging_writer.py:48] [8800] global_step=8800, grad_norm=0.35882195830345154, loss=2.0903449058532715
I0305 20:50:47.062822 140309895784192 logging_writer.py:48] [8900] global_step=8900, grad_norm=0.3996155560016632, loss=2.146631956100464
I0305 20:51:22.048756 140309904176896 logging_writer.py:48] [9000] global_step=9000, grad_norm=0.371618390083313, loss=2.142043113708496
I0305 20:51:57.025693 140309895784192 logging_writer.py:48] [9100] global_step=9100, grad_norm=0.3915189206600189, loss=2.14634108543396
I0305 20:52:32.016450 140309904176896 logging_writer.py:48] [9200] global_step=9200, grad_norm=0.3541688024997711, loss=2.1753525733947754
I0305 20:53:06.985852 140309895784192 logging_writer.py:48] [9300] global_step=9300, grad_norm=0.3680042624473572, loss=2.143127679824829
I0305 20:53:41.952270 140309904176896 logging_writer.py:48] [9400] global_step=9400, grad_norm=0.3369726836681366, loss=2.1765408515930176
I0305 20:54:16.942653 140309895784192 logging_writer.py:48] [9500] global_step=9500, grad_norm=0.3352765142917633, loss=2.0945188999176025
I0305 20:54:49.136769 140453607589056 spec.py:321] Evaluating on the training split.
I0305 20:54:51.791218 140453607589056 workload.py:181] Translating evaluation dataset.
I0305 20:57:36.700889 140453607589056 spec.py:333] Evaluating on the validation split.
I0305 20:57:39.336634 140453607589056 workload.py:181] Translating evaluation dataset.
I0305 21:00:17.863314 140453607589056 spec.py:349] Evaluating on the test split.
I0305 21:00:20.500773 140453607589056 workload.py:181] Translating evaluation dataset.
I0305 21:02:45.634054 140453607589056 submission_runner.py:469] Time since start: 6522.14s, 	Step: 9593, 	{'train/accuracy': 0.593389093875885, 'train/loss': 2.132319450378418, 'train/bleu': 28.316917201431533, 'validation/accuracy': 0.6066175699234009, 'validation/loss': 2.012321710586548, 'validation/bleu': 24.807958752701865, 'validation/num_examples': 3000, 'test/accuracy': 0.6139381527900696, 'test/loss': 1.9790500402450562, 'test/bleu': 23.720571622766467, 'test/num_examples': 3003, 'score': 3386.5949883461, 'total_duration': 6522.138231515884, 'accumulated_submission_time': 3386.5949883461, 'accumulated_eval_time': 3134.823011159897, 'accumulated_logging_time': 0.07428812980651855}
I0305 21:02:45.643785 140309904176896 logging_writer.py:48] [9593] accumulated_eval_time=3134.82, accumulated_logging_time=0.0742881, accumulated_submission_time=3386.59, global_step=9593, preemption_count=0, score=3386.59, test/accuracy=0.613938, test/bleu=23.7206, test/loss=1.97905, test/num_examples=3003, total_duration=6522.14, train/accuracy=0.593389, train/bleu=28.3169, train/loss=2.13232, validation/accuracy=0.606618, validation/bleu=24.808, validation/loss=2.01232, validation/num_examples=3000
I0305 21:02:48.439710 140309895784192 logging_writer.py:48] [9600] global_step=9600, grad_norm=0.3108406662940979, loss=2.0854551792144775
I0305 21:03:23.288647 140309904176896 logging_writer.py:48] [9700] global_step=9700, grad_norm=0.3283858597278595, loss=2.1058502197265625
I0305 21:03:58.192419 140309895784192 logging_writer.py:48] [9800] global_step=9800, grad_norm=0.3258375823497772, loss=2.067547559738159
I0305 21:04:33.098085 140309904176896 logging_writer.py:48] [9900] global_step=9900, grad_norm=0.3259041905403137, loss=2.0797982215881348
I0305 21:05:08.051660 140309895784192 logging_writer.py:48] [10000] global_step=10000, grad_norm=0.30215394496917725, loss=2.1803090572357178
I0305 21:05:42.971574 140309904176896 logging_writer.py:48] [10100] global_step=10100, grad_norm=0.3215470016002655, loss=2.093998908996582
I0305 21:06:17.914999 140309895784192 logging_writer.py:48] [10200] global_step=10200, grad_norm=0.3726901113986969, loss=2.1139469146728516
I0305 21:06:52.879813 140309904176896 logging_writer.py:48] [10300] global_step=10300, grad_norm=0.32665982842445374, loss=2.089073657989502
I0305 21:07:27.833943 140309895784192 logging_writer.py:48] [10400] global_step=10400, grad_norm=0.2925102710723877, loss=2.125941514968872
I0305 21:08:02.820591 140309904176896 logging_writer.py:48] [10500] global_step=10500, grad_norm=0.34751972556114197, loss=2.061143398284912
I0305 21:08:37.778439 140309895784192 logging_writer.py:48] [10600] global_step=10600, grad_norm=0.3505080044269562, loss=2.1206815242767334
I0305 21:09:12.731210 140309904176896 logging_writer.py:48] [10700] global_step=10700, grad_norm=0.3231448531150818, loss=2.123594284057617
I0305 21:09:47.682067 140309895784192 logging_writer.py:48] [10800] global_step=10800, grad_norm=0.3296678066253662, loss=2.1369516849517822
I0305 21:10:22.652772 140309904176896 logging_writer.py:48] [10900] global_step=10900, grad_norm=0.29771727323532104, loss=1.9770106077194214
I0305 21:10:57.631315 140309895784192 logging_writer.py:48] [11000] global_step=11000, grad_norm=0.2980785369873047, loss=2.0379531383514404
I0305 21:11:32.583842 140309904176896 logging_writer.py:48] [11100] global_step=11100, grad_norm=0.2991737723350525, loss=2.082272529602051
I0305 21:12:07.621381 140309895784192 logging_writer.py:48] [11200] global_step=11200, grad_norm=0.3349155783653259, loss=2.0761489868164062
I0305 21:12:42.527762 140309904176896 logging_writer.py:48] [11300] global_step=11300, grad_norm=0.2905464470386505, loss=2.164525270462036
I0305 21:13:17.512228 140309895784192 logging_writer.py:48] [11400] global_step=11400, grad_norm=0.28770312666893005, loss=2.0953283309936523
I0305 21:13:52.439632 140309904176896 logging_writer.py:48] [11500] global_step=11500, grad_norm=0.29616579413414, loss=2.048778533935547
I0305 21:14:27.392768 140309895784192 logging_writer.py:48] [11600] global_step=11600, grad_norm=0.3404702842235565, loss=2.170304775238037
I0305 21:15:02.352866 140309904176896 logging_writer.py:48] [11700] global_step=11700, grad_norm=0.30515459179878235, loss=2.0003395080566406
I0305 21:15:37.314279 140309895784192 logging_writer.py:48] [11800] global_step=11800, grad_norm=0.29044511914253235, loss=2.051953077316284
I0305 21:16:12.245030 140309904176896 logging_writer.py:48] [11900] global_step=11900, grad_norm=0.2652423083782196, loss=2.0311880111694336
I0305 21:16:45.792744 140453607589056 spec.py:321] Evaluating on the training split.
I0305 21:16:48.442095 140453607589056 workload.py:181] Translating evaluation dataset.
I0305 21:21:46.607999 140453607589056 spec.py:333] Evaluating on the validation split.
I0305 21:21:49.249588 140453607589056 workload.py:181] Translating evaluation dataset.
I0305 21:26:39.414182 140453607589056 spec.py:349] Evaluating on the test split.
I0305 21:26:42.058749 140453607589056 workload.py:181] Translating evaluation dataset.
I0305 21:31:31.865808 140453607589056 submission_runner.py:469] Time since start: 8248.37s, 	Step: 11997, 	{'train/accuracy': 0.6024340987205505, 'train/loss': 2.0452821254730225, 'train/bleu': 26.884426360051467, 'validation/accuracy': 0.6214372515678406, 'validation/loss': 1.8897901773452759, 'validation/bleu': 20.389571788168055, 'validation/num_examples': 3000, 'test/accuracy': 0.628409206867218, 'test/loss': 1.8486205339431763, 'test/bleu': 22.288411767668194, 'test/num_examples': 3003, 'score': 4226.5865046978, 'total_duration': 8248.369979143143, 'accumulated_submission_time': 4226.5865046978, 'accumulated_eval_time': 4020.8960151672363, 'accumulated_logging_time': 0.09292125701904297}
I0305 21:31:31.875838 140309895784192 logging_writer.py:48] [11997] accumulated_eval_time=4020.9, accumulated_logging_time=0.0929213, accumulated_submission_time=4226.59, global_step=11997, preemption_count=0, score=4226.59, test/accuracy=0.628409, test/bleu=22.2884, test/loss=1.84862, test/num_examples=3003, total_duration=8248.37, train/accuracy=0.602434, train/bleu=26.8844, train/loss=2.04528, validation/accuracy=0.621437, validation/bleu=20.3896, validation/loss=1.88979, validation/num_examples=3000
I0305 21:31:33.276460 140309904176896 logging_writer.py:48] [12000] global_step=12000, grad_norm=0.29677286744117737, loss=2.1482837200164795
I0305 21:32:08.080098 140309895784192 logging_writer.py:48] [12100] global_step=12100, grad_norm=0.28448694944381714, loss=2.0201079845428467
I0305 21:32:42.977672 140309904176896 logging_writer.py:48] [12200] global_step=12200, grad_norm=0.36289793252944946, loss=2.0289146900177
I0305 21:33:17.931981 140309895784192 logging_writer.py:48] [12300] global_step=12300, grad_norm=0.2586056888103485, loss=1.9224661588668823
I0305 21:33:52.862446 140309904176896 logging_writer.py:48] [12400] global_step=12400, grad_norm=0.30139294266700745, loss=2.060215473175049
I0305 21:34:27.763611 140309895784192 logging_writer.py:48] [12500] global_step=12500, grad_norm=0.3151465654373169, loss=2.074122428894043
I0305 21:35:02.734421 140309904176896 logging_writer.py:48] [12600] global_step=12600, grad_norm=0.32814210653305054, loss=2.0019681453704834
I0305 21:35:37.718941 140309895784192 logging_writer.py:48] [12700] global_step=12700, grad_norm=0.2646549344062805, loss=2.052598714828491
I0305 21:36:12.704405 140309904176896 logging_writer.py:48] [12800] global_step=12800, grad_norm=0.2632348835468292, loss=1.9886301755905151
I0305 21:36:47.740783 140309895784192 logging_writer.py:48] [12900] global_step=12900, grad_norm=0.32191896438598633, loss=2.065380811691284
I0305 21:37:22.744577 140309904176896 logging_writer.py:48] [13000] global_step=13000, grad_norm=0.2571621835231781, loss=2.080430030822754
I0305 21:37:57.776642 140309895784192 logging_writer.py:48] [13100] global_step=13100, grad_norm=0.273946613073349, loss=1.9125888347625732
I0305 21:38:32.798409 140309904176896 logging_writer.py:48] [13200] global_step=13200, grad_norm=0.34271422028541565, loss=1.9243977069854736
I0305 21:39:07.844636 140309895784192 logging_writer.py:48] [13300] global_step=13300, grad_norm=0.2878621220588684, loss=2.0162267684936523
I0305 21:39:42.856229 140309904176896 logging_writer.py:48] [13400] global_step=13400, grad_norm=0.28577548265457153, loss=2.092724084854126
I0305 21:40:17.916553 140309895784192 logging_writer.py:48] [13500] global_step=13500, grad_norm=0.2889653444290161, loss=1.9723619222640991
I0305 21:40:52.957842 140309904176896 logging_writer.py:48] [13600] global_step=13600, grad_norm=0.3383883237838745, loss=1.987694501876831
I0305 21:41:28.010945 140309895784192 logging_writer.py:48] [13700] global_step=13700, grad_norm=0.2684532403945923, loss=1.9431058168411255
I0305 21:42:03.071208 140309904176896 logging_writer.py:48] [13800] global_step=13800, grad_norm=0.30293887853622437, loss=1.9358628988265991
I0305 21:42:38.113290 140309895784192 logging_writer.py:48] [13900] global_step=13900, grad_norm=0.3441818654537201, loss=2.012441635131836
I0305 21:43:13.155784 140309904176896 logging_writer.py:48] [14000] global_step=14000, grad_norm=0.2795453369617462, loss=2.048581838607788
I0305 21:43:48.169691 140309895784192 logging_writer.py:48] [14100] global_step=14100, grad_norm=0.2959672808647156, loss=2.0316555500030518
I0305 21:44:23.213396 140309904176896 logging_writer.py:48] [14200] global_step=14200, grad_norm=0.30219170451164246, loss=1.9428735971450806
I0305 21:44:58.235310 140309895784192 logging_writer.py:48] [14300] global_step=14300, grad_norm=0.2997819185256958, loss=1.9493292570114136
I0305 21:45:32.188485 140453607589056 spec.py:321] Evaluating on the training split.
I0305 21:45:34.843159 140453607589056 workload.py:181] Translating evaluation dataset.
I0305 21:48:14.398851 140453607589056 spec.py:333] Evaluating on the validation split.
I0305 21:48:17.045372 140453607589056 workload.py:181] Translating evaluation dataset.
I0305 21:50:53.444498 140453607589056 spec.py:349] Evaluating on the test split.
I0305 21:50:56.082672 140453607589056 workload.py:181] Translating evaluation dataset.
I0305 21:53:15.491805 140453607589056 submission_runner.py:469] Time since start: 9552.00s, 	Step: 14398, 	{'train/accuracy': 0.6180242896080017, 'train/loss': 1.9136333465576172, 'train/bleu': 29.784373826342563, 'validation/accuracy': 0.6335129737854004, 'validation/loss': 1.7956960201263428, 'validation/bleu': 26.62909590109143, 'validation/num_examples': 3000, 'test/accuracy': 0.6435291171073914, 'test/loss': 1.7406089305877686, 'test/bleu': 25.452898851722505, 'test/num_examples': 3003, 'score': 5066.742300987244, 'total_duration': 9551.995981693268, 'accumulated_submission_time': 5066.742300987244, 'accumulated_eval_time': 4484.199281215668, 'accumulated_logging_time': 0.1129755973815918}
I0305 21:53:15.502254 140309904176896 logging_writer.py:48] [14398] accumulated_eval_time=4484.2, accumulated_logging_time=0.112976, accumulated_submission_time=5066.74, global_step=14398, preemption_count=0, score=5066.74, test/accuracy=0.643529, test/bleu=25.4529, test/loss=1.74061, test/num_examples=3003, total_duration=9552, train/accuracy=0.618024, train/bleu=29.7844, train/loss=1.91363, validation/accuracy=0.633513, validation/bleu=26.6291, validation/loss=1.7957, validation/num_examples=3000
I0305 21:53:16.556590 140309895784192 logging_writer.py:48] [14400] global_step=14400, grad_norm=0.27807605266571045, loss=1.9707261323928833
I0305 21:53:51.486961 140309904176896 logging_writer.py:48] [14500] global_step=14500, grad_norm=0.4036170244216919, loss=1.9558080434799194
I0305 21:54:26.485616 140309895784192 logging_writer.py:48] [14600] global_step=14600, grad_norm=0.2689113914966583, loss=1.9878990650177002
I0305 21:55:01.513555 140309904176896 logging_writer.py:48] [14700] global_step=14700, grad_norm=0.30969128012657166, loss=1.9572527408599854
I0305 21:55:36.528484 140309895784192 logging_writer.py:48] [14800] global_step=14800, grad_norm=0.32858285307884216, loss=1.926430344581604
I0305 21:56:11.538100 140309904176896 logging_writer.py:48] [14900] global_step=14900, grad_norm=0.40215787291526794, loss=1.9235622882843018
I0305 21:56:46.543587 140309895784192 logging_writer.py:48] [15000] global_step=15000, grad_norm=0.3259570598602295, loss=1.8722294569015503
I0305 21:57:21.555172 140309904176896 logging_writer.py:48] [15100] global_step=15100, grad_norm=0.342316210269928, loss=1.9357110261917114
I0305 21:57:56.566218 140309895784192 logging_writer.py:48] [15200] global_step=15200, grad_norm=0.5000997185707092, loss=1.9784830808639526
I0305 21:58:31.564292 140309904176896 logging_writer.py:48] [15300] global_step=15300, grad_norm=0.3192403018474579, loss=1.9612016677856445
I0305 21:59:06.553479 140309895784192 logging_writer.py:48] [15400] global_step=15400, grad_norm=0.3006119132041931, loss=1.939974069595337
I0305 21:59:41.567007 140309904176896 logging_writer.py:48] [15500] global_step=15500, grad_norm=0.30047860741615295, loss=2.018590211868286
I0305 22:00:16.574565 140309895784192 logging_writer.py:48] [15600] global_step=15600, grad_norm=0.32692524790763855, loss=1.8147859573364258
I0305 22:00:51.622386 140309904176896 logging_writer.py:48] [15700] global_step=15700, grad_norm=0.29395222663879395, loss=1.9157569408416748
I0305 22:01:26.675907 140309895784192 logging_writer.py:48] [15800] global_step=15800, grad_norm=0.344092458486557, loss=1.9039385318756104
I0305 22:02:01.712306 140309904176896 logging_writer.py:48] [15900] global_step=15900, grad_norm=0.32259607315063477, loss=1.9814505577087402
I0305 22:02:36.748075 140309895784192 logging_writer.py:48] [16000] global_step=16000, grad_norm=0.342105895280838, loss=1.9323409795761108
I0305 22:03:11.798756 140309904176896 logging_writer.py:48] [16100] global_step=16100, grad_norm=0.37470996379852295, loss=1.9068855047225952
I0305 22:03:46.826752 140309895784192 logging_writer.py:48] [16200] global_step=16200, grad_norm=0.3022829294204712, loss=1.9070403575897217
I0305 22:04:21.869255 140309904176896 logging_writer.py:48] [16300] global_step=16300, grad_norm=0.3389415442943573, loss=1.8994486331939697
I0305 22:04:56.917549 140309895784192 logging_writer.py:48] [16400] global_step=16400, grad_norm=0.4494618773460388, loss=1.871086597442627
I0305 22:05:31.945247 140309904176896 logging_writer.py:48] [16500] global_step=16500, grad_norm=0.3206065595149994, loss=1.8882230520248413
I0305 22:06:06.975306 140309895784192 logging_writer.py:48] [16600] global_step=16600, grad_norm=0.3449822664260864, loss=1.908115267753601
I0305 22:06:41.983820 140309904176896 logging_writer.py:48] [16700] global_step=16700, grad_norm=0.4264320433139801, loss=1.9185688495635986
I0305 22:07:15.624018 140453607589056 spec.py:321] Evaluating on the training split.
I0305 22:07:18.279396 140453607589056 workload.py:181] Translating evaluation dataset.
I0305 22:10:09.315066 140453607589056 spec.py:333] Evaluating on the validation split.
I0305 22:10:11.958461 140453607589056 workload.py:181] Translating evaluation dataset.
I0305 22:12:40.750023 140453607589056 spec.py:349] Evaluating on the test split.
I0305 22:12:43.388519 140453607589056 workload.py:181] Translating evaluation dataset.
I0305 22:15:03.247279 140453607589056 submission_runner.py:469] Time since start: 10859.75s, 	Step: 16797, 	{'train/accuracy': 0.6221718788146973, 'train/loss': 1.8844703435897827, 'train/bleu': 30.573863066780767, 'validation/accuracy': 0.6428942084312439, 'validation/loss': 1.7411386966705322, 'validation/bleu': 27.16599045469385, 'validation/num_examples': 3000, 'test/accuracy': 0.6534005403518677, 'test/loss': 1.6806440353393555, 'test/bleu': 26.50965433659917, 'test/num_examples': 3003, 'score': 5906.7158052921295, 'total_duration': 10859.751459360123, 'accumulated_submission_time': 5906.7158052921295, 'accumulated_eval_time': 4951.822494506836, 'accumulated_logging_time': 0.13192129135131836}
I0305 22:15:03.259421 140309895784192 logging_writer.py:48] [16797] accumulated_eval_time=4951.82, accumulated_logging_time=0.131921, accumulated_submission_time=5906.72, global_step=16797, preemption_count=0, score=5906.72, test/accuracy=0.653401, test/bleu=26.5097, test/loss=1.68064, test/num_examples=3003, total_duration=10859.8, train/accuracy=0.622172, train/bleu=30.5739, train/loss=1.88447, validation/accuracy=0.642894, validation/bleu=27.166, validation/loss=1.74114, validation/num_examples=3000
I0305 22:15:04.670645 140309904176896 logging_writer.py:48] [16800] global_step=16800, grad_norm=0.3785392940044403, loss=1.9021633863449097
I0305 22:15:39.580993 140309895784192 logging_writer.py:48] [16900] global_step=16900, grad_norm=0.3513273596763611, loss=1.7994834184646606
I0305 22:16:14.542511 140309904176896 logging_writer.py:48] [17000] global_step=17000, grad_norm=0.3558410108089447, loss=1.990222454071045
I0305 22:16:49.551280 140309895784192 logging_writer.py:48] [17100] global_step=17100, grad_norm=0.34177348017692566, loss=1.9349812269210815
I0305 22:17:24.550548 140309904176896 logging_writer.py:48] [17200] global_step=17200, grad_norm=0.4147513806819916, loss=1.7980101108551025
I0305 22:17:59.581052 140309895784192 logging_writer.py:48] [17300] global_step=17300, grad_norm=0.333671897649765, loss=1.8187962770462036
I0305 22:18:34.618187 140309904176896 logging_writer.py:48] [17400] global_step=17400, grad_norm=0.336037814617157, loss=1.952890396118164
I0305 22:19:09.637792 140309895784192 logging_writer.py:48] [17500] global_step=17500, grad_norm=0.3864779770374298, loss=1.9389177560806274
I0305 22:19:44.644361 140309904176896 logging_writer.py:48] [17600] global_step=17600, grad_norm=0.34598615765571594, loss=1.8968753814697266
I0305 22:20:19.680137 140309895784192 logging_writer.py:48] [17700] global_step=17700, grad_norm=0.3240118622779846, loss=1.9012409448623657
I0305 22:20:54.700590 140309904176896 logging_writer.py:48] [17800] global_step=17800, grad_norm=0.3168855309486389, loss=1.8735861778259277
I0305 22:21:29.724969 140309895784192 logging_writer.py:48] [17900] global_step=17900, grad_norm=0.3351825773715973, loss=1.8055957555770874
I0305 22:22:04.752289 140309904176896 logging_writer.py:48] [18000] global_step=18000, grad_norm=0.3783789873123169, loss=1.898888349533081
I0305 22:22:39.801011 140309895784192 logging_writer.py:48] [18100] global_step=18100, grad_norm=0.36153116822242737, loss=1.9271278381347656
I0305 22:23:14.826681 140309904176896 logging_writer.py:48] [18200] global_step=18200, grad_norm=0.40872621536254883, loss=1.9025436639785767
I0305 22:23:49.861693 140309895784192 logging_writer.py:48] [18300] global_step=18300, grad_norm=0.48258697986602783, loss=1.7641053199768066
I0305 22:24:24.878969 140309904176896 logging_writer.py:48] [18400] global_step=18400, grad_norm=0.41998714208602905, loss=1.924167275428772
I0305 22:24:59.908827 140309895784192 logging_writer.py:48] [18500] global_step=18500, grad_norm=0.34146416187286377, loss=1.8823436498641968
I0305 22:25:34.909571 140309904176896 logging_writer.py:48] [18600] global_step=18600, grad_norm=0.3464573621749878, loss=1.8888086080551147
I0305 22:26:09.907353 140309895784192 logging_writer.py:48] [18700] global_step=18700, grad_norm=0.32876014709472656, loss=1.8645505905151367
I0305 22:26:44.866949 140309904176896 logging_writer.py:48] [18800] global_step=18800, grad_norm=0.3609238862991333, loss=1.8895798921585083
I0305 22:27:20.059458 140309895784192 logging_writer.py:48] [18900] global_step=18900, grad_norm=0.3280298411846161, loss=1.8289722204208374
I0305 22:27:55.158474 140309904176896 logging_writer.py:48] [19000] global_step=19000, grad_norm=0.46970972418785095, loss=1.9066596031188965
I0305 22:28:30.232052 140309895784192 logging_writer.py:48] [19100] global_step=19100, grad_norm=0.32609033584594727, loss=1.8678117990493774
I0305 22:29:03.562939 140453607589056 spec.py:321] Evaluating on the training split.
I0305 22:29:06.223043 140453607589056 workload.py:181] Translating evaluation dataset.
I0305 22:32:33.069753 140453607589056 spec.py:333] Evaluating on the validation split.
I0305 22:32:35.711944 140453607589056 workload.py:181] Translating evaluation dataset.
I0305 22:35:26.001180 140453607589056 spec.py:349] Evaluating on the test split.
I0305 22:35:28.648706 140453607589056 workload.py:181] Translating evaluation dataset.
I0305 22:38:32.718520 140453607589056 submission_runner.py:469] Time since start: 12269.22s, 	Step: 19196, 	{'train/accuracy': 0.640593409538269, 'train/loss': 1.7329225540161133, 'train/bleu': 31.25223549350145, 'validation/accuracy': 0.6465528011322021, 'validation/loss': 1.7002032995224, 'validation/bleu': 27.56459137683218, 'validation/num_examples': 3000, 'test/accuracy': 0.6564245223999023, 'test/loss': 1.6423343420028687, 'test/bleu': 26.7979640584824, 'test/num_examples': 3003, 'score': 6746.866229534149, 'total_duration': 12269.222694158554, 'accumulated_submission_time': 6746.866229534149, 'accumulated_eval_time': 5520.978021621704, 'accumulated_logging_time': 0.15406394004821777}
I0305 22:38:32.730442 140309904176896 logging_writer.py:48] [19196] accumulated_eval_time=5520.98, accumulated_logging_time=0.154064, accumulated_submission_time=6746.87, global_step=19196, preemption_count=0, score=6746.87, test/accuracy=0.656425, test/bleu=26.798, test/loss=1.64233, test/num_examples=3003, total_duration=12269.2, train/accuracy=0.640593, train/bleu=31.2522, train/loss=1.73292, validation/accuracy=0.646553, validation/bleu=27.5646, validation/loss=1.7002, validation/num_examples=3000
I0305 22:38:34.495330 140309895784192 logging_writer.py:48] [19200] global_step=19200, grad_norm=0.3592424988746643, loss=1.8131022453308105
I0305 22:39:09.514712 140309904176896 logging_writer.py:48] [19300] global_step=19300, grad_norm=0.3625510036945343, loss=1.85903799533844
I0305 22:39:44.612729 140309895784192 logging_writer.py:48] [19400] global_step=19400, grad_norm=0.4408659040927887, loss=1.8398306369781494
I0305 22:40:19.750650 140309904176896 logging_writer.py:48] [19500] global_step=19500, grad_norm=0.36826616525650024, loss=1.808781623840332
I0305 22:40:54.899620 140309895784192 logging_writer.py:48] [19600] global_step=19600, grad_norm=0.34353819489479065, loss=1.8365999460220337
I0305 22:41:30.089834 140309904176896 logging_writer.py:48] [19700] global_step=19700, grad_norm=0.35536307096481323, loss=1.880391240119934
I0305 22:42:05.207535 140309895784192 logging_writer.py:48] [19800] global_step=19800, grad_norm=0.3778284192085266, loss=1.885114073753357
I0305 22:42:40.292467 140309904176896 logging_writer.py:48] [19900] global_step=19900, grad_norm=0.5655812621116638, loss=4.009682655334473
I0305 22:43:15.399657 140309895784192 logging_writer.py:48] [20000] global_step=20000, grad_norm=4.207786560058594, loss=3.429126501083374
I0305 22:43:50.523168 140309904176896 logging_writer.py:48] [20100] global_step=20100, grad_norm=0.4973759949207306, loss=1.9920871257781982
I0305 22:44:25.615207 140309895784192 logging_writer.py:48] [20200] global_step=20200, grad_norm=0.5371053814888, loss=1.9644496440887451
I0305 22:45:00.730080 140309904176896 logging_writer.py:48] [20300] global_step=20300, grad_norm=0.4272021949291229, loss=1.8793681859970093
I0305 22:45:35.840610 140309895784192 logging_writer.py:48] [20400] global_step=20400, grad_norm=0.4043349623680115, loss=1.9376953840255737
