python submission_runner.py --framework=jax --workload=imagenet_resnet --submission_path=submissions_algorithms/submissions/self_tuning/single_worker_dilocov2/submission.py --data_dir=/data/imagenet/jax --experiment_dir=/experiment_runs --experiment_name=submissions_a100/single_worker_dilocov2/study_2 --overwrite=True --save_checkpoints=False --rng_seed=95292354 --imagenet_v2_data_dir=/data/imagenet/jax --tuning_ruleset=self 2>&1 | tee -a /logs/imagenet_resnet_jax_06-16-2026-14-41-20.log
2026-06-16 14:41:35.854282: E external/local_xla/xla/stream_executor/cuda/cuda_fft.cc:467] Unable to register cuFFT factory: Attempting to register factory for plugin cuFFT when one has already been registered
WARNING: All log messages before absl::InitializeLog() is called are written to STDERR
E0000 00:00:1781620896.614521       9 cuda_dnn.cc:8579] Unable to register cuDNN factory: Attempting to register factory for plugin cuDNN when one has already been registered
E0000 00:00:1781620896.775389       9 cuda_blas.cc:1407] Unable to register cuBLAS factory: Attempting to register factory for plugin cuBLAS when one has already been registered
W0000 00:00:1781620898.927570       9 computation_placer.cc:177] computation placer already registered. Please check linkage and avoid linking the same target more than once.
W0000 00:00:1781620898.927617       9 computation_placer.cc:177] computation placer already registered. Please check linkage and avoid linking the same target more than once.
W0000 00:00:1781620898.927620       9 computation_placer.cc:177] computation placer already registered. Please check linkage and avoid linking the same target more than once.
W0000 00:00:1781620898.927622       9 computation_placer.cc:177] computation placer already registered. Please check linkage and avoid linking the same target more than once.
/usr/local/lib/python3.11/site-packages/torch/__init__.py:1617: UserWarning: Please use the new API settings to control TF32 behavior, such as torch.backends.cudnn.conv.fp32_precision = 'tf32' or torch.backends.cuda.matmul.fp32_precision = 'ieee'. Old settings, e.g, torch.backends.cuda.matmul.allow_tf32 = True, torch.backends.cudnn.allow_tf32 = True, allowTF32CuDNN() and allowTF32CuBLAS() will be deprecated after Pytorch 2.9. Please see https://pytorch.org/docs/main/notes/cuda.html#tensorfloat-32-tf32-on-ampere-and-later-devices (Triggered internally at /pytorch/aten/src/ATen/Context.cpp:80.)
  _C._set_float32_matmul_precision(precision)
/usr/local/lib/python3.11/site-packages/pydantic/_internal/_generate_schema.py:2249: UnsupportedFieldAttributeWarning: The 'repr' attribute with value False was provided to the `Field()` function, which has no effect in the context it was used. 'repr' is field-specific metadata, and can only be attached to a model field using `Annotated` metadata or by assignment. This may have happened because an `Annotated` type alias using the `type` statement was used, or if the `Field()` function was attached to a single member of a union type.
  warnings.warn(
/usr/local/lib/python3.11/site-packages/pydantic/_internal/_generate_schema.py:2249: UnsupportedFieldAttributeWarning: The 'frozen' attribute with value True was provided to the `Field()` function, which has no effect in the context it was used. 'frozen' is field-specific metadata, and can only be attached to a model field using `Annotated` metadata or by assignment. This may have happened because an `Annotated` type alias using the `type` statement was used, or if the `Field()` function was attached to a single member of a union type.
  warnings.warn(
INFO:2026-06-16 14:42:34,349:jax._src.xla_bridge:830: Unable to initialize backend 'tpu': INTERNAL: Failed to open libtpu.so: libtpu.so: cannot open shared object file: No such file or directory
I0616 14:42:34.349866 140083437683904 xla_bridge.py:830] Unable to initialize backend 'tpu': INTERNAL: Failed to open libtpu.so: libtpu.so: cannot open shared object file: No such file or directory
I0616 14:42:35.274175 140083437683904 logger_utils.py:84] Creating experiment directory at /experiment_runs/submissions_a100/single_worker_dilocov2/study_2/imagenet_resnet_jax.
I0616 14:42:39.690089 140083437683904 submission_runner.py:741] Creating directory at /experiment_runs/submissions_a100/single_worker_dilocov2/study_2/imagenet_resnet_jax/trial_1.
I0616 14:42:40.378638 140083437683904 submission_runner.py:242] Initializing dataset.
I0616 14:42:41.702580 140083437683904 dataset_info.py:707] Load dataset info from /data/imagenet/jax/imagenet2012/5.1.0
I0616 14:42:41.772324 140083437683904 dataset_info.py:793] For 'imagenet2012/5.1.0': fields info.[splits, supervised_keys] differ on disk and in the code. Keeping the one from code.
I0616 14:42:42.100718 140083437683904 reader.py:262] Creating a tf.data.Dataset reading 1024 files located in folders: /data/imagenet/jax/imagenet2012/5.1.0.
I0616 14:42:42.397238 140083437683904 logging_logger.py:49] Constructing tf.data.Dataset imagenet2012 for split train, from /data/imagenet/jax/imagenet2012/5.1.0
I0616 14:42:44.261380 140083437683904 submission_runner.py:251] Initializing model.
I0616 14:43:09.914700 140083437683904 submission_runner.py:294] Initializing optimizer.
I0616 14:43:11.428106 140083437683904 submission_runner.py:299] Initializing metrics bundle.
I0616 14:43:11.428409 140083437683904 submission_runner.py:321] Initializing checkpoint and logger.
I0616 14:43:11.431900 140083437683904 checkpoints.py:1098] Found no checkpoint files in /experiment_runs/submissions_a100/single_worker_dilocov2/study_2/imagenet_resnet_jax/trial_1 with prefix checkpoint_
I0616 14:43:11.432042 140083437683904 submission_runner.py:344] Saving meta data to /experiment_runs/submissions_a100/single_worker_dilocov2/study_2/imagenet_resnet_jax/trial_1/meta_data_0.json.
I0616 14:43:11.779537 140083437683904 submission_runner.py:348] Saving flags to /experiment_runs/submissions_a100/single_worker_dilocov2/study_2/imagenet_resnet_jax/trial_1/flags_0.json.
I0616 14:43:11.794589 140083437683904 submission_runner.py:359] Starting training loop.
I0616 14:44:13.047664 140083437683904 spec.py:333] Evaluating on the training split.
I0616 14:44:13.359338 140083437683904 dataset_info.py:707] Load dataset info from /data/imagenet/jax/imagenet2012/5.1.0
I0616 14:44:13.365062 140083437683904 dataset_info.py:793] For 'imagenet2012/5.1.0': fields info.[splits, supervised_keys] differ on disk and in the code. Keeping the one from code.
I0616 14:44:13.384040 140083437683904 reader.py:262] Creating a tf.data.Dataset reading 1024 files located in folders: /data/imagenet/jax/imagenet2012/5.1.0.
I0616 14:44:13.431190 140083437683904 logging_logger.py:49] Constructing tf.data.Dataset imagenet2012 for split train, from /data/imagenet/jax/imagenet2012/5.1.0
I0616 14:44:43.335028 140083437683904 spec.py:346] Evaluating on the validation split.
I0616 14:44:43.339689 140083437683904 dataset_info.py:707] Load dataset info from /data/imagenet/jax/imagenet2012/5.1.0
I0616 14:44:43.345495 140083437683904 dataset_info.py:793] For 'imagenet2012/5.1.0': fields info.[splits, supervised_keys] differ on disk and in the code. Keeping the one from code.
I0616 14:44:43.348381 140083437683904 reader.py:262] Creating a tf.data.Dataset reading 64 files located in folders: /data/imagenet/jax/imagenet2012/5.1.0.
I0616 14:44:43.388813 140083437683904 logging_logger.py:49] Constructing tf.data.Dataset imagenet2012 for split validation, from /data/imagenet/jax/imagenet2012/5.1.0
I0616 14:45:23.150372 140083437683904 spec.py:363] Evaluating on the test split.
I0616 14:45:23.236689 140083437683904 dataset_info.py:707] Load dataset info from /data/imagenet/jax/imagenet_v2/matched-frequency/3.0.0
I0616 14:45:23.311923 140083437683904 reader.py:262] Creating a tf.data.Dataset reading 16 files located in folders: /data/imagenet/jax/imagenet_v2/matched-frequency/3.0.0.
I0616 14:45:23.355179 140083437683904 logging_logger.py:49] Constructing tf.data.Dataset imagenet_v2 for split test, from /data/imagenet/jax/imagenet_v2/matched-frequency/3.0.0
I0616 14:45:33.524031 140083437683904 submission_runner.py:516] Time since start: 141.73s, 	Step: 1, 	{'train/accuracy': Array(0.00105628, dtype=float32), 'train/loss': Array(6.913051, dtype=float32), 'validation/accuracy': Array(0.00126, dtype=float32), 'validation/loss': Array(6.9131417, dtype=float32), 'validation/num_examples': 50000, 'test/accuracy': Array(0.0014, dtype=float32), 'test/loss': Array(6.9127994, dtype=float32), 'test/num_examples': 10000, 'score': 61.25292730331421, 'total_duration': 141.72770142555237, 'accumulated_submission_time': 61.25292730331421, 'accumulated_eval_time': 80.47464275360107, 'accumulated_logging_time': 0}
I0616 14:45:33.667602 139868931864320 logging_writer.py:48] [1] accumulated_eval_time=80.4746, accumulated_logging_time=0, accumulated_submission_time=61.2529, global_step=1, preemption_count=0, score=61.2529, test/accuracy=0.0014000000664964318, test/loss=6.91279935836792, test/num_examples=10000, total_duration=141.728, train/accuracy=0.0010562818497419357, train/loss=6.913051128387451, validation/accuracy=0.0012599999317899346, validation/loss=6.91314172744751, validation/num_examples=50000
I0616 15:18:49.958366 140083437683904 spec.py:333] Evaluating on the training split.
I0616 15:19:03.989318 140083437683904 spec.py:346] Evaluating on the validation split.
I0616 15:19:31.233963 140083437683904 spec.py:363] Evaluating on the test split.
I0616 15:19:32.155181 140083437683904 submission_runner.py:516] Time since start: 2180.36s, 	Step: 5793, 	{'train/accuracy': Array(0.5172991, dtype=float32), 'train/loss': Array(2.0581644, dtype=float32), 'validation/accuracy': Array(0.48382, dtype=float32), 'validation/loss': Array(2.2513285, dtype=float32), 'validation/num_examples': 50000, 'test/accuracy': Array(0.36560002, dtype=float32), 'test/loss': Array(2.954079, dtype=float32), 'test/num_examples': 10000, 'score': 2057.2855401039124, 'total_duration': 2180.3589346408844, 'accumulated_submission_time': 2057.2855401039124, 'accumulated_eval_time': 122.6698670387268, 'accumulated_logging_time': 0.3285839557647705}
I0616 15:19:32.210387 139868940257024 logging_writer.py:48] [5793] accumulated_eval_time=122.67, accumulated_logging_time=0.328584, accumulated_submission_time=2057.29, global_step=5793, preemption_count=0, score=2057.29, test/accuracy=0.36560001969337463, test/loss=2.9540789127349854, test/num_examples=10000, total_duration=2180.36, train/accuracy=0.5172991156578064, train/loss=2.058164358139038, validation/accuracy=0.48381999135017395, validation/loss=2.251328468322754, validation/num_examples=50000
I0616 15:52:48.577801 140083437683904 spec.py:333] Evaluating on the training split.
I0616 15:53:03.562075 140083437683904 spec.py:346] Evaluating on the validation split.
I0616 15:53:17.239111 140083437683904 spec.py:363] Evaluating on the test split.
I0616 15:53:18.135581 140083437683904 submission_runner.py:516] Time since start: 4206.34s, 	Step: 13578, 	{'train/accuracy': Array(0.6212532, dtype=float32), 'train/loss': Array(1.5585474, dtype=float32), 'validation/accuracy': Array(0.5787, dtype=float32), 'validation/loss': Array(1.7662083, dtype=float32), 'validation/num_examples': 50000, 'test/accuracy': Array(0.45650002, dtype=float32), 'test/loss': Array(2.4894083, dtype=float32), 'test/num_examples': 10000, 'score': 4053.5674080848694, 'total_duration': 4206.338942289352, 'accumulated_submission_time': 4053.5674080848694, 'accumulated_eval_time': 152.22560334205627, 'accumulated_logging_time': 0.3921957015991211}
I0616 15:53:18.163948 139868948649728 logging_writer.py:48] [13578] accumulated_eval_time=152.226, accumulated_logging_time=0.392196, accumulated_submission_time=4053.57, global_step=13578, preemption_count=0, score=4053.57, test/accuracy=0.45650002360343933, test/loss=2.489408254623413, test/num_examples=10000, total_duration=4206.34, train/accuracy=0.6212531924247742, train/loss=1.5585473775863647, validation/accuracy=0.5787000060081482, validation/loss=1.766208291053772, validation/num_examples=50000
I0616 16:26:34.390464 140083437683904 spec.py:333] Evaluating on the training split.
I0616 16:26:48.377094 140083437683904 spec.py:346] Evaluating on the validation split.
I0616 16:27:20.414610 140083437683904 spec.py:363] Evaluating on the test split.
I0616 16:27:21.310882 140083437683904 submission_runner.py:516] Time since start: 6249.51s, 	Step: 21356, 	{'train/accuracy': Array(0.563058, dtype=float32), 'train/loss': Array(1.8366671, dtype=float32), 'validation/accuracy': Array(0.52628, dtype=float32), 'validation/loss': Array(2.0259647, dtype=float32), 'validation/num_examples': 50000, 'test/accuracy': Array(0.4169, dtype=float32), 'test/loss': Array(2.742082, dtype=float32), 'test/num_examples': 10000, 'score': 6049.694409132004, 'total_duration': 6249.514253377914, 'accumulated_submission_time': 6049.694409132004, 'accumulated_eval_time': 199.14398765563965, 'accumulated_logging_time': 0.4419732093811035}
I0616 16:27:21.334757 139868940257024 logging_writer.py:48] [21356] accumulated_eval_time=199.144, accumulated_logging_time=0.441973, accumulated_submission_time=6049.69, global_step=21356, preemption_count=0, score=6049.69, test/accuracy=0.41690000891685486, test/loss=2.742082118988037, test/num_examples=10000, total_duration=6249.51, train/accuracy=0.5630580186843872, train/loss=1.8366670608520508, validation/accuracy=0.5262799859046936, validation/loss=2.0259647369384766, validation/num_examples=50000
I0616 17:00:37.646961 140083437683904 spec.py:333] Evaluating on the training split.
I0616 17:00:52.215482 140083437683904 spec.py:346] Evaluating on the validation split.
I0616 17:01:21.068985 140083437683904 spec.py:363] Evaluating on the test split.
I0616 17:01:22.079496 140083437683904 submission_runner.py:516] Time since start: 8290.28s, 	Step: 29138, 	{'train/accuracy': Array(0.59444755, dtype=float32), 'train/loss': Array(1.6668764, dtype=float32), 'validation/accuracy': Array(0.5356, dtype=float32), 'validation/loss': Array(1.9959089, dtype=float32), 'validation/num_examples': 50000, 'test/accuracy': Array(0.42360002, dtype=float32), 'test/loss': Array(2.688011, dtype=float32), 'test/num_examples': 10000, 'score': 8045.922420978546, 'total_duration': 8290.282505750656, 'accumulated_submission_time': 8045.922420978546, 'accumulated_eval_time': 243.57412695884705, 'accumulated_logging_time': 0.4743180274963379}
I0616 17:01:22.111832 139868948649728 logging_writer.py:48] [29138] accumulated_eval_time=243.574, accumulated_logging_time=0.474318, accumulated_submission_time=8045.92, global_step=29138, preemption_count=0, score=8045.92, test/accuracy=0.4236000180244446, test/loss=2.6880109310150146, test/num_examples=10000, total_duration=8290.28, train/accuracy=0.5944475531578064, train/loss=1.6668764352798462, validation/accuracy=0.5356000065803528, validation/loss=1.9959088563919067, validation/num_examples=50000
I0616 17:34:38.322955 140083437683904 spec.py:333] Evaluating on the training split.
I0616 17:34:51.482350 140083437683904 spec.py:346] Evaluating on the validation split.
I0616 17:35:21.239351 140083437683904 spec.py:363] Evaluating on the test split.
I0616 17:35:22.134737 140083437683904 submission_runner.py:516] Time since start: 10330.34s, 	Step: 36905, 	{'train/accuracy': Array(0.68568635, dtype=float32), 'train/loss': Array(1.2529733, dtype=float32), 'validation/accuracy': Array(0.61954, dtype=float32), 'validation/loss': Array(1.5593622, dtype=float32), 'validation/num_examples': 50000, 'test/accuracy': Array(0.4832, dtype=float32), 'test/loss': Array(2.2966757, dtype=float32), 'test/num_examples': 10000, 'score': 10042.023494243622, 'total_duration': 10330.338160991669, 'accumulated_submission_time': 10042.023494243622, 'accumulated_eval_time': 287.38392758369446, 'accumulated_logging_time': 0.5383725166320801}
I0616 17:35:22.157052 139868940257024 logging_writer.py:48] [36905] accumulated_eval_time=287.384, accumulated_logging_time=0.538373, accumulated_submission_time=10042, global_step=36905, preemption_count=0, score=10042, test/accuracy=0.4832000136375427, test/loss=2.296675682067871, test/num_examples=10000, total_duration=10330.3, train/accuracy=0.6856863498687744, train/loss=1.2529733180999756, validation/accuracy=0.6195399761199951, validation/loss=1.5593621730804443, validation/num_examples=50000
I0616 18:08:38.605886 140083437683904 spec.py:333] Evaluating on the training split.
I0616 18:08:50.769185 140083437683904 spec.py:346] Evaluating on the validation split.
I0616 18:09:30.725281 140083437683904 spec.py:363] Evaluating on the test split.
I0616 18:09:31.615450 140083437683904 submission_runner.py:516] Time since start: 12379.82s, 	Step: 44679, 	{'train/accuracy': Array(0.51871413, dtype=float32), 'train/loss': Array(2.0937343, dtype=float32), 'validation/accuracy': Array(0.48106, dtype=float32), 'validation/loss': Array(2.321015, dtype=float32), 'validation/num_examples': 50000, 'test/accuracy': Array(0.3695, dtype=float32), 'test/loss': Array(3.0902143, dtype=float32), 'test/num_examples': 10000, 'score': 12038.386762142181, 'total_duration': 12379.81907248497, 'accumulated_submission_time': 12038.386762142181, 'accumulated_eval_time': 340.3917155265808, 'accumulated_logging_time': 0.5693569183349609}
I0616 18:09:31.637804 139868948649728 logging_writer.py:48] [44679] accumulated_eval_time=340.392, accumulated_logging_time=0.569357, accumulated_submission_time=12038.4, global_step=44679, preemption_count=0, score=12038.4, test/accuracy=0.3695000112056732, test/loss=3.090214252471924, test/num_examples=10000, total_duration=12379.8, train/accuracy=0.5187141299247742, train/loss=2.0937342643737793, validation/accuracy=0.4810599982738495, validation/loss=2.321014881134033, validation/num_examples=50000
I0616 18:42:48.022551 140083437683904 spec.py:333] Evaluating on the training split.
I0616 18:43:01.116816 140083437683904 spec.py:346] Evaluating on the validation split.
I0616 18:43:33.867218 140083437683904 spec.py:363] Evaluating on the test split.
I0616 18:43:34.760902 140083437683904 submission_runner.py:516] Time since start: 14422.96s, 	Step: 52458, 	{'train/accuracy': Array(0.6456473, dtype=float32), 'train/loss': Array(1.4266436, dtype=float32), 'validation/accuracy': Array(0.59674, dtype=float32), 'validation/loss': Array(1.677738, dtype=float32), 'validation/num_examples': 50000, 'test/accuracy': Array(0.47140002, dtype=float32), 'test/loss': Array(2.4209309, dtype=float32), 'test/num_examples': 10000, 'score': 14034.686081886292, 'total_duration': 14422.964616298676, 'accumulated_submission_time': 14034.686081886292, 'accumulated_eval_time': 387.1283769607544, 'accumulated_logging_time': 0.6004023551940918}
I0616 18:43:34.784335 139868940257024 logging_writer.py:48] [52458] accumulated_eval_time=387.128, accumulated_logging_time=0.600402, accumulated_submission_time=14034.7, global_step=52458, preemption_count=0, score=14034.7, test/accuracy=0.47140002250671387, test/loss=2.420930862426758, test/num_examples=10000, total_duration=14423, train/accuracy=0.6456472873687744, train/loss=1.4266436100006104, validation/accuracy=0.5967400074005127, validation/loss=1.6777379512786865, validation/num_examples=50000
I0616 19:16:51.023211 140083437683904 spec.py:333] Evaluating on the training split.
I0616 19:17:04.594521 140083437683904 spec.py:346] Evaluating on the validation split.
I0616 19:17:40.849975 140083437683904 spec.py:363] Evaluating on the test split.
I0616 19:17:41.744691 140083437683904 submission_runner.py:516] Time since start: 16469.95s, 	Step: 60240, 	{'train/accuracy': Array(0.69308037, dtype=float32), 'train/loss': Array(1.2241509, dtype=float32), 'validation/accuracy': Array(0.64662, dtype=float32), 'validation/loss': Array(1.447953, dtype=float32), 'validation/num_examples': 50000, 'test/accuracy': Array(0.51960003, dtype=float32), 'test/loss': Array(2.135416, dtype=float32), 'test/num_examples': 10000, 'score': 16030.840265512466, 'total_duration': 16469.948145627975, 'accumulated_submission_time': 16030.840265512466, 'accumulated_eval_time': 437.84790778160095, 'accumulated_logging_time': 0.6323668956756592}
I0616 19:17:41.766171 139868948649728 logging_writer.py:48] [60240] accumulated_eval_time=437.848, accumulated_logging_time=0.632367, accumulated_submission_time=16030.8, global_step=60240, preemption_count=0, score=16030.8, test/accuracy=0.5196000337600708, test/loss=2.135416030883789, test/num_examples=10000, total_duration=16469.9, train/accuracy=0.6930803656578064, train/loss=1.2241508960723877, validation/accuracy=0.646619975566864, validation/loss=1.4479529857635498, validation/num_examples=50000
I0616 19:50:58.243314 140083437683904 spec.py:333] Evaluating on the training split.
I0616 19:51:11.585906 140083437683904 spec.py:346] Evaluating on the validation split.
I0616 19:52:00.485485 140083437683904 spec.py:363] Evaluating on the test split.
I0616 19:52:01.383805 140083437683904 submission_runner.py:516] Time since start: 18529.58s, 	Step: 67990, 	{'train/accuracy': Array(0.5983737, dtype=float32), 'train/loss': Array(1.6794939, dtype=float32), 'validation/accuracy': Array(0.55605996, dtype=float32), 'validation/loss': Array(1.8830854, dtype=float32), 'validation/num_examples': 50000, 'test/accuracy': Array(0.43510002, dtype=float32), 'test/loss': Array(2.6170993, dtype=float32), 'test/num_examples': 10000, 'score': 18027.228652238846, 'total_duration': 18529.582849502563, 'accumulated_submission_time': 18027.228652238846, 'accumulated_eval_time': 500.98206877708435, 'accumulated_logging_time': 0.6623601913452148}
I0616 19:52:01.461321 139868940257024 logging_writer.py:48] [67990] accumulated_eval_time=500.982, accumulated_logging_time=0.66236, accumulated_submission_time=18027.2, global_step=67990, preemption_count=0, score=18027.2, test/accuracy=0.4351000189781189, test/loss=2.6170992851257324, test/num_examples=10000, total_duration=18529.6, train/accuracy=0.5983737111091614, train/loss=1.6794939041137695, validation/accuracy=0.5560599565505981, validation/loss=1.8830853700637817, validation/num_examples=50000
I0616 20:25:17.704020 140083437683904 spec.py:333] Evaluating on the training split.
I0616 20:25:29.964323 140083437683904 spec.py:346] Evaluating on the validation split.
I0616 20:26:15.409126 140083437683904 spec.py:363] Evaluating on the test split.
I0616 20:26:16.297481 140083437683904 submission_runner.py:516] Time since start: 20584.50s, 	Step: 75763, 	{'train/accuracy': Array(0.74324375, dtype=float32), 'train/loss': Array(1.0058413, dtype=float32), 'validation/accuracy': Array(0.65906, dtype=float32), 'validation/loss': Array(1.3821906, dtype=float32), 'validation/num_examples': 50000, 'test/accuracy': Array(0.5285, dtype=float32), 'test/loss': Array(2.0766494, dtype=float32), 'test/num_examples': 10000, 'score': 20023.342441082, 'total_duration': 20584.50085926056, 'accumulated_submission_time': 20023.342441082, 'accumulated_eval_time': 559.5735006332397, 'accumulated_logging_time': 0.7905421257019043}
I0616 20:26:16.320480 139868948649728 logging_writer.py:48] [75763] accumulated_eval_time=559.574, accumulated_logging_time=0.790542, accumulated_submission_time=20023.3, global_step=75763, preemption_count=0, score=20023.3, test/accuracy=0.5285000205039978, test/loss=2.0766494274139404, test/num_examples=10000, total_duration=20584.5, train/accuracy=0.7432437539100647, train/loss=1.0058412551879883, validation/accuracy=0.659060001373291, validation/loss=1.3821905851364136, validation/num_examples=50000
I0616 20:59:32.718790 140083437683904 spec.py:333] Evaluating on the training split.
I0616 20:59:44.348893 140083437683904 spec.py:346] Evaluating on the validation split.
I0616 21:00:47.547213 140083437683904 spec.py:363] Evaluating on the test split.
I0616 21:00:48.449565 140083437683904 submission_runner.py:516] Time since start: 22656.65s, 	Step: 83484, 	{'train/accuracy': Array(0.7347337, dtype=float32), 'train/loss': Array(1.0279865, dtype=float32), 'validation/accuracy': Array(0.6648, dtype=float32), 'validation/loss': Array(1.3572761, dtype=float32), 'validation/num_examples': 50000, 'test/accuracy': Array(0.54160005, dtype=float32), 'test/loss': Array(2.03394, dtype=float32), 'test/num_examples': 10000, 'score': 22019.64204478264, 'total_duration': 22656.653002500534, 'accumulated_submission_time': 22019.64204478264, 'accumulated_eval_time': 635.3023066520691, 'accumulated_logging_time': 0.8220565319061279}
I0616 21:00:48.471250 139868940257024 logging_writer.py:48] [83484] accumulated_eval_time=635.302, accumulated_logging_time=0.822057, accumulated_submission_time=22019.6, global_step=83484, preemption_count=0, score=22019.6, test/accuracy=0.5416000485420227, test/loss=2.033940076828003, test/num_examples=10000, total_duration=22656.7, train/accuracy=0.7347337007522583, train/loss=1.0279865264892578, validation/accuracy=0.6647999882698059, validation/loss=1.3572760820388794, validation/num_examples=50000
2026-06-16 21:29:04.979768: W tensorflow/core/kernels/data/prefetch_autotuner.cc:52] Prefetch autotuner tried to allocate 91453 bytes after encountering the first element of size 91453 bytes.This already causes the autotune ram budget to be exceeded. To stay within the ram budget, either increase the ram budget or reduce element size
I0616 21:34:04.704462 140083437683904 spec.py:333] Evaluating on the training split.
I0616 21:34:17.718786 140083437683904 spec.py:346] Evaluating on the validation split.
I0616 21:35:05.268675 140083437683904 spec.py:363] Evaluating on the test split.
I0616 21:35:06.163745 140083437683904 submission_runner.py:516] Time since start: 24714.37s, 	Step: 91210, 	{'train/accuracy': Array(0.74150985, dtype=float32), 'train/loss': Array(1.0078794, dtype=float32), 'validation/accuracy': Array(0.67412, dtype=float32), 'validation/loss': Array(1.3155652, dtype=float32), 'validation/num_examples': 50000, 'test/accuracy': Array(0.5529, dtype=float32), 'test/loss': Array(1.99715, dtype=float32), 'test/num_examples': 10000, 'score': 24015.7720413208, 'total_duration': 24714.36684513092, 'accumulated_submission_time': 24015.7720413208, 'accumulated_eval_time': 696.7592842578888, 'accumulated_logging_time': 0.8523156642913818}
I0616 21:35:06.188585 139868948649728 logging_writer.py:48] [91210] accumulated_eval_time=696.759, accumulated_logging_time=0.852316, accumulated_submission_time=24015.8, global_step=91210, preemption_count=0, score=24015.8, test/accuracy=0.5529000163078308, test/loss=1.99714994430542, test/num_examples=10000, total_duration=24714.4, train/accuracy=0.7415098547935486, train/loss=1.007879376411438, validation/accuracy=0.6741200089454651, validation/loss=1.3155652284622192, validation/num_examples=50000
2026-06-16 21:57:10.132507: W tensorflow/core/kernels/data/prefetch_autotuner.cc:52] Prefetch autotuner tried to allocate 91453 bytes after encountering the first element of size 91453 bytes.This already causes the autotune ram budget to be exceeded. To stay within the ram budget, either increase the ram budget or reduce element size
2026-06-16 22:02:34.187699: W tensorflow/core/kernels/data/prefetch_autotuner.cc:52] Prefetch autotuner tried to allocate 91453 bytes after encountering the first element of size 91453 bytes.This already causes the autotune ram budget to be exceeded. To stay within the ram budget, either increase the ram budget or reduce element size
2026-06-16 22:07:57.227012: W tensorflow/core/kernels/data/prefetch_autotuner.cc:52] Prefetch autotuner tried to allocate 91453 bytes after encountering the first element of size 91453 bytes.This already causes the autotune ram budget to be exceeded. To stay within the ram budget, either increase the ram budget or reduce element size
I0616 22:08:22.445736 140083437683904 spec.py:333] Evaluating on the training split.
I0616 22:08:32.369249 140083437683904 spec.py:346] Evaluating on the validation split.
I0616 22:09:15.725543 140083437683904 spec.py:363] Evaluating on the test split.
I0616 22:09:16.626542 140083437683904 submission_runner.py:516] Time since start: 26764.83s, 	Step: 98909, 	{'train/accuracy': Array(0.6223493, dtype=float32), 'train/loss': Array(1.5385503, dtype=float32), 'validation/accuracy': Array(0.56384, dtype=float32), 'validation/loss': Array(1.8851907, dtype=float32), 'validation/num_examples': 50000, 'test/accuracy': Array(0.45250002, dtype=float32), 'test/loss': Array(2.6551921, dtype=float32), 'test/num_examples': 10000, 'score': 26011.926416873932, 'total_duration': 26764.830047130585, 'accumulated_submission_time': 26011.926416873932, 'accumulated_eval_time': 750.9382059574127, 'accumulated_logging_time': 0.886770486831665}
I0616 22:09:16.652474 139868940257024 logging_writer.py:48] [98909] accumulated_eval_time=750.938, accumulated_logging_time=0.88677, accumulated_submission_time=26011.9, global_step=98909, preemption_count=0, score=26011.9, test/accuracy=0.45250001549720764, test/loss=2.6551921367645264, test/num_examples=10000, total_duration=26764.8, train/accuracy=0.6223493218421936, train/loss=1.5385502576828003, validation/accuracy=0.5638399720191956, validation/loss=1.885190725326538, validation/num_examples=50000
2026-06-16 22:30:30.248941: W tensorflow/core/kernels/data/prefetch_autotuner.cc:52] Prefetch autotuner tried to allocate 91453 bytes after encountering the first element of size 91453 bytes.This already causes the autotune ram budget to be exceeded. To stay within the ram budget, either increase the ram budget or reduce element size
2026-06-16 22:41:15.320666: W tensorflow/core/kernels/data/prefetch_autotuner.cc:52] Prefetch autotuner tried to allocate 91453 bytes after encountering the first element of size 91453 bytes.This already causes the autotune ram budget to be exceeded. To stay within the ram budget, either increase the ram budget or reduce element size
I0616 22:42:32.858529 140083437683904 spec.py:333] Evaluating on the training split.
I0616 22:42:44.379765 140083437683904 spec.py:346] Evaluating on the validation split.
I0616 22:43:17.348517 140083437683904 spec.py:363] Evaluating on the test split.
I0616 22:43:18.245858 140083437683904 submission_runner.py:516] Time since start: 28806.45s, 	Step: 106617, 	{'train/accuracy': Array(0.7020289, dtype=float32), 'train/loss': Array(1.182843, dtype=float32), 'validation/accuracy': Array(0.64238, dtype=float32), 'validation/loss': Array(1.4830757, dtype=float32), 'validation/num_examples': 50000, 'test/accuracy': Array(0.5033, dtype=float32), 'test/loss': Array(2.2499633, dtype=float32), 'test/num_examples': 10000, 'score': 28008.027769804, 'total_duration': 28806.449343919754, 'accumulated_submission_time': 28008.027769804, 'accumulated_eval_time': 796.3236131668091, 'accumulated_logging_time': 0.9226095676422119}
I0616 22:43:18.267959 139868948649728 logging_writer.py:48] [106617] accumulated_eval_time=796.324, accumulated_logging_time=0.92261, accumulated_submission_time=28008, global_step=106617, preemption_count=0, score=28008, test/accuracy=0.5033000111579895, test/loss=2.2499632835388184, test/num_examples=10000, total_duration=28806.4, train/accuracy=0.7020288705825806, train/loss=1.1828429698944092, validation/accuracy=0.6423799991607666, validation/loss=1.483075737953186, validation/num_examples=50000
2026-06-16 23:09:28.455323: W tensorflow/core/kernels/data/prefetch_autotuner.cc:52] Prefetch autotuner tried to allocate 91453 bytes after encountering the first element of size 91453 bytes.This already causes the autotune ram budget to be exceeded. To stay within the ram budget, either increase the ram budget or reduce element size
2026-06-16 23:14:51.666881: W tensorflow/core/kernels/data/prefetch_autotuner.cc:52] Prefetch autotuner tried to allocate 91453 bytes after encountering the first element of size 91453 bytes.This already causes the autotune ram budget to be exceeded. To stay within the ram budget, either increase the ram budget or reduce element size
I0616 23:16:34.698289 140083437683904 spec.py:333] Evaluating on the training split.
I0616 23:16:48.045761 140083437683904 spec.py:346] Evaluating on the validation split.
I0616 23:17:31.735049 140083437683904 spec.py:363] Evaluating on the test split.
I0616 23:17:32.633988 140083437683904 submission_runner.py:516] Time since start: 30860.84s, 	Step: 114223, 	{'train/accuracy': Array(0.59974885, dtype=float32), 'train/loss': Array(1.6683178, dtype=float32), 'validation/accuracy': Array(0.54986, dtype=float32), 'validation/loss': Array(1.9691575, dtype=float32), 'validation/num_examples': 50000, 'test/accuracy': Array(0.4313, dtype=float32), 'test/loss': Array(2.7725391, dtype=float32), 'test/num_examples': 10000, 'score': 30004.362323999405, 'total_duration': 30860.83720111847, 'accumulated_submission_time': 30004.362323999405, 'accumulated_eval_time': 854.257119178772, 'accumulated_logging_time': 0.9532372951507568}
I0616 23:17:32.662757 139868940257024 logging_writer.py:48] [114223] accumulated_eval_time=854.257, accumulated_logging_time=0.953237, accumulated_submission_time=30004.4, global_step=114223, preemption_count=0, score=30004.4, test/accuracy=0.43130001425743103, test/loss=2.7725391387939453, test/num_examples=10000, total_duration=30860.8, train/accuracy=0.5997488498687744, train/loss=1.6683177947998047, validation/accuracy=0.5498600006103516, validation/loss=1.9691574573516846, validation/num_examples=50000
2026-06-16 23:44:14.700576: W tensorflow/core/kernels/data/prefetch_autotuner.cc:52] Prefetch autotuner tried to allocate 91453 bytes after encountering the first element of size 91453 bytes.This already causes the autotune ram budget to be exceeded. To stay within the ram budget, either increase the ram budget or reduce element size
I0616 23:50:49.031690 140083437683904 spec.py:333] Evaluating on the training split.
I0616 23:50:59.519673 140083437683904 spec.py:346] Evaluating on the validation split.
I0616 23:51:44.840708 140083437683904 spec.py:363] Evaluating on the test split.
I0616 23:51:45.737999 140083437683904 submission_runner.py:516] Time since start: 32913.94s, 	Step: 121602, 	{'train/accuracy': Array(0.7549027, dtype=float32), 'train/loss': Array(0.93255824, dtype=float32), 'validation/accuracy': Array(0.68002, dtype=float32), 'validation/loss': Array(1.2983258, dtype=float32), 'validation/num_examples': 50000, 'test/accuracy': Array(0.5496, dtype=float32), 'test/loss': Array(2.0023637, dtype=float32), 'test/num_examples': 10000, 'score': 32000.63686323166, 'total_duration': 32913.94154715538, 'accumulated_submission_time': 32000.63686323166, 'accumulated_eval_time': 910.9615709781647, 'accumulated_logging_time': 0.9920053482055664}
I0616 23:51:45.766871 139868948649728 logging_writer.py:48] [121602] accumulated_eval_time=910.962, accumulated_logging_time=0.992005, accumulated_submission_time=32000.6, global_step=121602, preemption_count=0, score=32000.6, test/accuracy=0.5496000051498413, test/loss=2.002363681793213, test/num_examples=10000, total_duration=32913.9, train/accuracy=0.754902720451355, train/loss=0.9325582385063171, validation/accuracy=0.6800199747085571, validation/loss=1.298325777053833, validation/num_examples=50000
I0617 00:25:02.093192 140083437683904 spec.py:333] Evaluating on the training split.
I0617 00:25:13.602571 140083437683904 spec.py:346] Evaluating on the validation split.
I0617 00:25:54.497296 140083437683904 spec.py:363] Evaluating on the test split.
I0617 00:25:55.396399 140083437683904 submission_runner.py:516] Time since start: 34963.60s, 	Step: 128395, 	{'train/accuracy': Array(0.6787906, dtype=float32), 'train/loss': Array(1.301741, dtype=float32), 'validation/accuracy': Array(0.61928, dtype=float32), 'validation/loss': Array(1.6047242, dtype=float32), 'validation/num_examples': 50000, 'test/accuracy': Array(0.49040002, dtype=float32), 'test/loss': Array(2.3606617, dtype=float32), 'test/num_examples': 10000, 'score': 33996.877338171005, 'total_duration': 34963.59987902641, 'accumulated_submission_time': 33996.877338171005, 'accumulated_eval_time': 964.2628600597382, 'accumulated_logging_time': 1.0309934616088867}
I0617 00:25:55.430366 139868940257024 logging_writer.py:48] [128395] accumulated_eval_time=964.263, accumulated_logging_time=1.03099, accumulated_submission_time=33996.9, global_step=128395, preemption_count=0, score=33996.9, test/accuracy=0.4904000163078308, test/loss=2.360661745071411, test/num_examples=10000, total_duration=34963.6, train/accuracy=0.6787906289100647, train/loss=1.3017410039901733, validation/accuracy=0.6192799806594849, validation/loss=1.6047241687774658, validation/num_examples=50000
2026-06-17 00:58:15.928177: W tensorflow/core/kernels/data/prefetch_autotuner.cc:52] Prefetch autotuner tried to allocate 91453 bytes after encountering the first element of size 91453 bytes.This already causes the autotune ram budget to be exceeded. To stay within the ram budget, either increase the ram budget or reduce element size
I0617 00:59:11.673373 140083437683904 spec.py:333] Evaluating on the training split.
I0617 00:59:21.198889 140083437683904 spec.py:346] Evaluating on the validation split.
I0617 01:00:12.618068 140083437683904 spec.py:363] Evaluating on the test split.
I0617 01:00:13.514484 140083437683904 submission_runner.py:516] Time since start: 37021.72s, 	Step: 134065, 	{'train/accuracy': Array(0.7780014, dtype=float32), 'train/loss': Array(0.83283365, dtype=float32), 'validation/accuracy': Array(0.69084, dtype=float32), 'validation/loss': Array(1.2599171, dtype=float32), 'validation/num_examples': 50000, 'test/accuracy': Array(0.56380004, dtype=float32), 'test/loss': Array(1.9704096, dtype=float32), 'test/num_examples': 10000, 'score': 35993.03426885605, 'total_duration': 37021.716846466064, 'accumulated_submission_time': 35993.03426885605, 'accumulated_eval_time': 1026.1009271144867, 'accumulated_logging_time': 1.0871284008026123}
I0617 01:00:13.548292 139868948649728 logging_writer.py:48] [134065] accumulated_eval_time=1026.1, accumulated_logging_time=1.08713, accumulated_submission_time=35993, global_step=134065, preemption_count=0, score=35993, test/accuracy=0.563800036907196, test/loss=1.970409631729126, test/num_examples=10000, total_duration=37021.7, train/accuracy=0.7780014276504517, train/loss=0.8328336477279663, validation/accuracy=0.6908400058746338, validation/loss=1.259917140007019, validation/num_examples=50000
2026-06-17 01:08:48.649072: W tensorflow/core/kernels/data/prefetch_autotuner.cc:52] Prefetch autotuner tried to allocate 91453 bytes after encountering the first element of size 91453 bytes.This already causes the autotune ram budget to be exceeded. To stay within the ram budget, either increase the ram budget or reduce element size
I0617 01:33:29.972043 140083437683904 spec.py:333] Evaluating on the training split.
I0617 01:33:39.699282 140083437683904 spec.py:346] Evaluating on the validation split.
I0617 01:34:50.534103 140083437683904 spec.py:363] Evaluating on the test split.
I0617 01:34:51.438231 140083437683904 submission_runner.py:516] Time since start: 39099.64s, 	Step: 137833, 	{'train/accuracy': Array(0.7645089, dtype=float32), 'train/loss': Array(0.8950564, dtype=float32), 'validation/accuracy': Array(0.67402, dtype=float32), 'validation/loss': Array(1.3273904, dtype=float32), 'validation/num_examples': 50000, 'test/accuracy': Array(0.54270005, dtype=float32), 'test/loss': Array(2.091017, dtype=float32), 'test/num_examples': 10000, 'score': 37989.40022730827, 'total_duration': 39099.641702890396, 'accumulated_submission_time': 37989.40022730827, 'accumulated_eval_time': 1107.5651831626892, 'accumulated_logging_time': 1.1369259357452393}
I0617 01:34:51.464713 139868940257024 logging_writer.py:48] [137833] accumulated_eval_time=1107.57, accumulated_logging_time=1.13693, accumulated_submission_time=37989.4, global_step=137833, preemption_count=0, score=37989.4, test/accuracy=0.5427000522613525, test/loss=2.091017007827759, test/num_examples=10000, total_duration=39099.6, train/accuracy=0.7645089030265808, train/loss=0.895056426525116, validation/accuracy=0.674019992351532, validation/loss=1.327390432357788, validation/num_examples=50000
2026-06-17 01:53:13.291599: W tensorflow/core/kernels/data/prefetch_autotuner.cc:52] Prefetch autotuner tried to allocate 91453 bytes after encountering the first element of size 91453 bytes.This already causes the autotune ram budget to be exceeded. To stay within the ram budget, either increase the ram budget or reduce element size
I0617 02:08:08.163456 140083437683904 spec.py:333] Evaluating on the training split.
I0617 02:08:16.978897 140083437683904 spec.py:346] Evaluating on the validation split.
I0617 02:08:57.613066 140083437683904 spec.py:363] Evaluating on the test split.
I0617 02:08:58.511833 140083437683904 submission_runner.py:516] Time since start: 41146.72s, 	Step: 139928, 	{'train/accuracy': Array(0.76147956, dtype=float32), 'train/loss': Array(0.897816, dtype=float32), 'validation/accuracy': Array(0.67829996, dtype=float32), 'validation/loss': Array(1.3155466, dtype=float32), 'validation/num_examples': 50000, 'test/accuracy': Array(0.5439, dtype=float32), 'test/loss': Array(2.0803936, dtype=float32), 'test/num_examples': 10000, 'score': 39986.06747961044, 'total_duration': 41146.71545934677, 'accumulated_submission_time': 39986.06747961044, 'accumulated_eval_time': 1157.9117817878723, 'accumulated_logging_time': 1.1727015972137451}
I0617 02:08:58.539503 139868948649728 logging_writer.py:48] [139928] accumulated_eval_time=1157.91, accumulated_logging_time=1.1727, accumulated_submission_time=39986.1, global_step=139928, preemption_count=0, score=39986.1, test/accuracy=0.5439000129699707, test/loss=2.0803935527801514, test/num_examples=10000, total_duration=41146.7, train/accuracy=0.7614795565605164, train/loss=0.897816002368927, validation/accuracy=0.6782999634742737, validation/loss=1.3155466318130493, validation/num_examples=50000
2026-06-17 02:10:09.296550: W tensorflow/core/kernels/data/prefetch_autotuner.cc:52] Prefetch autotuner tried to allocate 91453 bytes after encountering the first element of size 91453 bytes.This already causes the autotune ram budget to be exceeded. To stay within the ram budget, either increase the ram budget or reduce element size
I0617 02:42:15.241935 140083437683904 spec.py:333] Evaluating on the training split.
I0617 02:42:25.309999 140083437683904 spec.py:346] Evaluating on the validation split.
I0617 02:43:56.043791 140083437683904 spec.py:363] Evaluating on the test split.
I0617 02:43:57.095225 140083437683904 submission_runner.py:516] Time since start: 43245.16s, 	Step: 141590, 	{'train/accuracy': Array(0.78248566, dtype=float32), 'train/loss': Array(0.82021546, dtype=float32), 'validation/accuracy': Array(0.67996, dtype=float32), 'validation/loss': Array(1.3071176, dtype=float32), 'validation/num_examples': 50000, 'test/accuracy': Array(0.54980004, dtype=float32), 'test/loss': Array(1.990077, dtype=float32), 'test/num_examples': 10000, 'score': 41982.73534154892, 'total_duration': 43245.16348552704, 'accumulated_submission_time': 41982.73534154892, 'accumulated_eval_time': 1259.6279418468475, 'accumulated_logging_time': 1.2125749588012695}
I0617 02:43:57.645229 139868940257024 logging_writer.py:48] [141590] accumulated_eval_time=1259.63, accumulated_logging_time=1.21257, accumulated_submission_time=41982.7, global_step=141590, preemption_count=0, score=41982.7, test/accuracy=0.5498000383377075, test/loss=1.990077018737793, test/num_examples=10000, total_duration=43245.2, train/accuracy=0.7824856638908386, train/loss=0.8202154636383057, validation/accuracy=0.6799600124359131, validation/loss=1.3071175813674927, validation/num_examples=50000
I0617 03:17:14.635001 140083437683904 spec.py:333] Evaluating on the training split.
I0617 03:17:24.240823 140083437683904 spec.py:346] Evaluating on the validation split.
I0617 03:18:16.516721 140083437683904 spec.py:363] Evaluating on the test split.
I0617 03:18:17.521503 140083437683904 submission_runner.py:516] Time since start: 45305.65s, 	Step: 143011, 	{'train/accuracy': Array(0.7830636, dtype=float32), 'train/loss': Array(0.8074697, dtype=float32), 'validation/accuracy': Array(0.68438, dtype=float32), 'validation/loss': Array(1.2886379, dtype=float32), 'validation/num_examples': 50000, 'test/accuracy': Array(0.544, dtype=float32), 'test/loss': Array(2.0460918, dtype=float32), 'test/num_examples': 10000, 'score': 43979.08962869644, 'total_duration': 45305.64671063423, 'accumulated_submission_time': 43979.08962869644, 'accumulated_eval_time': 1322.4342453479767, 'accumulated_logging_time': 2.37776517868042}
I0617 03:18:17.884665 139868948649728 logging_writer.py:48] [143011] accumulated_eval_time=1322.43, accumulated_logging_time=2.37777, accumulated_submission_time=43979.1, global_step=143011, preemption_count=0, score=43979.1, test/accuracy=0.5440000295639038, test/loss=2.0460917949676514, test/num_examples=10000, total_duration=45305.6, train/accuracy=0.7830635905265808, train/loss=0.8074697256088257, validation/accuracy=0.6843799948692322, validation/loss=1.2886378765106201, validation/num_examples=50000
I0617 03:51:33.739415 140083437683904 spec.py:333] Evaluating on the training split.
I0617 03:51:44.154592 140083437683904 spec.py:346] Evaluating on the validation split.
I0617 03:53:01.115925 140083437683904 spec.py:363] Evaluating on the test split.
I0617 03:53:02.059767 140083437683904 submission_runner.py:516] Time since start: 47390.18s, 	Step: 144335, 	{'train/accuracy': Array(0.8022959, dtype=float32), 'train/loss': Array(0.7368223, dtype=float32), 'validation/accuracy': Array(0.69996, dtype=float32), 'validation/loss': Array(1.2089143, dtype=float32), 'validation/num_examples': 50000, 'test/accuracy': Array(0.5695, dtype=float32), 'test/loss': Array(1.9283587, dtype=float32), 'test/num_examples': 10000, 'score': 45974.51286125183, 'total_duration': 47390.17556500435, 'accumulated_submission_time': 45974.51286125183, 'accumulated_eval_time': 1410.6650159358978, 'accumulated_logging_time': 3.153229236602783}
I0617 03:53:02.478527 139868940257024 logging_writer.py:48] [144335] accumulated_eval_time=1410.67, accumulated_logging_time=3.15323, accumulated_submission_time=45974.5, global_step=144335, preemption_count=0, score=45974.5, test/accuracy=0.5695000290870667, test/loss=1.9283586740493774, test/num_examples=10000, total_duration=47390.2, train/accuracy=0.8022959232330322, train/loss=0.7368223071098328, validation/accuracy=0.6999599933624268, validation/loss=1.2089142799377441, validation/num_examples=50000
I0617 04:26:19.384507 140083437683904 spec.py:333] Evaluating on the training split.
I0617 04:26:29.491717 140083437683904 spec.py:346] Evaluating on the validation split.
I0617 04:26:53.311635 140083437683904 spec.py:363] Evaluating on the test split.
I0617 04:26:54.293128 140083437683904 submission_runner.py:516] Time since start: 49422.41s, 	Step: 145415, 	{'train/accuracy': Array(0.80602276, dtype=float32), 'train/loss': Array(0.7139, dtype=float32), 'validation/accuracy': Array(0.69238, dtype=float32), 'validation/loss': Array(1.2449456, dtype=float32), 'validation/num_examples': 50000, 'test/accuracy': Array(0.5641, dtype=float32), 'test/loss': Array(1.9673339, dtype=float32), 'test/num_examples': 10000, 'score': 47970.96802854538, 'total_duration': 49422.40740609169, 'accumulated_submission_time': 47970.96802854538, 'accumulated_eval_time': 1445.482519865036, 'accumulated_logging_time': 4.007092475891113}
I0617 04:26:54.802759 139868948649728 logging_writer.py:48] [145415] accumulated_eval_time=1445.48, accumulated_logging_time=4.00709, accumulated_submission_time=47971, global_step=145415, preemption_count=0, score=47971, test/accuracy=0.5641000270843506, test/loss=1.9673339128494263, test/num_examples=10000, total_duration=49422.4, train/accuracy=0.8060227632522583, train/loss=0.7139000296592712, validation/accuracy=0.6923800110816956, validation/loss=1.2449456453323364, validation/num_examples=50000
2026-06-17 04:47:15.684422: W tensorflow/core/kernels/data/prefetch_autotuner.cc:52] Prefetch autotuner tried to allocate 91453 bytes after encountering the first element of size 91453 bytes.This already causes the autotune ram budget to be exceeded. To stay within the ram budget, either increase the ram budget or reduce element size
I0617 05:00:10.605455 140083437683904 spec.py:333] Evaluating on the training split.
I0617 05:00:18.864328 140083437683904 spec.py:346] Evaluating on the validation split.
I0617 05:01:06.153676 140083437683904 spec.py:363] Evaluating on the test split.
I0617 05:01:07.198857 140083437683904 submission_runner.py:516] Time since start: 51475.25s, 	Step: 146773, 	{'train/accuracy': Array(0.7595464, dtype=float32), 'train/loss': Array(0.8957063, dtype=float32), 'validation/accuracy': Array(0.66282, dtype=float32), 'validation/loss': Array(1.4032469, dtype=float32), 'validation/num_examples': 50000, 'test/accuracy': Array(0.5246, dtype=float32), 'test/loss': Array(2.2133887, dtype=float32), 'test/num_examples': 10000, 'score': 49966.340857982635, 'total_duration': 51475.25491309166, 'accumulated_submission_time': 49966.340857982635, 'accumulated_eval_time': 1501.9266107082367, 'accumulated_logging_time': 4.926440954208374}
I0617 05:01:07.853242 139868940257024 logging_writer.py:48] [146773] accumulated_eval_time=1501.93, accumulated_logging_time=4.92644, accumulated_submission_time=49966.3, global_step=146773, preemption_count=0, score=49966.3, test/accuracy=0.5246000289916992, test/loss=2.213388681411743, test/num_examples=10000, total_duration=51475.3, train/accuracy=0.7595463991165161, train/loss=0.895706295967102, validation/accuracy=0.6628199815750122, validation/loss=1.4032468795776367, validation/num_examples=50000
