python submission_runner.py --framework=jax --workload=imagenet_resnet --submission_path=prize_qualification_baselines/external_tuning/jax_nadamw_full_budget.py --data_dir=/data/imagenet/jax --num_tuning_trials=1 --experiment_dir=/experiment_runs --experiment_name=submissions/rolling_leaderboard/external_tuning/baseline/study_1 --overwrite=True --save_checkpoints=False --rng_seed=2076705849 --imagenet_v2_data_dir=/data/imagenet/jax --tuning_ruleset=external --tuning_search_space=prize_qualification_baselines/external_tuning/tuning_search_space.json --num_tuning_trials=5 --hparam_start_index=4 --hparam_end_index=5 2>&1 | tee -a /logs/imagenet_resnet_jax_03-07-2025-03-08-22.log
2025-03-07 03:08:39.486713: E external/local_xla/xla/stream_executor/cuda/cuda_fft.cc:477] Unable to register cuFFT factory: Attempting to register factory for plugin cuFFT when one has already been registered
WARNING: All log messages before absl::InitializeLog() is called are written to STDERR
E0000 00:00:1741316919.888082       9 cuda_dnn.cc:8310] Unable to register cuDNN factory: Attempting to register factory for plugin cuDNN when one has already been registered
E0000 00:00:1741316919.976036       9 cuda_blas.cc:1418] Unable to register cuBLAS factory: Attempting to register factory for plugin cuBLAS when one has already been registered
ERROR:root:Unable to import wandb.
Traceback (most recent call last):
  File "/algorithmic-efficiency/algoperf/logger_utils.py", line 27, in <module>
    import wandb  # pylint: disable=g-import-not-at-top
    ^^^^^^^^^^^^
ModuleNotFoundError: No module named 'wandb'
I0307 03:09:30.213095 140114851837120 logger_utils.py:81] Creating experiment directory at /experiment_runs/submissions/rolling_leaderboard/external_tuning/baseline/study_1/imagenet_resnet_jax.
I0307 03:09:33.032100 140114851837120 xla_bridge.py:884] Unable to initialize backend 'rocm': NOT_FOUND: Could not find registered platform with name: "rocm". Available platform names are: CUDA
I0307 03:09:33.036125 140114851837120 xla_bridge.py:884] Unable to initialize backend 'tpu': INTERNAL: Failed to open libtpu.so: libtpu.so: cannot open shared object file: No such file or directory
I0307 03:09:33.049833 140114851837120 submission_runner.py:606] Using RNG seed 2076705849
I0307 03:09:38.745136 140114851837120 submission_runner.py:615] --- Tuning run 5/5 ---
I0307 03:09:38.745319 140114851837120 submission_runner.py:620] Creating tuning directory at /experiment_runs/submissions/rolling_leaderboard/external_tuning/baseline/study_1/imagenet_resnet_jax/trial_5.
I0307 03:09:38.745529 140114851837120 logger_utils.py:97] Saving hparams to /experiment_runs/submissions/rolling_leaderboard/external_tuning/baseline/study_1/imagenet_resnet_jax/trial_5/hparams.json.
I0307 03:09:38.988321 140114851837120 submission_runner.py:218] Initializing dataset.
I0307 03:09:40.400418 140114851837120 dataset_info.py:690] Load dataset info from /data/imagenet/jax/imagenet2012/5.1.0
I0307 03:09:40.785325 140114851837120 reader.py:261] Creating a tf.data.Dataset reading 1024 files located in folders: /data/imagenet/jax/imagenet2012/5.1.0.
I0307 03:09:41.061070 140114851837120 logging_logger.py:49] Constructing tf.data.Dataset imagenet2012 for split train, from /data/imagenet/jax/imagenet2012/5.1.0
I0307 03:09:42.688720 140114851837120 submission_runner.py:229] Initializing model.
I0307 03:10:06.637539 140114851837120 submission_runner.py:272] Initializing optimizer.
I0307 03:10:07.770235 140114851837120 submission_runner.py:279] Initializing metrics bundle.
I0307 03:10:07.770487 140114851837120 submission_runner.py:301] Initializing checkpoint and logger.
I0307 03:10:07.771648 140114851837120 checkpoints.py:1101] Found no checkpoint files in /experiment_runs/submissions/rolling_leaderboard/external_tuning/baseline/study_1/imagenet_resnet_jax/trial_5 with prefix checkpoint_
I0307 03:10:07.771754 140114851837120 submission_runner.py:321] Saving meta data to /experiment_runs/submissions/rolling_leaderboard/external_tuning/baseline/study_1/imagenet_resnet_jax/trial_5/meta_data_0.json.
I0307 03:10:08.348506 140114851837120 submission_runner.py:325] Saving flags to /experiment_runs/submissions/rolling_leaderboard/external_tuning/baseline/study_1/imagenet_resnet_jax/trial_5/flags_0.json.
I0307 03:10:08.662737 140114851837120 submission_runner.py:337] Starting training loop.
I0307 03:11:06.400853 139978310919936 logging_writer.py:48] [0] global_step=0, grad_norm=0.6642182469367981, loss=6.905142784118652
I0307 03:11:06.770888 140114851837120 spec.py:321] Evaluating on the training split.
I0307 03:11:07.241950 140114851837120 dataset_info.py:690] Load dataset info from /data/imagenet/jax/imagenet2012/5.1.0
I0307 03:11:07.265557 140114851837120 reader.py:261] Creating a tf.data.Dataset reading 1024 files located in folders: /data/imagenet/jax/imagenet2012/5.1.0.
I0307 03:11:07.307982 140114851837120 logging_logger.py:49] Constructing tf.data.Dataset imagenet2012 for split train, from /data/imagenet/jax/imagenet2012/5.1.0
I0307 03:11:26.885003 140114851837120 spec.py:333] Evaluating on the validation split.
I0307 03:11:27.457725 140114851837120 dataset_info.py:690] Load dataset info from /data/imagenet/jax/imagenet2012/5.1.0
I0307 03:11:27.504317 140114851837120 reader.py:261] Creating a tf.data.Dataset reading 64 files located in folders: /data/imagenet/jax/imagenet2012/5.1.0.
I0307 03:11:27.717481 140114851837120 logging_logger.py:49] Constructing tf.data.Dataset imagenet2012 for split validation, from /data/imagenet/jax/imagenet2012/5.1.0
I0307 03:12:06.596318 140114851837120 spec.py:349] Evaluating on the test split.
I0307 03:12:07.065954 140114851837120 dataset_info.py:690] Load dataset info from /data/imagenet/jax/imagenet_v2/matched-frequency/3.0.0
I0307 03:12:07.110389 140114851837120 reader.py:261] Creating a tf.data.Dataset reading 16 files located in folders: /data/imagenet/jax/imagenet_v2/matched-frequency/3.0.0.
I0307 03:12:07.148624 140114851837120 logging_logger.py:49] Constructing tf.data.Dataset imagenet_v2 for split test, from /data/imagenet/jax/imagenet_v2/matched-frequency/3.0.0
I0307 03:12:40.796940 140114851837120 submission_runner.py:469] Time since start: 152.13s, 	Step: 1, 	{'train/accuracy': 0.0009367027669213712, 'train/loss': 6.911309719085693, 'validation/accuracy': 0.0009999999310821295, 'validation/loss': 6.9110894203186035, 'validation/num_examples': 50000, 'test/accuracy': 0.0009000000427477062, 'test/loss': 6.911230564117432, 'test/num_examples': 10000, 'score': 58.10783839225769, 'total_duration': 152.13403797149658, 'accumulated_submission_time': 58.10783839225769, 'accumulated_eval_time': 94.02588820457458, 'accumulated_logging_time': 0}
I0307 03:12:40.861787 139958438303488 logging_writer.py:48] [1] accumulated_eval_time=94.0259, accumulated_logging_time=0, accumulated_submission_time=58.1078, global_step=1, preemption_count=0, score=58.1078, test/accuracy=0.0009, test/loss=6.91123, test/num_examples=10000, total_duration=152.134, train/accuracy=0.000936703, train/loss=6.91131, validation/accuracy=0.001, validation/loss=6.91109, validation/num_examples=50000
I0307 03:13:17.315962 139958220224256 logging_writer.py:48] [100] global_step=100, grad_norm=0.6852942705154419, loss=6.814773082733154
I0307 03:13:54.293330 139958438303488 logging_writer.py:48] [200] global_step=200, grad_norm=0.8125346302986145, loss=6.560222625732422
I0307 03:14:31.039427 139958220224256 logging_writer.py:48] [300] global_step=300, grad_norm=1.00302255153656, loss=6.315918922424316
I0307 03:15:08.854429 139958438303488 logging_writer.py:48] [400] global_step=400, grad_norm=1.9059172868728638, loss=6.0299482345581055
I0307 03:15:46.300152 139958220224256 logging_writer.py:48] [500] global_step=500, grad_norm=2.1473851203918457, loss=5.879052639007568
I0307 03:16:24.018403 139958438303488 logging_writer.py:48] [600] global_step=600, grad_norm=5.436864376068115, loss=5.653287410736084
I0307 03:17:01.420168 139958220224256 logging_writer.py:48] [700] global_step=700, grad_norm=4.532629489898682, loss=5.527723789215088
I0307 03:17:38.990586 139958438303488 logging_writer.py:48] [800] global_step=800, grad_norm=3.1195220947265625, loss=5.3544158935546875
I0307 03:18:16.889464 139958220224256 logging_writer.py:48] [900] global_step=900, grad_norm=6.931826114654541, loss=5.178353786468506
I0307 03:18:54.916092 139958438303488 logging_writer.py:48] [1000] global_step=1000, grad_norm=6.28564977645874, loss=5.05932092666626
I0307 03:19:32.509000 139958220224256 logging_writer.py:48] [1100] global_step=1100, grad_norm=5.9979753494262695, loss=5.037680625915527
I0307 03:20:11.340538 139958438303488 logging_writer.py:48] [1200] global_step=1200, grad_norm=6.322093963623047, loss=4.915658950805664
I0307 03:20:49.118203 139958220224256 logging_writer.py:48] [1300] global_step=1300, grad_norm=4.331947326660156, loss=4.743523120880127
I0307 03:21:10.984873 140114851837120 spec.py:321] Evaluating on the training split.
I0307 03:21:23.061204 140114851837120 spec.py:333] Evaluating on the validation split.
I0307 03:22:08.493863 140114851837120 spec.py:349] Evaluating on the test split.
I0307 03:22:10.411840 140114851837120 submission_runner.py:469] Time since start: 721.75s, 	Step: 1358, 	{'train/accuracy': 0.1669921875, 'train/loss': 4.284590244293213, 'validation/accuracy': 0.13679999113082886, 'validation/loss': 4.54769229888916, 'validation/num_examples': 50000, 'test/accuracy': 0.09920000284910202, 'test/loss': 5.027939319610596, 'test/num_examples': 10000, 'score': 568.0293328762054, 'total_duration': 721.7490515708923, 'accumulated_submission_time': 568.0293328762054, 'accumulated_eval_time': 153.45283269882202, 'accumulated_logging_time': 0.0838019847869873}
I0307 03:22:10.434523 139958446696192 logging_writer.py:48] [1358] accumulated_eval_time=153.453, accumulated_logging_time=0.083802, accumulated_submission_time=568.029, global_step=1358, preemption_count=0, score=568.029, test/accuracy=0.0992, test/loss=5.02794, test/num_examples=10000, total_duration=721.749, train/accuracy=0.166992, train/loss=4.28459, validation/accuracy=0.1368, validation/loss=4.54769, validation/num_examples=50000
I0307 03:22:26.238780 139958455088896 logging_writer.py:48] [1400] global_step=1400, grad_norm=6.341775417327881, loss=4.557075500488281
I0307 03:23:04.016545 139958446696192 logging_writer.py:48] [1500] global_step=1500, grad_norm=4.4254560470581055, loss=4.446526050567627
I0307 03:23:41.575120 139958455088896 logging_writer.py:48] [1600] global_step=1600, grad_norm=10.255730628967285, loss=4.535643100738525
I0307 03:24:19.265453 139958446696192 logging_writer.py:48] [1700] global_step=1700, grad_norm=8.633370399475098, loss=4.423858165740967
I0307 03:24:56.635207 139958455088896 logging_writer.py:48] [1800] global_step=1800, grad_norm=5.345402240753174, loss=4.24707555770874
I0307 03:25:34.376671 139958446696192 logging_writer.py:48] [1900] global_step=1900, grad_norm=4.710641860961914, loss=4.057476043701172
I0307 03:26:11.689933 139958455088896 logging_writer.py:48] [2000] global_step=2000, grad_norm=9.643660545349121, loss=4.079148292541504
I0307 03:26:49.030702 139958446696192 logging_writer.py:48] [2100] global_step=2100, grad_norm=5.558612823486328, loss=3.9604835510253906
I0307 03:27:26.919723 139958455088896 logging_writer.py:48] [2200] global_step=2200, grad_norm=5.332648277282715, loss=3.8353357315063477
I0307 03:28:04.510266 139958446696192 logging_writer.py:48] [2300] global_step=2300, grad_norm=5.89664363861084, loss=3.8085029125213623
I0307 03:28:41.956105 139958455088896 logging_writer.py:48] [2400] global_step=2400, grad_norm=4.60947322845459, loss=3.83154559135437
I0307 03:29:19.081965 139958446696192 logging_writer.py:48] [2500] global_step=2500, grad_norm=3.6764776706695557, loss=3.694878578186035
I0307 03:29:57.171282 139958455088896 logging_writer.py:48] [2600] global_step=2600, grad_norm=3.3424174785614014, loss=3.470569610595703
I0307 03:30:35.511815 139958446696192 logging_writer.py:48] [2700] global_step=2700, grad_norm=3.830954074859619, loss=3.5661211013793945
I0307 03:30:40.542982 140114851837120 spec.py:321] Evaluating on the training split.
I0307 03:30:52.285884 140114851837120 spec.py:333] Evaluating on the validation split.
I0307 03:31:13.443032 140114851837120 spec.py:349] Evaluating on the test split.
I0307 03:31:15.298161 140114851837120 submission_runner.py:469] Time since start: 1266.64s, 	Step: 2714, 	{'train/accuracy': 0.32669004797935486, 'train/loss': 3.140263795852661, 'validation/accuracy': 0.2846199870109558, 'validation/loss': 3.3939952850341797, 'validation/num_examples': 50000, 'test/accuracy': 0.2150000035762787, 'test/loss': 3.982311964035034, 'test/num_examples': 10000, 'score': 1077.9494602680206, 'total_duration': 1266.635375738144, 'accumulated_submission_time': 1077.9494602680206, 'accumulated_eval_time': 188.20797300338745, 'accumulated_logging_time': 0.11478090286254883}
I0307 03:31:15.334783 139958455088896 logging_writer.py:48] [2714] accumulated_eval_time=188.208, accumulated_logging_time=0.114781, accumulated_submission_time=1077.95, global_step=2714, preemption_count=0, score=1077.95, test/accuracy=0.215, test/loss=3.98231, test/num_examples=10000, total_duration=1266.64, train/accuracy=0.32669, train/loss=3.14026, validation/accuracy=0.28462, validation/loss=3.394, validation/num_examples=50000
I0307 03:31:48.396461 139958446696192 logging_writer.py:48] [2800] global_step=2800, grad_norm=3.9148330688476562, loss=3.5444860458374023
I0307 03:32:26.137560 139958455088896 logging_writer.py:48] [2900] global_step=2900, grad_norm=3.9591968059539795, loss=3.5886449813842773
I0307 03:33:04.530573 139958446696192 logging_writer.py:48] [3000] global_step=3000, grad_norm=3.048278331756592, loss=3.351832389831543
I0307 03:33:42.741426 139958455088896 logging_writer.py:48] [3100] global_step=3100, grad_norm=3.6868746280670166, loss=3.4992380142211914
I0307 03:34:20.703448 139958446696192 logging_writer.py:48] [3200] global_step=3200, grad_norm=4.54324197769165, loss=3.4026222229003906
I0307 03:34:58.838646 139958455088896 logging_writer.py:48] [3300] global_step=3300, grad_norm=3.952907085418701, loss=3.2721965312957764
I0307 03:35:37.217434 139958446696192 logging_writer.py:48] [3400] global_step=3400, grad_norm=3.156049966812134, loss=3.290841817855835
I0307 03:36:15.702818 139958455088896 logging_writer.py:48] [3500] global_step=3500, grad_norm=5.440057277679443, loss=3.199150562286377
I0307 03:36:53.871968 139958446696192 logging_writer.py:48] [3600] global_step=3600, grad_norm=2.535860538482666, loss=3.1018269062042236
I0307 03:37:32.350319 139958455088896 logging_writer.py:48] [3700] global_step=3700, grad_norm=2.540585517883301, loss=2.9571895599365234
I0307 03:38:10.528505 139958446696192 logging_writer.py:48] [3800] global_step=3800, grad_norm=3.0557291507720947, loss=3.16086745262146
I0307 03:38:48.630656 139958455088896 logging_writer.py:48] [3900] global_step=3900, grad_norm=2.8747377395629883, loss=2.964712619781494
I0307 03:39:26.842556 139958446696192 logging_writer.py:48] [4000] global_step=4000, grad_norm=2.7875308990478516, loss=3.064246416091919
I0307 03:39:45.371740 140114851837120 spec.py:321] Evaluating on the training split.
I0307 03:39:56.729047 140114851837120 spec.py:333] Evaluating on the validation split.
I0307 03:40:15.070736 140114851837120 spec.py:349] Evaluating on the test split.
I0307 03:40:16.969601 140114851837120 submission_runner.py:469] Time since start: 1808.31s, 	Step: 4049, 	{'train/accuracy': 0.4413265287876129, 'train/loss': 2.4695708751678467, 'validation/accuracy': 0.3942199945449829, 'validation/loss': 2.749650478363037, 'validation/num_examples': 50000, 'test/accuracy': 0.2955000102519989, 'test/loss': 3.4448471069335938, 'test/num_examples': 10000, 'score': 1587.8253746032715, 'total_duration': 1808.3067936897278, 'accumulated_submission_time': 1587.8253746032715, 'accumulated_eval_time': 219.8057723045349, 'accumulated_logging_time': 0.15940308570861816}
I0307 03:40:16.993776 139958455088896 logging_writer.py:48] [4049] accumulated_eval_time=219.806, accumulated_logging_time=0.159403, accumulated_submission_time=1587.83, global_step=4049, preemption_count=0, score=1587.83, test/accuracy=0.2955, test/loss=3.44485, test/num_examples=10000, total_duration=1808.31, train/accuracy=0.441327, train/loss=2.46957, validation/accuracy=0.39422, validation/loss=2.74965, validation/num_examples=50000
I0307 03:40:36.883864 139958446696192 logging_writer.py:48] [4100] global_step=4100, grad_norm=2.4714457988739014, loss=2.9218037128448486
I0307 03:41:14.860364 139958455088896 logging_writer.py:48] [4200] global_step=4200, grad_norm=2.1857001781463623, loss=2.898159980773926
I0307 03:41:53.249112 139958446696192 logging_writer.py:48] [4300] global_step=4300, grad_norm=2.539231300354004, loss=2.8392086029052734
I0307 03:42:31.396338 139958455088896 logging_writer.py:48] [4400] global_step=4400, grad_norm=2.6007840633392334, loss=2.8866801261901855
I0307 03:43:09.712044 139958446696192 logging_writer.py:48] [4500] global_step=4500, grad_norm=3.0393881797790527, loss=2.7465617656707764
I0307 03:43:47.582282 139958455088896 logging_writer.py:48] [4600] global_step=4600, grad_norm=2.8137712478637695, loss=2.6731302738189697
I0307 03:44:25.792278 139958446696192 logging_writer.py:48] [4700] global_step=4700, grad_norm=2.3340067863464355, loss=2.7384958267211914
I0307 03:45:03.726356 139958455088896 logging_writer.py:48] [4800] global_step=4800, grad_norm=2.2971458435058594, loss=2.8735711574554443
I0307 03:45:42.026852 139958446696192 logging_writer.py:48] [4900] global_step=4900, grad_norm=2.1183063983917236, loss=2.7056262493133545
I0307 03:46:20.306046 139958455088896 logging_writer.py:48] [5000] global_step=5000, grad_norm=3.0050222873687744, loss=2.7270328998565674
I0307 03:46:58.535765 139958446696192 logging_writer.py:48] [5100] global_step=5100, grad_norm=1.8725526332855225, loss=2.5957491397857666
I0307 03:47:36.658350 139958455088896 logging_writer.py:48] [5200] global_step=5200, grad_norm=1.7982556819915771, loss=2.741605520248413
I0307 03:48:14.987116 139958446696192 logging_writer.py:48] [5300] global_step=5300, grad_norm=2.187596559524536, loss=2.736098527908325
I0307 03:48:47.006943 140114851837120 spec.py:321] Evaluating on the training split.
I0307 03:48:58.394129 140114851837120 spec.py:333] Evaluating on the validation split.
I0307 03:49:19.326984 140114851837120 spec.py:349] Evaluating on the test split.
I0307 03:49:21.141345 140114851837120 submission_runner.py:469] Time since start: 2352.48s, 	Step: 5385, 	{'train/accuracy': 0.5342793464660645, 'train/loss': 1.9912950992584229, 'validation/accuracy': 0.4821600019931793, 'validation/loss': 2.259072780609131, 'validation/num_examples': 50000, 'test/accuracy': 0.36830002069473267, 'test/loss': 2.961452007293701, 'test/num_examples': 10000, 'score': 2097.672739982605, 'total_duration': 2352.478568315506, 'accumulated_submission_time': 2097.672739982605, 'accumulated_eval_time': 253.9401466846466, 'accumulated_logging_time': 0.1956174373626709}
I0307 03:49:21.216342 139958455088896 logging_writer.py:48] [5385] accumulated_eval_time=253.94, accumulated_logging_time=0.195617, accumulated_submission_time=2097.67, global_step=5385, preemption_count=0, score=2097.67, test/accuracy=0.3683, test/loss=2.96145, test/num_examples=10000, total_duration=2352.48, train/accuracy=0.534279, train/loss=1.9913, validation/accuracy=0.48216, validation/loss=2.25907, validation/num_examples=50000
I0307 03:49:27.294184 139958446696192 logging_writer.py:48] [5400] global_step=5400, grad_norm=2.353290557861328, loss=2.5980730056762695
I0307 03:50:05.454434 139958455088896 logging_writer.py:48] [5500] global_step=5500, grad_norm=2.101269245147705, loss=2.5561540126800537
I0307 03:50:43.332391 139958446696192 logging_writer.py:48] [5600] global_step=5600, grad_norm=2.210263729095459, loss=2.535104513168335
I0307 03:51:21.659837 139958455088896 logging_writer.py:48] [5700] global_step=5700, grad_norm=2.206078052520752, loss=2.450174331665039
I0307 03:51:59.693017 139958446696192 logging_writer.py:48] [5800] global_step=5800, grad_norm=2.2288107872009277, loss=2.4876608848571777
I0307 03:52:37.857205 139958455088896 logging_writer.py:48] [5900] global_step=5900, grad_norm=2.3511369228363037, loss=2.705270290374756
I0307 03:53:16.015128 139958446696192 logging_writer.py:48] [6000] global_step=6000, grad_norm=2.031294107437134, loss=2.41278338432312
I0307 03:53:54.393023 139958455088896 logging_writer.py:48] [6100] global_step=6100, grad_norm=2.43917179107666, loss=2.4978439807891846
I0307 03:54:32.833108 139958446696192 logging_writer.py:48] [6200] global_step=6200, grad_norm=3.095970630645752, loss=2.4513254165649414
I0307 03:55:10.715764 139958455088896 logging_writer.py:48] [6300] global_step=6300, grad_norm=2.1371142864227295, loss=2.5028016567230225
I0307 03:55:49.182565 139958446696192 logging_writer.py:48] [6400] global_step=6400, grad_norm=2.8738362789154053, loss=2.4988293647766113
I0307 03:56:27.131083 139958455088896 logging_writer.py:48] [6500] global_step=6500, grad_norm=2.3101141452789307, loss=2.482828140258789
I0307 03:57:05.183356 139958446696192 logging_writer.py:48] [6600] global_step=6600, grad_norm=2.0492897033691406, loss=2.400455951690674
I0307 03:57:43.663520 139958455088896 logging_writer.py:48] [6700] global_step=6700, grad_norm=1.8186883926391602, loss=2.2740159034729004
I0307 03:57:51.404408 140114851837120 spec.py:321] Evaluating on the training split.
I0307 03:58:02.763318 140114851837120 spec.py:333] Evaluating on the validation split.
I0307 03:58:25.464941 140114851837120 spec.py:349] Evaluating on the test split.
I0307 03:58:27.314346 140114851837120 submission_runner.py:469] Time since start: 2898.65s, 	Step: 6721, 	{'train/accuracy': 0.5532923936843872, 'train/loss': 1.8886045217514038, 'validation/accuracy': 0.49771997332572937, 'validation/loss': 2.190770387649536, 'validation/num_examples': 50000, 'test/accuracy': 0.38050001859664917, 'test/loss': 2.974987506866455, 'test/num_examples': 10000, 'score': 2607.7103476524353, 'total_duration': 2898.6515686511993, 'accumulated_submission_time': 2607.7103476524353, 'accumulated_eval_time': 289.8500511646271, 'accumulated_logging_time': 0.2792384624481201}
I0307 03:58:27.358782 139958446696192 logging_writer.py:48] [6721] accumulated_eval_time=289.85, accumulated_logging_time=0.279238, accumulated_submission_time=2607.71, global_step=6721, preemption_count=0, score=2607.71, test/accuracy=0.3805, test/loss=2.97499, test/num_examples=10000, total_duration=2898.65, train/accuracy=0.553292, train/loss=1.8886, validation/accuracy=0.49772, validation/loss=2.19077, validation/num_examples=50000
I0307 03:58:57.631370 139958455088896 logging_writer.py:48] [6800] global_step=6800, grad_norm=2.399522304534912, loss=2.3187897205352783
I0307 03:59:35.446302 139958446696192 logging_writer.py:48] [6900] global_step=6900, grad_norm=1.966009259223938, loss=2.2761642932891846
I0307 04:00:13.988907 139958455088896 logging_writer.py:48] [7000] global_step=7000, grad_norm=2.819890022277832, loss=2.1969985961914062
I0307 04:00:52.278278 139958446696192 logging_writer.py:48] [7100] global_step=7100, grad_norm=2.3180925846099854, loss=2.2817373275756836
I0307 04:01:30.711946 139958455088896 logging_writer.py:48] [7200] global_step=7200, grad_norm=2.1173083782196045, loss=2.1855812072753906
I0307 04:02:08.823400 139958446696192 logging_writer.py:48] [7300] global_step=7300, grad_norm=2.3198626041412354, loss=2.2624268531799316
I0307 04:02:46.906961 139958455088896 logging_writer.py:48] [7400] global_step=7400, grad_norm=2.0313541889190674, loss=2.2721548080444336
I0307 04:03:25.249509 139958446696192 logging_writer.py:48] [7500] global_step=7500, grad_norm=2.2391281127929688, loss=2.284548759460449
I0307 04:04:04.127384 139958455088896 logging_writer.py:48] [7600] global_step=7600, grad_norm=2.463541269302368, loss=2.1958112716674805
I0307 04:04:42.319648 139958446696192 logging_writer.py:48] [7700] global_step=7700, grad_norm=1.7751238346099854, loss=2.242327928543091
I0307 04:05:21.141032 139958455088896 logging_writer.py:48] [7800] global_step=7800, grad_norm=1.8583849668502808, loss=2.2035717964172363
I0307 04:05:59.409615 139958446696192 logging_writer.py:48] [7900] global_step=7900, grad_norm=1.508779764175415, loss=2.297419548034668
I0307 04:06:37.628611 139958455088896 logging_writer.py:48] [8000] global_step=8000, grad_norm=1.9981215000152588, loss=2.3156867027282715
I0307 04:06:57.318661 140114851837120 spec.py:321] Evaluating on the training split.
I0307 04:07:08.067094 140114851837120 spec.py:333] Evaluating on the validation split.
I0307 04:07:30.608865 140114851837120 spec.py:349] Evaluating on the test split.
I0307 04:07:32.416054 140114851837120 submission_runner.py:469] Time since start: 3443.75s, 	Step: 8052, 	{'train/accuracy': 0.5985132455825806, 'train/loss': 1.6628903150558472, 'validation/accuracy': 0.5411199927330017, 'validation/loss': 1.9675277471542358, 'validation/num_examples': 50000, 'test/accuracy': 0.4173000156879425, 'test/loss': 2.738194227218628, 'test/num_examples': 10000, 'score': 3117.529729127884, 'total_duration': 3443.7532715797424, 'accumulated_submission_time': 3117.529729127884, 'accumulated_eval_time': 324.94742250442505, 'accumulated_logging_time': 0.33165979385375977}
I0307 04:07:32.444697 139958446696192 logging_writer.py:48] [8052] accumulated_eval_time=324.947, accumulated_logging_time=0.33166, accumulated_submission_time=3117.53, global_step=8052, preemption_count=0, score=3117.53, test/accuracy=0.4173, test/loss=2.73819, test/num_examples=10000, total_duration=3443.75, train/accuracy=0.598513, train/loss=1.66289, validation/accuracy=0.54112, validation/loss=1.96753, validation/num_examples=50000
I0307 04:07:51.448205 139958455088896 logging_writer.py:48] [8100] global_step=8100, grad_norm=1.7102675437927246, loss=2.2774906158447266
I0307 04:08:29.888243 139958446696192 logging_writer.py:48] [8200] global_step=8200, grad_norm=2.2149534225463867, loss=2.23954439163208
I0307 04:09:07.721213 139958455088896 logging_writer.py:48] [8300] global_step=8300, grad_norm=1.556829810142517, loss=2.097536087036133
I0307 04:09:45.816332 139958446696192 logging_writer.py:48] [8400] global_step=8400, grad_norm=2.7497076988220215, loss=2.214071035385132
I0307 04:10:24.063601 139958455088896 logging_writer.py:48] [8500] global_step=8500, grad_norm=1.978114128112793, loss=2.1811397075653076
I0307 04:11:02.461760 139958446696192 logging_writer.py:48] [8600] global_step=8600, grad_norm=2.2583203315734863, loss=2.113957166671753
I0307 04:11:40.885169 139958455088896 logging_writer.py:48] [8700] global_step=8700, grad_norm=1.4150352478027344, loss=2.11657452583313
I0307 04:12:19.097389 139958446696192 logging_writer.py:48] [8800] global_step=8800, grad_norm=1.6915607452392578, loss=2.207265853881836
I0307 04:12:57.861474 139958455088896 logging_writer.py:48] [8900] global_step=8900, grad_norm=1.7256736755371094, loss=2.199481248855591
I0307 04:13:36.145980 139958446696192 logging_writer.py:48] [9000] global_step=9000, grad_norm=2.4202089309692383, loss=2.1975011825561523
I0307 04:14:14.699228 139958455088896 logging_writer.py:48] [9100] global_step=9100, grad_norm=1.5280410051345825, loss=2.0879523754119873
I0307 04:14:53.212576 139958446696192 logging_writer.py:48] [9200] global_step=9200, grad_norm=1.9089839458465576, loss=2.2046151161193848
I0307 04:15:31.689791 139958455088896 logging_writer.py:48] [9300] global_step=9300, grad_norm=1.8605443239212036, loss=2.0152342319488525
I0307 04:16:02.417279 140114851837120 spec.py:321] Evaluating on the training split.
I0307 04:16:13.366490 140114851837120 spec.py:333] Evaluating on the validation split.
I0307 04:16:36.714109 140114851837120 spec.py:349] Evaluating on the test split.
I0307 04:16:38.554243 140114851837120 submission_runner.py:469] Time since start: 3989.89s, 	Step: 9381, 	{'train/accuracy': 0.616609513759613, 'train/loss': 1.5495808124542236, 'validation/accuracy': 0.5597599744796753, 'validation/loss': 1.8752597570419312, 'validation/num_examples': 50000, 'test/accuracy': 0.4319000244140625, 'test/loss': 2.651991605758667, 'test/num_examples': 10000, 'score': 3627.354485273361, 'total_duration': 3989.89146232605, 'accumulated_submission_time': 3627.354485273361, 'accumulated_eval_time': 361.0843553543091, 'accumulated_logging_time': 0.36838865280151367}
I0307 04:16:38.600652 139958446696192 logging_writer.py:48] [9381] accumulated_eval_time=361.084, accumulated_logging_time=0.368389, accumulated_submission_time=3627.35, global_step=9381, preemption_count=0, score=3627.35, test/accuracy=0.4319, test/loss=2.65199, test/num_examples=10000, total_duration=3989.89, train/accuracy=0.61661, train/loss=1.54958, validation/accuracy=0.55976, validation/loss=1.87526, validation/num_examples=50000
I0307 04:16:46.382578 139958455088896 logging_writer.py:48] [9400] global_step=9400, grad_norm=2.9726152420043945, loss=2.1010446548461914
I0307 04:17:24.883241 139958446696192 logging_writer.py:48] [9500] global_step=9500, grad_norm=1.7234114408493042, loss=1.9099180698394775
I0307 04:18:03.376250 139958455088896 logging_writer.py:48] [9600] global_step=9600, grad_norm=1.9011094570159912, loss=2.1433441638946533
I0307 04:18:41.524786 139958446696192 logging_writer.py:48] [9700] global_step=9700, grad_norm=1.70677649974823, loss=2.204739809036255
I0307 04:19:20.002073 139958455088896 logging_writer.py:48] [9800] global_step=9800, grad_norm=1.717026948928833, loss=1.9939265251159668
I0307 04:19:58.655240 139958446696192 logging_writer.py:48] [9900] global_step=9900, grad_norm=1.576187252998352, loss=2.0144925117492676
I0307 04:20:36.843721 139958455088896 logging_writer.py:48] [10000] global_step=10000, grad_norm=1.5836519002914429, loss=2.039613723754883
I0307 04:21:15.376172 139958446696192 logging_writer.py:48] [10100] global_step=10100, grad_norm=1.9675586223602295, loss=2.07127046585083
I0307 04:21:53.912369 139958455088896 logging_writer.py:48] [10200] global_step=10200, grad_norm=1.5401462316513062, loss=2.103214740753174
I0307 04:22:32.306352 139958446696192 logging_writer.py:48] [10300] global_step=10300, grad_norm=2.065264940261841, loss=2.1504576206207275
I0307 04:23:10.639429 139958455088896 logging_writer.py:48] [10400] global_step=10400, grad_norm=1.8908201456069946, loss=2.104532241821289
I0307 04:23:49.255989 139958446696192 logging_writer.py:48] [10500] global_step=10500, grad_norm=1.8116074800491333, loss=2.0616939067840576
I0307 04:24:27.739303 139958455088896 logging_writer.py:48] [10600] global_step=10600, grad_norm=1.9447826147079468, loss=2.058908700942993
I0307 04:25:06.070162 139958446696192 logging_writer.py:48] [10700] global_step=10700, grad_norm=1.748533844947815, loss=2.1241683959960938
I0307 04:25:08.741443 140114851837120 spec.py:321] Evaluating on the training split.
I0307 04:25:25.440820 140114851837120 spec.py:333] Evaluating on the validation split.
I0307 04:25:49.098107 140114851837120 spec.py:349] Evaluating on the test split.
I0307 04:25:50.913452 140114851837120 submission_runner.py:469] Time since start: 4542.25s, 	Step: 10708, 	{'train/accuracy': 0.6346460580825806, 'train/loss': 1.4815704822540283, 'validation/accuracy': 0.572439968585968, 'validation/loss': 1.8022783994674683, 'validation/num_examples': 50000, 'test/accuracy': 0.45180001854896545, 'test/loss': 2.528625965118408, 'test/num_examples': 10000, 'score': 4137.336168289185, 'total_duration': 4542.2506721019745, 'accumulated_submission_time': 4137.336168289185, 'accumulated_eval_time': 403.2563259601593, 'accumulated_logging_time': 0.42371392250061035}
I0307 04:25:51.041811 139958455088896 logging_writer.py:48] [10708] accumulated_eval_time=403.256, accumulated_logging_time=0.423714, accumulated_submission_time=4137.34, global_step=10708, preemption_count=0, score=4137.34, test/accuracy=0.4518, test/loss=2.52863, test/num_examples=10000, total_duration=4542.25, train/accuracy=0.634646, train/loss=1.48157, validation/accuracy=0.57244, validation/loss=1.80228, validation/num_examples=50000
I0307 04:26:26.683473 139958446696192 logging_writer.py:48] [10800] global_step=10800, grad_norm=1.7269277572631836, loss=2.0703887939453125
I0307 04:27:04.956449 139958455088896 logging_writer.py:48] [10900] global_step=10900, grad_norm=1.5174005031585693, loss=2.108327865600586
I0307 04:27:43.355731 139958446696192 logging_writer.py:48] [11000] global_step=11000, grad_norm=1.6584504842758179, loss=2.061211585998535
I0307 04:28:21.880708 139958455088896 logging_writer.py:48] [11100] global_step=11100, grad_norm=1.7688642740249634, loss=2.101553201675415
I0307 04:29:00.133497 139958446696192 logging_writer.py:48] [11200] global_step=11200, grad_norm=1.7355906963348389, loss=2.1348445415496826
I0307 04:29:38.784090 139958455088896 logging_writer.py:48] [11300] global_step=11300, grad_norm=1.6303881406784058, loss=2.017026424407959
I0307 04:30:17.301053 139958446696192 logging_writer.py:48] [11400] global_step=11400, grad_norm=1.704437017440796, loss=2.029625177383423
I0307 04:30:56.048508 139958455088896 logging_writer.py:48] [11500] global_step=11500, grad_norm=1.5728280544281006, loss=2.0492827892303467
I0307 04:31:34.383203 139958446696192 logging_writer.py:48] [11600] global_step=11600, grad_norm=1.8397865295410156, loss=2.026702404022217
I0307 04:32:12.693288 139958455088896 logging_writer.py:48] [11700] global_step=11700, grad_norm=1.6674460172653198, loss=1.8380491733551025
I0307 04:32:51.497242 139958446696192 logging_writer.py:48] [11800] global_step=11800, grad_norm=1.5616382360458374, loss=2.0502841472625732
I0307 04:33:29.649964 139958455088896 logging_writer.py:48] [11900] global_step=11900, grad_norm=1.8223363161087036, loss=1.9428757429122925
I0307 04:34:08.535244 139958446696192 logging_writer.py:48] [12000] global_step=12000, grad_norm=1.6725274324417114, loss=1.9492348432540894
I0307 04:34:20.920013 140114851837120 spec.py:321] Evaluating on the training split.
I0307 04:34:33.147053 140114851837120 spec.py:333] Evaluating on the validation split.
I0307 04:35:00.065328 140114851837120 spec.py:349] Evaluating on the test split.
I0307 04:35:01.869845 140114851837120 submission_runner.py:469] Time since start: 5093.21s, 	Step: 12033, 	{'train/accuracy': 0.631257951259613, 'train/loss': 1.4887652397155762, 'validation/accuracy': 0.5737599730491638, 'validation/loss': 1.8011565208435059, 'validation/num_examples': 50000, 'test/accuracy': 0.4471000134944916, 'test/loss': 2.5648012161254883, 'test/num_examples': 10000, 'score': 4647.0611782073975, 'total_duration': 5093.207044124603, 'accumulated_submission_time': 4647.0611782073975, 'accumulated_eval_time': 444.2060983181, 'accumulated_logging_time': 0.5600624084472656}
I0307 04:35:01.936743 139958455088896 logging_writer.py:48] [12033] accumulated_eval_time=444.206, accumulated_logging_time=0.560062, accumulated_submission_time=4647.06, global_step=12033, preemption_count=0, score=4647.06, test/accuracy=0.4471, test/loss=2.5648, test/num_examples=10000, total_duration=5093.21, train/accuracy=0.631258, train/loss=1.48877, validation/accuracy=0.57376, validation/loss=1.80116, validation/num_examples=50000
I0307 04:35:28.156945 139958446696192 logging_writer.py:48] [12100] global_step=12100, grad_norm=1.794585943222046, loss=2.0410330295562744
I0307 04:36:06.430623 139958455088896 logging_writer.py:48] [12200] global_step=12200, grad_norm=1.7873549461364746, loss=1.9097709655761719
I0307 04:36:44.824192 139958446696192 logging_writer.py:48] [12300] global_step=12300, grad_norm=1.804127812385559, loss=2.065913677215576
I0307 04:37:23.204723 139958455088896 logging_writer.py:48] [12400] global_step=12400, grad_norm=1.5838749408721924, loss=2.0143609046936035
I0307 04:38:01.689098 139958446696192 logging_writer.py:48] [12500] global_step=12500, grad_norm=1.5632145404815674, loss=1.8672648668289185
I0307 04:38:40.182309 139958455088896 logging_writer.py:48] [12600] global_step=12600, grad_norm=2.1277003288269043, loss=1.953787088394165
I0307 04:39:18.393070 139958446696192 logging_writer.py:48] [12700] global_step=12700, grad_norm=1.8304888010025024, loss=1.9987528324127197
I0307 04:39:56.882426 139958455088896 logging_writer.py:48] [12800] global_step=12800, grad_norm=1.3685874938964844, loss=1.912841796875
I0307 04:40:35.661543 139958446696192 logging_writer.py:48] [12900] global_step=12900, grad_norm=1.4481042623519897, loss=2.0435266494750977
I0307 04:41:14.575125 139958455088896 logging_writer.py:48] [13000] global_step=13000, grad_norm=1.4923312664031982, loss=2.0192437171936035
I0307 04:41:53.504537 139958446696192 logging_writer.py:48] [13100] global_step=13100, grad_norm=1.4966726303100586, loss=1.780875563621521
I0307 04:42:32.010662 139958455088896 logging_writer.py:48] [13200] global_step=13200, grad_norm=1.430992603302002, loss=1.9541661739349365
I0307 04:43:10.583742 139958446696192 logging_writer.py:48] [13300] global_step=13300, grad_norm=1.4787890911102295, loss=1.8486725091934204
I0307 04:43:31.940032 140114851837120 spec.py:321] Evaluating on the training split.
I0307 04:43:48.965934 140114851837120 spec.py:333] Evaluating on the validation split.
I0307 04:44:11.907194 140114851837120 spec.py:349] Evaluating on the test split.
I0307 04:44:13.727847 140114851837120 submission_runner.py:469] Time since start: 5645.06s, 	Step: 13356, 	{'train/accuracy': 0.6477399468421936, 'train/loss': 1.4090443849563599, 'validation/accuracy': 0.586899995803833, 'validation/loss': 1.7182719707489014, 'validation/num_examples': 50000, 'test/accuracy': 0.45590001344680786, 'test/loss': 2.4721691608428955, 'test/num_examples': 10000, 'score': 5156.9120326042175, 'total_duration': 5645.0649626255035, 'accumulated_submission_time': 5156.9120326042175, 'accumulated_eval_time': 485.9937734603882, 'accumulated_logging_time': 0.6360607147216797}
I0307 04:44:13.810664 139958455088896 logging_writer.py:48] [13356] accumulated_eval_time=485.994, accumulated_logging_time=0.636061, accumulated_submission_time=5156.91, global_step=13356, preemption_count=0, score=5156.91, test/accuracy=0.4559, test/loss=2.47217, test/num_examples=10000, total_duration=5645.06, train/accuracy=0.64774, train/loss=1.40904, validation/accuracy=0.5869, validation/loss=1.71827, validation/num_examples=50000
I0307 04:44:33.007205 139958446696192 logging_writer.py:48] [13400] global_step=13400, grad_norm=1.6791447401046753, loss=1.922492504119873
I0307 04:45:11.706969 139958455088896 logging_writer.py:48] [13500] global_step=13500, grad_norm=2.0988595485687256, loss=1.9783053398132324
I0307 04:45:50.240014 139958446696192 logging_writer.py:48] [13600] global_step=13600, grad_norm=1.9712024927139282, loss=1.9720640182495117
I0307 04:46:28.778352 139958455088896 logging_writer.py:48] [13700] global_step=13700, grad_norm=1.4053866863250732, loss=1.986659288406372
I0307 04:47:07.310376 139958446696192 logging_writer.py:48] [13800] global_step=13800, grad_norm=1.2783262729644775, loss=1.911372184753418
I0307 04:47:46.071480 139958455088896 logging_writer.py:48] [13900] global_step=13900, grad_norm=1.9559860229492188, loss=1.9830374717712402
I0307 04:48:24.737117 139958446696192 logging_writer.py:48] [14000] global_step=14000, grad_norm=1.469761848449707, loss=2.0163979530334473
I0307 04:49:03.545938 139958455088896 logging_writer.py:48] [14100] global_step=14100, grad_norm=1.6245315074920654, loss=1.9280749559402466
I0307 04:49:42.313335 139958446696192 logging_writer.py:48] [14200] global_step=14200, grad_norm=1.48980712890625, loss=1.9919604063034058
I0307 04:50:20.633236 139958455088896 logging_writer.py:48] [14300] global_step=14300, grad_norm=1.4643633365631104, loss=1.9133325815200806
I0307 04:50:58.994564 139958446696192 logging_writer.py:48] [14400] global_step=14400, grad_norm=1.4209955930709839, loss=1.8275622129440308
I0307 04:51:37.506418 139958455088896 logging_writer.py:48] [14500] global_step=14500, grad_norm=1.3821746110916138, loss=1.9267736673355103
I0307 04:52:15.913257 139958446696192 logging_writer.py:48] [14600] global_step=14600, grad_norm=1.5531805753707886, loss=1.956472396850586
I0307 04:52:44.037315 140114851837120 spec.py:321] Evaluating on the training split.
I0307 04:53:02.229511 140114851837120 spec.py:333] Evaluating on the validation split.
I0307 04:53:28.408004 140114851837120 spec.py:349] Evaluating on the test split.
I0307 04:53:30.189678 140114851837120 submission_runner.py:469] Time since start: 6201.53s, 	Step: 14674, 	{'train/accuracy': 0.6534597873687744, 'train/loss': 1.3843954801559448, 'validation/accuracy': 0.5932999849319458, 'validation/loss': 1.7101521492004395, 'validation/num_examples': 50000, 'test/accuracy': 0.4629000127315521, 'test/loss': 2.4998021125793457, 'test/num_examples': 10000, 'score': 5666.989051818848, 'total_duration': 6201.526761770248, 'accumulated_submission_time': 5666.989051818848, 'accumulated_eval_time': 532.1459667682648, 'accumulated_logging_time': 0.7269675731658936}
I0307 04:53:30.272058 139958455088896 logging_writer.py:48] [14674] accumulated_eval_time=532.146, accumulated_logging_time=0.726968, accumulated_submission_time=5666.99, global_step=14674, preemption_count=0, score=5666.99, test/accuracy=0.4629, test/loss=2.4998, test/num_examples=10000, total_duration=6201.53, train/accuracy=0.65346, train/loss=1.3844, validation/accuracy=0.5933, validation/loss=1.71015, validation/num_examples=50000
I0307 04:53:40.556769 139958446696192 logging_writer.py:48] [14700] global_step=14700, grad_norm=1.3954498767852783, loss=1.8893098831176758
I0307 04:54:18.379208 139958455088896 logging_writer.py:48] [14800] global_step=14800, grad_norm=1.6998038291931152, loss=1.9287716150283813
I0307 04:54:56.886532 139958446696192 logging_writer.py:48] [14900] global_step=14900, grad_norm=1.638964056968689, loss=1.974867820739746
I0307 04:55:35.589957 139958455088896 logging_writer.py:48] [15000] global_step=15000, grad_norm=1.6703964471817017, loss=2.0590403079986572
I0307 04:56:14.650406 139958446696192 logging_writer.py:48] [15100] global_step=15100, grad_norm=1.6871421337127686, loss=1.9095124006271362
I0307 04:56:53.019706 139958455088896 logging_writer.py:48] [15200] global_step=15200, grad_norm=1.7494248151779175, loss=1.9666962623596191
I0307 04:57:31.136470 139958446696192 logging_writer.py:48] [15300] global_step=15300, grad_norm=1.498869776725769, loss=1.8654191493988037
I0307 04:58:09.452943 139958455088896 logging_writer.py:48] [15400] global_step=15400, grad_norm=1.3509966135025024, loss=1.977690577507019
I0307 04:58:48.049191 139958446696192 logging_writer.py:48] [15500] global_step=15500, grad_norm=1.9638581275939941, loss=1.7914215326309204
I0307 04:59:27.212175 139958455088896 logging_writer.py:48] [15600] global_step=15600, grad_norm=1.4829996824264526, loss=1.7814409732818604
I0307 05:00:06.697868 139958446696192 logging_writer.py:48] [15700] global_step=15700, grad_norm=1.7080777883529663, loss=1.9149203300476074
I0307 05:00:45.543663 139958455088896 logging_writer.py:48] [15800] global_step=15800, grad_norm=1.5990082025527954, loss=1.7480427026748657
I0307 05:01:24.127948 139958446696192 logging_writer.py:48] [15900] global_step=15900, grad_norm=1.5129038095474243, loss=1.9239656925201416
I0307 05:02:00.545610 140114851837120 spec.py:321] Evaluating on the training split.
I0307 05:02:17.458524 140114851837120 spec.py:333] Evaluating on the validation split.
I0307 05:02:43.165687 140114851837120 spec.py:349] Evaluating on the test split.
I0307 05:02:44.963889 140114851837120 submission_runner.py:469] Time since start: 6756.30s, 	Step: 15995, 	{'train/accuracy': 0.6622090339660645, 'train/loss': 1.342408299446106, 'validation/accuracy': 0.5983999967575073, 'validation/loss': 1.6766204833984375, 'validation/num_examples': 50000, 'test/accuracy': 0.4706000089645386, 'test/loss': 2.452061414718628, 'test/num_examples': 10000, 'score': 6177.107513427734, 'total_duration': 6756.300977230072, 'accumulated_submission_time': 6177.107513427734, 'accumulated_eval_time': 576.5640850067139, 'accumulated_logging_time': 0.8178987503051758}
I0307 05:02:45.049776 139958455088896 logging_writer.py:48] [15995] accumulated_eval_time=576.564, accumulated_logging_time=0.817899, accumulated_submission_time=6177.11, global_step=15995, preemption_count=0, score=6177.11, test/accuracy=0.4706, test/loss=2.45206, test/num_examples=10000, total_duration=6756.3, train/accuracy=0.662209, train/loss=1.34241, validation/accuracy=0.5984, validation/loss=1.67662, validation/num_examples=50000
I0307 05:02:47.448934 139958446696192 logging_writer.py:48] [16000] global_step=16000, grad_norm=1.5187795162200928, loss=1.7747160196304321
I0307 05:03:25.932045 139958455088896 logging_writer.py:48] [16100] global_step=16100, grad_norm=1.9068541526794434, loss=1.9461884498596191
I0307 05:04:04.718600 139958446696192 logging_writer.py:48] [16200] global_step=16200, grad_norm=1.734354019165039, loss=1.8644297122955322
I0307 05:04:43.798083 139958455088896 logging_writer.py:48] [16300] global_step=16300, grad_norm=1.7167974710464478, loss=1.9037561416625977
I0307 05:05:23.203360 139958446696192 logging_writer.py:48] [16400] global_step=16400, grad_norm=1.5496872663497925, loss=1.8273999691009521
I0307 05:06:02.139273 139958455088896 logging_writer.py:48] [16500] global_step=16500, grad_norm=1.493830919265747, loss=1.7245877981185913
I0307 05:06:40.683326 139958446696192 logging_writer.py:48] [16600] global_step=16600, grad_norm=1.7595971822738647, loss=1.865810751914978
I0307 05:07:19.212584 139958455088896 logging_writer.py:48] [16700] global_step=16700, grad_norm=1.6147061586380005, loss=1.9352267980575562
I0307 05:07:57.767578 139958446696192 logging_writer.py:48] [16800] global_step=16800, grad_norm=1.7038158178329468, loss=1.9424622058868408
I0307 05:08:36.322334 139958455088896 logging_writer.py:48] [16900] global_step=16900, grad_norm=1.6952623128890991, loss=1.9452235698699951
I0307 05:09:15.236708 139958446696192 logging_writer.py:48] [17000] global_step=17000, grad_norm=1.3973078727722168, loss=1.927616000175476
I0307 05:09:53.832123 139958455088896 logging_writer.py:48] [17100] global_step=17100, grad_norm=1.5660852193832397, loss=1.84954833984375
I0307 05:10:32.238404 139958446696192 logging_writer.py:48] [17200] global_step=17200, grad_norm=1.4738842248916626, loss=1.918262243270874
I0307 05:11:10.632688 139958455088896 logging_writer.py:48] [17300] global_step=17300, grad_norm=1.6535606384277344, loss=1.8522639274597168
I0307 05:11:14.989356 140114851837120 spec.py:321] Evaluating on the training split.
I0307 05:11:32.128577 140114851837120 spec.py:333] Evaluating on the validation split.
I0307 05:11:55.814402 140114851837120 spec.py:349] Evaluating on the test split.
I0307 05:11:57.655724 140114851837120 submission_runner.py:469] Time since start: 7308.99s, 	Step: 17312, 	{'train/accuracy': 0.6724928021430969, 'train/loss': 1.2972861528396606, 'validation/accuracy': 0.6060999631881714, 'validation/loss': 1.6379177570343018, 'validation/num_examples': 50000, 'test/accuracy': 0.48330003023147583, 'test/loss': 2.385103225708008, 'test/num_examples': 10000, 'score': 6686.900541543961, 'total_duration': 7308.9928143024445, 'accumulated_submission_time': 6686.900541543961, 'accumulated_eval_time': 619.2302832603455, 'accumulated_logging_time': 0.9116013050079346}
I0307 05:11:57.682555 139958446696192 logging_writer.py:48] [17312] accumulated_eval_time=619.23, accumulated_logging_time=0.911601, accumulated_submission_time=6686.9, global_step=17312, preemption_count=0, score=6686.9, test/accuracy=0.4833, test/loss=2.3851, test/num_examples=10000, total_duration=7308.99, train/accuracy=0.672493, train/loss=1.29729, validation/accuracy=0.6061, validation/loss=1.63792, validation/num_examples=50000
I0307 05:12:31.887846 139958455088896 logging_writer.py:48] [17400] global_step=17400, grad_norm=1.4332993030548096, loss=2.021731376647949
I0307 05:13:10.103075 139958446696192 logging_writer.py:48] [17500] global_step=17500, grad_norm=1.7654290199279785, loss=1.8858603239059448
I0307 05:13:48.865660 139958455088896 logging_writer.py:48] [17600] global_step=17600, grad_norm=1.6187602281570435, loss=1.8164417743682861
I0307 05:14:27.443350 139958446696192 logging_writer.py:48] [17700] global_step=17700, grad_norm=1.4625898599624634, loss=1.8758622407913208
I0307 05:15:05.968054 139958455088896 logging_writer.py:48] [17800] global_step=17800, grad_norm=1.651663064956665, loss=1.9529913663864136
I0307 05:15:44.624465 139958446696192 logging_writer.py:48] [17900] global_step=17900, grad_norm=1.6904926300048828, loss=1.9254419803619385
I0307 05:16:22.910146 139958455088896 logging_writer.py:48] [18000] global_step=18000, grad_norm=1.5702283382415771, loss=1.749155879020691
I0307 05:17:01.522402 139958446696192 logging_writer.py:48] [18100] global_step=18100, grad_norm=1.535385251045227, loss=1.919593334197998
I0307 05:17:40.159768 139958455088896 logging_writer.py:48] [18200] global_step=18200, grad_norm=1.5541762113571167, loss=1.7371379137039185
I0307 05:18:18.613962 139958446696192 logging_writer.py:48] [18300] global_step=18300, grad_norm=1.5379239320755005, loss=1.7272175550460815
I0307 05:18:57.240538 139958455088896 logging_writer.py:48] [18400] global_step=18400, grad_norm=1.509568691253662, loss=1.7174667119979858
I0307 05:19:35.832475 139958446696192 logging_writer.py:48] [18500] global_step=18500, grad_norm=1.6954309940338135, loss=1.6919100284576416
I0307 05:20:14.602575 139958455088896 logging_writer.py:48] [18600] global_step=18600, grad_norm=1.5201860666275024, loss=1.7625175714492798
I0307 05:20:27.734463 140114851837120 spec.py:321] Evaluating on the training split.
