python submission_runner.py --framework=jax --workload=imagenet_resnet --submission_path=prize_qualification_baselines/external_tuning/jax_nadamw_full_budget.py --data_dir=/data/imagenet/jax --num_tuning_trials=1 --experiment_dir=/experiment_runs --experiment_name=submissions/rolling_leaderboard/external_tuning/baseline/study_1 --overwrite=True --save_checkpoints=False --rng_seed=511729757 --imagenet_v2_data_dir=/data/imagenet/jax --tuning_ruleset=external --tuning_search_space=prize_qualification_baselines/external_tuning/tuning_search_space.json --num_tuning_trials=5 --hparam_start_index=3 --hparam_end_index=4 2>&1 | tee -a /logs/imagenet_resnet_jax_03-07-2025-03-01-54.log
2025-03-07 03:02:11.497103: E external/local_xla/xla/stream_executor/cuda/cuda_fft.cc:477] Unable to register cuFFT factory: Attempting to register factory for plugin cuFFT when one has already been registered
WARNING: All log messages before absl::InitializeLog() is called are written to STDERR
E0000 00:00:1741316532.025004       9 cuda_dnn.cc:8310] Unable to register cuDNN factory: Attempting to register factory for plugin cuDNN when one has already been registered
E0000 00:00:1741316532.174601       9 cuda_blas.cc:1418] Unable to register cuBLAS factory: Attempting to register factory for plugin cuBLAS when one has already been registered
ERROR:root:Unable to import wandb.
Traceback (most recent call last):
  File "/algorithmic-efficiency/algoperf/logger_utils.py", line 27, in <module>
    import wandb  # pylint: disable=g-import-not-at-top
    ^^^^^^^^^^^^
ModuleNotFoundError: No module named 'wandb'
I0307 03:02:59.640272 140050941662400 logger_utils.py:81] Creating experiment directory at /experiment_runs/submissions/rolling_leaderboard/external_tuning/baseline/study_1/imagenet_resnet_jax.
I0307 03:03:02.599938 140050941662400 xla_bridge.py:884] Unable to initialize backend 'rocm': NOT_FOUND: Could not find registered platform with name: "rocm". Available platform names are: CUDA
I0307 03:03:02.603469 140050941662400 xla_bridge.py:884] Unable to initialize backend 'tpu': INTERNAL: Failed to open libtpu.so: libtpu.so: cannot open shared object file: No such file or directory
I0307 03:03:02.606113 140050941662400 submission_runner.py:606] Using RNG seed 511729757
I0307 03:03:08.603157 140050941662400 submission_runner.py:615] --- Tuning run 4/5 ---
I0307 03:03:08.603384 140050941662400 submission_runner.py:620] Creating tuning directory at /experiment_runs/submissions/rolling_leaderboard/external_tuning/baseline/study_1/imagenet_resnet_jax/trial_4.
I0307 03:03:08.603586 140050941662400 logger_utils.py:97] Saving hparams to /experiment_runs/submissions/rolling_leaderboard/external_tuning/baseline/study_1/imagenet_resnet_jax/trial_4/hparams.json.
I0307 03:03:08.846808 140050941662400 submission_runner.py:218] Initializing dataset.
I0307 03:03:10.553167 140050941662400 dataset_info.py:690] Load dataset info from /data/imagenet/jax/imagenet2012/5.1.0
I0307 03:03:10.901344 140050941662400 reader.py:261] Creating a tf.data.Dataset reading 1024 files located in folders: /data/imagenet/jax/imagenet2012/5.1.0.
I0307 03:03:11.242335 140050941662400 logging_logger.py:49] Constructing tf.data.Dataset imagenet2012 for split train, from /data/imagenet/jax/imagenet2012/5.1.0
I0307 03:03:13.082726 140050941662400 submission_runner.py:229] Initializing model.
I0307 03:03:36.779456 140050941662400 submission_runner.py:272] Initializing optimizer.
I0307 03:03:37.924701 140050941662400 submission_runner.py:279] Initializing metrics bundle.
I0307 03:03:37.924964 140050941662400 submission_runner.py:301] Initializing checkpoint and logger.
I0307 03:03:37.926108 140050941662400 checkpoints.py:1101] Found no checkpoint files in /experiment_runs/submissions/rolling_leaderboard/external_tuning/baseline/study_1/imagenet_resnet_jax/trial_4 with prefix checkpoint_
I0307 03:03:37.926213 140050941662400 submission_runner.py:321] Saving meta data to /experiment_runs/submissions/rolling_leaderboard/external_tuning/baseline/study_1/imagenet_resnet_jax/trial_4/meta_data_0.json.
I0307 03:03:38.621838 140050941662400 submission_runner.py:325] Saving flags to /experiment_runs/submissions/rolling_leaderboard/external_tuning/baseline/study_1/imagenet_resnet_jax/trial_4/flags_0.json.
I0307 03:03:38.903200 140050941662400 submission_runner.py:337] Starting training loop.
I0307 03:04:35.872913 139914596816640 logging_writer.py:48] [0] global_step=0, grad_norm=0.6763489842414856, loss=6.932281970977783
I0307 03:04:36.171169 140050941662400 spec.py:321] Evaluating on the training split.
I0307 03:04:36.632081 140050941662400 dataset_info.py:690] Load dataset info from /data/imagenet/jax/imagenet2012/5.1.0
I0307 03:04:36.656286 140050941662400 reader.py:261] Creating a tf.data.Dataset reading 1024 files located in folders: /data/imagenet/jax/imagenet2012/5.1.0.
I0307 03:04:36.698375 140050941662400 logging_logger.py:49] Constructing tf.data.Dataset imagenet2012 for split train, from /data/imagenet/jax/imagenet2012/5.1.0
I0307 03:04:55.749006 140050941662400 spec.py:333] Evaluating on the validation split.
I0307 03:04:56.305936 140050941662400 dataset_info.py:690] Load dataset info from /data/imagenet/jax/imagenet2012/5.1.0
I0307 03:04:56.338064 140050941662400 reader.py:261] Creating a tf.data.Dataset reading 64 files located in folders: /data/imagenet/jax/imagenet2012/5.1.0.
I0307 03:04:56.512418 140050941662400 logging_logger.py:49] Constructing tf.data.Dataset imagenet2012 for split validation, from /data/imagenet/jax/imagenet2012/5.1.0
I0307 03:05:38.429162 140050941662400 spec.py:349] Evaluating on the test split.
I0307 03:05:38.912147 140050941662400 dataset_info.py:690] Load dataset info from /data/imagenet/jax/imagenet_v2/matched-frequency/3.0.0
I0307 03:05:38.971862 140050941662400 reader.py:261] Creating a tf.data.Dataset reading 16 files located in folders: /data/imagenet/jax/imagenet_v2/matched-frequency/3.0.0.
I0307 03:05:39.068557 140050941662400 logging_logger.py:49] Constructing tf.data.Dataset imagenet_v2 for split test, from /data/imagenet/jax/imagenet_v2/matched-frequency/3.0.0
I0307 03:05:58.074061 140050941662400 submission_runner.py:469] Time since start: 139.17s, 	Step: 1, 	{'train/accuracy': 0.0012755101779475808, 'train/loss': 6.914036273956299, 'validation/accuracy': 0.001339999958872795, 'validation/loss': 6.914280891418457, 'validation/num_examples': 50000, 'test/accuracy': 0.0013000001199543476, 'test/loss': 6.913465976715088, 'test/num_examples': 10000, 'score': 57.26776361465454, 'total_duration': 139.17078804969788, 'accumulated_submission_time': 57.26776361465454, 'accumulated_eval_time': 81.9028148651123, 'accumulated_logging_time': 0}
I0307 03:05:58.101595 139894550664960 logging_writer.py:48] [1] accumulated_eval_time=81.9028, accumulated_logging_time=0, accumulated_submission_time=57.2678, global_step=1, preemption_count=0, score=57.2678, test/accuracy=0.0013, test/loss=6.91347, test/num_examples=10000, total_duration=139.171, train/accuracy=0.00127551, train/loss=6.91404, validation/accuracy=0.00134, validation/loss=6.91428, validation/num_examples=50000
I0307 03:06:34.445091 139894466803456 logging_writer.py:48] [100] global_step=100, grad_norm=0.7921770811080933, loss=6.647430419921875
I0307 03:07:10.868544 139894550664960 logging_writer.py:48] [200] global_step=200, grad_norm=0.9406744241714478, loss=6.2947821617126465
I0307 03:07:47.895873 139894466803456 logging_writer.py:48] [300] global_step=300, grad_norm=1.8690584897994995, loss=6.038278102874756
I0307 03:08:25.636070 139894550664960 logging_writer.py:48] [400] global_step=400, grad_norm=3.2987003326416016, loss=5.800247669219971
I0307 03:09:03.272838 139894466803456 logging_writer.py:48] [500] global_step=500, grad_norm=3.8682079315185547, loss=5.519508361816406
I0307 03:09:40.448041 139894550664960 logging_writer.py:48] [600] global_step=600, grad_norm=3.3264691829681396, loss=5.387824535369873
I0307 03:10:17.966927 139894466803456 logging_writer.py:48] [700] global_step=700, grad_norm=2.4872477054595947, loss=5.14946174621582
I0307 03:10:55.732415 139894550664960 logging_writer.py:48] [800] global_step=800, grad_norm=3.588956832885742, loss=5.056656360626221
I0307 03:11:33.665712 139894466803456 logging_writer.py:48] [900] global_step=900, grad_norm=2.56290864944458, loss=4.907764434814453
I0307 03:12:11.025216 139894550664960 logging_writer.py:48] [1000] global_step=1000, grad_norm=3.2912018299102783, loss=4.677592754364014
I0307 03:12:48.706712 139894466803456 logging_writer.py:48] [1100] global_step=1100, grad_norm=3.610295534133911, loss=4.572935104370117
I0307 03:13:26.371197 139894550664960 logging_writer.py:48] [1200] global_step=1200, grad_norm=3.5086677074432373, loss=4.411126613616943
I0307 03:14:03.864854 139894466803456 logging_writer.py:48] [1300] global_step=1300, grad_norm=1.8770438432693481, loss=4.140071392059326
I0307 03:14:28.145866 140050941662400 spec.py:321] Evaluating on the training split.
I0307 03:14:40.582484 140050941662400 spec.py:333] Evaluating on the validation split.
I0307 03:15:00.363480 140050941662400 spec.py:349] Evaluating on the test split.
I0307 03:15:02.277550 140050941662400 submission_runner.py:469] Time since start: 683.37s, 	Step: 1366, 	{'train/accuracy': 0.19393733143806458, 'train/loss': 4.09002161026001, 'validation/accuracy': 0.15984000265598297, 'validation/loss': 4.396219253540039, 'validation/num_examples': 50000, 'test/accuracy': 0.1251000016927719, 'test/loss': 4.906614303588867, 'test/num_examples': 10000, 'score': 567.101241350174, 'total_duration': 683.3743026256561, 'accumulated_submission_time': 567.101241350174, 'accumulated_eval_time': 116.03449773788452, 'accumulated_logging_time': 0.03821897506713867}
I0307 03:15:02.305108 139894559057664 logging_writer.py:48] [1366] accumulated_eval_time=116.034, accumulated_logging_time=0.038219, accumulated_submission_time=567.101, global_step=1366, preemption_count=0, score=567.101, test/accuracy=0.1251, test/loss=4.90661, test/num_examples=10000, total_duration=683.374, train/accuracy=0.193937, train/loss=4.09002, validation/accuracy=0.15984, validation/loss=4.39622, validation/num_examples=50000
I0307 03:15:15.583246 139894567450368 logging_writer.py:48] [1400] global_step=1400, grad_norm=3.775437593460083, loss=4.261959075927734
I0307 03:15:53.754316 139894559057664 logging_writer.py:48] [1500] global_step=1500, grad_norm=2.593994617462158, loss=4.199550151824951
I0307 03:16:30.856428 139894567450368 logging_writer.py:48] [1600] global_step=1600, grad_norm=4.306083679199219, loss=3.89699387550354
I0307 03:17:08.200527 139894559057664 logging_writer.py:48] [1700] global_step=1700, grad_norm=2.8429698944091797, loss=3.8359620571136475
I0307 03:17:45.779598 139894567450368 logging_writer.py:48] [1800] global_step=1800, grad_norm=2.0537564754486084, loss=3.8878660202026367
I0307 03:18:23.131018 139894559057664 logging_writer.py:48] [1900] global_step=1900, grad_norm=2.366311550140381, loss=3.7230358123779297
I0307 03:19:00.988949 139894567450368 logging_writer.py:48] [2000] global_step=2000, grad_norm=2.018460512161255, loss=3.527324914932251
I0307 03:19:38.978528 139894559057664 logging_writer.py:48] [2100] global_step=2100, grad_norm=1.948050856590271, loss=3.5157101154327393
I0307 03:20:16.670764 139894567450368 logging_writer.py:48] [2200] global_step=2200, grad_norm=2.1412391662597656, loss=3.5915184020996094
I0307 03:20:54.534941 139894559057664 logging_writer.py:48] [2300] global_step=2300, grad_norm=1.3226262331008911, loss=3.200000047683716
I0307 03:21:32.018479 139894567450368 logging_writer.py:48] [2400] global_step=2400, grad_norm=1.8487364053726196, loss=3.4244589805603027
I0307 03:22:09.016732 139894559057664 logging_writer.py:48] [2500] global_step=2500, grad_norm=1.544244408607483, loss=3.4118826389312744
I0307 03:22:45.403566 139894567450368 logging_writer.py:48] [2600] global_step=2600, grad_norm=2.2078042030334473, loss=3.318814754486084
I0307 03:23:23.060318 139894559057664 logging_writer.py:48] [2700] global_step=2700, grad_norm=1.7068939208984375, loss=3.29123854637146
I0307 03:23:32.335875 140050941662400 spec.py:321] Evaluating on the training split.
I0307 03:23:43.817212 140050941662400 spec.py:333] Evaluating on the validation split.
I0307 03:24:06.798081 140050941662400 spec.py:349] Evaluating on the test split.
I0307 03:24:08.604996 140050941662400 submission_runner.py:469] Time since start: 1229.70s, 	Step: 2726, 	{'train/accuracy': 0.3436702787876129, 'train/loss': 3.0623178482055664, 'validation/accuracy': 0.30357998609542847, 'validation/loss': 3.3523764610290527, 'validation/num_examples': 50000, 'test/accuracy': 0.22940000891685486, 'test/loss': 3.9628517627716064, 'test/num_examples': 10000, 'score': 1076.922331571579, 'total_duration': 1229.7017509937286, 'accumulated_submission_time': 1076.922331571579, 'accumulated_eval_time': 152.30359268188477, 'accumulated_logging_time': 0.07364583015441895}
I0307 03:24:08.637923 139894567450368 logging_writer.py:48] [2726] accumulated_eval_time=152.304, accumulated_logging_time=0.0736458, accumulated_submission_time=1076.92, global_step=2726, preemption_count=0, score=1076.92, test/accuracy=0.2294, test/loss=3.96285, test/num_examples=10000, total_duration=1229.7, train/accuracy=0.34367, train/loss=3.06232, validation/accuracy=0.30358, validation/loss=3.35238, validation/num_examples=50000
I0307 03:24:36.679106 139894559057664 logging_writer.py:48] [2800] global_step=2800, grad_norm=1.4904863834381104, loss=3.145021677017212
I0307 03:25:14.580421 139894567450368 logging_writer.py:48] [2900] global_step=2900, grad_norm=1.3028151988983154, loss=3.0736069679260254
I0307 03:25:52.709201 139894559057664 logging_writer.py:48] [3000] global_step=3000, grad_norm=1.2832415103912354, loss=3.1020405292510986
I0307 03:26:30.737095 139894567450368 logging_writer.py:48] [3100] global_step=3100, grad_norm=1.4565778970718384, loss=3.0425429344177246
I0307 03:27:08.593677 139894559057664 logging_writer.py:48] [3200] global_step=3200, grad_norm=1.7385964393615723, loss=3.0286526679992676
I0307 03:27:47.059982 139894567450368 logging_writer.py:48] [3300] global_step=3300, grad_norm=1.0887088775634766, loss=3.0730533599853516
I0307 03:28:25.221071 139894559057664 logging_writer.py:48] [3400] global_step=3400, grad_norm=0.9435563087463379, loss=3.0871810913085938
I0307 03:29:03.306030 139894567450368 logging_writer.py:48] [3500] global_step=3500, grad_norm=1.2439404726028442, loss=3.0295917987823486
I0307 03:29:41.441288 139894559057664 logging_writer.py:48] [3600] global_step=3600, grad_norm=0.8847976326942444, loss=2.9663422107696533
I0307 03:30:19.652957 139894567450368 logging_writer.py:48] [3700] global_step=3700, grad_norm=1.065894365310669, loss=3.108900308609009
I0307 03:30:57.517439 139894559057664 logging_writer.py:48] [3800] global_step=3800, grad_norm=0.9945256114006042, loss=3.1543736457824707
I0307 03:31:35.681029 139894567450368 logging_writer.py:48] [3900] global_step=3900, grad_norm=0.9644548892974854, loss=3.0361249446868896
I0307 03:32:13.859165 139894559057664 logging_writer.py:48] [4000] global_step=4000, grad_norm=0.8358186483383179, loss=3.0488333702087402
I0307 03:32:38.977686 140050941662400 spec.py:321] Evaluating on the training split.
I0307 03:32:50.231913 140050941662400 spec.py:333] Evaluating on the validation split.
I0307 03:33:08.980435 140050941662400 spec.py:349] Evaluating on the test split.
I0307 03:33:10.838685 140050941662400 submission_runner.py:469] Time since start: 1771.94s, 	Step: 4067, 	{'train/accuracy': 0.3639189898967743, 'train/loss': 2.980862617492676, 'validation/accuracy': 0.33131998777389526, 'validation/loss': 3.2336480617523193, 'validation/num_examples': 50000, 'test/accuracy': 0.2485000044107437, 'test/loss': 4.009598731994629, 'test/num_examples': 10000, 'score': 1587.0840775966644, 'total_duration': 1771.9354231357574, 'accumulated_submission_time': 1587.0840775966644, 'accumulated_eval_time': 184.16454124450684, 'accumulated_logging_time': 0.11448264122009277}
I0307 03:33:10.869693 139894567450368 logging_writer.py:48] [4067] accumulated_eval_time=184.165, accumulated_logging_time=0.114483, accumulated_submission_time=1587.08, global_step=4067, preemption_count=0, score=1587.08, test/accuracy=0.2485, test/loss=4.0096, test/num_examples=10000, total_duration=1771.94, train/accuracy=0.363919, train/loss=2.98086, validation/accuracy=0.33132, validation/loss=3.23365, validation/num_examples=50000
I0307 03:33:23.935202 139894559057664 logging_writer.py:48] [4100] global_step=4100, grad_norm=0.8347514867782593, loss=2.842373847961426
I0307 03:34:01.475748 139894567450368 logging_writer.py:48] [4200] global_step=4200, grad_norm=1.0370999574661255, loss=2.9377059936523438
I0307 03:34:39.213873 139894559057664 logging_writer.py:48] [4300] global_step=4300, grad_norm=0.9503316283226013, loss=2.8743252754211426
I0307 03:35:16.809604 139894567450368 logging_writer.py:48] [4400] global_step=4400, grad_norm=0.9965775012969971, loss=2.865525722503662
I0307 03:35:54.401292 139894559057664 logging_writer.py:48] [4500] global_step=4500, grad_norm=1.0479398965835571, loss=2.8362932205200195
I0307 03:36:32.623197 139894567450368 logging_writer.py:48] [4600] global_step=4600, grad_norm=0.8085862398147583, loss=2.649357318878174
I0307 03:37:10.349121 139894559057664 logging_writer.py:48] [4700] global_step=4700, grad_norm=0.9562653303146362, loss=2.8529863357543945
I0307 03:37:48.481621 139894567450368 logging_writer.py:48] [4800] global_step=4800, grad_norm=1.061912178993225, loss=2.7679758071899414
I0307 03:38:26.616614 139894559057664 logging_writer.py:48] [4900] global_step=4900, grad_norm=1.1671669483184814, loss=2.75917911529541
I0307 03:39:04.461121 139894567450368 logging_writer.py:48] [5000] global_step=5000, grad_norm=0.8313535451889038, loss=2.6673643589019775
I0307 03:39:42.145639 139894559057664 logging_writer.py:48] [5100] global_step=5100, grad_norm=0.8715870976448059, loss=2.6678218841552734
I0307 03:40:19.573615 139894567450368 logging_writer.py:48] [5200] global_step=5200, grad_norm=1.0861340761184692, loss=2.675926923751831
I0307 03:40:57.320451 139894559057664 logging_writer.py:48] [5300] global_step=5300, grad_norm=0.9728308916091919, loss=2.73616623878479
I0307 03:41:35.660263 139894567450368 logging_writer.py:48] [5400] global_step=5400, grad_norm=0.8957443833351135, loss=2.6802010536193848
I0307 03:41:40.885369 140050941662400 spec.py:321] Evaluating on the training split.
I0307 03:41:52.197283 140050941662400 spec.py:333] Evaluating on the validation split.
I0307 03:42:13.955337 140050941662400 spec.py:349] Evaluating on the test split.
I0307 03:42:15.738464 140050941662400 submission_runner.py:469] Time since start: 2316.84s, 	Step: 5415, 	{'train/accuracy': 0.35977357625961304, 'train/loss': 2.959120988845825, 'validation/accuracy': 0.33541998267173767, 'validation/loss': 3.1407690048217773, 'validation/num_examples': 50000, 'test/accuracy': 0.2524000108242035, 'test/loss': 3.831477165222168, 'test/num_examples': 10000, 'score': 2096.9187150001526, 'total_duration': 2316.8352077007294, 'accumulated_submission_time': 2096.9187150001526, 'accumulated_eval_time': 219.01759910583496, 'accumulated_logging_time': 0.1541295051574707}
I0307 03:42:15.767196 139894559057664 logging_writer.py:48] [5415] accumulated_eval_time=219.018, accumulated_logging_time=0.15413, accumulated_submission_time=2096.92, global_step=5415, preemption_count=0, score=2096.92, test/accuracy=0.2524, test/loss=3.83148, test/num_examples=10000, total_duration=2316.84, train/accuracy=0.359774, train/loss=2.95912, validation/accuracy=0.33542, validation/loss=3.14077, validation/num_examples=50000
I0307 03:42:48.710823 139894567450368 logging_writer.py:48] [5500] global_step=5500, grad_norm=1.020349383354187, loss=2.775015115737915
I0307 03:43:26.543786 139894559057664 logging_writer.py:48] [5600] global_step=5600, grad_norm=0.9181557893753052, loss=2.6239309310913086
I0307 03:44:04.419186 139894567450368 logging_writer.py:48] [5700] global_step=5700, grad_norm=0.8307871222496033, loss=2.7626078128814697
I0307 03:44:42.558753 139894559057664 logging_writer.py:48] [5800] global_step=5800, grad_norm=0.798823893070221, loss=2.6761765480041504
I0307 03:45:20.598450 139894567450368 logging_writer.py:48] [5900] global_step=5900, grad_norm=0.9068708419799805, loss=2.5537781715393066
I0307 03:45:58.305871 139894559057664 logging_writer.py:48] [6000] global_step=6000, grad_norm=0.8111592531204224, loss=2.5138187408447266
I0307 03:46:36.072669 139894567450368 logging_writer.py:48] [6100] global_step=6100, grad_norm=0.8657621145248413, loss=2.6365163326263428
I0307 03:47:13.924674 139894559057664 logging_writer.py:48] [6200] global_step=6200, grad_norm=0.8315244913101196, loss=2.495579719543457
I0307 03:47:51.706233 139894567450368 logging_writer.py:48] [6300] global_step=6300, grad_norm=0.9562776684761047, loss=2.459616184234619
I0307 03:48:29.575618 139894559057664 logging_writer.py:48] [6400] global_step=6400, grad_norm=0.9302310943603516, loss=2.6456217765808105
I0307 03:49:07.487210 139894567450368 logging_writer.py:48] [6500] global_step=6500, grad_norm=0.8151006102561951, loss=2.667210578918457
I0307 03:49:45.627276 139894559057664 logging_writer.py:48] [6600] global_step=6600, grad_norm=0.9958447813987732, loss=2.422079563140869
I0307 03:50:23.298402 139894567450368 logging_writer.py:48] [6700] global_step=6700, grad_norm=1.1479763984680176, loss=2.6102375984191895
I0307 03:50:45.982797 140050941662400 spec.py:321] Evaluating on the training split.
I0307 03:50:57.420843 140050941662400 spec.py:333] Evaluating on the validation split.
I0307 03:51:18.449579 140050941662400 spec.py:349] Evaluating on the test split.
I0307 03:51:20.272737 140050941662400 submission_runner.py:469] Time since start: 2861.37s, 	Step: 6761, 	{'train/accuracy': 0.36045119166374207, 'train/loss': 3.0153629779815674, 'validation/accuracy': 0.33069998025894165, 'validation/loss': 3.2171270847320557, 'validation/num_examples': 50000, 'test/accuracy': 0.24490001797676086, 'test/loss': 3.9743778705596924, 'test/num_examples': 10000, 'score': 2606.9692907333374, 'total_duration': 2861.3694908618927, 'accumulated_submission_time': 2606.9692907333374, 'accumulated_eval_time': 253.3075098991394, 'accumulated_logging_time': 0.19097661972045898}
I0307 03:51:20.295912 139894559057664 logging_writer.py:48] [6761] accumulated_eval_time=253.308, accumulated_logging_time=0.190977, accumulated_submission_time=2606.97, global_step=6761, preemption_count=0, score=2606.97, test/accuracy=0.2449, test/loss=3.97438, test/num_examples=10000, total_duration=2861.37, train/accuracy=0.360451, train/loss=3.01536, validation/accuracy=0.3307, validation/loss=3.21713, validation/num_examples=50000
I0307 03:51:35.672450 139894567450368 logging_writer.py:48] [6800] global_step=6800, grad_norm=0.9618680477142334, loss=2.560732364654541
I0307 03:52:13.792148 139894559057664 logging_writer.py:48] [6900] global_step=6900, grad_norm=0.9512386918067932, loss=2.480971336364746
I0307 03:52:51.407366 139894567450368 logging_writer.py:48] [7000] global_step=7000, grad_norm=0.948553740978241, loss=2.5300939083099365
I0307 03:53:28.588934 139894559057664 logging_writer.py:48] [7100] global_step=7100, grad_norm=0.980897068977356, loss=2.584904193878174
I0307 03:54:06.412076 139894567450368 logging_writer.py:48] [7200] global_step=7200, grad_norm=1.2016410827636719, loss=2.559415817260742
I0307 03:54:43.810781 139894559057664 logging_writer.py:48] [7300] global_step=7300, grad_norm=0.9751027226448059, loss=2.5323898792266846
I0307 03:55:21.428791 139894567450368 logging_writer.py:48] [7400] global_step=7400, grad_norm=0.9068699479103088, loss=2.603942394256592
I0307 03:55:59.027103 139894559057664 logging_writer.py:48] [7500] global_step=7500, grad_norm=1.11686372756958, loss=2.483196496963501
I0307 03:56:36.942991 139894567450368 logging_writer.py:48] [7600] global_step=7600, grad_norm=0.8890681266784668, loss=2.5591697692871094
I0307 03:57:15.090174 139894559057664 logging_writer.py:48] [7700] global_step=7700, grad_norm=0.9635341167449951, loss=2.749823570251465
I0307 03:57:52.999509 139894567450368 logging_writer.py:48] [7800] global_step=7800, grad_norm=1.095629334449768, loss=2.52781343460083
I0307 03:58:30.827238 139894559057664 logging_writer.py:48] [7900] global_step=7900, grad_norm=1.0842998027801514, loss=2.4830641746520996
I0307 03:59:08.648642 139894567450368 logging_writer.py:48] [8000] global_step=8000, grad_norm=1.0643609762191772, loss=2.5874078273773193
I0307 03:59:46.444386 139894559057664 logging_writer.py:48] [8100] global_step=8100, grad_norm=1.0267008543014526, loss=2.551234006881714
I0307 03:59:50.349736 140050941662400 spec.py:321] Evaluating on the training split.
I0307 04:00:01.545858 140050941662400 spec.py:333] Evaluating on the validation split.
I0307 04:00:26.267118 140050941662400 spec.py:349] Evaluating on the test split.
I0307 04:00:28.055595 140050941662400 submission_runner.py:469] Time since start: 3409.15s, 	Step: 8111, 	{'train/accuracy': 0.2926100194454193, 'train/loss': 3.4803214073181152, 'validation/accuracy': 0.264739990234375, 'validation/loss': 3.670687437057495, 'validation/num_examples': 50000, 'test/accuracy': 0.20230001211166382, 'test/loss': 4.283381938934326, 'test/num_examples': 10000, 'score': 3116.845325946808, 'total_duration': 3409.1523463726044, 'accumulated_submission_time': 3116.845325946808, 'accumulated_eval_time': 291.01332998275757, 'accumulated_logging_time': 0.2355666160583496}
I0307 04:00:28.084419 139894567450368 logging_writer.py:48] [8111] accumulated_eval_time=291.013, accumulated_logging_time=0.235567, accumulated_submission_time=3116.85, global_step=8111, preemption_count=0, score=3116.85, test/accuracy=0.2023, test/loss=4.28338, test/num_examples=10000, total_duration=3409.15, train/accuracy=0.29261, train/loss=3.48032, validation/accuracy=0.26474, validation/loss=3.67069, validation/num_examples=50000
I0307 04:01:02.264595 139894559057664 logging_writer.py:48] [8200] global_step=8200, grad_norm=1.0624794960021973, loss=2.4873576164245605
I0307 04:01:39.859549 139894567450368 logging_writer.py:48] [8300] global_step=8300, grad_norm=0.8702369332313538, loss=2.4864535331726074
I0307 04:02:17.444017 139894559057664 logging_writer.py:48] [8400] global_step=8400, grad_norm=1.0602753162384033, loss=2.6140084266662598
I0307 04:02:55.730961 139894567450368 logging_writer.py:48] [8500] global_step=8500, grad_norm=1.3420307636260986, loss=2.596942663192749
I0307 04:03:33.970137 139894559057664 logging_writer.py:48] [8600] global_step=8600, grad_norm=0.9065752625465393, loss=2.518449068069458
I0307 04:04:11.915609 139894567450368 logging_writer.py:48] [8700] global_step=8700, grad_norm=1.0244197845458984, loss=2.3882155418395996
I0307 04:04:49.681026 139894559057664 logging_writer.py:48] [8800] global_step=8800, grad_norm=0.930496871471405, loss=2.420903444290161
I0307 04:05:27.472868 139894567450368 logging_writer.py:48] [8900] global_step=8900, grad_norm=0.988411009311676, loss=2.509584426879883
I0307 04:06:05.163081 139894559057664 logging_writer.py:48] [9000] global_step=9000, grad_norm=1.1164886951446533, loss=2.539048194885254
I0307 04:06:43.296526 139894567450368 logging_writer.py:48] [9100] global_step=9100, grad_norm=0.9377300143241882, loss=2.4184799194335938
I0307 04:07:20.799193 139894559057664 logging_writer.py:48] [9200] global_step=9200, grad_norm=0.9250001311302185, loss=2.4451661109924316
I0307 04:07:59.074900 139894567450368 logging_writer.py:48] [9300] global_step=9300, grad_norm=1.2002867460250854, loss=2.387315511703491
I0307 04:08:36.641272 139894559057664 logging_writer.py:48] [9400] global_step=9400, grad_norm=1.0200846195220947, loss=2.567840576171875
I0307 04:08:58.245083 140050941662400 spec.py:321] Evaluating on the training split.
I0307 04:09:09.368637 140050941662400 spec.py:333] Evaluating on the validation split.
I0307 04:09:32.541226 140050941662400 spec.py:349] Evaluating on the test split.
I0307 04:09:34.354404 140050941662400 submission_runner.py:469] Time since start: 3955.45s, 	Step: 9458, 	{'train/accuracy': 0.4260004758834839, 'train/loss': 2.5971479415893555, 'validation/accuracy': 0.39563998579978943, 'validation/loss': 2.8102974891662598, 'validation/num_examples': 50000, 'test/accuracy': 0.30170002579689026, 'test/loss': 3.5090537071228027, 'test/num_examples': 10000, 'score': 3626.829142808914, 'total_duration': 3955.451154947281, 'accumulated_submission_time': 3626.829142808914, 'accumulated_eval_time': 327.12261295318604, 'accumulated_logging_time': 0.2720615863800049}
I0307 04:09:34.392987 139894567450368 logging_writer.py:48] [9458] accumulated_eval_time=327.123, accumulated_logging_time=0.272062, accumulated_submission_time=3626.83, global_step=9458, preemption_count=0, score=3626.83, test/accuracy=0.3017, test/loss=3.50905, test/num_examples=10000, total_duration=3955.45, train/accuracy=0.426, train/loss=2.59715, validation/accuracy=0.39564, validation/loss=2.8103, validation/num_examples=50000
I0307 04:09:50.628661 139894559057664 logging_writer.py:48] [9500] global_step=9500, grad_norm=1.1332919597625732, loss=2.473090648651123
I0307 04:10:28.734358 139894567450368 logging_writer.py:48] [9600] global_step=9600, grad_norm=1.1415975093841553, loss=2.4690451622009277
I0307 04:11:07.016066 139894559057664 logging_writer.py:48] [9700] global_step=9700, grad_norm=1.1070674657821655, loss=2.444582939147949
I0307 04:11:45.706940 139894567450368 logging_writer.py:48] [9800] global_step=9800, grad_norm=0.9821980595588684, loss=2.521512508392334
I0307 04:12:24.044666 139894559057664 logging_writer.py:48] [9900] global_step=9900, grad_norm=0.9841157793998718, loss=2.4924046993255615
I0307 04:13:02.532749 139894567450368 logging_writer.py:48] [10000] global_step=10000, grad_norm=1.0179779529571533, loss=2.4906232357025146
I0307 04:13:39.748309 139894559057664 logging_writer.py:48] [10100] global_step=10100, grad_norm=0.9717625379562378, loss=2.3961679935455322
I0307 04:14:17.017720 139894567450368 logging_writer.py:48] [10200] global_step=10200, grad_norm=0.9737105965614319, loss=2.479417562484741
I0307 04:14:53.957665 139894559057664 logging_writer.py:48] [10300] global_step=10300, grad_norm=0.9817509651184082, loss=2.4876933097839355
I0307 04:15:31.058847 139894567450368 logging_writer.py:48] [10400] global_step=10400, grad_norm=0.9304100275039673, loss=2.573199987411499
I0307 04:16:07.881281 139894559057664 logging_writer.py:48] [10500] global_step=10500, grad_norm=1.1516053676605225, loss=2.5508899688720703
I0307 04:16:45.495685 139894567450368 logging_writer.py:48] [10600] global_step=10600, grad_norm=1.145656943321228, loss=2.3349015712738037
I0307 04:17:24.112103 139894559057664 logging_writer.py:48] [10700] global_step=10700, grad_norm=0.9853513836860657, loss=2.3664777278900146
I0307 04:18:02.312648 139894567450368 logging_writer.py:48] [10800] global_step=10800, grad_norm=1.159298300743103, loss=2.570425510406494
I0307 04:18:04.632697 140050941662400 spec.py:321] Evaluating on the training split.
I0307 04:18:17.048464 140050941662400 spec.py:333] Evaluating on the validation split.
I0307 04:18:38.256240 140050941662400 spec.py:349] Evaluating on the test split.
I0307 04:18:40.059128 140050941662400 submission_runner.py:469] Time since start: 4501.16s, 	Step: 10807, 	{'train/accuracy': 0.29348692297935486, 'train/loss': 3.6059610843658447, 'validation/accuracy': 0.2662999927997589, 'validation/loss': 3.812204360961914, 'validation/num_examples': 50000, 'test/accuracy': 0.1859000027179718, 'test/loss': 4.66912841796875, 'test/num_examples': 10000, 'score': 4136.896089792252, 'total_duration': 4501.155874967575, 'accumulated_submission_time': 4136.896089792252, 'accumulated_eval_time': 362.54900217056274, 'accumulated_logging_time': 0.3199045658111572}
I0307 04:18:40.154928 139894559057664 logging_writer.py:48] [10807] accumulated_eval_time=362.549, accumulated_logging_time=0.319905, accumulated_submission_time=4136.9, global_step=10807, preemption_count=0, score=4136.9, test/accuracy=0.1859, test/loss=4.66913, test/num_examples=10000, total_duration=4501.16, train/accuracy=0.293487, train/loss=3.60596, validation/accuracy=0.2663, validation/loss=3.8122, validation/num_examples=50000
I0307 04:19:15.995769 139894567450368 logging_writer.py:48] [10900] global_step=10900, grad_norm=1.0536913871765137, loss=2.433712959289551
I0307 04:19:54.116434 139894559057664 logging_writer.py:48] [11000] global_step=11000, grad_norm=1.1241456270217896, loss=2.4040229320526123
I0307 04:20:32.514060 139894567450368 logging_writer.py:48] [11100] global_step=11100, grad_norm=0.8777346014976501, loss=2.395653486251831
I0307 04:21:10.960039 139894559057664 logging_writer.py:48] [11200] global_step=11200, grad_norm=1.093430995941162, loss=2.3132193088531494
I0307 04:21:49.275435 139894567450368 logging_writer.py:48] [11300] global_step=11300, grad_norm=1.2390598058700562, loss=2.364769458770752
I0307 04:22:27.631168 139894559057664 logging_writer.py:48] [11400] global_step=11400, grad_norm=0.9965201020240784, loss=2.5711212158203125
I0307 04:23:05.719868 139894567450368 logging_writer.py:48] [11500] global_step=11500, grad_norm=1.0686746835708618, loss=2.467886447906494
I0307 04:23:44.197592 139894559057664 logging_writer.py:48] [11600] global_step=11600, grad_norm=0.981048047542572, loss=2.3704583644866943
I0307 04:24:22.624226 139894567450368 logging_writer.py:48] [11700] global_step=11700, grad_norm=0.8812399506568909, loss=2.4431662559509277
I0307 04:25:00.742260 139894559057664 logging_writer.py:48] [11800] global_step=11800, grad_norm=1.0622515678405762, loss=2.4496898651123047
I0307 04:25:39.165158 139894567450368 logging_writer.py:48] [11900] global_step=11900, grad_norm=0.9870331883430481, loss=2.3590736389160156
I0307 04:26:17.628857 139894559057664 logging_writer.py:48] [12000] global_step=12000, grad_norm=0.9899832606315613, loss=2.4297432899475098
I0307 04:26:55.798368 139894567450368 logging_writer.py:48] [12100] global_step=12100, grad_norm=0.9687281847000122, loss=2.474677085876465
I0307 04:27:10.224791 140050941662400 spec.py:321] Evaluating on the training split.
I0307 04:27:21.134022 140050941662400 spec.py:333] Evaluating on the validation split.
I0307 04:27:42.815040 140050941662400 spec.py:349] Evaluating on the test split.
I0307 04:27:44.654525 140050941662400 submission_runner.py:469] Time since start: 5045.75s, 	Step: 12139, 	{'train/accuracy': 0.27130499482154846, 'train/loss': 3.673388719558716, 'validation/accuracy': 0.2638799846172333, 'validation/loss': 3.7236242294311523, 'validation/num_examples': 50000, 'test/accuracy': 0.1868000030517578, 'test/loss': 4.45974063873291, 'test/num_examples': 10000, 'score': 4646.833619832993, 'total_duration': 5045.751278400421, 'accumulated_submission_time': 4646.833619832993, 'accumulated_eval_time': 396.9786994457245, 'accumulated_logging_time': 0.42337989807128906}
I0307 04:27:44.687037 139894559057664 logging_writer.py:48] [12139] accumulated_eval_time=396.979, accumulated_logging_time=0.42338, accumulated_submission_time=4646.83, global_step=12139, preemption_count=0, score=4646.83, test/accuracy=0.1868, test/loss=4.45974, test/num_examples=10000, total_duration=5045.75, train/accuracy=0.271305, train/loss=3.67339, validation/accuracy=0.26388, validation/loss=3.72362, validation/num_examples=50000
I0307 04:28:08.524112 139894567450368 logging_writer.py:48] [12200] global_step=12200, grad_norm=0.9734624028205872, loss=2.4951837062835693
I0307 04:28:47.070214 139894559057664 logging_writer.py:48] [12300] global_step=12300, grad_norm=1.1187440156936646, loss=2.4408740997314453
I0307 04:29:25.195300 139894567450368 logging_writer.py:48] [12400] global_step=12400, grad_norm=1.1044684648513794, loss=2.487591505050659
I0307 04:30:03.498722 139894559057664 logging_writer.py:48] [12500] global_step=12500, grad_norm=0.9831269979476929, loss=2.4793057441711426
I0307 04:30:41.605647 139894567450368 logging_writer.py:48] [12600] global_step=12600, grad_norm=1.0509965419769287, loss=2.5041897296905518
I0307 04:31:19.952198 139894559057664 logging_writer.py:48] [12700] global_step=12700, grad_norm=0.958448052406311, loss=2.398344039916992
I0307 04:31:58.070293 139894567450368 logging_writer.py:48] [12800] global_step=12800, grad_norm=0.9672693014144897, loss=2.326082468032837
I0307 04:32:36.102729 139894559057664 logging_writer.py:48] [12900] global_step=12900, grad_norm=0.9918724894523621, loss=2.380021572113037
I0307 04:33:14.204471 139894567450368 logging_writer.py:48] [13000] global_step=13000, grad_norm=1.1363558769226074, loss=2.495687484741211
I0307 04:33:52.377074 139894559057664 logging_writer.py:48] [13100] global_step=13100, grad_norm=1.0274368524551392, loss=2.5004987716674805
I0307 04:34:30.390137 139894567450368 logging_writer.py:48] [13200] global_step=13200, grad_norm=1.0107921361923218, loss=2.4175448417663574
I0307 04:35:08.808643 139894559057664 logging_writer.py:48] [13300] global_step=13300, grad_norm=0.9723122119903564, loss=2.353586435317993
I0307 04:35:47.050929 139894567450368 logging_writer.py:48] [13400] global_step=13400, grad_norm=1.2282124757766724, loss=2.414170265197754
I0307 04:36:14.791396 140050941662400 spec.py:321] Evaluating on the training split.
I0307 04:36:27.410002 140050941662400 spec.py:333] Evaluating on the validation split.
I0307 04:36:51.058269 140050941662400 spec.py:349] Evaluating on the test split.
I0307 04:36:52.885064 140050941662400 submission_runner.py:469] Time since start: 5593.98s, 	Step: 13474, 	{'train/accuracy': 0.3152901828289032, 'train/loss': 3.298755407333374, 'validation/accuracy': 0.2900799810886383, 'validation/loss': 3.493664503097534, 'validation/num_examples': 50000, 'test/accuracy': 0.2142000049352646, 'test/loss': 4.238362789154053, 'test/num_examples': 10000, 'score': 5156.796553850174, 'total_duration': 5593.981817483902, 'accumulated_submission_time': 5156.796553850174, 'accumulated_eval_time': 435.0723292827606, 'accumulated_logging_time': 0.46392059326171875}
I0307 04:36:52.936442 139894559057664 logging_writer.py:48] [13474] accumulated_eval_time=435.072, accumulated_logging_time=0.463921, accumulated_submission_time=5156.8, global_step=13474, preemption_count=0, score=5156.8, test/accuracy=0.2142, test/loss=4.23836, test/num_examples=10000, total_duration=5593.98, train/accuracy=0.31529, train/loss=3.29876, validation/accuracy=0.29008, validation/loss=3.49366, validation/num_examples=50000
I0307 04:37:03.398065 139894567450368 logging_writer.py:48] [13500] global_step=13500, grad_norm=1.1368533372879028, loss=2.424908399581909
I0307 04:37:41.750705 139894559057664 logging_writer.py:48] [13600] global_step=13600, grad_norm=1.0545169115066528, loss=2.3709113597869873
I0307 04:38:19.741163 139894567450368 logging_writer.py:48] [13700] global_step=13700, grad_norm=1.0353646278381348, loss=2.3782739639282227
I0307 04:38:58.471954 139894559057664 logging_writer.py:48] [13800] global_step=13800, grad_norm=0.9897748827934265, loss=2.474616765975952
I0307 04:39:36.702248 139894567450368 logging_writer.py:48] [13900] global_step=13900, grad_norm=1.026857614517212, loss=2.3165581226348877
I0307 04:40:14.960069 139894559057664 logging_writer.py:48] [14000] global_step=14000, grad_norm=1.0428963899612427, loss=2.4130239486694336
I0307 04:40:53.196042 139894567450368 logging_writer.py:48] [14100] global_step=14100, grad_norm=1.1471134424209595, loss=2.3968546390533447
I0307 04:41:31.261363 139894559057664 logging_writer.py:48] [14200] global_step=14200, grad_norm=0.9496210217475891, loss=2.3129067420959473
I0307 04:42:09.441512 139894567450368 logging_writer.py:48] [14300] global_step=14300, grad_norm=1.007496953010559, loss=2.3167295455932617
I0307 04:42:47.421712 139894559057664 logging_writer.py:48] [14400] global_step=14400, grad_norm=1.011608362197876, loss=2.277566909790039
I0307 04:43:25.453435 139894567450368 logging_writer.py:48] [14500] global_step=14500, grad_norm=1.14246666431427, loss=2.3931045532226562
I0307 04:44:06.131294 139894559057664 logging_writer.py:48] [14600] global_step=14600, grad_norm=1.0143146514892578, loss=2.4154303073883057
I0307 04:44:44.566094 139894567450368 logging_writer.py:48] [14700] global_step=14700, grad_norm=1.0385069847106934, loss=2.4352235794067383
I0307 04:45:22.606665 139894559057664 logging_writer.py:48] [14800] global_step=14800, grad_norm=0.9889237880706787, loss=2.3400630950927734
I0307 04:45:23.005450 140050941662400 spec.py:321] Evaluating on the training split.
I0307 04:45:39.029386 140050941662400 spec.py:333] Evaluating on the validation split.
I0307 04:46:00.860184 140050941662400 spec.py:349] Evaluating on the test split.
I0307 04:46:02.685063 140050941662400 submission_runner.py:469] Time since start: 6143.78s, 	Step: 14802, 	{'train/accuracy': 0.11832349747419357, 'train/loss': 5.744869232177734, 'validation/accuracy': 0.10957999527454376, 'validation/loss': 5.901554107666016, 'validation/num_examples': 50000, 'test/accuracy': 0.08180000633001328, 'test/loss': 6.412503242492676, 'test/num_examples': 10000, 'score': 5666.712646484375, 'total_duration': 6143.781819105148, 'accumulated_submission_time': 5666.712646484375, 'accumulated_eval_time': 474.75190806388855, 'accumulated_logging_time': 0.5230445861816406}
I0307 04:46:02.738379 139894567450368 logging_writer.py:48] [14802] accumulated_eval_time=474.752, accumulated_logging_time=0.523045, accumulated_submission_time=5666.71, global_step=14802, preemption_count=0, score=5666.71, test/accuracy=0.0818, test/loss=6.4125, test/num_examples=10000, total_duration=6143.78, train/accuracy=0.118323, train/loss=5.74487, validation/accuracy=0.10958, validation/loss=5.90155, validation/num_examples=50000
I0307 04:46:40.540374 139894559057664 logging_writer.py:48] [14900] global_step=14900, grad_norm=1.0016837120056152, loss=2.3366570472717285
I0307 04:47:18.843165 139894567450368 logging_writer.py:48] [15000] global_step=15000, grad_norm=0.9821677207946777, loss=2.432093858718872
I0307 04:47:57.103666 139894559057664 logging_writer.py:48] [15100] global_step=15100, grad_norm=1.0266263484954834, loss=2.3783843517303467
I0307 04:48:35.194911 139894567450368 logging_writer.py:48] [15200] global_step=15200, grad_norm=1.0147806406021118, loss=2.3708157539367676
I0307 04:49:13.334006 139894559057664 logging_writer.py:48] [15300] global_step=15300, grad_norm=1.0308105945587158, loss=2.5253331661224365
I0307 04:49:51.640809 139894567450368 logging_writer.py:48] [15400] global_step=15400, grad_norm=1.0346704721450806, loss=2.3166093826293945
I0307 04:50:30.112280 139894559057664 logging_writer.py:48] [15500] global_step=15500, grad_norm=0.9851934313774109, loss=2.407503128051758
I0307 04:51:08.502171 139894567450368 logging_writer.py:48] [15600] global_step=15600, grad_norm=1.0659898519515991, loss=2.3375320434570312
I0307 04:51:47.137063 139894559057664 logging_writer.py:48] [15700] global_step=15700, grad_norm=0.9961195588111877, loss=2.450528621673584
I0307 04:52:25.422956 139894567450368 logging_writer.py:48] [15800] global_step=15800, grad_norm=1.0749989748001099, loss=2.3760485649108887
I0307 04:53:03.663124 139894559057664 logging_writer.py:48] [15900] global_step=15900, grad_norm=1.086265206336975, loss=2.290060043334961
I0307 04:53:41.722041 139894567450368 logging_writer.py:48] [16000] global_step=16000, grad_norm=0.9793040752410889, loss=2.336364507675171
I0307 04:54:20.104474 139894559057664 logging_writer.py:48] [16100] global_step=16100, grad_norm=1.1209479570388794, loss=2.2875027656555176
I0307 04:54:32.714546 140050941662400 spec.py:321] Evaluating on the training split.
I0307 04:54:52.392097 140050941662400 spec.py:333] Evaluating on the validation split.
I0307 04:55:16.356384 140050941662400 spec.py:349] Evaluating on the test split.
I0307 04:55:18.173389 140050941662400 submission_runner.py:469] Time since start: 6699.27s, 	Step: 16134, 	{'train/accuracy': 0.3648357689380646, 'train/loss': 2.9762790203094482, 'validation/accuracy': 0.3432199954986572, 'validation/loss': 3.141003131866455, 'validation/num_examples': 50000, 'test/accuracy': 0.24480001628398895, 'test/loss': 3.940446376800537, 'test/num_examples': 10000, 'score': 6176.533273935318, 'total_duration': 6699.270140171051, 'accumulated_submission_time': 6176.533273935318, 'accumulated_eval_time': 520.2107214927673, 'accumulated_logging_time': 0.5842971801757812}
I0307 04:55:18.301683 139894567450368 logging_writer.py:48] [16134] accumulated_eval_time=520.211, accumulated_logging_time=0.584297, accumulated_submission_time=6176.53, global_step=16134, preemption_count=0, score=6176.53, test/accuracy=0.2448, test/loss=3.94045, test/num_examples=10000, total_duration=6699.27, train/accuracy=0.364836, train/loss=2.97628, validation/accuracy=0.34322, validation/loss=3.141, validation/num_examples=50000
I0307 04:55:44.136885 139894559057664 logging_writer.py:48] [16200] global_step=16200, grad_norm=0.9941810965538025, loss=2.2879343032836914
I0307 04:56:22.044237 139894567450368 logging_writer.py:48] [16300] global_step=16300, grad_norm=1.2519818544387817, loss=2.421863555908203
I0307 04:57:00.447751 139894559057664 logging_writer.py:48] [16400] global_step=16400, grad_norm=0.9947088956832886, loss=2.438753843307495
I0307 04:57:38.970489 139894567450368 logging_writer.py:48] [16500] global_step=16500, grad_norm=0.9744309186935425, loss=2.3369195461273193
I0307 04:58:17.349229 139894559057664 logging_writer.py:48] [16600] global_step=16600, grad_norm=0.9919343590736389, loss=2.2516088485717773
I0307 04:58:55.661821 139894567450368 logging_writer.py:48] [16700] global_step=16700, grad_norm=1.0804466009140015, loss=2.3976738452911377
I0307 04:59:33.982339 139894559057664 logging_writer.py:48] [16800] global_step=16800, grad_norm=0.9881694316864014, loss=2.5635976791381836
I0307 05:00:12.398837 139894567450368 logging_writer.py:48] [16900] global_step=16900, grad_norm=0.9934679865837097, loss=2.2312889099121094
I0307 05:00:50.766917 139894559057664 logging_writer.py:48] [17000] global_step=17000, grad_norm=1.1368578672409058, loss=2.340808391571045
I0307 05:01:29.004215 139894567450368 logging_writer.py:48] [17100] global_step=17100, grad_norm=0.9579364657402039, loss=2.3704676628112793
I0307 05:02:07.093783 139894559057664 logging_writer.py:48] [17200] global_step=17200, grad_norm=1.0687921047210693, loss=2.375948429107666
I0307 05:02:45.115774 139894567450368 logging_writer.py:48] [17300] global_step=17300, grad_norm=1.0104262828826904, loss=2.487370252609253
I0307 05:03:23.171725 139894559057664 logging_writer.py:48] [17400] global_step=17400, grad_norm=1.1000206470489502, loss=2.3277835845947266
I0307 05:03:48.453820 140050941662400 spec.py:321] Evaluating on the training split.
I0307 05:04:03.792496 140050941662400 spec.py:333] Evaluating on the validation split.
I0307 05:04:27.454771 140050941662400 spec.py:349] Evaluating on the test split.
I0307 05:04:29.259861 140050941662400 submission_runner.py:469] Time since start: 7250.36s, 	Step: 17467, 	{'train/accuracy': 0.25554049015045166, 'train/loss': 3.8944926261901855, 'validation/accuracy': 0.23291999101638794, 'validation/loss': 4.114696502685547, 'validation/num_examples': 50000, 'test/accuracy': 0.17550000548362732, 'test/loss': 4.802067279815674, 'test/num_examples': 10000, 'score': 6686.518086671829, 'total_duration': 7250.356608629227, 'accumulated_submission_time': 6686.518086671829, 'accumulated_eval_time': 561.0167219638824, 'accumulated_logging_time': 0.7289402484893799}
I0307 05:04:29.369433 139894567450368 logging_writer.py:48] [17467] accumulated_eval_time=561.017, accumulated_logging_time=0.72894, accumulated_submission_time=6686.52, global_step=17467, preemption_count=0, score=6686.52, test/accuracy=0.1755, test/loss=4.80207, test/num_examples=10000, total_duration=7250.36, train/accuracy=0.25554, train/loss=3.89449, validation/accuracy=0.23292, validation/loss=4.1147, validation/num_examples=50000
I0307 05:04:42.436212 139894559057664 logging_writer.py:48] [17500] global_step=17500, grad_norm=0.9021374583244324, loss=2.2782583236694336
I0307 05:05:20.835432 139894567450368 logging_writer.py:48] [17600] global_step=17600, grad_norm=1.0325536727905273, loss=2.310776472091675
I0307 05:05:58.752008 139894559057664 logging_writer.py:48] [17700] global_step=17700, grad_norm=0.9869093298912048, loss=2.3240582942962646
I0307 05:06:36.695543 139894567450368 logging_writer.py:48] [17800] global_step=17800, grad_norm=1.003347396850586, loss=2.4336981773376465
I0307 05:07:15.047078 139894559057664 logging_writer.py:48] [17900] global_step=17900, grad_norm=0.9818551540374756, loss=2.453449249267578
I0307 05:07:53.191076 139894567450368 logging_writer.py:48] [18000] global_step=18000, grad_norm=1.2138092517852783, loss=2.4702775478363037
I0307 05:08:31.799559 139894559057664 logging_writer.py:48] [18100] global_step=18100, grad_norm=0.9910742044448853, loss=2.307461977005005
I0307 05:09:10.274852 139894567450368 logging_writer.py:48] [18200] global_step=18200, grad_norm=0.9561779499053955, loss=2.3272507190704346
I0307 05:09:48.709084 139894559057664 logging_writer.py:48] [18300] global_step=18300, grad_norm=1.067020058631897, loss=2.3474292755126953
I0307 05:10:26.887518 139894567450368 logging_writer.py:48] [18400] global_step=18400, grad_norm=1.1067512035369873, loss=2.456993818283081
I0307 05:11:04.861095 139894559057664 logging_writer.py:48] [18500] global_step=18500, grad_norm=1.1587063074111938, loss=2.449699878692627
I0307 05:11:43.129851 139894567450368 logging_writer.py:48] [18600] global_step=18600, grad_norm=1.0497461557388306, loss=2.351961851119995
