python submission_runner.py --framework=jax --workload=imagenet_resnet --submission_path=prize_qualification_baselines/external_tuning/jax_nadamw_full_budget.py --data_dir=/data/imagenet/jax --num_tuning_trials=1 --experiment_dir=/experiment_runs --experiment_name=submissions/rolling_leaderboard/external_tuning/baseline/study_1 --overwrite=True --save_checkpoints=False --rng_seed=-1825857388 --imagenet_v2_data_dir=/data/imagenet/jax --tuning_ruleset=external --tuning_search_space=prize_qualification_baselines/external_tuning/tuning_search_space.json --num_tuning_trials=5 --hparam_start_index=1 --hparam_end_index=2 2>&1 | tee -a /logs/imagenet_resnet_jax_03-07-2025-02-25-12.log
2025-03-07 02:25:29.756315: E external/local_xla/xla/stream_executor/cuda/cuda_fft.cc:477] Unable to register cuFFT factory: Attempting to register factory for plugin cuFFT when one has already been registered
WARNING: All log messages before absl::InitializeLog() is called are written to STDERR
E0000 00:00:1741314330.175435       9 cuda_dnn.cc:8310] Unable to register cuDNN factory: Attempting to register factory for plugin cuDNN when one has already been registered
E0000 00:00:1741314330.308473       9 cuda_blas.cc:1418] Unable to register cuBLAS factory: Attempting to register factory for plugin cuBLAS when one has already been registered
ERROR:root:Unable to import wandb.
Traceback (most recent call last):
  File "/algorithmic-efficiency/algoperf/logger_utils.py", line 27, in <module>
    import wandb  # pylint: disable=g-import-not-at-top
    ^^^^^^^^^^^^
ModuleNotFoundError: No module named 'wandb'
I0307 02:26:21.480913 140191611933888 logger_utils.py:81] Creating experiment directory at /experiment_runs/submissions/rolling_leaderboard/external_tuning/baseline/study_1/imagenet_resnet_jax.
I0307 02:26:24.849191 140191611933888 xla_bridge.py:884] Unable to initialize backend 'rocm': NOT_FOUND: Could not find registered platform with name: "rocm". Available platform names are: CUDA
I0307 02:26:24.852386 140191611933888 xla_bridge.py:884] Unable to initialize backend 'tpu': INTERNAL: Failed to open libtpu.so: libtpu.so: cannot open shared object file: No such file or directory
I0307 02:26:24.867054 140191611933888 submission_runner.py:606] Using RNG seed -1825857388
I0307 02:26:30.311785 140191611933888 submission_runner.py:615] --- Tuning run 2/5 ---
I0307 02:26:30.311994 140191611933888 submission_runner.py:620] Creating tuning directory at /experiment_runs/submissions/rolling_leaderboard/external_tuning/baseline/study_1/imagenet_resnet_jax/trial_2.
I0307 02:26:30.312190 140191611933888 logger_utils.py:97] Saving hparams to /experiment_runs/submissions/rolling_leaderboard/external_tuning/baseline/study_1/imagenet_resnet_jax/trial_2/hparams.json.
I0307 02:26:30.557680 140191611933888 submission_runner.py:218] Initializing dataset.
I0307 02:26:32.294034 140191611933888 dataset_info.py:690] Load dataset info from /data/imagenet/jax/imagenet2012/5.1.0
I0307 02:26:32.637233 140191611933888 reader.py:261] Creating a tf.data.Dataset reading 1024 files located in folders: /data/imagenet/jax/imagenet2012/5.1.0.
I0307 02:26:32.974839 140191611933888 logging_logger.py:49] Constructing tf.data.Dataset imagenet2012 for split train, from /data/imagenet/jax/imagenet2012/5.1.0
I0307 02:26:34.629006 140191611933888 submission_runner.py:229] Initializing model.
I0307 02:26:58.204215 140191611933888 submission_runner.py:272] Initializing optimizer.
I0307 02:26:59.340091 140191611933888 submission_runner.py:279] Initializing metrics bundle.
I0307 02:26:59.340338 140191611933888 submission_runner.py:301] Initializing checkpoint and logger.
I0307 02:26:59.341414 140191611933888 checkpoints.py:1101] Found no checkpoint files in /experiment_runs/submissions/rolling_leaderboard/external_tuning/baseline/study_1/imagenet_resnet_jax/trial_2 with prefix checkpoint_
I0307 02:26:59.341522 140191611933888 submission_runner.py:321] Saving meta data to /experiment_runs/submissions/rolling_leaderboard/external_tuning/baseline/study_1/imagenet_resnet_jax/trial_2/meta_data_0.json.
I0307 02:26:59.893730 140191611933888 submission_runner.py:325] Saving flags to /experiment_runs/submissions/rolling_leaderboard/external_tuning/baseline/study_1/imagenet_resnet_jax/trial_2/flags_0.json.
I0307 02:27:00.346185 140191611933888 submission_runner.py:337] Starting training loop.
2025-03-07 02:27:29.870781: E external/xla/xla/service/slow_operation_alarm.cc:65] Trying algorithm eng0{} for conv (f32[128,512,15,15]{3,2,1,0}, u8[0]{0}) custom-call(f32[128,512,7,7]{3,2,1,0}, f32[512,512,3,3]{3,2,1,0}), window={size=3x3 stride=2x2}, dim_labels=bf01_oi01->bf01, custom_call_target="__cudnn$convBackwardInput", backend_config={"operation_queue_id":"0","wait_on_operation_queues":[],"cudnn_conv_backend_config":{"conv_result_scale":1,"activation_mode":"kNone","side_input_scale":0,"leakyrelu_alpha":0},"force_earliest_schedule":false} is taking a while...
2025-03-07 02:27:29.889722: E external/xla/xla/service/slow_operation_alarm.cc:133] The operation took 1.019145567s
Trying algorithm eng0{} for conv (f32[128,512,15,15]{3,2,1,0}, u8[0]{0}) custom-call(f32[128,512,7,7]{3,2,1,0}, f32[512,512,3,3]{3,2,1,0}), window={size=3x3 stride=2x2}, dim_labels=bf01_oi01->bf01, custom_call_target="__cudnn$convBackwardInput", backend_config={"operation_queue_id":"0","wait_on_operation_queues":[],"cudnn_conv_backend_config":{"conv_result_scale":1,"activation_mode":"kNone","side_input_scale":0,"leakyrelu_alpha":0},"force_earliest_schedule":false} is taking a while...
I0307 02:28:00.157745 140053938415360 logging_writer.py:48] [0] global_step=0, grad_norm=0.5363162755966187, loss=6.925543785095215
I0307 02:28:00.550755 140191611933888 spec.py:321] Evaluating on the training split.
I0307 02:28:01.034610 140191611933888 dataset_info.py:690] Load dataset info from /data/imagenet/jax/imagenet2012/5.1.0
I0307 02:28:01.061676 140191611933888 reader.py:261] Creating a tf.data.Dataset reading 1024 files located in folders: /data/imagenet/jax/imagenet2012/5.1.0.
I0307 02:28:01.108410 140191611933888 logging_logger.py:49] Constructing tf.data.Dataset imagenet2012 for split train, from /data/imagenet/jax/imagenet2012/5.1.0
I0307 02:28:20.530665 140191611933888 spec.py:333] Evaluating on the validation split.
I0307 02:28:20.984352 140191611933888 dataset_info.py:690] Load dataset info from /data/imagenet/jax/imagenet2012/5.1.0
I0307 02:28:20.992952 140191611933888 reader.py:261] Creating a tf.data.Dataset reading 64 files located in folders: /data/imagenet/jax/imagenet2012/5.1.0.
I0307 02:28:21.213542 140191611933888 logging_logger.py:49] Constructing tf.data.Dataset imagenet2012 for split validation, from /data/imagenet/jax/imagenet2012/5.1.0
I0307 02:29:07.329034 140191611933888 spec.py:349] Evaluating on the test split.
I0307 02:29:07.788702 140191611933888 dataset_info.py:690] Load dataset info from /data/imagenet/jax/imagenet_v2/matched-frequency/3.0.0
I0307 02:29:07.821632 140191611933888 reader.py:261] Creating a tf.data.Dataset reading 16 files located in folders: /data/imagenet/jax/imagenet_v2/matched-frequency/3.0.0.
I0307 02:29:07.858392 140191611933888 logging_logger.py:49] Constructing tf.data.Dataset imagenet_v2 for split test, from /data/imagenet/jax/imagenet_v2/matched-frequency/3.0.0
I0307 02:29:31.860101 140191611933888 submission_runner.py:469] Time since start: 151.51s, 	Step: 1, 	{'train/accuracy': 0.0006776147638447583, 'train/loss': 6.91315221786499, 'validation/accuracy': 0.0007599999662488699, 'validation/loss': 6.913278102874756, 'validation/num_examples': 50000, 'test/accuracy': 0.0005000000237487257, 'test/loss': 6.913549423217773, 'test/num_examples': 10000, 'score': 60.20431733131409, 'total_duration': 151.5138657093048, 'accumulated_submission_time': 60.20431733131409, 'accumulated_eval_time': 91.3093032836914, 'accumulated_logging_time': 0}
I0307 02:29:31.933630 140036183938816 logging_writer.py:48] [1] accumulated_eval_time=91.3093, accumulated_logging_time=0, accumulated_submission_time=60.2043, global_step=1, preemption_count=0, score=60.2043, test/accuracy=0.0005, test/loss=6.91355, test/num_examples=10000, total_duration=151.514, train/accuracy=0.000677615, train/loss=6.91315, validation/accuracy=0.00076, validation/loss=6.91328, validation/num_examples=50000
I0307 02:30:08.264034 140036175546112 logging_writer.py:48] [100] global_step=100, grad_norm=0.5263246893882751, loss=6.904157638549805
I0307 02:30:44.478475 140036183938816 logging_writer.py:48] [200] global_step=200, grad_norm=0.5452143549919128, loss=6.858860492706299
I0307 02:31:22.054406 140036175546112 logging_writer.py:48] [300] global_step=300, grad_norm=0.5726307034492493, loss=6.774511814117432
I0307 02:31:59.343392 140036183938816 logging_writer.py:48] [400] global_step=400, grad_norm=0.6028873324394226, loss=6.697347640991211
I0307 02:32:36.873236 140036175546112 logging_writer.py:48] [500] global_step=500, grad_norm=0.6429052948951721, loss=6.597597599029541
I0307 02:33:14.655928 140036183938816 logging_writer.py:48] [600] global_step=600, grad_norm=0.6718041896820068, loss=6.540067195892334
I0307 02:33:52.581778 140036175546112 logging_writer.py:48] [700] global_step=700, grad_norm=0.8370829224586487, loss=6.452940464019775
I0307 02:34:30.999669 140036183938816 logging_writer.py:48] [800] global_step=800, grad_norm=1.1230778694152832, loss=6.382935523986816
I0307 02:35:09.124138 140036175546112 logging_writer.py:48] [900] global_step=900, grad_norm=1.6974806785583496, loss=6.3427019119262695
I0307 02:35:46.945024 140036183938816 logging_writer.py:48] [1000] global_step=1000, grad_norm=1.7095680236816406, loss=6.215790748596191
I0307 02:36:24.920375 140036175546112 logging_writer.py:48] [1100] global_step=1100, grad_norm=1.4780957698822021, loss=6.177435874938965
I0307 02:37:03.460832 140036183938816 logging_writer.py:48] [1200] global_step=1200, grad_norm=1.1794995069503784, loss=6.082265853881836
I0307 02:37:41.053992 140036175546112 logging_writer.py:48] [1300] global_step=1300, grad_norm=1.7547328472137451, loss=6.068624973297119
I0307 02:38:02.179690 140191611933888 spec.py:321] Evaluating on the training split.
I0307 02:38:14.572522 140191611933888 spec.py:333] Evaluating on the validation split.
I0307 02:38:45.257599 140191611933888 spec.py:349] Evaluating on the test split.
I0307 02:38:47.225964 140191611933888 submission_runner.py:469] Time since start: 706.88s, 	Step: 1356, 	{'train/accuracy': 0.07834422588348389, 'train/loss': 5.371662139892578, 'validation/accuracy': 0.06749999523162842, 'validation/loss': 5.458141803741455, 'validation/num_examples': 50000, 'test/accuracy': 0.04960000142455101, 'test/loss': 5.669939994812012, 'test/num_examples': 10000, 'score': 570.2540411949158, 'total_duration': 706.8797223567963, 'accumulated_submission_time': 570.2540411949158, 'accumulated_eval_time': 136.35554671287537, 'accumulated_logging_time': 0.08300662040710449}
I0307 02:38:47.250526 140036192331520 logging_writer.py:48] [1356] accumulated_eval_time=136.356, accumulated_logging_time=0.0830066, accumulated_submission_time=570.254, global_step=1356, preemption_count=0, score=570.254, test/accuracy=0.0496, test/loss=5.66994, test/num_examples=10000, total_duration=706.88, train/accuracy=0.0783442, train/loss=5.37166, validation/accuracy=0.0675, validation/loss=5.45814, validation/num_examples=50000
I0307 02:39:04.631171 140036200724224 logging_writer.py:48] [1400] global_step=1400, grad_norm=2.3088607788085938, loss=5.994607925415039
I0307 02:39:42.988226 140036192331520 logging_writer.py:48] [1500] global_step=1500, grad_norm=2.2522172927856445, loss=5.956236362457275
I0307 02:40:21.121518 140036200724224 logging_writer.py:48] [1600] global_step=1600, grad_norm=2.9319348335266113, loss=5.881945610046387
I0307 02:40:59.410005 140036192331520 logging_writer.py:48] [1700] global_step=1700, grad_norm=2.5135996341705322, loss=5.822481155395508
I0307 02:41:37.985287 140036200724224 logging_writer.py:48] [1800] global_step=1800, grad_norm=3.7587153911590576, loss=5.888894557952881
I0307 02:42:16.286067 140036192331520 logging_writer.py:48] [1900] global_step=1900, grad_norm=3.712792158126831, loss=5.757574558258057
I0307 02:42:54.527872 140036200724224 logging_writer.py:48] [2000] global_step=2000, grad_norm=3.3276522159576416, loss=5.7324538230896
I0307 02:43:33.084656 140036192331520 logging_writer.py:48] [2100] global_step=2100, grad_norm=6.351052284240723, loss=5.65494966506958
I0307 02:44:11.654418 140036200724224 logging_writer.py:48] [2200] global_step=2200, grad_norm=3.517469644546509, loss=5.600826740264893
I0307 02:44:50.255152 140036192331520 logging_writer.py:48] [2300] global_step=2300, grad_norm=2.1927247047424316, loss=5.5669097900390625
I0307 02:45:28.370210 140036200724224 logging_writer.py:48] [2400] global_step=2400, grad_norm=4.591664791107178, loss=5.540990352630615
I0307 02:46:06.600864 140036192331520 logging_writer.py:48] [2500] global_step=2500, grad_norm=2.7703428268432617, loss=5.47314453125
I0307 02:46:44.809300 140036200724224 logging_writer.py:48] [2600] global_step=2600, grad_norm=3.539109945297241, loss=5.47080135345459
I0307 02:47:17.340053 140191611933888 spec.py:321] Evaluating on the training split.
I0307 02:47:28.528060 140191611933888 spec.py:333] Evaluating on the validation split.
I0307 02:47:48.717785 140191611933888 spec.py:349] Evaluating on the test split.
I0307 02:47:50.575452 140191611933888 submission_runner.py:469] Time since start: 1250.23s, 	Step: 2686, 	{'train/accuracy': 0.1771763414144516, 'train/loss': 4.352410316467285, 'validation/accuracy': 0.1540599912405014, 'validation/loss': 4.5127787590026855, 'validation/num_examples': 50000, 'test/accuracy': 0.11310000717639923, 'test/loss': 4.896148681640625, 'test/num_examples': 10000, 'score': 1080.14115691185, 'total_duration': 1250.2292065620422, 'accumulated_submission_time': 1080.14115691185, 'accumulated_eval_time': 169.59089183807373, 'accumulated_logging_time': 0.14267945289611816}
I0307 02:47:50.639534 140036192331520 logging_writer.py:48] [2686] accumulated_eval_time=169.591, accumulated_logging_time=0.142679, accumulated_submission_time=1080.14, global_step=2686, preemption_count=0, score=1080.14, test/accuracy=0.1131, test/loss=4.89615, test/num_examples=10000, total_duration=1250.23, train/accuracy=0.177176, train/loss=4.35241, validation/accuracy=0.15406, validation/loss=4.51278, validation/num_examples=50000
I0307 02:47:56.552747 140036200724224 logging_writer.py:48] [2700] global_step=2700, grad_norm=5.015771389007568, loss=5.414680480957031
I0307 02:48:35.118481 140036192331520 logging_writer.py:48] [2800] global_step=2800, grad_norm=3.7848827838897705, loss=5.361686706542969
I0307 02:49:13.566938 140036200724224 logging_writer.py:48] [2900] global_step=2900, grad_norm=4.141910552978516, loss=5.301449775695801
I0307 02:49:52.271998 140036192331520 logging_writer.py:48] [3000] global_step=3000, grad_norm=3.1390435695648193, loss=5.279829025268555
I0307 02:50:31.048178 140036200724224 logging_writer.py:48] [3100] global_step=3100, grad_norm=3.5699334144592285, loss=5.236952781677246
I0307 02:51:09.626220 140036192331520 logging_writer.py:48] [3200] global_step=3200, grad_norm=2.373777151107788, loss=5.195975303649902
I0307 02:51:48.237451 140036200724224 logging_writer.py:48] [3300] global_step=3300, grad_norm=4.541661262512207, loss=5.1279826164245605
I0307 02:52:26.835272 140036192331520 logging_writer.py:48] [3400] global_step=3400, grad_norm=4.128343105316162, loss=5.1711835861206055
I0307 02:53:05.609077 140036200724224 logging_writer.py:48] [3500] global_step=3500, grad_norm=2.9203646183013916, loss=5.1025543212890625
I0307 02:53:44.106554 140036192331520 logging_writer.py:48] [3600] global_step=3600, grad_norm=3.8691012859344482, loss=5.064062118530273
I0307 02:54:22.532595 140036200724224 logging_writer.py:48] [3700] global_step=3700, grad_norm=4.549208164215088, loss=4.982385635375977
I0307 02:55:00.934155 140036192331520 logging_writer.py:48] [3800] global_step=3800, grad_norm=4.443924427032471, loss=4.893694877624512
I0307 02:55:39.421738 140036200724224 logging_writer.py:48] [3900] global_step=3900, grad_norm=3.7115845680236816, loss=5.092080593109131
I0307 02:56:17.896780 140036192331520 logging_writer.py:48] [4000] global_step=4000, grad_norm=3.8874754905700684, loss=4.888167381286621
I0307 02:56:20.641465 140191611933888 spec.py:321] Evaluating on the training split.
I0307 02:56:32.334214 140191611933888 spec.py:333] Evaluating on the validation split.
I0307 02:56:54.279831 140191611933888 spec.py:349] Evaluating on the test split.
I0307 02:56:56.072488 140191611933888 submission_runner.py:469] Time since start: 1795.73s, 	Step: 4008, 	{'train/accuracy': 0.2733577787876129, 'train/loss': 3.6192002296447754, 'validation/accuracy': 0.2360599935054779, 'validation/loss': 3.839977979660034, 'validation/num_examples': 50000, 'test/accuracy': 0.17180000245571136, 'test/loss': 4.346663951873779, 'test/num_examples': 10000, 'score': 1589.9829618930817, 'total_duration': 1795.7262625694275, 'accumulated_submission_time': 1589.9829618930817, 'accumulated_eval_time': 205.02187991142273, 'accumulated_logging_time': 0.21509766578674316}
I0307 02:56:56.106026 140036200724224 logging_writer.py:48] [4008] accumulated_eval_time=205.022, accumulated_logging_time=0.215098, accumulated_submission_time=1589.98, global_step=4008, preemption_count=0, score=1589.98, test/accuracy=0.1718, test/loss=4.34666, test/num_examples=10000, total_duration=1795.73, train/accuracy=0.273358, train/loss=3.6192, validation/accuracy=0.23606, validation/loss=3.83998, validation/num_examples=50000
I0307 02:57:31.252526 140036192331520 logging_writer.py:48] [4100] global_step=4100, grad_norm=4.6667799949646, loss=4.908332824707031
I0307 02:58:09.412179 140036200724224 logging_writer.py:48] [4200] global_step=4200, grad_norm=4.953874111175537, loss=4.8442583084106445
I0307 02:58:47.704074 140036192331520 logging_writer.py:48] [4300] global_step=4300, grad_norm=3.459587812423706, loss=4.877981185913086
I0307 02:59:26.741813 140036200724224 logging_writer.py:48] [4400] global_step=4400, grad_norm=4.335048675537109, loss=4.7184739112854
I0307 03:00:05.274753 140036192331520 logging_writer.py:48] [4500] global_step=4500, grad_norm=5.261767864227295, loss=4.7223381996154785
I0307 03:00:44.277466 140036200724224 logging_writer.py:48] [4600] global_step=4600, grad_norm=3.7314698696136475, loss=4.729707717895508
I0307 03:01:22.819410 140036192331520 logging_writer.py:48] [4700] global_step=4700, grad_norm=4.508379936218262, loss=4.699368476867676
I0307 03:02:01.439270 140036200724224 logging_writer.py:48] [4800] global_step=4800, grad_norm=3.8411529064178467, loss=4.697479248046875
I0307 03:02:40.227639 140036192331520 logging_writer.py:48] [4900] global_step=4900, grad_norm=3.5033769607543945, loss=4.677803993225098
I0307 03:03:18.796554 140036200724224 logging_writer.py:48] [5000] global_step=5000, grad_norm=3.2238245010375977, loss=4.557092189788818
I0307 03:03:57.223177 140036192331520 logging_writer.py:48] [5100] global_step=5100, grad_norm=3.640209913253784, loss=4.5575480461120605
I0307 03:04:35.813014 140036200724224 logging_writer.py:48] [5200] global_step=5200, grad_norm=3.729351758956909, loss=4.616296291351318
I0307 03:05:14.341951 140036192331520 logging_writer.py:48] [5300] global_step=5300, grad_norm=4.894742012023926, loss=4.6182146072387695
I0307 03:05:26.154919 140191611933888 spec.py:321] Evaluating on the training split.
I0307 03:05:39.479376 140191611933888 spec.py:333] Evaluating on the validation split.
I0307 03:06:06.673443 140191611933888 spec.py:349] Evaluating on the test split.
I0307 03:06:08.472738 140191611933888 submission_runner.py:469] Time since start: 2348.13s, 	Step: 5333, 	{'train/accuracy': 0.36828362941741943, 'train/loss': 3.1484599113464355, 'validation/accuracy': 0.32999998331069946, 'validation/loss': 3.3475239276885986, 'validation/num_examples': 50000, 'test/accuracy': 0.24570001661777496, 'test/loss': 3.890148639678955, 'test/num_examples': 10000, 'score': 2099.870808839798, 'total_duration': 2348.1265008449554, 'accumulated_submission_time': 2099.870808839798, 'accumulated_eval_time': 247.33965063095093, 'accumulated_logging_time': 0.2575819492340088}
I0307 03:06:08.491835 140036200724224 logging_writer.py:48] [5333] accumulated_eval_time=247.34, accumulated_logging_time=0.257582, accumulated_submission_time=2099.87, global_step=5333, preemption_count=0, score=2099.87, test/accuracy=0.2457, test/loss=3.89015, test/num_examples=10000, total_duration=2348.13, train/accuracy=0.368284, train/loss=3.14846, validation/accuracy=0.33, validation/loss=3.34752, validation/num_examples=50000
I0307 03:06:34.241478 140036192331520 logging_writer.py:48] [5400] global_step=5400, grad_norm=3.479266881942749, loss=4.522871494293213
I0307 03:07:12.791265 140036200724224 logging_writer.py:48] [5500] global_step=5500, grad_norm=3.04756236076355, loss=4.476747035980225
I0307 03:07:51.515614 140036192331520 logging_writer.py:48] [5600] global_step=5600, grad_norm=2.8515143394470215, loss=4.475589275360107
I0307 03:08:30.052026 140036200724224 logging_writer.py:48] [5700] global_step=5700, grad_norm=3.6291158199310303, loss=4.462716102600098
I0307 03:09:08.403387 140036192331520 logging_writer.py:48] [5800] global_step=5800, grad_norm=2.8528454303741455, loss=4.481630325317383
I0307 03:09:46.577690 140036200724224 logging_writer.py:48] [5900] global_step=5900, grad_norm=5.419063568115234, loss=4.4176716804504395
I0307 03:10:25.092378 140036192331520 logging_writer.py:48] [6000] global_step=6000, grad_norm=2.6618452072143555, loss=4.373298645019531
I0307 03:11:03.183067 140036200724224 logging_writer.py:48] [6100] global_step=6100, grad_norm=3.365699291229248, loss=4.407833099365234
I0307 03:11:41.478938 140036192331520 logging_writer.py:48] [6200] global_step=6200, grad_norm=3.5988662242889404, loss=4.357047080993652
I0307 03:12:19.708276 140036200724224 logging_writer.py:48] [6300] global_step=6300, grad_norm=2.4360969066619873, loss=4.332468032836914
I0307 03:12:57.498117 140036192331520 logging_writer.py:48] [6400] global_step=6400, grad_norm=3.1367721557617188, loss=4.355591773986816
I0307 03:13:35.948719 140036200724224 logging_writer.py:48] [6500] global_step=6500, grad_norm=2.0944087505340576, loss=4.285213947296143
I0307 03:14:14.205309 140036192331520 logging_writer.py:48] [6600] global_step=6600, grad_norm=3.330852508544922, loss=4.313295364379883
I0307 03:14:38.569731 140191611933888 spec.py:321] Evaluating on the training split.
I0307 03:14:51.731389 140191611933888 spec.py:333] Evaluating on the validation split.
I0307 03:15:13.564468 140191611933888 spec.py:349] Evaluating on the test split.
I0307 03:15:15.409164 140191611933888 submission_runner.py:469] Time since start: 2895.06s, 	Step: 6665, 	{'train/accuracy': 0.4065887928009033, 'train/loss': 2.868271827697754, 'validation/accuracy': 0.359279990196228, 'validation/loss': 3.1143975257873535, 'validation/num_examples': 50000, 'test/accuracy': 0.2720000147819519, 'test/loss': 3.6712520122528076, 'test/num_examples': 10000, 'score': 2609.7945597171783, 'total_duration': 2895.062940120697, 'accumulated_submission_time': 2609.7945597171783, 'accumulated_eval_time': 284.1790518760681, 'accumulated_logging_time': 0.2852938175201416}
I0307 03:15:15.434775 140036200724224 logging_writer.py:48] [6665] accumulated_eval_time=284.179, accumulated_logging_time=0.285294, accumulated_submission_time=2609.79, global_step=6665, preemption_count=0, score=2609.79, test/accuracy=0.272, test/loss=3.67125, test/num_examples=10000, total_duration=2895.06, train/accuracy=0.406589, train/loss=2.86827, validation/accuracy=0.35928, validation/loss=3.1144, validation/num_examples=50000
I0307 03:15:29.356260 140036192331520 logging_writer.py:48] [6700] global_step=6700, grad_norm=3.1445908546447754, loss=4.267122268676758
I0307 03:16:07.648746 140036200724224 logging_writer.py:48] [6800] global_step=6800, grad_norm=4.344742298126221, loss=4.259903907775879
I0307 03:16:46.071690 140036192331520 logging_writer.py:48] [6900] global_step=6900, grad_norm=3.333773374557495, loss=4.2258124351501465
I0307 03:17:24.415545 140036200724224 logging_writer.py:48] [7000] global_step=7000, grad_norm=3.470156669616699, loss=4.275632381439209
I0307 03:18:03.066459 140036192331520 logging_writer.py:48] [7100] global_step=7100, grad_norm=2.6125969886779785, loss=4.177297115325928
I0307 03:18:41.324060 140036200724224 logging_writer.py:48] [7200] global_step=7200, grad_norm=2.803495407104492, loss=4.139085292816162
I0307 03:19:19.810467 140036192331520 logging_writer.py:48] [7300] global_step=7300, grad_norm=2.545564651489258, loss=4.129161834716797
I0307 03:19:58.021084 140036200724224 logging_writer.py:48] [7400] global_step=7400, grad_norm=2.0819506645202637, loss=4.201379776000977
I0307 03:20:36.345363 140036192331520 logging_writer.py:48] [7500] global_step=7500, grad_norm=2.740638494491577, loss=4.114597320556641
I0307 03:21:14.663886 140036200724224 logging_writer.py:48] [7600] global_step=7600, grad_norm=2.170297384262085, loss=4.082126140594482
I0307 03:21:52.850292 140036192331520 logging_writer.py:48] [7700] global_step=7700, grad_norm=2.86049485206604, loss=4.106783866882324
I0307 03:22:31.135117 140036200724224 logging_writer.py:48] [7800] global_step=7800, grad_norm=2.9356496334075928, loss=4.116986274719238
I0307 03:23:10.436455 140036192331520 logging_writer.py:48] [7900] global_step=7900, grad_norm=2.3141510486602783, loss=4.150826454162598
I0307 03:23:45.423559 140191611933888 spec.py:321] Evaluating on the training split.
I0307 03:23:57.529525 140191611933888 spec.py:333] Evaluating on the validation split.
I0307 03:24:21.563038 140191611933888 spec.py:349] Evaluating on the test split.
I0307 03:24:23.369955 140191611933888 submission_runner.py:469] Time since start: 3443.02s, 	Step: 7992, 	{'train/accuracy': 0.4759247303009033, 'train/loss': 2.4640872478485107, 'validation/accuracy': 0.4297599792480469, 'validation/loss': 2.7139670848846436, 'validation/num_examples': 50000, 'test/accuracy': 0.3273000121116638, 'test/loss': 3.340256452560425, 'test/num_examples': 10000, 'score': 3119.5938155651093, 'total_duration': 3443.023730993271, 'accumulated_submission_time': 3119.5938155651093, 'accumulated_eval_time': 322.1254200935364, 'accumulated_logging_time': 0.36200976371765137}
I0307 03:24:23.391798 140036200724224 logging_writer.py:48] [7992] accumulated_eval_time=322.125, accumulated_logging_time=0.36201, accumulated_submission_time=3119.59, global_step=7992, preemption_count=0, score=3119.59, test/accuracy=0.3273, test/loss=3.34026, test/num_examples=10000, total_duration=3443.02, train/accuracy=0.475925, train/loss=2.46409, validation/accuracy=0.42976, validation/loss=2.71397, validation/num_examples=50000
I0307 03:24:26.954599 140036192331520 logging_writer.py:48] [8000] global_step=8000, grad_norm=3.9970693588256836, loss=4.086134910583496
I0307 03:25:05.157282 140036200724224 logging_writer.py:48] [8100] global_step=8100, grad_norm=2.5513744354248047, loss=4.001094818115234
I0307 03:25:43.587528 140036192331520 logging_writer.py:48] [8200] global_step=8200, grad_norm=2.2775492668151855, loss=4.002427101135254
I0307 03:26:21.983864 140036200724224 logging_writer.py:48] [8300] global_step=8300, grad_norm=2.2960002422332764, loss=4.070313453674316
I0307 03:27:00.488895 140036192331520 logging_writer.py:48] [8400] global_step=8400, grad_norm=2.306790590286255, loss=4.096363544464111
I0307 03:27:38.850175 140036200724224 logging_writer.py:48] [8500] global_step=8500, grad_norm=3.167844533920288, loss=4.04467248916626
I0307 03:28:17.375490 140036192331520 logging_writer.py:48] [8600] global_step=8600, grad_norm=2.2558352947235107, loss=3.9696433544158936
I0307 03:28:55.946952 140036200724224 logging_writer.py:48] [8700] global_step=8700, grad_norm=2.0680596828460693, loss=4.005458354949951
I0307 03:29:33.663103 140036192331520 logging_writer.py:48] [8800] global_step=8800, grad_norm=2.0584793090820312, loss=4.016546726226807
I0307 03:30:12.048685 140036200724224 logging_writer.py:48] [8900] global_step=8900, grad_norm=2.5725040435791016, loss=3.8838324546813965
I0307 03:30:50.453520 140036192331520 logging_writer.py:48] [9000] global_step=9000, grad_norm=2.403407096862793, loss=3.940847396850586
I0307 03:31:28.506337 140036200724224 logging_writer.py:48] [9100] global_step=9100, grad_norm=3.037539005279541, loss=3.9421474933624268
I0307 03:32:06.863259 140036192331520 logging_writer.py:48] [9200] global_step=9200, grad_norm=2.495893716812134, loss=3.888284921646118
I0307 03:32:45.178431 140036200724224 logging_writer.py:48] [9300] global_step=9300, grad_norm=2.074838161468506, loss=3.891106605529785
I0307 03:32:53.669145 140191611933888 spec.py:321] Evaluating on the training split.
I0307 03:33:05.347131 140191611933888 spec.py:333] Evaluating on the validation split.
I0307 03:33:27.930124 140191611933888 spec.py:349] Evaluating on the test split.
I0307 03:33:29.758497 140191611933888 submission_runner.py:469] Time since start: 3989.41s, 	Step: 9323, 	{'train/accuracy': 0.5236966013908386, 'train/loss': 2.300750255584717, 'validation/accuracy': 0.47435998916625977, 'validation/loss': 2.542717218399048, 'validation/num_examples': 50000, 'test/accuracy': 0.35450002551078796, 'test/loss': 3.2271807193756104, 'test/num_examples': 10000, 'score': 3629.714698076248, 'total_duration': 3989.412269592285, 'accumulated_submission_time': 3629.714698076248, 'accumulated_eval_time': 358.2147421836853, 'accumulated_logging_time': 0.3919539451599121}
I0307 03:33:29.878256 140036192331520 logging_writer.py:48] [9323] accumulated_eval_time=358.215, accumulated_logging_time=0.391954, accumulated_submission_time=3629.71, global_step=9323, preemption_count=0, score=3629.71, test/accuracy=0.3545, test/loss=3.22718, test/num_examples=10000, total_duration=3989.41, train/accuracy=0.523697, train/loss=2.30075, validation/accuracy=0.47436, validation/loss=2.54272, validation/num_examples=50000
I0307 03:34:00.227810 140036200724224 logging_writer.py:48] [9400] global_step=9400, grad_norm=2.1078293323516846, loss=3.847348928451538
I0307 03:34:38.861411 140036192331520 logging_writer.py:48] [9500] global_step=9500, grad_norm=2.7224326133728027, loss=3.9138286113739014
I0307 03:35:17.381588 140036200724224 logging_writer.py:48] [9600] global_step=9600, grad_norm=1.8556970357894897, loss=3.89467453956604
I0307 03:35:55.847652 140036192331520 logging_writer.py:48] [9700] global_step=9700, grad_norm=1.9907442331314087, loss=3.916609764099121
I0307 03:36:34.100308 140036200724224 logging_writer.py:48] [9800] global_step=9800, grad_norm=2.3427581787109375, loss=3.8376388549804688
I0307 03:37:12.449912 140036192331520 logging_writer.py:48] [9900] global_step=9900, grad_norm=2.2483139038085938, loss=3.786006450653076
I0307 03:37:50.766877 140036200724224 logging_writer.py:48] [10000] global_step=10000, grad_norm=2.563636302947998, loss=3.9010231494903564
I0307 03:38:29.446640 140036192331520 logging_writer.py:48] [10100] global_step=10100, grad_norm=2.173856019973755, loss=3.93076229095459
I0307 03:39:07.583450 140036200724224 logging_writer.py:48] [10200] global_step=10200, grad_norm=2.7762935161590576, loss=3.9331860542297363
I0307 03:39:45.914172 140036192331520 logging_writer.py:48] [10300] global_step=10300, grad_norm=1.7288554906845093, loss=3.8666176795959473
I0307 03:40:24.690118 140036200724224 logging_writer.py:48] [10400] global_step=10400, grad_norm=2.2597928047180176, loss=3.838034152984619
I0307 03:41:03.394732 140036192331520 logging_writer.py:48] [10500] global_step=10500, grad_norm=3.099905014038086, loss=3.8291635513305664
I0307 03:41:41.859065 140036200724224 logging_writer.py:48] [10600] global_step=10600, grad_norm=1.9380639791488647, loss=3.81459903717041
I0307 03:41:59.860717 140191611933888 spec.py:321] Evaluating on the training split.
I0307 03:42:12.304366 140191611933888 spec.py:333] Evaluating on the validation split.
I0307 03:42:42.094746 140191611933888 spec.py:349] Evaluating on the test split.
I0307 03:42:43.867996 140191611933888 submission_runner.py:469] Time since start: 4543.52s, 	Step: 10648, 	{'train/accuracy': 0.5633171200752258, 'train/loss': 2.0104331970214844, 'validation/accuracy': 0.511900007724762, 'validation/loss': 2.268040180206299, 'validation/num_examples': 50000, 'test/accuracy': 0.39490002393722534, 'test/loss': 2.933913230895996, 'test/num_examples': 10000, 'score': 4139.542843580246, 'total_duration': 4543.521776437759, 'accumulated_submission_time': 4139.542843580246, 'accumulated_eval_time': 402.2219989299774, 'accumulated_logging_time': 0.5196027755737305}
I0307 03:42:43.921884 140036192331520 logging_writer.py:48] [10648] accumulated_eval_time=402.222, accumulated_logging_time=0.519603, accumulated_submission_time=4139.54, global_step=10648, preemption_count=0, score=4139.54, test/accuracy=0.3949, test/loss=2.93391, test/num_examples=10000, total_duration=4543.52, train/accuracy=0.563317, train/loss=2.01043, validation/accuracy=0.5119, validation/loss=2.26804, validation/num_examples=50000
I0307 03:43:04.360507 140036200724224 logging_writer.py:48] [10700] global_step=10700, grad_norm=1.885413408279419, loss=3.764720916748047
I0307 03:43:42.936440 140036192331520 logging_writer.py:48] [10800] global_step=10800, grad_norm=2.597121000289917, loss=3.779052257537842
I0307 03:44:21.466837 140036200724224 logging_writer.py:48] [10900] global_step=10900, grad_norm=1.6344395875930786, loss=3.729153633117676
I0307 03:44:59.948011 140036192331520 logging_writer.py:48] [11000] global_step=11000, grad_norm=2.0838680267333984, loss=3.7136616706848145
I0307 03:45:38.484030 140036200724224 logging_writer.py:48] [11100] global_step=11100, grad_norm=1.861375331878662, loss=3.7696659564971924
I0307 03:46:16.858942 140036192331520 logging_writer.py:48] [11200] global_step=11200, grad_norm=2.2195355892181396, loss=3.7640082836151123
I0307 03:46:55.351903 140036200724224 logging_writer.py:48] [11300] global_step=11300, grad_norm=1.501923680305481, loss=3.752131462097168
I0307 03:47:33.900619 140036192331520 logging_writer.py:48] [11400] global_step=11400, grad_norm=1.8825186491012573, loss=3.76539945602417
I0307 03:48:12.121160 140036200724224 logging_writer.py:48] [11500] global_step=11500, grad_norm=1.4597488641738892, loss=3.788114070892334
I0307 03:48:50.416529 140036192331520 logging_writer.py:48] [11600] global_step=11600, grad_norm=3.0653576850891113, loss=3.698296546936035
I0307 03:49:29.122423 140036200724224 logging_writer.py:48] [11700] global_step=11700, grad_norm=2.142606258392334, loss=3.6682796478271484
I0307 03:50:07.802087 140036192331520 logging_writer.py:48] [11800] global_step=11800, grad_norm=1.3155945539474487, loss=3.673804759979248
I0307 03:50:46.360534 140036200724224 logging_writer.py:48] [11900] global_step=11900, grad_norm=1.4776026010513306, loss=3.752147674560547
I0307 03:51:14.083948 140191611933888 spec.py:321] Evaluating on the training split.
I0307 03:51:26.083505 140191611933888 spec.py:333] Evaluating on the validation split.
I0307 03:51:52.467499 140191611933888 spec.py:349] Evaluating on the test split.
I0307 03:51:54.255777 140191611933888 submission_runner.py:469] Time since start: 5093.91s, 	Step: 11973, 	{'train/accuracy': 0.5934112071990967, 'train/loss': 1.9632686376571655, 'validation/accuracy': 0.535860002040863, 'validation/loss': 2.2366771697998047, 'validation/num_examples': 50000, 'test/accuracy': 0.41540002822875977, 'test/loss': 2.877023935317993, 'test/num_examples': 10000, 'score': 4649.554701566696, 'total_duration': 5093.909548282623, 'accumulated_submission_time': 4649.554701566696, 'accumulated_eval_time': 442.3937928676605, 'accumulated_logging_time': 0.5811457633972168}
I0307 03:51:54.301312 140036192331520 logging_writer.py:48] [11973] accumulated_eval_time=442.394, accumulated_logging_time=0.581146, accumulated_submission_time=4649.55, global_step=11973, preemption_count=0, score=4649.55, test/accuracy=0.4154, test/loss=2.87702, test/num_examples=10000, total_duration=5093.91, train/accuracy=0.593411, train/loss=1.96327, validation/accuracy=0.53586, validation/loss=2.23668, validation/num_examples=50000
I0307 03:52:04.975269 140036200724224 logging_writer.py:48] [12000] global_step=12000, grad_norm=1.4694745540618896, loss=3.6312646865844727
I0307 03:52:43.326161 140036192331520 logging_writer.py:48] [12100] global_step=12100, grad_norm=1.670767068862915, loss=3.6893134117126465
I0307 03:53:21.924592 140036200724224 logging_writer.py:48] [12200] global_step=12200, grad_norm=1.6394885778427124, loss=3.71997332572937
I0307 03:54:00.416876 140036192331520 logging_writer.py:48] [12300] global_step=12300, grad_norm=1.469251036643982, loss=3.6489696502685547
I0307 03:54:38.637026 140036200724224 logging_writer.py:48] [12400] global_step=12400, grad_norm=1.450506329536438, loss=3.658404588699341
I0307 03:55:16.906928 140036192331520 logging_writer.py:48] [12500] global_step=12500, grad_norm=2.2116498947143555, loss=3.7053418159484863
I0307 03:55:55.148201 140036200724224 logging_writer.py:48] [12600] global_step=12600, grad_norm=1.676550269126892, loss=3.660844564437866
I0307 03:56:33.224689 140036192331520 logging_writer.py:48] [12700] global_step=12700, grad_norm=1.7198905944824219, loss=3.6372733116149902
I0307 03:57:11.795070 140036200724224 logging_writer.py:48] [12800] global_step=12800, grad_norm=1.4067338705062866, loss=3.6795129776000977
I0307 03:57:50.446146 140036192331520 logging_writer.py:48] [12900] global_step=12900, grad_norm=1.6234830617904663, loss=3.6594252586364746
I0307 03:58:28.771945 140036200724224 logging_writer.py:48] [13000] global_step=13000, grad_norm=2.0723893642425537, loss=3.689337968826294
I0307 03:59:07.162721 140036192331520 logging_writer.py:48] [13100] global_step=13100, grad_norm=1.8614778518676758, loss=3.617971658706665
I0307 03:59:45.739366 140036200724224 logging_writer.py:48] [13200] global_step=13200, grad_norm=1.5673953294754028, loss=3.557488203048706
I0307 04:00:24.386518 140036192331520 logging_writer.py:48] [13300] global_step=13300, grad_norm=1.4236916303634644, loss=3.642599582672119
I0307 04:00:24.399867 140191611933888 spec.py:321] Evaluating on the training split.
I0307 04:00:41.051970 140191611933888 spec.py:333] Evaluating on the validation split.
I0307 04:01:03.223231 140191611933888 spec.py:349] Evaluating on the test split.
I0307 04:01:05.009186 140191611933888 submission_runner.py:469] Time since start: 5644.66s, 	Step: 13301, 	{'train/accuracy': 0.6180843114852905, 'train/loss': 1.8578495979309082, 'validation/accuracy': 0.5574399828910828, 'validation/loss': 2.124974012374878, 'validation/num_examples': 50000, 'test/accuracy': 0.4326000213623047, 'test/loss': 2.7924184799194336, 'test/num_examples': 10000, 'score': 5159.494928598404, 'total_duration': 5644.662960529327, 'accumulated_submission_time': 5159.494928598404, 'accumulated_eval_time': 483.0030674934387, 'accumulated_logging_time': 0.6356997489929199}
I0307 04:01:05.066875 140036200724224 logging_writer.py:48] [13301] accumulated_eval_time=483.003, accumulated_logging_time=0.6357, accumulated_submission_time=5159.49, global_step=13301, preemption_count=0, score=5159.49, test/accuracy=0.4326, test/loss=2.79242, test/num_examples=10000, total_duration=5644.66, train/accuracy=0.618084, train/loss=1.85785, validation/accuracy=0.55744, validation/loss=2.12497, validation/num_examples=50000
I0307 04:01:45.385561 140036192331520 logging_writer.py:48] [13400] global_step=13400, grad_norm=1.522973656654358, loss=3.5974316596984863
I0307 04:02:23.849205 140036200724224 logging_writer.py:48] [13500] global_step=13500, grad_norm=1.789359450340271, loss=3.527378797531128
I0307 04:03:02.233345 140036192331520 logging_writer.py:48] [13600] global_step=13600, grad_norm=2.1070127487182617, loss=3.651927947998047
I0307 04:03:40.661332 140036200724224 logging_writer.py:48] [13700] global_step=13700, grad_norm=1.644269585609436, loss=3.659564733505249
I0307 04:04:19.073518 140036192331520 logging_writer.py:48] [13800] global_step=13800, grad_norm=1.8656797409057617, loss=3.534735918045044
I0307 04:04:57.693402 140036200724224 logging_writer.py:48] [13900] global_step=13900, grad_norm=1.72306489944458, loss=3.615593194961548
I0307 04:05:36.556755 140036192331520 logging_writer.py:48] [14000] global_step=14000, grad_norm=1.5957869291305542, loss=3.5720725059509277
I0307 04:06:15.141328 140036200724224 logging_writer.py:48] [14100] global_step=14100, grad_norm=1.7639329433441162, loss=3.6147758960723877
I0307 04:06:53.871687 140036192331520 logging_writer.py:48] [14200] global_step=14200, grad_norm=1.381666660308838, loss=3.541506052017212
I0307 04:07:32.385641 140036200724224 logging_writer.py:48] [14300] global_step=14300, grad_norm=1.831949234008789, loss=3.553877353668213
I0307 04:08:11.030767 140036192331520 logging_writer.py:48] [14400] global_step=14400, grad_norm=1.629577398300171, loss=3.5870020389556885
I0307 04:08:49.734849 140036200724224 logging_writer.py:48] [14500] global_step=14500, grad_norm=1.3190827369689941, loss=3.5895276069641113
I0307 04:09:28.117760 140036192331520 logging_writer.py:48] [14600] global_step=14600, grad_norm=1.4630398750305176, loss=3.473054885864258
I0307 04:09:35.028793 140191611933888 spec.py:321] Evaluating on the training split.
I0307 04:09:55.404558 140191611933888 spec.py:333] Evaluating on the validation split.
I0307 04:10:17.910114 140191611933888 spec.py:349] Evaluating on the test split.
I0307 04:10:19.724913 140191611933888 submission_runner.py:469] Time since start: 6199.38s, 	Step: 14619, 	{'train/accuracy': 0.6365991830825806, 'train/loss': 1.7211112976074219, 'validation/accuracy': 0.5773800015449524, 'validation/loss': 1.9946941137313843, 'validation/num_examples': 50000, 'test/accuracy': 0.45330002903938293, 'test/loss': 2.6611523628234863, 'test/num_examples': 10000, 'score': 5669.304041862488, 'total_duration': 6199.378535747528, 'accumulated_submission_time': 5669.304041862488, 'accumulated_eval_time': 527.6989982128143, 'accumulated_logging_time': 0.7011928558349609}
I0307 04:10:19.806910 140036200724224 logging_writer.py:48] [14619] accumulated_eval_time=527.699, accumulated_logging_time=0.701193, accumulated_submission_time=5669.3, global_step=14619, preemption_count=0, score=5669.3, test/accuracy=0.4533, test/loss=2.66115, test/num_examples=10000, total_duration=6199.38, train/accuracy=0.636599, train/loss=1.72111, validation/accuracy=0.57738, validation/loss=1.99469, validation/num_examples=50000
I0307 04:10:51.299346 140036192331520 logging_writer.py:48] [14700] global_step=14700, grad_norm=1.3927749395370483, loss=3.5384089946746826
I0307 04:11:29.735754 140036200724224 logging_writer.py:48] [14800] global_step=14800, grad_norm=1.3446542024612427, loss=3.564129114151001
I0307 04:12:08.585826 140036192331520 logging_writer.py:48] [14900] global_step=14900, grad_norm=1.57904052734375, loss=3.5249054431915283
I0307 04:12:46.964761 140036200724224 logging_writer.py:48] [15000] global_step=15000, grad_norm=1.9806663990020752, loss=3.4000508785247803
I0307 04:13:25.559947 140036192331520 logging_writer.py:48] [15100] global_step=15100, grad_norm=1.5622854232788086, loss=3.5159237384796143
I0307 04:14:04.100043 140036200724224 logging_writer.py:48] [15200] global_step=15200, grad_norm=1.206261396408081, loss=3.452484607696533
I0307 04:14:42.669838 140036192331520 logging_writer.py:48] [15300] global_step=15300, grad_norm=1.4842170476913452, loss=3.578845977783203
I0307 04:15:21.189795 140036200724224 logging_writer.py:48] [15400] global_step=15400, grad_norm=1.6687729358673096, loss=3.5625150203704834
I0307 04:15:59.564914 140036192331520 logging_writer.py:48] [15500] global_step=15500, grad_norm=0.9587823152542114, loss=3.474473714828491
I0307 04:16:37.646103 140036200724224 logging_writer.py:48] [15600] global_step=15600, grad_norm=1.7116172313690186, loss=3.5469987392425537
I0307 04:17:15.028883 140036192331520 logging_writer.py:48] [15700] global_step=15700, grad_norm=1.2811250686645508, loss=3.5525214672088623
I0307 04:17:53.429126 140036200724224 logging_writer.py:48] [15800] global_step=15800, grad_norm=1.362079381942749, loss=3.4519779682159424
I0307 04:18:32.035084 140036192331520 logging_writer.py:48] [15900] global_step=15900, grad_norm=1.5775315761566162, loss=3.5566506385803223
I0307 04:18:50.011590 140191611933888 spec.py:321] Evaluating on the training split.
I0307 04:19:07.167798 140191611933888 spec.py:333] Evaluating on the validation split.
I0307 04:19:29.535408 140191611933888 spec.py:349] Evaluating on the test split.
I0307 04:19:31.335492 140191611933888 submission_runner.py:469] Time since start: 6750.99s, 	Step: 15948, 	{'train/accuracy': 0.6457669138908386, 'train/loss': 1.6908912658691406, 'validation/accuracy': 0.583139955997467, 'validation/loss': 1.9813586473464966, 'validation/num_examples': 50000, 'test/accuracy': 0.4610000252723694, 'test/loss': 2.633626937866211, 'test/num_examples': 10000, 'score': 6179.355831623077, 'total_duration': 6750.9891312122345, 'accumulated_submission_time': 6179.355831623077, 'accumulated_eval_time': 569.0227386951447, 'accumulated_logging_time': 0.7907683849334717}
I0307 04:19:31.404288 140036200724224 logging_writer.py:48] [15948] accumulated_eval_time=569.023, accumulated_logging_time=0.790768, accumulated_submission_time=6179.36, global_step=15948, preemption_count=0, score=6179.36, test/accuracy=0.461, test/loss=2.63363, test/num_examples=10000, total_duration=6750.99, train/accuracy=0.645767, train/loss=1.69089, validation/accuracy=0.58314, validation/loss=1.98136, validation/num_examples=50000
I0307 04:19:51.994573 140036192331520 logging_writer.py:48] [16000] global_step=16000, grad_norm=1.3044284582138062, loss=3.428739547729492
I0307 04:20:30.511039 140036200724224 logging_writer.py:48] [16100] global_step=16100, grad_norm=1.4109264612197876, loss=3.5399272441864014
I0307 04:21:08.811270 140036192331520 logging_writer.py:48] [16200] global_step=16200, grad_norm=1.8417890071868896, loss=3.4243178367614746
I0307 04:21:47.387102 140036200724224 logging_writer.py:48] [16300] global_step=16300, grad_norm=1.246263861656189, loss=3.510789394378662
I0307 04:22:26.091983 140036192331520 logging_writer.py:48] [16400] global_step=16400, grad_norm=1.7060661315917969, loss=3.4566116333007812
I0307 04:23:04.426446 140036200724224 logging_writer.py:48] [16500] global_step=16500, grad_norm=1.3617829084396362, loss=3.450746536254883
I0307 04:23:43.148207 140036192331520 logging_writer.py:48] [16600] global_step=16600, grad_norm=1.4384347200393677, loss=3.432069778442383
I0307 04:24:21.643424 140036200724224 logging_writer.py:48] [16700] global_step=16700, grad_norm=1.3974932432174683, loss=3.558115243911743
I0307 04:25:00.125246 140036192331520 logging_writer.py:48] [16800] global_step=16800, grad_norm=1.4862970113754272, loss=3.5014700889587402
I0307 04:25:38.679666 140036200724224 logging_writer.py:48] [16900] global_step=16900, grad_norm=1.4272782802581787, loss=3.5319042205810547
I0307 04:26:17.480180 140036192331520 logging_writer.py:48] [17000] global_step=17000, grad_norm=1.8694496154785156, loss=3.497028350830078
I0307 04:26:56.339145 140036200724224 logging_writer.py:48] [17100] global_step=17100, grad_norm=1.3884773254394531, loss=3.482933521270752
I0307 04:27:34.739793 140036192331520 logging_writer.py:48] [17200] global_step=17200, grad_norm=1.3001354932785034, loss=3.4778847694396973
I0307 04:28:01.505985 140191611933888 spec.py:321] Evaluating on the training split.
I0307 04:28:16.225039 140191611933888 spec.py:333] Evaluating on the validation split.
I0307 04:28:39.061647 140191611933888 spec.py:349] Evaluating on the test split.
I0307 04:28:40.872052 140191611933888 submission_runner.py:469] Time since start: 7300.53s, 	Step: 17270, 	{'train/accuracy': 0.666434109210968, 'train/loss': 1.5680752992630005, 'validation/accuracy': 0.5974599719047546, 'validation/loss': 1.8717472553253174, 'validation/num_examples': 50000, 'test/accuracy': 0.4780000150203705, 'test/loss': 2.5294103622436523, 'test/num_examples': 10000, 'score': 6689.291130781174, 'total_duration': 7300.525658369064, 'accumulated_submission_time': 6689.291130781174, 'accumulated_eval_time': 608.3886113166809, 'accumulated_logging_time': 0.8840675354003906}
I0307 04:28:40.992958 140036200724224 logging_writer.py:48] [17270] accumulated_eval_time=608.389, accumulated_logging_time=0.884068, accumulated_submission_time=6689.29, global_step=17270, preemption_count=0, score=6689.29, test/accuracy=0.478, test/loss=2.52941, test/num_examples=10000, total_duration=7300.53, train/accuracy=0.666434, train/loss=1.56808, validation/accuracy=0.59746, validation/loss=1.87175, validation/num_examples=50000
I0307 04:28:52.897233 140036192331520 logging_writer.py:48] [17300] global_step=17300, grad_norm=1.1941033601760864, loss=3.4168500900268555
I0307 04:29:31.607912 140036200724224 logging_writer.py:48] [17400] global_step=17400, grad_norm=1.484962821006775, loss=3.453120708465576
I0307 04:30:10.041374 140036192331520 logging_writer.py:48] [17500] global_step=17500, grad_norm=1.2904698848724365, loss=3.4489026069641113
I0307 04:30:48.747785 140036200724224 logging_writer.py:48] [17600] global_step=17600, grad_norm=1.8744659423828125, loss=3.423198699951172
I0307 04:31:27.520785 140036192331520 logging_writer.py:48] [17700] global_step=17700, grad_norm=1.126861333847046, loss=3.4676647186279297
I0307 04:32:05.894764 140036200724224 logging_writer.py:48] [17800] global_step=17800, grad_norm=1.8511770963668823, loss=3.4755494594573975
I0307 04:32:44.800172 140036192331520 logging_writer.py:48] [17900] global_step=17900, grad_norm=1.4762121438980103, loss=3.517420768737793
