python submission_runner.py --framework=jax --workload=imagenet_resnet --submission_path=prize_qualification_baselines/external_tuning/jax_nadamw_full_budget.py --data_dir=/data/imagenet/jax --num_tuning_trials=1 --experiment_dir=/experiment_runs --experiment_name=submissions/rolling_leaderboard/external_tuning/baseline/study_1 --overwrite=True --save_checkpoints=False --rng_seed=-1721477756 --imagenet_v2_data_dir=/data/imagenet/jax --tuning_ruleset=external --tuning_search_space=prize_qualification_baselines/external_tuning/tuning_search_space.json --num_tuning_trials=5 --hparam_start_index=0 --hparam_end_index=1 2>&1 | tee -a /logs/imagenet_resnet_jax_03-07-2025-02-20-55.log
2025-03-07 02:21:12.801826: E external/local_xla/xla/stream_executor/cuda/cuda_fft.cc:477] Unable to register cuFFT factory: Attempting to register factory for plugin cuFFT when one has already been registered
WARNING: All log messages before absl::InitializeLog() is called are written to STDERR
E0000 00:00:1741314073.226617       9 cuda_dnn.cc:8310] Unable to register cuDNN factory: Attempting to register factory for plugin cuDNN when one has already been registered
E0000 00:00:1741314073.381043       9 cuda_blas.cc:1418] Unable to register cuBLAS factory: Attempting to register factory for plugin cuBLAS when one has already been registered
ERROR:root:Unable to import wandb.
Traceback (most recent call last):
  File "/algorithmic-efficiency/algoperf/logger_utils.py", line 27, in <module>
    import wandb  # pylint: disable=g-import-not-at-top
    ^^^^^^^^^^^^
ModuleNotFoundError: No module named 'wandb'
I0307 02:22:01.333380 140178276385984 logger_utils.py:81] Creating experiment directory at /experiment_runs/submissions/rolling_leaderboard/external_tuning/baseline/study_1/imagenet_resnet_jax.
I0307 02:22:04.243169 140178276385984 xla_bridge.py:884] Unable to initialize backend 'rocm': NOT_FOUND: Could not find registered platform with name: "rocm". Available platform names are: CUDA
I0307 02:22:04.247279 140178276385984 xla_bridge.py:884] Unable to initialize backend 'tpu': INTERNAL: Failed to open libtpu.so: libtpu.so: cannot open shared object file: No such file or directory
I0307 02:22:04.286425 140178276385984 submission_runner.py:606] Using RNG seed -1721477756
I0307 02:22:09.689512 140178276385984 submission_runner.py:615] --- Tuning run 1/5 ---
I0307 02:22:09.689718 140178276385984 submission_runner.py:620] Creating tuning directory at /experiment_runs/submissions/rolling_leaderboard/external_tuning/baseline/study_1/imagenet_resnet_jax/trial_1.
I0307 02:22:09.689930 140178276385984 logger_utils.py:97] Saving hparams to /experiment_runs/submissions/rolling_leaderboard/external_tuning/baseline/study_1/imagenet_resnet_jax/trial_1/hparams.json.
I0307 02:22:09.935194 140178276385984 submission_runner.py:218] Initializing dataset.
I0307 02:22:11.030940 140178276385984 dataset_info.py:690] Load dataset info from /data/imagenet/jax/imagenet2012/5.1.0
I0307 02:22:11.364851 140178276385984 reader.py:261] Creating a tf.data.Dataset reading 1024 files located in folders: /data/imagenet/jax/imagenet2012/5.1.0.
I0307 02:22:11.681022 140178276385984 logging_logger.py:49] Constructing tf.data.Dataset imagenet2012 for split train, from /data/imagenet/jax/imagenet2012/5.1.0
I0307 02:22:13.417707 140178276385984 submission_runner.py:229] Initializing model.
I0307 02:22:36.973168 140178276385984 submission_runner.py:272] Initializing optimizer.
I0307 02:22:38.060767 140178276385984 submission_runner.py:279] Initializing metrics bundle.
I0307 02:22:38.061017 140178276385984 submission_runner.py:301] Initializing checkpoint and logger.
I0307 02:22:38.062646 140178276385984 checkpoints.py:1101] Found no checkpoint files in /experiment_runs/submissions/rolling_leaderboard/external_tuning/baseline/study_1/imagenet_resnet_jax/trial_1 with prefix checkpoint_
I0307 02:22:38.062750 140178276385984 submission_runner.py:321] Saving meta data to /experiment_runs/submissions/rolling_leaderboard/external_tuning/baseline/study_1/imagenet_resnet_jax/trial_1/meta_data_0.json.
I0307 02:22:38.586709 140178276385984 submission_runner.py:325] Saving flags to /experiment_runs/submissions/rolling_leaderboard/external_tuning/baseline/study_1/imagenet_resnet_jax/trial_1/flags_0.json.
I0307 02:22:38.956353 140178276385984 submission_runner.py:337] Starting training loop.
I0307 02:23:37.283388 140040332101376 logging_writer.py:48] [0] global_step=0, grad_norm=0.5972574949264526, loss=6.9275312423706055
I0307 02:23:37.686998 140178276385984 spec.py:321] Evaluating on the training split.
I0307 02:23:38.149356 140178276385984 dataset_info.py:690] Load dataset info from /data/imagenet/jax/imagenet2012/5.1.0
I0307 02:23:38.174237 140178276385984 reader.py:261] Creating a tf.data.Dataset reading 1024 files located in folders: /data/imagenet/jax/imagenet2012/5.1.0.
I0307 02:23:38.215826 140178276385984 logging_logger.py:49] Constructing tf.data.Dataset imagenet2012 for split train, from /data/imagenet/jax/imagenet2012/5.1.0
I0307 02:23:58.248763 140178276385984 spec.py:333] Evaluating on the validation split.
I0307 02:23:58.982451 140178276385984 dataset_info.py:690] Load dataset info from /data/imagenet/jax/imagenet2012/5.1.0
I0307 02:23:59.041465 140178276385984 reader.py:261] Creating a tf.data.Dataset reading 64 files located in folders: /data/imagenet/jax/imagenet2012/5.1.0.
I0307 02:23:59.326573 140178276385984 logging_logger.py:49] Constructing tf.data.Dataset imagenet2012 for split validation, from /data/imagenet/jax/imagenet2012/5.1.0
I0307 02:24:50.269060 140178276385984 spec.py:349] Evaluating on the test split.
I0307 02:24:50.831551 140178276385984 dataset_info.py:690] Load dataset info from /data/imagenet/jax/imagenet_v2/matched-frequency/3.0.0
I0307 02:24:50.896334 140178276385984 reader.py:261] Creating a tf.data.Dataset reading 16 files located in folders: /data/imagenet/jax/imagenet_v2/matched-frequency/3.0.0.
I0307 02:24:50.947182 140178276385984 logging_logger.py:49] Constructing tf.data.Dataset imagenet_v2 for split test, from /data/imagenet/jax/imagenet_v2/matched-frequency/3.0.0
I0307 02:25:43.390129 140178276385984 submission_runner.py:469] Time since start: 184.43s, 	Step: 1, 	{'train/accuracy': 0.000996492337435484, 'train/loss': 6.913202285766602, 'validation/accuracy': 0.0012599999317899346, 'validation/loss': 6.912908554077148, 'validation/num_examples': 50000, 'test/accuracy': 0.0014000000664964318, 'test/loss': 6.912501335144043, 'test/num_examples': 10000, 'score': 58.73045778274536, 'total_duration': 184.43373084068298, 'accumulated_submission_time': 58.73045778274536, 'accumulated_eval_time': 125.70307064056396, 'accumulated_logging_time': 0}
I0307 02:25:43.426548 140021201876736 logging_writer.py:48] [1] accumulated_eval_time=125.703, accumulated_logging_time=0, accumulated_submission_time=58.7305, global_step=1, preemption_count=0, score=58.7305, test/accuracy=0.0014, test/loss=6.9125, test/num_examples=10000, total_duration=184.434, train/accuracy=0.000996492, train/loss=6.9132, validation/accuracy=0.00126, validation/loss=6.91291, validation/num_examples=50000
I0307 02:26:20.075662 140021193484032 logging_writer.py:48] [100] global_step=100, grad_norm=0.6023036241531372, loss=6.903253078460693
I0307 02:26:57.606960 140021201876736 logging_writer.py:48] [200] global_step=200, grad_norm=0.5890704989433289, loss=6.856897830963135
I0307 02:27:34.270762 140021193484032 logging_writer.py:48] [300] global_step=300, grad_norm=0.6127339005470276, loss=6.8100385665893555
I0307 02:28:12.415488 140021201876736 logging_writer.py:48] [400] global_step=400, grad_norm=0.6777313351631165, loss=6.700458526611328
I0307 02:28:49.939241 140021193484032 logging_writer.py:48] [500] global_step=500, grad_norm=0.7108950018882751, loss=6.659962177276611
I0307 02:29:28.245624 140021201876736 logging_writer.py:48] [600] global_step=600, grad_norm=0.737955629825592, loss=6.538133144378662
I0307 02:30:06.378425 140021193484032 logging_writer.py:48] [700] global_step=700, grad_norm=0.7598188519477844, loss=6.420166969299316
I0307 02:30:43.956595 140021201876736 logging_writer.py:48] [800] global_step=800, grad_norm=0.8075785636901855, loss=6.350034236907959
I0307 02:31:21.914664 140021193484032 logging_writer.py:48] [900] global_step=900, grad_norm=0.9479500651359558, loss=6.263558387756348
I0307 02:31:59.623788 140021201876736 logging_writer.py:48] [1000] global_step=1000, grad_norm=1.1497530937194824, loss=6.155426502227783
I0307 02:32:37.140204 140021193484032 logging_writer.py:48] [1100] global_step=1100, grad_norm=1.7556341886520386, loss=6.055049896240234
I0307 02:33:14.530888 140021201876736 logging_writer.py:48] [1200] global_step=1200, grad_norm=1.8637416362762451, loss=5.989307880401611
I0307 02:33:50.602723 140021193484032 logging_writer.py:48] [1300] global_step=1300, grad_norm=1.8020809888839722, loss=5.986990928649902
I0307 02:34:13.551647 140178276385984 spec.py:321] Evaluating on the training split.
I0307 02:34:26.305310 140178276385984 spec.py:333] Evaluating on the validation split.
I0307 02:34:43.602203 140178276385984 spec.py:349] Evaluating on the test split.
I0307 02:34:45.608510 140178276385984 submission_runner.py:469] Time since start: 726.65s, 	Step: 1364, 	{'train/accuracy': 0.0675223171710968, 'train/loss': 5.486059188842773, 'validation/accuracy': 0.06019999831914902, 'validation/loss': 5.564065456390381, 'validation/num_examples': 50000, 'test/accuracy': 0.04190000146627426, 'test/loss': 5.753705978393555, 'test/num_examples': 10000, 'score': 568.6404049396515, 'total_duration': 726.6521196365356, 'accumulated_submission_time': 568.6404049396515, 'accumulated_eval_time': 157.75989651679993, 'accumulated_logging_time': 0.04564213752746582}
I0307 02:34:45.620240 140021210269440 logging_writer.py:48] [1364] accumulated_eval_time=157.76, accumulated_logging_time=0.0456421, accumulated_submission_time=568.64, global_step=1364, preemption_count=0, score=568.64, test/accuracy=0.0419, test/loss=5.75371, test/num_examples=10000, total_duration=726.652, train/accuracy=0.0675223, train/loss=5.48606, validation/accuracy=0.0602, validation/loss=5.56407, validation/num_examples=50000
I0307 02:34:59.889343 140021218662144 logging_writer.py:48] [1400] global_step=1400, grad_norm=2.2569077014923096, loss=5.87114953994751
I0307 02:35:38.170260 140021210269440 logging_writer.py:48] [1500] global_step=1500, grad_norm=2.326798677444458, loss=5.790853023529053
I0307 02:36:15.623812 140021218662144 logging_writer.py:48] [1600] global_step=1600, grad_norm=2.689077377319336, loss=5.737402439117432
I0307 02:36:53.922273 140021210269440 logging_writer.py:48] [1700] global_step=1700, grad_norm=2.9589405059814453, loss=5.654199600219727
I0307 02:37:31.843892 140021218662144 logging_writer.py:48] [1800] global_step=1800, grad_norm=2.1987767219543457, loss=5.634825229644775
I0307 02:38:09.883155 140021210269440 logging_writer.py:48] [1900] global_step=1900, grad_norm=2.805422067642212, loss=5.614474773406982
I0307 02:38:47.660102 140021218662144 logging_writer.py:48] [2000] global_step=2000, grad_norm=2.8775787353515625, loss=5.3982133865356445
I0307 02:39:26.056442 140021210269440 logging_writer.py:48] [2100] global_step=2100, grad_norm=2.946021556854248, loss=5.466464519500732
I0307 02:40:03.892498 140021218662144 logging_writer.py:48] [2200] global_step=2200, grad_norm=4.687397480010986, loss=5.475462436676025
I0307 02:40:42.132753 140021210269440 logging_writer.py:48] [2300] global_step=2300, grad_norm=2.648090124130249, loss=5.324443817138672
I0307 02:41:19.815844 140021218662144 logging_writer.py:48] [2400] global_step=2400, grad_norm=2.8555121421813965, loss=5.383031845092773
I0307 02:41:56.878464 140021210269440 logging_writer.py:48] [2500] global_step=2500, grad_norm=4.0920562744140625, loss=5.298574924468994
I0307 02:42:33.007626 140021218662144 logging_writer.py:48] [2600] global_step=2600, grad_norm=4.089080333709717, loss=5.254491329193115
I0307 02:43:11.023749 140021210269440 logging_writer.py:48] [2700] global_step=2700, grad_norm=3.4435813426971436, loss=5.20633602142334
I0307 02:43:15.951972 140178276385984 spec.py:321] Evaluating on the training split.
I0307 02:43:27.457762 140178276385984 spec.py:333] Evaluating on the validation split.
I0307 02:43:42.906248 140178276385984 spec.py:349] Evaluating on the test split.
I0307 02:43:44.773858 140178276385984 submission_runner.py:469] Time since start: 1265.82s, 	Step: 2714, 	{'train/accuracy': 0.15852199494838715, 'train/loss': 4.433286190032959, 'validation/accuracy': 0.13793998956680298, 'validation/loss': 4.577001571655273, 'validation/num_examples': 50000, 'test/accuracy': 0.09740000218153, 'test/loss': 4.945664882659912, 'test/num_examples': 10000, 'score': 1078.768221616745, 'total_duration': 1265.8174669742584, 'accumulated_submission_time': 1078.768221616745, 'accumulated_eval_time': 186.58173441886902, 'accumulated_logging_time': 0.07293891906738281}
I0307 02:43:44.805512 140021218662144 logging_writer.py:48] [2714] accumulated_eval_time=186.582, accumulated_logging_time=0.0729389, accumulated_submission_time=1078.77, global_step=2714, preemption_count=0, score=1078.77, test/accuracy=0.0974, test/loss=4.94566, test/num_examples=10000, total_duration=1265.82, train/accuracy=0.158522, train/loss=4.43329, validation/accuracy=0.13794, validation/loss=4.577, validation/num_examples=50000
I0307 02:44:17.743394 140021210269440 logging_writer.py:48] [2800] global_step=2800, grad_norm=7.35196590423584, loss=5.258956432342529
I0307 02:44:56.689736 140021218662144 logging_writer.py:48] [2900] global_step=2900, grad_norm=4.71108865737915, loss=5.02265739440918
I0307 02:45:34.896342 140021210269440 logging_writer.py:48] [3000] global_step=3000, grad_norm=5.593664169311523, loss=4.980876922607422
I0307 02:46:13.122857 140021218662144 logging_writer.py:48] [3100] global_step=3100, grad_norm=4.9626288414001465, loss=5.057960510253906
I0307 02:46:51.493702 140021210269440 logging_writer.py:48] [3200] global_step=3200, grad_norm=6.511869430541992, loss=4.904543399810791
I0307 02:47:30.208460 140021218662144 logging_writer.py:48] [3300] global_step=3300, grad_norm=4.1183295249938965, loss=4.916942119598389
I0307 02:48:08.162527 140021210269440 logging_writer.py:48] [3400] global_step=3400, grad_norm=5.440701007843018, loss=4.900638103485107
I0307 02:48:46.459086 140021218662144 logging_writer.py:48] [3500] global_step=3500, grad_norm=5.5788187980651855, loss=4.8542070388793945
I0307 02:49:24.836356 140021210269440 logging_writer.py:48] [3600] global_step=3600, grad_norm=6.083763599395752, loss=4.760305404663086
I0307 02:50:03.002540 140021218662144 logging_writer.py:48] [3700] global_step=3700, grad_norm=3.8591763973236084, loss=4.705846309661865
I0307 02:50:41.111590 140021210269440 logging_writer.py:48] [3800] global_step=3800, grad_norm=4.152601718902588, loss=4.826165676116943
I0307 02:51:19.469606 140021218662144 logging_writer.py:48] [3900] global_step=3900, grad_norm=7.777606010437012, loss=4.740706920623779
I0307 02:51:57.645063 140021210269440 logging_writer.py:48] [4000] global_step=4000, grad_norm=7.149509429931641, loss=4.611461639404297
I0307 02:52:14.894427 140178276385984 spec.py:321] Evaluating on the training split.
I0307 02:52:26.548394 140178276385984 spec.py:333] Evaluating on the validation split.
I0307 02:52:49.190812 140178276385984 spec.py:349] Evaluating on the test split.
I0307 02:52:50.983607 140178276385984 submission_runner.py:469] Time since start: 1812.03s, 	Step: 4046, 	{'train/accuracy': 0.25958624482154846, 'train/loss': 3.62833571434021, 'validation/accuracy': 0.22817999124526978, 'validation/loss': 3.8408868312835693, 'validation/num_examples': 50000, 'test/accuracy': 0.16610001027584076, 'test/loss': 4.363452434539795, 'test/num_examples': 10000, 'score': 1588.6849162578583, 'total_duration': 1812.0272243022919, 'accumulated_submission_time': 1588.6849162578583, 'accumulated_eval_time': 222.6708743572235, 'accumulated_logging_time': 0.11372518539428711}
I0307 02:52:51.012246 140021218662144 logging_writer.py:48] [4046] accumulated_eval_time=222.671, accumulated_logging_time=0.113725, accumulated_submission_time=1588.68, global_step=4046, preemption_count=0, score=1588.68, test/accuracy=0.1661, test/loss=4.36345, test/num_examples=10000, total_duration=1812.03, train/accuracy=0.259586, train/loss=3.62834, validation/accuracy=0.22818, validation/loss=3.84089, validation/num_examples=50000
I0307 02:53:11.631621 140021210269440 logging_writer.py:48] [4100] global_step=4100, grad_norm=4.6782145500183105, loss=4.531415939331055
I0307 02:53:48.394665 140021218662144 logging_writer.py:48] [4200] global_step=4200, grad_norm=3.8500754833221436, loss=4.53690242767334
I0307 02:54:26.156387 140021210269440 logging_writer.py:48] [4300] global_step=4300, grad_norm=4.877558708190918, loss=4.6024017333984375
I0307 02:55:04.346602 140021218662144 logging_writer.py:48] [4400] global_step=4400, grad_norm=5.643440246582031, loss=4.615644454956055
I0307 02:55:42.122545 140021210269440 logging_writer.py:48] [4500] global_step=4500, grad_norm=5.094004154205322, loss=4.488424301147461
I0307 02:56:22.994346 140021218662144 logging_writer.py:48] [4600] global_step=4600, grad_norm=6.646955966949463, loss=4.411019325256348
I0307 02:57:07.634569 140021210269440 logging_writer.py:48] [4700] global_step=4700, grad_norm=5.585386276245117, loss=4.431753158569336
I0307 02:57:46.529436 140021218662144 logging_writer.py:48] [4800] global_step=4800, grad_norm=5.751361846923828, loss=4.311801910400391
I0307 02:58:25.224724 140021210269440 logging_writer.py:48] [4900] global_step=4900, grad_norm=4.463071823120117, loss=4.337073802947998
I0307 02:59:04.926986 140021218662144 logging_writer.py:48] [5000] global_step=5000, grad_norm=4.68021297454834, loss=4.343108177185059
I0307 02:59:43.678289 140021210269440 logging_writer.py:48] [5100] global_step=5100, grad_norm=6.246310710906982, loss=4.316645622253418
I0307 03:00:22.067000 140021218662144 logging_writer.py:48] [5200] global_step=5200, grad_norm=6.551656246185303, loss=4.181707859039307
I0307 03:01:00.859963 140021210269440 logging_writer.py:48] [5300] global_step=5300, grad_norm=5.660995006561279, loss=4.107912063598633
I0307 03:01:21.250612 140178276385984 spec.py:321] Evaluating on the training split.
I0307 03:01:32.081791 140178276385984 spec.py:333] Evaluating on the validation split.
I0307 03:01:50.980476 140178276385984 spec.py:349] Evaluating on the test split.
I0307 03:01:52.780544 140178276385984 submission_runner.py:469] Time since start: 2353.82s, 	Step: 5354, 	{'train/accuracy': 0.3443279564380646, 'train/loss': 3.1209475994110107, 'validation/accuracy': 0.3086400032043457, 'validation/loss': 3.3249173164367676, 'validation/num_examples': 50000, 'test/accuracy': 0.2297000139951706, 'test/loss': 3.9242238998413086, 'test/num_examples': 10000, 'score': 2098.7594044208527, 'total_duration': 2353.8241600990295, 'accumulated_submission_time': 2098.7594044208527, 'accumulated_eval_time': 254.20077347755432, 'accumulated_logging_time': 0.1502981185913086}
I0307 03:01:52.817951 140021218662144 logging_writer.py:48] [5354] accumulated_eval_time=254.201, accumulated_logging_time=0.150298, accumulated_submission_time=2098.76, global_step=5354, preemption_count=0, score=2098.76, test/accuracy=0.2297, test/loss=3.92422, test/num_examples=10000, total_duration=2353.82, train/accuracy=0.344328, train/loss=3.12095, validation/accuracy=0.30864, validation/loss=3.32492, validation/num_examples=50000
I0307 03:02:10.921736 140021210269440 logging_writer.py:48] [5400] global_step=5400, grad_norm=4.719639301300049, loss=4.2573466300964355
I0307 03:02:49.607078 140021218662144 logging_writer.py:48] [5500] global_step=5500, grad_norm=7.012298583984375, loss=4.037341594696045
I0307 03:03:28.459859 140021210269440 logging_writer.py:48] [5600] global_step=5600, grad_norm=4.2443108558654785, loss=4.124582767486572
I0307 03:04:07.282417 140021218662144 logging_writer.py:48] [5700] global_step=5700, grad_norm=4.388775825500488, loss=4.10183048248291
I0307 03:04:46.091873 140021210269440 logging_writer.py:48] [5800] global_step=5800, grad_norm=5.263556003570557, loss=4.071770668029785
I0307 03:05:24.982398 140021218662144 logging_writer.py:48] [5900] global_step=5900, grad_norm=5.331692695617676, loss=4.014183521270752
I0307 03:06:03.114249 140021210269440 logging_writer.py:48] [6000] global_step=6000, grad_norm=5.520096778869629, loss=4.042496681213379
I0307 03:06:41.329019 140021218662144 logging_writer.py:48] [6100] global_step=6100, grad_norm=6.930004119873047, loss=4.020079135894775
I0307 03:07:19.828711 140021210269440 logging_writer.py:48] [6200] global_step=6200, grad_norm=7.354726791381836, loss=3.8752050399780273
I0307 03:07:58.506221 140021218662144 logging_writer.py:48] [6300] global_step=6300, grad_norm=5.6439995765686035, loss=4.002445697784424
I0307 03:08:37.471418 140021210269440 logging_writer.py:48] [6400] global_step=6400, grad_norm=6.623445510864258, loss=3.9399585723876953
I0307 03:09:16.021956 140021218662144 logging_writer.py:48] [6500] global_step=6500, grad_norm=6.357580184936523, loss=3.866063117980957
I0307 03:09:54.446785 140021210269440 logging_writer.py:48] [6600] global_step=6600, grad_norm=5.155400276184082, loss=3.8275067806243896
I0307 03:10:23.032556 140178276385984 spec.py:321] Evaluating on the training split.
I0307 03:10:34.506443 140178276385984 spec.py:333] Evaluating on the validation split.
I0307 03:10:53.039379 140178276385984 spec.py:349] Evaluating on the test split.
I0307 03:10:54.889435 140178276385984 submission_runner.py:469] Time since start: 2895.93s, 	Step: 6676, 	{'train/accuracy': 0.4188257157802582, 'train/loss': 2.6895928382873535, 'validation/accuracy': 0.37417998909950256, 'validation/loss': 2.9200215339660645, 'validation/num_examples': 50000, 'test/accuracy': 0.2785000205039978, 'test/loss': 3.572272777557373, 'test/num_examples': 10000, 'score': 2608.8417177200317, 'total_duration': 2895.933042526245, 'accumulated_submission_time': 2608.8417177200317, 'accumulated_eval_time': 286.05760288238525, 'accumulated_logging_time': 0.19629478454589844}
I0307 03:10:54.963291 140021218662144 logging_writer.py:48] [6676] accumulated_eval_time=286.058, accumulated_logging_time=0.196295, accumulated_submission_time=2608.84, global_step=6676, preemption_count=0, score=2608.84, test/accuracy=0.2785, test/loss=3.57227, test/num_examples=10000, total_duration=2895.93, train/accuracy=0.418826, train/loss=2.68959, validation/accuracy=0.37418, validation/loss=2.92002, validation/num_examples=50000
I0307 03:11:04.667486 140021210269440 logging_writer.py:48] [6700] global_step=6700, grad_norm=5.1989312171936035, loss=3.8167495727539062
I0307 03:11:42.740116 140021218662144 logging_writer.py:48] [6800] global_step=6800, grad_norm=4.880583763122559, loss=3.8140478134155273
I0307 03:12:20.878660 140021210269440 logging_writer.py:48] [6900] global_step=6900, grad_norm=5.632176399230957, loss=3.827101469039917
I0307 03:13:00.128325 140021218662144 logging_writer.py:48] [7000] global_step=7000, grad_norm=5.275969505310059, loss=3.743422746658325
I0307 03:13:51.211755 140021210269440 logging_writer.py:48] [7100] global_step=7100, grad_norm=5.647085666656494, loss=3.7882156372070312
I0307 03:14:41.338168 140021218662144 logging_writer.py:48] [7200] global_step=7200, grad_norm=8.856196403503418, loss=3.6910035610198975
I0307 03:15:19.693132 140021210269440 logging_writer.py:48] [7300] global_step=7300, grad_norm=7.256224632263184, loss=3.7130913734436035
I0307 03:15:58.040035 140021218662144 logging_writer.py:48] [7400] global_step=7400, grad_norm=4.411647796630859, loss=3.689216136932373
I0307 03:16:36.276244 140021210269440 logging_writer.py:48] [7500] global_step=7500, grad_norm=6.963475227355957, loss=3.610027313232422
I0307 03:17:14.970336 140021218662144 logging_writer.py:48] [7600] global_step=7600, grad_norm=5.136322021484375, loss=3.5576331615448
I0307 03:17:53.607987 140021210269440 logging_writer.py:48] [7700] global_step=7700, grad_norm=6.843466281890869, loss=3.6500587463378906
I0307 03:18:31.977307 140021218662144 logging_writer.py:48] [7800] global_step=7800, grad_norm=5.449273109436035, loss=3.631596803665161
I0307 03:19:10.578447 140021210269440 logging_writer.py:48] [7900] global_step=7900, grad_norm=8.709358215332031, loss=3.6646714210510254
I0307 03:19:25.253376 140178276385984 spec.py:321] Evaluating on the training split.
I0307 03:19:36.922710 140178276385984 spec.py:333] Evaluating on the validation split.
I0307 03:19:56.236526 140178276385984 spec.py:349] Evaluating on the test split.
I0307 03:19:58.089219 140178276385984 submission_runner.py:469] Time since start: 3439.13s, 	Step: 7939, 	{'train/accuracy': 0.4820830523967743, 'train/loss': 2.3453423976898193, 'validation/accuracy': 0.4251599907875061, 'validation/loss': 2.626068592071533, 'validation/num_examples': 50000, 'test/accuracy': 0.32830002903938293, 'test/loss': 3.2708113193511963, 'test/num_examples': 10000, 'score': 3118.9543426036835, 'total_duration': 3439.132836341858, 'accumulated_submission_time': 3118.9543426036835, 'accumulated_eval_time': 318.89340806007385, 'accumulated_logging_time': 0.31638145446777344}
I0307 03:19:58.172982 140021218662144 logging_writer.py:48] [7939] accumulated_eval_time=318.893, accumulated_logging_time=0.316381, accumulated_submission_time=3118.95, global_step=7939, preemption_count=0, score=3118.95, test/accuracy=0.3283, test/loss=3.27081, test/num_examples=10000, total_duration=3439.13, train/accuracy=0.482083, train/loss=2.34534, validation/accuracy=0.42516, validation/loss=2.62607, validation/num_examples=50000
I0307 03:20:22.289097 140021210269440 logging_writer.py:48] [8000] global_step=8000, grad_norm=6.194087028503418, loss=3.599823474884033
I0307 03:21:00.831261 140021218662144 logging_writer.py:48] [8100] global_step=8100, grad_norm=6.029751300811768, loss=3.5148110389709473
I0307 03:21:39.025644 140021210269440 logging_writer.py:48] [8200] global_step=8200, grad_norm=5.516979694366455, loss=3.579348087310791
I0307 03:22:17.228192 140021218662144 logging_writer.py:48] [8300] global_step=8300, grad_norm=5.023279666900635, loss=3.547346353530884
I0307 03:22:54.498992 140021210269440 logging_writer.py:48] [8400] global_step=8400, grad_norm=4.505528450012207, loss=3.499429225921631
I0307 03:23:31.787800 140021218662144 logging_writer.py:48] [8500] global_step=8500, grad_norm=5.965455055236816, loss=3.620079278945923
I0307 03:24:09.966960 140021210269440 logging_writer.py:48] [8600] global_step=8600, grad_norm=4.709263801574707, loss=3.466458320617676
I0307 03:24:48.201375 140021218662144 logging_writer.py:48] [8700] global_step=8700, grad_norm=3.9169678688049316, loss=3.5059289932250977
I0307 03:25:26.911119 140021210269440 logging_writer.py:48] [8800] global_step=8800, grad_norm=6.260866641998291, loss=3.4086499214172363
I0307 03:26:05.358429 140021218662144 logging_writer.py:48] [8900] global_step=8900, grad_norm=6.205537796020508, loss=3.4279255867004395
I0307 03:26:43.871020 140021210269440 logging_writer.py:48] [9000] global_step=9000, grad_norm=5.137519359588623, loss=3.49202036857605
I0307 03:27:22.461615 140021218662144 logging_writer.py:48] [9100] global_step=9100, grad_norm=6.205265522003174, loss=3.4201302528381348
I0307 03:28:00.509212 140021210269440 logging_writer.py:48] [9200] global_step=9200, grad_norm=5.531891822814941, loss=3.451197385787964
I0307 03:28:28.198469 140178276385984 spec.py:321] Evaluating on the training split.
I0307 03:28:39.695293 140178276385984 spec.py:333] Evaluating on the validation split.
I0307 03:28:59.512890 140178276385984 spec.py:349] Evaluating on the test split.
I0307 03:29:01.345192 140178276385984 submission_runner.py:469] Time since start: 3982.39s, 	Step: 9273, 	{'train/accuracy': 0.5176777839660645, 'train/loss': 2.1896069049835205, 'validation/accuracy': 0.46333998441696167, 'validation/loss': 2.463589668273926, 'validation/num_examples': 50000, 'test/accuracy': 0.3579000234603882, 'test/loss': 3.092560291290283, 'test/num_examples': 10000, 'score': 3628.821580171585, 'total_duration': 3982.388798236847, 'accumulated_submission_time': 3628.821580171585, 'accumulated_eval_time': 352.04007840156555, 'accumulated_logging_time': 0.40958476066589355}
I0307 03:29:01.380282 140021218662144 logging_writer.py:48] [9273] accumulated_eval_time=352.04, accumulated_logging_time=0.409585, accumulated_submission_time=3628.82, global_step=9273, preemption_count=0, score=3628.82, test/accuracy=0.3579, test/loss=3.09256, test/num_examples=10000, total_duration=3982.39, train/accuracy=0.517678, train/loss=2.18961, validation/accuracy=0.46334, validation/loss=2.46359, validation/num_examples=50000
I0307 03:29:12.102579 140021210269440 logging_writer.py:48] [9300] global_step=9300, grad_norm=6.634688377380371, loss=3.3990888595581055
I0307 03:29:50.309807 140021218662144 logging_writer.py:48] [9400] global_step=9400, grad_norm=6.4215216636657715, loss=3.4232192039489746
I0307 03:30:28.960367 140021210269440 logging_writer.py:48] [9500] global_step=9500, grad_norm=6.468711853027344, loss=3.376408815383911
I0307 03:31:07.472253 140021218662144 logging_writer.py:48] [9600] global_step=9600, grad_norm=5.683620452880859, loss=3.4246654510498047
I0307 03:31:45.779708 140021210269440 logging_writer.py:48] [9700] global_step=9700, grad_norm=8.243931770324707, loss=3.42488431930542
I0307 03:32:24.154246 140021218662144 logging_writer.py:48] [9800] global_step=9800, grad_norm=5.823230266571045, loss=3.376675605773926
I0307 03:33:02.870835 140021210269440 logging_writer.py:48] [9900] global_step=9900, grad_norm=4.287245273590088, loss=3.3839266300201416
I0307 03:33:41.573775 140021218662144 logging_writer.py:48] [10000] global_step=10000, grad_norm=4.350796222686768, loss=3.3386387825012207
I0307 03:34:20.116992 140021210269440 logging_writer.py:48] [10100] global_step=10100, grad_norm=4.409387588500977, loss=3.3056981563568115
I0307 03:34:58.577068 140021218662144 logging_writer.py:48] [10200] global_step=10200, grad_norm=4.431865692138672, loss=3.2932310104370117
I0307 03:35:37.336462 140021210269440 logging_writer.py:48] [10300] global_step=10300, grad_norm=6.114281177520752, loss=3.3268959522247314
I0307 03:36:15.925362 140021218662144 logging_writer.py:48] [10400] global_step=10400, grad_norm=7.31864595413208, loss=3.3470406532287598
I0307 03:36:54.539343 140021210269440 logging_writer.py:48] [10500] global_step=10500, grad_norm=7.984176158905029, loss=3.302563190460205
I0307 03:37:31.387358 140178276385984 spec.py:321] Evaluating on the training split.
I0307 03:37:48.186372 140178276385984 spec.py:333] Evaluating on the validation split.
I0307 03:38:08.269936 140178276385984 spec.py:349] Evaluating on the test split.
I0307 03:38:10.112161 140178276385984 submission_runner.py:469] Time since start: 4531.16s, 	Step: 10596, 	{'train/accuracy': 0.5426697731018066, 'train/loss': 2.040057897567749, 'validation/accuracy': 0.4890799820423126, 'validation/loss': 2.310072660446167, 'validation/num_examples': 50000, 'test/accuracy': 0.37550002336502075, 'test/loss': 2.9704039096832275, 'test/num_examples': 10000, 'score': 4138.6773002147675, 'total_duration': 4531.155784845352, 'accumulated_submission_time': 4138.6773002147675, 'accumulated_eval_time': 390.76485323905945, 'accumulated_logging_time': 0.453249454498291}
I0307 03:38:10.147453 140021218662144 logging_writer.py:48] [10596] accumulated_eval_time=390.765, accumulated_logging_time=0.453249, accumulated_submission_time=4138.68, global_step=10596, preemption_count=0, score=4138.68, test/accuracy=0.3755, test/loss=2.9704, test/num_examples=10000, total_duration=4531.16, train/accuracy=0.54267, train/loss=2.04006, validation/accuracy=0.48908, validation/loss=2.31007, validation/num_examples=50000
I0307 03:38:12.004305 140021210269440 logging_writer.py:48] [10600] global_step=10600, grad_norm=6.414921283721924, loss=3.3781261444091797
I0307 03:38:50.488544 140021218662144 logging_writer.py:48] [10700] global_step=10700, grad_norm=4.969325542449951, loss=3.335785388946533
I0307 03:39:29.122479 140021210269440 logging_writer.py:48] [10800] global_step=10800, grad_norm=8.710420608520508, loss=3.21468448638916
I0307 03:40:07.711274 140021218662144 logging_writer.py:48] [10900] global_step=10900, grad_norm=4.736459255218506, loss=3.251319646835327
I0307 03:40:46.200274 140021210269440 logging_writer.py:48] [11000] global_step=11000, grad_norm=6.675834655761719, loss=3.2419440746307373
I0307 03:41:24.896782 140021218662144 logging_writer.py:48] [11100] global_step=11100, grad_norm=6.5662312507629395, loss=3.2644968032836914
I0307 03:42:03.418684 140021210269440 logging_writer.py:48] [11200] global_step=11200, grad_norm=5.523723602294922, loss=3.301085948944092
I0307 03:42:42.141952 140021218662144 logging_writer.py:48] [11300] global_step=11300, grad_norm=5.435121536254883, loss=3.3072350025177
I0307 03:43:20.804360 140021210269440 logging_writer.py:48] [11400] global_step=11400, grad_norm=4.596254825592041, loss=3.2091174125671387
I0307 03:43:59.464223 140021218662144 logging_writer.py:48] [11500] global_step=11500, grad_norm=5.3232269287109375, loss=3.169729471206665
I0307 03:44:37.770413 140021210269440 logging_writer.py:48] [11600] global_step=11600, grad_norm=6.9249467849731445, loss=3.067960023880005
I0307 03:45:16.507700 140021218662144 logging_writer.py:48] [11700] global_step=11700, grad_norm=6.441717147827148, loss=3.24336576461792
I0307 03:45:54.923528 140021210269440 logging_writer.py:48] [11800] global_step=11800, grad_norm=3.4150760173797607, loss=3.1722543239593506
I0307 03:46:33.272629 140021218662144 logging_writer.py:48] [11900] global_step=11900, grad_norm=4.8510870933532715, loss=3.2394866943359375
I0307 03:46:40.279366 140178276385984 spec.py:321] Evaluating on the training split.
I0307 03:46:52.830615 140178276385984 spec.py:333] Evaluating on the validation split.
I0307 03:47:12.290865 140178276385984 spec.py:349] Evaluating on the test split.
I0307 03:47:14.156154 140178276385984 submission_runner.py:469] Time since start: 5075.20s, 	Step: 11919, 	{'train/accuracy': 0.5757134556770325, 'train/loss': 1.8782466650009155, 'validation/accuracy': 0.5187399983406067, 'validation/loss': 2.147243022918701, 'validation/num_examples': 50000, 'test/accuracy': 0.39900001883506775, 'test/loss': 2.8007309436798096, 'test/num_examples': 10000, 'score': 4648.66397023201, 'total_duration': 5075.199770689011, 'accumulated_submission_time': 4648.66397023201, 'accumulated_eval_time': 424.641606092453, 'accumulated_logging_time': 0.49742960929870605}
I0307 03:47:14.201636 140021210269440 logging_writer.py:48] [11919] accumulated_eval_time=424.642, accumulated_logging_time=0.49743, accumulated_submission_time=4648.66, global_step=11919, preemption_count=0, score=4648.66, test/accuracy=0.399, test/loss=2.80073, test/num_examples=10000, total_duration=5075.2, train/accuracy=0.575713, train/loss=1.87825, validation/accuracy=0.51874, validation/loss=2.14724, validation/num_examples=50000
I0307 03:47:45.600784 140021218662144 logging_writer.py:48] [12000] global_step=12000, grad_norm=5.7329511642456055, loss=3.1728579998016357
I0307 03:48:23.948227 140021210269440 logging_writer.py:48] [12100] global_step=12100, grad_norm=5.587213516235352, loss=3.2871267795562744
I0307 03:49:02.496054 140021218662144 logging_writer.py:48] [12200] global_step=12200, grad_norm=5.339432716369629, loss=3.246551036834717
I0307 03:49:40.944180 140021210269440 logging_writer.py:48] [12300] global_step=12300, grad_norm=4.272019386291504, loss=3.2147018909454346
I0307 03:50:19.931371 140021218662144 logging_writer.py:48] [12400] global_step=12400, grad_norm=6.250687599182129, loss=3.206232786178589
I0307 03:50:58.571796 140021210269440 logging_writer.py:48] [12500] global_step=12500, grad_norm=6.619192123413086, loss=3.166311740875244
I0307 03:51:37.394807 140021218662144 logging_writer.py:48] [12600] global_step=12600, grad_norm=5.718137264251709, loss=3.23836088180542
I0307 03:52:16.122916 140021210269440 logging_writer.py:48] [12700] global_step=12700, grad_norm=4.674267292022705, loss=3.2395544052124023
I0307 03:52:54.703186 140021218662144 logging_writer.py:48] [12800] global_step=12800, grad_norm=2.75105881690979, loss=3.0965960025787354
I0307 03:53:32.876203 140021210269440 logging_writer.py:48] [12900] global_step=12900, grad_norm=4.100986003875732, loss=3.1911730766296387
I0307 03:54:11.729713 140021218662144 logging_writer.py:48] [13000] global_step=13000, grad_norm=7.236172676086426, loss=3.106971025466919
I0307 03:54:50.090755 140021210269440 logging_writer.py:48] [13100] global_step=13100, grad_norm=6.233433246612549, loss=3.1575276851654053
I0307 03:55:28.397240 140021218662144 logging_writer.py:48] [13200] global_step=13200, grad_norm=3.6675264835357666, loss=3.0963008403778076
I0307 03:55:44.525687 140178276385984 spec.py:321] Evaluating on the training split.
I0307 03:56:02.999341 140178276385984 spec.py:333] Evaluating on the validation split.
I0307 03:56:21.394924 140178276385984 spec.py:349] Evaluating on the test split.
I0307 03:56:23.227138 140178276385984 submission_runner.py:469] Time since start: 5624.27s, 	Step: 13243, 	{'train/accuracy': 0.5942283272743225, 'train/loss': 1.7778406143188477, 'validation/accuracy': 0.536899983882904, 'validation/loss': 2.0516693592071533, 'validation/num_examples': 50000, 'test/accuracy': 0.4289000332355499, 'test/loss': 2.710283041000366, 'test/num_examples': 10000, 'score': 5158.840147972107, 'total_duration': 5624.270761728287, 'accumulated_submission_time': 5158.840147972107, 'accumulated_eval_time': 463.343022108078, 'accumulated_logging_time': 0.5522055625915527}
I0307 03:56:23.266623 140021210269440 logging_writer.py:48] [13243] accumulated_eval_time=463.343, accumulated_logging_time=0.552206, accumulated_submission_time=5158.84, global_step=13243, preemption_count=0, score=5158.84, test/accuracy=0.4289, test/loss=2.71028, test/num_examples=10000, total_duration=5624.27, train/accuracy=0.594228, train/loss=1.77784, validation/accuracy=0.5369, validation/loss=2.05167, validation/num_examples=50000
I0307 03:56:45.576938 140021218662144 logging_writer.py:48] [13300] global_step=13300, grad_norm=6.554685115814209, loss=3.1118969917297363
I0307 03:57:26.148165 140021210269440 logging_writer.py:48] [13400] global_step=13400, grad_norm=5.253948211669922, loss=3.020291328430176
I0307 03:58:04.538233 140021218662144 logging_writer.py:48] [13500] global_step=13500, grad_norm=5.339576244354248, loss=3.1892857551574707
I0307 03:58:43.329159 140021210269440 logging_writer.py:48] [13600] global_step=13600, grad_norm=5.021080493927002, loss=3.107581615447998
I0307 03:59:21.775485 140021218662144 logging_writer.py:48] [13700] global_step=13700, grad_norm=5.8379950523376465, loss=3.1066343784332275
I0307 04:00:00.736730 140021210269440 logging_writer.py:48] [13800] global_step=13800, grad_norm=5.3025054931640625, loss=3.1395766735076904
I0307 04:00:39.297392 140021218662144 logging_writer.py:48] [13900] global_step=13900, grad_norm=4.006241321563721, loss=3.099487066268921
I0307 04:01:18.251062 140021210269440 logging_writer.py:48] [14000] global_step=14000, grad_norm=5.253549098968506, loss=3.161842107772827
I0307 04:01:56.901782 140021218662144 logging_writer.py:48] [14100] global_step=14100, grad_norm=4.0395073890686035, loss=3.129998207092285
I0307 04:02:35.312159 140021210269440 logging_writer.py:48] [14200] global_step=14200, grad_norm=4.0008134841918945, loss=3.0001425743103027
I0307 04:03:13.816202 140021218662144 logging_writer.py:48] [14300] global_step=14300, grad_norm=5.464789390563965, loss=3.099943161010742
I0307 04:03:52.325067 140021210269440 logging_writer.py:48] [14400] global_step=14400, grad_norm=5.322556018829346, loss=3.078263759613037
I0307 04:04:30.544817 140021218662144 logging_writer.py:48] [14500] global_step=14500, grad_norm=8.167302131652832, loss=3.06432843208313
I0307 04:04:53.491462 140178276385984 spec.py:321] Evaluating on the training split.
I0307 04:05:13.668273 140178276385984 spec.py:333] Evaluating on the validation split.
I0307 04:05:34.563025 140178276385984 spec.py:349] Evaluating on the test split.
I0307 04:05:36.845212 140178276385984 submission_runner.py:469] Time since start: 6177.89s, 	Step: 14560, 	{'train/accuracy': 0.6015425324440002, 'train/loss': 1.7793742418289185, 'validation/accuracy': 0.5474199652671814, 'validation/loss': 2.0388450622558594, 'validation/num_examples': 50000, 'test/accuracy': 0.4229000210762024, 'test/loss': 2.727372646331787, 'test/num_examples': 10000, 'score': 5668.890580654144, 'total_duration': 6177.888833761215, 'accumulated_submission_time': 5668.890580654144, 'accumulated_eval_time': 506.6967315673828, 'accumulated_logging_time': 0.6243801116943359}
I0307 04:05:36.937049 140021210269440 logging_writer.py:48] [14560] accumulated_eval_time=506.697, accumulated_logging_time=0.62438, accumulated_submission_time=5668.89, global_step=14560, preemption_count=0, score=5668.89, test/accuracy=0.4229, test/loss=2.72737, test/num_examples=10000, total_duration=6177.89, train/accuracy=0.601543, train/loss=1.77937, validation/accuracy=0.54742, validation/loss=2.03885, validation/num_examples=50000
I0307 04:05:52.871815 140021218662144 logging_writer.py:48] [14600] global_step=14600, grad_norm=6.0093536376953125, loss=2.996411085128784
I0307 04:06:31.309971 140021210269440 logging_writer.py:48] [14700] global_step=14700, grad_norm=4.098805904388428, loss=3.001549005508423
I0307 04:07:09.733120 140021218662144 logging_writer.py:48] [14800] global_step=14800, grad_norm=4.905823707580566, loss=3.001613140106201
I0307 04:07:48.447061 140021210269440 logging_writer.py:48] [14900] global_step=14900, grad_norm=5.952868461608887, loss=3.0413975715637207
I0307 04:08:27.024156 140021218662144 logging_writer.py:48] [15000] global_step=15000, grad_norm=4.8788628578186035, loss=3.0191006660461426
I0307 04:09:06.059883 140021210269440 logging_writer.py:48] [15100] global_step=15100, grad_norm=4.737414360046387, loss=3.095660924911499
I0307 04:09:44.854442 140021218662144 logging_writer.py:48] [15200] global_step=15200, grad_norm=5.445488452911377, loss=3.0232536792755127
I0307 04:10:23.659453 140021210269440 logging_writer.py:48] [15300] global_step=15300, grad_norm=4.8191728591918945, loss=3.0074002742767334
I0307 04:11:02.168931 140021218662144 logging_writer.py:48] [15400] global_step=15400, grad_norm=8.895259857177734, loss=3.0425424575805664
I0307 04:11:40.605783 140021210269440 logging_writer.py:48] [15500] global_step=15500, grad_norm=3.7165400981903076, loss=3.016386032104492
I0307 04:12:19.377258 140021218662144 logging_writer.py:48] [15600] global_step=15600, grad_norm=5.770209789276123, loss=3.0886545181274414
I0307 04:12:58.161164 140021210269440 logging_writer.py:48] [15700] global_step=15700, grad_norm=5.766438007354736, loss=2.9740917682647705
I0307 04:13:37.204901 140021218662144 logging_writer.py:48] [15800] global_step=15800, grad_norm=4.900140762329102, loss=2.969874382019043
I0307 04:14:07.134986 140178276385984 spec.py:321] Evaluating on the training split.
I0307 04:14:25.939296 140178276385984 spec.py:333] Evaluating on the validation split.
I0307 04:14:45.629411 140178276385984 spec.py:349] Evaluating on the test split.
I0307 04:14:47.409339 140178276385984 submission_runner.py:469] Time since start: 6728.45s, 	Step: 15878, 	{'train/accuracy': 0.6091358065605164, 'train/loss': 1.7038657665252686, 'validation/accuracy': 0.5549799799919128, 'validation/loss': 1.9675432443618774, 'validation/num_examples': 50000, 'test/accuracy': 0.43970000743865967, 'test/loss': 2.628751754760742, 'test/num_examples': 10000, 'score': 6178.918691635132, 'total_duration': 6728.452962398529, 'accumulated_submission_time': 6178.918691635132, 'accumulated_eval_time': 546.9710538387299, 'accumulated_logging_time': 0.7399330139160156}
I0307 04:14:47.478589 140021210269440 logging_writer.py:48] [15878] accumulated_eval_time=546.971, accumulated_logging_time=0.739933, accumulated_submission_time=6178.92, global_step=15878, preemption_count=0, score=6178.92, test/accuracy=0.4397, test/loss=2.62875, test/num_examples=10000, total_duration=6728.45, train/accuracy=0.609136, train/loss=1.70387, validation/accuracy=0.55498, validation/loss=1.96754, validation/num_examples=50000
I0307 04:14:56.397465 140021218662144 logging_writer.py:48] [15900] global_step=15900, grad_norm=6.331028461456299, loss=3.108611822128296
I0307 04:15:34.862107 140021210269440 logging_writer.py:48] [16000] global_step=16000, grad_norm=6.224076271057129, loss=3.071636438369751
I0307 04:16:13.325425 140021218662144 logging_writer.py:48] [16100] global_step=16100, grad_norm=5.655739784240723, loss=3.0347824096679688
I0307 04:16:52.223027 140021210269440 logging_writer.py:48] [16200] global_step=16200, grad_norm=6.408766269683838, loss=3.0581958293914795
I0307 04:17:30.966429 140021218662144 logging_writer.py:48] [16300] global_step=16300, grad_norm=4.4458112716674805, loss=2.991474151611328
I0307 04:18:09.579579 140021210269440 logging_writer.py:48] [16400] global_step=16400, grad_norm=7.236523628234863, loss=3.0553274154663086
I0307 04:18:48.161804 140021218662144 logging_writer.py:48] [16500] global_step=16500, grad_norm=5.389794826507568, loss=2.964674234390259
I0307 04:19:26.792262 140021210269440 logging_writer.py:48] [16600] global_step=16600, grad_norm=5.150828838348389, loss=3.039247512817383
I0307 04:20:05.453759 140021218662144 logging_writer.py:48] [16700] global_step=16700, grad_norm=5.312948703765869, loss=3.071476936340332
I0307 04:20:44.049031 140021210269440 logging_writer.py:48] [16800] global_step=16800, grad_norm=4.514318943023682, loss=2.920041799545288
I0307 04:21:22.742425 140021218662144 logging_writer.py:48] [16900] global_step=16900, grad_norm=5.127954483032227, loss=3.094334840774536
I0307 04:22:01.587805 140021210269440 logging_writer.py:48] [17000] global_step=17000, grad_norm=5.440582275390625, loss=2.9835386276245117
I0307 04:22:39.921010 140021218662144 logging_writer.py:48] [17100] global_step=17100, grad_norm=5.28525447845459, loss=3.0248727798461914
I0307 04:23:17.622131 140178276385984 spec.py:321] Evaluating on the training split.
I0307 04:23:33.234293 140178276385984 spec.py:333] Evaluating on the validation split.
I0307 04:23:54.145343 140178276385984 spec.py:349] Evaluating on the test split.
I0307 04:23:56.115504 140178276385984 submission_runner.py:469] Time since start: 7277.16s, 	Step: 17199, 	{'train/accuracy': 0.6215322017669678, 'train/loss': 1.6433767080307007, 'validation/accuracy': 0.5615800023078918, 'validation/loss': 1.9205811023712158, 'validation/num_examples': 50000, 'test/accuracy': 0.4382000267505646, 'test/loss': 2.6020491123199463, 'test/num_examples': 10000, 'score': 6688.884175777435, 'total_duration': 7277.159107208252, 'accumulated_submission_time': 6688.884175777435, 'accumulated_eval_time': 585.464373588562, 'accumulated_logging_time': 0.8444693088531494}
I0307 04:23:56.195299 140021210269440 logging_writer.py:48] [17199] accumulated_eval_time=585.464, accumulated_logging_time=0.844469, accumulated_submission_time=6688.88, global_step=17199, preemption_count=0, score=6688.88, test/accuracy=0.4382, test/loss=2.60205, test/num_examples=10000, total_duration=7277.16, train/accuracy=0.621532, train/loss=1.64338, validation/accuracy=0.56158, validation/loss=1.92058, validation/num_examples=50000
I0307 04:23:57.069357 140021218662144 logging_writer.py:48] [17200] global_step=17200, grad_norm=6.051843166351318, loss=2.9803953170776367
I0307 04:24:35.369197 140021210269440 logging_writer.py:48] [17300] global_step=17300, grad_norm=4.633184909820557, loss=3.022127628326416
I0307 04:25:13.757349 140021218662144 logging_writer.py:48] [17400] global_step=17400, grad_norm=3.544023275375366, loss=2.9783835411071777
I0307 04:25:52.283108 140021210269440 logging_writer.py:48] [17500] global_step=17500, grad_norm=3.972139596939087, loss=3.047941207885742
I0307 04:26:30.820527 140021218662144 logging_writer.py:48] [17600] global_step=17600, grad_norm=6.2441229820251465, loss=3.103881359100342
I0307 04:27:09.442053 140021210269440 logging_writer.py:48] [17700] global_step=17700, grad_norm=3.548171043395996, loss=3.0197737216949463
I0307 04:27:48.324444 140021218662144 logging_writer.py:48] [17800] global_step=17800, grad_norm=3.817997932434082, loss=2.9754886627197266
I0307 04:28:27.188692 140021210269440 logging_writer.py:48] [17900] global_step=17900, grad_norm=5.792604923248291, loss=3.036989212036133
I0307 04:29:05.779175 140021218662144 logging_writer.py:48] [18000] global_step=18000, grad_norm=4.858471393585205, loss=2.9355154037475586
I0307 04:29:44.857406 140021210269440 logging_writer.py:48] [18100] global_step=18100, grad_norm=5.21724796295166, loss=2.9047603607177734
I0307 04:30:23.456329 140021218662144 logging_writer.py:48] [18200] global_step=18200, grad_norm=4.031919956207275, loss=3.005791425704956
I0307 04:31:02.197093 140021210269440 logging_writer.py:48] [18300] global_step=18300, grad_norm=3.648054838180542, loss=3.0151314735412598
I0307 04:31:41.004463 140021218662144 logging_writer.py:48] [18400] global_step=18400, grad_norm=6.307304382324219, loss=2.937765121459961
I0307 04:32:19.658987 140021210269440 logging_writer.py:48] [18500] global_step=18500, grad_norm=4.502012252807617, loss=3.038717269897461
I0307 04:32:26.218811 140178276385984 spec.py:321] Evaluating on the training split.
I0307 04:32:39.508173 140178276385984 spec.py:333] Evaluating on the validation split.
I0307 04:32:59.765326 140178276385984 spec.py:349] Evaluating on the test split.
