python submission_runner.py --framework=jax --workload=imagenet_resnet --submission_path=prize_qualification_baselines/external_tuning/jax_nadamw_full_budget.py --data_dir=/data/imagenet/jax --num_tuning_trials=1 --experiment_dir=/experiment_runs --experiment_name=submissions/rolling_leaderboard/external_tuning/baseline/study_1 --overwrite=True --save_checkpoints=False --rng_seed=429289231 --imagenet_v2_data_dir=/data/imagenet/jax --tuning_ruleset=external --tuning_search_space=prize_qualification_baselines/external_tuning/tuning_search_space.json --num_tuning_trials=5 --hparam_start_index=2 --hparam_end_index=3 2>&1 | tee -a /logs/imagenet_resnet_jax_03-07-2025-02-36-27.log
2025-03-07 02:36:44.993646: E external/local_xla/xla/stream_executor/cuda/cuda_fft.cc:477] Unable to register cuFFT factory: Attempting to register factory for plugin cuFFT when one has already been registered
WARNING: All log messages before absl::InitializeLog() is called are written to STDERR
E0000 00:00:1741315005.576714       9 cuda_dnn.cc:8310] Unable to register cuDNN factory: Attempting to register factory for plugin cuDNN when one has already been registered
E0000 00:00:1741315005.717331       9 cuda_blas.cc:1418] Unable to register cuBLAS factory: Attempting to register factory for plugin cuBLAS when one has already been registered
ERROR:root:Unable to import wandb.
Traceback (most recent call last):
  File "/algorithmic-efficiency/algoperf/logger_utils.py", line 27, in <module>
    import wandb  # pylint: disable=g-import-not-at-top
    ^^^^^^^^^^^^
ModuleNotFoundError: No module named 'wandb'
I0307 02:37:35.543675 140252175811776 logger_utils.py:81] Creating experiment directory at /experiment_runs/submissions/rolling_leaderboard/external_tuning/baseline/study_1/imagenet_resnet_jax.
I0307 02:37:38.283214 140252175811776 xla_bridge.py:884] Unable to initialize backend 'rocm': NOT_FOUND: Could not find registered platform with name: "rocm". Available platform names are: CUDA
I0307 02:37:38.286489 140252175811776 xla_bridge.py:884] Unable to initialize backend 'tpu': INTERNAL: Failed to open libtpu.so: libtpu.so: cannot open shared object file: No such file or directory
I0307 02:37:38.315533 140252175811776 submission_runner.py:606] Using RNG seed 429289231
I0307 02:37:44.067896 140252175811776 submission_runner.py:615] --- Tuning run 3/5 ---
I0307 02:37:44.068096 140252175811776 submission_runner.py:620] Creating tuning directory at /experiment_runs/submissions/rolling_leaderboard/external_tuning/baseline/study_1/imagenet_resnet_jax/trial_3.
I0307 02:37:44.068295 140252175811776 logger_utils.py:97] Saving hparams to /experiment_runs/submissions/rolling_leaderboard/external_tuning/baseline/study_1/imagenet_resnet_jax/trial_3/hparams.json.
I0307 02:37:44.308913 140252175811776 submission_runner.py:218] Initializing dataset.
I0307 02:37:46.042687 140252175811776 dataset_info.py:690] Load dataset info from /data/imagenet/jax/imagenet2012/5.1.0
I0307 02:37:46.438829 140252175811776 reader.py:261] Creating a tf.data.Dataset reading 1024 files located in folders: /data/imagenet/jax/imagenet2012/5.1.0.
I0307 02:37:46.752945 140252175811776 logging_logger.py:49] Constructing tf.data.Dataset imagenet2012 for split train, from /data/imagenet/jax/imagenet2012/5.1.0
I0307 02:37:48.428675 140252175811776 submission_runner.py:229] Initializing model.
I0307 02:38:12.327283 140252175811776 submission_runner.py:272] Initializing optimizer.
I0307 02:38:13.452609 140252175811776 submission_runner.py:279] Initializing metrics bundle.
I0307 02:38:13.452889 140252175811776 submission_runner.py:301] Initializing checkpoint and logger.
I0307 02:38:13.454013 140252175811776 checkpoints.py:1101] Found no checkpoint files in /experiment_runs/submissions/rolling_leaderboard/external_tuning/baseline/study_1/imagenet_resnet_jax/trial_3 with prefix checkpoint_
I0307 02:38:13.454121 140252175811776 submission_runner.py:321] Saving meta data to /experiment_runs/submissions/rolling_leaderboard/external_tuning/baseline/study_1/imagenet_resnet_jax/trial_3/meta_data_0.json.
I0307 02:38:14.042818 140252175811776 submission_runner.py:325] Saving flags to /experiment_runs/submissions/rolling_leaderboard/external_tuning/baseline/study_1/imagenet_resnet_jax/trial_3/flags_0.json.
I0307 02:38:14.369220 140252175811776 submission_runner.py:337] Starting training loop.
I0307 02:39:13.578919 140115747211008 logging_writer.py:48] [0] global_step=0, grad_norm=0.6888806223869324, loss=6.936972618103027
I0307 02:39:13.901072 140252175811776 spec.py:321] Evaluating on the training split.
I0307 02:39:14.391794 140252175811776 dataset_info.py:690] Load dataset info from /data/imagenet/jax/imagenet2012/5.1.0
I0307 02:39:14.418213 140252175811776 reader.py:261] Creating a tf.data.Dataset reading 1024 files located in folders: /data/imagenet/jax/imagenet2012/5.1.0.
I0307 02:39:14.463794 140252175811776 logging_logger.py:49] Constructing tf.data.Dataset imagenet2012 for split train, from /data/imagenet/jax/imagenet2012/5.1.0
I0307 02:39:33.808855 140252175811776 spec.py:333] Evaluating on the validation split.
I0307 02:39:34.365569 140252175811776 dataset_info.py:690] Load dataset info from /data/imagenet/jax/imagenet2012/5.1.0
I0307 02:39:34.374011 140252175811776 reader.py:261] Creating a tf.data.Dataset reading 64 files located in folders: /data/imagenet/jax/imagenet2012/5.1.0.
I0307 02:39:34.412467 140252175811776 logging_logger.py:49] Constructing tf.data.Dataset imagenet2012 for split validation, from /data/imagenet/jax/imagenet2012/5.1.0
I0307 02:40:26.780493 140252175811776 spec.py:349] Evaluating on the test split.
I0307 02:40:27.299587 140252175811776 dataset_info.py:690] Load dataset info from /data/imagenet/jax/imagenet_v2/matched-frequency/3.0.0
I0307 02:40:27.360012 140252175811776 reader.py:261] Creating a tf.data.Dataset reading 16 files located in folders: /data/imagenet/jax/imagenet_v2/matched-frequency/3.0.0.
I0307 02:40:27.407733 140252175811776 logging_logger.py:49] Constructing tf.data.Dataset imagenet_v2 for split test, from /data/imagenet/jax/imagenet_v2/matched-frequency/3.0.0
I0307 02:40:42.235342 140252175811776 submission_runner.py:469] Time since start: 147.87s, 	Step: 1, 	{'train/accuracy': 0.0015744578558951616, 'train/loss': 6.911673069000244, 'validation/accuracy': 0.0011399999493733048, 'validation/loss': 6.9118852615356445, 'validation/num_examples': 50000, 'test/accuracy': 0.0010999999940395355, 'test/loss': 6.912051677703857, 'test/num_examples': 10000, 'score': 59.53156042098999, 'total_duration': 147.86599707603455, 'accumulated_submission_time': 59.53156042098999, 'accumulated_eval_time': 88.33413577079773, 'accumulated_logging_time': 0}
I0307 02:40:42.318538 140096086976256 logging_writer.py:48] [1] accumulated_eval_time=88.3341, accumulated_logging_time=0, accumulated_submission_time=59.5316, global_step=1, preemption_count=0, score=59.5316, test/accuracy=0.0011, test/loss=6.91205, test/num_examples=10000, total_duration=147.866, train/accuracy=0.00157446, train/loss=6.91167, validation/accuracy=0.00114, validation/loss=6.91189, validation/num_examples=50000
I0307 02:41:19.886542 140096078583552 logging_writer.py:48] [100] global_step=100, grad_norm=0.6804521679878235, loss=6.9112420082092285
I0307 02:41:56.082665 140096086976256 logging_writer.py:48] [200] global_step=200, grad_norm=0.6753303408622742, loss=6.86728572845459
I0307 02:42:32.481741 140096078583552 logging_writer.py:48] [300] global_step=300, grad_norm=0.7164998054504395, loss=6.788196086883545
I0307 02:43:09.381455 140096086976256 logging_writer.py:48] [400] global_step=400, grad_norm=0.7307186722755432, loss=6.697402477264404
I0307 02:43:45.922068 140096078583552 logging_writer.py:48] [500] global_step=500, grad_norm=0.7884847521781921, loss=6.575037956237793
I0307 02:44:24.017811 140096086976256 logging_writer.py:48] [600] global_step=600, grad_norm=0.8194576501846313, loss=6.45000696182251
I0307 02:45:01.829916 140096078583552 logging_writer.py:48] [700] global_step=700, grad_norm=0.8477721810340881, loss=6.312185764312744
I0307 02:45:39.954532 140096086976256 logging_writer.py:48] [800] global_step=800, grad_norm=0.993175745010376, loss=6.213835716247559
I0307 02:46:17.943278 140096078583552 logging_writer.py:48] [900] global_step=900, grad_norm=1.0366442203521729, loss=6.149362564086914
I0307 02:46:56.056023 140096086976256 logging_writer.py:48] [1000] global_step=1000, grad_norm=1.3811835050582886, loss=6.038214206695557
I0307 02:47:33.593333 140096078583552 logging_writer.py:48] [1100] global_step=1100, grad_norm=2.1074695587158203, loss=5.864569187164307
I0307 02:48:11.608340 140096086976256 logging_writer.py:48] [1200] global_step=1200, grad_norm=2.56776762008667, loss=5.812225341796875
I0307 02:48:48.883054 140096078583552 logging_writer.py:48] [1300] global_step=1300, grad_norm=1.8797059059143066, loss=5.79641580581665
I0307 02:49:12.445307 140252175811776 spec.py:321] Evaluating on the training split.
I0307 02:49:25.579154 140252175811776 spec.py:333] Evaluating on the validation split.
I0307 02:50:21.294665 140252175811776 spec.py:349] Evaluating on the test split.
I0307 02:50:23.304953 140252175811776 submission_runner.py:469] Time since start: 728.94s, 	Step: 1365, 	{'train/accuracy': 0.06050701439380646, 'train/loss': 5.488076210021973, 'validation/accuracy': 0.05341999977827072, 'validation/loss': 5.582878589630127, 'validation/num_examples': 50000, 'test/accuracy': 0.03830000013113022, 'test/loss': 5.781375885009766, 'test/num_examples': 10000, 'score': 569.453928232193, 'total_duration': 728.9356865882874, 'accumulated_submission_time': 569.453928232193, 'accumulated_eval_time': 159.19375038146973, 'accumulated_logging_time': 0.1060185432434082}
I0307 02:50:23.331506 140096095368960 logging_writer.py:48] [1365] accumulated_eval_time=159.194, accumulated_logging_time=0.106019, accumulated_submission_time=569.454, global_step=1365, preemption_count=0, score=569.454, test/accuracy=0.0383, test/loss=5.78138, test/num_examples=10000, total_duration=728.936, train/accuracy=0.060507, train/loss=5.48808, validation/accuracy=0.05342, validation/loss=5.58288, validation/num_examples=50000
I0307 02:50:36.795136 140096103761664 logging_writer.py:48] [1400] global_step=1400, grad_norm=3.4177021980285645, loss=5.73396110534668
I0307 02:51:14.650665 140096095368960 logging_writer.py:48] [1500] global_step=1500, grad_norm=2.467766523361206, loss=5.577317714691162
I0307 02:51:51.937454 140096103761664 logging_writer.py:48] [1600] global_step=1600, grad_norm=2.830778121948242, loss=5.438936710357666
I0307 02:52:29.877790 140096095368960 logging_writer.py:48] [1700] global_step=1700, grad_norm=2.8917531967163086, loss=5.461604118347168
I0307 02:53:07.831009 140096103761664 logging_writer.py:48] [1800] global_step=1800, grad_norm=2.7948577404022217, loss=5.357250213623047
I0307 02:53:46.510279 140096095368960 logging_writer.py:48] [1900] global_step=1900, grad_norm=4.307218551635742, loss=5.318821430206299
I0307 02:54:24.454313 140096103761664 logging_writer.py:48] [2000] global_step=2000, grad_norm=4.281613349914551, loss=5.176366806030273
I0307 02:55:02.408059 140096095368960 logging_writer.py:48] [2100] global_step=2100, grad_norm=4.931896209716797, loss=5.165935516357422
I0307 02:55:40.186317 140096103761664 logging_writer.py:48] [2200] global_step=2200, grad_norm=3.979731559753418, loss=5.012087821960449
I0307 02:56:18.670039 140096095368960 logging_writer.py:48] [2300] global_step=2300, grad_norm=4.649295330047607, loss=5.07350492477417
I0307 02:56:56.594218 140096103761664 logging_writer.py:48] [2400] global_step=2400, grad_norm=3.532095193862915, loss=4.994195938110352
I0307 02:57:34.267259 140096095368960 logging_writer.py:48] [2500] global_step=2500, grad_norm=4.885464668273926, loss=4.83561372756958
I0307 02:58:11.527941 140096103761664 logging_writer.py:48] [2600] global_step=2600, grad_norm=5.713024139404297, loss=4.981298923492432
I0307 02:58:50.061275 140096095368960 logging_writer.py:48] [2700] global_step=2700, grad_norm=3.8129496574401855, loss=4.751030445098877
I0307 02:58:53.474442 140252175811776 spec.py:321] Evaluating on the training split.
I0307 02:59:04.929061 140252175811776 spec.py:333] Evaluating on the validation split.
I0307 02:59:23.477099 140252175811776 spec.py:349] Evaluating on the test split.
I0307 02:59:25.342308 140252175811776 submission_runner.py:469] Time since start: 1270.97s, 	Step: 2710, 	{'train/accuracy': 0.15455596148967743, 'train/loss': 4.43271541595459, 'validation/accuracy': 0.13439999520778656, 'validation/loss': 4.582358360290527, 'validation/num_examples': 50000, 'test/accuracy': 0.09490000456571579, 'test/loss': 5.032994270324707, 'test/num_examples': 10000, 'score': 1079.4112739562988, 'total_duration': 1270.9730455875397, 'accumulated_submission_time': 1079.4112739562988, 'accumulated_eval_time': 191.06157279014587, 'accumulated_logging_time': 0.14062929153442383}
I0307 02:59:25.382447 140096103761664 logging_writer.py:48] [2710] accumulated_eval_time=191.062, accumulated_logging_time=0.140629, accumulated_submission_time=1079.41, global_step=2710, preemption_count=0, score=1079.41, test/accuracy=0.0949, test/loss=5.03299, test/num_examples=10000, total_duration=1270.97, train/accuracy=0.154556, train/loss=4.43272, validation/accuracy=0.1344, validation/loss=4.58236, validation/num_examples=50000
I0307 03:00:00.367531 140096095368960 logging_writer.py:48] [2800] global_step=2800, grad_norm=5.533483982086182, loss=4.748824119567871
I0307 03:00:39.138900 140096103761664 logging_writer.py:48] [2900] global_step=2900, grad_norm=3.9239373207092285, loss=4.752378940582275
I0307 03:01:17.965986 140096095368960 logging_writer.py:48] [3000] global_step=3000, grad_norm=4.257030487060547, loss=4.601910591125488
I0307 03:01:55.808934 140096103761664 logging_writer.py:48] [3100] global_step=3100, grad_norm=7.278168201446533, loss=4.5979156494140625
I0307 03:02:34.224594 140096095368960 logging_writer.py:48] [3200] global_step=3200, grad_norm=5.462571144104004, loss=4.476624488830566
I0307 03:03:12.653931 140096103761664 logging_writer.py:48] [3300] global_step=3300, grad_norm=4.86562442779541, loss=4.424355506896973
I0307 03:03:51.100232 140096095368960 logging_writer.py:48] [3400] global_step=3400, grad_norm=6.515964031219482, loss=4.358732223510742
I0307 03:04:29.264923 140096103761664 logging_writer.py:48] [3500] global_step=3500, grad_norm=5.228334426879883, loss=4.42160701751709
I0307 03:05:07.554781 140096095368960 logging_writer.py:48] [3600] global_step=3600, grad_norm=3.7192111015319824, loss=4.307160377502441
I0307 03:05:46.064568 140096103761664 logging_writer.py:48] [3700] global_step=3700, grad_norm=6.406853199005127, loss=4.218161106109619
I0307 03:06:24.303003 140096095368960 logging_writer.py:48] [3800] global_step=3800, grad_norm=4.794326305389404, loss=4.197960376739502
I0307 03:07:02.422699 140096103761664 logging_writer.py:48] [3900] global_step=3900, grad_norm=5.753154754638672, loss=4.089048862457275
I0307 03:07:40.939620 140096095368960 logging_writer.py:48] [4000] global_step=4000, grad_norm=6.4652276039123535, loss=4.203313827514648
I0307 03:07:55.535915 140252175811776 spec.py:321] Evaluating on the training split.
I0307 03:08:06.940694 140252175811776 spec.py:333] Evaluating on the validation split.
I0307 03:08:28.076523 140252175811776 spec.py:349] Evaluating on the test split.
I0307 03:08:29.899038 140252175811776 submission_runner.py:469] Time since start: 1815.53s, 	Step: 4039, 	{'train/accuracy': 0.24754862487316132, 'train/loss': 3.6730093955993652, 'validation/accuracy': 0.21332000195980072, 'validation/loss': 3.9054133892059326, 'validation/num_examples': 50000, 'test/accuracy': 0.15220001339912415, 'test/loss': 4.465139865875244, 'test/num_examples': 10000, 'score': 1589.411122560501, 'total_duration': 1815.5297737121582, 'accumulated_submission_time': 1589.411122560501, 'accumulated_eval_time': 225.42464971542358, 'accumulated_logging_time': 0.18996691703796387}
I0307 03:08:29.922322 140096103761664 logging_writer.py:48] [4039] accumulated_eval_time=225.425, accumulated_logging_time=0.189967, accumulated_submission_time=1589.41, global_step=4039, preemption_count=0, score=1589.41, test/accuracy=0.1522, test/loss=4.46514, test/num_examples=10000, total_duration=1815.53, train/accuracy=0.247549, train/loss=3.67301, validation/accuracy=0.21332, validation/loss=3.90541, validation/num_examples=50000
I0307 03:08:53.757426 140096095368960 logging_writer.py:48] [4100] global_step=4100, grad_norm=7.1539835929870605, loss=4.187923908233643
I0307 03:09:31.807961 140096103761664 logging_writer.py:48] [4200] global_step=4200, grad_norm=4.582188129425049, loss=4.1658196449279785
I0307 03:10:10.435087 140096095368960 logging_writer.py:48] [4300] global_step=4300, grad_norm=5.662481307983398, loss=3.976954221725464
I0307 03:10:49.019261 140096103761664 logging_writer.py:48] [4400] global_step=4400, grad_norm=4.949333190917969, loss=3.9538984298706055
I0307 03:11:27.572705 140096095368960 logging_writer.py:48] [4500] global_step=4500, grad_norm=4.02121114730835, loss=3.954620599746704
I0307 03:12:05.352759 140096103761664 logging_writer.py:48] [4600] global_step=4600, grad_norm=8.894828796386719, loss=3.7456085681915283
I0307 03:12:42.400855 140096095368960 logging_writer.py:48] [4700] global_step=4700, grad_norm=5.57873010635376, loss=3.7860913276672363
I0307 03:13:21.380024 140096103761664 logging_writer.py:48] [4800] global_step=4800, grad_norm=6.290350437164307, loss=3.8098959922790527
I0307 03:14:00.758228 140096095368960 logging_writer.py:48] [4900] global_step=4900, grad_norm=7.352038383483887, loss=3.667658805847168
I0307 03:14:39.584336 140096103761664 logging_writer.py:48] [5000] global_step=5000, grad_norm=6.594536781311035, loss=3.719437837600708
I0307 03:15:19.062631 140096095368960 logging_writer.py:48] [5100] global_step=5100, grad_norm=9.066641807556152, loss=3.7409188747406006
I0307 03:15:58.195606 140096103761664 logging_writer.py:48] [5200] global_step=5200, grad_norm=3.9186105728149414, loss=3.6604254245758057
I0307 03:16:36.353097 140096095368960 logging_writer.py:48] [5300] global_step=5300, grad_norm=8.878323554992676, loss=3.6590888500213623
I0307 03:17:00.045652 140252175811776 spec.py:321] Evaluating on the training split.
I0307 03:17:11.244819 140252175811776 spec.py:333] Evaluating on the validation split.
I0307 03:17:30.282526 140252175811776 spec.py:349] Evaluating on the test split.
I0307 03:17:32.128753 140252175811776 submission_runner.py:469] Time since start: 2357.76s, 	Step: 5363, 	{'train/accuracy': 0.3169642686843872, 'train/loss': 3.187441110610962, 'validation/accuracy': 0.2798999845981598, 'validation/loss': 3.434617757797241, 'validation/num_examples': 50000, 'test/accuracy': 0.20250001549720764, 'test/loss': 4.08212947845459, 'test/num_examples': 10000, 'score': 2099.3799159526825, 'total_duration': 2357.759490966797, 'accumulated_submission_time': 2099.3799159526825, 'accumulated_eval_time': 257.50771045684814, 'accumulated_logging_time': 0.2220747470855713}
I0307 03:17:32.220420 140096103761664 logging_writer.py:48] [5363] accumulated_eval_time=257.508, accumulated_logging_time=0.222075, accumulated_submission_time=2099.38, global_step=5363, preemption_count=0, score=2099.38, test/accuracy=0.2025, test/loss=4.08213, test/num_examples=10000, total_duration=2357.76, train/accuracy=0.316964, train/loss=3.18744, validation/accuracy=0.2799, validation/loss=3.43462, validation/num_examples=50000
I0307 03:17:47.059400 140096095368960 logging_writer.py:48] [5400] global_step=5400, grad_norm=9.08055591583252, loss=3.6381261348724365
I0307 03:18:25.508012 140096103761664 logging_writer.py:48] [5500] global_step=5500, grad_norm=6.770047187805176, loss=3.639941930770874
I0307 03:19:03.988050 140096095368960 logging_writer.py:48] [5600] global_step=5600, grad_norm=6.085519313812256, loss=3.5138778686523438
I0307 03:19:42.709015 140096103761664 logging_writer.py:48] [5700] global_step=5700, grad_norm=4.599032402038574, loss=3.6187822818756104
I0307 03:20:21.478862 140096095368960 logging_writer.py:48] [5800] global_step=5800, grad_norm=5.577571868896484, loss=3.435119867324829
I0307 03:20:59.537244 140096103761664 logging_writer.py:48] [5900] global_step=5900, grad_norm=8.85855770111084, loss=3.3652467727661133
I0307 03:21:38.049493 140096095368960 logging_writer.py:48] [6000] global_step=6000, grad_norm=5.866148948669434, loss=3.289747476577759
I0307 03:22:17.015523 140096103761664 logging_writer.py:48] [6100] global_step=6100, grad_norm=8.003256797790527, loss=3.3028628826141357
I0307 03:22:55.346322 140096095368960 logging_writer.py:48] [6200] global_step=6200, grad_norm=6.988997459411621, loss=3.272505760192871
I0307 03:23:34.145568 140096103761664 logging_writer.py:48] [6300] global_step=6300, grad_norm=6.655354976654053, loss=3.260122299194336
I0307 03:24:13.152252 140096095368960 logging_writer.py:48] [6400] global_step=6400, grad_norm=7.901430130004883, loss=3.268329620361328
I0307 03:24:51.830624 140096103761664 logging_writer.py:48] [6500] global_step=6500, grad_norm=6.654021263122559, loss=3.2934865951538086
I0307 03:25:30.307635 140096095368960 logging_writer.py:48] [6600] global_step=6600, grad_norm=6.02387809753418, loss=3.243201971054077
I0307 03:26:02.459348 140252175811776 spec.py:321] Evaluating on the training split.
I0307 03:26:13.989953 140252175811776 spec.py:333] Evaluating on the validation split.
I0307 03:26:36.208104 140252175811776 spec.py:349] Evaluating on the test split.
I0307 03:26:38.055953 140252175811776 submission_runner.py:469] Time since start: 2903.69s, 	Step: 6685, 	{'train/accuracy': 0.3978993892669678, 'train/loss': 2.6877329349517822, 'validation/accuracy': 0.35613998770713806, 'validation/loss': 2.9459691047668457, 'validation/num_examples': 50000, 'test/accuracy': 0.27410000562667847, 'test/loss': 3.620755672454834, 'test/num_examples': 10000, 'score': 2609.481994152069, 'total_duration': 2903.6866738796234, 'accumulated_submission_time': 2609.481994152069, 'accumulated_eval_time': 293.1042561531067, 'accumulated_logging_time': 0.32263851165771484}
I0307 03:26:38.080585 140096103761664 logging_writer.py:48] [6685] accumulated_eval_time=293.104, accumulated_logging_time=0.322639, accumulated_submission_time=2609.48, global_step=6685, preemption_count=0, score=2609.48, test/accuracy=0.2741, test/loss=3.62076, test/num_examples=10000, total_duration=2903.69, train/accuracy=0.397899, train/loss=2.68773, validation/accuracy=0.35614, validation/loss=2.94597, validation/num_examples=50000
I0307 03:26:44.308025 140096095368960 logging_writer.py:48] [6700] global_step=6700, grad_norm=7.640244007110596, loss=3.180018901824951
I0307 03:27:22.750227 140096103761664 logging_writer.py:48] [6800] global_step=6800, grad_norm=8.866665840148926, loss=3.1042702198028564
I0307 03:28:01.548576 140096095368960 logging_writer.py:48] [6900] global_step=6900, grad_norm=8.048514366149902, loss=3.0972115993499756
I0307 03:28:40.241068 140096103761664 logging_writer.py:48] [7000] global_step=7000, grad_norm=7.3019843101501465, loss=3.2328391075134277
I0307 03:29:18.275424 140096095368960 logging_writer.py:48] [7100] global_step=7100, grad_norm=6.973880767822266, loss=3.143051862716675
I0307 03:29:56.668953 140096103761664 logging_writer.py:48] [7200] global_step=7200, grad_norm=7.6587066650390625, loss=3.027825355529785
I0307 03:30:35.272059 140096095368960 logging_writer.py:48] [7300] global_step=7300, grad_norm=7.052717685699463, loss=3.0367698669433594
I0307 03:31:13.717931 140096103761664 logging_writer.py:48] [7400] global_step=7400, grad_norm=8.395150184631348, loss=3.1755497455596924
I0307 03:31:51.781553 140096095368960 logging_writer.py:48] [7500] global_step=7500, grad_norm=6.516180515289307, loss=3.0321526527404785
I0307 03:32:30.274970 140096103761664 logging_writer.py:48] [7600] global_step=7600, grad_norm=11.542425155639648, loss=2.886552572250366
I0307 03:33:08.872721 140096095368960 logging_writer.py:48] [7700] global_step=7700, grad_norm=6.176807403564453, loss=3.1119065284729004
I0307 03:33:47.744860 140096103761664 logging_writer.py:48] [7800] global_step=7800, grad_norm=6.159725189208984, loss=3.1417181491851807
I0307 03:34:26.231991 140096095368960 logging_writer.py:48] [7900] global_step=7900, grad_norm=5.197370529174805, loss=2.9214539527893066
I0307 03:35:04.524495 140096103761664 logging_writer.py:48] [8000] global_step=8000, grad_norm=5.962371349334717, loss=2.9829225540161133
I0307 03:35:08.271956 140252175811776 spec.py:321] Evaluating on the training split.
I0307 03:35:19.306174 140252175811776 spec.py:333] Evaluating on the validation split.
I0307 03:35:40.185672 140252175811776 spec.py:349] Evaluating on the test split.
I0307 03:35:42.012807 140252175811776 submission_runner.py:469] Time since start: 3447.64s, 	Step: 8011, 	{'train/accuracy': 0.4621332883834839, 'train/loss': 2.350759744644165, 'validation/accuracy': 0.41543999314308167, 'validation/loss': 2.6091153621673584, 'validation/num_examples': 50000, 'test/accuracy': 0.3175000250339508, 'test/loss': 3.291898250579834, 'test/num_examples': 10000, 'score': 3119.4521787166595, 'total_duration': 3447.64355969429, 'accumulated_submission_time': 3119.4521787166595, 'accumulated_eval_time': 326.84507513046265, 'accumulated_logging_time': 0.44254541397094727}
I0307 03:35:42.071962 140096095368960 logging_writer.py:48] [8011] accumulated_eval_time=326.845, accumulated_logging_time=0.442545, accumulated_submission_time=3119.45, global_step=8011, preemption_count=0, score=3119.45, test/accuracy=0.3175, test/loss=3.2919, test/num_examples=10000, total_duration=3447.64, train/accuracy=0.462133, train/loss=2.35076, validation/accuracy=0.41544, validation/loss=2.60912, validation/num_examples=50000
I0307 03:36:16.898119 140096103761664 logging_writer.py:48] [8100] global_step=8100, grad_norm=4.962063312530518, loss=2.8480677604675293
I0307 03:36:55.507557 140096095368960 logging_writer.py:48] [8200] global_step=8200, grad_norm=5.338858127593994, loss=2.765155792236328
I0307 03:37:34.147123 140096103761664 logging_writer.py:48] [8300] global_step=8300, grad_norm=9.538840293884277, loss=2.7771565914154053
I0307 03:38:13.221034 140096095368960 logging_writer.py:48] [8400] global_step=8400, grad_norm=6.8694562911987305, loss=2.875417470932007
I0307 03:38:51.715015 140096103761664 logging_writer.py:48] [8500] global_step=8500, grad_norm=6.9846367835998535, loss=2.842714548110962
I0307 03:39:30.425110 140096095368960 logging_writer.py:48] [8600] global_step=8600, grad_norm=7.305400848388672, loss=2.804304361343384
I0307 03:40:09.107046 140096103761664 logging_writer.py:48] [8700] global_step=8700, grad_norm=8.292643547058105, loss=2.840146780014038
I0307 03:40:48.284836 140096095368960 logging_writer.py:48] [8800] global_step=8800, grad_norm=5.885936737060547, loss=2.839231252670288
I0307 03:41:27.253304 140096103761664 logging_writer.py:48] [8900] global_step=8900, grad_norm=5.451898574829102, loss=2.741492748260498
I0307 03:42:06.023155 140096095368960 logging_writer.py:48] [9000] global_step=9000, grad_norm=7.117415904998779, loss=2.7952523231506348
I0307 03:42:44.427580 140096103761664 logging_writer.py:48] [9100] global_step=9100, grad_norm=6.496162414550781, loss=2.6819491386413574
I0307 03:43:23.176009 140096095368960 logging_writer.py:48] [9200] global_step=9200, grad_norm=4.702418804168701, loss=2.6692490577697754
I0307 03:44:01.495851 140096103761664 logging_writer.py:48] [9300] global_step=9300, grad_norm=5.3751044273376465, loss=2.5026140213012695
I0307 03:44:12.304234 140252175811776 spec.py:321] Evaluating on the training split.
I0307 03:44:23.817855 140252175811776 spec.py:333] Evaluating on the validation split.
I0307 03:44:46.565732 140252175811776 spec.py:349] Evaluating on the test split.
I0307 03:44:48.330988 140252175811776 submission_runner.py:469] Time since start: 3993.96s, 	Step: 9329, 	{'train/accuracy': 0.5075733065605164, 'train/loss': 2.1023128032684326, 'validation/accuracy': 0.45879998803138733, 'validation/loss': 2.3864471912384033, 'validation/num_examples': 50000, 'test/accuracy': 0.35180002450942993, 'test/loss': 3.1156678199768066, 'test/num_examples': 10000, 'score': 3629.5358498096466, 'total_duration': 3993.9617400169373, 'accumulated_submission_time': 3629.5358498096466, 'accumulated_eval_time': 362.87179923057556, 'accumulated_logging_time': 0.5103325843811035}
I0307 03:44:48.367777 140096095368960 logging_writer.py:48] [9329] accumulated_eval_time=362.872, accumulated_logging_time=0.510333, accumulated_submission_time=3629.54, global_step=9329, preemption_count=0, score=3629.54, test/accuracy=0.3518, test/loss=3.11567, test/num_examples=10000, total_duration=3993.96, train/accuracy=0.507573, train/loss=2.10231, validation/accuracy=0.4588, validation/loss=2.38645, validation/num_examples=50000
I0307 03:45:16.281649 140096103761664 logging_writer.py:48] [9400] global_step=9400, grad_norm=6.405508518218994, loss=2.736663341522217
I0307 03:45:54.894397 140096095368960 logging_writer.py:48] [9500] global_step=9500, grad_norm=6.370846271514893, loss=2.6760244369506836
I0307 03:46:33.133283 140096103761664 logging_writer.py:48] [9600] global_step=9600, grad_norm=8.127588272094727, loss=2.698087215423584
I0307 03:47:11.400343 140096095368960 logging_writer.py:48] [9700] global_step=9700, grad_norm=7.1982293128967285, loss=2.6015195846557617
I0307 03:47:50.333176 140096103761664 logging_writer.py:48] [9800] global_step=9800, grad_norm=6.723674297332764, loss=2.752403497695923
I0307 03:48:29.366000 140096095368960 logging_writer.py:48] [9900] global_step=9900, grad_norm=9.410466194152832, loss=2.6025712490081787
I0307 03:49:08.329375 140096103761664 logging_writer.py:48] [10000] global_step=10000, grad_norm=5.724015712738037, loss=2.5210204124450684
I0307 03:49:47.350282 140096095368960 logging_writer.py:48] [10100] global_step=10100, grad_norm=8.923849105834961, loss=2.4832701683044434
I0307 03:50:26.214196 140096103761664 logging_writer.py:48] [10200] global_step=10200, grad_norm=8.490373611450195, loss=2.581786632537842
I0307 03:51:04.857398 140096095368960 logging_writer.py:48] [10300] global_step=10300, grad_norm=7.757775783538818, loss=2.4577388763427734
I0307 03:51:43.630754 140096103761664 logging_writer.py:48] [10400] global_step=10400, grad_norm=7.441298007965088, loss=2.532089948654175
I0307 03:52:22.270181 140096095368960 logging_writer.py:48] [10500] global_step=10500, grad_norm=6.350615978240967, loss=2.6770308017730713
I0307 03:53:01.332546 140096103761664 logging_writer.py:48] [10600] global_step=10600, grad_norm=10.064602851867676, loss=2.5404767990112305
I0307 03:53:18.504069 140252175811776 spec.py:321] Evaluating on the training split.
I0307 03:53:30.978260 140252175811776 spec.py:333] Evaluating on the validation split.
I0307 03:53:53.263960 140252175811776 spec.py:349] Evaluating on the test split.
I0307 03:53:55.002461 140252175811776 submission_runner.py:469] Time since start: 4540.63s, 	Step: 10646, 	{'train/accuracy': 0.542390763759613, 'train/loss': 1.9380462169647217, 'validation/accuracy': 0.4893999993801117, 'validation/loss': 2.205112934112549, 'validation/num_examples': 50000, 'test/accuracy': 0.3776000142097473, 'test/loss': 2.91927170753479, 'test/num_examples': 10000, 'score': 4139.530784130096, 'total_duration': 4540.633215904236, 'accumulated_submission_time': 4139.530784130096, 'accumulated_eval_time': 399.37016129493713, 'accumulated_logging_time': 0.5549983978271484}
I0307 03:53:55.020408 140096095368960 logging_writer.py:48] [10646] accumulated_eval_time=399.37, accumulated_logging_time=0.554998, accumulated_submission_time=4139.53, global_step=10646, preemption_count=0, score=4139.53, test/accuracy=0.3776, test/loss=2.91927, test/num_examples=10000, total_duration=4540.63, train/accuracy=0.542391, train/loss=1.93805, validation/accuracy=0.4894, validation/loss=2.20511, validation/num_examples=50000
I0307 03:54:16.270191 140096103761664 logging_writer.py:48] [10700] global_step=10700, grad_norm=6.433673858642578, loss=2.597996473312378
I0307 03:54:54.891935 140096095368960 logging_writer.py:48] [10800] global_step=10800, grad_norm=5.465110778808594, loss=2.4683501720428467
I0307 03:55:33.772285 140096103761664 logging_writer.py:48] [10900] global_step=10900, grad_norm=8.618714332580566, loss=2.3982865810394287
I0307 03:56:12.507427 140096095368960 logging_writer.py:48] [11000] global_step=11000, grad_norm=10.22852897644043, loss=2.4762704372406006
I0307 03:56:51.428126 140096103761664 logging_writer.py:48] [11100] global_step=11100, grad_norm=6.205380439758301, loss=2.36822772026062
I0307 03:57:30.120085 140096095368960 logging_writer.py:48] [11200] global_step=11200, grad_norm=8.603389739990234, loss=2.5073893070220947
I0307 03:58:09.194008 140096103761664 logging_writer.py:48] [11300] global_step=11300, grad_norm=7.691194534301758, loss=2.419919729232788
I0307 03:58:47.663717 140096095368960 logging_writer.py:48] [11400] global_step=11400, grad_norm=6.663145542144775, loss=2.3879055976867676
I0307 03:59:26.277981 140096103761664 logging_writer.py:48] [11500] global_step=11500, grad_norm=6.694370269775391, loss=2.4370508193969727
I0307 04:00:04.788525 140096095368960 logging_writer.py:48] [11600] global_step=11600, grad_norm=5.911845684051514, loss=2.3638904094696045
I0307 04:00:43.656674 140096103761664 logging_writer.py:48] [11700] global_step=11700, grad_norm=8.619333267211914, loss=2.5704288482666016
I0307 04:01:22.448895 140096095368960 logging_writer.py:48] [11800] global_step=11800, grad_norm=7.3751397132873535, loss=2.4712119102478027
I0307 04:02:01.115308 140096103761664 logging_writer.py:48] [11900] global_step=11900, grad_norm=6.117668151855469, loss=2.3284006118774414
I0307 04:02:25.004263 140252175811776 spec.py:321] Evaluating on the training split.
I0307 04:02:41.969810 140252175811776 spec.py:333] Evaluating on the validation split.
I0307 04:03:06.250529 140252175811776 spec.py:349] Evaluating on the test split.
I0307 04:03:08.038283 140252175811776 submission_runner.py:469] Time since start: 5093.67s, 	Step: 11963, 	{'train/accuracy': 0.5576570630073547, 'train/loss': 1.8505250215530396, 'validation/accuracy': 0.5041399598121643, 'validation/loss': 2.143873691558838, 'validation/num_examples': 50000, 'test/accuracy': 0.38770002126693726, 'test/loss': 2.876908540725708, 'test/num_examples': 10000, 'score': 4649.374207019806, 'total_duration': 5093.669030427933, 'accumulated_submission_time': 4649.374207019806, 'accumulated_eval_time': 442.40414237976074, 'accumulated_logging_time': 0.5805182456970215}
I0307 04:03:08.176951 140096095368960 logging_writer.py:48] [11963] accumulated_eval_time=442.404, accumulated_logging_time=0.580518, accumulated_submission_time=4649.37, global_step=11963, preemption_count=0, score=4649.37, test/accuracy=0.3877, test/loss=2.87691, test/num_examples=10000, total_duration=5093.67, train/accuracy=0.557657, train/loss=1.85053, validation/accuracy=0.50414, validation/loss=2.14387, validation/num_examples=50000
I0307 04:03:22.918587 140096103761664 logging_writer.py:48] [12000] global_step=12000, grad_norm=5.291451930999756, loss=2.4085731506347656
I0307 04:04:01.703734 140096095368960 logging_writer.py:48] [12100] global_step=12100, grad_norm=5.83935022354126, loss=2.3127641677856445
I0307 04:04:40.127528 140096103761664 logging_writer.py:48] [12200] global_step=12200, grad_norm=4.239025592803955, loss=2.3151214122772217
I0307 04:05:18.945324 140096095368960 logging_writer.py:48] [12300] global_step=12300, grad_norm=7.464247703552246, loss=2.344102621078491
I0307 04:05:57.741948 140096103761664 logging_writer.py:48] [12400] global_step=12400, grad_norm=6.420445919036865, loss=2.465272903442383
I0307 04:06:36.114148 140096095368960 logging_writer.py:48] [12500] global_step=12500, grad_norm=8.489344596862793, loss=2.4224376678466797
I0307 04:07:14.893498 140096103761664 logging_writer.py:48] [12600] global_step=12600, grad_norm=6.9628777503967285, loss=2.2760627269744873
I0307 04:07:53.523415 140096095368960 logging_writer.py:48] [12700] global_step=12700, grad_norm=5.062230587005615, loss=2.2894861698150635
I0307 04:08:32.336289 140096103761664 logging_writer.py:48] [12800] global_step=12800, grad_norm=7.250995635986328, loss=2.4077045917510986
I0307 04:09:11.080321 140096095368960 logging_writer.py:48] [12900] global_step=12900, grad_norm=7.047276496887207, loss=2.353771924972534
I0307 04:09:50.038123 140096103761664 logging_writer.py:48] [13000] global_step=13000, grad_norm=5.281796455383301, loss=2.382023811340332
I0307 04:10:28.944354 140096095368960 logging_writer.py:48] [13100] global_step=13100, grad_norm=7.0880866050720215, loss=2.4623498916625977
I0307 04:11:07.637575 140096103761664 logging_writer.py:48] [13200] global_step=13200, grad_norm=5.734903335571289, loss=2.304966449737549
I0307 04:11:38.146412 140252175811776 spec.py:321] Evaluating on the training split.
I0307 04:11:54.714148 140252175811776 spec.py:333] Evaluating on the validation split.
I0307 04:12:20.795405 140252175811776 spec.py:349] Evaluating on the test split.
I0307 04:12:22.580206 140252175811776 submission_runner.py:469] Time since start: 5648.21s, 	Step: 13280, 	{'train/accuracy': 0.5846221446990967, 'train/loss': 1.7235958576202393, 'validation/accuracy': 0.5286799669265747, 'validation/loss': 2.000023126602173, 'validation/num_examples': 50000, 'test/accuracy': 0.4109000265598297, 'test/loss': 2.7437474727630615, 'test/num_examples': 10000, 'score': 5159.199308156967, 'total_duration': 5648.210936307907, 'accumulated_submission_time': 5159.199308156967, 'accumulated_eval_time': 486.8378872871399, 'accumulated_logging_time': 0.7265846729278564}
I0307 04:12:22.652334 140096095368960 logging_writer.py:48] [13280] accumulated_eval_time=486.838, accumulated_logging_time=0.726585, accumulated_submission_time=5159.2, global_step=13280, preemption_count=0, score=5159.2, test/accuracy=0.4109, test/loss=2.74375, test/num_examples=10000, total_duration=5648.21, train/accuracy=0.584622, train/loss=1.7236, validation/accuracy=0.52868, validation/loss=2.00002, validation/num_examples=50000
I0307 04:12:30.818376 140096103761664 logging_writer.py:48] [13300] global_step=13300, grad_norm=7.040496826171875, loss=2.226771593093872
I0307 04:13:11.779235 140096095368960 logging_writer.py:48] [13400] global_step=13400, grad_norm=8.333060264587402, loss=2.257960319519043
I0307 04:13:50.295112 140096103761664 logging_writer.py:48] [13500] global_step=13500, grad_norm=4.023158550262451, loss=2.381957769393921
I0307 04:14:29.415571 140096095368960 logging_writer.py:48] [13600] global_step=13600, grad_norm=4.889688491821289, loss=2.2972450256347656
I0307 04:15:08.222278 140096103761664 logging_writer.py:48] [13700] global_step=13700, grad_norm=5.60116720199585, loss=2.2575812339782715
I0307 04:15:47.669087 140096095368960 logging_writer.py:48] [13800] global_step=13800, grad_norm=8.20947265625, loss=2.3329765796661377
I0307 04:16:26.700109 140096103761664 logging_writer.py:48] [13900] global_step=13900, grad_norm=9.119921684265137, loss=2.359269618988037
I0307 04:17:05.188740 140096095368960 logging_writer.py:48] [14000] global_step=14000, grad_norm=6.747682094573975, loss=2.442963123321533
I0307 04:17:44.243315 140096103761664 logging_writer.py:48] [14100] global_step=14100, grad_norm=11.16021728515625, loss=2.2589900493621826
I0307 04:18:23.282303 140096095368960 logging_writer.py:48] [14200] global_step=14200, grad_norm=10.472257614135742, loss=2.2736260890960693
I0307 04:19:02.223818 140096103761664 logging_writer.py:48] [14300] global_step=14300, grad_norm=6.368400573730469, loss=2.385427951812744
I0307 04:19:41.596998 140096095368960 logging_writer.py:48] [14400] global_step=14400, grad_norm=7.2486724853515625, loss=2.3044235706329346
I0307 04:20:19.743124 140096103761664 logging_writer.py:48] [14500] global_step=14500, grad_norm=5.5823588371276855, loss=2.240083932876587
I0307 04:20:52.914738 140252175811776 spec.py:321] Evaluating on the training split.
I0307 04:21:06.547373 140252175811776 spec.py:333] Evaluating on the validation split.
I0307 04:21:30.955113 140252175811776 spec.py:349] Evaluating on the test split.
I0307 04:21:32.730212 140252175811776 submission_runner.py:469] Time since start: 6198.36s, 	Step: 14587, 	{'train/accuracy': 0.5922752022743225, 'train/loss': 1.687596321105957, 'validation/accuracy': 0.5329799652099609, 'validation/loss': 1.9866801500320435, 'validation/num_examples': 50000, 'test/accuracy': 0.41670000553131104, 'test/loss': 2.706833839416504, 'test/num_examples': 10000, 'score': 5669.280317783356, 'total_duration': 6198.360827922821, 'accumulated_submission_time': 5669.280317783356, 'accumulated_eval_time': 526.6531901359558, 'accumulated_logging_time': 0.8367834091186523}
I0307 04:21:32.815378 140096095368960 logging_writer.py:48] [14587] accumulated_eval_time=526.653, accumulated_logging_time=0.836783, accumulated_submission_time=5669.28, global_step=14587, preemption_count=0, score=5669.28, test/accuracy=0.4167, test/loss=2.70683, test/num_examples=10000, total_duration=6198.36, train/accuracy=0.592275, train/loss=1.6876, validation/accuracy=0.53298, validation/loss=1.98668, validation/num_examples=50000
I0307 04:21:38.256750 140096103761664 logging_writer.py:48] [14600] global_step=14600, grad_norm=7.609963893890381, loss=2.314697742462158
I0307 04:22:17.105503 140096095368960 logging_writer.py:48] [14700] global_step=14700, grad_norm=9.909863471984863, loss=2.3748579025268555
I0307 04:22:55.848040 140096103761664 logging_writer.py:48] [14800] global_step=14800, grad_norm=9.485055923461914, loss=2.1509318351745605
I0307 04:23:34.044362 140096095368960 logging_writer.py:48] [14900] global_step=14900, grad_norm=5.382728099822998, loss=2.3651108741760254
I0307 04:24:12.854832 140096103761664 logging_writer.py:48] [15000] global_step=15000, grad_norm=9.438385009765625, loss=2.24969744682312
I0307 04:24:51.873638 140096095368960 logging_writer.py:48] [15100] global_step=15100, grad_norm=7.478503227233887, loss=2.1804146766662598
I0307 04:25:30.565059 140096103761664 logging_writer.py:48] [15200] global_step=15200, grad_norm=5.018370628356934, loss=2.2303760051727295
I0307 04:26:09.479612 140096095368960 logging_writer.py:48] [15300] global_step=15300, grad_norm=5.077371597290039, loss=2.224879741668701
I0307 04:26:48.437883 140096103761664 logging_writer.py:48] [15400] global_step=15400, grad_norm=4.498068809509277, loss=2.1941001415252686
I0307 04:27:27.645894 140096095368960 logging_writer.py:48] [15500] global_step=15500, grad_norm=5.5433149337768555, loss=2.256680965423584
I0307 04:28:06.278509 140096103761664 logging_writer.py:48] [15600] global_step=15600, grad_norm=7.3967604637146, loss=2.2233245372772217
I0307 04:28:44.748940 140096095368960 logging_writer.py:48] [15700] global_step=15700, grad_norm=4.48098087310791, loss=2.303924322128296
I0307 04:29:23.465785 140096103761664 logging_writer.py:48] [15800] global_step=15800, grad_norm=6.468645095825195, loss=2.139026641845703
I0307 04:30:01.804857 140096095368960 logging_writer.py:48] [15900] global_step=15900, grad_norm=6.700055122375488, loss=2.25837779045105
I0307 04:30:02.943766 140252175811776 spec.py:321] Evaluating on the training split.
I0307 04:30:21.048299 140252175811776 spec.py:333] Evaluating on the validation split.
I0307 04:30:45.443367 140252175811776 spec.py:349] Evaluating on the test split.
I0307 04:30:47.215734 140252175811776 submission_runner.py:469] Time since start: 6752.85s, 	Step: 15904, 	{'train/accuracy': 0.615234375, 'train/loss': 1.5854220390319824, 'validation/accuracy': 0.5554800033569336, 'validation/loss': 1.882692575454712, 'validation/num_examples': 50000, 'test/accuracy': 0.4368000328540802, 'test/loss': 2.622231960296631, 'test/num_examples': 10000, 'score': 6179.263180017471, 'total_duration': 6752.846360683441, 'accumulated_submission_time': 6179.263180017471, 'accumulated_eval_time': 570.9250020980835, 'accumulated_logging_time': 0.9297308921813965}
I0307 04:30:47.281105 140096103761664 logging_writer.py:48] [15904] accumulated_eval_time=570.925, accumulated_logging_time=0.929731, accumulated_submission_time=6179.26, global_step=15904, preemption_count=0, score=6179.26, test/accuracy=0.4368, test/loss=2.62223, test/num_examples=10000, total_duration=6752.85, train/accuracy=0.615234, train/loss=1.58542, validation/accuracy=0.55548, validation/loss=1.88269, validation/num_examples=50000
I0307 04:31:25.001801 140096095368960 logging_writer.py:48] [16000] global_step=16000, grad_norm=5.987884044647217, loss=2.116615056991577
I0307 04:32:03.956850 140096103761664 logging_writer.py:48] [16100] global_step=16100, grad_norm=7.504514217376709, loss=2.30026912689209
I0307 04:32:42.496487 140096095368960 logging_writer.py:48] [16200] global_step=16200, grad_norm=5.770164966583252, loss=2.1835522651672363
I0307 04:33:21.298139 140096103761664 logging_writer.py:48] [16300] global_step=16300, grad_norm=6.50676155090332, loss=2.1734588146209717
I0307 04:33:59.698671 140096095368960 logging_writer.py:48] [16400] global_step=16400, grad_norm=7.149582862854004, loss=2.229512929916382
I0307 04:34:38.516789 140096103761664 logging_writer.py:48] [16500] global_step=16500, grad_norm=4.312554359436035, loss=2.2244791984558105
I0307 04:35:17.609295 140096095368960 logging_writer.py:48] [16600] global_step=16600, grad_norm=5.945812225341797, loss=2.1013729572296143
I0307 04:35:56.396994 140096103761664 logging_writer.py:48] [16700] global_step=16700, grad_norm=5.867079734802246, loss=2.285964250564575
I0307 04:36:35.283348 140096095368960 logging_writer.py:48] [16800] global_step=16800, grad_norm=4.802401542663574, loss=2.2521896362304688
I0307 04:37:14.369149 140096103761664 logging_writer.py:48] [16900] global_step=16900, grad_norm=6.725522041320801, loss=2.1399354934692383
I0307 04:37:53.480440 140096095368960 logging_writer.py:48] [17000] global_step=17000, grad_norm=4.573668956756592, loss=2.2194266319274902
I0307 04:38:32.305327 140096103761664 logging_writer.py:48] [17100] global_step=17100, grad_norm=5.174842357635498, loss=2.088763475418091
I0307 04:39:10.885671 140096095368960 logging_writer.py:48] [17200] global_step=17200, grad_norm=7.705434799194336, loss=2.1863455772399902
I0307 04:39:17.532820 140252175811776 spec.py:321] Evaluating on the training split.
I0307 04:39:31.403437 140252175811776 spec.py:333] Evaluating on the validation split.
I0307 04:39:54.288227 140252175811776 spec.py:349] Evaluating on the test split.
I0307 04:39:56.054328 140252175811776 submission_runner.py:469] Time since start: 7301.68s, 	Step: 17218, 	{'train/accuracy': 0.6101123690605164, 'train/loss': 1.593916893005371, 'validation/accuracy': 0.5503199696540833, 'validation/loss': 1.901633381843567, 'validation/num_examples': 50000, 'test/accuracy': 0.43640002608299255, 'test/loss': 2.6130807399749756, 'test/num_examples': 10000, 'score': 6689.372481584549, 'total_duration': 7301.684935092926, 'accumulated_submission_time': 6689.372481584549, 'accumulated_eval_time': 609.4463336467743, 'accumulated_logging_time': 1.003150224685669}
I0307 04:39:56.117998 140096103761664 logging_writer.py:48] [17218] accumulated_eval_time=609.446, accumulated_logging_time=1.00315, accumulated_submission_time=6689.37, global_step=17218, preemption_count=0, score=6689.37, test/accuracy=0.4364, test/loss=2.61308, test/num_examples=10000, total_duration=7301.68, train/accuracy=0.610112, train/loss=1.59392, validation/accuracy=0.55032, validation/loss=1.90163, validation/num_examples=50000
I0307 04:40:28.223305 140096095368960 logging_writer.py:48] [17300] global_step=17300, grad_norm=6.424908638000488, loss=2.136794090270996
I0307 04:41:06.915045 140096103761664 logging_writer.py:48] [17400] global_step=17400, grad_norm=7.106617450714111, loss=2.144146203994751
I0307 04:41:46.119200 140096095368960 logging_writer.py:48] [17500] global_step=17500, grad_norm=7.843863010406494, loss=2.0666821002960205
I0307 04:42:24.896790 140096103761664 logging_writer.py:48] [17600] global_step=17600, grad_norm=7.97176456451416, loss=2.2725272178649902
I0307 04:43:03.893833 140096095368960 logging_writer.py:48] [17700] global_step=17700, grad_norm=4.394371509552002, loss=2.2724661827087402
I0307 04:43:42.450875 140096103761664 logging_writer.py:48] [17800] global_step=17800, grad_norm=6.853585243225098, loss=2.1963274478912354
I0307 04:44:21.499276 140096095368960 logging_writer.py:48] [17900] global_step=17900, grad_norm=6.295531272888184, loss=2.2405734062194824
I0307 04:45:00.189880 140096103761664 logging_writer.py:48] [18000] global_step=18000, grad_norm=4.328219890594482, loss=2.168703079223633
I0307 04:45:39.338869 140096095368960 logging_writer.py:48] [18100] global_step=18100, grad_norm=7.403343200683594, loss=2.33835506439209
I0307 04:46:18.060402 140096103761664 logging_writer.py:48] [18200] global_step=18200, grad_norm=4.827437400817871, loss=2.205408811569214
I0307 04:46:57.171506 140096095368960 logging_writer.py:48] [18300] global_step=18300, grad_norm=5.240080833435059, loss=2.198092460632324
I0307 04:47:36.381320 140096103761664 logging_writer.py:48] [18400] global_step=18400, grad_norm=5.9906840324401855, loss=2.180067539215088
I0307 04:48:15.256969 140096095368960 logging_writer.py:48] [18500] global_step=18500, grad_norm=4.709835529327393, loss=2.169720411300659
I0307 04:48:26.415699 140252175811776 spec.py:321] Evaluating on the training split.
I0307 04:48:41.529382 140252175811776 spec.py:333] Evaluating on the validation split.
I0307 04:49:03.566014 140252175811776 spec.py:349] Evaluating on the test split.
