I0315 21:35:22.024387 140361137546432 shampoo_preconditioner_list.py:352] Instantiated Adagrad Preconditioner 55.block_0 (torch.Size([1024])) for Parameter 55 (torch.Size([1024])), Block block_0 (torch.Size([1024])).
I0315 21:35:22.024448 140131852907712 shampoo_preconditioner_list.py:352] Instantiated Adagrad Preconditioner 34.block_0 (torch.Size([1024])) for Parameter 34 (torch.Size([1024])), Block block_0 (torch.Size([1024])).
I0315 21:35:22.024471 140361137546432 shampoo_preconditioner_list.py:352] Instantiated Adagrad Preconditioner 56.block_0 (torch.Size([512])) for Parameter 56 (torch.Size([512])), Block block_0 (torch.Size([512])).
I0315 21:35:22.024519 140131852907712 shampoo_preconditioner_list.py:352] Instantiated Adagrad Preconditioner 35.block_0 (torch.Size([0])) for Parameter 35 (torch.Size([1024])), Block block_0 (torch.Size([1024])).
I0315 21:35:22.024536 140361137546432 shampoo_preconditioner_list.py:352] Instantiated Adagrad Preconditioner 57.block_0 (torch.Size([0])) for Parameter 57 (torch.Size([512])), Block block_0 (torch.Size([512])).
I0315 21:35:22.024580 140131852907712 shampoo_preconditioner_list.py:352] Instantiated Adagrad Preconditioner 36.block_0 (torch.Size([0])) for Parameter 36 (torch.Size([512])), Block block_0 (torch.Size([512])).
I0315 21:35:22.024586 140361137546432 shampoo_preconditioner_list.py:352] Instantiated Adagrad Preconditioner 58.block_0 (torch.Size([0])) for Parameter 58 (torch.Size([1024, 512])), Block block_0 (torch.Size([1024, 512])).
I0315 21:35:22.024634 140361137546432 shampoo_preconditioner_list.py:352] Instantiated Adagrad Preconditioner 59.block_0 (torch.Size([0])) for Parameter 59 (torch.Size([1024, 256])), Block block_0 (torch.Size([1024, 256])).
I0315 21:35:22.024664 140131852907712 shampoo_preconditioner_list.py:352] Instantiated Adagrad Preconditioner 37.block_0 (torch.Size([512])) for Parameter 37 (torch.Size([512])), Block block_0 (torch.Size([512])).
I0315 21:35:22.024687 140361137546432 shampoo_preconditioner_list.py:352] Instantiated Adagrad Preconditioner 60.block_0 (torch.Size([0])) for Parameter 60 (torch.Size([1024])), Block block_0 (torch.Size([1024])).
I0315 21:35:22.024736 140131852907712 shampoo_preconditioner_list.py:352] Instantiated Adagrad Preconditioner 38.block_0 (torch.Size([0])) for Parameter 38 (torch.Size([1024, 512])), Block block_0 (torch.Size([1024, 512])).
I0315 21:35:22.024759 140361137546432 shampoo_preconditioner_list.py:352] Instantiated Adagrad Preconditioner 61.block_0 (torch.Size([1024])) for Parameter 61 (torch.Size([1024])), Block block_0 (torch.Size([1024])).
I0315 21:35:22.024800 140131852907712 shampoo_preconditioner_list.py:352] Instantiated Adagrad Preconditioner 39.block_0 (torch.Size([0])) for Parameter 39 (torch.Size([1024, 256])), Block block_0 (torch.Size([1024, 256])).
I0315 21:35:22.024827 140361137546432 shampoo_preconditioner_list.py:352] Instantiated Adagrad Preconditioner 62.block_0 (torch.Size([0])) for Parameter 62 (torch.Size([1024, 512])), Block block_0 (torch.Size([1024, 512])).
I0315 21:35:22.024883 140361137546432 shampoo_preconditioner_list.py:352] Instantiated Adagrad Preconditioner 63.block_0 (torch.Size([0])) for Parameter 63 (torch.Size([1024, 256])), Block block_0 (torch.Size([1024, 256])).
I0315 21:35:22.024883 140131852907712 shampoo_preconditioner_list.py:352] Instantiated Adagrad Preconditioner 40.block_0 (torch.Size([1024])) for Parameter 40 (torch.Size([1024])), Block block_0 (torch.Size([1024])).
I0315 21:35:22.024937 140361137546432 shampoo_preconditioner_list.py:352] Instantiated Adagrad Preconditioner 64.block_0 (torch.Size([0])) for Parameter 64 (torch.Size([1024])), Block block_0 (torch.Size([1024])).
I0315 21:35:22.024947 140131852907712 shampoo_preconditioner_list.py:352] Instantiated Adagrad Preconditioner 41.block_0 (torch.Size([0])) for Parameter 41 (torch.Size([1024])), Block block_0 (torch.Size([1024])).
I0315 21:35:22.025000 140131852907712 shampoo_preconditioner_list.py:352] Instantiated Adagrad Preconditioner 42.block_0 (torch.Size([0])) for Parameter 42 (torch.Size([1024, 512])), Block block_0 (torch.Size([1024, 512])).
I0315 21:35:22.025019 140361137546432 shampoo_preconditioner_list.py:352] Instantiated Adagrad Preconditioner 65.block_0 (torch.Size([1024])) for Parameter 65 (torch.Size([1024])), Block block_0 (torch.Size([1024])).
I0315 21:35:22.025062 140131852907712 shampoo_preconditioner_list.py:352] Instantiated Adagrad Preconditioner 43.block_0 (torch.Size([0])) for Parameter 43 (torch.Size([1024, 256])), Block block_0 (torch.Size([1024, 256])).
I0315 21:35:22.025102 140361137546432 shampoo_preconditioner_list.py:352] Instantiated Adagrad Preconditioner 66.block_0 (torch.Size([512])) for Parameter 66 (torch.Size([512])), Block block_0 (torch.Size([512])).
I0315 21:35:22.025147 140131852907712 shampoo_preconditioner_list.py:352] Instantiated Adagrad Preconditioner 44.block_0 (torch.Size([1024])) for Parameter 44 (torch.Size([1024])), Block block_0 (torch.Size([1024])).
I0315 21:35:22.025178 140361137546432 shampoo_preconditioner_list.py:352] Instantiated Adagrad Preconditioner 67.block_0 (torch.Size([0])) for Parameter 67 (torch.Size([512])), Block block_0 (torch.Size([512])).
I0315 21:35:22.025229 140361137546432 shampoo_preconditioner_list.py:352] Instantiated Adagrad Preconditioner 68.block_0 (torch.Size([0])) for Parameter 68 (torch.Size([512, 512])), Block block_0 (torch.Size([512, 512])).
I0315 21:35:22.025228 140131852907712 shampoo_preconditioner_list.py:352] Instantiated Adagrad Preconditioner 45.block_0 (torch.Size([0])) for Parameter 45 (torch.Size([1024])), Block block_0 (torch.Size([1024])).
I0315 21:35:22.025288 140131852907712 shampoo_preconditioner_list.py:352] Instantiated Adagrad Preconditioner 46.block_0 (torch.Size([0])) for Parameter 46 (torch.Size([512])), Block block_0 (torch.Size([512])).
I0315 21:35:22.025310 140361137546432 shampoo_preconditioner_list.py:352] Instantiated Adagrad Preconditioner 69.block_0 (torch.Size([512])) for Parameter 69 (torch.Size([512])), Block block_0 (torch.Size([512])).
I0315 21:35:22.025376 140361137546432 shampoo_preconditioner_list.py:352] Instantiated Adagrad Preconditioner 70.block_0 (torch.Size([0])) for Parameter 70 (torch.Size([512])), Block block_0 (torch.Size([512])).
I0315 21:35:22.025373 140131852907712 shampoo_preconditioner_list.py:352] Instantiated Adagrad Preconditioner 47.block_0 (torch.Size([512])) for Parameter 47 (torch.Size([512])), Block block_0 (torch.Size([512])).
I0315 21:35:22.025435 140131852907712 shampoo_preconditioner_list.py:352] Instantiated Adagrad Preconditioner 48.block_0 (torch.Size([0])) for Parameter 48 (torch.Size([1024, 512])), Block block_0 (torch.Size([1024, 512])).
I0315 21:35:22.025454 140361137546432 shampoo_preconditioner_list.py:352] Instantiated Adagrad Preconditioner 71.block_0 (torch.Size([512])) for Parameter 71 (torch.Size([512])), Block block_0 (torch.Size([512])).
I0315 21:35:22.025494 140131852907712 shampoo_preconditioner_list.py:352] Instantiated Adagrad Preconditioner 49.block_0 (torch.Size([0])) for Parameter 49 (torch.Size([1024, 256])), Block block_0 (torch.Size([1024, 256])).
I0315 21:35:22.025518 140361137546432 shampoo_preconditioner_list.py:352] Instantiated Adagrad Preconditioner 72.block_0 (torch.Size([0])) for Parameter 72 (torch.Size([512, 512])), Block block_0 (torch.Size([512, 512])).
I0315 21:35:22.025568 140361137546432 shampoo_preconditioner_list.py:352] Instantiated Adagrad Preconditioner 73.block_0 (torch.Size([0])) for Parameter 73 (torch.Size([512])), Block block_0 (torch.Size([512])).
I0315 21:35:22.025574 140131852907712 shampoo_preconditioner_list.py:352] Instantiated Adagrad Preconditioner 50.block_0 (torch.Size([1024])) for Parameter 50 (torch.Size([1024])), Block block_0 (torch.Size([1024])).
I0315 21:35:22.025635 140131852907712 shampoo_preconditioner_list.py:352] Instantiated Adagrad Preconditioner 51.block_0 (torch.Size([0])) for Parameter 51 (torch.Size([1024])), Block block_0 (torch.Size([1024])).
I0315 21:35:22.025655 140361137546432 shampoo_preconditioner_list.py:352] Instantiated Adagrad Preconditioner 74.block_0 (torch.Size([512])) for Parameter 74 (torch.Size([512])), Block block_0 (torch.Size([512])).
I0315 21:35:22.025694 140131852907712 shampoo_preconditioner_list.py:352] Instantiated Adagrad Preconditioner 52.block_0 (torch.Size([0])) for Parameter 52 (torch.Size([1024, 512])), Block block_0 (torch.Size([1024, 512])).
I0315 21:35:22.025717 140361137546432 shampoo_preconditioner_list.py:352] Instantiated Adagrad Preconditioner 75.block_0 (torch.Size([0])) for Parameter 75 (torch.Size([512])), Block block_0 (torch.Size([512])).
I0315 21:35:22.025770 140361137546432 shampoo_preconditioner_list.py:352] Instantiated Adagrad Preconditioner 76.block_0 (torch.Size([0])) for Parameter 76 (torch.Size([512, 512])), Block block_0 (torch.Size([512, 512])).
I0315 21:35:22.025843 140361137546432 shampoo_preconditioner_list.py:352] Instantiated Adagrad Preconditioner 77.block_0 (torch.Size([512])) for Parameter 77 (torch.Size([512])), Block block_0 (torch.Size([512])).
I0315 21:35:22.025903 140361137546432 shampoo_preconditioner_list.py:352] Instantiated Adagrad Preconditioner 78.block_0 (torch.Size([0])) for Parameter 78 (torch.Size([512])), Block block_0 (torch.Size([512])).
I0315 21:35:22.025978 140361137546432 shampoo_preconditioner_list.py:352] Instantiated Adagrad Preconditioner 79.block_0 (torch.Size([512])) for Parameter 79 (torch.Size([512])), Block block_0 (torch.Size([512])).
I0315 21:35:22.026040 140361137546432 shampoo_preconditioner_list.py:352] Instantiated Adagrad Preconditioner 80.block_0 (torch.Size([0])) for Parameter 80 (torch.Size([1024, 512])), Block block_0 (torch.Size([1024, 512])).
I0315 21:35:22.026093 140361137546432 shampoo_preconditioner_list.py:352] Instantiated Adagrad Preconditioner 81.block_0 (torch.Size([0])) for Parameter 81 (torch.Size([1024])), Block block_0 (torch.Size([1024])).
I0315 21:35:22.026140 140131852907712 shampoo_preconditioner_list.py:352] Instantiated Adagrad Preconditioner 53.block_0 (torch.Size([1024, 256])) for Parameter 53 (torch.Size([1024, 256])), Block block_0 (torch.Size([1024, 256])).
I0315 21:35:22.026219 140361137546432 shampoo_preconditioner_list.py:375] Rank 6: AdaGradPreconditionerList Numel Breakdown: (4608, 512, 0, 512, 0, 0, 0, 0, 0, 524288, 0, 0, 0, 0, 0, 512, 0, 0, 0, 0, 0, 0, 0, 0, 0, 512, 0, 524288, 0, 0, 1024, 0, 262144, 0, 1024, 512, 0, 0, 0, 0, 1024, 0, 0, 0, 1024, 512, 0, 0, 0, 0, 1024, 0, 0, 0, 1024, 512, 0, 0, 262144, 0, 1024, 524288, 0, 0, 1024, 512, 0, 0, 0, 0, 1024, 0, 0, 0, 1024, 512, 0, 0, 512, 0, 512, 0, 0, 512, 0, 0, 512, 0, 512, 0, 0)
I0315 21:35:22.026266 140361137546432 shampoo_preconditioner_list.py:378] Rank 6: AdaGradPreconditionerList Bytes Breakdown: (18432, 2048, 0, 2048, 0, 0, 0, 0, 0, 2097152, 0, 0, 0, 0, 0, 2048, 0, 0, 0, 0, 0, 0, 0, 0, 0, 2048, 0, 2097152, 0, 0, 4096, 0, 1048576, 0, 4096, 2048, 0, 0, 0, 0, 4096, 0, 0, 0, 4096, 2048, 0, 0, 0, 0, 4096, 0, 0, 0, 4096, 2048, 0, 0, 1048576, 0, 4096, 2097152, 0, 0, 4096, 2048, 0, 0, 0, 0, 4096, 0, 0, 0, 4096, 2048, 0, 0, 2048, 0, 2048, 0, 0, 2048, 0, 0, 2048, 0, 2048, 0, 0)
I0315 21:35:22.026269 140131852907712 shampoo_preconditioner_list.py:352] Instantiated Adagrad Preconditioner 54.block_0 (torch.Size([1024])) for Parameter 54 (torch.Size([1024])), Block block_0 (torch.Size([1024])).
I0315 21:35:22.026302 140361137546432 shampoo_preconditioner_list.py:381] Rank 6: AdaGradPreconditionerList Total Elements: 2119168
I0315 21:35:22.026345 140361137546432 shampoo_preconditioner_list.py:384] Rank 6: AdaGradPreconditionerList Total Bytes: 8476672
I0315 21:35:22.026354 140131852907712 shampoo_preconditioner_list.py:352] Instantiated Adagrad Preconditioner 55.block_0 (torch.Size([0])) for Parameter 55 (torch.Size([1024])), Block block_0 (torch.Size([1024])).
I0315 21:35:22.026408 140131852907712 shampoo_preconditioner_list.py:352] Instantiated Adagrad Preconditioner 56.block_0 (torch.Size([0])) for Parameter 56 (torch.Size([512])), Block block_0 (torch.Size([512])).
I0315 21:35:22.026494 140131852907712 shampoo_preconditioner_list.py:352] Instantiated Adagrad Preconditioner 57.block_0 (torch.Size([512])) for Parameter 57 (torch.Size([512])), Block block_0 (torch.Size([512])).
I0315 21:35:22.026582 140131852907712 shampoo_preconditioner_list.py:352] Instantiated Adagrad Preconditioner 58.block_0 (torch.Size([1024, 512])) for Parameter 58 (torch.Size([1024, 512])), Block block_0 (torch.Size([1024, 512])).
I0315 21:35:22.026653 140131852907712 shampoo_preconditioner_list.py:352] Instantiated Adagrad Preconditioner 59.block_0 (torch.Size([0])) for Parameter 59 (torch.Size([1024, 256])), Block block_0 (torch.Size([1024, 256])).
I0315 21:35:22.026737 140131852907712 shampoo_preconditioner_list.py:352] Instantiated Adagrad Preconditioner 60.block_0 (torch.Size([1024])) for Parameter 60 (torch.Size([1024])), Block block_0 (torch.Size([1024])).
I0315 21:35:22.026807 140131852907712 shampoo_preconditioner_list.py:352] Instantiated Adagrad Preconditioner 61.block_0 (torch.Size([0])) for Parameter 61 (torch.Size([1024])), Block block_0 (torch.Size([1024])).
I0315 21:35:22.026867 140131852907712 shampoo_preconditioner_list.py:352] Instantiated Adagrad Preconditioner 62.block_0 (torch.Size([0])) for Parameter 62 (torch.Size([1024, 512])), Block block_0 (torch.Size([1024, 512])).
I0315 21:35:22.026925 140131852907712 shampoo_preconditioner_list.py:352] Instantiated Adagrad Preconditioner 63.block_0 (torch.Size([0])) for Parameter 63 (torch.Size([1024, 256])), Block block_0 (torch.Size([1024, 256])).
I0315 21:35:22.027010 140131852907712 shampoo_preconditioner_list.py:352] Instantiated Adagrad Preconditioner 64.block_0 (torch.Size([1024])) for Parameter 64 (torch.Size([1024])), Block block_0 (torch.Size([1024])).
I0315 21:35:22.027081 140131852907712 shampoo_preconditioner_list.py:352] Instantiated Adagrad Preconditioner 65.block_0 (torch.Size([0])) for Parameter 65 (torch.Size([1024])), Block block_0 (torch.Size([1024])).
I0315 21:35:22.027139 140131852907712 shampoo_preconditioner_list.py:352] Instantiated Adagrad Preconditioner 66.block_0 (torch.Size([0])) for Parameter 66 (torch.Size([512])), Block block_0 (torch.Size([512])).
I0315 21:35:22.027221 140131852907712 shampoo_preconditioner_list.py:352] Instantiated Adagrad Preconditioner 67.block_0 (torch.Size([512])) for Parameter 67 (torch.Size([512])), Block block_0 (torch.Size([512])).
I0315 21:35:22.027302 140131852907712 shampoo_preconditioner_list.py:352] Instantiated Adagrad Preconditioner 68.block_0 (torch.Size([0])) for Parameter 68 (torch.Size([512, 512])), Block block_0 (torch.Size([512, 512])).
I0315 21:35:22.027362 140131852907712 shampoo_preconditioner_list.py:352] Instantiated Adagrad Preconditioner 69.block_0 (torch.Size([0])) for Parameter 69 (torch.Size([512])), Block block_0 (torch.Size([512])).
I0315 21:35:22.027446 140131852907712 shampoo_preconditioner_list.py:352] Instantiated Adagrad Preconditioner 70.block_0 (torch.Size([512])) for Parameter 70 (torch.Size([512])), Block block_0 (torch.Size([512])).
I0315 21:35:22.027516 140131852907712 shampoo_preconditioner_list.py:352] Instantiated Adagrad Preconditioner 71.block_0 (torch.Size([0])) for Parameter 71 (torch.Size([512])), Block block_0 (torch.Size([512])).
I0315 21:35:22.027575 140131852907712 shampoo_preconditioner_list.py:352] Instantiated Adagrad Preconditioner 72.block_0 (torch.Size([0])) for Parameter 72 (torch.Size([512, 512])), Block block_0 (torch.Size([512, 512])).
I0315 21:35:22.027658 140131852907712 shampoo_preconditioner_list.py:352] Instantiated Adagrad Preconditioner 73.block_0 (torch.Size([512])) for Parameter 73 (torch.Size([512])), Block block_0 (torch.Size([512])).
I0315 21:35:22.027727 140131852907712 shampoo_preconditioner_list.py:352] Instantiated Adagrad Preconditioner 74.block_0 (torch.Size([0])) for Parameter 74 (torch.Size([512])), Block block_0 (torch.Size([512])).
I0315 21:35:22.027807 140131852907712 shampoo_preconditioner_list.py:352] Instantiated Adagrad Preconditioner 75.block_0 (torch.Size([512])) for Parameter 75 (torch.Size([512])), Block block_0 (torch.Size([512])).
I0315 21:35:22.027922 140131852907712 shampoo_preconditioner_list.py:352] Instantiated Adagrad Preconditioner 76.block_0 (torch.Size([0])) for Parameter 76 (torch.Size([512, 512])), Block block_0 (torch.Size([512, 512])).
I0315 21:35:22.027975 140131852907712 shampoo_preconditioner_list.py:352] Instantiated Adagrad Preconditioner 77.block_0 (torch.Size([0])) for Parameter 77 (torch.Size([512])), Block block_0 (torch.Size([512])).
I0315 21:35:22.028057 140131852907712 shampoo_preconditioner_list.py:352] Instantiated Adagrad Preconditioner 78.block_0 (torch.Size([512])) for Parameter 78 (torch.Size([512])), Block block_0 (torch.Size([512])).
I0315 21:35:22.028129 140131852907712 shampoo_preconditioner_list.py:352] Instantiated Adagrad Preconditioner 79.block_0 (torch.Size([0])) for Parameter 79 (torch.Size([512])), Block block_0 (torch.Size([512])).
I0315 21:35:22.028192 140131852907712 shampoo_preconditioner_list.py:352] Instantiated Adagrad Preconditioner 80.block_0 (torch.Size([0])) for Parameter 80 (torch.Size([1024, 512])), Block block_0 (torch.Size([1024, 512])).
I0315 21:35:22.028285 140131852907712 shampoo_preconditioner_list.py:352] Instantiated Adagrad Preconditioner 81.block_0 (torch.Size([1024])) for Parameter 81 (torch.Size([1024])), Block block_0 (torch.Size([1024])).
I0315 21:35:22.028447 140131852907712 shampoo_preconditioner_list.py:375] Rank 7: AdaGradPreconditionerList Numel Breakdown: (0, 0, 0, 0, 0, 0, 0, 0, 0, 0, 524288, 0, 0, 0, 512, 0, 512, 0, 0, 1024, 1024, 0, 0, 1024, 1024, 0, 512, 0, 0, 1024, 0, 524288, 0, 1024, 0, 0, 512, 0, 262144, 1024, 0, 0, 0, 1024, 0, 0, 512, 0, 0, 1024, 0, 0, 0, 1024, 0, 0, 512, 0, 0, 1024, 0, 0, 262144, 1024, 0, 0, 512, 524288, 0, 1024, 0, 0, 0, 1024, 0, 0, 512, 0, 0, 512, 0, 0, 512, 0, 512, 0, 0, 512, 0, 0, 1024)
I0315 21:35:22.028503 140131852907712 shampoo_preconditioner_list.py:378] Rank 7: AdaGradPreconditionerList Bytes Breakdown: (0, 0, 0, 0, 0, 0, 0, 0, 0, 0, 2097152, 0, 0, 0, 2048, 0, 2048, 0, 0, 4096, 4096, 0, 0, 4096, 4096, 0, 2048, 0, 0, 4096, 0, 2097152, 0, 4096, 0, 0, 2048, 0, 1048576, 4096, 0, 0, 0, 4096, 0, 0, 2048, 0, 0, 4096, 0, 0, 0, 4096, 0, 0, 2048, 0, 0, 4096, 0, 0, 1048576, 4096, 0, 0, 2048, 2097152, 0, 4096, 0, 0, 0, 4096, 0, 0, 2048, 0, 0, 2048, 0, 0, 2048, 0, 2048, 0, 0, 2048, 0, 0, 4096)
I0315 21:35:22.028543 140131852907712 shampoo_preconditioner_list.py:381] Rank 7: AdaGradPreconditionerList Total Elements: 2118656
I0315 21:35:22.028581 140131852907712 shampoo_preconditioner_list.py:384] Rank 7: AdaGradPreconditionerList Total Bytes: 8474624
I0315 21:35:22.029167 140361137546432 logger_utils.py:262] Unable to record workload.train_mean information. Continuing without it.
I0315 21:35:22.029243 140361137546432 logger_utils.py:262] Unable to record workload.train_stddev information. Continuing without it.
I0315 21:35:22.031744 140131852907712 logger_utils.py:262] Unable to record workload.train_mean information. Continuing without it.
I0315 21:35:22.031855 140131852907712 logger_utils.py:262] Unable to record workload.train_stddev information. Continuing without it.
I0315 21:35:22.383762 140613804000448 submission_runner.py:325] Saving flags to /experiment_runs/submissions/rolling_leaderboard/external_tuning/shampoo/study_0/librispeech_deepspeech_pytorch/trial_5/flags_0.json.
I0315 21:35:22.395401 140613804000448 submission_runner.py:337] Starting training loop.
/usr/local/lib/python3.11/multiprocessing/popen_fork.py:66: RuntimeWarning: os.fork() was called. os.fork() is incompatible with multithreaded code, and JAX is multithreaded, so this will likely lead to a deadlock.
  self.pid = os.fork()
/usr/local/lib/python3.11/multiprocessing/popen_fork.py:66: RuntimeWarning: os.fork() was called. os.fork() is incompatible with multithreaded code, and JAX is multithreaded, so this will likely lead to a deadlock.
  self.pid = os.fork()
/usr/local/lib/python3.11/multiprocessing/popen_fork.py:66: RuntimeWarning: os.fork() was called. os.fork() is incompatible with multithreaded code, and JAX is multithreaded, so this will likely lead to a deadlock.
  self.pid = os.fork()
/usr/local/lib/python3.11/multiprocessing/popen_fork.py:66: RuntimeWarning: os.fork() was called. os.fork() is incompatible with multithreaded code, and JAX is multithreaded, so this will likely lead to a deadlock.
  self.pid = os.fork()
/usr/local/lib/python3.11/multiprocessing/popen_fork.py:66: RuntimeWarning: os.fork() was called. os.fork() is incompatible with multithreaded code, and JAX is multithreaded, so this will likely lead to a deadlock.
  self.pid = os.fork()
/usr/local/lib/python3.11/multiprocessing/popen_fork.py:66: RuntimeWarning: os.fork() was called. os.fork() is incompatible with multithreaded code, and JAX is multithreaded, so this will likely lead to a deadlock.
  self.pid = os.fork()
/usr/local/lib/python3.11/multiprocessing/popen_fork.py:66: RuntimeWarning: os.fork() was called. os.fork() is incompatible with multithreaded code, and JAX is multithreaded, so this will likely lead to a deadlock.
  self.pid = os.fork()
/usr/local/lib/python3.11/multiprocessing/popen_fork.py:66: RuntimeWarning: os.fork() was called. os.fork() is incompatible with multithreaded code, and JAX is multithreaded, so this will likely lead to a deadlock.
  self.pid = os.fork()
/algorithmic-efficiency/algoperf/workloads/librispeech_conformer/librispeech_pytorch/preprocessor.py:488: UserWarning: Specified kernel cache directory could not be created! This disables kernel caching. Specified directory is /root/.cache/torch/kernels. This warning will appear only once per process. (Triggered internally at ../aten/src/ATen/native/cuda/jit_utils.cpp:1442.)
  spectrum = torch.abs(spectrum)
/algorithmic-efficiency/algoperf/workloads/librispeech_conformer/librispeech_pytorch/preprocessor.py:488: UserWarning: Specified kernel cache directory could not be created! This disables kernel caching. Specified directory is /root/.cache/torch/kernels. This warning will appear only once per process. (Triggered internally at ../aten/src/ATen/native/cuda/jit_utils.cpp:1442.)
  spectrum = torch.abs(spectrum)
/algorithmic-efficiency/algoperf/workloads/librispeech_conformer/librispeech_pytorch/preprocessor.py:488: UserWarning: Specified kernel cache directory could not be created! This disables kernel caching. Specified directory is /root/.cache/torch/kernels. This warning will appear only once per process. (Triggered internally at ../aten/src/ATen/native/cuda/jit_utils.cpp:1442.)
  spectrum = torch.abs(spectrum)
/algorithmic-efficiency/algoperf/workloads/librispeech_conformer/librispeech_pytorch/preprocessor.py:488: UserWarning: Specified kernel cache directory could not be created! This disables kernel caching. Specified directory is /root/.cache/torch/kernels. This warning will appear only once per process. (Triggered internally at ../aten/src/ATen/native/cuda/jit_utils.cpp:1442.)
  spectrum = torch.abs(spectrum)
/algorithmic-efficiency/algoperf/workloads/librispeech_conformer/librispeech_pytorch/preprocessor.py:488: UserWarning: Specified kernel cache directory could not be created! This disables kernel caching. Specified directory is /root/.cache/torch/kernels. This warning will appear only once per process. (Triggered internally at ../aten/src/ATen/native/cuda/jit_utils.cpp:1442.)
  spectrum = torch.abs(spectrum)
/algorithmic-efficiency/algoperf/workloads/librispeech_conformer/librispeech_pytorch/preprocessor.py:488: UserWarning: Specified kernel cache directory could not be created! This disables kernel caching. Specified directory is /root/.cache/torch/kernels. This warning will appear only once per process. (Triggered internally at ../aten/src/ATen/native/cuda/jit_utils.cpp:1442.)
  spectrum = torch.abs(spectrum)
/algorithmic-efficiency/algoperf/workloads/librispeech_conformer/librispeech_pytorch/preprocessor.py:488: UserWarning: Specified kernel cache directory could not be created! This disables kernel caching. Specified directory is /root/.cache/torch/kernels. This warning will appear only once per process. (Triggered internally at ../aten/src/ATen/native/cuda/jit_utils.cpp:1442.)
  spectrum = torch.abs(spectrum)
I0315 21:36:36.750313 140594949125888 logging_writer.py:48] [0] global_step=0, grad_norm=23.267, loss=33.6281
I0315 21:36:36.994011 140613804000448 submission.py:265] 0) loss = 33.628, grad_norm = 23.267
I0315 21:36:37.469660 140613804000448 spec.py:321] Evaluating on the training split.
I0315 21:36:37.470617 140613804000448 input_pipeline.py:20] Loading split = train-clean-100
I0315 21:36:37.496275 140613804000448 input_pipeline.py:20] Loading split = train-clean-360
I0315 21:36:37.591781 140613804000448 input_pipeline.py:20] Loading split = train-other-500
/usr/local/lib/python3.11/multiprocessing/popen_fork.py:66: RuntimeWarning: os.fork() was called. os.fork() is incompatible with multithreaded code, and JAX is multithreaded, so this will likely lead to a deadlock.
  self.pid = os.fork()
/usr/local/lib/python3.11/multiprocessing/popen_fork.py:66: RuntimeWarning: os.fork() was called. os.fork() is incompatible with multithreaded code, and JAX is multithreaded, so this will likely lead to a deadlock.
  self.pid = os.fork()
/usr/local/lib/python3.11/multiprocessing/popen_fork.py:66: RuntimeWarning: os.fork() was called. os.fork() is incompatible with multithreaded code, and JAX is multithreaded, so this will likely lead to a deadlock.
  self.pid = os.fork()
/usr/local/lib/python3.11/multiprocessing/popen_fork.py:66: RuntimeWarning: os.fork() was called. os.fork() is incompatible with multithreaded code, and JAX is multithreaded, so this will likely lead to a deadlock.
  self.pid = os.fork()
/usr/local/lib/python3.11/multiprocessing/popen_fork.py:66: RuntimeWarning: os.fork() was called. os.fork() is incompatible with multithreaded code, and JAX is multithreaded, so this will likely lead to a deadlock.
  self.pid = os.fork()
/usr/local/lib/python3.11/multiprocessing/popen_fork.py:66: RuntimeWarning: os.fork() was called. os.fork() is incompatible with multithreaded code, and JAX is multithreaded, so this will likely lead to a deadlock.
  self.pid = os.fork()
/usr/local/lib/python3.11/multiprocessing/popen_fork.py:66: RuntimeWarning: os.fork() was called. os.fork() is incompatible with multithreaded code, and JAX is multithreaded, so this will likely lead to a deadlock.
  self.pid = os.fork()
/usr/local/lib/python3.11/multiprocessing/popen_fork.py:66: RuntimeWarning: os.fork() was called. os.fork() is incompatible with multithreaded code, and JAX is multithreaded, so this will likely lead to a deadlock.
  self.pid = os.fork()
I0315 21:37:06.907905 140613804000448 spec.py:333] Evaluating on the validation split.
I0315 21:37:06.909093 140613804000448 input_pipeline.py:20] Loading split = dev-clean
I0315 21:37:06.914184 140613804000448 input_pipeline.py:20] Loading split = dev-other
/usr/local/lib/python3.11/multiprocessing/popen_fork.py:66: RuntimeWarning: os.fork() was called. os.fork() is incompatible with multithreaded code, and JAX is multithreaded, so this will likely lead to a deadlock.
  self.pid = os.fork()
/usr/local/lib/python3.11/multiprocessing/popen_fork.py:66: RuntimeWarning: os.fork() was called. os.fork() is incompatible with multithreaded code, and JAX is multithreaded, so this will likely lead to a deadlock.
  self.pid = os.fork()
/usr/local/lib/python3.11/multiprocessing/popen_fork.py:66: RuntimeWarning: os.fork() was called. os.fork() is incompatible with multithreaded code, and JAX is multithreaded, so this will likely lead to a deadlock.
  self.pid = os.fork()
/usr/local/lib/python3.11/multiprocessing/popen_fork.py:66: RuntimeWarning: os.fork() was called. os.fork() is incompatible with multithreaded code, and JAX is multithreaded, so this will likely lead to a deadlock.
  self.pid = os.fork()
/usr/local/lib/python3.11/multiprocessing/popen_fork.py:66: RuntimeWarning: os.fork() was called. os.fork() is incompatible with multithreaded code, and JAX is multithreaded, so this will likely lead to a deadlock.
  self.pid = os.fork()
/usr/local/lib/python3.11/multiprocessing/popen_fork.py:66: RuntimeWarning: os.fork() was called. os.fork() is incompatible with multithreaded code, and JAX is multithreaded, so this will likely lead to a deadlock.
  self.pid = os.fork()
/usr/local/lib/python3.11/multiprocessing/popen_fork.py:66: RuntimeWarning: os.fork() was called. os.fork() is incompatible with multithreaded code, and JAX is multithreaded, so this will likely lead to a deadlock.
  self.pid = os.fork()
/usr/local/lib/python3.11/multiprocessing/popen_fork.py:66: RuntimeWarning: os.fork() was called. os.fork() is incompatible with multithreaded code, and JAX is multithreaded, so this will likely lead to a deadlock.
  self.pid = os.fork()
I0315 21:37:29.289088 140613804000448 spec.py:349] Evaluating on the test split.
I0315 21:37:29.290318 140613804000448 input_pipeline.py:20] Loading split = test-clean
I0315 21:37:41.344669 140613804000448 submission_runner.py:469] Time since start: 138.95s, 	Step: 1, 	{'train/ctc_loss': 31.976400126656472, 'train/wer': 1.9559838442980673, 'validation/ctc_loss': 30.910914852524797, 'validation/wer': 1.8389224158740887, 'validation/num_examples': 5348, 'test/ctc_loss': 30.930781372309983, 'test/wer': 1.8891800215302743, 'test/num_examples': 2472, 'score': 74.6000611782074, 'total_duration': 138.94913721084595, 'accumulated_submission_time': 74.6000611782074, 'accumulated_eval_time': 63.87481212615967, 'accumulated_logging_time': 0}
I0315 21:37:41.360909 140594392323840 logging_writer.py:48] [1] accumulated_eval_time=63.8748, accumulated_logging_time=0, accumulated_submission_time=74.6001, global_step=1, preemption_count=0, score=74.6001, test/ctc_loss=30.9308, test/num_examples=2472, test/wer=1.88918, total_duration=138.949, train/ctc_loss=31.9764, train/wer=1.95598, validation/ctc_loss=30.9109, validation/num_examples=5348, validation/wer=1.83892
I0315 21:37:43.090029 140594110265088 logging_writer.py:48] [1] global_step=1, grad_norm=22.5965, loss=32.4603
I0315 21:37:43.093762 140613804000448 submission.py:265] 1) loss = 32.460, grad_norm = 22.597
I0315 21:37:43.964829 140594392323840 logging_writer.py:48] [2] global_step=2, grad_norm=25.2761, loss=33.203
I0315 21:37:43.968379 140613804000448 submission.py:265] 2) loss = 33.203, grad_norm = 25.276
I0315 21:37:44.830083 140594110265088 logging_writer.py:48] [3] global_step=3, grad_norm=23.4835, loss=32.9326
I0315 21:37:44.833721 140613804000448 submission.py:265] 3) loss = 32.933, grad_norm = 23.484
I0315 21:37:45.700645 140594392323840 logging_writer.py:48] [4] global_step=4, grad_norm=24.4029, loss=32.4828
I0315 21:37:45.704193 140613804000448 submission.py:265] 4) loss = 32.483, grad_norm = 24.403
I0315 21:37:46.574308 140594110265088 logging_writer.py:48] [5] global_step=5, grad_norm=25.1758, loss=32.7091
I0315 21:37:46.578425 140613804000448 submission.py:265] 5) loss = 32.709, grad_norm = 25.176
I0315 21:37:47.448759 140594392323840 logging_writer.py:48] [6] global_step=6, grad_norm=24.8176, loss=32.0403
I0315 21:37:47.452388 140613804000448 submission.py:265] 6) loss = 32.040, grad_norm = 24.818
I0315 21:37:48.319085 140594110265088 logging_writer.py:48] [7] global_step=7, grad_norm=26.4422, loss=32.017
I0315 21:37:48.322840 140613804000448 submission.py:265] 7) loss = 32.017, grad_norm = 26.442
I0315 21:37:49.187923 140594392323840 logging_writer.py:48] [8] global_step=8, grad_norm=28.4861, loss=32.4679
I0315 21:37:49.191307 140613804000448 submission.py:265] 8) loss = 32.468, grad_norm = 28.486
I0315 21:37:50.046636 140594110265088 logging_writer.py:48] [9] global_step=9, grad_norm=31.9319, loss=33.2939
I0315 21:37:50.050417 140613804000448 submission.py:265] 9) loss = 33.294, grad_norm = 31.932
I0315 21:37:50.916289 140594392323840 logging_writer.py:48] [10] global_step=10, grad_norm=32.9683, loss=32.472
I0315 21:37:50.920015 140613804000448 submission.py:265] 10) loss = 32.472, grad_norm = 32.968
I0315 21:37:51.783383 140594110265088 logging_writer.py:48] [11] global_step=11, grad_norm=33.9405, loss=32.1975
I0315 21:37:51.787203 140613804000448 submission.py:265] 11) loss = 32.197, grad_norm = 33.940
I0315 21:37:52.652738 140594392323840 logging_writer.py:48] [12] global_step=12, grad_norm=36.4259, loss=31.872
I0315 21:37:52.656243 140613804000448 submission.py:265] 12) loss = 31.872, grad_norm = 36.426
I0315 21:37:53.517896 140594110265088 logging_writer.py:48] [13] global_step=13, grad_norm=35.1546, loss=31.3601
I0315 21:37:53.521315 140613804000448 submission.py:265] 13) loss = 31.360, grad_norm = 35.155
I0315 21:37:54.391743 140594392323840 logging_writer.py:48] [14] global_step=14, grad_norm=35.4468, loss=31.2879
I0315 21:37:54.395668 140613804000448 submission.py:265] 14) loss = 31.288, grad_norm = 35.447
I0315 21:37:55.252552 140594110265088 logging_writer.py:48] [15] global_step=15, grad_norm=36.2369, loss=31.5476
I0315 21:37:55.256286 140613804000448 submission.py:265] 15) loss = 31.548, grad_norm = 36.237
I0315 21:37:56.120040 140594392323840 logging_writer.py:48] [16] global_step=16, grad_norm=38.3281, loss=30.0893
I0315 21:37:56.123365 140613804000448 submission.py:265] 16) loss = 30.089, grad_norm = 38.328
I0315 21:37:57.002472 140594110265088 logging_writer.py:48] [17] global_step=17, grad_norm=38.9621, loss=30.5624
I0315 21:37:57.006083 140613804000448 submission.py:265] 17) loss = 30.562, grad_norm = 38.962
I0315 21:37:57.866859 140594392323840 logging_writer.py:48] [18] global_step=18, grad_norm=38.0632, loss=30.0015
I0315 21:37:57.870999 140613804000448 submission.py:265] 18) loss = 30.002, grad_norm = 38.063
I0315 21:38:00.100917 140594110265088 logging_writer.py:48] [19] global_step=19, grad_norm=39.2892, loss=30.4898
I0315 21:38:00.104567 140613804000448 submission.py:265] 19) loss = 30.490, grad_norm = 39.289
I0315 21:38:00.965072 140594392323840 logging_writer.py:48] [20] global_step=20, grad_norm=39.768, loss=29.0772
I0315 21:38:00.968887 140613804000448 submission.py:265] 20) loss = 29.077, grad_norm = 39.768
I0315 21:38:01.832417 140594110265088 logging_writer.py:48] [21] global_step=21, grad_norm=40.6651, loss=29.0223
I0315 21:38:01.836282 140613804000448 submission.py:265] 21) loss = 29.022, grad_norm = 40.665
I0315 21:38:02.730507 140594392323840 logging_writer.py:48] [22] global_step=22, grad_norm=40.073, loss=28.1038
I0315 21:38:02.733742 140613804000448 submission.py:265] 22) loss = 28.104, grad_norm = 40.073
I0315 21:38:04.683106 140594110265088 logging_writer.py:48] [23] global_step=23, grad_norm=40.0462, loss=28.7686
I0315 21:38:04.686687 140613804000448 submission.py:265] 23) loss = 28.769, grad_norm = 40.046
I0315 21:38:05.606879 140594392323840 logging_writer.py:48] [24] global_step=24, grad_norm=39.8086, loss=28.1482
I0315 21:38:05.610450 140613804000448 submission.py:265] 24) loss = 28.148, grad_norm = 39.809
I0315 21:38:06.475150 140594110265088 logging_writer.py:48] [25] global_step=25, grad_norm=39.8753, loss=27.3874
I0315 21:38:06.478786 140613804000448 submission.py:265] 25) loss = 27.387, grad_norm = 39.875
I0315 21:38:07.553010 140594392323840 logging_writer.py:48] [26] global_step=26, grad_norm=39.7092, loss=27.282
I0315 21:38:07.556581 140613804000448 submission.py:265] 26) loss = 27.282, grad_norm = 39.709
I0315 21:38:09.179698 140594110265088 logging_writer.py:48] [27] global_step=27, grad_norm=39.0311, loss=26.6684
I0315 21:38:09.183013 140613804000448 submission.py:265] 27) loss = 26.668, grad_norm = 39.031
I0315 21:38:10.524878 140594392323840 logging_writer.py:48] [28] global_step=28, grad_norm=38.5104, loss=25.95
I0315 21:38:10.528410 140613804000448 submission.py:265] 28) loss = 25.950, grad_norm = 38.510
I0315 21:38:11.765610 140594110265088 logging_writer.py:48] [29] global_step=29, grad_norm=39.736, loss=25.2742
I0315 21:38:11.768931 140613804000448 submission.py:265] 29) loss = 25.274, grad_norm = 39.736
I0315 21:38:12.633314 140594392323840 logging_writer.py:48] [30] global_step=30, grad_norm=38.2134, loss=25.1265
I0315 21:38:12.637051 140613804000448 submission.py:265] 30) loss = 25.126, grad_norm = 38.213
I0315 21:38:14.251658 140594110265088 logging_writer.py:48] [31] global_step=31, grad_norm=38.3813, loss=25.2858
I0315 21:38:14.255129 140613804000448 submission.py:265] 31) loss = 25.286, grad_norm = 38.381
I0315 21:38:15.324394 140594392323840 logging_writer.py:48] [32] global_step=32, grad_norm=37.0335, loss=24.4315
I0315 21:38:15.327717 140613804000448 submission.py:265] 32) loss = 24.431, grad_norm = 37.033
I0315 21:38:17.099424 140594110265088 logging_writer.py:48] [33] global_step=33, grad_norm=36.9292, loss=23.9942
I0315 21:38:17.102817 140613804000448 submission.py:265] 33) loss = 23.994, grad_norm = 36.929
I0315 21:38:17.969905 140594392323840 logging_writer.py:48] [34] global_step=34, grad_norm=35.1747, loss=23.199
I0315 21:38:17.973379 140613804000448 submission.py:265] 34) loss = 23.199, grad_norm = 35.175
I0315 21:38:18.951482 140594110265088 logging_writer.py:48] [35] global_step=35, grad_norm=35.4277, loss=23.3912
I0315 21:38:18.955771 140613804000448 submission.py:265] 35) loss = 23.391, grad_norm = 35.428
I0315 21:38:20.134012 140594392323840 logging_writer.py:48] [36] global_step=36, grad_norm=35.663, loss=22.9868
I0315 21:38:20.137788 140613804000448 submission.py:265] 36) loss = 22.987, grad_norm = 35.663
I0315 21:38:21.980695 140594110265088 logging_writer.py:48] [37] global_step=37, grad_norm=33.6291, loss=22.0846
I0315 21:38:21.984012 140613804000448 submission.py:265] 37) loss = 22.085, grad_norm = 33.629
I0315 21:38:22.849355 140594392323840 logging_writer.py:48] [38] global_step=38, grad_norm=32.4827, loss=22.0328
I0315 21:38:22.852774 140613804000448 submission.py:265] 38) loss = 22.033, grad_norm = 32.483
I0315 21:38:23.898275 140594110265088 logging_writer.py:48] [39] global_step=39, grad_norm=30.4106, loss=21.6108
I0315 21:38:23.903128 140613804000448 submission.py:265] 39) loss = 21.611, grad_norm = 30.411
I0315 21:38:25.477588 140594392323840 logging_writer.py:48] [40] global_step=40, grad_norm=30.5278, loss=21.2317
I0315 21:38:25.481328 140613804000448 submission.py:265] 40) loss = 21.232, grad_norm = 30.528
I0315 21:38:27.087506 140594110265088 logging_writer.py:48] [41] global_step=41, grad_norm=29.7014, loss=21.1241
I0315 21:38:27.090835 140613804000448 submission.py:265] 41) loss = 21.124, grad_norm = 29.701
I0315 21:38:27.948554 140594392323840 logging_writer.py:48] [42] global_step=42, grad_norm=27.0806, loss=20.3739
I0315 21:38:27.951975 140613804000448 submission.py:265] 42) loss = 20.374, grad_norm = 27.081
I0315 21:38:29.415282 140594110265088 logging_writer.py:48] [43] global_step=43, grad_norm=26.5405, loss=20.2138
I0315 21:38:29.418884 140613804000448 submission.py:265] 43) loss = 20.214, grad_norm = 26.541
I0315 21:38:30.285947 140594392323840 logging_writer.py:48] [44] global_step=44, grad_norm=27.2209, loss=20.1743
I0315 21:38:30.289635 140613804000448 submission.py:265] 44) loss = 20.174, grad_norm = 27.221
I0315 21:38:32.064179 140594110265088 logging_writer.py:48] [45] global_step=45, grad_norm=26.067, loss=19.5028
I0315 21:38:32.067568 140613804000448 submission.py:265] 45) loss = 19.503, grad_norm = 26.067
I0315 21:38:32.934771 140594392323840 logging_writer.py:48] [46] global_step=46, grad_norm=24.5127, loss=18.8649
I0315 21:38:32.938124 140613804000448 submission.py:265] 46) loss = 18.865, grad_norm = 24.513
I0315 21:38:34.029610 140594110265088 logging_writer.py:48] [47] global_step=47, grad_norm=23.8282, loss=18.5153
I0315 21:38:34.032993 140613804000448 submission.py:265] 47) loss = 18.515, grad_norm = 23.828
I0315 21:38:35.515095 140594392323840 logging_writer.py:48] [48] global_step=48, grad_norm=23.3119, loss=18.5425
I0315 21:38:35.518543 140613804000448 submission.py:265] 48) loss = 18.543, grad_norm = 23.312
I0315 21:38:36.837322 140594110265088 logging_writer.py:48] [49] global_step=49, grad_norm=22.1021, loss=17.748
I0315 21:38:36.840977 140613804000448 submission.py:265] 49) loss = 17.748, grad_norm = 22.102
I0315 21:38:37.711187 140594392323840 logging_writer.py:48] [50] global_step=50, grad_norm=22.2676, loss=17.7317
I0315 21:38:37.714368 140613804000448 submission.py:265] 50) loss = 17.732, grad_norm = 22.268
I0315 21:38:39.110704 140594110265088 logging_writer.py:48] [51] global_step=51, grad_norm=21.4106, loss=17.6349
I0315 21:38:39.114072 140613804000448 submission.py:265] 51) loss = 17.635, grad_norm = 21.411
I0315 21:38:40.449142 140594392323840 logging_writer.py:48] [52] global_step=52, grad_norm=19.7332, loss=17.1423
I0315 21:38:40.452519 140613804000448 submission.py:265] 52) loss = 17.142, grad_norm = 19.733
I0315 21:38:41.863369 140594110265088 logging_writer.py:48] [53] global_step=53, grad_norm=19.6753, loss=17.0944
I0315 21:38:41.866911 140613804000448 submission.py:265] 53) loss = 17.094, grad_norm = 19.675
I0315 21:38:42.725033 140594392323840 logging_writer.py:48] [54] global_step=54, grad_norm=19.2057, loss=16.9377
I0315 21:38:42.728803 140613804000448 submission.py:265] 54) loss = 16.938, grad_norm = 19.206
I0315 21:38:44.081711 140594110265088 logging_writer.py:48] [55] global_step=55, grad_norm=18.941, loss=16.5562
I0315 21:38:44.085487 140613804000448 submission.py:265] 55) loss = 16.556, grad_norm = 18.941
I0315 21:38:45.412016 140594392323840 logging_writer.py:48] [56] global_step=56, grad_norm=17.3382, loss=16.3794
I0315 21:38:45.415275 140613804000448 submission.py:265] 56) loss = 16.379, grad_norm = 17.338
I0315 21:38:46.280369 140594110265088 logging_writer.py:48] [57] global_step=57, grad_norm=17.1226, loss=15.5945
I0315 21:38:46.283776 140613804000448 submission.py:265] 57) loss = 15.595, grad_norm = 17.123
I0315 21:38:47.146304 140594392323840 logging_writer.py:48] [58] global_step=58, grad_norm=16.5885, loss=15.7696
I0315 21:38:47.149772 140613804000448 submission.py:265] 58) loss = 15.770, grad_norm = 16.588
I0315 21:38:49.357856 140594110265088 logging_writer.py:48] [59] global_step=59, grad_norm=17.2613, loss=15.9254
I0315 21:38:49.361317 140613804000448 submission.py:265] 59) loss = 15.925, grad_norm = 17.261
I0315 21:38:50.303073 140594392323840 logging_writer.py:48] [60] global_step=60, grad_norm=16.2257, loss=15.3972
I0315 21:38:50.306383 140613804000448 submission.py:265] 60) loss = 15.397, grad_norm = 16.226
I0315 21:38:51.170911 140594110265088 logging_writer.py:48] [61] global_step=61, grad_norm=15.2504, loss=14.9593
I0315 21:38:51.174469 140613804000448 submission.py:265] 61) loss = 14.959, grad_norm = 15.250
I0315 21:38:52.331784 140594392323840 logging_writer.py:48] [62] global_step=62, grad_norm=15.1937, loss=15.0288
I0315 21:38:52.335361 140613804000448 submission.py:265] 62) loss = 15.029, grad_norm = 15.194
I0315 21:38:54.417015 140594110265088 logging_writer.py:48] [63] global_step=63, grad_norm=14.1052, loss=14.5503
I0315 21:38:54.420475 140613804000448 submission.py:265] 63) loss = 14.550, grad_norm = 14.105
I0315 21:38:55.291016 140594392323840 logging_writer.py:48] [64] global_step=64, grad_norm=14.2736, loss=14.3765
I0315 21:38:55.294398 140613804000448 submission.py:265] 64) loss = 14.376, grad_norm = 14.274
I0315 21:38:56.154789 140594110265088 logging_writer.py:48] [65] global_step=65, grad_norm=13.5761, loss=14.1902
I0315 21:38:56.158195 140613804000448 submission.py:265] 65) loss = 14.190, grad_norm = 13.576
I0315 21:38:57.023155 140594392323840 logging_writer.py:48] [66] global_step=66, grad_norm=12.6912, loss=13.6608
I0315 21:38:57.026755 140613804000448 submission.py:265] 66) loss = 13.661, grad_norm = 12.691
I0315 21:38:59.585199 140594110265088 logging_writer.py:48] [67] global_step=67, grad_norm=11.944, loss=13.6534
I0315 21:38:59.588610 140613804000448 submission.py:265] 67) loss = 13.653, grad_norm = 11.944
I0315 21:39:00.459406 140594392323840 logging_writer.py:48] [68] global_step=68, grad_norm=11.6286, loss=14.0569
I0315 21:39:00.462577 140613804000448 submission.py:265] 68) loss = 14.057, grad_norm = 11.629
I0315 21:39:01.331218 140594110265088 logging_writer.py:48] [69] global_step=69, grad_norm=11.24, loss=13.3693
I0315 21:39:01.334739 140613804000448 submission.py:265] 69) loss = 13.369, grad_norm = 11.240
I0315 21:39:02.195906 140594392323840 logging_writer.py:48] [70] global_step=70, grad_norm=10.6817, loss=13.1371
I0315 21:39:02.199291 140613804000448 submission.py:265] 70) loss = 13.137, grad_norm = 10.682
I0315 21:39:04.340152 140594110265088 logging_writer.py:48] [71] global_step=71, grad_norm=10.023, loss=13.1228
I0315 21:39:04.343567 140613804000448 submission.py:265] 71) loss = 13.123, grad_norm = 10.023
I0315 21:39:05.204993 140594392323840 logging_writer.py:48] [72] global_step=72, grad_norm=10.1152, loss=13.0798
I0315 21:39:05.208515 140613804000448 submission.py:265] 72) loss = 13.080, grad_norm = 10.115
I0315 21:39:06.068973 140594110265088 logging_writer.py:48] [73] global_step=73, grad_norm=9.41625, loss=12.4999
I0315 21:39:06.072291 140613804000448 submission.py:265] 73) loss = 12.500, grad_norm = 9.416
I0315 21:39:06.931627 140594392323840 logging_writer.py:48] [74] global_step=74, grad_norm=10.7382, loss=13.2649
I0315 21:39:06.935183 140613804000448 submission.py:265] 74) loss = 13.265, grad_norm = 10.738
I0315 21:39:08.877290 140594110265088 logging_writer.py:48] [75] global_step=75, grad_norm=9.9294, loss=12.4508
I0315 21:39:08.881269 140613804000448 submission.py:265] 75) loss = 12.451, grad_norm = 9.929
I0315 21:39:09.745750 140594392323840 logging_writer.py:48] [76] global_step=76, grad_norm=9.45071, loss=12.2716
I0315 21:39:09.749305 140613804000448 submission.py:265] 76) loss = 12.272, grad_norm = 9.451
I0315 21:39:10.611534 140594110265088 logging_writer.py:48] [77] global_step=77, grad_norm=9.95952, loss=12.4916
I0315 21:39:10.615741 140613804000448 submission.py:265] 77) loss = 12.492, grad_norm = 9.960
I0315 21:39:11.479726 140594392323840 logging_writer.py:48] [78] global_step=78, grad_norm=9.44169, loss=12.1448
I0315 21:39:11.483486 140613804000448 submission.py:265] 78) loss = 12.145, grad_norm = 9.442
I0315 21:39:13.608215 140594110265088 logging_writer.py:48] [79] global_step=79, grad_norm=9.88649, loss=11.935
I0315 21:39:13.611676 140613804000448 submission.py:265] 79) loss = 11.935, grad_norm = 9.886
I0315 21:39:14.478627 140594392323840 logging_writer.py:48] [80] global_step=80, grad_norm=9.16302, loss=11.9348
I0315 21:39:14.482064 140613804000448 submission.py:265] 80) loss = 11.935, grad_norm = 9.163
I0315 21:39:15.360336 140594110265088 logging_writer.py:48] [81] global_step=81, grad_norm=8.64623, loss=11.6132
I0315 21:39:15.363756 140613804000448 submission.py:265] 81) loss = 11.613, grad_norm = 8.646
I0315 21:39:16.234513 140594392323840 logging_writer.py:48] [82] global_step=82, grad_norm=8.37044, loss=11.9924
I0315 21:39:16.238003 140613804000448 submission.py:265] 82) loss = 11.992, grad_norm = 8.370
I0315 21:39:18.399653 140594110265088 logging_writer.py:48] [83] global_step=83, grad_norm=8.42806, loss=11.3867
I0315 21:39:18.403106 140613804000448 submission.py:265] 83) loss = 11.387, grad_norm = 8.428
I0315 21:39:19.265820 140594392323840 logging_writer.py:48] [84] global_step=84, grad_norm=7.76044, loss=11.4114
I0315 21:39:19.269254 140613804000448 submission.py:265] 84) loss = 11.411, grad_norm = 7.760
I0315 21:39:20.584885 140594110265088 logging_writer.py:48] [85] global_step=85, grad_norm=7.90058, loss=11.2516
I0315 21:39:20.588514 140613804000448 submission.py:265] 85) loss = 11.252, grad_norm = 7.901
I0315 21:39:21.470996 140594392323840 logging_writer.py:48] [86] global_step=86, grad_norm=7.94778, loss=10.9625
I0315 21:39:21.474405 140613804000448 submission.py:265] 86) loss = 10.963, grad_norm = 7.948
I0315 21:39:22.953889 140594110265088 logging_writer.py:48] [87] global_step=87, grad_norm=7.94744, loss=11.3016
I0315 21:39:22.957528 140613804000448 submission.py:265] 87) loss = 11.302, grad_norm = 7.947
I0315 21:39:24.401510 140594392323840 logging_writer.py:48] [88] global_step=88, grad_norm=7.98692, loss=10.8598
I0315 21:39:24.404886 140613804000448 submission.py:265] 88) loss = 10.860, grad_norm = 7.987
I0315 21:39:25.555757 140594110265088 logging_writer.py:48] [89] global_step=89, grad_norm=7.95333, loss=10.5824
I0315 21:39:25.559219 140613804000448 submission.py:265] 89) loss = 10.582, grad_norm = 7.953
I0315 21:39:26.424015 140594392323840 logging_writer.py:48] [90] global_step=90, grad_norm=8.00528, loss=10.7596
I0315 21:39:26.427651 140613804000448 submission.py:265] 90) loss = 10.760, grad_norm = 8.005
I0315 21:39:28.181329 140594110265088 logging_writer.py:48] [91] global_step=91, grad_norm=8.23885, loss=10.6805
I0315 21:39:28.184903 140613804000448 submission.py:265] 91) loss = 10.681, grad_norm = 8.239
I0315 21:39:29.054570 140594392323840 logging_writer.py:48] [92] global_step=92, grad_norm=7.6066, loss=10.5857
I0315 21:39:29.058092 140613804000448 submission.py:265] 92) loss = 10.586, grad_norm = 7.607
I0315 21:39:30.864691 140594110265088 logging_writer.py:48] [93] global_step=93, grad_norm=8.38511, loss=10.2943
I0315 21:39:30.868441 140613804000448 submission.py:265] 93) loss = 10.294, grad_norm = 8.385
I0315 21:39:31.731279 140594392323840 logging_writer.py:48] [94] global_step=94, grad_norm=9.29494, loss=10.2341
I0315 21:39:31.735088 140613804000448 submission.py:265] 94) loss = 10.234, grad_norm = 9.295
I0315 21:39:33.282513 140594110265088 logging_writer.py:48] [95] global_step=95, grad_norm=8.99447, loss=10.0371
I0315 21:39:33.286298 140613804000448 submission.py:265] 95) loss = 10.037, grad_norm = 8.994
