I0315 21:24:07.747621 140507822732480 shampoo_preconditioner_list.py:352] Instantiated Adagrad Preconditioner 7.block_0 (torch.Size([0])) for Parameter 7 (torch.Size([512])), Block block_0 (torch.Size([512])).
I0315 21:24:07.747679 140507822732480 shampoo_preconditioner_list.py:352] Instantiated Adagrad Preconditioner 8.block_0 (torch.Size([0])) for Parameter 8 (torch.Size([1024, 512])), Block block_0 (torch.Size([1024, 512])).
I0315 21:24:07.747730 140507822732480 shampoo_preconditioner_list.py:352] Instantiated Adagrad Preconditioner 9.block_0 (torch.Size([0])) for Parameter 9 (torch.Size([1024, 256])), Block block_0 (torch.Size([1024, 256])).
I0315 21:24:07.747778 140507822732480 shampoo_preconditioner_list.py:352] Instantiated Adagrad Preconditioner 10.block_0 (torch.Size([0])) for Parameter 10 (torch.Size([1024])), Block block_0 (torch.Size([1024])).
I0315 21:24:07.747827 140507822732480 shampoo_preconditioner_list.py:352] Instantiated Adagrad Preconditioner 11.block_0 (torch.Size([0])) for Parameter 11 (torch.Size([1024])), Block block_0 (torch.Size([1024])).
I0315 21:24:07.747910 140507822732480 shampoo_preconditioner_list.py:352] Instantiated Adagrad Preconditioner 12.block_0 (torch.Size([1024, 512])) for Parameter 12 (torch.Size([1024, 512])), Block block_0 (torch.Size([1024, 512])).
I0315 21:24:07.747977 140507822732480 shampoo_preconditioner_list.py:352] Instantiated Adagrad Preconditioner 13.block_0 (torch.Size([0])) for Parameter 13 (torch.Size([1024, 256])), Block block_0 (torch.Size([1024, 256])).
I0315 21:24:07.748029 140507822732480 shampoo_preconditioner_list.py:352] Instantiated Adagrad Preconditioner 14.block_0 (torch.Size([0])) for Parameter 14 (torch.Size([1024])), Block block_0 (torch.Size([1024])).
I0315 21:24:07.748080 140507822732480 shampoo_preconditioner_list.py:352] Instantiated Adagrad Preconditioner 15.block_0 (torch.Size([0])) for Parameter 15 (torch.Size([1024])), Block block_0 (torch.Size([1024])).
I0315 21:24:07.748147 140507822732480 shampoo_preconditioner_list.py:352] Instantiated Adagrad Preconditioner 16.block_0 (torch.Size([0])) for Parameter 16 (torch.Size([512])), Block block_0 (torch.Size([512])).
I0315 21:24:07.748200 140507822732480 shampoo_preconditioner_list.py:352] Instantiated Adagrad Preconditioner 17.block_0 (torch.Size([0])) for Parameter 17 (torch.Size([512])), Block block_0 (torch.Size([512])).
I0315 21:24:07.748255 140507822732480 shampoo_preconditioner_list.py:352] Instantiated Adagrad Preconditioner 18.block_0 (torch.Size([0])) for Parameter 18 (torch.Size([1024, 512])), Block block_0 (torch.Size([1024, 512])).
I0315 21:24:07.748357 140507822732480 shampoo_preconditioner_list.py:352] Instantiated Adagrad Preconditioner 19.block_0 (torch.Size([1024, 256])) for Parameter 19 (torch.Size([1024, 256])), Block block_0 (torch.Size([1024, 256])).
I0315 21:24:07.748430 140507822732480 shampoo_preconditioner_list.py:352] Instantiated Adagrad Preconditioner 20.block_0 (torch.Size([0])) for Parameter 20 (torch.Size([1024])), Block block_0 (torch.Size([1024])).
I0315 21:24:07.748485 140507822732480 shampoo_preconditioner_list.py:352] Instantiated Adagrad Preconditioner 21.block_0 (torch.Size([0])) for Parameter 21 (torch.Size([1024])), Block block_0 (torch.Size([1024])).
I0315 21:24:07.748538 140507822732480 shampoo_preconditioner_list.py:352] Instantiated Adagrad Preconditioner 22.block_0 (torch.Size([0])) for Parameter 22 (torch.Size([1024, 512])), Block block_0 (torch.Size([1024, 512])).
I0315 21:24:07.748592 140507822732480 shampoo_preconditioner_list.py:352] Instantiated Adagrad Preconditioner 23.block_0 (torch.Size([0])) for Parameter 23 (torch.Size([1024, 256])), Block block_0 (torch.Size([1024, 256])).
I0315 21:24:07.748653 140507822732480 shampoo_preconditioner_list.py:352] Instantiated Adagrad Preconditioner 24.block_0 (torch.Size([0])) for Parameter 24 (torch.Size([1024])), Block block_0 (torch.Size([1024])).
I0315 21:24:07.748707 140507822732480 shampoo_preconditioner_list.py:352] Instantiated Adagrad Preconditioner 25.block_0 (torch.Size([0])) for Parameter 25 (torch.Size([1024])), Block block_0 (torch.Size([1024])).
I0315 21:24:07.748763 140507822732480 shampoo_preconditioner_list.py:352] Instantiated Adagrad Preconditioner 26.block_0 (torch.Size([0])) for Parameter 26 (torch.Size([512])), Block block_0 (torch.Size([512])).
I0315 21:24:07.748823 140507822732480 shampoo_preconditioner_list.py:352] Instantiated Adagrad Preconditioner 27.block_0 (torch.Size([0])) for Parameter 27 (torch.Size([512])), Block block_0 (torch.Size([512])).
I0315 21:24:07.748876 140507822732480 shampoo_preconditioner_list.py:352] Instantiated Adagrad Preconditioner 28.block_0 (torch.Size([0])) for Parameter 28 (torch.Size([1024, 512])), Block block_0 (torch.Size([1024, 512])).
I0315 21:24:07.748929 140507822732480 shampoo_preconditioner_list.py:352] Instantiated Adagrad Preconditioner 29.block_0 (torch.Size([0])) for Parameter 29 (torch.Size([1024, 256])), Block block_0 (torch.Size([1024, 256])).
I0315 21:24:07.748981 140507822732480 shampoo_preconditioner_list.py:352] Instantiated Adagrad Preconditioner 30.block_0 (torch.Size([0])) for Parameter 30 (torch.Size([1024])), Block block_0 (torch.Size([1024])).
I0315 21:24:07.749035 140507822732480 shampoo_preconditioner_list.py:352] Instantiated Adagrad Preconditioner 31.block_0 (torch.Size([0])) for Parameter 31 (torch.Size([1024])), Block block_0 (torch.Size([1024])).
I0315 21:24:07.749088 140507822732480 shampoo_preconditioner_list.py:352] Instantiated Adagrad Preconditioner 32.block_0 (torch.Size([0])) for Parameter 32 (torch.Size([1024, 512])), Block block_0 (torch.Size([1024, 512])).
I0315 21:24:07.749140 140507822732480 shampoo_preconditioner_list.py:352] Instantiated Adagrad Preconditioner 33.block_0 (torch.Size([0])) for Parameter 33 (torch.Size([1024, 256])), Block block_0 (torch.Size([1024, 256])).
I0315 21:24:07.749192 140507822732480 shampoo_preconditioner_list.py:352] Instantiated Adagrad Preconditioner 34.block_0 (torch.Size([0])) for Parameter 34 (torch.Size([1024])), Block block_0 (torch.Size([1024])).
I0315 21:24:07.749243 140507822732480 shampoo_preconditioner_list.py:352] Instantiated Adagrad Preconditioner 35.block_0 (torch.Size([0])) for Parameter 35 (torch.Size([1024])), Block block_0 (torch.Size([1024])).
I0315 21:24:07.749305 140507822732480 shampoo_preconditioner_list.py:352] Instantiated Adagrad Preconditioner 36.block_0 (torch.Size([0])) for Parameter 36 (torch.Size([512])), Block block_0 (torch.Size([512])).
I0315 21:24:07.749353 140507822732480 shampoo_preconditioner_list.py:352] Instantiated Adagrad Preconditioner 37.block_0 (torch.Size([0])) for Parameter 37 (torch.Size([512])), Block block_0 (torch.Size([512])).
I0315 21:24:07.749403 140507822732480 shampoo_preconditioner_list.py:352] Instantiated Adagrad Preconditioner 38.block_0 (torch.Size([0])) for Parameter 38 (torch.Size([1024, 512])), Block block_0 (torch.Size([1024, 512])).
I0315 21:24:07.749454 140507822732480 shampoo_preconditioner_list.py:352] Instantiated Adagrad Preconditioner 39.block_0 (torch.Size([0])) for Parameter 39 (torch.Size([1024, 256])), Block block_0 (torch.Size([1024, 256])).
I0315 21:24:07.749502 140507822732480 shampoo_preconditioner_list.py:352] Instantiated Adagrad Preconditioner 40.block_0 (torch.Size([0])) for Parameter 40 (torch.Size([1024])), Block block_0 (torch.Size([1024])).
I0315 21:24:07.749550 140507822732480 shampoo_preconditioner_list.py:352] Instantiated Adagrad Preconditioner 41.block_0 (torch.Size([0])) for Parameter 41 (torch.Size([1024])), Block block_0 (torch.Size([1024])).
I0315 21:24:07.749598 140507822732480 shampoo_preconditioner_list.py:352] Instantiated Adagrad Preconditioner 42.block_0 (torch.Size([0])) for Parameter 42 (torch.Size([1024, 512])), Block block_0 (torch.Size([1024, 512])).
I0315 21:24:07.751809 140507822732480 shampoo_preconditioner_list.py:352] Instantiated Adagrad Preconditioner 43.block_0 (torch.Size([1024, 256])) for Parameter 43 (torch.Size([1024, 256])), Block block_0 (torch.Size([1024, 256])).
I0315 21:24:07.751911 140507822732480 shampoo_preconditioner_list.py:352] Instantiated Adagrad Preconditioner 44.block_0 (torch.Size([0])) for Parameter 44 (torch.Size([1024])), Block block_0 (torch.Size([1024])).
I0315 21:24:07.751971 140507822732480 shampoo_preconditioner_list.py:352] Instantiated Adagrad Preconditioner 45.block_0 (torch.Size([0])) for Parameter 45 (torch.Size([1024])), Block block_0 (torch.Size([1024])).
I0315 21:24:07.752023 140507822732480 shampoo_preconditioner_list.py:352] Instantiated Adagrad Preconditioner 46.block_0 (torch.Size([0])) for Parameter 46 (torch.Size([512])), Block block_0 (torch.Size([512])).
I0315 21:24:07.752073 140507822732480 shampoo_preconditioner_list.py:352] Instantiated Adagrad Preconditioner 47.block_0 (torch.Size([0])) for Parameter 47 (torch.Size([512])), Block block_0 (torch.Size([512])).
I0315 21:24:07.752159 140507822732480 shampoo_preconditioner_list.py:352] Instantiated Adagrad Preconditioner 48.block_0 (torch.Size([1024, 512])) for Parameter 48 (torch.Size([1024, 512])), Block block_0 (torch.Size([1024, 512])).
I0315 21:24:07.752225 140507822732480 shampoo_preconditioner_list.py:352] Instantiated Adagrad Preconditioner 49.block_0 (torch.Size([0])) for Parameter 49 (torch.Size([1024, 256])), Block block_0 (torch.Size([1024, 256])).
I0315 21:24:07.752297 140507822732480 shampoo_preconditioner_list.py:352] Instantiated Adagrad Preconditioner 50.block_0 (torch.Size([0])) for Parameter 50 (torch.Size([1024])), Block block_0 (torch.Size([1024])).
I0315 21:24:07.752364 140507822732480 shampoo_preconditioner_list.py:352] Instantiated Adagrad Preconditioner 51.block_0 (torch.Size([0])) for Parameter 51 (torch.Size([1024])), Block block_0 (torch.Size([1024])).
I0315 21:24:07.752414 140507822732480 shampoo_preconditioner_list.py:352] Instantiated Adagrad Preconditioner 52.block_0 (torch.Size([0])) for Parameter 52 (torch.Size([1024, 512])), Block block_0 (torch.Size([1024, 512])).
I0315 21:24:07.752463 140507822732480 shampoo_preconditioner_list.py:352] Instantiated Adagrad Preconditioner 53.block_0 (torch.Size([0])) for Parameter 53 (torch.Size([1024, 256])), Block block_0 (torch.Size([1024, 256])).
I0315 21:24:07.752512 140507822732480 shampoo_preconditioner_list.py:352] Instantiated Adagrad Preconditioner 54.block_0 (torch.Size([0])) for Parameter 54 (torch.Size([1024])), Block block_0 (torch.Size([1024])).
I0315 21:24:07.752561 140507822732480 shampoo_preconditioner_list.py:352] Instantiated Adagrad Preconditioner 55.block_0 (torch.Size([0])) for Parameter 55 (torch.Size([1024])), Block block_0 (torch.Size([1024])).
I0315 21:24:07.752609 140507822732480 shampoo_preconditioner_list.py:352] Instantiated Adagrad Preconditioner 56.block_0 (torch.Size([0])) for Parameter 56 (torch.Size([512])), Block block_0 (torch.Size([512])).
I0315 21:24:07.752674 140507822732480 shampoo_preconditioner_list.py:352] Instantiated Adagrad Preconditioner 57.block_0 (torch.Size([0])) for Parameter 57 (torch.Size([512])), Block block_0 (torch.Size([512])).
I0315 21:24:07.752723 140507822732480 shampoo_preconditioner_list.py:352] Instantiated Adagrad Preconditioner 58.block_0 (torch.Size([0])) for Parameter 58 (torch.Size([1024, 512])), Block block_0 (torch.Size([1024, 512])).
I0315 21:24:07.752774 140507822732480 shampoo_preconditioner_list.py:352] Instantiated Adagrad Preconditioner 59.block_0 (torch.Size([0])) for Parameter 59 (torch.Size([1024, 256])), Block block_0 (torch.Size([1024, 256])).
I0315 21:24:07.752817 140507822732480 shampoo_preconditioner_list.py:352] Instantiated Adagrad Preconditioner 60.block_0 (torch.Size([0])) for Parameter 60 (torch.Size([1024])), Block block_0 (torch.Size([1024])).
I0315 21:24:07.752863 140507822732480 shampoo_preconditioner_list.py:352] Instantiated Adagrad Preconditioner 61.block_0 (torch.Size([0])) for Parameter 61 (torch.Size([1024])), Block block_0 (torch.Size([1024])).
I0315 21:24:07.752916 140507822732480 shampoo_preconditioner_list.py:352] Instantiated Adagrad Preconditioner 62.block_0 (torch.Size([0])) for Parameter 62 (torch.Size([1024, 512])), Block block_0 (torch.Size([1024, 512])).
I0315 21:24:07.752965 140507822732480 shampoo_preconditioner_list.py:352] Instantiated Adagrad Preconditioner 63.block_0 (torch.Size([0])) for Parameter 63 (torch.Size([1024, 256])), Block block_0 (torch.Size([1024, 256])).
I0315 21:24:07.753013 140507822732480 shampoo_preconditioner_list.py:352] Instantiated Adagrad Preconditioner 64.block_0 (torch.Size([0])) for Parameter 64 (torch.Size([1024])), Block block_0 (torch.Size([1024])).
I0315 21:24:07.753080 140507822732480 shampoo_preconditioner_list.py:352] Instantiated Adagrad Preconditioner 65.block_0 (torch.Size([0])) for Parameter 65 (torch.Size([1024])), Block block_0 (torch.Size([1024])).
I0315 21:24:07.753131 140507822732480 shampoo_preconditioner_list.py:352] Instantiated Adagrad Preconditioner 66.block_0 (torch.Size([0])) for Parameter 66 (torch.Size([512])), Block block_0 (torch.Size([512])).
I0315 21:24:07.753182 140507822732480 shampoo_preconditioner_list.py:352] Instantiated Adagrad Preconditioner 67.block_0 (torch.Size([0])) for Parameter 67 (torch.Size([512])), Block block_0 (torch.Size([512])).
I0315 21:24:07.753234 140507822732480 shampoo_preconditioner_list.py:352] Instantiated Adagrad Preconditioner 68.block_0 (torch.Size([0])) for Parameter 68 (torch.Size([512, 512])), Block block_0 (torch.Size([512, 512])).
I0315 21:24:07.753284 140507822732480 shampoo_preconditioner_list.py:352] Instantiated Adagrad Preconditioner 69.block_0 (torch.Size([0])) for Parameter 69 (torch.Size([512])), Block block_0 (torch.Size([512])).
I0315 21:24:07.753334 140507822732480 shampoo_preconditioner_list.py:352] Instantiated Adagrad Preconditioner 70.block_0 (torch.Size([0])) for Parameter 70 (torch.Size([512])), Block block_0 (torch.Size([512])).
I0315 21:24:07.753384 140507822732480 shampoo_preconditioner_list.py:352] Instantiated Adagrad Preconditioner 71.block_0 (torch.Size([0])) for Parameter 71 (torch.Size([512])), Block block_0 (torch.Size([512])).
I0315 21:24:07.753433 140507822732480 shampoo_preconditioner_list.py:352] Instantiated Adagrad Preconditioner 72.block_0 (torch.Size([0])) for Parameter 72 (torch.Size([512, 512])), Block block_0 (torch.Size([512, 512])).
I0315 21:24:07.753483 140507822732480 shampoo_preconditioner_list.py:352] Instantiated Adagrad Preconditioner 73.block_0 (torch.Size([0])) for Parameter 73 (torch.Size([512])), Block block_0 (torch.Size([512])).
I0315 21:24:07.753532 140507822732480 shampoo_preconditioner_list.py:352] Instantiated Adagrad Preconditioner 74.block_0 (torch.Size([0])) for Parameter 74 (torch.Size([512])), Block block_0 (torch.Size([512])).
I0315 21:24:07.753583 140507822732480 shampoo_preconditioner_list.py:352] Instantiated Adagrad Preconditioner 75.block_0 (torch.Size([0])) for Parameter 75 (torch.Size([512])), Block block_0 (torch.Size([512])).
I0315 21:24:07.753689 140507822732480 shampoo_preconditioner_list.py:352] Instantiated Adagrad Preconditioner 76.block_0 (torch.Size([512, 512])) for Parameter 76 (torch.Size([512, 512])), Block block_0 (torch.Size([512, 512])).
I0315 21:24:07.753761 140507822732480 shampoo_preconditioner_list.py:352] Instantiated Adagrad Preconditioner 77.block_0 (torch.Size([0])) for Parameter 77 (torch.Size([512])), Block block_0 (torch.Size([512])).
I0315 21:24:07.753814 140507822732480 shampoo_preconditioner_list.py:352] Instantiated Adagrad Preconditioner 78.block_0 (torch.Size([0])) for Parameter 78 (torch.Size([512])), Block block_0 (torch.Size([512])).
I0315 21:24:07.753865 140507822732480 shampoo_preconditioner_list.py:352] Instantiated Adagrad Preconditioner 79.block_0 (torch.Size([0])) for Parameter 79 (torch.Size([512])), Block block_0 (torch.Size([512])).
I0315 21:24:07.753917 140507822732480 shampoo_preconditioner_list.py:352] Instantiated Adagrad Preconditioner 80.block_0 (torch.Size([0])) for Parameter 80 (torch.Size([1024, 512])), Block block_0 (torch.Size([1024, 512])).
I0315 21:24:07.753984 140507822732480 shampoo_preconditioner_list.py:352] Instantiated Adagrad Preconditioner 81.block_0 (torch.Size([0])) for Parameter 81 (torch.Size([1024])), Block block_0 (torch.Size([1024])).
I0315 21:24:07.754105 140507822732480 shampoo_preconditioner_list.py:375] Rank 5: AdaGradPreconditionerList Numel Breakdown: (0, 0, 0, 0, 0, 0, 0, 0, 524288, 0, 0, 0, 0, 0, 0, 0, 0, 0, 0, 0, 0, 524288, 0, 0, 0, 0, 0, 0, 262144, 0, 0, 0, 0, 0, 0, 0, 0, 0, 0, 0, 0, 0, 0, 0, 0, 0, 0, 0, 0, 0, 0, 0, 262144, 0, 0, 0, 0, 524288, 0, 0, 0, 0, 0, 0, 0, 0, 0, 0, 0, 0, 0, 0, 0, 0, 0, 0, 0, 0, 0, 0, 0, 0, 0, 0, 0, 262144, 0, 0, 0, 0, 0)
I0315 21:24:07.754153 140507822732480 shampoo_preconditioner_list.py:378] Rank 5: AdaGradPreconditionerList Bytes Breakdown: (0, 0, 0, 0, 0, 0, 0, 0, 2097152, 0, 0, 0, 0, 0, 0, 0, 0, 0, 0, 0, 0, 2097152, 0, 0, 0, 0, 0, 0, 1048576, 0, 0, 0, 0, 0, 0, 0, 0, 0, 0, 0, 0, 0, 0, 0, 0, 0, 0, 0, 0, 0, 0, 0, 1048576, 0, 0, 0, 0, 2097152, 0, 0, 0, 0, 0, 0, 0, 0, 0, 0, 0, 0, 0, 0, 0, 0, 0, 0, 0, 0, 0, 0, 0, 0, 0, 0, 0, 1048576, 0, 0, 0, 0, 0)
I0315 21:24:07.754190 140507822732480 shampoo_preconditioner_list.py:381] Rank 5: AdaGradPreconditionerList Total Elements: 2359296
I0315 21:24:07.754225 140507822732480 shampoo_preconditioner_list.py:384] Rank 5: AdaGradPreconditionerList Total Bytes: 9437184
I0315 21:24:07.757458 140716768429248 logger_utils.py:262] Unable to record workload.train_mean information. Continuing without it.
I0315 21:24:07.757534 140716768429248 logger_utils.py:262] Unable to record workload.train_stddev information. Continuing without it.
I0315 21:24:07.763332 140507822732480 logger_utils.py:262] Unable to record workload.train_mean information. Continuing without it.
I0315 21:24:07.763409 140507822732480 logger_utils.py:262] Unable to record workload.train_stddev information. Continuing without it.
I0315 21:24:07.994111 140560618513600 submission_runner.py:325] Saving flags to /experiment_runs/submissions/rolling_leaderboard/external_tuning/shampoo/study_0/librispeech_deepspeech_pytorch/trial_4/flags_0.json.
I0315 21:24:08.064452 140560618513600 submission_runner.py:337] Starting training loop.
/usr/local/lib/python3.11/multiprocessing/popen_fork.py:66: RuntimeWarning: os.fork() was called. os.fork() is incompatible with multithreaded code, and JAX is multithreaded, so this will likely lead to a deadlock.
  self.pid = os.fork()
/usr/local/lib/python3.11/multiprocessing/popen_fork.py:66: RuntimeWarning: os.fork() was called. os.fork() is incompatible with multithreaded code, and JAX is multithreaded, so this will likely lead to a deadlock.
  self.pid = os.fork()
/usr/local/lib/python3.11/multiprocessing/popen_fork.py:66: RuntimeWarning: os.fork() was called. os.fork() is incompatible with multithreaded code, and JAX is multithreaded, so this will likely lead to a deadlock.
  self.pid = os.fork()
/usr/local/lib/python3.11/multiprocessing/popen_fork.py:66: RuntimeWarning: os.fork() was called. os.fork() is incompatible with multithreaded code, and JAX is multithreaded, so this will likely lead to a deadlock.
  self.pid = os.fork()
/usr/local/lib/python3.11/multiprocessing/popen_fork.py:66: RuntimeWarning: os.fork() was called. os.fork() is incompatible with multithreaded code, and JAX is multithreaded, so this will likely lead to a deadlock.
  self.pid = os.fork()
/usr/local/lib/python3.11/multiprocessing/popen_fork.py:66: RuntimeWarning: os.fork() was called. os.fork() is incompatible with multithreaded code, and JAX is multithreaded, so this will likely lead to a deadlock.
  self.pid = os.fork()
/usr/local/lib/python3.11/multiprocessing/popen_fork.py:66: RuntimeWarning: os.fork() was called. os.fork() is incompatible with multithreaded code, and JAX is multithreaded, so this will likely lead to a deadlock.
  self.pid = os.fork()
/usr/local/lib/python3.11/multiprocessing/popen_fork.py:66: RuntimeWarning: os.fork() was called. os.fork() is incompatible with multithreaded code, and JAX is multithreaded, so this will likely lead to a deadlock.
  self.pid = os.fork()
/algorithmic-efficiency/algoperf/workloads/librispeech_conformer/librispeech_pytorch/preprocessor.py:488: UserWarning: Specified kernel cache directory could not be created! This disables kernel caching. Specified directory is /root/.cache/torch/kernels. This warning will appear only once per process. (Triggered internally at ../aten/src/ATen/native/cuda/jit_utils.cpp:1442.)
  spectrum = torch.abs(spectrum)
/algorithmic-efficiency/algoperf/workloads/librispeech_conformer/librispeech_pytorch/preprocessor.py:488: UserWarning: Specified kernel cache directory could not be created! This disables kernel caching. Specified directory is /root/.cache/torch/kernels. This warning will appear only once per process. (Triggered internally at ../aten/src/ATen/native/cuda/jit_utils.cpp:1442.)
  spectrum = torch.abs(spectrum)
/algorithmic-efficiency/algoperf/workloads/librispeech_conformer/librispeech_pytorch/preprocessor.py:488: UserWarning: Specified kernel cache directory could not be created! This disables kernel caching. Specified directory is /root/.cache/torch/kernels. This warning will appear only once per process. (Triggered internally at ../aten/src/ATen/native/cuda/jit_utils.cpp:1442.)
  spectrum = torch.abs(spectrum)
/algorithmic-efficiency/algoperf/workloads/librispeech_conformer/librispeech_pytorch/preprocessor.py:488: UserWarning: Specified kernel cache directory could not be created! This disables kernel caching. Specified directory is /root/.cache/torch/kernels. This warning will appear only once per process. (Triggered internally at ../aten/src/ATen/native/cuda/jit_utils.cpp:1442.)
  spectrum = torch.abs(spectrum)
/algorithmic-efficiency/algoperf/workloads/librispeech_conformer/librispeech_pytorch/preprocessor.py:488: UserWarning: Specified kernel cache directory could not be created! This disables kernel caching. Specified directory is /root/.cache/torch/kernels. This warning will appear only once per process. (Triggered internally at ../aten/src/ATen/native/cuda/jit_utils.cpp:1442.)
  spectrum = torch.abs(spectrum)
/algorithmic-efficiency/algoperf/workloads/librispeech_conformer/librispeech_pytorch/preprocessor.py:488: UserWarning: Specified kernel cache directory could not be created! This disables kernel caching. Specified directory is /root/.cache/torch/kernels. This warning will appear only once per process. (Triggered internally at ../aten/src/ATen/native/cuda/jit_utils.cpp:1442.)
  spectrum = torch.abs(spectrum)
/algorithmic-efficiency/algoperf/workloads/librispeech_conformer/librispeech_pytorch/preprocessor.py:488: UserWarning: Specified kernel cache directory could not be created! This disables kernel caching. Specified directory is /root/.cache/torch/kernels. This warning will appear only once per process. (Triggered internally at ../aten/src/ATen/native/cuda/jit_utils.cpp:1442.)
  spectrum = torch.abs(spectrum)
I0315 21:25:36.305346 140541194925824 logging_writer.py:48] [0] global_step=0, grad_norm=26.2529, loss=33.9583
I0315 21:25:36.330822 140560618513600 submission.py:265] 0) loss = 33.958, grad_norm = 26.253
I0315 21:25:36.843688 140560618513600 spec.py:321] Evaluating on the training split.
I0315 21:25:36.844719 140560618513600 input_pipeline.py:20] Loading split = train-clean-100
I0315 21:25:36.872264 140560618513600 input_pipeline.py:20] Loading split = train-clean-360
I0315 21:25:36.966905 140560618513600 input_pipeline.py:20] Loading split = train-other-500
/usr/local/lib/python3.11/multiprocessing/popen_fork.py:66: RuntimeWarning: os.fork() was called. os.fork() is incompatible with multithreaded code, and JAX is multithreaded, so this will likely lead to a deadlock.
  self.pid = os.fork()
/usr/local/lib/python3.11/multiprocessing/popen_fork.py:66: RuntimeWarning: os.fork() was called. os.fork() is incompatible with multithreaded code, and JAX is multithreaded, so this will likely lead to a deadlock.
  self.pid = os.fork()
/usr/local/lib/python3.11/multiprocessing/popen_fork.py:66: RuntimeWarning: os.fork() was called. os.fork() is incompatible with multithreaded code, and JAX is multithreaded, so this will likely lead to a deadlock.
  self.pid = os.fork()
/usr/local/lib/python3.11/multiprocessing/popen_fork.py:66: RuntimeWarning: os.fork() was called. os.fork() is incompatible with multithreaded code, and JAX is multithreaded, so this will likely lead to a deadlock.
  self.pid = os.fork()
/usr/local/lib/python3.11/multiprocessing/popen_fork.py:66: RuntimeWarning: os.fork() was called. os.fork() is incompatible with multithreaded code, and JAX is multithreaded, so this will likely lead to a deadlock.
  self.pid = os.fork()
/usr/local/lib/python3.11/multiprocessing/popen_fork.py:66: RuntimeWarning: os.fork() was called. os.fork() is incompatible with multithreaded code, and JAX is multithreaded, so this will likely lead to a deadlock.
  self.pid = os.fork()
/usr/local/lib/python3.11/multiprocessing/popen_fork.py:66: RuntimeWarning: os.fork() was called. os.fork() is incompatible with multithreaded code, and JAX is multithreaded, so this will likely lead to a deadlock.
  self.pid = os.fork()
/usr/local/lib/python3.11/multiprocessing/popen_fork.py:66: RuntimeWarning: os.fork() was called. os.fork() is incompatible with multithreaded code, and JAX is multithreaded, so this will likely lead to a deadlock.
  self.pid = os.fork()
I0315 21:26:13.287129 140560618513600 spec.py:333] Evaluating on the validation split.
I0315 21:26:13.288432 140560618513600 input_pipeline.py:20] Loading split = dev-clean
I0315 21:26:13.365028 140560618513600 input_pipeline.py:20] Loading split = dev-other
/usr/local/lib/python3.11/multiprocessing/popen_fork.py:66: RuntimeWarning: os.fork() was called. os.fork() is incompatible with multithreaded code, and JAX is multithreaded, so this will likely lead to a deadlock.
  self.pid = os.fork()
/usr/local/lib/python3.11/multiprocessing/popen_fork.py:66: RuntimeWarning: os.fork() was called. os.fork() is incompatible with multithreaded code, and JAX is multithreaded, so this will likely lead to a deadlock.
  self.pid = os.fork()
/usr/local/lib/python3.11/multiprocessing/popen_fork.py:66: RuntimeWarning: os.fork() was called. os.fork() is incompatible with multithreaded code, and JAX is multithreaded, so this will likely lead to a deadlock.
  self.pid = os.fork()
/usr/local/lib/python3.11/multiprocessing/popen_fork.py:66: RuntimeWarning: os.fork() was called. os.fork() is incompatible with multithreaded code, and JAX is multithreaded, so this will likely lead to a deadlock.
  self.pid = os.fork()
/usr/local/lib/python3.11/multiprocessing/popen_fork.py:66: RuntimeWarning: os.fork() was called. os.fork() is incompatible with multithreaded code, and JAX is multithreaded, so this will likely lead to a deadlock.
  self.pid = os.fork()
/usr/local/lib/python3.11/multiprocessing/popen_fork.py:66: RuntimeWarning: os.fork() was called. os.fork() is incompatible with multithreaded code, and JAX is multithreaded, so this will likely lead to a deadlock.
  self.pid = os.fork()
/usr/local/lib/python3.11/multiprocessing/popen_fork.py:66: RuntimeWarning: os.fork() was called. os.fork() is incompatible with multithreaded code, and JAX is multithreaded, so this will likely lead to a deadlock.
  self.pid = os.fork()
/usr/local/lib/python3.11/multiprocessing/popen_fork.py:66: RuntimeWarning: os.fork() was called. os.fork() is incompatible with multithreaded code, and JAX is multithreaded, so this will likely lead to a deadlock.
  self.pid = os.fork()
I0315 21:26:35.683357 140560618513600 spec.py:349] Evaluating on the test split.
I0315 21:26:35.684856 140560618513600 input_pipeline.py:20] Loading split = test-clean
I0315 21:26:47.911305 140560618513600 submission_runner.py:469] Time since start: 159.85s, 	Step: 1, 	{'train/ctc_loss': 31.974911358689912, 'train/wer': 1.9575485865000792, 'validation/ctc_loss': 30.751873519466475, 'validation/wer': 1.9069473277651716, 'validation/num_examples': 5348, 'test/ctc_loss': 30.842374914984536, 'test/wer': 2.020717811224179, 'test/num_examples': 2472, 'score': 88.26781463623047, 'total_duration': 159.84676694869995, 'accumulated_submission_time': 88.26781463623047, 'accumulated_eval_time': 71.06732249259949, 'accumulated_logging_time': 0}
I0315 21:26:47.928394 140540968421120 logging_writer.py:48] [1] accumulated_eval_time=71.0673, accumulated_logging_time=0, accumulated_submission_time=88.2678, global_step=1, preemption_count=0, score=88.2678, test/ctc_loss=30.8424, test/num_examples=2472, test/wer=2.02072, total_duration=159.847, train/ctc_loss=31.9749, train/wer=1.95755, validation/ctc_loss=30.7519, validation/num_examples=5348, validation/wer=1.90695
I0315 21:26:49.549568 140540960028416 logging_writer.py:48] [1] global_step=1, grad_norm=25.1261, loss=32.8367
I0315 21:26:49.553864 140560618513600 submission.py:265] 1) loss = 32.837, grad_norm = 25.126
I0315 21:26:50.420218 140540968421120 logging_writer.py:48] [2] global_step=2, grad_norm=32.103, loss=33.5324
I0315 21:26:50.423981 140560618513600 submission.py:265] 2) loss = 33.532, grad_norm = 32.103
I0315 21:26:51.287836 140540960028416 logging_writer.py:48] [3] global_step=3, grad_norm=39.2908, loss=32.9696
I0315 21:26:51.291766 140560618513600 submission.py:265] 3) loss = 32.970, grad_norm = 39.291
I0315 21:26:52.157315 140540968421120 logging_writer.py:48] [4] global_step=4, grad_norm=53.4754, loss=32.2229
I0315 21:26:52.161028 140560618513600 submission.py:265] 4) loss = 32.223, grad_norm = 53.475
I0315 21:26:53.018848 140540960028416 logging_writer.py:48] [5] global_step=5, grad_norm=53.6958, loss=32.0193
I0315 21:26:53.022481 140560618513600 submission.py:265] 5) loss = 32.019, grad_norm = 53.696
I0315 21:26:53.890744 140540968421120 logging_writer.py:48] [6] global_step=6, grad_norm=56.0716, loss=30.4944
I0315 21:26:53.894298 140560618513600 submission.py:265] 6) loss = 30.494, grad_norm = 56.072
I0315 21:26:54.760913 140540960028416 logging_writer.py:48] [7] global_step=7, grad_norm=55.1179, loss=30.0135
I0315 21:26:54.764091 140560618513600 submission.py:265] 7) loss = 30.014, grad_norm = 55.118
I0315 21:26:55.632721 140540968421120 logging_writer.py:48] [8] global_step=8, grad_norm=47.598, loss=29.9142
I0315 21:26:55.636843 140560618513600 submission.py:265] 8) loss = 29.914, grad_norm = 47.598
I0315 21:26:56.494198 140540960028416 logging_writer.py:48] [9] global_step=9, grad_norm=43.2336, loss=29.9594
I0315 21:26:56.498553 140560618513600 submission.py:265] 9) loss = 29.959, grad_norm = 43.234
I0315 21:26:57.364466 140540968421120 logging_writer.py:48] [10] global_step=10, grad_norm=41.4963, loss=28.6315
I0315 21:26:57.367776 140560618513600 submission.py:265] 10) loss = 28.631, grad_norm = 41.496
I0315 21:26:58.234930 140540960028416 logging_writer.py:48] [11] global_step=11, grad_norm=36.3734, loss=27.9009
I0315 21:26:58.238618 140560618513600 submission.py:265] 11) loss = 27.901, grad_norm = 36.373
I0315 21:26:59.104317 140540968421120 logging_writer.py:48] [12] global_step=12, grad_norm=33.1807, loss=27.5439
I0315 21:26:59.108224 140560618513600 submission.py:265] 12) loss = 27.544, grad_norm = 33.181
I0315 21:26:59.970015 140540960028416 logging_writer.py:48] [13] global_step=13, grad_norm=32.408, loss=26.614
I0315 21:26:59.973860 140560618513600 submission.py:265] 13) loss = 26.614, grad_norm = 32.408
I0315 21:27:00.845783 140540968421120 logging_writer.py:48] [14] global_step=14, grad_norm=32.2774, loss=26.2392
I0315 21:27:00.849714 140560618513600 submission.py:265] 14) loss = 26.239, grad_norm = 32.277
I0315 21:27:01.711469 140540960028416 logging_writer.py:48] [15] global_step=15, grad_norm=32.0063, loss=25.9826
I0315 21:27:01.715390 140560618513600 submission.py:265] 15) loss = 25.983, grad_norm = 32.006
I0315 21:27:02.581087 140540968421120 logging_writer.py:48] [16] global_step=16, grad_norm=30.6129, loss=24.3271
I0315 21:27:02.585016 140560618513600 submission.py:265] 16) loss = 24.327, grad_norm = 30.613
I0315 21:27:03.444875 140540960028416 logging_writer.py:48] [17] global_step=17, grad_norm=31.133, loss=24.8684
I0315 21:27:03.448627 140560618513600 submission.py:265] 17) loss = 24.868, grad_norm = 31.133
I0315 21:27:05.069953 140540968421120 logging_writer.py:48] [18] global_step=18, grad_norm=31.0787, loss=23.7492
I0315 21:27:05.073743 140560618513600 submission.py:265] 18) loss = 23.749, grad_norm = 31.079
I0315 21:27:05.935912 140540960028416 logging_writer.py:48] [19] global_step=19, grad_norm=33.5915, loss=23.7987
I0315 21:27:05.939988 140560618513600 submission.py:265] 19) loss = 23.799, grad_norm = 33.592
I0315 21:27:07.198598 140540968421120 logging_writer.py:48] [20] global_step=20, grad_norm=30.6489, loss=21.8927
I0315 21:27:07.202468 140560618513600 submission.py:265] 20) loss = 21.893, grad_norm = 30.649
I0315 21:27:08.065817 140540960028416 logging_writer.py:48] [21] global_step=21, grad_norm=30.1328, loss=21.8361
I0315 21:27:08.069654 140560618513600 submission.py:265] 21) loss = 21.836, grad_norm = 30.133
I0315 21:27:10.350084 140540968421120 logging_writer.py:48] [22] global_step=22, grad_norm=28.8382, loss=20.8117
I0315 21:27:10.354078 140560618513600 submission.py:265] 22) loss = 20.812, grad_norm = 28.838
I0315 21:27:11.218052 140540960028416 logging_writer.py:48] [23] global_step=23, grad_norm=28.9264, loss=20.7379
I0315 21:27:11.221889 140560618513600 submission.py:265] 23) loss = 20.738, grad_norm = 28.926
I0315 21:27:12.142174 140540968421120 logging_writer.py:48] [24] global_step=24, grad_norm=24.3574, loss=19.8012
I0315 21:27:12.145850 140560618513600 submission.py:265] 24) loss = 19.801, grad_norm = 24.357
I0315 21:27:13.003836 140540960028416 logging_writer.py:48] [25] global_step=25, grad_norm=22.0349, loss=18.8974
I0315 21:27:13.007812 140560618513600 submission.py:265] 25) loss = 18.897, grad_norm = 22.035
I0315 21:27:15.196910 140540968421120 logging_writer.py:48] [26] global_step=26, grad_norm=20.662, loss=18.6052
I0315 21:27:15.200700 140560618513600 submission.py:265] 26) loss = 18.605, grad_norm = 20.662
I0315 21:27:16.059972 140540960028416 logging_writer.py:48] [27] global_step=27, grad_norm=18.303, loss=17.7161
I0315 21:27:16.063972 140560618513600 submission.py:265] 27) loss = 17.716, grad_norm = 18.303
I0315 21:27:17.400562 140540968421120 logging_writer.py:48] [28] global_step=28, grad_norm=16.8419, loss=17.3662
I0315 21:27:17.404296 140560618513600 submission.py:265] 28) loss = 17.366, grad_norm = 16.842
I0315 21:27:18.273957 140540960028416 logging_writer.py:48] [29] global_step=29, grad_norm=16.7037, loss=16.804
I0315 21:27:18.277744 140560618513600 submission.py:265] 29) loss = 16.804, grad_norm = 16.704
I0315 21:27:20.114935 140540968421120 logging_writer.py:48] [30] global_step=30, grad_norm=15.8205, loss=16.5454
I0315 21:27:20.118611 140560618513600 submission.py:265] 30) loss = 16.545, grad_norm = 15.820
I0315 21:27:20.985826 140540960028416 logging_writer.py:48] [31] global_step=31, grad_norm=15.0342, loss=16.2873
I0315 21:27:20.990128 140560618513600 submission.py:265] 31) loss = 16.287, grad_norm = 15.034
I0315 21:27:22.180641 140540968421120 logging_writer.py:48] [32] global_step=32, grad_norm=14.743, loss=15.929
I0315 21:27:22.184776 140560618513600 submission.py:265] 32) loss = 15.929, grad_norm = 14.743
I0315 21:27:23.152193 140540960028416 logging_writer.py:48] [33] global_step=33, grad_norm=13.8237, loss=15.3503
I0315 21:27:23.155820 140560618513600 submission.py:265] 33) loss = 15.350, grad_norm = 13.824
I0315 21:27:25.408512 140540968421120 logging_writer.py:48] [34] global_step=34, grad_norm=12.7205, loss=15.1029
I0315 21:27:25.412242 140560618513600 submission.py:265] 34) loss = 15.103, grad_norm = 12.720
I0315 21:27:26.278600 140540960028416 logging_writer.py:48] [35] global_step=35, grad_norm=13.607, loss=14.5758
I0315 21:27:26.282203 140560618513600 submission.py:265] 35) loss = 14.576, grad_norm = 13.607
I0315 21:27:27.146070 140540968421120 logging_writer.py:48] [36] global_step=36, grad_norm=11.8372, loss=14.482
I0315 21:27:27.149845 140560618513600 submission.py:265] 36) loss = 14.482, grad_norm = 11.837
I0315 21:27:28.008654 140540960028416 logging_writer.py:48] [37] global_step=37, grad_norm=10.7438, loss=13.8316
I0315 21:27:28.012375 140560618513600 submission.py:265] 37) loss = 13.832, grad_norm = 10.744
I0315 21:27:30.230343 140540968421120 logging_writer.py:48] [38] global_step=38, grad_norm=10.8686, loss=13.4377
I0315 21:27:30.234408 140560618513600 submission.py:265] 38) loss = 13.438, grad_norm = 10.869
I0315 21:27:31.097386 140540960028416 logging_writer.py:48] [39] global_step=39, grad_norm=9.15632, loss=13.1095
I0315 21:27:31.101212 140560618513600 submission.py:265] 39) loss = 13.110, grad_norm = 9.156
I0315 21:27:32.173233 140540968421120 logging_writer.py:48] [40] global_step=40, grad_norm=9.71107, loss=13.1001
I0315 21:27:32.176927 140560618513600 submission.py:265] 40) loss = 13.100, grad_norm = 9.711
I0315 21:27:33.039661 140540960028416 logging_writer.py:48] [41] global_step=41, grad_norm=9.12042, loss=12.7698
I0315 21:27:33.043387 140560618513600 submission.py:265] 41) loss = 12.770, grad_norm = 9.120
I0315 21:27:34.843194 140540968421120 logging_writer.py:48] [42] global_step=42, grad_norm=9.16288, loss=12.5907
I0315 21:27:34.847295 140560618513600 submission.py:265] 42) loss = 12.591, grad_norm = 9.163
I0315 21:27:35.715740 140540960028416 logging_writer.py:48] [43] global_step=43, grad_norm=7.92437, loss=12.1232
I0315 21:27:35.719504 140560618513600 submission.py:265] 43) loss = 12.123, grad_norm = 7.924
I0315 21:27:37.154405 140540968421120 logging_writer.py:48] [44] global_step=44, grad_norm=9.07609, loss=12.5602
I0315 21:27:37.158007 140560618513600 submission.py:265] 44) loss = 12.560, grad_norm = 9.076
I0315 21:27:38.019328 140540960028416 logging_writer.py:48] [45] global_step=45, grad_norm=7.66422, loss=11.5879
I0315 21:27:38.023204 140560618513600 submission.py:265] 45) loss = 11.588, grad_norm = 7.664
I0315 21:27:39.544970 140540968421120 logging_writer.py:48] [46] global_step=46, grad_norm=8.79389, loss=11.631
I0315 21:27:39.548626 140560618513600 submission.py:265] 46) loss = 11.631, grad_norm = 8.794
I0315 21:27:40.408740 140540960028416 logging_writer.py:48] [47] global_step=47, grad_norm=8.73567, loss=11.4836
I0315 21:27:40.412488 140560618513600 submission.py:265] 47) loss = 11.484, grad_norm = 8.736
I0315 21:27:42.076857 140540968421120 logging_writer.py:48] [48] global_step=48, grad_norm=9.36788, loss=11.2173
I0315 21:27:42.080719 140560618513600 submission.py:265] 48) loss = 11.217, grad_norm = 9.368
I0315 21:27:43.001658 140540960028416 logging_writer.py:48] [49] global_step=49, grad_norm=8.99272, loss=11.0032
I0315 21:27:43.005622 140560618513600 submission.py:265] 49) loss = 11.003, grad_norm = 8.993
I0315 21:27:44.507471 140540968421120 logging_writer.py:48] [50] global_step=50, grad_norm=9.36886, loss=10.8633
I0315 21:27:44.511325 140560618513600 submission.py:265] 50) loss = 10.863, grad_norm = 9.369
I0315 21:27:45.392159 140540960028416 logging_writer.py:48] [51] global_step=51, grad_norm=9.79475, loss=10.6664
I0315 21:27:45.395992 140560618513600 submission.py:265] 51) loss = 10.666, grad_norm = 9.795
I0315 21:27:47.032240 140540968421120 logging_writer.py:48] [52] global_step=52, grad_norm=8.77086, loss=10.3348
I0315 21:27:47.035953 140560618513600 submission.py:265] 52) loss = 10.335, grad_norm = 8.771
I0315 21:27:47.928871 140540960028416 logging_writer.py:48] [53] global_step=53, grad_norm=8.38498, loss=10.4258
I0315 21:27:47.932478 140560618513600 submission.py:265] 53) loss = 10.426, grad_norm = 8.385
I0315 21:27:49.710151 140540968421120 logging_writer.py:48] [54] global_step=54, grad_norm=8.47487, loss=10.2251
I0315 21:27:49.714140 140560618513600 submission.py:265] 54) loss = 10.225, grad_norm = 8.475
I0315 21:27:50.575357 140540960028416 logging_writer.py:48] [55] global_step=55, grad_norm=7.84339, loss=9.87203
I0315 21:27:50.579137 140560618513600 submission.py:265] 55) loss = 9.872, grad_norm = 7.843
I0315 21:27:52.222341 140540968421120 logging_writer.py:48] [56] global_step=56, grad_norm=7.43836, loss=9.94212
I0315 21:27:52.226287 140560618513600 submission.py:265] 56) loss = 9.942, grad_norm = 7.438
I0315 21:27:53.091885 140540960028416 logging_writer.py:48] [57] global_step=57, grad_norm=6.17435, loss=9.49551
I0315 21:27:53.096111 140560618513600 submission.py:265] 57) loss = 9.496, grad_norm = 6.174
I0315 21:27:54.123142 140540968421120 logging_writer.py:48] [58] global_step=58, grad_norm=5.8376, loss=9.51553
I0315 21:27:54.127096 140560618513600 submission.py:265] 58) loss = 9.516, grad_norm = 5.838
I0315 21:27:55.138246 140540960028416 logging_writer.py:48] [59] global_step=59, grad_norm=5.53752, loss=9.47449
I0315 21:27:55.141942 140560618513600 submission.py:265] 59) loss = 9.474, grad_norm = 5.538
I0315 21:27:57.159214 140540968421120 logging_writer.py:48] [60] global_step=60, grad_norm=4.6797, loss=9.28913
I0315 21:27:57.162827 140560618513600 submission.py:265] 60) loss = 9.289, grad_norm = 4.680
I0315 21:27:58.026421 140540960028416 logging_writer.py:48] [61] global_step=61, grad_norm=4.40367, loss=9.05548
I0315 21:27:58.029804 140560618513600 submission.py:265] 61) loss = 9.055, grad_norm = 4.404
I0315 21:27:58.897657 140540968421120 logging_writer.py:48] [62] global_step=62, grad_norm=4.38995, loss=9.31542
I0315 21:27:58.901070 140560618513600 submission.py:265] 62) loss = 9.315, grad_norm = 4.390
I0315 21:28:00.166110 140540960028416 logging_writer.py:48] [63] global_step=63, grad_norm=3.63871, loss=8.80421
I0315 21:28:00.169529 140560618513600 submission.py:265] 63) loss = 8.804, grad_norm = 3.639
I0315 21:28:02.295136 140540968421120 logging_writer.py:48] [64] global_step=64, grad_norm=4.38509, loss=8.90329
I0315 21:28:02.298609 140560618513600 submission.py:265] 64) loss = 8.903, grad_norm = 4.385
I0315 21:28:03.157160 140540960028416 logging_writer.py:48] [65] global_step=65, grad_norm=3.38109, loss=8.71679
I0315 21:28:03.160595 140560618513600 submission.py:265] 65) loss = 8.717, grad_norm = 3.381
I0315 21:28:04.026853 140540968421120 logging_writer.py:48] [66] global_step=66, grad_norm=3.74152, loss=8.5531
I0315 21:28:04.030284 140560618513600 submission.py:265] 66) loss = 8.553, grad_norm = 3.742
I0315 21:28:04.938050 140540960028416 logging_writer.py:48] [67] global_step=67, grad_norm=4.12353, loss=8.60831
I0315 21:28:04.941776 140560618513600 submission.py:265] 67) loss = 8.608, grad_norm = 4.124
I0315 21:28:06.937230 140540968421120 logging_writer.py:48] [68] global_step=68, grad_norm=4.78655, loss=8.65765
I0315 21:28:06.940712 140560618513600 submission.py:265] 68) loss = 8.658, grad_norm = 4.787
I0315 21:28:07.804345 140540960028416 logging_writer.py:48] [69] global_step=69, grad_norm=4.64028, loss=8.60018
I0315 21:28:07.808224 140560618513600 submission.py:265] 69) loss = 8.600, grad_norm = 4.640
I0315 21:28:08.809868 140540968421120 logging_writer.py:48] [70] global_step=70, grad_norm=4.70226, loss=8.31836
I0315 21:28:08.813391 140560618513600 submission.py:265] 70) loss = 8.318, grad_norm = 4.702
I0315 21:28:10.026869 140540960028416 logging_writer.py:48] [71] global_step=71, grad_norm=4.05785, loss=8.4764
I0315 21:28:10.030427 140560618513600 submission.py:265] 71) loss = 8.476, grad_norm = 4.058
I0315 21:28:11.767039 140540968421120 logging_writer.py:48] [72] global_step=72, grad_norm=4.63472, loss=8.43597
I0315 21:28:11.770657 140560618513600 submission.py:265] 72) loss = 8.436, grad_norm = 4.635
I0315 21:28:12.634260 140540960028416 logging_writer.py:48] [73] global_step=73, grad_norm=5.76251, loss=8.11469
I0315 21:28:12.637933 140560618513600 submission.py:265] 73) loss = 8.115, grad_norm = 5.763
I0315 21:28:13.494881 140540968421120 logging_writer.py:48] [74] global_step=74, grad_norm=4.67111, loss=8.32176
I0315 21:28:13.498414 140560618513600 submission.py:265] 74) loss = 8.322, grad_norm = 4.671
I0315 21:28:14.866841 140540960028416 logging_writer.py:48] [75] global_step=75, grad_norm=3.72591, loss=8.21734
I0315 21:28:14.870231 140560618513600 submission.py:265] 75) loss = 8.217, grad_norm = 3.726
I0315 21:28:16.645325 140540968421120 logging_writer.py:48] [76] global_step=76, grad_norm=3.93999, loss=8.00608
I0315 21:28:16.649229 140560618513600 submission.py:265] 76) loss = 8.006, grad_norm = 3.940
I0315 21:28:17.514059 140540960028416 logging_writer.py:48] [77] global_step=77, grad_norm=4.50699, loss=7.9862
I0315 21:28:17.517961 140560618513600 submission.py:265] 77) loss = 7.986, grad_norm = 4.507
I0315 21:28:18.383326 140540968421120 logging_writer.py:48] [78] global_step=78, grad_norm=3.90582, loss=7.99137
I0315 21:28:18.386864 140560618513600 submission.py:265] 78) loss = 7.991, grad_norm = 3.906
I0315 21:28:20.179752 140540960028416 logging_writer.py:48] [79] global_step=79, grad_norm=3.59299, loss=7.94831
I0315 21:28:20.183196 140560618513600 submission.py:265] 79) loss = 7.948, grad_norm = 3.593
I0315 21:28:21.473351 140540968421120 logging_writer.py:48] [80] global_step=80, grad_norm=3.62153, loss=8.00359
I0315 21:28:21.476944 140560618513600 submission.py:265] 80) loss = 8.004, grad_norm = 3.622
I0315 21:28:22.341147 140540960028416 logging_writer.py:48] [81] global_step=81, grad_norm=3.97983, loss=7.82145
I0315 21:28:22.344886 140560618513600 submission.py:265] 81) loss = 7.821, grad_norm = 3.980
I0315 21:28:23.519168 140540968421120 logging_writer.py:48] [82] global_step=82, grad_norm=3.33759, loss=7.95171
I0315 21:28:23.523236 140560618513600 submission.py:265] 82) loss = 7.952, grad_norm = 3.338
I0315 21:28:24.667534 140540960028416 logging_writer.py:48] [83] global_step=83, grad_norm=3.57885, loss=7.64992
I0315 21:28:24.670908 140560618513600 submission.py:265] 83) loss = 7.650, grad_norm = 3.579
I0315 21:28:26.009328 140540968421120 logging_writer.py:48] [84] global_step=84, grad_norm=3.58265, loss=7.73281
I0315 21:28:26.013135 140560618513600 submission.py:265] 84) loss = 7.733, grad_norm = 3.583
I0315 21:28:26.875128 140540960028416 logging_writer.py:48] [85] global_step=85, grad_norm=3.10906, loss=7.68666
I0315 21:28:26.878973 140560618513600 submission.py:265] 85) loss = 7.687, grad_norm = 3.109
I0315 21:28:28.371495 140540968421120 logging_writer.py:48] [86] global_step=86, grad_norm=4.08302, loss=7.56401
I0315 21:28:28.374881 140560618513600 submission.py:265] 86) loss = 7.564, grad_norm = 4.083
I0315 21:28:29.577688 140540960028416 logging_writer.py:48] [87] global_step=87, grad_norm=5.4867, loss=7.55179
I0315 21:28:29.581678 140560618513600 submission.py:265] 87) loss = 7.552, grad_norm = 5.487
I0315 21:28:31.211333 140540968421120 logging_writer.py:48] [88] global_step=88, grad_norm=3.62925, loss=7.41251
I0315 21:28:31.214895 140560618513600 submission.py:265] 88) loss = 7.413, grad_norm = 3.629
I0315 21:28:32.072349 140540960028416 logging_writer.py:48] [89] global_step=89, grad_norm=2.4324, loss=7.38683
I0315 21:28:32.076379 140560618513600 submission.py:265] 89) loss = 7.387, grad_norm = 2.432
I0315 21:28:33.147493 140540968421120 logging_writer.py:48] [90] global_step=90, grad_norm=2.68501, loss=7.46253
I0315 21:28:33.151000 140560618513600 submission.py:265] 90) loss = 7.463, grad_norm = 2.685
I0315 21:28:34.845664 140540960028416 logging_writer.py:48] [91] global_step=91, grad_norm=2.76844, loss=7.37049
I0315 21:28:34.849739 140560618513600 submission.py:265] 91) loss = 7.370, grad_norm = 2.768
I0315 21:28:36.021390 140540968421120 logging_writer.py:48] [92] global_step=92, grad_norm=3.01326, loss=7.33955
I0315 21:28:36.025487 140560618513600 submission.py:265] 92) loss = 7.340, grad_norm = 3.013
I0315 21:28:36.888351 140540960028416 logging_writer.py:48] [93] global_step=93, grad_norm=2.68033, loss=7.14878
I0315 21:28:36.891675 140560618513600 submission.py:265] 93) loss = 7.149, grad_norm = 2.680
I0315 21:28:37.757246 140540968421120 logging_writer.py:48] [94] global_step=94, grad_norm=4.18745, loss=7.21885
I0315 21:28:37.760687 140560618513600 submission.py:265] 94) loss = 7.219, grad_norm = 4.187
I0315 21:28:39.624509 140540960028416 logging_writer.py:48] [95] global_step=95, grad_norm=4.20522, loss=7.04229
I0315 21:28:39.627810 140560618513600 submission.py:265] 95) loss = 7.042, grad_norm = 4.205
I0315 21:28:40.650191 140540968421120 logging_writer.py:48] [96] global_step=96, grad_norm=4.98603, loss=7.06772
I0315 21:28:40.654253 140560618513600 submission.py:265] 96) loss = 7.068, grad_norm = 4.986
I0315 21:28:42.052392 140540960028416 logging_writer.py:48] [97] global_step=97, grad_norm=4.59101, loss=6.94133
I0315 21:28:42.055887 140560618513600 submission.py:265] 97) loss = 6.941, grad_norm = 4.591
I0315 21:28:42.923099 140540968421120 logging_writer.py:48] [98] global_step=98, grad_norm=4.18771, loss=6.92816
I0315 21:28:42.926826 140560618513600 submission.py:265] 98) loss = 6.928, grad_norm = 4.188
I0315 21:28:45.222602 140540960028416 logging_writer.py:48] [99] global_step=99, grad_norm=2.59449, loss=6.84535
I0315 21:28:45.226231 140560618513600 submission.py:265] 99) loss = 6.845, grad_norm = 2.594
I0315 21:28:46.090888 140540968421120 logging_writer.py:48] [100] global_step=100, grad_norm=2.86247, loss=6.85794
I0315 21:28:46.094502 140560618513600 submission.py:265] 100) loss = 6.858, grad_norm = 2.862
I0315 21:36:59.230433 140540960028416 logging_writer.py:48] [500] global_step=500, grad_norm=0.538359, loss=5.57812
I0315 21:36:59.317509 140560618513600 submission.py:265] 500) loss = 5.578, grad_norm = 0.538
