I0315 21:22:21.897137 140318267360448 shampoo_preconditioner_list.py:352] Instantiated Adagrad Preconditioner 43.block_0 (torch.Size([0])) for Parameter 43 (torch.Size([1024, 256])), Block block_0 (torch.Size([1024, 256])).
I0315 21:22:21.897188 140318267360448 shampoo_preconditioner_list.py:352] Instantiated Adagrad Preconditioner 44.block_0 (torch.Size([0])) for Parameter 44 (torch.Size([1024])), Block block_0 (torch.Size([1024])).
I0315 21:22:21.897199 140584887030976 shampoo_preconditioner_list.py:352] Instantiated Adagrad Preconditioner 45.block_0 (torch.Size([0])) for Parameter 45 (torch.Size([1024])), Block block_0 (torch.Size([1024])).
I0315 21:22:21.897251 140584887030976 shampoo_preconditioner_list.py:352] Instantiated Adagrad Preconditioner 46.block_0 (torch.Size([0])) for Parameter 46 (torch.Size([512])), Block block_0 (torch.Size([512])).
I0315 21:22:21.897274 140318267360448 shampoo_preconditioner_list.py:352] Instantiated Adagrad Preconditioner 45.block_0 (torch.Size([1024])) for Parameter 45 (torch.Size([1024])), Block block_0 (torch.Size([1024])).
I0315 21:22:21.897332 140584887030976 shampoo_preconditioner_list.py:352] Instantiated Adagrad Preconditioner 47.block_0 (torch.Size([512])) for Parameter 47 (torch.Size([512])), Block block_0 (torch.Size([512])).
I0315 21:22:21.897361 140318267360448 shampoo_preconditioner_list.py:352] Instantiated Adagrad Preconditioner 46.block_0 (torch.Size([512])) for Parameter 46 (torch.Size([512])), Block block_0 (torch.Size([512])).
I0315 21:22:21.897400 140584887030976 shampoo_preconditioner_list.py:352] Instantiated Adagrad Preconditioner 48.block_0 (torch.Size([0])) for Parameter 48 (torch.Size([1024, 512])), Block block_0 (torch.Size([1024, 512])).
I0315 21:22:21.897429 140318267360448 shampoo_preconditioner_list.py:352] Instantiated Adagrad Preconditioner 47.block_0 (torch.Size([0])) for Parameter 47 (torch.Size([512])), Block block_0 (torch.Size([512])).
I0315 21:22:21.897459 140584887030976 shampoo_preconditioner_list.py:352] Instantiated Adagrad Preconditioner 49.block_0 (torch.Size([0])) for Parameter 49 (torch.Size([1024, 256])), Block block_0 (torch.Size([1024, 256])).
I0315 21:22:21.897505 140318267360448 shampoo_preconditioner_list.py:352] Instantiated Adagrad Preconditioner 48.block_0 (torch.Size([0])) for Parameter 48 (torch.Size([1024, 512])), Block block_0 (torch.Size([1024, 512])).
I0315 21:22:21.897580 140584887030976 shampoo_preconditioner_list.py:352] Instantiated Adagrad Preconditioner 50.block_0 (torch.Size([1024])) for Parameter 50 (torch.Size([1024])), Block block_0 (torch.Size([1024])).
I0315 21:22:21.897655 140584887030976 shampoo_preconditioner_list.py:352] Instantiated Adagrad Preconditioner 51.block_0 (torch.Size([0])) for Parameter 51 (torch.Size([1024])), Block block_0 (torch.Size([1024])).
I0315 21:22:21.897715 140584887030976 shampoo_preconditioner_list.py:352] Instantiated Adagrad Preconditioner 52.block_0 (torch.Size([0])) for Parameter 52 (torch.Size([1024, 512])), Block block_0 (torch.Size([1024, 512])).
I0315 21:22:21.897989 140318267360448 shampoo_preconditioner_list.py:352] Instantiated Adagrad Preconditioner 49.block_0 (torch.Size([1024, 256])) for Parameter 49 (torch.Size([1024, 256])), Block block_0 (torch.Size([1024, 256])).
I0315 21:22:21.898110 140318267360448 shampoo_preconditioner_list.py:352] Instantiated Adagrad Preconditioner 50.block_0 (torch.Size([0])) for Parameter 50 (torch.Size([1024])), Block block_0 (torch.Size([1024])).
I0315 21:22:21.898213 140318267360448 shampoo_preconditioner_list.py:352] Instantiated Adagrad Preconditioner 51.block_0 (torch.Size([1024])) for Parameter 51 (torch.Size([1024])), Block block_0 (torch.Size([1024])).
I0315 21:22:21.898200 140584887030976 shampoo_preconditioner_list.py:352] Instantiated Adagrad Preconditioner 53.block_0 (torch.Size([1024, 256])) for Parameter 53 (torch.Size([1024, 256])), Block block_0 (torch.Size([1024, 256])).
I0315 21:22:21.898307 140318267360448 shampoo_preconditioner_list.py:352] Instantiated Adagrad Preconditioner 52.block_0 (torch.Size([1024, 512])) for Parameter 52 (torch.Size([1024, 512])), Block block_0 (torch.Size([1024, 512])).
I0315 21:22:21.898316 140584887030976 shampoo_preconditioner_list.py:352] Instantiated Adagrad Preconditioner 54.block_0 (torch.Size([1024])) for Parameter 54 (torch.Size([1024])), Block block_0 (torch.Size([1024])).
I0315 21:22:21.898384 140318267360448 shampoo_preconditioner_list.py:352] Instantiated Adagrad Preconditioner 53.block_0 (torch.Size([0])) for Parameter 53 (torch.Size([1024, 256])), Block block_0 (torch.Size([1024, 256])).
I0315 21:22:21.898389 140584887030976 shampoo_preconditioner_list.py:352] Instantiated Adagrad Preconditioner 55.block_0 (torch.Size([0])) for Parameter 55 (torch.Size([1024])), Block block_0 (torch.Size([1024])).
I0315 21:22:21.898443 140584887030976 shampoo_preconditioner_list.py:352] Instantiated Adagrad Preconditioner 56.block_0 (torch.Size([0])) for Parameter 56 (torch.Size([512])), Block block_0 (torch.Size([512])).
I0315 21:22:21.898448 140318267360448 shampoo_preconditioner_list.py:352] Instantiated Adagrad Preconditioner 54.block_0 (torch.Size([0])) for Parameter 54 (torch.Size([1024])), Block block_0 (torch.Size([1024])).
I0315 21:22:21.898533 140318267360448 shampoo_preconditioner_list.py:352] Instantiated Adagrad Preconditioner 55.block_0 (torch.Size([1024])) for Parameter 55 (torch.Size([1024])), Block block_0 (torch.Size([1024])).
I0315 21:22:21.898534 140584887030976 shampoo_preconditioner_list.py:352] Instantiated Adagrad Preconditioner 57.block_0 (torch.Size([512])) for Parameter 57 (torch.Size([512])), Block block_0 (torch.Size([512])).
I0315 21:22:21.898612 140584887030976 shampoo_preconditioner_list.py:352] Instantiated Adagrad Preconditioner 58.block_0 (torch.Size([1024, 512])) for Parameter 58 (torch.Size([1024, 512])), Block block_0 (torch.Size([1024, 512])).
I0315 21:22:21.898624 140318267360448 shampoo_preconditioner_list.py:352] Instantiated Adagrad Preconditioner 56.block_0 (torch.Size([512])) for Parameter 56 (torch.Size([512])), Block block_0 (torch.Size([512])).
I0315 21:22:21.898686 140584887030976 shampoo_preconditioner_list.py:352] Instantiated Adagrad Preconditioner 59.block_0 (torch.Size([0])) for Parameter 59 (torch.Size([1024, 256])), Block block_0 (torch.Size([1024, 256])).
I0315 21:22:21.898691 140318267360448 shampoo_preconditioner_list.py:352] Instantiated Adagrad Preconditioner 57.block_0 (torch.Size([0])) for Parameter 57 (torch.Size([512])), Block block_0 (torch.Size([512])).
I0315 21:22:21.898759 140318267360448 shampoo_preconditioner_list.py:352] Instantiated Adagrad Preconditioner 58.block_0 (torch.Size([0])) for Parameter 58 (torch.Size([1024, 512])), Block block_0 (torch.Size([1024, 512])).
I0315 21:22:21.898783 140584887030976 shampoo_preconditioner_list.py:352] Instantiated Adagrad Preconditioner 60.block_0 (torch.Size([1024])) for Parameter 60 (torch.Size([1024])), Block block_0 (torch.Size([1024])).
I0315 21:22:21.898830 140318267360448 shampoo_preconditioner_list.py:352] Instantiated Adagrad Preconditioner 59.block_0 (torch.Size([0])) for Parameter 59 (torch.Size([1024, 256])), Block block_0 (torch.Size([1024, 256])).
I0315 21:22:21.898862 140584887030976 shampoo_preconditioner_list.py:352] Instantiated Adagrad Preconditioner 61.block_0 (torch.Size([0])) for Parameter 61 (torch.Size([1024])), Block block_0 (torch.Size([1024])).
I0315 21:22:21.898883 140318267360448 shampoo_preconditioner_list.py:352] Instantiated Adagrad Preconditioner 60.block_0 (torch.Size([0])) for Parameter 60 (torch.Size([1024])), Block block_0 (torch.Size([1024])).
I0315 21:22:21.898918 140584887030976 shampoo_preconditioner_list.py:352] Instantiated Adagrad Preconditioner 62.block_0 (torch.Size([0])) for Parameter 62 (torch.Size([1024, 512])), Block block_0 (torch.Size([1024, 512])).
I0315 21:22:21.898957 140318267360448 shampoo_preconditioner_list.py:352] Instantiated Adagrad Preconditioner 61.block_0 (torch.Size([1024])) for Parameter 61 (torch.Size([1024])), Block block_0 (torch.Size([1024])).
I0315 21:22:21.898971 140584887030976 shampoo_preconditioner_list.py:352] Instantiated Adagrad Preconditioner 63.block_0 (torch.Size([0])) for Parameter 63 (torch.Size([1024, 256])), Block block_0 (torch.Size([1024, 256])).
I0315 21:22:21.899032 140318267360448 shampoo_preconditioner_list.py:352] Instantiated Adagrad Preconditioner 62.block_0 (torch.Size([0])) for Parameter 62 (torch.Size([1024, 512])), Block block_0 (torch.Size([1024, 512])).
I0315 21:22:21.899043 140584887030976 shampoo_preconditioner_list.py:352] Instantiated Adagrad Preconditioner 64.block_0 (torch.Size([1024])) for Parameter 64 (torch.Size([1024])), Block block_0 (torch.Size([1024])).
I0315 21:22:21.899091 140318267360448 shampoo_preconditioner_list.py:352] Instantiated Adagrad Preconditioner 63.block_0 (torch.Size([0])) for Parameter 63 (torch.Size([1024, 256])), Block block_0 (torch.Size([1024, 256])).
I0315 21:22:21.899119 140584887030976 shampoo_preconditioner_list.py:352] Instantiated Adagrad Preconditioner 65.block_0 (torch.Size([0])) for Parameter 65 (torch.Size([1024])), Block block_0 (torch.Size([1024])).
I0315 21:22:21.899145 140318267360448 shampoo_preconditioner_list.py:352] Instantiated Adagrad Preconditioner 64.block_0 (torch.Size([0])) for Parameter 64 (torch.Size([1024])), Block block_0 (torch.Size([1024])).
I0315 21:22:21.899175 140584887030976 shampoo_preconditioner_list.py:352] Instantiated Adagrad Preconditioner 66.block_0 (torch.Size([0])) for Parameter 66 (torch.Size([512])), Block block_0 (torch.Size([512])).
I0315 21:22:21.899225 140318267360448 shampoo_preconditioner_list.py:352] Instantiated Adagrad Preconditioner 65.block_0 (torch.Size([1024])) for Parameter 65 (torch.Size([1024])), Block block_0 (torch.Size([1024])).
I0315 21:22:21.899273 140584887030976 shampoo_preconditioner_list.py:352] Instantiated Adagrad Preconditioner 67.block_0 (torch.Size([512])) for Parameter 67 (torch.Size([512])), Block block_0 (torch.Size([512])).
I0315 21:22:21.899330 140318267360448 shampoo_preconditioner_list.py:352] Instantiated Adagrad Preconditioner 66.block_0 (torch.Size([512])) for Parameter 66 (torch.Size([512])), Block block_0 (torch.Size([512])).
I0315 21:22:21.899342 140584887030976 shampoo_preconditioner_list.py:352] Instantiated Adagrad Preconditioner 68.block_0 (torch.Size([0])) for Parameter 68 (torch.Size([512, 512])), Block block_0 (torch.Size([512, 512])).
I0315 21:22:21.899394 140584887030976 shampoo_preconditioner_list.py:352] Instantiated Adagrad Preconditioner 69.block_0 (torch.Size([0])) for Parameter 69 (torch.Size([512])), Block block_0 (torch.Size([512])).
I0315 21:22:21.899403 140318267360448 shampoo_preconditioner_list.py:352] Instantiated Adagrad Preconditioner 67.block_0 (torch.Size([0])) for Parameter 67 (torch.Size([512])), Block block_0 (torch.Size([512])).
I0315 21:22:21.899456 140318267360448 shampoo_preconditioner_list.py:352] Instantiated Adagrad Preconditioner 68.block_0 (torch.Size([0])) for Parameter 68 (torch.Size([512, 512])), Block block_0 (torch.Size([512, 512])).
I0315 21:22:21.899474 140584887030976 shampoo_preconditioner_list.py:352] Instantiated Adagrad Preconditioner 70.block_0 (torch.Size([512])) for Parameter 70 (torch.Size([512])), Block block_0 (torch.Size([512])).
I0315 21:22:21.899539 140318267360448 shampoo_preconditioner_list.py:352] Instantiated Adagrad Preconditioner 69.block_0 (torch.Size([512])) for Parameter 69 (torch.Size([512])), Block block_0 (torch.Size([512])).
I0315 21:22:21.899543 140584887030976 shampoo_preconditioner_list.py:352] Instantiated Adagrad Preconditioner 71.block_0 (torch.Size([0])) for Parameter 71 (torch.Size([512])), Block block_0 (torch.Size([512])).
I0315 21:22:21.899595 140584887030976 shampoo_preconditioner_list.py:352] Instantiated Adagrad Preconditioner 72.block_0 (torch.Size([0])) for Parameter 72 (torch.Size([512, 512])), Block block_0 (torch.Size([512, 512])).
I0315 21:22:21.899609 140318267360448 shampoo_preconditioner_list.py:352] Instantiated Adagrad Preconditioner 70.block_0 (torch.Size([0])) for Parameter 70 (torch.Size([512])), Block block_0 (torch.Size([512])).
I0315 21:22:21.899677 140584887030976 shampoo_preconditioner_list.py:352] Instantiated Adagrad Preconditioner 73.block_0 (torch.Size([512])) for Parameter 73 (torch.Size([512])), Block block_0 (torch.Size([512])).
I0315 21:22:21.899683 140318267360448 shampoo_preconditioner_list.py:352] Instantiated Adagrad Preconditioner 71.block_0 (torch.Size([512])) for Parameter 71 (torch.Size([512])), Block block_0 (torch.Size([512])).
I0315 21:22:21.899742 140318267360448 shampoo_preconditioner_list.py:352] Instantiated Adagrad Preconditioner 72.block_0 (torch.Size([0])) for Parameter 72 (torch.Size([512, 512])), Block block_0 (torch.Size([512, 512])).
I0315 21:22:21.899746 140584887030976 shampoo_preconditioner_list.py:352] Instantiated Adagrad Preconditioner 74.block_0 (torch.Size([0])) for Parameter 74 (torch.Size([512])), Block block_0 (torch.Size([512])).
I0315 21:22:21.899802 140318267360448 shampoo_preconditioner_list.py:352] Instantiated Adagrad Preconditioner 73.block_0 (torch.Size([0])) for Parameter 73 (torch.Size([512])), Block block_0 (torch.Size([512])).
I0315 21:22:21.899820 140584887030976 shampoo_preconditioner_list.py:352] Instantiated Adagrad Preconditioner 75.block_0 (torch.Size([512])) for Parameter 75 (torch.Size([512])), Block block_0 (torch.Size([512])).
I0315 21:22:21.899887 140584887030976 shampoo_preconditioner_list.py:352] Instantiated Adagrad Preconditioner 76.block_0 (torch.Size([0])) for Parameter 76 (torch.Size([512, 512])), Block block_0 (torch.Size([512, 512])).
I0315 21:22:21.899883 140318267360448 shampoo_preconditioner_list.py:352] Instantiated Adagrad Preconditioner 74.block_0 (torch.Size([512])) for Parameter 74 (torch.Size([512])), Block block_0 (torch.Size([512])).
I0315 21:22:21.899953 140318267360448 shampoo_preconditioner_list.py:352] Instantiated Adagrad Preconditioner 75.block_0 (torch.Size([0])) for Parameter 75 (torch.Size([512])), Block block_0 (torch.Size([512])).
I0315 21:22:21.899953 140584887030976 shampoo_preconditioner_list.py:352] Instantiated Adagrad Preconditioner 77.block_0 (torch.Size([0])) for Parameter 77 (torch.Size([512])), Block block_0 (torch.Size([512])).
I0315 21:22:21.900010 140318267360448 shampoo_preconditioner_list.py:352] Instantiated Adagrad Preconditioner 76.block_0 (torch.Size([0])) for Parameter 76 (torch.Size([512, 512])), Block block_0 (torch.Size([512, 512])).
I0315 21:22:21.900024 140584887030976 shampoo_preconditioner_list.py:352] Instantiated Adagrad Preconditioner 78.block_0 (torch.Size([512])) for Parameter 78 (torch.Size([512])), Block block_0 (torch.Size([512])).
I0315 21:22:21.900089 140584887030976 shampoo_preconditioner_list.py:352] Instantiated Adagrad Preconditioner 79.block_0 (torch.Size([0])) for Parameter 79 (torch.Size([512])), Block block_0 (torch.Size([512])).
I0315 21:22:21.900096 140318267360448 shampoo_preconditioner_list.py:352] Instantiated Adagrad Preconditioner 77.block_0 (torch.Size([512])) for Parameter 77 (torch.Size([512])), Block block_0 (torch.Size([512])).
I0315 21:22:21.900164 140584887030976 shampoo_preconditioner_list.py:352] Instantiated Adagrad Preconditioner 80.block_0 (torch.Size([0])) for Parameter 80 (torch.Size([1024, 512])), Block block_0 (torch.Size([1024, 512])).
I0315 21:22:21.900174 140318267360448 shampoo_preconditioner_list.py:352] Instantiated Adagrad Preconditioner 78.block_0 (torch.Size([0])) for Parameter 78 (torch.Size([512])), Block block_0 (torch.Size([512])).
I0315 21:22:21.900245 140318267360448 shampoo_preconditioner_list.py:352] Instantiated Adagrad Preconditioner 79.block_0 (torch.Size([512])) for Parameter 79 (torch.Size([512])), Block block_0 (torch.Size([512])).
I0315 21:22:21.900248 140584887030976 shampoo_preconditioner_list.py:352] Instantiated Adagrad Preconditioner 81.block_0 (torch.Size([1024])) for Parameter 81 (torch.Size([1024])), Block block_0 (torch.Size([1024])).
I0315 21:22:21.900314 140318267360448 shampoo_preconditioner_list.py:352] Instantiated Adagrad Preconditioner 80.block_0 (torch.Size([0])) for Parameter 80 (torch.Size([1024, 512])), Block block_0 (torch.Size([1024, 512])).
I0315 21:22:21.900373 140318267360448 shampoo_preconditioner_list.py:352] Instantiated Adagrad Preconditioner 81.block_0 (torch.Size([0])) for Parameter 81 (torch.Size([1024])), Block block_0 (torch.Size([1024])).
I0315 21:22:21.900388 140584887030976 shampoo_preconditioner_list.py:375] Rank 7: AdaGradPreconditionerList Numel Breakdown: (0, 0, 0, 0, 0, 0, 0, 0, 0, 0, 524288, 0, 0, 0, 512, 0, 512, 0, 0, 1024, 1024, 0, 0, 1024, 1024, 0, 512, 0, 0, 1024, 0, 524288, 0, 1024, 0, 0, 512, 0, 262144, 1024, 0, 0, 0, 1024, 0, 0, 512, 0, 0, 1024, 0, 0, 0, 1024, 0, 0, 512, 0, 0, 1024, 0, 0, 262144, 1024, 0, 0, 512, 524288, 0, 1024, 0, 0, 0, 1024, 0, 0, 512, 0, 0, 512, 0, 0, 512, 0, 512, 0, 0, 512, 0, 0, 1024)
I0315 21:22:21.900433 140584887030976 shampoo_preconditioner_list.py:378] Rank 7: AdaGradPreconditionerList Bytes Breakdown: (0, 0, 0, 0, 0, 0, 0, 0, 0, 0, 2097152, 0, 0, 0, 2048, 0, 2048, 0, 0, 4096, 4096, 0, 0, 4096, 4096, 0, 2048, 0, 0, 4096, 0, 2097152, 0, 4096, 0, 0, 2048, 0, 1048576, 4096, 0, 0, 0, 4096, 0, 0, 2048, 0, 0, 4096, 0, 0, 0, 4096, 0, 0, 2048, 0, 0, 4096, 0, 0, 1048576, 4096, 0, 0, 2048, 2097152, 0, 4096, 0, 0, 0, 4096, 0, 0, 2048, 0, 0, 2048, 0, 0, 2048, 0, 2048, 0, 0, 2048, 0, 0, 4096)
I0315 21:22:21.900473 140584887030976 shampoo_preconditioner_list.py:381] Rank 7: AdaGradPreconditionerList Total Elements: 2118656
I0315 21:22:21.900508 140584887030976 shampoo_preconditioner_list.py:384] Rank 7: AdaGradPreconditionerList Total Bytes: 8474624
I0315 21:22:21.900507 140318267360448 shampoo_preconditioner_list.py:375] Rank 6: AdaGradPreconditionerList Numel Breakdown: (4608, 512, 0, 512, 0, 0, 0, 0, 0, 524288, 0, 0, 0, 0, 0, 512, 0, 0, 0, 0, 0, 0, 0, 0, 0, 512, 0, 524288, 0, 0, 1024, 0, 262144, 0, 1024, 512, 0, 0, 0, 0, 1024, 0, 0, 0, 1024, 512, 0, 0, 0, 0, 1024, 0, 0, 0, 1024, 512, 0, 0, 262144, 0, 1024, 524288, 0, 0, 1024, 512, 0, 0, 0, 0, 1024, 0, 0, 0, 1024, 512, 0, 0, 512, 0, 512, 0, 0, 512, 0, 0, 512, 0, 512, 0, 0)
I0315 21:22:21.900551 140318267360448 shampoo_preconditioner_list.py:378] Rank 6: AdaGradPreconditionerList Bytes Breakdown: (18432, 2048, 0, 2048, 0, 0, 0, 0, 0, 2097152, 0, 0, 0, 0, 0, 2048, 0, 0, 0, 0, 0, 0, 0, 0, 0, 2048, 0, 2097152, 0, 0, 4096, 0, 1048576, 0, 4096, 2048, 0, 0, 0, 0, 4096, 0, 0, 0, 4096, 2048, 0, 0, 0, 0, 4096, 0, 0, 0, 4096, 2048, 0, 0, 1048576, 0, 4096, 2097152, 0, 0, 4096, 2048, 0, 0, 0, 0, 4096, 0, 0, 0, 4096, 2048, 0, 0, 2048, 0, 2048, 0, 0, 2048, 0, 0, 2048, 0, 2048, 0, 0)
I0315 21:22:21.900589 140318267360448 shampoo_preconditioner_list.py:381] Rank 6: AdaGradPreconditionerList Total Elements: 2119168
I0315 21:22:21.900624 140318267360448 shampoo_preconditioner_list.py:384] Rank 6: AdaGradPreconditionerList Total Bytes: 8476672
I0315 21:22:21.903882 140584887030976 logger_utils.py:262] Unable to record workload.train_mean information. Continuing without it.
I0315 21:22:21.903964 140584887030976 logger_utils.py:262] Unable to record workload.train_stddev information. Continuing without it.
I0315 21:22:21.904069 140318267360448 logger_utils.py:262] Unable to record workload.train_mean information. Continuing without it.
I0315 21:22:21.904147 140318267360448 logger_utils.py:262] Unable to record workload.train_stddev information. Continuing without it.
I0315 21:22:22.793744 139630673478848 submission_runner.py:325] Saving flags to /experiment_runs/submissions/rolling_leaderboard/external_tuning/shampoo/study_0/librispeech_deepspeech_pytorch/trial_2/flags_0.json.
I0315 21:22:22.824512 139630673478848 submission_runner.py:337] Starting training loop.
/usr/local/lib/python3.11/multiprocessing/popen_fork.py:66: RuntimeWarning: os.fork() was called. os.fork() is incompatible with multithreaded code, and JAX is multithreaded, so this will likely lead to a deadlock.
  self.pid = os.fork()
/usr/local/lib/python3.11/multiprocessing/popen_fork.py:66: RuntimeWarning: os.fork() was called. os.fork() is incompatible with multithreaded code, and JAX is multithreaded, so this will likely lead to a deadlock.
  self.pid = os.fork()
/usr/local/lib/python3.11/multiprocessing/popen_fork.py:66: RuntimeWarning: os.fork() was called. os.fork() is incompatible with multithreaded code, and JAX is multithreaded, so this will likely lead to a deadlock.
  self.pid = os.fork()
/usr/local/lib/python3.11/multiprocessing/popen_fork.py:66: RuntimeWarning: os.fork() was called. os.fork() is incompatible with multithreaded code, and JAX is multithreaded, so this will likely lead to a deadlock.
  self.pid = os.fork()
/usr/local/lib/python3.11/multiprocessing/popen_fork.py:66: RuntimeWarning: os.fork() was called. os.fork() is incompatible with multithreaded code, and JAX is multithreaded, so this will likely lead to a deadlock.
  self.pid = os.fork()
/usr/local/lib/python3.11/multiprocessing/popen_fork.py:66: RuntimeWarning: os.fork() was called. os.fork() is incompatible with multithreaded code, and JAX is multithreaded, so this will likely lead to a deadlock.
  self.pid = os.fork()
/usr/local/lib/python3.11/multiprocessing/popen_fork.py:66: RuntimeWarning: os.fork() was called. os.fork() is incompatible with multithreaded code, and JAX is multithreaded, so this will likely lead to a deadlock.
  self.pid = os.fork()
/usr/local/lib/python3.11/multiprocessing/popen_fork.py:66: RuntimeWarning: os.fork() was called. os.fork() is incompatible with multithreaded code, and JAX is multithreaded, so this will likely lead to a deadlock.
  self.pid = os.fork()
/algorithmic-efficiency/algoperf/workloads/librispeech_conformer/librispeech_pytorch/preprocessor.py:488: UserWarning: Specified kernel cache directory could not be created! This disables kernel caching. Specified directory is /root/.cache/torch/kernels. This warning will appear only once per process. (Triggered internally at ../aten/src/ATen/native/cuda/jit_utils.cpp:1442.)
  spectrum = torch.abs(spectrum)
/algorithmic-efficiency/algoperf/workloads/librispeech_conformer/librispeech_pytorch/preprocessor.py:488: UserWarning: Specified kernel cache directory could not be created! This disables kernel caching. Specified directory is /root/.cache/torch/kernels. This warning will appear only once per process. (Triggered internally at ../aten/src/ATen/native/cuda/jit_utils.cpp:1442.)
  spectrum = torch.abs(spectrum)
/algorithmic-efficiency/algoperf/workloads/librispeech_conformer/librispeech_pytorch/preprocessor.py:488: UserWarning: Specified kernel cache directory could not be created! This disables kernel caching. Specified directory is /root/.cache/torch/kernels. This warning will appear only once per process. (Triggered internally at ../aten/src/ATen/native/cuda/jit_utils.cpp:1442.)
  spectrum = torch.abs(spectrum)
/algorithmic-efficiency/algoperf/workloads/librispeech_conformer/librispeech_pytorch/preprocessor.py:488: UserWarning: Specified kernel cache directory could not be created! This disables kernel caching. Specified directory is /root/.cache/torch/kernels. This warning will appear only once per process. (Triggered internally at ../aten/src/ATen/native/cuda/jit_utils.cpp:1442.)
  spectrum = torch.abs(spectrum)
/algorithmic-efficiency/algoperf/workloads/librispeech_conformer/librispeech_pytorch/preprocessor.py:488: UserWarning: Specified kernel cache directory could not be created! This disables kernel caching. Specified directory is /root/.cache/torch/kernels. This warning will appear only once per process. (Triggered internally at ../aten/src/ATen/native/cuda/jit_utils.cpp:1442.)
  spectrum = torch.abs(spectrum)
/algorithmic-efficiency/algoperf/workloads/librispeech_conformer/librispeech_pytorch/preprocessor.py:488: UserWarning: Specified kernel cache directory could not be created! This disables kernel caching. Specified directory is /root/.cache/torch/kernels. This warning will appear only once per process. (Triggered internally at ../aten/src/ATen/native/cuda/jit_utils.cpp:1442.)
  spectrum = torch.abs(spectrum)
/algorithmic-efficiency/algoperf/workloads/librispeech_conformer/librispeech_pytorch/preprocessor.py:488: UserWarning: Specified kernel cache directory could not be created! This disables kernel caching. Specified directory is /root/.cache/torch/kernels. This warning will appear only once per process. (Triggered internally at ../aten/src/ATen/native/cuda/jit_utils.cpp:1442.)
  spectrum = torch.abs(spectrum)
I0315 21:24:03.392756 139613279614720 logging_writer.py:48] [0] global_step=0, grad_norm=23.8767, loss=33.7605
I0315 21:24:03.698753 139630673478848 submission.py:265] 0) loss = 33.760, grad_norm = 23.877
I0315 21:24:04.203632 139630673478848 spec.py:321] Evaluating on the training split.
I0315 21:24:04.204611 139630673478848 input_pipeline.py:20] Loading split = train-clean-100
I0315 21:24:04.231293 139630673478848 input_pipeline.py:20] Loading split = train-clean-360
I0315 21:24:04.324959 139630673478848 input_pipeline.py:20] Loading split = train-other-500
/usr/local/lib/python3.11/multiprocessing/popen_fork.py:66: RuntimeWarning: os.fork() was called. os.fork() is incompatible with multithreaded code, and JAX is multithreaded, so this will likely lead to a deadlock.
  self.pid = os.fork()
/usr/local/lib/python3.11/multiprocessing/popen_fork.py:66: RuntimeWarning: os.fork() was called. os.fork() is incompatible with multithreaded code, and JAX is multithreaded, so this will likely lead to a deadlock.
  self.pid = os.fork()
/usr/local/lib/python3.11/multiprocessing/popen_fork.py:66: RuntimeWarning: os.fork() was called. os.fork() is incompatible with multithreaded code, and JAX is multithreaded, so this will likely lead to a deadlock.
  self.pid = os.fork()
/usr/local/lib/python3.11/multiprocessing/popen_fork.py:66: RuntimeWarning: os.fork() was called. os.fork() is incompatible with multithreaded code, and JAX is multithreaded, so this will likely lead to a deadlock.
  self.pid = os.fork()
/usr/local/lib/python3.11/multiprocessing/popen_fork.py:66: RuntimeWarning: os.fork() was called. os.fork() is incompatible with multithreaded code, and JAX is multithreaded, so this will likely lead to a deadlock.
  self.pid = os.fork()
/usr/local/lib/python3.11/multiprocessing/popen_fork.py:66: RuntimeWarning: os.fork() was called. os.fork() is incompatible with multithreaded code, and JAX is multithreaded, so this will likely lead to a deadlock.
  self.pid = os.fork()
/usr/local/lib/python3.11/multiprocessing/popen_fork.py:66: RuntimeWarning: os.fork() was called. os.fork() is incompatible with multithreaded code, and JAX is multithreaded, so this will likely lead to a deadlock.
  self.pid = os.fork()
/usr/local/lib/python3.11/multiprocessing/popen_fork.py:66: RuntimeWarning: os.fork() was called. os.fork() is incompatible with multithreaded code, and JAX is multithreaded, so this will likely lead to a deadlock.
  self.pid = os.fork()
I0315 21:24:41.984138 139630673478848 spec.py:333] Evaluating on the validation split.
I0315 21:24:41.985298 139630673478848 input_pipeline.py:20] Loading split = dev-clean
I0315 21:24:42.018287 139630673478848 input_pipeline.py:20] Loading split = dev-other
/usr/local/lib/python3.11/multiprocessing/popen_fork.py:66: RuntimeWarning: os.fork() was called. os.fork() is incompatible with multithreaded code, and JAX is multithreaded, so this will likely lead to a deadlock.
  self.pid = os.fork()
/usr/local/lib/python3.11/multiprocessing/popen_fork.py:66: RuntimeWarning: os.fork() was called. os.fork() is incompatible with multithreaded code, and JAX is multithreaded, so this will likely lead to a deadlock.
  self.pid = os.fork()
/usr/local/lib/python3.11/multiprocessing/popen_fork.py:66: RuntimeWarning: os.fork() was called. os.fork() is incompatible with multithreaded code, and JAX is multithreaded, so this will likely lead to a deadlock.
  self.pid = os.fork()
/usr/local/lib/python3.11/multiprocessing/popen_fork.py:66: RuntimeWarning: os.fork() was called. os.fork() is incompatible with multithreaded code, and JAX is multithreaded, so this will likely lead to a deadlock.
  self.pid = os.fork()
/usr/local/lib/python3.11/multiprocessing/popen_fork.py:66: RuntimeWarning: os.fork() was called. os.fork() is incompatible with multithreaded code, and JAX is multithreaded, so this will likely lead to a deadlock.
  self.pid = os.fork()
/usr/local/lib/python3.11/multiprocessing/popen_fork.py:66: RuntimeWarning: os.fork() was called. os.fork() is incompatible with multithreaded code, and JAX is multithreaded, so this will likely lead to a deadlock.
  self.pid = os.fork()
/usr/local/lib/python3.11/multiprocessing/popen_fork.py:66: RuntimeWarning: os.fork() was called. os.fork() is incompatible with multithreaded code, and JAX is multithreaded, so this will likely lead to a deadlock.
  self.pid = os.fork()
/usr/local/lib/python3.11/multiprocessing/popen_fork.py:66: RuntimeWarning: os.fork() was called. os.fork() is incompatible with multithreaded code, and JAX is multithreaded, so this will likely lead to a deadlock.
  self.pid = os.fork()
I0315 21:25:04.843921 139630673478848 spec.py:349] Evaluating on the test split.
I0315 21:25:04.845186 139630673478848 input_pipeline.py:20] Loading split = test-clean
I0315 21:25:17.209405 139630673478848 submission_runner.py:469] Time since start: 174.38s, 	Step: 1, 	{'train/ctc_loss': 31.480733125627935, 'train/wer': 4.550588184366308, 'validation/ctc_loss': 30.239897995537305, 'validation/wer': 4.181731279872544, 'validation/num_examples': 5348, 'test/ctc_loss': 30.28685179719481, 'test/wer': 4.530477525237138, 'test/num_examples': 2472, 'score': 100.87549924850464, 'total_duration': 174.38474464416504, 'accumulated_submission_time': 100.87549924850464, 'accumulated_eval_time': 73.00556659698486, 'accumulated_logging_time': 0}
I0315 21:25:17.226042 139611366967040 logging_writer.py:48] [1] accumulated_eval_time=73.0056, accumulated_logging_time=0, accumulated_submission_time=100.875, global_step=1, preemption_count=0, score=100.875, test/ctc_loss=30.2869, test/num_examples=2472, test/wer=4.53048, total_duration=174.385, train/ctc_loss=31.4807, train/wer=4.55059, validation/ctc_loss=30.2399, validation/num_examples=5348, validation/wer=4.18173
I0315 21:25:18.889985 139611358574336 logging_writer.py:48] [1] global_step=1, grad_norm=21.3841, loss=32.5675
I0315 21:25:18.893269 139630673478848 submission.py:265] 1) loss = 32.568, grad_norm = 21.384
I0315 21:25:19.750372 139611366967040 logging_writer.py:48] [2] global_step=2, grad_norm=22.1016, loss=33.4016
I0315 21:25:19.754033 139630673478848 submission.py:265] 2) loss = 33.402, grad_norm = 22.102
I0315 21:25:20.603068 139611358574336 logging_writer.py:48] [3] global_step=3, grad_norm=24.9611, loss=32.9597
I0315 21:25:20.607072 139630673478848 submission.py:265] 3) loss = 32.960, grad_norm = 24.961
I0315 21:25:21.455119 139611366967040 logging_writer.py:48] [4] global_step=4, grad_norm=24.5697, loss=32.4374
I0315 21:25:21.458348 139630673478848 submission.py:265] 4) loss = 32.437, grad_norm = 24.570
I0315 21:25:22.304081 139611358574336 logging_writer.py:48] [5] global_step=5, grad_norm=31.2127, loss=32.5353
I0315 21:25:22.307427 139630673478848 submission.py:265] 5) loss = 32.535, grad_norm = 31.213
I0315 21:25:23.162623 139611366967040 logging_writer.py:48] [6] global_step=6, grad_norm=34.8961, loss=31.4654
I0315 21:25:23.166542 139630673478848 submission.py:265] 6) loss = 31.465, grad_norm = 34.896
I0315 21:25:24.016704 139611358574336 logging_writer.py:48] [7] global_step=7, grad_norm=39.1927, loss=31.0927
I0315 21:25:24.019950 139630673478848 submission.py:265] 7) loss = 31.093, grad_norm = 39.193
I0315 21:25:24.871759 139611366967040 logging_writer.py:48] [8] global_step=8, grad_norm=41.087, loss=31.1553
I0315 21:25:24.875621 139630673478848 submission.py:265] 8) loss = 31.155, grad_norm = 41.087
I0315 21:25:25.723780 139611358574336 logging_writer.py:48] [9] global_step=9, grad_norm=43.3484, loss=31.5692
I0315 21:25:25.727110 139630673478848 submission.py:265] 9) loss = 31.569, grad_norm = 43.348
I0315 21:25:26.579214 139611366967040 logging_writer.py:48] [10] global_step=10, grad_norm=44.0691, loss=30.2196
I0315 21:25:26.582647 139630673478848 submission.py:265] 10) loss = 30.220, grad_norm = 44.069
I0315 21:25:27.430326 139611358574336 logging_writer.py:48] [11] global_step=11, grad_norm=39.65, loss=29.8558
I0315 21:25:27.433431 139630673478848 submission.py:265] 11) loss = 29.856, grad_norm = 39.650
I0315 21:25:28.282505 139611366967040 logging_writer.py:48] [12] global_step=12, grad_norm=43.0614, loss=28.594
I0315 21:25:28.285762 139630673478848 submission.py:265] 12) loss = 28.594, grad_norm = 43.061
I0315 21:25:29.131243 139611358574336 logging_writer.py:48] [13] global_step=13, grad_norm=35.0594, loss=27.9971
I0315 21:25:29.134433 139630673478848 submission.py:265] 13) loss = 27.997, grad_norm = 35.059
I0315 21:25:29.993113 139611366967040 logging_writer.py:48] [14] global_step=14, grad_norm=37.1594, loss=27.5107
I0315 21:25:29.996392 139630673478848 submission.py:265] 14) loss = 27.511, grad_norm = 37.159
I0315 21:25:30.843125 139611358574336 logging_writer.py:48] [15] global_step=15, grad_norm=38.1781, loss=26.8617
I0315 21:25:30.846285 139630673478848 submission.py:265] 15) loss = 26.862, grad_norm = 38.178
I0315 21:25:31.692369 139611366967040 logging_writer.py:48] [16] global_step=16, grad_norm=38.3306, loss=24.9041
I0315 21:25:31.696033 139630673478848 submission.py:265] 16) loss = 24.904, grad_norm = 38.331
I0315 21:25:32.561737 139611358574336 logging_writer.py:48] [17] global_step=17, grad_norm=35.7704, loss=25.3809
I0315 21:25:32.564976 139630673478848 submission.py:265] 17) loss = 25.381, grad_norm = 35.770
I0315 21:25:33.610927 139611366967040 logging_writer.py:48] [18] global_step=18, grad_norm=34.749, loss=25.2997
I0315 21:25:33.614107 139630673478848 submission.py:265] 18) loss = 25.300, grad_norm = 34.749
I0315 21:25:35.297998 139611358574336 logging_writer.py:48] [19] global_step=19, grad_norm=34.744, loss=24.7896
I0315 21:25:35.301338 139630673478848 submission.py:265] 19) loss = 24.790, grad_norm = 34.744
I0315 21:25:36.266027 139611366967040 logging_writer.py:48] [20] global_step=20, grad_norm=31.4986, loss=23.6474
I0315 21:25:36.269366 139630673478848 submission.py:265] 20) loss = 23.647, grad_norm = 31.499
I0315 21:25:37.217094 139611358574336 logging_writer.py:48] [21] global_step=21, grad_norm=32.0487, loss=22.5166
I0315 21:25:37.220256 139630673478848 submission.py:265] 21) loss = 22.517, grad_norm = 32.049
I0315 21:25:38.961802 139611366967040 logging_writer.py:48] [22] global_step=22, grad_norm=29.0586, loss=21.9317
I0315 21:25:38.965143 139630673478848 submission.py:265] 22) loss = 21.932, grad_norm = 29.059
I0315 21:25:40.005201 139611358574336 logging_writer.py:48] [23] global_step=23, grad_norm=30.0187, loss=21.4298
I0315 21:25:40.008891 139630673478848 submission.py:265] 23) loss = 21.430, grad_norm = 30.019
I0315 21:25:41.310266 139611366967040 logging_writer.py:48] [24] global_step=24, grad_norm=27.3964, loss=20.7619
I0315 21:25:41.313428 139630673478848 submission.py:265] 24) loss = 20.762, grad_norm = 27.396
I0315 21:25:42.821939 139611358574336 logging_writer.py:48] [25] global_step=25, grad_norm=27.4349, loss=19.9253
I0315 21:25:42.825208 139630673478848 submission.py:265] 25) loss = 19.925, grad_norm = 27.435
I0315 21:25:44.205233 139611366967040 logging_writer.py:48] [26] global_step=26, grad_norm=27.243, loss=19.6757
I0315 21:25:44.208452 139630673478848 submission.py:265] 26) loss = 19.676, grad_norm = 27.243
I0315 21:25:45.054824 139611358574336 logging_writer.py:48] [27] global_step=27, grad_norm=24.701, loss=18.5949
I0315 21:25:45.058454 139630673478848 submission.py:265] 27) loss = 18.595, grad_norm = 24.701
I0315 21:25:46.284374 139611366967040 logging_writer.py:48] [28] global_step=28, grad_norm=25.1457, loss=17.1746
I0315 21:25:46.287601 139630673478848 submission.py:265] 28) loss = 17.175, grad_norm = 25.146
I0315 21:25:48.277382 139611358574336 logging_writer.py:48] [29] global_step=29, grad_norm=21.9319, loss=17.3263
I0315 21:25:48.280642 139630673478848 submission.py:265] 29) loss = 17.326, grad_norm = 21.932
I0315 21:25:49.346665 139611366967040 logging_writer.py:48] [30] global_step=30, grad_norm=21.5154, loss=17.3021
I0315 21:25:49.349954 139630673478848 submission.py:265] 30) loss = 17.302, grad_norm = 21.515
I0315 21:25:50.200357 139611358574336 logging_writer.py:48] [31] global_step=31, grad_norm=19.7431, loss=16.6182
I0315 21:25:50.206439 139630673478848 submission.py:265] 31) loss = 16.618, grad_norm = 19.743
I0315 21:25:51.288623 139611366967040 logging_writer.py:48] [32] global_step=32, grad_norm=18.4255, loss=15.5636
I0315 21:25:51.291887 139630673478848 submission.py:265] 32) loss = 15.564, grad_norm = 18.425
I0315 21:25:53.219141 139611358574336 logging_writer.py:48] [33] global_step=33, grad_norm=19.3944, loss=15.4149
I0315 21:25:53.222631 139630673478848 submission.py:265] 33) loss = 15.415, grad_norm = 19.394
I0315 21:25:54.354139 139611366967040 logging_writer.py:48] [34] global_step=34, grad_norm=17.1847, loss=14.564
I0315 21:25:54.357411 139630673478848 submission.py:265] 34) loss = 14.564, grad_norm = 17.185
I0315 21:25:55.207651 139611358574336 logging_writer.py:48] [35] global_step=35, grad_norm=17.5775, loss=14.2707
I0315 21:25:55.210994 139630673478848 submission.py:265] 35) loss = 14.271, grad_norm = 17.578
I0315 21:25:56.507621 139611366967040 logging_writer.py:48] [36] global_step=36, grad_norm=16.303, loss=13.8484
I0315 21:25:56.510797 139630673478848 submission.py:265] 36) loss = 13.848, grad_norm = 16.303
I0315 21:25:57.992877 139611358574336 logging_writer.py:48] [37] global_step=37, grad_norm=15.1387, loss=12.573
I0315 21:25:57.996191 139630673478848 submission.py:265] 37) loss = 12.573, grad_norm = 15.139
I0315 21:25:59.167502 139611366967040 logging_writer.py:48] [38] global_step=38, grad_norm=15.3894, loss=13.1496
I0315 21:25:59.171575 139630673478848 submission.py:265] 38) loss = 13.150, grad_norm = 15.389
I0315 21:26:00.019701 139611358574336 logging_writer.py:48] [39] global_step=39, grad_norm=13.5848, loss=12.5384
I0315 21:26:00.023371 139630673478848 submission.py:265] 39) loss = 12.538, grad_norm = 13.585
I0315 21:26:02.099993 139611366967040 logging_writer.py:48] [40] global_step=40, grad_norm=13.3644, loss=12.6856
I0315 21:26:02.103433 139630673478848 submission.py:265] 40) loss = 12.686, grad_norm = 13.364
I0315 21:26:02.956377 139611358574336 logging_writer.py:48] [41] global_step=41, grad_norm=11.0325, loss=12.1463
I0315 21:26:02.960269 139630673478848 submission.py:265] 41) loss = 12.146, grad_norm = 11.032
I0315 21:26:04.092645 139611366967040 logging_writer.py:48] [42] global_step=42, grad_norm=11.4261, loss=11.7747
I0315 21:26:04.096123 139630673478848 submission.py:265] 42) loss = 11.775, grad_norm = 11.426
I0315 21:26:04.949357 139611358574336 logging_writer.py:48] [43] global_step=43, grad_norm=8.61331, loss=11.2981
I0315 21:26:04.952723 139630673478848 submission.py:265] 43) loss = 11.298, grad_norm = 8.613
I0315 21:26:07.194597 139611366967040 logging_writer.py:48] [44] global_step=44, grad_norm=9.35284, loss=11.6467
I0315 21:26:07.198396 139630673478848 submission.py:265] 44) loss = 11.647, grad_norm = 9.353
I0315 21:26:08.046661 139611358574336 logging_writer.py:48] [45] global_step=45, grad_norm=8.25566, loss=10.3278
I0315 21:26:08.049883 139630673478848 submission.py:265] 45) loss = 10.328, grad_norm = 8.256
I0315 21:26:08.899003 139611366967040 logging_writer.py:48] [46] global_step=46, grad_norm=7.14424, loss=10.5605
I0315 21:26:08.902460 139630673478848 submission.py:265] 46) loss = 10.560, grad_norm = 7.144
I0315 21:26:09.752896 139611358574336 logging_writer.py:48] [47] global_step=47, grad_norm=7.54573, loss=10.3308
I0315 21:26:09.756173 139630673478848 submission.py:265] 47) loss = 10.331, grad_norm = 7.546
I0315 21:26:12.252662 139611366967040 logging_writer.py:48] [48] global_step=48, grad_norm=6.99746, loss=10.2804
I0315 21:26:12.256032 139630673478848 submission.py:265] 48) loss = 10.280, grad_norm = 6.997
I0315 21:26:13.102388 139611358574336 logging_writer.py:48] [49] global_step=49, grad_norm=6.33854, loss=9.89861
I0315 21:26:13.105781 139630673478848 submission.py:265] 49) loss = 9.899, grad_norm = 6.339
I0315 21:26:13.956044 139611366967040 logging_writer.py:48] [50] global_step=50, grad_norm=8.0887, loss=10.3312
I0315 21:26:13.959441 139630673478848 submission.py:265] 50) loss = 10.331, grad_norm = 8.089
I0315 21:26:14.810026 139611358574336 logging_writer.py:48] [51] global_step=51, grad_norm=6.8777, loss=9.98769
I0315 21:26:14.813963 139630673478848 submission.py:265] 51) loss = 9.988, grad_norm = 6.878
I0315 21:26:17.617653 139611366967040 logging_writer.py:48] [52] global_step=52, grad_norm=8.10706, loss=10.011
I0315 21:26:17.621856 139630673478848 submission.py:265] 52) loss = 10.011, grad_norm = 8.107
I0315 21:26:18.471991 139611358574336 logging_writer.py:48] [53] global_step=53, grad_norm=8.36116, loss=9.89979
I0315 21:26:18.476091 139630673478848 submission.py:265] 53) loss = 9.900, grad_norm = 8.361
I0315 21:26:19.318672 139611366967040 logging_writer.py:48] [54] global_step=54, grad_norm=7.31493, loss=9.67601
I0315 21:26:19.322761 139630673478848 submission.py:265] 54) loss = 9.676, grad_norm = 7.315
I0315 21:26:20.168554 139611358574336 logging_writer.py:48] [55] global_step=55, grad_norm=7.04574, loss=9.20723
I0315 21:26:20.172298 139630673478848 submission.py:265] 55) loss = 9.207, grad_norm = 7.046
I0315 21:26:23.090812 139611366967040 logging_writer.py:48] [56] global_step=56, grad_norm=6.65188, loss=9.22368
I0315 21:26:23.093963 139630673478848 submission.py:265] 56) loss = 9.224, grad_norm = 6.652
I0315 21:26:23.945122 139611358574336 logging_writer.py:48] [57] global_step=57, grad_norm=7.15364, loss=9.45801
I0315 21:26:23.948416 139630673478848 submission.py:265] 57) loss = 9.458, grad_norm = 7.154
I0315 21:26:24.794966 139611366967040 logging_writer.py:48] [58] global_step=58, grad_norm=6.1409, loss=9.05252
I0315 21:26:24.798785 139630673478848 submission.py:265] 58) loss = 9.053, grad_norm = 6.141
I0315 21:26:25.647959 139611358574336 logging_writer.py:48] [59] global_step=59, grad_norm=5.26364, loss=9.1035
I0315 21:26:25.651987 139630673478848 submission.py:265] 59) loss = 9.104, grad_norm = 5.264
I0315 21:26:28.022413 139611366967040 logging_writer.py:48] [60] global_step=60, grad_norm=5.09857, loss=9.0962
I0315 21:26:28.025922 139630673478848 submission.py:265] 60) loss = 9.096, grad_norm = 5.099
I0315 21:26:28.873232 139611358574336 logging_writer.py:48] [61] global_step=61, grad_norm=5.94355, loss=8.91602
I0315 21:26:28.876884 139630673478848 submission.py:265] 61) loss = 8.916, grad_norm = 5.944
I0315 21:26:29.729367 139611366967040 logging_writer.py:48] [62] global_step=62, grad_norm=5.95414, loss=8.84097
I0315 21:26:29.732587 139630673478848 submission.py:265] 62) loss = 8.841, grad_norm = 5.954
I0315 21:26:30.580414 139611358574336 logging_writer.py:48] [63] global_step=63, grad_norm=4.53494, loss=8.69093
I0315 21:26:30.584379 139630673478848 submission.py:265] 63) loss = 8.691, grad_norm = 4.535
I0315 21:26:33.092478 139611366967040 logging_writer.py:48] [64] global_step=64, grad_norm=4.25595, loss=8.40709
I0315 21:26:33.096173 139630673478848 submission.py:265] 64) loss = 8.407, grad_norm = 4.256
I0315 21:26:33.946079 139611358574336 logging_writer.py:48] [65] global_step=65, grad_norm=3.77103, loss=8.35678
I0315 21:26:33.949218 139630673478848 submission.py:265] 65) loss = 8.357, grad_norm = 3.771
I0315 21:26:34.801444 139611366967040 logging_writer.py:48] [66] global_step=66, grad_norm=3.6715, loss=8.44307
I0315 21:26:34.804898 139630673478848 submission.py:265] 66) loss = 8.443, grad_norm = 3.671
I0315 21:26:35.655722 139611358574336 logging_writer.py:48] [67] global_step=67, grad_norm=3.08544, loss=8.04663
I0315 21:26:35.658966 139630673478848 submission.py:265] 67) loss = 8.047, grad_norm = 3.085
I0315 21:26:37.844447 139611366967040 logging_writer.py:48] [68] global_step=68, grad_norm=2.84872, loss=8.23775
I0315 21:26:37.848238 139630673478848 submission.py:265] 68) loss = 8.238, grad_norm = 2.849
I0315 21:26:38.696541 139611358574336 logging_writer.py:48] [69] global_step=69, grad_norm=3.22469, loss=8.16927
I0315 21:26:38.700367 139630673478848 submission.py:265] 69) loss = 8.169, grad_norm = 3.225
I0315 21:26:39.546294 139611366967040 logging_writer.py:48] [70] global_step=70, grad_norm=3.46279, loss=8.09221
I0315 21:26:39.549933 139630673478848 submission.py:265] 70) loss = 8.092, grad_norm = 3.463
I0315 21:26:40.399304 139611358574336 logging_writer.py:48] [71] global_step=71, grad_norm=3.31869, loss=7.83186
I0315 21:26:40.402645 139630673478848 submission.py:265] 71) loss = 7.832, grad_norm = 3.319
I0315 21:26:42.758924 139611366967040 logging_writer.py:48] [72] global_step=72, grad_norm=2.74668, loss=7.92244
I0315 21:26:42.762582 139630673478848 submission.py:265] 72) loss = 7.922, grad_norm = 2.747
I0315 21:26:43.613711 139611358574336 logging_writer.py:48] [73] global_step=73, grad_norm=3.21924, loss=7.80329
I0315 21:26:43.617641 139630673478848 submission.py:265] 73) loss = 7.803, grad_norm = 3.219
I0315 21:26:44.463842 139611366967040 logging_writer.py:48] [74] global_step=74, grad_norm=2.73937, loss=7.8159
I0315 21:26:44.468165 139630673478848 submission.py:265] 74) loss = 7.816, grad_norm = 2.739
I0315 21:26:45.319811 139611358574336 logging_writer.py:48] [75] global_step=75, grad_norm=3.15482, loss=7.68659
I0315 21:26:45.323644 139630673478848 submission.py:265] 75) loss = 7.687, grad_norm = 3.155
I0315 21:26:47.971831 139611366967040 logging_writer.py:48] [76] global_step=76, grad_norm=2.69392, loss=7.68342
I0315 21:26:47.977074 139630673478848 submission.py:265] 76) loss = 7.683, grad_norm = 2.694
I0315 21:26:48.826871 139611358574336 logging_writer.py:48] [77] global_step=77, grad_norm=2.8729, loss=7.79138
I0315 21:26:48.830787 139630673478848 submission.py:265] 77) loss = 7.791, grad_norm = 2.873
I0315 21:26:49.682657 139611366967040 logging_writer.py:48] [78] global_step=78, grad_norm=2.50302, loss=7.40741
I0315 21:26:49.686158 139630673478848 submission.py:265] 78) loss = 7.407, grad_norm = 2.503
I0315 21:26:50.534039 139611358574336 logging_writer.py:48] [79] global_step=79, grad_norm=2.44562, loss=7.38737
I0315 21:26:50.537309 139630673478848 submission.py:265] 79) loss = 7.387, grad_norm = 2.446
I0315 21:26:52.881667 139611366967040 logging_writer.py:48] [80] global_step=80, grad_norm=3.32186, loss=7.35223
I0315 21:26:52.885091 139630673478848 submission.py:265] 80) loss = 7.352, grad_norm = 3.322
I0315 21:26:53.733720 139611358574336 logging_writer.py:48] [81] global_step=81, grad_norm=2.15104, loss=7.36296
I0315 21:26:53.737739 139630673478848 submission.py:265] 81) loss = 7.363, grad_norm = 2.151
I0315 21:26:54.588629 139611366967040 logging_writer.py:48] [82] global_step=82, grad_norm=2.21004, loss=7.46263
I0315 21:26:54.592620 139630673478848 submission.py:265] 82) loss = 7.463, grad_norm = 2.210
I0315 21:26:55.440935 139611358574336 logging_writer.py:48] [83] global_step=83, grad_norm=2.39412, loss=7.23278
I0315 21:26:55.444622 139630673478848 submission.py:265] 83) loss = 7.233, grad_norm = 2.394
I0315 21:26:57.660705 139611366967040 logging_writer.py:48] [84] global_step=84, grad_norm=2.19901, loss=7.10491
I0315 21:26:57.665207 139630673478848 submission.py:265] 84) loss = 7.105, grad_norm = 2.199
I0315 21:26:58.516872 139611358574336 logging_writer.py:48] [85] global_step=85, grad_norm=2.67943, loss=7.14307
I0315 21:26:58.520787 139630673478848 submission.py:265] 85) loss = 7.143, grad_norm = 2.679
I0315 21:26:59.374608 139611366967040 logging_writer.py:48] [86] global_step=86, grad_norm=2.49032, loss=7.10518
I0315 21:26:59.378527 139630673478848 submission.py:265] 86) loss = 7.105, grad_norm = 2.490
I0315 21:27:00.227710 139611358574336 logging_writer.py:48] [87] global_step=87, grad_norm=2.20791, loss=7.31458
I0315 21:27:00.231189 139630673478848 submission.py:265] 87) loss = 7.315, grad_norm = 2.208
I0315 21:27:02.389068 139611366967040 logging_writer.py:48] [88] global_step=88, grad_norm=2.77626, loss=7.14364
I0315 21:27:02.392423 139630673478848 submission.py:265] 88) loss = 7.144, grad_norm = 2.776
I0315 21:27:03.235810 139611358574336 logging_writer.py:48] [89] global_step=89, grad_norm=2.71184, loss=6.96543
I0315 21:27:03.239183 139630673478848 submission.py:265] 89) loss = 6.965, grad_norm = 2.712
I0315 21:27:04.087986 139611366967040 logging_writer.py:48] [90] global_step=90, grad_norm=2.47919, loss=7.02773
I0315 21:27:04.091977 139630673478848 submission.py:265] 90) loss = 7.028, grad_norm = 2.479
I0315 21:27:04.948009 139611358574336 logging_writer.py:48] [91] global_step=91, grad_norm=2.17021, loss=6.91527
I0315 21:27:04.951442 139630673478848 submission.py:265] 91) loss = 6.915, grad_norm = 2.170
I0315 21:27:06.850385 139611366967040 logging_writer.py:48] [92] global_step=92, grad_norm=2.44498, loss=7.00055
I0315 21:27:06.853625 139630673478848 submission.py:265] 92) loss = 7.001, grad_norm = 2.445
I0315 21:27:07.705606 139611358574336 logging_writer.py:48] [93] global_step=93, grad_norm=2.21932, loss=6.906
I0315 21:27:07.709156 139630673478848 submission.py:265] 93) loss = 6.906, grad_norm = 2.219
I0315 21:27:08.560093 139611366967040 logging_writer.py:48] [94] global_step=94, grad_norm=2.27585, loss=6.84008
I0315 21:27:08.563419 139630673478848 submission.py:265] 94) loss = 6.840, grad_norm = 2.276
I0315 21:27:09.410533 139611358574336 logging_writer.py:48] [95] global_step=95, grad_norm=2.23785, loss=6.81493
