I0315 21:23:10.927770 140105688298688 submission_runner.py:337] Starting training loop.
/usr/local/lib/python3.11/multiprocessing/popen_fork.py:66: RuntimeWarning: os.fork() was called. os.fork() is incompatible with multithreaded code, and JAX is multithreaded, so this will likely lead to a deadlock.
  self.pid = os.fork()
/usr/local/lib/python3.11/multiprocessing/popen_fork.py:66: RuntimeWarning: os.fork() was called. os.fork() is incompatible with multithreaded code, and JAX is multithreaded, so this will likely lead to a deadlock.
  self.pid = os.fork()
/usr/local/lib/python3.11/multiprocessing/popen_fork.py:66: RuntimeWarning: os.fork() was called. os.fork() is incompatible with multithreaded code, and JAX is multithreaded, so this will likely lead to a deadlock.
  self.pid = os.fork()
/usr/local/lib/python3.11/multiprocessing/popen_fork.py:66: RuntimeWarning: os.fork() was called. os.fork() is incompatible with multithreaded code, and JAX is multithreaded, so this will likely lead to a deadlock.
  self.pid = os.fork()
/usr/local/lib/python3.11/multiprocessing/popen_fork.py:66: RuntimeWarning: os.fork() was called. os.fork() is incompatible with multithreaded code, and JAX is multithreaded, so this will likely lead to a deadlock.
  self.pid = os.fork()
/usr/local/lib/python3.11/multiprocessing/popen_fork.py:66: RuntimeWarning: os.fork() was called. os.fork() is incompatible with multithreaded code, and JAX is multithreaded, so this will likely lead to a deadlock.
  self.pid = os.fork()
/usr/local/lib/python3.11/multiprocessing/popen_fork.py:66: RuntimeWarning: os.fork() was called. os.fork() is incompatible with multithreaded code, and JAX is multithreaded, so this will likely lead to a deadlock.
  self.pid = os.fork()
/usr/local/lib/python3.11/multiprocessing/popen_fork.py:66: RuntimeWarning: os.fork() was called. os.fork() is incompatible with multithreaded code, and JAX is multithreaded, so this will likely lead to a deadlock.
  self.pid = os.fork()
/algorithmic-efficiency/algoperf/workloads/librispeech_conformer/librispeech_pytorch/preprocessor.py:488: UserWarning: Specified kernel cache directory could not be created! This disables kernel caching. Specified directory is /root/.cache/torch/kernels. This warning will appear only once per process. (Triggered internally at ../aten/src/ATen/native/cuda/jit_utils.cpp:1442.)
  spectrum = torch.abs(spectrum)
/algorithmic-efficiency/algoperf/workloads/librispeech_conformer/librispeech_pytorch/preprocessor.py:488: UserWarning: Specified kernel cache directory could not be created! This disables kernel caching. Specified directory is /root/.cache/torch/kernels. This warning will appear only once per process. (Triggered internally at ../aten/src/ATen/native/cuda/jit_utils.cpp:1442.)
  spectrum = torch.abs(spectrum)
/algorithmic-efficiency/algoperf/workloads/librispeech_conformer/librispeech_pytorch/preprocessor.py:488: UserWarning: Specified kernel cache directory could not be created! This disables kernel caching. Specified directory is /root/.cache/torch/kernels. This warning will appear only once per process. (Triggered internally at ../aten/src/ATen/native/cuda/jit_utils.cpp:1442.)
  spectrum = torch.abs(spectrum)
/algorithmic-efficiency/algoperf/workloads/librispeech_conformer/librispeech_pytorch/preprocessor.py:488: UserWarning: Specified kernel cache directory could not be created! This disables kernel caching. Specified directory is /root/.cache/torch/kernels. This warning will appear only once per process. (Triggered internally at ../aten/src/ATen/native/cuda/jit_utils.cpp:1442.)
  spectrum = torch.abs(spectrum)
/algorithmic-efficiency/algoperf/workloads/librispeech_conformer/librispeech_pytorch/preprocessor.py:488: UserWarning: Specified kernel cache directory could not be created! This disables kernel caching. Specified directory is /root/.cache/torch/kernels. This warning will appear only once per process. (Triggered internally at ../aten/src/ATen/native/cuda/jit_utils.cpp:1442.)
  spectrum = torch.abs(spectrum)
/algorithmic-efficiency/algoperf/workloads/librispeech_conformer/librispeech_pytorch/preprocessor.py:488: UserWarning: Specified kernel cache directory could not be created! This disables kernel caching. Specified directory is /root/.cache/torch/kernels. This warning will appear only once per process. (Triggered internally at ../aten/src/ATen/native/cuda/jit_utils.cpp:1442.)
  spectrum = torch.abs(spectrum)
/algorithmic-efficiency/algoperf/workloads/librispeech_conformer/librispeech_pytorch/preprocessor.py:488: UserWarning: Specified kernel cache directory could not be created! This disables kernel caching. Specified directory is /root/.cache/torch/kernels. This warning will appear only once per process. (Triggered internally at ../aten/src/ATen/native/cuda/jit_utils.cpp:1442.)
  spectrum = torch.abs(spectrum)
I0315 21:24:49.673213 140087899662080 logging_writer.py:48] [0] global_step=0, grad_norm=21.7338, loss=33.6568
I0315 21:24:49.927542 140105688298688 submission.py:265] 0) loss = 33.657, grad_norm = 21.734
I0315 21:24:50.430648 140105688298688 spec.py:321] Evaluating on the training split.
I0315 21:24:50.431609 140105688298688 input_pipeline.py:20] Loading split = train-clean-100
I0315 21:24:50.458646 140105688298688 input_pipeline.py:20] Loading split = train-clean-360
I0315 21:24:50.553758 140105688298688 input_pipeline.py:20] Loading split = train-other-500
/usr/local/lib/python3.11/multiprocessing/popen_fork.py:66: RuntimeWarning: os.fork() was called. os.fork() is incompatible with multithreaded code, and JAX is multithreaded, so this will likely lead to a deadlock.
  self.pid = os.fork()
/usr/local/lib/python3.11/multiprocessing/popen_fork.py:66: RuntimeWarning: os.fork() was called. os.fork() is incompatible with multithreaded code, and JAX is multithreaded, so this will likely lead to a deadlock.
  self.pid = os.fork()
/usr/local/lib/python3.11/multiprocessing/popen_fork.py:66: RuntimeWarning: os.fork() was called. os.fork() is incompatible with multithreaded code, and JAX is multithreaded, so this will likely lead to a deadlock.
  self.pid = os.fork()
/usr/local/lib/python3.11/multiprocessing/popen_fork.py:66: RuntimeWarning: os.fork() was called. os.fork() is incompatible with multithreaded code, and JAX is multithreaded, so this will likely lead to a deadlock.
  self.pid = os.fork()
/usr/local/lib/python3.11/multiprocessing/popen_fork.py:66: RuntimeWarning: os.fork() was called. os.fork() is incompatible with multithreaded code, and JAX is multithreaded, so this will likely lead to a deadlock.
  self.pid = os.fork()
/usr/local/lib/python3.11/multiprocessing/popen_fork.py:66: RuntimeWarning: os.fork() was called. os.fork() is incompatible with multithreaded code, and JAX is multithreaded, so this will likely lead to a deadlock.
  self.pid = os.fork()
/usr/local/lib/python3.11/multiprocessing/popen_fork.py:66: RuntimeWarning: os.fork() was called. os.fork() is incompatible with multithreaded code, and JAX is multithreaded, so this will likely lead to a deadlock.
  self.pid = os.fork()
/usr/local/lib/python3.11/multiprocessing/popen_fork.py:66: RuntimeWarning: os.fork() was called. os.fork() is incompatible with multithreaded code, and JAX is multithreaded, so this will likely lead to a deadlock.
  self.pid = os.fork()
I0315 21:25:27.879343 140105688298688 spec.py:333] Evaluating on the validation split.
I0315 21:25:27.880597 140105688298688 input_pipeline.py:20] Loading split = dev-clean
I0315 21:25:27.972686 140105688298688 input_pipeline.py:20] Loading split = dev-other
/usr/local/lib/python3.11/multiprocessing/popen_fork.py:66: RuntimeWarning: os.fork() was called. os.fork() is incompatible with multithreaded code, and JAX is multithreaded, so this will likely lead to a deadlock.
  self.pid = os.fork()
/usr/local/lib/python3.11/multiprocessing/popen_fork.py:66: RuntimeWarning: os.fork() was called. os.fork() is incompatible with multithreaded code, and JAX is multithreaded, so this will likely lead to a deadlock.
  self.pid = os.fork()
/usr/local/lib/python3.11/multiprocessing/popen_fork.py:66: RuntimeWarning: os.fork() was called. os.fork() is incompatible with multithreaded code, and JAX is multithreaded, so this will likely lead to a deadlock.
  self.pid = os.fork()
/usr/local/lib/python3.11/multiprocessing/popen_fork.py:66: RuntimeWarning: os.fork() was called. os.fork() is incompatible with multithreaded code, and JAX is multithreaded, so this will likely lead to a deadlock.
  self.pid = os.fork()
/usr/local/lib/python3.11/multiprocessing/popen_fork.py:66: RuntimeWarning: os.fork() was called. os.fork() is incompatible with multithreaded code, and JAX is multithreaded, so this will likely lead to a deadlock.
  self.pid = os.fork()
/usr/local/lib/python3.11/multiprocessing/popen_fork.py:66: RuntimeWarning: os.fork() was called. os.fork() is incompatible with multithreaded code, and JAX is multithreaded, so this will likely lead to a deadlock.
  self.pid = os.fork()
/usr/local/lib/python3.11/multiprocessing/popen_fork.py:66: RuntimeWarning: os.fork() was called. os.fork() is incompatible with multithreaded code, and JAX is multithreaded, so this will likely lead to a deadlock.
  self.pid = os.fork()
/usr/local/lib/python3.11/multiprocessing/popen_fork.py:66: RuntimeWarning: os.fork() was called. os.fork() is incompatible with multithreaded code, and JAX is multithreaded, so this will likely lead to a deadlock.
  self.pid = os.fork()
I0315 21:25:50.387048 140105688298688 spec.py:349] Evaluating on the test split.
I0315 21:25:50.388509 140105688298688 input_pipeline.py:20] Loading split = test-clean
I0315 21:26:02.690756 140105688298688 submission_runner.py:469] Time since start: 171.76s, 	Step: 1, 	{'train/ctc_loss': 32.02345166483097, 'train/wer': 3.4218259156977533, 'validation/ctc_loss': 30.712537423512277, 'validation/wer': 3.2143098537150583, 'validation/num_examples': 5348, 'test/ctc_loss': 30.776110975656703, 'test/wer': 3.269961204882904, 'test/num_examples': 2472, 'score': 99.00108575820923, 'total_duration': 171.76258611679077, 'accumulated_submission_time': 99.00108575820923, 'accumulated_eval_time': 72.25974869728088, 'accumulated_logging_time': 0}
I0315 21:26:02.710631 140084821096192 logging_writer.py:48] [1] accumulated_eval_time=72.2597, accumulated_logging_time=0, accumulated_submission_time=99.0011, global_step=1, preemption_count=0, score=99.0011, test/ctc_loss=30.7761, test/num_examples=2472, test/wer=3.26996, total_duration=171.763, train/ctc_loss=32.0235, train/wer=3.42183, validation/ctc_loss=30.7125, validation/num_examples=5348, validation/wer=3.21431
I0315 21:26:04.381543 140084812703488 logging_writer.py:48] [1] global_step=1, grad_norm=20.8009, loss=32.5255
I0315 21:26:04.385428 140105688298688 submission.py:265] 1) loss = 32.525, grad_norm = 20.801
I0315 21:26:05.245240 140084821096192 logging_writer.py:48] [2] global_step=2, grad_norm=26.2043, loss=33.0656
I0315 21:26:05.249491 140105688298688 submission.py:265] 2) loss = 33.066, grad_norm = 26.204
I0315 21:26:06.104125 140084812703488 logging_writer.py:48] [3] global_step=3, grad_norm=41.1576, loss=31.962
I0315 21:26:06.108055 140105688298688 submission.py:265] 3) loss = 31.962, grad_norm = 41.158
I0315 21:26:06.965395 140084821096192 logging_writer.py:48] [4] global_step=4, grad_norm=51.8855, loss=29.2311
I0315 21:26:06.969375 140105688298688 submission.py:265] 4) loss = 29.231, grad_norm = 51.886
I0315 21:26:07.819458 140084812703488 logging_writer.py:48] [5] global_step=5, grad_norm=36.8275, loss=26.6746
I0315 21:26:07.823621 140105688298688 submission.py:265] 5) loss = 26.675, grad_norm = 36.828
I0315 21:26:08.684994 140084821096192 logging_writer.py:48] [6] global_step=6, grad_norm=26.6443, loss=23.7876
I0315 21:26:08.688659 140105688298688 submission.py:265] 6) loss = 23.788, grad_norm = 26.644
I0315 21:26:09.544602 140084812703488 logging_writer.py:48] [7] global_step=7, grad_norm=26.3491, loss=21.6278
I0315 21:26:09.548364 140105688298688 submission.py:265] 7) loss = 21.628, grad_norm = 26.349
I0315 21:26:10.403125 140084821096192 logging_writer.py:48] [8] global_step=8, grad_norm=24.292, loss=18.3678
I0315 21:26:10.407006 140105688298688 submission.py:265] 8) loss = 18.368, grad_norm = 24.292
I0315 21:26:11.253969 140084812703488 logging_writer.py:48] [9] global_step=9, grad_norm=19.2763, loss=15.8836
I0315 21:26:11.257811 140105688298688 submission.py:265] 9) loss = 15.884, grad_norm = 19.276
I0315 21:26:12.113266 140084821096192 logging_writer.py:48] [10] global_step=10, grad_norm=18.3758, loss=14.7142
I0315 21:26:12.117243 140105688298688 submission.py:265] 10) loss = 14.714, grad_norm = 18.376
I0315 21:26:12.974925 140084812703488 logging_writer.py:48] [11] global_step=11, grad_norm=19.4138, loss=13.0001
I0315 21:26:12.979543 140105688298688 submission.py:265] 11) loss = 13.000, grad_norm = 19.414
I0315 21:26:13.835722 140084821096192 logging_writer.py:48] [12] global_step=12, grad_norm=14.0598, loss=12.2082
I0315 21:26:13.839745 140105688298688 submission.py:265] 12) loss = 12.208, grad_norm = 14.060
I0315 21:26:14.690626 140084812703488 logging_writer.py:48] [13] global_step=13, grad_norm=9.77651, loss=11.3854
I0315 21:26:14.694436 140105688298688 submission.py:265] 13) loss = 11.385, grad_norm = 9.777
I0315 21:26:15.560911 140084821096192 logging_writer.py:48] [14] global_step=14, grad_norm=8.56516, loss=10.81
I0315 21:26:15.564939 140105688298688 submission.py:265] 14) loss = 10.810, grad_norm = 8.565
I0315 21:26:16.413150 140084812703488 logging_writer.py:48] [15] global_step=15, grad_norm=9.25139, loss=10.7932
I0315 21:26:16.416826 140105688298688 submission.py:265] 15) loss = 10.793, grad_norm = 9.251
I0315 21:26:17.265161 140084821096192 logging_writer.py:48] [16] global_step=16, grad_norm=12.9356, loss=9.98657
I0315 21:26:17.269139 140105688298688 submission.py:265] 16) loss = 9.987, grad_norm = 12.936
I0315 21:26:18.363008 140084812703488 logging_writer.py:48] [17] global_step=17, grad_norm=16.7112, loss=10.5174
I0315 21:26:18.366583 140105688298688 submission.py:265] 17) loss = 10.517, grad_norm = 16.711
I0315 21:26:19.224078 140084821096192 logging_writer.py:48] [18] global_step=18, grad_norm=24.5376, loss=9.6312
I0315 21:26:19.228005 140105688298688 submission.py:265] 18) loss = 9.631, grad_norm = 24.538
I0315 21:26:21.440696 140084812703488 logging_writer.py:48] [19] global_step=19, grad_norm=8.63811, loss=9.65289
I0315 21:26:21.444372 140105688298688 submission.py:265] 19) loss = 9.653, grad_norm = 8.638
I0315 21:26:22.296628 140084821096192 logging_writer.py:48] [20] global_step=20, grad_norm=12.2002, loss=10.1203
I0315 21:26:22.300409 140105688298688 submission.py:265] 20) loss = 10.120, grad_norm = 12.200
I0315 21:26:23.408093 140084812703488 logging_writer.py:48] [21] global_step=21, grad_norm=9.16198, loss=9.35419
I0315 21:26:23.411774 140105688298688 submission.py:265] 21) loss = 9.354, grad_norm = 9.162
I0315 21:26:24.268244 140084821096192 logging_writer.py:48] [22] global_step=22, grad_norm=8.90099, loss=9.02535
I0315 21:26:24.272107 140105688298688 submission.py:265] 22) loss = 9.025, grad_norm = 8.901
I0315 21:26:26.336595 140084812703488 logging_writer.py:48] [23] global_step=23, grad_norm=11.9091, loss=8.45978
I0315 21:26:26.340372 140105688298688 submission.py:265] 23) loss = 8.460, grad_norm = 11.909
I0315 21:26:27.190867 140084821096192 logging_writer.py:48] [24] global_step=24, grad_norm=12.4534, loss=8.28794
I0315 21:26:27.194713 140105688298688 submission.py:265] 24) loss = 8.288, grad_norm = 12.453
I0315 21:26:28.663390 140084812703488 logging_writer.py:48] [25] global_step=25, grad_norm=10.4086, loss=7.44807
I0315 21:26:28.667047 140105688298688 submission.py:265] 25) loss = 7.448, grad_norm = 10.409
I0315 21:26:29.541392 140084821096192 logging_writer.py:48] [26] global_step=26, grad_norm=11.805, loss=7.20448
I0315 21:26:29.545097 140105688298688 submission.py:265] 26) loss = 7.204, grad_norm = 11.805
I0315 21:26:31.253694 140084812703488 logging_writer.py:48] [27] global_step=27, grad_norm=25.1801, loss=7.79291
I0315 21:26:31.257311 140105688298688 submission.py:265] 27) loss = 7.793, grad_norm = 25.180
I0315 21:26:32.110997 140084821096192 logging_writer.py:48] [28] global_step=28, grad_norm=30.7253, loss=9.01263
I0315 21:26:32.114375 140105688298688 submission.py:265] 28) loss = 9.013, grad_norm = 30.725
I0315 21:26:33.893197 140084812703488 logging_writer.py:48] [29] global_step=29, grad_norm=42.623, loss=9.68562
I0315 21:26:33.896678 140105688298688 submission.py:265] 29) loss = 9.686, grad_norm = 42.623
I0315 21:26:34.752294 140084821096192 logging_writer.py:48] [30] global_step=30, grad_norm=33.0264, loss=11.4591
I0315 21:26:34.755896 140105688298688 submission.py:265] 30) loss = 11.459, grad_norm = 33.026
I0315 21:26:36.283434 140084812703488 logging_writer.py:48] [31] global_step=31, grad_norm=7.09856, loss=7.25572
I0315 21:26:36.286944 140105688298688 submission.py:265] 31) loss = 7.256, grad_norm = 7.099
I0315 21:26:37.144515 140084821096192 logging_writer.py:48] [32] global_step=32, grad_norm=8.17993, loss=7.07439
I0315 21:26:37.148057 140105688298688 submission.py:265] 32) loss = 7.074, grad_norm = 8.180
I0315 21:26:38.718193 140084812703488 logging_writer.py:48] [33] global_step=33, grad_norm=7.11727, loss=7.05963
I0315 21:26:38.721818 140105688298688 submission.py:265] 33) loss = 7.060, grad_norm = 7.117
I0315 21:26:39.574195 140084821096192 logging_writer.py:48] [34] global_step=34, grad_norm=12.4625, loss=7.12304
I0315 21:26:39.577610 140105688298688 submission.py:265] 34) loss = 7.123, grad_norm = 12.463
I0315 21:26:41.118309 140084812703488 logging_writer.py:48] [35] global_step=35, grad_norm=19.7071, loss=7.56784
I0315 21:26:41.121823 140105688298688 submission.py:265] 35) loss = 7.568, grad_norm = 19.707
I0315 21:26:41.971483 140084821096192 logging_writer.py:48] [36] global_step=36, grad_norm=25.4254, loss=8.4789
I0315 21:26:41.974788 140105688298688 submission.py:265] 36) loss = 8.479, grad_norm = 25.425
I0315 21:26:44.011316 140084812703488 logging_writer.py:48] [37] global_step=37, grad_norm=25.6129, loss=8.4636
I0315 21:26:44.016083 140105688298688 submission.py:265] 37) loss = 8.464, grad_norm = 25.613
I0315 21:26:44.869132 140084821096192 logging_writer.py:48] [38] global_step=38, grad_norm=23.782, loss=8.19889
I0315 21:26:44.872769 140105688298688 submission.py:265] 38) loss = 8.199, grad_norm = 23.782
I0315 21:26:46.167037 140084812703488 logging_writer.py:48] [39] global_step=39, grad_norm=20.0627, loss=7.92231
I0315 21:26:46.170288 140105688298688 submission.py:265] 39) loss = 7.922, grad_norm = 20.063
I0315 21:26:47.031182 140084821096192 logging_writer.py:48] [40] global_step=40, grad_norm=15.0192, loss=7.58704
I0315 21:26:47.034784 140105688298688 submission.py:265] 40) loss = 7.587, grad_norm = 15.019
I0315 21:26:48.594249 140084812703488 logging_writer.py:48] [41] global_step=41, grad_norm=8.13299, loss=6.94717
I0315 21:26:48.597801 140105688298688 submission.py:265] 41) loss = 6.947, grad_norm = 8.133
I0315 21:26:49.449685 140084821096192 logging_writer.py:48] [42] global_step=42, grad_norm=2.66914, loss=6.76071
I0315 21:26:49.452993 140105688298688 submission.py:265] 42) loss = 6.761, grad_norm = 2.669
I0315 21:26:50.935479 140084812703488 logging_writer.py:48] [43] global_step=43, grad_norm=5.54915, loss=6.94471
I0315 21:26:50.938838 140105688298688 submission.py:265] 43) loss = 6.945, grad_norm = 5.549
I0315 21:26:51.795395 140084821096192 logging_writer.py:48] [44] global_step=44, grad_norm=2.77987, loss=6.95742
I0315 21:26:51.798609 140105688298688 submission.py:265] 44) loss = 6.957, grad_norm = 2.780
I0315 21:26:53.390459 140084812703488 logging_writer.py:48] [45] global_step=45, grad_norm=3.10359, loss=6.74479
I0315 21:26:53.393860 140105688298688 submission.py:265] 45) loss = 6.745, grad_norm = 3.104
I0315 21:26:54.244218 140084821096192 logging_writer.py:48] [46] global_step=46, grad_norm=3.85007, loss=6.48794
I0315 21:26:54.247477 140105688298688 submission.py:265] 46) loss = 6.488, grad_norm = 3.850
I0315 21:26:55.398540 140084812703488 logging_writer.py:48] [47] global_step=47, grad_norm=3.69272, loss=6.64292
I0315 21:26:55.402136 140105688298688 submission.py:265] 47) loss = 6.643, grad_norm = 3.693
I0315 21:26:56.255141 140084821096192 logging_writer.py:48] [48] global_step=48, grad_norm=4.04091, loss=6.61864
I0315 21:26:56.258420 140105688298688 submission.py:265] 48) loss = 6.619, grad_norm = 4.041
I0315 21:26:58.239465 140084812703488 logging_writer.py:48] [49] global_step=49, grad_norm=8.62041, loss=6.50605
I0315 21:26:58.242885 140105688298688 submission.py:265] 49) loss = 6.506, grad_norm = 8.620
I0315 21:26:59.097719 140084821096192 logging_writer.py:48] [50] global_step=50, grad_norm=27.8621, loss=7.62978
I0315 21:26:59.101078 140105688298688 submission.py:265] 50) loss = 7.630, grad_norm = 27.862
I0315 21:27:00.357934 140084812703488 logging_writer.py:48] [51] global_step=51, grad_norm=29.0554, loss=13.2994
I0315 21:27:00.361930 140105688298688 submission.py:265] 51) loss = 13.299, grad_norm = 29.055
I0315 21:27:01.207467 140084821096192 logging_writer.py:48] [52] global_step=52, grad_norm=1.89018, loss=6.5226
I0315 21:27:01.210856 140105688298688 submission.py:265] 52) loss = 6.523, grad_norm = 1.890
I0315 21:27:03.122560 140084812703488 logging_writer.py:48] [53] global_step=53, grad_norm=21.3218, loss=7.35524
I0315 21:27:03.126114 140105688298688 submission.py:265] 53) loss = 7.355, grad_norm = 21.322
I0315 21:27:03.977628 140084821096192 logging_writer.py:48] [54] global_step=54, grad_norm=26.9803, loss=10.4177
I0315 21:27:03.981106 140105688298688 submission.py:265] 54) loss = 10.418, grad_norm = 26.980
I0315 21:27:04.928871 140084812703488 logging_writer.py:48] [55] global_step=55, grad_norm=37.6537, loss=9.50648
I0315 21:27:04.932250 140105688298688 submission.py:265] 55) loss = 9.506, grad_norm = 37.654
I0315 21:27:05.974511 140084821096192 logging_writer.py:48] [56] global_step=56, grad_norm=28.9969, loss=15.3863
I0315 21:27:05.978081 140105688298688 submission.py:265] 56) loss = 15.386, grad_norm = 28.997
I0315 21:27:07.984519 140084812703488 logging_writer.py:48] [57] global_step=57, grad_norm=9.92098, loss=7.14333
I0315 21:27:07.987923 140105688298688 submission.py:265] 57) loss = 7.143, grad_norm = 9.921
I0315 21:27:08.840751 140084821096192 logging_writer.py:48] [58] global_step=58, grad_norm=19.6375, loss=8.37256
I0315 21:27:08.844599 140105688298688 submission.py:265] 58) loss = 8.373, grad_norm = 19.638
I0315 21:27:09.832842 140084812703488 logging_writer.py:48] [59] global_step=59, grad_norm=4.72612, loss=7.03437
I0315 21:27:09.836289 140105688298688 submission.py:265] 59) loss = 7.034, grad_norm = 4.726
I0315 21:27:10.851591 140084821096192 logging_writer.py:48] [60] global_step=60, grad_norm=2.32445, loss=7.03933
I0315 21:27:10.854850 140105688298688 submission.py:265] 60) loss = 7.039, grad_norm = 2.324
I0315 21:27:12.946022 140084812703488 logging_writer.py:48] [61] global_step=61, grad_norm=1.42763, loss=7.01955
I0315 21:27:12.949863 140105688298688 submission.py:265] 61) loss = 7.020, grad_norm = 1.428
I0315 21:27:13.805758 140084821096192 logging_writer.py:48] [62] global_step=62, grad_norm=3.1985, loss=6.81919
I0315 21:27:13.809701 140105688298688 submission.py:265] 62) loss = 6.819, grad_norm = 3.199
I0315 21:27:14.683392 140084812703488 logging_writer.py:48] [63] global_step=63, grad_norm=3.0374, loss=7.21018
I0315 21:27:14.686875 140105688298688 submission.py:265] 63) loss = 7.210, grad_norm = 3.037
I0315 21:27:15.618276 140084821096192 logging_writer.py:48] [64] global_step=64, grad_norm=7.5113, loss=7.38304
I0315 21:27:15.621712 140105688298688 submission.py:265] 64) loss = 7.383, grad_norm = 7.511
I0315 21:27:17.861987 140084812703488 logging_writer.py:48] [65] global_step=65, grad_norm=1.54515, loss=6.93582
I0315 21:27:17.865679 140105688298688 submission.py:265] 65) loss = 6.936, grad_norm = 1.545
I0315 21:27:18.717754 140084821096192 logging_writer.py:48] [66] global_step=66, grad_norm=5.39851, loss=6.90141
I0315 21:27:18.721153 140105688298688 submission.py:265] 66) loss = 6.901, grad_norm = 5.399
I0315 21:27:19.700865 140084812703488 logging_writer.py:48] [67] global_step=67, grad_norm=1.36232, loss=6.91065
I0315 21:27:19.704644 140105688298688 submission.py:265] 67) loss = 6.911, grad_norm = 1.362
I0315 21:27:20.560624 140084821096192 logging_writer.py:48] [68] global_step=68, grad_norm=2.18594, loss=6.98718
I0315 21:27:20.564154 140105688298688 submission.py:265] 68) loss = 6.987, grad_norm = 2.186
I0315 21:27:22.084502 140084812703488 logging_writer.py:48] [69] global_step=69, grad_norm=1.9465, loss=7.02758
I0315 21:27:22.087776 140105688298688 submission.py:265] 69) loss = 7.028, grad_norm = 1.946
I0315 21:27:22.938167 140084821096192 logging_writer.py:48] [70] global_step=70, grad_norm=2.9637, loss=7.06973
I0315 21:27:22.942052 140105688298688 submission.py:265] 70) loss = 7.070, grad_norm = 2.964
I0315 21:27:25.023291 140084812703488 logging_writer.py:48] [71] global_step=71, grad_norm=1.93576, loss=6.87329
I0315 21:27:25.026644 140105688298688 submission.py:265] 71) loss = 6.873, grad_norm = 1.936
I0315 21:27:25.878147 140084821096192 logging_writer.py:48] [72] global_step=72, grad_norm=1.27814, loss=6.88029
I0315 21:27:25.881594 140105688298688 submission.py:265] 72) loss = 6.880, grad_norm = 1.278
I0315 21:27:27.219857 140084812703488 logging_writer.py:48] [73] global_step=73, grad_norm=2.27836, loss=6.86102
I0315 21:27:27.223105 140105688298688 submission.py:265] 73) loss = 6.861, grad_norm = 2.278
I0315 21:27:28.069419 140084821096192 logging_writer.py:48] [74] global_step=74, grad_norm=1.05267, loss=6.87021
I0315 21:27:28.072841 140105688298688 submission.py:265] 74) loss = 6.870, grad_norm = 1.053
I0315 21:27:29.931150 140084812703488 logging_writer.py:48] [75] global_step=75, grad_norm=4.92867, loss=6.67683
I0315 21:27:29.934388 140105688298688 submission.py:265] 75) loss = 6.677, grad_norm = 4.929
I0315 21:27:30.786085 140084821096192 logging_writer.py:48] [76] global_step=76, grad_norm=4.11834, loss=6.58489
I0315 21:27:30.789653 140105688298688 submission.py:265] 76) loss = 6.585, grad_norm = 4.118
I0315 21:27:32.038009 140084812703488 logging_writer.py:48] [77] global_step=77, grad_norm=1.04482, loss=6.5749
I0315 21:27:32.041553 140105688298688 submission.py:265] 77) loss = 6.575, grad_norm = 1.045
I0315 21:27:32.972548 140084821096192 logging_writer.py:48] [78] global_step=78, grad_norm=1.09933, loss=6.49677
I0315 21:27:32.976251 140105688298688 submission.py:265] 78) loss = 6.497, grad_norm = 1.099
I0315 21:27:34.866690 140084812703488 logging_writer.py:48] [79] global_step=79, grad_norm=0.819902, loss=6.47203
I0315 21:27:34.870069 140105688298688 submission.py:265] 79) loss = 6.472, grad_norm = 0.820
I0315 21:27:35.723910 140084821096192 logging_writer.py:48] [80] global_step=80, grad_norm=0.664671, loss=6.43784
I0315 21:27:35.727979 140105688298688 submission.py:265] 80) loss = 6.438, grad_norm = 0.665
I0315 21:27:37.275191 140084812703488 logging_writer.py:48] [81] global_step=81, grad_norm=1.52485, loss=6.45373
I0315 21:27:37.278819 140105688298688 submission.py:265] 81) loss = 6.454, grad_norm = 1.525
I0315 21:27:38.132034 140084821096192 logging_writer.py:48] [82] global_step=82, grad_norm=2.08632, loss=6.44663
I0315 21:27:38.135383 140105688298688 submission.py:265] 82) loss = 6.447, grad_norm = 2.086
I0315 21:27:39.625591 140084812703488 logging_writer.py:48] [83] global_step=83, grad_norm=1.70892, loss=6.35449
I0315 21:27:39.629725 140105688298688 submission.py:265] 83) loss = 6.354, grad_norm = 1.709
I0315 21:27:40.479650 140084821096192 logging_writer.py:48] [84] global_step=84, grad_norm=3.9388, loss=6.51894
I0315 21:27:40.483157 140105688298688 submission.py:265] 84) loss = 6.519, grad_norm = 3.939
I0315 21:27:41.980463 140084812703488 logging_writer.py:48] [85] global_step=85, grad_norm=6.65371, loss=6.57413
I0315 21:27:41.983777 140105688298688 submission.py:265] 85) loss = 6.574, grad_norm = 6.654
I0315 21:27:43.198368 140084821096192 logging_writer.py:48] [86] global_step=86, grad_norm=11.2144, loss=7.11273
I0315 21:27:43.202468 140105688298688 submission.py:265] 86) loss = 7.113, grad_norm = 11.214
I0315 21:27:44.443423 140084812703488 logging_writer.py:48] [87] global_step=87, grad_norm=10.0307, loss=7.94791
I0315 21:27:44.447880 140105688298688 submission.py:265] 87) loss = 7.948, grad_norm = 10.031
I0315 21:27:45.304467 140084821096192 logging_writer.py:48] [88] global_step=88, grad_norm=2.08521, loss=6.54848
I0315 21:27:45.308472 140105688298688 submission.py:265] 88) loss = 6.548, grad_norm = 2.085
I0315 21:27:46.711070 140084812703488 logging_writer.py:48] [89] global_step=89, grad_norm=1.2305, loss=6.64825
I0315 21:27:46.714459 140105688298688 submission.py:265] 89) loss = 6.648, grad_norm = 1.230
I0315 21:27:48.097059 140084821096192 logging_writer.py:48] [90] global_step=90, grad_norm=2.83593, loss=6.58932
I0315 21:27:48.100929 140105688298688 submission.py:265] 90) loss = 6.589, grad_norm = 2.836
I0315 21:27:49.088774 140084812703488 logging_writer.py:48] [91] global_step=91, grad_norm=2.79856, loss=6.6688
I0315 21:27:49.091970 140105688298688 submission.py:265] 91) loss = 6.669, grad_norm = 2.799
I0315 21:27:49.946644 140084821096192 logging_writer.py:48] [92] global_step=92, grad_norm=5.23648, loss=6.77009
I0315 21:27:49.950616 140105688298688 submission.py:265] 92) loss = 6.770, grad_norm = 5.236
I0315 21:27:51.651377 140084812703488 logging_writer.py:48] [93] global_step=93, grad_norm=6.83873, loss=7.03851
I0315 21:27:51.654927 140105688298688 submission.py:265] 93) loss = 7.039, grad_norm = 6.839
I0315 21:27:52.964671 140084821096192 logging_writer.py:48] [94] global_step=94, grad_norm=7.60146, loss=6.9568
I0315 21:27:52.967962 140105688298688 submission.py:265] 94) loss = 6.957, grad_norm = 7.601
I0315 21:27:54.034283 140084812703488 logging_writer.py:48] [95] global_step=95, grad_norm=6.01466, loss=6.85177
I0315 21:27:54.037634 140105688298688 submission.py:265] 95) loss = 6.852, grad_norm = 6.015
I0315 21:27:54.895237 140084821096192 logging_writer.py:48] [96] global_step=96, grad_norm=4.60712, loss=6.66575
I0315 21:27:54.898751 140105688298688 submission.py:265] 96) loss = 6.666, grad_norm = 4.607
I0315 21:27:56.769689 140084812703488 logging_writer.py:48] [97] global_step=97, grad_norm=6.53273, loss=6.86173
I0315 21:27:56.773187 140105688298688 submission.py:265] 97) loss = 6.862, grad_norm = 6.533
I0315 21:27:58.249124 140084821096192 logging_writer.py:48] [98] global_step=98, grad_norm=7.13413, loss=6.62932
I0315 21:27:58.252807 140105688298688 submission.py:265] 98) loss = 6.629, grad_norm = 7.134
I0315 21:28:03.526616 140084812703488 logging_writer.py:48] [99] global_step=99, grad_norm=8.17383, loss=6.9379
I0315 21:28:03.530492 140105688298688 submission.py:265] 99) loss = 6.938, grad_norm = 8.174
I0315 21:28:04.387442 140084821096192 logging_writer.py:48] [100] global_step=100, grad_norm=6.63922, loss=6.77766
I0315 21:28:04.391391 140105688298688 submission.py:265] 100) loss = 6.778, grad_norm = 6.639
[rank2]: Traceback (most recent call last):
[rank2]:   File "/algorithmic-efficiency/submission_runner.py", line 766, in <module>
[rank2]:     app.run(main)
[rank2]:   File "/usr/local/lib/python3.11/site-packages/absl/app.py", line 308, in run
[rank2]:     _run_main(main, args)
[rank2]:   File "/usr/local/lib/python3.11/site-packages/absl/app.py", line 254, in _run_main
[rank2]:     sys.exit(main(argv))
[rank2]:              ^^^^^^^^^^
[rank2]:   File "/algorithmic-efficiency/submission_runner.py", line 734, in main
[rank2]:     score = score_submission_on_workload(
[rank2]:             ^^^^^^^^^^^^^^^^^^^^^^^^^^^^^
[rank2]:   File "/algorithmic-efficiency/submission_runner.py", line 630, in score_submission_on_workload
[rank2]:     timing, metrics = train_once(workload, workload_name,
[rank2]:                       ^^^^^^^^^^^^^^^^^^^^^^^^^^^^^^^^^^^
[rank2]:   File "/algorithmic-efficiency/submission_runner.py", line 361, in train_once
[rank2]:     optimizer_state, model_params, model_state = update_params(
[rank2]:                                                  ^^^^^^^^^^^^^^
[rank2]:   File "/algorithmic-efficiency/submissions_algorithms/leaderboard/external_tuning/shampoo_submission/submission.py", line 241, in update_params
[rank2]:     optimizer_state['optimizer'].step()
[rank2]:   File "/usr/local/lib/python3.11/site-packages/torch/optim/lr_scheduler.py", line 137, in wrapper
[rank2]:     return func.__get__(opt, opt.__class__)(*args, **kwargs)
[rank2]:            ^^^^^^^^^^^^^^^^^^^^^^^^^^^^^^^^^^^^^^^^^^^^^^^^^
[rank2]:   File "/usr/local/lib/python3.11/site-packages/torch/optim/optimizer.py", line 487, in wrapper
[rank2]:     out = func(*args, **kwargs)
[rank2]:           ^^^^^^^^^^^^^^^^^^^^^
[rank2]:   File "/usr/local/lib/python3.11/site-packages/torch/utils/_contextlib.py", line 116, in decorate_context
[rank2]:     return func(*args, **kwargs)
[rank2]:            ^^^^^^^^^^^^^^^^^^^^^
[rank2]:   File "/algorithmic-efficiency/submissions_algorithms/leaderboard/external_tuning/shampoo_submission/optimizers/distributed_shampoo/distributed_shampoo.py", line 954, in step
[rank2]:     self._per_group_step(
[rank2]:   File "/usr/local/lib/python3.11/site-packages/torch/utils/_contextlib.py", line 116, in decorate_context
[rank2]:     return func(*args, **kwargs)
[rank2]:            ^^^^^^^^^^^^^^^^^^^^^
[rank2]:   File "/algorithmic-efficiency/submissions_algorithms/leaderboard/external_tuning/shampoo_submission/optimizers/distributed_shampoo/distributed_shampoo.py", line 781, in _per_group_step_impl
[rank2]:     self._compute_root_inverse(state_lists, compute_root_inverse)
[rank2]:   File "/usr/local/lib/python3.11/site-packages/torch/utils/_contextlib.py", line 116, in decorate_context
[rank2]:     return func(*args, **kwargs)
[rank2]:            ^^^^^^^^^^^^^^^^^^^^^
[rank2]:   File "/usr/local/lib/python3.11/site-packages/torch/_dynamo/eval_frame.py", line 632, in _fn
[rank2]:     return fn(*args, **kwargs)
[rank2]:            ^^^^^^^^^^^^^^^^^^^
[rank2]:   File "/algorithmic-efficiency/submissions_algorithms/leaderboard/external_tuning/shampoo_submission/optimizers/distributed_shampoo/distributed_shampoo.py", line 732, in _compute_root_inverse
[rank2]:     state_lists[SHAMPOO_PRECONDITIONER_LIST].compute_root_inverse()
[rank2]:   File "/algorithmic-efficiency/submissions_algorithms/leaderboard/external_tuning/shampoo_submission/optimizers/distributed_shampoo/utils/shampoo_preconditioner_list.py", line 766, in compute_root_inverse
[rank2]:     raise ValueError(
[rank2]: ValueError: Encountered nan values in bias-corrected factor matrix 4.block_1.0! To mitigate, check if nan inputs are being passed into the network or nan gradients are being passed to the optimizer.For debugging purposes, factor_matrix 4.block_1.0: torch.min(factor_matrix)=tensor(nan, device='cuda:2'), torch.max(factor_matrix)=tensor(nan, device='cuda:2'), factor_matrix.isinf().any()=tensor(False, device='cuda:2'), factor_matrix.isnan().any()=tensor(True, device='cuda:2').
[rank1]: Traceback (most recent call last):
[rank1]:   File "/algorithmic-efficiency/submission_runner.py", line 766, in <module>
[rank1]:     app.run(main)
[rank1]:   File "/usr/local/lib/python3.11/site-packages/absl/app.py", line 308, in run
[rank1]:     _run_main(main, args)
[rank1]:   File "/usr/local/lib/python3.11/site-packages/absl/app.py", line 254, in _run_main
[rank1]:     sys.exit(main(argv))
[rank1]:              ^^^^^^^^^^
[rank1]:   File "/algorithmic-efficiency/submission_runner.py", line 734, in main
[rank1]:     score = score_submission_on_workload(
[rank1]:             ^^^^^^^^^^^^^^^^^^^^^^^^^^^^^
[rank1]:   File "/algorithmic-efficiency/submission_runner.py", line 630, in score_submission_on_workload
[rank1]:     timing, metrics = train_once(workload, workload_name,
[rank1]:                       ^^^^^^^^^^^^^^^^^^^^^^^^^^^^^^^^^^^
[rank1]:   File "/algorithmic-efficiency/submission_runner.py", line 361, in train_once
[rank1]:     optimizer_state, model_params, model_state = update_params(
[rank1]:                                                  ^^^^^^^^^^^^^^
[rank1]:   File "/algorithmic-efficiency/submissions_algorithms/leaderboard/external_tuning/shampoo_submission/submission.py", line 241, in update_params
[rank1]:     optimizer_state['optimizer'].step()
[rank1]:   File "/usr/local/lib/python3.11/site-packages/torch/optim/lr_scheduler.py", line 137, in wrapper
[rank1]:     return func.__get__(opt, opt.__class__)(*args, **kwargs)
[rank1]:            ^^^^^^^^^^^^^^^^^^^^^^^^^^^^^^^^^^^^^^^^^^^^^^^^^
[rank1]:   File "/usr/local/lib/python3.11/site-packages/torch/optim/optimizer.py", line 487, in wrapper
[rank1]:     out = func(*args, **kwargs)
[rank1]:           ^^^^^^^^^^^^^^^^^^^^^
[rank1]:   File "/usr/local/lib/python3.11/site-packages/torch/utils/_contextlib.py", line 116, in decorate_context
[rank1]:     return func(*args, **kwargs)
[rank1]:            ^^^^^^^^^^^^^^^^^^^^^
[rank1]:   File "/algorithmic-efficiency/submissions_algorithms/leaderboard/external_tuning/shampoo_submission/optimizers/distributed_shampoo/distributed_shampoo.py", line 954, in step
[rank1]:     self._per_group_step(
[rank1]:   File "/usr/local/lib/python3.11/site-packages/torch/utils/_contextlib.py", line 116, in decorate_context
[rank1]:     return func(*args, **kwargs)
[rank1]:            ^^^^^^^^^^^^^^^^^^^^^
[rank1]:   File "/algorithmic-efficiency/submissions_algorithms/leaderboard/external_tuning/shampoo_submission/optimizers/distributed_shampoo/distributed_shampoo.py", line 781, in _per_group_step_impl
[rank1]:     self._compute_root_inverse(state_lists, compute_root_inverse)
[rank1]:   File "/usr/local/lib/python3.11/site-packages/torch/utils/_contextlib.py", line 116, in decorate_context
[rank1]:     return func(*args, **kwargs)
[rank1]:            ^^^^^^^^^^^^^^^^^^^^^
[rank1]:   File "/usr/local/lib/python3.11/site-packages/torch/_dynamo/eval_frame.py", line 632, in _fn
[rank1]:     return fn(*args, **kwargs)
[rank1]:            ^^^^^^^^^^^^^^^^^^^
[rank1]:   File "/algorithmic-efficiency/submissions_algorithms/leaderboard/external_tuning/shampoo_submission/optimizers/distributed_shampoo/distributed_shampoo.py", line 732, in _compute_root_inverse
[rank1]:     state_lists[SHAMPOO_PRECONDITIONER_LIST].compute_root_inverse()
[rank1]:   File "/algorithmic-efficiency/submissions_algorithms/leaderboard/external_tuning/shampoo_submission/optimizers/distributed_shampoo/utils/shampoo_preconditioner_list.py", line 766, in compute_root_inverse
[rank1]:     raise ValueError(
[rank1]: ValueError: Encountered nan values in bias-corrected factor matrix 4.block_0.0! To mitigate, check if nan inputs are being passed into the network or nan gradients are being passed to the optimizer.For debugging purposes, factor_matrix 4.block_0.0: torch.min(factor_matrix)=tensor(nan, device='cuda:1'), torch.max(factor_matrix)=tensor(nan, device='cuda:1'), factor_matrix.isinf().any()=tensor(False, device='cuda:1'), factor_matrix.isnan().any()=tensor(True, device='cuda:1').
[rank0]: Traceback (most recent call last):
[rank0]:   File "/algorithmic-efficiency/submission_runner.py", line 766, in <module>
[rank0]:     app.run(main)
[rank0]:   File "/usr/local/lib/python3.11/site-packages/absl/app.py", line 308, in run
[rank0]:     _run_main(main, args)
[rank0]:   File "/usr/local/lib/python3.11/site-packages/absl/app.py", line 254, in _run_main
[rank0]:     sys.exit(main(argv))
[rank0]:              ^^^^^^^^^^
[rank0]:   File "/algorithmic-efficiency/submission_runner.py", line 734, in main
[rank0]:     score = score_submission_on_workload(
[rank0]:             ^^^^^^^^^^^^^^^^^^^^^^^^^^^^^
[rank0]:   File "/algorithmic-efficiency/submission_runner.py", line 630, in score_submission_on_workload
[rank0]:     timing, metrics = train_once(workload, workload_name,
[rank0]:                       ^^^^^^^^^^^^^^^^^^^^^^^^^^^^^^^^^^^
[rank0]:   File "/algorithmic-efficiency/submission_runner.py", line 361, in train_once
[rank0]:     optimizer_state, model_params, model_state = update_params(
[rank0]:                                                  ^^^^^^^^^^^^^^
[rank0]:   File "/algorithmic-efficiency/submissions_algorithms/leaderboard/external_tuning/shampoo_submission/submission.py", line 241, in update_params
[rank0]:     optimizer_state['optimizer'].step()
[rank0]:   File "/usr/local/lib/python3.11/site-packages/torch/optim/lr_scheduler.py", line 137, in wrapper
[rank0]:     return func.__get__(opt, opt.__class__)(*args, **kwargs)
[rank0]:            ^^^^^^^^^^^^^^^^^^^^^^^^^^^^^^^^^^^^^^^^^^^^^^^^^
[rank0]:   File "/usr/local/lib/python3.11/site-packages/torch/optim/optimizer.py", line 487, in wrapper
[rank0]:     out = func(*args, **kwargs)
[rank0]:           ^^^^^^^^^^^^^^^^^^^^^
[rank0]:   File "/usr/local/lib/python3.11/site-packages/torch/utils/_contextlib.py", line 116, in decorate_context
[rank0]:     return func(*args, **kwargs)
[rank0]:            ^^^^^^^^^^^^^^^^^^^^^
[rank0]:   File "/algorithmic-efficiency/submissions_algorithms/leaderboard/external_tuning/shampoo_submission/optimizers/distributed_shampoo/distributed_shampoo.py", line 954, in step
[rank0]:     self._per_group_step(
[rank0]:   File "/usr/local/lib/python3.11/site-packages/torch/utils/_contextlib.py", line 116, in decorate_context
[rank0]:     return func(*args, **kwargs)
[rank0]:            ^^^^^^^^^^^^^^^^^^^^^
[rank0]:   File "/algorithmic-efficiency/submissions_algorithms/leaderboard/external_tuning/shampoo_submission/optimizers/distributed_shampoo/distributed_shampoo.py", line 781, in _per_group_step_impl
[rank0]:     self._compute_root_inverse(state_lists, compute_root_inverse)
[rank0]:   File "/usr/local/lib/python3.11/site-packages/torch/utils/_contextlib.py", line 116, in decorate_context
[rank0]:     return func(*args, **kwargs)
[rank0]:            ^^^^^^^^^^^^^^^^^^^^^
[rank0]:   File "/usr/local/lib/python3.11/site-packages/torch/_dynamo/eval_frame.py", line 632, in _fn
[rank0]:     return fn(*args, **kwargs)
[rank0]:            ^^^^^^^^^^^^^^^^^^^
[rank0]:   File "/algorithmic-efficiency/submissions_algorithms/leaderboard/external_tuning/shampoo_submission/optimizers/distributed_shampoo/distributed_shampoo.py", line 732, in _compute_root_inverse
[rank0]:     state_lists[SHAMPOO_PRECONDITIONER_LIST].compute_root_inverse()
[rank0]:   File "/algorithmic-efficiency/submissions_algorithms/leaderboard/external_tuning/shampoo_submission/optimizers/distributed_shampoo/utils/shampoo_preconditioner_list.py", line 766, in compute_root_inverse
[rank0]:     raise ValueError(
[rank0]: ValueError: Encountered nan values in bias-corrected factor matrix 2.block_0.0! To mitigate, check if nan inputs are being passed into the network or nan gradients are being passed to the optimizer.For debugging purposes, factor_matrix 2.block_0.0: torch.min(factor_matrix)=tensor(nan, device='cuda:0'), torch.max(factor_matrix)=tensor(nan, device='cuda:0'), factor_matrix.isinf().any()=tensor(False, device='cuda:0'), factor_matrix.isnan().any()=tensor(True, device='cuda:0').
[rank7]: Traceback (most recent call last):
[rank7]:   File "/algorithmic-efficiency/submission_runner.py", line 766, in <module>
[rank7]:     app.run(main)
[rank7]:   File "/usr/local/lib/python3.11/site-packages/absl/app.py", line 308, in run
[rank7]:     _run_main(main, args)
[rank7]:   File "/usr/local/lib/python3.11/site-packages/absl/app.py", line 254, in _run_main
[rank7]:     sys.exit(main(argv))
[rank7]:              ^^^^^^^^^^
[rank7]:   File "/algorithmic-efficiency/submission_runner.py", line 734, in main
[rank7]:     score = score_submission_on_workload(
[rank7]:             ^^^^^^^^^^^^^^^^^^^^^^^^^^^^^
[rank7]:   File "/algorithmic-efficiency/submission_runner.py", line 630, in score_submission_on_workload
[rank7]:     timing, metrics = train_once(workload, workload_name,
[rank7]:                       ^^^^^^^^^^^^^^^^^^^^^^^^^^^^^^^^^^^
[rank7]:   File "/algorithmic-efficiency/submission_runner.py", line 361, in train_once
[rank7]:     optimizer_state, model_params, model_state = update_params(
[rank7]:                                                  ^^^^^^^^^^^^^^
[rank7]:   File "/algorithmic-efficiency/submissions_algorithms/leaderboard/external_tuning/shampoo_submission/submission.py", line 241, in update_params
[rank7]:     optimizer_state['optimizer'].step()
[rank7]:   File "/usr/local/lib/python3.11/site-packages/torch/optim/lr_scheduler.py", line 137, in wrapper
[rank7]:     return func.__get__(opt, opt.__class__)(*args, **kwargs)
[rank7]:            ^^^^^^^^^^^^^^^^^^^^^^^^^^^^^^^^^^^^^^^^^^^^^^^^^
[rank7]:   File "/usr/local/lib/python3.11/site-packages/torch/optim/optimizer.py", line 487, in wrapper
[rank7]:     out = func(*args, **kwargs)
[rank7]:           ^^^^^^^^^^^^^^^^^^^^^
[rank7]:   File "/usr/local/lib/python3.11/site-packages/torch/utils/_contextlib.py", line 116, in decorate_context
[rank7]:     return func(*args, **kwargs)
[rank7]:            ^^^^^^^^^^^^^^^^^^^^^
[rank7]:   File "/algorithmic-efficiency/submissions_algorithms/leaderboard/external_tuning/shampoo_submission/optimizers/distributed_shampoo/distributed_shampoo.py", line 954, in step
[rank7]:     self._per_group_step(
[rank7]:   File "/usr/local/lib/python3.11/site-packages/torch/utils/_contextlib.py", line 116, in decorate_context
[rank7]:     return func(*args, **kwargs)
[rank7]:            ^^^^^^^^^^^^^^^^^^^^^
[rank7]:   File "/algorithmic-efficiency/submissions_algorithms/leaderboard/external_tuning/shampoo_submission/optimizers/distributed_shampoo/distributed_shampoo.py", line 781, in _per_group_step_impl
[rank7]:     self._compute_root_inverse(state_lists, compute_root_inverse)
[rank7]:   File "/usr/local/lib/python3.11/site-packages/torch/utils/_contextlib.py", line 116, in decorate_context
[rank7]:     return func(*args, **kwargs)
[rank7]:            ^^^^^^^^^^^^^^^^^^^^^
[rank7]:   File "/usr/local/lib/python3.11/site-packages/torch/_dynamo/eval_frame.py", line 632, in _fn
[rank7]:     return fn(*args, **kwargs)
[rank7]:            ^^^^^^^^^^^^^^^^^^^
[rank7]:   File "/algorithmic-efficiency/submissions_algorithms/leaderboard/external_tuning/shampoo_submission/optimizers/distributed_shampoo/distributed_shampoo.py", line 732, in _compute_root_inverse
[rank7]:     state_lists[SHAMPOO_PRECONDITIONER_LIST].compute_root_inverse()
[rank7]:   File "/algorithmic-efficiency/submissions_algorithms/leaderboard/external_tuning/shampoo_submission/optimizers/distributed_shampoo/utils/shampoo_preconditioner_list.py", line 766, in compute_root_inverse
[rank7]:     raise ValueError(
[rank7]: ValueError: Encountered nan values in bias-corrected factor matrix 4.block_6.0! To mitigate, check if nan inputs are being passed into the network or nan gradients are being passed to the optimizer.For debugging purposes, factor_matrix 4.block_6.0: torch.min(factor_matrix)=tensor(nan, device='cuda:7'), torch.max(factor_matrix)=tensor(nan, device='cuda:7'), factor_matrix.isinf().any()=tensor(False, device='cuda:7'), factor_matrix.isnan().any()=tensor(True, device='cuda:7').
[rank5]: Traceback (most recent call last):
[rank5]:   File "/algorithmic-efficiency/submission_runner.py", line 766, in <module>
[rank5]:     app.run(main)
[rank5]:   File "/usr/local/lib/python3.11/site-packages/absl/app.py", line 308, in run
[rank5]:     _run_main(main, args)
[rank5]:   File "/usr/local/lib/python3.11/site-packages/absl/app.py", line 254, in _run_main
[rank5]:     sys.exit(main(argv))
[rank5]:              ^^^^^^^^^^
[rank5]:   File "/algorithmic-efficiency/submission_runner.py", line 734, in main
[rank5]:     score = score_submission_on_workload(
[rank5]:             ^^^^^^^^^^^^^^^^^^^^^^^^^^^^^
[rank5]:   File "/algorithmic-efficiency/submission_runner.py", line 630, in score_submission_on_workload
[rank5]:     timing, metrics = train_once(workload, workload_name,
[rank5]:                       ^^^^^^^^^^^^^^^^^^^^^^^^^^^^^^^^^^^
[rank5]:   File "/algorithmic-efficiency/submission_runner.py", line 361, in train_once
[rank5]:     optimizer_state, model_params, model_state = update_params(
[rank5]:                                                  ^^^^^^^^^^^^^^
[rank5]:   File "/algorithmic-efficiency/submissions_algorithms/leaderboard/external_tuning/shampoo_submission/submission.py", line 241, in update_params
[rank5]:     optimizer_state['optimizer'].step()
[rank5]:   File "/usr/local/lib/python3.11/site-packages/torch/optim/lr_scheduler.py", line 137, in wrapper
[rank5]:     return func.__get__(opt, opt.__class__)(*args, **kwargs)
[rank5]:            ^^^^^^^^^^^^^^^^^^^^^^^^^^^^^^^^^^^^^^^^^^^^^^^^^
[rank5]:   File "/usr/local/lib/python3.11/site-packages/torch/optim/optimizer.py", line 487, in wrapper
[rank5]:     out = func(*args, **kwargs)
[rank5]:           ^^^^^^^^^^^^^^^^^^^^^
[rank5]:   File "/usr/local/lib/python3.11/site-packages/torch/utils/_contextlib.py", line 116, in decorate_context
[rank5]:     return func(*args, **kwargs)
[rank5]:            ^^^^^^^^^^^^^^^^^^^^^
[rank5]:   File "/algorithmic-efficiency/submissions_algorithms/leaderboard/external_tuning/shampoo_submission/optimizers/distributed_shampoo/distributed_shampoo.py", line 954, in step
[rank5]:     self._per_group_step(
[rank5]:   File "/usr/local/lib/python3.11/site-packages/torch/utils/_contextlib.py", line 116, in decorate_context
[rank5]:     return func(*args, **kwargs)
[rank5]:            ^^^^^^^^^^^^^^^^^^^^^
[rank5]:   File "/algorithmic-efficiency/submissions_algorithms/leaderboard/external_tuning/shampoo_submission/optimizers/distributed_shampoo/distributed_shampoo.py", line 781, in _per_group_step_impl
