I0315 21:22:16.953350 139972810872000 shampoo_preconditioner_list.py:352] Instantiated Adagrad Preconditioner 49.block_0 (torch.Size([0])) for Parameter 49 (torch.Size([1024, 256])), Block block_0 (torch.Size([1024, 256])).
I0315 21:22:16.953350 139649915598016 shampoo_preconditioner_list.py:352] Instantiated Adagrad Preconditioner 40.block_0 (torch.Size([0])) for Parameter 40 (torch.Size([1024])), Block block_0 (torch.Size([1024])).
I0315 21:22:16.953429 139972810872000 shampoo_preconditioner_list.py:352] Instantiated Adagrad Preconditioner 50.block_0 (torch.Size([1024])) for Parameter 50 (torch.Size([1024])), Block block_0 (torch.Size([1024])).
I0315 21:22:16.953495 139972810872000 shampoo_preconditioner_list.py:352] Instantiated Adagrad Preconditioner 51.block_0 (torch.Size([0])) for Parameter 51 (torch.Size([1024])), Block block_0 (torch.Size([1024])).
I0315 21:22:16.953551 139972810872000 shampoo_preconditioner_list.py:352] Instantiated Adagrad Preconditioner 52.block_0 (torch.Size([0])) for Parameter 52 (torch.Size([1024, 512])), Block block_0 (torch.Size([1024, 512])).
I0315 21:22:16.953568 139649915598016 shampoo_preconditioner_list.py:352] Instantiated Adagrad Preconditioner 41.block_0 (torch.Size([1024])) for Parameter 41 (torch.Size([1024])), Block block_0 (torch.Size([1024])).
I0315 21:22:16.953711 139649915598016 shampoo_preconditioner_list.py:352] Instantiated Adagrad Preconditioner 42.block_0 (torch.Size([0])) for Parameter 42 (torch.Size([1024, 512])), Block block_0 (torch.Size([1024, 512])).
I0315 21:22:16.953793 139649915598016 shampoo_preconditioner_list.py:352] Instantiated Adagrad Preconditioner 43.block_0 (torch.Size([0])) for Parameter 43 (torch.Size([1024, 256])), Block block_0 (torch.Size([1024, 256])).
I0315 21:22:16.953861 139649915598016 shampoo_preconditioner_list.py:352] Instantiated Adagrad Preconditioner 44.block_0 (torch.Size([0])) for Parameter 44 (torch.Size([1024])), Block block_0 (torch.Size([1024])).
I0315 21:22:16.953951 139972810872000 shampoo_preconditioner_list.py:352] Instantiated Adagrad Preconditioner 53.block_0 (torch.Size([1024, 256])) for Parameter 53 (torch.Size([1024, 256])), Block block_0 (torch.Size([1024, 256])).
I0315 21:22:16.953969 139649915598016 shampoo_preconditioner_list.py:352] Instantiated Adagrad Preconditioner 45.block_0 (torch.Size([1024])) for Parameter 45 (torch.Size([1024])), Block block_0 (torch.Size([1024])).
I0315 21:22:16.954057 139649915598016 shampoo_preconditioner_list.py:352] Instantiated Adagrad Preconditioner 46.block_0 (torch.Size([512])) for Parameter 46 (torch.Size([512])), Block block_0 (torch.Size([512])).
I0315 21:22:16.954076 139972810872000 shampoo_preconditioner_list.py:352] Instantiated Adagrad Preconditioner 54.block_0 (torch.Size([1024])) for Parameter 54 (torch.Size([1024])), Block block_0 (torch.Size([1024])).
I0315 21:22:16.954134 139649915598016 shampoo_preconditioner_list.py:352] Instantiated Adagrad Preconditioner 47.block_0 (torch.Size([0])) for Parameter 47 (torch.Size([512])), Block block_0 (torch.Size([512])).
I0315 21:22:16.954145 139972810872000 shampoo_preconditioner_list.py:352] Instantiated Adagrad Preconditioner 55.block_0 (torch.Size([0])) for Parameter 55 (torch.Size([1024])), Block block_0 (torch.Size([1024])).
I0315 21:22:16.954195 139972810872000 shampoo_preconditioner_list.py:352] Instantiated Adagrad Preconditioner 56.block_0 (torch.Size([0])) for Parameter 56 (torch.Size([512])), Block block_0 (torch.Size([512])).
I0315 21:22:16.954199 139649915598016 shampoo_preconditioner_list.py:352] Instantiated Adagrad Preconditioner 48.block_0 (torch.Size([0])) for Parameter 48 (torch.Size([1024, 512])), Block block_0 (torch.Size([1024, 512])).
I0315 21:22:16.954306 139972810872000 shampoo_preconditioner_list.py:352] Instantiated Adagrad Preconditioner 57.block_0 (torch.Size([512])) for Parameter 57 (torch.Size([512])), Block block_0 (torch.Size([512])).
I0315 21:22:16.954402 139972810872000 shampoo_preconditioner_list.py:352] Instantiated Adagrad Preconditioner 58.block_0 (torch.Size([1024, 512])) for Parameter 58 (torch.Size([1024, 512])), Block block_0 (torch.Size([1024, 512])).
I0315 21:22:16.954474 139972810872000 shampoo_preconditioner_list.py:352] Instantiated Adagrad Preconditioner 59.block_0 (torch.Size([0])) for Parameter 59 (torch.Size([1024, 256])), Block block_0 (torch.Size([1024, 256])).
I0315 21:22:16.954555 139972810872000 shampoo_preconditioner_list.py:352] Instantiated Adagrad Preconditioner 60.block_0 (torch.Size([1024])) for Parameter 60 (torch.Size([1024])), Block block_0 (torch.Size([1024])).
I0315 21:22:16.954623 139972810872000 shampoo_preconditioner_list.py:352] Instantiated Adagrad Preconditioner 61.block_0 (torch.Size([0])) for Parameter 61 (torch.Size([1024])), Block block_0 (torch.Size([1024])).
I0315 21:22:16.954679 139972810872000 shampoo_preconditioner_list.py:352] Instantiated Adagrad Preconditioner 62.block_0 (torch.Size([0])) for Parameter 62 (torch.Size([1024, 512])), Block block_0 (torch.Size([1024, 512])).
I0315 21:22:16.954733 139972810872000 shampoo_preconditioner_list.py:352] Instantiated Adagrad Preconditioner 63.block_0 (torch.Size([0])) for Parameter 63 (torch.Size([1024, 256])), Block block_0 (torch.Size([1024, 256])).
I0315 21:22:16.954810 139972810872000 shampoo_preconditioner_list.py:352] Instantiated Adagrad Preconditioner 64.block_0 (torch.Size([1024])) for Parameter 64 (torch.Size([1024])), Block block_0 (torch.Size([1024])).
I0315 21:22:16.954876 139972810872000 shampoo_preconditioner_list.py:352] Instantiated Adagrad Preconditioner 65.block_0 (torch.Size([0])) for Parameter 65 (torch.Size([1024])), Block block_0 (torch.Size([1024])).
I0315 21:22:16.954931 139972810872000 shampoo_preconditioner_list.py:352] Instantiated Adagrad Preconditioner 66.block_0 (torch.Size([0])) for Parameter 66 (torch.Size([512])), Block block_0 (torch.Size([512])).
I0315 21:22:16.955009 139972810872000 shampoo_preconditioner_list.py:352] Instantiated Adagrad Preconditioner 67.block_0 (torch.Size([512])) for Parameter 67 (torch.Size([512])), Block block_0 (torch.Size([512])).
I0315 21:22:16.955076 139972810872000 shampoo_preconditioner_list.py:352] Instantiated Adagrad Preconditioner 68.block_0 (torch.Size([0])) for Parameter 68 (torch.Size([512, 512])), Block block_0 (torch.Size([512, 512])).
I0315 21:22:16.955132 139972810872000 shampoo_preconditioner_list.py:352] Instantiated Adagrad Preconditioner 69.block_0 (torch.Size([0])) for Parameter 69 (torch.Size([512])), Block block_0 (torch.Size([512])).
I0315 21:22:16.955209 139972810872000 shampoo_preconditioner_list.py:352] Instantiated Adagrad Preconditioner 70.block_0 (torch.Size([512])) for Parameter 70 (torch.Size([512])), Block block_0 (torch.Size([512])).
I0315 21:22:16.955286 139972810872000 shampoo_preconditioner_list.py:352] Instantiated Adagrad Preconditioner 71.block_0 (torch.Size([0])) for Parameter 71 (torch.Size([512])), Block block_0 (torch.Size([512])).
I0315 21:22:16.955293 139649915598016 shampoo_preconditioner_list.py:352] Instantiated Adagrad Preconditioner 49.block_0 (torch.Size([1024, 256])) for Parameter 49 (torch.Size([1024, 256])), Block block_0 (torch.Size([1024, 256])).
I0315 21:22:16.955353 139972810872000 shampoo_preconditioner_list.py:352] Instantiated Adagrad Preconditioner 72.block_0 (torch.Size([0])) for Parameter 72 (torch.Size([512, 512])), Block block_0 (torch.Size([512, 512])).
I0315 21:22:16.955412 139649915598016 shampoo_preconditioner_list.py:352] Instantiated Adagrad Preconditioner 50.block_0 (torch.Size([0])) for Parameter 50 (torch.Size([1024])), Block block_0 (torch.Size([1024])).
I0315 21:22:16.955430 139972810872000 shampoo_preconditioner_list.py:352] Instantiated Adagrad Preconditioner 73.block_0 (torch.Size([512])) for Parameter 73 (torch.Size([512])), Block block_0 (torch.Size([512])).
I0315 21:22:16.955486 139972810872000 shampoo_preconditioner_list.py:352] Instantiated Adagrad Preconditioner 74.block_0 (torch.Size([0])) for Parameter 74 (torch.Size([512])), Block block_0 (torch.Size([512])).
I0315 21:22:16.955528 139649915598016 shampoo_preconditioner_list.py:352] Instantiated Adagrad Preconditioner 51.block_0 (torch.Size([1024])) for Parameter 51 (torch.Size([1024])), Block block_0 (torch.Size([1024])).
I0315 21:22:16.955564 139972810872000 shampoo_preconditioner_list.py:352] Instantiated Adagrad Preconditioner 75.block_0 (torch.Size([512])) for Parameter 75 (torch.Size([512])), Block block_0 (torch.Size([512])).
I0315 21:22:16.955629 139972810872000 shampoo_preconditioner_list.py:352] Instantiated Adagrad Preconditioner 76.block_0 (torch.Size([0])) for Parameter 76 (torch.Size([512, 512])), Block block_0 (torch.Size([512, 512])).
I0315 21:22:16.955626 139649915598016 shampoo_preconditioner_list.py:352] Instantiated Adagrad Preconditioner 52.block_0 (torch.Size([1024, 512])) for Parameter 52 (torch.Size([1024, 512])), Block block_0 (torch.Size([1024, 512])).
I0315 21:22:16.955683 139972810872000 shampoo_preconditioner_list.py:352] Instantiated Adagrad Preconditioner 77.block_0 (torch.Size([0])) for Parameter 77 (torch.Size([512])), Block block_0 (torch.Size([512])).
I0315 21:22:16.955697 139649915598016 shampoo_preconditioner_list.py:352] Instantiated Adagrad Preconditioner 53.block_0 (torch.Size([0])) for Parameter 53 (torch.Size([1024, 256])), Block block_0 (torch.Size([1024, 256])).
I0315 21:22:16.955754 139649915598016 shampoo_preconditioner_list.py:352] Instantiated Adagrad Preconditioner 54.block_0 (torch.Size([0])) for Parameter 54 (torch.Size([1024])), Block block_0 (torch.Size([1024])).
I0315 21:22:16.955759 139972810872000 shampoo_preconditioner_list.py:352] Instantiated Adagrad Preconditioner 78.block_0 (torch.Size([512])) for Parameter 78 (torch.Size([512])), Block block_0 (torch.Size([512])).
I0315 21:22:16.955814 139972810872000 shampoo_preconditioner_list.py:352] Instantiated Adagrad Preconditioner 79.block_0 (torch.Size([0])) for Parameter 79 (torch.Size([512])), Block block_0 (torch.Size([512])).
I0315 21:22:16.955850 139649915598016 shampoo_preconditioner_list.py:352] Instantiated Adagrad Preconditioner 55.block_0 (torch.Size([1024])) for Parameter 55 (torch.Size([1024])), Block block_0 (torch.Size([1024])).
I0315 21:22:16.955871 139972810872000 shampoo_preconditioner_list.py:352] Instantiated Adagrad Preconditioner 80.block_0 (torch.Size([0])) for Parameter 80 (torch.Size([1024, 512])), Block block_0 (torch.Size([1024, 512])).
I0315 21:22:16.955942 139972810872000 shampoo_preconditioner_list.py:352] Instantiated Adagrad Preconditioner 81.block_0 (torch.Size([1024])) for Parameter 81 (torch.Size([1024])), Block block_0 (torch.Size([1024])).
I0315 21:22:16.955942 139649915598016 shampoo_preconditioner_list.py:352] Instantiated Adagrad Preconditioner 56.block_0 (torch.Size([512])) for Parameter 56 (torch.Size([512])), Block block_0 (torch.Size([512])).
I0315 21:22:16.956007 139649915598016 shampoo_preconditioner_list.py:352] Instantiated Adagrad Preconditioner 57.block_0 (torch.Size([0])) for Parameter 57 (torch.Size([512])), Block block_0 (torch.Size([512])).
I0315 21:22:16.956073 139972810872000 shampoo_preconditioner_list.py:375] Rank 7: AdaGradPreconditionerList Numel Breakdown: (0, 0, 0, 0, 0, 0, 0, 0, 0, 0, 524288, 0, 0, 0, 512, 0, 512, 0, 0, 1024, 1024, 0, 0, 1024, 1024, 0, 512, 0, 0, 1024, 0, 524288, 0, 1024, 0, 0, 512, 0, 262144, 1024, 0, 0, 0, 1024, 0, 0, 512, 0, 0, 1024, 0, 0, 0, 1024, 0, 0, 512, 0, 0, 1024, 0, 0, 262144, 1024, 0, 0, 512, 524288, 0, 1024, 0, 0, 0, 1024, 0, 0, 512, 0, 0, 512, 0, 0, 512, 0, 512, 0, 0, 512, 0, 0, 1024)
I0315 21:22:16.956074 139649915598016 shampoo_preconditioner_list.py:352] Instantiated Adagrad Preconditioner 58.block_0 (torch.Size([0])) for Parameter 58 (torch.Size([1024, 512])), Block block_0 (torch.Size([1024, 512])).
I0315 21:22:16.956121 139972810872000 shampoo_preconditioner_list.py:378] Rank 7: AdaGradPreconditionerList Bytes Breakdown: (0, 0, 0, 0, 0, 0, 0, 0, 0, 0, 2097152, 0, 0, 0, 2048, 0, 2048, 0, 0, 4096, 4096, 0, 0, 4096, 4096, 0, 2048, 0, 0, 4096, 0, 2097152, 0, 4096, 0, 0, 2048, 0, 1048576, 4096, 0, 0, 0, 4096, 0, 0, 2048, 0, 0, 4096, 0, 0, 0, 4096, 0, 0, 2048, 0, 0, 4096, 0, 0, 1048576, 4096, 0, 0, 2048, 2097152, 0, 4096, 0, 0, 0, 4096, 0, 0, 2048, 0, 0, 2048, 0, 0, 2048, 0, 2048, 0, 0, 2048, 0, 0, 4096)
I0315 21:22:16.956129 139649915598016 shampoo_preconditioner_list.py:352] Instantiated Adagrad Preconditioner 59.block_0 (torch.Size([0])) for Parameter 59 (torch.Size([1024, 256])), Block block_0 (torch.Size([1024, 256])).
I0315 21:22:16.956157 139972810872000 shampoo_preconditioner_list.py:381] Rank 7: AdaGradPreconditionerList Total Elements: 2118656
I0315 21:22:16.956181 139649915598016 shampoo_preconditioner_list.py:352] Instantiated Adagrad Preconditioner 60.block_0 (torch.Size([0])) for Parameter 60 (torch.Size([1024])), Block block_0 (torch.Size([1024])).
I0315 21:22:16.956191 139972810872000 shampoo_preconditioner_list.py:384] Rank 7: AdaGradPreconditionerList Total Bytes: 8474624
I0315 21:22:16.956269 139649915598016 shampoo_preconditioner_list.py:352] Instantiated Adagrad Preconditioner 61.block_0 (torch.Size([1024])) for Parameter 61 (torch.Size([1024])), Block block_0 (torch.Size([1024])).
I0315 21:22:16.956346 139649915598016 shampoo_preconditioner_list.py:352] Instantiated Adagrad Preconditioner 62.block_0 (torch.Size([0])) for Parameter 62 (torch.Size([1024, 512])), Block block_0 (torch.Size([1024, 512])).
I0315 21:22:16.956411 139649915598016 shampoo_preconditioner_list.py:352] Instantiated Adagrad Preconditioner 63.block_0 (torch.Size([0])) for Parameter 63 (torch.Size([1024, 256])), Block block_0 (torch.Size([1024, 256])).
I0315 21:22:16.956473 139649915598016 shampoo_preconditioner_list.py:352] Instantiated Adagrad Preconditioner 64.block_0 (torch.Size([0])) for Parameter 64 (torch.Size([1024])), Block block_0 (torch.Size([1024])).
I0315 21:22:16.956584 139649915598016 shampoo_preconditioner_list.py:352] Instantiated Adagrad Preconditioner 65.block_0 (torch.Size([1024])) for Parameter 65 (torch.Size([1024])), Block block_0 (torch.Size([1024])).
I0315 21:22:16.956672 139649915598016 shampoo_preconditioner_list.py:352] Instantiated Adagrad Preconditioner 66.block_0 (torch.Size([512])) for Parameter 66 (torch.Size([512])), Block block_0 (torch.Size([512])).
I0315 21:22:16.956749 139649915598016 shampoo_preconditioner_list.py:352] Instantiated Adagrad Preconditioner 67.block_0 (torch.Size([0])) for Parameter 67 (torch.Size([512])), Block block_0 (torch.Size([512])).
I0315 21:22:16.956814 139649915598016 shampoo_preconditioner_list.py:352] Instantiated Adagrad Preconditioner 68.block_0 (torch.Size([0])) for Parameter 68 (torch.Size([512, 512])), Block block_0 (torch.Size([512, 512])).
I0315 21:22:16.956901 139649915598016 shampoo_preconditioner_list.py:352] Instantiated Adagrad Preconditioner 69.block_0 (torch.Size([512])) for Parameter 69 (torch.Size([512])), Block block_0 (torch.Size([512])).
I0315 21:22:16.956972 139649915598016 shampoo_preconditioner_list.py:352] Instantiated Adagrad Preconditioner 70.block_0 (torch.Size([0])) for Parameter 70 (torch.Size([512])), Block block_0 (torch.Size([512])).
I0315 21:22:16.957057 139649915598016 shampoo_preconditioner_list.py:352] Instantiated Adagrad Preconditioner 71.block_0 (torch.Size([512])) for Parameter 71 (torch.Size([512])), Block block_0 (torch.Size([512])).
I0315 21:22:16.957130 139649915598016 shampoo_preconditioner_list.py:352] Instantiated Adagrad Preconditioner 72.block_0 (torch.Size([0])) for Parameter 72 (torch.Size([512, 512])), Block block_0 (torch.Size([512, 512])).
I0315 21:22:16.957193 139649915598016 shampoo_preconditioner_list.py:352] Instantiated Adagrad Preconditioner 73.block_0 (torch.Size([0])) for Parameter 73 (torch.Size([512])), Block block_0 (torch.Size([512])).
I0315 21:22:16.957312 139649915598016 shampoo_preconditioner_list.py:352] Instantiated Adagrad Preconditioner 74.block_0 (torch.Size([512])) for Parameter 74 (torch.Size([512])), Block block_0 (torch.Size([512])).
I0315 21:22:16.957376 139649915598016 shampoo_preconditioner_list.py:352] Instantiated Adagrad Preconditioner 75.block_0 (torch.Size([0])) for Parameter 75 (torch.Size([512])), Block block_0 (torch.Size([512])).
I0315 21:22:16.957442 139649915598016 shampoo_preconditioner_list.py:352] Instantiated Adagrad Preconditioner 76.block_0 (torch.Size([0])) for Parameter 76 (torch.Size([512, 512])), Block block_0 (torch.Size([512, 512])).
I0315 21:22:16.957531 139649915598016 shampoo_preconditioner_list.py:352] Instantiated Adagrad Preconditioner 77.block_0 (torch.Size([512])) for Parameter 77 (torch.Size([512])), Block block_0 (torch.Size([512])).
I0315 21:22:16.957606 139649915598016 shampoo_preconditioner_list.py:352] Instantiated Adagrad Preconditioner 78.block_0 (torch.Size([0])) for Parameter 78 (torch.Size([512])), Block block_0 (torch.Size([512])).
I0315 21:22:16.957692 139649915598016 shampoo_preconditioner_list.py:352] Instantiated Adagrad Preconditioner 79.block_0 (torch.Size([512])) for Parameter 79 (torch.Size([512])), Block block_0 (torch.Size([512])).
I0315 21:22:16.957767 139649915598016 shampoo_preconditioner_list.py:352] Instantiated Adagrad Preconditioner 80.block_0 (torch.Size([0])) for Parameter 80 (torch.Size([1024, 512])), Block block_0 (torch.Size([1024, 512])).
I0315 21:22:16.957830 139649915598016 shampoo_preconditioner_list.py:352] Instantiated Adagrad Preconditioner 81.block_0 (torch.Size([0])) for Parameter 81 (torch.Size([1024])), Block block_0 (torch.Size([1024])).
I0315 21:22:16.957972 139649915598016 shampoo_preconditioner_list.py:375] Rank 6: AdaGradPreconditionerList Numel Breakdown: (4608, 512, 0, 512, 0, 0, 0, 0, 0, 524288, 0, 0, 0, 0, 0, 512, 0, 0, 0, 0, 0, 0, 0, 0, 0, 512, 0, 524288, 0, 0, 1024, 0, 262144, 0, 1024, 512, 0, 0, 0, 0, 1024, 0, 0, 0, 1024, 512, 0, 0, 0, 0, 1024, 0, 0, 0, 1024, 512, 0, 0, 262144, 0, 1024, 524288, 0, 0, 1024, 512, 0, 0, 0, 0, 1024, 0, 0, 0, 1024, 512, 0, 0, 512, 0, 512, 0, 0, 512, 0, 0, 512, 0, 512, 0, 0)
I0315 21:22:16.958025 139649915598016 shampoo_preconditioner_list.py:378] Rank 6: AdaGradPreconditionerList Bytes Breakdown: (18432, 2048, 0, 2048, 0, 0, 0, 0, 0, 2097152, 0, 0, 0, 0, 0, 2048, 0, 0, 0, 0, 0, 0, 0, 0, 0, 2048, 0, 2097152, 0, 0, 4096, 0, 1048576, 0, 4096, 2048, 0, 0, 0, 0, 4096, 0, 0, 0, 4096, 2048, 0, 0, 0, 0, 4096, 0, 0, 0, 4096, 2048, 0, 0, 1048576, 0, 4096, 2097152, 0, 0, 4096, 2048, 0, 0, 0, 0, 4096, 0, 0, 0, 4096, 2048, 0, 0, 2048, 0, 2048, 0, 0, 2048, 0, 0, 2048, 0, 2048, 0, 0)
I0315 21:22:16.958069 139649915598016 shampoo_preconditioner_list.py:381] Rank 6: AdaGradPreconditionerList Total Elements: 2119168
I0315 21:22:16.958117 139649915598016 shampoo_preconditioner_list.py:384] Rank 6: AdaGradPreconditionerList Total Bytes: 8476672
I0315 21:22:16.959194 139972810872000 logger_utils.py:262] Unable to record workload.train_mean information. Continuing without it.
I0315 21:22:16.959274 139972810872000 logger_utils.py:262] Unable to record workload.train_stddev information. Continuing without it.
I0315 21:22:16.961354 139649915598016 logger_utils.py:262] Unable to record workload.train_mean information. Continuing without it.
I0315 21:22:16.961435 139649915598016 logger_utils.py:262] Unable to record workload.train_stddev information. Continuing without it.
I0315 21:22:18.176491 140321285866688 submission_runner.py:325] Saving flags to /experiment_runs/submissions/rolling_leaderboard/external_tuning/shampoo/study_0/librispeech_deepspeech_pytorch/trial_1/flags_0.json.
I0315 21:22:18.199511 140321285866688 submission_runner.py:337] Starting training loop.
/usr/local/lib/python3.11/multiprocessing/popen_fork.py:66: RuntimeWarning: os.fork() was called. os.fork() is incompatible with multithreaded code, and JAX is multithreaded, so this will likely lead to a deadlock.
  self.pid = os.fork()
/usr/local/lib/python3.11/multiprocessing/popen_fork.py:66: RuntimeWarning: os.fork() was called. os.fork() is incompatible with multithreaded code, and JAX is multithreaded, so this will likely lead to a deadlock.
  self.pid = os.fork()
/usr/local/lib/python3.11/multiprocessing/popen_fork.py:66: RuntimeWarning: os.fork() was called. os.fork() is incompatible with multithreaded code, and JAX is multithreaded, so this will likely lead to a deadlock.
  self.pid = os.fork()
/usr/local/lib/python3.11/multiprocessing/popen_fork.py:66: RuntimeWarning: os.fork() was called. os.fork() is incompatible with multithreaded code, and JAX is multithreaded, so this will likely lead to a deadlock.
  self.pid = os.fork()
/usr/local/lib/python3.11/multiprocessing/popen_fork.py:66: RuntimeWarning: os.fork() was called. os.fork() is incompatible with multithreaded code, and JAX is multithreaded, so this will likely lead to a deadlock.
  self.pid = os.fork()
/usr/local/lib/python3.11/multiprocessing/popen_fork.py:66: RuntimeWarning: os.fork() was called. os.fork() is incompatible with multithreaded code, and JAX is multithreaded, so this will likely lead to a deadlock.
  self.pid = os.fork()
/usr/local/lib/python3.11/multiprocessing/popen_fork.py:66: RuntimeWarning: os.fork() was called. os.fork() is incompatible with multithreaded code, and JAX is multithreaded, so this will likely lead to a deadlock.
  self.pid = os.fork()
/usr/local/lib/python3.11/multiprocessing/popen_fork.py:66: RuntimeWarning: os.fork() was called. os.fork() is incompatible with multithreaded code, and JAX is multithreaded, so this will likely lead to a deadlock.
  self.pid = os.fork()
/algorithmic-efficiency/algoperf/workloads/librispeech_conformer/librispeech_pytorch/preprocessor.py:488: UserWarning: Specified kernel cache directory could not be created! This disables kernel caching. Specified directory is /root/.cache/torch/kernels. This warning will appear only once per process. (Triggered internally at ../aten/src/ATen/native/cuda/jit_utils.cpp:1442.)
  spectrum = torch.abs(spectrum)
/algorithmic-efficiency/algoperf/workloads/librispeech_conformer/librispeech_pytorch/preprocessor.py:488: UserWarning: Specified kernel cache directory could not be created! This disables kernel caching. Specified directory is /root/.cache/torch/kernels. This warning will appear only once per process. (Triggered internally at ../aten/src/ATen/native/cuda/jit_utils.cpp:1442.)
  spectrum = torch.abs(spectrum)
/algorithmic-efficiency/algoperf/workloads/librispeech_conformer/librispeech_pytorch/preprocessor.py:488: UserWarning: Specified kernel cache directory could not be created! This disables kernel caching. Specified directory is /root/.cache/torch/kernels. This warning will appear only once per process. (Triggered internally at ../aten/src/ATen/native/cuda/jit_utils.cpp:1442.)
  spectrum = torch.abs(spectrum)
/algorithmic-efficiency/algoperf/workloads/librispeech_conformer/librispeech_pytorch/preprocessor.py:488: UserWarning: Specified kernel cache directory could not be created! This disables kernel caching. Specified directory is /root/.cache/torch/kernels. This warning will appear only once per process. (Triggered internally at ../aten/src/ATen/native/cuda/jit_utils.cpp:1442.)
  spectrum = torch.abs(spectrum)
/algorithmic-efficiency/algoperf/workloads/librispeech_conformer/librispeech_pytorch/preprocessor.py:488: UserWarning: Specified kernel cache directory could not be created! This disables kernel caching. Specified directory is /root/.cache/torch/kernels. This warning will appear only once per process. (Triggered internally at ../aten/src/ATen/native/cuda/jit_utils.cpp:1442.)
  spectrum = torch.abs(spectrum)
/algorithmic-efficiency/algoperf/workloads/librispeech_conformer/librispeech_pytorch/preprocessor.py:488: UserWarning: Specified kernel cache directory could not be created! This disables kernel caching. Specified directory is /root/.cache/torch/kernels. This warning will appear only once per process. (Triggered internally at ../aten/src/ATen/native/cuda/jit_utils.cpp:1442.)
  spectrum = torch.abs(spectrum)
/algorithmic-efficiency/algoperf/workloads/librispeech_conformer/librispeech_pytorch/preprocessor.py:488: UserWarning: Specified kernel cache directory could not be created! This disables kernel caching. Specified directory is /root/.cache/torch/kernels. This warning will appear only once per process. (Triggered internally at ../aten/src/ATen/native/cuda/jit_utils.cpp:1442.)
  spectrum = torch.abs(spectrum)
I0315 21:23:59.749760 140303897982720 logging_writer.py:48] [0] global_step=0, grad_norm=23.0051, loss=34.0649
I0315 21:24:00.075917 140321285866688 submission.py:265] 0) loss = 34.065, grad_norm = 23.005
I0315 21:24:00.505815 140321285866688 spec.py:321] Evaluating on the training split.
I0315 21:24:00.506738 140321285866688 input_pipeline.py:20] Loading split = train-clean-100
I0315 21:24:00.532372 140321285866688 input_pipeline.py:20] Loading split = train-clean-360
I0315 21:24:00.626443 140321285866688 input_pipeline.py:20] Loading split = train-other-500
/usr/local/lib/python3.11/multiprocessing/popen_fork.py:66: RuntimeWarning: os.fork() was called. os.fork() is incompatible with multithreaded code, and JAX is multithreaded, so this will likely lead to a deadlock.
  self.pid = os.fork()
/usr/local/lib/python3.11/multiprocessing/popen_fork.py:66: RuntimeWarning: os.fork() was called. os.fork() is incompatible with multithreaded code, and JAX is multithreaded, so this will likely lead to a deadlock.
  self.pid = os.fork()
/usr/local/lib/python3.11/multiprocessing/popen_fork.py:66: RuntimeWarning: os.fork() was called. os.fork() is incompatible with multithreaded code, and JAX is multithreaded, so this will likely lead to a deadlock.
  self.pid = os.fork()
/usr/local/lib/python3.11/multiprocessing/popen_fork.py:66: RuntimeWarning: os.fork() was called. os.fork() is incompatible with multithreaded code, and JAX is multithreaded, so this will likely lead to a deadlock.
  self.pid = os.fork()
/usr/local/lib/python3.11/multiprocessing/popen_fork.py:66: RuntimeWarning: os.fork() was called. os.fork() is incompatible with multithreaded code, and JAX is multithreaded, so this will likely lead to a deadlock.
  self.pid = os.fork()
/usr/local/lib/python3.11/multiprocessing/popen_fork.py:66: RuntimeWarning: os.fork() was called. os.fork() is incompatible with multithreaded code, and JAX is multithreaded, so this will likely lead to a deadlock.
  self.pid = os.fork()
/usr/local/lib/python3.11/multiprocessing/popen_fork.py:66: RuntimeWarning: os.fork() was called. os.fork() is incompatible with multithreaded code, and JAX is multithreaded, so this will likely lead to a deadlock.
  self.pid = os.fork()
/usr/local/lib/python3.11/multiprocessing/popen_fork.py:66: RuntimeWarning: os.fork() was called. os.fork() is incompatible with multithreaded code, and JAX is multithreaded, so this will likely lead to a deadlock.
  self.pid = os.fork()
I0315 21:24:38.060478 140321285866688 spec.py:333] Evaluating on the validation split.
I0315 21:24:38.061589 140321285866688 input_pipeline.py:20] Loading split = dev-clean
I0315 21:24:38.125981 140321285866688 input_pipeline.py:20] Loading split = dev-other
/usr/local/lib/python3.11/multiprocessing/popen_fork.py:66: RuntimeWarning: os.fork() was called. os.fork() is incompatible with multithreaded code, and JAX is multithreaded, so this will likely lead to a deadlock.
  self.pid = os.fork()
/usr/local/lib/python3.11/multiprocessing/popen_fork.py:66: RuntimeWarning: os.fork() was called. os.fork() is incompatible with multithreaded code, and JAX is multithreaded, so this will likely lead to a deadlock.
  self.pid = os.fork()
/usr/local/lib/python3.11/multiprocessing/popen_fork.py:66: RuntimeWarning: os.fork() was called. os.fork() is incompatible with multithreaded code, and JAX is multithreaded, so this will likely lead to a deadlock.
  self.pid = os.fork()
/usr/local/lib/python3.11/multiprocessing/popen_fork.py:66: RuntimeWarning: os.fork() was called. os.fork() is incompatible with multithreaded code, and JAX is multithreaded, so this will likely lead to a deadlock.
  self.pid = os.fork()
/usr/local/lib/python3.11/multiprocessing/popen_fork.py:66: RuntimeWarning: os.fork() was called. os.fork() is incompatible with multithreaded code, and JAX is multithreaded, so this will likely lead to a deadlock.
  self.pid = os.fork()
/usr/local/lib/python3.11/multiprocessing/popen_fork.py:66: RuntimeWarning: os.fork() was called. os.fork() is incompatible with multithreaded code, and JAX is multithreaded, so this will likely lead to a deadlock.
  self.pid = os.fork()
/usr/local/lib/python3.11/multiprocessing/popen_fork.py:66: RuntimeWarning: os.fork() was called. os.fork() is incompatible with multithreaded code, and JAX is multithreaded, so this will likely lead to a deadlock.
  self.pid = os.fork()
/usr/local/lib/python3.11/multiprocessing/popen_fork.py:66: RuntimeWarning: os.fork() was called. os.fork() is incompatible with multithreaded code, and JAX is multithreaded, so this will likely lead to a deadlock.
  self.pid = os.fork()
I0315 21:25:00.696519 140321285866688 spec.py:349] Evaluating on the test split.
I0315 21:25:00.697811 140321285866688 input_pipeline.py:20] Loading split = test-clean
I0315 21:25:12.954097 140321285866688 submission_runner.py:469] Time since start: 174.75s, 	Step: 1, 	{'train/ctc_loss': 30.222698036617803, 'train/wer': 3.1965756629416435, 'validation/ctc_loss': 28.687358196921114, 'validation/wer': 2.9959059527832763, 'validation/num_examples': 5348, 'test/ctc_loss': 28.951451358322533, 'test/wer': 3.1602380517132818, 'test/num_examples': 2472, 'score': 101.87765765190125, 'total_duration': 174.75432348251343, 'accumulated_submission_time': 101.87765765190125, 'accumulated_eval_time': 72.44793272018433, 'accumulated_logging_time': 0}
I0315 21:25:12.971558 140301406562048 logging_writer.py:48] [1] accumulated_eval_time=72.4479, accumulated_logging_time=0, accumulated_submission_time=101.878, global_step=1, preemption_count=0, score=101.878, test/ctc_loss=28.9515, test/num_examples=2472, test/wer=3.16024, total_duration=174.754, train/ctc_loss=30.2227, train/wer=3.19658, validation/ctc_loss=28.6874, validation/num_examples=5348, validation/wer=2.99591
I0315 21:25:14.623951 140301398169344 logging_writer.py:48] [1] global_step=1, grad_norm=23.8198, loss=32.7165
I0315 21:25:14.627894 140321285866688 submission.py:265] 1) loss = 32.716, grad_norm = 23.820
I0315 21:25:15.489808 140301406562048 logging_writer.py:48] [2] global_step=2, grad_norm=38.6346, loss=33.5112
I0315 21:25:15.493584 140321285866688 submission.py:265] 2) loss = 33.511, grad_norm = 38.635
I0315 21:25:16.353149 140301398169344 logging_writer.py:48] [3] global_step=3, grad_norm=54.3196, loss=32.7694
I0315 21:25:16.357377 140321285866688 submission.py:265] 3) loss = 32.769, grad_norm = 54.320
I0315 21:25:17.215906 140301406562048 logging_writer.py:48] [4] global_step=4, grad_norm=58.9835, loss=31.5377
I0315 21:25:17.219681 140321285866688 submission.py:265] 4) loss = 31.538, grad_norm = 58.984
I0315 21:25:18.072863 140301398169344 logging_writer.py:48] [5] global_step=5, grad_norm=55.6608, loss=30.9433
I0315 21:25:18.076836 140321285866688 submission.py:265] 5) loss = 30.943, grad_norm = 55.661
I0315 21:25:18.939801 140301406562048 logging_writer.py:48] [6] global_step=6, grad_norm=45.8228, loss=29.6466
I0315 21:25:18.943518 140321285866688 submission.py:265] 6) loss = 29.647, grad_norm = 45.823
I0315 21:25:19.804497 140301398169344 logging_writer.py:48] [7] global_step=7, grad_norm=42.4964, loss=28.7628
I0315 21:25:19.808351 140321285866688 submission.py:265] 7) loss = 28.763, grad_norm = 42.496
I0315 21:25:20.666534 140301406562048 logging_writer.py:48] [8] global_step=8, grad_norm=38.5359, loss=28.4174
I0315 21:25:20.670340 140321285866688 submission.py:265] 8) loss = 28.417, grad_norm = 38.536
I0315 21:25:21.527716 140301398169344 logging_writer.py:48] [9] global_step=9, grad_norm=33.5314, loss=28.2812
I0315 21:25:21.531540 140321285866688 submission.py:265] 9) loss = 28.281, grad_norm = 33.531
I0315 21:25:22.388818 140301406562048 logging_writer.py:48] [10] global_step=10, grad_norm=27.6323, loss=27.3361
I0315 21:25:22.392436 140321285866688 submission.py:265] 10) loss = 27.336, grad_norm = 27.632
I0315 21:25:23.250399 140301398169344 logging_writer.py:48] [11] global_step=11, grad_norm=28.1306, loss=26.6486
I0315 21:25:23.254124 140321285866688 submission.py:265] 11) loss = 26.649, grad_norm = 28.131
I0315 21:25:24.114888 140301406562048 logging_writer.py:48] [12] global_step=12, grad_norm=25.8483, loss=26.1848
I0315 21:25:24.118620 140321285866688 submission.py:265] 12) loss = 26.185, grad_norm = 25.848
I0315 21:25:24.974791 140301398169344 logging_writer.py:48] [13] global_step=13, grad_norm=27.0865, loss=24.5905
I0315 21:25:24.978490 140321285866688 submission.py:265] 13) loss = 24.590, grad_norm = 27.087
I0315 21:25:25.840585 140301406562048 logging_writer.py:48] [14] global_step=14, grad_norm=25.7253, loss=24.6532
I0315 21:25:25.844323 140321285866688 submission.py:265] 14) loss = 24.653, grad_norm = 25.725
I0315 21:25:26.704128 140301398169344 logging_writer.py:48] [15] global_step=15, grad_norm=26.5535, loss=24.3702
I0315 21:25:26.707749 140321285866688 submission.py:265] 15) loss = 24.370, grad_norm = 26.554
I0315 21:25:27.563071 140301406562048 logging_writer.py:48] [16] global_step=16, grad_norm=23.27, loss=22.3057
I0315 21:25:27.567072 140321285866688 submission.py:265] 16) loss = 22.306, grad_norm = 23.270
I0315 21:25:28.956159 140301398169344 logging_writer.py:48] [17] global_step=17, grad_norm=25.3549, loss=22.2578
I0315 21:25:28.960086 140321285866688 submission.py:265] 17) loss = 22.258, grad_norm = 25.355
I0315 21:25:29.821607 140301406562048 logging_writer.py:48] [18] global_step=18, grad_norm=24.641, loss=21.0354
I0315 21:25:29.825366 140321285866688 submission.py:265] 18) loss = 21.035, grad_norm = 24.641
I0315 21:25:31.094856 140301398169344 logging_writer.py:48] [19] global_step=19, grad_norm=24.2269, loss=20.1409
I0315 21:25:31.098587 140321285866688 submission.py:265] 19) loss = 20.141, grad_norm = 24.227
I0315 21:25:32.301906 140301406562048 logging_writer.py:48] [20] global_step=20, grad_norm=22.5004, loss=19.0758
I0315 21:25:32.305652 140321285866688 submission.py:265] 20) loss = 19.076, grad_norm = 22.500
I0315 21:25:34.119615 140301398169344 logging_writer.py:48] [21] global_step=21, grad_norm=22.6581, loss=18.1892
I0315 21:25:34.125903 140321285866688 submission.py:265] 21) loss = 18.189, grad_norm = 22.658
I0315 21:25:34.981171 140301406562048 logging_writer.py:48] [22] global_step=22, grad_norm=19.2306, loss=16.9976
I0315 21:25:34.985473 140321285866688 submission.py:265] 22) loss = 16.998, grad_norm = 19.231
I0315 21:25:36.272916 140301398169344 logging_writer.py:48] [23] global_step=23, grad_norm=19.3334, loss=17.2458
I0315 21:25:36.276667 140321285866688 submission.py:265] 23) loss = 17.246, grad_norm = 19.333
I0315 21:25:37.379391 140301406562048 logging_writer.py:48] [24] global_step=24, grad_norm=16.1884, loss=16.0778
I0315 21:25:37.383012 140321285866688 submission.py:265] 24) loss = 16.078, grad_norm = 16.188
I0315 21:25:38.805489 140301398169344 logging_writer.py:48] [25] global_step=25, grad_norm=15.737, loss=15.3641
I0315 21:25:38.809246 140321285866688 submission.py:265] 25) loss = 15.364, grad_norm = 15.737
I0315 21:25:39.663254 140301406562048 logging_writer.py:48] [26] global_step=26, grad_norm=13.7853, loss=15.0676
I0315 21:25:39.667088 140321285866688 submission.py:265] 26) loss = 15.068, grad_norm = 13.785
I0315 21:25:41.226302 140301398169344 logging_writer.py:48] [27] global_step=27, grad_norm=13.3765, loss=14.0562
I0315 21:25:41.229951 140321285866688 submission.py:265] 27) loss = 14.056, grad_norm = 13.376
I0315 21:25:42.134308 140301406562048 logging_writer.py:48] [28] global_step=28, grad_norm=13.0813, loss=13.5456
I0315 21:25:42.138398 140321285866688 submission.py:265] 28) loss = 13.546, grad_norm = 13.081
I0315 21:25:43.927404 140301398169344 logging_writer.py:48] [29] global_step=29, grad_norm=11.6986, loss=12.5462
I0315 21:25:43.931151 140321285866688 submission.py:265] 29) loss = 12.546, grad_norm = 11.699
I0315 21:25:44.793163 140301406562048 logging_writer.py:48] [30] global_step=30, grad_norm=10.7514, loss=12.4265
I0315 21:25:44.797077 140321285866688 submission.py:265] 30) loss = 12.426, grad_norm = 10.751
I0315 21:25:46.038747 140301398169344 logging_writer.py:48] [31] global_step=31, grad_norm=10.0819, loss=12.1554
I0315 21:25:46.042577 140321285866688 submission.py:265] 31) loss = 12.155, grad_norm = 10.082
I0315 21:25:47.115553 140301406562048 logging_writer.py:48] [32] global_step=32, grad_norm=9.65637, loss=11.6724
I0315 21:25:47.119200 140321285866688 submission.py:265] 32) loss = 11.672, grad_norm = 9.656
I0315 21:25:48.595656 140301398169344 logging_writer.py:48] [33] global_step=33, grad_norm=10.1497, loss=11.4248
I0315 21:25:48.599333 140321285866688 submission.py:265] 33) loss = 11.425, grad_norm = 10.150
I0315 21:25:49.625364 140301406562048 logging_writer.py:48] [34] global_step=34, grad_norm=9.64305, loss=10.7263
I0315 21:25:49.628958 140321285866688 submission.py:265] 34) loss = 10.726, grad_norm = 9.643
I0315 21:25:50.798586 140301398169344 logging_writer.py:48] [35] global_step=35, grad_norm=8.73783, loss=10.6273
I0315 21:25:50.802265 140321285866688 submission.py:265] 35) loss = 10.627, grad_norm = 8.738
I0315 21:25:52.203493 140301406562048 logging_writer.py:48] [36] global_step=36, grad_norm=7.97778, loss=10.2495
I0315 21:25:52.207163 140321285866688 submission.py:265] 36) loss = 10.250, grad_norm = 7.978
I0315 21:25:53.555917 140301398169344 logging_writer.py:48] [37] global_step=37, grad_norm=7.14239, loss=9.75634
I0315 21:25:53.560012 140321285866688 submission.py:265] 37) loss = 9.756, grad_norm = 7.142
I0315 21:25:54.877344 140301406562048 logging_writer.py:48] [38] global_step=38, grad_norm=6.64467, loss=9.49161
I0315 21:25:54.881459 140321285866688 submission.py:265] 38) loss = 9.492, grad_norm = 6.645
I0315 21:25:55.740718 140301398169344 logging_writer.py:48] [39] global_step=39, grad_norm=5.27544, loss=9.19634
I0315 21:25:55.744312 140321285866688 submission.py:265] 39) loss = 9.196, grad_norm = 5.275
I0315 21:25:57.285680 140301406562048 logging_writer.py:48] [40] global_step=40, grad_norm=5.94404, loss=9.06475
I0315 21:25:57.289853 140321285866688 submission.py:265] 40) loss = 9.065, grad_norm = 5.944
I0315 21:25:58.677992 140301398169344 logging_writer.py:48] [41] global_step=41, grad_norm=5.5096, loss=9.01248
I0315 21:25:58.681664 140321285866688 submission.py:265] 41) loss = 9.012, grad_norm = 5.510
I0315 21:25:59.541285 140301406562048 logging_writer.py:48] [42] global_step=42, grad_norm=4.92792, loss=8.62587
I0315 21:25:59.545108 140321285866688 submission.py:265] 42) loss = 8.626, grad_norm = 4.928
I0315 21:26:00.701896 140301398169344 logging_writer.py:48] [43] global_step=43, grad_norm=4.19023, loss=8.38589
I0315 21:26:00.705496 140321285866688 submission.py:265] 43) loss = 8.386, grad_norm = 4.190
I0315 21:26:02.171798 140301406562048 logging_writer.py:48] [44] global_step=44, grad_norm=3.52324, loss=8.20022
I0315 21:26:02.175531 140321285866688 submission.py:265] 44) loss = 8.200, grad_norm = 3.523
I0315 21:26:03.728283 140301398169344 logging_writer.py:48] [45] global_step=45, grad_norm=4.14811, loss=8.14091
I0315 21:26:03.732032 140321285866688 submission.py:265] 45) loss = 8.141, grad_norm = 4.148
I0315 21:26:04.748822 140301406562048 logging_writer.py:48] [46] global_step=46, grad_norm=3.29146, loss=7.9425
I0315 21:26:04.752979 140321285866688 submission.py:265] 46) loss = 7.942, grad_norm = 3.291
I0315 21:26:05.640458 140301398169344 logging_writer.py:48] [47] global_step=47, grad_norm=2.75457, loss=7.6877
I0315 21:26:05.644346 140321285866688 submission.py:265] 47) loss = 7.688, grad_norm = 2.755
I0315 21:26:07.169483 140301406562048 logging_writer.py:48] [48] global_step=48, grad_norm=2.58464, loss=7.81269
I0315 21:26:07.173163 140321285866688 submission.py:265] 48) loss = 7.813, grad_norm = 2.585
I0315 21:26:08.846626 140301398169344 logging_writer.py:48] [49] global_step=49, grad_norm=3.14745, loss=7.80685
I0315 21:26:08.850226 140321285866688 submission.py:265] 49) loss = 7.807, grad_norm = 3.147
I0315 21:26:09.943127 140301406562048 logging_writer.py:48] [50] global_step=50, grad_norm=2.91086, loss=7.70615
I0315 21:26:09.946636 140321285866688 submission.py:265] 50) loss = 7.706, grad_norm = 2.911
I0315 21:26:10.804530 140301398169344 logging_writer.py:48] [51] global_step=51, grad_norm=2.55437, loss=7.57855
I0315 21:26:10.808279 140321285866688 submission.py:265] 51) loss = 7.579, grad_norm = 2.554
I0315 21:26:11.904208 140301406562048 logging_writer.py:48] [52] global_step=52, grad_norm=2.52353, loss=7.42674
I0315 21:26:11.907985 140321285866688 submission.py:265] 52) loss = 7.427, grad_norm = 2.524
I0315 21:26:13.592691 140301398169344 logging_writer.py:48] [53] global_step=53, grad_norm=2.60511, loss=7.49419
I0315 21:26:13.596469 140321285866688 submission.py:265] 53) loss = 7.494, grad_norm = 2.605
I0315 21:26:14.590418 140301406562048 logging_writer.py:48] [54] global_step=54, grad_norm=2.51705, loss=7.34115
I0315 21:26:14.594214 140321285866688 submission.py:265] 54) loss = 7.341, grad_norm = 2.517
I0315 21:26:15.450683 140301398169344 logging_writer.py:48] [55] global_step=55, grad_norm=2.72334, loss=7.39618
I0315 21:26:15.454564 140321285866688 submission.py:265] 55) loss = 7.396, grad_norm = 2.723
I0315 21:26:16.722836 140301406562048 logging_writer.py:48] [56] global_step=56, grad_norm=2.11778, loss=7.19983
I0315 21:26:16.726623 140321285866688 submission.py:265] 56) loss = 7.200, grad_norm = 2.118
I0315 21:26:18.403124 140301398169344 logging_writer.py:48] [57] global_step=57, grad_norm=3.09213, loss=7.18687
I0315 21:26:18.406800 140321285866688 submission.py:265] 57) loss = 7.187, grad_norm = 3.092
I0315 21:26:19.466026 140301406562048 logging_writer.py:48] [58] global_step=58, grad_norm=2.26911, loss=7.15499
I0315 21:26:19.469848 140321285866688 submission.py:265] 58) loss = 7.155, grad_norm = 2.269
I0315 21:26:20.325623 140301398169344 logging_writer.py:48] [59] global_step=59, grad_norm=2.6266, loss=7.12266
I0315 21:26:20.329779 140321285866688 submission.py:265] 59) loss = 7.123, grad_norm = 2.627
I0315 21:26:21.341903 140301406562048 logging_writer.py:48] [60] global_step=60, grad_norm=1.88163, loss=6.99337
I0315 21:26:21.346284 140321285866688 submission.py:265] 60) loss = 6.993, grad_norm = 1.882
I0315 21:26:23.397749 140301398169344 logging_writer.py:48] [61] global_step=61, grad_norm=1.7607, loss=6.92331
I0315 21:26:23.401649 140321285866688 submission.py:265] 61) loss = 6.923, grad_norm = 1.761
I0315 21:26:24.385096 140301406562048 logging_writer.py:48] [62] global_step=62, grad_norm=2.30588, loss=7.01319
I0315 21:26:24.388680 140321285866688 submission.py:265] 62) loss = 7.013, grad_norm = 2.306
I0315 21:26:25.248091 140301398169344 logging_writer.py:48] [63] global_step=63, grad_norm=2.02238, loss=6.87652
I0315 21:26:25.251910 140321285866688 submission.py:265] 63) loss = 6.877, grad_norm = 2.022
I0315 21:26:26.217761 140301406562048 logging_writer.py:48] [64] global_step=64, grad_norm=1.47665, loss=6.77928
I0315 21:26:26.221935 140321285866688 submission.py:265] 64) loss = 6.779, grad_norm = 1.477
I0315 21:26:28.699337 140301398169344 logging_writer.py:48] [65] global_step=65, grad_norm=2.51063, loss=6.85984
I0315 21:26:28.702884 140321285866688 submission.py:265] 65) loss = 6.860, grad_norm = 2.511
I0315 21:26:29.559222 140301406562048 logging_writer.py:48] [66] global_step=66, grad_norm=3.05578, loss=6.75557
I0315 21:26:29.562943 140321285866688 submission.py:265] 66) loss = 6.756, grad_norm = 3.056
I0315 21:26:30.419243 140301398169344 logging_writer.py:48] [67] global_step=67, grad_norm=1.93535, loss=6.79652
I0315 21:26:30.423079 140321285866688 submission.py:265] 67) loss = 6.797, grad_norm = 1.935
I0315 21:26:31.282037 140301406562048 logging_writer.py:48] [68] global_step=68, grad_norm=1.65657, loss=6.74875
I0315 21:26:31.285714 140321285866688 submission.py:265] 68) loss = 6.749, grad_norm = 1.657
I0315 21:26:34.118848 140301398169344 logging_writer.py:48] [69] global_step=69, grad_norm=2.91947, loss=6.76754
I0315 21:26:34.122783 140321285866688 submission.py:265] 69) loss = 6.768, grad_norm = 2.919
I0315 21:26:34.976494 140301406562048 logging_writer.py:48] [70] global_step=70, grad_norm=2.34389, loss=6.71832
I0315 21:26:34.980265 140321285866688 submission.py:265] 70) loss = 6.718, grad_norm = 2.344
I0315 21:26:35.833029 140301398169344 logging_writer.py:48] [71] global_step=71, grad_norm=1.68792, loss=6.59484
I0315 21:26:35.836605 140321285866688 submission.py:265] 71) loss = 6.595, grad_norm = 1.688
I0315 21:26:36.691252 140301406562048 logging_writer.py:48] [72] global_step=72, grad_norm=3.03884, loss=6.57649
I0315 21:26:36.694711 140321285866688 submission.py:265] 72) loss = 6.576, grad_norm = 3.039
I0315 21:26:38.944172 140301398169344 logging_writer.py:48] [73] global_step=73, grad_norm=2.01839, loss=6.53741
I0315 21:26:38.947606 140321285866688 submission.py:265] 73) loss = 6.537, grad_norm = 2.018
I0315 21:26:39.796336 140301406562048 logging_writer.py:48] [74] global_step=74, grad_norm=2.29621, loss=6.50225
I0315 21:26:39.799849 140321285866688 submission.py:265] 74) loss = 6.502, grad_norm = 2.296
I0315 21:26:40.657063 140301398169344 logging_writer.py:48] [75] global_step=75, grad_norm=1.83648, loss=6.41962
I0315 21:26:40.660652 140321285866688 submission.py:265] 75) loss = 6.420, grad_norm = 1.836
I0315 21:26:41.513899 140301406562048 logging_writer.py:48] [76] global_step=76, grad_norm=1.67807, loss=6.38483
I0315 21:26:41.517340 140321285866688 submission.py:265] 76) loss = 6.385, grad_norm = 1.678
I0315 21:26:43.883659 140301398169344 logging_writer.py:48] [77] global_step=77, grad_norm=2.4151, loss=6.4073
I0315 21:26:43.887730 140321285866688 submission.py:265] 77) loss = 6.407, grad_norm = 2.415
I0315 21:26:44.747980 140301406562048 logging_writer.py:48] [78] global_step=78, grad_norm=2.34793, loss=6.34999
I0315 21:26:44.751904 140321285866688 submission.py:265] 78) loss = 6.350, grad_norm = 2.348
I0315 21:26:45.608241 140301398169344 logging_writer.py:48] [79] global_step=79, grad_norm=2.41015, loss=6.33105
I0315 21:26:45.611883 140321285866688 submission.py:265] 79) loss = 6.331, grad_norm = 2.410
I0315 21:26:46.470765 140301406562048 logging_writer.py:48] [80] global_step=80, grad_norm=2.87136, loss=6.24318
I0315 21:26:46.473998 140321285866688 submission.py:265] 80) loss = 6.243, grad_norm = 2.871
I0315 21:26:48.324994 140301398169344 logging_writer.py:48] [81] global_step=81, grad_norm=2.15169, loss=6.18815
I0315 21:26:48.328522 140321285866688 submission.py:265] 81) loss = 6.188, grad_norm = 2.152
I0315 21:26:49.184902 140301406562048 logging_writer.py:48] [82] global_step=82, grad_norm=2.53467, loss=6.25382
I0315 21:26:49.188346 140321285866688 submission.py:265] 82) loss = 6.254, grad_norm = 2.535
I0315 21:26:50.040733 140301398169344 logging_writer.py:48] [83] global_step=83, grad_norm=2.99509, loss=6.14854
I0315 21:26:50.044455 140321285866688 submission.py:265] 83) loss = 6.149, grad_norm = 2.995
I0315 21:26:50.897718 140301406562048 logging_writer.py:48] [84] global_step=84, grad_norm=1.84864, loss=6.13485
I0315 21:26:50.901025 140321285866688 submission.py:265] 84) loss = 6.135, grad_norm = 1.849
I0315 21:26:53.335316 140301398169344 logging_writer.py:48] [85] global_step=85, grad_norm=1.28581, loss=6.07361
I0315 21:26:53.338652 140321285866688 submission.py:265] 85) loss = 6.074, grad_norm = 1.286
I0315 21:26:54.193942 140301406562048 logging_writer.py:48] [86] global_step=86, grad_norm=1.18754, loss=6.01891
I0315 21:26:54.197307 140321285866688 submission.py:265] 86) loss = 6.019, grad_norm = 1.188
I0315 21:26:55.058316 140301398169344 logging_writer.py:48] [87] global_step=87, grad_norm=1.43934, loss=6.07085
I0315 21:26:55.061592 140321285866688 submission.py:265] 87) loss = 6.071, grad_norm = 1.439
I0315 21:26:55.915686 140301406562048 logging_writer.py:48] [88] global_step=88, grad_norm=1.82647, loss=6.04783
I0315 21:26:55.919387 140321285866688 submission.py:265] 88) loss = 6.048, grad_norm = 1.826
I0315 21:26:58.188319 140301398169344 logging_writer.py:48] [89] global_step=89, grad_norm=1.68335, loss=5.99531
I0315 21:26:58.191760 140321285866688 submission.py:265] 89) loss = 5.995, grad_norm = 1.683
I0315 21:26:59.047665 140301406562048 logging_writer.py:48] [90] global_step=90, grad_norm=1.97606, loss=5.99515
I0315 21:26:59.051292 140321285866688 submission.py:265] 90) loss = 5.995, grad_norm = 1.976
I0315 21:26:59.932634 140301398169344 logging_writer.py:48] [91] global_step=91, grad_norm=1.37134, loss=5.98777
I0315 21:26:59.936088 140321285866688 submission.py:265] 91) loss = 5.988, grad_norm = 1.371
I0315 21:27:00.791866 140301406562048 logging_writer.py:48] [92] global_step=92, grad_norm=1.47325, loss=6.01189
I0315 21:27:00.795931 140321285866688 submission.py:265] 92) loss = 6.012, grad_norm = 1.473
I0315 21:27:02.967412 140301398169344 logging_writer.py:48] [93] global_step=93, grad_norm=0.89363, loss=5.95385
I0315 21:27:02.971188 140321285866688 submission.py:265] 93) loss = 5.954, grad_norm = 0.894
I0315 21:27:03.906223 140301406562048 logging_writer.py:48] [94] global_step=94, grad_norm=0.804548, loss=5.94309
I0315 21:27:03.910522 140321285866688 submission.py:265] 94) loss = 5.943, grad_norm = 0.805
I0315 21:27:04.765474 140301398169344 logging_writer.py:48] [95] global_step=95, grad_norm=1.47051, loss=5.97361
I0315 21:27:04.769209 140321285866688 submission.py:265] 95) loss = 5.974, grad_norm = 1.471
I0315 21:27:05.629864 140301406562048 logging_writer.py:48] [96] global_step=96, grad_norm=1.18158, loss=5.97436
