python submission_runner.py --framework=jax --workload=wmt --submission_path=prize_qualification_baselines/external_tuning/jax_nadamw_full_budget.py --data_dir=/data/wmt --num_tuning_trials=1 --experiment_dir=/experiment_runs --experiment_name=submissions/rolling_leaderboard/external_tuning/baseline/study_1 --overwrite=True --save_checkpoints=False --rng_seed=4463175 --tuning_ruleset=external --tuning_search_space=prize_qualification_baselines/external_tuning/tuning_search_space.json --num_tuning_trials=5 --hparam_start_index=1 --hparam_end_index=2 2>&1 | tee -a /logs/wmt_jax_03-05-2025-19-12-04.log
2025-03-05 19:12:05.705984: E external/local_xla/xla/stream_executor/cuda/cuda_fft.cc:477] Unable to register cuFFT factory: Attempting to register factory for plugin cuFFT when one has already been registered
WARNING: All log messages before absl::InitializeLog() is called are written to STDERR
E0000 00:00:1741201925.728391       9 cuda_dnn.cc:8310] Unable to register cuDNN factory: Attempting to register factory for plugin cuDNN when one has already been registered
E0000 00:00:1741201925.735417       9 cuda_blas.cc:1418] Unable to register cuBLAS factory: Attempting to register factory for plugin cuBLAS when one has already been registered
ERROR:root:Unable to import wandb.
Traceback (most recent call last):
  File "/algorithmic-efficiency/algoperf/logger_utils.py", line 27, in <module>
    import wandb  # pylint: disable=g-import-not-at-top
    ^^^^^^^^^^^^
ModuleNotFoundError: No module named 'wandb'
I0305 19:12:12.584302 139902437545152 logger_utils.py:81] Creating experiment directory at /experiment_runs/submissions/rolling_leaderboard/external_tuning/baseline/study_1/wmt_jax.
I0305 19:12:13.625904 139902437545152 xla_bridge.py:884] Unable to initialize backend 'rocm': NOT_FOUND: Could not find registered platform with name: "rocm". Available platform names are: CUDA
I0305 19:12:13.629748 139902437545152 xla_bridge.py:884] Unable to initialize backend 'tpu': INTERNAL: Failed to open libtpu.so: libtpu.so: cannot open shared object file: No such file or directory
I0305 19:12:13.631408 139902437545152 submission_runner.py:606] Using RNG seed 4463175
I0305 19:12:14.239070 139902437545152 submission_runner.py:615] --- Tuning run 2/5 ---
I0305 19:12:14.239275 139902437545152 submission_runner.py:620] Creating tuning directory at /experiment_runs/submissions/rolling_leaderboard/external_tuning/baseline/study_1/wmt_jax/trial_2.
I0305 19:12:14.239454 139902437545152 logger_utils.py:97] Saving hparams to /experiment_runs/submissions/rolling_leaderboard/external_tuning/baseline/study_1/wmt_jax/trial_2/hparams.json.
I0305 19:12:14.478540 139902437545152 submission_runner.py:218] Initializing dataset.
I0305 19:12:14.652579 139902437545152 dataset_info.py:690] Load dataset info from /data/wmt/wmt17_translate/de-en/1.0.0
I0305 19:12:14.658717 139902437545152 reader.py:261] Creating a tf.data.Dataset reading 16 files located in folders: /data/wmt/wmt17_translate/de-en/1.0.0.
I0305 19:12:14.739428 139902437545152 logging_logger.py:49] Constructing tf.data.Dataset wmt17_translate for split train, from /data/wmt/wmt17_translate/de-en/1.0.0
I0305 19:12:16.084528 139902437545152 submission_runner.py:229] Initializing model.
I0305 19:12:57.755587 139902437545152 submission_runner.py:272] Initializing optimizer.
I0305 19:12:58.616090 139902437545152 submission_runner.py:279] Initializing metrics bundle.
I0305 19:12:58.616339 139902437545152 submission_runner.py:301] Initializing checkpoint and logger.
I0305 19:12:58.617469 139902437545152 checkpoints.py:1101] Found no checkpoint files in /experiment_runs/submissions/rolling_leaderboard/external_tuning/baseline/study_1/wmt_jax/trial_2 with prefix checkpoint_
I0305 19:12:58.617575 139902437545152 submission_runner.py:321] Saving meta data to /experiment_runs/submissions/rolling_leaderboard/external_tuning/baseline/study_1/wmt_jax/trial_2/meta_data_0.json.
I0305 19:12:58.617752 139902437545152 logger_utils.py:262] Unable to record workload.train_mean information. Continuing without it.
I0305 19:12:58.617799 139902437545152 logger_utils.py:262] Unable to record workload.train_stddev information. Continuing without it.
I0305 19:12:58.801581 139902437545152 submission_runner.py:325] Saving flags to /experiment_runs/submissions/rolling_leaderboard/external_tuning/baseline/study_1/wmt_jax/trial_2/flags_0.json.
I0305 19:12:58.838985 139902437545152 submission_runner.py:337] Starting training loop.
I0305 19:13:24.669590 139766272022272 logging_writer.py:48] [0] global_step=0, grad_norm=5.208498001098633, loss=11.106546401977539
I0305 19:13:24.728572 139902437545152 spec.py:321] Evaluating on the training split.
I0305 19:13:24.730989 139902437545152 dataset_info.py:690] Load dataset info from /data/wmt/wmt17_translate/de-en/1.0.0
I0305 19:13:24.734446 139902437545152 reader.py:261] Creating a tf.data.Dataset reading 16 files located in folders: /data/wmt/wmt17_translate/de-en/1.0.0.
I0305 19:13:24.766159 139902437545152 logging_logger.py:49] Constructing tf.data.Dataset wmt17_translate for split train, from /data/wmt/wmt17_translate/de-en/1.0.0
I0305 19:13:30.908128 139902437545152 workload.py:181] Translating evaluation dataset.
I0305 19:18:35.477403 139902437545152 spec.py:333] Evaluating on the validation split.
I0305 19:18:35.542356 139902437545152 dataset_info.py:690] Load dataset info from /data/wmt/wmt14_translate/de-en/1.0.0
I0305 19:18:35.571783 139902437545152 reader.py:261] Creating a tf.data.Dataset reading 1 files located in folders: /data/wmt/wmt14_translate/de-en/1.0.0.
I0305 19:18:35.603768 139902437545152 logging_logger.py:49] Constructing tf.data.Dataset wmt14_translate for split validation, from /data/wmt/wmt14_translate/de-en/1.0.0
I0305 19:18:40.800826 139902437545152 workload.py:181] Translating evaluation dataset.
I0305 19:23:39.504935 139902437545152 spec.py:349] Evaluating on the test split.
I0305 19:23:39.507580 139902437545152 dataset_info.py:690] Load dataset info from /data/wmt/wmt14_translate/de-en/1.0.0
I0305 19:23:39.510964 139902437545152 reader.py:261] Creating a tf.data.Dataset reading 1 files located in folders: /data/wmt/wmt14_translate/de-en/1.0.0.
I0305 19:23:39.544248 139902437545152 logging_logger.py:49] Constructing tf.data.Dataset wmt14_translate for split test, from /data/wmt/wmt14_translate/de-en/1.0.0
I0305 19:23:42.328090 139902437545152 workload.py:181] Translating evaluation dataset.
I0305 19:28:40.515949 139902437545152 submission_runner.py:469] Time since start: 941.68s, 	Step: 1, 	{'train/accuracy': 0.0006909416988492012, 'train/loss': 11.127187728881836, 'train/bleu': 0.0, 'validation/accuracy': 0.00048204089398495853, 'validation/loss': 11.128292083740234, 'validation/bleu': 0.0, 'validation/num_examples': 3000, 'test/accuracy': 0.0007183408597484231, 'test/loss': 11.135275840759277, 'test/bleu': 0.0, 'test/num_examples': 3003, 'score': 25.889487981796265, 'total_duration': 941.6768958568573, 'accumulated_submission_time': 25.889487981796265, 'accumulated_eval_time': 915.7872984409332, 'accumulated_logging_time': 0}
I0305 19:28:40.523214 139759275980544 logging_writer.py:48] [1] accumulated_eval_time=915.787, accumulated_logging_time=0, accumulated_submission_time=25.8895, global_step=1, preemption_count=0, score=25.8895, test/accuracy=0.000718341, test/bleu=0, test/loss=11.1353, test/num_examples=3003, total_duration=941.677, train/accuracy=0.000690942, train/bleu=0, train/loss=11.1272, validation/accuracy=0.000482041, validation/bleu=0, validation/loss=11.1283, validation/num_examples=3000
I0305 19:29:15.109783 139759267587840 logging_writer.py:48] [100] global_step=100, grad_norm=0.25009462237358093, loss=9.013716697692871
I0305 19:29:49.603820 139759275980544 logging_writer.py:48] [200] global_step=200, grad_norm=0.4466525614261627, loss=8.674158096313477
I0305 19:30:24.102874 139759267587840 logging_writer.py:48] [300] global_step=300, grad_norm=0.6844770312309265, loss=8.239631652832031
I0305 19:30:58.607866 139759275980544 logging_writer.py:48] [400] global_step=400, grad_norm=1.067602276802063, loss=8.069991111755371
I0305 19:31:33.153918 139759267587840 logging_writer.py:48] [500] global_step=500, grad_norm=0.48896172642707825, loss=7.75026273727417
I0305 19:32:07.656728 139759275980544 logging_writer.py:48] [600] global_step=600, grad_norm=0.617097795009613, loss=7.571043968200684
I0305 19:32:42.187007 139759267587840 logging_writer.py:48] [700] global_step=700, grad_norm=0.6055870652198792, loss=7.296823501586914
I0305 19:33:16.700828 139759275980544 logging_writer.py:48] [800] global_step=800, grad_norm=0.5185383558273315, loss=7.191039085388184
I0305 19:33:51.242155 139759267587840 logging_writer.py:48] [900] global_step=900, grad_norm=0.5692044496536255, loss=7.036921501159668
I0305 19:34:25.765000 139759275980544 logging_writer.py:48] [1000] global_step=1000, grad_norm=0.5135598182678223, loss=6.885849475860596
I0305 19:35:00.328932 139759267587840 logging_writer.py:48] [1100] global_step=1100, grad_norm=0.6323511600494385, loss=6.773916244506836
I0305 19:35:34.869719 139759275980544 logging_writer.py:48] [1200] global_step=1200, grad_norm=0.6062461137771606, loss=6.617455005645752
I0305 19:36:09.445601 139759267587840 logging_writer.py:48] [1300] global_step=1300, grad_norm=0.545397937297821, loss=6.513472557067871
I0305 19:36:43.987737 139759275980544 logging_writer.py:48] [1400] global_step=1400, grad_norm=0.5492605566978455, loss=6.457320690155029
I0305 19:37:18.508712 139759267587840 logging_writer.py:48] [1500] global_step=1500, grad_norm=0.5996434092521667, loss=6.2808098793029785
I0305 19:37:53.029893 139759275980544 logging_writer.py:48] [1600] global_step=1600, grad_norm=0.6765326261520386, loss=6.229276657104492
I0305 19:38:27.566979 139759267587840 logging_writer.py:48] [1700] global_step=1700, grad_norm=0.9653973579406738, loss=6.152785778045654
I0305 19:39:02.118248 139759275980544 logging_writer.py:48] [1800] global_step=1800, grad_norm=0.7986388206481934, loss=6.109157562255859
I0305 19:39:36.638362 139759267587840 logging_writer.py:48] [1900] global_step=1900, grad_norm=0.6053870916366577, loss=5.916371822357178
I0305 19:40:11.159656 139759275980544 logging_writer.py:48] [2000] global_step=2000, grad_norm=0.5615870356559753, loss=5.815826892852783
I0305 19:40:45.678768 139759267587840 logging_writer.py:48] [2100] global_step=2100, grad_norm=0.9198346734046936, loss=5.816925525665283
I0305 19:41:20.211687 139759275980544 logging_writer.py:48] [2200] global_step=2200, grad_norm=0.7513967156410217, loss=5.7013421058654785
I0305 19:41:54.733123 139759267587840 logging_writer.py:48] [2300] global_step=2300, grad_norm=0.5428608059883118, loss=5.530777454376221
I0305 19:42:29.340419 139759275980544 logging_writer.py:48] [2400] global_step=2400, grad_norm=0.5674049854278564, loss=5.481256484985352
I0305 19:42:40.739844 139902437545152 spec.py:321] Evaluating on the training split.
I0305 19:42:43.355395 139902437545152 workload.py:181] Translating evaluation dataset.
I0305 19:46:40.471724 139902437545152 spec.py:333] Evaluating on the validation split.
I0305 19:46:43.088143 139902437545152 workload.py:181] Translating evaluation dataset.
I0305 19:50:36.289725 139902437545152 spec.py:349] Evaluating on the test split.
I0305 19:50:38.896929 139902437545152 workload.py:181] Translating evaluation dataset.
I0305 19:54:34.873357 139902437545152 submission_runner.py:469] Time since start: 2496.03s, 	Step: 2434, 	{'train/accuracy': 0.4387555420398712, 'train/loss': 3.780032157897949, 'train/bleu': 17.282684711147255, 'validation/accuracy': 0.4347885251045227, 'validation/loss': 3.847177743911743, 'validation/bleu': 12.865042631562853, 'validation/num_examples': 3000, 'test/accuracy': 0.42230331897735596, 'test/loss': 4.007822036743164, 'test/bleu': 10.885582125641006, 'test/num_examples': 3003, 'score': 865.9368352890015, 'total_duration': 2496.0343101024628, 'accumulated_submission_time': 865.9368352890015, 'accumulated_eval_time': 1629.9207653999329, 'accumulated_logging_time': 0.015886306762695312}
I0305 19:54:34.883257 139758915258112 logging_writer.py:48] [2434] accumulated_eval_time=1629.92, accumulated_logging_time=0.0158863, accumulated_submission_time=865.937, global_step=2434, preemption_count=0, score=865.937, test/accuracy=0.422303, test/bleu=10.8856, test/loss=4.00782, test/num_examples=3003, total_duration=2496.03, train/accuracy=0.438756, train/bleu=17.2827, train/loss=3.78003, validation/accuracy=0.434789, validation/bleu=12.865, validation/loss=3.84718, validation/num_examples=3000
I0305 19:54:58.022117 139758906865408 logging_writer.py:48] [2500] global_step=2500, grad_norm=0.6452799439430237, loss=5.467507362365723
I0305 19:55:32.574297 139758915258112 logging_writer.py:48] [2600] global_step=2600, grad_norm=0.6243512034416199, loss=5.39115571975708
I0305 19:56:07.144359 139758906865408 logging_writer.py:48] [2700] global_step=2700, grad_norm=0.6805566549301147, loss=5.2991156578063965
I0305 19:56:41.698005 139758915258112 logging_writer.py:48] [2800] global_step=2800, grad_norm=0.5049130320549011, loss=5.340844631195068
I0305 19:57:16.265115 139758906865408 logging_writer.py:48] [2900] global_step=2900, grad_norm=0.4755181074142456, loss=5.208634376525879
I0305 19:57:50.806760 139758915258112 logging_writer.py:48] [3000] global_step=3000, grad_norm=0.5159488320350647, loss=5.1194963455200195
I0305 19:58:25.358995 139758906865408 logging_writer.py:48] [3100] global_step=3100, grad_norm=0.4510622024536133, loss=5.071686267852783
I0305 19:58:59.907804 139758915258112 logging_writer.py:48] [3200] global_step=3200, grad_norm=0.4885358214378357, loss=5.086427688598633
I0305 19:59:34.460675 139758906865408 logging_writer.py:48] [3300] global_step=3300, grad_norm=0.4310464560985565, loss=4.979575157165527
I0305 20:00:09.015728 139758915258112 logging_writer.py:48] [3400] global_step=3400, grad_norm=0.42181310057640076, loss=4.973171234130859
I0305 20:00:43.606308 139758906865408 logging_writer.py:48] [3500] global_step=3500, grad_norm=0.5211813449859619, loss=4.9539008140563965
I0305 20:01:18.151360 139758915258112 logging_writer.py:48] [3600] global_step=3600, grad_norm=0.46786361932754517, loss=4.9692254066467285
I0305 20:01:52.682358 139758906865408 logging_writer.py:48] [3700] global_step=3700, grad_norm=0.45880305767059326, loss=4.8838114738464355
I0305 20:02:27.199479 139758915258112 logging_writer.py:48] [3800] global_step=3800, grad_norm=0.4109726846218109, loss=4.890844345092773
I0305 20:03:01.701839 139758906865408 logging_writer.py:48] [3900] global_step=3900, grad_norm=0.3754826784133911, loss=4.831906318664551
I0305 20:03:36.243978 139758915258112 logging_writer.py:48] [4000] global_step=4000, grad_norm=0.3812780976295471, loss=4.829996109008789
I0305 20:04:10.778405 139758906865408 logging_writer.py:48] [4100] global_step=4100, grad_norm=0.3497161269187927, loss=4.797786712646484
I0305 20:04:45.328274 139758915258112 logging_writer.py:48] [4200] global_step=4200, grad_norm=0.4161717891693115, loss=4.849655628204346
I0305 20:05:19.874116 139758906865408 logging_writer.py:48] [4300] global_step=4300, grad_norm=0.35712647438049316, loss=4.778602123260498
I0305 20:05:54.406265 139758915258112 logging_writer.py:48] [4400] global_step=4400, grad_norm=0.45380541682243347, loss=4.747279167175293
I0305 20:06:28.932085 139758906865408 logging_writer.py:48] [4500] global_step=4500, grad_norm=0.3566421866416931, loss=4.7446208000183105
I0305 20:07:03.464434 139758915258112 logging_writer.py:48] [4600] global_step=4600, grad_norm=0.4213395118713379, loss=4.7464823722839355
I0305 20:07:37.975540 139758906865408 logging_writer.py:48] [4700] global_step=4700, grad_norm=0.35062268376350403, loss=4.679818630218506
I0305 20:08:12.507318 139758915258112 logging_writer.py:48] [4800] global_step=4800, grad_norm=0.35724931955337524, loss=4.6034255027771
I0305 20:08:34.935359 139902437545152 spec.py:321] Evaluating on the training split.
I0305 20:08:37.555410 139902437545152 workload.py:181] Translating evaluation dataset.
I0305 20:11:24.559325 139902437545152 spec.py:333] Evaluating on the validation split.
I0305 20:11:27.169610 139902437545152 workload.py:181] Translating evaluation dataset.
I0305 20:14:22.615539 139902437545152 spec.py:349] Evaluating on the test split.
I0305 20:14:25.225975 139902437545152 workload.py:181] Translating evaluation dataset.
I0305 20:17:06.867968 139902437545152 submission_runner.py:469] Time since start: 3848.03s, 	Step: 4866, 	{'train/accuracy': 0.5515024065971375, 'train/loss': 2.7679195404052734, 'train/bleu': 24.42808442075665, 'validation/accuracy': 0.5552369356155396, 'validation/loss': 2.7197988033294678, 'validation/bleu': 20.86397315378164, 'validation/num_examples': 3000, 'test/accuracy': 0.5571544170379639, 'test/loss': 2.739936113357544, 'test/bleu': 19.249846800938936, 'test/num_examples': 3003, 'score': 1705.8244485855103, 'total_duration': 3848.028921842575, 'accumulated_submission_time': 1705.8244485855103, 'accumulated_eval_time': 2141.853317260742, 'accumulated_logging_time': 0.03449702262878418}
I0305 20:17:06.878149 139758906865408 logging_writer.py:48] [4866] accumulated_eval_time=2141.85, accumulated_logging_time=0.034497, accumulated_submission_time=1705.82, global_step=4866, preemption_count=0, score=1705.82, test/accuracy=0.557154, test/bleu=19.2498, test/loss=2.73994, test/num_examples=3003, total_duration=3848.03, train/accuracy=0.551502, train/bleu=24.4281, train/loss=2.76792, validation/accuracy=0.555237, validation/bleu=20.864, validation/loss=2.7198, validation/num_examples=3000
I0305 20:17:18.964208 139758915258112 logging_writer.py:48] [4900] global_step=4900, grad_norm=0.33348503708839417, loss=4.649526596069336
I0305 20:17:53.324223 139758906865408 logging_writer.py:48] [5000] global_step=5000, grad_norm=0.02295064367353916, loss=7.917511463165283
I0305 20:18:27.718077 139758915258112 logging_writer.py:48] [5100] global_step=5100, grad_norm=0.3456491529941559, loss=7.490321159362793
I0305 20:19:02.178083 139758906865408 logging_writer.py:48] [5200] global_step=5200, grad_norm=0.2259063422679901, loss=7.091126918792725
I0305 20:19:36.648350 139758915258112 logging_writer.py:48] [5300] global_step=5300, grad_norm=0.8217494487762451, loss=7.171661376953125
I0305 20:20:11.142852 139758906865408 logging_writer.py:48] [5400] global_step=5400, grad_norm=0.392800897359848, loss=6.526299476623535
I0305 20:20:45.610048 139758915258112 logging_writer.py:48] [5500] global_step=5500, grad_norm=0.3797258138656616, loss=6.330913066864014
I0305 20:21:20.063581 139758906865408 logging_writer.py:48] [5600] global_step=5600, grad_norm=0.24607713520526886, loss=6.216553688049316
I0305 20:21:54.507693 139758915258112 logging_writer.py:48] [5700] global_step=5700, grad_norm=0.21468713879585266, loss=6.104518413543701
I0305 20:22:28.963094 139758906865408 logging_writer.py:48] [5800] global_step=5800, grad_norm=0.25218576192855835, loss=6.044640064239502
I0305 20:23:03.434336 139758915258112 logging_writer.py:48] [5900] global_step=5900, grad_norm=0.32758766412734985, loss=6.04319429397583
I0305 20:23:37.922186 139758906865408 logging_writer.py:48] [6000] global_step=6000, grad_norm=0.26084622740745544, loss=5.9813947677612305
I0305 20:24:12.421107 139758915258112 logging_writer.py:48] [6100] global_step=6100, grad_norm=0.25241193175315857, loss=6.009134292602539
I0305 20:24:46.928492 139758906865408 logging_writer.py:48] [6200] global_step=6200, grad_norm=0.29139453172683716, loss=5.965388774871826
I0305 20:25:21.450415 139758764189440 logging_writer.py:48] [6300] global_step=6300, grad_norm=0.2210988849401474, loss=5.908933639526367
I0305 20:25:55.887267 139758755796736 logging_writer.py:48] [6400] global_step=6400, grad_norm=0.3252924084663391, loss=5.883788585662842
I0305 20:26:30.335210 139758764189440 logging_writer.py:48] [6500] global_step=6500, grad_norm=0.23634600639343262, loss=5.810141563415527
I0305 20:27:04.810173 139758755796736 logging_writer.py:48] [6600] global_step=6600, grad_norm=0.2769107222557068, loss=5.805198669433594
I0305 20:27:39.277925 139758764189440 logging_writer.py:48] [6700] global_step=6700, grad_norm=0.3355645537376404, loss=5.7234907150268555
I0305 20:28:13.731698 139758755796736 logging_writer.py:48] [6800] global_step=6800, grad_norm=0.27974680066108704, loss=5.63665246963501
I0305 20:28:48.155900 139758764189440 logging_writer.py:48] [6900] global_step=6900, grad_norm=0.37360939383506775, loss=6.906008243560791
I0305 20:29:22.596150 139758755796736 logging_writer.py:48] [7000] global_step=7000, grad_norm=0.20168879628181458, loss=5.919948101043701
I0305 20:29:57.059671 139758764189440 logging_writer.py:48] [7100] global_step=7100, grad_norm=0.3392881751060486, loss=5.706108570098877
I0305 20:30:31.506419 139758755796736 logging_writer.py:48] [7200] global_step=7200, grad_norm=0.3606613576412201, loss=5.533601760864258
I0305 20:31:05.968890 139758764189440 logging_writer.py:48] [7300] global_step=7300, grad_norm=0.3877875506877899, loss=5.454875946044922
I0305 20:31:07.005147 139902437545152 spec.py:321] Evaluating on the training split.
I0305 20:31:09.607871 139902437545152 workload.py:181] Translating evaluation dataset.
I0305 20:35:38.924241 139902437545152 spec.py:333] Evaluating on the validation split.
I0305 20:35:41.542623 139902437545152 workload.py:181] Translating evaluation dataset.
I0305 20:39:43.886504 139902437545152 spec.py:349] Evaluating on the test split.
I0305 20:39:46.500510 139902437545152 workload.py:181] Translating evaluation dataset.
I0305 20:43:56.064436 139902437545152 submission_runner.py:469] Time since start: 5457.23s, 	Step: 7304, 	{'train/accuracy': 0.4056222438812256, 'train/loss': 3.751762866973877, 'train/bleu': 7.95668004695303, 'validation/accuracy': 0.37379181385040283, 'validation/loss': 4.059120178222656, 'validation/bleu': 4.061260610006268, 'validation/num_examples': 3000, 'test/accuracy': 0.35187116265296936, 'test/loss': 4.292884826660156, 'test/bleu': 3.022149049837015, 'test/num_examples': 3003, 'score': 2545.790619134903, 'total_duration': 5457.225398302078, 'accumulated_submission_time': 2545.790619134903, 'accumulated_eval_time': 2910.9125502109528, 'accumulated_logging_time': 0.05387568473815918}
I0305 20:43:56.074857 139758755796736 logging_writer.py:48] [7304] accumulated_eval_time=2910.91, accumulated_logging_time=0.0538757, accumulated_submission_time=2545.79, global_step=7304, preemption_count=0, score=2545.79, test/accuracy=0.351871, test/bleu=3.02215, test/loss=4.29288, test/num_examples=3003, total_duration=5457.23, train/accuracy=0.405622, train/bleu=7.95668, train/loss=3.75176, validation/accuracy=0.373792, validation/bleu=4.06126, validation/loss=4.05912, validation/num_examples=3000
I0305 20:44:29.486493 139758764189440 logging_writer.py:48] [7400] global_step=7400, grad_norm=0.4829440116882324, loss=5.337201118469238
I0305 20:45:03.960569 139758755796736 logging_writer.py:48] [7500] global_step=7500, grad_norm=0.3593514859676361, loss=5.2068610191345215
I0305 20:45:38.402709 139758764189440 logging_writer.py:48] [7600] global_step=7600, grad_norm=0.25990158319473267, loss=4.868997097015381
I0305 20:46:12.872212 139758755796736 logging_writer.py:48] [7700] global_step=7700, grad_norm=0.3042343854904175, loss=4.763875484466553
I0305 20:46:47.338903 139758764189440 logging_writer.py:48] [7800] global_step=7800, grad_norm=0.24491232633590698, loss=4.649684429168701
I0305 20:47:21.799168 139758755796736 logging_writer.py:48] [7900] global_step=7900, grad_norm=0.24049299955368042, loss=4.622099876403809
I0305 20:47:56.258894 139758764189440 logging_writer.py:48] [8000] global_step=8000, grad_norm=0.252555251121521, loss=4.569007873535156
I0305 20:48:30.690221 139758755796736 logging_writer.py:48] [8100] global_step=8100, grad_norm=0.25226518511772156, loss=4.533107280731201
I0305 20:49:05.150301 139758764189440 logging_writer.py:48] [8200] global_step=8200, grad_norm=0.2120230793952942, loss=4.493828773498535
I0305 20:49:39.603865 139758755796736 logging_writer.py:48] [8300] global_step=8300, grad_norm=0.24355556070804596, loss=4.520725250244141
I0305 20:50:14.074606 139758764189440 logging_writer.py:48] [8400] global_step=8400, grad_norm=0.21830177307128906, loss=4.511871337890625
I0305 20:50:48.551142 139758755796736 logging_writer.py:48] [8500] global_step=8500, grad_norm=0.23986868560314178, loss=4.4713029861450195
I0305 20:51:22.980678 139758764189440 logging_writer.py:48] [8600] global_step=8600, grad_norm=0.2365856170654297, loss=4.438656806945801
I0305 20:51:57.462642 139758755796736 logging_writer.py:48] [8700] global_step=8700, grad_norm=0.20245251059532166, loss=4.475491046905518
I0305 20:52:31.885441 139758764189440 logging_writer.py:48] [8800] global_step=8800, grad_norm=0.2268785685300827, loss=4.435821056365967
I0305 20:53:06.334708 139758755796736 logging_writer.py:48] [8900] global_step=8900, grad_norm=0.21008536219596863, loss=4.379147052764893
I0305 20:53:40.786681 139758764189440 logging_writer.py:48] [9000] global_step=9000, grad_norm=0.21542888879776, loss=4.47047233581543
I0305 20:54:15.226058 139758755796736 logging_writer.py:48] [9100] global_step=9100, grad_norm=0.20232222974300385, loss=4.386449813842773
I0305 20:54:49.671724 139758764189440 logging_writer.py:48] [9200] global_step=9200, grad_norm=0.24301227927207947, loss=4.340649127960205
I0305 20:55:24.120647 139758755796736 logging_writer.py:48] [9300] global_step=9300, grad_norm=0.20539556443691254, loss=4.3857011795043945
I0305 20:55:58.561782 139758764189440 logging_writer.py:48] [9400] global_step=9400, grad_norm=0.19747282564640045, loss=4.310173988342285
I0305 20:56:33.019867 139758755796736 logging_writer.py:48] [9500] global_step=9500, grad_norm=0.20650504529476166, loss=4.353438854217529
I0305 20:57:07.442174 139758764189440 logging_writer.py:48] [9600] global_step=9600, grad_norm=0.178102046251297, loss=4.357490062713623
I0305 20:57:41.862233 139758755796736 logging_writer.py:48] [9700] global_step=9700, grad_norm=0.18864047527313232, loss=4.310585975646973
I0305 20:57:56.341723 139902437545152 spec.py:321] Evaluating on the training split.
I0305 20:57:58.957692 139902437545152 workload.py:181] Translating evaluation dataset.
I0305 21:00:42.512573 139902437545152 spec.py:333] Evaluating on the validation split.
I0305 21:00:45.112269 139902437545152 workload.py:181] Translating evaluation dataset.
I0305 21:03:34.518820 139902437545152 spec.py:349] Evaluating on the test split.
I0305 21:03:37.123641 139902437545152 workload.py:181] Translating evaluation dataset.
I0305 21:06:18.764553 139902437545152 submission_runner.py:469] Time since start: 6799.93s, 	Step: 9743, 	{'train/accuracy': 0.5885036587715149, 'train/loss': 2.3954296112060547, 'train/bleu': 27.392375123596306, 'validation/accuracy': 0.6007589101791382, 'validation/loss': 2.3107426166534424, 'validation/bleu': 23.99182101207609, 'validation/num_examples': 3000, 'test/accuracy': 0.6055034399032593, 'test/loss': 2.296506404876709, 'test/bleu': 22.460690194453218, 'test/num_examples': 3003, 'score': 3385.8995292186737, 'total_duration': 6799.925513744354, 'accumulated_submission_time': 3385.8995292186737, 'accumulated_eval_time': 3413.335329055786, 'accumulated_logging_time': 0.07249164581298828}
I0305 21:06:18.774000 139758764189440 logging_writer.py:48] [9743] accumulated_eval_time=3413.34, accumulated_logging_time=0.0724916, accumulated_submission_time=3385.9, global_step=9743, preemption_count=0, score=3385.9, test/accuracy=0.605503, test/bleu=22.4607, test/loss=2.29651, test/num_examples=3003, total_duration=6799.93, train/accuracy=0.588504, train/bleu=27.3924, train/loss=2.39543, validation/accuracy=0.600759, validation/bleu=23.9918, validation/loss=2.31074, validation/num_examples=3000
I0305 21:06:38.730575 139758755796736 logging_writer.py:48] [9800] global_step=9800, grad_norm=0.1870506852865219, loss=4.251213073730469
I0305 21:07:13.153078 139758764189440 logging_writer.py:48] [9900] global_step=9900, grad_norm=0.22035175561904907, loss=4.287251949310303
I0305 21:07:47.561929 139758755796736 logging_writer.py:48] [10000] global_step=10000, grad_norm=0.22457866370677948, loss=4.358643054962158
I0305 21:08:21.990915 139758764189440 logging_writer.py:48] [10100] global_step=10100, grad_norm=0.20758236944675446, loss=4.271569728851318
I0305 21:08:56.414991 139758755796736 logging_writer.py:48] [10200] global_step=10200, grad_norm=0.18348799645900726, loss=4.262993335723877
I0305 21:09:30.854458 139758764189440 logging_writer.py:48] [10300] global_step=10300, grad_norm=0.18583761155605316, loss=4.309971809387207
I0305 21:10:05.303372 139758755796736 logging_writer.py:48] [10400] global_step=10400, grad_norm=0.18955911695957184, loss=4.316317081451416
I0305 21:10:39.739270 139758764189440 logging_writer.py:48] [10500] global_step=10500, grad_norm=0.22317631542682648, loss=4.309560775756836
I0305 21:11:14.170898 139758755796736 logging_writer.py:48] [10600] global_step=10600, grad_norm=0.17859850823879242, loss=4.260551929473877
I0305 21:11:48.625084 139758764189440 logging_writer.py:48] [10700] global_step=10700, grad_norm=0.18362796306610107, loss=4.2821831703186035
I0305 21:12:23.031190 139758755796736 logging_writer.py:48] [10800] global_step=10800, grad_norm=0.18689599633216858, loss=4.332292079925537
I0305 21:12:57.440392 139758764189440 logging_writer.py:48] [10900] global_step=10900, grad_norm=0.18506476283073425, loss=4.292253494262695
I0305 21:13:31.837247 139758755796736 logging_writer.py:48] [11000] global_step=11000, grad_norm=0.162139430642128, loss=4.280938625335693
I0305 21:14:06.213122 139758764189440 logging_writer.py:48] [11100] global_step=11100, grad_norm=0.16797815263271332, loss=4.285641670227051
I0305 21:14:40.650875 139758755796736 logging_writer.py:48] [11200] global_step=11200, grad_norm=0.19192516803741455, loss=4.2460713386535645
I0305 21:15:15.044335 139758764189440 logging_writer.py:48] [11300] global_step=11300, grad_norm=0.1827794462442398, loss=4.270366668701172
I0305 21:15:49.467571 139758755796736 logging_writer.py:48] [11400] global_step=11400, grad_norm=0.15983431041240692, loss=4.257107257843018
I0305 21:16:23.902234 139758764189440 logging_writer.py:48] [11500] global_step=11500, grad_norm=0.17199809849262238, loss=4.201827526092529
I0305 21:16:58.353762 139758755796736 logging_writer.py:48] [11600] global_step=11600, grad_norm=0.17349138855934143, loss=4.230468273162842
I0305 21:17:32.770856 139758764189440 logging_writer.py:48] [11700] global_step=11700, grad_norm=0.1908564418554306, loss=4.246825218200684
I0305 21:18:07.211748 139758755796736 logging_writer.py:48] [11800] global_step=11800, grad_norm=0.16478006541728973, loss=4.203910827636719
I0305 21:18:41.639293 139758764189440 logging_writer.py:48] [11900] global_step=11900, grad_norm=0.19371995329856873, loss=4.212606906890869
I0305 21:19:16.072293 139758755796736 logging_writer.py:48] [12000] global_step=12000, grad_norm=0.1641302853822708, loss=4.258421897888184
I0305 21:19:50.492138 139758764189440 logging_writer.py:48] [12100] global_step=12100, grad_norm=0.19261281192302704, loss=4.172885417938232
I0305 21:20:19.038975 139902437545152 spec.py:321] Evaluating on the training split.
I0305 21:20:21.648351 139902437545152 workload.py:181] Translating evaluation dataset.
I0305 21:23:37.070092 139902437545152 spec.py:333] Evaluating on the validation split.
I0305 21:23:39.666142 139902437545152 workload.py:181] Translating evaluation dataset.
I0305 21:26:32.256211 139902437545152 spec.py:349] Evaluating on the test split.
I0305 21:26:34.868864 139902437545152 workload.py:181] Translating evaluation dataset.
I0305 21:29:23.591916 139902437545152 submission_runner.py:469] Time since start: 8184.75s, 	Step: 12184, 	{'train/accuracy': 0.6078491806983948, 'train/loss': 2.213330030441284, 'train/bleu': 28.804056562663057, 'validation/accuracy': 0.624218225479126, 'validation/loss': 2.0900421142578125, 'validation/bleu': 25.43472218448631, 'validation/num_examples': 3000, 'test/accuracy': 0.6304831504821777, 'test/loss': 2.0576913356781006, 'test/bleu': 24.261085169981413, 'test/num_examples': 3003, 'score': 4226.010152339935, 'total_duration': 8184.752869844437, 'accumulated_submission_time': 4226.010152339935, 'accumulated_eval_time': 3957.8882093429565, 'accumulated_logging_time': 0.09021759033203125}
I0305 21:29:23.601593 139758755796736 logging_writer.py:48] [12184] accumulated_eval_time=3957.89, accumulated_logging_time=0.0902176, accumulated_submission_time=4226.01, global_step=12184, preemption_count=0, score=4226.01, test/accuracy=0.630483, test/bleu=24.2611, test/loss=2.05769, test/num_examples=3003, total_duration=8184.75, train/accuracy=0.607849, train/bleu=28.8041, train/loss=2.21333, validation/accuracy=0.624218, validation/bleu=25.4347, validation/loss=2.09004, validation/num_examples=3000
I0305 21:29:29.441006 139758764189440 logging_writer.py:48] [12200] global_step=12200, grad_norm=0.1833042949438095, loss=4.21965217590332
I0305 21:30:03.852622 139758755796736 logging_writer.py:48] [12300] global_step=12300, grad_norm=0.22538676857948303, loss=4.205663204193115
I0305 21:30:38.269032 139758764189440 logging_writer.py:48] [12400] global_step=12400, grad_norm=0.17847372591495514, loss=4.238974571228027
I0305 21:31:12.651805 139758755796736 logging_writer.py:48] [12500] global_step=12500, grad_norm=0.21272045373916626, loss=4.201045989990234
I0305 21:31:47.097786 139758764189440 logging_writer.py:48] [12600] global_step=12600, grad_norm=0.17694514989852905, loss=4.16999626159668
I0305 21:32:21.563025 139758755796736 logging_writer.py:48] [12700] global_step=12700, grad_norm=0.17453433573246002, loss=4.242506980895996
I0305 21:32:56.050968 139758764189440 logging_writer.py:48] [12800] global_step=12800, grad_norm=0.15456365048885345, loss=4.1200079917907715
I0305 21:33:30.523069 139758755796736 logging_writer.py:48] [12900] global_step=12900, grad_norm=0.16940656304359436, loss=4.203794479370117
I0305 21:34:04.998758 139758764189440 logging_writer.py:48] [13000] global_step=13000, grad_norm=0.18763741850852966, loss=4.234979629516602
I0305 21:34:39.499076 139758755796736 logging_writer.py:48] [13100] global_step=13100, grad_norm=0.15294939279556274, loss=4.173274993896484
I0305 21:35:13.982682 139758764189440 logging_writer.py:48] [13200] global_step=13200, grad_norm=0.15963296592235565, loss=4.167702674865723
I0305 21:35:48.478494 139758755796736 logging_writer.py:48] [13300] global_step=13300, grad_norm=0.15819667279720306, loss=4.1059184074401855
I0305 21:36:22.950463 139758764189440 logging_writer.py:48] [13400] global_step=13400, grad_norm=0.17917661368846893, loss=4.320493221282959
I0305 21:36:57.448121 139758755796736 logging_writer.py:48] [13500] global_step=13500, grad_norm=0.1564820557832718, loss=4.2410569190979
I0305 21:37:31.936432 139758764189440 logging_writer.py:48] [13600] global_step=13600, grad_norm=0.2721453905105591, loss=4.19910192489624
I0305 21:38:06.439566 139758755796736 logging_writer.py:48] [13700] global_step=13700, grad_norm=0.16713258624076843, loss=4.15000581741333
I0305 21:38:40.940482 139758764189440 logging_writer.py:48] [13800] global_step=13800, grad_norm=0.21573598682880402, loss=4.219178676605225
I0305 21:39:15.434872 139758755796736 logging_writer.py:48] [13900] global_step=13900, grad_norm=0.16191218793392181, loss=4.149008274078369
I0305 21:39:49.881307 139758764189440 logging_writer.py:48] [14000] global_step=14000, grad_norm=0.15470845997333527, loss=4.142563343048096
I0305 21:40:24.351933 139758755796736 logging_writer.py:48] [14100] global_step=14100, grad_norm=0.20248356461524963, loss=4.16248893737793
I0305 21:40:58.831760 139758764189440 logging_writer.py:48] [14200] global_step=14200, grad_norm=0.14673124253749847, loss=4.082272052764893
I0305 21:41:33.293808 139758755796736 logging_writer.py:48] [14300] global_step=14300, grad_norm=0.15907683968544006, loss=4.113374710083008
I0305 21:42:07.757827 139758764189440 logging_writer.py:48] [14400] global_step=14400, grad_norm=0.150954470038414, loss=4.120187282562256
I0305 21:42:42.241802 139758755796736 logging_writer.py:48] [14500] global_step=14500, grad_norm=0.15605351328849792, loss=4.134664535522461
I0305 21:43:16.720182 139758764189440 logging_writer.py:48] [14600] global_step=14600, grad_norm=0.14841178059577942, loss=4.162402629852295
I0305 21:43:23.628582 139902437545152 spec.py:321] Evaluating on the training split.
I0305 21:43:26.239855 139902437545152 workload.py:181] Translating evaluation dataset.
I0305 21:46:21.766571 139902437545152 spec.py:333] Evaluating on the validation split.
I0305 21:46:24.371161 139902437545152 workload.py:181] Translating evaluation dataset.
I0305 21:49:37.873210 139902437545152 spec.py:349] Evaluating on the test split.
I0305 21:49:40.480266 139902437545152 workload.py:181] Translating evaluation dataset.
I0305 21:52:55.454303 139902437545152 submission_runner.py:469] Time since start: 9596.62s, 	Step: 14621, 	{'train/accuracy': 0.6263440847396851, 'train/loss': 2.0837655067443848, 'train/bleu': 30.384154777135624, 'validation/accuracy': 0.6366153359413147, 'validation/loss': 2.00032114982605, 'validation/bleu': 26.74528699509487, 'validation/num_examples': 3000, 'test/accuracy': 0.6456030607223511, 'test/loss': 1.9602564573287964, 'test/bleu': 25.735044288347087, 'test/num_examples': 3003, 'score': 5065.888287782669, 'total_duration': 9596.61524772644, 'accumulated_submission_time': 5065.888287782669, 'accumulated_eval_time': 4529.713856935501, 'accumulated_logging_time': 0.10824131965637207}
I0305 21:52:55.465932 139758755796736 logging_writer.py:48] [14621] accumulated_eval_time=4529.71, accumulated_logging_time=0.108241, accumulated_submission_time=5065.89, global_step=14621, preemption_count=0, score=5065.89, test/accuracy=0.645603, test/bleu=25.735, test/loss=1.96026, test/num_examples=3003, total_duration=9596.62, train/accuracy=0.626344, train/bleu=30.3842, train/loss=2.08377, validation/accuracy=0.636615, validation/bleu=26.7453, validation/loss=2.00032, validation/num_examples=3000
I0305 21:53:23.144492 139758764189440 logging_writer.py:48] [14700] global_step=14700, grad_norm=0.15254192054271698, loss=4.149710178375244
I0305 21:53:57.620584 139758755796736 logging_writer.py:48] [14800] global_step=14800, grad_norm=0.14338091015815735, loss=4.051980018615723
I0305 21:54:32.082021 139758764189440 logging_writer.py:48] [14900] global_step=14900, grad_norm=0.24890345335006714, loss=4.218515396118164
I0305 21:55:06.542630 139758755796736 logging_writer.py:48] [15000] global_step=15000, grad_norm=0.18120354413986206, loss=4.049161911010742
I0305 21:55:40.984640 139758764189440 logging_writer.py:48] [15100] global_step=15100, grad_norm=0.16320355236530304, loss=4.101559638977051
I0305 21:56:15.460082 139758755796736 logging_writer.py:48] [15200] global_step=15200, grad_norm=0.159054234623909, loss=4.066316604614258
I0305 21:56:49.930837 139758764189440 logging_writer.py:48] [15300] global_step=15300, grad_norm=0.15076793730258942, loss=4.057041168212891
I0305 21:57:24.402099 139758755796736 logging_writer.py:48] [15400] global_step=15400, grad_norm=0.15458455681800842, loss=4.1602277755737305
I0305 21:57:58.862880 139758764189440 logging_writer.py:48] [15500] global_step=15500, grad_norm=0.15173135697841644, loss=4.13340425491333
I0305 21:58:33.379573 139758755796736 logging_writer.py:48] [15600] global_step=15600, grad_norm=0.1467353105545044, loss=4.093953609466553
I0305 21:59:07.880299 139758764189440 logging_writer.py:48] [15700] global_step=15700, grad_norm=0.15004298090934753, loss=4.148229122161865
I0305 21:59:42.368368 139758755796736 logging_writer.py:48] [15800] global_step=15800, grad_norm=0.18447791039943695, loss=4.075490474700928
I0305 22:00:16.869282 139758764189440 logging_writer.py:48] [15900] global_step=15900, grad_norm=0.18757598102092743, loss=4.092889785766602
I0305 22:00:51.374742 139758755796736 logging_writer.py:48] [16000] global_step=16000, grad_norm=0.1542961597442627, loss=4.0197553634643555
I0305 22:01:25.868170 139758764189440 logging_writer.py:48] [16100] global_step=16100, grad_norm=0.18201349675655365, loss=4.128023147583008
I0305 22:02:00.343807 139758755796736 logging_writer.py:48] [16200] global_step=16200, grad_norm=0.14438466727733612, loss=4.0761799812316895
I0305 22:02:34.854867 139758764189440 logging_writer.py:48] [16300] global_step=16300, grad_norm=0.19535352289676666, loss=4.066959381103516
I0305 22:03:09.327864 139758755796736 logging_writer.py:48] [16400] global_step=16400, grad_norm=0.14865581691265106, loss=4.083849906921387
I0305 22:03:43.820682 139758764189440 logging_writer.py:48] [16500] global_step=16500, grad_norm=0.17541655898094177, loss=4.09793758392334
I0305 22:04:18.313817 139758755796736 logging_writer.py:48] [16600] global_step=16600, grad_norm=0.1434362232685089, loss=4.113353729248047
I0305 22:04:52.796217 139758764189440 logging_writer.py:48] [16700] global_step=16700, grad_norm=0.1617920845746994, loss=4.182636260986328
I0305 22:05:27.269753 139758755796736 logging_writer.py:48] [16800] global_step=16800, grad_norm=0.19863004982471466, loss=4.143083572387695
I0305 22:06:01.753310 139758764189440 logging_writer.py:48] [16900] global_step=16900, grad_norm=0.1605226844549179, loss=4.117616653442383
I0305 22:06:36.227970 139758755796736 logging_writer.py:48] [17000] global_step=17000, grad_norm=0.17122235894203186, loss=4.125300407409668
I0305 22:06:55.559659 139902437545152 spec.py:321] Evaluating on the training split.
I0305 22:06:58.173433 139902437545152 workload.py:181] Translating evaluation dataset.
I0305 22:09:55.234097 139902437545152 spec.py:333] Evaluating on the validation split.
I0305 22:09:57.851521 139902437545152 workload.py:181] Translating evaluation dataset.
I0305 22:12:37.973310 139902437545152 spec.py:349] Evaluating on the test split.
I0305 22:12:40.590732 139902437545152 workload.py:181] Translating evaluation dataset.
I0305 22:15:03.028056 139902437545152 submission_runner.py:469] Time since start: 10924.19s, 	Step: 17057, 	{'train/accuracy': 0.6272832155227661, 'train/loss': 2.0608181953430176, 'train/bleu': 29.794582781972643, 'validation/accuracy': 0.6458606123924255, 'validation/loss': 1.9317424297332764, 'validation/bleu': 27.330965677977527, 'validation/num_examples': 3000, 'test/accuracy': 0.6537597179412842, 'test/loss': 1.87694251537323, 'test/bleu': 26.329894935044557, 'test/num_examples': 3003, 'score': 5905.828632354736, 'total_duration': 10924.18899345398, 'accumulated_submission_time': 5905.828632354736, 'accumulated_eval_time': 5017.182178735733, 'accumulated_logging_time': 0.12886714935302734}
I0305 22:15:03.038246 139758764189440 logging_writer.py:48] [17057] accumulated_eval_time=5017.18, accumulated_logging_time=0.128867, accumulated_submission_time=5905.83, global_step=17057, preemption_count=0, score=5905.83, test/accuracy=0.65376, test/bleu=26.3299, test/loss=1.87694, test/num_examples=3003, total_duration=10924.2, train/accuracy=0.627283, train/bleu=29.7946, train/loss=2.06082, validation/accuracy=0.645861, validation/bleu=27.331, validation/loss=1.93174, validation/num_examples=3000
I0305 22:15:18.212165 139758755796736 logging_writer.py:48] [17100] global_step=17100, grad_norm=0.16683876514434814, loss=4.141894340515137
I0305 22:15:52.671712 139758764189440 logging_writer.py:48] [17200] global_step=17200, grad_norm=0.15560288727283478, loss=4.044161796569824
I0305 22:16:27.145715 139758755796736 logging_writer.py:48] [17300] global_step=17300, grad_norm=0.2618753910064697, loss=4.109489917755127
I0305 22:17:01.641824 139758764189440 logging_writer.py:48] [17400] global_step=17400, grad_norm=0.15951448678970337, loss=4.03108024597168
I0305 22:17:36.145407 139758755796736 logging_writer.py:48] [17500] global_step=17500, grad_norm=0.16334600746631622, loss=4.093159198760986
I0305 22:18:10.651132 139758764189440 logging_writer.py:48] [17600] global_step=17600, grad_norm=0.15414050221443176, loss=4.094395160675049
I0305 22:18:45.152897 139758755796736 logging_writer.py:48] [17700] global_step=17700, grad_norm=0.25525638461112976, loss=4.099304676055908
I0305 22:19:19.667492 139758764189440 logging_writer.py:48] [17800] global_step=17800, grad_norm=0.16678142547607422, loss=4.058464050292969
I0305 22:19:54.141258 139758755796736 logging_writer.py:48] [17900] global_step=17900, grad_norm=0.16715385019779205, loss=4.0331220626831055
I0305 22:20:28.626821 139758764189440 logging_writer.py:48] [18000] global_step=18000, grad_norm=0.16356261074543, loss=4.1132073402404785
I0305 22:21:03.092307 139758755796736 logging_writer.py:48] [18100] global_step=18100, grad_norm=0.1992349475622177, loss=4.074429035186768
I0305 22:21:37.578372 139758764189440 logging_writer.py:48] [18200] global_step=18200, grad_norm=0.17352671921253204, loss=4.0717854499816895
I0305 22:22:12.071230 139758755796736 logging_writer.py:48] [18300] global_step=18300, grad_norm=0.14989887177944183, loss=4.1240386962890625
I0305 22:22:46.568383 139758764189440 logging_writer.py:48] [18400] global_step=18400, grad_norm=0.17380574345588684, loss=4.042321681976318
I0305 22:23:21.050719 139758755796736 logging_writer.py:48] [18500] global_step=18500, grad_norm=0.18973268568515778, loss=4.0484819412231445
I0305 22:23:55.556267 139758764189440 logging_writer.py:48] [18600] global_step=18600, grad_norm=0.1531003713607788, loss=4.068973064422607
I0305 22:24:30.076842 139758755796736 logging_writer.py:48] [18700] global_step=18700, grad_norm=0.14482355117797852, loss=4.069533348083496
I0305 22:25:04.553798 139758764189440 logging_writer.py:48] [18800] global_step=18800, grad_norm=0.22643065452575684, loss=4.074278354644775
I0305 22:25:39.304384 139758755796736 logging_writer.py:48] [18900] global_step=18900, grad_norm=0.15970540046691895, loss=4.09857702255249
I0305 22:26:14.022029 139758764189440 logging_writer.py:48] [19000] global_step=19000, grad_norm=0.1704731583595276, loss=4.01440954208374
I0305 22:26:48.662668 139758755796736 logging_writer.py:48] [19100] global_step=19100, grad_norm=0.15875688195228577, loss=4.053401470184326
I0305 22:27:23.274924 139758764189440 logging_writer.py:48] [19200] global_step=19200, grad_norm=0.25942549109458923, loss=4.026883125305176
I0305 22:27:57.883259 139758755796736 logging_writer.py:48] [19300] global_step=19300, grad_norm=0.149411141872406, loss=4.017454147338867
I0305 22:28:32.499539 139758764189440 logging_writer.py:48] [19400] global_step=19400, grad_norm=0.16759657859802246, loss=4.0718183517456055
I0305 22:29:03.318816 139902437545152 spec.py:321] Evaluating on the training split.
I0305 22:29:05.942532 139902437545152 workload.py:181] Translating evaluation dataset.
I0305 22:32:07.731056 139902437545152 spec.py:333] Evaluating on the validation split.
I0305 22:32:10.337673 139902437545152 workload.py:181] Translating evaluation dataset.
I0305 22:34:58.985342 139902437545152 spec.py:349] Evaluating on the test split.
I0305 22:35:01.605349 139902437545152 workload.py:181] Translating evaluation dataset.
I0305 22:37:29.978260 139902437545152 submission_runner.py:469] Time since start: 12271.14s, 	Step: 19490, 	{'train/accuracy': 0.6432692408561707, 'train/loss': 1.9442501068115234, 'train/bleu': 31.540684536979015, 'validation/accuracy': 0.6517563462257385, 'validation/loss': 1.8737787008285522, 'validation/bleu': 27.63499580458185, 'validation/num_examples': 3000, 'test/accuracy': 0.6616151332855225, 'test/loss': 1.8183088302612305, 'test/bleu': 26.892767325535203, 'test/num_examples': 3003, 'score': 6745.9588186740875, 'total_duration': 12271.139216423035, 'accumulated_submission_time': 6745.9588186740875, 'accumulated_eval_time': 5523.841565132141, 'accumulated_logging_time': 0.14786076545715332}
I0305 22:37:29.991505 139758755796736 logging_writer.py:48] [19490] accumulated_eval_time=5523.84, accumulated_logging_time=0.147861, accumulated_submission_time=6745.96, global_step=19490, preemption_count=0, score=6745.96, test/accuracy=0.661615, test/bleu=26.8928, test/loss=1.81831, test/num_examples=3003, total_duration=12271.1, train/accuracy=0.643269, train/bleu=31.5407, train/loss=1.94425, validation/accuracy=0.651756, validation/bleu=27.635, validation/loss=1.87378, validation/num_examples=3000
I0305 22:37:33.818983 139758764189440 logging_writer.py:48] [19500] global_step=19500, grad_norm=0.17050480842590332, loss=4.069907188415527
I0305 22:38:08.433815 139758755796736 logging_writer.py:48] [19600] global_step=19600, grad_norm=0.17793762683868408, loss=3.9838037490844727
I0305 22:38:43.066573 139758764189440 logging_writer.py:48] [19700] global_step=19700, grad_norm=0.15922676026821136, loss=4.038419723510742
I0305 22:39:17.685164 139758755796736 logging_writer.py:48] [19800] global_step=19800, grad_norm=0.18010449409484863, loss=4.069863319396973
I0305 22:39:52.309125 139758764189440 logging_writer.py:48] [19900] global_step=19900, grad_norm=0.16794949769973755, loss=4.071599006652832
I0305 22:40:26.926063 139758755796736 logging_writer.py:48] [20000] global_step=20000, grad_norm=0.1654125154018402, loss=4.029238224029541
I0305 22:41:01.580053 139758764189440 logging_writer.py:48] [20100] global_step=20100, grad_norm=0.1977418214082718, loss=3.9369640350341797
I0305 22:41:36.190445 139758755796736 logging_writer.py:48] [20200] global_step=20200, grad_norm=0.18926620483398438, loss=4.068910121917725
I0305 22:42:10.852031 139758764189440 logging_writer.py:48] [20300] global_step=20300, grad_norm=0.23919247090816498, loss=4.000724792480469
I0305 22:42:45.461225 139758755796736 logging_writer.py:48] [20400] global_step=20400, grad_norm=0.21188053488731384, loss=4.019861221313477
