python submission_runner.py --framework=jax --workload=wmt --submission_path=prize_qualification_baselines/external_tuning/jax_nadamw_full_budget.py --data_dir=/data/wmt --num_tuning_trials=1 --experiment_dir=/experiment_runs --experiment_name=submissions/rolling_leaderboard/external_tuning/baseline/study_1 --overwrite=True --save_checkpoints=False --rng_seed=-1216057962 --tuning_ruleset=external --tuning_search_space=prize_qualification_baselines/external_tuning/tuning_search_space.json --num_tuning_trials=5 --hparam_start_index=0 --hparam_end_index=1 2>&1 | tee -a /logs/wmt_jax_03-05-2025-19-12-34.log
2025-03-05 19:12:35.897477: E external/local_xla/xla/stream_executor/cuda/cuda_fft.cc:477] Unable to register cuFFT factory: Attempting to register factory for plugin cuFFT when one has already been registered
WARNING: All log messages before absl::InitializeLog() is called are written to STDERR
E0000 00:00:1741201955.921263       9 cuda_dnn.cc:8310] Unable to register cuDNN factory: Attempting to register factory for plugin cuDNN when one has already been registered
E0000 00:00:1741201955.928276       9 cuda_blas.cc:1418] Unable to register cuBLAS factory: Attempting to register factory for plugin cuBLAS when one has already been registered
ERROR:root:Unable to import wandb.
Traceback (most recent call last):
  File "/algorithmic-efficiency/algoperf/logger_utils.py", line 27, in <module>
    import wandb  # pylint: disable=g-import-not-at-top
    ^^^^^^^^^^^^
ModuleNotFoundError: No module named 'wandb'
I0305 19:12:42.826590 140477253723328 logger_utils.py:81] Creating experiment directory at /experiment_runs/submissions/rolling_leaderboard/external_tuning/baseline/study_1/wmt_jax.
I0305 19:12:43.853135 140477253723328 xla_bridge.py:884] Unable to initialize backend 'rocm': NOT_FOUND: Could not find registered platform with name: "rocm". Available platform names are: CUDA
I0305 19:12:43.856186 140477253723328 xla_bridge.py:884] Unable to initialize backend 'tpu': INTERNAL: Failed to open libtpu.so: libtpu.so: cannot open shared object file: No such file or directory
I0305 19:12:43.857818 140477253723328 submission_runner.py:606] Using RNG seed -1216057962
I0305 19:12:44.452644 140477253723328 submission_runner.py:615] --- Tuning run 1/5 ---
I0305 19:12:44.452816 140477253723328 submission_runner.py:620] Creating tuning directory at /experiment_runs/submissions/rolling_leaderboard/external_tuning/baseline/study_1/wmt_jax/trial_1.
I0305 19:12:44.452992 140477253723328 logger_utils.py:97] Saving hparams to /experiment_runs/submissions/rolling_leaderboard/external_tuning/baseline/study_1/wmt_jax/trial_1/hparams.json.
I0305 19:12:44.695789 140477253723328 submission_runner.py:218] Initializing dataset.
I0305 19:12:44.848206 140477253723328 dataset_info.py:690] Load dataset info from /data/wmt/wmt17_translate/de-en/1.0.0
I0305 19:12:44.855985 140477253723328 reader.py:261] Creating a tf.data.Dataset reading 16 files located in folders: /data/wmt/wmt17_translate/de-en/1.0.0.
I0305 19:12:44.930851 140477253723328 logging_logger.py:49] Constructing tf.data.Dataset wmt17_translate for split train, from /data/wmt/wmt17_translate/de-en/1.0.0
I0305 19:12:46.333117 140477253723328 submission_runner.py:229] Initializing model.
I0305 19:13:28.697995 140477253723328 submission_runner.py:272] Initializing optimizer.
I0305 19:13:29.553345 140477253723328 submission_runner.py:279] Initializing metrics bundle.
I0305 19:13:29.553625 140477253723328 submission_runner.py:301] Initializing checkpoint and logger.
I0305 19:13:29.554830 140477253723328 checkpoints.py:1101] Found no checkpoint files in /experiment_runs/submissions/rolling_leaderboard/external_tuning/baseline/study_1/wmt_jax/trial_1 with prefix checkpoint_
I0305 19:13:29.554936 140477253723328 submission_runner.py:321] Saving meta data to /experiment_runs/submissions/rolling_leaderboard/external_tuning/baseline/study_1/wmt_jax/trial_1/meta_data_0.json.
I0305 19:13:29.555164 140477253723328 logger_utils.py:262] Unable to record workload.train_mean information. Continuing without it.
I0305 19:13:29.555213 140477253723328 logger_utils.py:262] Unable to record workload.train_stddev information. Continuing without it.
I0305 19:13:29.735674 140477253723328 submission_runner.py:325] Saving flags to /experiment_runs/submissions/rolling_leaderboard/external_tuning/baseline/study_1/wmt_jax/trial_1/flags_0.json.
I0305 19:13:29.774762 140477253723328 submission_runner.py:337] Starting training loop.
I0305 19:13:55.886737 140341076195072 logging_writer.py:48] [0] global_step=0, grad_norm=5.65512228012085, loss=11.027143478393555
I0305 19:13:55.949070 140477253723328 spec.py:321] Evaluating on the training split.
I0305 19:13:55.951283 140477253723328 dataset_info.py:690] Load dataset info from /data/wmt/wmt17_translate/de-en/1.0.0
I0305 19:13:55.954959 140477253723328 reader.py:261] Creating a tf.data.Dataset reading 16 files located in folders: /data/wmt/wmt17_translate/de-en/1.0.0.
I0305 19:13:55.987286 140477253723328 logging_logger.py:49] Constructing tf.data.Dataset wmt17_translate for split train, from /data/wmt/wmt17_translate/de-en/1.0.0
I0305 19:14:02.162399 140477253723328 workload.py:181] Translating evaluation dataset.
I0305 19:19:10.414526 140477253723328 spec.py:333] Evaluating on the validation split.
I0305 19:19:10.424422 140477253723328 dataset_info.py:690] Load dataset info from /data/wmt/wmt14_translate/de-en/1.0.0
I0305 19:19:10.430117 140477253723328 reader.py:261] Creating a tf.data.Dataset reading 1 files located in folders: /data/wmt/wmt14_translate/de-en/1.0.0.
I0305 19:19:10.462971 140477253723328 logging_logger.py:49] Constructing tf.data.Dataset wmt14_translate for split validation, from /data/wmt/wmt14_translate/de-en/1.0.0
I0305 19:19:15.589238 140477253723328 workload.py:181] Translating evaluation dataset.
I0305 19:24:17.423595 140477253723328 spec.py:349] Evaluating on the test split.
I0305 19:24:17.426076 140477253723328 dataset_info.py:690] Load dataset info from /data/wmt/wmt14_translate/de-en/1.0.0
I0305 19:24:17.429686 140477253723328 reader.py:261] Creating a tf.data.Dataset reading 1 files located in folders: /data/wmt/wmt14_translate/de-en/1.0.0.
I0305 19:24:17.462258 140477253723328 logging_logger.py:49] Constructing tf.data.Dataset wmt14_translate for split test, from /data/wmt/wmt14_translate/de-en/1.0.0
I0305 19:24:20.292814 140477253723328 workload.py:181] Translating evaluation dataset.
I0305 19:29:21.961267 140477253723328 submission_runner.py:469] Time since start: 952.19s, 	Step: 1, 	{'train/accuracy': 0.0006580962799489498, 'train/loss': 11.021956443786621, 'train/bleu': 0.0, 'validation/accuracy': 0.00048204089398495853, 'validation/loss': 10.987210273742676, 'validation/bleu': 0.0, 'validation/num_examples': 3000, 'test/accuracy': 0.0007183408597484231, 'test/loss': 10.986270904541016, 'test/bleu': 8.198374373802917e-11, 'test/num_examples': 3003, 'score': 26.174192667007446, 'total_duration': 952.1864182949066, 'accumulated_submission_time': 26.174192667007446, 'accumulated_eval_time': 926.0121121406555, 'accumulated_logging_time': 0}
I0305 19:29:21.968836 140334398945024 logging_writer.py:48] [1] accumulated_eval_time=926.012, accumulated_logging_time=0, accumulated_submission_time=26.1742, global_step=1, preemption_count=0, score=26.1742, test/accuracy=0.000718341, test/bleu=8.19837e-11, test/loss=10.9863, test/num_examples=3003, total_duration=952.186, train/accuracy=0.000658096, train/bleu=0, train/loss=11.022, validation/accuracy=0.000482041, validation/bleu=0, validation/loss=10.9872, validation/num_examples=3000
I0305 19:29:56.914308 140334390552320 logging_writer.py:48] [100] global_step=100, grad_norm=0.3588223159313202, loss=8.867615699768066
I0305 19:30:31.722420 140334398945024 logging_writer.py:48] [200] global_step=200, grad_norm=0.14809994399547577, loss=8.551779747009277
I0305 19:31:06.562772 140334390552320 logging_writer.py:48] [300] global_step=300, grad_norm=0.16012515127658844, loss=8.305411338806152
I0305 19:31:41.434230 140334398945024 logging_writer.py:48] [400] global_step=400, grad_norm=0.252092182636261, loss=7.888286113739014
I0305 19:32:16.339288 140334390552320 logging_writer.py:48] [500] global_step=500, grad_norm=0.4464525282382965, loss=7.560279846191406
I0305 19:32:51.257949 140334398945024 logging_writer.py:48] [600] global_step=600, grad_norm=0.7672581672668457, loss=7.386105060577393
I0305 19:33:26.174455 140334390552320 logging_writer.py:48] [700] global_step=700, grad_norm=0.5252801775932312, loss=7.043208122253418
I0305 19:34:01.059215 140334398945024 logging_writer.py:48] [800] global_step=800, grad_norm=0.8121420741081238, loss=6.896628379821777
I0305 19:34:35.956014 140334390552320 logging_writer.py:48] [900] global_step=900, grad_norm=0.5498031377792358, loss=6.6656293869018555
I0305 19:35:10.863121 140334398945024 logging_writer.py:48] [1000] global_step=1000, grad_norm=0.576653242111206, loss=6.44569730758667
I0305 19:35:45.774564 140334390552320 logging_writer.py:48] [1100] global_step=1100, grad_norm=0.7964802980422974, loss=6.284797191619873
I0305 19:36:20.687066 140334398945024 logging_writer.py:48] [1200] global_step=1200, grad_norm=0.6843084692955017, loss=6.120370864868164
I0305 19:36:55.613595 140334390552320 logging_writer.py:48] [1300] global_step=1300, grad_norm=0.5159923434257507, loss=5.90349006652832
I0305 19:37:30.526938 140334398945024 logging_writer.py:48] [1400] global_step=1400, grad_norm=0.7653636336326599, loss=5.8344035148620605
I0305 19:38:05.488138 140334390552320 logging_writer.py:48] [1500] global_step=1500, grad_norm=0.9471785426139832, loss=5.7336015701293945
I0305 19:38:40.437607 140334398945024 logging_writer.py:48] [1600] global_step=1600, grad_norm=0.9461246728897095, loss=5.566594123840332
I0305 19:39:15.353386 140334390552320 logging_writer.py:48] [1700] global_step=1700, grad_norm=1.003356695175171, loss=5.51697301864624
I0305 19:39:50.307730 140334398945024 logging_writer.py:48] [1800] global_step=1800, grad_norm=1.1801269054412842, loss=5.356611251831055
I0305 19:40:25.258867 140334390552320 logging_writer.py:48] [1900] global_step=1900, grad_norm=0.8094611763954163, loss=5.243789196014404
I0305 19:41:00.186434 140334398945024 logging_writer.py:48] [2000] global_step=2000, grad_norm=1.5364865064620972, loss=5.23308801651001
I0305 19:41:35.127940 140334390552320 logging_writer.py:48] [2100] global_step=2100, grad_norm=0.8185708522796631, loss=5.09251594543457
I0305 19:42:10.081296 140334398945024 logging_writer.py:48] [2200] global_step=2200, grad_norm=1.6077464818954468, loss=4.977807521820068
I0305 19:42:45.023308 140334390552320 logging_writer.py:48] [2300] global_step=2300, grad_norm=0.7065540552139282, loss=4.819005489349365
I0305 19:43:19.983121 140334398945024 logging_writer.py:48] [2400] global_step=2400, grad_norm=1.083670735359192, loss=4.732388973236084
I0305 19:43:22.086105 140477253723328 spec.py:321] Evaluating on the training split.
I0305 19:43:24.739573 140477253723328 workload.py:181] Translating evaluation dataset.
I0305 19:47:14.648641 140477253723328 spec.py:333] Evaluating on the validation split.
I0305 19:47:17.291709 140477253723328 workload.py:181] Translating evaluation dataset.
I0305 19:51:17.550265 140477253723328 spec.py:349] Evaluating on the test split.
I0305 19:51:20.200529 140477253723328 workload.py:181] Translating evaluation dataset.
I0305 19:54:59.927549 140477253723328 submission_runner.py:469] Time since start: 2490.15s, 	Step: 2407, 	{'train/accuracy': 0.4233400225639343, 'train/loss': 3.8669471740722656, 'train/bleu': 14.814418358497678, 'validation/accuracy': 0.40810322761535645, 'validation/loss': 3.9832510948181152, 'validation/bleu': 10.311084591769495, 'validation/num_examples': 3000, 'test/accuracy': 0.39360445737838745, 'test/loss': 4.177699089050293, 'test/bleu': 8.527815174181656, 'test/num_examples': 3003, 'score': 866.1140217781067, 'total_duration': 2490.1526987552643, 'accumulated_submission_time': 866.1140217781067, 'accumulated_eval_time': 1623.8534841537476, 'accumulated_logging_time': 0.016554832458496094}
I0305 19:54:59.937291 140334390552320 logging_writer.py:48] [2407] accumulated_eval_time=1623.85, accumulated_logging_time=0.0165548, accumulated_submission_time=866.114, global_step=2407, preemption_count=0, score=866.114, test/accuracy=0.393604, test/bleu=8.52782, test/loss=4.1777, test/num_examples=3003, total_duration=2490.15, train/accuracy=0.42334, train/bleu=14.8144, train/loss=3.86695, validation/accuracy=0.408103, validation/bleu=10.3111, validation/loss=3.98325, validation/num_examples=3000
I0305 19:55:32.738312 140334398945024 logging_writer.py:48] [2500] global_step=2500, grad_norm=0.6860532760620117, loss=4.737420082092285
I0305 19:56:07.650173 140334390552320 logging_writer.py:48] [2600] global_step=2600, grad_norm=0.7459626793861389, loss=4.6552205085754395
I0305 19:56:42.591575 140334398945024 logging_writer.py:48] [2700] global_step=2700, grad_norm=0.7298853993415833, loss=4.580524921417236
I0305 19:57:17.518094 140334390552320 logging_writer.py:48] [2800] global_step=2800, grad_norm=0.7120287418365479, loss=4.444859504699707
I0305 19:57:52.470622 140334398945024 logging_writer.py:48] [2900] global_step=2900, grad_norm=0.6630151271820068, loss=4.413619041442871
I0305 19:58:27.421850 140334390552320 logging_writer.py:48] [3000] global_step=3000, grad_norm=0.5536877512931824, loss=4.385655403137207
I0305 19:59:02.409933 140334398945024 logging_writer.py:48] [3100] global_step=3100, grad_norm=0.6110745668411255, loss=4.2920637130737305
I0305 19:59:37.395114 140334390552320 logging_writer.py:48] [3200] global_step=3200, grad_norm=0.9643232226371765, loss=4.225897312164307
I0305 20:00:12.390302 140334398945024 logging_writer.py:48] [3300] global_step=3300, grad_norm=0.5997474193572998, loss=4.153549671173096
I0305 20:00:47.370676 140334390552320 logging_writer.py:48] [3400] global_step=3400, grad_norm=0.8981562256813049, loss=4.1883039474487305
I0305 20:01:22.372138 140334398945024 logging_writer.py:48] [3500] global_step=3500, grad_norm=0.5845626592636108, loss=4.034327507019043
I0305 20:01:57.355496 140334390552320 logging_writer.py:48] [3600] global_step=3600, grad_norm=0.5919594764709473, loss=4.067367076873779
I0305 20:02:32.338573 140334398945024 logging_writer.py:48] [3700] global_step=3700, grad_norm=0.5999714136123657, loss=3.954087734222412
I0305 20:03:07.346618 140334390552320 logging_writer.py:48] [3800] global_step=3800, grad_norm=0.5612784028053284, loss=3.8915817737579346
I0305 20:03:42.354285 140334398945024 logging_writer.py:48] [3900] global_step=3900, grad_norm=0.8054870963096619, loss=3.9984259605407715
I0305 20:04:17.353017 140334390552320 logging_writer.py:48] [4000] global_step=4000, grad_norm=0.5521644353866577, loss=3.9512221813201904
I0305 20:04:52.321424 140334398945024 logging_writer.py:48] [4100] global_step=4100, grad_norm=0.6218885779380798, loss=3.883338451385498
I0305 20:05:27.281585 140334390552320 logging_writer.py:48] [4200] global_step=4200, grad_norm=0.5167264938354492, loss=3.922438144683838
I0305 20:06:02.239567 140334398945024 logging_writer.py:48] [4300] global_step=4300, grad_norm=0.5429258942604065, loss=3.823753833770752
I0305 20:06:37.217238 140334390552320 logging_writer.py:48] [4400] global_step=4400, grad_norm=0.5089518427848816, loss=3.8589072227478027
I0305 20:07:12.270416 140334398945024 logging_writer.py:48] [4500] global_step=4500, grad_norm=0.5059260129928589, loss=3.7855403423309326
I0305 20:07:47.244255 140334390552320 logging_writer.py:48] [4600] global_step=4600, grad_norm=0.9591483473777771, loss=3.8015639781951904
I0305 20:08:22.241820 140334398945024 logging_writer.py:48] [4700] global_step=4700, grad_norm=0.468769371509552, loss=3.7815370559692383
I0305 20:08:57.233865 140334390552320 logging_writer.py:48] [4800] global_step=4800, grad_norm=0.5373741984367371, loss=3.705122709274292
I0305 20:09:00.042068 140477253723328 spec.py:321] Evaluating on the training split.
I0305 20:09:02.697703 140477253723328 workload.py:181] Translating evaluation dataset.
I0305 20:11:49.306489 140477253723328 spec.py:333] Evaluating on the validation split.
I0305 20:11:51.950044 140477253723328 workload.py:181] Translating evaluation dataset.
I0305 20:14:35.291140 140477253723328 spec.py:349] Evaluating on the test split.
I0305 20:14:37.944902 140477253723328 workload.py:181] Translating evaluation dataset.
I0305 20:17:05.456110 140477253723328 submission_runner.py:469] Time since start: 3815.68s, 	Step: 4809, 	{'train/accuracy': 0.5489763021469116, 'train/loss': 2.6858534812927246, 'train/bleu': 24.82935956471385, 'validation/accuracy': 0.5512199401855469, 'validation/loss': 2.637345552444458, 'validation/bleu': 20.524052804691756, 'validation/num_examples': 3000, 'test/accuracy': 0.5523346066474915, 'test/loss': 2.6668059825897217, 'test/bleu': 19.39920070901915, 'test/num_examples': 3003, 'score': 1706.0506069660187, 'total_duration': 3815.6812827587128, 'accumulated_submission_time': 1706.0506069660187, 'accumulated_eval_time': 2109.267467737198, 'accumulated_logging_time': 0.03451800346374512}
I0305 20:17:05.465495 140334398945024 logging_writer.py:48] [4809] accumulated_eval_time=2109.27, accumulated_logging_time=0.034518, accumulated_submission_time=1706.05, global_step=4809, preemption_count=0, score=1706.05, test/accuracy=0.552335, test/bleu=19.3992, test/loss=2.66681, test/num_examples=3003, total_duration=3815.68, train/accuracy=0.548976, train/bleu=24.8294, train/loss=2.68585, validation/accuracy=0.55122, validation/bleu=20.5241, validation/loss=2.63735, validation/num_examples=3000
I0305 20:17:37.550005 140334390552320 logging_writer.py:48] [4900] global_step=4900, grad_norm=0.5210719704627991, loss=3.7254083156585693
I0305 20:18:12.416754 140334398945024 logging_writer.py:48] [5000] global_step=5000, grad_norm=0.7369074821472168, loss=3.708401679992676
I0305 20:18:47.329859 140334390552320 logging_writer.py:48] [5100] global_step=5100, grad_norm=0.49025774002075195, loss=3.6850287914276123
I0305 20:19:22.249253 140334398945024 logging_writer.py:48] [5200] global_step=5200, grad_norm=0.7926802039146423, loss=3.698392629623413
I0305 20:19:57.174372 140334390552320 logging_writer.py:48] [5300] global_step=5300, grad_norm=0.5300295948982239, loss=3.690678596496582
I0305 20:20:32.101514 140334398945024 logging_writer.py:48] [5400] global_step=5400, grad_norm=0.5951091051101685, loss=3.624892234802246
I0305 20:21:07.036783 140334390552320 logging_writer.py:48] [5500] global_step=5500, grad_norm=0.4599147439002991, loss=3.6526806354522705
I0305 20:21:41.982585 140334398945024 logging_writer.py:48] [5600] global_step=5600, grad_norm=0.5192123651504517, loss=3.5025274753570557
I0305 20:22:16.929950 140334390552320 logging_writer.py:48] [5700] global_step=5700, grad_norm=0.48911985754966736, loss=3.580867052078247
I0305 20:22:51.857967 140334398945024 logging_writer.py:48] [5800] global_step=5800, grad_norm=0.47753453254699707, loss=3.605792999267578
I0305 20:23:26.797982 140334390552320 logging_writer.py:48] [5900] global_step=5900, grad_norm=0.49703145027160645, loss=3.532428503036499
I0305 20:24:01.721548 140334398945024 logging_writer.py:48] [6000] global_step=6000, grad_norm=0.41917455196380615, loss=3.5202786922454834
I0305 20:24:36.635759 140334390552320 logging_writer.py:48] [6100] global_step=6100, grad_norm=0.4135158956050873, loss=3.6262552738189697
I0305 20:25:11.530004 140334398945024 logging_writer.py:48] [6200] global_step=6200, grad_norm=0.412324994802475, loss=3.529231071472168
I0305 20:25:46.478468 140334138853120 logging_writer.py:48] [6300] global_step=6300, grad_norm=0.482104629278183, loss=3.6022865772247314
I0305 20:26:21.478110 140334130460416 logging_writer.py:48] [6400] global_step=6400, grad_norm=0.4428797960281372, loss=3.5270023345947266
I0305 20:26:56.473310 140334138853120 logging_writer.py:48] [6500] global_step=6500, grad_norm=0.4088972210884094, loss=3.5541269779205322
I0305 20:27:31.464737 140334130460416 logging_writer.py:48] [6600] global_step=6600, grad_norm=0.5046711564064026, loss=3.4771933555603027
I0305 20:28:06.523774 140334138853120 logging_writer.py:48] [6700] global_step=6700, grad_norm=0.42161762714385986, loss=3.5308051109313965
I0305 20:28:41.536952 140334130460416 logging_writer.py:48] [6800] global_step=6800, grad_norm=0.39894765615463257, loss=3.4835028648376465
I0305 20:29:16.562666 140334138853120 logging_writer.py:48] [6900] global_step=6900, grad_norm=0.38933923840522766, loss=3.4975152015686035
I0305 20:29:51.559310 140334130460416 logging_writer.py:48] [7000] global_step=7000, grad_norm=0.40779659152030945, loss=3.497617244720459
I0305 20:30:26.567927 140334138853120 logging_writer.py:48] [7100] global_step=7100, grad_norm=0.4015512764453888, loss=3.5135395526885986
I0305 20:31:01.571181 140334130460416 logging_writer.py:48] [7200] global_step=7200, grad_norm=0.36739346385002136, loss=3.391988515853882
I0305 20:31:05.783879 140477253723328 spec.py:321] Evaluating on the training split.
I0305 20:31:08.426402 140477253723328 workload.py:181] Translating evaluation dataset.
I0305 20:33:50.370157 140477253723328 spec.py:333] Evaluating on the validation split.
I0305 20:33:53.013190 140477253723328 workload.py:181] Translating evaluation dataset.
I0305 20:36:32.769987 140477253723328 spec.py:349] Evaluating on the test split.
I0305 20:36:35.424960 140477253723328 workload.py:181] Translating evaluation dataset.
I0305 20:39:01.860316 140477253723328 submission_runner.py:469] Time since start: 5132.09s, 	Step: 7213, 	{'train/accuracy': 0.5844482183456421, 'train/loss': 2.3212201595306396, 'train/bleu': 27.392793835247907, 'validation/accuracy': 0.5920698046684265, 'validation/loss': 2.263000249862671, 'validation/bleu': 23.550735069709237, 'validation/num_examples': 3000, 'test/accuracy': 0.5949947834014893, 'test/loss': 2.255920648574829, 'test/bleu': 22.05012883883855, 'test/num_examples': 3003, 'score': 2546.204165697098, 'total_duration': 5132.085480451584, 'accumulated_submission_time': 2546.204165697098, 'accumulated_eval_time': 2585.343838453293, 'accumulated_logging_time': 0.0526432991027832}
I0305 20:39:01.869726 140334138853120 logging_writer.py:48] [7213] accumulated_eval_time=2585.34, accumulated_logging_time=0.0526433, accumulated_submission_time=2546.2, global_step=7213, preemption_count=0, score=2546.2, test/accuracy=0.594995, test/bleu=22.0501, test/loss=2.25592, test/num_examples=3003, total_duration=5132.09, train/accuracy=0.584448, train/bleu=27.3928, train/loss=2.32122, validation/accuracy=0.59207, validation/bleu=23.5507, validation/loss=2.263, validation/num_examples=3000
I0305 20:39:32.676430 140334130460416 logging_writer.py:48] [7300] global_step=7300, grad_norm=0.4139254689216614, loss=3.432857036590576
I0305 20:40:07.638159 140334138853120 logging_writer.py:48] [7400] global_step=7400, grad_norm=0.41732266545295715, loss=3.4790265560150146
I0305 20:40:42.662222 140334130460416 logging_writer.py:48] [7500] global_step=7500, grad_norm=0.37056124210357666, loss=3.4579334259033203
I0305 20:41:17.682521 140334138853120 logging_writer.py:48] [7600] global_step=7600, grad_norm=0.36582866311073303, loss=3.4478559494018555
I0305 20:41:52.711235 140334130460416 logging_writer.py:48] [7700] global_step=7700, grad_norm=0.4397061765193939, loss=3.468297004699707
I0305 20:42:27.743140 140334138853120 logging_writer.py:48] [7800] global_step=7800, grad_norm=0.38547149300575256, loss=3.4742207527160645
I0305 20:43:02.771344 140334130460416 logging_writer.py:48] [7900] global_step=7900, grad_norm=0.4145994186401367, loss=3.388444185256958
I0305 20:43:37.791271 140334138853120 logging_writer.py:48] [8000] global_step=8000, grad_norm=0.36782926321029663, loss=3.3883986473083496
I0305 20:44:12.808327 140334130460416 logging_writer.py:48] [8100] global_step=8100, grad_norm=0.36741307377815247, loss=3.4864330291748047
I0305 20:44:47.828150 140334138853120 logging_writer.py:48] [8200] global_step=8200, grad_norm=0.33289557695388794, loss=3.3475191593170166
I0305 20:45:22.839528 140334130460416 logging_writer.py:48] [8300] global_step=8300, grad_norm=0.3241482973098755, loss=3.322094202041626
I0305 20:45:57.863700 140334138853120 logging_writer.py:48] [8400] global_step=8400, grad_norm=0.333330899477005, loss=3.290726661682129
I0305 20:46:32.870530 140334130460416 logging_writer.py:48] [8500] global_step=8500, grad_norm=0.4370853006839752, loss=3.407083749771118
I0305 20:47:07.871566 140334138853120 logging_writer.py:48] [8600] global_step=8600, grad_norm=0.3814682066440582, loss=3.4010305404663086
I0305 20:47:42.855947 140334130460416 logging_writer.py:48] [8700] global_step=8700, grad_norm=0.3219517469406128, loss=3.340522289276123
I0305 20:48:17.879101 140334138853120 logging_writer.py:48] [8800] global_step=8800, grad_norm=0.3319888114929199, loss=3.2760157585144043
I0305 20:48:52.876106 140334130460416 logging_writer.py:48] [8900] global_step=8900, grad_norm=0.3183383643627167, loss=3.2861416339874268
I0305 20:49:27.899089 140334138853120 logging_writer.py:48] [9000] global_step=9000, grad_norm=0.2922018766403198, loss=3.3608198165893555
I0305 20:50:02.885984 140334130460416 logging_writer.py:48] [9100] global_step=9100, grad_norm=0.306648313999176, loss=3.330613136291504
I0305 20:50:37.869686 140334138853120 logging_writer.py:48] [9200] global_step=9200, grad_norm=0.31821420788764954, loss=3.371692657470703
I0305 20:51:12.895123 140334130460416 logging_writer.py:48] [9300] global_step=9300, grad_norm=0.28763291239738464, loss=3.316450834274292
I0305 20:51:47.891624 140334138853120 logging_writer.py:48] [9400] global_step=9400, grad_norm=0.32756951451301575, loss=3.300154209136963
I0305 20:52:22.876426 140334130460416 logging_writer.py:48] [9500] global_step=9500, grad_norm=0.30906611680984497, loss=3.2954087257385254
I0305 20:52:57.889681 140334138853120 logging_writer.py:48] [9600] global_step=9600, grad_norm=0.3186391592025757, loss=3.3470230102539062
I0305 20:53:02.099268 140477253723328 spec.py:321] Evaluating on the training split.
I0305 20:53:04.746049 140477253723328 workload.py:181] Translating evaluation dataset.
I0305 20:55:45.620871 140477253723328 spec.py:333] Evaluating on the validation split.
I0305 20:55:48.266357 140477253723328 workload.py:181] Translating evaluation dataset.
I0305 20:58:25.559977 140477253723328 spec.py:349] Evaluating on the test split.
I0305 20:58:28.211648 140477253723328 workload.py:181] Translating evaluation dataset.
I0305 21:00:51.495350 140477253723328 submission_runner.py:469] Time since start: 6441.72s, 	Step: 9613, 	{'train/accuracy': 0.5961407423019409, 'train/loss': 2.207930088043213, 'train/bleu': 28.20168804346851, 'validation/accuracy': 0.6107705235481262, 'validation/loss': 2.0926673412323, 'validation/bleu': 24.868520616467972, 'validation/num_examples': 3000, 'test/accuracy': 0.6149461269378662, 'test/loss': 2.0640909671783447, 'test/bleu': 23.480367955581055, 'test/num_examples': 3003, 'score': 3386.2726628780365, 'total_duration': 6441.72052192688, 'accumulated_submission_time': 3386.2726628780365, 'accumulated_eval_time': 3054.739854812622, 'accumulated_logging_time': 0.07064485549926758}
I0305 21:00:51.505661 140334130460416 logging_writer.py:48] [9613] accumulated_eval_time=3054.74, accumulated_logging_time=0.0706449, accumulated_submission_time=3386.27, global_step=9613, preemption_count=0, score=3386.27, test/accuracy=0.614946, test/bleu=23.4804, test/loss=2.06409, test/num_examples=3003, total_duration=6441.72, train/accuracy=0.596141, train/bleu=28.2017, train/loss=2.20793, validation/accuracy=0.610771, validation/bleu=24.8685, validation/loss=2.09267, validation/num_examples=3000
I0305 21:01:22.264754 140334138853120 logging_writer.py:48] [9700] global_step=9700, grad_norm=0.2819128632545471, loss=3.2796249389648438
I0305 21:01:57.213640 140334130460416 logging_writer.py:48] [9800] global_step=9800, grad_norm=0.2812151312828064, loss=3.2900428771972656
I0305 21:02:32.203428 140334138853120 logging_writer.py:48] [9900] global_step=9900, grad_norm=0.36414825916290283, loss=3.213620185852051
I0305 21:03:07.193450 140334130460416 logging_writer.py:48] [10000] global_step=10000, grad_norm=0.3034087121486664, loss=3.2963147163391113
I0305 21:03:42.184912 140334138853120 logging_writer.py:48] [10100] global_step=10100, grad_norm=0.28678518533706665, loss=3.261276960372925
I0305 21:04:17.183502 140334130460416 logging_writer.py:48] [10200] global_step=10200, grad_norm=0.28760093450546265, loss=3.3112704753875732
I0305 21:04:52.166943 140334138853120 logging_writer.py:48] [10300] global_step=10300, grad_norm=0.2636220157146454, loss=3.2238333225250244
I0305 21:05:27.145796 140334130460416 logging_writer.py:48] [10400] global_step=10400, grad_norm=0.2814269959926605, loss=3.254938840866089
I0305 21:06:02.129946 140334138853120 logging_writer.py:48] [10500] global_step=10500, grad_norm=0.2590612769126892, loss=3.247633934020996
I0305 21:06:37.103686 140334130460416 logging_writer.py:48] [10600] global_step=10600, grad_norm=0.29377347230911255, loss=3.3007400035858154
I0305 21:07:12.090615 140334138853120 logging_writer.py:48] [10700] global_step=10700, grad_norm=0.3076830804347992, loss=3.2685203552246094
I0305 21:07:47.037506 140334130460416 logging_writer.py:48] [10800] global_step=10800, grad_norm=0.2910318076610565, loss=3.2778358459472656
I0305 21:08:21.995902 140334138853120 logging_writer.py:48] [10900] global_step=10900, grad_norm=0.25997090339660645, loss=3.2716386318206787
I0305 21:08:56.946395 140334130460416 logging_writer.py:48] [11000] global_step=11000, grad_norm=0.24648278951644897, loss=3.291107177734375
I0305 21:09:31.923082 140334138853120 logging_writer.py:48] [11100] global_step=11100, grad_norm=0.33019712567329407, loss=3.2564001083374023
I0305 21:10:06.884429 140334130460416 logging_writer.py:48] [11200] global_step=11200, grad_norm=0.2655673027038574, loss=3.247471570968628
I0305 21:10:41.844095 140334138853120 logging_writer.py:48] [11300] global_step=11300, grad_norm=0.25471991300582886, loss=3.206934928894043
I0305 21:11:16.812860 140334130460416 logging_writer.py:48] [11400] global_step=11400, grad_norm=0.2573937773704529, loss=3.235534429550171
I0305 21:11:51.789334 140334138853120 logging_writer.py:48] [11500] global_step=11500, grad_norm=0.2992742359638214, loss=3.147986650466919
I0305 21:12:26.757685 140334130460416 logging_writer.py:48] [11600] global_step=11600, grad_norm=0.2584546208381653, loss=3.22770094871521
I0305 21:13:01.732309 140334138853120 logging_writer.py:48] [11700] global_step=11700, grad_norm=0.2502467632293701, loss=3.2160515785217285
I0305 21:13:36.702111 140334130460416 logging_writer.py:48] [11800] global_step=11800, grad_norm=0.27687186002731323, loss=3.252760887145996
I0305 21:14:11.671103 140334138853120 logging_writer.py:48] [11900] global_step=11900, grad_norm=0.23886822164058685, loss=3.277256965637207
I0305 21:14:46.635700 140334130460416 logging_writer.py:48] [12000] global_step=12000, grad_norm=0.23934270441532135, loss=3.340268135070801
I0305 21:14:51.533150 140477253723328 spec.py:321] Evaluating on the training split.
I0305 21:14:54.176071 140477253723328 workload.py:181] Translating evaluation dataset.
I0305 21:19:26.770975 140477253723328 spec.py:333] Evaluating on the validation split.
I0305 21:19:29.401139 140477253723328 workload.py:181] Translating evaluation dataset.
I0305 21:24:00.720453 140477253723328 spec.py:349] Evaluating on the test split.
I0305 21:24:03.358983 140477253723328 workload.py:181] Translating evaluation dataset.
I0305 21:27:47.914121 140477253723328 submission_runner.py:469] Time since start: 8058.14s, 	Step: 12015, 	{'train/accuracy': 0.6048036217689514, 'train/loss': 2.1218347549438477, 'train/bleu': 29.275157052533363, 'validation/accuracy': 0.6225372552871704, 'validation/loss': 1.9904459714889526, 'validation/bleu': 25.114439929177962, 'validation/num_examples': 3000, 'test/accuracy': 0.6314563751220703, 'test/loss': 1.9480689764022827, 'test/bleu': 25.064452307439918, 'test/num_examples': 3003, 'score': 4226.142108440399, 'total_duration': 8058.139294862747, 'accumulated_submission_time': 4226.142108440399, 'accumulated_eval_time': 3831.120766878128, 'accumulated_logging_time': 0.09091997146606445}
I0305 21:27:47.924147 140334138853120 logging_writer.py:48] [12015] accumulated_eval_time=3831.12, accumulated_logging_time=0.09092, accumulated_submission_time=4226.14, global_step=12015, preemption_count=0, score=4226.14, test/accuracy=0.631456, test/bleu=25.0645, test/loss=1.94807, test/num_examples=3003, total_duration=8058.14, train/accuracy=0.604804, train/bleu=29.2752, train/loss=2.12183, validation/accuracy=0.622537, validation/bleu=25.1144, validation/loss=1.99045, validation/num_examples=3000
I0305 21:28:17.940437 140334130460416 logging_writer.py:48] [12100] global_step=12100, grad_norm=0.2539370357990265, loss=3.1549718379974365
I0305 21:28:52.909903 140334138853120 logging_writer.py:48] [12200] global_step=12200, grad_norm=0.2475665956735611, loss=3.1963067054748535
I0305 21:29:27.872671 140334130460416 logging_writer.py:48] [12300] global_step=12300, grad_norm=0.24526046216487885, loss=3.155463457107544
I0305 21:30:02.856109 140334138853120 logging_writer.py:48] [12400] global_step=12400, grad_norm=0.24583888053894043, loss=3.2488622665405273
I0305 21:30:37.811454 140334130460416 logging_writer.py:48] [12500] global_step=12500, grad_norm=0.25839763879776, loss=3.1224138736724854
I0305 21:31:12.714723 140334138853120 logging_writer.py:48] [12600] global_step=12600, grad_norm=0.25008848309516907, loss=3.2392466068267822
I0305 21:31:47.578713 140334130460416 logging_writer.py:48] [12700] global_step=12700, grad_norm=0.22046279907226562, loss=3.2484235763549805
I0305 21:32:22.460177 140334138853120 logging_writer.py:48] [12800] global_step=12800, grad_norm=0.2680572271347046, loss=3.086775541305542
I0305 21:32:57.343963 140334130460416 logging_writer.py:48] [12900] global_step=12900, grad_norm=0.24643456935882568, loss=3.1469154357910156
I0305 21:33:32.197865 140334138853120 logging_writer.py:48] [13000] global_step=13000, grad_norm=0.25326111912727356, loss=3.161365509033203
I0305 21:34:07.047282 140334130460416 logging_writer.py:48] [13100] global_step=13100, grad_norm=0.2636479139328003, loss=3.144899368286133
I0305 21:34:41.913654 140334138853120 logging_writer.py:48] [13200] global_step=13200, grad_norm=0.25279662013053894, loss=3.210942506790161
I0305 21:35:16.792739 140334130460416 logging_writer.py:48] [13300] global_step=13300, grad_norm=0.23437851667404175, loss=3.1477627754211426
I0305 21:35:51.676374 140334138853120 logging_writer.py:48] [13400] global_step=13400, grad_norm=0.2331271916627884, loss=3.1635262966156006
I0305 21:36:26.568582 140334130460416 logging_writer.py:48] [13500] global_step=13500, grad_norm=0.2907082736492157, loss=3.210089683532715
I0305 21:37:01.449483 140334138853120 logging_writer.py:48] [13600] global_step=13600, grad_norm=0.3510422706604004, loss=3.1581764221191406
I0305 21:37:36.326381 140334130460416 logging_writer.py:48] [13700] global_step=13700, grad_norm=0.24190233647823334, loss=3.1215829849243164
I0305 21:38:11.189967 140334138853120 logging_writer.py:48] [13800] global_step=13800, grad_norm=0.24327576160430908, loss=3.1791183948516846
I0305 21:38:46.125237 140334130460416 logging_writer.py:48] [13900] global_step=13900, grad_norm=0.3180071711540222, loss=3.18525767326355
I0305 21:39:21.053850 140334138853120 logging_writer.py:48] [14000] global_step=14000, grad_norm=0.35708650946617126, loss=3.1840245723724365
I0305 21:39:55.939349 140334130460416 logging_writer.py:48] [14100] global_step=14100, grad_norm=0.25347083806991577, loss=3.1604557037353516
I0305 21:40:30.816754 140334138853120 logging_writer.py:48] [14200] global_step=14200, grad_norm=0.2618916630744934, loss=3.119391679763794
I0305 21:41:05.702105 140334130460416 logging_writer.py:48] [14300] global_step=14300, grad_norm=0.3792370557785034, loss=3.134141683578491
I0305 21:41:40.556619 140334138853120 logging_writer.py:48] [14400] global_step=14400, grad_norm=0.2838951647281647, loss=3.1379990577697754
I0305 21:41:48.245064 140477253723328 spec.py:321] Evaluating on the training split.
I0305 21:41:50.896373 140477253723328 workload.py:181] Translating evaluation dataset.
I0305 21:44:49.752639 140477253723328 spec.py:333] Evaluating on the validation split.
I0305 21:44:52.396072 140477253723328 workload.py:181] Translating evaluation dataset.
I0305 21:47:25.477711 140477253723328 spec.py:349] Evaluating on the test split.
I0305 21:47:28.119214 140477253723328 workload.py:181] Translating evaluation dataset.
I0305 21:49:44.344469 140477253723328 submission_runner.py:469] Time since start: 9374.57s, 	Step: 14423, 	{'train/accuracy': 0.6181435585021973, 'train/loss': 2.0152649879455566, 'train/bleu': 29.682170901347856, 'validation/accuracy': 0.63437819480896, 'validation/loss': 1.8945846557617188, 'validation/bleu': 26.621742874759278, 'validation/num_examples': 3000, 'test/accuracy': 0.6426138281822205, 'test/loss': 1.8424679040908813, 'test/bleu': 25.795908160612612, 'test/num_examples': 3003, 'score': 5066.309244155884, 'total_duration': 9374.569645881653, 'accumulated_submission_time': 5066.309244155884, 'accumulated_eval_time': 4307.220116853714, 'accumulated_logging_time': 0.10918354988098145}
I0305 21:49:44.354552 140334130460416 logging_writer.py:48] [14423] accumulated_eval_time=4307.22, accumulated_logging_time=0.109184, accumulated_submission_time=5066.31, global_step=14423, preemption_count=0, score=5066.31, test/accuracy=0.642614, test/bleu=25.7959, test/loss=1.84247, test/num_examples=3003, total_duration=9374.57, train/accuracy=0.618144, train/bleu=29.6822, train/loss=2.01526, validation/accuracy=0.634378, validation/bleu=26.6217, validation/loss=1.89458, validation/num_examples=3000
I0305 21:50:11.547860 140334138853120 logging_writer.py:48] [14500] global_step=14500, grad_norm=0.26226890087127686, loss=3.186244010925293
I0305 21:50:46.391892 140334130460416 logging_writer.py:48] [14600] global_step=14600, grad_norm=0.2556331753730774, loss=3.0980544090270996
I0305 21:51:21.264932 140334138853120 logging_writer.py:48] [14700] global_step=14700, grad_norm=0.2475023716688156, loss=3.1372902393341064
I0305 21:51:56.129719 140334130460416 logging_writer.py:48] [14800] global_step=14800, grad_norm=0.3560871183872223, loss=3.1538732051849365
I0305 21:52:31.039799 140334138853120 logging_writer.py:48] [14900] global_step=14900, grad_norm=0.2669275999069214, loss=3.103679656982422
I0305 21:53:05.906682 140334130460416 logging_writer.py:48] [15000] global_step=15000, grad_norm=0.2687557637691498, loss=3.0376925468444824
I0305 21:53:40.784689 140334138853120 logging_writer.py:48] [15100] global_step=15100, grad_norm=0.23718568682670593, loss=3.1004390716552734
I0305 21:54:15.671320 140334130460416 logging_writer.py:48] [15200] global_step=15200, grad_norm=0.25305435061454773, loss=3.1118364334106445
I0305 21:54:50.560876 140334138853120 logging_writer.py:48] [15300] global_step=15300, grad_norm=0.27821797132492065, loss=3.109628915786743
I0305 21:55:25.436436 140334130460416 logging_writer.py:48] [15400] global_step=15400, grad_norm=0.28178948163986206, loss=3.1592931747436523
I0305 21:56:00.331486 140334138853120 logging_writer.py:48] [15500] global_step=15500, grad_norm=0.2606405019760132, loss=3.2008094787597656
I0305 21:56:35.177457 140334130460416 logging_writer.py:48] [15600] global_step=15600, grad_norm=0.24869854748249054, loss=3.085692882537842
I0305 21:57:10.030212 140334138853120 logging_writer.py:48] [15700] global_step=15700, grad_norm=0.28671377897262573, loss=3.075770139694214
I0305 21:57:44.907007 140334130460416 logging_writer.py:48] [15800] global_step=15800, grad_norm=0.2544948160648346, loss=3.035747528076172
I0305 21:58:19.798970 140334138853120 logging_writer.py:48] [15900] global_step=15900, grad_norm=0.4101572334766388, loss=3.1762101650238037
I0305 21:58:54.674563 140334130460416 logging_writer.py:48] [16000] global_step=16000, grad_norm=0.3889883756637573, loss=3.108449935913086
I0305 21:59:29.524918 140334138853120 logging_writer.py:48] [16100] global_step=16100, grad_norm=0.2750053107738495, loss=3.077812433242798
I0305 22:00:04.403693 140334130460416 logging_writer.py:48] [16200] global_step=16200, grad_norm=0.3882359564304352, loss=3.014986515045166
I0305 22:00:39.280654 140334138853120 logging_writer.py:48] [16300] global_step=16300, grad_norm=0.3141680955886841, loss=3.0653278827667236
I0305 22:01:14.146078 140334130460416 logging_writer.py:48] [16400] global_step=16400, grad_norm=0.2907749116420746, loss=3.068932294845581
I0305 22:01:49.013985 140334138853120 logging_writer.py:48] [16500] global_step=16500, grad_norm=0.3282577097415924, loss=3.048581838607788
I0305 22:02:23.896001 140334130460416 logging_writer.py:48] [16600] global_step=16600, grad_norm=0.24132511019706726, loss=3.1210193634033203
I0305 22:02:58.755700 140334138853120 logging_writer.py:48] [16700] global_step=16700, grad_norm=0.26306626200675964, loss=3.0595006942749023
I0305 22:03:33.623385 140334130460416 logging_writer.py:48] [16800] global_step=16800, grad_norm=0.33605122566223145, loss=3.0086231231689453
I0305 22:03:44.428331 140477253723328 spec.py:321] Evaluating on the training split.
I0305 22:03:47.074552 140477253723328 workload.py:181] Translating evaluation dataset.
I0305 22:06:25.791612 140477253723328 spec.py:333] Evaluating on the validation split.
I0305 22:06:28.425589 140477253723328 workload.py:181] Translating evaluation dataset.
I0305 22:08:57.747343 140477253723328 spec.py:349] Evaluating on the test split.
I0305 22:09:00.387588 140477253723328 workload.py:181] Translating evaluation dataset.
I0305 22:11:18.023929 140477253723328 submission_runner.py:469] Time since start: 10668.25s, 	Step: 16832, 	{'train/accuracy': 0.6170329451560974, 'train/loss': 2.0077483654022217, 'train/bleu': 30.015583654939835, 'validation/accuracy': 0.6412874460220337, 'validation/loss': 1.838304877281189, 'validation/bleu': 27.004861617891624, 'validation/num_examples': 3000, 'test/accuracy': 0.6508516073226929, 'test/loss': 1.782792568206787, 'test/bleu': 26.39376827751109, 'test/num_examples': 3003, 'score': 5906.237273693085, 'total_duration': 10668.249090909958, 'accumulated_submission_time': 5906.237273693085, 'accumulated_eval_time': 4760.815642595291, 'accumulated_logging_time': 0.12747764587402344}
I0305 22:11:18.035295 140334138853120 logging_writer.py:48] [16832] accumulated_eval_time=4760.82, accumulated_logging_time=0.127478, accumulated_submission_time=5906.24, global_step=16832, preemption_count=0, score=5906.24, test/accuracy=0.650852, test/bleu=26.3938, test/loss=1.78279, test/num_examples=3003, total_duration=10668.2, train/accuracy=0.617033, train/bleu=30.0156, train/loss=2.00775, validation/accuracy=0.641287, validation/bleu=27.0049, validation/loss=1.8383, validation/num_examples=3000
I0305 22:11:42.084044 140334130460416 logging_writer.py:48] [16900] global_step=16900, grad_norm=0.3020637035369873, loss=3.0817971229553223
I0305 22:12:16.914536 140334138853120 logging_writer.py:48] [17000] global_step=17000, grad_norm=0.2838457226753235, loss=3.0896732807159424
I0305 22:12:51.773735 140334130460416 logging_writer.py:48] [17100] global_step=17100, grad_norm=0.30142727494239807, loss=3.1088602542877197
I0305 22:13:26.625712 140334138853120 logging_writer.py:48] [17200] global_step=17200, grad_norm=0.28969502449035645, loss=3.0777547359466553
I0305 22:14:01.463913 140334130460416 logging_writer.py:48] [17300] global_step=17300, grad_norm=0.26013320684432983, loss=2.984189033508301
I0305 22:14:36.369969 140334138853120 logging_writer.py:48] [17400] global_step=17400, grad_norm=0.3581947684288025, loss=3.1156580448150635
I0305 22:15:11.251033 140334130460416 logging_writer.py:48] [17500] global_step=17500, grad_norm=0.3184242248535156, loss=3.081007957458496
I0305 22:15:46.159631 140334138853120 logging_writer.py:48] [17600] global_step=17600, grad_norm=0.2700096666812897, loss=3.095229148864746
I0305 22:16:21.073642 140334130460416 logging_writer.py:48] [17700] global_step=17700, grad_norm=0.29404324293136597, loss=3.0387699604034424
I0305 22:16:55.983924 140334138853120 logging_writer.py:48] [17800] global_step=17800, grad_norm=0.32819435000419617, loss=3.0409388542175293
I0305 22:17:30.889135 140334130460416 logging_writer.py:48] [17900] global_step=17900, grad_norm=0.31628793478012085, loss=3.061600685119629
I0305 22:18:05.778889 140334138853120 logging_writer.py:48] [18000] global_step=18000, grad_norm=0.32103586196899414, loss=3.102240800857544
I0305 22:18:40.678402 140334130460416 logging_writer.py:48] [18100] global_step=18100, grad_norm=0.33013978600502014, loss=3.0517313480377197
I0305 22:19:15.583103 140334138853120 logging_writer.py:48] [18200] global_step=18200, grad_norm=0.3688124418258667, loss=3.0288147926330566
I0305 22:19:50.466750 140334130460416 logging_writer.py:48] [18300] global_step=18300, grad_norm=0.3157512843608856, loss=2.9909205436706543
I0305 22:20:25.354405 140334138853120 logging_writer.py:48] [18400] global_step=18400, grad_norm=0.3381846845149994, loss=2.980380058288574
I0305 22:21:00.231659 140334130460416 logging_writer.py:48] [18500] global_step=18500, grad_norm=0.331030011177063, loss=3.0502753257751465
I0305 22:21:35.125448 140334138853120 logging_writer.py:48] [18600] global_step=18600, grad_norm=0.33414626121520996, loss=3.0450761318206787
I0305 22:22:10.014133 140334130460416 logging_writer.py:48] [18700] global_step=18700, grad_norm=0.31612566113471985, loss=3.058324098587036
I0305 22:22:44.899088 140334138853120 logging_writer.py:48] [18800] global_step=18800, grad_norm=0.3530019521713257, loss=3.00785493850708
I0305 22:23:20.044434 140334130460416 logging_writer.py:48] [18900] global_step=18900, grad_norm=0.34390443563461304, loss=3.0520145893096924
I0305 22:23:55.122159 140334138853120 logging_writer.py:48] [19000] global_step=19000, grad_norm=0.3051430284976959, loss=3.0092358589172363
I0305 22:24:30.200025 140334130460416 logging_writer.py:48] [19100] global_step=19100, grad_norm=0.32278549671173096, loss=3.052907705307007
I0305 22:25:05.288402 140334138853120 logging_writer.py:48] [19200] global_step=19200, grad_norm=0.39542996883392334, loss=3.0248754024505615
I0305 22:25:18.282167 140477253723328 spec.py:321] Evaluating on the training split.
I0305 22:25:20.951284 140477253723328 workload.py:181] Translating evaluation dataset.
I0305 22:29:27.800533 140477253723328 spec.py:333] Evaluating on the validation split.
I0305 22:29:30.436194 140477253723328 workload.py:181] Translating evaluation dataset.
I0305 22:33:51.849970 140477253723328 spec.py:349] Evaluating on the test split.
I0305 22:33:54.499279 140477253723328 workload.py:181] Translating evaluation dataset.
I0305 22:37:27.663508 140477253723328 submission_runner.py:469] Time since start: 12237.89s, 	Step: 19238, 	{'train/accuracy': 0.6349213719367981, 'train/loss': 1.8775442838668823, 'train/bleu': 30.845953282666983, 'validation/accuracy': 0.6467505693435669, 'validation/loss': 1.793628454208374, 'validation/bleu': 26.28721387767766, 'validation/num_examples': 3000, 'test/accuracy': 0.6559262871742249, 'test/loss': 1.7444177865982056, 'test/bleu': 26.63896667599549, 'test/num_examples': 3003, 'score': 6746.335658311844, 'total_duration': 12237.88868355751, 'accumulated_submission_time': 6746.335658311844, 'accumulated_eval_time': 5490.196926116943, 'accumulated_logging_time': 0.1474461555480957}
I0305 22:37:27.675525 140334130460416 logging_writer.py:48] [19238] accumulated_eval_time=5490.2, accumulated_logging_time=0.147446, accumulated_submission_time=6746.34, global_step=19238, preemption_count=0, score=6746.34, test/accuracy=0.655926, test/bleu=26.639, test/loss=1.74442, test/num_examples=3003, total_duration=12237.9, train/accuracy=0.634921, train/bleu=30.846, train/loss=1.87754, validation/accuracy=0.646751, validation/bleu=26.2872, validation/loss=1.79363, validation/num_examples=3000
I0305 22:37:49.744521 140334138853120 logging_writer.py:48] [19300] global_step=19300, grad_norm=0.2891519367694855, loss=2.9912009239196777
I0305 22:38:24.754078 140334130460416 logging_writer.py:48] [19400] global_step=19400, grad_norm=0.33511239290237427, loss=3.0805888175964355
I0305 22:38:59.794317 140334138853120 logging_writer.py:48] [19500] global_step=19500, grad_norm=0.30865973234176636, loss=3.007016658782959
I0305 22:39:34.861235 140334130460416 logging_writer.py:48] [19600] global_step=19600, grad_norm=0.2863433063030243, loss=3.038364887237549
I0305 22:40:09.961295 140334138853120 logging_writer.py:48] [19700] global_step=19700, grad_norm=0.29165780544281006, loss=3.1151833534240723
I0305 22:40:45.041928 140334130460416 logging_writer.py:48] [19800] global_step=19800, grad_norm=0.3037990927696228, loss=3.0138614177703857
I0305 22:41:20.106441 140334138853120 logging_writer.py:48] [19900] global_step=19900, grad_norm=0.3437528908252716, loss=3.1044788360595703
I0305 22:41:55.154178 140334130460416 logging_writer.py:48] [20000] global_step=20000, grad_norm=0.34126579761505127, loss=2.9868953227996826
I0305 22:42:30.210925 140334138853120 logging_writer.py:48] [20100] global_step=20100, grad_norm=0.3696233928203583, loss=3.1112873554229736
I0305 22:43:05.247195 140334130460416 logging_writer.py:48] [20200] global_step=20200, grad_norm=0.33198171854019165, loss=2.994539260864258
I0305 22:43:40.295689 140334138853120 logging_writer.py:48] [20300] global_step=20300, grad_norm=0.3947902321815491, loss=3.094303607940674
I0305 22:44:15.334238 140334130460416 logging_writer.py:48] [20400] global_step=20400, grad_norm=0.3267526626586914, loss=3.024949073791504
