torchrun --redirects 1:0,2:0,3:0 --standalone --nnodes=1 --nproc_per_node=4 submission_runner.py --framework=pytorch --workload=finewebedu_lm --submission_path=submissions_algorithms/submissions/self_tuning/lion/submission.py --data_dir=/data/fineweb_edu_10B --experiment_dir=/experiment_runs --experiment_name=submissions_a100/lion/study_1 --overwrite=True --save_checkpoints=False --rng_seed=1968838230 --torch_compile=true --tuning_ruleset=self 2>&1 | tee -a /logs/finewebedu_lm_pytorch_04-04-2026-19-43-44.log
W0404 19:44:05.423000 9 site-packages/torch/distributed/run.py:803] 
W0404 19:44:05.423000 9 site-packages/torch/distributed/run.py:803] *****************************************
W0404 19:44:05.423000 9 site-packages/torch/distributed/run.py:803] Setting OMP_NUM_THREADS environment variable for each process to be 1 in default, to avoid your system being overloaded, please further tune the variable for optimal performance in your application as needed. 
W0404 19:44:05.423000 9 site-packages/torch/distributed/run.py:803] *****************************************
2026-04-04 19:44:13.475457: E external/local_xla/xla/stream_executor/cuda/cuda_fft.cc:467] Unable to register cuFFT factory: Attempting to register factory for plugin cuFFT when one has already been registered
2026-04-04 19:44:13.475457: E external/local_xla/xla/stream_executor/cuda/cuda_fft.cc:467] Unable to register cuFFT factory: Attempting to register factory for plugin cuFFT when one has already been registered
2026-04-04 19:44:13.475483: E external/local_xla/xla/stream_executor/cuda/cuda_fft.cc:467] Unable to register cuFFT factory: Attempting to register factory for plugin cuFFT when one has already been registered
2026-04-04 19:44:13.475538: E external/local_xla/xla/stream_executor/cuda/cuda_fft.cc:467] Unable to register cuFFT factory: Attempting to register factory for plugin cuFFT when one has already been registered
WARNING: All log messages before absl::InitializeLog() is called are written to STDERR
WARNING: All log messages before absl::InitializeLog() is called are written to STDERR
WARNING: All log messages before absl::InitializeLog() is called are written to STDERR
E0000 00:00:1775331853.516704      40 cuda_dnn.cc:8579] Unable to register cuDNN factory: Attempting to register factory for plugin cuDNN when one has already been registered
E0000 00:00:1775331853.516696      39 cuda_dnn.cc:8579] Unable to register cuDNN factory: Attempting to register factory for plugin cuDNN when one has already been registered
E0000 00:00:1775331853.516696      41 cuda_dnn.cc:8579] Unable to register cuDNN factory: Attempting to register factory for plugin cuDNN when one has already been registered
WARNING: All log messages before absl::InitializeLog() is called are written to STDERR
E0000 00:00:1775331853.516717      38 cuda_dnn.cc:8579] Unable to register cuDNN factory: Attempting to register factory for plugin cuDNN when one has already been registered
E0000 00:00:1775331853.524432      39 cuda_blas.cc:1407] Unable to register cuBLAS factory: Attempting to register factory for plugin cuBLAS when one has already been registered
E0000 00:00:1775331853.524432      40 cuda_blas.cc:1407] Unable to register cuBLAS factory: Attempting to register factory for plugin cuBLAS when one has already been registered
E0000 00:00:1775331853.524463      41 cuda_blas.cc:1407] Unable to register cuBLAS factory: Attempting to register factory for plugin cuBLAS when one has already been registered
E0000 00:00:1775331853.524522      38 cuda_blas.cc:1407] Unable to register cuBLAS factory: Attempting to register factory for plugin cuBLAS when one has already been registered
W0000 00:00:1775331853.652700      41 computation_placer.cc:177] computation placer already registered. Please check linkage and avoid linking the same target more than once.
W0000 00:00:1775331853.652701      38 computation_placer.cc:177] computation placer already registered. Please check linkage and avoid linking the same target more than once.
W0000 00:00:1775331853.652701      40 computation_placer.cc:177] computation placer already registered. Please check linkage and avoid linking the same target more than once.
W0000 00:00:1775331853.652733      38 computation_placer.cc:177] computation placer already registered. Please check linkage and avoid linking the same target more than once.
W0000 00:00:1775331853.652735      40 computation_placer.cc:177] computation placer already registered. Please check linkage and avoid linking the same target more than once.
W0000 00:00:1775331853.652735      38 computation_placer.cc:177] computation placer already registered. Please check linkage and avoid linking the same target more than once.
W0000 00:00:1775331853.652737      40 computation_placer.cc:177] computation placer already registered. Please check linkage and avoid linking the same target more than once.
W0000 00:00:1775331853.652737      41 computation_placer.cc:177] computation placer already registered. Please check linkage and avoid linking the same target more than once.
W0000 00:00:1775331853.652738      38 computation_placer.cc:177] computation placer already registered. Please check linkage and avoid linking the same target more than once.
W0000 00:00:1775331853.652739      40 computation_placer.cc:177] computation placer already registered. Please check linkage and avoid linking the same target more than once.
W0000 00:00:1775331853.652740      41 computation_placer.cc:177] computation placer already registered. Please check linkage and avoid linking the same target more than once.
W0000 00:00:1775331853.652701      39 computation_placer.cc:177] computation placer already registered. Please check linkage and avoid linking the same target more than once.
W0000 00:00:1775331853.652742      41 computation_placer.cc:177] computation placer already registered. Please check linkage and avoid linking the same target more than once.
W0000 00:00:1775331853.652745      39 computation_placer.cc:177] computation placer already registered. Please check linkage and avoid linking the same target more than once.
W0000 00:00:1775331853.652747      39 computation_placer.cc:177] computation placer already registered. Please check linkage and avoid linking the same target more than once.
W0000 00:00:1775331853.652749      39 computation_placer.cc:177] computation placer already registered. Please check linkage and avoid linking the same target more than once.
W0000 00:00:1775331879.381342      41 gpu_device.cc:2341] Cannot dlopen some GPU libraries. Please make sure the missing libraries mentioned above are installed properly if you would like to use GPU. Follow the guide at https://www.tensorflow.org/install/gpu for how to download and setup the required libraries for your platform.
Skipping registering GPU devices...
W0000 00:00:1775331879.381384      38 gpu_device.cc:2341] Cannot dlopen some GPU libraries. Please make sure the missing libraries mentioned above are installed properly if you would like to use GPU. Follow the guide at https://www.tensorflow.org/install/gpu for how to download and setup the required libraries for your platform.
Skipping registering GPU devices...
W0000 00:00:1775331879.552291      40 gpu_device.cc:2341] Cannot dlopen some GPU libraries. Please make sure the missing libraries mentioned above are installed properly if you would like to use GPU. Follow the guide at https://www.tensorflow.org/install/gpu for how to download and setup the required libraries for your platform.
Skipping registering GPU devices...
W0000 00:00:1775331879.562023      39 gpu_device.cc:2341] Cannot dlopen some GPU libraries. Please make sure the missing libraries mentioned above are installed properly if you would like to use GPU. Follow the guide at https://www.tensorflow.org/install/gpu for how to download and setup the required libraries for your platform.
Skipping registering GPU devices...
/usr/local/lib/python3.11/site-packages/torch/__init__.py:1617: UserWarning: Please use the new API settings to control TF32 behavior, such as torch.backends.cudnn.conv.fp32_precision = 'tf32' or torch.backends.cuda.matmul.fp32_precision = 'ieee'. Old settings, e.g, torch.backends.cuda.matmul.allow_tf32 = True, torch.backends.cudnn.allow_tf32 = True, allowTF32CuDNN() and allowTF32CuBLAS() will be deprecated after Pytorch 2.9. Please see https://pytorch.org/docs/main/notes/cuda.html#tensorfloat-32-tf32-on-ampere-and-later-devices (Triggered internally at /pytorch/aten/src/ATen/Context.cpp:80.)
  _C._set_float32_matmul_precision(precision)
/usr/local/lib/python3.11/site-packages/torch/__init__.py:1617: UserWarning: Please use the new API settings to control TF32 behavior, such as torch.backends.cudnn.conv.fp32_precision = 'tf32' or torch.backends.cuda.matmul.fp32_precision = 'ieee'. Old settings, e.g, torch.backends.cuda.matmul.allow_tf32 = True, torch.backends.cudnn.allow_tf32 = True, allowTF32CuDNN() and allowTF32CuBLAS() will be deprecated after Pytorch 2.9. Please see https://pytorch.org/docs/main/notes/cuda.html#tensorfloat-32-tf32-on-ampere-and-later-devices (Triggered internally at /pytorch/aten/src/ATen/Context.cpp:80.)
  _C._set_float32_matmul_precision(precision)
/usr/local/lib/python3.11/site-packages/torch/__init__.py:1617: UserWarning: Please use the new API settings to control TF32 behavior, such as torch.backends.cudnn.conv.fp32_precision = 'tf32' or torch.backends.cuda.matmul.fp32_precision = 'ieee'. Old settings, e.g, torch.backends.cuda.matmul.allow_tf32 = True, torch.backends.cudnn.allow_tf32 = True, allowTF32CuDNN() and allowTF32CuBLAS() will be deprecated after Pytorch 2.9. Please see https://pytorch.org/docs/main/notes/cuda.html#tensorfloat-32-tf32-on-ampere-and-later-devices (Triggered internally at /pytorch/aten/src/ATen/Context.cpp:80.)
  _C._set_float32_matmul_precision(precision)
/usr/local/lib/python3.11/site-packages/torch/__init__.py:1617: UserWarning: Please use the new API settings to control TF32 behavior, such as torch.backends.cudnn.conv.fp32_precision = 'tf32' or torch.backends.cuda.matmul.fp32_precision = 'ieee'. Old settings, e.g, torch.backends.cuda.matmul.allow_tf32 = True, torch.backends.cudnn.allow_tf32 = True, allowTF32CuDNN() and allowTF32CuBLAS() will be deprecated after Pytorch 2.9. Please see https://pytorch.org/docs/main/notes/cuda.html#tensorfloat-32-tf32-on-ampere-and-later-devices (Triggered internally at /pytorch/aten/src/ATen/Context.cpp:80.)
  _C._set_float32_matmul_precision(precision)
/usr/local/lib/python3.11/site-packages/pydantic/_internal/_generate_schema.py:2249: UnsupportedFieldAttributeWarning: The 'repr' attribute with value False was provided to the `Field()` function, which has no effect in the context it was used. 'repr' is field-specific metadata, and can only be attached to a model field using `Annotated` metadata or by assignment. This may have happened because an `Annotated` type alias using the `type` statement was used, or if the `Field()` function was attached to a single member of a union type.
  warnings.warn(
/usr/local/lib/python3.11/site-packages/pydantic/_internal/_generate_schema.py:2249: UnsupportedFieldAttributeWarning: The 'repr' attribute with value False was provided to the `Field()` function, which has no effect in the context it was used. 'repr' is field-specific metadata, and can only be attached to a model field using `Annotated` metadata or by assignment. This may have happened because an `Annotated` type alias using the `type` statement was used, or if the `Field()` function was attached to a single member of a union type.
  warnings.warn(
/usr/local/lib/python3.11/site-packages/pydantic/_internal/_generate_schema.py:2249: UnsupportedFieldAttributeWarning: The 'repr' attribute with value False was provided to the `Field()` function, which has no effect in the context it was used. 'repr' is field-specific metadata, and can only be attached to a model field using `Annotated` metadata or by assignment. This may have happened because an `Annotated` type alias using the `type` statement was used, or if the `Field()` function was attached to a single member of a union type.
  warnings.warn(
/usr/local/lib/python3.11/site-packages/pydantic/_internal/_generate_schema.py:2249: UnsupportedFieldAttributeWarning: The 'repr' attribute with value False was provided to the `Field()` function, which has no effect in the context it was used. 'repr' is field-specific metadata, and can only be attached to a model field using `Annotated` metadata or by assignment. This may have happened because an `Annotated` type alias using the `type` statement was used, or if the `Field()` function was attached to a single member of a union type.
  warnings.warn(
/usr/local/lib/python3.11/site-packages/pydantic/_internal/_generate_schema.py:2249: UnsupportedFieldAttributeWarning: The 'frozen' attribute with value True was provided to the `Field()` function, which has no effect in the context it was used. 'frozen' is field-specific metadata, and can only be attached to a model field using `Annotated` metadata or by assignment. This may have happened because an `Annotated` type alias using the `type` statement was used, or if the `Field()` function was attached to a single member of a union type.
  warnings.warn(
/usr/local/lib/python3.11/site-packages/pydantic/_internal/_generate_schema.py:2249: UnsupportedFieldAttributeWarning: The 'frozen' attribute with value True was provided to the `Field()` function, which has no effect in the context it was used. 'frozen' is field-specific metadata, and can only be attached to a model field using `Annotated` metadata or by assignment. This may have happened because an `Annotated` type alias using the `type` statement was used, or if the `Field()` function was attached to a single member of a union type.
  warnings.warn(
/usr/local/lib/python3.11/site-packages/pydantic/_internal/_generate_schema.py:2249: UnsupportedFieldAttributeWarning: The 'frozen' attribute with value True was provided to the `Field()` function, which has no effect in the context it was used. 'frozen' is field-specific metadata, and can only be attached to a model field using `Annotated` metadata or by assignment. This may have happened because an `Annotated` type alias using the `type` statement was used, or if the `Field()` function was attached to a single member of a union type.
  warnings.warn(
/usr/local/lib/python3.11/site-packages/pydantic/_internal/_generate_schema.py:2249: UnsupportedFieldAttributeWarning: The 'frozen' attribute with value True was provided to the `Field()` function, which has no effect in the context it was used. 'frozen' is field-specific metadata, and can only be attached to a model field using `Annotated` metadata or by assignment. This may have happened because an `Annotated` type alias using the `type` statement was used, or if the `Field()` function was attached to a single member of a union type.
  warnings.warn(
/usr/local/lib/python3.11/site-packages/torch/distributed/distributed_c10d.py:4876: UserWarning: barrier(): using the device under current context. You can specify `device_id` in `init_process_group` to mute this warning.
  warnings.warn(  # warn only once
[rank0]:[W404 19:44:47.646102971 ProcessGroupNCCL.cpp:5068] Guessing device ID based on global rank. This can cause a hang if rank to GPU mapping is heterogeneous. You can specify device_id in init_process_group()
I0404 19:44:48.938853 139827667367104 logger_utils.py:84] Creating experiment directory at /experiment_runs/submissions_a100/lion/study_1/finewebedu_lm_pytorch.
I0404 19:44:48.938859 140288608015552 logger_utils.py:84] Creating experiment directory at /experiment_runs/submissions_a100/lion/study_1/finewebedu_lm_pytorch.
I0404 19:44:48.938853 140566148650176 logger_utils.py:84] Creating experiment directory at /experiment_runs/submissions_a100/lion/study_1/finewebedu_lm_pytorch.
I0404 19:44:48.938876 140300439884992 logger_utils.py:84] Creating experiment directory at /experiment_runs/submissions_a100/lion/study_1/finewebedu_lm_pytorch.
I0404 19:44:48.973469 140288608015552 submission_runner.py:741] Creating directory at /experiment_runs/submissions_a100/lion/study_1/finewebedu_lm_pytorch/trial_1.
I0404 19:44:49.227953 140288608015552 submission_runner.py:242] Initializing dataset.
I0404 19:44:49.228121 140288608015552 submission_runner.py:251] Initializing model.
I0404 19:45:04.568338 140288608015552 submission_runner.py:290] Performing `torch.compile`.
I0404 19:45:07.944369 140288608015552 submission_runner.py:294] Initializing optimizer.
I0404 19:45:07.945089 140288608015552 submission_runner.py:299] Initializing metrics bundle.
I0404 19:45:07.945250 140288608015552 submission_runner.py:321] Initializing checkpoint and logger.
I0404 19:45:07.949524 140288608015552 submission_runner.py:344] Saving meta data to /experiment_runs/submissions_a100/lion/study_1/finewebedu_lm_pytorch/trial_1/meta_data_0.json.
I0404 19:45:07.949576 140566148650176 logger_utils.py:283] Unable to record workload.train_mean information. Continuing without it.
I0404 19:45:07.949594 139827667367104 logger_utils.py:283] Unable to record workload.train_mean information. Continuing without it.
I0404 19:45:07.949609 140300439884992 logger_utils.py:283] Unable to record workload.train_mean information. Continuing without it.
I0404 19:45:07.949704 140288608015552 logger_utils.py:283] Unable to record workload.train_mean information. Continuing without it.
I0404 19:45:07.949730 140566148650176 logger_utils.py:283] Unable to record workload.train_stddev information. Continuing without it.
I0404 19:45:07.949733 139827667367104 logger_utils.py:283] Unable to record workload.train_stddev information. Continuing without it.
I0404 19:45:07.949757 140288608015552 logger_utils.py:283] Unable to record workload.train_stddev information. Continuing without it.
I0404 19:45:07.949759 140300439884992 logger_utils.py:283] Unable to record workload.train_stddev information. Continuing without it.
I0404 19:45:08.435268 140288608015552 submission_runner.py:348] Saving flags to /experiment_runs/submissions_a100/lion/study_1/finewebedu_lm_pytorch/trial_1/flags_0.json.
I0404 19:45:08.454107 140288608015552 submission_runner.py:359] Starting training loop.
[rank0]:W0404 19:45:13.375000 38 site-packages/torch/_logging/_internal.py:1199] [0/0] Profiler function <class 'torch.autograd.profiler.record_function'> will be ignored
[rank3]:W0404 19:45:13.376000 41 site-packages/torch/_logging/_internal.py:1199] [0/0] Profiler function <class 'torch.autograd.profiler.record_function'> will be ignored
[rank2]:W0404 19:45:13.376000 40 site-packages/torch/_logging/_internal.py:1199] [0/0] Profiler function <class 'torch.autograd.profiler.record_function'> will be ignored
[rank1]:W0404 19:45:13.376000 39 site-packages/torch/_logging/_internal.py:1199] [0/0] Profiler function <class 'torch.autograd.profiler.record_function'> will be ignored
I0404 19:46:07.569070 140262273406720 logging_writer.py:48] [0] global_step=0, grad_norm=11.5505, loss=11.0394
I0404 19:46:07.774881 140288608015552 submission.py:218] 0) loss = 11.039, grad_norm = 11.550
I0404 19:46:08.372846 140288608015552 spec.py:333] Evaluating on the training split.
/usr/local/lib/python3.11/site-packages/torch/_dynamo/variables/functions.py:1598: UserWarning: Dynamo does not know how to trace the builtin `torch._C._distributed_c10d.pybind11_detail_function_record_v1_system_libstdcpp_gxx_abi_1xxx_use_cxx11_abi_1._broadcast_coalesced.` This function is either a Python builtin (e.g. _warnings.warn) or a third-party C/C++ Python extension (perhaps created with pybind).
If it is a Python builtin, please file an issue on GitHub so the PyTorch team can add support for it and see the next case for a workaround.
If it is a third-party C/C++ Python extension, please either wrap it into a PyTorch-understood custom operator (see https://pytorch.org/tutorials/advanced/custom_ops_landing_page.html for more details) or, if it is traceable, use `torch.compiler.allow_in_graph`.
  torch._dynamo.utils.warn_once(explanation + "\n" + "\n".join(hints))
/usr/local/lib/python3.11/site-packages/torch/_dynamo/variables/functions.py:1598: UserWarning: Dynamo does not know how to trace the builtin `torch._C._distributed_c10d.pybind11_detail_function_record_v1_system_libstdcpp_gxx_abi_1xxx_use_cxx11_abi_1._broadcast_coalesced.` This function is either a Python builtin (e.g. _warnings.warn) or a third-party C/C++ Python extension (perhaps created with pybind).
If it is a Python builtin, please file an issue on GitHub so the PyTorch team can add support for it and see the next case for a workaround.
If it is a third-party C/C++ Python extension, please either wrap it into a PyTorch-understood custom operator (see https://pytorch.org/tutorials/advanced/custom_ops_landing_page.html for more details) or, if it is traceable, use `torch.compiler.allow_in_graph`.
  torch._dynamo.utils.warn_once(explanation + "\n" + "\n".join(hints))
/usr/local/lib/python3.11/site-packages/torch/_dynamo/variables/functions.py:1598: UserWarning: Dynamo does not know how to trace the builtin `torch._C._distributed_c10d.pybind11_detail_function_record_v1_system_libstdcpp_gxx_abi_1xxx_use_cxx11_abi_1._broadcast_coalesced.` This function is either a Python builtin (e.g. _warnings.warn) or a third-party C/C++ Python extension (perhaps created with pybind).
If it is a Python builtin, please file an issue on GitHub so the PyTorch team can add support for it and see the next case for a workaround.
If it is a third-party C/C++ Python extension, please either wrap it into a PyTorch-understood custom operator (see https://pytorch.org/tutorials/advanced/custom_ops_landing_page.html for more details) or, if it is traceable, use `torch.compiler.allow_in_graph`.
  torch._dynamo.utils.warn_once(explanation + "\n" + "\n".join(hints))
/usr/local/lib/python3.11/site-packages/torch/_dynamo/variables/functions.py:1598: UserWarning: Dynamo does not know how to trace the builtin `torch._C._distributed_c10d.pybind11_detail_function_record_v1_system_libstdcpp_gxx_abi_1xxx_use_cxx11_abi_1._broadcast_coalesced.` This function is either a Python builtin (e.g. _warnings.warn) or a third-party C/C++ Python extension (perhaps created with pybind).
If it is a Python builtin, please file an issue on GitHub so the PyTorch team can add support for it and see the next case for a workaround.
If it is a third-party C/C++ Python extension, please either wrap it into a PyTorch-understood custom operator (see https://pytorch.org/tutorials/advanced/custom_ops_landing_page.html for more details) or, if it is traceable, use `torch.compiler.allow_in_graph`.
  torch._dynamo.utils.warn_once(explanation + "\n" + "\n".join(hints))
I0404 19:47:05.509228 140288608015552 spec.py:346] Evaluating on the validation split.
I0404 19:49:50.264461 140288608015552 spec.py:363] Evaluating on the test split.
I0404 19:49:50.265089 140288608015552 submission_runner.py:516] Time since start: 281.81s, 	Step: 1, 	{'train/loss': 11.0349365234375, 'train/ppl': 62002.905351507805, 'validation/loss': 11.035397268622123, 'validation/ppl': 62031.47947377031, 'validation/num_examples': 100000, 'test/loss': 0.0, 'test/ppl': 1.0, 'test/num_examples': 0, 'score': 59.32191562652588, 'total_duration': 281.8109939098358, 'accumulated_submission_time': 59.32191562652588, 'accumulated_eval_time': 221.8921980857849, 'accumulated_logging_time': 0}
I0404 19:49:50.319060 140260296939264 logging_writer.py:48] [1] accumulated_eval_time=221.892, accumulated_logging_time=0, accumulated_submission_time=59.3219, global_step=1, preemption_count=0, score=59.3219, test/loss=0, test/num_examples=0, test/ppl=1, total_duration=281.811, train/loss=11.0349, train/ppl=62002.9, validation/loss=11.0354, validation/num_examples=100000, validation/ppl=62031.5
I0404 19:49:51.954476 140260288546560 logging_writer.py:48] [1] global_step=1, grad_norm=11.3666, loss=11.0327
I0404 19:49:51.957412 140288608015552 submission.py:218] 1) loss = 11.033, grad_norm = 11.367
I0404 19:49:52.372041 140260296939264 logging_writer.py:48] [2] global_step=2, grad_norm=12.2972, loss=11.0284
I0404 19:49:52.374994 140288608015552 submission.py:218] 2) loss = 11.028, grad_norm = 12.297
I0404 19:49:52.779816 140260288546560 logging_writer.py:48] [3] global_step=3, grad_norm=11.3535, loss=11.0029
I0404 19:49:52.782537 140288608015552 submission.py:218] 3) loss = 11.003, grad_norm = 11.353
I0404 19:49:53.186263 140260296939264 logging_writer.py:48] [4] global_step=4, grad_norm=11.4948, loss=10.9848
I0404 19:49:53.189064 140288608015552 submission.py:218] 4) loss = 10.985, grad_norm = 11.495
I0404 19:49:53.594358 140260288546560 logging_writer.py:48] [5] global_step=5, grad_norm=12.0302, loss=10.9452
I0404 19:49:53.597213 140288608015552 submission.py:218] 5) loss = 10.945, grad_norm = 12.030
I0404 19:49:54.001728 140260296939264 logging_writer.py:48] [6] global_step=6, grad_norm=11.5584, loss=10.9163
I0404 19:49:54.004521 140288608015552 submission.py:218] 6) loss = 10.916, grad_norm = 11.558
I0404 19:49:54.410869 140260288546560 logging_writer.py:48] [7] global_step=7, grad_norm=12.4864, loss=10.8411
I0404 19:49:54.413637 140288608015552 submission.py:218] 7) loss = 10.841, grad_norm = 12.486
I0404 19:49:54.819562 140260296939264 logging_writer.py:48] [8] global_step=8, grad_norm=11.5661, loss=10.801
I0404 19:49:54.822319 140288608015552 submission.py:218] 8) loss = 10.801, grad_norm = 11.566
I0404 19:49:55.227289 140260288546560 logging_writer.py:48] [9] global_step=9, grad_norm=10.8868, loss=10.7478
I0404 19:49:55.230002 140288608015552 submission.py:218] 9) loss = 10.748, grad_norm = 10.887
I0404 19:49:55.635010 140260296939264 logging_writer.py:48] [10] global_step=10, grad_norm=11.2704, loss=10.6537
I0404 19:49:55.637824 140288608015552 submission.py:218] 10) loss = 10.654, grad_norm = 11.270
I0404 19:49:56.041833 140260288546560 logging_writer.py:48] [11] global_step=11, grad_norm=10.9285, loss=10.5758
I0404 19:49:56.044605 140288608015552 submission.py:218] 11) loss = 10.576, grad_norm = 10.929
I0404 19:49:56.450493 140260296939264 logging_writer.py:48] [12] global_step=12, grad_norm=10.6747, loss=10.4848
I0404 19:49:56.453323 140288608015552 submission.py:218] 12) loss = 10.485, grad_norm = 10.675
I0404 19:49:56.858500 140260288546560 logging_writer.py:48] [13] global_step=13, grad_norm=10.2108, loss=10.4122
I0404 19:49:56.861284 140288608015552 submission.py:218] 13) loss = 10.412, grad_norm = 10.211
I0404 19:49:57.265687 140260296939264 logging_writer.py:48] [14] global_step=14, grad_norm=9.50728, loss=10.3583
I0404 19:49:57.268506 140288608015552 submission.py:218] 14) loss = 10.358, grad_norm = 9.507
I0404 19:49:57.674037 140260288546560 logging_writer.py:48] [15] global_step=15, grad_norm=9.01376, loss=10.2455
I0404 19:49:57.676997 140288608015552 submission.py:218] 15) loss = 10.245, grad_norm = 9.014
I0404 19:49:58.081808 140260296939264 logging_writer.py:48] [16] global_step=16, grad_norm=8.45816, loss=10.1562
I0404 19:49:58.084713 140288608015552 submission.py:218] 16) loss = 10.156, grad_norm = 8.458
I0404 19:49:58.489151 140260288546560 logging_writer.py:48] [17] global_step=17, grad_norm=7.72338, loss=10.0783
I0404 19:49:58.492098 140288608015552 submission.py:218] 17) loss = 10.078, grad_norm = 7.723
I0404 19:49:58.897422 140260296939264 logging_writer.py:48] [18] global_step=18, grad_norm=7.09377, loss=9.9801
I0404 19:49:58.900352 140288608015552 submission.py:218] 18) loss = 9.980, grad_norm = 7.094
I0404 19:49:59.306718 140260288546560 logging_writer.py:48] [19] global_step=19, grad_norm=6.43774, loss=9.91285
I0404 19:49:59.309469 140288608015552 submission.py:218] 19) loss = 9.913, grad_norm = 6.438
I0404 19:49:59.715778 140260296939264 logging_writer.py:48] [20] global_step=20, grad_norm=6.00742, loss=9.80827
I0404 19:49:59.718627 140288608015552 submission.py:218] 20) loss = 9.808, grad_norm = 6.007
I0404 19:50:00.124038 140260288546560 logging_writer.py:48] [21] global_step=21, grad_norm=5.51202, loss=9.7616
I0404 19:50:00.126798 140288608015552 submission.py:218] 21) loss = 9.762, grad_norm = 5.512
I0404 19:50:00.531270 140260296939264 logging_writer.py:48] [22] global_step=22, grad_norm=4.86165, loss=9.74642
I0404 19:50:00.534149 140288608015552 submission.py:218] 22) loss = 9.746, grad_norm = 4.862
I0404 19:50:00.939333 140260288546560 logging_writer.py:48] [23] global_step=23, grad_norm=4.62995, loss=9.68605
I0404 19:50:00.942182 140288608015552 submission.py:218] 23) loss = 9.686, grad_norm = 4.630
I0404 19:50:01.346760 140260296939264 logging_writer.py:48] [24] global_step=24, grad_norm=4.23971, loss=9.66724
I0404 19:50:01.349500 140288608015552 submission.py:218] 24) loss = 9.667, grad_norm = 4.240
I0404 19:50:01.756390 140260288546560 logging_writer.py:48] [25] global_step=25, grad_norm=3.97552, loss=9.60587
I0404 19:50:01.759295 140288608015552 submission.py:218] 25) loss = 9.606, grad_norm = 3.976
I0404 19:50:02.165354 140260296939264 logging_writer.py:48] [26] global_step=26, grad_norm=3.78656, loss=9.60035
I0404 19:50:02.168102 140288608015552 submission.py:218] 26) loss = 9.600, grad_norm = 3.787
I0404 19:50:02.572981 140260288546560 logging_writer.py:48] [27] global_step=27, grad_norm=3.58507, loss=9.52984
I0404 19:50:02.575809 140288608015552 submission.py:218] 27) loss = 9.530, grad_norm = 3.585
I0404 19:50:02.979558 140260296939264 logging_writer.py:48] [28] global_step=28, grad_norm=3.31158, loss=9.55111
I0404 19:50:02.982350 140288608015552 submission.py:218] 28) loss = 9.551, grad_norm = 3.312
I0404 19:50:03.386213 140260288546560 logging_writer.py:48] [29] global_step=29, grad_norm=3.27565, loss=9.50247
I0404 19:50:03.388987 140288608015552 submission.py:218] 29) loss = 9.502, grad_norm = 3.276
I0404 19:50:03.793527 140260296939264 logging_writer.py:48] [30] global_step=30, grad_norm=3.08683, loss=9.51384
I0404 19:50:03.796535 140288608015552 submission.py:218] 30) loss = 9.514, grad_norm = 3.087
I0404 19:50:04.202368 140260288546560 logging_writer.py:48] [31] global_step=31, grad_norm=2.90544, loss=9.50129
I0404 19:50:04.205210 140288608015552 submission.py:218] 31) loss = 9.501, grad_norm = 2.905
I0404 19:50:04.610799 140260296939264 logging_writer.py:48] [32] global_step=32, grad_norm=2.96959, loss=9.42906
I0404 19:50:04.613531 140288608015552 submission.py:218] 32) loss = 9.429, grad_norm = 2.970
I0404 19:50:05.018184 140260288546560 logging_writer.py:48] [33] global_step=33, grad_norm=2.77171, loss=9.43415
I0404 19:50:05.021054 140288608015552 submission.py:218] 33) loss = 9.434, grad_norm = 2.772
I0404 19:50:05.425800 140260296939264 logging_writer.py:48] [34] global_step=34, grad_norm=2.70889, loss=9.42314
I0404 19:50:05.428791 140288608015552 submission.py:218] 34) loss = 9.423, grad_norm = 2.709
I0404 19:50:05.832533 140260288546560 logging_writer.py:48] [35] global_step=35, grad_norm=2.67602, loss=9.39339
I0404 19:50:05.835350 140288608015552 submission.py:218] 35) loss = 9.393, grad_norm = 2.676
I0404 19:50:06.239565 140260296939264 logging_writer.py:48] [36] global_step=36, grad_norm=2.6231, loss=9.35955
I0404 19:50:06.242459 140288608015552 submission.py:218] 36) loss = 9.360, grad_norm = 2.623
I0404 19:50:06.648749 140260288546560 logging_writer.py:48] [37] global_step=37, grad_norm=2.53156, loss=9.35775
I0404 19:50:06.651551 140288608015552 submission.py:218] 37) loss = 9.358, grad_norm = 2.532
I0404 19:50:07.057142 140260296939264 logging_writer.py:48] [38] global_step=38, grad_norm=2.40872, loss=9.39278
I0404 19:50:07.059972 140288608015552 submission.py:218] 38) loss = 9.393, grad_norm = 2.409
I0404 19:50:07.464967 140260288546560 logging_writer.py:48] [39] global_step=39, grad_norm=2.46285, loss=9.33513
I0404 19:50:07.467768 140288608015552 submission.py:218] 39) loss = 9.335, grad_norm = 2.463
I0404 19:50:07.871922 140260296939264 logging_writer.py:48] [40] global_step=40, grad_norm=2.40252, loss=9.32926
I0404 19:50:07.874725 140288608015552 submission.py:218] 40) loss = 9.329, grad_norm = 2.403
I0404 19:50:08.278746 140260288546560 logging_writer.py:48] [41] global_step=41, grad_norm=2.38612, loss=9.31266
I0404 19:50:08.281450 140288608015552 submission.py:218] 41) loss = 9.313, grad_norm = 2.386
I0404 19:50:08.686266 140260296939264 logging_writer.py:48] [42] global_step=42, grad_norm=2.4075, loss=9.27779
I0404 19:50:08.689037 140288608015552 submission.py:218] 42) loss = 9.278, grad_norm = 2.408
I0404 19:50:09.094374 140260288546560 logging_writer.py:48] [43] global_step=43, grad_norm=2.32385, loss=9.30318
I0404 19:50:09.097197 140288608015552 submission.py:218] 43) loss = 9.303, grad_norm = 2.324
I0404 19:50:09.502434 140260296939264 logging_writer.py:48] [44] global_step=44, grad_norm=2.26538, loss=9.31136
I0404 19:50:09.505174 140288608015552 submission.py:218] 44) loss = 9.311, grad_norm = 2.265
I0404 19:50:09.910169 140260288546560 logging_writer.py:48] [45] global_step=45, grad_norm=2.21832, loss=9.30076
I0404 19:50:09.913027 140288608015552 submission.py:218] 45) loss = 9.301, grad_norm = 2.218
I0404 19:50:10.318434 140260296939264 logging_writer.py:48] [46] global_step=46, grad_norm=2.2169, loss=9.28077
I0404 19:50:10.321186 140288608015552 submission.py:218] 46) loss = 9.281, grad_norm = 2.217
I0404 19:50:10.725662 140260288546560 logging_writer.py:48] [47] global_step=47, grad_norm=2.18489, loss=9.28754
I0404 19:50:10.728612 140288608015552 submission.py:218] 47) loss = 9.288, grad_norm = 2.185
I0404 19:50:11.132873 140260296939264 logging_writer.py:48] [48] global_step=48, grad_norm=2.19632, loss=9.2573
I0404 19:50:11.135696 140288608015552 submission.py:218] 48) loss = 9.257, grad_norm = 2.196
I0404 19:50:11.540419 140260288546560 logging_writer.py:48] [49] global_step=49, grad_norm=2.145, loss=9.27468
I0404 19:50:11.543230 140288608015552 submission.py:218] 49) loss = 9.275, grad_norm = 2.145
I0404 19:50:11.949490 140260296939264 logging_writer.py:48] [50] global_step=50, grad_norm=2.17908, loss=9.24422
I0404 19:50:11.952296 140288608015552 submission.py:218] 50) loss = 9.244, grad_norm = 2.179
I0404 19:50:12.357478 140260288546560 logging_writer.py:48] [51] global_step=51, grad_norm=2.08128, loss=9.25171
I0404 19:50:12.360205 140288608015552 submission.py:218] 51) loss = 9.252, grad_norm = 2.081
I0404 19:50:12.765163 140260296939264 logging_writer.py:48] [52] global_step=52, grad_norm=2.17763, loss=9.18197
I0404 19:50:12.767944 140288608015552 submission.py:218] 52) loss = 9.182, grad_norm = 2.178
I0404 19:50:13.172594 140260288546560 logging_writer.py:48] [53] global_step=53, grad_norm=2.01278, loss=9.25239
I0404 19:50:13.175376 140288608015552 submission.py:218] 53) loss = 9.252, grad_norm = 2.013
I0404 19:50:13.580494 140260296939264 logging_writer.py:48] [54] global_step=54, grad_norm=2.01986, loss=9.22196
I0404 19:50:13.583451 140288608015552 submission.py:218] 54) loss = 9.222, grad_norm = 2.020
I0404 19:50:13.989755 140260288546560 logging_writer.py:48] [55] global_step=55, grad_norm=2.07989, loss=9.17835
I0404 19:50:13.992669 140288608015552 submission.py:218] 55) loss = 9.178, grad_norm = 2.080
I0404 19:50:14.397170 140260296939264 logging_writer.py:48] [56] global_step=56, grad_norm=2.00424, loss=9.19773
I0404 19:50:14.399963 140288608015552 submission.py:218] 56) loss = 9.198, grad_norm = 2.004
I0404 19:50:14.804047 140260288546560 logging_writer.py:48] [57] global_step=57, grad_norm=1.96587, loss=9.18332
I0404 19:50:14.806822 140288608015552 submission.py:218] 57) loss = 9.183, grad_norm = 1.966
I0404 19:50:15.211455 140260296939264 logging_writer.py:48] [58] global_step=58, grad_norm=2.00346, loss=9.16152
I0404 19:50:15.214255 140288608015552 submission.py:218] 58) loss = 9.162, grad_norm = 2.003
I0404 19:50:15.619103 140260288546560 logging_writer.py:48] [59] global_step=59, grad_norm=1.95203, loss=9.15127
I0404 19:50:15.621856 140288608015552 submission.py:218] 59) loss = 9.151, grad_norm = 1.952
I0404 19:50:16.027984 140260296939264 logging_writer.py:48] [60] global_step=60, grad_norm=1.94516, loss=9.16014
I0404 19:50:16.031253 140288608015552 submission.py:218] 60) loss = 9.160, grad_norm = 1.945
I0404 19:50:16.435476 140260288546560 logging_writer.py:48] [61] global_step=61, grad_norm=1.8789, loss=9.1378
I0404 19:50:16.438206 140288608015552 submission.py:218] 61) loss = 9.138, grad_norm = 1.879
I0404 19:50:16.843290 140260296939264 logging_writer.py:48] [62] global_step=62, grad_norm=1.90823, loss=9.10906
I0404 19:50:16.846035 140288608015552 submission.py:218] 62) loss = 9.109, grad_norm = 1.908
I0404 19:50:17.249801 140260288546560 logging_writer.py:48] [63] global_step=63, grad_norm=1.90997, loss=9.1013
I0404 19:50:17.252580 140288608015552 submission.py:218] 63) loss = 9.101, grad_norm = 1.910
I0404 19:50:17.657334 140260296939264 logging_writer.py:48] [64] global_step=64, grad_norm=1.90174, loss=9.12012
I0404 19:50:17.660115 140288608015552 submission.py:218] 64) loss = 9.120, grad_norm = 1.902
I0404 19:50:18.064868 140260288546560 logging_writer.py:48] [65] global_step=65, grad_norm=1.8651, loss=9.08172
I0404 19:50:18.067681 140288608015552 submission.py:218] 65) loss = 9.082, grad_norm = 1.865
I0404 19:50:18.473054 140260296939264 logging_writer.py:48] [66] global_step=66, grad_norm=1.91531, loss=9.09725
I0404 19:50:18.475969 140288608015552 submission.py:218] 66) loss = 9.097, grad_norm = 1.915
I0404 19:50:18.881685 140260288546560 logging_writer.py:48] [67] global_step=67, grad_norm=1.86151, loss=9.0383
I0404 19:50:18.884423 140288608015552 submission.py:218] 67) loss = 9.038, grad_norm = 1.862
I0404 19:50:19.289803 140260296939264 logging_writer.py:48] [68] global_step=68, grad_norm=1.84053, loss=9.03806
I0404 19:50:19.292663 140288608015552 submission.py:218] 68) loss = 9.038, grad_norm = 1.841
I0404 19:50:19.697419 140260288546560 logging_writer.py:48] [69] global_step=69, grad_norm=1.96214, loss=9.01775
I0404 19:50:19.700366 140288608015552 submission.py:218] 69) loss = 9.018, grad_norm = 1.962
I0404 19:50:20.104988 140260296939264 logging_writer.py:48] [70] global_step=70, grad_norm=1.68698, loss=9.06348
I0404 19:50:20.107865 140288608015552 submission.py:218] 70) loss = 9.063, grad_norm = 1.687
I0404 19:50:20.513097 140260288546560 logging_writer.py:48] [71] global_step=71, grad_norm=2.08255, loss=8.99204
I0404 19:50:20.515916 140288608015552 submission.py:218] 71) loss = 8.992, grad_norm = 2.083
I0404 19:50:20.921790 140260296939264 logging_writer.py:48] [72] global_step=72, grad_norm=1.6703, loss=9.03403
I0404 19:50:20.924549 140288608015552 submission.py:218] 72) loss = 9.034, grad_norm = 1.670
I0404 19:50:21.329907 140260288546560 logging_writer.py:48] [73] global_step=73, grad_norm=1.68068, loss=9.00783
I0404 19:50:21.332696 140288608015552 submission.py:218] 73) loss = 9.008, grad_norm = 1.681
I0404 19:50:21.737674 140260296939264 logging_writer.py:48] [74] global_step=74, grad_norm=2.91008, loss=8.98145
I0404 19:50:21.740454 140288608015552 submission.py:218] 74) loss = 8.981, grad_norm = 2.910
I0404 19:50:22.145216 140260288546560 logging_writer.py:48] [75] global_step=75, grad_norm=1.62195, loss=9.02204
I0404 19:50:22.147978 140288608015552 submission.py:218] 75) loss = 9.022, grad_norm = 1.622
I0404 19:50:22.552840 140260296939264 logging_writer.py:48] [76] global_step=76, grad_norm=1.8201, loss=8.95567
I0404 19:50:22.555593 140288608015552 submission.py:218] 76) loss = 8.956, grad_norm = 1.820
I0404 19:50:22.961010 140260288546560 logging_writer.py:48] [77] global_step=77, grad_norm=1.79547, loss=8.95634
I0404 19:50:22.963881 140288608015552 submission.py:218] 77) loss = 8.956, grad_norm = 1.795
I0404 19:50:23.369502 140260296939264 logging_writer.py:48] [78] global_step=78, grad_norm=2.30454, loss=8.92188
I0404 19:50:23.372354 140288608015552 submission.py:218] 78) loss = 8.922, grad_norm = 2.305
I0404 19:50:23.778272 140260288546560 logging_writer.py:48] [79] global_step=79, grad_norm=1.81708, loss=8.93718
I0404 19:50:23.781153 140288608015552 submission.py:218] 79) loss = 8.937, grad_norm = 1.817
I0404 19:50:24.186491 140260296939264 logging_writer.py:48] [80] global_step=80, grad_norm=4.5654, loss=8.90999
I0404 19:50:24.189274 140288608015552 submission.py:218] 80) loss = 8.910, grad_norm = 4.565
I0404 19:50:24.593349 140260288546560 logging_writer.py:48] [81] global_step=81, grad_norm=1.72507, loss=8.90372
I0404 19:50:24.596172 140288608015552 submission.py:218] 81) loss = 8.904, grad_norm = 1.725
I0404 19:50:25.001616 140260296939264 logging_writer.py:48] [82] global_step=82, grad_norm=1.68165, loss=8.90224
I0404 19:50:25.004356 140288608015552 submission.py:218] 82) loss = 8.902, grad_norm = 1.682
I0404 19:50:25.410830 140260288546560 logging_writer.py:48] [83] global_step=83, grad_norm=1.79418, loss=8.88741
I0404 19:50:25.413601 140288608015552 submission.py:218] 83) loss = 8.887, grad_norm = 1.794
I0404 19:50:25.818070 140260296939264 logging_writer.py:48] [84] global_step=84, grad_norm=1.69236, loss=8.79645
I0404 19:50:25.820865 140288608015552 submission.py:218] 84) loss = 8.796, grad_norm = 1.692
I0404 19:50:26.226332 140260288546560 logging_writer.py:48] [85] global_step=85, grad_norm=1.73761, loss=8.80538
I0404 19:50:26.229089 140288608015552 submission.py:218] 85) loss = 8.805, grad_norm = 1.738
I0404 19:50:26.634711 140260296939264 logging_writer.py:48] [86] global_step=86, grad_norm=1.58603, loss=8.77702
I0404 19:50:26.637616 140288608015552 submission.py:218] 86) loss = 8.777, grad_norm = 1.586
I0404 19:50:27.041531 140260288546560 logging_writer.py:48] [87] global_step=87, grad_norm=1.54678, loss=8.81157
I0404 19:50:27.044292 140288608015552 submission.py:218] 87) loss = 8.812, grad_norm = 1.547
I0404 19:50:27.448616 140260296939264 logging_writer.py:48] [88] global_step=88, grad_norm=1.54075, loss=8.76686
I0404 19:50:27.451536 140288608015552 submission.py:218] 88) loss = 8.767, grad_norm = 1.541
I0404 19:50:27.857294 140260288546560 logging_writer.py:48] [89] global_step=89, grad_norm=1.57014, loss=8.74754
I0404 19:50:27.860053 140288608015552 submission.py:218] 89) loss = 8.748, grad_norm = 1.570
I0404 19:50:28.266978 140260296939264 logging_writer.py:48] [90] global_step=90, grad_norm=1.56135, loss=8.7208
I0404 19:50:28.269755 140288608015552 submission.py:218] 90) loss = 8.721, grad_norm = 1.561
I0404 19:50:28.675292 140260288546560 logging_writer.py:48] [91] global_step=91, grad_norm=1.59455, loss=8.73429
I0404 19:50:28.678022 140288608015552 submission.py:218] 91) loss = 8.734, grad_norm = 1.595
I0404 19:50:29.083746 140260296939264 logging_writer.py:48] [92] global_step=92, grad_norm=1.78297, loss=8.76255
I0404 19:50:29.086518 140288608015552 submission.py:218] 92) loss = 8.763, grad_norm = 1.783
I0404 19:50:29.491186 140260288546560 logging_writer.py:48] [93] global_step=93, grad_norm=1.60625, loss=8.69823
I0404 19:50:29.493971 140288608015552 submission.py:218] 93) loss = 8.698, grad_norm = 1.606
I0404 19:50:29.898653 140260296939264 logging_writer.py:48] [94] global_step=94, grad_norm=1.51851, loss=8.6488
I0404 19:50:29.901671 140288608015552 submission.py:218] 94) loss = 8.649, grad_norm = 1.519
I0404 19:50:30.307175 140260288546560 logging_writer.py:48] [95] global_step=95, grad_norm=1.70721, loss=8.66246
I0404 19:50:30.310039 140288608015552 submission.py:218] 95) loss = 8.662, grad_norm = 1.707
I0404 19:50:30.715510 140260296939264 logging_writer.py:48] [96] global_step=96, grad_norm=1.51517, loss=8.63322
I0404 19:50:30.718285 140288608015552 submission.py:218] 96) loss = 8.633, grad_norm = 1.515
I0404 19:50:31.124083 140260288546560 logging_writer.py:48] [97] global_step=97, grad_norm=1.53371, loss=8.66198
I0404 19:50:31.126877 140288608015552 submission.py:218] 97) loss = 8.662, grad_norm = 1.534
I0404 19:50:31.532449 140260296939264 logging_writer.py:48] [98] global_step=98, grad_norm=1.47326, loss=8.57983
I0404 19:50:31.535330 140288608015552 submission.py:218] 98) loss = 8.580, grad_norm = 1.473
I0404 19:50:31.941537 140260288546560 logging_writer.py:48] [99] global_step=99, grad_norm=4.35114, loss=8.61595
I0404 19:50:31.944287 140288608015552 submission.py:218] 99) loss = 8.616, grad_norm = 4.351
I0404 19:50:32.350252 140260296939264 logging_writer.py:48] [100] global_step=100, grad_norm=1.40644, loss=8.59801
I0404 19:50:32.353041 140288608015552 submission.py:218] 100) loss = 8.598, grad_norm = 1.406
I0404 19:53:07.949909 140260288546560 logging_writer.py:48] [500] global_step=500, grad_norm=0.456211, loss=5.97768
I0404 19:53:07.953008 140288608015552 submission.py:218] 500) loss = 5.978, grad_norm = 0.456
I0404 19:56:22.766032 140260296939264 logging_writer.py:48] [1000] global_step=1000, grad_norm=0.296035, loss=4.85825
I0404 19:56:22.769165 140288608015552 submission.py:218] 1000) loss = 4.858, grad_norm = 0.296
I0404 19:59:37.581880 140260288546560 logging_writer.py:48] [1500] global_step=1500, grad_norm=0.192706, loss=4.3473
I0404 19:59:37.584952 140288608015552 submission.py:218] 1500) loss = 4.347, grad_norm = 0.193
I0404 20:02:52.374647 140260296939264 logging_writer.py:48] [2000] global_step=2000, grad_norm=0.146374, loss=4.05375
I0404 20:02:52.377674 140288608015552 submission.py:218] 2000) loss = 4.054, grad_norm = 0.146
I0404 20:06:07.127011 140260288546560 logging_writer.py:48] [2500] global_step=2500, grad_norm=0.114183, loss=3.77154
I0404 20:06:07.130108 140288608015552 submission.py:218] 2500) loss = 3.772, grad_norm = 0.114
I0404 20:09:21.852035 140260296939264 logging_writer.py:48] [3000] global_step=3000, grad_norm=0.104217, loss=3.81164
I0404 20:09:21.854951 140288608015552 submission.py:218] 3000) loss = 3.812, grad_norm = 0.104
I0404 20:12:36.549869 140260288546560 logging_writer.py:48] [3500] global_step=3500, grad_norm=0.100435, loss=3.70653
I0404 20:12:36.552915 140288608015552 submission.py:218] 3500) loss = 3.707, grad_norm = 0.100
I0404 20:15:51.280624 140260296939264 logging_writer.py:48] [4000] global_step=4000, grad_norm=0.102298, loss=3.66828
I0404 20:15:51.283574 140288608015552 submission.py:218] 4000) loss = 3.668, grad_norm = 0.102
I0404 20:19:06.018376 140260288546560 logging_writer.py:48] [4500] global_step=4500, grad_norm=0.097058, loss=3.58754
I0404 20:19:06.021237 140288608015552 submission.py:218] 4500) loss = 3.588, grad_norm = 0.097
I0404 20:22:20.743903 140260296939264 logging_writer.py:48] [5000] global_step=5000, grad_norm=0.0970997, loss=3.50631
I0404 20:22:20.746803 140288608015552 submission.py:218] 5000) loss = 3.506, grad_norm = 0.097
I0404 20:25:35.466613 140260288546560 logging_writer.py:48] [5500] global_step=5500, grad_norm=0.0932462, loss=3.56101
I0404 20:25:35.469415 140288608015552 submission.py:218] 5500) loss = 3.561, grad_norm = 0.093
I0404 20:28:50.181954 140260296939264 logging_writer.py:48] [6000] global_step=6000, grad_norm=0.0900025, loss=3.50037
I0404 20:28:50.184944 140288608015552 submission.py:218] 6000) loss = 3.500, grad_norm = 0.090
I0404 20:32:04.930601 140260288546560 logging_writer.py:48] [6500] global_step=6500, grad_norm=0.0885213, loss=3.46637
I0404 20:32:04.933461 140288608015552 submission.py:218] 6500) loss = 3.466, grad_norm = 0.089
I0404 20:32:42.097738 140288608015552 spec.py:333] Evaluating on the training split.
I0404 20:32:59.162835 140288608015552 spec.py:346] Evaluating on the validation split.
I0404 20:35:44.135540 140288608015552 spec.py:363] Evaluating on the test split.
I0404 20:35:44.136127 140288608015552 submission_runner.py:516] Time since start: 3035.68s, 	Step: 6595, 	{'train/loss': 3.5107521057128905, 'train/ppl': 33.47343387982745, 'validation/loss': 3.5049930192015664, 'validation/ppl': 33.28121152216357, 'validation/num_examples': 100000, 'test/loss': 0.0, 'test/ppl': 1.0, 'test/num_examples': 0, 'score': 2627.6868963241577, 'total_duration': 3035.682060480118, 'accumulated_submission_time': 2627.6868963241577, 'accumulated_eval_time': 403.9305377006531, 'accumulated_logging_time': 0.06228923797607422}
I0404 20:35:44.176157 140260296939264 logging_writer.py:48] [6595] accumulated_eval_time=403.931, accumulated_logging_time=0.0622892, accumulated_submission_time=2627.69, global_step=6595, preemption_count=0, score=2627.69, test/loss=0, test/num_examples=0, test/ppl=1, total_duration=3035.68, train/loss=3.51075, train/ppl=33.4734, validation/loss=3.50499, validation/num_examples=100000, validation/ppl=33.2812
I0404 20:38:22.907147 140260288546560 logging_writer.py:48] [7000] global_step=7000, grad_norm=0.091448, loss=3.47068
I0404 20:38:22.910197 140288608015552 submission.py:218] 7000) loss = 3.471, grad_norm = 0.091
I0404 20:41:37.621783 140260296939264 logging_writer.py:48] [7500] global_step=7500, grad_norm=0.0903391, loss=3.57429
I0404 20:41:37.624542 140288608015552 submission.py:218] 7500) loss = 3.574, grad_norm = 0.090
I0404 20:44:52.349955 140260288546560 logging_writer.py:48] [8000] global_step=8000, grad_norm=0.0884095, loss=3.43656
I0404 20:44:52.352995 140288608015552 submission.py:218] 8000) loss = 3.437, grad_norm = 0.088
I0404 20:48:07.075002 140260296939264 logging_writer.py:48] [8500] global_step=8500, grad_norm=0.093095, loss=3.4959
I0404 20:48:07.078109 140288608015552 submission.py:218] 8500) loss = 3.496, grad_norm = 0.093
I0404 20:51:21.817578 140260288546560 logging_writer.py:48] [9000] global_step=9000, grad_norm=0.0920602, loss=3.50411
I0404 20:51:21.820414 140288608015552 submission.py:218] 9000) loss = 3.504, grad_norm = 0.092
I0404 20:54:36.502012 140260296939264 logging_writer.py:48] [9500] global_step=9500, grad_norm=0.0917081, loss=3.43782
I0404 20:54:36.505001 140288608015552 submission.py:218] 9500) loss = 3.438, grad_norm = 0.092
I0404 20:57:51.199831 140260288546560 logging_writer.py:48] [10000] global_step=10000, grad_norm=0.0902214, loss=3.41144
I0404 20:57:51.202633 140288608015552 submission.py:218] 10000) loss = 3.411, grad_norm = 0.090
