python submission_runner.py --framework=jax --workload=imagenet_resnet --submission_path=prize_qualification_baselines/external_tuning/jax_nadamw_full_budget.py --data_dir=/data/imagenet/jax --num_tuning_trials=1 --experiment_dir=/experiment_runs --experiment_name=submissions/rolling_leaderboard/external_tuning/baseline/study_0 --overwrite=True --save_checkpoints=False --rng_seed=-2046206386 --imagenet_v2_data_dir=/data/imagenet/jax --tuning_ruleset=external --tuning_search_space=prize_qualification_baselines/external_tuning/tuning_search_space.json --num_tuning_trials=5 --hparam_start_index=4 --hparam_end_index=5 2>&1 | tee -a /logs/imagenet_resnet_jax_03-07-2025-02-08-29.log
2025-03-07 02:08:47.118773: E external/local_xla/xla/stream_executor/cuda/cuda_fft.cc:477] Unable to register cuFFT factory: Attempting to register factory for plugin cuFFT when one has already been registered
WARNING: All log messages before absl::InitializeLog() is called are written to STDERR
E0000 00:00:1741313327.507208       9 cuda_dnn.cc:8310] Unable to register cuDNN factory: Attempting to register factory for plugin cuDNN when one has already been registered
E0000 00:00:1741313327.681546       9 cuda_blas.cc:1418] Unable to register cuBLAS factory: Attempting to register factory for plugin cuBLAS when one has already been registered
ERROR:root:Unable to import wandb.
Traceback (most recent call last):
  File "/algorithmic-efficiency/algoperf/logger_utils.py", line 27, in <module>
    import wandb  # pylint: disable=g-import-not-at-top
    ^^^^^^^^^^^^
ModuleNotFoundError: No module named 'wandb'
I0307 02:09:33.538559 140452179379392 logger_utils.py:81] Creating experiment directory at /experiment_runs/submissions/rolling_leaderboard/external_tuning/baseline/study_0/imagenet_resnet_jax.
I0307 02:09:36.379652 140452179379392 xla_bridge.py:884] Unable to initialize backend 'rocm': NOT_FOUND: Could not find registered platform with name: "rocm". Available platform names are: CUDA
I0307 02:09:36.382739 140452179379392 xla_bridge.py:884] Unable to initialize backend 'tpu': INTERNAL: Failed to open libtpu.so: libtpu.so: cannot open shared object file: No such file or directory
I0307 02:09:36.415634 140452179379392 submission_runner.py:606] Using RNG seed -2046206386
I0307 02:09:41.953282 140452179379392 submission_runner.py:615] --- Tuning run 5/5 ---
I0307 02:09:41.953503 140452179379392 submission_runner.py:620] Creating tuning directory at /experiment_runs/submissions/rolling_leaderboard/external_tuning/baseline/study_0/imagenet_resnet_jax/trial_5.
I0307 02:09:41.953703 140452179379392 logger_utils.py:97] Saving hparams to /experiment_runs/submissions/rolling_leaderboard/external_tuning/baseline/study_0/imagenet_resnet_jax/trial_5/hparams.json.
I0307 02:09:42.193787 140452179379392 submission_runner.py:218] Initializing dataset.
I0307 02:09:43.607286 140452179379392 dataset_info.py:690] Load dataset info from /data/imagenet/jax/imagenet2012/5.1.0
I0307 02:09:43.925068 140452179379392 reader.py:261] Creating a tf.data.Dataset reading 1024 files located in folders: /data/imagenet/jax/imagenet2012/5.1.0.
I0307 02:09:44.291781 140452179379392 logging_logger.py:49] Constructing tf.data.Dataset imagenet2012 for split train, from /data/imagenet/jax/imagenet2012/5.1.0
I0307 02:09:46.001829 140452179379392 submission_runner.py:229] Initializing model.
I0307 02:10:09.685954 140452179379392 submission_runner.py:272] Initializing optimizer.
I0307 02:10:10.810949 140452179379392 submission_runner.py:279] Initializing metrics bundle.
I0307 02:10:10.811181 140452179379392 submission_runner.py:301] Initializing checkpoint and logger.
I0307 02:10:10.812301 140452179379392 checkpoints.py:1101] Found no checkpoint files in /experiment_runs/submissions/rolling_leaderboard/external_tuning/baseline/study_0/imagenet_resnet_jax/trial_5 with prefix checkpoint_
I0307 02:10:10.812408 140452179379392 submission_runner.py:321] Saving meta data to /experiment_runs/submissions/rolling_leaderboard/external_tuning/baseline/study_0/imagenet_resnet_jax/trial_5/meta_data_0.json.
I0307 02:10:11.364624 140452179379392 submission_runner.py:325] Saving flags to /experiment_runs/submissions/rolling_leaderboard/external_tuning/baseline/study_0/imagenet_resnet_jax/trial_5/flags_0.json.
I0307 02:10:11.713881 140452179379392 submission_runner.py:337] Starting training loop.
I0307 02:11:09.773048 140315798750976 logging_writer.py:48] [0] global_step=0, grad_norm=0.6854109168052673, loss=6.933595180511475
I0307 02:11:10.049550 140452179379392 spec.py:321] Evaluating on the training split.
I0307 02:11:10.519344 140452179379392 dataset_info.py:690] Load dataset info from /data/imagenet/jax/imagenet2012/5.1.0
I0307 02:11:10.543671 140452179379392 reader.py:261] Creating a tf.data.Dataset reading 1024 files located in folders: /data/imagenet/jax/imagenet2012/5.1.0.
I0307 02:11:10.588173 140452179379392 logging_logger.py:49] Constructing tf.data.Dataset imagenet2012 for split train, from /data/imagenet/jax/imagenet2012/5.1.0
I0307 02:11:30.005751 140452179379392 spec.py:333] Evaluating on the validation split.
I0307 02:11:30.584512 140452179379392 dataset_info.py:690] Load dataset info from /data/imagenet/jax/imagenet2012/5.1.0
I0307 02:11:30.653550 140452179379392 reader.py:261] Creating a tf.data.Dataset reading 64 files located in folders: /data/imagenet/jax/imagenet2012/5.1.0.
I0307 02:11:30.879705 140452179379392 logging_logger.py:49] Constructing tf.data.Dataset imagenet2012 for split validation, from /data/imagenet/jax/imagenet2012/5.1.0
I0307 02:12:16.403868 140452179379392 spec.py:349] Evaluating on the test split.
I0307 02:12:16.909983 140452179379392 dataset_info.py:690] Load dataset info from /data/imagenet/jax/imagenet_v2/matched-frequency/3.0.0
I0307 02:12:16.961889 140452179379392 reader.py:261] Creating a tf.data.Dataset reading 16 files located in folders: /data/imagenet/jax/imagenet_v2/matched-frequency/3.0.0.
I0307 02:12:17.002262 140452179379392 logging_logger.py:49] Constructing tf.data.Dataset imagenet_v2 for split test, from /data/imagenet/jax/imagenet_v2/matched-frequency/3.0.0
I0307 02:13:29.974779 140452179379392 submission_runner.py:469] Time since start: 198.26s, 	Step: 1, 	{'train/accuracy': 0.001235650503076613, 'train/loss': 6.912410736083984, 'validation/accuracy': 0.0009999999310821295, 'validation/loss': 6.912078380584717, 'validation/num_examples': 50000, 'test/accuracy': 0.0010999999940395355, 'test/loss': 6.912538051605225, 'test/num_examples': 10000, 'score': 58.335450649261475, 'total_duration': 198.26079630851746, 'accumulated_submission_time': 58.335450649261475, 'accumulated_eval_time': 139.9251353740692, 'accumulated_logging_time': 0}
I0307 02:13:30.016304 140296817981184 logging_writer.py:48] [1] accumulated_eval_time=139.925, accumulated_logging_time=0, accumulated_submission_time=58.3355, global_step=1, preemption_count=0, score=58.3355, test/accuracy=0.0011, test/loss=6.91254, test/num_examples=10000, total_duration=198.261, train/accuracy=0.00123565, train/loss=6.91241, validation/accuracy=0.001, validation/loss=6.91208, validation/num_examples=50000
I0307 02:14:06.854700 140296809588480 logging_writer.py:48] [100] global_step=100, grad_norm=0.6618762016296387, loss=6.822850704193115
I0307 02:14:43.404173 140296817981184 logging_writer.py:48] [200] global_step=200, grad_norm=0.7929983735084534, loss=6.561201095581055
I0307 02:15:20.749877 140296809588480 logging_writer.py:48] [300] global_step=300, grad_norm=0.9680806994438171, loss=6.324309349060059
I0307 02:15:58.531709 140296817981184 logging_writer.py:48] [400] global_step=400, grad_norm=1.7239048480987549, loss=6.0405426025390625
I0307 02:16:36.660790 140296809588480 logging_writer.py:48] [500] global_step=500, grad_norm=2.6388697624206543, loss=5.810656547546387
I0307 02:17:14.531573 140296817981184 logging_writer.py:48] [600] global_step=600, grad_norm=2.207753896713257, loss=5.629804611206055
I0307 02:17:52.395102 140296809588480 logging_writer.py:48] [700] global_step=700, grad_norm=4.298214435577393, loss=5.465376853942871
I0307 02:18:30.284324 140296817981184 logging_writer.py:48] [800] global_step=800, grad_norm=2.8993442058563232, loss=5.405009746551514
I0307 02:19:08.554976 140296809588480 logging_writer.py:48] [900] global_step=900, grad_norm=3.7301747798919678, loss=5.263114929199219
I0307 02:19:46.991266 140296817981184 logging_writer.py:48] [1000] global_step=1000, grad_norm=4.959299087524414, loss=5.026666641235352
I0307 02:20:24.871632 140296809588480 logging_writer.py:48] [1100] global_step=1100, grad_norm=5.725847244262695, loss=4.845191478729248
I0307 02:21:02.636827 140296817981184 logging_writer.py:48] [1200] global_step=1200, grad_norm=3.688513994216919, loss=4.826401710510254
I0307 02:21:38.961277 140296809588480 logging_writer.py:48] [1300] global_step=1300, grad_norm=4.072371959686279, loss=4.920809745788574
I0307 02:22:00.054338 140452179379392 spec.py:321] Evaluating on the training split.
I0307 02:22:12.319098 140452179379392 spec.py:333] Evaluating on the validation split.
I0307 02:22:31.344577 140452179379392 spec.py:349] Evaluating on the test split.
I0307 02:22:33.350469 140452179379392 submission_runner.py:469] Time since start: 741.64s, 	Step: 1356, 	{'train/accuracy': 0.15836256742477417, 'train/loss': 4.316074848175049, 'validation/accuracy': 0.13161998987197876, 'validation/loss': 4.559778213500977, 'validation/num_examples': 50000, 'test/accuracy': 0.10210000723600388, 'test/loss': 4.961103916168213, 'test/num_examples': 10000, 'score': 568.1441419124603, 'total_duration': 741.6363072395325, 'accumulated_submission_time': 568.1441419124603, 'accumulated_eval_time': 173.22100186347961, 'accumulated_logging_time': 0.06844806671142578}
I0307 02:22:33.411623 140296826373888 logging_writer.py:48] [1356] accumulated_eval_time=173.221, accumulated_logging_time=0.0684481, accumulated_submission_time=568.144, global_step=1356, preemption_count=0, score=568.144, test/accuracy=0.1021, test/loss=4.9611, test/num_examples=10000, total_duration=741.636, train/accuracy=0.158363, train/loss=4.31607, validation/accuracy=0.13162, validation/loss=4.55978, validation/num_examples=50000
I0307 02:22:49.901933 140296834766592 logging_writer.py:48] [1400] global_step=1400, grad_norm=6.3178935050964355, loss=4.569613933563232
I0307 02:23:26.937938 140296826373888 logging_writer.py:48] [1500] global_step=1500, grad_norm=4.8094658851623535, loss=4.539663791656494
I0307 02:24:04.408181 140296834766592 logging_writer.py:48] [1600] global_step=1600, grad_norm=3.5739943981170654, loss=4.3822174072265625
I0307 02:24:42.231478 140296826373888 logging_writer.py:48] [1700] global_step=1700, grad_norm=5.989958763122559, loss=4.388649940490723
I0307 02:25:20.339385 140296834766592 logging_writer.py:48] [1800] global_step=1800, grad_norm=5.111408710479736, loss=4.296319007873535
I0307 02:25:58.219192 140296826373888 logging_writer.py:48] [1900] global_step=1900, grad_norm=4.6066107749938965, loss=4.198940753936768
I0307 02:26:35.855583 140296834766592 logging_writer.py:48] [2000] global_step=2000, grad_norm=4.113505840301514, loss=4.113855361938477
I0307 02:27:13.921728 140296826373888 logging_writer.py:48] [2100] global_step=2100, grad_norm=5.6996378898620605, loss=3.9502933025360107
I0307 02:27:51.704888 140296834766592 logging_writer.py:48] [2200] global_step=2200, grad_norm=9.237263679504395, loss=3.8741860389709473
I0307 02:28:30.119113 140296826373888 logging_writer.py:48] [2300] global_step=2300, grad_norm=4.17912483215332, loss=3.798567295074463
I0307 02:29:08.177424 140296834766592 logging_writer.py:48] [2400] global_step=2400, grad_norm=5.245246410369873, loss=3.8217949867248535
I0307 02:29:45.400928 140296826373888 logging_writer.py:48] [2500] global_step=2500, grad_norm=2.9565932750701904, loss=3.726609230041504
I0307 02:30:23.458296 140296834766592 logging_writer.py:48] [2600] global_step=2600, grad_norm=5.461706161499023, loss=3.7432374954223633
I0307 02:31:01.766771 140296826373888 logging_writer.py:48] [2700] global_step=2700, grad_norm=3.5847537517547607, loss=3.6081137657165527
I0307 02:31:03.693595 140452179379392 spec.py:321] Evaluating on the training split.
I0307 02:31:15.467822 140452179379392 spec.py:333] Evaluating on the validation split.
I0307 02:31:37.537606 140452179379392 spec.py:349] Evaluating on the test split.
I0307 02:31:39.358862 140452179379392 submission_runner.py:469] Time since start: 1287.64s, 	Step: 2706, 	{'train/accuracy': 0.3202327787876129, 'train/loss': 3.1716320514678955, 'validation/accuracy': 0.27947998046875, 'validation/loss': 3.450259208679199, 'validation/num_examples': 50000, 'test/accuracy': 0.21220001578330994, 'test/loss': 4.076381683349609, 'test/num_examples': 10000, 'score': 1078.233915567398, 'total_duration': 1287.6449422836304, 'accumulated_submission_time': 1078.233915567398, 'accumulated_eval_time': 208.88624215126038, 'accumulated_logging_time': 0.13827133178710938}
I0307 02:31:39.381483 140296834766592 logging_writer.py:48] [2706] accumulated_eval_time=208.886, accumulated_logging_time=0.138271, accumulated_submission_time=1078.23, global_step=2706, preemption_count=0, score=1078.23, test/accuracy=0.2122, test/loss=4.07638, test/num_examples=10000, total_duration=1287.64, train/accuracy=0.320233, train/loss=3.17163, validation/accuracy=0.27948, validation/loss=3.45026, validation/num_examples=50000
I0307 02:32:15.318939 140296826373888 logging_writer.py:48] [2800] global_step=2800, grad_norm=4.288297176361084, loss=3.596238613128662
I0307 02:32:54.016808 140296834766592 logging_writer.py:48] [2900] global_step=2900, grad_norm=4.276756286621094, loss=3.537492513656616
I0307 02:33:32.463063 140296826373888 logging_writer.py:48] [3000] global_step=3000, grad_norm=4.265041351318359, loss=3.582559585571289
I0307 02:34:10.969013 140296834766592 logging_writer.py:48] [3100] global_step=3100, grad_norm=3.7098474502563477, loss=3.39113450050354
I0307 02:34:49.358106 140296826373888 logging_writer.py:48] [3200] global_step=3200, grad_norm=4.02812385559082, loss=3.3235621452331543
I0307 02:35:27.834227 140296834766592 logging_writer.py:48] [3300] global_step=3300, grad_norm=3.8257813453674316, loss=3.2666573524475098
I0307 02:36:06.244955 140296826373888 logging_writer.py:48] [3400] global_step=3400, grad_norm=4.454107284545898, loss=3.293987989425659
I0307 02:36:44.781782 140296834766592 logging_writer.py:48] [3500] global_step=3500, grad_norm=3.6005496978759766, loss=3.0349936485290527
I0307 02:37:23.340091 140296826373888 logging_writer.py:48] [3600] global_step=3600, grad_norm=2.543440580368042, loss=3.1979501247406006
I0307 02:38:01.791345 140296834766592 logging_writer.py:48] [3700] global_step=3700, grad_norm=3.826819896697998, loss=3.0524590015411377
I0307 02:38:39.920458 140296826373888 logging_writer.py:48] [3800] global_step=3800, grad_norm=3.288912057876587, loss=3.1326730251312256
I0307 02:39:18.457148 140296834766592 logging_writer.py:48] [3900] global_step=3900, grad_norm=3.898606061935425, loss=2.9669172763824463
I0307 02:39:57.063568 140296826373888 logging_writer.py:48] [4000] global_step=4000, grad_norm=2.0568835735321045, loss=3.0540568828582764
I0307 02:40:09.717365 140452179379392 spec.py:321] Evaluating on the training split.
I0307 02:40:20.984646 140452179379392 spec.py:333] Evaluating on the validation split.
I0307 02:40:43.991368 140452179379392 spec.py:349] Evaluating on the test split.
I0307 02:40:45.819180 140452179379392 submission_runner.py:469] Time since start: 1834.11s, 	Step: 4034, 	{'train/accuracy': 0.4220742881298065, 'train/loss': 2.564941167831421, 'validation/accuracy': 0.3745799958705902, 'validation/loss': 2.85689640045166, 'validation/num_examples': 50000, 'test/accuracy': 0.2808000147342682, 'test/loss': 3.550607204437256, 'test/num_examples': 10000, 'score': 1588.4089176654816, 'total_duration': 1834.1051959991455, 'accumulated_submission_time': 1588.4089176654816, 'accumulated_eval_time': 244.98796010017395, 'accumulated_logging_time': 0.16879653930664062}
I0307 02:40:45.857582 140296834766592 logging_writer.py:48] [4034] accumulated_eval_time=244.988, accumulated_logging_time=0.168797, accumulated_submission_time=1588.41, global_step=4034, preemption_count=0, score=1588.41, test/accuracy=0.2808, test/loss=3.55061, test/num_examples=10000, total_duration=1834.11, train/accuracy=0.422074, train/loss=2.56494, validation/accuracy=0.37458, validation/loss=2.8569, validation/num_examples=50000
I0307 02:41:11.091064 140296826373888 logging_writer.py:48] [4100] global_step=4100, grad_norm=2.108501672744751, loss=2.893944501876831
I0307 02:41:49.244743 140296834766592 logging_writer.py:48] [4200] global_step=4200, grad_norm=2.7842977046966553, loss=2.8998260498046875
I0307 02:42:27.341754 140296826373888 logging_writer.py:48] [4300] global_step=4300, grad_norm=3.1182456016540527, loss=2.8427000045776367
I0307 02:43:05.665392 140296834766592 logging_writer.py:48] [4400] global_step=4400, grad_norm=2.3738925457000732, loss=2.8281052112579346
I0307 02:43:43.916534 140296826373888 logging_writer.py:48] [4500] global_step=4500, grad_norm=2.733114719390869, loss=2.7369272708892822
I0307 02:44:21.968795 140296834766592 logging_writer.py:48] [4600] global_step=4600, grad_norm=2.6650586128234863, loss=2.789504289627075
I0307 02:45:02.668906 140296826373888 logging_writer.py:48] [4700] global_step=4700, grad_norm=2.623500108718872, loss=2.8389599323272705
I0307 02:45:41.596883 140296834766592 logging_writer.py:48] [4800] global_step=4800, grad_norm=2.026841163635254, loss=2.816244602203369
I0307 02:46:19.256235 140296826373888 logging_writer.py:48] [4900] global_step=4900, grad_norm=2.0043537616729736, loss=2.764087677001953
I0307 02:46:58.788106 140296834766592 logging_writer.py:48] [5000] global_step=5000, grad_norm=2.776341199874878, loss=2.8275604248046875
I0307 02:47:37.703561 140296826373888 logging_writer.py:48] [5100] global_step=5100, grad_norm=1.591049313545227, loss=2.6085779666900635
I0307 02:48:16.242001 140296834766592 logging_writer.py:48] [5200] global_step=5200, grad_norm=2.6041855812072754, loss=2.5748772621154785
I0307 02:48:55.410788 140296826373888 logging_writer.py:48] [5300] global_step=5300, grad_norm=2.928739309310913, loss=2.5117554664611816
I0307 02:49:15.839343 140452179379392 spec.py:321] Evaluating on the training split.
I0307 02:49:28.445965 140452179379392 spec.py:333] Evaluating on the validation split.
I0307 02:49:50.324458 140452179379392 spec.py:349] Evaluating on the test split.
I0307 02:49:52.132653 140452179379392 submission_runner.py:469] Time since start: 2380.42s, 	Step: 5354, 	{'train/accuracy': 0.5254504084587097, 'train/loss': 2.0259480476379395, 'validation/accuracy': 0.4670799970626831, 'validation/loss': 2.3427321910858154, 'validation/num_examples': 50000, 'test/accuracy': 0.35920003056526184, 'test/loss': 3.03536057472229, 'test/num_examples': 10000, 'score': 2098.2202339172363, 'total_duration': 2380.4187211990356, 'accumulated_submission_time': 2098.2202339172363, 'accumulated_eval_time': 281.28122782707214, 'accumulated_logging_time': 0.22119140625}
I0307 02:49:52.196617 140296834766592 logging_writer.py:48] [5354] accumulated_eval_time=281.281, accumulated_logging_time=0.221191, accumulated_submission_time=2098.22, global_step=5354, preemption_count=0, score=2098.22, test/accuracy=0.3592, test/loss=3.03536, test/num_examples=10000, total_duration=2380.42, train/accuracy=0.52545, train/loss=2.02595, validation/accuracy=0.46708, validation/loss=2.34273, validation/num_examples=50000
I0307 02:50:10.201374 140296826373888 logging_writer.py:48] [5400] global_step=5400, grad_norm=2.559685230255127, loss=2.6176962852478027
I0307 02:50:48.929010 140296834766592 logging_writer.py:48] [5500] global_step=5500, grad_norm=2.403184175491333, loss=2.511580228805542
I0307 02:51:27.564946 140296826373888 logging_writer.py:48] [5600] global_step=5600, grad_norm=2.532548189163208, loss=2.5257880687713623
I0307 02:52:06.116546 140296834766592 logging_writer.py:48] [5700] global_step=5700, grad_norm=3.0196495056152344, loss=2.4528985023498535
I0307 02:52:44.615335 140296826373888 logging_writer.py:48] [5800] global_step=5800, grad_norm=2.614147663116455, loss=2.5189263820648193
I0307 02:53:22.860520 140296834766592 logging_writer.py:48] [5900] global_step=5900, grad_norm=2.6128804683685303, loss=2.5124828815460205
I0307 02:54:01.167516 140296826373888 logging_writer.py:48] [6000] global_step=6000, grad_norm=2.0380008220672607, loss=2.5335428714752197
I0307 02:54:39.381542 140296834766592 logging_writer.py:48] [6100] global_step=6100, grad_norm=1.5382821559906006, loss=2.4524035453796387
I0307 02:55:17.919605 140296826373888 logging_writer.py:48] [6200] global_step=6200, grad_norm=2.4105470180511475, loss=2.341925859451294
I0307 02:55:56.577922 140296834766592 logging_writer.py:48] [6300] global_step=6300, grad_norm=2.171222686767578, loss=2.2747750282287598
I0307 02:56:35.064179 140296826373888 logging_writer.py:48] [6400] global_step=6400, grad_norm=2.0835063457489014, loss=2.4399607181549072
I0307 02:57:13.490963 140296834766592 logging_writer.py:48] [6500] global_step=6500, grad_norm=2.021458387374878, loss=2.4144537448883057
I0307 02:57:52.142488 140296826373888 logging_writer.py:48] [6600] global_step=6600, grad_norm=2.048008441925049, loss=2.4355335235595703
I0307 02:58:22.170630 140452179379392 spec.py:321] Evaluating on the training split.
I0307 02:58:33.358101 140452179379392 spec.py:333] Evaluating on the validation split.
I0307 02:58:53.728249 140452179379392 spec.py:349] Evaluating on the test split.
I0307 02:58:55.591468 140452179379392 submission_runner.py:469] Time since start: 2923.88s, 	Step: 6679, 	{'train/accuracy': 0.5712491869926453, 'train/loss': 1.7849279642105103, 'validation/accuracy': 0.5128600001335144, 'validation/loss': 2.0951907634735107, 'validation/num_examples': 50000, 'test/accuracy': 0.3945000171661377, 'test/loss': 2.8610944747924805, 'test/num_examples': 10000, 'score': 2608.0634620189667, 'total_duration': 2923.8775482177734, 'accumulated_submission_time': 2608.0634620189667, 'accumulated_eval_time': 314.70203375816345, 'accumulated_logging_time': 0.292834997177124}
I0307 02:58:55.625013 140296834766592 logging_writer.py:48] [6679] accumulated_eval_time=314.702, accumulated_logging_time=0.292835, accumulated_submission_time=2608.06, global_step=6679, preemption_count=0, score=2608.06, test/accuracy=0.3945, test/loss=2.86109, test/num_examples=10000, total_duration=2923.88, train/accuracy=0.571249, train/loss=1.78493, validation/accuracy=0.51286, validation/loss=2.09519, validation/num_examples=50000
I0307 02:59:04.130709 140296826373888 logging_writer.py:48] [6700] global_step=6700, grad_norm=2.0248496532440186, loss=2.3205907344818115
I0307 02:59:42.802717 140296834766592 logging_writer.py:48] [6800] global_step=6800, grad_norm=1.792428731918335, loss=2.3311076164245605
I0307 03:00:21.474549 140296826373888 logging_writer.py:48] [6900] global_step=6900, grad_norm=2.1003148555755615, loss=2.2741894721984863
I0307 03:01:00.464623 140296834766592 logging_writer.py:48] [7000] global_step=7000, grad_norm=1.7655152082443237, loss=2.4402167797088623
I0307 03:01:39.323287 140296826373888 logging_writer.py:48] [7100] global_step=7100, grad_norm=1.9541314840316772, loss=2.272590160369873
I0307 03:02:17.699676 140296834766592 logging_writer.py:48] [7200] global_step=7200, grad_norm=1.9746062755584717, loss=2.3728437423706055
I0307 03:02:55.988122 140296826373888 logging_writer.py:48] [7300] global_step=7300, grad_norm=1.6787041425704956, loss=2.2922544479370117
I0307 03:03:34.575916 140296834766592 logging_writer.py:48] [7400] global_step=7400, grad_norm=1.5590530633926392, loss=2.371626377105713
I0307 03:04:13.064911 140296826373888 logging_writer.py:48] [7500] global_step=7500, grad_norm=1.329024076461792, loss=2.181502103805542
I0307 03:04:51.791951 140296834766592 logging_writer.py:48] [7600] global_step=7600, grad_norm=2.1414055824279785, loss=2.357100009918213
I0307 03:05:30.089506 140296826373888 logging_writer.py:48] [7700] global_step=7700, grad_norm=2.1089134216308594, loss=2.328110694885254
I0307 03:06:08.593807 140296834766592 logging_writer.py:48] [7800] global_step=7800, grad_norm=1.803825855255127, loss=2.2552297115325928
I0307 03:06:47.281149 140296826373888 logging_writer.py:48] [7900] global_step=7900, grad_norm=1.745216727256775, loss=2.183259963989258
I0307 03:07:25.549760 140296834766592 logging_writer.py:48] [8000] global_step=8000, grad_norm=1.5850138664245605, loss=2.22868275642395
I0307 03:07:25.979788 140452179379392 spec.py:321] Evaluating on the training split.
I0307 03:07:36.848154 140452179379392 spec.py:333] Evaluating on the validation split.
I0307 03:07:59.651157 140452179379392 spec.py:349] Evaluating on the test split.
I0307 03:08:01.421647 140452179379392 submission_runner.py:469] Time since start: 3469.71s, 	Step: 8002, 	{'train/accuracy': 0.5975366830825806, 'train/loss': 1.6618019342422485, 'validation/accuracy': 0.535860002040863, 'validation/loss': 1.997391700744629, 'validation/num_examples': 50000, 'test/accuracy': 0.4132000207901001, 'test/loss': 2.7312655448913574, 'test/num_examples': 10000, 'score': 3118.2666482925415, 'total_duration': 3469.707709789276, 'accumulated_submission_time': 3118.2666482925415, 'accumulated_eval_time': 350.1438443660736, 'accumulated_logging_time': 0.34224510192871094}
I0307 03:08:01.452334 140296826373888 logging_writer.py:48] [8002] accumulated_eval_time=350.144, accumulated_logging_time=0.342245, accumulated_submission_time=3118.27, global_step=8002, preemption_count=0, score=3118.27, test/accuracy=0.4132, test/loss=2.73127, test/num_examples=10000, total_duration=3469.71, train/accuracy=0.597537, train/loss=1.6618, validation/accuracy=0.53586, validation/loss=1.99739, validation/num_examples=50000
I0307 03:08:39.112333 140296834766592 logging_writer.py:48] [8100] global_step=8100, grad_norm=1.58083176612854, loss=2.1293745040893555
I0307 03:09:17.564734 140296826373888 logging_writer.py:48] [8200] global_step=8200, grad_norm=1.780202031135559, loss=2.165491819381714
I0307 03:09:56.976033 140296834766592 logging_writer.py:48] [8300] global_step=8300, grad_norm=1.9914031028747559, loss=2.155425548553467
I0307 03:10:35.340616 140296826373888 logging_writer.py:48] [8400] global_step=8400, grad_norm=1.4076346158981323, loss=2.254647731781006
I0307 03:11:14.297008 140296834766592 logging_writer.py:48] [8500] global_step=8500, grad_norm=1.5996205806732178, loss=2.127840042114258
I0307 03:11:53.451332 140296826373888 logging_writer.py:48] [8600] global_step=8600, grad_norm=1.6362671852111816, loss=2.1911702156066895
I0307 03:12:32.206069 140296834766592 logging_writer.py:48] [8700] global_step=8700, grad_norm=1.3152624368667603, loss=2.1431479454040527
I0307 03:13:11.731282 140296826373888 logging_writer.py:48] [8800] global_step=8800, grad_norm=1.9570249319076538, loss=2.2056643962860107
I0307 03:13:50.033058 140296834766592 logging_writer.py:48] [8900] global_step=8900, grad_norm=2.0030784606933594, loss=2.1411967277526855
I0307 03:14:28.629030 140296826373888 logging_writer.py:48] [9000] global_step=9000, grad_norm=1.8289462327957153, loss=2.148282766342163
I0307 03:15:07.012310 140296834766592 logging_writer.py:48] [9100] global_step=9100, grad_norm=2.4731674194335938, loss=2.1834301948547363
I0307 03:15:45.304265 140296826373888 logging_writer.py:48] [9200] global_step=9200, grad_norm=2.117669105529785, loss=2.190981388092041
I0307 03:16:23.675039 140296834766592 logging_writer.py:48] [9300] global_step=9300, grad_norm=1.7712078094482422, loss=2.1866090297698975
I0307 03:16:31.732192 140452179379392 spec.py:321] Evaluating on the training split.
I0307 03:16:42.986048 140452179379392 spec.py:333] Evaluating on the validation split.
I0307 03:17:03.397164 140452179379392 spec.py:349] Evaluating on the test split.
I0307 03:17:05.244477 140452179379392 submission_runner.py:469] Time since start: 4013.53s, 	Step: 9322, 	{'train/accuracy': 0.6185826063156128, 'train/loss': 1.5447943210601807, 'validation/accuracy': 0.5566799640655518, 'validation/loss': 1.8915765285491943, 'validation/num_examples': 50000, 'test/accuracy': 0.43790000677108765, 'test/loss': 2.6292927265167236, 'test/num_examples': 10000, 'score': 3628.397201538086, 'total_duration': 4013.5305309295654, 'accumulated_submission_time': 3628.397201538086, 'accumulated_eval_time': 383.65606713294983, 'accumulated_logging_time': 0.3810913562774658}
I0307 03:17:05.270030 140296826373888 logging_writer.py:48] [9322] accumulated_eval_time=383.656, accumulated_logging_time=0.381091, accumulated_submission_time=3628.4, global_step=9322, preemption_count=0, score=3628.4, test/accuracy=0.4379, test/loss=2.62929, test/num_examples=10000, total_duration=4013.53, train/accuracy=0.618583, train/loss=1.54479, validation/accuracy=0.55668, validation/loss=1.89158, validation/num_examples=50000
I0307 03:17:35.589360 140296834766592 logging_writer.py:48] [9400] global_step=9400, grad_norm=1.5059770345687866, loss=2.091911554336548
I0307 03:18:14.295882 140296826373888 logging_writer.py:48] [9500] global_step=9500, grad_norm=1.6578667163848877, loss=2.0930538177490234
I0307 03:18:52.704246 140296834766592 logging_writer.py:48] [9600] global_step=9600, grad_norm=1.529111623764038, loss=2.0800459384918213
I0307 03:19:31.269501 140296826373888 logging_writer.py:48] [9700] global_step=9700, grad_norm=2.149444103240967, loss=2.1783390045166016
I0307 03:20:09.634860 140296834766592 logging_writer.py:48] [9800] global_step=9800, grad_norm=1.7846053838729858, loss=2.0465402603149414
I0307 03:20:48.565018 140296826373888 logging_writer.py:48] [9900] global_step=9900, grad_norm=1.400656819343567, loss=2.129884719848633
I0307 03:21:27.289232 140296834766592 logging_writer.py:48] [10000] global_step=10000, grad_norm=1.6263071298599243, loss=2.1018588542938232
I0307 03:22:06.767946 140296826373888 logging_writer.py:48] [10100] global_step=10100, grad_norm=1.1610794067382812, loss=1.9713060855865479
I0307 03:22:45.988151 140296834766592 logging_writer.py:48] [10200] global_step=10200, grad_norm=1.9716640710830688, loss=2.049572706222534
I0307 03:23:24.528991 140296826373888 logging_writer.py:48] [10300] global_step=10300, grad_norm=1.3426581621170044, loss=2.0352566242218018
I0307 03:24:02.796288 140296834766592 logging_writer.py:48] [10400] global_step=10400, grad_norm=1.827283501625061, loss=2.0861876010894775
I0307 03:24:41.420091 140296826373888 logging_writer.py:48] [10500] global_step=10500, grad_norm=1.514137625694275, loss=2.183289051055908
I0307 03:25:19.917494 140296834766592 logging_writer.py:48] [10600] global_step=10600, grad_norm=1.682120680809021, loss=2.1229095458984375
I0307 03:25:35.253340 140452179379392 spec.py:321] Evaluating on the training split.
I0307 03:25:52.128460 140452179379392 spec.py:333] Evaluating on the validation split.
I0307 03:26:12.082787 140452179379392 spec.py:349] Evaluating on the test split.
I0307 03:26:13.923558 140452179379392 submission_runner.py:469] Time since start: 4562.21s, 	Step: 10641, 	{'train/accuracy': 0.6275510191917419, 'train/loss': 1.5131089687347412, 'validation/accuracy': 0.5677599906921387, 'validation/loss': 1.8413199186325073, 'validation/num_examples': 50000, 'test/accuracy': 0.44450002908706665, 'test/loss': 2.5470688343048096, 'test/num_examples': 10000, 'score': 4138.229695558548, 'total_duration': 4562.209621667862, 'accumulated_submission_time': 4138.229695558548, 'accumulated_eval_time': 422.3262388706207, 'accumulated_logging_time': 0.41465187072753906}
I0307 03:26:14.002538 140296826373888 logging_writer.py:48] [10641] accumulated_eval_time=422.326, accumulated_logging_time=0.414652, accumulated_submission_time=4138.23, global_step=10641, preemption_count=0, score=4138.23, test/accuracy=0.4445, test/loss=2.54707, test/num_examples=10000, total_duration=4562.21, train/accuracy=0.627551, train/loss=1.51311, validation/accuracy=0.56776, validation/loss=1.84132, validation/num_examples=50000
I0307 03:26:37.144505 140296834766592 logging_writer.py:48] [10700] global_step=10700, grad_norm=1.3710570335388184, loss=2.0039637088775635
I0307 03:27:15.491655 140296826373888 logging_writer.py:48] [10800] global_step=10800, grad_norm=2.100008010864258, loss=2.0194125175476074
I0307 03:27:53.825631 140296834766592 logging_writer.py:48] [10900] global_step=10900, grad_norm=1.6978442668914795, loss=1.9489235877990723
I0307 03:28:32.012105 140296826373888 logging_writer.py:48] [11000] global_step=11000, grad_norm=1.6274890899658203, loss=1.9715747833251953
I0307 03:29:10.515369 140296834766592 logging_writer.py:48] [11100] global_step=11100, grad_norm=1.557970404624939, loss=2.071120262145996
I0307 03:29:48.985859 140296826373888 logging_writer.py:48] [11200] global_step=11200, grad_norm=1.3396183252334595, loss=1.9606053829193115
I0307 03:30:27.963981 140296834766592 logging_writer.py:48] [11300] global_step=11300, grad_norm=1.5716890096664429, loss=2.0332274436950684
I0307 03:31:06.300051 140296826373888 logging_writer.py:48] [11400] global_step=11400, grad_norm=1.5443205833435059, loss=2.0053112506866455
I0307 03:31:44.891995 140296834766592 logging_writer.py:48] [11500] global_step=11500, grad_norm=1.7059558629989624, loss=2.0058047771453857
I0307 03:32:23.223930 140296826373888 logging_writer.py:48] [11600] global_step=11600, grad_norm=1.5851221084594727, loss=1.9022330045700073
I0307 03:33:01.474122 140296834766592 logging_writer.py:48] [11700] global_step=11700, grad_norm=1.4546312093734741, loss=2.0134365558624268
I0307 03:33:39.772536 140296826373888 logging_writer.py:48] [11800] global_step=11800, grad_norm=1.9659981727600098, loss=1.9013381004333496
I0307 03:34:18.413418 140296834766592 logging_writer.py:48] [11900] global_step=11900, grad_norm=1.391540288925171, loss=1.9289777278900146
I0307 03:34:43.950179 140452179379392 spec.py:321] Evaluating on the training split.
I0307 03:34:56.602944 140452179379392 spec.py:333] Evaluating on the validation split.
I0307 03:35:16.302188 140452179379392 spec.py:349] Evaluating on the test split.
I0307 03:35:18.159980 140452179379392 submission_runner.py:469] Time since start: 5106.45s, 	Step: 11967, 	{'train/accuracy': 0.6413424611091614, 'train/loss': 1.4538108110427856, 'validation/accuracy': 0.5785199999809265, 'validation/loss': 1.7881860733032227, 'validation/num_examples': 50000, 'test/accuracy': 0.4458000063896179, 'test/loss': 2.533802032470703, 'test/num_examples': 10000, 'score': 4648.0253529548645, 'total_duration': 5106.446059465408, 'accumulated_submission_time': 4648.0253529548645, 'accumulated_eval_time': 456.53600883483887, 'accumulated_logging_time': 0.5018694400787354}
I0307 03:35:18.231471 140296826373888 logging_writer.py:48] [11967] accumulated_eval_time=456.536, accumulated_logging_time=0.501869, accumulated_submission_time=4648.03, global_step=11967, preemption_count=0, score=4648.03, test/accuracy=0.4458, test/loss=2.5338, test/num_examples=10000, total_duration=5106.45, train/accuracy=0.641342, train/loss=1.45381, validation/accuracy=0.57852, validation/loss=1.78819, validation/num_examples=50000
I0307 03:35:31.477864 140296834766592 logging_writer.py:48] [12000] global_step=12000, grad_norm=1.7680028676986694, loss=1.9724395275115967
I0307 03:36:10.455300 140296826373888 logging_writer.py:48] [12100] global_step=12100, grad_norm=1.5689265727996826, loss=1.9795501232147217
I0307 03:36:53.944091 140296834766592 logging_writer.py:48] [12200] global_step=12200, grad_norm=1.6345374584197998, loss=2.0231094360351562
I0307 03:37:52.879706 140296826373888 logging_writer.py:48] [12300] global_step=12300, grad_norm=1.3503713607788086, loss=2.0533556938171387
I0307 03:38:32.325134 140296834766592 logging_writer.py:48] [12400] global_step=12400, grad_norm=1.6491068601608276, loss=1.914433240890503
I0307 03:39:11.196097 140296826373888 logging_writer.py:48] [12500] global_step=12500, grad_norm=1.3567497730255127, loss=1.8436133861541748
I0307 03:39:50.268956 140296834766592 logging_writer.py:48] [12600] global_step=12600, grad_norm=1.7728335857391357, loss=1.9214675426483154
I0307 03:40:29.015852 140296826373888 logging_writer.py:48] [12700] global_step=12700, grad_norm=1.4051302671432495, loss=1.9794151782989502
I0307 03:41:07.571291 140296834766592 logging_writer.py:48] [12800] global_step=12800, grad_norm=1.7703526020050049, loss=1.8604905605316162
I0307 03:41:46.551416 140296826373888 logging_writer.py:48] [12900] global_step=12900, grad_norm=1.5316872596740723, loss=1.8655264377593994
I0307 03:42:25.282412 140296834766592 logging_writer.py:48] [13000] global_step=13000, grad_norm=1.6424567699432373, loss=1.949800729751587
I0307 03:43:04.409299 140296826373888 logging_writer.py:48] [13100] global_step=13100, grad_norm=1.6293491125106812, loss=1.9042142629623413
I0307 03:43:43.438579 140296834766592 logging_writer.py:48] [13200] global_step=13200, grad_norm=1.4527853727340698, loss=1.8865716457366943
I0307 03:43:48.403362 140452179379392 spec.py:321] Evaluating on the training split.
I0307 03:44:04.838246 140452179379392 spec.py:333] Evaluating on the validation split.
I0307 03:44:25.752095 140452179379392 spec.py:349] Evaluating on the test split.
I0307 03:44:27.590787 140452179379392 submission_runner.py:469] Time since start: 5655.88s, 	Step: 13214, 	{'train/accuracy': 0.6535594463348389, 'train/loss': 1.3951847553253174, 'validation/accuracy': 0.5795400142669678, 'validation/loss': 1.775004506111145, 'validation/num_examples': 50000, 'test/accuracy': 0.4613000154495239, 'test/loss': 2.5031328201293945, 'test/num_examples': 10000, 'score': 5158.053788900375, 'total_duration': 5655.876765489578, 'accumulated_submission_time': 5158.053788900375, 'accumulated_eval_time': 495.7233021259308, 'accumulated_logging_time': 0.5809483528137207}
I0307 03:44:27.665580 140296826373888 logging_writer.py:48] [13214] accumulated_eval_time=495.723, accumulated_logging_time=0.580948, accumulated_submission_time=5158.05, global_step=13214, preemption_count=0, score=5158.05, test/accuracy=0.4613, test/loss=2.50313, test/num_examples=10000, total_duration=5655.88, train/accuracy=0.653559, train/loss=1.39518, validation/accuracy=0.57954, validation/loss=1.775, validation/num_examples=50000
I0307 03:45:01.128461 140296834766592 logging_writer.py:48] [13300] global_step=13300, grad_norm=1.3060380220413208, loss=1.9204421043395996
I0307 03:45:39.631117 140296826373888 logging_writer.py:48] [13400] global_step=13400, grad_norm=1.3493856191635132, loss=2.0093741416931152
I0307 03:46:20.005611 140296834766592 logging_writer.py:48] [13500] global_step=13500, grad_norm=1.664412498474121, loss=1.9701356887817383
I0307 03:46:58.492051 140296826373888 logging_writer.py:48] [13600] global_step=13600, grad_norm=1.643601894378662, loss=1.842543601989746
I0307 03:47:37.217998 140296834766592 logging_writer.py:48] [13700] global_step=13700, grad_norm=1.62327241897583, loss=1.8795051574707031
I0307 03:48:16.054656 140296826373888 logging_writer.py:48] [13800] global_step=13800, grad_norm=1.5132805109024048, loss=1.9708893299102783
I0307 03:48:54.540746 140296834766592 logging_writer.py:48] [13900] global_step=13900, grad_norm=1.3239701986312866, loss=1.8402583599090576
I0307 03:49:33.345273 140296826373888 logging_writer.py:48] [14000] global_step=14000, grad_norm=2.3563778400421143, loss=1.8888529539108276
I0307 03:50:12.014235 140296834766592 logging_writer.py:48] [14100] global_step=14100, grad_norm=1.6866427659988403, loss=1.8129394054412842
I0307 03:50:50.637513 140296826373888 logging_writer.py:48] [14200] global_step=14200, grad_norm=1.8186638355255127, loss=2.029693365097046
I0307 03:51:29.382678 140296834766592 logging_writer.py:48] [14300] global_step=14300, grad_norm=1.3864823579788208, loss=1.9653335809707642
I0307 03:52:08.247340 140296826373888 logging_writer.py:48] [14400] global_step=14400, grad_norm=1.4320812225341797, loss=1.8796806335449219
I0307 03:52:46.578303 140296834766592 logging_writer.py:48] [14500] global_step=14500, grad_norm=1.9449796676635742, loss=2.0610599517822266
I0307 03:52:57.673263 140452179379392 spec.py:321] Evaluating on the training split.
I0307 03:53:18.044911 140452179379392 spec.py:333] Evaluating on the validation split.
I0307 03:53:39.377341 140452179379392 spec.py:349] Evaluating on the test split.
I0307 03:53:41.228352 140452179379392 submission_runner.py:469] Time since start: 6209.51s, 	Step: 14530, 	{'train/accuracy': 0.6630261540412903, 'train/loss': 1.3424205780029297, 'validation/accuracy': 0.5957199931144714, 'validation/loss': 1.698004126548767, 'validation/num_examples': 50000, 'test/accuracy': 0.4620000123977661, 'test/loss': 2.4951677322387695, 'test/num_examples': 10000, 'score': 5667.884410381317, 'total_duration': 6209.514318704605, 'accumulated_submission_time': 5667.884410381317, 'accumulated_eval_time': 539.2782566547394, 'accumulated_logging_time': 0.6986403465270996}
I0307 03:53:41.376818 140296826373888 logging_writer.py:48] [14530] accumulated_eval_time=539.278, accumulated_logging_time=0.69864, accumulated_submission_time=5667.88, global_step=14530, preemption_count=0, score=5667.88, test/accuracy=0.462, test/loss=2.49517, test/num_examples=10000, total_duration=6209.51, train/accuracy=0.663026, train/loss=1.34242, validation/accuracy=0.59572, validation/loss=1.698, validation/num_examples=50000
I0307 03:54:08.989567 140296834766592 logging_writer.py:48] [14600] global_step=14600, grad_norm=1.824791669845581, loss=1.9239675998687744
I0307 03:54:47.459345 140296826373888 logging_writer.py:48] [14700] global_step=14700, grad_norm=1.7231786251068115, loss=1.9006695747375488
I0307 03:55:26.072655 140296834766592 logging_writer.py:48] [14800] global_step=14800, grad_norm=1.9624780416488647, loss=1.7699908018112183
I0307 03:56:04.452553 140296826373888 logging_writer.py:48] [14900] global_step=14900, grad_norm=1.6848602294921875, loss=1.8465931415557861
I0307 03:56:42.927133 140296834766592 logging_writer.py:48] [15000] global_step=15000, grad_norm=1.4797492027282715, loss=1.9462604522705078
I0307 03:57:21.986857 140296834766592 logging_writer.py:48] [15100] global_step=15100, grad_norm=1.4140137434005737, loss=2.0168066024780273
I0307 03:58:00.729296 140296826373888 logging_writer.py:48] [15200] global_step=15200, grad_norm=1.5389944314956665, loss=2.066981077194214
I0307 03:58:39.344474 140296834766592 logging_writer.py:48] [15300] global_step=15300, grad_norm=1.4998064041137695, loss=1.916304349899292
I0307 03:59:18.137030 140296826373888 logging_writer.py:48] [15400] global_step=15400, grad_norm=1.4613745212554932, loss=1.9731248617172241
I0307 03:59:56.815291 140296834766592 logging_writer.py:48] [15500] global_step=15500, grad_norm=1.5574874877929688, loss=1.9162737131118774
I0307 04:00:35.150536 140296826373888 logging_writer.py:48] [15600] global_step=15600, grad_norm=1.5089725255966187, loss=1.8497711420059204
I0307 04:01:13.684783 140296834766592 logging_writer.py:48] [15700] global_step=15700, grad_norm=1.4422190189361572, loss=1.8332507610321045
I0307 04:01:52.436608 140296826373888 logging_writer.py:48] [15800] global_step=15800, grad_norm=1.4904264211654663, loss=1.9329674243927002
I0307 04:02:11.362901 140452179379392 spec.py:321] Evaluating on the training split.
I0307 04:02:29.226945 140452179379392 spec.py:333] Evaluating on the validation split.
I0307 04:02:53.409430 140452179379392 spec.py:349] Evaluating on the test split.
I0307 04:02:55.398195 140452179379392 submission_runner.py:469] Time since start: 6763.68s, 	Step: 15850, 	{'train/accuracy': 0.6654974222183228, 'train/loss': 1.334952473640442, 'validation/accuracy': 0.5925599932670593, 'validation/loss': 1.700812816619873, 'validation/num_examples': 50000, 'test/accuracy': 0.4716000258922577, 'test/loss': 2.4369471073150635, 'test/num_examples': 10000, 'score': 6177.715204238892, 'total_duration': 6763.684148788452, 'accumulated_submission_time': 6177.715204238892, 'accumulated_eval_time': 583.313392162323, 'accumulated_logging_time': 0.8645684719085693}
I0307 04:02:55.522290 140296834766592 logging_writer.py:48] [15850] accumulated_eval_time=583.313, accumulated_logging_time=0.864568, accumulated_submission_time=6177.72, global_step=15850, preemption_count=0, score=6177.72, test/accuracy=0.4716, test/loss=2.43695, test/num_examples=10000, total_duration=6763.68, train/accuracy=0.665497, train/loss=1.33495, validation/accuracy=0.59256, validation/loss=1.70081, validation/num_examples=50000
I0307 04:03:15.201503 140296826373888 logging_writer.py:48] [15900] global_step=15900, grad_norm=1.3024756908416748, loss=1.8216665983200073
I0307 04:03:53.976490 140296834766592 logging_writer.py:48] [16000] global_step=16000, grad_norm=1.7330131530761719, loss=1.8578928709030151
I0307 04:04:32.476550 140296826373888 logging_writer.py:48] [16100] global_step=16100, grad_norm=1.576969027519226, loss=1.8281104564666748
I0307 04:05:11.270301 140296834766592 logging_writer.py:48] [16200] global_step=16200, grad_norm=1.6919018030166626, loss=1.9604227542877197
I0307 04:05:50.431875 140296826373888 logging_writer.py:48] [16300] global_step=16300, grad_norm=1.5278408527374268, loss=1.774709701538086
I0307 04:06:28.823505 140296834766592 logging_writer.py:48] [16400] global_step=16400, grad_norm=1.7645277976989746, loss=1.9350829124450684
I0307 04:07:07.983144 140296826373888 logging_writer.py:48] [16500] global_step=16500, grad_norm=1.3959547281265259, loss=1.8368093967437744
I0307 04:07:46.257035 140296834766592 logging_writer.py:48] [16600] global_step=16600, grad_norm=1.415118932723999, loss=1.74944007396698
I0307 04:08:25.110643 140296826373888 logging_writer.py:48] [16700] global_step=16700, grad_norm=1.7607566118240356, loss=1.8453373908996582
I0307 04:09:03.930694 140296834766592 logging_writer.py:48] [16800] global_step=16800, grad_norm=1.9449825286865234, loss=1.8636889457702637
I0307 04:09:42.624605 140296826373888 logging_writer.py:48] [16900] global_step=16900, grad_norm=1.5666520595550537, loss=1.9141372442245483
I0307 04:10:21.388874 140296834766592 logging_writer.py:48] [17000] global_step=17000, grad_norm=1.6628947257995605, loss=1.8295183181762695
I0307 04:10:59.633727 140296826373888 logging_writer.py:48] [17100] global_step=17100, grad_norm=1.573281168937683, loss=1.8242627382278442
I0307 04:11:25.625350 140452179379392 spec.py:321] Evaluating on the training split.
I0307 04:11:42.250634 140452179379392 spec.py:333] Evaluating on the validation split.
I0307 04:12:04.708356 140452179379392 spec.py:349] Evaluating on the test split.
I0307 04:12:06.545706 140452179379392 submission_runner.py:469] Time since start: 7314.83s, 	Step: 17169, 	{'train/accuracy': 0.6803850531578064, 'train/loss': 1.269286036491394, 'validation/accuracy': 0.6047199964523315, 'validation/loss': 1.64718759059906, 'validation/num_examples': 50000, 'test/accuracy': 0.4782000184059143, 'test/loss': 2.3867063522338867, 'test/num_examples': 10000, 'score': 6687.653282165527, 'total_duration': 7314.831635951996, 'accumulated_submission_time': 6687.653282165527, 'accumulated_eval_time': 624.2335669994354, 'accumulated_logging_time': 1.0213801860809326}
I0307 04:12:06.646634 140296834766592 logging_writer.py:48] [17169] accumulated_eval_time=624.234, accumulated_logging_time=1.02138, accumulated_submission_time=6687.65, global_step=17169, preemption_count=0, score=6687.65, test/accuracy=0.4782, test/loss=2.38671, test/num_examples=10000, total_duration=7314.83, train/accuracy=0.680385, train/loss=1.26929, validation/accuracy=0.60472, validation/loss=1.64719, validation/num_examples=50000
I0307 04:12:19.067594 140296826373888 logging_writer.py:48] [17200] global_step=17200, grad_norm=1.7623590230941772, loss=2.0051896572113037
I0307 04:12:57.421206 140296834766592 logging_writer.py:48] [17300] global_step=17300, grad_norm=1.9802442789077759, loss=1.9127358198165894
I0307 04:13:35.964408 140296826373888 logging_writer.py:48] [17400] global_step=17400, grad_norm=1.6794579029083252, loss=1.9104652404785156
I0307 04:14:14.760639 140296834766592 logging_writer.py:48] [17500] global_step=17500, grad_norm=1.7184377908706665, loss=1.8513096570968628
I0307 04:14:54.126779 140296826373888 logging_writer.py:48] [17600] global_step=17600, grad_norm=1.649444580078125, loss=1.9414756298065186
I0307 04:15:33.105875 140296834766592 logging_writer.py:48] [17700] global_step=17700, grad_norm=2.0495667457580566, loss=1.8024678230285645
I0307 04:16:13.361804 140296826373888 logging_writer.py:48] [17800] global_step=17800, grad_norm=1.3991321325302124, loss=1.8315246105194092
I0307 04:16:51.897098 140296834766592 logging_writer.py:48] [17900] global_step=17900, grad_norm=1.5772264003753662, loss=1.890000343322754
I0307 04:17:30.353357 140296826373888 logging_writer.py:48] [18000] global_step=18000, grad_norm=1.8938415050506592, loss=1.8082892894744873
I0307 04:18:08.582689 140296834766592 logging_writer.py:48] [18100] global_step=18100, grad_norm=1.4507701396942139, loss=1.7546956539154053
I0307 04:18:47.211687 140296826373888 logging_writer.py:48] [18200] global_step=18200, grad_norm=1.6177982091903687, loss=1.9742196798324585
I0307 04:19:26.223621 140296834766592 logging_writer.py:48] [18300] global_step=18300, grad_norm=2.2342026233673096, loss=1.7916992902755737
I0307 04:20:04.996730 140296826373888 logging_writer.py:48] [18400] global_step=18400, grad_norm=1.6089409589767456, loss=1.7876242399215698
I0307 04:20:36.595129 140452179379392 spec.py:321] Evaluating on the training split.
I0307 04:20:53.412630 140452179379392 spec.py:333] Evaluating on the validation split.
I0307 04:21:15.341529 140452179379392 spec.py:349] Evaluating on the test split.
