python submission_runner.py --framework=jax --workload=imagenet_resnet --submission_path=prize_qualification_baselines/external_tuning/jax_nadamw_full_budget.py --data_dir=/data/imagenet/jax --num_tuning_trials=1 --experiment_dir=/experiment_runs --experiment_name=submissions/rolling_leaderboard/external_tuning/baseline/study_0 --overwrite=True --save_checkpoints=False --rng_seed=1115941927 --imagenet_v2_data_dir=/data/imagenet/jax --tuning_ruleset=external --tuning_search_space=prize_qualification_baselines/external_tuning/tuning_search_space.json --num_tuning_trials=5 --hparam_start_index=1 --hparam_end_index=2 2>&1 | tee -a /logs/imagenet_resnet_jax_03-07-2025-01-18-47.log
2025-03-07 01:19:04.822603: E external/local_xla/xla/stream_executor/cuda/cuda_fft.cc:477] Unable to register cuFFT factory: Attempting to register factory for plugin cuFFT when one has already been registered
WARNING: All log messages before absl::InitializeLog() is called are written to STDERR
E0000 00:00:1741310345.319710       9 cuda_dnn.cc:8310] Unable to register cuDNN factory: Attempting to register factory for plugin cuDNN when one has already been registered
E0000 00:00:1741310345.500402       9 cuda_blas.cc:1418] Unable to register cuBLAS factory: Attempting to register factory for plugin cuBLAS when one has already been registered
ERROR:root:Unable to import wandb.
Traceback (most recent call last):
  File "/algorithmic-efficiency/algoperf/logger_utils.py", line 27, in <module>
    import wandb  # pylint: disable=g-import-not-at-top
    ^^^^^^^^^^^^
ModuleNotFoundError: No module named 'wandb'
I0307 01:19:53.835107 140193455334592 logger_utils.py:81] Creating experiment directory at /experiment_runs/submissions/rolling_leaderboard/external_tuning/baseline/study_0/imagenet_resnet_jax.
I0307 01:19:56.605868 140193455334592 xla_bridge.py:884] Unable to initialize backend 'rocm': NOT_FOUND: Could not find registered platform with name: "rocm". Available platform names are: CUDA
I0307 01:19:56.608889 140193455334592 xla_bridge.py:884] Unable to initialize backend 'tpu': INTERNAL: Failed to open libtpu.so: libtpu.so: cannot open shared object file: No such file or directory
I0307 01:19:56.628615 140193455334592 submission_runner.py:606] Using RNG seed 1115941927
I0307 01:19:59.649969 140193455334592 submission_runner.py:615] --- Tuning run 2/5 ---
I0307 01:19:59.650181 140193455334592 submission_runner.py:620] Creating tuning directory at /experiment_runs/submissions/rolling_leaderboard/external_tuning/baseline/study_0/imagenet_resnet_jax/trial_2.
I0307 01:19:59.650403 140193455334592 logger_utils.py:97] Saving hparams to /experiment_runs/submissions/rolling_leaderboard/external_tuning/baseline/study_0/imagenet_resnet_jax/trial_2/hparams.json.
I0307 01:19:59.892293 140193455334592 submission_runner.py:218] Initializing dataset.
I0307 01:20:01.308798 140193455334592 dataset_info.py:690] Load dataset info from /data/imagenet/jax/imagenet2012/5.1.0
I0307 01:20:01.692727 140193455334592 reader.py:261] Creating a tf.data.Dataset reading 1024 files located in folders: /data/imagenet/jax/imagenet2012/5.1.0.
I0307 01:20:02.008235 140193455334592 logging_logger.py:49] Constructing tf.data.Dataset imagenet2012 for split train, from /data/imagenet/jax/imagenet2012/5.1.0
I0307 01:20:03.770005 140193455334592 submission_runner.py:229] Initializing model.
I0307 01:20:28.249191 140193455334592 submission_runner.py:272] Initializing optimizer.
I0307 01:20:29.409437 140193455334592 submission_runner.py:279] Initializing metrics bundle.
I0307 01:20:29.409708 140193455334592 submission_runner.py:301] Initializing checkpoint and logger.
I0307 01:20:29.410794 140193455334592 checkpoints.py:1101] Found no checkpoint files in /experiment_runs/submissions/rolling_leaderboard/external_tuning/baseline/study_0/imagenet_resnet_jax/trial_2 with prefix checkpoint_
I0307 01:20:29.410896 140193455334592 submission_runner.py:321] Saving meta data to /experiment_runs/submissions/rolling_leaderboard/external_tuning/baseline/study_0/imagenet_resnet_jax/trial_2/meta_data_0.json.
I0307 01:20:29.989010 140193455334592 submission_runner.py:325] Saving flags to /experiment_runs/submissions/rolling_leaderboard/external_tuning/baseline/study_0/imagenet_resnet_jax/trial_2/flags_0.json.
I0307 01:20:30.244333 140193455334592 submission_runner.py:337] Starting training loop.
I0307 01:21:26.650231 140052554278656 logging_writer.py:48] [0] global_step=0, grad_norm=0.5403334498405457, loss=6.930035591125488
I0307 01:21:27.021978 140193455334592 spec.py:321] Evaluating on the training split.
I0307 01:21:27.477231 140193455334592 dataset_info.py:690] Load dataset info from /data/imagenet/jax/imagenet2012/5.1.0
I0307 01:21:27.501585 140193455334592 reader.py:261] Creating a tf.data.Dataset reading 1024 files located in folders: /data/imagenet/jax/imagenet2012/5.1.0.
I0307 01:21:27.542906 140193455334592 logging_logger.py:49] Constructing tf.data.Dataset imagenet2012 for split train, from /data/imagenet/jax/imagenet2012/5.1.0
I0307 01:21:46.819825 140193455334592 spec.py:333] Evaluating on the validation split.
I0307 01:21:47.330646 140193455334592 dataset_info.py:690] Load dataset info from /data/imagenet/jax/imagenet2012/5.1.0
I0307 01:21:47.402385 140193455334592 reader.py:261] Creating a tf.data.Dataset reading 64 files located in folders: /data/imagenet/jax/imagenet2012/5.1.0.
I0307 01:21:47.450239 140193455334592 logging_logger.py:49] Constructing tf.data.Dataset imagenet2012 for split validation, from /data/imagenet/jax/imagenet2012/5.1.0
I0307 01:22:32.938628 140193455334592 spec.py:349] Evaluating on the test split.
I0307 01:22:33.422971 140193455334592 dataset_info.py:690] Load dataset info from /data/imagenet/jax/imagenet_v2/matched-frequency/3.0.0
I0307 01:22:33.493321 140193455334592 reader.py:261] Creating a tf.data.Dataset reading 16 files located in folders: /data/imagenet/jax/imagenet_v2/matched-frequency/3.0.0.
I0307 01:22:33.529760 140193455334592 logging_logger.py:49] Constructing tf.data.Dataset imagenet_v2 for split test, from /data/imagenet/jax/imagenet_v2/matched-frequency/3.0.0
I0307 01:23:05.752914 140193455334592 submission_runner.py:469] Time since start: 155.51s, 	Step: 1, 	{'train/accuracy': 0.0010363520123064518, 'train/loss': 6.9122090339660645, 'validation/accuracy': 0.0011399999493733048, 'validation/loss': 6.912380218505859, 'validation/num_examples': 50000, 'test/accuracy': 0.000800000037997961, 'test/loss': 6.912490367889404, 'test/num_examples': 10000, 'score': 56.77741193771362, 'total_duration': 155.50851035118103, 'accumulated_submission_time': 56.77741193771362, 'accumulated_eval_time': 98.73086762428284, 'accumulated_logging_time': 0}
I0307 01:23:05.780360 140037962307328 logging_writer.py:48] [1] accumulated_eval_time=98.7309, accumulated_logging_time=0, accumulated_submission_time=56.7774, global_step=1, preemption_count=0, score=56.7774, test/accuracy=0.0008, test/loss=6.91249, test/num_examples=10000, total_duration=155.509, train/accuracy=0.00103635, train/loss=6.91221, validation/accuracy=0.00114, validation/loss=6.91238, validation/num_examples=50000
I0307 01:23:41.520967 140037878445824 logging_writer.py:48] [100] global_step=100, grad_norm=0.5234072804450989, loss=6.900829792022705
I0307 01:24:17.775701 140037962307328 logging_writer.py:48] [200] global_step=200, grad_norm=0.5551756620407104, loss=6.853192329406738
I0307 01:24:54.692089 140037878445824 logging_writer.py:48] [300] global_step=300, grad_norm=0.5777081251144409, loss=6.7795939445495605
I0307 01:25:31.678075 140037962307328 logging_writer.py:48] [400] global_step=400, grad_norm=0.6118897795677185, loss=6.673569679260254
I0307 01:26:08.721575 140037878445824 logging_writer.py:48] [500] global_step=500, grad_norm=0.6404227614402771, loss=6.590590953826904
I0307 01:26:45.980948 140037962307328 logging_writer.py:48] [600] global_step=600, grad_norm=0.689333438873291, loss=6.552312850952148
I0307 01:27:23.118790 140037878445824 logging_writer.py:48] [700] global_step=700, grad_norm=0.8078746795654297, loss=6.417421340942383
I0307 01:28:00.424127 140037962307328 logging_writer.py:48] [800] global_step=800, grad_norm=0.9282330274581909, loss=6.378983497619629
I0307 01:28:38.098625 140037878445824 logging_writer.py:48] [900] global_step=900, grad_norm=1.0569809675216675, loss=6.3184638023376465
I0307 01:29:15.600756 140037962307328 logging_writer.py:48] [1000] global_step=1000, grad_norm=1.445888638496399, loss=6.210906028747559
I0307 01:29:52.203282 140037878445824 logging_writer.py:48] [1100] global_step=1100, grad_norm=1.066056489944458, loss=6.170142650604248
I0307 01:30:30.133076 140037962307328 logging_writer.py:48] [1200] global_step=1200, grad_norm=2.0602915287017822, loss=6.0996928215026855
I0307 01:31:07.760904 140037878445824 logging_writer.py:48] [1300] global_step=1300, grad_norm=2.0903351306915283, loss=6.043889999389648
I0307 01:31:35.812930 140193455334592 spec.py:321] Evaluating on the training split.
I0307 01:31:47.256058 140193455334592 spec.py:333] Evaluating on the validation split.
I0307 01:32:05.889245 140193455334592 spec.py:349] Evaluating on the test split.
I0307 01:32:07.778267 140193455334592 submission_runner.py:469] Time since start: 697.53s, 	Step: 1376, 	{'train/accuracy': 0.07517538219690323, 'train/loss': 5.3805365562438965, 'validation/accuracy': 0.06591999530792236, 'validation/loss': 5.463790416717529, 'validation/num_examples': 50000, 'test/accuracy': 0.04620000347495079, 'test/loss': 5.659274578094482, 'test/num_examples': 10000, 'score': 566.6240122318268, 'total_duration': 697.5338888168335, 'accumulated_submission_time': 566.6240122318268, 'accumulated_eval_time': 130.6961612701416, 'accumulated_logging_time': 0.050811052322387695}
I0307 01:32:07.807400 140037970700032 logging_writer.py:48] [1376] accumulated_eval_time=130.696, accumulated_logging_time=0.0508111, accumulated_submission_time=566.624, global_step=1376, preemption_count=0, score=566.624, test/accuracy=0.0462, test/loss=5.65927, test/num_examples=10000, total_duration=697.534, train/accuracy=0.0751754, train/loss=5.38054, validation/accuracy=0.06592, validation/loss=5.46379, validation/num_examples=50000
I0307 01:32:17.251223 140037979092736 logging_writer.py:48] [1400] global_step=1400, grad_norm=3.2759037017822266, loss=6.036157131195068
I0307 01:32:54.362836 140037970700032 logging_writer.py:48] [1500] global_step=1500, grad_norm=2.716587543487549, loss=5.955572128295898
I0307 01:33:31.892497 140037979092736 logging_writer.py:48] [1600] global_step=1600, grad_norm=1.8521846532821655, loss=5.84291410446167
I0307 01:34:09.607136 140037970700032 logging_writer.py:48] [1700] global_step=1700, grad_norm=3.8799102306365967, loss=5.835977554321289
I0307 01:34:47.592809 140037979092736 logging_writer.py:48] [1800] global_step=1800, grad_norm=2.969571113586426, loss=5.720129013061523
I0307 01:35:25.593160 140037970700032 logging_writer.py:48] [1900] global_step=1900, grad_norm=3.2320241928100586, loss=5.789240837097168
I0307 01:36:03.237925 140037979092736 logging_writer.py:48] [2000] global_step=2000, grad_norm=3.264753818511963, loss=5.727155685424805
I0307 01:36:41.072085 140037970700032 logging_writer.py:48] [2100] global_step=2100, grad_norm=5.363113880157471, loss=5.695248126983643
I0307 01:37:18.863690 140037979092736 logging_writer.py:48] [2200] global_step=2200, grad_norm=3.5870087146759033, loss=5.5459747314453125
I0307 01:37:56.995154 140037970700032 logging_writer.py:48] [2300] global_step=2300, grad_norm=2.552706718444824, loss=5.624959468841553
I0307 01:38:34.992324 140037979092736 logging_writer.py:48] [2400] global_step=2400, grad_norm=3.938004970550537, loss=5.557101249694824
I0307 01:39:12.717796 140037970700032 logging_writer.py:48] [2500] global_step=2500, grad_norm=4.628304958343506, loss=5.495023250579834
I0307 01:39:50.499381 140037979092736 logging_writer.py:48] [2600] global_step=2600, grad_norm=2.3482964038848877, loss=5.473128318786621
I0307 01:40:28.245569 140037970700032 logging_writer.py:48] [2700] global_step=2700, grad_norm=2.4573416709899902, loss=5.403635501861572
I0307 01:40:38.029714 140193455334592 spec.py:321] Evaluating on the training split.
I0307 01:40:49.249259 140193455334592 spec.py:333] Evaluating on the validation split.
I0307 01:41:11.208695 140193455334592 spec.py:349] Evaluating on the test split.
I0307 01:41:12.979261 140193455334592 submission_runner.py:469] Time since start: 1242.73s, 	Step: 2727, 	{'train/accuracy': 0.17757493257522583, 'train/loss': 4.3514909744262695, 'validation/accuracy': 0.15587998926639557, 'validation/loss': 4.4895405769348145, 'validation/num_examples': 50000, 'test/accuracy': 0.11400000751018524, 'test/loss': 4.868528366088867, 'test/num_examples': 10000, 'score': 1076.6900205612183, 'total_duration': 1242.7348968982697, 'accumulated_submission_time': 1076.6900205612183, 'accumulated_eval_time': 165.64567732810974, 'accumulated_logging_time': 0.09013152122497559}
I0307 01:41:13.012470 140037979092736 logging_writer.py:48] [2727] accumulated_eval_time=165.646, accumulated_logging_time=0.0901315, accumulated_submission_time=1076.69, global_step=2727, preemption_count=0, score=1076.69, test/accuracy=0.114, test/loss=4.86853, test/num_examples=10000, total_duration=1242.73, train/accuracy=0.177575, train/loss=4.35149, validation/accuracy=0.15588, validation/loss=4.48954, validation/num_examples=50000
I0307 01:41:40.980459 140037970700032 logging_writer.py:48] [2800] global_step=2800, grad_norm=3.043166160583496, loss=5.355020999908447
I0307 01:42:18.975540 140037979092736 logging_writer.py:48] [2900] global_step=2900, grad_norm=2.828509569168091, loss=5.329254150390625
I0307 01:42:57.164876 140037970700032 logging_writer.py:48] [3000] global_step=3000, grad_norm=3.3623738288879395, loss=5.258026599884033
I0307 01:43:35.360787 140037979092736 logging_writer.py:48] [3100] global_step=3100, grad_norm=3.96659517288208, loss=5.208767890930176
I0307 01:44:13.489253 140037970700032 logging_writer.py:48] [3200] global_step=3200, grad_norm=2.223341464996338, loss=5.1532368659973145
I0307 01:44:51.221557 140037979092736 logging_writer.py:48] [3300] global_step=3300, grad_norm=3.333470344543457, loss=5.1774373054504395
I0307 01:45:29.332881 140037970700032 logging_writer.py:48] [3400] global_step=3400, grad_norm=2.847597122192383, loss=5.079413890838623
I0307 01:46:07.350953 140037979092736 logging_writer.py:48] [3500] global_step=3500, grad_norm=4.607154369354248, loss=5.008060455322266
I0307 01:46:45.124315 140037970700032 logging_writer.py:48] [3600] global_step=3600, grad_norm=3.400254249572754, loss=5.030945777893066
I0307 01:47:23.425682 140037979092736 logging_writer.py:48] [3700] global_step=3700, grad_norm=3.4385275840759277, loss=5.115830898284912
I0307 01:48:01.288151 140037970700032 logging_writer.py:48] [3800] global_step=3800, grad_norm=4.39720344543457, loss=5.001437187194824
I0307 01:48:39.223804 140037979092736 logging_writer.py:48] [3900] global_step=3900, grad_norm=2.336517095565796, loss=5.017056465148926
I0307 01:49:17.241505 140037970700032 logging_writer.py:48] [4000] global_step=4000, grad_norm=4.053857326507568, loss=4.879876136779785
I0307 01:49:43.161517 140193455334592 spec.py:321] Evaluating on the training split.
I0307 01:49:54.981542 140193455334592 spec.py:333] Evaluating on the validation split.
I0307 01:50:19.791388 140193455334592 spec.py:349] Evaluating on the test split.
I0307 01:50:21.563508 140193455334592 submission_runner.py:469] Time since start: 1791.32s, 	Step: 4069, 	{'train/accuracy': 0.2766461968421936, 'train/loss': 3.614423990249634, 'validation/accuracy': 0.24368000030517578, 'validation/loss': 3.810802698135376, 'validation/num_examples': 50000, 'test/accuracy': 0.18240000307559967, 'test/loss': 4.323792457580566, 'test/num_examples': 10000, 'score': 1586.6931998729706, 'total_duration': 1791.3191423416138, 'accumulated_submission_time': 1586.6931998729706, 'accumulated_eval_time': 204.0476369857788, 'accumulated_logging_time': 0.13822722434997559}
I0307 01:50:21.572046 140037979092736 logging_writer.py:48] [4069] accumulated_eval_time=204.048, accumulated_logging_time=0.138227, accumulated_submission_time=1586.69, global_step=4069, preemption_count=0, score=1586.69, test/accuracy=0.1824, test/loss=4.32379, test/num_examples=10000, total_duration=1791.32, train/accuracy=0.276646, train/loss=3.61442, validation/accuracy=0.24368, validation/loss=3.8108, validation/num_examples=50000
I0307 01:50:33.409682 140037970700032 logging_writer.py:48] [4100] global_step=4100, grad_norm=3.658281087875366, loss=4.9273552894592285
I0307 01:51:11.105262 140037979092736 logging_writer.py:48] [4200] global_step=4200, grad_norm=2.7295942306518555, loss=4.915234565734863
I0307 01:51:48.793599 140037970700032 logging_writer.py:48] [4300] global_step=4300, grad_norm=4.027954578399658, loss=4.771026134490967
I0307 01:52:26.850138 140037979092736 logging_writer.py:48] [4400] global_step=4400, grad_norm=2.96286940574646, loss=4.7569427490234375
I0307 01:53:04.921740 140037970700032 logging_writer.py:48] [4500] global_step=4500, grad_norm=3.319542646408081, loss=4.717616081237793
I0307 01:53:42.739598 140037979092736 logging_writer.py:48] [4600] global_step=4600, grad_norm=3.1852924823760986, loss=4.783652305603027
I0307 01:54:20.554695 140037970700032 logging_writer.py:48] [4700] global_step=4700, grad_norm=5.63408899307251, loss=4.735825538635254
I0307 01:54:57.746945 140037979092736 logging_writer.py:48] [4800] global_step=4800, grad_norm=2.7855794429779053, loss=4.654168128967285
I0307 01:55:35.417834 140037970700032 logging_writer.py:48] [4900] global_step=4900, grad_norm=2.846698522567749, loss=4.634674549102783
I0307 01:56:13.138653 140037979092736 logging_writer.py:48] [5000] global_step=5000, grad_norm=3.4421277046203613, loss=4.659769058227539
I0307 01:56:51.189424 140037970700032 logging_writer.py:48] [5100] global_step=5100, grad_norm=3.3600356578826904, loss=4.61761474609375
I0307 01:57:29.053232 140037979092736 logging_writer.py:48] [5200] global_step=5200, grad_norm=3.4694101810455322, loss=4.587634086608887
I0307 01:58:07.005484 140037970700032 logging_writer.py:48] [5300] global_step=5300, grad_norm=3.6507060527801514, loss=4.515063285827637
I0307 01:58:44.882839 140037979092736 logging_writer.py:48] [5400] global_step=5400, grad_norm=4.436784267425537, loss=4.577516555786133
I0307 01:58:51.689463 140193455334592 spec.py:321] Evaluating on the training split.
I0307 01:59:02.949558 140193455334592 spec.py:333] Evaluating on the validation split.
I0307 01:59:24.512358 140193455334592 spec.py:349] Evaluating on the test split.
I0307 01:59:26.274304 140193455334592 submission_runner.py:469] Time since start: 2336.03s, 	Step: 5419, 	{'train/accuracy': 0.3655931055545807, 'train/loss': 3.089827299118042, 'validation/accuracy': 0.3305799961090088, 'validation/loss': 3.288238763809204, 'validation/num_examples': 50000, 'test/accuracy': 0.248400017619133, 'test/loss': 3.8467321395874023, 'test/num_examples': 10000, 'score': 2096.669495820999, 'total_duration': 2336.029908657074, 'accumulated_submission_time': 2096.669495820999, 'accumulated_eval_time': 238.6324110031128, 'accumulated_logging_time': 0.15430474281311035}
I0307 01:59:26.283554 140037970700032 logging_writer.py:48] [5419] accumulated_eval_time=238.632, accumulated_logging_time=0.154305, accumulated_submission_time=2096.67, global_step=5419, preemption_count=0, score=2096.67, test/accuracy=0.2484, test/loss=3.84673, test/num_examples=10000, total_duration=2336.03, train/accuracy=0.365593, train/loss=3.08983, validation/accuracy=0.33058, validation/loss=3.28824, validation/num_examples=50000
I0307 01:59:57.312973 140037979092736 logging_writer.py:48] [5500] global_step=5500, grad_norm=3.0063164234161377, loss=4.5344672203063965
I0307 02:00:35.464478 140037970700032 logging_writer.py:48] [5600] global_step=5600, grad_norm=3.270338535308838, loss=4.456847190856934
I0307 02:01:13.419220 140037979092736 logging_writer.py:48] [5700] global_step=5700, grad_norm=4.64353609085083, loss=4.446441650390625
I0307 02:01:50.841045 140037970700032 logging_writer.py:48] [5800] global_step=5800, grad_norm=3.4084856510162354, loss=4.347734451293945
I0307 02:02:28.775588 140037979092736 logging_writer.py:48] [5900] global_step=5900, grad_norm=2.673964738845825, loss=4.412464618682861
I0307 02:03:06.583707 140037970700032 logging_writer.py:48] [6000] global_step=6000, grad_norm=3.6198503971099854, loss=4.421947002410889
I0307 02:03:44.509516 140037979092736 logging_writer.py:48] [6100] global_step=6100, grad_norm=2.5725507736206055, loss=4.37348747253418
I0307 02:04:22.525031 140037970700032 logging_writer.py:48] [6200] global_step=6200, grad_norm=4.270666122436523, loss=4.283581256866455
I0307 02:05:00.224439 140037979092736 logging_writer.py:48] [6300] global_step=6300, grad_norm=3.0861117839813232, loss=4.265393257141113
I0307 02:05:38.561520 140037970700032 logging_writer.py:48] [6400] global_step=6400, grad_norm=2.9524011611938477, loss=4.302163124084473
I0307 02:06:16.364894 140037979092736 logging_writer.py:48] [6500] global_step=6500, grad_norm=4.18333101272583, loss=4.284548282623291
I0307 02:06:54.726696 140037970700032 logging_writer.py:48] [6600] global_step=6600, grad_norm=2.6208572387695312, loss=4.298776149749756
I0307 02:07:33.001860 140037979092736 logging_writer.py:48] [6700] global_step=6700, grad_norm=3.5869579315185547, loss=4.333835124969482
I0307 02:07:56.320780 140193455334592 spec.py:321] Evaluating on the training split.
I0307 02:08:08.521497 140193455334592 spec.py:333] Evaluating on the validation split.
I0307 02:08:30.841226 140193455334592 spec.py:349] Evaluating on the test split.
I0307 02:08:32.669880 140193455334592 submission_runner.py:469] Time since start: 2882.43s, 	Step: 6763, 	{'train/accuracy': 0.4204599857330322, 'train/loss': 2.8091726303100586, 'validation/accuracy': 0.38106000423431396, 'validation/loss': 2.999786138534546, 'validation/num_examples': 50000, 'test/accuracy': 0.2891000211238861, 'test/loss': 3.566889524459839, 'test/num_examples': 10000, 'score': 2606.5659952163696, 'total_duration': 2882.425507545471, 'accumulated_submission_time': 2606.5659952163696, 'accumulated_eval_time': 274.9814684391022, 'accumulated_logging_time': 0.17117547988891602}
I0307 02:08:32.694320 140037970700032 logging_writer.py:48] [6763] accumulated_eval_time=274.981, accumulated_logging_time=0.171175, accumulated_submission_time=2606.57, global_step=6763, preemption_count=0, score=2606.57, test/accuracy=0.2891, test/loss=3.56689, test/num_examples=10000, total_duration=2882.43, train/accuracy=0.42046, train/loss=2.80917, validation/accuracy=0.38106, validation/loss=2.99979, validation/num_examples=50000
I0307 02:08:46.984473 140037979092736 logging_writer.py:48] [6800] global_step=6800, grad_norm=4.10227632522583, loss=4.274785041809082
I0307 02:09:25.063147 140037970700032 logging_writer.py:48] [6900] global_step=6900, grad_norm=2.1307895183563232, loss=4.2013139724731445
I0307 02:10:03.093235 140037979092736 logging_writer.py:48] [7000] global_step=7000, grad_norm=2.9111452102661133, loss=4.186390399932861
I0307 02:10:40.716764 140037970700032 logging_writer.py:48] [7100] global_step=7100, grad_norm=2.5854263305664062, loss=4.230979919433594
I0307 02:11:18.877278 140037979092736 logging_writer.py:48] [7200] global_step=7200, grad_norm=3.440683126449585, loss=4.196336269378662
I0307 02:11:56.650189 140037970700032 logging_writer.py:48] [7300] global_step=7300, grad_norm=3.4606964588165283, loss=4.142154216766357
I0307 02:12:34.463836 140037979092736 logging_writer.py:48] [7400] global_step=7400, grad_norm=3.4727189540863037, loss=4.239586353302002
I0307 02:13:12.189083 140037970700032 logging_writer.py:48] [7500] global_step=7500, grad_norm=1.9445196390151978, loss=4.050028324127197
I0307 02:13:49.752068 140037979092736 logging_writer.py:48] [7600] global_step=7600, grad_norm=2.821279525756836, loss=4.094062805175781
I0307 02:14:27.599904 140037970700032 logging_writer.py:48] [7700] global_step=7700, grad_norm=2.8811562061309814, loss=4.072533130645752
I0307 02:15:05.448866 140037979092736 logging_writer.py:48] [7800] global_step=7800, grad_norm=2.6684393882751465, loss=4.055704593658447
I0307 02:15:43.255666 140037970700032 logging_writer.py:48] [7900] global_step=7900, grad_norm=2.719998836517334, loss=4.079675674438477
I0307 02:16:20.909144 140037979092736 logging_writer.py:48] [8000] global_step=8000, grad_norm=2.0624170303344727, loss=3.9947495460510254
I0307 02:16:58.409064 140037970700032 logging_writer.py:48] [8100] global_step=8100, grad_norm=2.2702720165252686, loss=4.001492500305176
I0307 02:17:02.935296 140193455334592 spec.py:321] Evaluating on the training split.
I0307 02:17:15.389045 140193455334592 spec.py:333] Evaluating on the validation split.
I0307 02:17:37.677083 140193455334592 spec.py:349] Evaluating on the test split.
I0307 02:17:39.503506 140193455334592 submission_runner.py:469] Time since start: 3429.26s, 	Step: 8113, 	{'train/accuracy': 0.48084741830825806, 'train/loss': 2.4457743167877197, 'validation/accuracy': 0.43751999735832214, 'validation/loss': 2.665273666381836, 'validation/num_examples': 50000, 'test/accuracy': 0.3246000111103058, 'test/loss': 3.3327462673187256, 'test/num_examples': 10000, 'score': 3116.6582701206207, 'total_duration': 3429.259141921997, 'accumulated_submission_time': 3116.6582701206207, 'accumulated_eval_time': 311.5496428012848, 'accumulated_logging_time': 0.21140384674072266}
I0307 02:17:39.544939 140037979092736 logging_writer.py:48] [8113] accumulated_eval_time=311.55, accumulated_logging_time=0.211404, accumulated_submission_time=3116.66, global_step=8113, preemption_count=0, score=3116.66, test/accuracy=0.3246, test/loss=3.33275, test/num_examples=10000, total_duration=3429.26, train/accuracy=0.480847, train/loss=2.44577, validation/accuracy=0.43752, validation/loss=2.66527, validation/num_examples=50000
I0307 02:18:12.675778 140037970700032 logging_writer.py:48] [8200] global_step=8200, grad_norm=3.428694248199463, loss=4.050724983215332
I0307 02:18:49.966257 140037979092736 logging_writer.py:48] [8300] global_step=8300, grad_norm=2.5629138946533203, loss=4.0784993171691895
I0307 02:19:27.920355 140037970700032 logging_writer.py:48] [8400] global_step=8400, grad_norm=3.1850738525390625, loss=3.997913122177124
I0307 02:20:05.755259 140037979092736 logging_writer.py:48] [8500] global_step=8500, grad_norm=2.570688486099243, loss=4.044434547424316
I0307 02:20:43.695431 140037970700032 logging_writer.py:48] [8600] global_step=8600, grad_norm=2.3306655883789062, loss=3.982194662094116
I0307 02:21:21.678193 140037979092736 logging_writer.py:48] [8700] global_step=8700, grad_norm=2.7488603591918945, loss=4.04287052154541
I0307 02:21:59.544166 140037970700032 logging_writer.py:48] [8800] global_step=8800, grad_norm=3.428046226501465, loss=3.969768524169922
I0307 02:22:37.541571 140037979092736 logging_writer.py:48] [8900] global_step=8900, grad_norm=2.6299519538879395, loss=3.9595072269439697
I0307 02:23:15.425448 140037970700032 logging_writer.py:48] [9000] global_step=9000, grad_norm=3.7419207096099854, loss=3.9485645294189453
I0307 02:23:53.276071 140037979092736 logging_writer.py:48] [9100] global_step=9100, grad_norm=2.1691701412200928, loss=3.9665708541870117
I0307 02:24:31.282155 140037970700032 logging_writer.py:48] [9200] global_step=9200, grad_norm=3.0848731994628906, loss=4.043812274932861
I0307 02:25:09.448886 140037979092736 logging_writer.py:48] [9300] global_step=9300, grad_norm=3.0680322647094727, loss=4.024289608001709
I0307 02:25:47.506645 140037970700032 logging_writer.py:48] [9400] global_step=9400, grad_norm=2.8121914863586426, loss=3.902655601501465
I0307 02:26:09.812995 140193455334592 spec.py:321] Evaluating on the training split.
I0307 02:26:25.916939 140193455334592 spec.py:333] Evaluating on the validation split.
I0307 02:26:46.269255 140193455334592 spec.py:349] Evaluating on the test split.
I0307 02:26:48.095795 140193455334592 submission_runner.py:469] Time since start: 3977.85s, 	Step: 9460, 	{'train/accuracy': 0.5285794138908386, 'train/loss': 2.2446634769439697, 'validation/accuracy': 0.48409998416900635, 'validation/loss': 2.468783140182495, 'validation/num_examples': 50000, 'test/accuracy': 0.3736000061035156, 'test/loss': 3.1164748668670654, 'test/num_examples': 10000, 'score': 3626.7777016162872, 'total_duration': 3977.8514297008514, 'accumulated_submission_time': 3626.7777016162872, 'accumulated_eval_time': 349.83240580558777, 'accumulated_logging_time': 0.26887059211730957}
I0307 02:26:48.167891 140037979092736 logging_writer.py:48] [9460] accumulated_eval_time=349.832, accumulated_logging_time=0.268871, accumulated_submission_time=3626.78, global_step=9460, preemption_count=0, score=3626.78, test/accuracy=0.3736, test/loss=3.11647, test/num_examples=10000, total_duration=3977.85, train/accuracy=0.528579, train/loss=2.24466, validation/accuracy=0.4841, validation/loss=2.46878, validation/num_examples=50000
I0307 02:27:03.761020 140037970700032 logging_writer.py:48] [9500] global_step=9500, grad_norm=2.1604294776916504, loss=3.8633265495300293
I0307 02:27:41.936873 140037979092736 logging_writer.py:48] [9600] global_step=9600, grad_norm=2.372802495956421, loss=3.8623032569885254
I0307 02:28:19.942301 140037970700032 logging_writer.py:48] [9700] global_step=9700, grad_norm=1.8177146911621094, loss=3.849874258041382
I0307 02:28:57.962147 140037979092736 logging_writer.py:48] [9800] global_step=9800, grad_norm=1.8981666564941406, loss=3.945690631866455
I0307 02:29:36.170715 140037970700032 logging_writer.py:48] [9900] global_step=9900, grad_norm=3.0240015983581543, loss=3.9025766849517822
I0307 02:30:13.855060 140037979092736 logging_writer.py:48] [10000] global_step=10000, grad_norm=2.0842092037200928, loss=3.859515905380249
I0307 02:30:51.246738 140037970700032 logging_writer.py:48] [10100] global_step=10100, grad_norm=2.4406256675720215, loss=3.8314638137817383
I0307 02:31:28.502152 140037979092736 logging_writer.py:48] [10200] global_step=10200, grad_norm=2.9567513465881348, loss=3.8714756965637207
I0307 02:32:05.824467 140037970700032 logging_writer.py:48] [10300] global_step=10300, grad_norm=2.1220526695251465, loss=3.90175724029541
I0307 02:32:43.278768 140037979092736 logging_writer.py:48] [10400] global_step=10400, grad_norm=2.954631805419922, loss=3.8198375701904297
I0307 02:33:21.111886 140037970700032 logging_writer.py:48] [10500] global_step=10500, grad_norm=2.2272768020629883, loss=3.8123185634613037
I0307 02:33:58.817833 140037979092736 logging_writer.py:48] [10600] global_step=10600, grad_norm=2.6520159244537354, loss=3.7597553730010986
I0307 02:34:37.097267 140037970700032 logging_writer.py:48] [10700] global_step=10700, grad_norm=2.397832155227661, loss=3.8356587886810303
I0307 02:35:14.997042 140037979092736 logging_writer.py:48] [10800] global_step=10800, grad_norm=2.2839155197143555, loss=3.771136999130249
I0307 02:35:18.144310 140193455334592 spec.py:321] Evaluating on the training split.
I0307 02:35:32.642801 140193455334592 spec.py:333] Evaluating on the validation split.
I0307 02:35:54.721545 140193455334592 spec.py:349] Evaluating on the test split.
I0307 02:35:56.520252 140193455334592 submission_runner.py:469] Time since start: 4526.28s, 	Step: 10809, 	{'train/accuracy': 0.5678810477256775, 'train/loss': 2.0701522827148438, 'validation/accuracy': 0.5170199871063232, 'validation/loss': 2.3050551414489746, 'validation/num_examples': 50000, 'test/accuracy': 0.4020000100135803, 'test/loss': 2.9642550945281982, 'test/num_examples': 10000, 'score': 4136.579527139664, 'total_duration': 4526.2758820056915, 'accumulated_submission_time': 4136.579527139664, 'accumulated_eval_time': 388.20830941200256, 'accumulated_logging_time': 0.3499281406402588}
I0307 02:35:56.576609 140037970700032 logging_writer.py:48] [10809] accumulated_eval_time=388.208, accumulated_logging_time=0.349928, accumulated_submission_time=4136.58, global_step=10809, preemption_count=0, score=4136.58, test/accuracy=0.402, test/loss=2.96426, test/num_examples=10000, total_duration=4526.28, train/accuracy=0.567881, train/loss=2.07015, validation/accuracy=0.51702, validation/loss=2.30506, validation/num_examples=50000
I0307 02:36:31.247598 140037979092736 logging_writer.py:48] [10900] global_step=10900, grad_norm=2.7096364498138428, loss=3.7908453941345215
I0307 02:37:09.437543 140037970700032 logging_writer.py:48] [11000] global_step=11000, grad_norm=2.3809027671813965, loss=3.785276174545288
I0307 02:37:47.210786 140037979092736 logging_writer.py:48] [11100] global_step=11100, grad_norm=2.1366658210754395, loss=3.8126039505004883
I0307 02:38:25.413838 140037970700032 logging_writer.py:48] [11200] global_step=11200, grad_norm=1.988178014755249, loss=3.711254119873047
I0307 02:39:02.947180 140037979092736 logging_writer.py:48] [11300] global_step=11300, grad_norm=2.0891873836517334, loss=3.730285406112671
I0307 02:39:40.926337 140037970700032 logging_writer.py:48] [11400] global_step=11400, grad_norm=1.3859895467758179, loss=3.7518105506896973
I0307 02:40:18.898403 140037979092736 logging_writer.py:48] [11500] global_step=11500, grad_norm=2.2930779457092285, loss=3.717841625213623
I0307 02:40:57.303908 140037970700032 logging_writer.py:48] [11600] global_step=11600, grad_norm=1.5166605710983276, loss=3.73187518119812
I0307 02:41:34.736171 140037979092736 logging_writer.py:48] [11700] global_step=11700, grad_norm=1.6190530061721802, loss=3.6786956787109375
I0307 02:42:12.689963 140037970700032 logging_writer.py:48] [11800] global_step=11800, grad_norm=1.5855119228363037, loss=3.7182445526123047
I0307 02:42:50.771736 140037979092736 logging_writer.py:48] [11900] global_step=11900, grad_norm=1.7111461162567139, loss=3.718628406524658
I0307 02:43:28.400180 140037970700032 logging_writer.py:48] [12000] global_step=12000, grad_norm=1.8445122241973877, loss=3.620121955871582
I0307 02:44:06.702833 140037979092736 logging_writer.py:48] [12100] global_step=12100, grad_norm=2.50344181060791, loss=3.693915367126465
I0307 02:44:26.909230 140193455334592 spec.py:321] Evaluating on the training split.
I0307 02:44:41.943137 140193455334592 spec.py:333] Evaluating on the validation split.
I0307 02:45:04.081687 140193455334592 spec.py:349] Evaluating on the test split.
I0307 02:45:05.896294 140193455334592 submission_runner.py:469] Time since start: 5075.65s, 	Step: 12154, 	{'train/accuracy': 0.5869140625, 'train/loss': 1.9589930772781372, 'validation/accuracy': 0.5384199619293213, 'validation/loss': 2.18542218208313, 'validation/num_examples': 50000, 'test/accuracy': 0.415800005197525, 'test/loss': 2.8328115940093994, 'test/num_examples': 10000, 'score': 4646.768032312393, 'total_duration': 5075.651927471161, 'accumulated_submission_time': 4646.768032312393, 'accumulated_eval_time': 427.195335149765, 'accumulated_logging_time': 0.4144785404205322}
I0307 02:45:05.933130 140037970700032 logging_writer.py:48] [12154] accumulated_eval_time=427.195, accumulated_logging_time=0.414479, accumulated_submission_time=4646.77, global_step=12154, preemption_count=0, score=4646.77, test/accuracy=0.4158, test/loss=2.83281, test/num_examples=10000, total_duration=5075.65, train/accuracy=0.586914, train/loss=1.95899, validation/accuracy=0.53842, validation/loss=2.18542, validation/num_examples=50000
I0307 02:45:23.912429 140037979092736 logging_writer.py:48] [12200] global_step=12200, grad_norm=1.5320229530334473, loss=3.726120710372925
I0307 02:46:01.888627 140037970700032 logging_writer.py:48] [12300] global_step=12300, grad_norm=1.4005937576293945, loss=3.6749229431152344
I0307 02:46:39.545136 140037979092736 logging_writer.py:48] [12400] global_step=12400, grad_norm=1.9241281747817993, loss=3.7039904594421387
I0307 02:47:21.093579 140037970700032 logging_writer.py:48] [12500] global_step=12500, grad_norm=1.9584795236587524, loss=3.7142701148986816
I0307 02:48:00.304986 140037979092736 logging_writer.py:48] [12600] global_step=12600, grad_norm=1.535382628440857, loss=3.7254714965820312
I0307 02:48:39.688004 140037970700032 logging_writer.py:48] [12700] global_step=12700, grad_norm=1.7804570198059082, loss=3.6782045364379883
I0307 02:49:18.746759 140037979092736 logging_writer.py:48] [12800] global_step=12800, grad_norm=1.530698299407959, loss=3.6589415073394775
I0307 02:49:58.967906 140037970700032 logging_writer.py:48] [12900] global_step=12900, grad_norm=2.2322921752929688, loss=3.5851340293884277
I0307 02:50:36.879471 140037979092736 logging_writer.py:48] [13000] global_step=13000, grad_norm=1.8157082796096802, loss=3.571838140487671
I0307 02:51:14.735758 140037970700032 logging_writer.py:48] [13100] global_step=13100, grad_norm=1.8503730297088623, loss=3.6027731895446777
I0307 02:51:53.001835 140037979092736 logging_writer.py:48] [13200] global_step=13200, grad_norm=1.499841332435608, loss=3.65380597114563
I0307 02:52:51.620670 140037970700032 logging_writer.py:48] [13300] global_step=13300, grad_norm=1.4299637079238892, loss=3.608633518218994
I0307 02:53:36.132888 140193455334592 spec.py:321] Evaluating on the training split.
I0307 02:53:53.116631 140193455334592 spec.py:333] Evaluating on the validation split.
I0307 02:54:17.206900 140193455334592 spec.py:349] Evaluating on the test split.
I0307 02:54:18.976647 140193455334592 submission_runner.py:469] Time since start: 5628.73s, 	Step: 13364, 	{'train/accuracy': 0.6243223547935486, 'train/loss': 1.831497311592102, 'validation/accuracy': 0.5644599795341492, 'validation/loss': 2.0840139389038086, 'validation/num_examples': 50000, 'test/accuracy': 0.4473000168800354, 'test/loss': 2.7294445037841797, 'test/num_examples': 10000, 'score': 5156.835231304169, 'total_duration': 5628.732272863388, 'accumulated_submission_time': 5156.835231304169, 'accumulated_eval_time': 470.03906059265137, 'accumulated_logging_time': 0.4597651958465576}
I0307 02:54:19.046832 140037979092736 logging_writer.py:48] [13364] accumulated_eval_time=470.039, accumulated_logging_time=0.459765, accumulated_submission_time=5156.84, global_step=13364, preemption_count=0, score=5156.84, test/accuracy=0.4473, test/loss=2.72944, test/num_examples=10000, total_duration=5628.73, train/accuracy=0.624322, train/loss=1.8315, validation/accuracy=0.56446, validation/loss=2.08401, validation/num_examples=50000
I0307 02:54:32.893932 140037970700032 logging_writer.py:48] [13400] global_step=13400, grad_norm=1.975096583366394, loss=3.574321985244751
I0307 02:55:26.398557 140037979092736 logging_writer.py:48] [13500] global_step=13500, grad_norm=1.7782515287399292, loss=3.5935137271881104
I0307 02:56:03.411564 140037970700032 logging_writer.py:48] [13600] global_step=13600, grad_norm=1.9489936828613281, loss=3.5310776233673096
I0307 02:57:04.742970 140037979092736 logging_writer.py:48] [13700] global_step=13700, grad_norm=1.7190099954605103, loss=3.581510305404663
I0307 02:58:05.182975 140037970700032 logging_writer.py:48] [13800] global_step=13800, grad_norm=1.3385413885116577, loss=3.6132001876831055
I0307 02:58:53.540743 140037979092736 logging_writer.py:48] [13900] global_step=13900, grad_norm=1.6020909547805786, loss=3.570549726486206
I0307 02:59:32.049749 140037970700032 logging_writer.py:48] [14000] global_step=14000, grad_norm=1.6875730752944946, loss=3.574589252471924
I0307 03:00:10.292689 140037979092736 logging_writer.py:48] [14100] global_step=14100, grad_norm=1.5187982320785522, loss=3.5696725845336914
I0307 03:00:48.441587 140037970700032 logging_writer.py:48] [14200] global_step=14200, grad_norm=1.847206950187683, loss=3.5896167755126953
I0307 03:01:26.691005 140037979092736 logging_writer.py:48] [14300] global_step=14300, grad_norm=1.2057225704193115, loss=3.567290782928467
I0307 03:02:04.901244 140037970700032 logging_writer.py:48] [14400] global_step=14400, grad_norm=1.8454787731170654, loss=3.4714338779449463
I0307 03:02:42.518848 140037979092736 logging_writer.py:48] [14500] global_step=14500, grad_norm=2.43772292137146, loss=3.52703595161438
I0307 03:02:49.178351 140193455334592 spec.py:321] Evaluating on the training split.
I0307 03:03:04.085741 140193455334592 spec.py:333] Evaluating on the validation split.
I0307 03:03:26.004516 140193455334592 spec.py:349] Evaluating on the test split.
I0307 03:03:27.795674 140193455334592 submission_runner.py:469] Time since start: 6177.55s, 	Step: 14519, 	{'train/accuracy': 0.6479790806770325, 'train/loss': 1.6753435134887695, 'validation/accuracy': 0.5806999802589417, 'validation/loss': 1.978210687637329, 'validation/num_examples': 50000, 'test/accuracy': 0.45730000734329224, 'test/loss': 2.624202013015747, 'test/num_examples': 10000, 'score': 5666.841965913773, 'total_duration': 6177.551301240921, 'accumulated_submission_time': 5666.841965913773, 'accumulated_eval_time': 508.65633749961853, 'accumulated_logging_time': 0.5429282188415527}
I0307 03:03:27.830688 140037970700032 logging_writer.py:48] [14519] accumulated_eval_time=508.656, accumulated_logging_time=0.542928, accumulated_submission_time=5666.84, global_step=14519, preemption_count=0, score=5666.84, test/accuracy=0.4573, test/loss=2.6242, test/num_examples=10000, total_duration=6177.55, train/accuracy=0.647979, train/loss=1.67534, validation/accuracy=0.5807, validation/loss=1.97821, validation/num_examples=50000
I0307 03:03:59.153762 140037979092736 logging_writer.py:48] [14600] global_step=14600, grad_norm=1.6446208953857422, loss=3.557651996612549
I0307 03:04:39.991209 140037970700032 logging_writer.py:48] [14700] global_step=14700, grad_norm=1.4212093353271484, loss=3.5517234802246094
I0307 03:05:18.398166 140037979092736 logging_writer.py:48] [14800] global_step=14800, grad_norm=1.4031046628952026, loss=3.4306044578552246
I0307 03:05:58.328979 140037970700032 logging_writer.py:48] [14900] global_step=14900, grad_norm=1.582120656967163, loss=3.5190625190734863
I0307 03:07:00.932648 140037979092736 logging_writer.py:48] [15000] global_step=15000, grad_norm=1.7378047704696655, loss=3.48000168800354
I0307 03:07:52.153114 140037970700032 logging_writer.py:48] [15100] global_step=15100, grad_norm=1.5676041841506958, loss=3.5580263137817383
I0307 03:08:47.223159 140037979092736 logging_writer.py:48] [15200] global_step=15200, grad_norm=1.5427684783935547, loss=3.617147445678711
I0307 03:09:31.910687 140037970700032 logging_writer.py:48] [15300] global_step=15300, grad_norm=1.48090398311615, loss=3.459869384765625
I0307 03:10:09.249607 140037979092736 logging_writer.py:48] [15400] global_step=15400, grad_norm=1.5108182430267334, loss=3.6641507148742676
I0307 03:10:47.087701 140037970700032 logging_writer.py:48] [15500] global_step=15500, grad_norm=1.8693093061447144, loss=3.494507312774658
I0307 03:11:24.811819 140037979092736 logging_writer.py:48] [15600] global_step=15600, grad_norm=1.5092134475708008, loss=3.5701189041137695
I0307 03:11:58.147479 140193455334592 spec.py:321] Evaluating on the training split.
I0307 03:12:12.614366 140193455334592 spec.py:333] Evaluating on the validation split.
I0307 03:12:35.084367 140193455334592 spec.py:349] Evaluating on the test split.
I0307 03:12:36.846375 140193455334592 submission_runner.py:469] Time since start: 6726.60s, 	Step: 15688, 	{'train/accuracy': 0.6679089665412903, 'train/loss': 1.5840985774993896, 'validation/accuracy': 0.5860399603843689, 'validation/loss': 1.958055853843689, 'validation/num_examples': 50000, 'test/accuracy': 0.4653000235557556, 'test/loss': 2.608912706375122, 'test/num_examples': 10000, 'score': 6177.019730329514, 'total_duration': 6726.601873874664, 'accumulated_submission_time': 6177.019730329514, 'accumulated_eval_time': 547.355060338974, 'accumulated_logging_time': 0.5853581428527832}
I0307 03:12:36.894897 140037970700032 logging_writer.py:48] [15688] accumulated_eval_time=547.355, accumulated_logging_time=0.585358, accumulated_submission_time=6177.02, global_step=15688, preemption_count=0, score=6177.02, test/accuracy=0.4653, test/loss=2.60891, test/num_examples=10000, total_duration=6726.6, train/accuracy=0.667909, train/loss=1.5841, validation/accuracy=0.58604, validation/loss=1.95806, validation/num_examples=50000
I0307 03:12:41.963234 140037979092736 logging_writer.py:48] [15700] global_step=15700, grad_norm=1.3400816917419434, loss=3.480011463165283
I0307 03:13:21.854414 140037970700032 logging_writer.py:48] [15800] global_step=15800, grad_norm=1.9140582084655762, loss=3.4937050342559814
I0307 03:13:59.868006 140037979092736 logging_writer.py:48] [15900] global_step=15900, grad_norm=2.6380765438079834, loss=3.558422803878784
I0307 03:14:37.932683 140037970700032 logging_writer.py:48] [16000] global_step=16000, grad_norm=1.2460588216781616, loss=3.498680353164673
I0307 03:15:15.847029 140037979092736 logging_writer.py:48] [16100] global_step=16100, grad_norm=1.559982419013977, loss=3.5377278327941895
I0307 03:15:53.915105 140037970700032 logging_writer.py:48] [16200] global_step=16200, grad_norm=1.269002914428711, loss=3.484586715698242
I0307 03:16:37.610994 140037979092736 logging_writer.py:48] [16300] global_step=16300, grad_norm=1.4832550287246704, loss=3.5313708782196045
I0307 03:17:17.235924 140037970700032 logging_writer.py:48] [16400] global_step=16400, grad_norm=2.1990530490875244, loss=3.6255834102630615
I0307 03:17:55.044578 140037979092736 logging_writer.py:48] [16500] global_step=16500, grad_norm=1.4691762924194336, loss=3.4670214653015137
I0307 03:18:33.640232 140037970700032 logging_writer.py:48] [16600] global_step=16600, grad_norm=1.144323706626892, loss=3.4300997257232666
I0307 03:19:12.285696 140037979092736 logging_writer.py:48] [16700] global_step=16700, grad_norm=1.2996915578842163, loss=3.374150037765503
I0307 03:19:50.611108 140037970700032 logging_writer.py:48] [16800] global_step=16800, grad_norm=1.6194285154342651, loss=3.5562257766723633
I0307 03:20:28.122564 140037979092736 logging_writer.py:48] [16900] global_step=16900, grad_norm=2.085568904876709, loss=3.4757156372070312
I0307 03:21:06.864190 140037970700032 logging_writer.py:48] [17000] global_step=17000, grad_norm=1.4178245067596436, loss=3.3884222507476807
I0307 03:21:06.877252 140193455334592 spec.py:321] Evaluating on the training split.
I0307 03:21:20.009831 140193455334592 spec.py:333] Evaluating on the validation split.
I0307 03:21:42.000761 140193455334592 spec.py:349] Evaluating on the test split.
I0307 03:21:43.928325 140193455334592 submission_runner.py:469] Time since start: 7273.68s, 	Step: 17001, 	{'train/accuracy': 0.6952925324440002, 'train/loss': 1.5021928548812866, 'validation/accuracy': 0.6085799932479858, 'validation/loss': 1.8874375820159912, 'validation/num_examples': 50000, 'test/accuracy': 0.4807000160217285, 'test/loss': 2.53777813911438, 'test/num_examples': 10000, 'score': 6686.868481636047, 'total_duration': 7273.683918714523, 'accumulated_submission_time': 6686.868481636047, 'accumulated_eval_time': 584.4060409069061, 'accumulated_logging_time': 0.6412758827209473}
I0307 03:21:43.973674 140037979092736 logging_writer.py:48] [17001] accumulated_eval_time=584.406, accumulated_logging_time=0.641276, accumulated_submission_time=6686.87, global_step=17001, preemption_count=0, score=6686.87, test/accuracy=0.4807, test/loss=2.53778, test/num_examples=10000, total_duration=7273.68, train/accuracy=0.695293, train/loss=1.50219, validation/accuracy=0.60858, validation/loss=1.88744, validation/num_examples=50000
I0307 03:22:31.956138 140037970700032 logging_writer.py:48] [17100] global_step=17100, grad_norm=1.573938250541687, loss=3.512843608856201
I0307 03:23:35.154227 140037979092736 logging_writer.py:48] [17200] global_step=17200, grad_norm=1.5314669609069824, loss=3.492629051208496
I0307 03:24:16.374321 140037970700032 logging_writer.py:48] [17300] global_step=17300, grad_norm=1.585599660873413, loss=3.3388941287994385
I0307 03:24:54.624295 140037979092736 logging_writer.py:48] [17400] global_step=17400, grad_norm=1.3549517393112183, loss=3.436070680618286
I0307 03:25:33.200324 140037970700032 logging_writer.py:48] [17500] global_step=17500, grad_norm=1.379331350326538, loss=3.4698688983917236
I0307 03:26:11.039128 140037979092736 logging_writer.py:48] [17600] global_step=17600, grad_norm=1.2553820610046387, loss=3.526965618133545
I0307 03:26:49.899387 140037970700032 logging_writer.py:48] [17700] global_step=17700, grad_norm=1.500980019569397, loss=3.4243388175964355
I0307 03:27:28.225262 140037979092736 logging_writer.py:48] [17800] global_step=17800, grad_norm=1.6706396341323853, loss=3.4638099670410156
I0307 03:28:06.877278 140037970700032 logging_writer.py:48] [17900] global_step=17900, grad_norm=1.434637188911438, loss=3.4665679931640625
I0307 03:28:45.356401 140037979092736 logging_writer.py:48] [18000] global_step=18000, grad_norm=1.4793100357055664, loss=3.4049978256225586
I0307 03:29:23.966183 140037970700032 logging_writer.py:48] [18100] global_step=18100, grad_norm=1.412007451057434, loss=3.43015718460083
I0307 03:30:02.381368 140037979092736 logging_writer.py:48] [18200] global_step=18200, grad_norm=1.694487452507019, loss=3.373950481414795
I0307 03:30:13.934981 140193455334592 spec.py:321] Evaluating on the training split.
I0307 03:30:28.928529 140193455334592 spec.py:333] Evaluating on the validation split.
I0307 03:30:50.215446 140193455334592 spec.py:349] Evaluating on the test split.
