python submission_runner.py --framework=jax --workload=imagenet_resnet --submission_path=prize_qualification_baselines/external_tuning/jax_nadamw_full_budget.py --data_dir=/data/imagenet/jax --num_tuning_trials=1 --experiment_dir=/experiment_runs --experiment_name=submissions/rolling_leaderboard/external_tuning/baseline/study_0 --overwrite=True --save_checkpoints=False --rng_seed=-243557195 --imagenet_v2_data_dir=/data/imagenet/jax --tuning_ruleset=external --tuning_search_space=prize_qualification_baselines/external_tuning/tuning_search_space.json --num_tuning_trials=5 --hparam_start_index=3 --hparam_end_index=4 2>&1 | tee -a /logs/imagenet_resnet_jax_03-07-2025-02-00-52.log
2025-03-07 02:01:09.081881: E external/local_xla/xla/stream_executor/cuda/cuda_fft.cc:477] Unable to register cuFFT factory: Attempting to register factory for plugin cuFFT when one has already been registered
WARNING: All log messages before absl::InitializeLog() is called are written to STDERR
E0000 00:00:1741312869.728856       9 cuda_dnn.cc:8310] Unable to register cuDNN factory: Attempting to register factory for plugin cuDNN when one has already been registered
E0000 00:00:1741312869.898644       9 cuda_blas.cc:1418] Unable to register cuBLAS factory: Attempting to register factory for plugin cuBLAS when one has already been registered
ERROR:root:Unable to import wandb.
Traceback (most recent call last):
  File "/algorithmic-efficiency/algoperf/logger_utils.py", line 27, in <module>
    import wandb  # pylint: disable=g-import-not-at-top
    ^^^^^^^^^^^^
ModuleNotFoundError: No module named 'wandb'
I0307 02:01:57.698277 139912818214080 logger_utils.py:81] Creating experiment directory at /experiment_runs/submissions/rolling_leaderboard/external_tuning/baseline/study_0/imagenet_resnet_jax.
I0307 02:02:00.399203 139912818214080 xla_bridge.py:884] Unable to initialize backend 'rocm': NOT_FOUND: Could not find registered platform with name: "rocm". Available platform names are: CUDA
I0307 02:02:00.402463 139912818214080 xla_bridge.py:884] Unable to initialize backend 'tpu': INTERNAL: Failed to open libtpu.so: libtpu.so: cannot open shared object file: No such file or directory
I0307 02:02:00.418101 139912818214080 submission_runner.py:606] Using RNG seed -243557195
I0307 02:02:05.670565 139912818214080 submission_runner.py:615] --- Tuning run 4/5 ---
I0307 02:02:05.670777 139912818214080 submission_runner.py:620] Creating tuning directory at /experiment_runs/submissions/rolling_leaderboard/external_tuning/baseline/study_0/imagenet_resnet_jax/trial_4.
I0307 02:02:05.670981 139912818214080 logger_utils.py:97] Saving hparams to /experiment_runs/submissions/rolling_leaderboard/external_tuning/baseline/study_0/imagenet_resnet_jax/trial_4/hparams.json.
I0307 02:02:05.906062 139912818214080 submission_runner.py:218] Initializing dataset.
I0307 02:02:07.292597 139912818214080 dataset_info.py:690] Load dataset info from /data/imagenet/jax/imagenet2012/5.1.0
I0307 02:02:07.658067 139912818214080 reader.py:261] Creating a tf.data.Dataset reading 1024 files located in folders: /data/imagenet/jax/imagenet2012/5.1.0.
I0307 02:02:08.023682 139912818214080 logging_logger.py:49] Constructing tf.data.Dataset imagenet2012 for split train, from /data/imagenet/jax/imagenet2012/5.1.0
I0307 02:02:09.644895 139912818214080 submission_runner.py:229] Initializing model.
I0307 02:02:33.337126 139912818214080 submission_runner.py:272] Initializing optimizer.
I0307 02:02:34.416632 139912818214080 submission_runner.py:279] Initializing metrics bundle.
I0307 02:02:34.416856 139912818214080 submission_runner.py:301] Initializing checkpoint and logger.
I0307 02:02:34.417883 139912818214080 checkpoints.py:1101] Found no checkpoint files in /experiment_runs/submissions/rolling_leaderboard/external_tuning/baseline/study_0/imagenet_resnet_jax/trial_4 with prefix checkpoint_
I0307 02:02:34.417984 139912818214080 submission_runner.py:321] Saving meta data to /experiment_runs/submissions/rolling_leaderboard/external_tuning/baseline/study_0/imagenet_resnet_jax/trial_4/meta_data_0.json.
I0307 02:02:35.044325 139912818214080 submission_runner.py:325] Saving flags to /experiment_runs/submissions/rolling_leaderboard/external_tuning/baseline/study_0/imagenet_resnet_jax/trial_4/flags_0.json.
I0307 02:02:35.369628 139912818214080 submission_runner.py:337] Starting training loop.
I0307 02:03:34.971930 139776402831104 logging_writer.py:48] [0] global_step=0, grad_norm=0.6946976184844971, loss=6.915707111358643
I0307 02:03:35.270097 139912818214080 spec.py:321] Evaluating on the training split.
I0307 02:03:35.754400 139912818214080 dataset_info.py:690] Load dataset info from /data/imagenet/jax/imagenet2012/5.1.0
I0307 02:03:35.779888 139912818214080 reader.py:261] Creating a tf.data.Dataset reading 1024 files located in folders: /data/imagenet/jax/imagenet2012/5.1.0.
I0307 02:03:35.823800 139912818214080 logging_logger.py:49] Constructing tf.data.Dataset imagenet2012 for split train, from /data/imagenet/jax/imagenet2012/5.1.0
I0307 02:03:55.285441 139912818214080 spec.py:333] Evaluating on the validation split.
I0307 02:03:55.742132 139912818214080 dataset_info.py:690] Load dataset info from /data/imagenet/jax/imagenet2012/5.1.0
I0307 02:03:55.750262 139912818214080 reader.py:261] Creating a tf.data.Dataset reading 64 files located in folders: /data/imagenet/jax/imagenet2012/5.1.0.
I0307 02:03:55.788398 139912818214080 logging_logger.py:49] Constructing tf.data.Dataset imagenet2012 for split validation, from /data/imagenet/jax/imagenet2012/5.1.0
I0307 02:04:32.447957 139912818214080 spec.py:349] Evaluating on the test split.
I0307 02:04:32.911932 139912818214080 dataset_info.py:690] Load dataset info from /data/imagenet/jax/imagenet_v2/matched-frequency/3.0.0
I0307 02:04:32.932018 139912818214080 reader.py:261] Creating a tf.data.Dataset reading 16 files located in folders: /data/imagenet/jax/imagenet_v2/matched-frequency/3.0.0.
I0307 02:04:32.968209 139912818214080 logging_logger.py:49] Constructing tf.data.Dataset imagenet_v2 for split test, from /data/imagenet/jax/imagenet_v2/matched-frequency/3.0.0
I0307 02:04:50.524236 139912818214080 submission_runner.py:469] Time since start: 135.15s, 	Step: 1, 	{'train/accuracy': 0.001215720665641129, 'train/loss': 6.912454128265381, 'validation/accuracy': 0.0012400000123307109, 'validation/loss': 6.913532257080078, 'validation/num_examples': 50000, 'test/accuracy': 0.0013000001199543476, 'test/loss': 6.913326263427734, 'test/num_examples': 10000, 'score': 59.900206565856934, 'total_duration': 135.1545467376709, 'accumulated_submission_time': 59.900206565856934, 'accumulated_eval_time': 75.25408744812012, 'accumulated_logging_time': 0}
I0307 02:04:50.572924 139758051235584 logging_writer.py:48] [1] accumulated_eval_time=75.2541, accumulated_logging_time=0, accumulated_submission_time=59.9002, global_step=1, preemption_count=0, score=59.9002, test/accuracy=0.0013, test/loss=6.91333, test/num_examples=10000, total_duration=135.155, train/accuracy=0.00121572, train/loss=6.91245, validation/accuracy=0.00124, validation/loss=6.91353, validation/num_examples=50000
I0307 02:05:26.367888 139757766047488 logging_writer.py:48] [100] global_step=100, grad_norm=0.7728766202926636, loss=6.634190082550049
I0307 02:06:03.717038 139758051235584 logging_writer.py:48] [200] global_step=200, grad_norm=0.9815942049026489, loss=6.34224796295166
I0307 02:06:40.910214 139757766047488 logging_writer.py:48] [300] global_step=300, grad_norm=3.0840625762939453, loss=6.057109832763672
I0307 02:07:18.417245 139758051235584 logging_writer.py:48] [400] global_step=400, grad_norm=2.0276601314544678, loss=5.815421104431152
I0307 02:07:56.915672 139757766047488 logging_writer.py:48] [500] global_step=500, grad_norm=2.221343994140625, loss=5.615054130554199
I0307 02:08:34.830031 139758051235584 logging_writer.py:48] [600] global_step=600, grad_norm=3.9221272468566895, loss=5.384097099304199
I0307 02:09:12.356080 139757766047488 logging_writer.py:48] [700] global_step=700, grad_norm=4.063136577606201, loss=5.1528730392456055
I0307 02:09:49.747876 139758051235584 logging_writer.py:48] [800] global_step=800, grad_norm=4.697947025299072, loss=5.069684982299805
I0307 02:10:26.770912 139757766047488 logging_writer.py:48] [900] global_step=900, grad_norm=5.483761787414551, loss=4.846164703369141
I0307 02:11:03.914674 139758051235584 logging_writer.py:48] [1000] global_step=1000, grad_norm=3.059831380844116, loss=4.686249256134033
I0307 02:11:41.512141 139757766047488 logging_writer.py:48] [1100] global_step=1100, grad_norm=4.317841529846191, loss=4.512338638305664
I0307 02:12:19.354524 139758051235584 logging_writer.py:48] [1200] global_step=1200, grad_norm=3.7860772609710693, loss=4.374645709991455
I0307 02:12:56.283624 139757766047488 logging_writer.py:48] [1300] global_step=1300, grad_norm=3.3556692600250244, loss=4.382840156555176
I0307 02:13:20.545092 139912818214080 spec.py:321] Evaluating on the training split.
I0307 02:13:32.835738 139912818214080 spec.py:333] Evaluating on the validation split.
I0307 02:13:52.189590 139912818214080 spec.py:349] Evaluating on the test split.
I0307 02:13:54.085296 139912818214080 submission_runner.py:469] Time since start: 678.72s, 	Step: 1366, 	{'train/accuracy': 0.20770886540412903, 'train/loss': 3.9941461086273193, 'validation/accuracy': 0.16985999047756195, 'validation/loss': 4.296290397644043, 'validation/num_examples': 50000, 'test/accuracy': 0.12450000643730164, 'test/loss': 4.820620059967041, 'test/num_examples': 10000, 'score': 569.6955945491791, 'total_duration': 678.7156174182892, 'accumulated_submission_time': 569.6955945491791, 'accumulated_eval_time': 108.79424858093262, 'accumulated_logging_time': 0.05858349800109863}
I0307 02:13:54.126490 139758059628288 logging_writer.py:48] [1366] accumulated_eval_time=108.794, accumulated_logging_time=0.0585835, accumulated_submission_time=569.696, global_step=1366, preemption_count=0, score=569.696, test/accuracy=0.1245, test/loss=4.82062, test/num_examples=10000, total_duration=678.716, train/accuracy=0.207709, train/loss=3.99415, validation/accuracy=0.16986, validation/loss=4.29629, validation/num_examples=50000
I0307 02:14:07.700563 139758068020992 logging_writer.py:48] [1400] global_step=1400, grad_norm=2.6026368141174316, loss=4.135376930236816
I0307 02:14:45.574091 139758059628288 logging_writer.py:48] [1500] global_step=1500, grad_norm=2.5639851093292236, loss=4.063507556915283
I0307 02:15:22.845498 139758068020992 logging_writer.py:48] [1600] global_step=1600, grad_norm=2.4365456104278564, loss=3.9866466522216797
I0307 02:15:59.937486 139758059628288 logging_writer.py:48] [1700] global_step=1700, grad_norm=2.269394636154175, loss=3.8879780769348145
I0307 02:16:37.900016 139758068020992 logging_writer.py:48] [1800] global_step=1800, grad_norm=2.7958271503448486, loss=3.883391857147217
I0307 02:17:16.217075 139758059628288 logging_writer.py:48] [1900] global_step=1900, grad_norm=2.9436557292938232, loss=3.632798910140991
I0307 02:17:54.001218 139758068020992 logging_writer.py:48] [2000] global_step=2000, grad_norm=1.8883562088012695, loss=3.6005771160125732
I0307 02:18:32.350553 139758059628288 logging_writer.py:48] [2100] global_step=2100, grad_norm=1.9437057971954346, loss=3.4453396797180176
I0307 02:19:10.475507 139758068020992 logging_writer.py:48] [2200] global_step=2200, grad_norm=1.6743836402893066, loss=3.5972750186920166
I0307 02:19:49.089350 139758059628288 logging_writer.py:48] [2300] global_step=2300, grad_norm=1.2957677841186523, loss=3.4296281337738037
I0307 02:20:27.595427 139758068020992 logging_writer.py:48] [2400] global_step=2400, grad_norm=1.4167505502700806, loss=3.3227503299713135
I0307 02:21:05.460485 139758059628288 logging_writer.py:48] [2500] global_step=2500, grad_norm=1.5029813051223755, loss=3.33232045173645
I0307 02:21:43.260001 139758068020992 logging_writer.py:48] [2600] global_step=2600, grad_norm=1.7266746759414673, loss=3.2195160388946533
I0307 02:22:21.589317 139758059628288 logging_writer.py:48] [2700] global_step=2700, grad_norm=1.4234811067581177, loss=3.2198362350463867
I0307 02:22:24.235208 139912818214080 spec.py:321] Evaluating on the training split.
I0307 02:22:35.922615 139912818214080 spec.py:333] Evaluating on the validation split.
I0307 02:22:56.199946 139912818214080 spec.py:349] Evaluating on the test split.
I0307 02:22:57.987088 139912818214080 submission_runner.py:469] Time since start: 1222.62s, 	Step: 2708, 	{'train/accuracy': 0.36136797070503235, 'train/loss': 2.944725513458252, 'validation/accuracy': 0.3172000050544739, 'validation/loss': 3.2365479469299316, 'validation/num_examples': 50000, 'test/accuracy': 0.24220001697540283, 'test/loss': 3.8796088695526123, 'test/num_examples': 10000, 'score': 1079.633470773697, 'total_duration': 1222.617424249649, 'accumulated_submission_time': 1079.633470773697, 'accumulated_eval_time': 142.54613542556763, 'accumulated_logging_time': 0.1194760799407959}
I0307 02:22:58.049683 139758068020992 logging_writer.py:48] [2708] accumulated_eval_time=142.546, accumulated_logging_time=0.119476, accumulated_submission_time=1079.63, global_step=2708, preemption_count=0, score=1079.63, test/accuracy=0.2422, test/loss=3.87961, test/num_examples=10000, total_duration=1222.62, train/accuracy=0.361368, train/loss=2.94473, validation/accuracy=0.3172, validation/loss=3.23655, validation/num_examples=50000
I0307 02:23:33.944300 139758059628288 logging_writer.py:48] [2800] global_step=2800, grad_norm=1.6418713331222534, loss=3.2664287090301514
I0307 02:24:12.071916 139758068020992 logging_writer.py:48] [2900] global_step=2900, grad_norm=1.3375234603881836, loss=3.1417832374572754
I0307 02:24:50.520395 139758059628288 logging_writer.py:48] [3000] global_step=3000, grad_norm=1.4083198308944702, loss=3.0847573280334473
I0307 02:25:28.890322 139758068020992 logging_writer.py:48] [3100] global_step=3100, grad_norm=1.247686743736267, loss=3.1509273052215576
I0307 02:26:06.941630 139758059628288 logging_writer.py:48] [3200] global_step=3200, grad_norm=1.2523598670959473, loss=3.1461191177368164
I0307 02:26:44.970834 139758068020992 logging_writer.py:48] [3300] global_step=3300, grad_norm=0.8036287426948547, loss=3.132944107055664
I0307 02:27:23.173482 139758059628288 logging_writer.py:48] [3400] global_step=3400, grad_norm=1.066952109336853, loss=3.0697832107543945
I0307 02:28:01.907747 139758068020992 logging_writer.py:48] [3500] global_step=3500, grad_norm=1.2480298280715942, loss=3.014158248901367
I0307 02:28:40.644961 139758059628288 logging_writer.py:48] [3600] global_step=3600, grad_norm=1.4495993852615356, loss=3.0892863273620605
I0307 02:29:18.998986 139758068020992 logging_writer.py:48] [3700] global_step=3700, grad_norm=1.2954999208450317, loss=3.0760912895202637
I0307 02:29:57.137501 139758059628288 logging_writer.py:48] [3800] global_step=3800, grad_norm=1.0565897226333618, loss=3.0394437313079834
I0307 02:30:35.477914 139758068020992 logging_writer.py:48] [3900] global_step=3900, grad_norm=1.090119481086731, loss=2.905395984649658
I0307 02:31:13.910395 139758059628288 logging_writer.py:48] [4000] global_step=4000, grad_norm=1.0410985946655273, loss=2.9894237518310547
I0307 02:31:28.106270 139912818214080 spec.py:321] Evaluating on the training split.
I0307 02:31:39.135214 139912818214080 spec.py:333] Evaluating on the validation split.
I0307 02:32:04.487341 139912818214080 spec.py:349] Evaluating on the test split.
I0307 02:32:06.240924 139912818214080 submission_runner.py:469] Time since start: 1770.87s, 	Step: 4038, 	{'train/accuracy': 0.3820551633834839, 'train/loss': 2.8290624618530273, 'validation/accuracy': 0.3379199802875519, 'validation/loss': 3.129014253616333, 'validation/num_examples': 50000, 'test/accuracy': 0.2587999999523163, 'test/loss': 3.7857720851898193, 'test/num_examples': 10000, 'score': 1589.5423862934113, 'total_duration': 1770.871235370636, 'accumulated_submission_time': 1589.5423862934113, 'accumulated_eval_time': 180.68074917793274, 'accumulated_logging_time': 0.1895906925201416}
I0307 02:32:06.316200 139758068020992 logging_writer.py:48] [4038] accumulated_eval_time=180.681, accumulated_logging_time=0.189591, accumulated_submission_time=1589.54, global_step=4038, preemption_count=0, score=1589.54, test/accuracy=0.2588, test/loss=3.78577, test/num_examples=10000, total_duration=1770.87, train/accuracy=0.382055, train/loss=2.82906, validation/accuracy=0.33792, validation/loss=3.12901, validation/num_examples=50000
I0307 02:32:30.518222 139758059628288 logging_writer.py:48] [4100] global_step=4100, grad_norm=1.0169122219085693, loss=2.905254602432251
I0307 02:33:08.894227 139758068020992 logging_writer.py:48] [4200] global_step=4200, grad_norm=0.9860024452209473, loss=2.7767772674560547
I0307 02:33:47.085154 139758059628288 logging_writer.py:48] [4300] global_step=4300, grad_norm=0.8043678998947144, loss=2.713853597640991
I0307 02:34:24.868265 139758068020992 logging_writer.py:48] [4400] global_step=4400, grad_norm=0.9511049389839172, loss=2.8857944011688232
I0307 02:35:02.873450 139758059628288 logging_writer.py:48] [4500] global_step=4500, grad_norm=0.9254606366157532, loss=2.876573324203491
I0307 02:35:41.538779 139758068020992 logging_writer.py:48] [4600] global_step=4600, grad_norm=1.054808497428894, loss=2.659437656402588
I0307 02:36:19.455730 139758059628288 logging_writer.py:48] [4700] global_step=4700, grad_norm=0.8269445300102234, loss=2.8874874114990234
I0307 02:36:57.068673 139758068020992 logging_writer.py:48] [4800] global_step=4800, grad_norm=0.9769624471664429, loss=2.752598285675049
I0307 02:37:34.446174 139758059628288 logging_writer.py:48] [4900] global_step=4900, grad_norm=0.811073899269104, loss=2.713742971420288
I0307 02:38:12.636046 139758068020992 logging_writer.py:48] [5000] global_step=5000, grad_norm=0.8501906394958496, loss=2.828981876373291
I0307 02:38:50.804813 139758059628288 logging_writer.py:48] [5100] global_step=5100, grad_norm=0.7948657870292664, loss=2.6356518268585205
I0307 02:39:29.235548 139758068020992 logging_writer.py:48] [5200] global_step=5200, grad_norm=0.7570860385894775, loss=2.7075252532958984
I0307 02:40:07.612692 139758059628288 logging_writer.py:48] [5300] global_step=5300, grad_norm=0.7886649370193481, loss=2.6001288890838623
I0307 02:40:36.551330 139912818214080 spec.py:321] Evaluating on the training split.
I0307 02:40:48.736781 139912818214080 spec.py:333] Evaluating on the validation split.
I0307 02:41:05.706384 139912818214080 spec.py:349] Evaluating on the test split.
I0307 02:41:07.520437 139912818214080 submission_runner.py:469] Time since start: 2312.15s, 	Step: 5376, 	{'train/accuracy': 0.3952885866165161, 'train/loss': 2.7969157695770264, 'validation/accuracy': 0.3600800037384033, 'validation/loss': 3.0530054569244385, 'validation/num_examples': 50000, 'test/accuracy': 0.2687000036239624, 'test/loss': 3.796846389770508, 'test/num_examples': 10000, 'score': 2099.603739500046, 'total_duration': 2312.1507647037506, 'accumulated_submission_time': 2099.603739500046, 'accumulated_eval_time': 211.6498167514801, 'accumulated_logging_time': 0.2729067802429199}
I0307 02:41:07.561784 139758068020992 logging_writer.py:48] [5376] accumulated_eval_time=211.65, accumulated_logging_time=0.272907, accumulated_submission_time=2099.6, global_step=5376, preemption_count=0, score=2099.6, test/accuracy=0.2687, test/loss=3.79685, test/num_examples=10000, total_duration=2312.15, train/accuracy=0.395289, train/loss=2.79692, validation/accuracy=0.36008, validation/loss=3.05301, validation/num_examples=50000
I0307 02:41:17.815190 139758059628288 logging_writer.py:48] [5400] global_step=5400, grad_norm=0.9124351143836975, loss=2.8521881103515625
I0307 02:41:56.066306 139758068020992 logging_writer.py:48] [5500] global_step=5500, grad_norm=1.0751885175704956, loss=2.762965440750122
I0307 02:42:34.367516 139758059628288 logging_writer.py:48] [5600] global_step=5600, grad_norm=0.7825811505317688, loss=2.6291401386260986
I0307 02:43:12.856703 139758068020992 logging_writer.py:48] [5700] global_step=5700, grad_norm=0.9061416387557983, loss=2.7534914016723633
I0307 02:43:51.272445 139758059628288 logging_writer.py:48] [5800] global_step=5800, grad_norm=1.0483819246292114, loss=2.6011643409729004
I0307 02:44:29.525056 139758068020992 logging_writer.py:48] [5900] global_step=5900, grad_norm=1.0094887018203735, loss=2.680372714996338
I0307 02:45:07.684413 139758059628288 logging_writer.py:48] [6000] global_step=6000, grad_norm=1.0121995210647583, loss=2.594963312149048
I0307 02:45:45.990508 139758068020992 logging_writer.py:48] [6100] global_step=6100, grad_norm=0.887662410736084, loss=2.7721285820007324
I0307 02:46:24.246415 139758059628288 logging_writer.py:48] [6200] global_step=6200, grad_norm=1.0111689567565918, loss=2.639348268508911
I0307 02:47:02.764415 139758068020992 logging_writer.py:48] [6300] global_step=6300, grad_norm=0.9423186182975769, loss=2.6785988807678223
I0307 02:47:41.475462 139758059628288 logging_writer.py:48] [6400] global_step=6400, grad_norm=1.1826982498168945, loss=2.6290438175201416
I0307 02:48:19.704159 139758068020992 logging_writer.py:48] [6500] global_step=6500, grad_norm=1.026168942451477, loss=2.6591670513153076
I0307 02:48:58.157345 139758059628288 logging_writer.py:48] [6600] global_step=6600, grad_norm=0.8994242548942566, loss=2.5145630836486816
I0307 02:49:36.123292 139758068020992 logging_writer.py:48] [6700] global_step=6700, grad_norm=0.9866331219673157, loss=2.594265937805176
I0307 02:49:37.587482 139912818214080 spec.py:321] Evaluating on the training split.
I0307 02:49:48.693419 139912818214080 spec.py:333] Evaluating on the validation split.
I0307 02:50:10.296701 139912818214080 spec.py:349] Evaluating on the test split.
I0307 02:50:12.042098 139912818214080 submission_runner.py:469] Time since start: 2856.67s, 	Step: 6705, 	{'train/accuracy': 0.3795439898967743, 'train/loss': 2.885197877883911, 'validation/accuracy': 0.3422999978065491, 'validation/loss': 3.1532857418060303, 'validation/num_examples': 50000, 'test/accuracy': 0.26500001549720764, 'test/loss': 3.8443524837493896, 'test/num_examples': 10000, 'score': 2609.510282754898, 'total_duration': 2856.672435760498, 'accumulated_submission_time': 2609.510282754898, 'accumulated_eval_time': 246.10440015792847, 'accumulated_logging_time': 0.3231070041656494}
I0307 02:50:12.108225 139758059628288 logging_writer.py:48] [6705] accumulated_eval_time=246.104, accumulated_logging_time=0.323107, accumulated_submission_time=2609.51, global_step=6705, preemption_count=0, score=2609.51, test/accuracy=0.265, test/loss=3.84435, test/num_examples=10000, total_duration=2856.67, train/accuracy=0.379544, train/loss=2.8852, validation/accuracy=0.3423, validation/loss=3.15329, validation/num_examples=50000
I0307 02:50:49.459417 139758068020992 logging_writer.py:48] [6800] global_step=6800, grad_norm=1.02024245262146, loss=2.510742664337158
I0307 02:51:27.938588 139758059628288 logging_writer.py:48] [6900] global_step=6900, grad_norm=0.9795167446136475, loss=2.6603970527648926
I0307 02:52:06.078887 139758068020992 logging_writer.py:48] [7000] global_step=7000, grad_norm=0.981857180595398, loss=2.518887758255005
I0307 02:52:44.733072 139758059628288 logging_writer.py:48] [7100] global_step=7100, grad_norm=1.0625063180923462, loss=2.547548532485962
I0307 02:53:23.526831 139758068020992 logging_writer.py:48] [7200] global_step=7200, grad_norm=0.9976794719696045, loss=2.619595527648926
I0307 02:54:02.388527 139758059628288 logging_writer.py:48] [7300] global_step=7300, grad_norm=1.0733163356781006, loss=2.562089443206787
I0307 02:54:41.066320 139758068020992 logging_writer.py:48] [7400] global_step=7400, grad_norm=1.0281156301498413, loss=2.516477108001709
I0307 02:55:19.525896 139758059628288 logging_writer.py:48] [7500] global_step=7500, grad_norm=1.0199410915374756, loss=2.3647308349609375
I0307 02:55:58.177710 139758068020992 logging_writer.py:48] [7600] global_step=7600, grad_norm=1.0385414361953735, loss=2.5341997146606445
I0307 02:56:36.318120 139758059628288 logging_writer.py:48] [7700] global_step=7700, grad_norm=0.8760400414466858, loss=2.4927120208740234
I0307 02:57:14.442873 139758068020992 logging_writer.py:48] [7800] global_step=7800, grad_norm=0.871783971786499, loss=2.524312734603882
I0307 02:57:52.796113 139758059628288 logging_writer.py:48] [7900] global_step=7900, grad_norm=0.9463509917259216, loss=2.527015209197998
I0307 02:58:31.278222 139758068020992 logging_writer.py:48] [8000] global_step=8000, grad_norm=0.8967171907424927, loss=2.5327320098876953
I0307 02:58:42.380991 139912818214080 spec.py:321] Evaluating on the training split.
I0307 02:58:52.564250 139912818214080 spec.py:333] Evaluating on the validation split.
I0307 02:59:12.316941 139912818214080 spec.py:349] Evaluating on the test split.
I0307 02:59:14.093375 139912818214080 submission_runner.py:469] Time since start: 3398.72s, 	Step: 8030, 	{'train/accuracy': 0.4034598171710968, 'train/loss': 2.741560697555542, 'validation/accuracy': 0.36569997668266296, 'validation/loss': 2.990696907043457, 'validation/num_examples': 50000, 'test/accuracy': 0.28060001134872437, 'test/loss': 3.71583890914917, 'test/num_examples': 10000, 'score': 3119.6531267166138, 'total_duration': 3398.7237045764923, 'accumulated_submission_time': 3119.6531267166138, 'accumulated_eval_time': 277.8167440891266, 'accumulated_logging_time': 0.39674830436706543}
I0307 02:59:14.152916 139758059628288 logging_writer.py:48] [8030] accumulated_eval_time=277.817, accumulated_logging_time=0.396748, accumulated_submission_time=3119.65, global_step=8030, preemption_count=0, score=3119.65, test/accuracy=0.2806, test/loss=3.71584, test/num_examples=10000, total_duration=3398.72, train/accuracy=0.40346, train/loss=2.74156, validation/accuracy=0.3657, validation/loss=2.9907, validation/num_examples=50000
I0307 02:59:41.955687 139758068020992 logging_writer.py:48] [8100] global_step=8100, grad_norm=0.9963287115097046, loss=2.720071315765381
I0307 03:00:20.601367 139758059628288 logging_writer.py:48] [8200] global_step=8200, grad_norm=1.0188071727752686, loss=2.5665202140808105
I0307 03:00:59.195589 139758068020992 logging_writer.py:48] [8300] global_step=8300, grad_norm=1.0505388975143433, loss=2.582043170928955
I0307 03:01:37.581918 139758059628288 logging_writer.py:48] [8400] global_step=8400, grad_norm=1.001813292503357, loss=2.6142678260803223
I0307 03:02:15.719981 139758068020992 logging_writer.py:48] [8500] global_step=8500, grad_norm=1.0521714687347412, loss=2.490706205368042
I0307 03:02:53.902977 139758059628288 logging_writer.py:48] [8600] global_step=8600, grad_norm=1.0800445079803467, loss=2.3414981365203857
I0307 03:03:32.654674 139758068020992 logging_writer.py:48] [8700] global_step=8700, grad_norm=1.0290268659591675, loss=2.4393045902252197
I0307 03:04:10.803686 139758059628288 logging_writer.py:48] [8800] global_step=8800, grad_norm=1.003983736038208, loss=2.5482919216156006
I0307 03:04:48.534927 139758068020992 logging_writer.py:48] [8900] global_step=8900, grad_norm=1.0632116794586182, loss=2.5673489570617676
I0307 03:05:26.694479 139758059628288 logging_writer.py:48] [9000] global_step=9000, grad_norm=1.0348011255264282, loss=2.5402023792266846
I0307 03:06:04.886020 139758068020992 logging_writer.py:48] [9100] global_step=9100, grad_norm=1.080451250076294, loss=2.5102598667144775
I0307 03:06:43.120794 139758059628288 logging_writer.py:48] [9200] global_step=9200, grad_norm=0.9762240052223206, loss=2.5731005668640137
I0307 03:07:21.287895 139758068020992 logging_writer.py:48] [9300] global_step=9300, grad_norm=1.0196142196655273, loss=2.450197219848633
I0307 03:07:44.239300 139912818214080 spec.py:321] Evaluating on the training split.
I0307 03:07:55.103424 139912818214080 spec.py:333] Evaluating on the validation split.
I0307 03:08:15.653634 139912818214080 spec.py:349] Evaluating on the test split.
I0307 03:08:17.427760 139912818214080 submission_runner.py:469] Time since start: 3942.06s, 	Step: 9361, 	{'train/accuracy': 0.42532286047935486, 'train/loss': 2.592045307159424, 'validation/accuracy': 0.3952599763870239, 'validation/loss': 2.8141472339630127, 'validation/num_examples': 50000, 'test/accuracy': 0.30320000648498535, 'test/loss': 3.5196926593780518, 'test/num_examples': 10000, 'score': 3629.6068353652954, 'total_duration': 3942.0580966472626, 'accumulated_submission_time': 3629.6068353652954, 'accumulated_eval_time': 311.00517106056213, 'accumulated_logging_time': 0.46403074264526367}
I0307 03:08:17.512737 139758059628288 logging_writer.py:48] [9361] accumulated_eval_time=311.005, accumulated_logging_time=0.464031, accumulated_submission_time=3629.61, global_step=9361, preemption_count=0, score=3629.61, test/accuracy=0.3032, test/loss=3.51969, test/num_examples=10000, total_duration=3942.06, train/accuracy=0.425323, train/loss=2.59205, validation/accuracy=0.39526, validation/loss=2.81415, validation/num_examples=50000
I0307 03:08:33.144478 139758068020992 logging_writer.py:48] [9400] global_step=9400, grad_norm=0.9214341640472412, loss=2.492410182952881
I0307 03:09:10.785051 139758059628288 logging_writer.py:48] [9500] global_step=9500, grad_norm=0.9321130514144897, loss=2.4808449745178223
I0307 03:09:48.770203 139758068020992 logging_writer.py:48] [9600] global_step=9600, grad_norm=0.8917825818061829, loss=2.3970155715942383
I0307 03:10:26.731955 139758059628288 logging_writer.py:48] [9700] global_step=9700, grad_norm=0.9706562161445618, loss=2.4480834007263184
I0307 03:11:04.737468 139758068020992 logging_writer.py:48] [9800] global_step=9800, grad_norm=1.0891633033752441, loss=2.577706813812256
I0307 03:11:42.947211 139758059628288 logging_writer.py:48] [9900] global_step=9900, grad_norm=1.2010400295257568, loss=2.4047064781188965
I0307 03:12:20.967398 139758068020992 logging_writer.py:48] [10000] global_step=10000, grad_norm=0.9673588871955872, loss=2.482598304748535
I0307 03:12:59.490587 139758059628288 logging_writer.py:48] [10100] global_step=10100, grad_norm=0.9454172253608704, loss=2.313436269760132
I0307 03:13:37.653360 139758068020992 logging_writer.py:48] [10200] global_step=10200, grad_norm=1.0942317247390747, loss=2.5349040031433105
I0307 03:14:15.582262 139758059628288 logging_writer.py:48] [10300] global_step=10300, grad_norm=1.0825426578521729, loss=2.3752875328063965
I0307 03:14:53.913518 139758068020992 logging_writer.py:48] [10400] global_step=10400, grad_norm=0.9728896021842957, loss=2.518528461456299
I0307 03:15:31.859447 139758059628288 logging_writer.py:48] [10500] global_step=10500, grad_norm=0.9653340578079224, loss=2.4300472736358643
I0307 03:16:10.138163 139758068020992 logging_writer.py:48] [10600] global_step=10600, grad_norm=1.124367594718933, loss=2.498835325241089
I0307 03:16:47.574403 139912818214080 spec.py:321] Evaluating on the training split.
I0307 03:16:59.250313 139912818214080 spec.py:333] Evaluating on the validation split.
I0307 03:17:21.011599 139912818214080 spec.py:349] Evaluating on the test split.
I0307 03:17:22.789457 139912818214080 submission_runner.py:469] Time since start: 4487.42s, 	Step: 10698, 	{'train/accuracy': 0.3426339328289032, 'train/loss': 3.183932065963745, 'validation/accuracy': 0.31365999579429626, 'validation/loss': 3.3830549716949463, 'validation/num_examples': 50000, 'test/accuracy': 0.24160000681877136, 'test/loss': 4.124727725982666, 'test/num_examples': 10000, 'score': 4139.5288438797, 'total_duration': 4487.41979265213, 'accumulated_submission_time': 4139.5288438797, 'accumulated_eval_time': 346.22021484375, 'accumulated_logging_time': 0.5639228820800781}
I0307 03:17:22.830143 139758059628288 logging_writer.py:48] [10698] accumulated_eval_time=346.22, accumulated_logging_time=0.563923, accumulated_submission_time=4139.53, global_step=10698, preemption_count=0, score=4139.53, test/accuracy=0.2416, test/loss=4.12473, test/num_examples=10000, total_duration=4487.42, train/accuracy=0.342634, train/loss=3.18393, validation/accuracy=0.31366, validation/loss=3.38305, validation/num_examples=50000
I0307 03:17:24.659974 139758068020992 logging_writer.py:48] [10700] global_step=10700, grad_norm=1.134416937828064, loss=2.324169874191284
I0307 03:18:02.662023 139758059628288 logging_writer.py:48] [10800] global_step=10800, grad_norm=1.042404294013977, loss=2.402256488800049
I0307 03:18:41.065922 139758068020992 logging_writer.py:48] [10900] global_step=10900, grad_norm=0.9952085018157959, loss=2.3075613975524902
I0307 03:19:19.368650 139758059628288 logging_writer.py:48] [11000] global_step=11000, grad_norm=1.1718679666519165, loss=2.491591453552246
I0307 03:19:56.740738 139758068020992 logging_writer.py:48] [11100] global_step=11100, grad_norm=0.9854239821434021, loss=2.3743629455566406
I0307 03:20:33.876300 139758059628288 logging_writer.py:48] [11200] global_step=11200, grad_norm=1.141517996788025, loss=2.5729849338531494
I0307 03:21:11.879783 139758068020992 logging_writer.py:48] [11300] global_step=11300, grad_norm=0.9225113987922668, loss=2.4342610836029053
I0307 03:21:49.103032 139758059628288 logging_writer.py:48] [11400] global_step=11400, grad_norm=1.0418806076049805, loss=2.4758989810943604
I0307 03:22:53.540621 139758068020992 logging_writer.py:48] [11500] global_step=11500, grad_norm=0.9664842486381531, loss=2.4583215713500977
I0307 03:23:35.727803 139758059628288 logging_writer.py:48] [11600] global_step=11600, grad_norm=1.1573129892349243, loss=2.4441840648651123
I0307 03:24:13.949980 139758068020992 logging_writer.py:48] [11700] global_step=11700, grad_norm=0.9591109156608582, loss=2.4172897338867188
I0307 03:24:52.438231 139758059628288 logging_writer.py:48] [11800] global_step=11800, grad_norm=1.045556902885437, loss=2.4416491985321045
I0307 03:25:30.623715 139758068020992 logging_writer.py:48] [11900] global_step=11900, grad_norm=1.0324087142944336, loss=2.4509029388427734
I0307 03:25:52.866975 139912818214080 spec.py:321] Evaluating on the training split.
I0307 03:26:05.465854 139912818214080 spec.py:333] Evaluating on the validation split.
I0307 03:26:29.525881 139912818214080 spec.py:349] Evaluating on the test split.
I0307 03:26:31.268973 139912818214080 submission_runner.py:469] Time since start: 5035.90s, 	Step: 11959, 	{'train/accuracy': 0.28597337007522583, 'train/loss': 3.6522598266601562, 'validation/accuracy': 0.2602199912071228, 'validation/loss': 3.873152732849121, 'validation/num_examples': 50000, 'test/accuracy': 0.19220000505447388, 'test/loss': 4.627013683319092, 'test/num_examples': 10000, 'score': 4649.423471689224, 'total_duration': 5035.899295806885, 'accumulated_submission_time': 4649.423471689224, 'accumulated_eval_time': 384.6221663951874, 'accumulated_logging_time': 0.6122465133666992}
I0307 03:26:31.346096 139758059628288 logging_writer.py:48] [11959] accumulated_eval_time=384.622, accumulated_logging_time=0.612247, accumulated_submission_time=4649.42, global_step=11959, preemption_count=0, score=4649.42, test/accuracy=0.1922, test/loss=4.62701, test/num_examples=10000, total_duration=5035.9, train/accuracy=0.285973, train/loss=3.65226, validation/accuracy=0.26022, validation/loss=3.87315, validation/num_examples=50000
I0307 03:26:47.794463 139758068020992 logging_writer.py:48] [12000] global_step=12000, grad_norm=1.1076000928878784, loss=2.452275276184082
I0307 03:27:26.196756 139758059628288 logging_writer.py:48] [12100] global_step=12100, grad_norm=1.1701748371124268, loss=2.4962034225463867
I0307 03:28:04.712868 139758068020992 logging_writer.py:48] [12200] global_step=12200, grad_norm=1.1091349124908447, loss=2.4328131675720215
I0307 03:28:43.260917 139758059628288 logging_writer.py:48] [12300] global_step=12300, grad_norm=0.9191163778305054, loss=2.2974209785461426
I0307 03:29:21.869386 139758068020992 logging_writer.py:48] [12400] global_step=12400, grad_norm=1.1048057079315186, loss=2.442997455596924
I0307 03:30:00.153088 139758059628288 logging_writer.py:48] [12500] global_step=12500, grad_norm=1.0965149402618408, loss=2.5241527557373047
I0307 03:30:38.859501 139758068020992 logging_writer.py:48] [12600] global_step=12600, grad_norm=0.9697744250297546, loss=2.4027106761932373
I0307 03:31:17.594757 139758059628288 logging_writer.py:48] [12700] global_step=12700, grad_norm=1.1074861288070679, loss=2.445979595184326
I0307 03:31:56.374353 139758068020992 logging_writer.py:48] [12800] global_step=12800, grad_norm=1.0004147291183472, loss=2.5711302757263184
I0307 03:32:34.814273 139758059628288 logging_writer.py:48] [12900] global_step=12900, grad_norm=1.099241018295288, loss=2.39312744140625
I0307 03:33:13.015977 139758068020992 logging_writer.py:48] [13000] global_step=13000, grad_norm=1.090164303779602, loss=2.471862554550171
I0307 03:33:51.548671 139758059628288 logging_writer.py:48] [13100] global_step=13100, grad_norm=1.046655297279358, loss=2.447258472442627
I0307 03:34:30.025027 139758068020992 logging_writer.py:48] [13200] global_step=13200, grad_norm=1.08949613571167, loss=2.5318305492401123
I0307 03:35:01.387983 139912818214080 spec.py:321] Evaluating on the training split.
I0307 03:35:20.792725 139912818214080 spec.py:333] Evaluating on the validation split.
I0307 03:35:43.250902 139912818214080 spec.py:349] Evaluating on the test split.
I0307 03:35:45.014687 139912818214080 submission_runner.py:469] Time since start: 5589.65s, 	Step: 13283, 	{'train/accuracy': 0.218610480427742, 'train/loss': 4.382891654968262, 'validation/accuracy': 0.19755999743938446, 'validation/loss': 4.544258117675781, 'validation/num_examples': 50000, 'test/accuracy': 0.14790000021457672, 'test/loss': 5.183443546295166, 'test/num_examples': 10000, 'score': 5159.331223726273, 'total_duration': 5589.645015716553, 'accumulated_submission_time': 5159.331223726273, 'accumulated_eval_time': 428.24883246421814, 'accumulated_logging_time': 0.6965365409851074}
I0307 03:35:45.119570 139758059628288 logging_writer.py:48] [13283] accumulated_eval_time=428.249, accumulated_logging_time=0.696537, accumulated_submission_time=5159.33, global_step=13283, preemption_count=0, score=5159.33, test/accuracy=0.1479, test/loss=5.18344, test/num_examples=10000, total_duration=5589.65, train/accuracy=0.21861, train/loss=4.38289, validation/accuracy=0.19756, validation/loss=4.54426, validation/num_examples=50000
I0307 03:35:52.543805 139758068020992 logging_writer.py:48] [13300] global_step=13300, grad_norm=1.0305850505828857, loss=2.312295913696289
I0307 03:36:30.367705 139758059628288 logging_writer.py:48] [13400] global_step=13400, grad_norm=1.197722315788269, loss=2.372753620147705
I0307 03:37:08.236239 139758068020992 logging_writer.py:48] [13500] global_step=13500, grad_norm=1.0478370189666748, loss=2.286050796508789
I0307 03:37:46.057136 139758059628288 logging_writer.py:48] [13600] global_step=13600, grad_norm=1.1046370267868042, loss=2.5819473266601562
I0307 03:38:24.060971 139758068020992 logging_writer.py:48] [13700] global_step=13700, grad_norm=0.9727081656455994, loss=2.361240863800049
I0307 03:39:02.308813 139758059628288 logging_writer.py:48] [13800] global_step=13800, grad_norm=0.9509687423706055, loss=2.489943504333496
I0307 03:39:40.749281 139758068020992 logging_writer.py:48] [13900] global_step=13900, grad_norm=1.1324570178985596, loss=2.3114147186279297
I0307 03:40:19.157742 139758059628288 logging_writer.py:48] [14000] global_step=14000, grad_norm=1.0368781089782715, loss=2.466892957687378
I0307 03:40:57.444841 139758068020992 logging_writer.py:48] [14100] global_step=14100, grad_norm=1.1676620244979858, loss=2.4751217365264893
I0307 03:41:36.006559 139758059628288 logging_writer.py:48] [14200] global_step=14200, grad_norm=1.050088882446289, loss=2.4766440391540527
I0307 03:42:14.187315 139758068020992 logging_writer.py:48] [14300] global_step=14300, grad_norm=1.0758686065673828, loss=2.2816576957702637
I0307 03:42:52.603191 139758059628288 logging_writer.py:48] [14400] global_step=14400, grad_norm=1.198455572128296, loss=2.3751487731933594
I0307 03:43:30.935375 139758068020992 logging_writer.py:48] [14500] global_step=14500, grad_norm=0.9103946685791016, loss=2.2711474895477295
I0307 03:44:11.308403 139758059628288 logging_writer.py:48] [14600] global_step=14600, grad_norm=1.0113681554794312, loss=2.3615760803222656
I0307 03:44:15.108061 139912818214080 spec.py:321] Evaluating on the training split.
I0307 03:44:31.011322 139912818214080 spec.py:333] Evaluating on the validation split.
I0307 03:44:54.206284 139912818214080 spec.py:349] Evaluating on the test split.
I0307 03:44:55.960497 139912818214080 submission_runner.py:469] Time since start: 6140.59s, 	Step: 14611, 	{'train/accuracy': 0.16260762512683868, 'train/loss': 4.795761585235596, 'validation/accuracy': 0.15109999477863312, 'validation/loss': 4.97237491607666, 'validation/num_examples': 50000, 'test/accuracy': 0.11820000410079956, 'test/loss': 5.5623555183410645, 'test/num_examples': 10000, 'score': 5669.181756258011, 'total_duration': 6140.590811014175, 'accumulated_submission_time': 5669.181756258011, 'accumulated_eval_time': 469.1012122631073, 'accumulated_logging_time': 0.815903902053833}
I0307 03:44:56.045029 139758068020992 logging_writer.py:48] [14611] accumulated_eval_time=469.101, accumulated_logging_time=0.815904, accumulated_submission_time=5669.18, global_step=14611, preemption_count=0, score=5669.18, test/accuracy=0.1182, test/loss=5.56236, test/num_examples=10000, total_duration=6140.59, train/accuracy=0.162608, train/loss=4.79576, validation/accuracy=0.1511, validation/loss=4.97237, validation/num_examples=50000
I0307 03:45:30.806139 139758059628288 logging_writer.py:48] [14700] global_step=14700, grad_norm=1.040431261062622, loss=2.430687427520752
I0307 03:46:09.058295 139758068020992 logging_writer.py:48] [14800] global_step=14800, grad_norm=1.2374109029769897, loss=2.420919179916382
I0307 03:46:47.704058 139758059628288 logging_writer.py:48] [14900] global_step=14900, grad_norm=1.1974281072616577, loss=2.4164083003997803
I0307 03:47:26.319775 139758068020992 logging_writer.py:48] [15000] global_step=15000, grad_norm=0.9819604754447937, loss=2.3122165203094482
I0307 03:48:05.006096 139758059628288 logging_writer.py:48] [15100] global_step=15100, grad_norm=1.0808184146881104, loss=2.4625141620635986
I0307 03:48:43.633109 139758068020992 logging_writer.py:48] [15200] global_step=15200, grad_norm=1.113223910331726, loss=2.5614538192749023
I0307 03:49:21.845118 139758059628288 logging_writer.py:48] [15300] global_step=15300, grad_norm=1.0188835859298706, loss=2.4124491214752197
I0307 03:50:00.241086 139758068020992 logging_writer.py:48] [15400] global_step=15400, grad_norm=1.015039324760437, loss=2.2825655937194824
I0307 03:50:38.718265 139758059628288 logging_writer.py:48] [15500] global_step=15500, grad_norm=1.126572847366333, loss=2.263172149658203
I0307 03:51:17.287249 139758068020992 logging_writer.py:48] [15600] global_step=15600, grad_norm=0.9185053110122681, loss=2.3735501766204834
I0307 03:51:55.667509 139758059628288 logging_writer.py:48] [15700] global_step=15700, grad_norm=0.9134306311607361, loss=2.2611474990844727
I0307 03:52:33.669841 139758068020992 logging_writer.py:48] [15800] global_step=15800, grad_norm=1.022633671760559, loss=2.312932014465332
I0307 03:53:11.789442 139758059628288 logging_writer.py:48] [15900] global_step=15900, grad_norm=0.970111072063446, loss=2.4291765689849854
I0307 03:53:26.058861 139912818214080 spec.py:321] Evaluating on the training split.
I0307 03:53:43.864246 139912818214080 spec.py:333] Evaluating on the validation split.
I0307 03:54:08.187336 139912818214080 spec.py:349] Evaluating on the test split.
I0307 03:54:09.960211 139912818214080 submission_runner.py:469] Time since start: 6694.59s, 	Step: 15938, 	{'train/accuracy': 0.12396364659070969, 'train/loss': 5.637012004852295, 'validation/accuracy': 0.11581999808549881, 'validation/loss': 5.7450385093688965, 'validation/num_examples': 50000, 'test/accuracy': 0.08190000057220459, 'test/loss': 6.5927534103393555, 'test/num_examples': 10000, 'score': 6179.066228866577, 'total_duration': 6694.590527057648, 'accumulated_submission_time': 6179.066228866577, 'accumulated_eval_time': 513.0025107860565, 'accumulated_logging_time': 0.9078075885772705}
I0307 03:54:10.125844 139758068020992 logging_writer.py:48] [15938] accumulated_eval_time=513.003, accumulated_logging_time=0.907808, accumulated_submission_time=6179.07, global_step=15938, preemption_count=0, score=6179.07, test/accuracy=0.0819, test/loss=6.59275, test/num_examples=10000, total_duration=6694.59, train/accuracy=0.123964, train/loss=5.63701, validation/accuracy=0.11582, validation/loss=5.74504, validation/num_examples=50000
I0307 03:54:34.578756 139758059628288 logging_writer.py:48] [16000] global_step=16000, grad_norm=1.0142805576324463, loss=2.2825067043304443
I0307 03:55:12.932981 139758068020992 logging_writer.py:48] [16100] global_step=16100, grad_norm=1.0738933086395264, loss=2.385301113128662
I0307 03:55:51.403844 139758059628288 logging_writer.py:48] [16200] global_step=16200, grad_norm=1.061597466468811, loss=2.4319534301757812
I0307 03:56:29.863291 139758068020992 logging_writer.py:48] [16300] global_step=16300, grad_norm=1.0639989376068115, loss=2.3662607669830322
I0307 03:57:08.437261 139758059628288 logging_writer.py:48] [16400] global_step=16400, grad_norm=0.9910722374916077, loss=2.3045284748077393
I0307 03:57:46.920124 139758068020992 logging_writer.py:48] [16500] global_step=16500, grad_norm=1.1009979248046875, loss=2.296909809112549
I0307 03:58:25.351746 139758059628288 logging_writer.py:48] [16600] global_step=16600, grad_norm=1.0594735145568848, loss=2.4690802097320557
I0307 03:59:04.016194 139758068020992 logging_writer.py:48] [16700] global_step=16700, grad_norm=1.0018055438995361, loss=2.4028806686401367
I0307 03:59:42.557731 139758059628288 logging_writer.py:48] [16800] global_step=16800, grad_norm=0.9764664173126221, loss=2.270077705383301
I0307 04:00:21.298047 139758068020992 logging_writer.py:48] [16900] global_step=16900, grad_norm=0.8822599649429321, loss=2.3249125480651855
I0307 04:00:59.896848 139758059628288 logging_writer.py:48] [17000] global_step=17000, grad_norm=1.0042991638183594, loss=2.2963361740112305
I0307 04:01:38.115284 139758068020992 logging_writer.py:48] [17100] global_step=17100, grad_norm=1.1213655471801758, loss=2.4472005367279053
I0307 04:02:16.524073 139758059628288 logging_writer.py:48] [17200] global_step=17200, grad_norm=1.0436760187149048, loss=2.351233720779419
I0307 04:02:40.284190 139912818214080 spec.py:321] Evaluating on the training split.
I0307 04:02:54.896584 139912818214080 spec.py:333] Evaluating on the validation split.
I0307 04:03:16.889916 139912818214080 spec.py:349] Evaluating on the test split.
I0307 04:03:18.656730 139912818214080 submission_runner.py:469] Time since start: 7243.29s, 	Step: 17263, 	{'train/accuracy': 0.30383050441741943, 'train/loss': 3.4845948219299316, 'validation/accuracy': 0.2800399959087372, 'validation/loss': 3.731367349624634, 'validation/num_examples': 50000, 'test/accuracy': 0.20820000767707825, 'test/loss': 4.455304145812988, 'test/num_examples': 10000, 'score': 6689.095885276794, 'total_duration': 7243.2870461940765, 'accumulated_submission_time': 6689.095885276794, 'accumulated_eval_time': 551.3749973773956, 'accumulated_logging_time': 1.080744743347168}
I0307 04:03:18.747164 139758068020992 logging_writer.py:48] [17263] accumulated_eval_time=551.375, accumulated_logging_time=1.08074, accumulated_submission_time=6689.1, global_step=17263, preemption_count=0, score=6689.1, test/accuracy=0.2082, test/loss=4.4553, test/num_examples=10000, total_duration=7243.29, train/accuracy=0.303831, train/loss=3.48459, validation/accuracy=0.28004, validation/loss=3.73137, validation/num_examples=50000
I0307 04:03:33.608471 139758059628288 logging_writer.py:48] [17300] global_step=17300, grad_norm=1.0689640045166016, loss=2.3719654083251953
I0307 04:04:12.098281 139758068020992 logging_writer.py:48] [17400] global_step=17400, grad_norm=1.030622124671936, loss=2.4368715286254883
I0307 04:04:50.613107 139758059628288 logging_writer.py:48] [17500] global_step=17500, grad_norm=0.9847297668457031, loss=2.271843433380127
I0307 04:05:29.106085 139758068020992 logging_writer.py:48] [17600] global_step=17600, grad_norm=1.0640231370925903, loss=2.3678674697875977
I0307 04:06:07.453873 139758059628288 logging_writer.py:48] [17700] global_step=17700, grad_norm=1.0450619459152222, loss=2.384803056716919
I0307 04:06:45.369138 139758068020992 logging_writer.py:48] [17800] global_step=17800, grad_norm=1.0032541751861572, loss=2.3605241775512695
I0307 04:07:23.642601 139758059628288 logging_writer.py:48] [17900] global_step=17900, grad_norm=1.1046148538589478, loss=2.4448888301849365
I0307 04:08:01.937809 139758068020992 logging_writer.py:48] [18000] global_step=18000, grad_norm=1.1176344156265259, loss=2.3787455558776855
I0307 04:08:40.079420 139758059628288 logging_writer.py:48] [18100] global_step=18100, grad_norm=1.1263911724090576, loss=2.324604034423828
I0307 04:09:18.443621 139758068020992 logging_writer.py:48] [18200] global_step=18200, grad_norm=1.043372631072998, loss=2.244903326034546
I0307 04:09:56.233751 139758059628288 logging_writer.py:48] [18300] global_step=18300, grad_norm=1.0140612125396729, loss=2.2822582721710205
I0307 04:10:34.637539 139758068020992 logging_writer.py:48] [18400] global_step=18400, grad_norm=0.9675991535186768, loss=2.303555965423584
I0307 04:11:13.186498 139758059628288 logging_writer.py:48] [18500] global_step=18500, grad_norm=1.1469284296035767, loss=2.3506386280059814
I0307 04:11:49.033569 139912818214080 spec.py:321] Evaluating on the training split.
I0307 04:12:02.339653 139912818214080 spec.py:333] Evaluating on the validation split.
