python submission_runner.py --framework=jax --workload=imagenet_resnet --submission_path=prize_qualification_baselines/external_tuning/jax_nadamw_full_budget.py --data_dir=/data/imagenet/jax --num_tuning_trials=1 --experiment_dir=/experiment_runs --experiment_name=submissions/rolling_leaderboard/external_tuning/baseline/study_0 --overwrite=True --save_checkpoints=False --rng_seed=-830396957 --imagenet_v2_data_dir=/data/imagenet/jax --tuning_ruleset=external --tuning_search_space=prize_qualification_baselines/external_tuning/tuning_search_space.json --num_tuning_trials=5 --hparam_start_index=2 --hparam_end_index=3 2>&1 | tee -a /logs/imagenet_resnet_jax_03-07-2025-01-24-02.log
2025-03-07 01:24:18.547070: E external/local_xla/xla/stream_executor/cuda/cuda_fft.cc:477] Unable to register cuFFT factory: Attempting to register factory for plugin cuFFT when one has already been registered
WARNING: All log messages before absl::InitializeLog() is called are written to STDERR
E0000 00:00:1741310659.021335       9 cuda_dnn.cc:8310] Unable to register cuDNN factory: Attempting to register factory for plugin cuDNN when one has already been registered
E0000 00:00:1741310659.196639       9 cuda_blas.cc:1418] Unable to register cuBLAS factory: Attempting to register factory for plugin cuBLAS when one has already been registered
ERROR:root:Unable to import wandb.
Traceback (most recent call last):
  File "/algorithmic-efficiency/algoperf/logger_utils.py", line 27, in <module>
    import wandb  # pylint: disable=g-import-not-at-top
    ^^^^^^^^^^^^
ModuleNotFoundError: No module named 'wandb'
I0307 01:25:06.510090 140226914178240 logger_utils.py:81] Creating experiment directory at /experiment_runs/submissions/rolling_leaderboard/external_tuning/baseline/study_0/imagenet_resnet_jax.
I0307 01:25:09.106420 140226914178240 xla_bridge.py:884] Unable to initialize backend 'rocm': NOT_FOUND: Could not find registered platform with name: "rocm". Available platform names are: CUDA
I0307 01:25:09.109853 140226914178240 xla_bridge.py:884] Unable to initialize backend 'tpu': INTERNAL: Failed to open libtpu.so: libtpu.so: cannot open shared object file: No such file or directory
I0307 01:25:09.121915 140226914178240 submission_runner.py:606] Using RNG seed -830396957
I0307 01:25:12.725498 140226914178240 submission_runner.py:615] --- Tuning run 3/5 ---
I0307 01:25:12.725710 140226914178240 submission_runner.py:620] Creating tuning directory at /experiment_runs/submissions/rolling_leaderboard/external_tuning/baseline/study_0/imagenet_resnet_jax/trial_3.
I0307 01:25:12.725901 140226914178240 logger_utils.py:97] Saving hparams to /experiment_runs/submissions/rolling_leaderboard/external_tuning/baseline/study_0/imagenet_resnet_jax/trial_3/hparams.json.
I0307 01:25:12.984707 140226914178240 submission_runner.py:218] Initializing dataset.
I0307 01:25:14.691591 140226914178240 dataset_info.py:690] Load dataset info from /data/imagenet/jax/imagenet2012/5.1.0
I0307 01:25:15.036523 140226914178240 reader.py:261] Creating a tf.data.Dataset reading 1024 files located in folders: /data/imagenet/jax/imagenet2012/5.1.0.
I0307 01:25:15.335102 140226914178240 logging_logger.py:49] Constructing tf.data.Dataset imagenet2012 for split train, from /data/imagenet/jax/imagenet2012/5.1.0
I0307 01:25:17.409215 140226914178240 submission_runner.py:229] Initializing model.
I0307 01:25:41.843893 140226914178240 submission_runner.py:272] Initializing optimizer.
I0307 01:25:43.040556 140226914178240 submission_runner.py:279] Initializing metrics bundle.
I0307 01:25:43.040817 140226914178240 submission_runner.py:301] Initializing checkpoint and logger.
I0307 01:25:43.041892 140226914178240 checkpoints.py:1101] Found no checkpoint files in /experiment_runs/submissions/rolling_leaderboard/external_tuning/baseline/study_0/imagenet_resnet_jax/trial_3 with prefix checkpoint_
I0307 01:25:43.041999 140226914178240 submission_runner.py:321] Saving meta data to /experiment_runs/submissions/rolling_leaderboard/external_tuning/baseline/study_0/imagenet_resnet_jax/trial_3/meta_data_0.json.
I0307 01:25:43.439826 140226914178240 submission_runner.py:325] Saving flags to /experiment_runs/submissions/rolling_leaderboard/external_tuning/baseline/study_0/imagenet_resnet_jax/trial_3/flags_0.json.
I0307 01:25:43.768999 140226914178240 submission_runner.py:337] Starting training loop.
I0307 01:26:39.835849 140089787135744 logging_writer.py:48] [0] global_step=0, grad_norm=0.6742313504219055, loss=6.923664569854736
I0307 01:26:40.225994 140226914178240 spec.py:321] Evaluating on the training split.
I0307 01:26:40.671903 140226914178240 dataset_info.py:690] Load dataset info from /data/imagenet/jax/imagenet2012/5.1.0
I0307 01:26:40.695089 140226914178240 reader.py:261] Creating a tf.data.Dataset reading 1024 files located in folders: /data/imagenet/jax/imagenet2012/5.1.0.
I0307 01:26:40.735857 140226914178240 logging_logger.py:49] Constructing tf.data.Dataset imagenet2012 for split train, from /data/imagenet/jax/imagenet2012/5.1.0
I0307 01:26:59.495372 140226914178240 spec.py:333] Evaluating on the validation split.
I0307 01:27:00.029509 140226914178240 dataset_info.py:690] Load dataset info from /data/imagenet/jax/imagenet2012/5.1.0
I0307 01:27:00.086967 140226914178240 reader.py:261] Creating a tf.data.Dataset reading 64 files located in folders: /data/imagenet/jax/imagenet2012/5.1.0.
I0307 01:27:00.280445 140226914178240 logging_logger.py:49] Constructing tf.data.Dataset imagenet2012 for split validation, from /data/imagenet/jax/imagenet2012/5.1.0
I0307 01:27:48.650344 140226914178240 spec.py:349] Evaluating on the test split.
I0307 01:27:49.115034 140226914178240 dataset_info.py:690] Load dataset info from /data/imagenet/jax/imagenet_v2/matched-frequency/3.0.0
I0307 01:27:49.178001 140226914178240 reader.py:261] Creating a tf.data.Dataset reading 16 files located in folders: /data/imagenet/jax/imagenet_v2/matched-frequency/3.0.0.
I0307 01:27:49.217677 140226914178240 logging_logger.py:49] Constructing tf.data.Dataset imagenet_v2 for split test, from /data/imagenet/jax/imagenet_v2/matched-frequency/3.0.0
I0307 01:28:13.253367 140226914178240 submission_runner.py:469] Time since start: 149.48s, 	Step: 1, 	{'train/accuracy': 0.001195790828205645, 'train/loss': 6.909979343414307, 'validation/accuracy': 0.00107999995816499, 'validation/loss': 6.910284042358398, 'validation/num_examples': 50000, 'test/accuracy': 0.0017000001389533281, 'test/loss': 6.910176753997803, 'test/num_examples': 10000, 'score': 56.4568145275116, 'total_duration': 149.48430800437927, 'accumulated_submission_time': 56.4568145275116, 'accumulated_eval_time': 93.02730703353882, 'accumulated_logging_time': 0}
I0307 01:28:13.263409 140071449630464 logging_writer.py:48] [1] accumulated_eval_time=93.0273, accumulated_logging_time=0, accumulated_submission_time=56.4568, global_step=1, preemption_count=0, score=56.4568, test/accuracy=0.0017, test/loss=6.91018, test/num_examples=10000, total_duration=149.484, train/accuracy=0.00119579, train/loss=6.90998, validation/accuracy=0.00108, validation/loss=6.91028, validation/num_examples=50000
I0307 01:28:49.503484 140071365768960 logging_writer.py:48] [100] global_step=100, grad_norm=0.6724853515625, loss=6.914257526397705
I0307 01:29:25.684195 140071449630464 logging_writer.py:48] [200] global_step=200, grad_norm=0.6802473068237305, loss=6.845773696899414
I0307 01:30:02.373650 140071365768960 logging_writer.py:48] [300] global_step=300, grad_norm=0.7135019302368164, loss=6.771478176116943
I0307 01:30:39.146364 140071449630464 logging_writer.py:48] [400] global_step=400, grad_norm=0.7390916347503662, loss=6.696749687194824
I0307 01:31:16.192803 140071365768960 logging_writer.py:48] [500] global_step=500, grad_norm=0.8132452964782715, loss=6.566973686218262
I0307 01:31:53.170513 140071449630464 logging_writer.py:48] [600] global_step=600, grad_norm=0.8365697264671326, loss=6.464756965637207
I0307 01:32:29.905010 140071365768960 logging_writer.py:48] [700] global_step=700, grad_norm=0.8641921281814575, loss=6.3472580909729
I0307 01:33:07.229261 140071449630464 logging_writer.py:48] [800] global_step=800, grad_norm=0.9321833252906799, loss=6.2939276695251465
I0307 01:33:45.026143 140071365768960 logging_writer.py:48] [900] global_step=900, grad_norm=1.098462462425232, loss=6.088815689086914
I0307 01:34:22.393643 140071449630464 logging_writer.py:48] [1000] global_step=1000, grad_norm=1.6397044658660889, loss=5.981106758117676
I0307 01:35:00.701097 140071365768960 logging_writer.py:48] [1100] global_step=1100, grad_norm=2.505445718765259, loss=5.905866622924805
I0307 01:35:39.022188 140071449630464 logging_writer.py:48] [1200] global_step=1200, grad_norm=2.4848830699920654, loss=5.91071081161499
I0307 01:36:17.193822 140071365768960 logging_writer.py:48] [1300] global_step=1300, grad_norm=3.1743083000183105, loss=5.770169734954834
I0307 01:36:43.321502 140226914178240 spec.py:321] Evaluating on the training split.
I0307 01:36:54.545674 140226914178240 spec.py:333] Evaluating on the validation split.
I0307 01:37:16.588005 140226914178240 spec.py:349] Evaluating on the test split.
I0307 01:37:18.425224 140226914178240 submission_runner.py:469] Time since start: 694.66s, 	Step: 1370, 	{'train/accuracy': 0.0615234375, 'train/loss': 5.465592384338379, 'validation/accuracy': 0.054919999092817307, 'validation/loss': 5.555846691131592, 'validation/num_examples': 50000, 'test/accuracy': 0.03960000351071358, 'test/loss': 5.773700714111328, 'test/num_examples': 10000, 'score': 566.3106379508972, 'total_duration': 694.6561579704285, 'accumulated_submission_time': 566.3106379508972, 'accumulated_eval_time': 128.1309769153595, 'accumulated_logging_time': 0.050501108169555664}
I0307 01:37:18.456255 140071458023168 logging_writer.py:48] [1370] accumulated_eval_time=128.131, accumulated_logging_time=0.0505011, accumulated_submission_time=566.311, global_step=1370, preemption_count=0, score=566.311, test/accuracy=0.0396, test/loss=5.7737, test/num_examples=10000, total_duration=694.656, train/accuracy=0.0615234, train/loss=5.46559, validation/accuracy=0.05492, validation/loss=5.55585, validation/num_examples=50000
I0307 01:37:30.170028 140071466415872 logging_writer.py:48] [1400] global_step=1400, grad_norm=2.1336045265197754, loss=5.652673721313477
I0307 01:38:08.539314 140071458023168 logging_writer.py:48] [1500] global_step=1500, grad_norm=2.7547285556793213, loss=5.585413932800293
I0307 01:38:46.304227 140071466415872 logging_writer.py:48] [1600] global_step=1600, grad_norm=3.903083562850952, loss=5.492928504943848
I0307 01:39:24.406556 140071458023168 logging_writer.py:48] [1700] global_step=1700, grad_norm=4.66519832611084, loss=5.410865306854248
I0307 01:40:02.476482 140071466415872 logging_writer.py:48] [1800] global_step=1800, grad_norm=3.8797571659088135, loss=5.327849864959717
I0307 01:40:39.520711 140071458023168 logging_writer.py:48] [1900] global_step=1900, grad_norm=3.196489095687866, loss=5.085702419281006
I0307 01:41:15.797256 140071466415872 logging_writer.py:48] [2000] global_step=2000, grad_norm=3.8379011154174805, loss=5.188434600830078
I0307 01:41:53.990959 140071458023168 logging_writer.py:48] [2100] global_step=2100, grad_norm=5.439691543579102, loss=5.1141862869262695
I0307 01:42:31.801300 140071466415872 logging_writer.py:48] [2200] global_step=2200, grad_norm=3.677677631378174, loss=5.025809288024902
I0307 01:43:09.930188 140071458023168 logging_writer.py:48] [2300] global_step=2300, grad_norm=3.399587631225586, loss=5.016453266143799
I0307 01:43:47.988758 140071466415872 logging_writer.py:48] [2400] global_step=2400, grad_norm=4.329251289367676, loss=5.00963020324707
I0307 01:44:25.983441 140071458023168 logging_writer.py:48] [2500] global_step=2500, grad_norm=3.9121592044830322, loss=4.947628021240234
I0307 01:45:04.131989 140071466415872 logging_writer.py:48] [2600] global_step=2600, grad_norm=7.903787612915039, loss=4.910783290863037
I0307 01:45:42.454360 140071458023168 logging_writer.py:48] [2700] global_step=2700, grad_norm=4.3409905433654785, loss=4.731098175048828
I0307 01:45:48.503307 140226914178240 spec.py:321] Evaluating on the training split.
I0307 01:45:59.619201 140226914178240 spec.py:333] Evaluating on the validation split.
I0307 01:46:22.064063 140226914178240 spec.py:349] Evaluating on the test split.
I0307 01:46:23.829340 140226914178240 submission_runner.py:469] Time since start: 1240.06s, 	Step: 2717, 	{'train/accuracy': 0.15286192297935486, 'train/loss': 4.414518356323242, 'validation/accuracy': 0.1349799931049347, 'validation/loss': 4.573461532592773, 'validation/num_examples': 50000, 'test/accuracy': 0.09330000728368759, 'test/loss': 5.005978107452393, 'test/num_examples': 10000, 'score': 1076.203177690506, 'total_duration': 1240.0603058338165, 'accumulated_submission_time': 1076.203177690506, 'accumulated_eval_time': 163.4569754600525, 'accumulated_logging_time': 0.08935856819152832}
I0307 01:46:23.862219 140071466415872 logging_writer.py:48] [2717] accumulated_eval_time=163.457, accumulated_logging_time=0.0893586, accumulated_submission_time=1076.2, global_step=2717, preemption_count=0, score=1076.2, test/accuracy=0.0933, test/loss=5.00598, test/num_examples=10000, total_duration=1240.06, train/accuracy=0.152862, train/loss=4.41452, validation/accuracy=0.13498, validation/loss=4.57346, validation/num_examples=50000
I0307 01:46:56.218086 140071458023168 logging_writer.py:48] [2800] global_step=2800, grad_norm=5.35646915435791, loss=4.719437599182129
I0307 01:47:34.231779 140071466415872 logging_writer.py:48] [2900] global_step=2900, grad_norm=4.972301483154297, loss=4.739326477050781
I0307 01:48:12.257389 140071458023168 logging_writer.py:48] [3000] global_step=3000, grad_norm=5.764684200286865, loss=4.602099895477295
I0307 01:48:50.518664 140071466415872 logging_writer.py:48] [3100] global_step=3100, grad_norm=5.25862979888916, loss=4.57559871673584
I0307 01:49:28.562430 140071458023168 logging_writer.py:48] [3200] global_step=3200, grad_norm=6.672007083892822, loss=4.520569324493408
I0307 01:50:07.053431 140071466415872 logging_writer.py:48] [3300] global_step=3300, grad_norm=4.825162410736084, loss=4.500349044799805
I0307 01:50:45.577062 140071458023168 logging_writer.py:48] [3400] global_step=3400, grad_norm=10.643238067626953, loss=4.425295829772949
I0307 01:51:23.677126 140071466415872 logging_writer.py:48] [3500] global_step=3500, grad_norm=11.008298873901367, loss=4.513765335083008
I0307 01:52:01.860344 140071458023168 logging_writer.py:48] [3600] global_step=3600, grad_norm=7.231147766113281, loss=4.273011207580566
I0307 01:52:39.643963 140071466415872 logging_writer.py:48] [3700] global_step=3700, grad_norm=4.9084672927856445, loss=4.353764533996582
I0307 01:53:17.629508 140071458023168 logging_writer.py:48] [3800] global_step=3800, grad_norm=5.218851566314697, loss=4.140528202056885
I0307 01:53:55.647820 140071466415872 logging_writer.py:48] [3900] global_step=3900, grad_norm=8.932010650634766, loss=4.275921821594238
I0307 01:54:34.215230 140071458023168 logging_writer.py:48] [4000] global_step=4000, grad_norm=4.453876972198486, loss=4.130997657775879
I0307 01:54:53.908442 140226914178240 spec.py:321] Evaluating on the training split.
I0307 01:55:04.714801 140226914178240 spec.py:333] Evaluating on the validation split.
I0307 01:55:27.402007 140226914178240 spec.py:349] Evaluating on the test split.
I0307 01:55:29.182339 140226914178240 submission_runner.py:469] Time since start: 1785.41s, 	Step: 4053, 	{'train/accuracy': 0.2474290430545807, 'train/loss': 3.6621642112731934, 'validation/accuracy': 0.21581999957561493, 'validation/loss': 3.8797121047973633, 'validation/num_examples': 50000, 'test/accuracy': 0.16040000319480896, 'test/loss': 4.4392547607421875, 'test/num_examples': 10000, 'score': 1586.102175951004, 'total_duration': 1785.41330575943, 'accumulated_submission_time': 1586.102175951004, 'accumulated_eval_time': 198.7308385372162, 'accumulated_logging_time': 0.1478276252746582}
I0307 01:55:29.190840 140071466415872 logging_writer.py:48] [4053] accumulated_eval_time=198.731, accumulated_logging_time=0.147828, accumulated_submission_time=1586.1, global_step=4053, preemption_count=0, score=1586.1, test/accuracy=0.1604, test/loss=4.43925, test/num_examples=10000, total_duration=1785.41, train/accuracy=0.247429, train/loss=3.66216, validation/accuracy=0.21582, validation/loss=3.87971, validation/num_examples=50000
I0307 01:55:47.536863 140071458023168 logging_writer.py:48] [4100] global_step=4100, grad_norm=8.97616195678711, loss=4.028426647186279
I0307 01:56:25.741521 140071466415872 logging_writer.py:48] [4200] global_step=4200, grad_norm=7.704183578491211, loss=3.926067352294922
I0307 01:57:03.854095 140071458023168 logging_writer.py:48] [4300] global_step=4300, grad_norm=11.466634750366211, loss=4.1448869705200195
I0307 01:57:42.276630 140071466415872 logging_writer.py:48] [4400] global_step=4400, grad_norm=7.181381702423096, loss=4.007061004638672
I0307 01:58:20.354478 140071458023168 logging_writer.py:48] [4500] global_step=4500, grad_norm=7.5422539710998535, loss=3.8685812950134277
I0307 01:58:58.567606 140071466415872 logging_writer.py:48] [4600] global_step=4600, grad_norm=6.290598392486572, loss=3.8938870429992676
I0307 01:59:36.588898 140071458023168 logging_writer.py:48] [4700] global_step=4700, grad_norm=12.102775573730469, loss=3.7912116050720215
I0307 02:00:14.559017 140071466415872 logging_writer.py:48] [4800] global_step=4800, grad_norm=5.781114101409912, loss=3.765162944793701
I0307 02:00:52.783251 140071458023168 logging_writer.py:48] [4900] global_step=4900, grad_norm=4.820491313934326, loss=3.9101412296295166
I0307 02:01:30.629854 140071466415872 logging_writer.py:48] [5000] global_step=5000, grad_norm=5.347495079040527, loss=3.7751917839050293
I0307 02:02:08.633390 140071458023168 logging_writer.py:48] [5100] global_step=5100, grad_norm=8.137264251708984, loss=3.697373151779175
I0307 02:02:46.549605 140071466415872 logging_writer.py:48] [5200] global_step=5200, grad_norm=7.588516712188721, loss=3.7733521461486816
I0307 02:03:24.507116 140071458023168 logging_writer.py:48] [5300] global_step=5300, grad_norm=8.77202033996582, loss=3.665489673614502
I0307 02:03:59.363230 140226914178240 spec.py:321] Evaluating on the training split.
I0307 02:04:10.261969 140226914178240 spec.py:333] Evaluating on the validation split.
I0307 02:04:31.018471 140226914178240 spec.py:349] Evaluating on the test split.
I0307 02:04:32.790337 140226914178240 submission_runner.py:469] Time since start: 2329.02s, 	Step: 5393, 	{'train/accuracy': 0.3272082209587097, 'train/loss': 3.1125736236572266, 'validation/accuracy': 0.28915998339653015, 'validation/loss': 3.350515604019165, 'validation/num_examples': 50000, 'test/accuracy': 0.2079000025987625, 'test/loss': 3.984504461288452, 'test/num_examples': 10000, 'score': 2096.1438636779785, 'total_duration': 2329.0213050842285, 'accumulated_submission_time': 2096.1438636779785, 'accumulated_eval_time': 232.1579167842865, 'accumulated_logging_time': 0.16368651390075684}
I0307 02:04:32.824058 140071466415872 logging_writer.py:48] [5393] accumulated_eval_time=232.158, accumulated_logging_time=0.163687, accumulated_submission_time=2096.14, global_step=5393, preemption_count=0, score=2096.14, test/accuracy=0.2079, test/loss=3.9845, test/num_examples=10000, total_duration=2329.02, train/accuracy=0.327208, train/loss=3.11257, validation/accuracy=0.28916, validation/loss=3.35052, validation/num_examples=50000
I0307 02:04:35.892621 140071458023168 logging_writer.py:48] [5400] global_step=5400, grad_norm=7.029033184051514, loss=3.5649144649505615
I0307 02:05:14.352978 140071466415872 logging_writer.py:48] [5500] global_step=5500, grad_norm=5.430922031402588, loss=3.628263235092163
I0307 02:05:52.472070 140071458023168 logging_writer.py:48] [5600] global_step=5600, grad_norm=6.789072036743164, loss=3.4942665100097656
I0307 02:06:30.343908 140071466415872 logging_writer.py:48] [5700] global_step=5700, grad_norm=11.267528533935547, loss=3.563138961791992
I0307 02:07:08.674666 140071458023168 logging_writer.py:48] [5800] global_step=5800, grad_norm=6.112220287322998, loss=3.51265549659729
I0307 02:07:46.812038 140071466415872 logging_writer.py:48] [5900] global_step=5900, grad_norm=5.530862808227539, loss=3.558572292327881
I0307 02:08:24.788284 140071458023168 logging_writer.py:48] [6000] global_step=6000, grad_norm=7.114993572235107, loss=3.517777919769287
I0307 02:09:03.185745 140071466415872 logging_writer.py:48] [6100] global_step=6100, grad_norm=8.603949546813965, loss=3.4229013919830322
I0307 02:09:41.129561 140071458023168 logging_writer.py:48] [6200] global_step=6200, grad_norm=7.078060150146484, loss=3.154608964920044
I0307 02:10:19.108885 140071466415872 logging_writer.py:48] [6300] global_step=6300, grad_norm=7.239413261413574, loss=3.302567720413208
I0307 02:10:57.415858 140071458023168 logging_writer.py:48] [6400] global_step=6400, grad_norm=7.3185858726501465, loss=3.2293429374694824
I0307 02:11:35.799976 140071466415872 logging_writer.py:48] [6500] global_step=6500, grad_norm=5.894444942474365, loss=3.3128113746643066
I0307 02:12:14.161623 140071458023168 logging_writer.py:48] [6600] global_step=6600, grad_norm=8.22517204284668, loss=3.317622184753418
I0307 02:12:52.393646 140071466415872 logging_writer.py:48] [6700] global_step=6700, grad_norm=5.284214496612549, loss=3.3988919258117676
I0307 02:13:02.800229 140226914178240 spec.py:321] Evaluating on the training split.
I0307 02:13:13.942472 140226914178240 spec.py:333] Evaluating on the validation split.
I0307 02:13:33.652234 140226914178240 spec.py:349] Evaluating on the test split.
I0307 02:13:35.410692 140226914178240 submission_runner.py:469] Time since start: 2871.64s, 	Step: 6728, 	{'train/accuracy': 0.39100366830825806, 'train/loss': 2.7434937953948975, 'validation/accuracy': 0.35189998149871826, 'validation/loss': 2.989835023880005, 'validation/num_examples': 50000, 'test/accuracy': 0.2656000256538391, 'test/loss': 3.6864068508148193, 'test/num_examples': 10000, 'score': 2605.9788506031036, 'total_duration': 2871.6416597366333, 'accumulated_submission_time': 2605.9788506031036, 'accumulated_eval_time': 264.76834535598755, 'accumulated_logging_time': 0.22105741500854492}
I0307 02:13:35.456119 140071458023168 logging_writer.py:48] [6728] accumulated_eval_time=264.768, accumulated_logging_time=0.221057, accumulated_submission_time=2605.98, global_step=6728, preemption_count=0, score=2605.98, test/accuracy=0.2656, test/loss=3.68641, test/num_examples=10000, total_duration=2871.64, train/accuracy=0.391004, train/loss=2.74349, validation/accuracy=0.3519, validation/loss=2.98984, validation/num_examples=50000
I0307 02:14:03.500462 140071466415872 logging_writer.py:48] [6800] global_step=6800, grad_norm=9.031302452087402, loss=3.1922361850738525
I0307 02:14:41.603534 140071458023168 logging_writer.py:48] [6900] global_step=6900, grad_norm=5.528937816619873, loss=3.1160459518432617
I0307 02:15:19.659508 140071466415872 logging_writer.py:48] [7000] global_step=7000, grad_norm=5.323543548583984, loss=3.1452863216400146
I0307 02:15:57.669214 140071458023168 logging_writer.py:48] [7100] global_step=7100, grad_norm=11.069408416748047, loss=3.1076819896698
I0307 02:16:35.936781 140071466415872 logging_writer.py:48] [7200] global_step=7200, grad_norm=10.839272499084473, loss=3.1397194862365723
I0307 02:17:14.475903 140071458023168 logging_writer.py:48] [7300] global_step=7300, grad_norm=10.994474411010742, loss=3.1005139350891113
I0307 02:17:52.528530 140071466415872 logging_writer.py:48] [7400] global_step=7400, grad_norm=11.050776481628418, loss=3.1934783458709717
I0307 02:18:30.766450 140071458023168 logging_writer.py:48] [7500] global_step=7500, grad_norm=4.825355052947998, loss=3.023345947265625
I0307 02:19:09.112826 140071466415872 logging_writer.py:48] [7600] global_step=7600, grad_norm=6.026986122131348, loss=3.016193389892578
I0307 02:19:47.553809 140071458023168 logging_writer.py:48] [7700] global_step=7700, grad_norm=11.673941612243652, loss=2.923431158065796
I0307 02:20:25.710968 140071466415872 logging_writer.py:48] [7800] global_step=7800, grad_norm=6.674468517303467, loss=2.910027265548706
I0307 02:21:03.949608 140071458023168 logging_writer.py:48] [7900] global_step=7900, grad_norm=5.738099575042725, loss=2.9721555709838867
I0307 02:21:42.018092 140071466415872 logging_writer.py:48] [8000] global_step=8000, grad_norm=6.891082286834717, loss=2.927309989929199
I0307 02:22:05.491974 140226914178240 spec.py:321] Evaluating on the training split.
I0307 02:22:18.401415 140226914178240 spec.py:333] Evaluating on the validation split.
I0307 02:22:39.531522 140226914178240 spec.py:349] Evaluating on the test split.
I0307 02:22:41.291758 140226914178240 submission_runner.py:469] Time since start: 3417.52s, 	Step: 8063, 	{'train/accuracy': 0.4448740482330322, 'train/loss': 2.421154737472534, 'validation/accuracy': 0.40591999888420105, 'validation/loss': 2.6750271320343018, 'validation/num_examples': 50000, 'test/accuracy': 0.30560001730918884, 'test/loss': 3.3933873176574707, 'test/num_examples': 10000, 'score': 3115.8826031684875, 'total_duration': 3417.5227279663086, 'accumulated_submission_time': 3115.8826031684875, 'accumulated_eval_time': 300.56809878349304, 'accumulated_logging_time': 0.2833092212677002}
I0307 02:22:41.348134 140071458023168 logging_writer.py:48] [8063] accumulated_eval_time=300.568, accumulated_logging_time=0.283309, accumulated_submission_time=3115.88, global_step=8063, preemption_count=0, score=3115.88, test/accuracy=0.3056, test/loss=3.39339, test/num_examples=10000, total_duration=3417.52, train/accuracy=0.444874, train/loss=2.42115, validation/accuracy=0.40592, validation/loss=2.67503, validation/num_examples=50000
I0307 02:22:55.779448 140071466415872 logging_writer.py:48] [8100] global_step=8100, grad_norm=7.552184104919434, loss=2.8923192024230957
I0307 02:23:34.161868 140071458023168 logging_writer.py:48] [8200] global_step=8200, grad_norm=6.502970218658447, loss=2.9471611976623535
I0307 02:24:12.808050 140071466415872 logging_writer.py:48] [8300] global_step=8300, grad_norm=6.049890995025635, loss=2.8890998363494873
I0307 02:24:50.909488 140071458023168 logging_writer.py:48] [8400] global_step=8400, grad_norm=8.391828536987305, loss=2.845733880996704
I0307 02:25:29.333386 140071466415872 logging_writer.py:48] [8500] global_step=8500, grad_norm=5.6079277992248535, loss=2.749519109725952
I0307 02:26:07.577586 140071458023168 logging_writer.py:48] [8600] global_step=8600, grad_norm=5.204613208770752, loss=2.8411550521850586
I0307 02:26:45.848668 140071466415872 logging_writer.py:48] [8700] global_step=8700, grad_norm=5.736325740814209, loss=2.867339849472046
I0307 02:27:23.909123 140071458023168 logging_writer.py:48] [8800] global_step=8800, grad_norm=6.155250072479248, loss=2.7632365226745605
I0307 02:28:01.897964 140071466415872 logging_writer.py:48] [8900] global_step=8900, grad_norm=6.406046390533447, loss=2.7393674850463867
I0307 02:28:39.829697 140071458023168 logging_writer.py:48] [9000] global_step=9000, grad_norm=5.330280303955078, loss=2.6929991245269775
I0307 02:29:17.672534 140071466415872 logging_writer.py:48] [9100] global_step=9100, grad_norm=5.5952558517456055, loss=2.835724353790283
I0307 02:29:55.704440 140071458023168 logging_writer.py:48] [9200] global_step=9200, grad_norm=5.2685041427612305, loss=2.822065830230713
I0307 02:30:33.642826 140071466415872 logging_writer.py:48] [9300] global_step=9300, grad_norm=6.6727070808410645, loss=2.782146453857422
I0307 02:31:11.608121 140226914178240 spec.py:321] Evaluating on the training split.
I0307 02:31:23.109304 140226914178240 spec.py:333] Evaluating on the validation split.
I0307 02:31:45.936550 140226914178240 spec.py:349] Evaluating on the test split.
I0307 02:31:47.697629 140226914178240 submission_runner.py:469] Time since start: 3963.91s, 	Step: 9400, 	{'train/accuracy': 0.5049226880073547, 'train/loss': 2.1154611110687256, 'validation/accuracy': 0.46025997400283813, 'validation/loss': 2.3665738105773926, 'validation/num_examples': 50000, 'test/accuracy': 0.3505000174045563, 'test/loss': 3.085230588912964, 'test/num_examples': 10000, 'score': 3626.0122554302216, 'total_duration': 3963.9058706760406, 'accumulated_submission_time': 3626.0122554302216, 'accumulated_eval_time': 336.63484930992126, 'accumulated_logging_time': 0.353640079498291}
I0307 02:31:47.820751 140071458023168 logging_writer.py:48] [9400] accumulated_eval_time=336.635, accumulated_logging_time=0.35364, accumulated_submission_time=3626.01, global_step=9400, preemption_count=0, score=3626.01, test/accuracy=0.3505, test/loss=3.08523, test/num_examples=10000, total_duration=3963.91, train/accuracy=0.504923, train/loss=2.11546, validation/accuracy=0.46026, validation/loss=2.36657, validation/num_examples=50000
I0307 02:31:48.224166 140071466415872 logging_writer.py:48] [9400] global_step=9400, grad_norm=5.851225852966309, loss=2.5753259658813477
I0307 02:32:26.492971 140071458023168 logging_writer.py:48] [9500] global_step=9500, grad_norm=7.133732795715332, loss=2.662398338317871
I0307 02:33:04.578895 140071466415872 logging_writer.py:48] [9600] global_step=9600, grad_norm=6.008442401885986, loss=2.7621548175811768
I0307 02:33:42.829215 140071458023168 logging_writer.py:48] [9700] global_step=9700, grad_norm=9.77953052520752, loss=2.7139787673950195
I0307 02:34:21.033497 140071466415872 logging_writer.py:48] [9800] global_step=9800, grad_norm=5.804834365844727, loss=2.6383159160614014
I0307 02:34:59.424304 140071458023168 logging_writer.py:48] [9900] global_step=9900, grad_norm=8.371561050415039, loss=2.6833724975585938
I0307 02:35:37.528455 140071466415872 logging_writer.py:48] [10000] global_step=10000, grad_norm=5.1162428855896, loss=2.6817116737365723
I0307 02:36:15.593825 140071458023168 logging_writer.py:48] [10100] global_step=10100, grad_norm=5.408659934997559, loss=2.608236074447632
I0307 02:36:54.205814 140071466415872 logging_writer.py:48] [10200] global_step=10200, grad_norm=5.386659145355225, loss=2.630488634109497
I0307 02:37:32.585038 140071458023168 logging_writer.py:48] [10300] global_step=10300, grad_norm=7.01328706741333, loss=2.5308690071105957
I0307 02:38:11.020095 140071466415872 logging_writer.py:48] [10400] global_step=10400, grad_norm=7.134242057800293, loss=2.5074551105499268
I0307 02:38:48.842675 140071458023168 logging_writer.py:48] [10500] global_step=10500, grad_norm=5.895739555358887, loss=2.6485824584960938
I0307 02:39:38.342505 140071466415872 logging_writer.py:48] [10600] global_step=10600, grad_norm=5.602097511291504, loss=2.538259983062744
I0307 02:40:17.685442 140226914178240 spec.py:321] Evaluating on the training split.
I0307 02:40:32.009795 140226914178240 spec.py:333] Evaluating on the validation split.
I0307 02:40:55.993760 140226914178240 spec.py:349] Evaluating on the test split.
I0307 02:40:57.728800 140226914178240 submission_runner.py:469] Time since start: 4513.96s, 	Step: 10668, 	{'train/accuracy': 0.5140505433082581, 'train/loss': 2.0655152797698975, 'validation/accuracy': 0.4705599844455719, 'validation/loss': 2.3184568881988525, 'validation/num_examples': 50000, 'test/accuracy': 0.35520002245903015, 'test/loss': 3.0856406688690186, 'test/num_examples': 10000, 'score': 4135.744189023972, 'total_duration': 4513.959764242172, 'accumulated_submission_time': 4135.744189023972, 'accumulated_eval_time': 376.67817425727844, 'accumulated_logging_time': 0.4847090244293213}
I0307 02:40:57.805906 140071458023168 logging_writer.py:48] [10668] accumulated_eval_time=376.678, accumulated_logging_time=0.484709, accumulated_submission_time=4135.74, global_step=10668, preemption_count=0, score=4135.74, test/accuracy=0.3552, test/loss=3.08564, test/num_examples=10000, total_duration=4513.96, train/accuracy=0.514051, train/loss=2.06552, validation/accuracy=0.47056, validation/loss=2.31846, validation/num_examples=50000
I0307 02:41:10.330913 140071466415872 logging_writer.py:48] [10700] global_step=10700, grad_norm=5.026907444000244, loss=2.436762571334839
I0307 02:41:48.516755 140071458023168 logging_writer.py:48] [10800] global_step=10800, grad_norm=7.352560520172119, loss=2.5346033573150635
I0307 02:42:26.840111 140071466415872 logging_writer.py:48] [10900] global_step=10900, grad_norm=5.036489963531494, loss=2.390286445617676
I0307 02:43:05.145046 140071458023168 logging_writer.py:48] [11000] global_step=11000, grad_norm=6.081150054931641, loss=2.5017566680908203
I0307 02:43:43.523411 140071466415872 logging_writer.py:48] [11100] global_step=11100, grad_norm=7.677918434143066, loss=2.375115156173706
I0307 02:44:21.946289 140071458023168 logging_writer.py:48] [11200] global_step=11200, grad_norm=6.56050443649292, loss=2.557115077972412
I0307 02:44:59.977886 140071466415872 logging_writer.py:48] [11300] global_step=11300, grad_norm=8.396387100219727, loss=2.493651866912842
I0307 02:45:38.333963 140071458023168 logging_writer.py:48] [11400] global_step=11400, grad_norm=5.04857063293457, loss=2.2208027839660645
I0307 02:46:16.877194 140071466415872 logging_writer.py:48] [11500] global_step=11500, grad_norm=8.789254188537598, loss=2.383546829223633
I0307 02:46:55.420284 140071458023168 logging_writer.py:48] [11600] global_step=11600, grad_norm=5.261860370635986, loss=2.385777473449707
I0307 02:47:33.876491 140071466415872 logging_writer.py:48] [11700] global_step=11700, grad_norm=6.212775707244873, loss=2.503192663192749
I0307 02:48:12.180035 140071458023168 logging_writer.py:48] [11800] global_step=11800, grad_norm=6.68652868270874, loss=2.4617691040039062
I0307 02:48:50.449031 140071466415872 logging_writer.py:48] [11900] global_step=11900, grad_norm=7.186689376831055, loss=2.3453288078308105
I0307 02:49:27.896622 140226914178240 spec.py:321] Evaluating on the training split.
I0307 02:49:44.594775 140226914178240 spec.py:333] Evaluating on the validation split.
I0307 02:50:07.241903 140226914178240 spec.py:349] Evaluating on the test split.
I0307 02:50:09.012848 140226914178240 submission_runner.py:469] Time since start: 5065.24s, 	Step: 11999, 	{'train/accuracy': 0.5596699714660645, 'train/loss': 1.837249755859375, 'validation/accuracy': 0.5102399587631226, 'validation/loss': 2.1204795837402344, 'validation/num_examples': 50000, 'test/accuracy': 0.38860002160072327, 'test/loss': 2.864274740219116, 'test/num_examples': 10000, 'score': 4645.69776558876, 'total_duration': 5065.243762254715, 'accumulated_submission_time': 4645.69776558876, 'accumulated_eval_time': 417.79432249069214, 'accumulated_logging_time': 0.5691022872924805}
I0307 02:50:09.294803 140071458023168 logging_writer.py:48] [11999] accumulated_eval_time=417.794, accumulated_logging_time=0.569102, accumulated_submission_time=4645.7, global_step=11999, preemption_count=0, score=4645.7, test/accuracy=0.3886, test/loss=2.86427, test/num_examples=10000, total_duration=5065.24, train/accuracy=0.55967, train/loss=1.83725, validation/accuracy=0.51024, validation/loss=2.12048, validation/num_examples=50000
I0307 02:50:10.141228 140071466415872 logging_writer.py:48] [12000] global_step=12000, grad_norm=5.142587184906006, loss=2.577754020690918
I0307 02:50:49.152175 140071458023168 logging_writer.py:48] [12100] global_step=12100, grad_norm=6.12673282623291, loss=2.3440628051757812
I0307 02:51:29.561460 140071466415872 logging_writer.py:48] [12200] global_step=12200, grad_norm=9.177921295166016, loss=2.3779196739196777
I0307 02:52:08.264254 140071458023168 logging_writer.py:48] [12300] global_step=12300, grad_norm=4.6217122077941895, loss=2.358639717102051
I0307 02:52:46.317406 140071466415872 logging_writer.py:48] [12400] global_step=12400, grad_norm=8.279627799987793, loss=2.2801756858825684
I0307 02:53:24.367456 140071458023168 logging_writer.py:48] [12500] global_step=12500, grad_norm=4.832663059234619, loss=2.324850082397461
I0307 02:54:02.953977 140071466415872 logging_writer.py:48] [12600] global_step=12600, grad_norm=11.40740966796875, loss=2.4059457778930664
I0307 02:54:41.505208 140071458023168 logging_writer.py:48] [12700] global_step=12700, grad_norm=7.4290547370910645, loss=2.349794864654541
I0307 02:55:19.892102 140071466415872 logging_writer.py:48] [12800] global_step=12800, grad_norm=7.222967624664307, loss=2.332754611968994
I0307 02:55:58.265512 140071458023168 logging_writer.py:48] [12900] global_step=12900, grad_norm=5.842530727386475, loss=2.2784342765808105
I0307 02:56:36.932847 140071466415872 logging_writer.py:48] [13000] global_step=13000, grad_norm=4.923093795776367, loss=2.324477195739746
I0307 02:57:15.627038 140071458023168 logging_writer.py:48] [13100] global_step=13100, grad_norm=8.485618591308594, loss=2.307605028152466
I0307 02:57:54.032082 140071466415872 logging_writer.py:48] [13200] global_step=13200, grad_norm=7.630488872528076, loss=2.391160488128662
I0307 02:58:32.802397 140071458023168 logging_writer.py:48] [13300] global_step=13300, grad_norm=7.423785209655762, loss=2.339803457260132
I0307 02:58:39.296760 140226914178240 spec.py:321] Evaluating on the training split.
I0307 02:58:55.923881 140226914178240 spec.py:333] Evaluating on the validation split.
I0307 02:59:17.865375 140226914178240 spec.py:349] Evaluating on the test split.
I0307 02:59:19.587471 140226914178240 submission_runner.py:469] Time since start: 5615.82s, 	Step: 13318, 	{'train/accuracy': 0.5774872303009033, 'train/loss': 1.7372361421585083, 'validation/accuracy': 0.5238800048828125, 'validation/loss': 2.025557041168213, 'validation/num_examples': 50000, 'test/accuracy': 0.41040003299713135, 'test/loss': 2.7279298305511475, 'test/num_examples': 10000, 'score': 5155.5356965065, 'total_duration': 5615.818393707275, 'accumulated_submission_time': 5155.5356965065, 'accumulated_eval_time': 458.0849578380585, 'accumulated_logging_time': 0.8801577091217041}
I0307 02:59:19.757377 140071466415872 logging_writer.py:48] [13318] accumulated_eval_time=458.085, accumulated_logging_time=0.880158, accumulated_submission_time=5155.54, global_step=13318, preemption_count=0, score=5155.54, test/accuracy=0.4104, test/loss=2.72793, test/num_examples=10000, total_duration=5615.82, train/accuracy=0.577487, train/loss=1.73724, validation/accuracy=0.52388, validation/loss=2.02556, validation/num_examples=50000
I0307 02:59:51.758139 140071458023168 logging_writer.py:48] [13400] global_step=13400, grad_norm=6.1374945640563965, loss=2.2774317264556885
I0307 03:00:30.070571 140071466415872 logging_writer.py:48] [13500] global_step=13500, grad_norm=5.731135368347168, loss=2.200225830078125
I0307 03:01:08.678262 140071458023168 logging_writer.py:48] [13600] global_step=13600, grad_norm=5.543050765991211, loss=2.265845775604248
I0307 03:01:47.275208 140071466415872 logging_writer.py:48] [13700] global_step=13700, grad_norm=8.938872337341309, loss=2.301414728164673
I0307 03:02:25.522811 140071458023168 logging_writer.py:48] [13800] global_step=13800, grad_norm=7.50568962097168, loss=2.3954601287841797
I0307 03:03:03.790500 140071466415872 logging_writer.py:48] [13900] global_step=13900, grad_norm=4.0418291091918945, loss=2.189610481262207
I0307 03:03:42.013314 140071458023168 logging_writer.py:48] [14000] global_step=14000, grad_norm=9.290019989013672, loss=2.2210748195648193
I0307 03:04:20.390737 140071466415872 logging_writer.py:48] [14100] global_step=14100, grad_norm=5.2510762214660645, loss=2.3474762439727783
I0307 03:04:58.643225 140071458023168 logging_writer.py:48] [14200] global_step=14200, grad_norm=6.40446138381958, loss=2.380824089050293
I0307 03:05:37.144656 140071466415872 logging_writer.py:48] [14300] global_step=14300, grad_norm=5.709956645965576, loss=2.465921401977539
I0307 03:06:15.193407 140071458023168 logging_writer.py:48] [14400] global_step=14400, grad_norm=6.972991943359375, loss=2.268841505050659
I0307 03:06:53.809958 140071466415872 logging_writer.py:48] [14500] global_step=14500, grad_norm=7.011775493621826, loss=2.285217523574829
I0307 03:07:32.400931 140071458023168 logging_writer.py:48] [14600] global_step=14600, grad_norm=6.701361179351807, loss=2.2158262729644775
I0307 03:07:49.929653 140226914178240 spec.py:321] Evaluating on the training split.
I0307 03:08:06.099619 140226914178240 spec.py:333] Evaluating on the validation split.
I0307 03:08:28.176437 140226914178240 spec.py:349] Evaluating on the test split.
I0307 03:08:29.923409 140226914178240 submission_runner.py:469] Time since start: 6166.15s, 	Step: 14647, 	{'train/accuracy': 0.5940887928009033, 'train/loss': 1.6770062446594238, 'validation/accuracy': 0.5428400039672852, 'validation/loss': 1.9536000490188599, 'validation/num_examples': 50000, 'test/accuracy': 0.41750001907348633, 'test/loss': 2.7149999141693115, 'test/num_examples': 10000, 'score': 5665.5519926548, 'total_duration': 6166.154253959656, 'accumulated_submission_time': 5665.5519926548, 'accumulated_eval_time': 498.07856822013855, 'accumulated_logging_time': 1.0771241188049316}
I0307 03:08:30.134186 140071466415872 logging_writer.py:48] [14647] accumulated_eval_time=498.079, accumulated_logging_time=1.07712, accumulated_submission_time=5665.55, global_step=14647, preemption_count=0, score=5665.55, test/accuracy=0.4175, test/loss=2.715, test/num_examples=10000, total_duration=6166.15, train/accuracy=0.594089, train/loss=1.67701, validation/accuracy=0.54284, validation/loss=1.9536, validation/num_examples=50000
I0307 03:08:50.943413 140071458023168 logging_writer.py:48] [14700] global_step=14700, grad_norm=6.9155120849609375, loss=2.3412747383117676
I0307 03:09:29.646906 140071466415872 logging_writer.py:48] [14800] global_step=14800, grad_norm=7.562277793884277, loss=2.3799781799316406
I0307 03:10:07.555960 140071458023168 logging_writer.py:48] [14900] global_step=14900, grad_norm=7.644420146942139, loss=2.235680341720581
I0307 03:10:45.469037 140071466415872 logging_writer.py:48] [15000] global_step=15000, grad_norm=6.020283222198486, loss=2.1784462928771973
I0307 03:11:23.625569 140071458023168 logging_writer.py:48] [15100] global_step=15100, grad_norm=10.241963386535645, loss=2.248929977416992
I0307 03:12:02.216258 140071466415872 logging_writer.py:48] [15200] global_step=15200, grad_norm=4.507406234741211, loss=2.211948871612549
I0307 03:12:40.593201 140071458023168 logging_writer.py:48] [15300] global_step=15300, grad_norm=7.580501556396484, loss=2.276388645172119
I0307 03:13:18.741165 140071466415872 logging_writer.py:48] [15400] global_step=15400, grad_norm=8.225884437561035, loss=2.253941297531128
I0307 03:13:56.961049 140071458023168 logging_writer.py:48] [15500] global_step=15500, grad_norm=5.375267028808594, loss=2.342226982116699
I0307 03:14:35.491495 140071466415872 logging_writer.py:48] [15600] global_step=15600, grad_norm=4.658909320831299, loss=2.1922388076782227
I0307 03:15:14.432595 140071458023168 logging_writer.py:48] [15700] global_step=15700, grad_norm=5.347294807434082, loss=2.3700497150421143
I0307 03:15:52.799857 140071466415872 logging_writer.py:48] [15800] global_step=15800, grad_norm=6.526965618133545, loss=2.327225923538208
I0307 03:16:31.132600 140071458023168 logging_writer.py:48] [15900] global_step=15900, grad_norm=6.664348602294922, loss=2.3025786876678467
I0307 03:17:00.186738 140226914178240 spec.py:321] Evaluating on the training split.
I0307 03:17:19.815507 140226914178240 spec.py:333] Evaluating on the validation split.
I0307 03:17:44.437776 140226914178240 spec.py:349] Evaluating on the test split.
I0307 03:17:46.200024 140226914178240 submission_runner.py:469] Time since start: 6722.43s, 	Step: 15976, 	{'train/accuracy': 0.5974569320678711, 'train/loss': 1.6548250913619995, 'validation/accuracy': 0.5475999712944031, 'validation/loss': 1.9200537204742432, 'validation/num_examples': 50000, 'test/accuracy': 0.43150001764297485, 'test/loss': 2.635930061340332, 'test/num_examples': 10000, 'score': 6175.442023515701, 'total_duration': 6722.430892705917, 'accumulated_submission_time': 6175.442023515701, 'accumulated_eval_time': 544.0917387008667, 'accumulated_logging_time': 1.3202722072601318}
I0307 03:17:46.498772 140071466415872 logging_writer.py:48] [15976] accumulated_eval_time=544.092, accumulated_logging_time=1.32027, accumulated_submission_time=6175.44, global_step=15976, preemption_count=0, score=6175.44, test/accuracy=0.4315, test/loss=2.63593, test/num_examples=10000, total_duration=6722.43, train/accuracy=0.597457, train/loss=1.65483, validation/accuracy=0.5476, validation/loss=1.92005, validation/num_examples=50000
I0307 03:17:56.275889 140071458023168 logging_writer.py:48] [16000] global_step=16000, grad_norm=5.1384053230285645, loss=2.0936954021453857
I0307 03:18:34.755220 140071466415872 logging_writer.py:48] [16100] global_step=16100, grad_norm=4.273336887359619, loss=2.083641767501831
I0307 03:19:13.149566 140071458023168 logging_writer.py:48] [16200] global_step=16200, grad_norm=4.221654415130615, loss=2.20892596244812
I0307 03:19:51.979632 140071466415872 logging_writer.py:48] [16300] global_step=16300, grad_norm=5.429378986358643, loss=2.2976908683776855
I0307 03:20:30.453457 140071458023168 logging_writer.py:48] [16400] global_step=16400, grad_norm=4.630117416381836, loss=2.1234991550445557
I0307 03:21:08.709432 140071466415872 logging_writer.py:48] [16500] global_step=16500, grad_norm=4.8272809982299805, loss=2.232947587966919
I0307 03:21:46.859033 140071458023168 logging_writer.py:48] [16600] global_step=16600, grad_norm=5.2693634033203125, loss=2.0856151580810547
I0307 03:22:25.095621 140071466415872 logging_writer.py:48] [16700] global_step=16700, grad_norm=5.393387794494629, loss=2.239828586578369
I0307 03:23:03.616931 140071458023168 logging_writer.py:48] [16800] global_step=16800, grad_norm=7.057062149047852, loss=2.212132692337036
I0307 03:23:42.257551 140071466415872 logging_writer.py:48] [16900] global_step=16900, grad_norm=5.9201507568359375, loss=2.2009241580963135
I0307 03:24:20.558949 140071458023168 logging_writer.py:48] [17000] global_step=17000, grad_norm=3.9721271991729736, loss=2.238532066345215
I0307 03:24:59.206390 140071466415872 logging_writer.py:48] [17100] global_step=17100, grad_norm=8.565383911132812, loss=2.2916340827941895
I0307 03:25:37.594294 140071458023168 logging_writer.py:48] [17200] global_step=17200, grad_norm=4.045908451080322, loss=2.0914387702941895
I0307 03:26:15.979747 140071466415872 logging_writer.py:48] [17300] global_step=17300, grad_norm=5.819514274597168, loss=2.175584077835083
I0307 03:26:16.346355 140226914178240 spec.py:321] Evaluating on the training split.
I0307 03:26:31.044573 140226914178240 spec.py:333] Evaluating on the validation split.
I0307 03:26:53.131690 140226914178240 spec.py:349] Evaluating on the test split.
I0307 03:26:54.882640 140226914178240 submission_runner.py:469] Time since start: 7271.11s, 	Step: 17302, 	{'train/accuracy': 0.6120057106018066, 'train/loss': 1.5883805751800537, 'validation/accuracy': 0.5559399724006653, 'validation/loss': 1.879778504371643, 'validation/num_examples': 50000, 'test/accuracy': 0.4369000196456909, 'test/loss': 2.638759136199951, 'test/num_examples': 10000, 'score': 6685.105132341385, 'total_duration': 7271.113498210907, 'accumulated_submission_time': 6685.105132341385, 'accumulated_eval_time': 582.6278820037842, 'accumulated_logging_time': 1.678769826889038}
I0307 03:26:54.939808 140071458023168 logging_writer.py:48] [17302] accumulated_eval_time=582.628, accumulated_logging_time=1.67877, accumulated_submission_time=6685.11, global_step=17302, preemption_count=0, score=6685.11, test/accuracy=0.4369, test/loss=2.63876, test/num_examples=10000, total_duration=7271.11, train/accuracy=0.612006, train/loss=1.58838, validation/accuracy=0.55594, validation/loss=1.87978, validation/num_examples=50000
I0307 03:27:33.236993 140071466415872 logging_writer.py:48] [17400] global_step=17400, grad_norm=5.578124046325684, loss=2.3016881942749023
I0307 03:28:11.832103 140071458023168 logging_writer.py:48] [17500] global_step=17500, grad_norm=4.549263000488281, loss=2.2083475589752197
I0307 03:28:50.187743 140071466415872 logging_writer.py:48] [17600] global_step=17600, grad_norm=4.243374347686768, loss=2.242539644241333
I0307 03:29:28.692671 140071458023168 logging_writer.py:48] [17700] global_step=17700, grad_norm=6.8832573890686035, loss=2.2317142486572266
I0307 03:30:07.306647 140071466415872 logging_writer.py:48] [17800] global_step=17800, grad_norm=6.652030944824219, loss=2.1436946392059326
I0307 03:30:45.805272 140071458023168 logging_writer.py:48] [17900] global_step=17900, grad_norm=6.58793306350708, loss=2.193851947784424
I0307 03:31:24.185459 140071466415872 logging_writer.py:48] [18000] global_step=18000, grad_norm=6.986968994140625, loss=2.1379897594451904
I0307 03:32:02.657360 140071458023168 logging_writer.py:48] [18100] global_step=18100, grad_norm=4.951137065887451, loss=2.103631019592285
I0307 03:32:40.956779 140071466415872 logging_writer.py:48] [18200] global_step=18200, grad_norm=5.87445068359375, loss=2.2530970573425293
I0307 03:33:19.253842 140071458023168 logging_writer.py:48] [18300] global_step=18300, grad_norm=5.174679279327393, loss=2.113118886947632
I0307 03:33:57.935398 140071466415872 logging_writer.py:48] [18400] global_step=18400, grad_norm=5.048953056335449, loss=2.1457407474517822
I0307 03:34:36.128378 140071458023168 logging_writer.py:48] [18500] global_step=18500, grad_norm=4.484411239624023, loss=2.158170223236084
I0307 03:35:14.429975 140071466415872 logging_writer.py:48] [18600] global_step=18600, grad_norm=6.113667011260986, loss=2.168079137802124
I0307 03:35:25.099694 140226914178240 spec.py:321] Evaluating on the training split.
I0307 03:35:38.261841 140226914178240 spec.py:333] Evaluating on the validation split.
I0307 03:35:59.497856 140226914178240 spec.py:349] Evaluating on the test split.
