python submission_runner.py --framework=jax --workload=imagenet_resnet --submission_path=prize_qualification_baselines/external_tuning/jax_nadamw_full_budget.py --data_dir=/data/imagenet/jax --num_tuning_trials=1 --experiment_dir=/experiment_runs --experiment_name=submissions/rolling_leaderboard/external_tuning/baseline/study_0 --overwrite=True --save_checkpoints=False --rng_seed=-1096693655 --imagenet_v2_data_dir=/data/imagenet/jax --tuning_ruleset=external --tuning_search_space=prize_qualification_baselines/external_tuning/tuning_search_space.json --num_tuning_trials=5 --hparam_start_index=0 --hparam_end_index=1 2>&1 | tee -a /logs/imagenet_resnet_jax_03-07-2025-00-59-18.log
2025-03-07 00:59:37.649692: E external/local_xla/xla/stream_executor/cuda/cuda_fft.cc:477] Unable to register cuFFT factory: Attempting to register factory for plugin cuFFT when one has already been registered
WARNING: All log messages before absl::InitializeLog() is called are written to STDERR
E0000 00:00:1741309178.170643       9 cuda_dnn.cc:8310] Unable to register cuDNN factory: Attempting to register factory for plugin cuDNN when one has already been registered
E0000 00:00:1741309178.301897       9 cuda_blas.cc:1418] Unable to register cuBLAS factory: Attempting to register factory for plugin cuBLAS when one has already been registered
ERROR:root:Unable to import wandb.
Traceback (most recent call last):
  File "/algorithmic-efficiency/algoperf/logger_utils.py", line 27, in <module>
    import wandb  # pylint: disable=g-import-not-at-top
    ^^^^^^^^^^^^
ModuleNotFoundError: No module named 'wandb'
I0307 01:00:27.210925 140441807221952 logger_utils.py:81] Creating experiment directory at /experiment_runs/submissions/rolling_leaderboard/external_tuning/baseline/study_0/imagenet_resnet_jax.
I0307 01:00:29.647710 140441807221952 xla_bridge.py:884] Unable to initialize backend 'rocm': NOT_FOUND: Could not find registered platform with name: "rocm". Available platform names are: CUDA
I0307 01:00:29.650485 140441807221952 xla_bridge.py:884] Unable to initialize backend 'tpu': INTERNAL: Failed to open libtpu.so: libtpu.so: cannot open shared object file: No such file or directory
I0307 01:00:29.677740 140441807221952 submission_runner.py:606] Using RNG seed -1096693655
I0307 01:00:32.845669 140441807221952 submission_runner.py:615] --- Tuning run 1/5 ---
I0307 01:00:32.845864 140441807221952 submission_runner.py:620] Creating tuning directory at /experiment_runs/submissions/rolling_leaderboard/external_tuning/baseline/study_0/imagenet_resnet_jax/trial_1.
I0307 01:00:32.846049 140441807221952 logger_utils.py:97] Saving hparams to /experiment_runs/submissions/rolling_leaderboard/external_tuning/baseline/study_0/imagenet_resnet_jax/trial_1/hparams.json.
I0307 01:00:33.084077 140441807221952 submission_runner.py:218] Initializing dataset.
I0307 01:00:34.721698 140441807221952 dataset_info.py:690] Load dataset info from /data/imagenet/jax/imagenet2012/5.1.0
I0307 01:00:35.051881 140441807221952 reader.py:261] Creating a tf.data.Dataset reading 1024 files located in folders: /data/imagenet/jax/imagenet2012/5.1.0.
I0307 01:00:35.426533 140441807221952 logging_logger.py:49] Constructing tf.data.Dataset imagenet2012 for split train, from /data/imagenet/jax/imagenet2012/5.1.0
I0307 01:00:37.460484 140441807221952 submission_runner.py:229] Initializing model.
I0307 01:01:02.495736 140441807221952 submission_runner.py:272] Initializing optimizer.
I0307 01:01:03.691511 140441807221952 submission_runner.py:279] Initializing metrics bundle.
I0307 01:01:03.691771 140441807221952 submission_runner.py:301] Initializing checkpoint and logger.
I0307 01:01:03.692978 140441807221952 checkpoints.py:1101] Found no checkpoint files in /experiment_runs/submissions/rolling_leaderboard/external_tuning/baseline/study_0/imagenet_resnet_jax/trial_1 with prefix checkpoint_
I0307 01:01:03.693085 140441807221952 submission_runner.py:321] Saving meta data to /experiment_runs/submissions/rolling_leaderboard/external_tuning/baseline/study_0/imagenet_resnet_jax/trial_1/meta_data_0.json.
I0307 01:01:04.258367 140441807221952 submission_runner.py:325] Saving flags to /experiment_runs/submissions/rolling_leaderboard/external_tuning/baseline/study_0/imagenet_resnet_jax/trial_1/flags_0.json.
I0307 01:01:04.495650 140441807221952 submission_runner.py:337] Starting training loop.
I0307 01:02:03.837518 140304237709056 logging_writer.py:48] [0] global_step=0, grad_norm=0.6111066937446594, loss=6.936004161834717
I0307 01:02:04.182862 140441807221952 spec.py:321] Evaluating on the training split.
I0307 01:02:04.649458 140441807221952 dataset_info.py:690] Load dataset info from /data/imagenet/jax/imagenet2012/5.1.0
I0307 01:02:04.674073 140441807221952 reader.py:261] Creating a tf.data.Dataset reading 1024 files located in folders: /data/imagenet/jax/imagenet2012/5.1.0.
I0307 01:02:04.717023 140441807221952 logging_logger.py:49] Constructing tf.data.Dataset imagenet2012 for split train, from /data/imagenet/jax/imagenet2012/5.1.0
I0307 01:02:24.843816 140441807221952 spec.py:333] Evaluating on the validation split.
I0307 01:02:25.404807 140441807221952 dataset_info.py:690] Load dataset info from /data/imagenet/jax/imagenet2012/5.1.0
I0307 01:02:25.431306 140441807221952 reader.py:261] Creating a tf.data.Dataset reading 64 files located in folders: /data/imagenet/jax/imagenet2012/5.1.0.
I0307 01:02:25.640206 140441807221952 logging_logger.py:49] Constructing tf.data.Dataset imagenet2012 for split validation, from /data/imagenet/jax/imagenet2012/5.1.0
I0307 01:03:05.411604 140441807221952 spec.py:349] Evaluating on the test split.
I0307 01:03:05.886687 140441807221952 dataset_info.py:690] Load dataset info from /data/imagenet/jax/imagenet_v2/matched-frequency/3.0.0
I0307 01:03:05.922382 140441807221952 reader.py:261] Creating a tf.data.Dataset reading 16 files located in folders: /data/imagenet/jax/imagenet_v2/matched-frequency/3.0.0.
I0307 01:03:05.959517 140441807221952 logging_logger.py:49] Constructing tf.data.Dataset imagenet_v2 for split test, from /data/imagenet/jax/imagenet_v2/matched-frequency/3.0.0
I0307 01:03:33.840123 140441807221952 submission_runner.py:469] Time since start: 149.34s, 	Step: 1, 	{'train/accuracy': 0.0008769132546149194, 'train/loss': 6.912663459777832, 'validation/accuracy': 0.0010599999222904444, 'validation/loss': 6.912087917327881, 'validation/num_examples': 50000, 'test/accuracy': 0.0009000000427477062, 'test/loss': 6.912038803100586, 'test/num_examples': 10000, 'score': 59.687002420425415, 'total_duration': 149.34441924095154, 'accumulated_submission_time': 59.687002420425415, 'accumulated_eval_time': 89.65718460083008, 'accumulated_logging_time': 0}
I0307 01:03:33.852076 140286701328128 logging_writer.py:48] [1] accumulated_eval_time=89.6572, accumulated_logging_time=0, accumulated_submission_time=59.687, global_step=1, preemption_count=0, score=59.687, test/accuracy=0.0009, test/loss=6.91204, test/num_examples=10000, total_duration=149.344, train/accuracy=0.000876913, train/loss=6.91266, validation/accuracy=0.00106, validation/loss=6.91209, validation/num_examples=50000
I0307 01:04:10.474297 140286692935424 logging_writer.py:48] [100] global_step=100, grad_norm=0.5988179445266724, loss=6.907304763793945
I0307 01:04:47.322253 140286701328128 logging_writer.py:48] [200] global_step=200, grad_norm=0.5876765847206116, loss=6.862673282623291
I0307 01:05:24.158666 140286692935424 logging_writer.py:48] [300] global_step=300, grad_norm=0.5848390460014343, loss=6.803579807281494
I0307 01:06:01.545344 140286701328128 logging_writer.py:48] [400] global_step=400, grad_norm=0.6730841994285583, loss=6.718993663787842
I0307 01:06:39.170681 140286692935424 logging_writer.py:48] [500] global_step=500, grad_norm=0.7090136408805847, loss=6.638854026794434
I0307 01:07:16.727524 140286701328128 logging_writer.py:48] [600] global_step=600, grad_norm=0.7489510774612427, loss=6.5333662033081055
I0307 01:07:53.874266 140286692935424 logging_writer.py:48] [700] global_step=700, grad_norm=0.7710532546043396, loss=6.467787742614746
I0307 01:08:30.771208 140286701328128 logging_writer.py:48] [800] global_step=800, grad_norm=0.8011860251426697, loss=6.348940849304199
I0307 01:09:06.864949 140286692935424 logging_writer.py:48] [900] global_step=900, grad_norm=1.1950719356536865, loss=6.206971645355225
I0307 01:09:43.933395 140286701328128 logging_writer.py:48] [1000] global_step=1000, grad_norm=1.1520404815673828, loss=6.124955654144287
I0307 01:10:21.245061 140286692935424 logging_writer.py:48] [1100] global_step=1100, grad_norm=1.363969326019287, loss=6.088718891143799
I0307 01:10:58.590732 140286701328128 logging_writer.py:48] [1200] global_step=1200, grad_norm=1.3689674139022827, loss=6.016356468200684
I0307 01:11:36.127664 140286692935424 logging_writer.py:48] [1300] global_step=1300, grad_norm=2.227632999420166, loss=5.925502300262451
I0307 01:12:04.149762 140441807221952 spec.py:321] Evaluating on the training split.
I0307 01:12:15.792280 140441807221952 spec.py:333] Evaluating on the validation split.
I0307 01:12:42.106447 140441807221952 spec.py:349] Evaluating on the test split.
I0307 01:12:43.966061 140441807221952 submission_runner.py:469] Time since start: 699.47s, 	Step: 1375, 	{'train/accuracy': 0.06507094949483871, 'train/loss': 5.495771408081055, 'validation/accuracy': 0.056619998067617416, 'validation/loss': 5.574432849884033, 'validation/num_examples': 50000, 'test/accuracy': 0.04050000011920929, 'test/loss': 5.766232490539551, 'test/num_examples': 10000, 'score': 569.7683362960815, 'total_duration': 699.4703891277313, 'accumulated_submission_time': 569.7683362960815, 'accumulated_eval_time': 129.47345995903015, 'accumulated_logging_time': 0.04252290725708008}
I0307 01:12:43.988914 140286709720832 logging_writer.py:48] [1375] accumulated_eval_time=129.473, accumulated_logging_time=0.0425229, accumulated_submission_time=569.768, global_step=1375, preemption_count=0, score=569.768, test/accuracy=0.0405, test/loss=5.76623, test/num_examples=10000, total_duration=699.47, train/accuracy=0.0650709, train/loss=5.49577, validation/accuracy=0.05662, validation/loss=5.57443, validation/num_examples=50000
I0307 01:12:53.790404 140286718113536 logging_writer.py:48] [1400] global_step=1400, grad_norm=1.9281631708145142, loss=5.895606994628906
I0307 01:13:30.226308 140286709720832 logging_writer.py:48] [1500] global_step=1500, grad_norm=2.201376438140869, loss=5.8081207275390625
I0307 01:14:07.655668 140286718113536 logging_writer.py:48] [1600] global_step=1600, grad_norm=2.978553056716919, loss=5.756277084350586
I0307 01:14:44.782939 140286709720832 logging_writer.py:48] [1700] global_step=1700, grad_norm=1.8572717905044556, loss=5.697408676147461
I0307 01:15:22.618962 140286718113536 logging_writer.py:48] [1800] global_step=1800, grad_norm=3.806744337081909, loss=5.622543811798096
I0307 01:16:00.946425 140286709720832 logging_writer.py:48] [1900] global_step=1900, grad_norm=2.650376558303833, loss=5.51568078994751
I0307 01:16:38.680371 140286718113536 logging_writer.py:48] [2000] global_step=2000, grad_norm=3.1571404933929443, loss=5.500442028045654
I0307 01:17:14.798994 140286709720832 logging_writer.py:48] [2100] global_step=2100, grad_norm=2.7536628246307373, loss=5.462699890136719
I0307 01:17:53.526335 140286718113536 logging_writer.py:48] [2200] global_step=2200, grad_norm=3.396787643432617, loss=5.448772430419922
I0307 01:18:32.449167 140286709720832 logging_writer.py:48] [2300] global_step=2300, grad_norm=3.5292916297912598, loss=5.325904369354248
I0307 01:19:10.843703 140286718113536 logging_writer.py:48] [2400] global_step=2400, grad_norm=7.2197585105896, loss=5.269399642944336
I0307 01:19:49.166642 140286709720832 logging_writer.py:48] [2500] global_step=2500, grad_norm=3.1517839431762695, loss=5.332073211669922
I0307 01:20:27.561031 140286718113536 logging_writer.py:48] [2600] global_step=2600, grad_norm=4.9529290199279785, loss=5.214668273925781
I0307 01:21:05.618325 140286709720832 logging_writer.py:48] [2700] global_step=2700, grad_norm=4.1803436279296875, loss=5.223849296569824
I0307 01:21:14.179614 140441807221952 spec.py:321] Evaluating on the training split.
I0307 01:21:26.026362 140441807221952 spec.py:333] Evaluating on the validation split.
I0307 01:21:49.650253 140441807221952 spec.py:349] Evaluating on the test split.
I0307 01:21:51.475481 140441807221952 submission_runner.py:469] Time since start: 1246.98s, 	Step: 2723, 	{'train/accuracy': 0.16027583181858063, 'train/loss': 4.423295021057129, 'validation/accuracy': 0.13835999369621277, 'validation/loss': 4.570390701293945, 'validation/num_examples': 50000, 'test/accuracy': 0.09890000522136688, 'test/loss': 4.93082857131958, 'test/num_examples': 10000, 'score': 1079.7922539710999, 'total_duration': 1246.979810476303, 'accumulated_submission_time': 1079.7922539710999, 'accumulated_eval_time': 166.76930689811707, 'accumulated_logging_time': 0.07344627380371094}
I0307 01:21:51.510390 140286718113536 logging_writer.py:48] [2723] accumulated_eval_time=166.769, accumulated_logging_time=0.0734463, accumulated_submission_time=1079.79, global_step=2723, preemption_count=0, score=1079.79, test/accuracy=0.0989, test/loss=4.93083, test/num_examples=10000, total_duration=1246.98, train/accuracy=0.160276, train/loss=4.4233, validation/accuracy=0.13836, validation/loss=4.57039, validation/num_examples=50000
I0307 01:22:21.514586 140286709720832 logging_writer.py:48] [2800] global_step=2800, grad_norm=5.558844566345215, loss=5.128941535949707
I0307 01:22:59.537570 140286718113536 logging_writer.py:48] [2900] global_step=2900, grad_norm=7.247929096221924, loss=5.158764839172363
I0307 01:23:37.550155 140286709720832 logging_writer.py:48] [3000] global_step=3000, grad_norm=2.9976966381073, loss=5.142644882202148
I0307 01:24:15.959177 140286718113536 logging_writer.py:48] [3100] global_step=3100, grad_norm=5.695166110992432, loss=5.081337928771973
I0307 01:24:54.373683 140286709720832 logging_writer.py:48] [3200] global_step=3200, grad_norm=5.435308456420898, loss=5.003199577331543
I0307 01:25:32.247783 140286718113536 logging_writer.py:48] [3300] global_step=3300, grad_norm=4.5540666580200195, loss=4.935771465301514
I0307 01:26:10.407115 140286709720832 logging_writer.py:48] [3400] global_step=3400, grad_norm=6.2933349609375, loss=4.973268508911133
I0307 01:26:48.521760 140286718113536 logging_writer.py:48] [3500] global_step=3500, grad_norm=7.080990314483643, loss=4.789222240447998
I0307 01:27:26.813289 140286709720832 logging_writer.py:48] [3600] global_step=3600, grad_norm=4.885681629180908, loss=4.770713806152344
I0307 01:28:04.575023 140286718113536 logging_writer.py:48] [3700] global_step=3700, grad_norm=7.874936103820801, loss=4.765507221221924
I0307 01:28:42.546044 140286709720832 logging_writer.py:48] [3800] global_step=3800, grad_norm=4.078790187835693, loss=4.724145412445068
I0307 01:29:20.357713 140286718113536 logging_writer.py:48] [3900] global_step=3900, grad_norm=5.469127178192139, loss=4.619626998901367
I0307 01:29:58.654443 140286709720832 logging_writer.py:48] [4000] global_step=4000, grad_norm=6.624565124511719, loss=4.744354248046875
I0307 01:30:21.690469 140441807221952 spec.py:321] Evaluating on the training split.
I0307 01:30:33.443019 140441807221952 spec.py:333] Evaluating on the validation split.
I0307 01:30:59.147614 140441807221952 spec.py:349] Evaluating on the test split.
I0307 01:31:00.974574 140441807221952 submission_runner.py:469] Time since start: 1796.48s, 	Step: 4061, 	{'train/accuracy': 0.2468710094690323, 'train/loss': 3.7364847660064697, 'validation/accuracy': 0.21823999285697937, 'validation/loss': 3.923434019088745, 'validation/num_examples': 50000, 'test/accuracy': 0.1648000031709671, 'test/loss': 4.43960428237915, 'test/num_examples': 10000, 'score': 1589.8382947444916, 'total_duration': 1796.4788868427277, 'accumulated_submission_time': 1589.8382947444916, 'accumulated_eval_time': 206.05336236953735, 'accumulated_logging_time': 0.11658859252929688}
I0307 01:31:01.022655 140286718113536 logging_writer.py:48] [4061] accumulated_eval_time=206.053, accumulated_logging_time=0.116589, accumulated_submission_time=1589.84, global_step=4061, preemption_count=0, score=1589.84, test/accuracy=0.1648, test/loss=4.4396, test/num_examples=10000, total_duration=1796.48, train/accuracy=0.246871, train/loss=3.73648, validation/accuracy=0.21824, validation/loss=3.92343, validation/num_examples=50000
I0307 01:31:16.269818 140286709720832 logging_writer.py:48] [4100] global_step=4100, grad_norm=6.504387855529785, loss=4.567761421203613
I0307 01:31:54.383115 140286718113536 logging_writer.py:48] [4200] global_step=4200, grad_norm=3.7164571285247803, loss=4.575310230255127
I0307 01:32:32.158065 140286709720832 logging_writer.py:48] [4300] global_step=4300, grad_norm=5.332082748413086, loss=4.5254435539245605
I0307 01:33:10.307935 140286718113536 logging_writer.py:48] [4400] global_step=4400, grad_norm=4.264992713928223, loss=4.522636413574219
I0307 01:33:48.611801 140286709720832 logging_writer.py:48] [4500] global_step=4500, grad_norm=6.269865036010742, loss=4.485287189483643
I0307 01:34:26.700274 140286718113536 logging_writer.py:48] [4600] global_step=4600, grad_norm=4.738192081451416, loss=4.393563270568848
I0307 01:35:04.667203 140286709720832 logging_writer.py:48] [4700] global_step=4700, grad_norm=6.790830612182617, loss=4.454888820648193
I0307 01:35:42.845080 140286718113536 logging_writer.py:48] [4800] global_step=4800, grad_norm=5.707364082336426, loss=4.352209568023682
I0307 01:36:20.990689 140286709720832 logging_writer.py:48] [4900] global_step=4900, grad_norm=7.826595783233643, loss=4.410211563110352
I0307 01:36:59.020649 140286718113536 logging_writer.py:48] [5000] global_step=5000, grad_norm=6.030762195587158, loss=4.228542804718018
I0307 01:37:37.214772 140286709720832 logging_writer.py:48] [5100] global_step=5100, grad_norm=6.2865400314331055, loss=4.232460021972656
I0307 01:38:15.249662 140286718113536 logging_writer.py:48] [5200] global_step=5200, grad_norm=9.783402442932129, loss=4.166717052459717
I0307 01:38:53.172220 140286709720832 logging_writer.py:48] [5300] global_step=5300, grad_norm=5.6710944175720215, loss=4.173815727233887
I0307 01:39:30.934598 140286718113536 logging_writer.py:48] [5400] global_step=5400, grad_norm=5.954745292663574, loss=4.238461494445801
I0307 01:39:31.291087 140441807221952 spec.py:321] Evaluating on the training split.
I0307 01:39:42.468954 140441807221952 spec.py:333] Evaluating on the validation split.
I0307 01:40:06.870923 140441807221952 spec.py:349] Evaluating on the test split.
I0307 01:40:08.710662 140441807221952 submission_runner.py:469] Time since start: 2344.21s, 	Step: 5402, 	{'train/accuracy': 0.3337252736091614, 'train/loss': 3.171891450881958, 'validation/accuracy': 0.2961199879646301, 'validation/loss': 3.382331371307373, 'validation/num_examples': 50000, 'test/accuracy': 0.21650001406669617, 'test/loss': 3.9546666145324707, 'test/num_examples': 10000, 'score': 2099.9575295448303, 'total_duration': 2344.214997768402, 'accumulated_submission_time': 2099.9575295448303, 'accumulated_eval_time': 243.47290802001953, 'accumulated_logging_time': 0.18411469459533691}
I0307 01:40:08.720560 140286709720832 logging_writer.py:48] [5402] accumulated_eval_time=243.473, accumulated_logging_time=0.184115, accumulated_submission_time=2099.96, global_step=5402, preemption_count=0, score=2099.96, test/accuracy=0.2165, test/loss=3.95467, test/num_examples=10000, total_duration=2344.21, train/accuracy=0.333725, train/loss=3.17189, validation/accuracy=0.29612, validation/loss=3.38233, validation/num_examples=50000
I0307 01:40:46.245752 140286718113536 logging_writer.py:48] [5500] global_step=5500, grad_norm=7.263976097106934, loss=4.095211982727051
I0307 01:41:24.337046 140286709720832 logging_writer.py:48] [5600] global_step=5600, grad_norm=4.77316951751709, loss=4.192101955413818
I0307 01:42:02.729264 140286718113536 logging_writer.py:48] [5700] global_step=5700, grad_norm=9.158906936645508, loss=4.168209075927734
I0307 01:42:40.954221 140286709720832 logging_writer.py:48] [5800] global_step=5800, grad_norm=8.989973068237305, loss=4.087770462036133
I0307 01:43:19.073283 140286718113536 logging_writer.py:48] [5900] global_step=5900, grad_norm=6.432831287384033, loss=4.060121536254883
I0307 01:43:57.388691 140286709720832 logging_writer.py:48] [6000] global_step=6000, grad_norm=4.966743469238281, loss=4.04160737991333
I0307 01:44:35.568675 140286718113536 logging_writer.py:48] [6100] global_step=6100, grad_norm=7.958139896392822, loss=4.0141401290893555
I0307 01:45:13.608187 140286709720832 logging_writer.py:48] [6200] global_step=6200, grad_norm=8.167445182800293, loss=3.920927047729492
I0307 01:45:51.619263 140286718113536 logging_writer.py:48] [6300] global_step=6300, grad_norm=3.7687785625457764, loss=3.9445595741271973
I0307 01:46:29.774543 140286709720832 logging_writer.py:48] [6400] global_step=6400, grad_norm=5.171440124511719, loss=3.96231746673584
I0307 01:47:07.995985 140286718113536 logging_writer.py:48] [6500] global_step=6500, grad_norm=4.379876613616943, loss=3.8700034618377686
I0307 01:47:46.267517 140286709720832 logging_writer.py:48] [6600] global_step=6600, grad_norm=6.899600505828857, loss=3.8754429817199707
I0307 01:48:24.154534 140286718113536 logging_writer.py:48] [6700] global_step=6700, grad_norm=5.293696880340576, loss=3.8667802810668945
I0307 01:48:39.054542 140441807221952 spec.py:321] Evaluating on the training split.
I0307 01:48:50.797688 140441807221952 spec.py:333] Evaluating on the validation split.
I0307 01:49:13.613600 140441807221952 spec.py:349] Evaluating on the test split.
I0307 01:49:15.547043 140441807221952 submission_runner.py:469] Time since start: 2891.05s, 	Step: 6740, 	{'train/accuracy': 0.41338488459587097, 'train/loss': 2.7279350757598877, 'validation/accuracy': 0.3744199872016907, 'validation/loss': 2.935438394546509, 'validation/num_examples': 50000, 'test/accuracy': 0.2815000116825104, 'test/loss': 3.5451743602752686, 'test/num_examples': 10000, 'score': 2610.165326356888, 'total_duration': 2891.051376104355, 'accumulated_submission_time': 2610.165326356888, 'accumulated_eval_time': 279.9653720855713, 'accumulated_logging_time': 0.20302915573120117}
I0307 01:49:15.610392 140286709720832 logging_writer.py:48] [6740] accumulated_eval_time=279.965, accumulated_logging_time=0.203029, accumulated_submission_time=2610.17, global_step=6740, preemption_count=0, score=2610.17, test/accuracy=0.2815, test/loss=3.54517, test/num_examples=10000, total_duration=2891.05, train/accuracy=0.413385, train/loss=2.72794, validation/accuracy=0.37442, validation/loss=2.93544, validation/num_examples=50000
I0307 01:49:38.764763 140286718113536 logging_writer.py:48] [6800] global_step=6800, grad_norm=6.303064346313477, loss=3.8735170364379883
I0307 01:50:16.698115 140286709720832 logging_writer.py:48] [6900] global_step=6900, grad_norm=6.337143421173096, loss=3.6878857612609863
I0307 01:50:55.120284 140286718113536 logging_writer.py:48] [7000] global_step=7000, grad_norm=4.114985942840576, loss=3.7541909217834473
I0307 01:51:33.340297 140286709720832 logging_writer.py:48] [7100] global_step=7100, grad_norm=4.703003406524658, loss=3.6796987056732178
I0307 01:52:11.361089 140286718113536 logging_writer.py:48] [7200] global_step=7200, grad_norm=7.193143844604492, loss=3.7688541412353516
I0307 01:52:49.449370 140286709720832 logging_writer.py:48] [7300] global_step=7300, grad_norm=7.143012046813965, loss=3.6733832359313965
I0307 01:53:27.545294 140286718113536 logging_writer.py:48] [7400] global_step=7400, grad_norm=6.724180698394775, loss=3.7681846618652344
I0307 01:54:05.898446 140286709720832 logging_writer.py:48] [7500] global_step=7500, grad_norm=6.934002876281738, loss=3.775878667831421
I0307 01:54:43.947903 140286718113536 logging_writer.py:48] [7600] global_step=7600, grad_norm=5.949797630310059, loss=3.736253023147583
I0307 01:55:22.008775 140286709720832 logging_writer.py:48] [7700] global_step=7700, grad_norm=5.295412540435791, loss=3.690199851989746
I0307 01:56:00.058694 140286718113536 logging_writer.py:48] [7800] global_step=7800, grad_norm=6.297497272491455, loss=3.735903739929199
I0307 01:56:38.414213 140286709720832 logging_writer.py:48] [7900] global_step=7900, grad_norm=9.360600471496582, loss=3.662865161895752
I0307 01:57:16.473940 140286718113536 logging_writer.py:48] [8000] global_step=8000, grad_norm=8.38803482055664, loss=3.556975841522217
I0307 01:57:45.567774 140441807221952 spec.py:321] Evaluating on the training split.
I0307 01:57:58.185047 140441807221952 spec.py:333] Evaluating on the validation split.
I0307 01:58:20.482578 140441807221952 spec.py:349] Evaluating on the test split.
I0307 01:58:22.302931 140441807221952 submission_runner.py:469] Time since start: 3437.81s, 	Step: 8078, 	{'train/accuracy': 0.46257174015045166, 'train/loss': 2.4476497173309326, 'validation/accuracy': 0.4191199839115143, 'validation/loss': 2.6637425422668457, 'validation/num_examples': 50000, 'test/accuracy': 0.31940001249313354, 'test/loss': 3.3245441913604736, 'test/num_examples': 10000, 'score': 3119.9823246002197, 'total_duration': 3437.807263612747, 'accumulated_submission_time': 3119.9823246002197, 'accumulated_eval_time': 316.70049834251404, 'accumulated_logging_time': 0.28307342529296875}
I0307 01:58:22.346538 140286709720832 logging_writer.py:48] [8078] accumulated_eval_time=316.7, accumulated_logging_time=0.283073, accumulated_submission_time=3119.98, global_step=8078, preemption_count=0, score=3119.98, test/accuracy=0.3194, test/loss=3.32454, test/num_examples=10000, total_duration=3437.81, train/accuracy=0.462572, train/loss=2.44765, validation/accuracy=0.41912, validation/loss=2.66374, validation/num_examples=50000
I0307 01:58:31.082679 140286718113536 logging_writer.py:48] [8100] global_step=8100, grad_norm=8.18902587890625, loss=3.668788433074951
I0307 01:59:09.294302 140286709720832 logging_writer.py:48] [8200] global_step=8200, grad_norm=7.559918403625488, loss=3.52492094039917
I0307 01:59:47.336475 140286718113536 logging_writer.py:48] [8300] global_step=8300, grad_norm=6.611817836761475, loss=3.553515911102295
I0307 02:00:25.744389 140286709720832 logging_writer.py:48] [8400] global_step=8400, grad_norm=9.342528343200684, loss=3.6612095832824707
I0307 02:01:03.951034 140286718113536 logging_writer.py:48] [8500] global_step=8500, grad_norm=6.346855640411377, loss=3.6155636310577393
I0307 02:01:42.119827 140286709720832 logging_writer.py:48] [8600] global_step=8600, grad_norm=4.589868068695068, loss=3.5137581825256348
I0307 02:02:20.455337 140286718113536 logging_writer.py:48] [8700] global_step=8700, grad_norm=7.718297004699707, loss=3.4220967292785645
I0307 02:02:58.352330 140286709720832 logging_writer.py:48] [8800] global_step=8800, grad_norm=5.137820720672607, loss=3.534688711166382
I0307 02:03:36.220369 140286718113536 logging_writer.py:48] [8900] global_step=8900, grad_norm=5.830598831176758, loss=3.4255125522613525
I0307 02:04:14.709062 140286709720832 logging_writer.py:48] [9000] global_step=9000, grad_norm=2.957871198654175, loss=3.522571086883545
I0307 02:04:52.810800 140286718113536 logging_writer.py:48] [9100] global_step=9100, grad_norm=8.512601852416992, loss=3.4146432876586914
I0307 02:05:30.642677 140286709720832 logging_writer.py:48] [9200] global_step=9200, grad_norm=6.20466423034668, loss=3.4822700023651123
I0307 02:06:08.524413 140286718113536 logging_writer.py:48] [9300] global_step=9300, grad_norm=8.538886070251465, loss=3.4363853931427
I0307 02:06:46.643808 140286709720832 logging_writer.py:48] [9400] global_step=9400, grad_norm=4.92566442489624, loss=3.484483242034912
I0307 02:06:52.404863 140441807221952 spec.py:321] Evaluating on the training split.
I0307 02:07:05.341480 140441807221952 spec.py:333] Evaluating on the validation split.
I0307 02:07:29.003746 140441807221952 spec.py:349] Evaluating on the test split.
I0307 02:07:30.862588 140441807221952 submission_runner.py:469] Time since start: 3986.37s, 	Step: 9416, 	{'train/accuracy': 0.5102439522743225, 'train/loss': 2.1807687282562256, 'validation/accuracy': 0.4664599895477295, 'validation/loss': 2.418881416320801, 'validation/num_examples': 50000, 'test/accuracy': 0.3565000295639038, 'test/loss': 3.0698392391204834, 'test/num_examples': 10000, 'score': 3629.902883529663, 'total_duration': 3986.3669214248657, 'accumulated_submission_time': 3629.902883529663, 'accumulated_eval_time': 355.1581892967224, 'accumulated_logging_time': 0.34018468856811523}
I0307 02:07:30.897791 140286718113536 logging_writer.py:48] [9416] accumulated_eval_time=355.158, accumulated_logging_time=0.340185, accumulated_submission_time=3629.9, global_step=9416, preemption_count=0, score=3629.9, test/accuracy=0.3565, test/loss=3.06984, test/num_examples=10000, total_duration=3986.37, train/accuracy=0.510244, train/loss=2.18077, validation/accuracy=0.46646, validation/loss=2.41888, validation/num_examples=50000
I0307 02:08:03.061798 140286709720832 logging_writer.py:48] [9500] global_step=9500, grad_norm=5.478185653686523, loss=3.4529898166656494
I0307 02:08:41.510068 140286718113536 logging_writer.py:48] [9600] global_step=9600, grad_norm=7.032705307006836, loss=3.379143476486206
I0307 02:09:19.493678 140286709720832 logging_writer.py:48] [9700] global_step=9700, grad_norm=5.9577178955078125, loss=3.3090100288391113
I0307 02:09:57.709699 140286718113536 logging_writer.py:48] [9800] global_step=9800, grad_norm=6.319032192230225, loss=3.429037094116211
I0307 02:10:35.747457 140286709720832 logging_writer.py:48] [9900] global_step=9900, grad_norm=4.262283802032471, loss=3.2984023094177246
I0307 02:11:14.052091 140286718113536 logging_writer.py:48] [10000] global_step=10000, grad_norm=4.802354335784912, loss=3.454362154006958
I0307 02:11:52.227331 140286709720832 logging_writer.py:48] [10100] global_step=10100, grad_norm=7.702557563781738, loss=3.320089817047119
I0307 02:12:30.291550 140286718113536 logging_writer.py:48] [10200] global_step=10200, grad_norm=4.683308124542236, loss=3.3703014850616455
I0307 02:13:08.707469 140286709720832 logging_writer.py:48] [10300] global_step=10300, grad_norm=5.655044078826904, loss=3.2968294620513916
I0307 02:13:47.308364 140286718113536 logging_writer.py:48] [10400] global_step=10400, grad_norm=6.149105072021484, loss=3.3815486431121826
I0307 02:14:25.361220 140286709720832 logging_writer.py:48] [10500] global_step=10500, grad_norm=6.761172771453857, loss=3.4183754920959473
I0307 02:15:02.023048 140286718113536 logging_writer.py:48] [10600] global_step=10600, grad_norm=3.904218912124634, loss=3.2439522743225098
I0307 02:15:39.429878 140286709720832 logging_writer.py:48] [10700] global_step=10700, grad_norm=5.0125555992126465, loss=3.2275233268737793
I0307 02:16:01.113452 140441807221952 spec.py:321] Evaluating on the training split.
I0307 02:16:15.607129 140441807221952 spec.py:333] Evaluating on the validation split.
I0307 02:16:42.980016 140441807221952 spec.py:349] Evaluating on the test split.
I0307 02:16:44.815117 140441807221952 submission_runner.py:469] Time since start: 4540.32s, 	Step: 10758, 	{'train/accuracy': 0.5457589030265808, 'train/loss': 2.0431270599365234, 'validation/accuracy': 0.49823999404907227, 'validation/loss': 2.268129587173462, 'validation/num_examples': 50000, 'test/accuracy': 0.3832000195980072, 'test/loss': 2.920487642288208, 'test/num_examples': 10000, 'score': 4139.9532606601715, 'total_duration': 4540.319451332092, 'accumulated_submission_time': 4139.9532606601715, 'accumulated_eval_time': 398.85981941223145, 'accumulated_logging_time': 0.39961886405944824}
I0307 02:16:44.897846 140286718113536 logging_writer.py:48] [10758] accumulated_eval_time=398.86, accumulated_logging_time=0.399619, accumulated_submission_time=4139.95, global_step=10758, preemption_count=0, score=4139.95, test/accuracy=0.3832, test/loss=2.92049, test/num_examples=10000, total_duration=4540.32, train/accuracy=0.545759, train/loss=2.04313, validation/accuracy=0.49824, validation/loss=2.26813, validation/num_examples=50000
I0307 02:17:01.376004 140286709720832 logging_writer.py:48] [10800] global_step=10800, grad_norm=5.459064483642578, loss=3.254363536834717
I0307 02:17:39.921630 140286718113536 logging_writer.py:48] [10900] global_step=10900, grad_norm=4.708284378051758, loss=3.3315062522888184
I0307 02:18:18.969562 140286709720832 logging_writer.py:48] [11000] global_step=11000, grad_norm=4.541443824768066, loss=3.253389358520508
I0307 02:18:57.289675 140286718113536 logging_writer.py:48] [11100] global_step=11100, grad_norm=6.356518268585205, loss=3.27479887008667
I0307 02:19:35.478083 140286709720832 logging_writer.py:48] [11200] global_step=11200, grad_norm=5.504539489746094, loss=3.204516887664795
I0307 02:20:14.138055 140286718113536 logging_writer.py:48] [11300] global_step=11300, grad_norm=11.14477252960205, loss=3.2421529293060303
I0307 02:20:52.772608 140286709720832 logging_writer.py:48] [11400] global_step=11400, grad_norm=4.966871738433838, loss=3.240880250930786
I0307 02:21:31.240918 140286718113536 logging_writer.py:48] [11500] global_step=11500, grad_norm=4.5891242027282715, loss=3.251840591430664
I0307 02:22:09.626089 140286709720832 logging_writer.py:48] [11600] global_step=11600, grad_norm=6.332174301147461, loss=3.2339136600494385
I0307 02:22:48.156452 140286718113536 logging_writer.py:48] [11700] global_step=11700, grad_norm=4.084080696105957, loss=3.2548744678497314
I0307 02:23:26.607081 140286709720832 logging_writer.py:48] [11800] global_step=11800, grad_norm=5.567527770996094, loss=3.3006317615509033
I0307 02:24:04.710015 140286718113536 logging_writer.py:48] [11900] global_step=11900, grad_norm=5.868065357208252, loss=3.256627321243286
I0307 02:24:42.932775 140286709720832 logging_writer.py:48] [12000] global_step=12000, grad_norm=9.008437156677246, loss=3.2048702239990234
I0307 02:25:14.823055 140441807221952 spec.py:321] Evaluating on the training split.
I0307 02:25:33.896521 140441807221952 spec.py:333] Evaluating on the validation split.
I0307 02:26:01.347987 140441807221952 spec.py:349] Evaluating on the test split.
I0307 02:26:03.173005 140441807221952 submission_runner.py:469] Time since start: 5098.63s, 	Step: 12084, 	{'train/accuracy': 0.5666852593421936, 'train/loss': 1.9149045944213867, 'validation/accuracy': 0.5190799832344055, 'validation/loss': 2.1563785076141357, 'validation/num_examples': 50000, 'test/accuracy': 0.4027000069618225, 'test/loss': 2.8268380165100098, 'test/num_examples': 10000, 'score': 4649.722097635269, 'total_duration': 5098.629235982895, 'accumulated_submission_time': 4649.722097635269, 'accumulated_eval_time': 447.16163396835327, 'accumulated_logging_time': 0.4916808605194092}
I0307 02:26:03.418646 140286718113536 logging_writer.py:48] [12084] accumulated_eval_time=447.162, accumulated_logging_time=0.491681, accumulated_submission_time=4649.72, global_step=12084, preemption_count=0, score=4649.72, test/accuracy=0.4027, test/loss=2.82684, test/num_examples=10000, total_duration=5098.63, train/accuracy=0.566685, train/loss=1.9149, validation/accuracy=0.51908, validation/loss=2.15638, validation/num_examples=50000
I0307 02:26:09.880594 140286709720832 logging_writer.py:48] [12100] global_step=12100, grad_norm=7.976348876953125, loss=3.1675853729248047
I0307 02:26:48.327594 140286718113536 logging_writer.py:48] [12200] global_step=12200, grad_norm=5.718511581420898, loss=3.1406450271606445
I0307 02:27:26.490507 140286709720832 logging_writer.py:48] [12300] global_step=12300, grad_norm=8.391427040100098, loss=3.205369710922241
I0307 02:28:04.467293 140286718113536 logging_writer.py:48] [12400] global_step=12400, grad_norm=5.882297039031982, loss=3.1047284603118896
I0307 02:28:42.989350 140286709720832 logging_writer.py:48] [12500] global_step=12500, grad_norm=5.67548131942749, loss=3.147752285003662
I0307 02:29:21.680111 140286718113536 logging_writer.py:48] [12600] global_step=12600, grad_norm=5.667942047119141, loss=3.198281764984131
I0307 02:29:59.910390 140286709720832 logging_writer.py:48] [12700] global_step=12700, grad_norm=7.199463367462158, loss=3.079557418823242
I0307 02:30:38.012206 140286718113536 logging_writer.py:48] [12800] global_step=12800, grad_norm=6.262989521026611, loss=3.2173287868499756
I0307 02:31:17.143731 140286709720832 logging_writer.py:48] [12900] global_step=12900, grad_norm=10.950761795043945, loss=3.3043975830078125
I0307 02:31:55.351760 140286718113536 logging_writer.py:48] [13000] global_step=13000, grad_norm=8.654533386230469, loss=3.134300947189331
I0307 02:32:33.604359 140286709720832 logging_writer.py:48] [13100] global_step=13100, grad_norm=5.485382556915283, loss=3.1225686073303223
I0307 02:33:11.909861 140286718113536 logging_writer.py:48] [13200] global_step=13200, grad_norm=5.156955242156982, loss=3.1258277893066406
I0307 02:33:51.872872 140286709720832 logging_writer.py:48] [13300] global_step=13300, grad_norm=10.287741661071777, loss=3.158815622329712
I0307 02:34:30.158132 140286718113536 logging_writer.py:48] [13400] global_step=13400, grad_norm=4.489306449890137, loss=3.1632304191589355
I0307 02:34:33.198965 140441807221952 spec.py:321] Evaluating on the training split.
I0307 02:34:50.219660 140441807221952 spec.py:333] Evaluating on the validation split.
I0307 02:35:15.027300 140441807221952 spec.py:349] Evaluating on the test split.
I0307 02:35:16.789402 140441807221952 submission_runner.py:469] Time since start: 5652.29s, 	Step: 13409, 	{'train/accuracy': 0.5757732391357422, 'train/loss': 1.8449188470840454, 'validation/accuracy': 0.5312199592590332, 'validation/loss': 2.069065809249878, 'validation/num_examples': 50000, 'test/accuracy': 0.4086000323295593, 'test/loss': 2.76556658744812, 'test/num_examples': 10000, 'score': 5159.316724538803, 'total_duration': 5652.29358792305, 'accumulated_submission_time': 5159.316724538803, 'accumulated_eval_time': 490.75188994407654, 'accumulated_logging_time': 0.7742214202880859}
I0307 02:35:16.842010 140286709720832 logging_writer.py:48] [13409] accumulated_eval_time=490.752, accumulated_logging_time=0.774221, accumulated_submission_time=5159.32, global_step=13409, preemption_count=0, score=5159.32, test/accuracy=0.4086, test/loss=2.76557, test/num_examples=10000, total_duration=5652.29, train/accuracy=0.575773, train/loss=1.84492, validation/accuracy=0.53122, validation/loss=2.06907, validation/num_examples=50000
I0307 02:35:51.585474 140286718113536 logging_writer.py:48] [13500] global_step=13500, grad_norm=8.24843692779541, loss=3.241565227508545
I0307 02:36:29.577989 140286709720832 logging_writer.py:48] [13600] global_step=13600, grad_norm=4.89341926574707, loss=3.08516263961792
I0307 02:37:07.714150 140286718113536 logging_writer.py:48] [13700] global_step=13700, grad_norm=6.712615489959717, loss=3.0431034564971924
I0307 02:37:46.575727 140286709720832 logging_writer.py:48] [13800] global_step=13800, grad_norm=3.997361898422241, loss=3.1040334701538086
I0307 02:38:24.546053 140286718113536 logging_writer.py:48] [13900] global_step=13900, grad_norm=8.789813041687012, loss=3.0868570804595947
I0307 02:39:02.961313 140286709720832 logging_writer.py:48] [14000] global_step=14000, grad_norm=5.2232842445373535, loss=3.189683437347412
I0307 02:39:41.113455 140286718113536 logging_writer.py:48] [14100] global_step=14100, grad_norm=6.543583869934082, loss=3.1287424564361572
I0307 02:40:19.458382 140286709720832 logging_writer.py:48] [14200] global_step=14200, grad_norm=4.812878131866455, loss=3.067303419113159
I0307 02:40:57.599335 140286718113536 logging_writer.py:48] [14300] global_step=14300, grad_norm=3.4557275772094727, loss=3.050065040588379
I0307 02:41:35.687413 140286709720832 logging_writer.py:48] [14400] global_step=14400, grad_norm=5.8157148361206055, loss=3.1543262004852295
I0307 02:42:14.349165 140286718113536 logging_writer.py:48] [14500] global_step=14500, grad_norm=7.273156642913818, loss=3.092313289642334
I0307 02:42:52.421971 140286709720832 logging_writer.py:48] [14600] global_step=14600, grad_norm=4.1916632652282715, loss=3.1191458702087402
I0307 02:43:30.651003 140286718113536 logging_writer.py:48] [14700] global_step=14700, grad_norm=5.679533004760742, loss=3.0323519706726074
I0307 02:43:47.024214 140441807221952 spec.py:321] Evaluating on the training split.
I0307 02:44:05.067967 140441807221952 spec.py:333] Evaluating on the validation split.
I0307 02:44:30.326448 140441807221952 spec.py:349] Evaluating on the test split.
I0307 02:44:32.088770 140441807221952 submission_runner.py:469] Time since start: 6207.59s, 	Step: 14744, 	{'train/accuracy': 0.5953443646430969, 'train/loss': 1.7729371786117554, 'validation/accuracy': 0.5464999675750732, 'validation/loss': 2.009995937347412, 'validation/num_examples': 50000, 'test/accuracy': 0.4294000267982483, 'test/loss': 2.664354085922241, 'test/num_examples': 10000, 'score': 5669.328103303909, 'total_duration': 6207.592904090881, 'accumulated_submission_time': 5669.328103303909, 'accumulated_eval_time': 535.8162145614624, 'accumulated_logging_time': 0.8554446697235107}
I0307 02:44:32.198955 140286709720832 logging_writer.py:48] [14744] accumulated_eval_time=535.816, accumulated_logging_time=0.855445, accumulated_submission_time=5669.33, global_step=14744, preemption_count=0, score=5669.33, test/accuracy=0.4294, test/loss=2.66435, test/num_examples=10000, total_duration=6207.59, train/accuracy=0.595344, train/loss=1.77294, validation/accuracy=0.5465, validation/loss=2.01, validation/num_examples=50000
I0307 02:44:54.070753 140286718113536 logging_writer.py:48] [14800] global_step=14800, grad_norm=4.243923187255859, loss=3.0519027709960938
I0307 02:45:32.285878 140286709720832 logging_writer.py:48] [14900] global_step=14900, grad_norm=5.804598331451416, loss=3.0768423080444336
I0307 02:46:10.536503 140286718113536 logging_writer.py:48] [15000] global_step=15000, grad_norm=3.915531873703003, loss=3.127328395843506
I0307 02:46:49.040990 140286709720832 logging_writer.py:48] [15100] global_step=15100, grad_norm=4.866739749908447, loss=3.1117284297943115
I0307 02:47:27.229068 140286718113536 logging_writer.py:48] [15200] global_step=15200, grad_norm=3.886852979660034, loss=2.9562745094299316
I0307 02:48:05.539288 140286709720832 logging_writer.py:48] [15300] global_step=15300, grad_norm=5.369106769561768, loss=2.9913177490234375
I0307 02:48:43.894364 140286718113536 logging_writer.py:48] [15400] global_step=15400, grad_norm=4.607060432434082, loss=3.077118158340454
I0307 02:49:22.007328 140286709720832 logging_writer.py:48] [15500] global_step=15500, grad_norm=7.585596561431885, loss=2.992232322692871
I0307 02:50:00.135717 140286718113536 logging_writer.py:48] [15600] global_step=15600, grad_norm=5.64902925491333, loss=3.099060297012329
I0307 02:50:38.486005 140286709720832 logging_writer.py:48] [15700] global_step=15700, grad_norm=3.970323324203491, loss=2.9573991298675537
I0307 02:51:16.601623 140286718113536 logging_writer.py:48] [15800] global_step=15800, grad_norm=4.93895149230957, loss=2.943131923675537
I0307 02:51:54.815847 140286709720832 logging_writer.py:48] [15900] global_step=15900, grad_norm=9.016685485839844, loss=3.060670852661133
I0307 02:52:33.194938 140286718113536 logging_writer.py:48] [16000] global_step=16000, grad_norm=3.3765721321105957, loss=2.9420223236083984
I0307 02:53:02.155157 140441807221952 spec.py:321] Evaluating on the training split.
I0307 02:53:21.838019 140441807221952 spec.py:333] Evaluating on the validation split.
I0307 02:53:46.068383 140441807221952 spec.py:349] Evaluating on the test split.
I0307 02:53:47.833589 140441807221952 submission_runner.py:469] Time since start: 6763.34s, 	Step: 16077, 	{'train/accuracy': 0.6067641973495483, 'train/loss': 1.731878638267517, 'validation/accuracy': 0.5576199889183044, 'validation/loss': 1.9619148969650269, 'validation/num_examples': 50000, 'test/accuracy': 0.43380001187324524, 'test/loss': 2.630448579788208, 'test/num_examples': 10000, 'score': 6179.088294744492, 'total_duration': 6763.337777853012, 'accumulated_submission_time': 6179.088294744492, 'accumulated_eval_time': 581.494470834732, 'accumulated_logging_time': 1.0182383060455322}
I0307 02:53:48.091136 140286709720832 logging_writer.py:48] [16077] accumulated_eval_time=581.494, accumulated_logging_time=1.01824, accumulated_submission_time=6179.09, global_step=16077, preemption_count=0, score=6179.09, test/accuracy=0.4338, test/loss=2.63045, test/num_examples=10000, total_duration=6763.34, train/accuracy=0.606764, train/loss=1.73188, validation/accuracy=0.55762, validation/loss=1.96191, validation/num_examples=50000
I0307 02:53:57.273112 140286718113536 logging_writer.py:48] [16100] global_step=16100, grad_norm=5.748347282409668, loss=3.0655531883239746
I0307 02:54:35.248453 140286709720832 logging_writer.py:48] [16200] global_step=16200, grad_norm=5.852004528045654, loss=2.9790477752685547
I0307 02:55:13.371967 140286718113536 logging_writer.py:48] [16300] global_step=16300, grad_norm=4.272985935211182, loss=3.041661500930786
I0307 02:55:51.339257 140286709720832 logging_writer.py:48] [16400] global_step=16400, grad_norm=4.944154262542725, loss=3.0547640323638916
I0307 02:56:29.474883 140286718113536 logging_writer.py:48] [16500] global_step=16500, grad_norm=5.8557515144348145, loss=3.011960506439209
I0307 02:57:07.476792 140286709720832 logging_writer.py:48] [16600] global_step=16600, grad_norm=4.726068019866943, loss=2.9777817726135254
I0307 02:57:45.589811 140286718113536 logging_writer.py:48] [16700] global_step=16700, grad_norm=7.0152130126953125, loss=3.0073578357696533
I0307 02:58:24.202119 140286709720832 logging_writer.py:48] [16800] global_step=16800, grad_norm=5.43702507019043, loss=3.0307154655456543
I0307 02:59:02.470113 140286718113536 logging_writer.py:48] [16900] global_step=16900, grad_norm=4.3956708908081055, loss=3.0930588245391846
I0307 02:59:40.975843 140286709720832 logging_writer.py:48] [17000] global_step=17000, grad_norm=6.672926902770996, loss=3.0316033363342285
I0307 03:00:18.989459 140286718113536 logging_writer.py:48] [17100] global_step=17100, grad_norm=4.577980995178223, loss=3.0027239322662354
I0307 03:00:58.047338 140286709720832 logging_writer.py:48] [17200] global_step=17200, grad_norm=3.821355104446411, loss=2.9489362239837646
I0307 03:01:37.477725 140286718113536 logging_writer.py:48] [17300] global_step=17300, grad_norm=5.1392998695373535, loss=3.008862257003784
I0307 03:02:15.846258 140286709720832 logging_writer.py:48] [17400] global_step=17400, grad_norm=4.720167636871338, loss=3.0405986309051514
I0307 03:02:18.240130 140441807221952 spec.py:321] Evaluating on the training split.
I0307 03:02:34.251559 140441807221952 spec.py:333] Evaluating on the validation split.
I0307 03:02:57.268171 140441807221952 spec.py:349] Evaluating on the test split.
I0307 03:02:59.038781 140441807221952 submission_runner.py:469] Time since start: 7314.54s, 	Step: 17407, 	{'train/accuracy': 0.6162906289100647, 'train/loss': 1.6918208599090576, 'validation/accuracy': 0.5649999976158142, 'validation/loss': 1.9248992204666138, 'validation/num_examples': 50000, 'test/accuracy': 0.4497000277042389, 'test/loss': 2.5673370361328125, 'test/num_examples': 10000, 'score': 6689.049119949341, 'total_duration': 7314.5429520606995, 'accumulated_submission_time': 6689.049119949341, 'accumulated_eval_time': 622.2929475307465, 'accumulated_logging_time': 1.319702386856079}
I0307 03:02:59.114523 140286718113536 logging_writer.py:48] [17407] accumulated_eval_time=622.293, accumulated_logging_time=1.3197, accumulated_submission_time=6689.05, global_step=17407, preemption_count=0, score=6689.05, test/accuracy=0.4497, test/loss=2.56734, test/num_examples=10000, total_duration=7314.54, train/accuracy=0.616291, train/loss=1.69182, validation/accuracy=0.565, validation/loss=1.9249, validation/num_examples=50000
I0307 03:03:35.290480 140286709720832 logging_writer.py:48] [17500] global_step=17500, grad_norm=5.4155988693237305, loss=2.979497194290161
I0307 03:04:14.143967 140286718113536 logging_writer.py:48] [17600] global_step=17600, grad_norm=4.8579630851745605, loss=2.9609763622283936
I0307 03:04:52.201846 140286709720832 logging_writer.py:48] [17700] global_step=17700, grad_norm=3.4076614379882812, loss=3.0694665908813477
I0307 03:05:30.425689 140286718113536 logging_writer.py:48] [17800] global_step=17800, grad_norm=5.370155334472656, loss=2.924025774002075
I0307 03:06:08.884195 140286709720832 logging_writer.py:48] [17900] global_step=17900, grad_norm=5.99316930770874, loss=3.008342742919922
I0307 03:06:47.601069 140286718113536 logging_writer.py:48] [18000] global_step=18000, grad_norm=5.563685894012451, loss=3.0497398376464844
I0307 03:07:26.039739 140286709720832 logging_writer.py:48] [18100] global_step=18100, grad_norm=4.127371788024902, loss=2.986072301864624
I0307 03:08:04.298061 140286718113536 logging_writer.py:48] [18200] global_step=18200, grad_norm=7.973081111907959, loss=3.0517773628234863
I0307 03:08:42.830356 140286709720832 logging_writer.py:48] [18300] global_step=18300, grad_norm=2.651825189590454, loss=2.9431819915771484
I0307 03:09:21.310100 140286718113536 logging_writer.py:48] [18400] global_step=18400, grad_norm=4.858179569244385, loss=2.9647421836853027
I0307 03:09:59.452632 140286709720832 logging_writer.py:48] [18500] global_step=18500, grad_norm=4.502832412719727, loss=3.023409366607666
I0307 03:10:37.750383 140286718113536 logging_writer.py:48] [18600] global_step=18600, grad_norm=8.672981262207031, loss=2.9865622520446777
I0307 03:11:16.204990 140286709720832 logging_writer.py:48] [18700] global_step=18700, grad_norm=5.2926411628723145, loss=3.1148486137390137
I0307 03:11:29.218130 140441807221952 spec.py:321] Evaluating on the training split.
