I0316 16:06:29.441302 139875099997376 shampoo_preconditioner_list.py:612] Rank 6: ShampooPreconditionerList Numel Breakdown: (524450, 524288, 1048738, 524288, 2621440, 2621440, 2621440, 2621440, 2621440, 2621440, 2621440, 2621440, 2621440, 2621440, 524288, 524288, 524288, 2621440, 2621440, 2097152, 2097152, 2621440, 2621440, 524288, 524288, 524288, 2621440, 1048576, 2097152, 524288, 1048576, 524288, 8192, 524288, 524288, 1048576, 524288, 1048576, 524288, 524338, 524288, 524288, 1048576, 524288, 524288, 524288, 2621440, 2621440, 2097152, 2097152, 2621440, 2621440, 524288, 524288, 524288, 524288, 524288, 2621440, 2621440, 2097152, 2097152, 2621440, 2621440, 524288, 524288, 524288, 2621440, 1048576, 2097152, 524288, 1048576, 524288, 8192, 524288, 524288, 1048576, 524288, 1048576, 524288, 524338, 524288, 524288, 1048576, 524288, 524288, 524288, 2621440, 2621440, 2097152, 2097152, 2621440, 2621440, 524288, 524288, 524288, 524288, 524288, 2621440, 2621440, 2097152, 2097152, 2621440, 2621440, 524288, 524288, 524288, 2621440, 1048576, 2097152, 524288, 1048576, 524288, 8192, 524288, 524288, 1048576, 524288, 1048576, 524288, 524338, 524288, 524288, 1048576, 524288, 524288, 524288, 2621440, 2621440, 2097152, 2097152, 2621440, 2621440, 524288, 524288, 524288, 524288, 524288, 2621440, 2621440, 2097152, 2097152, 2621440, 2621440, 524288, 524288, 524288, 2621440, 1048576, 2097152, 524288, 1048576, 524288, 8192, 524288, 524288, 1048576, 524288, 1048576, 524288, 524338, 524288, 524288, 1048576, 524288, 524288, 524288, 2621440, 2621440, 2097152, 2097152, 2621440, 2621440, 524288, 524288, 524288, 524288, 524288, 2621440, 2097152)
I0316 16:06:29.441318 140116009456832 shampoo_preconditioner_list.py:615] Rank 4: ShampooPreconditionerList Bytes Breakdown: (2097800, 2097152, 4194952, 2097152, 10485760, 10485760, 10485760, 10485760, 10485760, 10485760, 10485760, 10485760, 10485760, 10485760, 2097152, 2097152, 2097152, 10485760, 10485760, 8388608, 8388608, 10485760, 10485760, 2097152, 2097152, 2097152, 10485760, 4194304, 8388608, 2097152, 4194304)
I0316 16:06:29.441354 140116009456832 shampoo_preconditioner_list.py:618] Rank 4: ShampooPreconditionerList Total Elements: 234390028
I0316 16:06:29.441355 139875099997376 shampoo_preconditioner_list.py:615] Rank 6: ShampooPreconditionerList Bytes Breakdown: (2097800, 2097152, 4194952, 2097152, 10485760, 10485760, 10485760, 10485760, 10485760, 10485760, 10485760, 10485760, 10485760, 10485760, 2097152, 2097152, 2097152, 10485760, 10485760, 8388608, 8388608, 10485760, 10485760, 2097152, 2097152, 2097152, 10485760, 4194304, 8388608, 2097152, 4194304, 2097152)
I0316 16:06:29.441388 140116009456832 shampoo_preconditioner_list.py:621] Rank 4: ShampooPreconditionerList Total Bytes: 216007952
I0316 16:06:29.441390 139875099997376 shampoo_preconditioner_list.py:618] Rank 6: ShampooPreconditionerList Total Elements: 234390028
I0316 16:06:29.441421 139875099997376 shampoo_preconditioner_list.py:621] Rank 6: ShampooPreconditionerList Total Bytes: 218105104
I0316 16:06:29.441586 140561618764992 shampoo_preconditioner_list.py:574] Instantiated Shampoo Preconditioner 133.block_0 ([torch.Size([512, 512])]) for Parameter 133 (torch.Size([512])), Block block_0 (torch.Size([512])).
I0316 16:06:29.441715 140561618764992 shampoo_preconditioner_list.py:574] Instantiated Shampoo Preconditioner 134.block_0 ([torch.Size([0])]) for Parameter 134 (torch.Size([512])), Block block_0 (torch.Size([512])).
I0316 16:06:29.441818 140561618764992 shampoo_preconditioner_list.py:574] Instantiated Shampoo Preconditioner 135.block_0 ([torch.Size([0])]) for Parameter 135 (torch.Size([512])), Block block_0 (torch.Size([512])).
I0316 16:06:29.441939 140561618764992 shampoo_preconditioner_list.py:574] Instantiated Shampoo Preconditioner 136.block_0 ([torch.Size([0]), torch.Size([0])]) for Parameter 136 (torch.Size([1024, 512])), Block block_0 (torch.Size([1024, 512])).
I0316 16:06:29.442028 140561618764992 shampoo_preconditioner_list.py:574] Instantiated Shampoo Preconditioner 137.block_0 ([torch.Size([0])]) for Parameter 137 (torch.Size([1024])), Block block_0 (torch.Size([1024])).
I0316 16:06:29.442091 140248778802368 shampoo_preconditioner_list.py:574] Instantiated Shampoo Preconditioner 109.block_0 ([torch.Size([512, 512])]) for Parameter 109 (torch.Size([512])), Block block_0 (torch.Size([512])).
I0316 16:06:29.442271 140561618764992 shampoo_preconditioner_list.py:612] Rank 7: ShampooPreconditionerList Numel Breakdown: (524450, 524288, 1048738, 524288, 2621440, 2621440, 2621440, 2621440, 2621440, 2621440, 2621440, 2621440, 2621440, 2621440, 524288, 524288, 524288, 2621440, 2621440, 2097152, 2097152, 2621440, 2621440, 524288, 524288, 524288, 2621440, 1048576, 2097152, 524288, 1048576, 524288, 8192, 524288, 524288, 1048576, 524288, 1048576, 524288, 524338, 524288, 524288, 1048576, 524288, 524288, 524288, 2621440, 2621440, 2097152, 2097152, 2621440, 2621440, 524288, 524288, 524288, 524288, 524288, 2621440, 2621440, 2097152, 2097152, 2621440, 2621440, 524288, 524288, 524288, 2621440, 1048576, 2097152, 524288, 1048576, 524288, 8192, 524288, 524288, 1048576, 524288, 1048576, 524288, 524338, 524288, 524288, 1048576, 524288, 524288, 524288, 2621440, 2621440, 2097152, 2097152, 2621440, 2621440, 524288, 524288, 524288, 524288, 524288, 2621440, 2621440, 2097152, 2097152, 2621440, 2621440, 524288, 524288, 524288, 2621440, 1048576, 2097152, 524288, 1048576, 524288, 8192, 524288, 524288, 1048576, 524288, 1048576, 524288, 524338, 524288, 524288, 1048576, 524288, 524288, 524288, 2621440, 2621440, 2097152, 2097152, 2621440, 2621440, 524288, 524288, 524288, 524288, 524288, 2621440, 2621440, 2097152, 2097152, 2621440, 2621440, 524288, 524288, 524288, 2621440, 1048576, 2097152, 524288, 1048576, 524288, 8192, 524288, 524288, 1048576, 524288, 1048576, 524288, 524338, 524288, 524288, 1048576, 524288, 524288, 524288, 2621440, 2621440, 2097152, 2097152, 2621440, 2621440, 524288, 524288, 524288, 524288, 524288, 2621440, 2097152)
I0316 16:06:29.442287 140248778802368 shampoo_preconditioner_list.py:574] Instantiated Shampoo Preconditioner 110.block_0 ([torch.Size([0]), torch.Size([0])]) for Parameter 110 (torch.Size([1536, 512])), Block block_0 (torch.Size([1024, 512])).
I0316 16:06:29.442324 140561618764992 shampoo_preconditioner_list.py:615] Rank 7: ShampooPreconditionerList Bytes Breakdown: (2097800, 2097152, 4194952, 2097152, 10485760, 10485760, 10485760, 10485760, 10485760, 10485760, 10485760, 10485760, 10485760, 10485760, 2097152, 2097152, 2097152, 10485760, 10485760, 8388608, 8388608, 10485760, 10485760, 2097152, 2097152, 2097152, 10485760, 4194304, 8388608, 2097152, 4194304, 2097152)
I0316 16:06:29.442366 140561618764992 shampoo_preconditioner_list.py:618] Rank 7: ShampooPreconditionerList Total Elements: 234390028
I0316 16:06:29.442401 140561618764992 shampoo_preconditioner_list.py:621] Rank 7: ShampooPreconditionerList Total Bytes: 218105104
I0316 16:06:29.442424 140248778802368 shampoo_preconditioner_list.py:574] Instantiated Shampoo Preconditioner 110.block_1 ([torch.Size([0]), torch.Size([0])]) for Parameter 110 (torch.Size([1536, 512])), Block block_1 (torch.Size([512, 512])).
I0316 16:06:29.442535 140248778802368 shampoo_preconditioner_list.py:574] Instantiated Shampoo Preconditioner 111.block_0 ([torch.Size([0])]) for Parameter 111 (torch.Size([1536])), Block block_0 (torch.Size([1024])).
I0316 16:06:29.442642 140248778802368 shampoo_preconditioner_list.py:574] Instantiated Shampoo Preconditioner 111.block_1 ([torch.Size([0])]) for Parameter 111 (torch.Size([1536])), Block block_1 (torch.Size([512])).
I0316 16:06:29.442781 140248778802368 shampoo_preconditioner_list.py:574] Instantiated Shampoo Preconditioner 112.block_0 ([torch.Size([0]), torch.Size([0])]) for Parameter 112 (torch.Size([512, 512])), Block block_0 (torch.Size([512, 512])).
I0316 16:06:29.442885 140248778802368 shampoo_preconditioner_list.py:574] Instantiated Shampoo Preconditioner 113.block_0 ([torch.Size([0])]) for Parameter 113 (torch.Size([512])), Block block_0 (torch.Size([512])).
I0316 16:06:29.442989 140248778802368 shampoo_preconditioner_list.py:574] Instantiated Shampoo Preconditioner 114.block_0 ([torch.Size([0])]) for Parameter 114 (torch.Size([64])), Block block_0 (torch.Size([64])).
I0316 16:06:29.443168 140248778802368 shampoo_preconditioner_list.py:574] Instantiated Shampoo Preconditioner 115.block_0 ([torch.Size([0])]) for Parameter 115 (torch.Size([512])), Block block_0 (torch.Size([512])).
I0316 16:06:29.443299 140248778802368 shampoo_preconditioner_list.py:574] Instantiated Shampoo Preconditioner 116.block_0 ([torch.Size([0])]) for Parameter 116 (torch.Size([512])), Block block_0 (torch.Size([512])).
I0316 16:06:29.443440 140248778802368 shampoo_preconditioner_list.py:574] Instantiated Shampoo Preconditioner 117.block_0 ([torch.Size([0]), torch.Size([0])]) for Parameter 117 (torch.Size([512, 512])), Block block_0 (torch.Size([512, 512])).
I0316 16:06:29.444618 140248778802368 shampoo_preconditioner_list.py:574] Instantiated Shampoo Preconditioner 118.block_0 ([torch.Size([512, 512])]) for Parameter 118 (torch.Size([512])), Block block_0 (torch.Size([512])).
I0316 16:06:29.444816 140248778802368 shampoo_preconditioner_list.py:574] Instantiated Shampoo Preconditioner 119.block_0 ([torch.Size([0]), torch.Size([0])]) for Parameter 119 (torch.Size([512, 512])), Block block_0 (torch.Size([512, 512])).
I0316 16:06:29.444934 140248778802368 shampoo_preconditioner_list.py:574] Instantiated Shampoo Preconditioner 120.block_0 ([torch.Size([0])]) for Parameter 120 (torch.Size([512])), Block block_0 (torch.Size([512])).
I0316 16:06:29.445084 140248778802368 shampoo_preconditioner_list.py:574] Instantiated Shampoo Preconditioner 121.block_0 ([torch.Size([0]), torch.Size([0])]) for Parameter 121 (torch.Size([512, 1, 5])), Block block_0 (torch.Size([512, 5])).
I0316 16:06:29.445181 139804196439232 logger_utils.py:262] Unable to record workload.train_mean information. Continuing without it.
I0316 16:06:29.445208 140248778802368 shampoo_preconditioner_list.py:574] Instantiated Shampoo Preconditioner 122.block_0 ([torch.Size([0])]) for Parameter 122 (torch.Size([512])), Block block_0 (torch.Size([512])).
I0316 16:06:29.445255 139804196439232 logger_utils.py:262] Unable to record workload.train_stddev information. Continuing without it.
I0316 16:06:29.445316 140248778802368 shampoo_preconditioner_list.py:574] Instantiated Shampoo Preconditioner 123.block_0 ([torch.Size([0])]) for Parameter 123 (torch.Size([512])), Block block_0 (torch.Size([512])).
I0316 16:06:29.445465 140248778802368 shampoo_preconditioner_list.py:574] Instantiated Shampoo Preconditioner 124.block_0 ([torch.Size([0]), torch.Size([0])]) for Parameter 124 (torch.Size([512, 512])), Block block_0 (torch.Size([512, 512])).
I0316 16:06:29.445576 140248778802368 shampoo_preconditioner_list.py:574] Instantiated Shampoo Preconditioner 125.block_0 ([torch.Size([0])]) for Parameter 125 (torch.Size([512])), Block block_0 (torch.Size([512])).
I0316 16:06:29.445781 140116009456832 logger_utils.py:262] Unable to record workload.train_mean information. Continuing without it.
I0316 16:06:29.445857 140116009456832 logger_utils.py:262] Unable to record workload.train_stddev information. Continuing without it.
I0316 16:06:29.446519 139875099997376 logger_utils.py:262] Unable to record workload.train_mean information. Continuing without it.
I0316 16:06:29.446540 140248778802368 shampoo_preconditioner_list.py:574] Instantiated Shampoo Preconditioner 126.block_0 ([torch.Size([512, 512])]) for Parameter 126 (torch.Size([512])), Block block_0 (torch.Size([512])).
I0316 16:06:29.446602 139875099997376 logger_utils.py:262] Unable to record workload.train_stddev information. Continuing without it.
I0316 16:06:29.446689 140248778802368 shampoo_preconditioner_list.py:574] Instantiated Shampoo Preconditioner 127.block_0 ([torch.Size([0])]) for Parameter 127 (torch.Size([512])), Block block_0 (torch.Size([512])).
I0316 16:06:29.446806 140561618764992 logger_utils.py:262] Unable to record workload.train_mean information. Continuing without it.
I0316 16:06:29.446853 140248778802368 shampoo_preconditioner_list.py:574] Instantiated Shampoo Preconditioner 128.block_0 ([torch.Size([0]), torch.Size([0])]) for Parameter 128 (torch.Size([2048, 512])), Block block_0 (torch.Size([1024, 512])).
I0316 16:06:29.446892 140561618764992 logger_utils.py:262] Unable to record workload.train_stddev information. Continuing without it.
I0316 16:06:29.447000 140248778802368 shampoo_preconditioner_list.py:574] Instantiated Shampoo Preconditioner 128.block_1 ([torch.Size([0]), torch.Size([0])]) for Parameter 128 (torch.Size([2048, 512])), Block block_1 (torch.Size([1024, 512])).
I0316 16:06:29.447211 140248778802368 shampoo_preconditioner_list.py:574] Instantiated Shampoo Preconditioner 129.block_0 ([torch.Size([1024, 1024])]) for Parameter 129 (torch.Size([2048])), Block block_0 (torch.Size([1024])).
I0316 16:06:29.447366 140248778802368 shampoo_preconditioner_list.py:574] Instantiated Shampoo Preconditioner 129.block_1 ([torch.Size([0])]) for Parameter 129 (torch.Size([2048])), Block block_1 (torch.Size([1024])).
I0316 16:06:29.447529 140248778802368 shampoo_preconditioner_list.py:574] Instantiated Shampoo Preconditioner 130.block_0 ([torch.Size([0]), torch.Size([0])]) for Parameter 130 (torch.Size([512, 2048])), Block block_0 (torch.Size([512, 1024])).
I0316 16:06:29.447672 140248778802368 shampoo_preconditioner_list.py:574] Instantiated Shampoo Preconditioner 130.block_1 ([torch.Size([0]), torch.Size([0])]) for Parameter 130 (torch.Size([512, 2048])), Block block_1 (torch.Size([512, 1024])).
I0316 16:06:29.447783 140248778802368 shampoo_preconditioner_list.py:574] Instantiated Shampoo Preconditioner 131.block_0 ([torch.Size([0])]) for Parameter 131 (torch.Size([512])), Block block_0 (torch.Size([512])).
I0316 16:06:29.447892 140248778802368 shampoo_preconditioner_list.py:574] Instantiated Shampoo Preconditioner 132.block_0 ([torch.Size([0])]) for Parameter 132 (torch.Size([512])), Block block_0 (torch.Size([512])).
I0316 16:06:29.447998 140248778802368 shampoo_preconditioner_list.py:574] Instantiated Shampoo Preconditioner 133.block_0 ([torch.Size([0])]) for Parameter 133 (torch.Size([512])), Block block_0 (torch.Size([512])).
I0316 16:06:29.449375 140248778802368 shampoo_preconditioner_list.py:574] Instantiated Shampoo Preconditioner 134.block_0 ([torch.Size([512, 512])]) for Parameter 134 (torch.Size([512])), Block block_0 (torch.Size([512])).
I0316 16:06:29.449529 140248778802368 shampoo_preconditioner_list.py:574] Instantiated Shampoo Preconditioner 135.block_0 ([torch.Size([0])]) for Parameter 135 (torch.Size([512])), Block block_0 (torch.Size([512])).
I0316 16:06:29.450211 140248778802368 shampoo_preconditioner_list.py:574] Instantiated Shampoo Preconditioner 136.block_0 ([torch.Size([1024, 1024]), torch.Size([512, 512])]) for Parameter 136 (torch.Size([1024, 512])), Block block_0 (torch.Size([1024, 512])).
I0316 16:06:29.450341 140248778802368 shampoo_preconditioner_list.py:574] Instantiated Shampoo Preconditioner 137.block_0 ([torch.Size([0])]) for Parameter 137 (torch.Size([1024])), Block block_0 (torch.Size([1024])).
I0316 16:06:29.450617 140248778802368 shampoo_preconditioner_list.py:612] Rank 3: ShampooPreconditionerList Numel Breakdown: (524450, 524288, 1048738, 524288, 2621440, 2621440, 2621440, 2621440, 2621440, 2621440, 2621440, 2621440, 2621440, 2621440, 524288, 524288, 524288, 2621440, 2621440, 2097152, 2097152, 2621440, 2621440, 524288, 524288, 524288, 2621440, 1048576, 2097152, 524288, 1048576, 524288, 8192, 524288, 524288, 1048576, 524288, 1048576, 524288, 524338, 524288, 524288, 1048576, 524288, 524288, 524288, 2621440, 2621440, 2097152, 2097152, 2621440, 2621440, 524288, 524288, 524288, 524288, 524288, 2621440, 2621440, 2097152, 2097152, 2621440, 2621440, 524288, 524288, 524288, 2621440, 1048576, 2097152, 524288, 1048576, 524288, 8192, 524288, 524288, 1048576, 524288, 1048576, 524288, 524338, 524288, 524288, 1048576, 524288, 524288, 524288, 2621440, 2621440, 2097152, 2097152, 2621440, 2621440, 524288, 524288, 524288, 524288, 524288, 2621440, 2621440, 2097152, 2097152, 2621440, 2621440, 524288, 524288, 524288, 2621440, 1048576, 2097152, 524288, 1048576, 524288, 8192, 524288, 524288, 1048576, 524288, 1048576, 524288, 524338, 524288, 524288, 1048576, 524288, 524288, 524288, 2621440, 2621440, 2097152, 2097152, 2621440, 2621440, 524288, 524288, 524288, 524288, 524288, 2621440, 2621440, 2097152, 2097152, 2621440, 2621440, 524288, 524288, 524288, 2621440, 1048576, 2097152, 524288, 1048576, 524288, 8192, 524288, 524288, 1048576, 524288, 1048576, 524288, 524338, 524288, 524288, 1048576, 524288, 524288, 524288, 2621440, 2621440, 2097152, 2097152, 2621440, 2621440, 524288, 524288, 524288, 524288, 524288, 2621440, 2097152)
I0316 16:06:29.450672 140248778802368 shampoo_preconditioner_list.py:615] Rank 3: ShampooPreconditionerList Bytes Breakdown: (2097800, 2097152, 4194952, 2097152, 10485760, 10485760, 10485760, 10485760, 10485760, 10485760, 10485760, 10485760, 10485760, 10485760, 2097152, 2097152, 2097152, 10485760, 10485760, 8388608, 8388608, 10485760, 10485760, 2097152, 2097152, 2097152, 10485760, 4194304)
I0316 16:06:29.450711 140248778802368 shampoo_preconditioner_list.py:618] Rank 3: ShampooPreconditionerList Total Elements: 234390028
I0316 16:06:29.450745 140248778802368 shampoo_preconditioner_list.py:621] Rank 3: ShampooPreconditionerList Total Bytes: 201327888
I0316 16:06:29.455116 140248778802368 logger_utils.py:262] Unable to record workload.train_mean information. Continuing without it.
I0316 16:06:29.455188 140248778802368 logger_utils.py:262] Unable to record workload.train_stddev information. Continuing without it.
I0316 16:06:29.715711 140399039112384 submission_runner.py:325] Saving flags to /experiment_runs/submissions/rolling_leaderboard/external_tuning/shampoo/study_0/librispeech_conformer_pytorch/trial_3/flags_0.json.
I0316 16:06:29.762069 140399039112384 submission_runner.py:337] Starting training loop.
/usr/local/lib/python3.11/multiprocessing/popen_fork.py:66: RuntimeWarning: os.fork() was called. os.fork() is incompatible with multithreaded code, and JAX is multithreaded, so this will likely lead to a deadlock.
  self.pid = os.fork()
/usr/local/lib/python3.11/multiprocessing/popen_fork.py:66: RuntimeWarning: os.fork() was called. os.fork() is incompatible with multithreaded code, and JAX is multithreaded, so this will likely lead to a deadlock.
  self.pid = os.fork()
/usr/local/lib/python3.11/multiprocessing/popen_fork.py:66: RuntimeWarning: os.fork() was called. os.fork() is incompatible with multithreaded code, and JAX is multithreaded, so this will likely lead to a deadlock.
  self.pid = os.fork()
/usr/local/lib/python3.11/multiprocessing/popen_fork.py:66: RuntimeWarning: os.fork() was called. os.fork() is incompatible with multithreaded code, and JAX is multithreaded, so this will likely lead to a deadlock.
  self.pid = os.fork()
/usr/local/lib/python3.11/multiprocessing/popen_fork.py:66: RuntimeWarning: os.fork() was called. os.fork() is incompatible with multithreaded code, and JAX is multithreaded, so this will likely lead to a deadlock.
  self.pid = os.fork()
/usr/local/lib/python3.11/multiprocessing/popen_fork.py:66: RuntimeWarning: os.fork() was called. os.fork() is incompatible with multithreaded code, and JAX is multithreaded, so this will likely lead to a deadlock.
  self.pid = os.fork()
/usr/local/lib/python3.11/multiprocessing/popen_fork.py:66: RuntimeWarning: os.fork() was called. os.fork() is incompatible with multithreaded code, and JAX is multithreaded, so this will likely lead to a deadlock.
  self.pid = os.fork()
/usr/local/lib/python3.11/multiprocessing/popen_fork.py:66: RuntimeWarning: os.fork() was called. os.fork() is incompatible with multithreaded code, and JAX is multithreaded, so this will likely lead to a deadlock.
  self.pid = os.fork()
/algorithmic-efficiency/algoperf/workloads/librispeech_conformer/librispeech_pytorch/preprocessor.py:488: UserWarning: Specified kernel cache directory could not be created! This disables kernel caching. Specified directory is /root/.cache/torch/kernels. This warning will appear only once per process. (Triggered internally at ../aten/src/ATen/native/cuda/jit_utils.cpp:1442.)
  spectrum = torch.abs(spectrum)
/algorithmic-efficiency/algoperf/workloads/librispeech_conformer/librispeech_pytorch/preprocessor.py:488: UserWarning: Specified kernel cache directory could not be created! This disables kernel caching. Specified directory is /root/.cache/torch/kernels. This warning will appear only once per process. (Triggered internally at ../aten/src/ATen/native/cuda/jit_utils.cpp:1442.)
  spectrum = torch.abs(spectrum)
/algorithmic-efficiency/algoperf/workloads/librispeech_conformer/librispeech_pytorch/preprocessor.py:488: UserWarning: Specified kernel cache directory could not be created! This disables kernel caching. Specified directory is /root/.cache/torch/kernels. This warning will appear only once per process. (Triggered internally at ../aten/src/ATen/native/cuda/jit_utils.cpp:1442.)
  spectrum = torch.abs(spectrum)
/algorithmic-efficiency/algoperf/workloads/librispeech_conformer/librispeech_pytorch/preprocessor.py:488: UserWarning: Specified kernel cache directory could not be created! This disables kernel caching. Specified directory is /root/.cache/torch/kernels. This warning will appear only once per process. (Triggered internally at ../aten/src/ATen/native/cuda/jit_utils.cpp:1442.)
  spectrum = torch.abs(spectrum)
/algorithmic-efficiency/algoperf/workloads/librispeech_conformer/librispeech_pytorch/preprocessor.py:488: UserWarning: Specified kernel cache directory could not be created! This disables kernel caching. Specified directory is /root/.cache/torch/kernels. This warning will appear only once per process. (Triggered internally at ../aten/src/ATen/native/cuda/jit_utils.cpp:1442.)
  spectrum = torch.abs(spectrum)
/algorithmic-efficiency/algoperf/workloads/librispeech_conformer/librispeech_pytorch/preprocessor.py:488: UserWarning: Specified kernel cache directory could not be created! This disables kernel caching. Specified directory is /root/.cache/torch/kernels. This warning will appear only once per process. (Triggered internally at ../aten/src/ATen/native/cuda/jit_utils.cpp:1442.)
  spectrum = torch.abs(spectrum)
/algorithmic-efficiency/algoperf/workloads/librispeech_conformer/librispeech_pytorch/preprocessor.py:488: UserWarning: Specified kernel cache directory could not be created! This disables kernel caching. Specified directory is /root/.cache/torch/kernels. This warning will appear only once per process. (Triggered internally at ../aten/src/ATen/native/cuda/jit_utils.cpp:1442.)
  spectrum = torch.abs(spectrum)
I0316 16:06:49.027807 140380116866816 logging_writer.py:48] [0] global_step=0, grad_norm=69.2643, loss=32.4581
I0316 16:06:49.056378 140399039112384 submission.py:265] 0) loss = 32.458, grad_norm = 69.264
I0316 16:06:50.242275 140399039112384 spec.py:321] Evaluating on the training split.
I0316 16:06:50.243128 140399039112384 input_pipeline.py:20] Loading split = train-clean-100
I0316 16:06:50.268983 140399039112384 input_pipeline.py:20] Loading split = train-clean-360
I0316 16:06:50.362318 140399039112384 input_pipeline.py:20] Loading split = train-other-500
I0316 16:07:24.364629 140399039112384 spec.py:333] Evaluating on the validation split.
I0316 16:07:24.365884 140399039112384 input_pipeline.py:20] Loading split = dev-clean
I0316 16:07:24.442239 140399039112384 input_pipeline.py:20] Loading split = dev-other
I0316 16:07:44.308095 140399039112384 spec.py:349] Evaluating on the test split.
I0316 16:07:44.309378 140399039112384 input_pipeline.py:20] Loading split = test-clean
I0316 16:07:54.612545 140399039112384 submission_runner.py:469] Time since start: 84.85s, 	Step: 1, 	{'train/ctc_loss': 31.251336178462285, 'train/wer': 1.0673445790423497, 'validation/ctc_loss': 30.0955291794016, 'validation/wer': 0.92860522377251, 'validation/num_examples': 5348, 'test/ctc_loss': 30.128382973808822, 'test/wer': 0.9450978002559259, 'test/num_examples': 2472, 'score': 19.29554033279419, 'total_duration': 84.85022473335266, 'accumulated_submission_time': 19.29554033279419, 'accumulated_eval_time': 64.36993503570557, 'accumulated_logging_time': 0}
I0316 16:07:54.629787 140379051517696 logging_writer.py:48] [1] accumulated_eval_time=64.3699, accumulated_logging_time=0, accumulated_submission_time=19.2955, global_step=1, preemption_count=0, score=19.2955, test/ctc_loss=30.1284, test/num_examples=2472, test/wer=0.945098, total_duration=84.8502, train/ctc_loss=31.2513, train/wer=1.06734, validation/ctc_loss=30.0955, validation/num_examples=5348, validation/wer=0.928605
I0316 16:07:57.078081 140379043124992 logging_writer.py:48] [1] global_step=1, grad_norm=66.0119, loss=31.5334
I0316 16:07:57.082137 140399039112384 submission.py:265] 1) loss = 31.533, grad_norm = 66.012
I0316 16:07:57.778919 140379051517696 logging_writer.py:48] [2] global_step=2, grad_norm=105.232, loss=30.0493
I0316 16:07:57.782912 140399039112384 submission.py:265] 2) loss = 30.049, grad_norm = 105.232
I0316 16:07:58.480432 140379043124992 logging_writer.py:48] [3] global_step=3, grad_norm=137.299, loss=23.3322
I0316 16:07:58.484209 140399039112384 submission.py:265] 3) loss = 23.332, grad_norm = 137.299
I0316 16:07:59.179830 140379051517696 logging_writer.py:48] [4] global_step=4, grad_norm=24.6043, loss=11.9861
I0316 16:07:59.183098 140399039112384 submission.py:265] 4) loss = 11.986, grad_norm = 24.604
I0316 16:07:59.879112 140379043124992 logging_writer.py:48] [5] global_step=5, grad_norm=53.7795, loss=13.5012
I0316 16:07:59.882341 140399039112384 submission.py:265] 5) loss = 13.501, grad_norm = 53.780
I0316 16:08:00.576083 140379051517696 logging_writer.py:48] [6] global_step=6, grad_norm=61.518, loss=14.0211
I0316 16:08:00.579944 140399039112384 submission.py:265] 6) loss = 14.021, grad_norm = 61.518
I0316 16:08:01.275119 140379043124992 logging_writer.py:48] [7] global_step=7, grad_norm=23.7669, loss=11.4386
I0316 16:08:01.278710 140399039112384 submission.py:265] 7) loss = 11.439, grad_norm = 23.767
I0316 16:08:01.977009 140379051517696 logging_writer.py:48] [8] global_step=8, grad_norm=36.1632, loss=9.40885
I0316 16:08:01.980545 140399039112384 submission.py:265] 8) loss = 9.409, grad_norm = 36.163
I0316 16:08:02.677476 140379043124992 logging_writer.py:48] [9] global_step=9, grad_norm=27.945, loss=9.55632
I0316 16:08:02.681006 140399039112384 submission.py:265] 9) loss = 9.556, grad_norm = 27.945
I0316 16:08:03.379091 140379051517696 logging_writer.py:48] [10] global_step=10, grad_norm=28.6212, loss=9.35641
I0316 16:08:03.382719 140399039112384 submission.py:265] 10) loss = 9.356, grad_norm = 28.621
I0316 16:08:04.078141 140379043124992 logging_writer.py:48] [11] global_step=11, grad_norm=26.6392, loss=8.23911
I0316 16:08:04.082177 140399039112384 submission.py:265] 11) loss = 8.239, grad_norm = 26.639
I0316 16:08:04.777193 140379051517696 logging_writer.py:48] [12] global_step=12, grad_norm=5.5282, loss=7.12336
I0316 16:08:04.780993 140399039112384 submission.py:265] 12) loss = 7.123, grad_norm = 5.528
I0316 16:08:05.477244 140379043124992 logging_writer.py:48] [13] global_step=13, grad_norm=62.8048, loss=8.5167
I0316 16:08:05.481094 140399039112384 submission.py:265] 13) loss = 8.517, grad_norm = 62.805
I0316 16:08:06.177631 140379051517696 logging_writer.py:48] [14] global_step=14, grad_norm=22.9323, loss=7.77382
I0316 16:08:06.181279 140399039112384 submission.py:265] 14) loss = 7.774, grad_norm = 22.932
I0316 16:08:06.876918 140379043124992 logging_writer.py:48] [15] global_step=15, grad_norm=6.95933, loss=7.2501
I0316 16:08:06.882057 140399039112384 submission.py:265] 15) loss = 7.250, grad_norm = 6.959
I0316 16:08:08.185538 140379051517696 logging_writer.py:48] [16] global_step=16, grad_norm=19.7519, loss=7.41155
I0316 16:08:08.189589 140399039112384 submission.py:265] 16) loss = 7.412, grad_norm = 19.752
I0316 16:08:08.890192 140379043124992 logging_writer.py:48] [17] global_step=17, grad_norm=15.5343, loss=7.43446
I0316 16:08:08.893795 140399039112384 submission.py:265] 17) loss = 7.434, grad_norm = 15.534
I0316 16:08:09.690780 140379051517696 logging_writer.py:48] [18] global_step=18, grad_norm=11.6134, loss=7.29668
I0316 16:08:09.694680 140399039112384 submission.py:265] 18) loss = 7.297, grad_norm = 11.613
I0316 16:08:11.108724 140379043124992 logging_writer.py:48] [19] global_step=19, grad_norm=11.4707, loss=7.26753
I0316 16:08:11.112474 140399039112384 submission.py:265] 19) loss = 7.268, grad_norm = 11.471
I0316 16:08:12.721670 140379051517696 logging_writer.py:48] [20] global_step=20, grad_norm=16.5757, loss=7.34597
I0316 16:08:12.725646 140399039112384 submission.py:265] 20) loss = 7.346, grad_norm = 16.576
I0316 16:08:13.421687 140379043124992 logging_writer.py:48] [21] global_step=21, grad_norm=20.1828, loss=7.52291
I0316 16:08:13.425798 140399039112384 submission.py:265] 21) loss = 7.523, grad_norm = 20.183
I0316 16:08:14.150561 140379051517696 logging_writer.py:48] [22] global_step=22, grad_norm=25.3074, loss=7.45999
I0316 16:08:14.154356 140399039112384 submission.py:265] 22) loss = 7.460, grad_norm = 25.307
I0316 16:08:15.569786 140379043124992 logging_writer.py:48] [23] global_step=23, grad_norm=26.5338, loss=8.04351
I0316 16:08:15.573479 140399039112384 submission.py:265] 23) loss = 8.044, grad_norm = 26.534
I0316 16:08:17.219089 140379051517696 logging_writer.py:48] [24] global_step=24, grad_norm=19.1518, loss=7.24393
I0316 16:08:17.222843 140399039112384 submission.py:265] 24) loss = 7.244, grad_norm = 19.152
I0316 16:08:17.919217 140379043124992 logging_writer.py:48] [25] global_step=25, grad_norm=22.0592, loss=7.61299
I0316 16:08:17.923138 140399039112384 submission.py:265] 25) loss = 7.613, grad_norm = 22.059
I0316 16:08:18.618427 140379051517696 logging_writer.py:48] [26] global_step=26, grad_norm=49.5774, loss=7.97678
I0316 16:08:18.622232 140399039112384 submission.py:265] 26) loss = 7.977, grad_norm = 49.577
I0316 16:08:19.571776 140379043124992 logging_writer.py:48] [27] global_step=27, grad_norm=29.9524, loss=10.6319
I0316 16:08:19.575575 140399039112384 submission.py:265] 27) loss = 10.632, grad_norm = 29.952
I0316 16:08:21.672380 140379051517696 logging_writer.py:48] [28] global_step=28, grad_norm=28.1888, loss=8.81039
I0316 16:08:21.676047 140399039112384 submission.py:265] 28) loss = 8.810, grad_norm = 28.189
I0316 16:08:22.369065 140379043124992 logging_writer.py:48] [29] global_step=29, grad_norm=40.6779, loss=7.78301
I0316 16:08:22.372622 140399039112384 submission.py:265] 29) loss = 7.783, grad_norm = 40.678
I0316 16:08:23.170020 140379051517696 logging_writer.py:48] [30] global_step=30, grad_norm=28.1295, loss=9.16945
I0316 16:08:23.173856 140399039112384 submission.py:265] 30) loss = 9.169, grad_norm = 28.129
I0316 16:08:24.113211 140379043124992 logging_writer.py:48] [31] global_step=31, grad_norm=3.29945, loss=7.04032
I0316 16:08:24.116934 140399039112384 submission.py:265] 31) loss = 7.040, grad_norm = 3.299
I0316 16:08:26.114956 140379051517696 logging_writer.py:48] [32] global_step=32, grad_norm=22.4388, loss=7.33209
I0316 16:08:26.118692 140399039112384 submission.py:265] 32) loss = 7.332, grad_norm = 22.439
I0316 16:08:26.817268 140379043124992 logging_writer.py:48] [33] global_step=33, grad_norm=24.5534, loss=8.07032
I0316 16:08:26.820904 140399039112384 submission.py:265] 33) loss = 8.070, grad_norm = 24.553
I0316 16:08:27.517264 140379051517696 logging_writer.py:48] [34] global_step=34, grad_norm=41.2147, loss=7.81716
I0316 16:08:27.520625 140399039112384 submission.py:265] 34) loss = 7.817, grad_norm = 41.215
I0316 16:08:28.509419 140379043124992 logging_writer.py:48] [35] global_step=35, grad_norm=28.3036, loss=10.4564
I0316 16:08:28.512750 140399039112384 submission.py:265] 35) loss = 10.456, grad_norm = 28.304
I0316 16:08:30.552781 140379051517696 logging_writer.py:48] [36] global_step=36, grad_norm=23.9982, loss=7.90869
I0316 16:08:30.556419 140399039112384 submission.py:265] 36) loss = 7.909, grad_norm = 23.998
I0316 16:08:31.248400 140379043124992 logging_writer.py:48] [37] global_step=37, grad_norm=88.1898, loss=10.525
I0316 16:08:31.251610 140399039112384 submission.py:265] 37) loss = 10.525, grad_norm = 88.190
I0316 16:08:32.015571 140379051517696 logging_writer.py:48] [38] global_step=38, grad_norm=27.7394, loss=16.7121
I0316 16:08:32.019003 140399039112384 submission.py:265] 38) loss = 16.712, grad_norm = 27.739
I0316 16:08:33.063400 140379043124992 logging_writer.py:48] [39] global_step=39, grad_norm=27.4009, loss=16.892
I0316 16:08:33.067174 140399039112384 submission.py:265] 39) loss = 16.892, grad_norm = 27.401
I0316 16:08:34.991063 140379051517696 logging_writer.py:48] [40] global_step=40, grad_norm=27.1421, loss=14.5326
I0316 16:08:34.994372 140399039112384 submission.py:265] 40) loss = 14.533, grad_norm = 27.142
I0316 16:08:35.727941 140379043124992 logging_writer.py:48] [41] global_step=41, grad_norm=26.543, loss=9.57419
I0316 16:08:35.731784 140399039112384 submission.py:265] 41) loss = 9.574, grad_norm = 26.543
I0316 16:08:36.895181 140379051517696 logging_writer.py:48] [42] global_step=42, grad_norm=98.095, loss=12.7214
I0316 16:08:36.898597 140399039112384 submission.py:265] 42) loss = 12.721, grad_norm = 98.095
I0316 16:08:37.591379 140379043124992 logging_writer.py:48] [43] global_step=43, grad_norm=26.3165, loss=16.2542
I0316 16:08:37.594896 140399039112384 submission.py:265] 43) loss = 16.254, grad_norm = 26.316
I0316 16:08:39.253464 140379051517696 logging_writer.py:48] [44] global_step=44, grad_norm=26.042, loss=15.4174
I0316 16:08:39.256919 140399039112384 submission.py:265] 44) loss = 15.417, grad_norm = 26.042
I0316 16:08:39.952251 140379043124992 logging_writer.py:48] [45] global_step=45, grad_norm=25.7736, loss=12.0082
I0316 16:08:39.955462 140399039112384 submission.py:265] 45) loss = 12.008, grad_norm = 25.774
I0316 16:08:41.324422 140379051517696 logging_writer.py:48] [46] global_step=46, grad_norm=13.419, loss=6.55464
I0316 16:08:41.327797 140399039112384 submission.py:265] 46) loss = 6.555, grad_norm = 13.419
I0316 16:08:42.203454 140379043124992 logging_writer.py:48] [47] global_step=47, grad_norm=67.6299, loss=18.6327
I0316 16:08:42.206803 140399039112384 submission.py:265] 47) loss = 18.633, grad_norm = 67.630
I0316 16:08:43.344260 140379051517696 logging_writer.py:48] [48] global_step=48, grad_norm=47.1542, loss=18.1864
I0316 16:08:43.347693 140399039112384 submission.py:265] 48) loss = 18.186, grad_norm = 47.154
I0316 16:08:44.147936 140379043124992 logging_writer.py:48] [49] global_step=49, grad_norm=62.0698, loss=10.8605
I0316 16:08:44.151482 140399039112384 submission.py:265] 49) loss = 10.861, grad_norm = 62.070
I0316 16:08:45.598840 140379051517696 logging_writer.py:48] [50] global_step=50, grad_norm=24.5232, loss=16.6198
I0316 16:08:45.602275 140399039112384 submission.py:265] 50) loss = 16.620, grad_norm = 24.523
I0316 16:08:46.299102 140379043124992 logging_writer.py:48] [51] global_step=51, grad_norm=24.231, loss=16.4654
I0316 16:08:46.302565 140399039112384 submission.py:265] 51) loss = 16.465, grad_norm = 24.231
I0316 16:08:47.679563 140379051517696 logging_writer.py:48] [52] global_step=52, grad_norm=22.8348, loss=13.8592
I0316 16:08:47.682791 140399039112384 submission.py:265] 52) loss = 13.859, grad_norm = 22.835
I0316 16:08:48.377156 140379043124992 logging_writer.py:48] [53] global_step=53, grad_norm=33.5714, loss=13.4953
I0316 16:08:48.380376 140399039112384 submission.py:265] 53) loss = 13.495, grad_norm = 33.571
I0316 16:08:50.187671 140379051517696 logging_writer.py:48] [54] global_step=54, grad_norm=14.3229, loss=6.66157
I0316 16:08:50.190937 140399039112384 submission.py:265] 54) loss = 6.662, grad_norm = 14.323
I0316 16:08:50.882569 140379043124992 logging_writer.py:48] [55] global_step=55, grad_norm=19.4913, loss=7.00348
I0316 16:08:50.885849 140399039112384 submission.py:265] 55) loss = 7.003, grad_norm = 19.491
I0316 16:08:51.930587 140379051517696 logging_writer.py:48] [56] global_step=56, grad_norm=18.2151, loss=7.66331
I0316 16:08:51.933864 140399039112384 submission.py:265] 56) loss = 7.663, grad_norm = 18.215
I0316 16:08:52.622898 140379043124992 logging_writer.py:48] [57] global_step=57, grad_norm=55.4772, loss=9.23734
I0316 16:08:52.628677 140399039112384 submission.py:265] 57) loss = 9.237, grad_norm = 55.477
I0316 16:08:54.553949 140379051517696 logging_writer.py:48] [58] global_step=58, grad_norm=22.5517, loss=14.8686
I0316 16:08:54.557241 140399039112384 submission.py:265] 58) loss = 14.869, grad_norm = 22.552
I0316 16:08:55.249272 140379043124992 logging_writer.py:48] [59] global_step=59, grad_norm=22.3582, loss=14.2086
I0316 16:08:55.252598 140399039112384 submission.py:265] 59) loss = 14.209, grad_norm = 22.358
I0316 16:08:56.372884 140379051517696 logging_writer.py:48] [60] global_step=60, grad_norm=21.9525, loss=11.0176
I0316 16:08:56.375964 140399039112384 submission.py:265] 60) loss = 11.018, grad_norm = 21.953
I0316 16:08:57.069622 140379043124992 logging_writer.py:48] [61] global_step=61, grad_norm=15.7969, loss=7.74268
I0316 16:08:57.073117 140399039112384 submission.py:265] 61) loss = 7.743, grad_norm = 15.797
I0316 16:08:58.544674 140379051517696 logging_writer.py:48] [62] global_step=62, grad_norm=1.81574, loss=7.59731
I0316 16:08:58.548254 140399039112384 submission.py:265] 62) loss = 7.597, grad_norm = 1.816
I0316 16:08:59.417846 140379043124992 logging_writer.py:48] [63] global_step=63, grad_norm=22.7815, loss=8.12949
I0316 16:08:59.421321 140399039112384 submission.py:265] 63) loss = 8.129, grad_norm = 22.781
I0316 16:09:00.805821 140379051517696 logging_writer.py:48] [64] global_step=64, grad_norm=20.2103, loss=9.85539
I0316 16:09:00.809947 140399039112384 submission.py:265] 64) loss = 9.855, grad_norm = 20.210
I0316 16:09:01.718730 140379043124992 logging_writer.py:48] [65] global_step=65, grad_norm=1.80872, loss=7.64964
I0316 16:09:01.722027 140399039112384 submission.py:265] 65) loss = 7.650, grad_norm = 1.809
I0316 16:09:03.061573 140379051517696 logging_writer.py:48] [66] global_step=66, grad_norm=21.6871, loss=8.34585
I0316 16:09:03.064971 140399039112384 submission.py:265] 66) loss = 8.346, grad_norm = 21.687
I0316 16:09:03.902354 140379043124992 logging_writer.py:48] [67] global_step=67, grad_norm=19.5245, loss=9.89775
I0316 16:09:03.905838 140399039112384 submission.py:265] 67) loss = 9.898, grad_norm = 19.525
I0316 16:09:05.285825 140379051517696 logging_writer.py:48] [68] global_step=68, grad_norm=3.72107, loss=7.80535
I0316 16:09:05.289173 140399039112384 submission.py:265] 68) loss = 7.805, grad_norm = 3.721
I0316 16:09:06.456317 140379043124992 logging_writer.py:48] [69] global_step=69, grad_norm=28.4313, loss=8.50935
I0316 16:09:06.459752 140399039112384 submission.py:265] 69) loss = 8.509, grad_norm = 28.431
I0316 16:09:07.400362 140379051517696 logging_writer.py:48] [70] global_step=70, grad_norm=19.5494, loss=11.1807
I0316 16:09:07.404562 140399039112384 submission.py:265] 70) loss = 11.181, grad_norm = 19.549
I0316 16:09:08.374865 140379043124992 logging_writer.py:48] [71] global_step=71, grad_norm=16.1661, loss=8.82509
I0316 16:09:08.378347 140399039112384 submission.py:265] 71) loss = 8.825, grad_norm = 16.166
I0316 16:09:09.587871 140379051517696 logging_writer.py:48] [72] global_step=72, grad_norm=47.5519, loss=9.99973
I0316 16:09:09.591135 140399039112384 submission.py:265] 72) loss = 10.000, grad_norm = 47.552
I0316 16:09:10.631043 140379043124992 logging_writer.py:48] [73] global_step=73, grad_norm=19.1227, loss=13.9869
I0316 16:09:10.634727 140399039112384 submission.py:265] 73) loss = 13.987, grad_norm = 19.123
I0316 16:09:11.555005 140379051517696 logging_writer.py:48] [74] global_step=74, grad_norm=18.7828, loss=12.7073
I0316 16:09:11.558462 140399039112384 submission.py:265] 74) loss = 12.707, grad_norm = 18.783
I0316 16:09:12.706278 140379043124992 logging_writer.py:48] [75] global_step=75, grad_norm=17.2557, loss=9.43727
I0316 16:09:12.709627 140399039112384 submission.py:265] 75) loss = 9.437, grad_norm = 17.256
I0316 16:09:13.837210 140379051517696 logging_writer.py:48] [76] global_step=76, grad_norm=47.7924, loss=10.0208
I0316 16:09:13.840575 140399039112384 submission.py:265] 76) loss = 10.021, grad_norm = 47.792
I0316 16:09:15.234932 140379043124992 logging_writer.py:48] [77] global_step=77, grad_norm=17.9144, loss=12.566
I0316 16:09:15.238324 140399039112384 submission.py:265] 77) loss = 12.566, grad_norm = 17.914
I0316 16:09:15.931078 140379051517696 logging_writer.py:48] [78] global_step=78, grad_norm=17.3173, loss=10.6729
I0316 16:09:15.934530 140399039112384 submission.py:265] 78) loss = 10.673, grad_norm = 17.317
I0316 16:09:17.051894 140379043124992 logging_writer.py:48] [79] global_step=79, grad_norm=9.18972, loss=7.48711
I0316 16:09:17.055401 140399039112384 submission.py:265] 79) loss = 7.487, grad_norm = 9.190
I0316 16:09:18.425594 140379051517696 logging_writer.py:48] [80] global_step=80, grad_norm=53.8836, loss=11.6965
I0316 16:09:18.429417 140399039112384 submission.py:265] 80) loss = 11.697, grad_norm = 53.884
I0316 16:09:19.511275 140379043124992 logging_writer.py:48] [81] global_step=81, grad_norm=16.6378, loss=13.0887
I0316 16:09:19.515192 140399039112384 submission.py:265] 81) loss = 13.089, grad_norm = 16.638
I0316 16:09:20.376612 140379051517696 logging_writer.py:48] [82] global_step=82, grad_norm=16.2373, loss=12.6103
I0316 16:09:20.379925 140399039112384 submission.py:265] 82) loss = 12.610, grad_norm = 16.237
I0316 16:09:21.529999 140379043124992 logging_writer.py:48] [83] global_step=83, grad_norm=15.2848, loss=10.0053
I0316 16:09:21.533572 140399039112384 submission.py:265] 83) loss = 10.005, grad_norm = 15.285
I0316 16:09:22.786566 140379051517696 logging_writer.py:48] [84] global_step=84, grad_norm=9.01389, loss=7.46537
I0316 16:09:22.790511 140399039112384 submission.py:265] 84) loss = 7.465, grad_norm = 9.014
I0316 16:09:23.747479 140379043124992 logging_writer.py:48] [85] global_step=85, grad_norm=28.6837, loss=8.53518
I0316 16:09:23.751149 140399039112384 submission.py:265] 85) loss = 8.535, grad_norm = 28.684
I0316 16:09:24.814669 140379051517696 logging_writer.py:48] [86] global_step=86, grad_norm=13.0415, loss=8.52329
I0316 16:09:24.818833 140399039112384 submission.py:265] 86) loss = 8.523, grad_norm = 13.042
I0316 16:09:25.515683 140379043124992 logging_writer.py:48] [87] global_step=87, grad_norm=6.39415, loss=7.14848
I0316 16:09:25.519194 140399039112384 submission.py:265] 87) loss = 7.148, grad_norm = 6.394
I0316 16:09:26.963437 140379051517696 logging_writer.py:48] [88] global_step=88, grad_norm=13.085, loss=7.36236
I0316 16:09:26.966839 140399039112384 submission.py:265] 88) loss = 7.362, grad_norm = 13.085
I0316 16:09:28.148964 140379043124992 logging_writer.py:48] [89] global_step=89, grad_norm=6.87279, loss=7.25251
I0316 16:09:28.152625 140399039112384 submission.py:265] 89) loss = 7.253, grad_norm = 6.873
I0316 16:09:28.949947 140379051517696 logging_writer.py:48] [90] global_step=90, grad_norm=2.81824, loss=7.02055
I0316 16:09:28.953600 140399039112384 submission.py:265] 90) loss = 7.021, grad_norm = 2.818
I0316 16:09:30.029452 140379043124992 logging_writer.py:48] [91] global_step=91, grad_norm=0.950159, loss=6.88252
I0316 16:09:30.032732 140399039112384 submission.py:265] 91) loss = 6.883, grad_norm = 0.950
I0316 16:09:31.996731 140379051517696 logging_writer.py:48] [92] global_step=92, grad_norm=1.52364, loss=6.87703
I0316 16:09:32.000365 140399039112384 submission.py:265] 92) loss = 6.877, grad_norm = 1.524
I0316 16:09:32.692034 140379043124992 logging_writer.py:48] [93] global_step=93, grad_norm=1.39426, loss=6.79418
I0316 16:09:32.695461 140399039112384 submission.py:265] 93) loss = 6.794, grad_norm = 1.394
I0316 16:09:33.391462 140379051517696 logging_writer.py:48] [94] global_step=94, grad_norm=1.16062, loss=6.84069
I0316 16:09:33.394803 140399039112384 submission.py:265] 94) loss = 6.841, grad_norm = 1.161
I0316 16:09:34.462684 140379043124992 logging_writer.py:48] [95] global_step=95, grad_norm=0.864582, loss=6.70922
I0316 16:09:34.466065 140399039112384 submission.py:265] 95) loss = 6.709, grad_norm = 0.865
I0316 16:09:36.585797 140379051517696 logging_writer.py:48] [96] global_step=96, grad_norm=0.844453, loss=6.64462
I0316 16:09:36.589435 140399039112384 submission.py:265] 96) loss = 6.645, grad_norm = 0.844
I0316 16:09:37.283150 140379043124992 logging_writer.py:48] [97] global_step=97, grad_norm=0.886903, loss=6.60142
I0316 16:09:37.286639 140399039112384 submission.py:265] 97) loss = 6.601, grad_norm = 0.887
I0316 16:09:37.983615 140379051517696 logging_writer.py:48] [98] global_step=98, grad_norm=0.571944, loss=6.5494
I0316 16:09:37.986889 140399039112384 submission.py:265] 98) loss = 6.549, grad_norm = 0.572
I0316 16:09:39.794888 140379043124992 logging_writer.py:48] [99] global_step=99, grad_norm=0.773718, loss=6.53246
I0316 16:09:39.798203 140399039112384 submission.py:265] 99) loss = 6.532, grad_norm = 0.774
I0316 16:09:40.801452 140379051517696 logging_writer.py:48] [100] global_step=100, grad_norm=1.18779, loss=6.55035
I0316 16:09:40.804994 140399039112384 submission.py:265] 100) loss = 6.550, grad_norm = 1.188
[rank5]: Traceback (most recent call last):
[rank5]:   File "/algorithmic-efficiency/submission_runner.py", line 766, in <module>
[rank5]:     app.run(main)
[rank5]:   File "/usr/local/lib/python3.11/site-packages/absl/app.py", line 308, in run
[rank5]:     _run_main(main, args)
[rank5]:   File "/usr/local/lib/python3.11/site-packages/absl/app.py", line 254, in _run_main
[rank5]:     sys.exit(main(argv))
[rank5]:              ^^^^^^^^^^
[rank5]:   File "/algorithmic-efficiency/submission_runner.py", line 734, in main
[rank5]:     score = score_submission_on_workload(
[rank5]:             ^^^^^^^^^^^^^^^^^^^^^^^^^^^^^
[rank5]:   File "/algorithmic-efficiency/submission_runner.py", line 630, in score_submission_on_workload
[rank5]:     timing, metrics = train_once(workload, workload_name,
[rank5]:                       ^^^^^^^^^^^^^^^^^^^^^^^^^^^^^^^^^^^
[rank5]:   File "/algorithmic-efficiency/submission_runner.py", line 361, in train_once
[rank5]:     optimizer_state, model_params, model_state = update_params(
[rank5]:                                                  ^^^^^^^^^^^^^^
[rank5]:   File "/algorithmic-efficiency/submissions_algorithms/leaderboard/external_tuning/shampoo_submission/submission.py", line 241, in update_params
[rank5]:     optimizer_state['optimizer'].step()
[rank5]:   File "/usr/local/lib/python3.11/site-packages/torch/optim/lr_scheduler.py", line 137, in wrapper
[rank5]:     return func.__get__(opt, opt.__class__)(*args, **kwargs)
[rank5]:            ^^^^^^^^^^^^^^^^^^^^^^^^^^^^^^^^^^^^^^^^^^^^^^^^^
[rank5]:   File "/usr/local/lib/python3.11/site-packages/torch/optim/optimizer.py", line 487, in wrapper
[rank5]:     out = func(*args, **kwargs)
[rank5]:           ^^^^^^^^^^^^^^^^^^^^^
[rank5]:   File "/usr/local/lib/python3.11/site-packages/torch/utils/_contextlib.py", line 116, in decorate_context
[rank5]:     return func(*args, **kwargs)
[rank5]:            ^^^^^^^^^^^^^^^^^^^^^
[rank5]:   File "/algorithmic-efficiency/submissions_algorithms/leaderboard/external_tuning/shampoo_submission/optimizers/distributed_shampoo/distributed_shampoo.py", line 954, in step
[rank5]:     self._per_group_step(
[rank5]:   File "/usr/local/lib/python3.11/site-packages/torch/utils/_contextlib.py", line 116, in decorate_context
[rank5]:     return func(*args, **kwargs)
[rank5]:            ^^^^^^^^^^^^^^^^^^^^^
[rank5]:   File "/algorithmic-efficiency/submissions_algorithms/leaderboard/external_tuning/shampoo_submission/optimizers/distributed_shampoo/distributed_shampoo.py", line 781, in _per_group_step_impl
[rank5]:     self._compute_root_inverse(state_lists, compute_root_inverse)
[rank5]:   File "/usr/local/lib/python3.11/site-packages/torch/utils/_contextlib.py", line 116, in decorate_context
[rank5]:     return func(*args, **kwargs)
[rank5]:            ^^^^^^^^^^^^^^^^^^^^^
[rank5]:   File "/usr/local/lib/python3.11/site-packages/torch/_dynamo/eval_frame.py", line 632, in _fn
[rank5]:     return fn(*args, **kwargs)
[rank5]:            ^^^^^^^^^^^^^^^^^^^
[rank5]:   File "/algorithmic-efficiency/submissions_algorithms/leaderboard/external_tuning/shampoo_submission/optimizers/distributed_shampoo/distributed_shampoo.py", line 732, in _compute_root_inverse
[rank5]:     state_lists[SHAMPOO_PRECONDITIONER_LIST].compute_root_inverse()
[rank5]:   File "/algorithmic-efficiency/submissions_algorithms/leaderboard/external_tuning/shampoo_submission/optimizers/distributed_shampoo/utils/shampoo_preconditioner_list.py", line 766, in compute_root_inverse
[rank5]:     raise ValueError(
[rank5]: ValueError: Encountered nan values in bias-corrected factor matrix 4.block_4.0! To mitigate, check if nan inputs are being passed into the network or nan gradients are being passed to the optimizer.For debugging purposes, factor_matrix 4.block_4.0: torch.min(factor_matrix)=tensor(nan, device='cuda:5'), torch.max(factor_matrix)=tensor(nan, device='cuda:5'), factor_matrix.isinf().any()=tensor(False, device='cuda:5'), factor_matrix.isnan().any()=tensor(True, device='cuda:5').
[rank2]: Traceback (most recent call last):
[rank2]:   File "/algorithmic-efficiency/submission_runner.py", line 766, in <module>
[rank2]:     app.run(main)
[rank2]:   File "/usr/local/lib/python3.11/site-packages/absl/app.py", line 308, in run
[rank2]:     _run_main(main, args)
[rank2]:   File "/usr/local/lib/python3.11/site-packages/absl/app.py", line 254, in _run_main
