I0316 16:01:09.420034 139996380370112 shampoo_preconditioner_list.py:352] Instantiated Adagrad Preconditioner 110.block_0 (torch.Size([0])) for Parameter 110 (torch.Size([1536, 512])), Block block_0 (torch.Size([1024, 512])).
I0316 16:01:09.420042 140389940364480 shampoo_preconditioner_list.py:574] Instantiated Shampoo Preconditioner 120.block_0 ([torch.Size([0])]) for Parameter 120 (torch.Size([512])), Block block_0 (torch.Size([512])).
I0316 16:01:09.420065 139698459358400 shampoo_preconditioner_list.py:352] Instantiated Adagrad Preconditioner 101.block_0 (torch.Size([0])) for Parameter 101 (torch.Size([512])), Block block_0 (torch.Size([512])).
I0316 16:01:09.420073 140107932697792 shampoo_preconditioner_list.py:352] Instantiated Adagrad Preconditioner 8.block_1 (torch.Size([1024, 512])) for Parameter 8 (torch.Size([2048, 512])), Block block_1 (torch.Size([1024, 512])).
I0316 16:01:09.420080 139996380370112 shampoo_preconditioner_list.py:352] Instantiated Adagrad Preconditioner 110.block_1 (torch.Size([0])) for Parameter 110 (torch.Size([1536, 512])), Block block_1 (torch.Size([512, 512])).
I0316 16:01:09.420082 140163233346752 shampoo_preconditioner_list.py:574] Instantiated Shampoo Preconditioner 128.block_1 ([torch.Size([0]), torch.Size([0])]) for Parameter 128 (torch.Size([2048, 512])), Block block_1 (torch.Size([1024, 512])).
I0316 16:01:09.420115 139698459358400 shampoo_preconditioner_list.py:352] Instantiated Adagrad Preconditioner 102.block_0 (torch.Size([0])) for Parameter 102 (torch.Size([512])), Block block_0 (torch.Size([512])).
I0316 16:01:09.420125 139996380370112 shampoo_preconditioner_list.py:352] Instantiated Adagrad Preconditioner 111.block_0 (torch.Size([0])) for Parameter 111 (torch.Size([1536])), Block block_0 (torch.Size([1024])).
I0316 16:01:09.420130 140107932697792 shampoo_preconditioner_list.py:352] Instantiated Adagrad Preconditioner 9.block_0 (torch.Size([0])) for Parameter 9 (torch.Size([2048])), Block block_0 (torch.Size([1024])).
I0316 16:01:09.420131 139667619157184 shampoo_preconditioner_list.py:574] Instantiated Shampoo Preconditioner 122.block_0 ([torch.Size([0])]) for Parameter 122 (torch.Size([512])), Block block_0 (torch.Size([512])).
I0316 16:01:09.420141 140389940364480 shampoo_preconditioner_list.py:574] Instantiated Shampoo Preconditioner 121.block_0 ([torch.Size([0]), torch.Size([0])]) for Parameter 121 (torch.Size([512, 1, 5])), Block block_0 (torch.Size([512, 5])).
I0316 16:01:09.420161 140163233346752 shampoo_preconditioner_list.py:574] Instantiated Shampoo Preconditioner 129.block_0 ([torch.Size([0])]) for Parameter 129 (torch.Size([2048])), Block block_0 (torch.Size([1024])).
I0316 16:01:09.420166 139698459358400 shampoo_preconditioner_list.py:352] Instantiated Adagrad Preconditioner 103.block_0 (torch.Size([0])) for Parameter 103 (torch.Size([512])), Block block_0 (torch.Size([512])).
I0316 16:01:09.420171 139996380370112 shampoo_preconditioner_list.py:352] Instantiated Adagrad Preconditioner 111.block_1 (torch.Size([0])) for Parameter 111 (torch.Size([1536])), Block block_1 (torch.Size([512])).
I0316 16:01:09.420198 140107932697792 shampoo_preconditioner_list.py:352] Instantiated Adagrad Preconditioner 9.block_1 (torch.Size([1024])) for Parameter 9 (torch.Size([2048])), Block block_1 (torch.Size([1024])).
I0316 16:01:09.420212 139667619157184 shampoo_preconditioner_list.py:574] Instantiated Shampoo Preconditioner 123.block_0 ([torch.Size([0])]) for Parameter 123 (torch.Size([512])), Block block_0 (torch.Size([512])).
I0316 16:01:09.420217 139996380370112 shampoo_preconditioner_list.py:352] Instantiated Adagrad Preconditioner 112.block_0 (torch.Size([0])) for Parameter 112 (torch.Size([512, 512])), Block block_0 (torch.Size([512, 512])).
I0316 16:01:09.420217 140389940364480 shampoo_preconditioner_list.py:574] Instantiated Shampoo Preconditioner 122.block_0 ([torch.Size([0])]) for Parameter 122 (torch.Size([512])), Block block_0 (torch.Size([512])).
I0316 16:01:09.420203 139701009028288 submission.py:142] No large parameters detected! Continuing with only Shampoo....
I0316 16:01:09.420247 139698459358400 shampoo_preconditioner_list.py:352] Instantiated Adagrad Preconditioner 104.block_0 (torch.Size([1024, 512])) for Parameter 104 (torch.Size([2048, 512])), Block block_0 (torch.Size([1024, 512])).
I0316 16:01:09.420260 139996380370112 shampoo_preconditioner_list.py:352] Instantiated Adagrad Preconditioner 113.block_0 (torch.Size([0])) for Parameter 113 (torch.Size([512])), Block block_0 (torch.Size([512])).
I0316 16:01:09.420263 140107932697792 shampoo_preconditioner_list.py:352] Instantiated Adagrad Preconditioner 10.block_0 (torch.Size([0])) for Parameter 10 (torch.Size([512, 2048])), Block block_0 (torch.Size([512, 1024])).
I0316 16:01:09.420305 139996380370112 shampoo_preconditioner_list.py:352] Instantiated Adagrad Preconditioner 114.block_0 (torch.Size([0])) for Parameter 114 (torch.Size([64])), Block block_0 (torch.Size([64])).
I0316 16:01:09.420306 139698459358400 shampoo_preconditioner_list.py:352] Instantiated Adagrad Preconditioner 104.block_1 (torch.Size([0])) for Parameter 104 (torch.Size([2048, 512])), Block block_1 (torch.Size([1024, 512])).
I0316 16:01:09.420311 140107932697792 shampoo_preconditioner_list.py:352] Instantiated Adagrad Preconditioner 10.block_1 (torch.Size([0])) for Parameter 10 (torch.Size([512, 2048])), Block block_1 (torch.Size([512, 1024])).
I0316 16:01:09.420313 139667619157184 shampoo_preconditioner_list.py:574] Instantiated Shampoo Preconditioner 124.block_0 ([torch.Size([0]), torch.Size([0])]) for Parameter 124 (torch.Size([512, 512])), Block block_0 (torch.Size([512, 512])).
I0316 16:01:09.420354 139698459358400 shampoo_preconditioner_list.py:352] Instantiated Adagrad Preconditioner 105.block_0 (torch.Size([0])) for Parameter 105 (torch.Size([2048])), Block block_0 (torch.Size([1024])).
I0316 16:01:09.420356 140107932697792 shampoo_preconditioner_list.py:352] Instantiated Adagrad Preconditioner 11.block_0 (torch.Size([0])) for Parameter 11 (torch.Size([512])), Block block_0 (torch.Size([512])).
I0316 16:01:09.420366 139996380370112 shampoo_preconditioner_list.py:352] Instantiated Adagrad Preconditioner 115.block_0 (torch.Size([0])) for Parameter 115 (torch.Size([512])), Block block_0 (torch.Size([512])).
I0316 16:01:09.420390 139701009028288 submission_runner.py:279] Initializing metrics bundle.
I0316 16:01:09.420409 139698459358400 shampoo_preconditioner_list.py:352] Instantiated Adagrad Preconditioner 105.block_1 (torch.Size([0])) for Parameter 105 (torch.Size([2048])), Block block_1 (torch.Size([1024])).
I0316 16:01:09.420411 139996380370112 shampoo_preconditioner_list.py:352] Instantiated Adagrad Preconditioner 116.block_0 (torch.Size([0])) for Parameter 116 (torch.Size([512])), Block block_0 (torch.Size([512])).
I0316 16:01:09.420426 140107932697792 shampoo_preconditioner_list.py:352] Instantiated Adagrad Preconditioner 12.block_0 (torch.Size([512])) for Parameter 12 (torch.Size([512])), Block block_0 (torch.Size([512])).
I0316 16:01:09.420457 139996380370112 shampoo_preconditioner_list.py:352] Instantiated Adagrad Preconditioner 117.block_0 (torch.Size([0])) for Parameter 117 (torch.Size([512, 512])), Block block_0 (torch.Size([512, 512])).
I0316 16:01:09.420456 139698459358400 shampoo_preconditioner_list.py:352] Instantiated Adagrad Preconditioner 106.block_0 (torch.Size([0])) for Parameter 106 (torch.Size([512, 2048])), Block block_0 (torch.Size([512, 1024])).
I0316 16:01:09.420452 140549482984640 shampoo_preconditioner_list.py:574] Instantiated Shampoo Preconditioner 134.block_0 ([torch.Size([512, 512])]) for Parameter 134 (torch.Size([512])), Block block_0 (torch.Size([512])).
I0316 16:01:09.420490 140107932697792 shampoo_preconditioner_list.py:352] Instantiated Adagrad Preconditioner 13.block_0 (torch.Size([0])) for Parameter 13 (torch.Size([512])), Block block_0 (torch.Size([512])).
I0316 16:01:09.420503 139698459358400 shampoo_preconditioner_list.py:352] Instantiated Adagrad Preconditioner 106.block_1 (torch.Size([0])) for Parameter 106 (torch.Size([512, 2048])), Block block_1 (torch.Size([512, 1024])).
I0316 16:01:09.420511 139996380370112 shampoo_preconditioner_list.py:352] Instantiated Adagrad Preconditioner 118.block_0 (torch.Size([0])) for Parameter 118 (torch.Size([512])), Block block_0 (torch.Size([512])).
I0316 16:01:09.420530 139701009028288 submission_runner.py:301] Initializing checkpoint and logger.
I0316 16:01:09.420546 140107932697792 shampoo_preconditioner_list.py:352] Instantiated Adagrad Preconditioner 14.block_0 (torch.Size([0])) for Parameter 14 (torch.Size([1536, 512])), Block block_0 (torch.Size([1024, 512])).
I0316 16:01:09.420548 139698459358400 shampoo_preconditioner_list.py:352] Instantiated Adagrad Preconditioner 107.block_0 (torch.Size([0])) for Parameter 107 (torch.Size([512])), Block block_0 (torch.Size([512])).
I0316 16:01:09.420573 140549482984640 shampoo_preconditioner_list.py:574] Instantiated Shampoo Preconditioner 135.block_0 ([torch.Size([0])]) for Parameter 135 (torch.Size([512])), Block block_0 (torch.Size([512])).
I0316 16:01:09.420593 140107932697792 shampoo_preconditioner_list.py:352] Instantiated Adagrad Preconditioner 14.block_1 (torch.Size([0])) for Parameter 14 (torch.Size([1536, 512])), Block block_1 (torch.Size([512, 512])).
I0316 16:01:09.420602 139698459358400 shampoo_preconditioner_list.py:352] Instantiated Adagrad Preconditioner 108.block_0 (torch.Size([0])) for Parameter 108 (torch.Size([512])), Block block_0 (torch.Size([512])).
I0316 16:01:09.420638 140107932697792 shampoo_preconditioner_list.py:352] Instantiated Adagrad Preconditioner 15.block_0 (torch.Size([0])) for Parameter 15 (torch.Size([1536])), Block block_0 (torch.Size([1024])).
I0316 16:01:09.420648 139698459358400 shampoo_preconditioner_list.py:352] Instantiated Adagrad Preconditioner 109.block_0 (torch.Size([0])) for Parameter 109 (torch.Size([512])), Block block_0 (torch.Size([512])).
I0316 16:01:09.420690 140107932697792 shampoo_preconditioner_list.py:352] Instantiated Adagrad Preconditioner 15.block_1 (torch.Size([0])) for Parameter 15 (torch.Size([1536])), Block block_1 (torch.Size([512])).
I0316 16:01:09.420693 139698459358400 shampoo_preconditioner_list.py:352] Instantiated Adagrad Preconditioner 110.block_0 (torch.Size([0])) for Parameter 110 (torch.Size([1536, 512])), Block block_0 (torch.Size([1024, 512])).
I0316 16:01:09.420739 139698459358400 shampoo_preconditioner_list.py:352] Instantiated Adagrad Preconditioner 110.block_1 (torch.Size([0])) for Parameter 110 (torch.Size([1536, 512])), Block block_1 (torch.Size([512, 512])).
I0316 16:01:09.420779 140107932697792 shampoo_preconditioner_list.py:352] Instantiated Adagrad Preconditioner 16.block_0 (torch.Size([512, 512])) for Parameter 16 (torch.Size([512, 512])), Block block_0 (torch.Size([512, 512])).
I0316 16:01:09.420793 139698459358400 shampoo_preconditioner_list.py:352] Instantiated Adagrad Preconditioner 111.block_0 (torch.Size([0])) for Parameter 111 (torch.Size([1536])), Block block_0 (torch.Size([1024])).
I0316 16:01:09.420802 140163233346752 shampoo_preconditioner_list.py:574] Instantiated Shampoo Preconditioner 129.block_1 ([torch.Size([1024, 1024])]) for Parameter 129 (torch.Size([2048])), Block block_1 (torch.Size([1024])).
I0316 16:01:09.420840 139698459358400 shampoo_preconditioner_list.py:352] Instantiated Adagrad Preconditioner 111.block_1 (torch.Size([0])) for Parameter 111 (torch.Size([1536])), Block block_1 (torch.Size([512])).
I0316 16:01:09.420848 140107932697792 shampoo_preconditioner_list.py:352] Instantiated Adagrad Preconditioner 17.block_0 (torch.Size([0])) for Parameter 17 (torch.Size([512])), Block block_0 (torch.Size([512])).
I0316 16:01:09.420886 139698459358400 shampoo_preconditioner_list.py:352] Instantiated Adagrad Preconditioner 112.block_0 (torch.Size([0])) for Parameter 112 (torch.Size([512, 512])), Block block_0 (torch.Size([512, 512])).
I0316 16:01:09.420921 140107932697792 shampoo_preconditioner_list.py:352] Instantiated Adagrad Preconditioner 18.block_0 (torch.Size([64])) for Parameter 18 (torch.Size([64])), Block block_0 (torch.Size([64])).
I0316 16:01:09.420938 139698459358400 shampoo_preconditioner_list.py:352] Instantiated Adagrad Preconditioner 113.block_0 (torch.Size([0])) for Parameter 113 (torch.Size([512])), Block block_0 (torch.Size([512])).
I0316 16:01:09.420929 140389940364480 shampoo_preconditioner_list.py:574] Instantiated Shampoo Preconditioner 123.block_0 ([torch.Size([512, 512])]) for Parameter 123 (torch.Size([512])), Block block_0 (torch.Size([512])).
I0316 16:01:09.420951 140163233346752 shampoo_preconditioner_list.py:574] Instantiated Shampoo Preconditioner 130.block_0 ([torch.Size([0]), torch.Size([0])]) for Parameter 130 (torch.Size([512, 2048])), Block block_0 (torch.Size([512, 1024])).
I0316 16:01:09.420950 139701009028288 submission_runner.py:321] Saving meta data to /experiment_runs/submissions/rolling_leaderboard/external_tuning/shampoo/study_0/librispeech_conformer_pytorch/trial_2/meta_data_0.json.
I0316 16:01:09.420984 139698459358400 shampoo_preconditioner_list.py:352] Instantiated Adagrad Preconditioner 114.block_0 (torch.Size([0])) for Parameter 114 (torch.Size([64])), Block block_0 (torch.Size([64])).
I0316 16:01:09.420984 140107932697792 shampoo_preconditioner_list.py:352] Instantiated Adagrad Preconditioner 19.block_0 (torch.Size([0])) for Parameter 19 (torch.Size([512])), Block block_0 (torch.Size([512])).
I0316 16:01:09.421035 139698459358400 shampoo_preconditioner_list.py:352] Instantiated Adagrad Preconditioner 115.block_0 (torch.Size([0])) for Parameter 115 (torch.Size([512])), Block block_0 (torch.Size([512])).
I0316 16:01:09.421014 139667619157184 shampoo_preconditioner_list.py:574] Instantiated Shampoo Preconditioner 125.block_0 ([torch.Size([512, 512])]) for Parameter 125 (torch.Size([512])), Block block_0 (torch.Size([512])).
I0316 16:01:09.421053 140107932697792 shampoo_preconditioner_list.py:352] Instantiated Adagrad Preconditioner 20.block_0 (torch.Size([512])) for Parameter 20 (torch.Size([512])), Block block_0 (torch.Size([512])).
I0316 16:01:09.421058 140163233346752 shampoo_preconditioner_list.py:574] Instantiated Shampoo Preconditioner 130.block_1 ([torch.Size([0]), torch.Size([0])]) for Parameter 130 (torch.Size([512, 2048])), Block block_1 (torch.Size([512, 1024])).
I0316 16:01:09.421076 140389940364480 shampoo_preconditioner_list.py:574] Instantiated Shampoo Preconditioner 124.block_0 ([torch.Size([0]), torch.Size([0])]) for Parameter 124 (torch.Size([512, 512])), Block block_0 (torch.Size([512, 512])).
I0316 16:01:09.421087 139698459358400 shampoo_preconditioner_list.py:352] Instantiated Adagrad Preconditioner 116.block_0 (torch.Size([0])) for Parameter 116 (torch.Size([512])), Block block_0 (torch.Size([512])).
I0316 16:01:09.421116 140107932697792 shampoo_preconditioner_list.py:352] Instantiated Adagrad Preconditioner 21.block_0 (torch.Size([0])) for Parameter 21 (torch.Size([512, 512])), Block block_0 (torch.Size([512, 512])).
I0316 16:01:09.421114 139701009028288 logger_utils.py:262] Unable to record workload.train_mean information. Continuing without it.
I0316 16:01:09.421122 139667619157184 shampoo_preconditioner_list.py:574] Instantiated Shampoo Preconditioner 126.block_0 ([torch.Size([0])]) for Parameter 126 (torch.Size([512])), Block block_0 (torch.Size([512])).
I0316 16:01:09.421134 139698459358400 shampoo_preconditioner_list.py:352] Instantiated Adagrad Preconditioner 117.block_0 (torch.Size([0])) for Parameter 117 (torch.Size([512, 512])), Block block_0 (torch.Size([512, 512])).
I0316 16:01:09.421150 140163233346752 shampoo_preconditioner_list.py:574] Instantiated Shampoo Preconditioner 131.block_0 ([torch.Size([0])]) for Parameter 131 (torch.Size([512])), Block block_0 (torch.Size([512])).
I0316 16:01:09.421153 139701009028288 logger_utils.py:262] Unable to record workload.train_stddev information. Continuing without it.
I0316 16:01:09.421156 140389940364480 shampoo_preconditioner_list.py:574] Instantiated Shampoo Preconditioner 125.block_0 ([torch.Size([0])]) for Parameter 125 (torch.Size([512])), Block block_0 (torch.Size([512])).
I0316 16:01:09.421170 140107932697792 shampoo_preconditioner_list.py:352] Instantiated Adagrad Preconditioner 22.block_0 (torch.Size([0])) for Parameter 22 (torch.Size([512])), Block block_0 (torch.Size([512])).
I0316 16:01:09.421179 139698459358400 shampoo_preconditioner_list.py:352] Instantiated Adagrad Preconditioner 118.block_0 (torch.Size([0])) for Parameter 118 (torch.Size([512])), Block block_0 (torch.Size([512])).
I0316 16:01:09.421202 139667619157184 shampoo_preconditioner_list.py:574] Instantiated Shampoo Preconditioner 127.block_0 ([torch.Size([0])]) for Parameter 127 (torch.Size([512])), Block block_0 (torch.Size([512])).
I0316 16:01:09.421216 140107932697792 shampoo_preconditioner_list.py:352] Instantiated Adagrad Preconditioner 23.block_0 (torch.Size([0])) for Parameter 23 (torch.Size([512, 512])), Block block_0 (torch.Size([512, 512])).
I0316 16:01:09.421226 139698459358400 shampoo_preconditioner_list.py:352] Instantiated Adagrad Preconditioner 119.block_0 (torch.Size([0])) for Parameter 119 (torch.Size([512, 512])), Block block_0 (torch.Size([512, 512])).
I0316 16:01:09.421205 139996380370112 shampoo_preconditioner_list.py:352] Instantiated Adagrad Preconditioner 119.block_0 (torch.Size([512, 512])) for Parameter 119 (torch.Size([512, 512])), Block block_0 (torch.Size([512, 512])).
I0316 16:01:09.421231 140389940364480 shampoo_preconditioner_list.py:574] Instantiated Shampoo Preconditioner 126.block_0 ([torch.Size([0])]) for Parameter 126 (torch.Size([512])), Block block_0 (torch.Size([512])).
I0316 16:01:09.421236 140163233346752 shampoo_preconditioner_list.py:574] Instantiated Shampoo Preconditioner 132.block_0 ([torch.Size([0])]) for Parameter 132 (torch.Size([512])), Block block_0 (torch.Size([512])).
I0316 16:01:09.421261 140107932697792 shampoo_preconditioner_list.py:352] Instantiated Adagrad Preconditioner 24.block_0 (torch.Size([0])) for Parameter 24 (torch.Size([512])), Block block_0 (torch.Size([512])).
I0316 16:01:09.421272 139698459358400 shampoo_preconditioner_list.py:352] Instantiated Adagrad Preconditioner 120.block_0 (torch.Size([0])) for Parameter 120 (torch.Size([512])), Block block_0 (torch.Size([512])).
I0316 16:01:09.421294 139996380370112 shampoo_preconditioner_list.py:352] Instantiated Adagrad Preconditioner 120.block_0 (torch.Size([0])) for Parameter 120 (torch.Size([512])), Block block_0 (torch.Size([512])).
I0316 16:01:09.421306 140389940364480 shampoo_preconditioner_list.py:574] Instantiated Shampoo Preconditioner 127.block_0 ([torch.Size([0])]) for Parameter 127 (torch.Size([512])), Block block_0 (torch.Size([512])).
I0316 16:01:09.421309 140163233346752 shampoo_preconditioner_list.py:574] Instantiated Shampoo Preconditioner 133.block_0 ([torch.Size([0])]) for Parameter 133 (torch.Size([512])), Block block_0 (torch.Size([512])).
I0316 16:01:09.421315 140107932697792 shampoo_preconditioner_list.py:352] Instantiated Adagrad Preconditioner 25.block_0 (torch.Size([0])) for Parameter 25 (torch.Size([512, 1, 5])), Block block_0 (torch.Size([512, 5])).
I0316 16:01:09.421317 139698459358400 shampoo_preconditioner_list.py:352] Instantiated Adagrad Preconditioner 121.block_0 (torch.Size([0])) for Parameter 121 (torch.Size([512, 1, 5])), Block block_0 (torch.Size([512, 5])).
I0316 16:01:09.421297 140549482984640 shampoo_preconditioner_list.py:574] Instantiated Shampoo Preconditioner 136.block_0 ([torch.Size([1024, 1024]), torch.Size([512, 512])]) for Parameter 136 (torch.Size([1024, 512])), Block block_0 (torch.Size([1024, 512])).
I0316 16:01:09.421361 139698459358400 shampoo_preconditioner_list.py:352] Instantiated Adagrad Preconditioner 122.block_0 (torch.Size([0])) for Parameter 122 (torch.Size([512])), Block block_0 (torch.Size([512])).
I0316 16:01:09.421362 140107932697792 shampoo_preconditioner_list.py:352] Instantiated Adagrad Preconditioner 26.block_0 (torch.Size([0])) for Parameter 26 (torch.Size([512])), Block block_0 (torch.Size([512])).
I0316 16:01:09.421386 139996380370112 shampoo_preconditioner_list.py:352] Instantiated Adagrad Preconditioner 121.block_0 (torch.Size([0])) for Parameter 121 (torch.Size([512, 1, 5])), Block block_0 (torch.Size([512, 5])).
I0316 16:01:09.421403 140389940364480 shampoo_preconditioner_list.py:574] Instantiated Shampoo Preconditioner 128.block_0 ([torch.Size([0]), torch.Size([0])]) for Parameter 128 (torch.Size([2048, 512])), Block block_0 (torch.Size([1024, 512])).
I0316 16:01:09.421407 140107932697792 shampoo_preconditioner_list.py:352] Instantiated Adagrad Preconditioner 27.block_0 (torch.Size([0])) for Parameter 27 (torch.Size([512])), Block block_0 (torch.Size([512])).
I0316 16:01:09.421408 140549482984640 shampoo_preconditioner_list.py:574] Instantiated Shampoo Preconditioner 137.block_0 ([torch.Size([0])]) for Parameter 137 (torch.Size([1024])), Block block_0 (torch.Size([1024])).
I0316 16:01:09.421410 140163233346752 shampoo_preconditioner_list.py:574] Instantiated Shampoo Preconditioner 134.block_0 ([torch.Size([0])]) for Parameter 134 (torch.Size([512])), Block block_0 (torch.Size([512])).
I0316 16:01:09.421413 139698459358400 shampoo_preconditioner_list.py:352] Instantiated Adagrad Preconditioner 123.block_0 (torch.Size([0])) for Parameter 123 (torch.Size([512])), Block block_0 (torch.Size([512])).
I0316 16:01:09.421445 139996380370112 shampoo_preconditioner_list.py:352] Instantiated Adagrad Preconditioner 122.block_0 (torch.Size([0])) for Parameter 122 (torch.Size([512])), Block block_0 (torch.Size([512])).
I0316 16:01:09.421453 140107932697792 shampoo_preconditioner_list.py:352] Instantiated Adagrad Preconditioner 28.block_0 (torch.Size([0])) for Parameter 28 (torch.Size([512, 512])), Block block_0 (torch.Size([512, 512])).
I0316 16:01:09.421501 139996380370112 shampoo_preconditioner_list.py:352] Instantiated Adagrad Preconditioner 123.block_0 (torch.Size([0])) for Parameter 123 (torch.Size([512])), Block block_0 (torch.Size([512])).
I0316 16:01:09.421508 140389940364480 shampoo_preconditioner_list.py:574] Instantiated Shampoo Preconditioner 128.block_1 ([torch.Size([0]), torch.Size([0])]) for Parameter 128 (torch.Size([2048, 512])), Block block_1 (torch.Size([1024, 512])).
I0316 16:01:09.421525 140107932697792 shampoo_preconditioner_list.py:352] Instantiated Adagrad Preconditioner 29.block_0 (torch.Size([512])) for Parameter 29 (torch.Size([512])), Block block_0 (torch.Size([512])).
I0316 16:01:09.421557 139996380370112 shampoo_preconditioner_list.py:352] Instantiated Adagrad Preconditioner 124.block_0 (torch.Size([0])) for Parameter 124 (torch.Size([512, 512])), Block block_0 (torch.Size([512, 512])).
I0316 16:01:09.421580 140107932697792 shampoo_preconditioner_list.py:352] Instantiated Adagrad Preconditioner 30.block_0 (torch.Size([0])) for Parameter 30 (torch.Size([512])), Block block_0 (torch.Size([512])).
I0316 16:01:09.421587 140389940364480 shampoo_preconditioner_list.py:574] Instantiated Shampoo Preconditioner 129.block_0 ([torch.Size([0])]) for Parameter 129 (torch.Size([2048])), Block block_0 (torch.Size([1024])).
I0316 16:01:09.421612 139996380370112 shampoo_preconditioner_list.py:352] Instantiated Adagrad Preconditioner 125.block_0 (torch.Size([0])) for Parameter 125 (torch.Size([512])), Block block_0 (torch.Size([512])).
I0316 16:01:09.421636 140107932697792 shampoo_preconditioner_list.py:352] Instantiated Adagrad Preconditioner 31.block_0 (torch.Size([0])) for Parameter 31 (torch.Size([512])), Block block_0 (torch.Size([512])).
I0316 16:01:09.421664 140389940364480 shampoo_preconditioner_list.py:574] Instantiated Shampoo Preconditioner 129.block_1 ([torch.Size([0])]) for Parameter 129 (torch.Size([2048])), Block block_1 (torch.Size([1024])).
I0316 16:01:09.421666 139996380370112 shampoo_preconditioner_list.py:352] Instantiated Adagrad Preconditioner 126.block_0 (torch.Size([0])) for Parameter 126 (torch.Size([512])), Block block_0 (torch.Size([512])).
I0316 16:01:09.421661 140549482984640 shampoo_preconditioner_list.py:612] Rank 3: ShampooPreconditionerList Numel Breakdown: (524450, 524288, 1048738, 524288, 2621440, 2621440, 2621440, 2621440, 2621440, 2621440, 2621440, 2621440, 2621440, 2621440, 524288, 524288, 524288, 2621440, 2621440, 2097152, 2097152, 2621440, 2621440, 524288, 524288, 524288, 2621440, 1048576, 2097152, 524288, 1048576, 524288, 8192, 524288, 524288, 1048576, 524288, 1048576, 524288, 524338, 524288, 524288, 1048576, 524288, 524288, 524288, 2621440, 2621440, 2097152, 2097152, 2621440, 2621440, 524288, 524288, 524288, 524288, 524288, 2621440, 2621440, 2097152, 2097152, 2621440, 2621440, 524288, 524288, 524288, 2621440, 1048576, 2097152, 524288, 1048576, 524288, 8192, 524288, 524288, 1048576, 524288, 1048576, 524288, 524338, 524288, 524288, 1048576, 524288, 524288, 524288, 2621440, 2621440, 2097152, 2097152, 2621440, 2621440, 524288, 524288, 524288, 524288, 524288, 2621440, 2621440, 2097152, 2097152, 2621440, 2621440, 524288, 524288, 524288, 2621440, 1048576, 2097152, 524288, 1048576, 524288, 8192, 524288, 524288, 1048576, 524288, 1048576, 524288, 524338, 524288, 524288, 1048576, 524288, 524288, 524288, 2621440, 2621440, 2097152, 2097152, 2621440, 2621440, 524288, 524288, 524288, 524288, 524288, 2621440, 2621440, 2097152, 2097152, 2621440, 2621440, 524288, 524288, 524288, 2621440, 1048576, 2097152, 524288, 1048576, 524288, 8192, 524288, 524288, 1048576, 524288, 1048576, 524288, 524338, 524288, 524288, 1048576, 524288, 524288, 524288, 2621440, 2621440, 2097152, 2097152, 2621440, 2621440, 524288, 524288, 524288, 524288, 524288, 2621440, 2097152)
I0316 16:01:09.421691 140107932697792 shampoo_preconditioner_list.py:352] Instantiated Adagrad Preconditioner 32.block_0 (torch.Size([0])) for Parameter 32 (torch.Size([2048, 512])), Block block_0 (torch.Size([1024, 512])).
I0316 16:01:09.421712 139996380370112 shampoo_preconditioner_list.py:352] Instantiated Adagrad Preconditioner 127.block_0 (torch.Size([0])) for Parameter 127 (torch.Size([512])), Block block_0 (torch.Size([512])).
I0316 16:01:09.421694 139667619157184 shampoo_preconditioner_list.py:574] Instantiated Shampoo Preconditioner 128.block_0 ([torch.Size([1024, 1024]), torch.Size([512, 512])]) for Parameter 128 (torch.Size([2048, 512])), Block block_0 (torch.Size([1024, 512])).
I0316 16:01:09.421708 140549482984640 shampoo_preconditioner_list.py:615] Rank 3: ShampooPreconditionerList Bytes Breakdown: (2097800, 2097152, 4194952, 2097152, 10485760, 10485760, 10485760, 10485760, 10485760, 10485760, 10485760, 10485760, 10485760, 10485760, 2097152, 2097152, 2097152, 10485760, 10485760, 8388608, 8388608, 10485760, 10485760, 2097152, 2097152, 2097152, 10485760, 4194304)
I0316 16:01:09.421753 140549482984640 shampoo_preconditioner_list.py:618] Rank 3: ShampooPreconditionerList Total Elements: 234390028
I0316 16:01:09.421752 140107932697792 shampoo_preconditioner_list.py:352] Instantiated Adagrad Preconditioner 32.block_1 (torch.Size([0])) for Parameter 32 (torch.Size([2048, 512])), Block block_1 (torch.Size([1024, 512])).
I0316 16:01:09.421766 139996380370112 shampoo_preconditioner_list.py:352] Instantiated Adagrad Preconditioner 128.block_0 (torch.Size([0])) for Parameter 128 (torch.Size([2048, 512])), Block block_0 (torch.Size([1024, 512])).
I0316 16:01:09.421773 140389940364480 shampoo_preconditioner_list.py:574] Instantiated Shampoo Preconditioner 130.block_0 ([torch.Size([0]), torch.Size([0])]) for Parameter 130 (torch.Size([512, 2048])), Block block_0 (torch.Size([512, 1024])).
I0316 16:01:09.421793 140549482984640 shampoo_preconditioner_list.py:621] Rank 3: ShampooPreconditionerList Total Bytes: 201327888
I0316 16:01:09.421800 140107932697792 shampoo_preconditioner_list.py:352] Instantiated Adagrad Preconditioner 33.block_0 (torch.Size([0])) for Parameter 33 (torch.Size([2048])), Block block_0 (torch.Size([1024])).
I0316 16:01:09.421813 139996380370112 shampoo_preconditioner_list.py:352] Instantiated Adagrad Preconditioner 128.block_1 (torch.Size([0])) for Parameter 128 (torch.Size([2048, 512])), Block block_1 (torch.Size([1024, 512])).
I0316 16:01:09.421826 139667619157184 shampoo_preconditioner_list.py:574] Instantiated Shampoo Preconditioner 128.block_1 ([torch.Size([0]), torch.Size([0])]) for Parameter 128 (torch.Size([2048, 512])), Block block_1 (torch.Size([1024, 512])).
I0316 16:01:09.421846 140107932697792 shampoo_preconditioner_list.py:352] Instantiated Adagrad Preconditioner 33.block_1 (torch.Size([0])) for Parameter 33 (torch.Size([2048])), Block block_1 (torch.Size([1024])).
I0316 16:01:09.421866 139996380370112 shampoo_preconditioner_list.py:352] Instantiated Adagrad Preconditioner 129.block_0 (torch.Size([0])) for Parameter 129 (torch.Size([2048])), Block block_0 (torch.Size([1024])).
I0316 16:01:09.421872 140389940364480 shampoo_preconditioner_list.py:574] Instantiated Shampoo Preconditioner 130.block_1 ([torch.Size([0]), torch.Size([0])]) for Parameter 130 (torch.Size([512, 2048])), Block block_1 (torch.Size([512, 1024])).
I0316 16:01:09.421899 140107932697792 shampoo_preconditioner_list.py:352] Instantiated Adagrad Preconditioner 34.block_0 (torch.Size([0])) for Parameter 34 (torch.Size([512, 2048])), Block block_0 (torch.Size([512, 1024])).
I0316 16:01:09.421906 139667619157184 shampoo_preconditioner_list.py:574] Instantiated Shampoo Preconditioner 129.block_0 ([torch.Size([0])]) for Parameter 129 (torch.Size([2048])), Block block_0 (torch.Size([1024])).
I0316 16:01:09.421921 139996380370112 shampoo_preconditioner_list.py:352] Instantiated Adagrad Preconditioner 129.block_1 (torch.Size([0])) for Parameter 129 (torch.Size([2048])), Block block_1 (torch.Size([1024])).
I0316 16:01:09.421912 139698459358400 shampoo_preconditioner_list.py:352] Instantiated Adagrad Preconditioner 124.block_0 (torch.Size([512, 512])) for Parameter 124 (torch.Size([512, 512])), Block block_0 (torch.Size([512, 512])).
I0316 16:01:09.421954 140389940364480 shampoo_preconditioner_list.py:574] Instantiated Shampoo Preconditioner 131.block_0 ([torch.Size([0])]) for Parameter 131 (torch.Size([512])), Block block_0 (torch.Size([512])).
I0316 16:01:09.421982 139667619157184 shampoo_preconditioner_list.py:574] Instantiated Shampoo Preconditioner 129.block_1 ([torch.Size([0])]) for Parameter 129 (torch.Size([2048])), Block block_1 (torch.Size([1024])).
I0316 16:01:09.421981 140107932697792 shampoo_preconditioner_list.py:352] Instantiated Adagrad Preconditioner 34.block_1 (torch.Size([512, 1024])) for Parameter 34 (torch.Size([512, 2048])), Block block_1 (torch.Size([512, 1024])).
I0316 16:01:09.422003 139698459358400 shampoo_preconditioner_list.py:352] Instantiated Adagrad Preconditioner 125.block_0 (torch.Size([0])) for Parameter 125 (torch.Size([512])), Block block_0 (torch.Size([512])).
I0316 16:01:09.421992 140163233346752 shampoo_preconditioner_list.py:574] Instantiated Shampoo Preconditioner 135.block_0 ([torch.Size([512, 512])]) for Parameter 135 (torch.Size([512])), Block block_0 (torch.Size([512])).
I0316 16:01:09.422009 139996380370112 shampoo_preconditioner_list.py:352] Instantiated Adagrad Preconditioner 130.block_0 (torch.Size([512, 1024])) for Parameter 130 (torch.Size([512, 2048])), Block block_0 (torch.Size([512, 1024])).
I0316 16:01:09.422038 140107932697792 shampoo_preconditioner_list.py:352] Instantiated Adagrad Preconditioner 35.block_0 (torch.Size([0])) for Parameter 35 (torch.Size([512])), Block block_0 (torch.Size([512])).
I0316 16:01:09.422053 139698459358400 shampoo_preconditioner_list.py:352] Instantiated Adagrad Preconditioner 126.block_0 (torch.Size([0])) for Parameter 126 (torch.Size([512])), Block block_0 (torch.Size([512])).
I0316 16:01:09.422070 139996380370112 shampoo_preconditioner_list.py:352] Instantiated Adagrad Preconditioner 130.block_1 (torch.Size([0])) for Parameter 130 (torch.Size([512, 2048])), Block block_1 (torch.Size([512, 1024])).
I0316 16:01:09.422094 140107932697792 shampoo_preconditioner_list.py:352] Instantiated Adagrad Preconditioner 36.block_0 (torch.Size([0])) for Parameter 36 (torch.Size([512])), Block block_0 (torch.Size([512])).
I0316 16:01:09.422094 139667619157184 shampoo_preconditioner_list.py:574] Instantiated Shampoo Preconditioner 130.block_0 ([torch.Size([0]), torch.Size([0])]) for Parameter 130 (torch.Size([512, 2048])), Block block_0 (torch.Size([512, 1024])).
I0316 16:01:09.422101 139698459358400 shampoo_preconditioner_list.py:352] Instantiated Adagrad Preconditioner 127.block_0 (torch.Size([0])) for Parameter 127 (torch.Size([512])), Block block_0 (torch.Size([512])).
I0316 16:01:09.422126 140163233346752 shampoo_preconditioner_list.py:574] Instantiated Shampoo Preconditioner 136.block_0 ([torch.Size([0]), torch.Size([0])]) for Parameter 136 (torch.Size([1024, 512])), Block block_0 (torch.Size([1024, 512])).
I0316 16:01:09.422130 139996380370112 shampoo_preconditioner_list.py:352] Instantiated Adagrad Preconditioner 131.block_0 (torch.Size([0])) for Parameter 131 (torch.Size([512])), Block block_0 (torch.Size([512])).
I0316 16:01:09.422148 139698459358400 shampoo_preconditioner_list.py:352] Instantiated Adagrad Preconditioner 128.block_0 (torch.Size([0])) for Parameter 128 (torch.Size([2048, 512])), Block block_0 (torch.Size([1024, 512])).
I0316 16:01:09.422171 140107932697792 shampoo_preconditioner_list.py:352] Instantiated Adagrad Preconditioner 37.block_0 (torch.Size([512])) for Parameter 37 (torch.Size([512])), Block block_0 (torch.Size([512])).
I0316 16:01:09.422178 139996380370112 shampoo_preconditioner_list.py:352] Instantiated Adagrad Preconditioner 132.block_0 (torch.Size([0])) for Parameter 132 (torch.Size([512])), Block block_0 (torch.Size([512])).
I0316 16:01:09.422195 139698459358400 shampoo_preconditioner_list.py:352] Instantiated Adagrad Preconditioner 128.block_1 (torch.Size([0])) for Parameter 128 (torch.Size([2048, 512])), Block block_1 (torch.Size([1024, 512])).
I0316 16:01:09.422196 139667619157184 shampoo_preconditioner_list.py:574] Instantiated Shampoo Preconditioner 130.block_1 ([torch.Size([0]), torch.Size([0])]) for Parameter 130 (torch.Size([512, 2048])), Block block_1 (torch.Size([512, 1024])).
I0316 16:01:09.422188 140549482984640 shampoo_preconditioner_list.py:352] Instantiated Adagrad Preconditioner 0.block_0 (torch.Size([512, 9])) for Parameter 0 (torch.Size([512, 1, 3, 3])), Block block_0 (torch.Size([512, 9])).
I0316 16:01:09.422224 139996380370112 shampoo_preconditioner_list.py:352] Instantiated Adagrad Preconditioner 133.block_0 (torch.Size([0])) for Parameter 133 (torch.Size([512])), Block block_0 (torch.Size([512])).
I0316 16:01:09.422223 140163233346752 shampoo_preconditioner_list.py:574] Instantiated Shampoo Preconditioner 137.block_0 ([torch.Size([0])]) for Parameter 137 (torch.Size([1024])), Block block_0 (torch.Size([1024])).
I0316 16:01:09.422235 140107932697792 shampoo_preconditioner_list.py:352] Instantiated Adagrad Preconditioner 38.block_0 (torch.Size([0])) for Parameter 38 (torch.Size([512])), Block block_0 (torch.Size([512])).
I0316 16:01:09.422254 139698459358400 shampoo_preconditioner_list.py:352] Instantiated Adagrad Preconditioner 129.block_0 (torch.Size([0])) for Parameter 129 (torch.Size([2048])), Block block_0 (torch.Size([1024])).
I0316 16:01:09.422277 139996380370112 shampoo_preconditioner_list.py:352] Instantiated Adagrad Preconditioner 134.block_0 (torch.Size([0])) for Parameter 134 (torch.Size([512])), Block block_0 (torch.Size([512])).
I0316 16:01:09.422275 140549482984640 shampoo_preconditioner_list.py:352] Instantiated Adagrad Preconditioner 1.block_0 (torch.Size([0])) for Parameter 1 (torch.Size([512])), Block block_0 (torch.Size([512])).
I0316 16:01:09.422278 139667619157184 shampoo_preconditioner_list.py:574] Instantiated Shampoo Preconditioner 131.block_0 ([torch.Size([0])]) for Parameter 131 (torch.Size([512])), Block block_0 (torch.Size([512])).
I0316 16:01:09.422282 140107932697792 shampoo_preconditioner_list.py:352] Instantiated Adagrad Preconditioner 39.block_0 (torch.Size([0])) for Parameter 39 (torch.Size([512])), Block block_0 (torch.Size([512])).
I0316 16:01:09.422302 139698459358400 shampoo_preconditioner_list.py:352] Instantiated Adagrad Preconditioner 129.block_1 (torch.Size([0])) for Parameter 129 (torch.Size([2048])), Block block_1 (torch.Size([1024])).
I0316 16:01:09.422333 140107932697792 shampoo_preconditioner_list.py:352] Instantiated Adagrad Preconditioner 40.block_0 (torch.Size([0])) for Parameter 40 (torch.Size([2048, 512])), Block block_0 (torch.Size([1024, 512])).
I0316 16:01:09.422334 140549482984640 shampoo_preconditioner_list.py:352] Instantiated Adagrad Preconditioner 2.block_0 (torch.Size([0])) for Parameter 2 (torch.Size([512, 512, 3, 3])), Block block_0 (torch.Size([512, 512, 9])).
I0316 16:01:09.422340 139996380370112 shampoo_preconditioner_list.py:352] Instantiated Adagrad Preconditioner 135.block_0 (torch.Size([0])) for Parameter 135 (torch.Size([512])), Block block_0 (torch.Size([512])).
I0316 16:01:09.422360 139698459358400 shampoo_preconditioner_list.py:352] Instantiated Adagrad Preconditioner 130.block_0 (torch.Size([0])) for Parameter 130 (torch.Size([512, 2048])), Block block_0 (torch.Size([512, 1024])).
I0316 16:01:09.422363 139667619157184 shampoo_preconditioner_list.py:574] Instantiated Shampoo Preconditioner 132.block_0 ([torch.Size([0])]) for Parameter 132 (torch.Size([512])), Block block_0 (torch.Size([512])).
I0316 16:01:09.422390 139996380370112 shampoo_preconditioner_list.py:352] Instantiated Adagrad Preconditioner 136.block_0 (torch.Size([0])) for Parameter 136 (torch.Size([1024, 512])), Block block_0 (torch.Size([1024, 512])).
I0316 16:01:09.422404 140549482984640 shampoo_preconditioner_list.py:352] Instantiated Adagrad Preconditioner 3.block_0 (torch.Size([0])) for Parameter 3 (torch.Size([512])), Block block_0 (torch.Size([512])).
I0316 16:01:09.422406 140107932697792 shampoo_preconditioner_list.py:352] Instantiated Adagrad Preconditioner 40.block_1 (torch.Size([0])) for Parameter 40 (torch.Size([2048, 512])), Block block_1 (torch.Size([1024, 512])).
I0316 16:01:09.422392 140389940364480 shampoo_preconditioner_list.py:574] Instantiated Shampoo Preconditioner 132.block_0 ([torch.Size([512, 512])]) for Parameter 132 (torch.Size([512])), Block block_0 (torch.Size([512])).
I0316 16:01:09.422436 139996380370112 shampoo_preconditioner_list.py:352] Instantiated Adagrad Preconditioner 137.block_0 (torch.Size([0])) for Parameter 137 (torch.Size([1024])), Block block_0 (torch.Size([1024])).
I0316 16:01:09.422470 140163233346752 shampoo_preconditioner_list.py:612] Rank 4: ShampooPreconditionerList Numel Breakdown: (524450, 524288, 1048738, 524288, 2621440, 2621440, 2621440, 2621440, 2621440, 2621440, 2621440, 2621440, 2621440, 2621440, 524288, 524288, 524288, 2621440, 2621440, 2097152, 2097152, 2621440, 2621440, 524288, 524288, 524288, 2621440, 1048576, 2097152, 524288, 1048576, 524288, 8192, 524288, 524288, 1048576, 524288, 1048576, 524288, 524338, 524288, 524288, 1048576, 524288, 524288, 524288, 2621440, 2621440, 2097152, 2097152, 2621440, 2621440, 524288, 524288, 524288, 524288, 524288, 2621440, 2621440, 2097152, 2097152, 2621440, 2621440, 524288, 524288, 524288, 2621440, 1048576, 2097152, 524288, 1048576, 524288, 8192, 524288, 524288, 1048576, 524288, 1048576, 524288, 524338, 524288, 524288, 1048576, 524288, 524288, 524288, 2621440, 2621440, 2097152, 2097152, 2621440, 2621440, 524288, 524288, 524288, 524288, 524288, 2621440, 2621440, 2097152, 2097152, 2621440, 2621440, 524288, 524288, 524288, 2621440, 1048576, 2097152, 524288, 1048576, 524288, 8192, 524288, 524288, 1048576, 524288, 1048576, 524288, 524338, 524288, 524288, 1048576, 524288, 524288, 524288, 2621440, 2621440, 2097152, 2097152, 2621440, 2621440, 524288, 524288, 524288, 524288, 524288, 2621440, 2621440, 2097152, 2097152, 2621440, 2621440, 524288, 524288, 524288, 2621440, 1048576, 2097152, 524288, 1048576, 524288, 8192, 524288, 524288, 1048576, 524288, 1048576, 524288, 524338, 524288, 524288, 1048576, 524288, 524288, 524288, 2621440, 2621440, 2097152, 2097152, 2621440, 2621440, 524288, 524288, 524288, 524288, 524288, 2621440, 2097152)
I0316 16:01:09.422477 140549482984640 shampoo_preconditioner_list.py:352] Instantiated Adagrad Preconditioner 4.block_0 (torch.Size([0])) for Parameter 4 (torch.Size([512, 10240])), Block block_0 (torch.Size([512, 1024])).
I0316 16:01:09.422476 139698459358400 shampoo_preconditioner_list.py:352] Instantiated Adagrad Preconditioner 130.block_1 (torch.Size([512, 1024])) for Parameter 130 (torch.Size([512, 2048])), Block block_1 (torch.Size([512, 1024])).
I0316 16:01:09.422484 140107932697792 shampoo_preconditioner_list.py:352] Instantiated Adagrad Preconditioner 41.block_0 (torch.Size([1024])) for Parameter 41 (torch.Size([2048])), Block block_0 (torch.Size([1024])).
I0316 16:01:09.422518 140389940364480 shampoo_preconditioner_list.py:574] Instantiated Shampoo Preconditioner 133.block_0 ([torch.Size([0])]) for Parameter 133 (torch.Size([512])), Block block_0 (torch.Size([512])).
I0316 16:01:09.422531 140163233346752 shampoo_preconditioner_list.py:615] Rank 4: ShampooPreconditionerList Bytes Breakdown: (2097800, 2097152, 4194952, 2097152, 10485760, 10485760, 10485760, 10485760, 10485760, 10485760, 10485760, 10485760, 10485760, 10485760, 2097152, 2097152, 2097152, 10485760, 10485760, 8388608, 8388608, 10485760, 10485760, 2097152, 2097152, 2097152, 10485760, 4194304, 8388608, 2097152, 4194304)
I0316 16:01:09.422542 140549482984640 shampoo_preconditioner_list.py:352] Instantiated Adagrad Preconditioner 4.block_1 (torch.Size([0])) for Parameter 4 (torch.Size([512, 10240])), Block block_1 (torch.Size([512, 1024])).
I0316 16:01:09.422544 140107932697792 shampoo_preconditioner_list.py:352] Instantiated Adagrad Preconditioner 41.block_1 (torch.Size([0])) for Parameter 41 (torch.Size([2048])), Block block_1 (torch.Size([1024])).
I0316 16:01:09.422546 139698459358400 shampoo_preconditioner_list.py:352] Instantiated Adagrad Preconditioner 131.block_0 (torch.Size([0])) for Parameter 131 (torch.Size([512])), Block block_0 (torch.Size([512])).
I0316 16:01:09.422568 140163233346752 shampoo_preconditioner_list.py:618] Rank 4: ShampooPreconditionerList Total Elements: 234390028
I0316 16:01:09.422597 140107932697792 shampoo_preconditioner_list.py:352] Instantiated Adagrad Preconditioner 42.block_0 (torch.Size([0])) for Parameter 42 (torch.Size([512, 2048])), Block block_0 (torch.Size([512, 1024])).
I0316 16:01:09.422605 140163233346752 shampoo_preconditioner_list.py:621] Rank 4: ShampooPreconditionerList Total Bytes: 216007952
I0316 16:01:09.422609 139698459358400 shampoo_preconditioner_list.py:352] Instantiated Adagrad Preconditioner 132.block_0 (torch.Size([0])) for Parameter 132 (torch.Size([512])), Block block_0 (torch.Size([512])).
I0316 16:01:09.422613 139996380370112 shampoo_preconditioner_list.py:375] Rank 1: AdaGradPreconditionerList Numel Breakdown: (0, 0, 0, 0, 524288, 0, 0, 0, 0, 0, 0, 524288, 0, 0, 0, 0, 0, 0, 0, 0, 0, 0, 0, 0, 0, 0, 524288, 0, 0, 0, 0, 0, 0, 0, 0, 0, 0, 0, 0, 0, 0, 0, 0, 0, 0, 0, 0, 0, 0, 0, 0, 0, 0, 0, 0, 0, 0, 0, 0, 0, 0, 524288, 0, 0, 0, 0, 0, 0, 0, 0, 0, 0, 0, 0, 0, 0, 0, 0, 0, 0, 0, 0, 0, 0, 0, 0, 0, 0, 0, 0, 0, 0, 0, 0, 0, 0, 0, 524288, 0, 0, 0, 0, 0, 0, 0, 0, 0, 262144, 0, 0, 0, 0, 0, 0, 0, 0, 0, 0, 0, 0, 0, 0, 0, 0, 0, 0, 0, 0, 0, 0, 0, 524288, 0, 0, 0, 0, 0, 0, 0, 0, 0, 0, 0, 0, 0, 0, 0, 0, 0, 0, 0, 0, 0, 0, 0, 0, 0, 262144, 0, 0, 0, 0, 0, 0, 0, 0, 0, 0, 0, 0, 524288, 0, 0, 0, 0, 0, 0, 0, 0)
I0316 16:01:09.422619 140389940364480 shampoo_preconditioner_list.py:574] Instantiated Shampoo Preconditioner 134.block_0 ([torch.Size([0])]) for Parameter 134 (torch.Size([512])), Block block_0 (torch.Size([512])).
I0316 16:01:09.422634 140549482984640 shampoo_preconditioner_list.py:352] Instantiated Adagrad Preconditioner 4.block_2 (torch.Size([512, 1024])) for Parameter 4 (torch.Size([512, 10240])), Block block_2 (torch.Size([512, 1024])).
I0316 16:01:09.422657 140107932697792 shampoo_preconditioner_list.py:352] Instantiated Adagrad Preconditioner 42.block_1 (torch.Size([0])) for Parameter 42 (torch.Size([512, 2048])), Block block_1 (torch.Size([512, 1024])).
I0316 16:01:09.422661 139996380370112 shampoo_preconditioner_list.py:378] Rank 1: AdaGradPreconditionerList Bytes Breakdown: (0, 0, 0, 0, 2097152, 0, 0, 0, 0, 0, 0, 2097152, 0, 0, 0, 0, 0, 0, 0, 0, 0, 0, 0, 0, 0, 0, 2097152, 0, 0, 0, 0, 0, 0, 0, 0, 0, 0, 0, 0, 0, 0, 0, 0, 0, 0, 0, 0, 0, 0, 0, 0, 0, 0, 0, 0, 0, 0, 0, 0, 0, 0, 2097152, 0, 0, 0, 0, 0, 0, 0, 0, 0, 0, 0, 0, 0, 0, 0, 0, 0, 0, 0, 0, 0, 0, 0, 0, 0, 0, 0, 0, 0, 0, 0, 0, 0, 0, 0, 2097152, 0, 0, 0, 0, 0, 0, 0, 0, 0, 1048576, 0, 0, 0, 0, 0, 0, 0, 0, 0, 0, 0, 0, 0, 0, 0, 0, 0, 0, 0, 0, 0, 0, 0, 2097152, 0, 0, 0, 0, 0, 0, 0, 0, 0, 0, 0, 0, 0, 0, 0, 0, 0, 0, 0, 0, 0, 0, 0, 0, 0, 1048576, 0, 0, 0, 0, 0, 0, 0, 0, 0, 0, 0, 0, 2097152, 0, 0, 0, 0, 0, 0, 0, 0)
I0316 16:01:09.422662 139698459358400 shampoo_preconditioner_list.py:352] Instantiated Adagrad Preconditioner 133.block_0 (torch.Size([0])) for Parameter 133 (torch.Size([512])), Block block_0 (torch.Size([512])).
I0316 16:01:09.422693 139996380370112 shampoo_preconditioner_list.py:381] Rank 1: AdaGradPreconditionerList Total Elements: 4194304
I0316 16:01:09.422718 140389940364480 shampoo_preconditioner_list.py:574] Instantiated Shampoo Preconditioner 135.block_0 ([torch.Size([0])]) for Parameter 135 (torch.Size([512])), Block block_0 (torch.Size([512])).
I0316 16:01:09.422729 139698459358400 shampoo_preconditioner_list.py:352] Instantiated Adagrad Preconditioner 134.block_0 (torch.Size([0])) for Parameter 134 (torch.Size([512])), Block block_0 (torch.Size([512])).
I0316 16:01:09.422723 140107932697792 shampoo_preconditioner_list.py:352] Instantiated Adagrad Preconditioner 43.block_0 (torch.Size([0])) for Parameter 43 (torch.Size([512])), Block block_0 (torch.Size([512])).
I0316 16:01:09.422733 140549482984640 shampoo_preconditioner_list.py:352] Instantiated Adagrad Preconditioner 4.block_3 (torch.Size([0])) for Parameter 4 (torch.Size([512, 10240])), Block block_3 (torch.Size([512, 1024])).
I0316 16:01:09.422750 139996380370112 shampoo_preconditioner_list.py:384] Rank 1: AdaGradPreconditionerList Total Bytes: 16777216
I0316 16:01:09.422787 139698459358400 shampoo_preconditioner_list.py:352] Instantiated Adagrad Preconditioner 135.block_0 (torch.Size([0])) for Parameter 135 (torch.Size([512])), Block block_0 (torch.Size([512])).
I0316 16:01:09.422791 140107932697792 shampoo_preconditioner_list.py:352] Instantiated Adagrad Preconditioner 44.block_0 (torch.Size([0])) for Parameter 44 (torch.Size([512])), Block block_0 (torch.Size([512])).
I0316 16:01:09.422792 140549482984640 shampoo_preconditioner_list.py:352] Instantiated Adagrad Preconditioner 4.block_4 (torch.Size([0])) for Parameter 4 (torch.Size([512, 10240])), Block block_4 (torch.Size([512, 1024])).
I0316 16:01:09.422836 140389940364480 shampoo_preconditioner_list.py:574] Instantiated Shampoo Preconditioner 136.block_0 ([torch.Size([0]), torch.Size([0])]) for Parameter 136 (torch.Size([1024, 512])), Block block_0 (torch.Size([1024, 512])).
I0316 16:01:09.422839 139698459358400 shampoo_preconditioner_list.py:352] Instantiated Adagrad Preconditioner 136.block_0 (torch.Size([0])) for Parameter 136 (torch.Size([1024, 512])), Block block_0 (torch.Size([1024, 512])).
I0316 16:01:09.422824 139667619157184 shampoo_preconditioner_list.py:574] Instantiated Shampoo Preconditioner 133.block_0 ([torch.Size([512, 512])]) for Parameter 133 (torch.Size([512])), Block block_0 (torch.Size([512])).
I0316 16:01:09.422846 140549482984640 shampoo_preconditioner_list.py:352] Instantiated Adagrad Preconditioner 4.block_5 (torch.Size([0])) for Parameter 4 (torch.Size([512, 10240])), Block block_5 (torch.Size([512, 1024])).
I0316 16:01:09.422875 140107932697792 shampoo_preconditioner_list.py:352] Instantiated Adagrad Preconditioner 45.block_0 (torch.Size([512])) for Parameter 45 (torch.Size([512])), Block block_0 (torch.Size([512])).
I0316 16:01:09.422890 139698459358400 shampoo_preconditioner_list.py:352] Instantiated Adagrad Preconditioner 137.block_0 (torch.Size([0])) for Parameter 137 (torch.Size([1024])), Block block_0 (torch.Size([1024])).
I0316 16:01:09.422898 140549482984640 shampoo_preconditioner_list.py:352] Instantiated Adagrad Preconditioner 4.block_6 (torch.Size([0])) for Parameter 4 (torch.Size([512, 10240])), Block block_6 (torch.Size([512, 1024])).
I0316 16:01:09.422935 140389940364480 shampoo_preconditioner_list.py:574] Instantiated Shampoo Preconditioner 137.block_0 ([torch.Size([0])]) for Parameter 137 (torch.Size([1024])), Block block_0 (torch.Size([1024])).
I0316 16:01:09.422937 140107932697792 shampoo_preconditioner_list.py:352] Instantiated Adagrad Preconditioner 46.block_0 (torch.Size([0])) for Parameter 46 (torch.Size([1536, 512])), Block block_0 (torch.Size([1024, 512])).
I0316 16:01:09.422942 139667619157184 shampoo_preconditioner_list.py:574] Instantiated Shampoo Preconditioner 134.block_0 ([torch.Size([0])]) for Parameter 134 (torch.Size([512])), Block block_0 (torch.Size([512])).
I0316 16:01:09.422951 140549482984640 shampoo_preconditioner_list.py:352] Instantiated Adagrad Preconditioner 4.block_7 (torch.Size([0])) for Parameter 4 (torch.Size([512, 10240])), Block block_7 (torch.Size([512, 1024])).
I0316 16:01:09.422971 140163233346752 shampoo_preconditioner_list.py:352] Instantiated Adagrad Preconditioner 0.block_0 (torch.Size([0])) for Parameter 0 (torch.Size([512, 1, 3, 3])), Block block_0 (torch.Size([512, 9])).
I0316 16:01:09.422991 140107932697792 shampoo_preconditioner_list.py:352] Instantiated Adagrad Preconditioner 46.block_1 (torch.Size([0])) for Parameter 46 (torch.Size([1536, 512])), Block block_1 (torch.Size([512, 512])).
