I0316 16:07:28.820660 139735810196672 shampoo_preconditioner_list.py:352] Instantiated Adagrad Preconditioner 97.block_0 (torch.Size([0])) for Parameter 97 (torch.Size([2048])), Block block_0 (torch.Size([1024])).
I0316 16:07:28.820656 139876717483200 shampoo_preconditioner_list.py:574] Instantiated Shampoo Preconditioner 122.block_0 ([torch.Size([512, 512])]) for Parameter 122 (torch.Size([512])), Block block_0 (torch.Size([512])).
I0316 16:07:28.820697 140627360609472 shampoo_preconditioner_list.py:574] Instantiated Shampoo Preconditioner 113.block_0 ([torch.Size([0])]) for Parameter 113 (torch.Size([512])), Block block_0 (torch.Size([512])).
I0316 16:07:28.820713 139735810196672 shampoo_preconditioner_list.py:352] Instantiated Adagrad Preconditioner 97.block_1 (torch.Size([0])) for Parameter 97 (torch.Size([2048])), Block block_1 (torch.Size([1024])).
I0316 16:07:28.820721 140248063476928 shampoo_preconditioner_list.py:352] Instantiated Adagrad Preconditioner 4.block_0 (torch.Size([512, 1024])) for Parameter 4 (torch.Size([512, 10240])), Block block_0 (torch.Size([512, 1024])).
I0316 16:07:28.820759 139735810196672 shampoo_preconditioner_list.py:352] Instantiated Adagrad Preconditioner 98.block_0 (torch.Size([0])) for Parameter 98 (torch.Size([512, 2048])), Block block_0 (torch.Size([512, 1024])).
I0316 16:07:28.820765 139876717483200 shampoo_preconditioner_list.py:574] Instantiated Shampoo Preconditioner 123.block_0 ([torch.Size([0])]) for Parameter 123 (torch.Size([512])), Block block_0 (torch.Size([512])).
I0316 16:07:28.820793 140627360609472 shampoo_preconditioner_list.py:574] Instantiated Shampoo Preconditioner 114.block_0 ([torch.Size([0])]) for Parameter 114 (torch.Size([64])), Block block_0 (torch.Size([64])).
I0316 16:07:28.820805 139735810196672 shampoo_preconditioner_list.py:352] Instantiated Adagrad Preconditioner 98.block_1 (torch.Size([0])) for Parameter 98 (torch.Size([512, 2048])), Block block_1 (torch.Size([512, 1024])).
I0316 16:07:28.820805 140248063476928 shampoo_preconditioner_list.py:352] Instantiated Adagrad Preconditioner 4.block_1 (torch.Size([0])) for Parameter 4 (torch.Size([512, 10240])), Block block_1 (torch.Size([512, 1024])).
I0316 16:07:28.820850 139735810196672 shampoo_preconditioner_list.py:352] Instantiated Adagrad Preconditioner 99.block_0 (torch.Size([0])) for Parameter 99 (torch.Size([512])), Block block_0 (torch.Size([512])).
I0316 16:07:28.820874 140248063476928 shampoo_preconditioner_list.py:352] Instantiated Adagrad Preconditioner 4.block_2 (torch.Size([0])) for Parameter 4 (torch.Size([512, 10240])), Block block_2 (torch.Size([512, 1024])).
I0316 16:07:28.820878 139876717483200 shampoo_preconditioner_list.py:574] Instantiated Shampoo Preconditioner 124.block_0 ([torch.Size([0]), torch.Size([0])]) for Parameter 124 (torch.Size([512, 512])), Block block_0 (torch.Size([512, 512])).
I0316 16:07:28.820909 139735810196672 shampoo_preconditioner_list.py:352] Instantiated Adagrad Preconditioner 100.block_0 (torch.Size([0])) for Parameter 100 (torch.Size([512])), Block block_0 (torch.Size([512])).
I0316 16:07:28.820949 140248063476928 shampoo_preconditioner_list.py:352] Instantiated Adagrad Preconditioner 4.block_3 (torch.Size([0])) for Parameter 4 (torch.Size([512, 10240])), Block block_3 (torch.Size([512, 1024])).
I0316 16:07:28.820961 139735810196672 shampoo_preconditioner_list.py:352] Instantiated Adagrad Preconditioner 101.block_0 (torch.Size([0])) for Parameter 101 (torch.Size([512])), Block block_0 (torch.Size([512])).
I0316 16:07:28.820954 140627360609472 shampoo_preconditioner_list.py:574] Instantiated Shampoo Preconditioner 115.block_0 ([torch.Size([0])]) for Parameter 115 (torch.Size([512])), Block block_0 (torch.Size([512])).
I0316 16:07:28.820971 139876717483200 shampoo_preconditioner_list.py:574] Instantiated Shampoo Preconditioner 125.block_0 ([torch.Size([0])]) for Parameter 125 (torch.Size([512])), Block block_0 (torch.Size([512])).
I0316 16:07:28.821008 139735810196672 shampoo_preconditioner_list.py:352] Instantiated Adagrad Preconditioner 102.block_0 (torch.Size([0])) for Parameter 102 (torch.Size([512])), Block block_0 (torch.Size([512])).
I0316 16:07:28.821016 140248063476928 shampoo_preconditioner_list.py:352] Instantiated Adagrad Preconditioner 4.block_4 (torch.Size([0])) for Parameter 4 (torch.Size([512, 10240])), Block block_4 (torch.Size([512, 1024])).
I0316 16:07:28.821049 139876717483200 shampoo_preconditioner_list.py:574] Instantiated Shampoo Preconditioner 126.block_0 ([torch.Size([0])]) for Parameter 126 (torch.Size([512])), Block block_0 (torch.Size([512])).
I0316 16:07:28.821060 139735810196672 shampoo_preconditioner_list.py:352] Instantiated Adagrad Preconditioner 103.block_0 (torch.Size([0])) for Parameter 103 (torch.Size([512])), Block block_0 (torch.Size([512])).
I0316 16:07:28.821043 140055356613824 shampoo_preconditioner_list.py:574] Instantiated Shampoo Preconditioner 127.block_0 ([torch.Size([512, 512])]) for Parameter 127 (torch.Size([512])), Block block_0 (torch.Size([512])).
I0316 16:07:28.821072 140248063476928 shampoo_preconditioner_list.py:352] Instantiated Adagrad Preconditioner 4.block_5 (torch.Size([0])) for Parameter 4 (torch.Size([512, 10240])), Block block_5 (torch.Size([512, 1024])).
I0316 16:07:28.821103 139872104543424 shampoo_preconditioner_list.py:574] Instantiated Shampoo Preconditioner 134.block_0 ([torch.Size([512, 512])]) for Parameter 134 (torch.Size([512])), Block block_0 (torch.Size([512])).
I0316 16:07:28.821125 140248063476928 shampoo_preconditioner_list.py:352] Instantiated Adagrad Preconditioner 4.block_6 (torch.Size([0])) for Parameter 4 (torch.Size([512, 10240])), Block block_6 (torch.Size([512, 1024])).
I0316 16:07:28.821139 139876717483200 shampoo_preconditioner_list.py:574] Instantiated Shampoo Preconditioner 127.block_0 ([torch.Size([0])]) for Parameter 127 (torch.Size([512])), Block block_0 (torch.Size([512])).
I0316 16:07:28.821141 139735810196672 shampoo_preconditioner_list.py:352] Instantiated Adagrad Preconditioner 104.block_0 (torch.Size([1024, 512])) for Parameter 104 (torch.Size([2048, 512])), Block block_0 (torch.Size([1024, 512])).
I0316 16:07:28.821186 140055356613824 shampoo_preconditioner_list.py:574] Instantiated Shampoo Preconditioner 128.block_0 ([torch.Size([0]), torch.Size([0])]) for Parameter 128 (torch.Size([2048, 512])), Block block_0 (torch.Size([1024, 512])).
I0316 16:07:28.821198 139735810196672 shampoo_preconditioner_list.py:352] Instantiated Adagrad Preconditioner 104.block_1 (torch.Size([0])) for Parameter 104 (torch.Size([2048, 512])), Block block_1 (torch.Size([1024, 512])).
I0316 16:07:28.821216 140248063476928 shampoo_preconditioner_list.py:352] Instantiated Adagrad Preconditioner 4.block_7 (torch.Size([512, 1024])) for Parameter 4 (torch.Size([512, 10240])), Block block_7 (torch.Size([512, 1024])).
I0316 16:07:28.821227 139872104543424 shampoo_preconditioner_list.py:574] Instantiated Shampoo Preconditioner 135.block_0 ([torch.Size([0])]) for Parameter 135 (torch.Size([512])), Block block_0 (torch.Size([512])).
I0316 16:07:28.821241 139876717483200 shampoo_preconditioner_list.py:574] Instantiated Shampoo Preconditioner 128.block_0 ([torch.Size([0]), torch.Size([0])]) for Parameter 128 (torch.Size([2048, 512])), Block block_0 (torch.Size([1024, 512])).
I0316 16:07:28.821244 139735810196672 shampoo_preconditioner_list.py:352] Instantiated Adagrad Preconditioner 105.block_0 (torch.Size([0])) for Parameter 105 (torch.Size([2048])), Block block_0 (torch.Size([1024])).
I0316 16:07:28.821282 140248063476928 shampoo_preconditioner_list.py:352] Instantiated Adagrad Preconditioner 4.block_8 (torch.Size([0])) for Parameter 4 (torch.Size([512, 10240])), Block block_8 (torch.Size([512, 1024])).
I0316 16:07:28.821290 139735810196672 shampoo_preconditioner_list.py:352] Instantiated Adagrad Preconditioner 105.block_1 (torch.Size([0])) for Parameter 105 (torch.Size([2048])), Block block_1 (torch.Size([1024])).
I0316 16:07:28.821310 140055356613824 shampoo_preconditioner_list.py:574] Instantiated Shampoo Preconditioner 128.block_1 ([torch.Size([0]), torch.Size([0])]) for Parameter 128 (torch.Size([2048, 512])), Block block_1 (torch.Size([1024, 512])).
I0316 16:07:28.821301 139658875667648 shampoo_preconditioner_list.py:574] Instantiated Shampoo Preconditioner 110.block_1 ([torch.Size([512, 512]), torch.Size([512, 512])]) for Parameter 110 (torch.Size([1536, 512])), Block block_1 (torch.Size([512, 512])).
I0316 16:07:28.821335 139735810196672 shampoo_preconditioner_list.py:352] Instantiated Adagrad Preconditioner 106.block_0 (torch.Size([0])) for Parameter 106 (torch.Size([512, 2048])), Block block_0 (torch.Size([512, 1024])).
I0316 16:07:28.821349 140248063476928 shampoo_preconditioner_list.py:352] Instantiated Adagrad Preconditioner 4.block_9 (torch.Size([0])) for Parameter 4 (torch.Size([512, 10240])), Block block_9 (torch.Size([512, 1024])).
I0316 16:07:28.821352 139876717483200 shampoo_preconditioner_list.py:574] Instantiated Shampoo Preconditioner 128.block_1 ([torch.Size([0]), torch.Size([0])]) for Parameter 128 (torch.Size([2048, 512])), Block block_1 (torch.Size([1024, 512])).
I0316 16:07:28.821349 140176774419648 submission.py:142] No large parameters detected! Continuing with only Shampoo....
I0316 16:07:28.821382 139735810196672 shampoo_preconditioner_list.py:352] Instantiated Adagrad Preconditioner 106.block_1 (torch.Size([0])) for Parameter 106 (torch.Size([512, 2048])), Block block_1 (torch.Size([512, 1024])).
I0316 16:07:28.821399 140055356613824 shampoo_preconditioner_list.py:574] Instantiated Shampoo Preconditioner 129.block_0 ([torch.Size([0])]) for Parameter 129 (torch.Size([2048])), Block block_0 (torch.Size([1024])).
I0316 16:07:28.821411 140248063476928 shampoo_preconditioner_list.py:352] Instantiated Adagrad Preconditioner 5.block_0 (torch.Size([0])) for Parameter 5 (torch.Size([512])), Block block_0 (torch.Size([512])).
I0316 16:07:28.821418 139658875667648 shampoo_preconditioner_list.py:574] Instantiated Shampoo Preconditioner 111.block_0 ([torch.Size([0])]) for Parameter 111 (torch.Size([1536])), Block block_0 (torch.Size([1024])).
I0316 16:07:28.821428 139735810196672 shampoo_preconditioner_list.py:352] Instantiated Adagrad Preconditioner 107.block_0 (torch.Size([0])) for Parameter 107 (torch.Size([512])), Block block_0 (torch.Size([512])).
I0316 16:07:28.821429 139876717483200 shampoo_preconditioner_list.py:574] Instantiated Shampoo Preconditioner 129.block_0 ([torch.Size([0])]) for Parameter 129 (torch.Size([2048])), Block block_0 (torch.Size([1024])).
I0316 16:07:28.821434 140627360609472 shampoo_preconditioner_list.py:574] Instantiated Shampoo Preconditioner 116.block_0 ([torch.Size([512, 512])]) for Parameter 116 (torch.Size([512])), Block block_0 (torch.Size([512])).
I0316 16:07:28.821473 139735810196672 shampoo_preconditioner_list.py:352] Instantiated Adagrad Preconditioner 108.block_0 (torch.Size([0])) for Parameter 108 (torch.Size([512])), Block block_0 (torch.Size([512])).
I0316 16:07:28.821474 140248063476928 shampoo_preconditioner_list.py:352] Instantiated Adagrad Preconditioner 6.block_0 (torch.Size([0])) for Parameter 6 (torch.Size([512])), Block block_0 (torch.Size([512])).
I0316 16:07:28.821500 139658875667648 shampoo_preconditioner_list.py:574] Instantiated Shampoo Preconditioner 111.block_1 ([torch.Size([0])]) for Parameter 111 (torch.Size([1536])), Block block_1 (torch.Size([512])).
I0316 16:07:28.821505 139876717483200 shampoo_preconditioner_list.py:574] Instantiated Shampoo Preconditioner 129.block_1 ([torch.Size([0])]) for Parameter 129 (torch.Size([2048])), Block block_1 (torch.Size([1024])).
I0316 16:07:28.821519 139735810196672 shampoo_preconditioner_list.py:352] Instantiated Adagrad Preconditioner 109.block_0 (torch.Size([0])) for Parameter 109 (torch.Size([512])), Block block_0 (torch.Size([512])).
I0316 16:07:28.821527 140248063476928 shampoo_preconditioner_list.py:352] Instantiated Adagrad Preconditioner 7.block_0 (torch.Size([0])) for Parameter 7 (torch.Size([512])), Block block_0 (torch.Size([512])).
I0316 16:07:28.821548 140176774419648 submission_runner.py:279] Initializing metrics bundle.
I0316 16:07:28.821565 139735810196672 shampoo_preconditioner_list.py:352] Instantiated Adagrad Preconditioner 110.block_0 (torch.Size([0])) for Parameter 110 (torch.Size([1536, 512])), Block block_0 (torch.Size([1024, 512])).
I0316 16:07:28.821578 140248063476928 shampoo_preconditioner_list.py:352] Instantiated Adagrad Preconditioner 8.block_0 (torch.Size([0])) for Parameter 8 (torch.Size([2048, 512])), Block block_0 (torch.Size([1024, 512])).
I0316 16:07:28.821586 140627360609472 shampoo_preconditioner_list.py:574] Instantiated Shampoo Preconditioner 117.block_0 ([torch.Size([0]), torch.Size([0])]) for Parameter 117 (torch.Size([512, 512])), Block block_0 (torch.Size([512, 512])).
I0316 16:07:28.821610 139735810196672 shampoo_preconditioner_list.py:352] Instantiated Adagrad Preconditioner 110.block_1 (torch.Size([0])) for Parameter 110 (torch.Size([1536, 512])), Block block_1 (torch.Size([512, 512])).
I0316 16:07:28.821619 139658875667648 shampoo_preconditioner_list.py:574] Instantiated Shampoo Preconditioner 112.block_0 ([torch.Size([0]), torch.Size([0])]) for Parameter 112 (torch.Size([512, 512])), Block block_0 (torch.Size([512, 512])).
I0316 16:07:28.821620 139876717483200 shampoo_preconditioner_list.py:574] Instantiated Shampoo Preconditioner 130.block_0 ([torch.Size([0]), torch.Size([0])]) for Parameter 130 (torch.Size([512, 2048])), Block block_0 (torch.Size([512, 1024])).
I0316 16:07:28.821643 140248063476928 shampoo_preconditioner_list.py:352] Instantiated Adagrad Preconditioner 8.block_1 (torch.Size([0])) for Parameter 8 (torch.Size([2048, 512])), Block block_1 (torch.Size([1024, 512])).
I0316 16:07:28.821669 139735810196672 shampoo_preconditioner_list.py:352] Instantiated Adagrad Preconditioner 111.block_0 (torch.Size([0])) for Parameter 111 (torch.Size([1536])), Block block_0 (torch.Size([1024])).
I0316 16:07:28.821671 140627360609472 shampoo_preconditioner_list.py:574] Instantiated Shampoo Preconditioner 118.block_0 ([torch.Size([0])]) for Parameter 118 (torch.Size([512])), Block block_0 (torch.Size([512])).
I0316 16:07:28.821692 140176774419648 submission_runner.py:301] Initializing checkpoint and logger.
I0316 16:07:28.821700 139658875667648 shampoo_preconditioner_list.py:574] Instantiated Shampoo Preconditioner 113.block_0 ([torch.Size([0])]) for Parameter 113 (torch.Size([512])), Block block_0 (torch.Size([512])).
I0316 16:07:28.821704 140248063476928 shampoo_preconditioner_list.py:352] Instantiated Adagrad Preconditioner 9.block_0 (torch.Size([0])) for Parameter 9 (torch.Size([2048])), Block block_0 (torch.Size([1024])).
I0316 16:07:28.821699 139872104543424 shampoo_preconditioner_list.py:574] Instantiated Shampoo Preconditioner 136.block_0 ([torch.Size([1024, 1024]), torch.Size([512, 512])]) for Parameter 136 (torch.Size([1024, 512])), Block block_0 (torch.Size([1024, 512])).
I0316 16:07:28.821723 139735810196672 shampoo_preconditioner_list.py:352] Instantiated Adagrad Preconditioner 111.block_1 (torch.Size([0])) for Parameter 111 (torch.Size([1536])), Block block_1 (torch.Size([512])).
I0316 16:07:28.821721 139876717483200 shampoo_preconditioner_list.py:574] Instantiated Shampoo Preconditioner 130.block_1 ([torch.Size([0]), torch.Size([0])]) for Parameter 130 (torch.Size([512, 2048])), Block block_1 (torch.Size([512, 1024])).
I0316 16:07:28.821756 140248063476928 shampoo_preconditioner_list.py:352] Instantiated Adagrad Preconditioner 9.block_1 (torch.Size([0])) for Parameter 9 (torch.Size([2048])), Block block_1 (torch.Size([1024])).
I0316 16:07:28.821770 139735810196672 shampoo_preconditioner_list.py:352] Instantiated Adagrad Preconditioner 112.block_0 (torch.Size([0])) for Parameter 112 (torch.Size([512, 512])), Block block_0 (torch.Size([512, 512])).
I0316 16:07:28.821771 140627360609472 shampoo_preconditioner_list.py:574] Instantiated Shampoo Preconditioner 119.block_0 ([torch.Size([0]), torch.Size([0])]) for Parameter 119 (torch.Size([512, 512])), Block block_0 (torch.Size([512, 512])).
I0316 16:07:28.821776 139658875667648 shampoo_preconditioner_list.py:574] Instantiated Shampoo Preconditioner 114.block_0 ([torch.Size([0])]) for Parameter 114 (torch.Size([64])), Block block_0 (torch.Size([64])).
I0316 16:07:28.821815 139735810196672 shampoo_preconditioner_list.py:352] Instantiated Adagrad Preconditioner 113.block_0 (torch.Size([0])) for Parameter 113 (torch.Size([512])), Block block_0 (torch.Size([512])).
I0316 16:07:28.821813 139872104543424 shampoo_preconditioner_list.py:574] Instantiated Shampoo Preconditioner 137.block_0 ([torch.Size([0])]) for Parameter 137 (torch.Size([1024])), Block block_0 (torch.Size([1024])).
I0316 16:07:28.821818 140248063476928 shampoo_preconditioner_list.py:352] Instantiated Adagrad Preconditioner 10.block_0 (torch.Size([0])) for Parameter 10 (torch.Size([512, 2048])), Block block_0 (torch.Size([512, 1024])).
I0316 16:07:28.821848 140627360609472 shampoo_preconditioner_list.py:574] Instantiated Shampoo Preconditioner 120.block_0 ([torch.Size([0])]) for Parameter 120 (torch.Size([512])), Block block_0 (torch.Size([512])).
I0316 16:07:28.821846 140055356613824 shampoo_preconditioner_list.py:574] Instantiated Shampoo Preconditioner 129.block_1 ([torch.Size([1024, 1024])]) for Parameter 129 (torch.Size([2048])), Block block_1 (torch.Size([1024])).
I0316 16:07:28.821867 139735810196672 shampoo_preconditioner_list.py:352] Instantiated Adagrad Preconditioner 114.block_0 (torch.Size([0])) for Parameter 114 (torch.Size([64])), Block block_0 (torch.Size([64])).
I0316 16:07:28.821901 140248063476928 shampoo_preconditioner_list.py:352] Instantiated Adagrad Preconditioner 10.block_1 (torch.Size([0])) for Parameter 10 (torch.Size([512, 2048])), Block block_1 (torch.Size([512, 1024])).
I0316 16:07:28.821932 139735810196672 shampoo_preconditioner_list.py:352] Instantiated Adagrad Preconditioner 115.block_0 (torch.Size([0])) for Parameter 115 (torch.Size([512])), Block block_0 (torch.Size([512])).
I0316 16:07:28.821961 140248063476928 shampoo_preconditioner_list.py:352] Instantiated Adagrad Preconditioner 11.block_0 (torch.Size([0])) for Parameter 11 (torch.Size([512])), Block block_0 (torch.Size([512])).
I0316 16:07:28.821982 139735810196672 shampoo_preconditioner_list.py:352] Instantiated Adagrad Preconditioner 116.block_0 (torch.Size([0])) for Parameter 116 (torch.Size([512])), Block block_0 (torch.Size([512])).
I0316 16:07:28.821980 140055356613824 shampoo_preconditioner_list.py:574] Instantiated Shampoo Preconditioner 130.block_0 ([torch.Size([0]), torch.Size([0])]) for Parameter 130 (torch.Size([512, 2048])), Block block_0 (torch.Size([512, 1024])).
I0316 16:07:28.822020 140248063476928 shampoo_preconditioner_list.py:352] Instantiated Adagrad Preconditioner 12.block_0 (torch.Size([0])) for Parameter 12 (torch.Size([512])), Block block_0 (torch.Size([512])).
I0316 16:07:28.822026 139735810196672 shampoo_preconditioner_list.py:352] Instantiated Adagrad Preconditioner 117.block_0 (torch.Size([0])) for Parameter 117 (torch.Size([512, 512])), Block block_0 (torch.Size([512, 512])).
I0316 16:07:28.822068 139735810196672 shampoo_preconditioner_list.py:352] Instantiated Adagrad Preconditioner 118.block_0 (torch.Size([0])) for Parameter 118 (torch.Size([512])), Block block_0 (torch.Size([512])).
I0316 16:07:28.822068 139872104543424 shampoo_preconditioner_list.py:612] Rank 3: ShampooPreconditionerList Numel Breakdown: (524450, 524288, 1048738, 524288, 2621440, 2621440, 2621440, 2621440, 2621440, 2621440, 2621440, 2621440, 2621440, 2621440, 524288, 524288, 524288, 2621440, 2621440, 2097152, 2097152, 2621440, 2621440, 524288, 524288, 524288, 2621440, 1048576, 2097152, 524288, 1048576, 524288, 8192, 524288, 524288, 1048576, 524288, 1048576, 524288, 524338, 524288, 524288, 1048576, 524288, 524288, 524288, 2621440, 2621440, 2097152, 2097152, 2621440, 2621440, 524288, 524288, 524288, 524288, 524288, 2621440, 2621440, 2097152, 2097152, 2621440, 2621440, 524288, 524288, 524288, 2621440, 1048576, 2097152, 524288, 1048576, 524288, 8192, 524288, 524288, 1048576, 524288, 1048576, 524288, 524338, 524288, 524288, 1048576, 524288, 524288, 524288, 2621440, 2621440, 2097152, 2097152, 2621440, 2621440, 524288, 524288, 524288, 524288, 524288, 2621440, 2621440, 2097152, 2097152, 2621440, 2621440, 524288, 524288, 524288, 2621440, 1048576, 2097152, 524288, 1048576, 524288, 8192, 524288, 524288, 1048576, 524288, 1048576, 524288, 524338, 524288, 524288, 1048576, 524288, 524288, 524288, 2621440, 2621440, 2097152, 2097152, 2621440, 2621440, 524288, 524288, 524288, 524288, 524288, 2621440, 2621440, 2097152, 2097152, 2621440, 2621440, 524288, 524288, 524288, 2621440, 1048576, 2097152, 524288, 1048576, 524288, 8192, 524288, 524288, 1048576, 524288, 1048576, 524288, 524338, 524288, 524288, 1048576, 524288, 524288, 524288, 2621440, 2621440, 2097152, 2097152, 2621440, 2621440, 524288, 524288, 524288, 524288, 524288, 2621440, 2097152)
I0316 16:07:28.822077 140055356613824 shampoo_preconditioner_list.py:574] Instantiated Shampoo Preconditioner 130.block_1 ([torch.Size([0]), torch.Size([0])]) for Parameter 130 (torch.Size([512, 2048])), Block block_1 (torch.Size([512, 1024])).
I0316 16:07:28.822077 140248063476928 shampoo_preconditioner_list.py:352] Instantiated Adagrad Preconditioner 13.block_0 (torch.Size([0])) for Parameter 13 (torch.Size([512])), Block block_0 (torch.Size([512])).
I0316 16:07:28.822113 139872104543424 shampoo_preconditioner_list.py:615] Rank 3: ShampooPreconditionerList Bytes Breakdown: (2097800, 2097152, 4194952, 2097152, 10485760, 10485760, 10485760, 10485760, 10485760, 10485760, 10485760, 10485760, 10485760, 10485760, 2097152, 2097152, 2097152, 10485760, 10485760, 8388608, 8388608, 10485760, 10485760, 2097152, 2097152, 2097152, 10485760, 4194304)
I0316 16:07:28.822118 139735810196672 shampoo_preconditioner_list.py:352] Instantiated Adagrad Preconditioner 119.block_0 (torch.Size([0])) for Parameter 119 (torch.Size([512, 512])), Block block_0 (torch.Size([512, 512])).
I0316 16:07:28.822133 140176774419648 submission_runner.py:321] Saving meta data to /experiment_runs/submissions/rolling_leaderboard/external_tuning/shampoo/study_0/librispeech_conformer_pytorch/trial_4/meta_data_0.json.
I0316 16:07:28.822157 139872104543424 shampoo_preconditioner_list.py:618] Rank 3: ShampooPreconditionerList Total Elements: 234390028
I0316 16:07:28.822161 139735810196672 shampoo_preconditioner_list.py:352] Instantiated Adagrad Preconditioner 120.block_0 (torch.Size([0])) for Parameter 120 (torch.Size([512])), Block block_0 (torch.Size([512])).
I0316 16:07:28.822168 140055356613824 shampoo_preconditioner_list.py:574] Instantiated Shampoo Preconditioner 131.block_0 ([torch.Size([0])]) for Parameter 131 (torch.Size([512])), Block block_0 (torch.Size([512])).
I0316 16:07:28.822185 139872104543424 shampoo_preconditioner_list.py:621] Rank 3: ShampooPreconditionerList Total Bytes: 201327888
I0316 16:07:28.822203 139735810196672 shampoo_preconditioner_list.py:352] Instantiated Adagrad Preconditioner 121.block_0 (torch.Size([0])) for Parameter 121 (torch.Size([512, 1, 5])), Block block_0 (torch.Size([512, 5])).
I0316 16:07:28.822219 139876717483200 shampoo_preconditioner_list.py:574] Instantiated Shampoo Preconditioner 131.block_0 ([torch.Size([512, 512])]) for Parameter 131 (torch.Size([512])), Block block_0 (torch.Size([512])).
I0316 16:07:28.822244 140055356613824 shampoo_preconditioner_list.py:574] Instantiated Shampoo Preconditioner 132.block_0 ([torch.Size([0])]) for Parameter 132 (torch.Size([512])), Block block_0 (torch.Size([512])).
I0316 16:07:28.822252 139735810196672 shampoo_preconditioner_list.py:352] Instantiated Adagrad Preconditioner 122.block_0 (torch.Size([0])) for Parameter 122 (torch.Size([512])), Block block_0 (torch.Size([512])).
I0316 16:07:28.822294 139735810196672 shampoo_preconditioner_list.py:352] Instantiated Adagrad Preconditioner 123.block_0 (torch.Size([0])) for Parameter 123 (torch.Size([512])), Block block_0 (torch.Size([512])).
I0316 16:07:28.822303 140176774419648 logger_utils.py:262] Unable to record workload.train_mean information. Continuing without it.
I0316 16:07:28.822335 140055356613824 shampoo_preconditioner_list.py:574] Instantiated Shampoo Preconditioner 133.block_0 ([torch.Size([0])]) for Parameter 133 (torch.Size([512])), Block block_0 (torch.Size([512])).
I0316 16:07:28.822361 140176774419648 logger_utils.py:262] Unable to record workload.train_stddev information. Continuing without it.
I0316 16:07:28.822364 139876717483200 shampoo_preconditioner_list.py:574] Instantiated Shampoo Preconditioner 132.block_0 ([torch.Size([0])]) for Parameter 132 (torch.Size([512])), Block block_0 (torch.Size([512])).
I0316 16:07:28.822383 139658875667648 shampoo_preconditioner_list.py:574] Instantiated Shampoo Preconditioner 115.block_0 ([torch.Size([512, 512])]) for Parameter 115 (torch.Size([512])), Block block_0 (torch.Size([512])).
I0316 16:07:28.822409 140055356613824 shampoo_preconditioner_list.py:574] Instantiated Shampoo Preconditioner 134.block_0 ([torch.Size([0])]) for Parameter 134 (torch.Size([512])), Block block_0 (torch.Size([512])).
I0316 16:07:28.822446 139876717483200 shampoo_preconditioner_list.py:574] Instantiated Shampoo Preconditioner 133.block_0 ([torch.Size([0])]) for Parameter 133 (torch.Size([512])), Block block_0 (torch.Size([512])).
I0316 16:07:28.822519 139658875667648 shampoo_preconditioner_list.py:574] Instantiated Shampoo Preconditioner 116.block_0 ([torch.Size([0])]) for Parameter 116 (torch.Size([512])), Block block_0 (torch.Size([512])).
I0316 16:07:28.822532 139876717483200 shampoo_preconditioner_list.py:574] Instantiated Shampoo Preconditioner 134.block_0 ([torch.Size([0])]) for Parameter 134 (torch.Size([512])), Block block_0 (torch.Size([512])).
I0316 16:07:28.822582 140627360609472 shampoo_preconditioner_list.py:574] Instantiated Shampoo Preconditioner 121.block_0 ([torch.Size([512, 512]), torch.Size([5, 5])]) for Parameter 121 (torch.Size([512, 1, 5])), Block block_0 (torch.Size([512, 5])).
I0316 16:07:28.822593 139872104543424 shampoo_preconditioner_list.py:352] Instantiated Adagrad Preconditioner 0.block_0 (torch.Size([512, 9])) for Parameter 0 (torch.Size([512, 1, 3, 3])), Block block_0 (torch.Size([512, 9])).
I0316 16:07:28.822610 139876717483200 shampoo_preconditioner_list.py:574] Instantiated Shampoo Preconditioner 135.block_0 ([torch.Size([0])]) for Parameter 135 (torch.Size([512])), Block block_0 (torch.Size([512])).
I0316 16:07:28.822636 139658875667648 shampoo_preconditioner_list.py:574] Instantiated Shampoo Preconditioner 117.block_0 ([torch.Size([0]), torch.Size([0])]) for Parameter 117 (torch.Size([512, 512])), Block block_0 (torch.Size([512, 512])).
I0316 16:07:28.822618 140248063476928 shampoo_preconditioner_list.py:352] Instantiated Adagrad Preconditioner 14.block_0 (torch.Size([1024, 512])) for Parameter 14 (torch.Size([1536, 512])), Block block_0 (torch.Size([1024, 512])).
I0316 16:07:28.822677 139872104543424 shampoo_preconditioner_list.py:352] Instantiated Adagrad Preconditioner 1.block_0 (torch.Size([0])) for Parameter 1 (torch.Size([512])), Block block_0 (torch.Size([512])).
I0316 16:07:28.822706 140627360609472 shampoo_preconditioner_list.py:574] Instantiated Shampoo Preconditioner 122.block_0 ([torch.Size([0])]) for Parameter 122 (torch.Size([512])), Block block_0 (torch.Size([512])).
I0316 16:07:28.822717 140248063476928 shampoo_preconditioner_list.py:352] Instantiated Adagrad Preconditioner 14.block_1 (torch.Size([0])) for Parameter 14 (torch.Size([1536, 512])), Block block_1 (torch.Size([512, 512])).
I0316 16:07:28.822721 139658875667648 shampoo_preconditioner_list.py:574] Instantiated Shampoo Preconditioner 118.block_0 ([torch.Size([0])]) for Parameter 118 (torch.Size([512])), Block block_0 (torch.Size([512])).
I0316 16:07:28.822722 139876717483200 shampoo_preconditioner_list.py:574] Instantiated Shampoo Preconditioner 136.block_0 ([torch.Size([0]), torch.Size([0])]) for Parameter 136 (torch.Size([1024, 512])), Block block_0 (torch.Size([1024, 512])).
I0316 16:07:28.822747 139872104543424 shampoo_preconditioner_list.py:352] Instantiated Adagrad Preconditioner 2.block_0 (torch.Size([0])) for Parameter 2 (torch.Size([512, 512, 3, 3])), Block block_0 (torch.Size([512, 512, 9])).
I0316 16:07:28.822775 140248063476928 shampoo_preconditioner_list.py:352] Instantiated Adagrad Preconditioner 15.block_0 (torch.Size([0])) for Parameter 15 (torch.Size([1536])), Block block_0 (torch.Size([1024])).
I0316 16:07:28.822794 140627360609472 shampoo_preconditioner_list.py:574] Instantiated Shampoo Preconditioner 123.block_0 ([torch.Size([0])]) for Parameter 123 (torch.Size([512])), Block block_0 (torch.Size([512])).
I0316 16:07:28.822803 139872104543424 shampoo_preconditioner_list.py:352] Instantiated Adagrad Preconditioner 3.block_0 (torch.Size([0])) for Parameter 3 (torch.Size([512])), Block block_0 (torch.Size([512])).
I0316 16:07:28.822823 139658875667648 shampoo_preconditioner_list.py:574] Instantiated Shampoo Preconditioner 119.block_0 ([torch.Size([0]), torch.Size([0])]) for Parameter 119 (torch.Size([512, 512])), Block block_0 (torch.Size([512, 512])).
I0316 16:07:28.822828 139735810196672 shampoo_preconditioner_list.py:352] Instantiated Adagrad Preconditioner 124.block_0 (torch.Size([512, 512])) for Parameter 124 (torch.Size([512, 512])), Block block_0 (torch.Size([512, 512])).
I0316 16:07:28.822849 140248063476928 shampoo_preconditioner_list.py:352] Instantiated Adagrad Preconditioner 15.block_1 (torch.Size([0])) for Parameter 15 (torch.Size([1536])), Block block_1 (torch.Size([512])).
I0316 16:07:28.822852 139872104543424 shampoo_preconditioner_list.py:352] Instantiated Adagrad Preconditioner 4.block_0 (torch.Size([0])) for Parameter 4 (torch.Size([512, 10240])), Block block_0 (torch.Size([512, 1024])).
I0316 16:07:28.822905 140248063476928 shampoo_preconditioner_list.py:352] Instantiated Adagrad Preconditioner 16.block_0 (torch.Size([0])) for Parameter 16 (torch.Size([512, 512])), Block block_0 (torch.Size([512, 512])).
I0316 16:07:28.822907 139658875667648 shampoo_preconditioner_list.py:574] Instantiated Shampoo Preconditioner 120.block_0 ([torch.Size([0])]) for Parameter 120 (torch.Size([512])), Block block_0 (torch.Size([512])).
I0316 16:07:28.822908 140627360609472 shampoo_preconditioner_list.py:574] Instantiated Shampoo Preconditioner 124.block_0 ([torch.Size([0]), torch.Size([0])]) for Parameter 124 (torch.Size([512, 512])), Block block_0 (torch.Size([512, 512])).
I0316 16:07:28.822915 139872104543424 shampoo_preconditioner_list.py:352] Instantiated Adagrad Preconditioner 4.block_1 (torch.Size([0])) for Parameter 4 (torch.Size([512, 10240])), Block block_1 (torch.Size([512, 1024])).
I0316 16:07:28.822902 140055356613824 shampoo_preconditioner_list.py:574] Instantiated Shampoo Preconditioner 135.block_0 ([torch.Size([512, 512])]) for Parameter 135 (torch.Size([512])), Block block_0 (torch.Size([512])).
I0316 16:07:28.822932 139735810196672 shampoo_preconditioner_list.py:352] Instantiated Adagrad Preconditioner 125.block_0 (torch.Size([0])) for Parameter 125 (torch.Size([512])), Block block_0 (torch.Size([512])).
I0316 16:07:28.822967 140248063476928 shampoo_preconditioner_list.py:352] Instantiated Adagrad Preconditioner 17.block_0 (torch.Size([0])) for Parameter 17 (torch.Size([512])), Block block_0 (torch.Size([512])).
I0316 16:07:28.822984 139735810196672 shampoo_preconditioner_list.py:352] Instantiated Adagrad Preconditioner 126.block_0 (torch.Size([0])) for Parameter 126 (torch.Size([512])), Block block_0 (torch.Size([512])).
I0316 16:07:28.823010 139658875667648 shampoo_preconditioner_list.py:574] Instantiated Shampoo Preconditioner 121.block_0 ([torch.Size([0]), torch.Size([0])]) for Parameter 121 (torch.Size([512, 1, 5])), Block block_0 (torch.Size([512, 5])).
I0316 16:07:28.823026 140248063476928 shampoo_preconditioner_list.py:352] Instantiated Adagrad Preconditioner 18.block_0 (torch.Size([0])) for Parameter 18 (torch.Size([64])), Block block_0 (torch.Size([64])).
I0316 16:07:28.823031 139735810196672 shampoo_preconditioner_list.py:352] Instantiated Adagrad Preconditioner 127.block_0 (torch.Size([0])) for Parameter 127 (torch.Size([512])), Block block_0 (torch.Size([512])).
I0316 16:07:28.823033 140055356613824 shampoo_preconditioner_list.py:574] Instantiated Shampoo Preconditioner 136.block_0 ([torch.Size([0]), torch.Size([0])]) for Parameter 136 (torch.Size([1024, 512])), Block block_0 (torch.Size([1024, 512])).
I0316 16:07:28.823077 139735810196672 shampoo_preconditioner_list.py:352] Instantiated Adagrad Preconditioner 128.block_0 (torch.Size([0])) for Parameter 128 (torch.Size([2048, 512])), Block block_0 (torch.Size([1024, 512])).
I0316 16:07:28.823081 140248063476928 shampoo_preconditioner_list.py:352] Instantiated Adagrad Preconditioner 19.block_0 (torch.Size([0])) for Parameter 19 (torch.Size([512])), Block block_0 (torch.Size([512])).
I0316 16:07:28.823093 139658875667648 shampoo_preconditioner_list.py:574] Instantiated Shampoo Preconditioner 122.block_0 ([torch.Size([0])]) for Parameter 122 (torch.Size([512])), Block block_0 (torch.Size([512])).
I0316 16:07:28.823130 139735810196672 shampoo_preconditioner_list.py:352] Instantiated Adagrad Preconditioner 128.block_1 (torch.Size([0])) for Parameter 128 (torch.Size([2048, 512])), Block block_1 (torch.Size([1024, 512])).
I0316 16:07:28.823132 140248063476928 shampoo_preconditioner_list.py:352] Instantiated Adagrad Preconditioner 20.block_0 (torch.Size([0])) for Parameter 20 (torch.Size([512])), Block block_0 (torch.Size([512])).
I0316 16:07:28.823136 140055356613824 shampoo_preconditioner_list.py:574] Instantiated Shampoo Preconditioner 137.block_0 ([torch.Size([0])]) for Parameter 137 (torch.Size([1024])), Block block_0 (torch.Size([1024])).
I0316 16:07:28.823155 139876717483200 shampoo_preconditioner_list.py:574] Instantiated Shampoo Preconditioner 137.block_0 ([torch.Size([1024, 1024])]) for Parameter 137 (torch.Size([1024])), Block block_0 (torch.Size([1024])).
I0316 16:07:28.823182 139735810196672 shampoo_preconditioner_list.py:352] Instantiated Adagrad Preconditioner 129.block_0 (torch.Size([0])) for Parameter 129 (torch.Size([2048])), Block block_0 (torch.Size([1024])).
I0316 16:07:28.823184 140248063476928 shampoo_preconditioner_list.py:352] Instantiated Adagrad Preconditioner 21.block_0 (torch.Size([0])) for Parameter 21 (torch.Size([512, 512])), Block block_0 (torch.Size([512, 512])).
I0316 16:07:28.823227 139735810196672 shampoo_preconditioner_list.py:352] Instantiated Adagrad Preconditioner 129.block_1 (torch.Size([0])) for Parameter 129 (torch.Size([2048])), Block block_1 (torch.Size([1024])).
I0316 16:07:28.823235 140248063476928 shampoo_preconditioner_list.py:352] Instantiated Adagrad Preconditioner 22.block_0 (torch.Size([0])) for Parameter 22 (torch.Size([512])), Block block_0 (torch.Size([512])).
I0316 16:07:28.823279 139735810196672 shampoo_preconditioner_list.py:352] Instantiated Adagrad Preconditioner 130.block_0 (torch.Size([0])) for Parameter 130 (torch.Size([512, 2048])), Block block_0 (torch.Size([512, 1024])).
I0316 16:07:28.823287 140248063476928 shampoo_preconditioner_list.py:352] Instantiated Adagrad Preconditioner 23.block_0 (torch.Size([0])) for Parameter 23 (torch.Size([512, 512])), Block block_0 (torch.Size([512, 512])).
I0316 16:07:28.823338 140248063476928 shampoo_preconditioner_list.py:352] Instantiated Adagrad Preconditioner 24.block_0 (torch.Size([0])) for Parameter 24 (torch.Size([512])), Block block_0 (torch.Size([512])).
I0316 16:07:28.823368 139735810196672 shampoo_preconditioner_list.py:352] Instantiated Adagrad Preconditioner 130.block_1 (torch.Size([512, 1024])) for Parameter 130 (torch.Size([512, 2048])), Block block_1 (torch.Size([512, 1024])).
I0316 16:07:28.823370 139872104543424 shampoo_preconditioner_list.py:352] Instantiated Adagrad Preconditioner 4.block_2 (torch.Size([512, 1024])) for Parameter 4 (torch.Size([512, 10240])), Block block_2 (torch.Size([512, 1024])).
I0316 16:07:28.823387 140055356613824 shampoo_preconditioner_list.py:612] Rank 4: ShampooPreconditionerList Numel Breakdown: (524450, 524288, 1048738, 524288, 2621440, 2621440, 2621440, 2621440, 2621440, 2621440, 2621440, 2621440, 2621440, 2621440, 524288, 524288, 524288, 2621440, 2621440, 2097152, 2097152, 2621440, 2621440, 524288, 524288, 524288, 2621440, 1048576, 2097152, 524288, 1048576, 524288, 8192, 524288, 524288, 1048576, 524288, 1048576, 524288, 524338, 524288, 524288, 1048576, 524288, 524288, 524288, 2621440, 2621440, 2097152, 2097152, 2621440, 2621440, 524288, 524288, 524288, 524288, 524288, 2621440, 2621440, 2097152, 2097152, 2621440, 2621440, 524288, 524288, 524288, 2621440, 1048576, 2097152, 524288, 1048576, 524288, 8192, 524288, 524288, 1048576, 524288, 1048576, 524288, 524338, 524288, 524288, 1048576, 524288, 524288, 524288, 2621440, 2621440, 2097152, 2097152, 2621440, 2621440, 524288, 524288, 524288, 524288, 524288, 2621440, 2621440, 2097152, 2097152, 2621440, 2621440, 524288, 524288, 524288, 2621440, 1048576, 2097152, 524288, 1048576, 524288, 8192, 524288, 524288, 1048576, 524288, 1048576, 524288, 524338, 524288, 524288, 1048576, 524288, 524288, 524288, 2621440, 2621440, 2097152, 2097152, 2621440, 2621440, 524288, 524288, 524288, 524288, 524288, 2621440, 2621440, 2097152, 2097152, 2621440, 2621440, 524288, 524288, 524288, 2621440, 1048576, 2097152, 524288, 1048576, 524288, 8192, 524288, 524288, 1048576, 524288, 1048576, 524288, 524338, 524288, 524288, 1048576, 524288, 524288, 524288, 2621440, 2621440, 2097152, 2097152, 2621440, 2621440, 524288, 524288, 524288, 524288, 524288, 2621440, 2097152)
I0316 16:07:28.823399 140248063476928 shampoo_preconditioner_list.py:352] Instantiated Adagrad Preconditioner 25.block_0 (torch.Size([0])) for Parameter 25 (torch.Size([512, 1, 5])), Block block_0 (torch.Size([512, 5])).
I0316 16:07:28.823436 139735810196672 shampoo_preconditioner_list.py:352] Instantiated Adagrad Preconditioner 131.block_0 (torch.Size([0])) for Parameter 131 (torch.Size([512])), Block block_0 (torch.Size([512])).
I0316 16:07:28.823429 139876717483200 shampoo_preconditioner_list.py:612] Rank 5: ShampooPreconditionerList Numel Breakdown: (524450, 524288, 1048738, 524288, 2621440, 2621440, 2621440, 2621440, 2621440, 2621440, 2621440, 2621440, 2621440, 2621440, 524288, 524288, 524288, 2621440, 2621440, 2097152, 2097152, 2621440, 2621440, 524288, 524288, 524288, 2621440, 1048576, 2097152, 524288, 1048576, 524288, 8192, 524288, 524288, 1048576, 524288, 1048576, 524288, 524338, 524288, 524288, 1048576, 524288, 524288, 524288, 2621440, 2621440, 2097152, 2097152, 2621440, 2621440, 524288, 524288, 524288, 524288, 524288, 2621440, 2621440, 2097152, 2097152, 2621440, 2621440, 524288, 524288, 524288, 2621440, 1048576, 2097152, 524288, 1048576, 524288, 8192, 524288, 524288, 1048576, 524288, 1048576, 524288, 524338, 524288, 524288, 1048576, 524288, 524288, 524288, 2621440, 2621440, 2097152, 2097152, 2621440, 2621440, 524288, 524288, 524288, 524288, 524288, 2621440, 2621440, 2097152, 2097152, 2621440, 2621440, 524288, 524288, 524288, 2621440, 1048576, 2097152, 524288, 1048576, 524288, 8192, 524288, 524288, 1048576, 524288, 1048576, 524288, 524338, 524288, 524288, 1048576, 524288, 524288, 524288, 2621440, 2621440, 2097152, 2097152, 2621440, 2621440, 524288, 524288, 524288, 524288, 524288, 2621440, 2621440, 2097152, 2097152, 2621440, 2621440, 524288, 524288, 524288, 2621440, 1048576, 2097152, 524288, 1048576, 524288, 8192, 524288, 524288, 1048576, 524288, 1048576, 524288, 524338, 524288, 524288, 1048576, 524288, 524288, 524288, 2621440, 2621440, 2097152, 2097152, 2621440, 2621440, 524288, 524288, 524288, 524288, 524288, 2621440, 2097152)
I0316 16:07:28.823440 140055356613824 shampoo_preconditioner_list.py:615] Rank 4: ShampooPreconditionerList Bytes Breakdown: (2097800, 2097152, 4194952, 2097152, 10485760, 10485760, 10485760, 10485760, 10485760, 10485760, 10485760, 10485760, 10485760, 10485760, 2097152, 2097152, 2097152, 10485760, 10485760, 8388608, 8388608, 10485760, 10485760, 2097152, 2097152, 2097152, 10485760, 4194304, 8388608, 2097152, 4194304)
I0316 16:07:28.823452 140248063476928 shampoo_preconditioner_list.py:352] Instantiated Adagrad Preconditioner 26.block_0 (torch.Size([0])) for Parameter 26 (torch.Size([512])), Block block_0 (torch.Size([512])).
I0316 16:07:28.823466 139872104543424 shampoo_preconditioner_list.py:352] Instantiated Adagrad Preconditioner 4.block_3 (torch.Size([0])) for Parameter 4 (torch.Size([512, 10240])), Block block_3 (torch.Size([512, 1024])).
I0316 16:07:28.823475 140055356613824 shampoo_preconditioner_list.py:618] Rank 4: ShampooPreconditionerList Total Elements: 234390028
I0316 16:07:28.823479 139876717483200 shampoo_preconditioner_list.py:615] Rank 5: ShampooPreconditionerList Bytes Breakdown: (2097800, 2097152, 4194952, 2097152, 10485760, 10485760, 10485760, 10485760, 10485760, 10485760, 10485760, 10485760, 10485760, 10485760, 2097152, 2097152, 2097152, 10485760, 10485760, 8388608, 8388608, 10485760, 10485760, 2097152, 2097152, 2097152, 10485760, 4194304, 8388608, 2097152, 4194304, 2097152)
I0316 16:07:28.823490 139735810196672 shampoo_preconditioner_list.py:352] Instantiated Adagrad Preconditioner 132.block_0 (torch.Size([0])) for Parameter 132 (torch.Size([512])), Block block_0 (torch.Size([512])).
I0316 16:07:28.823503 140055356613824 shampoo_preconditioner_list.py:621] Rank 4: ShampooPreconditionerList Total Bytes: 216007952
I0316 16:07:28.823481 140627360609472 shampoo_preconditioner_list.py:574] Instantiated Shampoo Preconditioner 125.block_0 ([torch.Size([512, 512])]) for Parameter 125 (torch.Size([512])), Block block_0 (torch.Size([512])).
I0316 16:07:28.823504 140248063476928 shampoo_preconditioner_list.py:352] Instantiated Adagrad Preconditioner 27.block_0 (torch.Size([0])) for Parameter 27 (torch.Size([512])), Block block_0 (torch.Size([512])).
I0316 16:07:28.823513 139876717483200 shampoo_preconditioner_list.py:618] Rank 5: ShampooPreconditionerList Total Elements: 234390028
I0316 16:07:28.823532 139872104543424 shampoo_preconditioner_list.py:352] Instantiated Adagrad Preconditioner 4.block_4 (torch.Size([0])) for Parameter 4 (torch.Size([512, 10240])), Block block_4 (torch.Size([512, 1024])).
I0316 16:07:28.823536 139735810196672 shampoo_preconditioner_list.py:352] Instantiated Adagrad Preconditioner 133.block_0 (torch.Size([0])) for Parameter 133 (torch.Size([512])), Block block_0 (torch.Size([512])).
I0316 16:07:28.823542 139876717483200 shampoo_preconditioner_list.py:621] Rank 5: ShampooPreconditionerList Total Bytes: 218105104
I0316 16:07:28.823557 140248063476928 shampoo_preconditioner_list.py:352] Instantiated Adagrad Preconditioner 28.block_0 (torch.Size([0])) for Parameter 28 (torch.Size([512, 512])), Block block_0 (torch.Size([512, 512])).
I0316 16:07:28.823581 139735810196672 shampoo_preconditioner_list.py:352] Instantiated Adagrad Preconditioner 134.block_0 (torch.Size([0])) for Parameter 134 (torch.Size([512])), Block block_0 (torch.Size([512])).
I0316 16:07:28.823589 139872104543424 shampoo_preconditioner_list.py:352] Instantiated Adagrad Preconditioner 4.block_5 (torch.Size([0])) for Parameter 4 (torch.Size([512, 10240])), Block block_5 (torch.Size([512, 1024])).
I0316 16:07:28.823589 140627360609472 shampoo_preconditioner_list.py:574] Instantiated Shampoo Preconditioner 126.block_0 ([torch.Size([0])]) for Parameter 126 (torch.Size([512])), Block block_0 (torch.Size([512])).
I0316 16:07:28.823616 140248063476928 shampoo_preconditioner_list.py:352] Instantiated Adagrad Preconditioner 29.block_0 (torch.Size([0])) for Parameter 29 (torch.Size([512])), Block block_0 (torch.Size([512])).
I0316 16:07:28.823605 139658875667648 shampoo_preconditioner_list.py:574] Instantiated Shampoo Preconditioner 123.block_0 ([torch.Size([512, 512])]) for Parameter 123 (torch.Size([512])), Block block_0 (torch.Size([512])).
I0316 16:07:28.823631 139735810196672 shampoo_preconditioner_list.py:352] Instantiated Adagrad Preconditioner 135.block_0 (torch.Size([0])) for Parameter 135 (torch.Size([512])), Block block_0 (torch.Size([512])).
I0316 16:07:28.823637 139872104543424 shampoo_preconditioner_list.py:352] Instantiated Adagrad Preconditioner 4.block_6 (torch.Size([0])) for Parameter 4 (torch.Size([512, 10240])), Block block_6 (torch.Size([512, 1024])).
I0316 16:07:28.823667 140627360609472 shampoo_preconditioner_list.py:574] Instantiated Shampoo Preconditioner 127.block_0 ([torch.Size([0])]) for Parameter 127 (torch.Size([512])), Block block_0 (torch.Size([512])).
I0316 16:07:28.823675 140248063476928 shampoo_preconditioner_list.py:352] Instantiated Adagrad Preconditioner 30.block_0 (torch.Size([0])) for Parameter 30 (torch.Size([512])), Block block_0 (torch.Size([512])).
I0316 16:07:28.823677 139735810196672 shampoo_preconditioner_list.py:352] Instantiated Adagrad Preconditioner 136.block_0 (torch.Size([0])) for Parameter 136 (torch.Size([1024, 512])), Block block_0 (torch.Size([1024, 512])).
I0316 16:07:28.823684 139872104543424 shampoo_preconditioner_list.py:352] Instantiated Adagrad Preconditioner 4.block_7 (torch.Size([0])) for Parameter 4 (torch.Size([512, 10240])), Block block_7 (torch.Size([512, 1024])).
I0316 16:07:28.823722 139735810196672 shampoo_preconditioner_list.py:352] Instantiated Adagrad Preconditioner 137.block_0 (torch.Size([0])) for Parameter 137 (torch.Size([1024])), Block block_0 (torch.Size([1024])).
I0316 16:07:28.823727 140248063476928 shampoo_preconditioner_list.py:352] Instantiated Adagrad Preconditioner 31.block_0 (torch.Size([0])) for Parameter 31 (torch.Size([512])), Block block_0 (torch.Size([512])).
I0316 16:07:28.823731 139872104543424 shampoo_preconditioner_list.py:352] Instantiated Adagrad Preconditioner 4.block_8 (torch.Size([0])) for Parameter 4 (torch.Size([512, 10240])), Block block_8 (torch.Size([512, 1024])).
I0316 16:07:28.823738 139658875667648 shampoo_preconditioner_list.py:574] Instantiated Shampoo Preconditioner 124.block_0 ([torch.Size([0]), torch.Size([0])]) for Parameter 124 (torch.Size([512, 512])), Block block_0 (torch.Size([512, 512])).
I0316 16:07:28.823779 140248063476928 shampoo_preconditioner_list.py:352] Instantiated Adagrad Preconditioner 32.block_0 (torch.Size([0])) for Parameter 32 (torch.Size([2048, 512])), Block block_0 (torch.Size([1024, 512])).
I0316 16:07:28.823813 139872104543424 shampoo_preconditioner_list.py:352] Instantiated Adagrad Preconditioner 4.block_9 (torch.Size([512, 1024])) for Parameter 4 (torch.Size([512, 10240])), Block block_9 (torch.Size([512, 1024])).
I0316 16:07:28.823817 139658875667648 shampoo_preconditioner_list.py:574] Instantiated Shampoo Preconditioner 125.block_0 ([torch.Size([0])]) for Parameter 125 (torch.Size([512])), Block block_0 (torch.Size([512])).
I0316 16:07:28.823843 140248063476928 shampoo_preconditioner_list.py:352] Instantiated Adagrad Preconditioner 32.block_1 (torch.Size([0])) for Parameter 32 (torch.Size([2048, 512])), Block block_1 (torch.Size([1024, 512])).
I0316 16:07:28.823847 140055356613824 shampoo_preconditioner_list.py:352] Instantiated Adagrad Preconditioner 0.block_0 (torch.Size([0])) for Parameter 0 (torch.Size([512, 1, 3, 3])), Block block_0 (torch.Size([512, 9])).
I0316 16:07:28.823890 139872104543424 shampoo_preconditioner_list.py:352] Instantiated Adagrad Preconditioner 5.block_0 (torch.Size([0])) for Parameter 5 (torch.Size([512])), Block block_0 (torch.Size([512])).
I0316 16:07:28.823893 139658875667648 shampoo_preconditioner_list.py:574] Instantiated Shampoo Preconditioner 126.block_0 ([torch.Size([0])]) for Parameter 126 (torch.Size([512])), Block block_0 (torch.Size([512])).
I0316 16:07:28.823899 139735810196672 shampoo_preconditioner_list.py:375] Rank 2: AdaGradPreconditionerList Numel Breakdown: (0, 0, 0, 0, 0, 524288, 0, 0, 0, 0, 0, 0, 524288, 0, 0, 0, 0, 0, 0, 0, 0, 0, 0, 0, 0, 0, 0, 0, 0, 0, 0, 0, 0, 0, 0, 0, 0, 0, 0, 0, 0, 0, 0, 0, 0, 0, 524288, 0, 0, 0, 0, 0, 0, 0, 0, 0, 0, 0, 0, 0, 0, 0, 524288, 0, 0, 0, 0, 0, 0, 0, 0, 0, 0, 0, 0, 0, 0, 0, 0, 0, 0, 0, 0, 0, 0, 0, 0, 0, 0, 0, 0, 0, 0, 0, 0, 0, 0, 0, 524288, 0, 0, 0, 0, 0, 0, 0, 0, 0, 0, 0, 262144, 0, 0, 0, 0, 0, 0, 0, 0, 0, 0, 0, 0, 0, 0, 0, 0, 0, 0, 0, 0, 0, 0, 0, 0, 0, 0, 524288, 0, 0, 0, 0, 0, 0, 0, 0, 0, 0, 0, 0, 0, 0, 0, 0, 0, 0, 0, 0, 0, 0, 0, 0, 262144, 0, 0, 0, 0, 0, 0, 0, 0, 524288, 0, 0, 0, 0, 0, 0, 0)
I0316 16:07:28.823906 140248063476928 shampoo_preconditioner_list.py:352] Instantiated Adagrad Preconditioner 33.block_0 (torch.Size([0])) for Parameter 33 (torch.Size([2048])), Block block_0 (torch.Size([1024])).
I0316 16:07:28.823917 140055356613824 shampoo_preconditioner_list.py:352] Instantiated Adagrad Preconditioner 1.block_0 (torch.Size([0])) for Parameter 1 (torch.Size([512])), Block block_0 (torch.Size([512])).
I0316 16:07:28.823916 139876717483200 shampoo_preconditioner_list.py:352] Instantiated Adagrad Preconditioner 0.block_0 (torch.Size([0])) for Parameter 0 (torch.Size([512, 1, 3, 3])), Block block_0 (torch.Size([512, 9])).
I0316 16:07:28.823948 139735810196672 shampoo_preconditioner_list.py:378] Rank 2: AdaGradPreconditionerList Bytes Breakdown: (0, 0, 0, 0, 0, 2097152, 0, 0, 0, 0, 0, 0, 2097152, 0, 0, 0, 0, 0, 0, 0, 0, 0, 0, 0, 0, 0, 0, 0, 0, 0, 0, 0, 0, 0, 0, 0, 0, 0, 0, 0, 0, 0, 0, 0, 0, 0, 2097152, 0, 0, 0, 0, 0, 0, 0, 0, 0, 0, 0, 0, 0, 0, 0, 2097152, 0, 0, 0, 0, 0, 0, 0, 0, 0, 0, 0, 0, 0, 0, 0, 0, 0, 0, 0, 0, 0, 0, 0, 0, 0, 0, 0, 0, 0, 0, 0, 0, 0, 0, 0, 2097152, 0, 0, 0, 0, 0, 0, 0, 0, 0, 0, 0, 1048576, 0, 0, 0, 0, 0, 0, 0, 0, 0, 0, 0, 0, 0, 0, 0, 0, 0, 0, 0, 0, 0, 0, 0, 0, 0, 0, 2097152, 0, 0, 0, 0, 0, 0, 0, 0, 0, 0, 0, 0, 0, 0, 0, 0, 0, 0, 0, 0, 0, 0, 0, 0, 1048576, 0, 0, 0, 0, 0, 0, 0, 0, 2097152, 0, 0, 0, 0, 0, 0, 0)
