I0315 19:18:21.124400 139753326118080 shampoo_preconditioner_list.py:574] Instantiated Shampoo Preconditioner 50.block_0 ([torch.Size([0])]) for Parameter 50 (torch.Size([256])), Block block_0 (torch.Size([256])).
I0315 19:18:21.124394 140008160781504 shampoo_preconditioner_list.py:574] Instantiated Shampoo Preconditioner 50.block_0 ([torch.Size([0])]) for Parameter 50 (torch.Size([256])), Block block_0 (torch.Size([256])).
I0315 19:18:21.124413 140038928184512 shampoo_preconditioner_list.py:574] Instantiated Shampoo Preconditioner 49.block_0 ([torch.Size([0])]) for Parameter 49 (torch.Size([256])), Block block_0 (torch.Size([256])).
I0315 19:18:21.124461 140631802787008 shampoo_preconditioner_list.py:574] Instantiated Shampoo Preconditioner 51.block_0 ([torch.Size([0])]) for Parameter 51 (torch.Size([256])), Block block_0 (torch.Size([256])).
I0315 19:18:21.124469 140288624346304 shampoo_preconditioner_list.py:574] Instantiated Shampoo Preconditioner 50.block_0 ([torch.Size([0])]) for Parameter 50 (torch.Size([256])), Block block_0 (torch.Size([256])).
I0315 19:18:21.124484 139753326118080 shampoo_preconditioner_list.py:574] Instantiated Shampoo Preconditioner 51.block_0 ([torch.Size([0])]) for Parameter 51 (torch.Size([256])), Block block_0 (torch.Size([256])).
I0315 19:18:21.124491 140008160781504 shampoo_preconditioner_list.py:574] Instantiated Shampoo Preconditioner 51.block_0 ([torch.Size([0])]) for Parameter 51 (torch.Size([256])), Block block_0 (torch.Size([256])).
I0315 19:18:21.124514 140038928184512 shampoo_preconditioner_list.py:574] Instantiated Shampoo Preconditioner 50.block_0 ([torch.Size([0])]) for Parameter 50 (torch.Size([256])), Block block_0 (torch.Size([256])).
I0315 19:18:21.124521 139767186183360 shampoo_preconditioner_list.py:574] Instantiated Shampoo Preconditioner 48.block_0 ([torch.Size([0]), torch.Size([0])]) for Parameter 48 (torch.Size([256, 768])), Block block_0 (torch.Size([256, 768])).
I0315 19:18:21.124539 140277474727104 shampoo_preconditioner_list.py:574] Instantiated Shampoo Preconditioner 23.block_0 ([torch.Size([256, 256])]) for Parameter 23 (torch.Size([256])), Block block_0 (torch.Size([256])).
I0315 19:18:21.124557 140288624346304 shampoo_preconditioner_list.py:574] Instantiated Shampoo Preconditioner 51.block_0 ([torch.Size([0])]) for Parameter 51 (torch.Size([256])), Block block_0 (torch.Size([256])).
I0315 19:18:21.124598 139753326118080 shampoo_preconditioner_list.py:574] Instantiated Shampoo Preconditioner 52.block_0 ([torch.Size([0]), torch.Size([0])]) for Parameter 52 (torch.Size([256, 1024])), Block block_0 (torch.Size([256, 1024])).
I0315 19:18:21.124609 140038928184512 shampoo_preconditioner_list.py:574] Instantiated Shampoo Preconditioner 51.block_0 ([torch.Size([0])]) for Parameter 51 (torch.Size([256])), Block block_0 (torch.Size([256])).
I0315 19:18:21.124608 139767186183360 shampoo_preconditioner_list.py:574] Instantiated Shampoo Preconditioner 49.block_0 ([torch.Size([0])]) for Parameter 49 (torch.Size([256])), Block block_0 (torch.Size([256])).
I0315 19:18:21.124616 140008160781504 shampoo_preconditioner_list.py:574] Instantiated Shampoo Preconditioner 52.block_0 ([torch.Size([0]), torch.Size([0])]) for Parameter 52 (torch.Size([256, 1024])), Block block_0 (torch.Size([256, 1024])).
I0315 19:18:21.124618 139875519235264 shampoo_preconditioner_list.py:574] Instantiated Shampoo Preconditioner 48.block_0 ([torch.Size([256, 256]), torch.Size([768, 768])]) for Parameter 48 (torch.Size([256, 768])), Block block_0 (torch.Size([256, 768])).
I0315 19:18:21.124677 140288624346304 shampoo_preconditioner_list.py:574] Instantiated Shampoo Preconditioner 52.block_0 ([torch.Size([0]), torch.Size([0])]) for Parameter 52 (torch.Size([256, 1024])), Block block_0 (torch.Size([256, 1024])).
I0315 19:18:21.124692 139753326118080 shampoo_preconditioner_list.py:574] Instantiated Shampoo Preconditioner 53.block_0 ([torch.Size([0])]) for Parameter 53 (torch.Size([256])), Block block_0 (torch.Size([256])).
I0315 19:18:21.124703 139767186183360 shampoo_preconditioner_list.py:574] Instantiated Shampoo Preconditioner 50.block_0 ([torch.Size([0])]) for Parameter 50 (torch.Size([256])), Block block_0 (torch.Size([256])).
I0315 19:18:21.124704 140008160781504 shampoo_preconditioner_list.py:574] Instantiated Shampoo Preconditioner 53.block_0 ([torch.Size([0])]) for Parameter 53 (torch.Size([256])), Block block_0 (torch.Size([256])).
I0315 19:18:21.124699 140277474727104 shampoo_preconditioner_list.py:574] Instantiated Shampoo Preconditioner 24.block_0 ([torch.Size([0]), torch.Size([0])]) for Parameter 24 (torch.Size([256, 768])), Block block_0 (torch.Size([256, 768])).
I0315 19:18:21.124694 140631802787008 shampoo_preconditioner_list.py:574] Instantiated Shampoo Preconditioner 52.block_0 ([torch.Size([256, 256]), torch.Size([1024, 1024])]) for Parameter 52 (torch.Size([256, 1024])), Block block_0 (torch.Size([256, 1024])).
I0315 19:18:21.124726 140038928184512 shampoo_preconditioner_list.py:574] Instantiated Shampoo Preconditioner 52.block_0 ([torch.Size([0]), torch.Size([0])]) for Parameter 52 (torch.Size([256, 1024])), Block block_0 (torch.Size([256, 1024])).
I0315 19:18:21.124733 139875519235264 shampoo_preconditioner_list.py:574] Instantiated Shampoo Preconditioner 49.block_0 ([torch.Size([0])]) for Parameter 49 (torch.Size([256])), Block block_0 (torch.Size([256])).
I0315 19:18:21.124775 140288624346304 shampoo_preconditioner_list.py:574] Instantiated Shampoo Preconditioner 53.block_0 ([torch.Size([0])]) for Parameter 53 (torch.Size([256])), Block block_0 (torch.Size([256])).
I0315 19:18:21.124778 139753326118080 shampoo_preconditioner_list.py:574] Instantiated Shampoo Preconditioner 54.block_0 ([torch.Size([0])]) for Parameter 54 (torch.Size([256])), Block block_0 (torch.Size([256])).
I0315 19:18:21.124788 139767186183360 shampoo_preconditioner_list.py:574] Instantiated Shampoo Preconditioner 51.block_0 ([torch.Size([0])]) for Parameter 51 (torch.Size([256])), Block block_0 (torch.Size([256])).
I0315 19:18:21.124793 140008160781504 shampoo_preconditioner_list.py:574] Instantiated Shampoo Preconditioner 54.block_0 ([torch.Size([0])]) for Parameter 54 (torch.Size([256])), Block block_0 (torch.Size([256])).
I0315 19:18:21.124798 140631802787008 shampoo_preconditioner_list.py:574] Instantiated Shampoo Preconditioner 53.block_0 ([torch.Size([0])]) for Parameter 53 (torch.Size([256])), Block block_0 (torch.Size([256])).
I0315 19:18:21.124819 140038928184512 shampoo_preconditioner_list.py:574] Instantiated Shampoo Preconditioner 53.block_0 ([torch.Size([0])]) for Parameter 53 (torch.Size([256])), Block block_0 (torch.Size([256])).
I0315 19:18:21.124828 139875519235264 shampoo_preconditioner_list.py:574] Instantiated Shampoo Preconditioner 50.block_0 ([torch.Size([0])]) for Parameter 50 (torch.Size([256])), Block block_0 (torch.Size([256])).
I0315 19:18:21.124842 140277474727104 shampoo_preconditioner_list.py:574] Instantiated Shampoo Preconditioner 25.block_0 ([torch.Size([256, 256])]) for Parameter 25 (torch.Size([256])), Block block_0 (torch.Size([256])).
I0315 19:18:21.124866 139753326118080 shampoo_preconditioner_list.py:574] Instantiated Shampoo Preconditioner 55.block_0 ([torch.Size([0])]) for Parameter 55 (torch.Size([256])), Block block_0 (torch.Size([256])).
I0315 19:18:21.124872 140288624346304 shampoo_preconditioner_list.py:574] Instantiated Shampoo Preconditioner 54.block_0 ([torch.Size([0])]) for Parameter 54 (torch.Size([256])), Block block_0 (torch.Size([256])).
I0315 19:18:21.124878 140008160781504 shampoo_preconditioner_list.py:574] Instantiated Shampoo Preconditioner 55.block_0 ([torch.Size([0])]) for Parameter 55 (torch.Size([256])), Block block_0 (torch.Size([256])).
I0315 19:18:21.124886 140631802787008 shampoo_preconditioner_list.py:574] Instantiated Shampoo Preconditioner 54.block_0 ([torch.Size([0])]) for Parameter 54 (torch.Size([256])), Block block_0 (torch.Size([256])).
I0315 19:18:21.124907 139767186183360 shampoo_preconditioner_list.py:574] Instantiated Shampoo Preconditioner 52.block_0 ([torch.Size([0]), torch.Size([0])]) for Parameter 52 (torch.Size([256, 1024])), Block block_0 (torch.Size([256, 1024])).
I0315 19:18:21.124910 140038928184512 shampoo_preconditioner_list.py:574] Instantiated Shampoo Preconditioner 54.block_0 ([torch.Size([0])]) for Parameter 54 (torch.Size([256])), Block block_0 (torch.Size([256])).
I0315 19:18:21.124914 139875519235264 shampoo_preconditioner_list.py:574] Instantiated Shampoo Preconditioner 51.block_0 ([torch.Size([0])]) for Parameter 51 (torch.Size([256])), Block block_0 (torch.Size([256])).
I0315 19:18:21.124969 140631802787008 shampoo_preconditioner_list.py:574] Instantiated Shampoo Preconditioner 55.block_0 ([torch.Size([0])]) for Parameter 55 (torch.Size([256])), Block block_0 (torch.Size([256])).
I0315 19:18:21.124976 140277474727104 shampoo_preconditioner_list.py:574] Instantiated Shampoo Preconditioner 26.block_0 ([torch.Size([256, 256])]) for Parameter 26 (torch.Size([256])), Block block_0 (torch.Size([256])).
I0315 19:18:21.124984 139753326118080 shampoo_preconditioner_list.py:574] Instantiated Shampoo Preconditioner 56.block_0 ([torch.Size([0]), torch.Size([0])]) for Parameter 56 (torch.Size([256, 1024])), Block block_0 (torch.Size([256, 1024])).
I0315 19:18:21.124982 140288624346304 shampoo_preconditioner_list.py:574] Instantiated Shampoo Preconditioner 55.block_0 ([torch.Size([0])]) for Parameter 55 (torch.Size([256])), Block block_0 (torch.Size([256])).
I0315 19:18:21.124990 140008160781504 shampoo_preconditioner_list.py:574] Instantiated Shampoo Preconditioner 56.block_0 ([torch.Size([0]), torch.Size([0])]) for Parameter 56 (torch.Size([256, 1024])), Block block_0 (torch.Size([256, 1024])).
I0315 19:18:21.124993 140038928184512 shampoo_preconditioner_list.py:574] Instantiated Shampoo Preconditioner 55.block_0 ([torch.Size([0])]) for Parameter 55 (torch.Size([256])), Block block_0 (torch.Size([256])).
I0315 19:18:21.125002 139767186183360 shampoo_preconditioner_list.py:574] Instantiated Shampoo Preconditioner 53.block_0 ([torch.Size([0])]) for Parameter 53 (torch.Size([256])), Block block_0 (torch.Size([256])).
I0315 19:18:21.125048 139875519235264 shampoo_preconditioner_list.py:574] Instantiated Shampoo Preconditioner 52.block_0 ([torch.Size([0]), torch.Size([0])]) for Parameter 52 (torch.Size([256, 1024])), Block block_0 (torch.Size([256, 1024])).
I0315 19:18:21.125090 139753326118080 shampoo_preconditioner_list.py:574] Instantiated Shampoo Preconditioner 57.block_0 ([torch.Size([0])]) for Parameter 57 (torch.Size([256])), Block block_0 (torch.Size([256])).
I0315 19:18:21.125096 140008160781504 shampoo_preconditioner_list.py:574] Instantiated Shampoo Preconditioner 57.block_0 ([torch.Size([0])]) for Parameter 57 (torch.Size([256])), Block block_0 (torch.Size([256])).
I0315 19:18:21.125108 140631802787008 shampoo_preconditioner_list.py:574] Instantiated Shampoo Preconditioner 56.block_0 ([torch.Size([0]), torch.Size([0])]) for Parameter 56 (torch.Size([256, 1024])), Block block_0 (torch.Size([256, 1024])).
I0315 19:18:21.125116 140288624346304 shampoo_preconditioner_list.py:574] Instantiated Shampoo Preconditioner 56.block_0 ([torch.Size([0]), torch.Size([0])]) for Parameter 56 (torch.Size([256, 1024])), Block block_0 (torch.Size([256, 1024])).
I0315 19:18:21.125123 140038928184512 shampoo_preconditioner_list.py:574] Instantiated Shampoo Preconditioner 56.block_0 ([torch.Size([0]), torch.Size([0])]) for Parameter 56 (torch.Size([256, 1024])), Block block_0 (torch.Size([256, 1024])).
I0315 19:18:21.125124 139767186183360 shampoo_preconditioner_list.py:574] Instantiated Shampoo Preconditioner 54.block_0 ([torch.Size([0])]) for Parameter 54 (torch.Size([256])), Block block_0 (torch.Size([256])).
I0315 19:18:21.125148 139875519235264 shampoo_preconditioner_list.py:574] Instantiated Shampoo Preconditioner 53.block_0 ([torch.Size([0])]) for Parameter 53 (torch.Size([256])), Block block_0 (torch.Size([256])).
I0315 19:18:21.125182 139753326118080 shampoo_preconditioner_list.py:574] Instantiated Shampoo Preconditioner 58.block_0 ([torch.Size([0])]) for Parameter 58 (torch.Size([256])), Block block_0 (torch.Size([256])).
I0315 19:18:21.125189 140008160781504 shampoo_preconditioner_list.py:574] Instantiated Shampoo Preconditioner 58.block_0 ([torch.Size([0])]) for Parameter 58 (torch.Size([256])), Block block_0 (torch.Size([256])).
I0315 19:18:21.125205 140631802787008 shampoo_preconditioner_list.py:574] Instantiated Shampoo Preconditioner 57.block_0 ([torch.Size([0])]) for Parameter 57 (torch.Size([256])), Block block_0 (torch.Size([256])).
I0315 19:18:21.125212 139767186183360 shampoo_preconditioner_list.py:574] Instantiated Shampoo Preconditioner 55.block_0 ([torch.Size([0])]) for Parameter 55 (torch.Size([256])), Block block_0 (torch.Size([256])).
I0315 19:18:21.125212 140288624346304 shampoo_preconditioner_list.py:574] Instantiated Shampoo Preconditioner 57.block_0 ([torch.Size([0])]) for Parameter 57 (torch.Size([256])), Block block_0 (torch.Size([256])).
I0315 19:18:21.125217 140038928184512 shampoo_preconditioner_list.py:574] Instantiated Shampoo Preconditioner 57.block_0 ([torch.Size([0])]) for Parameter 57 (torch.Size([256])), Block block_0 (torch.Size([256])).
I0315 19:18:21.125249 139875519235264 shampoo_preconditioner_list.py:574] Instantiated Shampoo Preconditioner 54.block_0 ([torch.Size([0])]) for Parameter 54 (torch.Size([256])), Block block_0 (torch.Size([256])).
I0315 19:18:21.125276 140008160781504 shampoo_preconditioner_list.py:574] Instantiated Shampoo Preconditioner 59.block_0 ([torch.Size([0])]) for Parameter 59 (torch.Size([256])), Block block_0 (torch.Size([256])).
I0315 19:18:21.125282 139753326118080 shampoo_preconditioner_list.py:574] Instantiated Shampoo Preconditioner 59.block_0 ([torch.Size([0])]) for Parameter 59 (torch.Size([256])), Block block_0 (torch.Size([256])).
I0315 19:18:21.125304 140631802787008 shampoo_preconditioner_list.py:574] Instantiated Shampoo Preconditioner 58.block_0 ([torch.Size([0])]) for Parameter 58 (torch.Size([256])), Block block_0 (torch.Size([256])).
I0315 19:18:21.125306 140288624346304 shampoo_preconditioner_list.py:574] Instantiated Shampoo Preconditioner 58.block_0 ([torch.Size([0])]) for Parameter 58 (torch.Size([256])), Block block_0 (torch.Size([256])).
I0315 19:18:21.125310 140038928184512 shampoo_preconditioner_list.py:574] Instantiated Shampoo Preconditioner 58.block_0 ([torch.Size([0])]) for Parameter 58 (torch.Size([256])), Block block_0 (torch.Size([256])).
I0315 19:18:21.125324 139767186183360 shampoo_preconditioner_list.py:574] Instantiated Shampoo Preconditioner 56.block_0 ([torch.Size([0]), torch.Size([0])]) for Parameter 56 (torch.Size([256, 1024])), Block block_0 (torch.Size([256, 1024])).
I0315 19:18:21.125342 139875519235264 shampoo_preconditioner_list.py:574] Instantiated Shampoo Preconditioner 55.block_0 ([torch.Size([0])]) for Parameter 55 (torch.Size([256])), Block block_0 (torch.Size([256])).
I0315 19:18:21.125392 140288624346304 shampoo_preconditioner_list.py:574] Instantiated Shampoo Preconditioner 59.block_0 ([torch.Size([0])]) for Parameter 59 (torch.Size([256])), Block block_0 (torch.Size([256])).
I0315 19:18:21.125396 140038928184512 shampoo_preconditioner_list.py:574] Instantiated Shampoo Preconditioner 59.block_0 ([torch.Size([0])]) for Parameter 59 (torch.Size([256])), Block block_0 (torch.Size([256])).
I0315 19:18:21.125396 139753326118080 shampoo_preconditioner_list.py:574] Instantiated Shampoo Preconditioner 60.block_0 ([torch.Size([0]), torch.Size([0])]) for Parameter 60 (torch.Size([256, 768])), Block block_0 (torch.Size([256, 768])).
I0315 19:18:21.125399 140631802787008 shampoo_preconditioner_list.py:574] Instantiated Shampoo Preconditioner 59.block_0 ([torch.Size([0])]) for Parameter 59 (torch.Size([256])), Block block_0 (torch.Size([256])).
I0315 19:18:21.125409 139767186183360 shampoo_preconditioner_list.py:574] Instantiated Shampoo Preconditioner 57.block_0 ([torch.Size([0])]) for Parameter 57 (torch.Size([256])), Block block_0 (torch.Size([256])).
I0315 19:18:21.125399 140008160781504 shampoo_preconditioner_list.py:574] Instantiated Shampoo Preconditioner 60.block_0 ([torch.Size([0]), torch.Size([0])]) for Parameter 60 (torch.Size([256, 768])), Block block_0 (torch.Size([256, 768])).
I0315 19:18:21.125461 139875519235264 shampoo_preconditioner_list.py:574] Instantiated Shampoo Preconditioner 56.block_0 ([torch.Size([0]), torch.Size([0])]) for Parameter 56 (torch.Size([256, 1024])), Block block_0 (torch.Size([256, 1024])).
I0315 19:18:21.125481 139753326118080 shampoo_preconditioner_list.py:574] Instantiated Shampoo Preconditioner 61.block_0 ([torch.Size([0])]) for Parameter 61 (torch.Size([256])), Block block_0 (torch.Size([256])).
I0315 19:18:21.125473 140277474727104 shampoo_preconditioner_list.py:574] Instantiated Shampoo Preconditioner 27.block_0 ([torch.Size([256, 256])]) for Parameter 27 (torch.Size([256])), Block block_0 (torch.Size([256])).
I0315 19:18:21.125502 139767186183360 shampoo_preconditioner_list.py:574] Instantiated Shampoo Preconditioner 58.block_0 ([torch.Size([0])]) for Parameter 58 (torch.Size([256])), Block block_0 (torch.Size([256])).
I0315 19:18:21.125503 140008160781504 shampoo_preconditioner_list.py:574] Instantiated Shampoo Preconditioner 61.block_0 ([torch.Size([0])]) for Parameter 61 (torch.Size([256])), Block block_0 (torch.Size([256])).
I0315 19:18:21.125511 140038928184512 shampoo_preconditioner_list.py:574] Instantiated Shampoo Preconditioner 60.block_0 ([torch.Size([0]), torch.Size([0])]) for Parameter 60 (torch.Size([256, 768])), Block block_0 (torch.Size([256, 768])).
I0315 19:18:21.125522 140631802787008 shampoo_preconditioner_list.py:574] Instantiated Shampoo Preconditioner 60.block_0 ([torch.Size([0]), torch.Size([0])]) for Parameter 60 (torch.Size([256, 768])), Block block_0 (torch.Size([256, 768])).
I0315 19:18:21.125553 139875519235264 shampoo_preconditioner_list.py:574] Instantiated Shampoo Preconditioner 57.block_0 ([torch.Size([0])]) for Parameter 57 (torch.Size([256])), Block block_0 (torch.Size([256])).
I0315 19:18:21.125572 139753326118080 shampoo_preconditioner_list.py:574] Instantiated Shampoo Preconditioner 62.block_0 ([torch.Size([0])]) for Parameter 62 (torch.Size([256])), Block block_0 (torch.Size([256])).
I0315 19:18:21.125587 139767186183360 shampoo_preconditioner_list.py:574] Instantiated Shampoo Preconditioner 59.block_0 ([torch.Size([0])]) for Parameter 59 (torch.Size([256])), Block block_0 (torch.Size([256])).
I0315 19:18:21.125591 140008160781504 shampoo_preconditioner_list.py:574] Instantiated Shampoo Preconditioner 62.block_0 ([torch.Size([0])]) for Parameter 62 (torch.Size([256])), Block block_0 (torch.Size([256])).
I0315 19:18:21.125597 140038928184512 shampoo_preconditioner_list.py:574] Instantiated Shampoo Preconditioner 61.block_0 ([torch.Size([0])]) for Parameter 61 (torch.Size([256])), Block block_0 (torch.Size([256])).
I0315 19:18:21.125617 140631802787008 shampoo_preconditioner_list.py:574] Instantiated Shampoo Preconditioner 61.block_0 ([torch.Size([0])]) for Parameter 61 (torch.Size([256])), Block block_0 (torch.Size([256])).
I0315 19:18:21.125632 140277474727104 shampoo_preconditioner_list.py:574] Instantiated Shampoo Preconditioner 28.block_0 ([torch.Size([0]), torch.Size([0])]) for Parameter 28 (torch.Size([256, 1024])), Block block_0 (torch.Size([256, 1024])).
I0315 19:18:21.125623 140288624346304 shampoo_preconditioner_list.py:574] Instantiated Shampoo Preconditioner 60.block_0 ([torch.Size([256, 256]), torch.Size([768, 768])]) for Parameter 60 (torch.Size([256, 768])), Block block_0 (torch.Size([256, 768])).
I0315 19:18:21.125656 139875519235264 shampoo_preconditioner_list.py:574] Instantiated Shampoo Preconditioner 58.block_0 ([torch.Size([0])]) for Parameter 58 (torch.Size([256])), Block block_0 (torch.Size([256])).
I0315 19:18:21.125671 139753326118080 shampoo_preconditioner_list.py:574] Instantiated Shampoo Preconditioner 63.block_0 ([torch.Size([0])]) for Parameter 63 (torch.Size([256])), Block block_0 (torch.Size([256])).
I0315 19:18:21.125681 140008160781504 shampoo_preconditioner_list.py:574] Instantiated Shampoo Preconditioner 63.block_0 ([torch.Size([0])]) for Parameter 63 (torch.Size([256])), Block block_0 (torch.Size([256])).
I0315 19:18:21.125681 140038928184512 shampoo_preconditioner_list.py:574] Instantiated Shampoo Preconditioner 62.block_0 ([torch.Size([0])]) for Parameter 62 (torch.Size([256])), Block block_0 (torch.Size([256])).
I0315 19:18:21.125704 139767186183360 shampoo_preconditioner_list.py:574] Instantiated Shampoo Preconditioner 60.block_0 ([torch.Size([0]), torch.Size([0])]) for Parameter 60 (torch.Size([256, 768])), Block block_0 (torch.Size([256, 768])).
I0315 19:18:21.125708 140631802787008 shampoo_preconditioner_list.py:574] Instantiated Shampoo Preconditioner 62.block_0 ([torch.Size([0])]) for Parameter 62 (torch.Size([256])), Block block_0 (torch.Size([256])).
I0315 19:18:21.125735 140288624346304 shampoo_preconditioner_list.py:574] Instantiated Shampoo Preconditioner 61.block_0 ([torch.Size([0])]) for Parameter 61 (torch.Size([256])), Block block_0 (torch.Size([256])).
I0315 19:18:21.125750 139875519235264 shampoo_preconditioner_list.py:574] Instantiated Shampoo Preconditioner 59.block_0 ([torch.Size([0])]) for Parameter 59 (torch.Size([256])), Block block_0 (torch.Size([256])).
I0315 19:18:21.125770 140038928184512 shampoo_preconditioner_list.py:574] Instantiated Shampoo Preconditioner 63.block_0 ([torch.Size([0])]) for Parameter 63 (torch.Size([256])), Block block_0 (torch.Size([256])).
I0315 19:18:21.125782 139753326118080 shampoo_preconditioner_list.py:574] Instantiated Shampoo Preconditioner 64.block_0 ([torch.Size([0]), torch.Size([0])]) for Parameter 64 (torch.Size([128, 256])), Block block_0 (torch.Size([128, 256])).
I0315 19:18:21.125793 140008160781504 shampoo_preconditioner_list.py:574] Instantiated Shampoo Preconditioner 64.block_0 ([torch.Size([0]), torch.Size([0])]) for Parameter 64 (torch.Size([128, 256])), Block block_0 (torch.Size([128, 256])).
I0315 19:18:21.125798 140631802787008 shampoo_preconditioner_list.py:574] Instantiated Shampoo Preconditioner 63.block_0 ([torch.Size([0])]) for Parameter 63 (torch.Size([256])), Block block_0 (torch.Size([256])).
I0315 19:18:21.125799 139767186183360 shampoo_preconditioner_list.py:574] Instantiated Shampoo Preconditioner 61.block_0 ([torch.Size([0])]) for Parameter 61 (torch.Size([256])), Block block_0 (torch.Size([256])).
I0315 19:18:21.125836 140288624346304 shampoo_preconditioner_list.py:574] Instantiated Shampoo Preconditioner 62.block_0 ([torch.Size([0])]) for Parameter 62 (torch.Size([256])), Block block_0 (torch.Size([256])).
I0315 19:18:21.125861 139875519235264 shampoo_preconditioner_list.py:574] Instantiated Shampoo Preconditioner 60.block_0 ([torch.Size([0]), torch.Size([0])]) for Parameter 60 (torch.Size([256, 768])), Block block_0 (torch.Size([256, 768])).
I0315 19:18:21.125864 139753326118080 shampoo_preconditioner_list.py:574] Instantiated Shampoo Preconditioner 65.block_0 ([torch.Size([0])]) for Parameter 65 (torch.Size([128])), Block block_0 (torch.Size([128])).
I0315 19:18:21.125879 140008160781504 shampoo_preconditioner_list.py:574] Instantiated Shampoo Preconditioner 65.block_0 ([torch.Size([0])]) for Parameter 65 (torch.Size([128])), Block block_0 (torch.Size([128])).
I0315 19:18:21.125883 139767186183360 shampoo_preconditioner_list.py:574] Instantiated Shampoo Preconditioner 62.block_0 ([torch.Size([0])]) for Parameter 62 (torch.Size([256])), Block block_0 (torch.Size([256])).
I0315 19:18:21.125899 140038928184512 shampoo_preconditioner_list.py:574] Instantiated Shampoo Preconditioner 64.block_0 ([torch.Size([0]), torch.Size([0])]) for Parameter 64 (torch.Size([128, 256])), Block block_0 (torch.Size([128, 256])).
I0315 19:18:21.125911 140631802787008 shampoo_preconditioner_list.py:574] Instantiated Shampoo Preconditioner 64.block_0 ([torch.Size([0]), torch.Size([0])]) for Parameter 64 (torch.Size([128, 256])), Block block_0 (torch.Size([128, 256])).
I0315 19:18:21.125908 140277474727104 shampoo_preconditioner_list.py:574] Instantiated Shampoo Preconditioner 29.block_0 ([torch.Size([256, 256])]) for Parameter 29 (torch.Size([256])), Block block_0 (torch.Size([256])).
I0315 19:18:21.125939 140288624346304 shampoo_preconditioner_list.py:574] Instantiated Shampoo Preconditioner 63.block_0 ([torch.Size([0])]) for Parameter 63 (torch.Size([256])), Block block_0 (torch.Size([256])).
I0315 19:18:21.125951 139875519235264 shampoo_preconditioner_list.py:574] Instantiated Shampoo Preconditioner 61.block_0 ([torch.Size([0])]) for Parameter 61 (torch.Size([256])), Block block_0 (torch.Size([256])).
I0315 19:18:21.125973 139767186183360 shampoo_preconditioner_list.py:574] Instantiated Shampoo Preconditioner 63.block_0 ([torch.Size([0])]) for Parameter 63 (torch.Size([256])), Block block_0 (torch.Size([256])).
I0315 19:18:21.125983 140038928184512 shampoo_preconditioner_list.py:574] Instantiated Shampoo Preconditioner 65.block_0 ([torch.Size([0])]) for Parameter 65 (torch.Size([128])), Block block_0 (torch.Size([128])).
I0315 19:18:21.126006 140631802787008 shampoo_preconditioner_list.py:574] Instantiated Shampoo Preconditioner 65.block_0 ([torch.Size([0])]) for Parameter 65 (torch.Size([128])), Block block_0 (torch.Size([128])).
I0315 19:18:21.126011 139753326118080 shampoo_preconditioner_list.py:612] Rank 2: ShampooPreconditionerList Numel Breakdown: (131234, 131072, 1179648, 131072, 1736704, 131072, 131072, 131072, 1736704, 131072, 131072, 131072, 950272, 131072, 131072, 131072, 2228224, 131072, 131072, 131072, 2228224, 131072, 131072, 131072, 1310720, 131072, 131072, 131072, 2228224, 131072, 131072, 131072, 2228224, 131072, 131072, 131072, 1310720, 131072, 131072, 131072, 2228224, 131072, 131072, 131072, 2228224, 131072, 131072, 131072, 1310720, 131072, 131072, 131072, 2228224, 131072, 131072, 131072, 2228224, 131072, 131072, 131072, 1310720, 131072, 131072, 131072, 163840, 32768)
I0315 19:18:21.126024 140008160781504 shampoo_preconditioner_list.py:612] Rank 3: ShampooPreconditionerList Numel Breakdown: (131234, 131072, 1179648, 131072, 1736704, 131072, 131072, 131072, 1736704, 131072, 131072, 131072, 950272, 131072, 131072, 131072, 2228224, 131072, 131072, 131072, 2228224, 131072, 131072, 131072, 1310720, 131072, 131072, 131072, 2228224, 131072, 131072, 131072, 2228224, 131072, 131072, 131072, 1310720, 131072, 131072, 131072, 2228224, 131072, 131072, 131072, 2228224, 131072, 131072, 131072, 1310720, 131072, 131072, 131072, 2228224, 131072, 131072, 131072, 2228224, 131072, 131072, 131072, 1310720, 131072, 131072, 131072, 163840, 32768)
I0315 19:18:21.126035 139875519235264 shampoo_preconditioner_list.py:574] Instantiated Shampoo Preconditioner 62.block_0 ([torch.Size([0])]) for Parameter 62 (torch.Size([256])), Block block_0 (torch.Size([256])).
I0315 19:18:21.126053 139753326118080 shampoo_preconditioner_list.py:615] Rank 2: ShampooPreconditionerList Bytes Breakdown: (524936, 524288)
I0315 19:18:21.126053 140288624346304 shampoo_preconditioner_list.py:574] Instantiated Shampoo Preconditioner 64.block_0 ([torch.Size([0]), torch.Size([0])]) for Parameter 64 (torch.Size([128, 256])), Block block_0 (torch.Size([128, 256])).
I0315 19:18:21.126066 140008160781504 shampoo_preconditioner_list.py:615] Rank 3: ShampooPreconditionerList Bytes Breakdown: (524936, 524288)
I0315 19:18:21.126062 140277474727104 shampoo_preconditioner_list.py:574] Instantiated Shampoo Preconditioner 30.block_0 ([torch.Size([256, 256])]) for Parameter 30 (torch.Size([256])), Block block_0 (torch.Size([256])).
I0315 19:18:21.126087 139753326118080 shampoo_preconditioner_list.py:618] Rank 2: ShampooPreconditionerList Total Elements: 35160226
I0315 19:18:21.126101 140008160781504 shampoo_preconditioner_list.py:618] Rank 3: ShampooPreconditionerList Total Elements: 35160226
I0315 19:18:21.126118 139753326118080 shampoo_preconditioner_list.py:621] Rank 2: ShampooPreconditionerList Total Bytes: 1049224
I0315 19:18:21.126129 140038928184512 shampoo_preconditioner_list.py:612] Rank 1: ShampooPreconditionerList Numel Breakdown: (131234, 131072, 1179648, 131072, 1736704, 131072, 131072, 131072, 1736704, 131072, 131072, 131072, 950272, 131072, 131072, 131072, 2228224, 131072, 131072, 131072, 2228224, 131072, 131072, 131072, 1310720, 131072, 131072, 131072, 2228224, 131072, 131072, 131072, 2228224, 131072, 131072, 131072, 1310720, 131072, 131072, 131072, 2228224, 131072, 131072, 131072, 2228224, 131072, 131072, 131072, 1310720, 131072, 131072, 131072, 2228224, 131072, 131072, 131072, 2228224, 131072, 131072, 131072, 1310720, 131072, 131072, 131072, 163840, 32768)
I0315 19:18:21.126133 139875519235264 shampoo_preconditioner_list.py:574] Instantiated Shampoo Preconditioner 63.block_0 ([torch.Size([0])]) for Parameter 63 (torch.Size([256])), Block block_0 (torch.Size([256])).
I0315 19:18:21.126143 140008160781504 shampoo_preconditioner_list.py:621] Rank 3: ShampooPreconditionerList Total Bytes: 1049224
I0315 19:18:21.126138 140288624346304 shampoo_preconditioner_list.py:574] Instantiated Shampoo Preconditioner 65.block_0 ([torch.Size([0])]) for Parameter 65 (torch.Size([128])), Block block_0 (torch.Size([128])).
I0315 19:18:21.126164 140631802787008 shampoo_preconditioner_list.py:612] Rank 6: ShampooPreconditionerList Numel Breakdown: (131234, 131072, 1179648, 131072, 1736704, 131072, 131072, 131072, 1736704, 131072, 131072, 131072, 950272, 131072, 131072, 131072, 2228224, 131072, 131072, 131072, 2228224, 131072, 131072, 131072, 1310720, 131072, 131072, 131072, 2228224, 131072, 131072, 131072, 2228224, 131072, 131072, 131072, 1310720, 131072, 131072, 131072, 2228224, 131072, 131072, 131072, 2228224, 131072, 131072, 131072, 1310720, 131072, 131072, 131072, 2228224, 131072, 131072, 131072, 2228224, 131072, 131072, 131072, 1310720, 131072, 131072, 131072, 163840, 32768)
I0315 19:18:21.126180 140038928184512 shampoo_preconditioner_list.py:615] Rank 1: ShampooPreconditionerList Bytes Breakdown: (524936, 524288)
I0315 19:18:21.126173 139767186183360 shampoo_preconditioner_list.py:574] Instantiated Shampoo Preconditioner 64.block_0 ([torch.Size([0]), torch.Size([0])]) for Parameter 64 (torch.Size([128, 256])), Block block_0 (torch.Size([128, 256])).
I0315 19:18:21.126215 140631802787008 shampoo_preconditioner_list.py:615] Rank 6: ShampooPreconditionerList Bytes Breakdown: (524936, 524288)
I0315 19:18:21.126207 140277474727104 shampoo_preconditioner_list.py:574] Instantiated Shampoo Preconditioner 31.block_0 ([torch.Size([256, 256])]) for Parameter 31 (torch.Size([256])), Block block_0 (torch.Size([256])).
I0315 19:18:21.126223 140038928184512 shampoo_preconditioner_list.py:618] Rank 1: ShampooPreconditionerList Total Elements: 35160226
I0315 19:18:21.126255 140038928184512 shampoo_preconditioner_list.py:621] Rank 1: ShampooPreconditionerList Total Bytes: 1049224
I0315 19:18:21.126256 140631802787008 shampoo_preconditioner_list.py:618] Rank 6: ShampooPreconditionerList Total Elements: 35160226
I0315 19:18:21.126255 139875519235264 shampoo_preconditioner_list.py:574] Instantiated Shampoo Preconditioner 64.block_0 ([torch.Size([0]), torch.Size([0])]) for Parameter 64 (torch.Size([128, 256])), Block block_0 (torch.Size([128, 256])).
I0315 19:18:21.126266 139767186183360 shampoo_preconditioner_list.py:574] Instantiated Shampoo Preconditioner 65.block_0 ([torch.Size([0])]) for Parameter 65 (torch.Size([128])), Block block_0 (torch.Size([128])).
I0315 19:18:21.126288 140631802787008 shampoo_preconditioner_list.py:621] Rank 6: ShampooPreconditionerList Total Bytes: 1049224
I0315 19:18:21.126300 140288624346304 shampoo_preconditioner_list.py:612] Rank 5: ShampooPreconditionerList Numel Breakdown: (131234, 131072, 1179648, 131072, 1736704, 131072, 131072, 131072, 1736704, 131072, 131072, 131072, 950272, 131072, 131072, 131072, 2228224, 131072, 131072, 131072, 2228224, 131072, 131072, 131072, 1310720, 131072, 131072, 131072, 2228224, 131072, 131072, 131072, 2228224, 131072, 131072, 131072, 1310720, 131072, 131072, 131072, 2228224, 131072, 131072, 131072, 2228224, 131072, 131072, 131072, 1310720, 131072, 131072, 131072, 2228224, 131072, 131072, 131072, 2228224, 131072, 131072, 131072, 1310720, 131072, 131072, 131072, 163840, 32768)
I0315 19:18:21.126332 140277474727104 shampoo_preconditioner_list.py:574] Instantiated Shampoo Preconditioner 32.block_0 ([torch.Size([0]), torch.Size([0])]) for Parameter 32 (torch.Size([256, 1024])), Block block_0 (torch.Size([256, 1024])).
I0315 19:18:21.126341 139875519235264 shampoo_preconditioner_list.py:574] Instantiated Shampoo Preconditioner 65.block_0 ([torch.Size([0])]) for Parameter 65 (torch.Size([128])), Block block_0 (torch.Size([128])).
I0315 19:18:21.126353 140288624346304 shampoo_preconditioner_list.py:615] Rank 5: ShampooPreconditionerList Bytes Breakdown: (524936, 524288)
I0315 19:18:21.126389 140288624346304 shampoo_preconditioner_list.py:618] Rank 5: ShampooPreconditionerList Total Elements: 35160226
I0315 19:18:21.126412 139767186183360 shampoo_preconditioner_list.py:612] Rank 0: ShampooPreconditionerList Numel Breakdown: (131234, 131072, 1179648, 131072, 1736704, 131072, 131072, 131072, 1736704, 131072, 131072, 131072, 950272, 131072, 131072, 131072, 2228224, 131072, 131072, 131072, 2228224, 131072, 131072, 131072, 1310720, 131072, 131072, 131072, 2228224, 131072, 131072, 131072, 2228224, 131072, 131072, 131072, 1310720, 131072, 131072, 131072, 2228224, 131072, 131072, 131072, 2228224, 131072, 131072, 131072, 1310720, 131072, 131072, 131072, 2228224, 131072, 131072, 131072, 2228224, 131072, 131072, 131072, 1310720, 131072, 131072, 131072, 163840, 32768)
I0315 19:18:21.126425 140288624346304 shampoo_preconditioner_list.py:621] Rank 5: ShampooPreconditionerList Total Bytes: 1049224
I0315 19:18:21.126476 139767186183360 shampoo_preconditioner_list.py:615] Rank 0: ShampooPreconditionerList Bytes Breakdown: (524936, 524288)
I0315 19:18:21.126490 139875519235264 shampoo_preconditioner_list.py:612] Rank 4: ShampooPreconditionerList Numel Breakdown: (131234, 131072, 1179648, 131072, 1736704, 131072, 131072, 131072, 1736704, 131072, 131072, 131072, 950272, 131072, 131072, 131072, 2228224, 131072, 131072, 131072, 2228224, 131072, 131072, 131072, 1310720, 131072, 131072, 131072, 2228224, 131072, 131072, 131072, 2228224, 131072, 131072, 131072, 1310720, 131072, 131072, 131072, 2228224, 131072, 131072, 131072, 2228224, 131072, 131072, 131072, 1310720, 131072, 131072, 131072, 2228224, 131072, 131072, 131072, 2228224, 131072, 131072, 131072, 1310720, 131072, 131072, 131072, 163840, 32768)
I0315 19:18:21.126518 139767186183360 shampoo_preconditioner_list.py:618] Rank 0: ShampooPreconditionerList Total Elements: 35160226
I0315 19:18:21.126543 139875519235264 shampoo_preconditioner_list.py:615] Rank 4: ShampooPreconditionerList Bytes Breakdown: (524936, 524288)
I0315 19:18:21.126554 139767186183360 shampoo_preconditioner_list.py:621] Rank 0: ShampooPreconditionerList Total Bytes: 1049224
I0315 19:18:21.126583 139875519235264 shampoo_preconditioner_list.py:618] Rank 4: ShampooPreconditionerList Total Elements: 35160226
I0315 19:18:21.126620 139875519235264 shampoo_preconditioner_list.py:621] Rank 4: ShampooPreconditionerList Total Bytes: 1049224
I0315 19:18:21.126825 140277474727104 shampoo_preconditioner_list.py:574] Instantiated Shampoo Preconditioner 33.block_0 ([torch.Size([256, 256])]) for Parameter 33 (torch.Size([256])), Block block_0 (torch.Size([256])).
I0315 19:18:21.127018 140277474727104 shampoo_preconditioner_list.py:574] Instantiated Shampoo Preconditioner 34.block_0 ([torch.Size([256, 256])]) for Parameter 34 (torch.Size([256])), Block block_0 (torch.Size([256])).
I0315 19:18:21.127184 140277474727104 shampoo_preconditioner_list.py:574] Instantiated Shampoo Preconditioner 35.block_0 ([torch.Size([256, 256])]) for Parameter 35 (torch.Size([256])), Block block_0 (torch.Size([256])).
I0315 19:18:21.127341 140277474727104 shampoo_preconditioner_list.py:574] Instantiated Shampoo Preconditioner 36.block_0 ([torch.Size([0]), torch.Size([0])]) for Parameter 36 (torch.Size([256, 768])), Block block_0 (torch.Size([256, 768])).
I0315 19:18:21.127505 140277474727104 shampoo_preconditioner_list.py:574] Instantiated Shampoo Preconditioner 37.block_0 ([torch.Size([256, 256])]) for Parameter 37 (torch.Size([256])), Block block_0 (torch.Size([256])).
I0315 19:18:21.128433 139753326118080 logger_utils.py:262] Unable to record workload.train_mean information. Continuing without it.
I0315 19:18:21.128526 139753326118080 logger_utils.py:262] Unable to record workload.train_stddev information. Continuing without it.
I0315 19:18:21.128816 140277474727104 shampoo_preconditioner_list.py:574] Instantiated Shampoo Preconditioner 38.block_0 ([torch.Size([256, 256])]) for Parameter 38 (torch.Size([256])), Block block_0 (torch.Size([256])).
I0315 19:18:21.128845 139767186183360 submission.py:142] No large parameters detected! Continuing with only Shampoo....
I0315 19:18:21.128906 140038928184512 logger_utils.py:262] Unable to record workload.train_mean information. Continuing without it.
I0315 19:18:21.128936 140008160781504 logger_utils.py:262] Unable to record workload.train_mean information. Continuing without it.
I0315 19:18:21.128992 140038928184512 logger_utils.py:262] Unable to record workload.train_stddev information. Continuing without it.
I0315 19:18:21.129004 140008160781504 logger_utils.py:262] Unable to record workload.train_stddev information. Continuing without it.
I0315 19:18:21.128995 140277474727104 shampoo_preconditioner_list.py:574] Instantiated Shampoo Preconditioner 39.block_0 ([torch.Size([256, 256])]) for Parameter 39 (torch.Size([256])), Block block_0 (torch.Size([256])).
I0315 19:18:21.129079 139767186183360 submission_runner.py:279] Initializing metrics bundle.
I0315 19:18:21.129191 140277474727104 shampoo_preconditioner_list.py:574] Instantiated Shampoo Preconditioner 40.block_0 ([torch.Size([0]), torch.Size([0])]) for Parameter 40 (torch.Size([256, 1024])), Block block_0 (torch.Size([256, 1024])).
I0315 19:18:21.129229 139767186183360 submission_runner.py:301] Initializing checkpoint and logger.
I0315 19:18:21.129352 140277474727104 shampoo_preconditioner_list.py:574] Instantiated Shampoo Preconditioner 41.block_0 ([torch.Size([256, 256])]) for Parameter 41 (torch.Size([256])), Block block_0 (torch.Size([256])).
I0315 19:18:21.129380 140631802787008 logger_utils.py:262] Unable to record workload.train_mean information. Continuing without it.
I0315 19:18:21.129459 140631802787008 logger_utils.py:262] Unable to record workload.train_stddev information. Continuing without it.
I0315 19:18:21.129510 140277474727104 shampoo_preconditioner_list.py:574] Instantiated Shampoo Preconditioner 42.block_0 ([torch.Size([256, 256])]) for Parameter 42 (torch.Size([256])), Block block_0 (torch.Size([256])).
I0315 19:18:21.129511 140288624346304 logger_utils.py:262] Unable to record workload.train_mean information. Continuing without it.
I0315 19:18:21.129599 140288624346304 logger_utils.py:262] Unable to record workload.train_stddev information. Continuing without it.
I0315 19:18:21.129639 139767186183360 submission_runner.py:321] Saving meta data to /experiment_runs/submissions/rolling_leaderboard/external_tuning/shampoo/study_0/ogbg_pytorch/trial_3/meta_data_0.json.
I0315 19:18:21.129701 139875519235264 logger_utils.py:262] Unable to record workload.train_mean information. Continuing without it.
I0315 19:18:21.129786 139875519235264 logger_utils.py:262] Unable to record workload.train_stddev information. Continuing without it.
I0315 19:18:21.129810 139767186183360 logger_utils.py:262] Unable to record workload.train_mean information. Continuing without it.
I0315 19:18:21.129858 139767186183360 logger_utils.py:262] Unable to record workload.train_stddev information. Continuing without it.
I0315 19:18:21.130009 140277474727104 shampoo_preconditioner_list.py:574] Instantiated Shampoo Preconditioner 43.block_0 ([torch.Size([256, 256])]) for Parameter 43 (torch.Size([256])), Block block_0 (torch.Size([256])).
I0315 19:18:21.130193 140277474727104 shampoo_preconditioner_list.py:574] Instantiated Shampoo Preconditioner 44.block_0 ([torch.Size([0]), torch.Size([0])]) for Parameter 44 (torch.Size([256, 1024])), Block block_0 (torch.Size([256, 1024])).
I0315 19:18:21.130349 140277474727104 shampoo_preconditioner_list.py:574] Instantiated Shampoo Preconditioner 45.block_0 ([torch.Size([256, 256])]) for Parameter 45 (torch.Size([256])), Block block_0 (torch.Size([256])).
I0315 19:18:21.130503 140277474727104 shampoo_preconditioner_list.py:574] Instantiated Shampoo Preconditioner 46.block_0 ([torch.Size([256, 256])]) for Parameter 46 (torch.Size([256])), Block block_0 (torch.Size([256])).
I0315 19:18:21.130648 140277474727104 shampoo_preconditioner_list.py:574] Instantiated Shampoo Preconditioner 47.block_0 ([torch.Size([256, 256])]) for Parameter 47 (torch.Size([256])), Block block_0 (torch.Size([256])).
I0315 19:18:21.130782 140277474727104 shampoo_preconditioner_list.py:574] Instantiated Shampoo Preconditioner 48.block_0 ([torch.Size([0]), torch.Size([0])]) for Parameter 48 (torch.Size([256, 768])), Block block_0 (torch.Size([256, 768])).
I0315 19:18:21.131296 140277474727104 shampoo_preconditioner_list.py:574] Instantiated Shampoo Preconditioner 49.block_0 ([torch.Size([256, 256])]) for Parameter 49 (torch.Size([256])), Block block_0 (torch.Size([256])).
I0315 19:18:21.131480 140277474727104 shampoo_preconditioner_list.py:574] Instantiated Shampoo Preconditioner 50.block_0 ([torch.Size([256, 256])]) for Parameter 50 (torch.Size([256])), Block block_0 (torch.Size([256])).
I0315 19:18:21.131637 140277474727104 shampoo_preconditioner_list.py:574] Instantiated Shampoo Preconditioner 51.block_0 ([torch.Size([256, 256])]) for Parameter 51 (torch.Size([256])), Block block_0 (torch.Size([256])).
I0315 19:18:21.131789 140277474727104 shampoo_preconditioner_list.py:574] Instantiated Shampoo Preconditioner 52.block_0 ([torch.Size([0]), torch.Size([0])]) for Parameter 52 (torch.Size([256, 1024])), Block block_0 (torch.Size([256, 1024])).
I0315 19:18:21.131941 140277474727104 shampoo_preconditioner_list.py:574] Instantiated Shampoo Preconditioner 53.block_0 ([torch.Size([256, 256])]) for Parameter 53 (torch.Size([256])), Block block_0 (torch.Size([256])).
I0315 19:18:21.132448 140277474727104 shampoo_preconditioner_list.py:574] Instantiated Shampoo Preconditioner 54.block_0 ([torch.Size([256, 256])]) for Parameter 54 (torch.Size([256])), Block block_0 (torch.Size([256])).
I0315 19:18:21.132642 140277474727104 shampoo_preconditioner_list.py:574] Instantiated Shampoo Preconditioner 55.block_0 ([torch.Size([256, 256])]) for Parameter 55 (torch.Size([256])), Block block_0 (torch.Size([256])).
I0315 19:18:21.132871 140277474727104 shampoo_preconditioner_list.py:574] Instantiated Shampoo Preconditioner 56.block_0 ([torch.Size([256, 256]), torch.Size([1024, 1024])]) for Parameter 56 (torch.Size([256, 1024])), Block block_0 (torch.Size([256, 1024])).
I0315 19:18:21.133048 140277474727104 shampoo_preconditioner_list.py:574] Instantiated Shampoo Preconditioner 57.block_0 ([torch.Size([256, 256])]) for Parameter 57 (torch.Size([256])), Block block_0 (torch.Size([256])).
I0315 19:18:21.133582 140277474727104 shampoo_preconditioner_list.py:574] Instantiated Shampoo Preconditioner 58.block_0 ([torch.Size([256, 256])]) for Parameter 58 (torch.Size([256])), Block block_0 (torch.Size([256])).
I0315 19:18:21.133768 140277474727104 shampoo_preconditioner_list.py:574] Instantiated Shampoo Preconditioner 59.block_0 ([torch.Size([256, 256])]) for Parameter 59 (torch.Size([256])), Block block_0 (torch.Size([256])).
I0315 19:18:21.133913 140277474727104 shampoo_preconditioner_list.py:574] Instantiated Shampoo Preconditioner 60.block_0 ([torch.Size([0]), torch.Size([0])]) for Parameter 60 (torch.Size([256, 768])), Block block_0 (torch.Size([256, 768])).
I0315 19:18:21.134075 140277474727104 shampoo_preconditioner_list.py:574] Instantiated Shampoo Preconditioner 61.block_0 ([torch.Size([256, 256])]) for Parameter 61 (torch.Size([256])), Block block_0 (torch.Size([256])).
I0315 19:18:21.134265 140277474727104 shampoo_preconditioner_list.py:574] Instantiated Shampoo Preconditioner 62.block_0 ([torch.Size([256, 256])]) for Parameter 62 (torch.Size([256])), Block block_0 (torch.Size([256])).
I0315 19:18:21.134764 140277474727104 shampoo_preconditioner_list.py:574] Instantiated Shampoo Preconditioner 63.block_0 ([torch.Size([256, 256])]) for Parameter 63 (torch.Size([256])), Block block_0 (torch.Size([256])).
I0315 19:18:21.134991 140277474727104 shampoo_preconditioner_list.py:574] Instantiated Shampoo Preconditioner 64.block_0 ([torch.Size([128, 128]), torch.Size([256, 256])]) for Parameter 64 (torch.Size([128, 256])), Block block_0 (torch.Size([128, 256])).
I0315 19:18:21.135142 140277474727104 shampoo_preconditioner_list.py:574] Instantiated Shampoo Preconditioner 65.block_0 ([torch.Size([128, 128])]) for Parameter 65 (torch.Size([128])), Block block_0 (torch.Size([128])).
I0315 19:18:21.135404 140277474727104 shampoo_preconditioner_list.py:612] Rank 7: ShampooPreconditionerList Numel Breakdown: (131234, 131072, 1179648, 131072, 1736704, 131072, 131072, 131072, 1736704, 131072, 131072, 131072, 950272, 131072, 131072, 131072, 2228224, 131072, 131072, 131072, 2228224, 131072, 131072, 131072, 1310720, 131072, 131072, 131072, 2228224, 131072, 131072, 131072, 2228224, 131072, 131072, 131072, 1310720, 131072, 131072, 131072, 2228224, 131072, 131072, 131072, 2228224, 131072, 131072, 131072, 1310720, 131072, 131072, 131072, 2228224, 131072, 131072, 131072, 2228224, 131072, 131072, 131072, 1310720, 131072, 131072, 131072, 163840, 32768)
I0315 19:18:21.135467 140277474727104 shampoo_preconditioner_list.py:615] Rank 7: ShampooPreconditionerList Bytes Breakdown: (524936, 524288, 4718592, 524288, 6946816, 524288, 524288, 524288, 6946816, 524288, 524288, 524288, 3801088, 524288, 524288, 524288, 8912896, 524288, 524288, 524288, 8912896, 524288, 524288, 524288, 5242880, 524288, 524288, 524288, 8912896, 524288, 524288, 524288, 8912896, 524288, 524288, 524288, 5242880, 524288, 524288, 524288, 8912896, 524288, 524288, 524288, 8912896, 524288, 524288, 524288, 5242880, 524288, 524288, 524288)
I0315 19:18:21.135508 140277474727104 shampoo_preconditioner_list.py:618] Rank 7: ShampooPreconditionerList Total Elements: 35160226
I0315 19:18:21.135545 140277474727104 shampoo_preconditioner_list.py:621] Rank 7: ShampooPreconditionerList Total Bytes: 112067208
I0315 19:18:21.137833 140277474727104 logger_utils.py:262] Unable to record workload.train_mean information. Continuing without it.
I0315 19:18:21.137912 140277474727104 logger_utils.py:262] Unable to record workload.train_stddev information. Continuing without it.
I0315 19:18:22.209241 139767186183360 submission_runner.py:325] Saving flags to /experiment_runs/submissions/rolling_leaderboard/external_tuning/shampoo/study_0/ogbg_pytorch/trial_3/flags_0.json.
I0315 19:18:22.401657 139767186183360 submission_runner.py:337] Starting training loop.
I0315 19:18:28.161336 139767186183360 dataset_info.py:690] Load dataset info from /data/ogbg/ogbg_molpcba/0.1.3
I0315 19:18:28.225959 139767186183360 reader.py:261] Creating a tf.data.Dataset reading 8 files located in folders: /data/ogbg/ogbg_molpcba/0.1.3.
WARNING:tensorflow:From /usr/local/lib/python3.11/site-packages/tensorflow_datasets/core/reader.py:101: CounterV2 (from tensorflow.python.data.experimental.ops.counter) is deprecated and will be removed in a future version.
Instructions for updating:
Use `tf.data.Dataset.counter(...)` instead.
W0315 19:18:28.605313 139767186183360 deprecation.py:50] From /usr/local/lib/python3.11/site-packages/tensorflow_datasets/core/reader.py:101: CounterV2 (from tensorflow.python.data.experimental.ops.counter) is deprecated and will be removed in a future version.
Instructions for updating:
Use `tf.data.Dataset.counter(...)` instead.
I0315 19:18:28.734606 139767186183360 logging_logger.py:49] Constructing tf.data.Dataset ogbg_molpcba for split train, from /data/ogbg/ogbg_molpcba/0.1.3
I0315 19:18:50.768075 139742141810432 logging_writer.py:48] [0] global_step=0, grad_norm=2.60199, loss=0.758314
I0315 19:18:51.109061 139767186183360 submission.py:265] 0) loss = 0.758, grad_norm = 2.602
I0315 19:18:51.625792 139767186183360 spec.py:321] Evaluating on the training split.
I0315 19:18:51.628870 139767186183360 dataset_info.py:690] Load dataset info from /data/ogbg/ogbg_molpcba/0.1.3
I0315 19:18:51.633425 139767186183360 reader.py:261] Creating a tf.data.Dataset reading 8 files located in folders: /data/ogbg/ogbg_molpcba/0.1.3.
I0315 19:18:51.698158 139767186183360 logging_logger.py:49] Constructing tf.data.Dataset ogbg_molpcba for split train, from /data/ogbg/ogbg_molpcba/0.1.3
I0315 19:19:45.714706 139767186183360 spec.py:333] Evaluating on the validation split.
I0315 19:19:45.717544 139767186183360 dataset_info.py:690] Load dataset info from /data/ogbg/ogbg_molpcba/0.1.3
I0315 19:19:45.721731 139767186183360 reader.py:261] Creating a tf.data.Dataset reading 1 files located in folders: /data/ogbg/ogbg_molpcba/0.1.3.
I0315 19:19:45.793292 139767186183360 logging_logger.py:49] Constructing tf.data.Dataset ogbg_molpcba for split validation, from /data/ogbg/ogbg_molpcba/0.1.3
I0315 19:20:31.031544 139767186183360 spec.py:349] Evaluating on the test split.
I0315 19:20:31.034555 139767186183360 dataset_info.py:690] Load dataset info from /data/ogbg/ogbg_molpcba/0.1.3
I0315 19:20:31.038672 139767186183360 reader.py:261] Creating a tf.data.Dataset reading 1 files located in folders: /data/ogbg/ogbg_molpcba/0.1.3.
