I0315 13:59:05.287099 140693239502016 shampoo_preconditioner_list.py:381] Rank 2: AdaGradPreconditionerList Total Elements: 1179648
I0315 13:59:05.287102 139829131035840 shampoo_preconditioner_list.py:381] Rank 1: AdaGradPreconditionerList Total Elements: 1179648
I0315 13:59:05.287112 139676144891072 shampoo_preconditioner_list.py:352] Instantiated Adagrad Preconditioner 15.block_0 (torch.Size([64, 576])) for Parameter 15 (torch.Size([64, 64, 3, 3])), Block block_0 (torch.Size([64, 576])).
I0315 13:59:05.287129 140693239502016 shampoo_preconditioner_list.py:384] Rank 2: AdaGradPreconditionerList Total Bytes: 4718592
I0315 13:59:05.287128 140259997713600 shampoo_preconditioner_list.py:352] Instantiated Adagrad Preconditioner 21.block_0 (torch.Size([0])) for Parameter 21 (torch.Size([256, 128, 2, 2])), Block block_0 (torch.Size([256, 512])).
I0315 13:59:05.287131 139829131035840 shampoo_preconditioner_list.py:384] Rank 1: AdaGradPreconditionerList Total Bytes: 4718592
I0315 13:59:05.287154 139967499723968 shampoo_preconditioner_list.py:352] Instantiated Adagrad Preconditioner 9.block_0 (torch.Size([0])) for Parameter 9 (torch.Size([512, 512, 3, 3])), Block block_0 (torch.Size([512, 512, 9])).
I0315 13:59:05.287177 140259997713600 shampoo_preconditioner_list.py:352] Instantiated Adagrad Preconditioner 22.block_0 (torch.Size([0])) for Parameter 22 (torch.Size([128, 64, 2, 2])), Block block_0 (torch.Size([128, 256])).
I0315 13:59:05.287182 140539676030144 shampoo_preconditioner_list.py:612] Rank 0: ShampooPreconditionerList Numel Breakdown: (165888, 2097314, 174080, 671744, 696320, 327698, 426002, 1310738, 1703954, 1048738, 655522, 1310738, 1212434, 327698, 303122, 671744, 665600, 2097314, 2048, 2, 2621440, 655360, 163840, 40960)
I0315 13:59:05.287188 139676144891072 shampoo_preconditioner_list.py:352] Instantiated Adagrad Preconditioner 16.block_0 (torch.Size([0])) for Parameter 16 (torch.Size([32, 64, 3, 3])), Block block_0 (torch.Size([32, 576])).
I0315 13:59:05.287216 139967499723968 shampoo_preconditioner_list.py:352] Instantiated Adagrad Preconditioner 10.block_0 (torch.Size([0])) for Parameter 10 (torch.Size([256, 512, 3, 3])), Block block_0 (torch.Size([256, 512, 9])).
I0315 13:59:05.287227 140259997713600 shampoo_preconditioner_list.py:352] Instantiated Adagrad Preconditioner 23.block_0 (torch.Size([0])) for Parameter 23 (torch.Size([64, 32, 2, 2])), Block block_0 (torch.Size([64, 128])).
I0315 13:59:05.287237 140539676030144 shampoo_preconditioner_list.py:615] Rank 0: ShampooPreconditionerList Bytes Breakdown: (663552,)
I0315 13:59:05.287270 139676144891072 shampoo_preconditioner_list.py:352] Instantiated Adagrad Preconditioner 17.block_0 (torch.Size([1024, 9])) for Parameter 17 (torch.Size([32, 32, 3, 3])), Block block_0 (torch.Size([1024, 9])).
I0315 13:59:05.287275 140539676030144 shampoo_preconditioner_list.py:618] Rank 0: ShampooPreconditionerList Total Elements: 19350298
I0315 13:59:05.287278 139967499723968 shampoo_preconditioner_list.py:352] Instantiated Adagrad Preconditioner 11.block_0 (torch.Size([0])) for Parameter 11 (torch.Size([256, 256, 3, 3])), Block block_0 (torch.Size([256, 768, 3])).
I0315 13:59:05.287295 140259997713600 shampoo_preconditioner_list.py:375] Rank 3: AdaGradPreconditionerList Numel Breakdown: (0, 0, 18432, 0, 0, 0, 0, 589824, 0, 0, 0, 0, 0, 0, 0, 0, 0, 0, 0, 0, 0, 0, 0, 0)
I0315 13:59:05.287284 140458547852480 shampoo_preconditioner_list.py:352] Instantiated Adagrad Preconditioner 0.block_0 (torch.Size([288])) for Parameter 0 (torch.Size([32, 1, 3, 3])), Block block_0 (torch.Size([288])).
I0315 13:59:05.287309 140539676030144 shampoo_preconditioner_list.py:621] Rank 0: ShampooPreconditionerList Total Bytes: 663552
I0315 13:59:05.287330 140259997713600 shampoo_preconditioner_list.py:378] Rank 3: AdaGradPreconditionerList Bytes Breakdown: (0, 0, 73728, 0, 0, 0, 0, 2359296, 0, 0, 0, 0, 0, 0, 0, 0, 0, 0, 0, 0, 0, 0, 0, 0)
I0315 13:59:05.287341 139676144891072 shampoo_preconditioner_list.py:352] Instantiated Adagrad Preconditioner 18.block_0 (torch.Size([0])) for Parameter 18 (torch.Size([1, 32, 1, 1])), Block block_0 (torch.Size([32])).
I0315 13:59:05.287370 140259997713600 shampoo_preconditioner_list.py:381] Rank 3: AdaGradPreconditionerList Total Elements: 608256
I0315 13:59:05.287370 140458547852480 shampoo_preconditioner_list.py:352] Instantiated Adagrad Preconditioner 1.block_0 (torch.Size([0])) for Parameter 1 (torch.Size([32, 32, 3, 3])), Block block_0 (torch.Size([1024, 9])).
I0315 13:59:05.287375 139967499723968 shampoo_preconditioner_list.py:352] Instantiated Adagrad Preconditioner 12.block_0 (torch.Size([128, 768, 3])) for Parameter 12 (torch.Size([128, 256, 3, 3])), Block block_0 (torch.Size([128, 768, 3])).
I0315 13:59:05.287392 139676144891072 shampoo_preconditioner_list.py:352] Instantiated Adagrad Preconditioner 19.block_0 (torch.Size([0])) for Parameter 19 (torch.Size([1])), Block block_0 (torch.Size([1])).
I0315 13:59:05.287407 140259997713600 shampoo_preconditioner_list.py:384] Rank 3: AdaGradPreconditionerList Total Bytes: 2433024
I0315 13:59:05.287429 140458547852480 shampoo_preconditioner_list.py:352] Instantiated Adagrad Preconditioner 2.block_0 (torch.Size([0])) for Parameter 2 (torch.Size([64, 32, 3, 3])), Block block_0 (torch.Size([64, 288])).
I0315 13:59:05.287460 139967499723968 shampoo_preconditioner_list.py:352] Instantiated Adagrad Preconditioner 13.block_0 (torch.Size([128, 384, 3])) for Parameter 13 (torch.Size([128, 128, 3, 3])), Block block_0 (torch.Size([128, 384, 3])).
I0315 13:59:05.287470 139676144891072 shampoo_preconditioner_list.py:352] Instantiated Adagrad Preconditioner 20.block_0 (torch.Size([512, 1024])) for Parameter 20 (torch.Size([512, 256, 2, 2])), Block block_0 (torch.Size([512, 1024])).
I0315 13:59:05.287497 140458547852480 shampoo_preconditioner_list.py:352] Instantiated Adagrad Preconditioner 3.block_0 (torch.Size([0])) for Parameter 3 (torch.Size([64, 64, 3, 3])), Block block_0 (torch.Size([64, 576])).
I0315 13:59:05.287528 139676144891072 shampoo_preconditioner_list.py:352] Instantiated Adagrad Preconditioner 21.block_0 (torch.Size([0])) for Parameter 21 (torch.Size([256, 128, 2, 2])), Block block_0 (torch.Size([256, 512])).
I0315 13:59:05.287523 140539676030144 shampoo_preconditioner_list.py:352] Instantiated Adagrad Preconditioner 0.block_0 (torch.Size([0])) for Parameter 0 (torch.Size([32, 1, 3, 3])), Block block_0 (torch.Size([288])).
I0315 13:59:05.287550 139967499723968 shampoo_preconditioner_list.py:352] Instantiated Adagrad Preconditioner 14.block_0 (torch.Size([64, 384, 3])) for Parameter 14 (torch.Size([64, 128, 3, 3])), Block block_0 (torch.Size([64, 384, 3])).
I0315 13:59:05.287559 140458547852480 shampoo_preconditioner_list.py:352] Instantiated Adagrad Preconditioner 4.block_0 (torch.Size([0])) for Parameter 4 (torch.Size([128, 64, 3, 3])), Block block_0 (torch.Size([128, 576])).
I0315 13:59:05.287591 139676144891072 shampoo_preconditioner_list.py:352] Instantiated Adagrad Preconditioner 22.block_0 (torch.Size([0])) for Parameter 22 (torch.Size([128, 64, 2, 2])), Block block_0 (torch.Size([128, 256])).
I0315 13:59:05.287615 139967499723968 shampoo_preconditioner_list.py:352] Instantiated Adagrad Preconditioner 15.block_0 (torch.Size([0])) for Parameter 15 (torch.Size([64, 64, 3, 3])), Block block_0 (torch.Size([64, 576])).
I0315 13:59:05.287606 140539676030144 shampoo_preconditioner_list.py:352] Instantiated Adagrad Preconditioner 1.block_0 (torch.Size([0])) for Parameter 1 (torch.Size([32, 32, 3, 3])), Block block_0 (torch.Size([1024, 9])).
I0315 13:59:05.287652 139676144891072 shampoo_preconditioner_list.py:352] Instantiated Adagrad Preconditioner 23.block_0 (torch.Size([0])) for Parameter 23 (torch.Size([64, 32, 2, 2])), Block block_0 (torch.Size([64, 128])).
I0315 13:59:05.287679 139967499723968 shampoo_preconditioner_list.py:352] Instantiated Adagrad Preconditioner 16.block_0 (torch.Size([0])) for Parameter 16 (torch.Size([32, 64, 3, 3])), Block block_0 (torch.Size([32, 576])).
I0315 13:59:05.287683 140539676030144 shampoo_preconditioner_list.py:352] Instantiated Adagrad Preconditioner 2.block_0 (torch.Size([0])) for Parameter 2 (torch.Size([64, 32, 3, 3])), Block block_0 (torch.Size([64, 288])).
I0315 13:59:05.287730 139676144891072 shampoo_preconditioner_list.py:375] Rank 5: AdaGradPreconditionerList Numel Breakdown: (0, 0, 0, 36864, 0, 0, 0, 0, 0, 0, 0, 0, 0, 0, 0, 36864, 0, 9216, 0, 0, 524288, 0, 0, 0)
I0315 13:59:05.287744 140539676030144 shampoo_preconditioner_list.py:352] Instantiated Adagrad Preconditioner 3.block_0 (torch.Size([0])) for Parameter 3 (torch.Size([64, 64, 3, 3])), Block block_0 (torch.Size([64, 576])).
I0315 13:59:05.287741 139967499723968 shampoo_preconditioner_list.py:352] Instantiated Adagrad Preconditioner 17.block_0 (torch.Size([0])) for Parameter 17 (torch.Size([32, 32, 3, 3])), Block block_0 (torch.Size([1024, 9])).
I0315 13:59:05.287782 139676144891072 shampoo_preconditioner_list.py:378] Rank 5: AdaGradPreconditionerList Bytes Breakdown: (0, 0, 0, 147456, 0, 0, 0, 0, 0, 0, 0, 0, 0, 0, 0, 147456, 0, 36864, 0, 0, 2097152, 0, 0, 0)
I0315 13:59:05.287803 140539676030144 shampoo_preconditioner_list.py:352] Instantiated Adagrad Preconditioner 4.block_0 (torch.Size([0])) for Parameter 4 (torch.Size([128, 64, 3, 3])), Block block_0 (torch.Size([128, 576])).
I0315 13:59:05.287811 139967499723968 shampoo_preconditioner_list.py:352] Instantiated Adagrad Preconditioner 18.block_0 (torch.Size([0])) for Parameter 18 (torch.Size([1, 32, 1, 1])), Block block_0 (torch.Size([32])).
I0315 13:59:05.287820 139676144891072 shampoo_preconditioner_list.py:381] Rank 5: AdaGradPreconditionerList Total Elements: 607232
I0315 13:59:05.287852 139676144891072 shampoo_preconditioner_list.py:384] Rank 5: AdaGradPreconditionerList Total Bytes: 2428928
I0315 13:59:05.287862 139967499723968 shampoo_preconditioner_list.py:352] Instantiated Adagrad Preconditioner 19.block_0 (torch.Size([0])) for Parameter 19 (torch.Size([1])), Block block_0 (torch.Size([1])).
I0315 13:59:05.287837 139793506563264 logger_utils.py:262] Unable to record workload.train_mean information. Continuing without it.
I0315 13:59:05.287877 140539676030144 shampoo_preconditioner_list.py:352] Instantiated Adagrad Preconditioner 5.block_0 (torch.Size([0])) for Parameter 5 (torch.Size([128, 128, 3, 3])), Block block_0 (torch.Size([128, 384, 3])).
I0315 13:59:05.287904 139793506563264 logger_utils.py:262] Unable to record workload.train_stddev information. Continuing without it.
I0315 13:59:05.287913 139967499723968 shampoo_preconditioner_list.py:352] Instantiated Adagrad Preconditioner 20.block_0 (torch.Size([0])) for Parameter 20 (torch.Size([512, 256, 2, 2])), Block block_0 (torch.Size([512, 1024])).
I0315 13:59:05.287949 140539676030144 shampoo_preconditioner_list.py:352] Instantiated Adagrad Preconditioner 6.block_0 (torch.Size([0])) for Parameter 6 (torch.Size([256, 128, 3, 3])), Block block_0 (torch.Size([256, 384, 3])).
I0315 13:59:05.287962 139967499723968 shampoo_preconditioner_list.py:352] Instantiated Adagrad Preconditioner 21.block_0 (torch.Size([0])) for Parameter 21 (torch.Size([256, 128, 2, 2])), Block block_0 (torch.Size([256, 512])).
I0315 13:59:05.288012 139967499723968 shampoo_preconditioner_list.py:352] Instantiated Adagrad Preconditioner 22.block_0 (torch.Size([0])) for Parameter 22 (torch.Size([128, 64, 2, 2])), Block block_0 (torch.Size([128, 256])).
I0315 13:59:05.287998 140458547852480 shampoo_preconditioner_list.py:352] Instantiated Adagrad Preconditioner 5.block_0 (torch.Size([128, 384, 3])) for Parameter 5 (torch.Size([128, 128, 3, 3])), Block block_0 (torch.Size([128, 384, 3])).
I0315 13:59:05.288025 140539676030144 shampoo_preconditioner_list.py:352] Instantiated Adagrad Preconditioner 7.block_0 (torch.Size([0])) for Parameter 7 (torch.Size([256, 256, 3, 3])), Block block_0 (torch.Size([256, 768, 3])).
I0315 13:59:05.288086 140539676030144 shampoo_preconditioner_list.py:352] Instantiated Adagrad Preconditioner 8.block_0 (torch.Size([0])) for Parameter 8 (torch.Size([512, 256, 3, 3])), Block block_0 (torch.Size([512, 768, 3])).
I0315 13:59:05.288108 139967499723968 shampoo_preconditioner_list.py:352] Instantiated Adagrad Preconditioner 23.block_0 (torch.Size([64, 128])) for Parameter 23 (torch.Size([64, 32, 2, 2])), Block block_0 (torch.Size([64, 128])).
I0315 13:59:05.288123 140458547852480 shampoo_preconditioner_list.py:352] Instantiated Adagrad Preconditioner 6.block_0 (torch.Size([256, 384, 3])) for Parameter 6 (torch.Size([256, 128, 3, 3])), Block block_0 (torch.Size([256, 384, 3])).
I0315 13:59:05.288200 139967499723968 shampoo_preconditioner_list.py:375] Rank 7: AdaGradPreconditionerList Numel Breakdown: (0, 9216, 0, 0, 73728, 0, 0, 0, 0, 0, 0, 0, 294912, 147456, 73728, 0, 0, 0, 0, 0, 0, 0, 0, 8192)
I0315 13:59:05.288204 140458547852480 shampoo_preconditioner_list.py:352] Instantiated Adagrad Preconditioner 7.block_0 (torch.Size([0])) for Parameter 7 (torch.Size([256, 256, 3, 3])), Block block_0 (torch.Size([256, 768, 3])).
I0315 13:59:05.288220 140539676030144 shampoo_preconditioner_list.py:352] Instantiated Adagrad Preconditioner 9.block_0 (torch.Size([512, 512, 9])) for Parameter 9 (torch.Size([512, 512, 3, 3])), Block block_0 (torch.Size([512, 512, 9])).
I0315 13:59:05.288247 139967499723968 shampoo_preconditioner_list.py:378] Rank 7: AdaGradPreconditionerList Bytes Breakdown: (0, 36864, 0, 0, 294912, 0, 0, 0, 0, 0, 0, 0, 1179648, 589824, 294912, 0, 0, 0, 0, 0, 0, 0, 0, 32768)
I0315 13:59:05.288231 140693239502016 logger_utils.py:262] Unable to record workload.train_mean information. Continuing without it.
I0315 13:59:05.288262 140458547852480 shampoo_preconditioner_list.py:352] Instantiated Adagrad Preconditioner 8.block_0 (torch.Size([0])) for Parameter 8 (torch.Size([512, 256, 3, 3])), Block block_0 (torch.Size([512, 768, 3])).
I0315 13:59:05.288236 139829131035840 logger_utils.py:262] Unable to record workload.train_mean information. Continuing without it.
I0315 13:59:05.288280 139967499723968 shampoo_preconditioner_list.py:381] Rank 7: AdaGradPreconditionerList Total Elements: 607232
I0315 13:59:05.288298 140693239502016 logger_utils.py:262] Unable to record workload.train_stddev information. Continuing without it.
I0315 13:59:05.288303 139829131035840 logger_utils.py:262] Unable to record workload.train_stddev information. Continuing without it.
I0315 13:59:05.288317 139967499723968 shampoo_preconditioner_list.py:384] Rank 7: AdaGradPreconditionerList Total Bytes: 2428928
I0315 13:59:05.288313 140539676030144 shampoo_preconditioner_list.py:352] Instantiated Adagrad Preconditioner 10.block_0 (torch.Size([0])) for Parameter 10 (torch.Size([256, 512, 3, 3])), Block block_0 (torch.Size([256, 512, 9])).
I0315 13:59:05.288316 140458547852480 shampoo_preconditioner_list.py:352] Instantiated Adagrad Preconditioner 9.block_0 (torch.Size([0])) for Parameter 9 (torch.Size([512, 512, 3, 3])), Block block_0 (torch.Size([512, 512, 9])).
I0315 13:59:05.288369 140458547852480 shampoo_preconditioner_list.py:352] Instantiated Adagrad Preconditioner 10.block_0 (torch.Size([0])) for Parameter 10 (torch.Size([256, 512, 3, 3])), Block block_0 (torch.Size([256, 512, 9])).
I0315 13:59:05.288375 140539676030144 shampoo_preconditioner_list.py:352] Instantiated Adagrad Preconditioner 11.block_0 (torch.Size([0])) for Parameter 11 (torch.Size([256, 256, 3, 3])), Block block_0 (torch.Size([256, 768, 3])).
I0315 13:59:05.288434 140539676030144 shampoo_preconditioner_list.py:352] Instantiated Adagrad Preconditioner 12.block_0 (torch.Size([0])) for Parameter 12 (torch.Size([128, 256, 3, 3])), Block block_0 (torch.Size([128, 768, 3])).
I0315 13:59:05.288437 140458547852480 shampoo_preconditioner_list.py:352] Instantiated Adagrad Preconditioner 11.block_0 (torch.Size([0])) for Parameter 11 (torch.Size([256, 256, 3, 3])), Block block_0 (torch.Size([256, 768, 3])).
I0315 13:59:05.288491 140458547852480 shampoo_preconditioner_list.py:352] Instantiated Adagrad Preconditioner 12.block_0 (torch.Size([0])) for Parameter 12 (torch.Size([128, 256, 3, 3])), Block block_0 (torch.Size([128, 768, 3])).
I0315 13:59:05.288503 140539676030144 shampoo_preconditioner_list.py:352] Instantiated Adagrad Preconditioner 13.block_0 (torch.Size([0])) for Parameter 13 (torch.Size([128, 128, 3, 3])), Block block_0 (torch.Size([128, 384, 3])).
I0315 13:59:05.288517 140259997713600 logger_utils.py:262] Unable to record workload.train_mean information. Continuing without it.
I0315 13:59:05.288551 140458547852480 shampoo_preconditioner_list.py:352] Instantiated Adagrad Preconditioner 13.block_0 (torch.Size([0])) for Parameter 13 (torch.Size([128, 128, 3, 3])), Block block_0 (torch.Size([128, 384, 3])).
I0315 13:59:05.288563 140539676030144 shampoo_preconditioner_list.py:352] Instantiated Adagrad Preconditioner 14.block_0 (torch.Size([0])) for Parameter 14 (torch.Size([64, 128, 3, 3])), Block block_0 (torch.Size([64, 384, 3])).
I0315 13:59:05.288594 140259997713600 logger_utils.py:262] Unable to record workload.train_stddev information. Continuing without it.
I0315 13:59:05.288604 140458547852480 shampoo_preconditioner_list.py:352] Instantiated Adagrad Preconditioner 14.block_0 (torch.Size([0])) for Parameter 14 (torch.Size([64, 128, 3, 3])), Block block_0 (torch.Size([64, 384, 3])).
I0315 13:59:05.288619 140539676030144 shampoo_preconditioner_list.py:352] Instantiated Adagrad Preconditioner 15.block_0 (torch.Size([0])) for Parameter 15 (torch.Size([64, 64, 3, 3])), Block block_0 (torch.Size([64, 576])).
I0315 13:59:05.288653 140458547852480 shampoo_preconditioner_list.py:352] Instantiated Adagrad Preconditioner 15.block_0 (torch.Size([0])) for Parameter 15 (torch.Size([64, 64, 3, 3])), Block block_0 (torch.Size([64, 576])).
I0315 13:59:05.288721 140539676030144 shampoo_preconditioner_list.py:352] Instantiated Adagrad Preconditioner 16.block_0 (torch.Size([0])) for Parameter 16 (torch.Size([32, 64, 3, 3])), Block block_0 (torch.Size([32, 576])).
I0315 13:59:05.288740 140458547852480 shampoo_preconditioner_list.py:352] Instantiated Adagrad Preconditioner 16.block_0 (torch.Size([0])) for Parameter 16 (torch.Size([32, 64, 3, 3])), Block block_0 (torch.Size([32, 576])).
I0315 13:59:05.288799 140539676030144 shampoo_preconditioner_list.py:352] Instantiated Adagrad Preconditioner 17.block_0 (torch.Size([0])) for Parameter 17 (torch.Size([32, 32, 3, 3])), Block block_0 (torch.Size([1024, 9])).
I0315 13:59:05.288802 140458547852480 shampoo_preconditioner_list.py:352] Instantiated Adagrad Preconditioner 17.block_0 (torch.Size([0])) for Parameter 17 (torch.Size([32, 32, 3, 3])), Block block_0 (torch.Size([1024, 9])).
I0315 13:59:05.288870 140539676030144 shampoo_preconditioner_list.py:352] Instantiated Adagrad Preconditioner 18.block_0 (torch.Size([0])) for Parameter 18 (torch.Size([1, 32, 1, 1])), Block block_0 (torch.Size([32])).
I0315 13:59:05.288894 140458547852480 shampoo_preconditioner_list.py:352] Instantiated Adagrad Preconditioner 18.block_0 (torch.Size([32])) for Parameter 18 (torch.Size([1, 32, 1, 1])), Block block_0 (torch.Size([32])).
I0315 13:59:05.288939 140539676030144 shampoo_preconditioner_list.py:352] Instantiated Adagrad Preconditioner 19.block_0 (torch.Size([0])) for Parameter 19 (torch.Size([1])), Block block_0 (torch.Size([1])).
I0315 13:59:05.289000 140539676030144 shampoo_preconditioner_list.py:352] Instantiated Adagrad Preconditioner 20.block_0 (torch.Size([0])) for Parameter 20 (torch.Size([512, 256, 2, 2])), Block block_0 (torch.Size([512, 1024])).
I0315 13:59:05.289004 140458547852480 shampoo_preconditioner_list.py:352] Instantiated Adagrad Preconditioner 19.block_0 (torch.Size([1])) for Parameter 19 (torch.Size([1])), Block block_0 (torch.Size([1])).
I0315 13:59:05.289070 140539676030144 shampoo_preconditioner_list.py:352] Instantiated Adagrad Preconditioner 21.block_0 (torch.Size([0])) for Parameter 21 (torch.Size([256, 128, 2, 2])), Block block_0 (torch.Size([256, 512])).
I0315 13:59:05.289046 139676144891072 logger_utils.py:262] Unable to record workload.train_mean information. Continuing without it.
I0315 13:59:05.289073 140458547852480 shampoo_preconditioner_list.py:352] Instantiated Adagrad Preconditioner 20.block_0 (torch.Size([0])) for Parameter 20 (torch.Size([512, 256, 2, 2])), Block block_0 (torch.Size([512, 1024])).
I0315 13:59:05.289113 139676144891072 logger_utils.py:262] Unable to record workload.train_stddev information. Continuing without it.
I0315 13:59:05.289141 140539676030144 shampoo_preconditioner_list.py:352] Instantiated Adagrad Preconditioner 22.block_0 (torch.Size([0])) for Parameter 22 (torch.Size([128, 64, 2, 2])), Block block_0 (torch.Size([128, 256])).
I0315 13:59:05.289153 140458547852480 shampoo_preconditioner_list.py:352] Instantiated Adagrad Preconditioner 21.block_0 (torch.Size([256, 512])) for Parameter 21 (torch.Size([256, 128, 2, 2])), Block block_0 (torch.Size([256, 512])).
I0315 13:59:05.289210 140539676030144 shampoo_preconditioner_list.py:352] Instantiated Adagrad Preconditioner 23.block_0 (torch.Size([0])) for Parameter 23 (torch.Size([64, 32, 2, 2])), Block block_0 (torch.Size([64, 128])).
I0315 13:59:05.289231 140458547852480 shampoo_preconditioner_list.py:352] Instantiated Adagrad Preconditioner 22.block_0 (torch.Size([128, 256])) for Parameter 22 (torch.Size([128, 64, 2, 2])), Block block_0 (torch.Size([128, 256])).
I0315 13:59:05.289296 140539676030144 shampoo_preconditioner_list.py:375] Rank 0: AdaGradPreconditionerList Numel Breakdown: (0, 0, 0, 0, 0, 0, 0, 0, 0, 2359296, 0, 0, 0, 0, 0, 0, 0, 0, 0, 0, 0, 0, 0, 0)
I0315 13:59:05.289298 140458547852480 shampoo_preconditioner_list.py:352] Instantiated Adagrad Preconditioner 23.block_0 (torch.Size([0])) for Parameter 23 (torch.Size([64, 32, 2, 2])), Block block_0 (torch.Size([64, 128])).
I0315 13:59:05.289347 140539676030144 shampoo_preconditioner_list.py:378] Rank 0: AdaGradPreconditionerList Bytes Breakdown: (0, 0, 0, 0, 0, 0, 0, 0, 0, 9437184, 0, 0, 0, 0, 0, 0, 0, 0, 0, 0, 0, 0, 0, 0)
I0315 13:59:05.289373 140458547852480 shampoo_preconditioner_list.py:375] Rank 6: AdaGradPreconditionerList Numel Breakdown: (288, 0, 0, 0, 0, 147456, 294912, 0, 0, 0, 0, 0, 0, 0, 0, 0, 0, 0, 32, 1, 0, 131072, 32768, 0)
I0315 13:59:05.289393 140539676030144 shampoo_preconditioner_list.py:381] Rank 0: AdaGradPreconditionerList Total Elements: 2359296
I0315 13:59:05.289424 140458547852480 shampoo_preconditioner_list.py:378] Rank 6: AdaGradPreconditionerList Bytes Breakdown: (1152, 0, 0, 0, 0, 589824, 1179648, 0, 0, 0, 0, 0, 0, 0, 0, 0, 0, 0, 128, 4, 0, 524288, 131072, 0)
I0315 13:59:05.289428 140539676030144 shampoo_preconditioner_list.py:384] Rank 0: AdaGradPreconditionerList Total Bytes: 9437184
I0315 13:59:05.289463 140458547852480 shampoo_preconditioner_list.py:381] Rank 6: AdaGradPreconditionerList Total Elements: 606529
I0315 13:59:05.289502 140458547852480 shampoo_preconditioner_list.py:384] Rank 6: AdaGradPreconditionerList Total Bytes: 2426116
I0315 13:59:05.290026 139967499723968 logger_utils.py:262] Unable to record workload.train_mean information. Continuing without it.
I0315 13:59:05.290111 139967499723968 logger_utils.py:262] Unable to record workload.train_stddev information. Continuing without it.
I0315 13:59:05.290457 140539676030144 submission.py:142] No large parameters detected! Continuing with only Shampoo....
I0315 13:59:05.290689 140539676030144 submission_runner.py:279] Initializing metrics bundle.
I0315 13:59:05.290839 140539676030144 submission_runner.py:301] Initializing checkpoint and logger.
I0315 13:59:05.291215 140458547852480 logger_utils.py:262] Unable to record workload.train_mean information. Continuing without it.
I0315 13:59:05.291282 140539676030144 submission_runner.py:321] Saving meta data to /experiment_runs/submissions/rolling_leaderboard/external_tuning/shampoo/study_0/fastmri_pytorch/trial_2/meta_data_0.json.
I0315 13:59:05.291298 140458547852480 logger_utils.py:262] Unable to record workload.train_stddev information. Continuing without it.
I0315 13:59:05.291474 140539676030144 logger_utils.py:262] Unable to record workload.train_mean information. Continuing without it.
I0315 13:59:05.291529 140539676030144 logger_utils.py:262] Unable to record workload.train_stddev information. Continuing without it.
I0315 13:59:05.993768 140539676030144 submission_runner.py:325] Saving flags to /experiment_runs/submissions/rolling_leaderboard/external_tuning/shampoo/study_0/fastmri_pytorch/trial_2/flags_0.json.
I0315 13:59:06.032650 140539676030144 submission_runner.py:337] Starting training loop.
[rank7]:W0315 13:59:06.230000 51 site-packages/torch/_logging/_internal.py:1081] [0/0] Profiler function <class 'torch.autograd.profiler.record_function'> will be ignored
[rank2]:W0315 13:59:06.230000 46 site-packages/torch/_logging/_internal.py:1081] [0/0] Profiler function <class 'torch.autograd.profiler.record_function'> will be ignored
[rank4]:W0315 13:59:06.230000 48 site-packages/torch/_logging/_internal.py:1081] [0/0] Profiler function <class 'torch.autograd.profiler.record_function'> will be ignored
[rank5]:W0315 13:59:06.230000 49 site-packages/torch/_logging/_internal.py:1081] [0/0] Profiler function <class 'torch.autograd.profiler.record_function'> will be ignored
[rank1]:W0315 13:59:06.230000 45 site-packages/torch/_logging/_internal.py:1081] [0/0] Profiler function <class 'torch.autograd.profiler.record_function'> will be ignored
[rank3]:W0315 13:59:06.230000 47 site-packages/torch/_logging/_internal.py:1081] [0/0] Profiler function <class 'torch.autograd.profiler.record_function'> will be ignored
[rank6]:W0315 13:59:06.230000 50 site-packages/torch/_logging/_internal.py:1081] [0/0] Profiler function <class 'torch.autograd.profiler.record_function'> will be ignored
[rank0]:W0315 14:03:01.707000 44 site-packages/torch/_logging/_internal.py:1081] [0/0] Profiler function <class 'torch.autograd.profiler.record_function'> will be ignored
[rank2]:W0315 14:03:42.325000 46 site-packages/torch/_dynamo/convert_frame.py:844] [2/8] torch._dynamo hit config.cache_size_limit (8)
[rank2]:W0315 14:03:42.325000 46 site-packages/torch/_dynamo/convert_frame.py:844] [2/8]    function: 'forward' (/algorithmic-efficiency/algoperf/workloads/fastmri/fastmri_pytorch/models.py:141)
[rank2]:W0315 14:03:42.325000 46 site-packages/torch/_dynamo/convert_frame.py:844] [2/8]    last reason: 2/0: tensor 'L['x']' requires_grad mismatch. expected requires_grad=0
[rank2]:W0315 14:03:42.325000 46 site-packages/torch/_dynamo/convert_frame.py:844] [2/8] To log all recompilation reasons, use TORCH_LOGS="recompiles".
[rank2]:W0315 14:03:42.325000 46 site-packages/torch/_dynamo/convert_frame.py:844] [2/8] To diagnose recompilation issues, see https://pytorch.org/docs/main/torch.compiler_troubleshooting.html.
[rank1]:W0315 14:03:42.434000 45 site-packages/torch/_dynamo/convert_frame.py:844] [2/8] torch._dynamo hit config.cache_size_limit (8)
[rank1]:W0315 14:03:42.434000 45 site-packages/torch/_dynamo/convert_frame.py:844] [2/8]    function: 'forward' (/algorithmic-efficiency/algoperf/workloads/fastmri/fastmri_pytorch/models.py:141)
[rank1]:W0315 14:03:42.434000 45 site-packages/torch/_dynamo/convert_frame.py:844] [2/8]    last reason: 2/0: tensor 'L['x']' requires_grad mismatch. expected requires_grad=0
[rank1]:W0315 14:03:42.434000 45 site-packages/torch/_dynamo/convert_frame.py:844] [2/8] To log all recompilation reasons, use TORCH_LOGS="recompiles".
[rank1]:W0315 14:03:42.434000 45 site-packages/torch/_dynamo/convert_frame.py:844] [2/8] To diagnose recompilation issues, see https://pytorch.org/docs/main/torch.compiler_troubleshooting.html.
[rank6]:W0315 14:03:42.434000 50 site-packages/torch/_dynamo/convert_frame.py:844] [2/8] torch._dynamo hit config.cache_size_limit (8)
[rank6]:W0315 14:03:42.434000 50 site-packages/torch/_dynamo/convert_frame.py:844] [2/8]    function: 'forward' (/algorithmic-efficiency/algoperf/workloads/fastmri/fastmri_pytorch/models.py:141)
[rank6]:W0315 14:03:42.434000 50 site-packages/torch/_dynamo/convert_frame.py:844] [2/8]    last reason: 2/0: tensor 'L['x']' requires_grad mismatch. expected requires_grad=0
[rank6]:W0315 14:03:42.434000 50 site-packages/torch/_dynamo/convert_frame.py:844] [2/8] To log all recompilation reasons, use TORCH_LOGS="recompiles".
[rank6]:W0315 14:03:42.434000 50 site-packages/torch/_dynamo/convert_frame.py:844] [2/8] To diagnose recompilation issues, see https://pytorch.org/docs/main/torch.compiler_troubleshooting.html.
[rank4]:W0315 14:03:42.450000 48 site-packages/torch/_dynamo/convert_frame.py:844] [2/8] torch._dynamo hit config.cache_size_limit (8)
[rank4]:W0315 14:03:42.450000 48 site-packages/torch/_dynamo/convert_frame.py:844] [2/8]    function: 'forward' (/algorithmic-efficiency/algoperf/workloads/fastmri/fastmri_pytorch/models.py:141)
[rank4]:W0315 14:03:42.450000 48 site-packages/torch/_dynamo/convert_frame.py:844] [2/8]    last reason: 2/0: tensor 'L['x']' requires_grad mismatch. expected requires_grad=0
[rank4]:W0315 14:03:42.450000 48 site-packages/torch/_dynamo/convert_frame.py:844] [2/8] To log all recompilation reasons, use TORCH_LOGS="recompiles".
[rank4]:W0315 14:03:42.450000 48 site-packages/torch/_dynamo/convert_frame.py:844] [2/8] To diagnose recompilation issues, see https://pytorch.org/docs/main/torch.compiler_troubleshooting.html.
[rank7]:W0315 14:03:42.545000 51 site-packages/torch/_dynamo/convert_frame.py:844] [2/8] torch._dynamo hit config.cache_size_limit (8)
[rank7]:W0315 14:03:42.545000 51 site-packages/torch/_dynamo/convert_frame.py:844] [2/8]    function: 'forward' (/algorithmic-efficiency/algoperf/workloads/fastmri/fastmri_pytorch/models.py:141)
[rank7]:W0315 14:03:42.545000 51 site-packages/torch/_dynamo/convert_frame.py:844] [2/8]    last reason: 2/0: tensor 'L['x']' requires_grad mismatch. expected requires_grad=0
[rank7]:W0315 14:03:42.545000 51 site-packages/torch/_dynamo/convert_frame.py:844] [2/8] To log all recompilation reasons, use TORCH_LOGS="recompiles".
[rank7]:W0315 14:03:42.545000 51 site-packages/torch/_dynamo/convert_frame.py:844] [2/8] To diagnose recompilation issues, see https://pytorch.org/docs/main/torch.compiler_troubleshooting.html.
[rank3]:W0315 14:03:42.944000 47 site-packages/torch/_dynamo/convert_frame.py:844] [2/8] torch._dynamo hit config.cache_size_limit (8)
[rank3]:W0315 14:03:42.944000 47 site-packages/torch/_dynamo/convert_frame.py:844] [2/8]    function: 'forward' (/algorithmic-efficiency/algoperf/workloads/fastmri/fastmri_pytorch/models.py:141)
[rank3]:W0315 14:03:42.944000 47 site-packages/torch/_dynamo/convert_frame.py:844] [2/8]    last reason: 2/0: tensor 'L['x']' requires_grad mismatch. expected requires_grad=0
[rank3]:W0315 14:03:42.944000 47 site-packages/torch/_dynamo/convert_frame.py:844] [2/8] To log all recompilation reasons, use TORCH_LOGS="recompiles".
[rank3]:W0315 14:03:42.944000 47 site-packages/torch/_dynamo/convert_frame.py:844] [2/8] To diagnose recompilation issues, see https://pytorch.org/docs/main/torch.compiler_troubleshooting.html.
[rank5]:W0315 14:03:42.944000 49 site-packages/torch/_dynamo/convert_frame.py:844] [2/8] torch._dynamo hit config.cache_size_limit (8)
[rank5]:W0315 14:03:42.944000 49 site-packages/torch/_dynamo/convert_frame.py:844] [2/8]    function: 'forward' (/algorithmic-efficiency/algoperf/workloads/fastmri/fastmri_pytorch/models.py:141)
[rank5]:W0315 14:03:42.944000 49 site-packages/torch/_dynamo/convert_frame.py:844] [2/8]    last reason: 2/0: tensor 'L['x']' requires_grad mismatch. expected requires_grad=0
[rank5]:W0315 14:03:42.944000 49 site-packages/torch/_dynamo/convert_frame.py:844] [2/8] To log all recompilation reasons, use TORCH_LOGS="recompiles".
[rank5]:W0315 14:03:42.944000 49 site-packages/torch/_dynamo/convert_frame.py:844] [2/8] To diagnose recompilation issues, see https://pytorch.org/docs/main/torch.compiler_troubleshooting.html.
[rank0]:W0315 14:03:43.975000 44 site-packages/torch/_dynamo/convert_frame.py:844] [2/8] torch._dynamo hit config.cache_size_limit (8)
[rank0]:W0315 14:03:43.975000 44 site-packages/torch/_dynamo/convert_frame.py:844] [2/8]    function: 'forward' (/algorithmic-efficiency/algoperf/workloads/fastmri/fastmri_pytorch/models.py:141)
[rank0]:W0315 14:03:43.975000 44 site-packages/torch/_dynamo/convert_frame.py:844] [2/8]    last reason: 2/0: tensor 'L['x']' requires_grad mismatch. expected requires_grad=0
[rank0]:W0315 14:03:43.975000 44 site-packages/torch/_dynamo/convert_frame.py:844] [2/8] To log all recompilation reasons, use TORCH_LOGS="recompiles".
[rank0]:W0315 14:03:43.975000 44 site-packages/torch/_dynamo/convert_frame.py:844] [2/8] To diagnose recompilation issues, see https://pytorch.org/docs/main/torch.compiler_troubleshooting.html.
I0315 14:03:53.314336 140512351553280 logging_writer.py:48] [0] global_step=0, grad_norm=4.17574, loss=0.960824
I0315 14:03:53.575433 140539676030144 submission.py:265] 0) loss = 0.961, grad_norm = 4.176
I0315 14:03:54.286005 140539676030144 spec.py:321] Evaluating on the training split.
I0315 14:10:03.804337 140539676030144 spec.py:333] Evaluating on the validation split.
I0315 14:14:12.343534 140539676030144 spec.py:349] Evaluating on the test split.
I0315 14:18:17.415245 140539676030144 submission_runner.py:469] Time since start: 1151.38s, 	Step: 1, 	{'train/ssim': 0.21496943065098353, 'train/loss': 0.9619275501796177, 'validation/ssim': 0.20973484638237724, 'validation/loss': 0.975035899800401, 'validation/num_examples': 3554, 'test/ssim': 0.23034502640345747, 'test/loss': 0.972127335459718, 'test/num_examples': 3581, 'score': 287.5438768863678, 'total_duration': 1151.3828299045563, 'accumulated_submission_time': 287.5438768863678, 'accumulated_eval_time': 863.1295578479767, 'accumulated_logging_time': 0}
I0315 14:18:17.424113 140494218721024 logging_writer.py:48] [1] accumulated_eval_time=863.13, accumulated_logging_time=0, accumulated_submission_time=287.544, global_step=1, preemption_count=0, score=287.544, test/loss=0.972127, test/num_examples=3581, test/ssim=0.230345, total_duration=1151.38, train/loss=0.961928, train/ssim=0.214969, validation/loss=0.975036, validation/num_examples=3554, validation/ssim=0.209735
I0315 14:18:18.461851 140494210328320 logging_writer.py:48] [1] global_step=1, grad_norm=4.59507, loss=0.921008
I0315 14:18:18.464922 140539676030144 submission.py:265] 1) loss = 0.921, grad_norm = 4.595
I0315 14:18:18.565703 140494218721024 logging_writer.py:48] [2] global_step=2, grad_norm=4.34177, loss=0.936732
I0315 14:18:18.570270 140539676030144 submission.py:265] 2) loss = 0.937, grad_norm = 4.342
I0315 14:18:18.656328 140494210328320 logging_writer.py:48] [3] global_step=3, grad_norm=4.69533, loss=0.904532
I0315 14:18:18.661954 140539676030144 submission.py:265] 3) loss = 0.905, grad_norm = 4.695
I0315 14:18:18.738736 140494218721024 logging_writer.py:48] [4] global_step=4, grad_norm=4.48452, loss=0.913146
I0315 14:18:18.744648 140539676030144 submission.py:265] 4) loss = 0.913, grad_norm = 4.485
I0315 14:18:18.834958 140494210328320 logging_writer.py:48] [5] global_step=5, grad_norm=4.22589, loss=0.921118
I0315 14:18:18.838801 140539676030144 submission.py:265] 5) loss = 0.921, grad_norm = 4.226
I0315 14:18:18.924191 140494218721024 logging_writer.py:48] [6] global_step=6, grad_norm=3.99587, loss=0.869009
I0315 14:18:18.928228 140539676030144 submission.py:265] 6) loss = 0.869, grad_norm = 3.996
I0315 14:18:19.011552 140494210328320 logging_writer.py:48] [7] global_step=7, grad_norm=3.65289, loss=0.876824
I0315 14:18:19.015870 140539676030144 submission.py:265] 7) loss = 0.877, grad_norm = 3.653
I0315 14:18:19.090799 140494218721024 logging_writer.py:48] [8] global_step=8, grad_norm=3.95299, loss=0.836617
I0315 14:18:19.095441 140539676030144 submission.py:265] 8) loss = 0.837, grad_norm = 3.953
I0315 14:18:19.167111 140494210328320 logging_writer.py:48] [9] global_step=9, grad_norm=3.79441, loss=0.814171
I0315 14:18:19.171599 140539676030144 submission.py:265] 9) loss = 0.814, grad_norm = 3.794
I0315 14:18:19.256800 140494218721024 logging_writer.py:48] [10] global_step=10, grad_norm=2.92705, loss=0.88921
I0315 14:18:19.262326 140539676030144 submission.py:265] 10) loss = 0.889, grad_norm = 2.927
I0315 14:18:19.353634 140494210328320 logging_writer.py:48] [11] global_step=11, grad_norm=2.78657, loss=0.782895
I0315 14:18:19.361651 140539676030144 submission.py:265] 11) loss = 0.783, grad_norm = 2.787
I0315 14:18:19.445537 140494218721024 logging_writer.py:48] [12] global_step=12, grad_norm=2.67871, loss=0.765136
I0315 14:18:19.449689 140539676030144 submission.py:265] 12) loss = 0.765, grad_norm = 2.679
I0315 14:18:19.528757 140494210328320 logging_writer.py:48] [13] global_step=13, grad_norm=2.20064, loss=0.824327
I0315 14:18:19.532346 140539676030144 submission.py:265] 13) loss = 0.824, grad_norm = 2.201
I0315 14:18:19.621650 140494218721024 logging_writer.py:48] [14] global_step=14, grad_norm=2.24474, loss=0.714136
I0315 14:18:19.625831 140539676030144 submission.py:265] 14) loss = 0.714, grad_norm = 2.245
I0315 14:18:19.707992 140494210328320 logging_writer.py:48] [15] global_step=15, grad_norm=2.04432, loss=0.760312
I0315 14:18:19.715974 140539676030144 submission.py:265] 15) loss = 0.760, grad_norm = 2.044
I0315 14:18:19.784640 140494218721024 logging_writer.py:48] [16] global_step=16, grad_norm=1.66628, loss=0.766723
I0315 14:18:19.789618 140539676030144 submission.py:265] 16) loss = 0.767, grad_norm = 1.666
I0315 14:18:19.873529 140494210328320 logging_writer.py:48] [17] global_step=17, grad_norm=1.54113, loss=0.683296
I0315 14:18:19.887928 140539676030144 submission.py:265] 17) loss = 0.683, grad_norm = 1.541
I0315 14:18:19.966928 140494218721024 logging_writer.py:48] [18] global_step=18, grad_norm=1.50092, loss=0.705844
I0315 14:18:19.974515 140539676030144 submission.py:265] 18) loss = 0.706, grad_norm = 1.501
I0315 14:18:20.060462 140494210328320 logging_writer.py:48] [19] global_step=19, grad_norm=1.45829, loss=0.693067
I0315 14:18:20.066122 140539676030144 submission.py:265] 19) loss = 0.693, grad_norm = 1.458
I0315 14:18:20.147034 140494218721024 logging_writer.py:48] [20] global_step=20, grad_norm=1.39755, loss=0.683962
I0315 14:18:20.152467 140539676030144 submission.py:265] 20) loss = 0.684, grad_norm = 1.398
I0315 14:18:20.235469 140494210328320 logging_writer.py:48] [21] global_step=21, grad_norm=1.4991, loss=0.610925
I0315 14:18:20.242810 140539676030144 submission.py:265] 21) loss = 0.611, grad_norm = 1.499
I0315 14:18:20.332639 140494218721024 logging_writer.py:48] [22] global_step=22, grad_norm=1.47809, loss=0.680437
I0315 14:18:20.341287 140539676030144 submission.py:265] 22) loss = 0.680, grad_norm = 1.478
I0315 14:18:20.415789 140494210328320 logging_writer.py:48] [23] global_step=23, grad_norm=1.56908, loss=0.659592
I0315 14:18:20.420418 140539676030144 submission.py:265] 23) loss = 0.660, grad_norm = 1.569
I0315 14:18:20.493611 140494218721024 logging_writer.py:48] [24] global_step=24, grad_norm=1.65662, loss=0.588834
I0315 14:18:20.497850 140539676030144 submission.py:265] 24) loss = 0.589, grad_norm = 1.657
I0315 14:18:20.582609 140494210328320 logging_writer.py:48] [25] global_step=25, grad_norm=1.75641, loss=0.598263
I0315 14:18:20.586974 140539676030144 submission.py:265] 25) loss = 0.598, grad_norm = 1.756
I0315 14:18:20.665199 140494218721024 logging_writer.py:48] [26] global_step=26, grad_norm=1.73747, loss=0.610133
I0315 14:18:20.669562 140539676030144 submission.py:265] 26) loss = 0.610, grad_norm = 1.737
I0315 14:18:20.748380 140494210328320 logging_writer.py:48] [27] global_step=27, grad_norm=1.90873, loss=0.547974
I0315 14:18:20.753422 140539676030144 submission.py:265] 27) loss = 0.548, grad_norm = 1.909
I0315 14:18:20.835432 140494218721024 logging_writer.py:48] [28] global_step=28, grad_norm=1.96959, loss=0.522301
I0315 14:18:20.844498 140539676030144 submission.py:265] 28) loss = 0.522, grad_norm = 1.970
I0315 14:18:20.922091 140494210328320 logging_writer.py:48] [29] global_step=29, grad_norm=1.84592, loss=0.558975
I0315 14:18:20.929501 140539676030144 submission.py:265] 29) loss = 0.559, grad_norm = 1.846
I0315 14:18:21.008289 140494218721024 logging_writer.py:48] [30] global_step=30, grad_norm=1.79886, loss=0.556429
I0315 14:18:21.012557 140539676030144 submission.py:265] 30) loss = 0.556, grad_norm = 1.799
I0315 14:18:21.087958 140494210328320 logging_writer.py:48] [31] global_step=31, grad_norm=1.82542, loss=0.540682
I0315 14:18:21.093008 140539676030144 submission.py:265] 31) loss = 0.541, grad_norm = 1.825
I0315 14:18:21.172480 140494218721024 logging_writer.py:48] [32] global_step=32, grad_norm=1.79541, loss=0.667286
I0315 14:18:21.177712 140539676030144 submission.py:265] 32) loss = 0.667, grad_norm = 1.795
I0315 14:18:21.254946 140494210328320 logging_writer.py:48] [33] global_step=33, grad_norm=1.71833, loss=0.648603
I0315 14:18:21.258768 140539676030144 submission.py:265] 33) loss = 0.649, grad_norm = 1.718
I0315 14:18:21.338813 140494218721024 logging_writer.py:48] [34] global_step=34, grad_norm=1.63242, loss=0.524681
I0315 14:18:21.345401 140539676030144 submission.py:265] 34) loss = 0.525, grad_norm = 1.632
I0315 14:18:21.418856 140494210328320 logging_writer.py:48] [35] global_step=35, grad_norm=1.5173, loss=0.479852
I0315 14:18:21.425016 140539676030144 submission.py:265] 35) loss = 0.480, grad_norm = 1.517
I0315 14:18:21.512360 140494218721024 logging_writer.py:48] [36] global_step=36, grad_norm=1.56499, loss=0.503848
I0315 14:18:21.517237 140539676030144 submission.py:265] 36) loss = 0.504, grad_norm = 1.565
I0315 14:18:21.594835 140494210328320 logging_writer.py:48] [37] global_step=37, grad_norm=1.42479, loss=0.499256
I0315 14:18:21.600009 140539676030144 submission.py:265] 37) loss = 0.499, grad_norm = 1.425
I0315 14:18:21.684387 140494218721024 logging_writer.py:48] [38] global_step=38, grad_norm=1.31108, loss=0.431048
I0315 14:18:21.690024 140539676030144 submission.py:265] 38) loss = 0.431, grad_norm = 1.311
I0315 14:18:21.764719 140494210328320 logging_writer.py:48] [39] global_step=39, grad_norm=1.20814, loss=0.471073
I0315 14:18:21.769898 140539676030144 submission.py:265] 39) loss = 0.471, grad_norm = 1.208
I0315 14:18:21.841041 140494218721024 logging_writer.py:48] [40] global_step=40, grad_norm=1.05832, loss=0.3823
I0315 14:18:21.846711 140539676030144 submission.py:265] 40) loss = 0.382, grad_norm = 1.058
I0315 14:18:21.920113 140494210328320 logging_writer.py:48] [41] global_step=41, grad_norm=1.03385, loss=0.408604
I0315 14:18:21.926673 140539676030144 submission.py:265] 41) loss = 0.409, grad_norm = 1.034
I0315 14:18:22.001262 140494218721024 logging_writer.py:48] [42] global_step=42, grad_norm=0.920013, loss=0.49688
I0315 14:18:22.005728 140539676030144 submission.py:265] 42) loss = 0.497, grad_norm = 0.920
I0315 14:18:22.078580 140494210328320 logging_writer.py:48] [43] global_step=43, grad_norm=0.904356, loss=0.437481
I0315 14:18:22.087948 140539676030144 submission.py:265] 43) loss = 0.437, grad_norm = 0.904
I0315 14:18:22.160190 140494218721024 logging_writer.py:48] [44] global_step=44, grad_norm=0.814194, loss=0.425153
I0315 14:18:22.170660 140539676030144 submission.py:265] 44) loss = 0.425, grad_norm = 0.814
I0315 14:18:22.237234 140494210328320 logging_writer.py:48] [45] global_step=45, grad_norm=0.776874, loss=0.402007
I0315 14:18:22.242753 140539676030144 submission.py:265] 45) loss = 0.402, grad_norm = 0.777
I0315 14:18:22.318022 140494218721024 logging_writer.py:48] [46] global_step=46, grad_norm=0.75874, loss=0.411406
I0315 14:18:22.322618 140539676030144 submission.py:265] 46) loss = 0.411, grad_norm = 0.759
I0315 14:18:22.395068 140494210328320 logging_writer.py:48] [47] global_step=47, grad_norm=0.679946, loss=0.397865
I0315 14:18:22.401044 140539676030144 submission.py:265] 47) loss = 0.398, grad_norm = 0.680
I0315 14:18:22.480602 140494218721024 logging_writer.py:48] [48] global_step=48, grad_norm=0.709937, loss=0.41871
I0315 14:18:22.487416 140539676030144 submission.py:265] 48) loss = 0.419, grad_norm = 0.710
I0315 14:18:22.552932 140494210328320 logging_writer.py:48] [49] global_step=49, grad_norm=0.771217, loss=0.35287
I0315 14:18:22.560001 140539676030144 submission.py:265] 49) loss = 0.353, grad_norm = 0.771
I0315 14:18:22.637409 140494218721024 logging_writer.py:48] [50] global_step=50, grad_norm=0.805249, loss=0.335995
I0315 14:18:22.642096 140539676030144 submission.py:265] 50) loss = 0.336, grad_norm = 0.805
I0315 14:18:22.716108 140494210328320 logging_writer.py:48] [51] global_step=51, grad_norm=0.59145, loss=0.428683
I0315 14:18:22.722212 140539676030144 submission.py:265] 51) loss = 0.429, grad_norm = 0.591
I0315 14:18:22.792816 140494218721024 logging_writer.py:48] [52] global_step=52, grad_norm=0.83652, loss=0.30479
I0315 14:18:22.797464 140539676030144 submission.py:265] 52) loss = 0.305, grad_norm = 0.837
I0315 14:18:22.959870 140494210328320 logging_writer.py:48] [53] global_step=53, grad_norm=0.660482, loss=0.379654
I0315 14:18:22.965300 140539676030144 submission.py:265] 53) loss = 0.380, grad_norm = 0.660
I0315 14:18:23.359389 140494218721024 logging_writer.py:48] [54] global_step=54, grad_norm=0.756893, loss=0.330456
I0315 14:18:23.367422 140539676030144 submission.py:265] 54) loss = 0.330, grad_norm = 0.757
I0315 14:18:23.791467 140494210328320 logging_writer.py:48] [55] global_step=55, grad_norm=0.504107, loss=0.404678
I0315 14:18:23.795885 140539676030144 submission.py:265] 55) loss = 0.405, grad_norm = 0.504
I0315 14:18:24.139814 140494218721024 logging_writer.py:48] [56] global_step=56, grad_norm=0.499166, loss=0.453999
I0315 14:18:24.147389 140539676030144 submission.py:265] 56) loss = 0.454, grad_norm = 0.499
I0315 14:18:24.460482 140494210328320 logging_writer.py:48] [57] global_step=57, grad_norm=0.582392, loss=0.286384
I0315 14:18:24.465691 140539676030144 submission.py:265] 57) loss = 0.286, grad_norm = 0.582
I0315 14:18:24.699042 140494218721024 logging_writer.py:48] [58] global_step=58, grad_norm=0.518684, loss=0.300709
I0315 14:18:24.704560 140539676030144 submission.py:265] 58) loss = 0.301, grad_norm = 0.519
I0315 14:18:25.249509 140494210328320 logging_writer.py:48] [59] global_step=59, grad_norm=0.446009, loss=0.340565
I0315 14:18:25.257616 140539676030144 submission.py:265] 59) loss = 0.341, grad_norm = 0.446
I0315 14:18:25.567590 140494218721024 logging_writer.py:48] [60] global_step=60, grad_norm=0.373913, loss=0.312968
I0315 14:18:25.572425 140539676030144 submission.py:265] 60) loss = 0.313, grad_norm = 0.374
I0315 14:18:25.835168 140494210328320 logging_writer.py:48] [61] global_step=61, grad_norm=0.389492, loss=0.308616
I0315 14:18:25.842476 140539676030144 submission.py:265] 61) loss = 0.309, grad_norm = 0.389
I0315 14:18:26.200624 140494218721024 logging_writer.py:48] [62] global_step=62, grad_norm=0.348073, loss=0.294554
I0315 14:18:26.206863 140539676030144 submission.py:265] 62) loss = 0.295, grad_norm = 0.348
I0315 14:18:26.472077 140494210328320 logging_writer.py:48] [63] global_step=63, grad_norm=0.388254, loss=0.282037
I0315 14:18:26.480358 140539676030144 submission.py:265] 63) loss = 0.282, grad_norm = 0.388
I0315 14:18:26.730247 140494218721024 logging_writer.py:48] [64] global_step=64, grad_norm=0.377132, loss=0.286544
I0315 14:18:26.736556 140539676030144 submission.py:265] 64) loss = 0.287, grad_norm = 0.377
I0315 14:18:26.989614 140494210328320 logging_writer.py:48] [65] global_step=65, grad_norm=0.552661, loss=0.31601
I0315 14:18:27.001694 140539676030144 submission.py:265] 65) loss = 0.316, grad_norm = 0.553
I0315 14:18:27.229653 140494218721024 logging_writer.py:48] [66] global_step=66, grad_norm=0.577059, loss=0.367557
I0315 14:18:27.235846 140539676030144 submission.py:265] 66) loss = 0.368, grad_norm = 0.577
I0315 14:18:27.467192 140494210328320 logging_writer.py:48] [67] global_step=67, grad_norm=0.414722, loss=0.321358
I0315 14:18:27.471243 140539676030144 submission.py:265] 67) loss = 0.321, grad_norm = 0.415
I0315 14:18:27.807786 140494218721024 logging_writer.py:48] [68] global_step=68, grad_norm=0.446018, loss=0.358486
I0315 14:18:27.813508 140539676030144 submission.py:265] 68) loss = 0.358, grad_norm = 0.446
I0315 14:18:27.978112 140494210328320 logging_writer.py:48] [69] global_step=69, grad_norm=0.368738, loss=0.378649
I0315 14:18:27.983500 140539676030144 submission.py:265] 69) loss = 0.379, grad_norm = 0.369
I0315 14:18:28.203000 140494218721024 logging_writer.py:48] [70] global_step=70, grad_norm=0.495153, loss=0.322246
I0315 14:18:28.207305 140539676030144 submission.py:265] 70) loss = 0.322, grad_norm = 0.495
I0315 14:18:28.335530 140494210328320 logging_writer.py:48] [71] global_step=71, grad_norm=0.424815, loss=0.285096
I0315 14:18:28.341439 140539676030144 submission.py:265] 71) loss = 0.285, grad_norm = 0.425
I0315 14:18:28.515530 140494218721024 logging_writer.py:48] [72] global_step=72, grad_norm=0.476427, loss=0.333543
I0315 14:18:28.522352 140539676030144 submission.py:265] 72) loss = 0.334, grad_norm = 0.476
I0315 14:18:28.627982 140494210328320 logging_writer.py:48] [73] global_step=73, grad_norm=0.30098, loss=0.390255
I0315 14:18:28.632895 140539676030144 submission.py:265] 73) loss = 0.390, grad_norm = 0.301
I0315 14:18:28.760035 140494218721024 logging_writer.py:48] [74] global_step=74, grad_norm=0.373872, loss=0.301117
I0315 14:18:28.765921 140539676030144 submission.py:265] 74) loss = 0.301, grad_norm = 0.374
I0315 14:18:28.851979 140494210328320 logging_writer.py:48] [75] global_step=75, grad_norm=0.31973, loss=0.340097
I0315 14:18:28.858027 140539676030144 submission.py:265] 75) loss = 0.340, grad_norm = 0.320
I0315 14:18:28.932153 140494218721024 logging_writer.py:48] [76] global_step=76, grad_norm=0.338924, loss=0.412795
I0315 14:18:28.937741 140539676030144 submission.py:265] 76) loss = 0.413, grad_norm = 0.339
