I0315 12:19:46.953211 139882590454976 shampoo_preconditioner_list.py:352] Instantiated Adagrad Preconditioner 21.block_0 (torch.Size([0])) for Parameter 21 (torch.Size([256, 128, 2, 2])), Block block_0 (torch.Size([256, 512])).
I0315 12:19:46.953220 140277216793792 shampoo_preconditioner_list.py:352] Instantiated Adagrad Preconditioner 6.block_0 (torch.Size([0])) for Parameter 6 (torch.Size([256, 128, 3, 3])), Block block_0 (torch.Size([256, 384, 3])).
I0315 12:19:46.953234 140508957750464 shampoo_preconditioner_list.py:618] Rank 6: ShampooPreconditionerList Total Elements: 19350298
I0315 12:19:46.953255 139715604698304 shampoo_preconditioner_list.py:352] Instantiated Adagrad Preconditioner 23.block_0 (torch.Size([0])) for Parameter 23 (torch.Size([64, 32, 2, 2])), Block block_0 (torch.Size([64, 128])).
I0315 12:19:46.953261 139882590454976 shampoo_preconditioner_list.py:352] Instantiated Adagrad Preconditioner 22.block_0 (torch.Size([0])) for Parameter 22 (torch.Size([128, 64, 2, 2])), Block block_0 (torch.Size([128, 256])).
I0315 12:19:46.953263 140718987674816 shampoo_preconditioner_list.py:352] Instantiated Adagrad Preconditioner 16.block_0 (torch.Size([0])) for Parameter 16 (torch.Size([32, 64, 3, 3])), Block block_0 (torch.Size([32, 576])).
I0315 12:19:46.953271 140508957750464 shampoo_preconditioner_list.py:621] Rank 6: ShampooPreconditionerList Total Bytes: 18236184
I0315 12:19:46.953271 140631626413248 shampoo_preconditioner_list.py:375] Rank 1: AdaGradPreconditionerList Numel Breakdown: (0, 0, 0, 0, 0, 0, 0, 0, 1179648, 0, 0, 0, 0, 0, 0, 0, 0, 0, 0, 0, 0, 0, 0, 0)
I0315 12:19:46.953278 140277216793792 shampoo_preconditioner_list.py:352] Instantiated Adagrad Preconditioner 7.block_0 (torch.Size([0])) for Parameter 7 (torch.Size([256, 256, 3, 3])), Block block_0 (torch.Size([256, 768, 3])).
I0315 12:19:46.953306 140631626413248 shampoo_preconditioner_list.py:378] Rank 1: AdaGradPreconditionerList Bytes Breakdown: (0, 0, 0, 0, 0, 0, 0, 0, 4718592, 0, 0, 0, 0, 0, 0, 0, 0, 0, 0, 0, 0, 0, 0, 0)
I0315 12:19:46.953312 139882590454976 shampoo_preconditioner_list.py:352] Instantiated Adagrad Preconditioner 23.block_0 (torch.Size([0])) for Parameter 23 (torch.Size([64, 32, 2, 2])), Block block_0 (torch.Size([64, 128])).
I0315 12:19:46.953330 139715604698304 shampoo_preconditioner_list.py:375] Rank 3: AdaGradPreconditionerList Numel Breakdown: (0, 0, 18432, 0, 0, 0, 0, 589824, 0, 0, 0, 0, 0, 0, 0, 0, 0, 0, 0, 0, 0, 0, 0, 0)
I0315 12:19:46.953343 140631626413248 shampoo_preconditioner_list.py:381] Rank 1: AdaGradPreconditionerList Total Elements: 1179648
I0315 12:19:46.953341 140277216793792 shampoo_preconditioner_list.py:352] Instantiated Adagrad Preconditioner 8.block_0 (torch.Size([0])) for Parameter 8 (torch.Size([512, 256, 3, 3])), Block block_0 (torch.Size([512, 768, 3])).
I0315 12:19:46.953341 140718987674816 shampoo_preconditioner_list.py:352] Instantiated Adagrad Preconditioner 17.block_0 (torch.Size([1024, 9])) for Parameter 17 (torch.Size([32, 32, 3, 3])), Block block_0 (torch.Size([1024, 9])).
I0315 12:19:46.953373 140631626413248 shampoo_preconditioner_list.py:384] Rank 1: AdaGradPreconditionerList Total Bytes: 4718592
I0315 12:19:46.953372 139715604698304 shampoo_preconditioner_list.py:378] Rank 3: AdaGradPreconditionerList Bytes Breakdown: (0, 0, 73728, 0, 0, 0, 0, 2359296, 0, 0, 0, 0, 0, 0, 0, 0, 0, 0, 0, 0, 0, 0, 0, 0)
I0315 12:19:46.953380 139882590454976 shampoo_preconditioner_list.py:375] Rank 2: AdaGradPreconditionerList Numel Breakdown: (0, 0, 0, 0, 0, 0, 0, 0, 0, 0, 1179648, 0, 0, 0, 0, 0, 0, 0, 0, 0, 0, 0, 0, 0)
I0315 12:19:46.953403 139715604698304 shampoo_preconditioner_list.py:381] Rank 3: AdaGradPreconditionerList Total Elements: 608256
I0315 12:19:46.953401 140718987674816 shampoo_preconditioner_list.py:352] Instantiated Adagrad Preconditioner 18.block_0 (torch.Size([0])) for Parameter 18 (torch.Size([1, 32, 1, 1])), Block block_0 (torch.Size([32])).
I0315 12:19:46.953414 139882590454976 shampoo_preconditioner_list.py:378] Rank 2: AdaGradPreconditionerList Bytes Breakdown: (0, 0, 0, 0, 0, 0, 0, 0, 0, 0, 4718592, 0, 0, 0, 0, 0, 0, 0, 0, 0, 0, 0, 0, 0)
I0315 12:19:46.953444 139882590454976 shampoo_preconditioner_list.py:381] Rank 2: AdaGradPreconditionerList Total Elements: 1179648
I0315 12:19:46.953447 139715604698304 shampoo_preconditioner_list.py:384] Rank 3: AdaGradPreconditionerList Total Bytes: 2433024
I0315 12:19:46.953451 140718987674816 shampoo_preconditioner_list.py:352] Instantiated Adagrad Preconditioner 19.block_0 (torch.Size([0])) for Parameter 19 (torch.Size([1])), Block block_0 (torch.Size([1])).
I0315 12:19:46.953454 140277216793792 shampoo_preconditioner_list.py:352] Instantiated Adagrad Preconditioner 9.block_0 (torch.Size([512, 512, 9])) for Parameter 9 (torch.Size([512, 512, 3, 3])), Block block_0 (torch.Size([512, 512, 9])).
I0315 12:19:46.953481 139882590454976 shampoo_preconditioner_list.py:384] Rank 2: AdaGradPreconditionerList Total Bytes: 4718592
I0315 12:19:46.953522 140277216793792 shampoo_preconditioner_list.py:352] Instantiated Adagrad Preconditioner 10.block_0 (torch.Size([0])) for Parameter 10 (torch.Size([256, 512, 3, 3])), Block block_0 (torch.Size([256, 512, 9])).
I0315 12:19:46.953524 140718987674816 shampoo_preconditioner_list.py:352] Instantiated Adagrad Preconditioner 20.block_0 (torch.Size([512, 1024])) for Parameter 20 (torch.Size([512, 256, 2, 2])), Block block_0 (torch.Size([512, 1024])).
I0315 12:19:46.953516 140508957750464 shampoo_preconditioner_list.py:352] Instantiated Adagrad Preconditioner 0.block_0 (torch.Size([288])) for Parameter 0 (torch.Size([32, 1, 3, 3])), Block block_0 (torch.Size([288])).
I0315 12:19:46.953638 140718987674816 shampoo_preconditioner_list.py:352] Instantiated Adagrad Preconditioner 21.block_0 (torch.Size([0])) for Parameter 21 (torch.Size([256, 128, 2, 2])), Block block_0 (torch.Size([256, 512])).
I0315 12:19:46.953624 139680868943040 shampoo_preconditioner_list.py:352] Instantiated Adagrad Preconditioner 4.block_0 (torch.Size([128, 576])) for Parameter 4 (torch.Size([128, 64, 3, 3])), Block block_0 (torch.Size([128, 576])).
I0315 12:19:46.953644 140277216793792 shampoo_preconditioner_list.py:352] Instantiated Adagrad Preconditioner 11.block_0 (torch.Size([0])) for Parameter 11 (torch.Size([256, 256, 3, 3])), Block block_0 (torch.Size([256, 768, 3])).
I0315 12:19:46.953655 140508957750464 shampoo_preconditioner_list.py:352] Instantiated Adagrad Preconditioner 1.block_0 (torch.Size([0])) for Parameter 1 (torch.Size([32, 32, 3, 3])), Block block_0 (torch.Size([1024, 9])).
I0315 12:19:46.953643 139667941848256 logger_utils.py:262] Unable to record workload.train_mean information. Continuing without it.
I0315 12:19:46.953705 140277216793792 shampoo_preconditioner_list.py:352] Instantiated Adagrad Preconditioner 12.block_0 (torch.Size([0])) for Parameter 12 (torch.Size([128, 256, 3, 3])), Block block_0 (torch.Size([128, 768, 3])).
I0315 12:19:46.953713 140718987674816 shampoo_preconditioner_list.py:352] Instantiated Adagrad Preconditioner 22.block_0 (torch.Size([0])) for Parameter 22 (torch.Size([128, 64, 2, 2])), Block block_0 (torch.Size([128, 256])).
I0315 12:19:46.953721 140508957750464 shampoo_preconditioner_list.py:352] Instantiated Adagrad Preconditioner 2.block_0 (torch.Size([0])) for Parameter 2 (torch.Size([64, 32, 3, 3])), Block block_0 (torch.Size([64, 288])).
I0315 12:19:46.953734 139667941848256 logger_utils.py:262] Unable to record workload.train_stddev information. Continuing without it.
I0315 12:19:46.953728 139680868943040 shampoo_preconditioner_list.py:352] Instantiated Adagrad Preconditioner 5.block_0 (torch.Size([0])) for Parameter 5 (torch.Size([128, 128, 3, 3])), Block block_0 (torch.Size([128, 384, 3])).
I0315 12:19:46.953770 140718987674816 shampoo_preconditioner_list.py:352] Instantiated Adagrad Preconditioner 23.block_0 (torch.Size([0])) for Parameter 23 (torch.Size([64, 32, 2, 2])), Block block_0 (torch.Size([64, 128])).
I0315 12:19:46.953772 140277216793792 shampoo_preconditioner_list.py:352] Instantiated Adagrad Preconditioner 13.block_0 (torch.Size([0])) for Parameter 13 (torch.Size([128, 128, 3, 3])), Block block_0 (torch.Size([128, 384, 3])).
I0315 12:19:46.953776 140508957750464 shampoo_preconditioner_list.py:352] Instantiated Adagrad Preconditioner 3.block_0 (torch.Size([0])) for Parameter 3 (torch.Size([64, 64, 3, 3])), Block block_0 (torch.Size([64, 576])).
I0315 12:19:46.953792 139680868943040 shampoo_preconditioner_list.py:352] Instantiated Adagrad Preconditioner 6.block_0 (torch.Size([0])) for Parameter 6 (torch.Size([256, 128, 3, 3])), Block block_0 (torch.Size([256, 384, 3])).
I0315 12:19:46.953827 140277216793792 shampoo_preconditioner_list.py:352] Instantiated Adagrad Preconditioner 14.block_0 (torch.Size([0])) for Parameter 14 (torch.Size([64, 128, 3, 3])), Block block_0 (torch.Size([64, 384, 3])).
I0315 12:19:46.953830 140508957750464 shampoo_preconditioner_list.py:352] Instantiated Adagrad Preconditioner 4.block_0 (torch.Size([0])) for Parameter 4 (torch.Size([128, 64, 3, 3])), Block block_0 (torch.Size([128, 576])).
I0315 12:19:46.953849 140718987674816 shampoo_preconditioner_list.py:375] Rank 5: AdaGradPreconditionerList Numel Breakdown: (0, 0, 0, 36864, 0, 0, 0, 0, 0, 0, 0, 0, 0, 0, 0, 36864, 0, 9216, 0, 0, 524288, 0, 0, 0)
I0315 12:19:46.953858 139680868943040 shampoo_preconditioner_list.py:352] Instantiated Adagrad Preconditioner 7.block_0 (torch.Size([0])) for Parameter 7 (torch.Size([256, 256, 3, 3])), Block block_0 (torch.Size([256, 768, 3])).
I0315 12:19:46.953885 140277216793792 shampoo_preconditioner_list.py:352] Instantiated Adagrad Preconditioner 15.block_0 (torch.Size([0])) for Parameter 15 (torch.Size([64, 64, 3, 3])), Block block_0 (torch.Size([64, 576])).
I0315 12:19:46.953893 140718987674816 shampoo_preconditioner_list.py:378] Rank 5: AdaGradPreconditionerList Bytes Breakdown: (0, 0, 0, 147456, 0, 0, 0, 0, 0, 0, 0, 0, 0, 0, 0, 147456, 0, 36864, 0, 0, 2097152, 0, 0, 0)
I0315 12:19:46.953908 139680868943040 shampoo_preconditioner_list.py:352] Instantiated Adagrad Preconditioner 8.block_0 (torch.Size([0])) for Parameter 8 (torch.Size([512, 256, 3, 3])), Block block_0 (torch.Size([512, 768, 3])).
I0315 12:19:46.953925 140718987674816 shampoo_preconditioner_list.py:381] Rank 5: AdaGradPreconditionerList Total Elements: 607232
I0315 12:19:46.953944 140277216793792 shampoo_preconditioner_list.py:352] Instantiated Adagrad Preconditioner 16.block_0 (torch.Size([0])) for Parameter 16 (torch.Size([32, 64, 3, 3])), Block block_0 (torch.Size([32, 576])).
I0315 12:19:46.953957 140718987674816 shampoo_preconditioner_list.py:384] Rank 5: AdaGradPreconditionerList Total Bytes: 2428928
I0315 12:19:46.953964 139680868943040 shampoo_preconditioner_list.py:352] Instantiated Adagrad Preconditioner 9.block_0 (torch.Size([0])) for Parameter 9 (torch.Size([512, 512, 3, 3])), Block block_0 (torch.Size([512, 512, 9])).
I0315 12:19:46.954005 140277216793792 shampoo_preconditioner_list.py:352] Instantiated Adagrad Preconditioner 17.block_0 (torch.Size([0])) for Parameter 17 (torch.Size([32, 32, 3, 3])), Block block_0 (torch.Size([1024, 9])).
I0315 12:19:46.954011 139680868943040 shampoo_preconditioner_list.py:352] Instantiated Adagrad Preconditioner 10.block_0 (torch.Size([0])) for Parameter 10 (torch.Size([256, 512, 3, 3])), Block block_0 (torch.Size([256, 512, 9])).
I0315 12:19:46.954057 139680868943040 shampoo_preconditioner_list.py:352] Instantiated Adagrad Preconditioner 11.block_0 (torch.Size([0])) for Parameter 11 (torch.Size([256, 256, 3, 3])), Block block_0 (torch.Size([256, 768, 3])).
I0315 12:19:46.954066 140277216793792 shampoo_preconditioner_list.py:352] Instantiated Adagrad Preconditioner 18.block_0 (torch.Size([0])) for Parameter 18 (torch.Size([1, 32, 1, 1])), Block block_0 (torch.Size([32])).
I0315 12:19:46.954117 140277216793792 shampoo_preconditioner_list.py:352] Instantiated Adagrad Preconditioner 19.block_0 (torch.Size([0])) for Parameter 19 (torch.Size([1])), Block block_0 (torch.Size([1])).
I0315 12:19:46.954149 139680868943040 shampoo_preconditioner_list.py:352] Instantiated Adagrad Preconditioner 12.block_0 (torch.Size([128, 768, 3])) for Parameter 12 (torch.Size([128, 256, 3, 3])), Block block_0 (torch.Size([128, 768, 3])).
I0315 12:19:46.954177 140277216793792 shampoo_preconditioner_list.py:352] Instantiated Adagrad Preconditioner 20.block_0 (torch.Size([0])) for Parameter 20 (torch.Size([512, 256, 2, 2])), Block block_0 (torch.Size([512, 1024])).
I0315 12:19:46.954236 140277216793792 shampoo_preconditioner_list.py:352] Instantiated Adagrad Preconditioner 21.block_0 (torch.Size([0])) for Parameter 21 (torch.Size([256, 128, 2, 2])), Block block_0 (torch.Size([256, 512])).
I0315 12:19:46.954236 139680868943040 shampoo_preconditioner_list.py:352] Instantiated Adagrad Preconditioner 13.block_0 (torch.Size([128, 384, 3])) for Parameter 13 (torch.Size([128, 128, 3, 3])), Block block_0 (torch.Size([128, 384, 3])).
I0315 12:19:46.954297 140277216793792 shampoo_preconditioner_list.py:352] Instantiated Adagrad Preconditioner 22.block_0 (torch.Size([0])) for Parameter 22 (torch.Size([128, 64, 2, 2])), Block block_0 (torch.Size([128, 256])).
I0315 12:19:46.954306 139680868943040 shampoo_preconditioner_list.py:352] Instantiated Adagrad Preconditioner 14.block_0 (torch.Size([64, 384, 3])) for Parameter 14 (torch.Size([64, 128, 3, 3])), Block block_0 (torch.Size([64, 384, 3])).
I0315 12:19:46.954332 140508957750464 shampoo_preconditioner_list.py:352] Instantiated Adagrad Preconditioner 5.block_0 (torch.Size([128, 384, 3])) for Parameter 5 (torch.Size([128, 128, 3, 3])), Block block_0 (torch.Size([128, 384, 3])).
I0315 12:19:46.954355 140277216793792 shampoo_preconditioner_list.py:352] Instantiated Adagrad Preconditioner 23.block_0 (torch.Size([0])) for Parameter 23 (torch.Size([64, 32, 2, 2])), Block block_0 (torch.Size([64, 128])).
I0315 12:19:46.954363 139680868943040 shampoo_preconditioner_list.py:352] Instantiated Adagrad Preconditioner 15.block_0 (torch.Size([0])) for Parameter 15 (torch.Size([64, 64, 3, 3])), Block block_0 (torch.Size([64, 576])).
I0315 12:19:46.954409 139680868943040 shampoo_preconditioner_list.py:352] Instantiated Adagrad Preconditioner 16.block_0 (torch.Size([0])) for Parameter 16 (torch.Size([32, 64, 3, 3])), Block block_0 (torch.Size([32, 576])).
I0315 12:19:46.954427 140277216793792 shampoo_preconditioner_list.py:375] Rank 0: AdaGradPreconditionerList Numel Breakdown: (0, 0, 0, 0, 0, 0, 0, 0, 0, 2359296, 0, 0, 0, 0, 0, 0, 0, 0, 0, 0, 0, 0, 0, 0)
I0315 12:19:46.954464 139680868943040 shampoo_preconditioner_list.py:352] Instantiated Adagrad Preconditioner 17.block_0 (torch.Size([0])) for Parameter 17 (torch.Size([32, 32, 3, 3])), Block block_0 (torch.Size([1024, 9])).
I0315 12:19:46.954464 140277216793792 shampoo_preconditioner_list.py:378] Rank 0: AdaGradPreconditionerList Bytes Breakdown: (0, 0, 0, 0, 0, 0, 0, 0, 0, 9437184, 0, 0, 0, 0, 0, 0, 0, 0, 0, 0, 0, 0, 0, 0)
I0315 12:19:46.954474 140508957750464 shampoo_preconditioner_list.py:352] Instantiated Adagrad Preconditioner 6.block_0 (torch.Size([256, 384, 3])) for Parameter 6 (torch.Size([256, 128, 3, 3])), Block block_0 (torch.Size([256, 384, 3])).
I0315 12:19:46.954498 140277216793792 shampoo_preconditioner_list.py:381] Rank 0: AdaGradPreconditionerList Total Elements: 2359296
I0315 12:19:46.954518 139680868943040 shampoo_preconditioner_list.py:352] Instantiated Adagrad Preconditioner 18.block_0 (torch.Size([0])) for Parameter 18 (torch.Size([1, 32, 1, 1])), Block block_0 (torch.Size([32])).
I0315 12:19:46.954529 140277216793792 shampoo_preconditioner_list.py:384] Rank 0: AdaGradPreconditionerList Total Bytes: 9437184
I0315 12:19:46.954570 140508957750464 shampoo_preconditioner_list.py:352] Instantiated Adagrad Preconditioner 7.block_0 (torch.Size([0])) for Parameter 7 (torch.Size([256, 256, 3, 3])), Block block_0 (torch.Size([256, 768, 3])).
I0315 12:19:46.954576 139680868943040 shampoo_preconditioner_list.py:352] Instantiated Adagrad Preconditioner 19.block_0 (torch.Size([0])) for Parameter 19 (torch.Size([1])), Block block_0 (torch.Size([1])).
I0315 12:19:46.954624 139680868943040 shampoo_preconditioner_list.py:352] Instantiated Adagrad Preconditioner 20.block_0 (torch.Size([0])) for Parameter 20 (torch.Size([512, 256, 2, 2])), Block block_0 (torch.Size([512, 1024])).
I0315 12:19:46.954637 140508957750464 shampoo_preconditioner_list.py:352] Instantiated Adagrad Preconditioner 8.block_0 (torch.Size([0])) for Parameter 8 (torch.Size([512, 256, 3, 3])), Block block_0 (torch.Size([512, 768, 3])).
I0315 12:19:46.954678 139680868943040 shampoo_preconditioner_list.py:352] Instantiated Adagrad Preconditioner 21.block_0 (torch.Size([0])) for Parameter 21 (torch.Size([256, 128, 2, 2])), Block block_0 (torch.Size([256, 512])).
I0315 12:19:46.954693 140508957750464 shampoo_preconditioner_list.py:352] Instantiated Adagrad Preconditioner 9.block_0 (torch.Size([0])) for Parameter 9 (torch.Size([512, 512, 3, 3])), Block block_0 (torch.Size([512, 512, 9])).
I0315 12:19:46.954675 139882590454976 logger_utils.py:262] Unable to record workload.train_mean information. Continuing without it.
I0315 12:19:46.954730 139680868943040 shampoo_preconditioner_list.py:352] Instantiated Adagrad Preconditioner 22.block_0 (torch.Size([0])) for Parameter 22 (torch.Size([128, 64, 2, 2])), Block block_0 (torch.Size([128, 256])).
I0315 12:19:46.954715 139715604698304 logger_utils.py:262] Unable to record workload.train_mean information. Continuing without it.
I0315 12:19:46.954746 140508957750464 shampoo_preconditioner_list.py:352] Instantiated Adagrad Preconditioner 10.block_0 (torch.Size([0])) for Parameter 10 (torch.Size([256, 512, 3, 3])), Block block_0 (torch.Size([256, 512, 9])).
I0315 12:19:46.954764 139882590454976 logger_utils.py:262] Unable to record workload.train_stddev information. Continuing without it.
I0315 12:19:46.954782 139715604698304 logger_utils.py:262] Unable to record workload.train_stddev information. Continuing without it.
I0315 12:19:46.954799 140508957750464 shampoo_preconditioner_list.py:352] Instantiated Adagrad Preconditioner 11.block_0 (torch.Size([0])) for Parameter 11 (torch.Size([256, 256, 3, 3])), Block block_0 (torch.Size([256, 768, 3])).
I0315 12:19:46.954807 139680868943040 shampoo_preconditioner_list.py:352] Instantiated Adagrad Preconditioner 23.block_0 (torch.Size([64, 128])) for Parameter 23 (torch.Size([64, 32, 2, 2])), Block block_0 (torch.Size([64, 128])).
I0315 12:19:46.954859 140508957750464 shampoo_preconditioner_list.py:352] Instantiated Adagrad Preconditioner 12.block_0 (torch.Size([0])) for Parameter 12 (torch.Size([128, 256, 3, 3])), Block block_0 (torch.Size([128, 768, 3])).
I0315 12:19:46.954879 139680868943040 shampoo_preconditioner_list.py:375] Rank 7: AdaGradPreconditionerList Numel Breakdown: (0, 9216, 0, 0, 73728, 0, 0, 0, 0, 0, 0, 0, 294912, 147456, 73728, 0, 0, 0, 0, 0, 0, 0, 0, 8192)
I0315 12:19:46.954911 139680868943040 shampoo_preconditioner_list.py:378] Rank 7: AdaGradPreconditionerList Bytes Breakdown: (0, 36864, 0, 0, 294912, 0, 0, 0, 0, 0, 0, 0, 1179648, 589824, 294912, 0, 0, 0, 0, 0, 0, 0, 0, 32768)
I0315 12:19:46.954928 140508957750464 shampoo_preconditioner_list.py:352] Instantiated Adagrad Preconditioner 13.block_0 (torch.Size([0])) for Parameter 13 (torch.Size([128, 128, 3, 3])), Block block_0 (torch.Size([128, 384, 3])).
I0315 12:19:46.954948 139680868943040 shampoo_preconditioner_list.py:381] Rank 7: AdaGradPreconditionerList Total Elements: 607232
I0315 12:19:46.954981 139680868943040 shampoo_preconditioner_list.py:384] Rank 7: AdaGradPreconditionerList Total Bytes: 2428928
I0315 12:19:46.954984 140508957750464 shampoo_preconditioner_list.py:352] Instantiated Adagrad Preconditioner 14.block_0 (torch.Size([0])) for Parameter 14 (torch.Size([64, 128, 3, 3])), Block block_0 (torch.Size([64, 384, 3])).
I0315 12:19:46.955036 140508957750464 shampoo_preconditioner_list.py:352] Instantiated Adagrad Preconditioner 15.block_0 (torch.Size([0])) for Parameter 15 (torch.Size([64, 64, 3, 3])), Block block_0 (torch.Size([64, 576])).
I0315 12:19:46.955016 140631626413248 logger_utils.py:262] Unable to record workload.train_mean information. Continuing without it.
I0315 12:19:46.955085 140631626413248 logger_utils.py:262] Unable to record workload.train_stddev information. Continuing without it.
I0315 12:19:46.955095 140508957750464 shampoo_preconditioner_list.py:352] Instantiated Adagrad Preconditioner 16.block_0 (torch.Size([0])) for Parameter 16 (torch.Size([32, 64, 3, 3])), Block block_0 (torch.Size([32, 576])).
I0315 12:19:46.955146 140508957750464 shampoo_preconditioner_list.py:352] Instantiated Adagrad Preconditioner 17.block_0 (torch.Size([0])) for Parameter 17 (torch.Size([32, 32, 3, 3])), Block block_0 (torch.Size([1024, 9])).
I0315 12:19:46.955157 140718987674816 logger_utils.py:262] Unable to record workload.train_mean information. Continuing without it.
I0315 12:19:46.955235 140718987674816 logger_utils.py:262] Unable to record workload.train_stddev information. Continuing without it.
I0315 12:19:46.955241 140508957750464 shampoo_preconditioner_list.py:352] Instantiated Adagrad Preconditioner 18.block_0 (torch.Size([32])) for Parameter 18 (torch.Size([1, 32, 1, 1])), Block block_0 (torch.Size([32])).
I0315 12:19:46.955323 140508957750464 shampoo_preconditioner_list.py:352] Instantiated Adagrad Preconditioner 19.block_0 (torch.Size([1])) for Parameter 19 (torch.Size([1])), Block block_0 (torch.Size([1])).
I0315 12:19:46.955396 140508957750464 shampoo_preconditioner_list.py:352] Instantiated Adagrad Preconditioner 20.block_0 (torch.Size([0])) for Parameter 20 (torch.Size([512, 256, 2, 2])), Block block_0 (torch.Size([512, 1024])).
I0315 12:19:46.955377 140277216793792 submission.py:142] No large parameters detected! Continuing with only Shampoo....
I0315 12:19:46.955484 140508957750464 shampoo_preconditioner_list.py:352] Instantiated Adagrad Preconditioner 21.block_0 (torch.Size([256, 512])) for Parameter 21 (torch.Size([256, 128, 2, 2])), Block block_0 (torch.Size([256, 512])).
I0315 12:19:46.955572 140508957750464 shampoo_preconditioner_list.py:352] Instantiated Adagrad Preconditioner 22.block_0 (torch.Size([128, 256])) for Parameter 22 (torch.Size([128, 64, 2, 2])), Block block_0 (torch.Size([128, 256])).
I0315 12:19:46.955581 140277216793792 submission_runner.py:279] Initializing metrics bundle.
I0315 12:19:46.955647 140508957750464 shampoo_preconditioner_list.py:352] Instantiated Adagrad Preconditioner 23.block_0 (torch.Size([0])) for Parameter 23 (torch.Size([64, 32, 2, 2])), Block block_0 (torch.Size([64, 128])).
I0315 12:19:46.955719 140277216793792 submission_runner.py:301] Initializing checkpoint and logger.
I0315 12:19:46.955730 140508957750464 shampoo_preconditioner_list.py:375] Rank 6: AdaGradPreconditionerList Numel Breakdown: (288, 0, 0, 0, 0, 147456, 294912, 0, 0, 0, 0, 0, 0, 0, 0, 0, 0, 0, 32, 1, 0, 131072, 32768, 0)
I0315 12:19:46.955768 140508957750464 shampoo_preconditioner_list.py:378] Rank 6: AdaGradPreconditionerList Bytes Breakdown: (1152, 0, 0, 0, 0, 589824, 1179648, 0, 0, 0, 0, 0, 0, 0, 0, 0, 0, 0, 128, 4, 0, 524288, 131072, 0)
I0315 12:19:46.955806 140508957750464 shampoo_preconditioner_list.py:381] Rank 6: AdaGradPreconditionerList Total Elements: 606529
I0315 12:19:46.955843 140508957750464 shampoo_preconditioner_list.py:384] Rank 6: AdaGradPreconditionerList Total Bytes: 2426116
I0315 12:19:46.956154 140277216793792 submission_runner.py:321] Saving meta data to /experiment_runs/submissions/rolling_leaderboard/external_tuning/shampoo/study_0/fastmri_pytorch/trial_1/meta_data_0.json.
I0315 12:19:46.956347 140277216793792 logger_utils.py:262] Unable to record workload.train_mean information. Continuing without it.
I0315 12:19:46.956397 140277216793792 logger_utils.py:262] Unable to record workload.train_stddev information. Continuing without it.
I0315 12:19:46.956580 139680868943040 logger_utils.py:262] Unable to record workload.train_mean information. Continuing without it.
I0315 12:19:46.956655 139680868943040 logger_utils.py:262] Unable to record workload.train_stddev information. Continuing without it.
I0315 12:19:46.957549 140508957750464 logger_utils.py:262] Unable to record workload.train_mean information. Continuing without it.
I0315 12:19:46.957645 140508957750464 logger_utils.py:262] Unable to record workload.train_stddev information. Continuing without it.
I0315 12:19:47.736996 140277216793792 submission_runner.py:325] Saving flags to /experiment_runs/submissions/rolling_leaderboard/external_tuning/shampoo/study_0/fastmri_pytorch/trial_1/flags_0.json.
I0315 12:19:47.847359 140277216793792 submission_runner.py:337] Starting training loop.
[rank7]:W0315 12:19:47.983000 51 site-packages/torch/_logging/_internal.py:1081] [0/0] Profiler function <class 'torch.autograd.profiler.record_function'> will be ignored
[rank5]:W0315 12:19:47.984000 49 site-packages/torch/_logging/_internal.py:1081] [0/0] Profiler function <class 'torch.autograd.profiler.record_function'> will be ignored
[rank2]:W0315 12:19:47.984000 46 site-packages/torch/_logging/_internal.py:1081] [0/0] Profiler function <class 'torch.autograd.profiler.record_function'> will be ignored
[rank6]:W0315 12:19:47.984000 50 site-packages/torch/_logging/_internal.py:1081] [0/0] Profiler function <class 'torch.autograd.profiler.record_function'> will be ignored
[rank4]:W0315 12:19:47.984000 48 site-packages/torch/_logging/_internal.py:1081] [0/0] Profiler function <class 'torch.autograd.profiler.record_function'> will be ignored
[rank1]:W0315 12:19:47.984000 45 site-packages/torch/_logging/_internal.py:1081] [0/0] Profiler function <class 'torch.autograd.profiler.record_function'> will be ignored
[rank3]:W0315 12:19:47.984000 47 site-packages/torch/_logging/_internal.py:1081] [0/0] Profiler function <class 'torch.autograd.profiler.record_function'> will be ignored
[rank0]:W0315 12:23:57.538000 44 site-packages/torch/_logging/_internal.py:1081] [0/0] Profiler function <class 'torch.autograd.profiler.record_function'> will be ignored
[rank4]:W0315 12:24:46.594000 48 site-packages/torch/_dynamo/convert_frame.py:844] [2/8] torch._dynamo hit config.cache_size_limit (8)
[rank4]:W0315 12:24:46.594000 48 site-packages/torch/_dynamo/convert_frame.py:844] [2/8]    function: 'forward' (/algorithmic-efficiency/algoperf/workloads/fastmri/fastmri_pytorch/models.py:141)
[rank4]:W0315 12:24:46.594000 48 site-packages/torch/_dynamo/convert_frame.py:844] [2/8]    last reason: 2/0: tensor 'L['x']' requires_grad mismatch. expected requires_grad=0
[rank4]:W0315 12:24:46.594000 48 site-packages/torch/_dynamo/convert_frame.py:844] [2/8] To log all recompilation reasons, use TORCH_LOGS="recompiles".
[rank4]:W0315 12:24:46.594000 48 site-packages/torch/_dynamo/convert_frame.py:844] [2/8] To diagnose recompilation issues, see https://pytorch.org/docs/main/torch.compiler_troubleshooting.html.
[rank6]:W0315 12:24:46.594000 50 site-packages/torch/_dynamo/convert_frame.py:844] [2/8] torch._dynamo hit config.cache_size_limit (8)
[rank6]:W0315 12:24:46.594000 50 site-packages/torch/_dynamo/convert_frame.py:844] [2/8]    function: 'forward' (/algorithmic-efficiency/algoperf/workloads/fastmri/fastmri_pytorch/models.py:141)
[rank6]:W0315 12:24:46.594000 50 site-packages/torch/_dynamo/convert_frame.py:844] [2/8]    last reason: 2/0: tensor 'L['x']' requires_grad mismatch. expected requires_grad=0
[rank6]:W0315 12:24:46.594000 50 site-packages/torch/_dynamo/convert_frame.py:844] [2/8] To log all recompilation reasons, use TORCH_LOGS="recompiles".
[rank6]:W0315 12:24:46.594000 50 site-packages/torch/_dynamo/convert_frame.py:844] [2/8] To diagnose recompilation issues, see https://pytorch.org/docs/main/torch.compiler_troubleshooting.html.
[rank2]:W0315 12:24:46.612000 46 site-packages/torch/_dynamo/convert_frame.py:844] [2/8] torch._dynamo hit config.cache_size_limit (8)
[rank2]:W0315 12:24:46.612000 46 site-packages/torch/_dynamo/convert_frame.py:844] [2/8]    function: 'forward' (/algorithmic-efficiency/algoperf/workloads/fastmri/fastmri_pytorch/models.py:141)
[rank2]:W0315 12:24:46.612000 46 site-packages/torch/_dynamo/convert_frame.py:844] [2/8]    last reason: 2/0: tensor 'L['x']' requires_grad mismatch. expected requires_grad=0
[rank2]:W0315 12:24:46.612000 46 site-packages/torch/_dynamo/convert_frame.py:844] [2/8] To log all recompilation reasons, use TORCH_LOGS="recompiles".
[rank2]:W0315 12:24:46.612000 46 site-packages/torch/_dynamo/convert_frame.py:844] [2/8] To diagnose recompilation issues, see https://pytorch.org/docs/main/torch.compiler_troubleshooting.html.
[rank7]:W0315 12:24:46.612000 51 site-packages/torch/_dynamo/convert_frame.py:844] [2/8] torch._dynamo hit config.cache_size_limit (8)
[rank7]:W0315 12:24:46.612000 51 site-packages/torch/_dynamo/convert_frame.py:844] [2/8]    function: 'forward' (/algorithmic-efficiency/algoperf/workloads/fastmri/fastmri_pytorch/models.py:141)
[rank7]:W0315 12:24:46.612000 51 site-packages/torch/_dynamo/convert_frame.py:844] [2/8]    last reason: 2/0: tensor 'L['x']' requires_grad mismatch. expected requires_grad=0
[rank7]:W0315 12:24:46.612000 51 site-packages/torch/_dynamo/convert_frame.py:844] [2/8] To log all recompilation reasons, use TORCH_LOGS="recompiles".
[rank7]:W0315 12:24:46.612000 51 site-packages/torch/_dynamo/convert_frame.py:844] [2/8] To diagnose recompilation issues, see https://pytorch.org/docs/main/torch.compiler_troubleshooting.html.
[rank5]:W0315 12:24:46.625000 49 site-packages/torch/_dynamo/convert_frame.py:844] [2/8] torch._dynamo hit config.cache_size_limit (8)
[rank5]:W0315 12:24:46.625000 49 site-packages/torch/_dynamo/convert_frame.py:844] [2/8]    function: 'forward' (/algorithmic-efficiency/algoperf/workloads/fastmri/fastmri_pytorch/models.py:141)
[rank5]:W0315 12:24:46.625000 49 site-packages/torch/_dynamo/convert_frame.py:844] [2/8]    last reason: 2/0: tensor 'L['x']' requires_grad mismatch. expected requires_grad=0
[rank5]:W0315 12:24:46.625000 49 site-packages/torch/_dynamo/convert_frame.py:844] [2/8] To log all recompilation reasons, use TORCH_LOGS="recompiles".
[rank5]:W0315 12:24:46.625000 49 site-packages/torch/_dynamo/convert_frame.py:844] [2/8] To diagnose recompilation issues, see https://pytorch.org/docs/main/torch.compiler_troubleshooting.html.
[rank1]:W0315 12:24:46.751000 45 site-packages/torch/_dynamo/convert_frame.py:844] [2/8] torch._dynamo hit config.cache_size_limit (8)
[rank1]:W0315 12:24:46.751000 45 site-packages/torch/_dynamo/convert_frame.py:844] [2/8]    function: 'forward' (/algorithmic-efficiency/algoperf/workloads/fastmri/fastmri_pytorch/models.py:141)
[rank1]:W0315 12:24:46.751000 45 site-packages/torch/_dynamo/convert_frame.py:844] [2/8]    last reason: 2/0: tensor 'L['x']' requires_grad mismatch. expected requires_grad=0
[rank1]:W0315 12:24:46.751000 45 site-packages/torch/_dynamo/convert_frame.py:844] [2/8] To log all recompilation reasons, use TORCH_LOGS="recompiles".
[rank1]:W0315 12:24:46.751000 45 site-packages/torch/_dynamo/convert_frame.py:844] [2/8] To diagnose recompilation issues, see https://pytorch.org/docs/main/torch.compiler_troubleshooting.html.
[rank3]:W0315 12:24:46.752000 47 site-packages/torch/_dynamo/convert_frame.py:844] [2/8] torch._dynamo hit config.cache_size_limit (8)
[rank3]:W0315 12:24:46.752000 47 site-packages/torch/_dynamo/convert_frame.py:844] [2/8]    function: 'forward' (/algorithmic-efficiency/algoperf/workloads/fastmri/fastmri_pytorch/models.py:141)
[rank3]:W0315 12:24:46.752000 47 site-packages/torch/_dynamo/convert_frame.py:844] [2/8]    last reason: 2/0: tensor 'L['x']' requires_grad mismatch. expected requires_grad=0
[rank3]:W0315 12:24:46.752000 47 site-packages/torch/_dynamo/convert_frame.py:844] [2/8] To log all recompilation reasons, use TORCH_LOGS="recompiles".
[rank3]:W0315 12:24:46.752000 47 site-packages/torch/_dynamo/convert_frame.py:844] [2/8] To diagnose recompilation issues, see https://pytorch.org/docs/main/torch.compiler_troubleshooting.html.
[rank0]:W0315 12:24:46.897000 44 site-packages/torch/_dynamo/convert_frame.py:844] [2/8] torch._dynamo hit config.cache_size_limit (8)
[rank0]:W0315 12:24:46.897000 44 site-packages/torch/_dynamo/convert_frame.py:844] [2/8]    function: 'forward' (/algorithmic-efficiency/algoperf/workloads/fastmri/fastmri_pytorch/models.py:141)
[rank0]:W0315 12:24:46.897000 44 site-packages/torch/_dynamo/convert_frame.py:844] [2/8]    last reason: 2/0: tensor 'L['x']' requires_grad mismatch. expected requires_grad=0
[rank0]:W0315 12:24:46.897000 44 site-packages/torch/_dynamo/convert_frame.py:844] [2/8] To log all recompilation reasons, use TORCH_LOGS="recompiles".
[rank0]:W0315 12:24:46.897000 44 site-packages/torch/_dynamo/convert_frame.py:844] [2/8] To diagnose recompilation issues, see https://pytorch.org/docs/main/torch.compiler_troubleshooting.html.
I0315 12:25:02.716985 140248479500032 logging_writer.py:48] [0] global_step=0, grad_norm=4.68282, loss=0.991998
I0315 12:25:03.123783 140277216793792 submission.py:265] 0) loss = 0.992, grad_norm = 4.683
I0315 12:25:03.895418 140277216793792 spec.py:321] Evaluating on the training split.
I0315 12:32:45.250177 140277216793792 spec.py:333] Evaluating on the validation split.
I0315 12:37:04.248796 140277216793792 spec.py:349] Evaluating on the test split.
I0315 12:41:22.914072 140277216793792 submission_runner.py:469] Time since start: 1295.07s, 	Step: 1, 	{'train/ssim': 0.20035191944667272, 'train/loss': 1.0021626608712333, 'validation/ssim': 0.18794720187640687, 'validation/loss': 1.0060458121570766, 'validation/num_examples': 3554, 'test/ssim': 0.21181421777916434, 'test/loss': 1.0037169915875455, 'test/num_examples': 3581, 'score': 315.27763319015503, 'total_duration': 1295.066995382309, 'accumulated_submission_time': 315.27763319015503, 'accumulated_eval_time': 979.0199332237244, 'accumulated_logging_time': 0}
I0315 12:41:22.922326 140225061820160 logging_writer.py:48] [1] accumulated_eval_time=979.02, accumulated_logging_time=0, accumulated_submission_time=315.278, global_step=1, preemption_count=0, score=315.278, test/loss=1.00372, test/num_examples=3581, test/ssim=0.211814, total_duration=1295.07, train/loss=1.00216, train/ssim=0.200352, validation/loss=1.00605, validation/num_examples=3554, validation/ssim=0.187947
I0315 12:41:24.091875 140224977958656 logging_writer.py:48] [1] global_step=1, grad_norm=3.94851, loss=0.968388
I0315 12:41:24.095329 140277216793792 submission.py:265] 1) loss = 0.968, grad_norm = 3.949
I0315 12:41:24.201935 140225061820160 logging_writer.py:48] [2] global_step=2, grad_norm=3.86369, loss=0.99932
I0315 12:41:24.208705 140277216793792 submission.py:265] 2) loss = 0.999, grad_norm = 3.864
I0315 12:41:24.304578 140224977958656 logging_writer.py:48] [3] global_step=3, grad_norm=4.22298, loss=1.02408
I0315 12:41:24.309360 140277216793792 submission.py:265] 3) loss = 1.024, grad_norm = 4.223
I0315 12:41:24.415390 140225061820160 logging_writer.py:48] [4] global_step=4, grad_norm=4.48622, loss=0.992127
I0315 12:41:24.420001 140277216793792 submission.py:265] 4) loss = 0.992, grad_norm = 4.486
I0315 12:41:24.513914 140224977958656 logging_writer.py:48] [5] global_step=5, grad_norm=4.25819, loss=0.898242
I0315 12:41:24.518204 140277216793792 submission.py:265] 5) loss = 0.898, grad_norm = 4.258
I0315 12:41:24.608845 140225061820160 logging_writer.py:48] [6] global_step=6, grad_norm=3.85507, loss=0.915696
I0315 12:41:24.613793 140277216793792 submission.py:265] 6) loss = 0.916, grad_norm = 3.855
I0315 12:41:24.712629 140224977958656 logging_writer.py:48] [7] global_step=7, grad_norm=4.29922, loss=0.869602
I0315 12:41:24.717279 140277216793792 submission.py:265] 7) loss = 0.870, grad_norm = 4.299
I0315 12:41:24.809695 140225061820160 logging_writer.py:48] [8] global_step=8, grad_norm=4.6779, loss=0.927826
I0315 12:41:24.817419 140277216793792 submission.py:265] 8) loss = 0.928, grad_norm = 4.678
I0315 12:41:24.894959 140224977958656 logging_writer.py:48] [9] global_step=9, grad_norm=4.50876, loss=0.964721
I0315 12:41:24.899785 140277216793792 submission.py:265] 9) loss = 0.965, grad_norm = 4.509
I0315 12:41:24.983728 140225061820160 logging_writer.py:48] [10] global_step=10, grad_norm=4.06844, loss=0.897337
I0315 12:41:24.988131 140277216793792 submission.py:265] 10) loss = 0.897, grad_norm = 4.068
I0315 12:41:25.091424 140224977958656 logging_writer.py:48] [11] global_step=11, grad_norm=4.28743, loss=0.762187
I0315 12:41:25.099432 140277216793792 submission.py:265] 11) loss = 0.762, grad_norm = 4.287
I0315 12:41:25.200725 140225061820160 logging_writer.py:48] [12] global_step=12, grad_norm=3.38792, loss=0.699376
I0315 12:41:25.207599 140277216793792 submission.py:265] 12) loss = 0.699, grad_norm = 3.388
I0315 12:41:25.303526 140224977958656 logging_writer.py:48] [13] global_step=13, grad_norm=3.13949, loss=0.721725
I0315 12:41:25.314332 140277216793792 submission.py:265] 13) loss = 0.722, grad_norm = 3.139
I0315 12:41:25.403582 140225061820160 logging_writer.py:48] [14] global_step=14, grad_norm=2.94771, loss=0.787869
I0315 12:41:25.407904 140277216793792 submission.py:265] 14) loss = 0.788, grad_norm = 2.948
I0315 12:41:25.482592 140224977958656 logging_writer.py:48] [15] global_step=15, grad_norm=3.11662, loss=0.672309
I0315 12:41:25.488191 140277216793792 submission.py:265] 15) loss = 0.672, grad_norm = 3.117
I0315 12:41:25.576277 140225061820160 logging_writer.py:48] [16] global_step=16, grad_norm=3.00168, loss=0.710866
I0315 12:41:25.584736 140277216793792 submission.py:265] 16) loss = 0.711, grad_norm = 3.002
I0315 12:41:25.664561 140224977958656 logging_writer.py:48] [17] global_step=17, grad_norm=2.53234, loss=0.69964
I0315 12:41:25.668739 140277216793792 submission.py:265] 17) loss = 0.700, grad_norm = 2.532
I0315 12:41:25.738452 140225061820160 logging_writer.py:48] [18] global_step=18, grad_norm=2.31261, loss=0.617259
I0315 12:41:25.742924 140277216793792 submission.py:265] 18) loss = 0.617, grad_norm = 2.313
I0315 12:41:25.843615 140224977958656 logging_writer.py:48] [19] global_step=19, grad_norm=1.4305, loss=0.685748
I0315 12:41:25.848940 140277216793792 submission.py:265] 19) loss = 0.686, grad_norm = 1.431
I0315 12:41:25.928997 140225061820160 logging_writer.py:48] [20] global_step=20, grad_norm=1.51615, loss=0.60092
I0315 12:41:25.937351 140277216793792 submission.py:265] 20) loss = 0.601, grad_norm = 1.516
I0315 12:41:26.026511 140224977958656 logging_writer.py:48] [21] global_step=21, grad_norm=1.23314, loss=0.570071
I0315 12:41:26.033376 140277216793792 submission.py:265] 21) loss = 0.570, grad_norm = 1.233
I0315 12:41:26.119942 140225061820160 logging_writer.py:48] [22] global_step=22, grad_norm=1.21844, loss=0.591311
I0315 12:41:26.124199 140277216793792 submission.py:265] 22) loss = 0.591, grad_norm = 1.218
I0315 12:41:26.219363 140224977958656 logging_writer.py:48] [23] global_step=23, grad_norm=0.887818, loss=0.559194
I0315 12:41:26.225686 140277216793792 submission.py:265] 23) loss = 0.559, grad_norm = 0.888
I0315 12:41:26.317985 140225061820160 logging_writer.py:48] [24] global_step=24, grad_norm=1.07954, loss=0.672944
I0315 12:41:26.327569 140277216793792 submission.py:265] 24) loss = 0.673, grad_norm = 1.080
I0315 12:41:26.416068 140224977958656 logging_writer.py:48] [25] global_step=25, grad_norm=0.947699, loss=0.510216
I0315 12:41:26.420987 140277216793792 submission.py:265] 25) loss = 0.510, grad_norm = 0.948
I0315 12:41:26.500308 140225061820160 logging_writer.py:48] [26] global_step=26, grad_norm=1.08857, loss=0.531857
I0315 12:41:26.505686 140277216793792 submission.py:265] 26) loss = 0.532, grad_norm = 1.089
I0315 12:41:26.574263 140224977958656 logging_writer.py:48] [27] global_step=27, grad_norm=1.15728, loss=0.492162
I0315 12:41:26.577937 140277216793792 submission.py:265] 27) loss = 0.492, grad_norm = 1.157
I0315 12:41:26.655157 140225061820160 logging_writer.py:48] [28] global_step=28, grad_norm=1.18738, loss=0.529555
I0315 12:41:26.659437 140277216793792 submission.py:265] 28) loss = 0.530, grad_norm = 1.187
I0315 12:41:26.742453 140224977958656 logging_writer.py:48] [29] global_step=29, grad_norm=1.14079, loss=0.534679
I0315 12:41:26.747903 140277216793792 submission.py:265] 29) loss = 0.535, grad_norm = 1.141
I0315 12:41:26.831189 140225061820160 logging_writer.py:48] [30] global_step=30, grad_norm=1.07176, loss=0.547732
I0315 12:41:26.835369 140277216793792 submission.py:265] 30) loss = 0.548, grad_norm = 1.072
I0315 12:41:26.910331 140224977958656 logging_writer.py:48] [31] global_step=31, grad_norm=1.1465, loss=0.58483
I0315 12:41:26.916935 140277216793792 submission.py:265] 31) loss = 0.585, grad_norm = 1.146
I0315 12:41:26.998486 140225061820160 logging_writer.py:48] [32] global_step=32, grad_norm=1.36142, loss=0.609933
I0315 12:41:27.005213 140277216793792 submission.py:265] 32) loss = 0.610, grad_norm = 1.361
I0315 12:41:27.098416 140224977958656 logging_writer.py:48] [33] global_step=33, grad_norm=1.52235, loss=0.601033
I0315 12:41:27.103326 140277216793792 submission.py:265] 33) loss = 0.601, grad_norm = 1.522
I0315 12:41:27.200104 140225061820160 logging_writer.py:48] [34] global_step=34, grad_norm=1.55472, loss=0.471484
I0315 12:41:27.206418 140277216793792 submission.py:265] 34) loss = 0.471, grad_norm = 1.555
I0315 12:41:27.286054 140224977958656 logging_writer.py:48] [35] global_step=35, grad_norm=1.07851, loss=0.475917
I0315 12:41:27.291545 140277216793792 submission.py:265] 35) loss = 0.476, grad_norm = 1.079
I0315 12:41:27.372958 140225061820160 logging_writer.py:48] [36] global_step=36, grad_norm=0.867004, loss=0.507398
I0315 12:41:27.377195 140277216793792 submission.py:265] 36) loss = 0.507, grad_norm = 0.867
I0315 12:41:27.458248 140224977958656 logging_writer.py:48] [37] global_step=37, grad_norm=0.916022, loss=0.516147
I0315 12:41:27.463571 140277216793792 submission.py:265] 37) loss = 0.516, grad_norm = 0.916
I0315 12:41:27.553666 140225061820160 logging_writer.py:48] [38] global_step=38, grad_norm=0.976635, loss=0.545682
I0315 12:41:27.558221 140277216793792 submission.py:265] 38) loss = 0.546, grad_norm = 0.977
I0315 12:41:27.633387 140224977958656 logging_writer.py:48] [39] global_step=39, grad_norm=0.679723, loss=0.501895
I0315 12:41:27.638567 140277216793792 submission.py:265] 39) loss = 0.502, grad_norm = 0.680
I0315 12:41:27.710048 140225061820160 logging_writer.py:48] [40] global_step=40, grad_norm=0.843987, loss=0.427932
I0315 12:41:27.716668 140277216793792 submission.py:265] 40) loss = 0.428, grad_norm = 0.844
I0315 12:41:27.792167 140224977958656 logging_writer.py:48] [41] global_step=41, grad_norm=0.840807, loss=0.423751
I0315 12:41:27.797000 140277216793792 submission.py:265] 41) loss = 0.424, grad_norm = 0.841
I0315 12:41:27.875161 140225061820160 logging_writer.py:48] [42] global_step=42, grad_norm=0.782689, loss=0.424608
I0315 12:41:27.881654 140277216793792 submission.py:265] 42) loss = 0.425, grad_norm = 0.783
I0315 12:41:27.955696 140224977958656 logging_writer.py:48] [43] global_step=43, grad_norm=0.740802, loss=0.425825
I0315 12:41:27.960266 140277216793792 submission.py:265] 43) loss = 0.426, grad_norm = 0.741
I0315 12:41:28.036015 140225061820160 logging_writer.py:48] [44] global_step=44, grad_norm=0.79688, loss=0.446441
I0315 12:41:28.040835 140277216793792 submission.py:265] 44) loss = 0.446, grad_norm = 0.797
I0315 12:41:28.118706 140224977958656 logging_writer.py:48] [45] global_step=45, grad_norm=0.766187, loss=0.500337
I0315 12:41:28.125200 140277216793792 submission.py:265] 45) loss = 0.500, grad_norm = 0.766
I0315 12:41:28.195928 140225061820160 logging_writer.py:48] [46] global_step=46, grad_norm=0.731032, loss=0.437827
I0315 12:41:28.200402 140277216793792 submission.py:265] 46) loss = 0.438, grad_norm = 0.731
I0315 12:41:28.276506 140224977958656 logging_writer.py:48] [47] global_step=47, grad_norm=0.755375, loss=0.398831
I0315 12:41:28.280910 140277216793792 submission.py:265] 47) loss = 0.399, grad_norm = 0.755
I0315 12:41:28.368623 140225061820160 logging_writer.py:48] [48] global_step=48, grad_norm=1.09705, loss=0.474785
I0315 12:41:28.375493 140277216793792 submission.py:265] 48) loss = 0.475, grad_norm = 1.097
I0315 12:41:28.450485 140224977958656 logging_writer.py:48] [49] global_step=49, grad_norm=0.745076, loss=0.358744
I0315 12:41:28.454791 140277216793792 submission.py:265] 49) loss = 0.359, grad_norm = 0.745
I0315 12:41:28.539911 140225061820160 logging_writer.py:48] [50] global_step=50, grad_norm=0.904059, loss=0.353958
I0315 12:41:28.544366 140277216793792 submission.py:265] 50) loss = 0.354, grad_norm = 0.904
I0315 12:41:28.618348 140224977958656 logging_writer.py:48] [51] global_step=51, grad_norm=0.902265, loss=0.414652
I0315 12:41:28.622557 140277216793792 submission.py:265] 51) loss = 0.415, grad_norm = 0.902
I0315 12:41:28.713196 140225061820160 logging_writer.py:48] [52] global_step=52, grad_norm=0.70843, loss=0.426146
I0315 12:41:28.717705 140277216793792 submission.py:265] 52) loss = 0.426, grad_norm = 0.708
I0315 12:41:28.959666 140224977958656 logging_writer.py:48] [53] global_step=53, grad_norm=0.886656, loss=0.355552
I0315 12:41:28.964828 140277216793792 submission.py:265] 53) loss = 0.356, grad_norm = 0.887
I0315 12:41:29.293964 140225061820160 logging_writer.py:48] [54] global_step=54, grad_norm=0.605275, loss=0.423639
I0315 12:41:29.297817 140277216793792 submission.py:265] 54) loss = 0.424, grad_norm = 0.605
I0315 12:41:29.573727 140224977958656 logging_writer.py:48] [55] global_step=55, grad_norm=0.815732, loss=0.375042
I0315 12:41:29.584372 140277216793792 submission.py:265] 55) loss = 0.375, grad_norm = 0.816
I0315 12:41:29.960729 140225061820160 logging_writer.py:48] [56] global_step=56, grad_norm=0.684145, loss=0.329185
I0315 12:41:29.965874 140277216793792 submission.py:265] 56) loss = 0.329, grad_norm = 0.684
I0315 12:41:30.186583 140224977958656 logging_writer.py:48] [57] global_step=57, grad_norm=0.898618, loss=0.343783
I0315 12:41:30.191921 140277216793792 submission.py:265] 57) loss = 0.344, grad_norm = 0.899
I0315 12:41:30.409584 140225061820160 logging_writer.py:48] [58] global_step=58, grad_norm=0.647352, loss=0.320642
I0315 12:41:30.414807 140277216793792 submission.py:265] 58) loss = 0.321, grad_norm = 0.647
I0315 12:41:30.650773 140224977958656 logging_writer.py:48] [59] global_step=59, grad_norm=0.682172, loss=0.401428
I0315 12:41:30.657075 140277216793792 submission.py:265] 59) loss = 0.401, grad_norm = 0.682
I0315 12:41:30.908684 140225061820160 logging_writer.py:48] [60] global_step=60, grad_norm=0.695052, loss=0.307804
I0315 12:41:30.915005 140277216793792 submission.py:265] 60) loss = 0.308, grad_norm = 0.695
I0315 12:41:31.140608 140224977958656 logging_writer.py:48] [61] global_step=61, grad_norm=0.724118, loss=0.343901
I0315 12:41:31.148339 140277216793792 submission.py:265] 61) loss = 0.344, grad_norm = 0.724
I0315 12:41:31.646182 140225061820160 logging_writer.py:48] [62] global_step=62, grad_norm=1.13922, loss=0.389096
I0315 12:41:31.652104 140277216793792 submission.py:265] 62) loss = 0.389, grad_norm = 1.139
I0315 12:41:32.014883 140224977958656 logging_writer.py:48] [63] global_step=63, grad_norm=0.50278, loss=0.365533
I0315 12:41:32.020148 140277216793792 submission.py:265] 63) loss = 0.366, grad_norm = 0.503
I0315 12:41:32.570108 140225061820160 logging_writer.py:48] [64] global_step=64, grad_norm=0.803036, loss=0.32929
I0315 12:41:32.575055 140277216793792 submission.py:265] 64) loss = 0.329, grad_norm = 0.803
I0315 12:41:32.841070 140224977958656 logging_writer.py:48] [65] global_step=65, grad_norm=1.01949, loss=0.381458
I0315 12:41:32.849035 140277216793792 submission.py:265] 65) loss = 0.381, grad_norm = 1.019
I0315 12:41:33.109047 140225061820160 logging_writer.py:48] [66] global_step=66, grad_norm=1.03717, loss=0.440744
I0315 12:41:33.113554 140277216793792 submission.py:265] 66) loss = 0.441, grad_norm = 1.037
I0315 12:41:33.284349 140224977958656 logging_writer.py:48] [67] global_step=67, grad_norm=0.520478, loss=0.398866
I0315 12:41:33.289088 140277216793792 submission.py:265] 67) loss = 0.399, grad_norm = 0.520
I0315 12:41:33.450220 140225061820160 logging_writer.py:48] [68] global_step=68, grad_norm=0.652669, loss=0.425814
I0315 12:41:33.456462 140277216793792 submission.py:265] 68) loss = 0.426, grad_norm = 0.653
I0315 12:41:33.612561 140224977958656 logging_writer.py:48] [69] global_step=69, grad_norm=0.549535, loss=0.362943
I0315 12:41:33.618519 140277216793792 submission.py:265] 69) loss = 0.363, grad_norm = 0.550
I0315 12:41:33.712333 140225061820160 logging_writer.py:48] [70] global_step=70, grad_norm=0.800352, loss=0.394668
I0315 12:41:33.721644 140277216793792 submission.py:265] 70) loss = 0.395, grad_norm = 0.800
I0315 12:41:33.799466 140224977958656 logging_writer.py:48] [71] global_step=71, grad_norm=0.618888, loss=0.340143
I0315 12:41:33.807899 140277216793792 submission.py:265] 71) loss = 0.340, grad_norm = 0.619
I0315 12:41:33.882480 140225061820160 logging_writer.py:48] [72] global_step=72, grad_norm=0.483316, loss=0.417199
I0315 12:41:33.888810 140277216793792 submission.py:265] 72) loss = 0.417, grad_norm = 0.483
I0315 12:41:33.969978 140224977958656 logging_writer.py:48] [73] global_step=73, grad_norm=0.69198, loss=0.321964
I0315 12:41:33.975326 140277216793792 submission.py:265] 73) loss = 0.322, grad_norm = 0.692
I0315 12:41:34.064837 140225061820160 logging_writer.py:48] [74] global_step=74, grad_norm=0.460237, loss=0.384981
I0315 12:41:34.071908 140277216793792 submission.py:265] 74) loss = 0.385, grad_norm = 0.460
I0315 12:41:34.147314 140224977958656 logging_writer.py:48] [75] global_step=75, grad_norm=0.547436, loss=0.353624
I0315 12:41:34.154353 140277216793792 submission.py:265] 75) loss = 0.354, grad_norm = 0.547
