I0315 14:56:44.804045 140128648783040 shampoo_preconditioner_list.py:352] Instantiated Adagrad Preconditioner 3.block_0 (torch.Size([0])) for Parameter 3 (torch.Size([64, 64, 3, 3])), Block block_0 (torch.Size([64, 576])).
I0315 14:56:44.804055 140139585799360 shampoo_preconditioner_list.py:375] Rank 1: AdaGradPreconditionerList Numel Breakdown: (0, 0, 0, 0, 0, 0, 0, 0, 1179648, 0, 0, 0, 0, 0, 0, 0, 0, 0, 0, 0, 0, 0, 0, 0)
I0315 14:56:44.804066 140107889456320 shampoo_preconditioner_list.py:352] Instantiated Adagrad Preconditioner 19.block_0 (torch.Size([0])) for Parameter 19 (torch.Size([1])), Block block_0 (torch.Size([1])).
I0315 14:56:44.804091 140139585799360 shampoo_preconditioner_list.py:378] Rank 1: AdaGradPreconditionerList Bytes Breakdown: (0, 0, 0, 0, 0, 0, 0, 0, 4718592, 0, 0, 0, 0, 0, 0, 0, 0, 0, 0, 0, 0, 0, 0, 0)
I0315 14:56:44.804091 140398947562688 shampoo_preconditioner_list.py:352] Instantiated Adagrad Preconditioner 15.block_0 (torch.Size([0])) for Parameter 15 (torch.Size([64, 64, 3, 3])), Block block_0 (torch.Size([64, 576])).
I0315 14:56:44.804096 140545246360768 shampoo_preconditioner_list.py:352] Instantiated Adagrad Preconditioner 14.block_0 (torch.Size([0])) for Parameter 14 (torch.Size([64, 128, 3, 3])), Block block_0 (torch.Size([64, 384, 3])).
I0315 14:56:44.804098 140128648783040 shampoo_preconditioner_list.py:352] Instantiated Adagrad Preconditioner 4.block_0 (torch.Size([0])) for Parameter 4 (torch.Size([128, 64, 3, 3])), Block block_0 (torch.Size([128, 576])).
I0315 14:56:44.804098 140599044539584 shampoo_preconditioner_list.py:352] Instantiated Adagrad Preconditioner 20.block_0 (torch.Size([512, 1024])) for Parameter 20 (torch.Size([512, 256, 2, 2])), Block block_0 (torch.Size([512, 1024])).
I0315 14:56:44.804122 140107889456320 shampoo_preconditioner_list.py:352] Instantiated Adagrad Preconditioner 20.block_0 (torch.Size([0])) for Parameter 20 (torch.Size([512, 256, 2, 2])), Block block_0 (torch.Size([512, 1024])).
I0315 14:56:44.804126 140139585799360 shampoo_preconditioner_list.py:381] Rank 1: AdaGradPreconditionerList Total Elements: 1179648
I0315 14:56:44.804139 140398947562688 shampoo_preconditioner_list.py:352] Instantiated Adagrad Preconditioner 16.block_0 (torch.Size([0])) for Parameter 16 (torch.Size([32, 64, 3, 3])), Block block_0 (torch.Size([32, 576])).
I0315 14:56:44.804147 140545246360768 shampoo_preconditioner_list.py:352] Instantiated Adagrad Preconditioner 15.block_0 (torch.Size([0])) for Parameter 15 (torch.Size([64, 64, 3, 3])), Block block_0 (torch.Size([64, 576])).
I0315 14:56:44.804156 140139585799360 shampoo_preconditioner_list.py:384] Rank 1: AdaGradPreconditionerList Total Bytes: 4718592
I0315 14:56:44.804156 140599044539584 shampoo_preconditioner_list.py:352] Instantiated Adagrad Preconditioner 21.block_0 (torch.Size([0])) for Parameter 21 (torch.Size([256, 128, 2, 2])), Block block_0 (torch.Size([256, 512])).
I0315 14:56:44.804177 140107889456320 shampoo_preconditioner_list.py:352] Instantiated Adagrad Preconditioner 21.block_0 (torch.Size([0])) for Parameter 21 (torch.Size([256, 128, 2, 2])), Block block_0 (torch.Size([256, 512])).
I0315 14:56:44.804188 140398947562688 shampoo_preconditioner_list.py:352] Instantiated Adagrad Preconditioner 17.block_0 (torch.Size([0])) for Parameter 17 (torch.Size([32, 32, 3, 3])), Block block_0 (torch.Size([1024, 9])).
I0315 14:56:44.804175 139816173798592 shampoo_preconditioner_list.py:352] Instantiated Adagrad Preconditioner 4.block_0 (torch.Size([128, 576])) for Parameter 4 (torch.Size([128, 64, 3, 3])), Block block_0 (torch.Size([128, 576])).
I0315 14:56:44.804203 140545246360768 shampoo_preconditioner_list.py:352] Instantiated Adagrad Preconditioner 16.block_0 (torch.Size([0])) for Parameter 16 (torch.Size([32, 64, 3, 3])), Block block_0 (torch.Size([32, 576])).
I0315 14:56:44.804207 140599044539584 shampoo_preconditioner_list.py:352] Instantiated Adagrad Preconditioner 22.block_0 (torch.Size([0])) for Parameter 22 (torch.Size([128, 64, 2, 2])), Block block_0 (torch.Size([128, 256])).
I0315 14:56:44.804231 140107889456320 shampoo_preconditioner_list.py:352] Instantiated Adagrad Preconditioner 22.block_0 (torch.Size([0])) for Parameter 22 (torch.Size([128, 64, 2, 2])), Block block_0 (torch.Size([128, 256])).
I0315 14:56:44.804237 140398947562688 shampoo_preconditioner_list.py:352] Instantiated Adagrad Preconditioner 18.block_0 (torch.Size([0])) for Parameter 18 (torch.Size([1, 32, 1, 1])), Block block_0 (torch.Size([32])).
I0315 14:56:44.804254 140545246360768 shampoo_preconditioner_list.py:352] Instantiated Adagrad Preconditioner 17.block_0 (torch.Size([0])) for Parameter 17 (torch.Size([32, 32, 3, 3])), Block block_0 (torch.Size([1024, 9])).
I0315 14:56:44.804258 140599044539584 shampoo_preconditioner_list.py:352] Instantiated Adagrad Preconditioner 23.block_0 (torch.Size([0])) for Parameter 23 (torch.Size([64, 32, 2, 2])), Block block_0 (torch.Size([64, 128])).
I0315 14:56:44.804274 139816173798592 shampoo_preconditioner_list.py:352] Instantiated Adagrad Preconditioner 5.block_0 (torch.Size([0])) for Parameter 5 (torch.Size([128, 128, 3, 3])), Block block_0 (torch.Size([128, 384, 3])).
I0315 14:56:44.804284 140398947562688 shampoo_preconditioner_list.py:352] Instantiated Adagrad Preconditioner 19.block_0 (torch.Size([0])) for Parameter 19 (torch.Size([1])), Block block_0 (torch.Size([1])).
I0315 14:56:44.804286 140107889456320 shampoo_preconditioner_list.py:352] Instantiated Adagrad Preconditioner 23.block_0 (torch.Size([0])) for Parameter 23 (torch.Size([64, 32, 2, 2])), Block block_0 (torch.Size([64, 128])).
I0315 14:56:44.804311 140545246360768 shampoo_preconditioner_list.py:352] Instantiated Adagrad Preconditioner 18.block_0 (torch.Size([0])) for Parameter 18 (torch.Size([1, 32, 1, 1])), Block block_0 (torch.Size([32])).
I0315 14:56:44.804329 140599044539584 shampoo_preconditioner_list.py:375] Rank 5: AdaGradPreconditionerList Numel Breakdown: (0, 0, 0, 36864, 0, 0, 0, 0, 0, 0, 0, 0, 0, 0, 0, 36864, 0, 9216, 0, 0, 524288, 0, 0, 0)
I0315 14:56:44.804332 140398947562688 shampoo_preconditioner_list.py:352] Instantiated Adagrad Preconditioner 20.block_0 (torch.Size([0])) for Parameter 20 (torch.Size([512, 256, 2, 2])), Block block_0 (torch.Size([512, 1024])).
I0315 14:56:44.804346 139816173798592 shampoo_preconditioner_list.py:352] Instantiated Adagrad Preconditioner 6.block_0 (torch.Size([0])) for Parameter 6 (torch.Size([256, 128, 3, 3])), Block block_0 (torch.Size([256, 384, 3])).
I0315 14:56:44.804352 140107889456320 shampoo_preconditioner_list.py:375] Rank 2: AdaGradPreconditionerList Numel Breakdown: (0, 0, 0, 0, 0, 0, 0, 0, 0, 0, 1179648, 0, 0, 0, 0, 0, 0, 0, 0, 0, 0, 0, 0, 0)
I0315 14:56:44.804365 140599044539584 shampoo_preconditioner_list.py:378] Rank 5: AdaGradPreconditionerList Bytes Breakdown: (0, 0, 0, 147456, 0, 0, 0, 0, 0, 0, 0, 0, 0, 0, 0, 147456, 0, 36864, 0, 0, 2097152, 0, 0, 0)
I0315 14:56:44.804367 140545246360768 shampoo_preconditioner_list.py:352] Instantiated Adagrad Preconditioner 19.block_0 (torch.Size([0])) for Parameter 19 (torch.Size([1])), Block block_0 (torch.Size([1])).
I0315 14:56:44.804380 140398947562688 shampoo_preconditioner_list.py:352] Instantiated Adagrad Preconditioner 21.block_0 (torch.Size([0])) for Parameter 21 (torch.Size([256, 128, 2, 2])), Block block_0 (torch.Size([256, 512])).
I0315 14:56:44.804388 140107889456320 shampoo_preconditioner_list.py:378] Rank 2: AdaGradPreconditionerList Bytes Breakdown: (0, 0, 0, 0, 0, 0, 0, 0, 0, 0, 4718592, 0, 0, 0, 0, 0, 0, 0, 0, 0, 0, 0, 0, 0)
I0315 14:56:44.804395 140599044539584 shampoo_preconditioner_list.py:381] Rank 5: AdaGradPreconditionerList Total Elements: 607232
I0315 14:56:44.804418 140107889456320 shampoo_preconditioner_list.py:381] Rank 2: AdaGradPreconditionerList Total Elements: 1179648
I0315 14:56:44.804415 139816173798592 shampoo_preconditioner_list.py:352] Instantiated Adagrad Preconditioner 7.block_0 (torch.Size([0])) for Parameter 7 (torch.Size([256, 256, 3, 3])), Block block_0 (torch.Size([256, 768, 3])).
I0315 14:56:44.804419 140545246360768 shampoo_preconditioner_list.py:352] Instantiated Adagrad Preconditioner 20.block_0 (torch.Size([0])) for Parameter 20 (torch.Size([512, 256, 2, 2])), Block block_0 (torch.Size([512, 1024])).
I0315 14:56:44.804428 140398947562688 shampoo_preconditioner_list.py:352] Instantiated Adagrad Preconditioner 22.block_0 (torch.Size([0])) for Parameter 22 (torch.Size([128, 64, 2, 2])), Block block_0 (torch.Size([128, 256])).
I0315 14:56:44.804435 140599044539584 shampoo_preconditioner_list.py:384] Rank 5: AdaGradPreconditionerList Total Bytes: 2428928
I0315 14:56:44.804453 140107889456320 shampoo_preconditioner_list.py:384] Rank 2: AdaGradPreconditionerList Total Bytes: 4718592
I0315 14:56:44.804469 140545246360768 shampoo_preconditioner_list.py:352] Instantiated Adagrad Preconditioner 21.block_0 (torch.Size([0])) for Parameter 21 (torch.Size([256, 128, 2, 2])), Block block_0 (torch.Size([256, 512])).
I0315 14:56:44.804471 139816173798592 shampoo_preconditioner_list.py:352] Instantiated Adagrad Preconditioner 8.block_0 (torch.Size([0])) for Parameter 8 (torch.Size([512, 256, 3, 3])), Block block_0 (torch.Size([512, 768, 3])).
I0315 14:56:44.804477 140398947562688 shampoo_preconditioner_list.py:352] Instantiated Adagrad Preconditioner 23.block_0 (torch.Size([0])) for Parameter 23 (torch.Size([64, 32, 2, 2])), Block block_0 (torch.Size([64, 128])).
I0315 14:56:44.804524 139816173798592 shampoo_preconditioner_list.py:352] Instantiated Adagrad Preconditioner 9.block_0 (torch.Size([0])) for Parameter 9 (torch.Size([512, 512, 3, 3])), Block block_0 (torch.Size([512, 512, 9])).
I0315 14:56:44.804526 140545246360768 shampoo_preconditioner_list.py:352] Instantiated Adagrad Preconditioner 22.block_0 (torch.Size([0])) for Parameter 22 (torch.Size([128, 64, 2, 2])), Block block_0 (torch.Size([128, 256])).
I0315 14:56:44.804545 140398947562688 shampoo_preconditioner_list.py:375] Rank 3: AdaGradPreconditionerList Numel Breakdown: (0, 0, 18432, 0, 0, 0, 0, 589824, 0, 0, 0, 0, 0, 0, 0, 0, 0, 0, 0, 0, 0, 0, 0, 0)
I0315 14:56:44.804576 140545246360768 shampoo_preconditioner_list.py:352] Instantiated Adagrad Preconditioner 23.block_0 (torch.Size([0])) for Parameter 23 (torch.Size([64, 32, 2, 2])), Block block_0 (torch.Size([64, 128])).
I0315 14:56:44.804583 139816173798592 shampoo_preconditioner_list.py:352] Instantiated Adagrad Preconditioner 10.block_0 (torch.Size([0])) for Parameter 10 (torch.Size([256, 512, 3, 3])), Block block_0 (torch.Size([256, 512, 9])).
I0315 14:56:44.804590 140398947562688 shampoo_preconditioner_list.py:378] Rank 3: AdaGradPreconditionerList Bytes Breakdown: (0, 0, 73728, 0, 0, 0, 0, 2359296, 0, 0, 0, 0, 0, 0, 0, 0, 0, 0, 0, 0, 0, 0, 0, 0)
I0315 14:56:44.804573 140128648783040 shampoo_preconditioner_list.py:352] Instantiated Adagrad Preconditioner 5.block_0 (torch.Size([128, 384, 3])) for Parameter 5 (torch.Size([128, 128, 3, 3])), Block block_0 (torch.Size([128, 384, 3])).
I0315 14:56:44.804621 140398947562688 shampoo_preconditioner_list.py:381] Rank 3: AdaGradPreconditionerList Total Elements: 608256
I0315 14:56:44.804637 139816173798592 shampoo_preconditioner_list.py:352] Instantiated Adagrad Preconditioner 11.block_0 (torch.Size([0])) for Parameter 11 (torch.Size([256, 256, 3, 3])), Block block_0 (torch.Size([256, 768, 3])).
I0315 14:56:44.804648 140545246360768 shampoo_preconditioner_list.py:375] Rank 0: AdaGradPreconditionerList Numel Breakdown: (0, 0, 0, 0, 0, 0, 0, 0, 0, 2359296, 0, 0, 0, 0, 0, 0, 0, 0, 0, 0, 0, 0, 0, 0)
I0315 14:56:44.804655 140398947562688 shampoo_preconditioner_list.py:384] Rank 3: AdaGradPreconditionerList Total Bytes: 2433024
I0315 14:56:44.804685 140545246360768 shampoo_preconditioner_list.py:378] Rank 0: AdaGradPreconditionerList Bytes Breakdown: (0, 0, 0, 0, 0, 0, 0, 0, 0, 9437184, 0, 0, 0, 0, 0, 0, 0, 0, 0, 0, 0, 0, 0, 0)
I0315 14:56:44.804697 140128648783040 shampoo_preconditioner_list.py:352] Instantiated Adagrad Preconditioner 6.block_0 (torch.Size([256, 384, 3])) for Parameter 6 (torch.Size([256, 128, 3, 3])), Block block_0 (torch.Size([256, 384, 3])).
I0315 14:56:44.804722 140545246360768 shampoo_preconditioner_list.py:381] Rank 0: AdaGradPreconditionerList Total Elements: 2359296
I0315 14:56:44.804752 140545246360768 shampoo_preconditioner_list.py:384] Rank 0: AdaGradPreconditionerList Total Bytes: 9437184
I0315 14:56:44.804746 139816173798592 shampoo_preconditioner_list.py:352] Instantiated Adagrad Preconditioner 12.block_0 (torch.Size([128, 768, 3])) for Parameter 12 (torch.Size([128, 256, 3, 3])), Block block_0 (torch.Size([128, 768, 3])).
I0315 14:56:44.804800 140128648783040 shampoo_preconditioner_list.py:352] Instantiated Adagrad Preconditioner 7.block_0 (torch.Size([0])) for Parameter 7 (torch.Size([256, 256, 3, 3])), Block block_0 (torch.Size([256, 768, 3])).
I0315 14:56:44.804830 139816173798592 shampoo_preconditioner_list.py:352] Instantiated Adagrad Preconditioner 13.block_0 (torch.Size([128, 384, 3])) for Parameter 13 (torch.Size([128, 128, 3, 3])), Block block_0 (torch.Size([128, 384, 3])).
I0315 14:56:44.804866 140128648783040 shampoo_preconditioner_list.py:352] Instantiated Adagrad Preconditioner 8.block_0 (torch.Size([0])) for Parameter 8 (torch.Size([512, 256, 3, 3])), Block block_0 (torch.Size([512, 768, 3])).
I0315 14:56:44.804846 140204161926336 logger_utils.py:262] Unable to record workload.train_mean information. Continuing without it.
I0315 14:56:44.804916 140204161926336 logger_utils.py:262] Unable to record workload.train_stddev information. Continuing without it.
I0315 14:56:44.804918 139816173798592 shampoo_preconditioner_list.py:352] Instantiated Adagrad Preconditioner 14.block_0 (torch.Size([64, 384, 3])) for Parameter 14 (torch.Size([64, 128, 3, 3])), Block block_0 (torch.Size([64, 384, 3])).
I0315 14:56:44.804926 140128648783040 shampoo_preconditioner_list.py:352] Instantiated Adagrad Preconditioner 9.block_0 (torch.Size([0])) for Parameter 9 (torch.Size([512, 512, 3, 3])), Block block_0 (torch.Size([512, 512, 9])).
I0315 14:56:44.804978 140128648783040 shampoo_preconditioner_list.py:352] Instantiated Adagrad Preconditioner 10.block_0 (torch.Size([0])) for Parameter 10 (torch.Size([256, 512, 3, 3])), Block block_0 (torch.Size([256, 512, 9])).
I0315 14:56:44.804981 139816173798592 shampoo_preconditioner_list.py:352] Instantiated Adagrad Preconditioner 15.block_0 (torch.Size([0])) for Parameter 15 (torch.Size([64, 64, 3, 3])), Block block_0 (torch.Size([64, 576])).
I0315 14:56:44.805034 139816173798592 shampoo_preconditioner_list.py:352] Instantiated Adagrad Preconditioner 16.block_0 (torch.Size([0])) for Parameter 16 (torch.Size([32, 64, 3, 3])), Block block_0 (torch.Size([32, 576])).
I0315 14:56:44.805040 140128648783040 shampoo_preconditioner_list.py:352] Instantiated Adagrad Preconditioner 11.block_0 (torch.Size([0])) for Parameter 11 (torch.Size([256, 256, 3, 3])), Block block_0 (torch.Size([256, 768, 3])).
I0315 14:56:44.805094 140128648783040 shampoo_preconditioner_list.py:352] Instantiated Adagrad Preconditioner 12.block_0 (torch.Size([0])) for Parameter 12 (torch.Size([128, 256, 3, 3])), Block block_0 (torch.Size([128, 768, 3])).
I0315 14:56:44.805094 139816173798592 shampoo_preconditioner_list.py:352] Instantiated Adagrad Preconditioner 17.block_0 (torch.Size([0])) for Parameter 17 (torch.Size([32, 32, 3, 3])), Block block_0 (torch.Size([1024, 9])).
I0315 14:56:44.805145 139816173798592 shampoo_preconditioner_list.py:352] Instantiated Adagrad Preconditioner 18.block_0 (torch.Size([0])) for Parameter 18 (torch.Size([1, 32, 1, 1])), Block block_0 (torch.Size([32])).
I0315 14:56:44.805151 140128648783040 shampoo_preconditioner_list.py:352] Instantiated Adagrad Preconditioner 13.block_0 (torch.Size([0])) for Parameter 13 (torch.Size([128, 128, 3, 3])), Block block_0 (torch.Size([128, 384, 3])).
I0315 14:56:44.805199 139816173798592 shampoo_preconditioner_list.py:352] Instantiated Adagrad Preconditioner 19.block_0 (torch.Size([0])) for Parameter 19 (torch.Size([1])), Block block_0 (torch.Size([1])).
I0315 14:56:44.805202 140128648783040 shampoo_preconditioner_list.py:352] Instantiated Adagrad Preconditioner 14.block_0 (torch.Size([0])) for Parameter 14 (torch.Size([64, 128, 3, 3])), Block block_0 (torch.Size([64, 384, 3])).
I0315 14:56:44.805251 140128648783040 shampoo_preconditioner_list.py:352] Instantiated Adagrad Preconditioner 15.block_0 (torch.Size([0])) for Parameter 15 (torch.Size([64, 64, 3, 3])), Block block_0 (torch.Size([64, 576])).
I0315 14:56:44.805256 139816173798592 shampoo_preconditioner_list.py:352] Instantiated Adagrad Preconditioner 20.block_0 (torch.Size([0])) for Parameter 20 (torch.Size([512, 256, 2, 2])), Block block_0 (torch.Size([512, 1024])).
I0315 14:56:44.805306 139816173798592 shampoo_preconditioner_list.py:352] Instantiated Adagrad Preconditioner 21.block_0 (torch.Size([0])) for Parameter 21 (torch.Size([256, 128, 2, 2])), Block block_0 (torch.Size([256, 512])).
I0315 14:56:44.805306 140128648783040 shampoo_preconditioner_list.py:352] Instantiated Adagrad Preconditioner 16.block_0 (torch.Size([0])) for Parameter 16 (torch.Size([32, 64, 3, 3])), Block block_0 (torch.Size([32, 576])).
I0315 14:56:44.805355 140128648783040 shampoo_preconditioner_list.py:352] Instantiated Adagrad Preconditioner 17.block_0 (torch.Size([0])) for Parameter 17 (torch.Size([32, 32, 3, 3])), Block block_0 (torch.Size([1024, 9])).
I0315 14:56:44.805369 139816173798592 shampoo_preconditioner_list.py:352] Instantiated Adagrad Preconditioner 22.block_0 (torch.Size([0])) for Parameter 22 (torch.Size([128, 64, 2, 2])), Block block_0 (torch.Size([128, 256])).
I0315 14:56:44.805450 140128648783040 shampoo_preconditioner_list.py:352] Instantiated Adagrad Preconditioner 18.block_0 (torch.Size([32])) for Parameter 18 (torch.Size([1, 32, 1, 1])), Block block_0 (torch.Size([32])).
I0315 14:56:44.805453 139816173798592 shampoo_preconditioner_list.py:352] Instantiated Adagrad Preconditioner 23.block_0 (torch.Size([64, 128])) for Parameter 23 (torch.Size([64, 32, 2, 2])), Block block_0 (torch.Size([64, 128])).
I0315 14:56:44.805531 139816173798592 shampoo_preconditioner_list.py:375] Rank 7: AdaGradPreconditionerList Numel Breakdown: (0, 9216, 0, 0, 73728, 0, 0, 0, 0, 0, 0, 0, 294912, 147456, 73728, 0, 0, 0, 0, 0, 0, 0, 0, 8192)
I0315 14:56:44.805545 140128648783040 shampoo_preconditioner_list.py:352] Instantiated Adagrad Preconditioner 19.block_0 (torch.Size([1])) for Parameter 19 (torch.Size([1])), Block block_0 (torch.Size([1])).
I0315 14:56:44.805575 139816173798592 shampoo_preconditioner_list.py:378] Rank 7: AdaGradPreconditionerList Bytes Breakdown: (0, 36864, 0, 0, 294912, 0, 0, 0, 0, 0, 0, 0, 1179648, 589824, 294912, 0, 0, 0, 0, 0, 0, 0, 0, 32768)
I0315 14:56:44.805629 140128648783040 shampoo_preconditioner_list.py:352] Instantiated Adagrad Preconditioner 20.block_0 (torch.Size([0])) for Parameter 20 (torch.Size([512, 256, 2, 2])), Block block_0 (torch.Size([512, 1024])).
I0315 14:56:44.805633 139816173798592 shampoo_preconditioner_list.py:381] Rank 7: AdaGradPreconditionerList Total Elements: 607232
I0315 14:56:44.805671 139816173798592 shampoo_preconditioner_list.py:384] Rank 7: AdaGradPreconditionerList Total Bytes: 2428928
I0315 14:56:44.805722 140128648783040 shampoo_preconditioner_list.py:352] Instantiated Adagrad Preconditioner 21.block_0 (torch.Size([256, 512])) for Parameter 21 (torch.Size([256, 128, 2, 2])), Block block_0 (torch.Size([256, 512])).
I0315 14:56:44.805831 140128648783040 shampoo_preconditioner_list.py:352] Instantiated Adagrad Preconditioner 22.block_0 (torch.Size([128, 256])) for Parameter 22 (torch.Size([128, 64, 2, 2])), Block block_0 (torch.Size([128, 256])).
I0315 14:56:44.805906 140128648783040 shampoo_preconditioner_list.py:352] Instantiated Adagrad Preconditioner 23.block_0 (torch.Size([0])) for Parameter 23 (torch.Size([64, 32, 2, 2])), Block block_0 (torch.Size([64, 128])).
I0315 14:56:44.805917 140599044539584 logger_utils.py:262] Unable to record workload.train_mean information. Continuing without it.
I0315 14:56:44.805986 140128648783040 shampoo_preconditioner_list.py:375] Rank 6: AdaGradPreconditionerList Numel Breakdown: (288, 0, 0, 0, 0, 147456, 294912, 0, 0, 0, 0, 0, 0, 0, 0, 0, 0, 0, 32, 1, 0, 131072, 32768, 0)
I0315 14:56:44.805993 140599044539584 logger_utils.py:262] Unable to record workload.train_stddev information. Continuing without it.
I0315 14:56:44.805988 140139585799360 logger_utils.py:262] Unable to record workload.train_mean information. Continuing without it.
I0315 14:56:44.806030 140128648783040 shampoo_preconditioner_list.py:378] Rank 6: AdaGradPreconditionerList Bytes Breakdown: (1152, 0, 0, 0, 0, 589824, 1179648, 0, 0, 0, 0, 0, 0, 0, 0, 0, 0, 0, 128, 4, 0, 524288, 131072, 0)
I0315 14:56:44.806065 140128648783040 shampoo_preconditioner_list.py:381] Rank 6: AdaGradPreconditionerList Total Elements: 606529
I0315 14:56:44.806066 140139585799360 logger_utils.py:262] Unable to record workload.train_stddev information. Continuing without it.
I0315 14:56:44.806099 140128648783040 shampoo_preconditioner_list.py:384] Rank 6: AdaGradPreconditionerList Total Bytes: 2426116
I0315 14:56:44.806075 140545246360768 submission.py:142] No large parameters detected! Continuing with only Shampoo....
I0315 14:56:44.806096 140398947562688 logger_utils.py:262] Unable to record workload.train_mean information. Continuing without it.
I0315 14:56:44.806171 140398947562688 logger_utils.py:262] Unable to record workload.train_stddev information. Continuing without it.
I0315 14:56:44.806260 140545246360768 submission_runner.py:279] Initializing metrics bundle.
I0315 14:56:44.806401 140545246360768 submission_runner.py:301] Initializing checkpoint and logger.
I0315 14:56:44.806380 140107889456320 logger_utils.py:262] Unable to record workload.train_mean information. Continuing without it.
I0315 14:56:44.806446 140107889456320 logger_utils.py:262] Unable to record workload.train_stddev information. Continuing without it.
I0315 14:56:44.806809 140545246360768 submission_runner.py:321] Saving meta data to /experiment_runs/submissions/rolling_leaderboard/external_tuning/shampoo/study_0/fastmri_pytorch/trial_4/meta_data_0.json.
I0315 14:56:44.806990 140545246360768 logger_utils.py:262] Unable to record workload.train_mean information. Continuing without it.
I0315 14:56:44.807040 140545246360768 logger_utils.py:262] Unable to record workload.train_stddev information. Continuing without it.
I0315 14:56:44.807600 139816173798592 logger_utils.py:262] Unable to record workload.train_mean information. Continuing without it.
I0315 14:56:44.807685 139816173798592 logger_utils.py:262] Unable to record workload.train_stddev information. Continuing without it.
I0315 14:56:44.808091 140128648783040 logger_utils.py:262] Unable to record workload.train_mean information. Continuing without it.
I0315 14:56:44.808169 140128648783040 logger_utils.py:262] Unable to record workload.train_stddev information. Continuing without it.
I0315 14:56:45.566617 140545246360768 submission_runner.py:325] Saving flags to /experiment_runs/submissions/rolling_leaderboard/external_tuning/shampoo/study_0/fastmri_pytorch/trial_4/flags_0.json.
I0315 14:56:45.600528 140545246360768 submission_runner.py:337] Starting training loop.
[rank6]:W0315 14:56:45.791000 50 site-packages/torch/_logging/_internal.py:1081] [0/0] Profiler function <class 'torch.autograd.profiler.record_function'> will be ignored
[rank7]:W0315 14:56:45.791000 51 site-packages/torch/_logging/_internal.py:1081] [0/0] Profiler function <class 'torch.autograd.profiler.record_function'> will be ignored
[rank1]:W0315 14:56:45.791000 45 site-packages/torch/_logging/_internal.py:1081] [0/0] Profiler function <class 'torch.autograd.profiler.record_function'> will be ignored
[rank3]:W0315 14:56:45.791000 47 site-packages/torch/_logging/_internal.py:1081] [0/0] Profiler function <class 'torch.autograd.profiler.record_function'> will be ignored
[rank5]:W0315 14:56:45.791000 49 site-packages/torch/_logging/_internal.py:1081] [0/0] Profiler function <class 'torch.autograd.profiler.record_function'> will be ignored
[rank2]:W0315 14:56:45.791000 46 site-packages/torch/_logging/_internal.py:1081] [0/0] Profiler function <class 'torch.autograd.profiler.record_function'> will be ignored
[rank4]:W0315 14:56:45.791000 48 site-packages/torch/_logging/_internal.py:1081] [0/0] Profiler function <class 'torch.autograd.profiler.record_function'> will be ignored
[rank0]:W0315 14:57:13.309000 44 site-packages/torch/_logging/_internal.py:1081] [0/0] Profiler function <class 'torch.autograd.profiler.record_function'> will be ignored
[rank4]:W0315 14:57:49.414000 48 site-packages/torch/_dynamo/convert_frame.py:844] [2/8] torch._dynamo hit config.cache_size_limit (8)
[rank4]:W0315 14:57:49.414000 48 site-packages/torch/_dynamo/convert_frame.py:844] [2/8]    function: 'forward' (/algorithmic-efficiency/algoperf/workloads/fastmri/fastmri_pytorch/models.py:141)
[rank4]:W0315 14:57:49.414000 48 site-packages/torch/_dynamo/convert_frame.py:844] [2/8]    last reason: 2/0: tensor 'L['x']' requires_grad mismatch. expected requires_grad=0
[rank4]:W0315 14:57:49.414000 48 site-packages/torch/_dynamo/convert_frame.py:844] [2/8] To log all recompilation reasons, use TORCH_LOGS="recompiles".
[rank4]:W0315 14:57:49.414000 48 site-packages/torch/_dynamo/convert_frame.py:844] [2/8] To diagnose recompilation issues, see https://pytorch.org/docs/main/torch.compiler_troubleshooting.html.
[rank6]:W0315 14:57:49.550000 50 site-packages/torch/_dynamo/convert_frame.py:844] [2/8] torch._dynamo hit config.cache_size_limit (8)
[rank6]:W0315 14:57:49.550000 50 site-packages/torch/_dynamo/convert_frame.py:844] [2/8]    function: 'forward' (/algorithmic-efficiency/algoperf/workloads/fastmri/fastmri_pytorch/models.py:141)
[rank6]:W0315 14:57:49.550000 50 site-packages/torch/_dynamo/convert_frame.py:844] [2/8]    last reason: 2/0: tensor 'L['x']' requires_grad mismatch. expected requires_grad=0
[rank6]:W0315 14:57:49.550000 50 site-packages/torch/_dynamo/convert_frame.py:844] [2/8] To log all recompilation reasons, use TORCH_LOGS="recompiles".
[rank6]:W0315 14:57:49.550000 50 site-packages/torch/_dynamo/convert_frame.py:844] [2/8] To diagnose recompilation issues, see https://pytorch.org/docs/main/torch.compiler_troubleshooting.html.
[rank1]:W0315 14:57:49.635000 45 site-packages/torch/_dynamo/convert_frame.py:844] [2/8] torch._dynamo hit config.cache_size_limit (8)
[rank1]:W0315 14:57:49.635000 45 site-packages/torch/_dynamo/convert_frame.py:844] [2/8]    function: 'forward' (/algorithmic-efficiency/algoperf/workloads/fastmri/fastmri_pytorch/models.py:141)
[rank1]:W0315 14:57:49.635000 45 site-packages/torch/_dynamo/convert_frame.py:844] [2/8]    last reason: 2/0: tensor 'L['x']' requires_grad mismatch. expected requires_grad=0
[rank1]:W0315 14:57:49.635000 45 site-packages/torch/_dynamo/convert_frame.py:844] [2/8] To log all recompilation reasons, use TORCH_LOGS="recompiles".
[rank1]:W0315 14:57:49.635000 45 site-packages/torch/_dynamo/convert_frame.py:844] [2/8] To diagnose recompilation issues, see https://pytorch.org/docs/main/torch.compiler_troubleshooting.html.
[rank3]:W0315 14:57:49.721000 47 site-packages/torch/_dynamo/convert_frame.py:844] [2/8] torch._dynamo hit config.cache_size_limit (8)
[rank3]:W0315 14:57:49.721000 47 site-packages/torch/_dynamo/convert_frame.py:844] [2/8]    function: 'forward' (/algorithmic-efficiency/algoperf/workloads/fastmri/fastmri_pytorch/models.py:141)
[rank3]:W0315 14:57:49.721000 47 site-packages/torch/_dynamo/convert_frame.py:844] [2/8]    last reason: 2/0: tensor 'L['x']' requires_grad mismatch. expected requires_grad=0
[rank3]:W0315 14:57:49.721000 47 site-packages/torch/_dynamo/convert_frame.py:844] [2/8] To log all recompilation reasons, use TORCH_LOGS="recompiles".
[rank3]:W0315 14:57:49.721000 47 site-packages/torch/_dynamo/convert_frame.py:844] [2/8] To diagnose recompilation issues, see https://pytorch.org/docs/main/torch.compiler_troubleshooting.html.
[rank7]:W0315 14:57:49.736000 51 site-packages/torch/_dynamo/convert_frame.py:844] [2/8] torch._dynamo hit config.cache_size_limit (8)
[rank7]:W0315 14:57:49.736000 51 site-packages/torch/_dynamo/convert_frame.py:844] [2/8]    function: 'forward' (/algorithmic-efficiency/algoperf/workloads/fastmri/fastmri_pytorch/models.py:141)
[rank7]:W0315 14:57:49.736000 51 site-packages/torch/_dynamo/convert_frame.py:844] [2/8]    last reason: 2/0: tensor 'L['x']' requires_grad mismatch. expected requires_grad=0
[rank7]:W0315 14:57:49.736000 51 site-packages/torch/_dynamo/convert_frame.py:844] [2/8] To log all recompilation reasons, use TORCH_LOGS="recompiles".
[rank7]:W0315 14:57:49.736000 51 site-packages/torch/_dynamo/convert_frame.py:844] [2/8] To diagnose recompilation issues, see https://pytorch.org/docs/main/torch.compiler_troubleshooting.html.
[rank2]:W0315 14:57:49.759000 46 site-packages/torch/_dynamo/convert_frame.py:844] [2/8] torch._dynamo hit config.cache_size_limit (8)
[rank2]:W0315 14:57:49.759000 46 site-packages/torch/_dynamo/convert_frame.py:844] [2/8]    function: 'forward' (/algorithmic-efficiency/algoperf/workloads/fastmri/fastmri_pytorch/models.py:141)
[rank2]:W0315 14:57:49.759000 46 site-packages/torch/_dynamo/convert_frame.py:844] [2/8]    last reason: 2/0: tensor 'L['x']' requires_grad mismatch. expected requires_grad=0
[rank2]:W0315 14:57:49.759000 46 site-packages/torch/_dynamo/convert_frame.py:844] [2/8] To log all recompilation reasons, use TORCH_LOGS="recompiles".
[rank2]:W0315 14:57:49.759000 46 site-packages/torch/_dynamo/convert_frame.py:844] [2/8] To diagnose recompilation issues, see https://pytorch.org/docs/main/torch.compiler_troubleshooting.html.
[rank5]:W0315 14:57:49.764000 49 site-packages/torch/_dynamo/convert_frame.py:844] [2/8] torch._dynamo hit config.cache_size_limit (8)
[rank5]:W0315 14:57:49.764000 49 site-packages/torch/_dynamo/convert_frame.py:844] [2/8]    function: 'forward' (/algorithmic-efficiency/algoperf/workloads/fastmri/fastmri_pytorch/models.py:141)
[rank5]:W0315 14:57:49.764000 49 site-packages/torch/_dynamo/convert_frame.py:844] [2/8]    last reason: 2/0: tensor 'L['x']' requires_grad mismatch. expected requires_grad=0
[rank5]:W0315 14:57:49.764000 49 site-packages/torch/_dynamo/convert_frame.py:844] [2/8] To log all recompilation reasons, use TORCH_LOGS="recompiles".
[rank5]:W0315 14:57:49.764000 49 site-packages/torch/_dynamo/convert_frame.py:844] [2/8] To diagnose recompilation issues, see https://pytorch.org/docs/main/torch.compiler_troubleshooting.html.
[rank0]:W0315 14:57:51.390000 44 site-packages/torch/_dynamo/convert_frame.py:844] [2/8] torch._dynamo hit config.cache_size_limit (8)
[rank0]:W0315 14:57:51.390000 44 site-packages/torch/_dynamo/convert_frame.py:844] [2/8]    function: 'forward' (/algorithmic-efficiency/algoperf/workloads/fastmri/fastmri_pytorch/models.py:141)
[rank0]:W0315 14:57:51.390000 44 site-packages/torch/_dynamo/convert_frame.py:844] [2/8]    last reason: 2/0: tensor 'L['x']' requires_grad mismatch. expected requires_grad=0
[rank0]:W0315 14:57:51.390000 44 site-packages/torch/_dynamo/convert_frame.py:844] [2/8] To log all recompilation reasons, use TORCH_LOGS="recompiles".
[rank0]:W0315 14:57:51.390000 44 site-packages/torch/_dynamo/convert_frame.py:844] [2/8] To diagnose recompilation issues, see https://pytorch.org/docs/main/torch.compiler_troubleshooting.html.
I0315 14:58:03.023374 140517851035392 logging_writer.py:48] [0] global_step=0, grad_norm=4.38269, loss=1.04534
I0315 14:58:03.041267 140545246360768 submission.py:265] 0) loss = 1.045, grad_norm = 4.383
I0315 14:58:03.831708 140545246360768 spec.py:321] Evaluating on the training split.
I0315 14:59:05.241951 140545246360768 spec.py:333] Evaluating on the validation split.
I0315 15:03:06.687709 140545246360768 spec.py:349] Evaluating on the test split.
I0315 15:05:36.015399 140545246360768 submission_runner.py:469] Time since start: 530.42s, 	Step: 1, 	{'train/ssim': 0.2516805785042899, 'train/loss': 0.9709701538085938, 'validation/ssim': 0.24513789892330826, 'validation/loss': 0.978066568369267, 'validation/num_examples': 3554, 'test/ssim': 0.2659577361966804, 'test/loss': 0.9746548488332519, 'test/num_examples': 3581, 'score': 77.44168257713318, 'total_duration': 530.415036201477, 'accumulated_submission_time': 77.44168257713318, 'accumulated_eval_time': 452.1838643550873, 'accumulated_logging_time': 0}
I0315 15:05:36.023549 140503672678144 logging_writer.py:48] [1] accumulated_eval_time=452.184, accumulated_logging_time=0, accumulated_submission_time=77.4417, global_step=1, preemption_count=0, score=77.4417, test/loss=0.974655, test/num_examples=3581, test/ssim=0.265958, total_duration=530.415, train/loss=0.97097, train/ssim=0.251681, validation/loss=0.978067, validation/num_examples=3554, validation/ssim=0.245138
I0315 15:05:37.206052 140503664285440 logging_writer.py:48] [1] global_step=1, grad_norm=5.12274, loss=1.01616
I0315 15:05:37.209504 140545246360768 submission.py:265] 1) loss = 1.016, grad_norm = 5.123
I0315 15:05:37.312690 140503672678144 logging_writer.py:48] [2] global_step=2, grad_norm=4.2673, loss=1.02701
I0315 15:05:37.319664 140545246360768 submission.py:265] 2) loss = 1.027, grad_norm = 4.267
I0315 15:05:37.400834 140503664285440 logging_writer.py:48] [3] global_step=3, grad_norm=3.90379, loss=0.974812
I0315 15:05:37.405819 140545246360768 submission.py:265] 3) loss = 0.975, grad_norm = 3.904
I0315 15:05:37.503831 140503672678144 logging_writer.py:48] [4] global_step=4, grad_norm=4.10369, loss=0.989167
I0315 15:05:37.510406 140545246360768 submission.py:265] 4) loss = 0.989, grad_norm = 4.104
I0315 15:05:37.590109 140503664285440 logging_writer.py:48] [5] global_step=5, grad_norm=4.91539, loss=1.01072
I0315 15:05:37.594108 140545246360768 submission.py:265] 5) loss = 1.011, grad_norm = 4.915
I0315 15:05:37.676955 140503672678144 logging_writer.py:48] [6] global_step=6, grad_norm=4.61677, loss=0.990686
I0315 15:05:37.682021 140545246360768 submission.py:265] 6) loss = 0.991, grad_norm = 4.617
I0315 15:05:37.769269 140503664285440 logging_writer.py:48] [7] global_step=7, grad_norm=4.37755, loss=0.987195
I0315 15:05:37.773786 140545246360768 submission.py:265] 7) loss = 0.987, grad_norm = 4.378
I0315 15:05:37.864044 140503672678144 logging_writer.py:48] [8] global_step=8, grad_norm=3.94087, loss=0.947168
I0315 15:05:37.873587 140545246360768 submission.py:265] 8) loss = 0.947, grad_norm = 3.941
I0315 15:05:37.962129 140503664285440 logging_writer.py:48] [9] global_step=9, grad_norm=3.49501, loss=0.963237
I0315 15:05:37.967241 140545246360768 submission.py:265] 9) loss = 0.963, grad_norm = 3.495
I0315 15:05:38.069014 140503672678144 logging_writer.py:48] [10] global_step=10, grad_norm=3.89052, loss=0.855995
I0315 15:05:38.074513 140545246360768 submission.py:265] 10) loss = 0.856, grad_norm = 3.891
I0315 15:05:38.166615 140503664285440 logging_writer.py:48] [11] global_step=11, grad_norm=3.5338, loss=0.881344
I0315 15:05:38.171245 140545246360768 submission.py:265] 11) loss = 0.881, grad_norm = 3.534
I0315 15:05:38.262264 140503672678144 logging_writer.py:48] [12] global_step=12, grad_norm=3.5595, loss=0.859213
I0315 15:05:38.269167 140545246360768 submission.py:265] 12) loss = 0.859, grad_norm = 3.560
I0315 15:05:38.360626 140503664285440 logging_writer.py:48] [13] global_step=13, grad_norm=3.63254, loss=0.858432
I0315 15:05:38.365503 140545246360768 submission.py:265] 13) loss = 0.858, grad_norm = 3.633
I0315 15:05:38.447274 140503672678144 logging_writer.py:48] [14] global_step=14, grad_norm=3.23939, loss=0.84821
I0315 15:05:38.455060 140545246360768 submission.py:265] 14) loss = 0.848, grad_norm = 3.239
I0315 15:05:38.553634 140503664285440 logging_writer.py:48] [15] global_step=15, grad_norm=3.20854, loss=0.830268
I0315 15:05:38.559235 140545246360768 submission.py:265] 15) loss = 0.830, grad_norm = 3.209
I0315 15:05:38.646786 140503672678144 logging_writer.py:48] [16] global_step=16, grad_norm=2.81391, loss=0.714672
I0315 15:05:38.651282 140545246360768 submission.py:265] 16) loss = 0.715, grad_norm = 2.814
I0315 15:05:38.737156 140503664285440 logging_writer.py:48] [17] global_step=17, grad_norm=2.63286, loss=0.77757
I0315 15:05:38.744176 140545246360768 submission.py:265] 17) loss = 0.778, grad_norm = 2.633
I0315 15:05:38.828400 140503672678144 logging_writer.py:48] [18] global_step=18, grad_norm=2.88723, loss=0.754551
I0315 15:05:38.832445 140545246360768 submission.py:265] 18) loss = 0.755, grad_norm = 2.887
I0315 15:05:38.917549 140503664285440 logging_writer.py:48] [19] global_step=19, grad_norm=2.13001, loss=0.791194
I0315 15:05:38.921794 140545246360768 submission.py:265] 19) loss = 0.791, grad_norm = 2.130
I0315 15:05:39.010979 140503672678144 logging_writer.py:48] [20] global_step=20, grad_norm=2.37328, loss=0.7055
I0315 15:05:39.016943 140545246360768 submission.py:265] 20) loss = 0.706, grad_norm = 2.373
I0315 15:05:39.094231 140503664285440 logging_writer.py:48] [21] global_step=21, grad_norm=1.67401, loss=0.690902
I0315 15:05:39.098822 140545246360768 submission.py:265] 21) loss = 0.691, grad_norm = 1.674
I0315 15:05:39.186490 140503672678144 logging_writer.py:48] [22] global_step=22, grad_norm=1.69766, loss=0.638156
I0315 15:05:39.191350 140545246360768 submission.py:265] 22) loss = 0.638, grad_norm = 1.698
I0315 15:05:39.281866 140503664285440 logging_writer.py:48] [23] global_step=23, grad_norm=1.73227, loss=0.689031
I0315 15:05:39.286984 140545246360768 submission.py:265] 23) loss = 0.689, grad_norm = 1.732
I0315 15:05:39.381830 140503672678144 logging_writer.py:48] [24] global_step=24, grad_norm=1.86879, loss=0.699655
I0315 15:05:39.387219 140545246360768 submission.py:265] 24) loss = 0.700, grad_norm = 1.869
I0315 15:05:39.473169 140503664285440 logging_writer.py:48] [25] global_step=25, grad_norm=1.45671, loss=0.689884
I0315 15:05:39.477752 140545246360768 submission.py:265] 25) loss = 0.690, grad_norm = 1.457
I0315 15:05:39.558234 140503672678144 logging_writer.py:48] [26] global_step=26, grad_norm=1.00708, loss=0.58925
I0315 15:05:39.565371 140545246360768 submission.py:265] 26) loss = 0.589, grad_norm = 1.007
I0315 15:05:39.651300 140503664285440 logging_writer.py:48] [27] global_step=27, grad_norm=1.18756, loss=0.568752
I0315 15:05:39.656936 140545246360768 submission.py:265] 27) loss = 0.569, grad_norm = 1.188
I0315 15:05:39.746856 140503672678144 logging_writer.py:48] [28] global_step=28, grad_norm=1.30547, loss=0.549266
I0315 15:05:39.751597 140545246360768 submission.py:265] 28) loss = 0.549, grad_norm = 1.305
I0315 15:05:39.836795 140503664285440 logging_writer.py:48] [29] global_step=29, grad_norm=1.17916, loss=0.55311
I0315 15:05:39.843128 140545246360768 submission.py:265] 29) loss = 0.553, grad_norm = 1.179
I0315 15:05:39.941481 140503672678144 logging_writer.py:48] [30] global_step=30, grad_norm=1.03707, loss=0.525127
I0315 15:05:39.945828 140545246360768 submission.py:265] 30) loss = 0.525, grad_norm = 1.037
I0315 15:05:40.034466 140503664285440 logging_writer.py:48] [31] global_step=31, grad_norm=1.07098, loss=0.52539
I0315 15:05:40.039877 140545246360768 submission.py:265] 31) loss = 0.525, grad_norm = 1.071
I0315 15:05:40.127575 140503672678144 logging_writer.py:48] [32] global_step=32, grad_norm=1.09964, loss=0.609095
I0315 15:05:40.134650 140545246360768 submission.py:265] 32) loss = 0.609, grad_norm = 1.100
I0315 15:05:40.223320 140503664285440 logging_writer.py:48] [33] global_step=33, grad_norm=1.34569, loss=0.571631
I0315 15:05:40.227469 140545246360768 submission.py:265] 33) loss = 0.572, grad_norm = 1.346
I0315 15:05:40.311220 140503672678144 logging_writer.py:48] [34] global_step=34, grad_norm=1.10506, loss=0.524547
I0315 15:05:40.320125 140545246360768 submission.py:265] 34) loss = 0.525, grad_norm = 1.105
I0315 15:05:40.402138 140503664285440 logging_writer.py:48] [35] global_step=35, grad_norm=1.54402, loss=0.525314
I0315 15:05:40.414541 140545246360768 submission.py:265] 35) loss = 0.525, grad_norm = 1.544
I0315 15:05:40.492516 140503672678144 logging_writer.py:48] [36] global_step=36, grad_norm=0.856024, loss=0.540227
I0315 15:05:40.496954 140545246360768 submission.py:265] 36) loss = 0.540, grad_norm = 0.856
I0315 15:05:40.584978 140503664285440 logging_writer.py:48] [37] global_step=37, grad_norm=1.91374, loss=0.509051
I0315 15:05:40.589855 140545246360768 submission.py:265] 37) loss = 0.509, grad_norm = 1.914
I0315 15:05:40.674961 140503672678144 logging_writer.py:48] [38] global_step=38, grad_norm=1.33121, loss=0.504148
I0315 15:05:40.681142 140545246360768 submission.py:265] 38) loss = 0.504, grad_norm = 1.331
I0315 15:05:40.767117 140503664285440 logging_writer.py:48] [39] global_step=39, grad_norm=1.2319, loss=0.527539
I0315 15:05:40.771807 140545246360768 submission.py:265] 39) loss = 0.528, grad_norm = 1.232
I0315 15:05:40.853440 140503672678144 logging_writer.py:48] [40] global_step=40, grad_norm=1.34293, loss=0.498612
I0315 15:05:40.857811 140545246360768 submission.py:265] 40) loss = 0.499, grad_norm = 1.343
I0315 15:05:40.932848 140503664285440 logging_writer.py:48] [41] global_step=41, grad_norm=1.07704, loss=0.526181
I0315 15:05:40.937584 140545246360768 submission.py:265] 41) loss = 0.526, grad_norm = 1.077
I0315 15:05:41.020655 140503672678144 logging_writer.py:48] [42] global_step=42, grad_norm=1.18906, loss=0.594959
I0315 15:05:41.030510 140545246360768 submission.py:265] 42) loss = 0.595, grad_norm = 1.189
I0315 15:05:41.109611 140503664285440 logging_writer.py:48] [43] global_step=43, grad_norm=1.19886, loss=0.444947
I0315 15:05:41.114067 140545246360768 submission.py:265] 43) loss = 0.445, grad_norm = 1.199
I0315 15:05:41.186550 140503672678144 logging_writer.py:48] [44] global_step=44, grad_norm=1.44275, loss=0.570562
I0315 15:05:41.194627 140545246360768 submission.py:265] 44) loss = 0.571, grad_norm = 1.443
I0315 15:05:41.277751 140503664285440 logging_writer.py:48] [45] global_step=45, grad_norm=1.35173, loss=0.45614
I0315 15:05:41.282700 140545246360768 submission.py:265] 45) loss = 0.456, grad_norm = 1.352
I0315 15:05:41.358250 140503672678144 logging_writer.py:48] [46] global_step=46, grad_norm=1.25833, loss=0.435425
I0315 15:05:41.363278 140545246360768 submission.py:265] 46) loss = 0.435, grad_norm = 1.258
I0315 15:05:41.444874 140503664285440 logging_writer.py:48] [47] global_step=47, grad_norm=1.78822, loss=0.482866
I0315 15:05:41.450353 140545246360768 submission.py:265] 47) loss = 0.483, grad_norm = 1.788
I0315 15:05:41.524651 140503672678144 logging_writer.py:48] [48] global_step=48, grad_norm=1.36114, loss=0.506666
I0315 15:05:41.532170 140545246360768 submission.py:265] 48) loss = 0.507, grad_norm = 1.361
I0315 15:05:41.611870 140503664285440 logging_writer.py:48] [49] global_step=49, grad_norm=1.00424, loss=0.433139
I0315 15:05:41.617726 140545246360768 submission.py:265] 49) loss = 0.433, grad_norm = 1.004
I0315 15:05:41.692842 140503672678144 logging_writer.py:48] [50] global_step=50, grad_norm=1.39319, loss=0.468428
I0315 15:05:41.697985 140545246360768 submission.py:265] 50) loss = 0.468, grad_norm = 1.393
I0315 15:05:41.772166 140503664285440 logging_writer.py:48] [51] global_step=51, grad_norm=1.29988, loss=0.439481
I0315 15:05:41.776840 140545246360768 submission.py:265] 51) loss = 0.439, grad_norm = 1.300
I0315 15:05:41.852105 140503672678144 logging_writer.py:48] [52] global_step=52, grad_norm=0.968632, loss=0.474163
I0315 15:05:41.857856 140545246360768 submission.py:265] 52) loss = 0.474, grad_norm = 0.969
I0315 15:05:42.072312 140503664285440 logging_writer.py:48] [53] global_step=53, grad_norm=1.27405, loss=0.47607
I0315 15:05:42.079006 140545246360768 submission.py:265] 53) loss = 0.476, grad_norm = 1.274
I0315 15:05:42.305503 140503672678144 logging_writer.py:48] [54] global_step=54, grad_norm=1.01854, loss=0.475349
I0315 15:05:42.310094 140545246360768 submission.py:265] 54) loss = 0.475, grad_norm = 1.019
I0315 15:05:42.699280 140503664285440 logging_writer.py:48] [55] global_step=55, grad_norm=1.28122, loss=0.411506
I0315 15:05:42.703045 140545246360768 submission.py:265] 55) loss = 0.412, grad_norm = 1.281
I0315 15:05:43.250012 140503672678144 logging_writer.py:48] [56] global_step=56, grad_norm=1.36809, loss=0.481835
I0315 15:05:43.255314 140545246360768 submission.py:265] 56) loss = 0.482, grad_norm = 1.368
I0315 15:05:43.641240 140503664285440 logging_writer.py:48] [57] global_step=57, grad_norm=1.04544, loss=0.395674
I0315 15:05:43.645258 140545246360768 submission.py:265] 57) loss = 0.396, grad_norm = 1.045
I0315 15:05:43.935450 140503672678144 logging_writer.py:48] [58] global_step=58, grad_norm=1.11906, loss=0.446907
I0315 15:05:43.941323 140545246360768 submission.py:265] 58) loss = 0.447, grad_norm = 1.119
I0315 15:05:44.243613 140503664285440 logging_writer.py:48] [59] global_step=59, grad_norm=0.801201, loss=0.456779
I0315 15:05:44.248869 140545246360768 submission.py:265] 59) loss = 0.457, grad_norm = 0.801
I0315 15:05:44.425559 140503672678144 logging_writer.py:48] [60] global_step=60, grad_norm=0.770987, loss=0.414277
I0315 15:05:44.431261 140545246360768 submission.py:265] 60) loss = 0.414, grad_norm = 0.771
I0315 15:05:44.681445 140503664285440 logging_writer.py:48] [61] global_step=61, grad_norm=0.739486, loss=0.411247
I0315 15:05:44.689985 140545246360768 submission.py:265] 61) loss = 0.411, grad_norm = 0.739
I0315 15:05:45.114524 140503672678144 logging_writer.py:48] [62] global_step=62, grad_norm=1.15874, loss=0.392242
I0315 15:05:45.120548 140545246360768 submission.py:265] 62) loss = 0.392, grad_norm = 1.159
I0315 15:05:45.339264 140503664285440 logging_writer.py:48] [63] global_step=63, grad_norm=1.01035, loss=0.385892
I0315 15:05:45.346597 140545246360768 submission.py:265] 63) loss = 0.386, grad_norm = 1.010
I0315 15:05:45.694709 140503672678144 logging_writer.py:48] [64] global_step=64, grad_norm=1.90416, loss=0.506626
I0315 15:05:45.701329 140545246360768 submission.py:265] 64) loss = 0.507, grad_norm = 1.904
I0315 15:05:45.980844 140503664285440 logging_writer.py:48] [65] global_step=65, grad_norm=0.956857, loss=0.547878
I0315 15:05:45.989134 140545246360768 submission.py:265] 65) loss = 0.548, grad_norm = 0.957
I0315 15:05:46.266391 140503672678144 logging_writer.py:48] [66] global_step=66, grad_norm=1.07468, loss=0.365462
I0315 15:05:46.272151 140545246360768 submission.py:265] 66) loss = 0.365, grad_norm = 1.075
I0315 15:05:46.498841 140503664285440 logging_writer.py:48] [67] global_step=67, grad_norm=2.07071, loss=0.430174
I0315 15:05:46.503911 140545246360768 submission.py:265] 67) loss = 0.430, grad_norm = 2.071
I0315 15:05:46.750670 140503672678144 logging_writer.py:48] [68] global_step=68, grad_norm=1.20057, loss=0.450438
I0315 15:05:46.759956 140545246360768 submission.py:265] 68) loss = 0.450, grad_norm = 1.201
I0315 15:05:46.935047 140503664285440 logging_writer.py:48] [69] global_step=69, grad_norm=1.54053, loss=0.41104
I0315 15:05:46.941968 140545246360768 submission.py:265] 69) loss = 0.411, grad_norm = 1.541
I0315 15:05:47.033392 140503672678144 logging_writer.py:48] [70] global_step=70, grad_norm=0.875034, loss=0.533345
I0315 15:05:47.039274 140545246360768 submission.py:265] 70) loss = 0.533, grad_norm = 0.875
I0315 15:05:47.194783 140503664285440 logging_writer.py:48] [71] global_step=71, grad_norm=0.629998, loss=0.399349
I0315 15:05:47.203043 140545246360768 submission.py:265] 71) loss = 0.399, grad_norm = 0.630
I0315 15:05:47.372193 140503672678144 logging_writer.py:48] [72] global_step=72, grad_norm=1.12254, loss=0.400585
I0315 15:05:47.376818 140545246360768 submission.py:265] 72) loss = 0.401, grad_norm = 1.123
I0315 15:05:47.482496 140503664285440 logging_writer.py:48] [73] global_step=73, grad_norm=1.09249, loss=0.412729
I0315 15:05:47.488192 140545246360768 submission.py:265] 73) loss = 0.413, grad_norm = 1.092
I0315 15:05:47.590274 140503672678144 logging_writer.py:48] [74] global_step=74, grad_norm=0.567006, loss=0.377517
I0315 15:05:47.600296 140545246360768 submission.py:265] 74) loss = 0.378, grad_norm = 0.567
I0315 15:05:47.676619 140503664285440 logging_writer.py:48] [75] global_step=75, grad_norm=0.737878, loss=0.454096
I0315 15:05:47.681782 140545246360768 submission.py:265] 75) loss = 0.454, grad_norm = 0.738
I0315 15:05:47.773689 140503672678144 logging_writer.py:48] [76] global_step=76, grad_norm=0.876906, loss=0.434624
I0315 15:05:47.779828 140545246360768 submission.py:265] 76) loss = 0.435, grad_norm = 0.877
I0315 15:05:47.883320 140503664285440 logging_writer.py:48] [77] global_step=77, grad_norm=0.909789, loss=0.438389
I0315 15:05:47.889304 140545246360768 submission.py:265] 77) loss = 0.438, grad_norm = 0.910
I0315 15:05:48.044084 140503672678144 logging_writer.py:48] [78] global_step=78, grad_norm=1.01242, loss=0.466684
I0315 15:05:48.049417 140545246360768 submission.py:265] 78) loss = 0.467, grad_norm = 1.012
I0315 15:05:48.232719 140503664285440 logging_writer.py:48] [79] global_step=79, grad_norm=0.783934, loss=0.360651
I0315 15:05:48.238025 140545246360768 submission.py:265] 79) loss = 0.361, grad_norm = 0.784
I0315 15:05:48.385291 140503672678144 logging_writer.py:48] [80] global_step=80, grad_norm=0.580958, loss=0.392697
I0315 15:05:48.390492 140545246360768 submission.py:265] 80) loss = 0.393, grad_norm = 0.581
I0315 15:05:48.580502 140503664285440 logging_writer.py:48] [81] global_step=81, grad_norm=0.440209, loss=0.439238
I0315 15:05:48.586521 140545246360768 submission.py:265] 81) loss = 0.439, grad_norm = 0.440
I0315 15:05:48.750577 140503672678144 logging_writer.py:48] [82] global_step=82, grad_norm=0.966036, loss=0.349311
I0315 15:05:48.756952 140545246360768 submission.py:265] 82) loss = 0.349, grad_norm = 0.966
