python submission_runner.py --framework=jax --workload=librispeech_conformer --submission_path=prize_qualification_baselines/external_tuning/jax_nadamw_full_budget.py --data_dir=/data/librispeech --num_tuning_trials=1 --experiment_dir=/experiment_runs --experiment_name=submissions/rolling_leaderboard/external_tuning/baseline/study_2 --overwrite=True --save_checkpoints=False --rng_seed=-2081527551 --librispeech_tokenizer_vocab_path=/data/librispeech/spm_model.vocab --tuning_ruleset=external --tuning_search_space=prize_qualification_baselines/external_tuning/tuning_search_space.json --num_tuning_trials=5 --hparam_start_index=3 --hparam_end_index=4 2>&1 | tee -a /logs/librispeech_conformer_jax_03-06-2025-23-46-36.log
2025-03-06 23:46:52.152810: E external/local_xla/xla/stream_executor/cuda/cuda_fft.cc:477] Unable to register cuFFT factory: Attempting to register factory for plugin cuFFT when one has already been registered
WARNING: All log messages before absl::InitializeLog() is called are written to STDERR
E0000 00:00:1741304812.602783       9 cuda_dnn.cc:8310] Unable to register cuDNN factory: Attempting to register factory for plugin cuDNN when one has already been registered
E0000 00:00:1741304812.758241       9 cuda_blas.cc:1418] Unable to register cuBLAS factory: Attempting to register factory for plugin cuBLAS when one has already been registered
ERROR:root:Unable to import wandb.
Traceback (most recent call last):
  File "/algorithmic-efficiency/algoperf/logger_utils.py", line 27, in <module>
    import wandb  # pylint: disable=g-import-not-at-top
    ^^^^^^^^^^^^
ModuleNotFoundError: No module named 'wandb'
I0306 23:47:35.892380 140492168930496 logger_utils.py:81] Creating experiment directory at /experiment_runs/submissions/rolling_leaderboard/external_tuning/baseline/study_2/librispeech_conformer_jax.
I0306 23:47:38.575065 140492168930496 xla_bridge.py:884] Unable to initialize backend 'rocm': NOT_FOUND: Could not find registered platform with name: "rocm". Available platform names are: CUDA
I0306 23:47:38.578069 140492168930496 xla_bridge.py:884] Unable to initialize backend 'tpu': INTERNAL: Failed to open libtpu.so: libtpu.so: cannot open shared object file: No such file or directory
I0306 23:47:38.580915 140492168930496 submission_runner.py:606] Using RNG seed -2081527551
I0306 23:47:42.058734 140492168930496 submission_runner.py:615] --- Tuning run 4/5 ---
I0306 23:47:42.058957 140492168930496 submission_runner.py:620] Creating tuning directory at /experiment_runs/submissions/rolling_leaderboard/external_tuning/baseline/study_2/librispeech_conformer_jax/trial_4.
I0306 23:47:42.059203 140492168930496 logger_utils.py:97] Saving hparams to /experiment_runs/submissions/rolling_leaderboard/external_tuning/baseline/study_2/librispeech_conformer_jax/trial_4/hparams.json.
I0306 23:47:42.294967 140492168930496 submission_runner.py:218] Initializing dataset.
I0306 23:47:42.295173 140492168930496 submission_runner.py:229] Initializing model.
I0306 23:48:00.837046 140492168930496 submission_runner.py:272] Initializing optimizer.
I0306 23:48:01.842262 140492168930496 submission_runner.py:279] Initializing metrics bundle.
I0306 23:48:01.842528 140492168930496 submission_runner.py:301] Initializing checkpoint and logger.
I0306 23:48:01.843721 140492168930496 checkpoints.py:1101] Found no checkpoint files in /experiment_runs/submissions/rolling_leaderboard/external_tuning/baseline/study_2/librispeech_conformer_jax/trial_4 with prefix checkpoint_
I0306 23:48:01.843832 140492168930496 submission_runner.py:321] Saving meta data to /experiment_runs/submissions/rolling_leaderboard/external_tuning/baseline/study_2/librispeech_conformer_jax/trial_4/meta_data_0.json.
I0306 23:48:01.844021 140492168930496 logger_utils.py:262] Unable to record workload.train_mean information. Continuing without it.
I0306 23:48:01.844073 140492168930496 logger_utils.py:262] Unable to record workload.train_stddev information. Continuing without it.
I0306 23:48:02.404918 140492168930496 submission_runner.py:325] Saving flags to /experiment_runs/submissions/rolling_leaderboard/external_tuning/baseline/study_2/librispeech_conformer_jax/trial_4/flags_0.json.
I0306 23:48:02.600523 140492168930496 submission_runner.py:337] Starting training loop.
I0306 23:48:02.778644 140492168930496 input_pipeline.py:20] Loading split = train-clean-100
I0306 23:48:02.833281 140492168930496 input_pipeline.py:20] Loading split = train-clean-360
I0306 23:48:03.281583 140492168930496 input_pipeline.py:20] Loading split = train-other-500
/usr/local/lib/python3.11/multiprocessing/popen_fork.py:66: RuntimeWarning: os.fork() was called. os.fork() is incompatible with multithreaded code, and JAX is multithreaded, so this will likely lead to a deadlock.
  self.pid = os.fork()
/usr/local/lib/python3.11/site-packages/jax/_src/interpreters/mlir.py:930: UserWarning: Some donated buffers were not usable: ShapedArray(float32[512]), ShapedArray(float32[512]), ShapedArray(float32[512]), ShapedArray(float32[512]), ShapedArray(float32[512]), ShapedArray(float32[512]), ShapedArray(float32[512]), ShapedArray(float32[512]).
See an explanation at https://jax.readthedocs.io/en/latest/faq.html#buffer-donation.
  warnings.warn("Some donated buffers were not usable:"
I0306 23:49:09.667872 140487967057664 logging_writer.py:48] [0] global_step=0, grad_norm=172.24951171875, loss=28.572776794433594
I0306 23:49:10.030459 140492168930496 spec.py:321] Evaluating on the training split.
I0306 23:49:10.118863 140492168930496 input_pipeline.py:20] Loading split = train-clean-100
I0306 23:49:10.663462 140492168930496 input_pipeline.py:20] Loading split = train-clean-360
I0306 23:49:10.765286 140492168930496 input_pipeline.py:20] Loading split = train-other-500
/usr/local/lib/python3.11/multiprocessing/popen_fork.py:66: RuntimeWarning: os.fork() was called. os.fork() is incompatible with multithreaded code, and JAX is multithreaded, so this will likely lead to a deadlock.
  self.pid = os.fork()
/usr/local/lib/python3.11/site-packages/jax/_src/ops/scatter.py:96: FutureWarning: scatter inputs have incompatible types: cannot safely cast value from dtype=float32 to dtype=int32 with jax_numpy_dtype_promotion='standard'. In future JAX releases this will result in an error.
  warnings.warn(
I0306 23:50:36.003145 140492168930496 spec.py:333] Evaluating on the validation split.
I0306 23:50:36.048396 140492168930496 input_pipeline.py:20] Loading split = dev-clean
I0306 23:50:36.083929 140492168930496 input_pipeline.py:20] Loading split = dev-other
/usr/local/lib/python3.11/multiprocessing/popen_fork.py:66: RuntimeWarning: os.fork() was called. os.fork() is incompatible with multithreaded code, and JAX is multithreaded, so this will likely lead to a deadlock.
  self.pid = os.fork()
/usr/local/lib/python3.11/site-packages/jax/_src/ops/scatter.py:96: FutureWarning: scatter inputs have incompatible types: cannot safely cast value from dtype=float32 to dtype=int32 with jax_numpy_dtype_promotion='standard'. In future JAX releases this will result in an error.
  warnings.warn(
I0306 23:51:33.492798 140492168930496 spec.py:349] Evaluating on the test split.
I0306 23:51:33.537243 140492168930496 input_pipeline.py:20] Loading split = test-clean
/usr/local/lib/python3.11/multiprocessing/popen_fork.py:66: RuntimeWarning: os.fork() was called. os.fork() is incompatible with multithreaded code, and JAX is multithreaded, so this will likely lead to a deadlock.
  self.pid = os.fork()
/usr/local/lib/python3.11/site-packages/jax/_src/ops/scatter.py:96: FutureWarning: scatter inputs have incompatible types: cannot safely cast value from dtype=float32 to dtype=int32 with jax_numpy_dtype_promotion='standard'. In future JAX releases this will result in an error.
  warnings.warn(
I0306 23:52:04.677043 140492168930496 submission_runner.py:469] Time since start: 242.07s, 	Step: 1, 	{'train/ctc_loss': Array(28.333626, dtype=float32), 'train/wer': np.float64(1.5232752752342882), 'validation/ctc_loss': Array(28.883406, dtype=float32), 'validation/wer': np.float64(1.2791739478841828), 'validation/num_examples': 5348, 'test/ctc_loss': Array(28.851543, dtype=float32), 'test/wer': np.float64(1.3653646944122844), 'test/num_examples': 2472, 'score': 67.42972111701965, 'total_duration': 242.07413148880005, 'accumulated_submission_time': 67.42972111701965, 'accumulated_eval_time': 174.6442186832428, 'accumulated_logging_time': 0}
I0306 23:52:04.693846 140343084680960 logging_writer.py:48] [1] accumulated_eval_time=174.644, accumulated_logging_time=0, accumulated_submission_time=67.4297, global_step=1, preemption_count=0, score=67.4297, test/ctc_loss=28.851543426513672, test/num_examples=2472, test/wer=1.36536, total_duration=242.074, train/ctc_loss=28.33362579345703, train/wer=1.52328, validation/ctc_loss=28.883405685424805, validation/num_examples=5348, validation/wer=1.27917
I0306 23:55:38.751022 140352850044672 logging_writer.py:48] [100] global_step=100, grad_norm=2.688117504119873, loss=5.765723705291748
I0307 00:00:58.344804 140352858437376 logging_writer.py:48] [200] global_step=200, grad_norm=3.880802631378174, loss=5.74281644821167
I0307 00:07:01.274730 140352850044672 logging_writer.py:48] [300] global_step=300, grad_norm=2.128382444381714, loss=5.564618110656738
I0307 00:13:29.053101 140352858437376 logging_writer.py:48] [400] global_step=400, grad_norm=1.6196236610412598, loss=5.563587188720703
I0307 00:16:06.400833 140492168930496 spec.py:321] Evaluating on the training split.
I0307 00:16:42.306417 140492168930496 spec.py:333] Evaluating on the validation split.
/usr/local/lib/python3.11/multiprocessing/popen_fork.py:66: RuntimeWarning: os.fork() was called. os.fork() is incompatible with multithreaded code, and JAX is multithreaded, so this will likely lead to a deadlock.
  self.pid = os.fork()
I0307 00:17:24.347729 140492168930496 spec.py:349] Evaluating on the test split.
/usr/local/lib/python3.11/multiprocessing/popen_fork.py:66: RuntimeWarning: os.fork() was called. os.fork() is incompatible with multithreaded code, and JAX is multithreaded, so this will likely lead to a deadlock.
  self.pid = os.fork()
I0307 00:17:44.658955 140492168930496 submission_runner.py:469] Time since start: 1782.06s, 	Step: 441, 	{'train/ctc_loss': Array(6.2209406, dtype=float32), 'train/wer': np.float64(0.9440486660040486), 'validation/ctc_loss': Array(6.4047556, dtype=float32), 'validation/wer': np.float64(0.8966179750330672), 'validation/num_examples': 5348, 'test/ctc_loss': Array(6.379777, dtype=float32), 'test/wer': np.float64(0.899579550301627), 'test/num_examples': 2472, 'score': 1509.0512833595276, 'total_duration': 1782.0554492473602, 'accumulated_submission_time': 1509.0512833595276, 'accumulated_eval_time': 272.8993752002716, 'accumulated_logging_time': 0.05518984794616699}
I0307 00:17:44.768576 140353001113344 logging_writer.py:48] [441] accumulated_eval_time=272.899, accumulated_logging_time=0.0551898, accumulated_submission_time=1509.05, global_step=441, preemption_count=0, score=1509.05, test/ctc_loss=6.379776954650879, test/num_examples=2472, test/wer=0.89958, total_duration=1782.06, train/ctc_loss=6.220940589904785, train/wer=0.944049, validation/ctc_loss=6.404755592346191, validation/num_examples=5348, validation/wer=0.896618
I0307 00:20:25.677374 140352370882304 logging_writer.py:48] [500] global_step=500, grad_norm=1.0949344635009766, loss=5.506730079650879
I0307 00:28:19.237934 140353001113344 logging_writer.py:48] [600] global_step=600, grad_norm=1.6679396629333496, loss=5.5010457038879395
I0307 00:36:26.587900 140352370882304 logging_writer.py:48] [700] global_step=700, grad_norm=2.501861810684204, loss=5.5205078125
I0307 00:41:55.187779 140492168930496 spec.py:321] Evaluating on the training split.
I0307 00:42:32.194012 140492168930496 spec.py:333] Evaluating on the validation split.
/usr/local/lib/python3.11/multiprocessing/popen_fork.py:66: RuntimeWarning: os.fork() was called. os.fork() is incompatible with multithreaded code, and JAX is multithreaded, so this will likely lead to a deadlock.
  self.pid = os.fork()
I0307 00:43:12.590085 140492168930496 spec.py:349] Evaluating on the test split.
/usr/local/lib/python3.11/multiprocessing/popen_fork.py:66: RuntimeWarning: os.fork() was called. os.fork() is incompatible with multithreaded code, and JAX is multithreaded, so this will likely lead to a deadlock.
  self.pid = os.fork()
I0307 00:43:32.416828 140492168930496 submission_runner.py:469] Time since start: 3329.81s, 	Step: 765, 	{'train/ctc_loss': Array(5.9298205, dtype=float32), 'train/wer': np.float64(0.9426394801702891), 'validation/ctc_loss': Array(6.05132, dtype=float32), 'validation/wer': np.float64(0.8966179750330672), 'validation/num_examples': 5348, 'test/ctc_loss': Array(6.0299406, dtype=float32), 'test/wer': np.float64(0.899579550301627), 'test/num_examples': 2472, 'score': 2959.4234521389008, 'total_duration': 3329.8137862682343, 'accumulated_submission_time': 2959.4234521389008, 'accumulated_eval_time': 370.1259346008301, 'accumulated_logging_time': 0.1757802963256836}
I0307 00:43:32.454248 140353001113344 logging_writer.py:48] [765] accumulated_eval_time=370.126, accumulated_logging_time=0.17578, accumulated_submission_time=2959.42, global_step=765, preemption_count=0, score=2959.42, test/ctc_loss=6.029940605163574, test/num_examples=2472, test/wer=0.89958, total_duration=3329.81, train/ctc_loss=5.929820537567139, train/wer=0.942639, validation/ctc_loss=6.0513200759887695, validation/num_examples=5348, validation/wer=0.896618
I0307 00:45:09.657532 140352954562304 logging_writer.py:48] [800] global_step=800, grad_norm=1.3450714349746704, loss=5.47843074798584
I0307 00:54:01.510324 140353001113344 logging_writer.py:48] [900] global_step=900, grad_norm=2.4121646881103516, loss=5.4466705322265625
I0307 01:03:04.852096 140352954562304 logging_writer.py:48] [1000] global_step=1000, grad_norm=1.4075733423233032, loss=5.479828357696533
/usr/local/lib/python3.11/multiprocessing/popen_fork.py:66: RuntimeWarning: os.fork() was called. os.fork() is incompatible with multithreaded code, and JAX is multithreaded, so this will likely lead to a deadlock.
  self.pid = os.fork()
I0307 01:07:32.648974 140492168930496 spec.py:321] Evaluating on the training split.
I0307 01:08:13.792107 140492168930496 spec.py:333] Evaluating on the validation split.
/usr/local/lib/python3.11/multiprocessing/popen_fork.py:66: RuntimeWarning: os.fork() was called. os.fork() is incompatible with multithreaded code, and JAX is multithreaded, so this will likely lead to a deadlock.
  self.pid = os.fork()
I0307 01:08:54.656510 140492168930496 spec.py:349] Evaluating on the test split.
/usr/local/lib/python3.11/multiprocessing/popen_fork.py:66: RuntimeWarning: os.fork() was called. os.fork() is incompatible with multithreaded code, and JAX is multithreaded, so this will likely lead to a deadlock.
  self.pid = os.fork()
I0307 01:09:15.224151 140492168930496 submission_runner.py:469] Time since start: 4872.62s, 	Step: 1066, 	{'train/ctc_loss': Array(5.8247757, dtype=float32), 'train/wer': np.float64(0.942771372912209), 'validation/ctc_loss': Array(5.9208865, dtype=float32), 'validation/wer': np.float64(0.8966179750330672), 'validation/num_examples': 5348, 'test/ctc_loss': Array(5.897814, dtype=float32), 'test/wer': np.float64(0.899579550301627), 'test/num_examples': 2472, 'score': 4399.535364866257, 'total_duration': 4872.621017932892, 'accumulated_submission_time': 4399.535364866257, 'accumulated_eval_time': 472.6987648010254, 'accumulated_logging_time': 0.26125335693359375}
I0307 01:09:15.242963 140353001113344 logging_writer.py:48] [1066] accumulated_eval_time=472.699, accumulated_logging_time=0.261253, accumulated_submission_time=4399.54, global_step=1066, preemption_count=0, score=4399.54, test/ctc_loss=5.89781379699707, test/num_examples=2472, test/wer=0.89958, total_duration=4872.62, train/ctc_loss=5.824775695800781, train/wer=0.942771, validation/ctc_loss=5.920886516571045, validation/num_examples=5348, validation/wer=0.896618
I0307 01:09:47.776279 140352447682304 logging_writer.py:48] [1100] global_step=1100, grad_norm=0.9995791912078857, loss=5.4785475730896
I0307 01:15:11.343983 140353001113344 logging_writer.py:48] [1200] global_step=1200, grad_norm=1.7996653318405151, loss=5.463931560516357
I0307 01:21:20.053112 140352447682304 logging_writer.py:48] [1300] global_step=1300, grad_norm=1.6681181192398071, loss=5.502364158630371
I0307 01:28:17.903780 140353001113344 logging_writer.py:48] [1400] global_step=1400, grad_norm=1.3013904094696045, loss=5.452167987823486
I0307 01:33:19.818120 140492168930496 spec.py:321] Evaluating on the training split.
I0307 01:33:56.279941 140492168930496 spec.py:333] Evaluating on the validation split.
/usr/local/lib/python3.11/multiprocessing/popen_fork.py:66: RuntimeWarning: os.fork() was called. os.fork() is incompatible with multithreaded code, and JAX is multithreaded, so this will likely lead to a deadlock.
  self.pid = os.fork()
I0307 01:34:37.503883 140492168930496 spec.py:349] Evaluating on the test split.
/usr/local/lib/python3.11/multiprocessing/popen_fork.py:66: RuntimeWarning: os.fork() was called. os.fork() is incompatible with multithreaded code, and JAX is multithreaded, so this will likely lead to a deadlock.
  self.pid = os.fork()
I0307 01:34:56.853077 140492168930496 submission_runner.py:469] Time since start: 6414.25s, 	Step: 1463, 	{'train/ctc_loss': Array(6.140276, dtype=float32), 'train/wer': np.float64(0.9437453892879752), 'validation/ctc_loss': Array(6.1640854, dtype=float32), 'validation/wer': np.float64(0.8966179750330672), 'validation/num_examples': 5348, 'test/ctc_loss': Array(6.1230445, dtype=float32), 'test/wer': np.float64(0.899579550301627), 'test/num_examples': 2472, 'score': 5844.055160045624, 'total_duration': 6414.249655246735, 'accumulated_submission_time': 5844.055160045624, 'accumulated_eval_time': 569.7308564186096, 'accumulated_logging_time': 0.290574312210083}
I0307 01:34:56.895423 140353001113344 logging_writer.py:48] [1463] accumulated_eval_time=569.731, accumulated_logging_time=0.290574, accumulated_submission_time=5844.06, global_step=1463, preemption_count=0, score=5844.06, test/ctc_loss=6.123044490814209, test/num_examples=2472, test/wer=0.89958, total_duration=6414.25, train/ctc_loss=6.140275955200195, train/wer=0.943745, validation/ctc_loss=6.164085388183594, validation/num_examples=5348, validation/wer=0.896618
I0307 01:36:28.914768 140352447682304 logging_writer.py:48] [1500] global_step=1500, grad_norm=1.993045687675476, loss=5.45363187789917
I0307 01:45:34.599328 140353001113344 logging_writer.py:48] [1600] global_step=1600, grad_norm=0.5380232334136963, loss=5.4473981857299805
I0307 01:54:53.760308 140352447682304 logging_writer.py:48] [1700] global_step=1700, grad_norm=1.5423320531845093, loss=5.432043552398682
I0307 01:59:11.956967 140492168930496 spec.py:321] Evaluating on the training split.
I0307 01:59:47.291786 140492168930496 spec.py:333] Evaluating on the validation split.
/usr/local/lib/python3.11/multiprocessing/popen_fork.py:66: RuntimeWarning: os.fork() was called. os.fork() is incompatible with multithreaded code, and JAX is multithreaded, so this will likely lead to a deadlock.
  self.pid = os.fork()
I0307 02:00:27.477672 140492168930496 spec.py:349] Evaluating on the test split.
/usr/local/lib/python3.11/multiprocessing/popen_fork.py:66: RuntimeWarning: os.fork() was called. os.fork() is incompatible with multithreaded code, and JAX is multithreaded, so this will likely lead to a deadlock.
  self.pid = os.fork()
I0307 02:00:47.654150 140492168930496 submission_runner.py:469] Time since start: 7965.05s, 	Step: 1747, 	{'train/ctc_loss': Array(5.698518, dtype=float32), 'train/wer': np.float64(0.9426480471958778), 'validation/ctc_loss': Array(5.68273, dtype=float32), 'validation/wer': np.float64(0.8966179750330672), 'validation/num_examples': 5348, 'test/ctc_loss': Array(5.6583223, dtype=float32), 'test/wer': np.float64(0.899579550301627), 'test/num_examples': 2472, 'score': 7299.074985980988, 'total_duration': 7965.050811052322, 'accumulated_submission_time': 7299.074985980988, 'accumulated_eval_time': 665.4252381324768, 'accumulated_logging_time': 0.3428781032562256}
I0307 02:00:47.672872 140353001113344 logging_writer.py:48] [1747] accumulated_eval_time=665.425, accumulated_logging_time=0.342878, accumulated_submission_time=7299.07, global_step=1747, preemption_count=0, score=7299.07, test/ctc_loss=5.658322334289551, test/num_examples=2472, test/wer=0.89958, total_duration=7965.05, train/ctc_loss=5.698517799377441, train/wer=0.942648, validation/ctc_loss=5.682730197906494, validation/num_examples=5348, validation/wer=0.896618
I0307 02:03:48.403724 140352447682304 logging_writer.py:48] [1800] global_step=1800, grad_norm=1.7386441230773926, loss=5.399461269378662
I0307 02:12:40.953938 140353001113344 logging_writer.py:48] [1900] global_step=1900, grad_norm=1.7822238206863403, loss=5.24962043762207
I0307 02:21:40.193562 140352447682304 logging_writer.py:48] [2000] global_step=2000, grad_norm=1.757048487663269, loss=4.846392631530762
I0307 02:24:56.175673 140492168930496 spec.py:321] Evaluating on the training split.
I0307 02:25:35.562139 140492168930496 spec.py:333] Evaluating on the validation split.
/usr/local/lib/python3.11/multiprocessing/popen_fork.py:66: RuntimeWarning: os.fork() was called. os.fork() is incompatible with multithreaded code, and JAX is multithreaded, so this will likely lead to a deadlock.
  self.pid = os.fork()
I0307 02:26:19.239833 140492168930496 spec.py:349] Evaluating on the test split.
/usr/local/lib/python3.11/multiprocessing/popen_fork.py:66: RuntimeWarning: os.fork() was called. os.fork() is incompatible with multithreaded code, and JAX is multithreaded, so this will likely lead to a deadlock.
  self.pid = os.fork()
I0307 02:26:42.205210 140492168930496 submission_runner.py:469] Time since start: 9519.60s, 	Step: 2035, 	{'train/ctc_loss': Array(5.24678, dtype=float32), 'train/wer': np.float64(0.9069432269791504), 'validation/ctc_loss': Array(5.313455, dtype=float32), 'validation/wer': np.float64(0.8723172132809407), 'validation/num_examples': 5348, 'test/ctc_loss': Array(5.1416545, dtype=float32), 'test/wer': np.float64(0.8725651493916682), 'test/num_examples': 2472, 'score': 8747.534654855728, 'total_duration': 9519.602090835571, 'accumulated_submission_time': 8747.534654855728, 'accumulated_eval_time': 771.4522953033447, 'accumulated_logging_time': 0.37162160873413086}
I0307 02:26:42.224353 140353001113344 logging_writer.py:48] [2035] accumulated_eval_time=771.452, accumulated_logging_time=0.371622, accumulated_submission_time=8747.53, global_step=2035, preemption_count=0, score=8747.53, test/ctc_loss=5.1416544914245605, test/num_examples=2472, test/wer=0.872565, total_duration=9519.6, train/ctc_loss=5.246779918670654, train/wer=0.906943, validation/ctc_loss=5.313455104827881, validation/num_examples=5348, validation/wer=0.872317
/usr/local/lib/python3.11/multiprocessing/popen_fork.py:66: RuntimeWarning: os.fork() was called. os.fork() is incompatible with multithreaded code, and JAX is multithreaded, so this will likely lead to a deadlock.
  self.pid = os.fork()
I0307 02:29:31.364734 140353001113344 logging_writer.py:48] [2100] global_step=2100, grad_norm=0.81377774477005, loss=4.606054782867432
I0307 02:35:17.792184 140352447682304 logging_writer.py:48] [2200] global_step=2200, grad_norm=1.5624741315841675, loss=4.382824897766113
I0307 02:41:34.126904 140353001113344 logging_writer.py:48] [2300] global_step=2300, grad_norm=0.6934252381324768, loss=4.207957744598389
I0307 02:48:28.217400 140352447682304 logging_writer.py:48] [2400] global_step=2400, grad_norm=1.5581868886947632, loss=4.112837791442871
I0307 02:50:44.116510 140492168930496 spec.py:321] Evaluating on the training split.
I0307 02:51:27.561928 140492168930496 spec.py:333] Evaluating on the validation split.
/usr/local/lib/python3.11/multiprocessing/popen_fork.py:66: RuntimeWarning: os.fork() was called. os.fork() is incompatible with multithreaded code, and JAX is multithreaded, so this will likely lead to a deadlock.
  self.pid = os.fork()
I0307 02:52:12.109095 140492168930496 spec.py:349] Evaluating on the test split.
/usr/local/lib/python3.11/multiprocessing/popen_fork.py:66: RuntimeWarning: os.fork() was called. os.fork() is incompatible with multithreaded code, and JAX is multithreaded, so this will likely lead to a deadlock.
  self.pid = os.fork()
I0307 02:52:40.058729 140492168930496 submission_runner.py:469] Time since start: 11077.46s, 	Step: 2433, 	{'train/ctc_loss': Array(4.071414, dtype=float32), 'train/wer': np.float64(0.8218761310763388), 'validation/ctc_loss': Array(4.284713, dtype=float32), 'validation/wer': np.float64(0.8113191152475936), 'validation/num_examples': 5348, 'test/ctc_loss': Array(4.075393, dtype=float32), 'test/wer': np.float64(0.7996872016736741), 'test/num_examples': 2472, 'score': 10189.370173931122, 'total_duration': 11077.455216407776, 'accumulated_submission_time': 10189.370173931122, 'accumulated_eval_time': 887.3915748596191, 'accumulated_logging_time': 0.40123939514160156}
I0307 02:52:40.097544 140353001113344 logging_writer.py:48] [2433] accumulated_eval_time=887.392, accumulated_logging_time=0.401239, accumulated_submission_time=10189.4, global_step=2433, preemption_count=0, score=10189.4, test/ctc_loss=4.075393199920654, test/num_examples=2472, test/wer=0.799687, total_duration=11077.5, train/ctc_loss=4.071413993835449, train/wer=0.821876, validation/ctc_loss=4.284712791442871, validation/num_examples=5348, validation/wer=0.811319
I0307 02:56:06.095455 140352447682304 logging_writer.py:48] [2500] global_step=2500, grad_norm=0.5993343591690063, loss=4.040740013122559
I0307 03:04:48.546668 140353001113344 logging_writer.py:48] [2600] global_step=2600, grad_norm=0.9217103719711304, loss=3.871849775314331
I0307 03:13:31.778060 140352447682304 logging_writer.py:48] [2700] global_step=2700, grad_norm=1.0099048614501953, loss=3.785917043685913
I0307 03:16:40.833047 140492168930496 spec.py:321] Evaluating on the training split.
I0307 03:17:22.577745 140492168930496 spec.py:333] Evaluating on the validation split.
/usr/local/lib/python3.11/multiprocessing/popen_fork.py:66: RuntimeWarning: os.fork() was called. os.fork() is incompatible with multithreaded code, and JAX is multithreaded, so this will likely lead to a deadlock.
  self.pid = os.fork()
I0307 03:18:16.714457 140492168930496 spec.py:349] Evaluating on the test split.
/usr/local/lib/python3.11/multiprocessing/popen_fork.py:66: RuntimeWarning: os.fork() was called. os.fork() is incompatible with multithreaded code, and JAX is multithreaded, so this will likely lead to a deadlock.
  self.pid = os.fork()
I0307 03:18:38.214115 140492168930496 submission_runner.py:469] Time since start: 12635.61s, 	Step: 2740, 	{'train/ctc_loss': Array(4.085806, dtype=float32), 'train/wer': np.float64(0.8105285282372152), 'validation/ctc_loss': Array(4.2551956, dtype=float32), 'validation/wer': np.float64(0.794732421290441), 'validation/num_examples': 5348, 'test/ctc_loss': Array(4.0162363, dtype=float32), 'test/wer': np.float64(0.7805740052403876), 'test/num_examples': 2472, 'score': 11630.060141801834, 'total_duration': 12635.6111536026, 'accumulated_submission_time': 11630.060141801834, 'accumulated_eval_time': 1004.7702405452728, 'accumulated_logging_time': 0.4507761001586914}
I0307 03:18:38.231580 140353001113344 logging_writer.py:48] [2740] accumulated_eval_time=1004.77, accumulated_logging_time=0.450776, accumulated_submission_time=11630.1, global_step=2740, preemption_count=0, score=11630.1, test/ctc_loss=4.016236305236816, test/num_examples=2472, test/wer=0.780574, total_duration=12635.6, train/ctc_loss=4.085805892944336, train/wer=0.810529, validation/ctc_loss=4.255195617675781, validation/num_examples=5348, validation/wer=0.794732
I0307 03:22:12.197239 140352447682304 logging_writer.py:48] [2800] global_step=2800, grad_norm=2.0110085010528564, loss=3.652045965194702
I0307 03:30:38.630817 140353001113344 logging_writer.py:48] [2900] global_step=2900, grad_norm=2.3437721729278564, loss=3.702361583709717
I0307 03:38:52.294300 140352447682304 logging_writer.py:48] [3000] global_step=3000, grad_norm=0.680827796459198, loss=3.556840181350708
I0307 03:42:43.331665 140492168930496 spec.py:321] Evaluating on the training split.
I0307 03:43:26.916712 140492168930496 spec.py:333] Evaluating on the validation split.
/usr/local/lib/python3.11/multiprocessing/popen_fork.py:66: RuntimeWarning: os.fork() was called. os.fork() is incompatible with multithreaded code, and JAX is multithreaded, so this will likely lead to a deadlock.
  self.pid = os.fork()
I0307 03:44:16.708460 140492168930496 spec.py:349] Evaluating on the test split.
/usr/local/lib/python3.11/multiprocessing/popen_fork.py:66: RuntimeWarning: os.fork() was called. os.fork() is incompatible with multithreaded code, and JAX is multithreaded, so this will likely lead to a deadlock.
  self.pid = os.fork()
I0307 03:44:37.584631 140492168930496 submission_runner.py:469] Time since start: 14194.98s, 	Step: 3049, 	{'train/ctc_loss': Array(3.6162896, dtype=float32), 'train/wer': np.float64(0.7383978639584962), 'validation/ctc_loss': Array(3.878472, dtype=float32), 'validation/wer': np.float64(0.7419697423173098), 'validation/num_examples': 5348, 'test/ctc_loss': Array(3.6079912, dtype=float32), 'test/wer': np.float64(0.7154957041009079), 'test/num_examples': 2472, 'score': 13075.11595916748, 'total_duration': 14194.981535196304, 'accumulated_submission_time': 13075.11595916748, 'accumulated_eval_time': 1119.0206377506256, 'accumulated_logging_time': 0.4779648780822754}
I0307 03:44:37.603807 140353001113344 logging_writer.py:48] [3049] accumulated_eval_time=1119.02, accumulated_logging_time=0.477965, accumulated_submission_time=13075.1, global_step=3049, preemption_count=0, score=13075.1, test/ctc_loss=3.6079912185668945, test/num_examples=2472, test/wer=0.715496, total_duration=14195, train/ctc_loss=3.6162896156311035, train/wer=0.738398, validation/ctc_loss=3.878472089767456, validation/num_examples=5348, validation/wer=0.74197
/usr/local/lib/python3.11/multiprocessing/popen_fork.py:66: RuntimeWarning: os.fork() was called. os.fork() is incompatible with multithreaded code, and JAX is multithreaded, so this will likely lead to a deadlock.
  self.pid = os.fork()
I0307 03:46:26.073671 140353001113344 logging_writer.py:48] [3100] global_step=3100, grad_norm=1.4667474031448364, loss=3.5579755306243896
I0307 03:50:48.783703 140352447682304 logging_writer.py:48] [3200] global_step=3200, grad_norm=1.8694273233413696, loss=3.430643081665039
I0307 03:55:40.370337 140353001113344 logging_writer.py:48] [3300] global_step=3300, grad_norm=0.5738464593887329, loss=3.437673807144165
I0307 04:01:24.361379 140352447682304 logging_writer.py:48] [3400] global_step=3400, grad_norm=1.6708074808120728, loss=3.3700501918792725
I0307 04:08:40.390921 140492168930496 spec.py:321] Evaluating on the training split.
I0307 04:09:23.847432 140492168930496 spec.py:333] Evaluating on the validation split.
/usr/local/lib/python3.11/multiprocessing/popen_fork.py:66: RuntimeWarning: os.fork() was called. os.fork() is incompatible with multithreaded code, and JAX is multithreaded, so this will likely lead to a deadlock.
  self.pid = os.fork()
I0307 04:10:31.445191 140492168930496 spec.py:349] Evaluating on the test split.
/usr/local/lib/python3.11/multiprocessing/popen_fork.py:66: RuntimeWarning: os.fork() was called. os.fork() is incompatible with multithreaded code, and JAX is multithreaded, so this will likely lead to a deadlock.
  self.pid = os.fork()
I0307 04:10:55.898102 140492168930496 submission_runner.py:469] Time since start: 15773.29s, 	Step: 3499, 	{'train/ctc_loss': Array(3.4652731, dtype=float32), 'train/wer': np.float64(0.7245017276251475), 'validation/ctc_loss': Array(3.6531923, dtype=float32), 'validation/wer': np.float64(0.7195419832588316), 'validation/num_examples': 5348, 'test/ctc_loss': Array(3.3963137, dtype=float32), 'test/wer': np.float64(0.6938029370544148), 'test/num_examples': 2472, 'score': 14517.808693647385, 'total_duration': 15773.294963359833, 'accumulated_submission_time': 14517.808693647385, 'accumulated_eval_time': 1254.5252659320831, 'accumulated_logging_time': 0.5397672653198242}
I0307 04:10:55.938122 140353001113344 logging_writer.py:48] [3499] accumulated_eval_time=1254.53, accumulated_logging_time=0.539767, accumulated_submission_time=14517.8, global_step=3499, preemption_count=0, score=14517.8, test/ctc_loss=3.3963136672973633, test/num_examples=2472, test/wer=0.693803, total_duration=15773.3, train/ctc_loss=3.465273141860962, train/wer=0.724502, validation/ctc_loss=3.6531922817230225, validation/num_examples=5348, validation/wer=0.719542
I0307 04:10:57.580338 140352447682304 logging_writer.py:48] [3500] global_step=3500, grad_norm=0.8264415264129639, loss=3.3003435134887695
I0307 04:17:24.877917 140353001113344 logging_writer.py:48] [3600] global_step=3600, grad_norm=1.5237733125686646, loss=3.2495598793029785
I0307 04:25:50.380481 140352447682304 logging_writer.py:48] [3700] global_step=3700, grad_norm=1.2777655124664307, loss=3.243598699569702
I0307 04:34:06.874665 140353001113344 logging_writer.py:48] [3800] global_step=3800, grad_norm=0.4605312943458557, loss=3.2129194736480713
I0307 04:34:58.261868 140492168930496 spec.py:321] Evaluating on the training split.
I0307 04:35:42.074103 140492168930496 spec.py:333] Evaluating on the validation split.
/usr/local/lib/python3.11/multiprocessing/popen_fork.py:66: RuntimeWarning: os.fork() was called. os.fork() is incompatible with multithreaded code, and JAX is multithreaded, so this will likely lead to a deadlock.
  self.pid = os.fork()
I0307 04:36:35.683809 140492168930496 spec.py:349] Evaluating on the test split.
/usr/local/lib/python3.11/multiprocessing/popen_fork.py:66: RuntimeWarning: os.fork() was called. os.fork() is incompatible with multithreaded code, and JAX is multithreaded, so this will likely lead to a deadlock.
  self.pid = os.fork()
I0307 04:36:56.767154 140492168930496 submission_runner.py:469] Time since start: 17334.16s, 	Step: 3811, 	{'train/ctc_loss': Array(3.088651, dtype=float32), 'train/wer': np.float64(0.6939950526660335), 'validation/ctc_loss': Array(3.391235, dtype=float32), 'validation/wer': np.float64(0.7001264759550866), 'validation/num_examples': 5348, 'test/ctc_loss': Array(3.035262, dtype=float32), 'test/wer': np.float64(0.6670322751000345), 'test/num_examples': 2472, 'score': 15960.073598861694, 'total_duration': 17334.163780927658, 'accumulated_submission_time': 15960.073598861694, 'accumulated_eval_time': 1373.0277225971222, 'accumulated_logging_time': 0.6037681102752686}
I0307 04:36:56.788845 140353001113344 logging_writer.py:48] [3811] accumulated_eval_time=1373.03, accumulated_logging_time=0.603768, accumulated_submission_time=15960.1, global_step=3811, preemption_count=0, score=15960.1, test/ctc_loss=3.035262107849121, test/num_examples=2472, test/wer=0.667032, total_duration=17334.2, train/ctc_loss=3.088650941848755, train/wer=0.693995, validation/ctc_loss=3.391235113143921, validation/num_examples=5348, validation/wer=0.700126
I0307 04:42:20.193884 140352447682304 logging_writer.py:48] [3900] global_step=3900, grad_norm=0.851183295249939, loss=3.068751811981201
I0307 04:50:55.415275 140353001113344 logging_writer.py:48] [4000] global_step=4000, grad_norm=0.8314723372459412, loss=3.1624460220336914
I0307 04:59:42.169708 140352447682304 logging_writer.py:48] [4100] global_step=4100, grad_norm=0.8150817155838013, loss=3.047752618789673
I0307 05:00:59.765046 140492168930496 spec.py:321] Evaluating on the training split.
I0307 05:01:43.974895 140492168930496 spec.py:333] Evaluating on the validation split.
/usr/local/lib/python3.11/multiprocessing/popen_fork.py:66: RuntimeWarning: os.fork() was called. os.fork() is incompatible with multithreaded code, and JAX is multithreaded, so this will likely lead to a deadlock.
  self.pid = os.fork()
I0307 05:02:25.535283 140492168930496 spec.py:349] Evaluating on the test split.
/usr/local/lib/python3.11/multiprocessing/popen_fork.py:66: RuntimeWarning: os.fork() was called. os.fork() is incompatible with multithreaded code, and JAX is multithreaded, so this will likely lead to a deadlock.
  self.pid = os.fork()
I0307 05:02:46.809156 140492168930496 submission_runner.py:469] Time since start: 18884.21s, 	Step: 4115, 	{'train/ctc_loss': Array(2.895702, dtype=float32), 'train/wer': np.float64(0.674823866824615), 'validation/ctc_loss': Array(3.2372556, dtype=float32), 'validation/wer': np.float64(0.6918041650173301), 'validation/num_examples': 5348, 'test/ctc_loss': Array(2.8685951, dtype=float32), 'test/wer': np.float64(0.6489955923872199), 'test/num_examples': 2472, 'score': 17403.001393079758, 'total_duration': 18884.205795764923, 'accumulated_submission_time': 17403.001393079758, 'accumulated_eval_time': 1480.0690116882324, 'accumulated_logging_time': 0.6367483139038086}
I0307 05:02:46.828938 140353001113344 logging_writer.py:48] [4115] accumulated_eval_time=1480.07, accumulated_logging_time=0.636748, accumulated_submission_time=17403, global_step=4115, preemption_count=0, score=17403, test/ctc_loss=2.8685951232910156, test/num_examples=2472, test/wer=0.648996, total_duration=18884.2, train/ctc_loss=2.8957018852233887, train/wer=0.674824, validation/ctc_loss=3.237255573272705, validation/num_examples=5348, validation/wer=0.691804
/usr/local/lib/python3.11/multiprocessing/popen_fork.py:66: RuntimeWarning: os.fork() was called. os.fork() is incompatible with multithreaded code, and JAX is multithreaded, so this will likely lead to a deadlock.
  self.pid = os.fork()
I0307 05:07:22.715406 140353001113344 logging_writer.py:48] [4200] global_step=4200, grad_norm=0.7405607104301453, loss=3.0322375297546387
I0307 05:13:06.547925 140352447682304 logging_writer.py:48] [4300] global_step=4300, grad_norm=1.2406777143478394, loss=2.9510653018951416
I0307 05:19:27.418592 140353001113344 logging_writer.py:48] [4400] global_step=4400, grad_norm=1.004914402961731, loss=2.9138996601104736
I0307 05:26:39.362858 140352447682304 logging_writer.py:48] [4500] global_step=4500, grad_norm=2.03267765045166, loss=2.966135263442993
I0307 05:26:47.933874 140492168930496 spec.py:321] Evaluating on the training split.
I0307 05:27:33.124048 140492168930496 spec.py:333] Evaluating on the validation split.
/usr/local/lib/python3.11/multiprocessing/popen_fork.py:66: RuntimeWarning: os.fork() was called. os.fork() is incompatible with multithreaded code, and JAX is multithreaded, so this will likely lead to a deadlock.
  self.pid = os.fork()
I0307 05:28:29.847521 140492168930496 spec.py:349] Evaluating on the test split.
/usr/local/lib/python3.11/multiprocessing/popen_fork.py:66: RuntimeWarning: os.fork() was called. os.fork() is incompatible with multithreaded code, and JAX is multithreaded, so this will likely lead to a deadlock.
  self.pid = os.fork()
I0307 05:28:56.037576 140492168930496 submission_runner.py:469] Time since start: 20453.43s, 	Step: 4502, 	{'train/ctc_loss': Array(2.3154354, dtype=float32), 'train/wer': np.float64(0.6094333542869519), 'validation/ctc_loss': Array(2.7035177, dtype=float32), 'validation/wer': np.float64(0.633779700126476), 'validation/num_examples': 5348, 'test/ctc_loss': Array(2.2941337, dtype=float32), 'test/wer': np.float64(0.5852984786626856), 'test/num_examples': 2472, 'score': 18844.052859306335, 'total_duration': 20453.43393588066, 'accumulated_submission_time': 18844.052859306335, 'accumulated_eval_time': 1608.1696326732635, 'accumulated_logging_time': 0.6670746803283691}
I0307 05:28:56.134487 140353001113344 logging_writer.py:48] [4502] accumulated_eval_time=1608.17, accumulated_logging_time=0.667075, accumulated_submission_time=18844.1, global_step=4502, preemption_count=0, score=18844.1, test/ctc_loss=2.2941336631774902, test/num_examples=2472, test/wer=0.585298, total_duration=20453.4, train/ctc_loss=2.3154354095458984, train/wer=0.609433, validation/ctc_loss=2.7035176753997803, validation/num_examples=5348, validation/wer=0.63378
I0307 05:35:29.940355 140352447682304 logging_writer.py:48] [4600] global_step=4600, grad_norm=0.659724235534668, loss=2.897305727005005
I0307 05:44:38.076057 140353001113344 logging_writer.py:48] [4700] global_step=4700, grad_norm=1.6940110921859741, loss=2.9090495109558105
I0307 05:53:00.014170 140492168930496 spec.py:321] Evaluating on the training split.
I0307 05:53:45.005920 140492168930496 spec.py:333] Evaluating on the validation split.
/usr/local/lib/python3.11/multiprocessing/popen_fork.py:66: RuntimeWarning: os.fork() was called. os.fork() is incompatible with multithreaded code, and JAX is multithreaded, so this will likely lead to a deadlock.
  self.pid = os.fork()
I0307 05:54:35.521856 140492168930496 spec.py:349] Evaluating on the test split.
/usr/local/lib/python3.11/multiprocessing/popen_fork.py:66: RuntimeWarning: os.fork() was called. os.fork() is incompatible with multithreaded code, and JAX is multithreaded, so this will likely lead to a deadlock.
  self.pid = os.fork()
I0307 05:54:59.090788 140492168930496 submission_runner.py:469] Time since start: 22016.49s, 	Step: 4789, 	{'train/ctc_loss': Array(1.9602187, dtype=float32), 'train/wer': np.float64(0.5401929094153242), 'validation/ctc_loss': Array(2.3243558, dtype=float32), 'validation/wer': np.float64(0.5756490340519613), 'validation/num_examples': 5348, 'test/ctc_loss': Array(1.9586726, dtype=float32), 'test/wer': np.float64(0.5283651209554567), 'test/num_examples': 2472, 'score': 20287.888495206833, 'total_duration': 22016.487710237503, 'accumulated_submission_time': 20287.888495206833, 'accumulated_eval_time': 1727.2437171936035, 'accumulated_logging_time': 0.7747206687927246}
I0307 05:54:59.109856 140353001113344 logging_writer.py:48] [4789] accumulated_eval_time=1727.24, accumulated_logging_time=0.774721, accumulated_submission_time=20287.9, global_step=4789, preemption_count=0, score=20287.9, test/ctc_loss=1.9586726427078247, test/num_examples=2472, test/wer=0.528365, total_duration=22016.5, train/ctc_loss=1.9602186679840088, train/wer=0.540193, validation/ctc_loss=2.3243558406829834, validation/num_examples=5348, validation/wer=0.575649
I0307 05:55:09.526093 140352447682304 logging_writer.py:48] [4800] global_step=4800, grad_norm=0.9215372204780579, loss=2.889857769012451
I0307 06:03:44.990384 140353001113344 logging_writer.py:48] [4900] global_step=4900, grad_norm=1.4859567880630493, loss=2.7864797115325928
I0307 06:13:31.636835 140352447682304 logging_writer.py:48] [5000] global_step=5000, grad_norm=0.4418463408946991, loss=2.7928085327148438
I0307 06:19:03.877787 140492168930496 spec.py:321] Evaluating on the training split.
I0307 06:19:49.297479 140492168930496 spec.py:333] Evaluating on the validation split.
/usr/local/lib/python3.11/multiprocessing/popen_fork.py:66: RuntimeWarning: os.fork() was called. os.fork() is incompatible with multithreaded code, and JAX is multithreaded, so this will likely lead to a deadlock.
  self.pid = os.fork()
I0307 06:20:31.703709 140492168930496 spec.py:349] Evaluating on the test split.
/usr/local/lib/python3.11/multiprocessing/popen_fork.py:66: RuntimeWarning: os.fork() was called. os.fork() is incompatible with multithreaded code, and JAX is multithreaded, so this will likely lead to a deadlock.
  self.pid = os.fork()
I0307 06:20:58.076867 140492168930496 submission_runner.py:469] Time since start: 23575.47s, 	Step: 5058, 	{'train/ctc_loss': Array(1.8076345, dtype=float32), 'train/wer': np.float64(0.5095682369900378), 'validation/ctc_loss': Array(2.1771662, dtype=float32), 'validation/wer': np.float64(0.5395406316074032), 'validation/num_examples': 5348, 'test/ctc_loss': Array(1.7972078, dtype=float32), 'test/wer': np.float64(0.4898543659740418), 'test/num_examples': 2472, 'score': 21732.61481499672, 'total_duration': 23575.473796606064, 'accumulated_submission_time': 21732.61481499672, 'accumulated_eval_time': 1841.4402747154236, 'accumulated_logging_time': 0.8038911819458008}
I0307 06:20:58.096207 140353001113344 logging_writer.py:48] [5058] accumulated_eval_time=1841.44, accumulated_logging_time=0.803891, accumulated_submission_time=21732.6, global_step=5058, preemption_count=0, score=21732.6, test/ctc_loss=1.7972078323364258, test/num_examples=2472, test/wer=0.489854, total_duration=23575.5, train/ctc_loss=1.8076344728469849, train/wer=0.509568, validation/ctc_loss=2.177166223526001, validation/num_examples=5348, validation/wer=0.539541
I0307 06:23:00.651616 140352447682304 logging_writer.py:48] [5100] global_step=5100, grad_norm=0.5036684274673462, loss=2.7395997047424316
/usr/local/lib/python3.11/multiprocessing/popen_fork.py:66: RuntimeWarning: os.fork() was called. os.fork() is incompatible with multithreaded code, and JAX is multithreaded, so this will likely lead to a deadlock.
  self.pid = os.fork()
I0307 06:30:21.502866 140353001113344 logging_writer.py:48] [5200] global_step=5200, grad_norm=1.5908209085464478, loss=2.739213705062866
I0307 06:36:04.381645 140352447682304 logging_writer.py:48] [5300] global_step=5300, grad_norm=1.1242527961730957, loss=2.8017404079437256
I0307 06:42:18.275296 140353001113344 logging_writer.py:48] [5400] global_step=5400, grad_norm=0.8574567437171936, loss=2.7135543823242188
I0307 06:45:07.442571 140492168930496 spec.py:321] Evaluating on the training split.
I0307 06:45:53.028022 140492168930496 spec.py:333] Evaluating on the validation split.
/usr/local/lib/python3.11/multiprocessing/popen_fork.py:66: RuntimeWarning: os.fork() was called. os.fork() is incompatible with multithreaded code, and JAX is multithreaded, so this will likely lead to a deadlock.
  self.pid = os.fork()
I0307 06:46:36.279868 140492168930496 spec.py:349] Evaluating on the test split.
/usr/local/lib/python3.11/multiprocessing/popen_fork.py:66: RuntimeWarning: os.fork() was called. os.fork() is incompatible with multithreaded code, and JAX is multithreaded, so this will likely lead to a deadlock.
  self.pid = os.fork()
I0307 06:47:05.324105 140492168930496 submission_runner.py:469] Time since start: 25142.72s, 	Step: 5439, 	{'train/ctc_loss': Array(1.5714207, dtype=float32), 'train/wer': np.float64(0.4695277065413134), 'validation/ctc_loss': Array(1.9783894, dtype=float32), 'validation/wer': np.float64(0.5165915212836827), 'validation/num_examples': 5348, 'test/ctc_loss': Array(1.6190838, dtype=float32), 'test/wer': np.float64(0.4636727398289765), 'test/num_examples': 2472, 'score': 23181.909299612045, 'total_duration': 25142.720847845078, 'accumulated_submission_time': 23181.909299612045, 'accumulated_eval_time': 1959.319123506546, 'accumulated_logging_time': 0.8328423500061035}
I0307 06:47:05.345454 140353001113344 logging_writer.py:48] [5439] accumulated_eval_time=1959.32, accumulated_logging_time=0.832842, accumulated_submission_time=23181.9, global_step=5439, preemption_count=0, score=23181.9, test/ctc_loss=1.6190837621688843, test/num_examples=2472, test/wer=0.463673, total_duration=25142.7, train/ctc_loss=1.571420669555664, train/wer=0.469528, validation/ctc_loss=1.9783893823623657, validation/num_examples=5348, validation/wer=0.516592
I0307 06:49:56.508553 140352447682304 logging_writer.py:48] [5500] global_step=5500, grad_norm=1.7655231952667236, loss=2.804374933242798
I0307 06:58:16.890059 140353001113344 logging_writer.py:48] [5600] global_step=5600, grad_norm=1.1189980506896973, loss=2.78315806388855
I0307 07:07:11.892396 140352447682304 logging_writer.py:48] [5700] global_step=5700, grad_norm=0.5725718140602112, loss=2.6674625873565674
I0307 07:11:11.720847 140492168930496 spec.py:321] Evaluating on the training split.
I0307 07:11:59.341935 140492168930496 spec.py:333] Evaluating on the validation split.
/usr/local/lib/python3.11/multiprocessing/popen_fork.py:66: RuntimeWarning: os.fork() was called. os.fork() is incompatible with multithreaded code, and JAX is multithreaded, so this will likely lead to a deadlock.
  self.pid = os.fork()
I0307 07:12:49.091795 140492168930496 spec.py:349] Evaluating on the test split.
/usr/local/lib/python3.11/multiprocessing/popen_fork.py:66: RuntimeWarning: os.fork() was called. os.fork() is incompatible with multithreaded code, and JAX is multithreaded, so this will likely lead to a deadlock.
  self.pid = os.fork()
I0307 07:13:15.261798 140492168930496 submission_runner.py:469] Time since start: 26712.66s, 	Step: 5743, 	{'train/ctc_loss': Array(1.5324963, dtype=float32), 'train/wer': np.float64(0.45498773423488426), 'validation/ctc_loss': Array(1.8865273, dtype=float32), 'validation/wer': np.float64(0.4941541075721444), 'validation/num_examples': 5348, 'test/ctc_loss': Array(1.5193324, dtype=float32), 'test/wer': np.float64(0.4420409075213779), 'test/num_examples': 2472, 'score': 24628.240020275116, 'total_duration': 26712.65813779831, 'accumulated_submission_time': 24628.240020275116, 'accumulated_eval_time': 2082.8569684028625, 'accumulated_logging_time': 0.8645105361938477}
I0307 07:13:15.286228 140353001113344 logging_writer.py:48] [5743] accumulated_eval_time=2082.86, accumulated_logging_time=0.864511, accumulated_submission_time=24628.2, global_step=5743, preemption_count=0, score=24628.2, test/ctc_loss=1.5193324089050293, test/num_examples=2472, test/wer=0.442041, total_duration=26712.7, train/ctc_loss=1.5324963331222534, train/wer=0.454988, validation/ctc_loss=1.8865272998809814, validation/num_examples=5348, validation/wer=0.494154
I0307 07:16:34.568302 140352447682304 logging_writer.py:48] [5800] global_step=5800, grad_norm=1.1888049840927124, loss=2.6674304008483887
