python submission_runner.py --framework=jax --workload=wmt --submission_path=prize_qualification_baselines/external_tuning/jax_nadamw_full_budget.py --data_dir=/data/wmt --num_tuning_trials=1 --experiment_dir=/experiment_runs --experiment_name=submissions/rolling_leaderboard/external_tuning/baseline/study_2 --overwrite=True --save_checkpoints=False --rng_seed=1186667789 --tuning_ruleset=external --tuning_search_space=prize_qualification_baselines/external_tuning/tuning_search_space.json --num_tuning_trials=5 --hparam_start_index=1 --hparam_end_index=2 2>&1 | tee -a /logs/wmt_jax_03-05-2025-19-12-36.log
2025-03-05 19:12:37.421774: E external/local_xla/xla/stream_executor/cuda/cuda_fft.cc:477] Unable to register cuFFT factory: Attempting to register factory for plugin cuFFT when one has already been registered
WARNING: All log messages before absl::InitializeLog() is called are written to STDERR
E0000 00:00:1741201957.443339       9 cuda_dnn.cc:8310] Unable to register cuDNN factory: Attempting to register factory for plugin cuDNN when one has already been registered
E0000 00:00:1741201957.449958       9 cuda_blas.cc:1418] Unable to register cuBLAS factory: Attempting to register factory for plugin cuBLAS when one has already been registered
ERROR:root:Unable to import wandb.
Traceback (most recent call last):
  File "/algorithmic-efficiency/algoperf/logger_utils.py", line 27, in <module>
    import wandb  # pylint: disable=g-import-not-at-top
    ^^^^^^^^^^^^
ModuleNotFoundError: No module named 'wandb'
I0305 19:12:44.154388 140014092387520 logger_utils.py:81] Creating experiment directory at /experiment_runs/submissions/rolling_leaderboard/external_tuning/baseline/study_2/wmt_jax.
I0305 19:12:45.009686 140014092387520 xla_bridge.py:884] Unable to initialize backend 'rocm': NOT_FOUND: Could not find registered platform with name: "rocm". Available platform names are: CUDA
I0305 19:12:45.012798 140014092387520 xla_bridge.py:884] Unable to initialize backend 'tpu': INTERNAL: Failed to open libtpu.so: libtpu.so: cannot open shared object file: No such file or directory
I0305 19:12:45.014579 140014092387520 submission_runner.py:606] Using RNG seed 1186667789
I0305 19:12:45.585355 140014092387520 submission_runner.py:615] --- Tuning run 2/5 ---
I0305 19:12:45.585545 140014092387520 submission_runner.py:620] Creating tuning directory at /experiment_runs/submissions/rolling_leaderboard/external_tuning/baseline/study_2/wmt_jax/trial_2.
I0305 19:12:45.585731 140014092387520 logger_utils.py:97] Saving hparams to /experiment_runs/submissions/rolling_leaderboard/external_tuning/baseline/study_2/wmt_jax/trial_2/hparams.json.
I0305 19:12:45.820611 140014092387520 submission_runner.py:218] Initializing dataset.
I0305 19:12:45.973656 140014092387520 dataset_info.py:690] Load dataset info from /data/wmt/wmt17_translate/de-en/1.0.0
I0305 19:12:46.049354 140014092387520 reader.py:261] Creating a tf.data.Dataset reading 16 files located in folders: /data/wmt/wmt17_translate/de-en/1.0.0.
I0305 19:12:46.123227 140014092387520 logging_logger.py:49] Constructing tf.data.Dataset wmt17_translate for split train, from /data/wmt/wmt17_translate/de-en/1.0.0
I0305 19:12:47.460256 140014092387520 submission_runner.py:229] Initializing model.
I0305 19:13:27.179185 140014092387520 submission_runner.py:272] Initializing optimizer.
I0305 19:13:28.010040 140014092387520 submission_runner.py:279] Initializing metrics bundle.
I0305 19:13:28.010297 140014092387520 submission_runner.py:301] Initializing checkpoint and logger.
I0305 19:13:28.011338 140014092387520 checkpoints.py:1101] Found no checkpoint files in /experiment_runs/submissions/rolling_leaderboard/external_tuning/baseline/study_2/wmt_jax/trial_2 with prefix checkpoint_
I0305 19:13:28.011451 140014092387520 submission_runner.py:321] Saving meta data to /experiment_runs/submissions/rolling_leaderboard/external_tuning/baseline/study_2/wmt_jax/trial_2/meta_data_0.json.
I0305 19:13:28.011631 140014092387520 logger_utils.py:262] Unable to record workload.train_mean information. Continuing without it.
I0305 19:13:28.011681 140014092387520 logger_utils.py:262] Unable to record workload.train_stddev information. Continuing without it.
I0305 19:13:28.196705 140014092387520 submission_runner.py:325] Saving flags to /experiment_runs/submissions/rolling_leaderboard/external_tuning/baseline/study_2/wmt_jax/trial_2/flags_0.json.
I0305 19:13:28.240836 140014092387520 submission_runner.py:337] Starting training loop.
I0305 19:13:53.351030 139878041884416 logging_writer.py:48] [0] global_step=0, grad_norm=4.643734455108643, loss=11.024527549743652
I0305 19:13:53.407422 140014092387520 spec.py:321] Evaluating on the training split.
I0305 19:13:53.409628 140014092387520 dataset_info.py:690] Load dataset info from /data/wmt/wmt17_translate/de-en/1.0.0
I0305 19:13:53.412812 140014092387520 reader.py:261] Creating a tf.data.Dataset reading 16 files located in folders: /data/wmt/wmt17_translate/de-en/1.0.0.
I0305 19:13:53.443683 140014092387520 logging_logger.py:49] Constructing tf.data.Dataset wmt17_translate for split train, from /data/wmt/wmt17_translate/de-en/1.0.0
I0305 19:13:59.420321 140014092387520 workload.py:181] Translating evaluation dataset.
I0305 19:19:01.815630 140014092387520 spec.py:333] Evaluating on the validation split.
I0305 19:19:01.867601 140014092387520 dataset_info.py:690] Load dataset info from /data/wmt/wmt14_translate/de-en/1.0.0
I0305 19:19:01.879837 140014092387520 reader.py:261] Creating a tf.data.Dataset reading 1 files located in folders: /data/wmt/wmt14_translate/de-en/1.0.0.
I0305 19:19:01.910260 140014092387520 logging_logger.py:49] Constructing tf.data.Dataset wmt14_translate for split validation, from /data/wmt/wmt14_translate/de-en/1.0.0
I0305 19:19:06.909005 140014092387520 workload.py:181] Translating evaluation dataset.
I0305 19:24:03.158372 140014092387520 spec.py:349] Evaluating on the test split.
I0305 19:24:03.160416 140014092387520 dataset_info.py:690] Load dataset info from /data/wmt/wmt14_translate/de-en/1.0.0
I0305 19:24:03.163309 140014092387520 reader.py:261] Creating a tf.data.Dataset reading 1 files located in folders: /data/wmt/wmt14_translate/de-en/1.0.0.
I0305 19:24:03.194447 140014092387520 logging_logger.py:49] Constructing tf.data.Dataset wmt14_translate for split test, from /data/wmt/wmt14_translate/de-en/1.0.0
I0305 19:24:05.996459 140014092387520 workload.py:181] Translating evaluation dataset.
I0305 19:29:02.548246 140014092387520 submission_runner.py:469] Time since start: 934.31s, 	Step: 1, 	{'train/accuracy': 0.000524216506164521, 'train/loss': 11.01574420928955, 'train/bleu': 0.0, 'validation/accuracy': 0.00048204089398495853, 'validation/loss': 11.013504981994629, 'validation/bleu': 0.0, 'validation/num_examples': 3000, 'test/accuracy': 0.0007183408597484231, 'test/loss': 11.02798843383789, 'test/bleu': 0.0, 'test/num_examples': 3003, 'score': 25.166481494903564, 'total_duration': 934.3073287010193, 'accumulated_submission_time': 25.166481494903564, 'accumulated_eval_time': 909.140741109848, 'accumulated_logging_time': 0}
I0305 19:29:02.555061 139871188354816 logging_writer.py:48] [1] accumulated_eval_time=909.141, accumulated_logging_time=0, accumulated_submission_time=25.1665, global_step=1, preemption_count=0, score=25.1665, test/accuracy=0.000718341, test/bleu=0, test/loss=11.028, test/num_examples=3003, total_duration=934.307, train/accuracy=0.000524217, train/bleu=0, train/loss=11.0157, validation/accuracy=0.000482041, validation/bleu=0, validation/loss=11.0135, validation/num_examples=3000
I0305 19:29:37.264038 139871179962112 logging_writer.py:48] [100] global_step=100, grad_norm=0.24058526754379272, loss=8.997389793395996
I0305 19:30:11.884624 139871188354816 logging_writer.py:48] [200] global_step=200, grad_norm=0.40731683373451233, loss=8.605867385864258
I0305 19:30:46.601767 139871179962112 logging_writer.py:48] [300] global_step=300, grad_norm=0.6260031461715698, loss=8.27677059173584
I0305 19:31:21.324868 139871188354816 logging_writer.py:48] [400] global_step=400, grad_norm=0.6607136726379395, loss=7.937429428100586
I0305 19:31:56.046184 139871179962112 logging_writer.py:48] [500] global_step=500, grad_norm=0.5785030722618103, loss=7.803365707397461
I0305 19:32:30.743007 139871188354816 logging_writer.py:48] [600] global_step=600, grad_norm=0.4922850430011749, loss=7.626466751098633
I0305 19:33:05.443135 139871179962112 logging_writer.py:48] [700] global_step=700, grad_norm=0.7501625418663025, loss=7.327084541320801
I0305 19:33:40.092618 139871188354816 logging_writer.py:48] [800] global_step=800, grad_norm=0.638584554195404, loss=7.1828107833862305
I0305 19:34:14.780076 139871179962112 logging_writer.py:48] [900] global_step=900, grad_norm=0.5095987915992737, loss=7.066248416900635
I0305 19:34:49.437694 139871188354816 logging_writer.py:48] [1000] global_step=1000, grad_norm=0.5351152420043945, loss=6.872255325317383
I0305 19:35:24.110031 139871179962112 logging_writer.py:48] [1100] global_step=1100, grad_norm=0.5055910348892212, loss=6.693821430206299
I0305 19:35:58.810982 139871188354816 logging_writer.py:48] [1200] global_step=1200, grad_norm=1.0395137071609497, loss=6.639377117156982
I0305 19:36:33.538114 139871179962112 logging_writer.py:48] [1300] global_step=1300, grad_norm=0.6152240633964539, loss=6.5816330909729
I0305 19:37:08.195459 139871188354816 logging_writer.py:48] [1400] global_step=1400, grad_norm=0.44851505756378174, loss=6.448582172393799
I0305 19:37:42.819319 139871179962112 logging_writer.py:48] [1500] global_step=1500, grad_norm=0.5506106615066528, loss=6.287137985229492
I0305 19:38:17.418187 139871188354816 logging_writer.py:48] [1600] global_step=1600, grad_norm=0.7617893815040588, loss=6.248904228210449
I0305 19:38:52.080316 139871179962112 logging_writer.py:48] [1700] global_step=1700, grad_norm=0.5635503530502319, loss=6.1110711097717285
I0305 19:39:26.718468 139871188354816 logging_writer.py:48] [1800] global_step=1800, grad_norm=0.6926586627960205, loss=6.074484348297119
I0305 19:40:01.369503 139871179962112 logging_writer.py:48] [1900] global_step=1900, grad_norm=0.6593906879425049, loss=5.90979528427124
I0305 19:40:36.044230 139871188354816 logging_writer.py:48] [2000] global_step=2000, grad_norm=0.5967385768890381, loss=5.7927632331848145
I0305 19:41:10.738656 139871179962112 logging_writer.py:48] [2100] global_step=2100, grad_norm=0.8072367906570435, loss=5.744834899902344
I0305 19:41:45.391011 139871188354816 logging_writer.py:48] [2200] global_step=2200, grad_norm=0.6210600733757019, loss=5.589395999908447
I0305 19:42:20.062988 139871179962112 logging_writer.py:48] [2300] global_step=2300, grad_norm=0.795914351940155, loss=5.5466766357421875
I0305 19:42:54.766166 139871188354816 logging_writer.py:48] [2400] global_step=2400, grad_norm=0.6847646832466125, loss=5.510944366455078
I0305 19:43:02.737259 140014092387520 spec.py:321] Evaluating on the training split.
I0305 19:43:05.337668 140014092387520 workload.py:181] Translating evaluation dataset.
I0305 19:46:18.641448 140014092387520 spec.py:333] Evaluating on the validation split.
I0305 19:46:21.241583 140014092387520 workload.py:181] Translating evaluation dataset.
I0305 19:49:34.177517 140014092387520 spec.py:349] Evaluating on the test split.
I0305 19:49:36.767114 140014092387520 workload.py:181] Translating evaluation dataset.
I0305 19:52:33.973783 140014092387520 submission_runner.py:469] Time since start: 2345.73s, 	Step: 2424, 	{'train/accuracy': 0.4466957449913025, 'train/loss': 3.7516324520111084, 'train/bleu': 16.690424241742072, 'validation/accuracy': 0.43770548701286316, 'validation/loss': 3.831123113632202, 'validation/bleu': 12.14541629922039, 'validation/num_examples': 3000, 'test/accuracy': 0.4279457926750183, 'test/loss': 3.985069751739502, 'test/bleu': 10.687958103130974, 'test/num_examples': 3003, 'score': 865.1917860507965, 'total_duration': 2345.732857942581, 'accumulated_submission_time': 865.1917860507965, 'accumulated_eval_time': 1480.3771858215332, 'accumulated_logging_time': 0.015112876892089844}
I0305 19:52:33.983720 139871179962112 logging_writer.py:48] [2424] accumulated_eval_time=1480.38, accumulated_logging_time=0.0151129, accumulated_submission_time=865.192, global_step=2424, preemption_count=0, score=865.192, test/accuracy=0.427946, test/bleu=10.688, test/loss=3.98507, test/num_examples=3003, total_duration=2345.73, train/accuracy=0.446696, train/bleu=16.6904, train/loss=3.75163, validation/accuracy=0.437705, validation/bleu=12.1454, validation/loss=3.83112, validation/num_examples=3000
I0305 19:53:00.571541 139871188354816 logging_writer.py:48] [2500] global_step=2500, grad_norm=0.566796600818634, loss=5.453936576843262
I0305 19:53:35.189451 139871179962112 logging_writer.py:48] [2600] global_step=2600, grad_norm=0.6155505776405334, loss=5.311712741851807
I0305 19:54:09.832111 139871188354816 logging_writer.py:48] [2700] global_step=2700, grad_norm=0.8762566447257996, loss=5.429545879364014
I0305 19:54:44.513283 139871179962112 logging_writer.py:48] [2800] global_step=2800, grad_norm=0.6086310148239136, loss=5.360841751098633
I0305 19:55:19.186184 139871188354816 logging_writer.py:48] [2900] global_step=2900, grad_norm=0.5541353821754456, loss=5.193263530731201
I0305 19:55:53.863828 139871179962112 logging_writer.py:48] [3000] global_step=3000, grad_norm=0.6541038155555725, loss=5.188573360443115
I0305 19:56:28.535500 139871188354816 logging_writer.py:48] [3100] global_step=3100, grad_norm=0.45009368658065796, loss=5.066932201385498
I0305 19:57:03.204629 139871179962112 logging_writer.py:48] [3200] global_step=3200, grad_norm=0.44471558928489685, loss=4.981021881103516
I0305 19:57:37.882259 139871188354816 logging_writer.py:48] [3300] global_step=3300, grad_norm=0.47202053666114807, loss=4.970449447631836
I0305 19:58:12.551378 139871179962112 logging_writer.py:48] [3400] global_step=3400, grad_norm=0.47870275378227234, loss=5.011008262634277
I0305 19:58:47.208903 139871188354816 logging_writer.py:48] [3500] global_step=3500, grad_norm=0.487131267786026, loss=5.0076680183410645
I0305 19:59:21.891569 139871179962112 logging_writer.py:48] [3600] global_step=3600, grad_norm=0.46083196997642517, loss=4.960983753204346
I0305 19:59:56.584524 139871188354816 logging_writer.py:48] [3700] global_step=3700, grad_norm=0.5036691427230835, loss=4.854641437530518
I0305 20:00:31.273490 139871179962112 logging_writer.py:48] [3800] global_step=3800, grad_norm=0.5382941961288452, loss=4.9224138259887695
I0305 20:01:05.951157 139871188354816 logging_writer.py:48] [3900] global_step=3900, grad_norm=0.37115904688835144, loss=4.834537029266357
I0305 20:01:40.613710 139871179962112 logging_writer.py:48] [4000] global_step=4000, grad_norm=0.46825307607650757, loss=4.894798278808594
I0305 20:02:15.281576 139871188354816 logging_writer.py:48] [4100] global_step=4100, grad_norm=0.38328149914741516, loss=4.7705817222595215
I0305 20:02:49.948473 139871179962112 logging_writer.py:48] [4200] global_step=4200, grad_norm=0.389240562915802, loss=4.779759883880615
I0305 20:03:24.608878 139871188354816 logging_writer.py:48] [4300] global_step=4300, grad_norm=0.4092767536640167, loss=4.79192590713501
I0305 20:03:59.311987 139871179962112 logging_writer.py:48] [4400] global_step=4400, grad_norm=0.3930078148841858, loss=4.735280990600586
I0305 20:04:34.012383 139871188354816 logging_writer.py:48] [4500] global_step=4500, grad_norm=0.3662479519844055, loss=4.76729679107666
I0305 20:05:08.744197 139871179962112 logging_writer.py:48] [4600] global_step=4600, grad_norm=0.383249968290329, loss=4.657389163970947
I0305 20:05:43.403805 139871188354816 logging_writer.py:48] [4700] global_step=4700, grad_norm=0.3299025893211365, loss=4.751857757568359
I0305 20:06:18.071684 139871179962112 logging_writer.py:48] [4800] global_step=4800, grad_norm=0.34240835905075073, loss=4.665285110473633
I0305 20:06:33.989070 140014092387520 spec.py:321] Evaluating on the training split.
I0305 20:06:36.587643 140014092387520 workload.py:181] Translating evaluation dataset.
I0305 20:09:25.755040 140014092387520 spec.py:333] Evaluating on the validation split.
I0305 20:09:28.349948 140014092387520 workload.py:181] Translating evaluation dataset.
I0305 20:12:13.188546 140014092387520 spec.py:349] Evaluating on the test split.
I0305 20:12:15.778403 140014092387520 workload.py:181] Translating evaluation dataset.
I0305 20:14:45.803890 140014092387520 submission_runner.py:469] Time since start: 3677.56s, 	Step: 4847, 	{'train/accuracy': 0.5477670431137085, 'train/loss': 2.785271644592285, 'train/bleu': 24.105470152832527, 'validation/accuracy': 0.5556077361106873, 'validation/loss': 2.712578296661377, 'validation/bleu': 20.44556085971932, 'validation/num_examples': 3000, 'test/accuracy': 0.5558452010154724, 'test/loss': 2.726165771484375, 'test/bleu': 18.905257571089965, 'test/num_examples': 3003, 'score': 1705.0442910194397, 'total_duration': 3677.563007593155, 'accumulated_submission_time': 1705.0442910194397, 'accumulated_eval_time': 1972.1919617652893, 'accumulated_logging_time': 0.03391599655151367}
I0305 20:14:45.812516 139871154784000 logging_writer.py:48] [4847] accumulated_eval_time=1972.19, accumulated_logging_time=0.033916, accumulated_submission_time=1705.04, global_step=4847, preemption_count=0, score=1705.04, test/accuracy=0.555845, test/bleu=18.9053, test/loss=2.72617, test/num_examples=3003, total_duration=3677.56, train/accuracy=0.547767, train/bleu=24.1055, train/loss=2.78527, validation/accuracy=0.555608, validation/bleu=20.4456, validation/loss=2.71258, validation/num_examples=3000
I0305 20:15:04.451145 139871146391296 logging_writer.py:48] [4900] global_step=4900, grad_norm=0.349526047706604, loss=4.648802757263184
I0305 20:15:39.016392 139871154784000 logging_writer.py:48] [5000] global_step=5000, grad_norm=0.32785141468048096, loss=4.647704601287842
I0305 20:16:13.631517 139871146391296 logging_writer.py:48] [5100] global_step=5100, grad_norm=0.31145545840263367, loss=4.597428321838379
I0305 20:16:48.280481 139871154784000 logging_writer.py:48] [5200] global_step=5200, grad_norm=0.3799886405467987, loss=4.667436122894287
I0305 20:17:22.944211 139871146391296 logging_writer.py:48] [5300] global_step=5300, grad_norm=0.2872903347015381, loss=4.534120559692383
I0305 20:17:57.594373 139871154784000 logging_writer.py:48] [5400] global_step=5400, grad_norm=0.29842546582221985, loss=4.530466556549072
I0305 20:18:32.223781 139871146391296 logging_writer.py:48] [5500] global_step=5500, grad_norm=0.28165629506111145, loss=4.599733352661133
I0305 20:19:06.882420 139871154784000 logging_writer.py:48] [5600] global_step=5600, grad_norm=0.329607754945755, loss=4.635398864746094
I0305 20:19:41.617043 139871146391296 logging_writer.py:48] [5700] global_step=5700, grad_norm=0.2827157974243164, loss=4.505339622497559
I0305 20:20:16.263703 139871154784000 logging_writer.py:48] [5800] global_step=5800, grad_norm=0.32311809062957764, loss=4.624215602874756
I0305 20:20:50.905878 139871146391296 logging_writer.py:48] [5900] global_step=5900, grad_norm=0.26006433367729187, loss=4.479511737823486
I0305 20:21:25.598373 139871154784000 logging_writer.py:48] [6000] global_step=6000, grad_norm=0.2827151417732239, loss=4.497324466705322
I0305 20:22:00.253226 139871146391296 logging_writer.py:48] [6100] global_step=6100, grad_norm=0.2673037350177765, loss=4.5217437744140625
I0305 20:22:34.938539 139871154784000 logging_writer.py:48] [6200] global_step=6200, grad_norm=0.2895151972770691, loss=4.553616523742676
I0305 20:23:09.617522 139870634698496 logging_writer.py:48] [6300] global_step=6300, grad_norm=0.2674787938594818, loss=4.55990743637085
I0305 20:23:44.235728 139870626305792 logging_writer.py:48] [6400] global_step=6400, grad_norm=0.2707459628582001, loss=4.5063323974609375
I0305 20:24:18.869708 139870634698496 logging_writer.py:48] [6500] global_step=6500, grad_norm=0.24463221430778503, loss=4.426549434661865
I0305 20:24:53.477547 139870626305792 logging_writer.py:48] [6600] global_step=6600, grad_norm=0.2541714906692505, loss=4.406388759613037
I0305 20:25:28.093564 139870634698496 logging_writer.py:48] [6700] global_step=6700, grad_norm=0.2336185723543167, loss=4.464244365692139
I0305 20:26:02.705327 139870626305792 logging_writer.py:48] [6800] global_step=6800, grad_norm=0.2730681896209717, loss=4.53499174118042
I0305 20:26:37.337687 139870634698496 logging_writer.py:48] [6900] global_step=6900, grad_norm=0.22394821047782898, loss=4.431537628173828
I0305 20:27:11.977269 139870626305792 logging_writer.py:48] [7000] global_step=7000, grad_norm=0.22677522897720337, loss=4.4188032150268555
I0305 20:27:46.662107 139870634698496 logging_writer.py:48] [7100] global_step=7100, grad_norm=0.26017916202545166, loss=4.468926906585693
I0305 20:28:21.316855 139870626305792 logging_writer.py:48] [7200] global_step=7200, grad_norm=0.26760995388031006, loss=4.323439598083496
I0305 20:28:45.908254 140014092387520 spec.py:321] Evaluating on the training split.
I0305 20:28:48.509232 140014092387520 workload.py:181] Translating evaluation dataset.
I0305 20:31:26.106345 140014092387520 spec.py:333] Evaluating on the validation split.
I0305 20:31:28.700390 140014092387520 workload.py:181] Translating evaluation dataset.
I0305 20:34:09.748775 140014092387520 spec.py:349] Evaluating on the test split.
I0305 20:34:12.346934 140014092387520 workload.py:181] Translating evaluation dataset.
I0305 20:36:45.671188 140014092387520 submission_runner.py:469] Time since start: 4997.43s, 	Step: 7272, 	{'train/accuracy': 0.5899104475975037, 'train/loss': 2.3937723636627197, 'train/bleu': 27.11121135665028, 'validation/accuracy': 0.5968531370162964, 'validation/loss': 2.344010591506958, 'validation/bleu': 23.33131986550044, 'validation/num_examples': 3000, 'test/accuracy': 0.5992701053619385, 'test/loss': 2.327810764312744, 'test/bleu': 21.932223744420213, 'test/num_examples': 3003, 'score': 2544.989545583725, 'total_duration': 4997.430301189423, 'accumulated_submission_time': 2544.989545583725, 'accumulated_eval_time': 2451.9548530578613, 'accumulated_logging_time': 0.05225253105163574}
I0305 20:36:45.679853 139870634698496 logging_writer.py:48] [7272] accumulated_eval_time=2451.95, accumulated_logging_time=0.0522525, accumulated_submission_time=2544.99, global_step=7272, preemption_count=0, score=2544.99, test/accuracy=0.59927, test/bleu=21.9322, test/loss=2.32781, test/num_examples=3003, total_duration=4997.43, train/accuracy=0.58991, train/bleu=27.1112, train/loss=2.39377, validation/accuracy=0.596853, validation/bleu=23.3313, validation/loss=2.34401, validation/num_examples=3000
I0305 20:36:55.679354 139870626305792 logging_writer.py:48] [7300] global_step=7300, grad_norm=0.24933737516403198, loss=4.353630065917969
I0305 20:37:30.252552 139870634698496 logging_writer.py:48] [7400] global_step=7400, grad_norm=0.23752643167972565, loss=4.380317211151123
I0305 20:38:04.899715 139870626305792 logging_writer.py:48] [7500] global_step=7500, grad_norm=0.23845882713794708, loss=4.411165714263916
I0305 20:38:39.555735 139870634698496 logging_writer.py:48] [7600] global_step=7600, grad_norm=0.2073839008808136, loss=4.360684871673584
I0305 20:39:14.193893 139870626305792 logging_writer.py:48] [7700] global_step=7700, grad_norm=0.20851443707942963, loss=4.33819055557251
I0305 20:39:48.845187 139870634698496 logging_writer.py:48] [7800] global_step=7800, grad_norm=0.23198603093624115, loss=4.336646556854248
I0305 20:40:23.476984 139870626305792 logging_writer.py:48] [7900] global_step=7900, grad_norm=0.23811814188957214, loss=4.337450981140137
I0305 20:40:58.131547 139870634698496 logging_writer.py:48] [8000] global_step=8000, grad_norm=0.2201080322265625, loss=4.324833393096924
I0305 20:41:32.770293 139870626305792 logging_writer.py:48] [8100] global_step=8100, grad_norm=0.20606592297554016, loss=4.317414283752441
I0305 20:42:07.411275 139870634698496 logging_writer.py:48] [8200] global_step=8200, grad_norm=0.20611125230789185, loss=4.356935977935791
I0305 20:42:42.074317 139870626305792 logging_writer.py:48] [8300] global_step=8300, grad_norm=0.21042391657829285, loss=4.319174766540527
I0305 20:43:16.734292 139870634698496 logging_writer.py:48] [8400] global_step=8400, grad_norm=0.20553798973560333, loss=4.386979579925537
I0305 20:43:51.403589 139870626305792 logging_writer.py:48] [8500] global_step=8500, grad_norm=0.20340824127197266, loss=4.248300075531006
I0305 20:44:26.055945 139870634698496 logging_writer.py:48] [8600] global_step=8600, grad_norm=0.18998384475708008, loss=4.26905632019043
I0305 20:45:00.692071 139870626305792 logging_writer.py:48] [8700] global_step=8700, grad_norm=0.19503258168697357, loss=4.3080525398254395
I0305 20:45:35.288350 139870634698496 logging_writer.py:48] [8800] global_step=8800, grad_norm=0.187785804271698, loss=4.312310218811035
I0305 20:46:09.900414 139870626305792 logging_writer.py:48] [8900] global_step=8900, grad_norm=0.20058099925518036, loss=4.2598652839660645
I0305 20:46:44.504673 139870634698496 logging_writer.py:48] [9000] global_step=9000, grad_norm=0.19572827219963074, loss=4.305285453796387
I0305 20:47:19.134810 139870626305792 logging_writer.py:48] [9100] global_step=9100, grad_norm=0.18996243178844452, loss=4.313381195068359
I0305 20:47:53.750746 139870634698496 logging_writer.py:48] [9200] global_step=9200, grad_norm=0.20868900418281555, loss=4.284556865692139
I0305 20:48:28.384836 139870626305792 logging_writer.py:48] [9300] global_step=9300, grad_norm=0.17231270670890808, loss=4.253236770629883
I0305 20:49:03.049073 139870634698496 logging_writer.py:48] [9400] global_step=9400, grad_norm=0.17901372909545898, loss=4.260609149932861
I0305 20:49:37.687435 139870626305792 logging_writer.py:48] [9500] global_step=9500, grad_norm=0.19968923926353455, loss=4.255857944488525
I0305 20:50:12.331835 139870634698496 logging_writer.py:48] [9600] global_step=9600, grad_norm=0.2013246864080429, loss=4.3134636878967285
I0305 20:50:45.929483 140014092387520 spec.py:321] Evaluating on the training split.
I0305 20:50:48.532606 140014092387520 workload.py:181] Translating evaluation dataset.
I0305 20:53:36.320178 140014092387520 spec.py:333] Evaluating on the validation split.
I0305 20:53:38.919926 140014092387520 workload.py:181] Translating evaluation dataset.
I0305 20:56:19.809556 140014092387520 spec.py:349] Evaluating on the test split.
I0305 20:56:22.406147 140014092387520 workload.py:181] Translating evaluation dataset.
I0305 20:58:52.929126 140014092387520 submission_runner.py:469] Time since start: 6324.69s, 	Step: 9698, 	{'train/accuracy': 0.6061737537384033, 'train/loss': 2.2678310871124268, 'train/bleu': 28.560014196608766, 'validation/accuracy': 0.6206215023994446, 'validation/loss': 2.154343843460083, 'validation/bleu': 25.446157752592445, 'validation/num_examples': 3000, 'test/accuracy': 0.6274127960205078, 'test/loss': 2.1260712146759033, 'test/bleu': 24.651664319412692, 'test/num_examples': 3003, 'score': 3385.091551542282, 'total_duration': 6324.688243150711, 'accumulated_submission_time': 3385.091551542282, 'accumulated_eval_time': 2938.954449892044, 'accumulated_logging_time': 0.0688619613647461}
I0305 20:58:52.937974 139870626305792 logging_writer.py:48] [9698] accumulated_eval_time=2938.95, accumulated_logging_time=0.068862, accumulated_submission_time=3385.09, global_step=9698, preemption_count=0, score=3385.09, test/accuracy=0.627413, test/bleu=24.6517, test/loss=2.12607, test/num_examples=3003, total_duration=6324.69, train/accuracy=0.606174, train/bleu=28.56, train/loss=2.26783, validation/accuracy=0.620622, validation/bleu=25.4462, validation/loss=2.15434, validation/num_examples=3000
I0305 20:58:53.992868 139870634698496 logging_writer.py:48] [9700] global_step=9700, grad_norm=0.17397956550121307, loss=4.228569507598877
I0305 20:59:28.440093 139870626305792 logging_writer.py:48] [9800] global_step=9800, grad_norm=0.18019768595695496, loss=4.218701362609863
I0305 21:00:02.960197 139870634698496 logging_writer.py:48] [9900] global_step=9900, grad_norm=0.17594555020332336, loss=4.187819480895996
I0305 21:00:37.575311 139870626305792 logging_writer.py:48] [10000] global_step=10000, grad_norm=0.19134163856506348, loss=4.293753147125244
I0305 21:01:12.215859 139870634698496 logging_writer.py:48] [10100] global_step=10100, grad_norm=0.22180376946926117, loss=4.245710372924805
I0305 21:01:46.889322 139870626305792 logging_writer.py:48] [10200] global_step=10200, grad_norm=0.1694408357143402, loss=4.227695941925049
I0305 21:02:21.544624 139870634698496 logging_writer.py:48] [10300] global_step=10300, grad_norm=0.1934131234884262, loss=4.238493919372559
I0305 21:02:56.169976 139870626305792 logging_writer.py:48] [10400] global_step=10400, grad_norm=0.17600564658641815, loss=4.265903472900391
I0305 21:03:30.845456 139870634698496 logging_writer.py:48] [10500] global_step=10500, grad_norm=0.17668481171131134, loss=4.295577526092529
I0305 21:04:05.487088 139870626305792 logging_writer.py:48] [10600] global_step=10600, grad_norm=0.18484711647033691, loss=4.239630699157715
I0305 21:04:40.100817 139870634698496 logging_writer.py:48] [10700] global_step=10700, grad_norm=0.19614683091640472, loss=4.223087310791016
I0305 21:05:14.718326 139870626305792 logging_writer.py:48] [10800] global_step=10800, grad_norm=0.1839599758386612, loss=4.217057704925537
I0305 21:05:49.323547 139870634698496 logging_writer.py:48] [10900] global_step=10900, grad_norm=0.17623202502727509, loss=4.199873447418213
I0305 21:06:23.916819 139870626305792 logging_writer.py:48] [11000] global_step=11000, grad_norm=0.1734427809715271, loss=4.223470687866211
I0305 21:06:58.513233 139870634698496 logging_writer.py:48] [11100] global_step=11100, grad_norm=0.17210200428962708, loss=4.240353584289551
I0305 21:07:33.107130 139870626305792 logging_writer.py:48] [11200] global_step=11200, grad_norm=0.2512625455856323, loss=4.231551170349121
I0305 21:08:07.721277 139870634698496 logging_writer.py:48] [11300] global_step=11300, grad_norm=0.17105340957641602, loss=4.252542018890381
I0305 21:08:42.316393 139870626305792 logging_writer.py:48] [11400] global_step=11400, grad_norm=0.173940509557724, loss=4.2018232345581055
I0305 21:09:16.967200 139870634698496 logging_writer.py:48] [11500] global_step=11500, grad_norm=0.17455843091011047, loss=4.216590404510498
I0305 21:09:51.644126 139870626305792 logging_writer.py:48] [11600] global_step=11600, grad_norm=0.17438608407974243, loss=4.132931709289551
I0305 21:10:26.276622 139870634698496 logging_writer.py:48] [11700] global_step=11700, grad_norm=0.16593672335147858, loss=4.172478199005127
I0305 21:11:00.922212 139870626305792 logging_writer.py:48] [11800] global_step=11800, grad_norm=0.207800954580307, loss=4.176637172698975
I0305 21:11:35.548863 139870634698496 logging_writer.py:48] [11900] global_step=11900, grad_norm=0.18530721962451935, loss=4.185762882232666
I0305 21:12:10.160453 139870626305792 logging_writer.py:48] [12000] global_step=12000, grad_norm=0.2201157659292221, loss=4.131905555725098
I0305 21:12:44.790053 139870634698496 logging_writer.py:48] [12100] global_step=12100, grad_norm=0.16415773332118988, loss=4.154907703399658
I0305 21:12:53.083247 140014092387520 spec.py:321] Evaluating on the training split.
I0305 21:12:55.684369 140014092387520 workload.py:181] Translating evaluation dataset.
I0305 21:15:50.936473 140014092387520 spec.py:333] Evaluating on the validation split.
I0305 21:15:53.527752 140014092387520 workload.py:181] Translating evaluation dataset.
I0305 21:18:34.854412 140014092387520 spec.py:349] Evaluating on the test split.
I0305 21:18:37.446385 140014092387520 workload.py:181] Translating evaluation dataset.
I0305 21:21:03.967222 140014092387520 submission_runner.py:469] Time since start: 7655.73s, 	Step: 12125, 	{'train/accuracy': 0.615370512008667, 'train/loss': 2.1761953830718994, 'train/bleu': 29.589751985078458, 'validation/accuracy': 0.6325488686561584, 'validation/loss': 2.038947105407715, 'validation/bleu': 26.258069877797816, 'validation/num_examples': 3000, 'test/accuracy': 0.6422083377838135, 'test/loss': 1.9878355264663696, 'test/bleu': 25.681203334622175, 'test/num_examples': 3003, 'score': 4225.092828273773, 'total_duration': 7655.726309537888, 'accumulated_submission_time': 4225.092828273773, 'accumulated_eval_time': 3429.8383464813232, 'accumulated_logging_time': 0.08607339859008789}
I0305 21:21:03.976686 139870626305792 logging_writer.py:48] [12125] accumulated_eval_time=3429.84, accumulated_logging_time=0.0860734, accumulated_submission_time=4225.09, global_step=12125, preemption_count=0, score=4225.09, test/accuracy=0.642208, test/bleu=25.6812, test/loss=1.98784, test/num_examples=3003, total_duration=7655.73, train/accuracy=0.615371, train/bleu=29.5898, train/loss=2.1762, validation/accuracy=0.632549, validation/bleu=26.2581, validation/loss=2.03895, validation/num_examples=3000
I0305 21:21:30.209536 139870634698496 logging_writer.py:48] [12200] global_step=12200, grad_norm=0.18159984052181244, loss=4.1844563484191895
I0305 21:22:04.740681 139870626305792 logging_writer.py:48] [12300] global_step=12300, grad_norm=0.16311883926391602, loss=4.140347957611084
I0305 21:22:39.353915 139870634698496 logging_writer.py:48] [12400] global_step=12400, grad_norm=0.1687277853488922, loss=4.1694560050964355
I0305 21:23:14.001848 139870626305792 logging_writer.py:48] [12500] global_step=12500, grad_norm=0.16111963987350464, loss=4.220177173614502
I0305 21:23:48.606767 139870634698496 logging_writer.py:48] [12600] global_step=12600, grad_norm=0.16835184395313263, loss=4.1904072761535645
I0305 21:24:23.232631 139870626305792 logging_writer.py:48] [12700] global_step=12700, grad_norm=0.18681497871875763, loss=4.243283748626709
I0305 21:24:57.883686 139870634698496 logging_writer.py:48] [12800] global_step=12800, grad_norm=0.1890108734369278, loss=4.116302013397217
I0305 21:25:32.515059 139870626305792 logging_writer.py:48] [12900] global_step=12900, grad_norm=0.17824454605579376, loss=4.124897480010986
I0305 21:26:07.158993 139870634698496 logging_writer.py:48] [13000] global_step=13000, grad_norm=0.19620424509048462, loss=4.183093547821045
I0305 21:26:41.768385 139870626305792 logging_writer.py:48] [13100] global_step=13100, grad_norm=0.1614433079957962, loss=4.158359527587891
I0305 21:27:16.389958 139870634698496 logging_writer.py:48] [13200] global_step=13200, grad_norm=0.16870979964733124, loss=4.1500983238220215
I0305 21:27:50.993573 139870626305792 logging_writer.py:48] [13300] global_step=13300, grad_norm=0.17044003307819366, loss=4.145582675933838
I0305 21:28:25.587639 139870634698496 logging_writer.py:48] [13400] global_step=13400, grad_norm=0.1630990356206894, loss=4.149837017059326
I0305 21:29:00.188049 139870626305792 logging_writer.py:48] [13500] global_step=13500, grad_norm=0.22319909930229187, loss=4.180359840393066
I0305 21:29:34.791138 139870634698496 logging_writer.py:48] [13600] global_step=13600, grad_norm=0.18087007105350494, loss=4.144742488861084
I0305 21:30:09.408822 139870626305792 logging_writer.py:48] [13700] global_step=13700, grad_norm=0.1651376336812973, loss=4.078160285949707
I0305 21:30:44.046050 139870634698496 logging_writer.py:48] [13800] global_step=13800, grad_norm=0.20265617966651917, loss=4.159217834472656
I0305 21:31:18.665462 139870626305792 logging_writer.py:48] [13900] global_step=13900, grad_norm=0.15579073131084442, loss=4.117227077484131
I0305 21:31:53.283724 139870634698496 logging_writer.py:48] [14000] global_step=14000, grad_norm=0.18000464141368866, loss=4.133530139923096
I0305 21:32:27.892998 139870626305792 logging_writer.py:48] [14100] global_step=14100, grad_norm=0.15622933208942413, loss=4.103120803833008
I0305 21:33:02.511143 139870634698496 logging_writer.py:48] [14200] global_step=14200, grad_norm=0.17668721079826355, loss=4.132108211517334
I0305 21:33:37.118625 139870626305792 logging_writer.py:48] [14300] global_step=14300, grad_norm=0.14968112111091614, loss=4.110350608825684
I0305 21:34:11.755502 139870634698496 logging_writer.py:48] [14400] global_step=14400, grad_norm=0.14477473497390747, loss=4.11750602722168
I0305 21:34:46.350570 139870626305792 logging_writer.py:48] [14500] global_step=14500, grad_norm=0.16847580671310425, loss=4.117565631866455
I0305 21:35:04.050810 140014092387520 spec.py:321] Evaluating on the training split.
I0305 21:35:06.653553 140014092387520 workload.py:181] Translating evaluation dataset.
I0305 21:37:48.058186 140014092387520 spec.py:333] Evaluating on the validation split.
I0305 21:37:50.649020 140014092387520 workload.py:181] Translating evaluation dataset.
I0305 21:40:31.213063 140014092387520 spec.py:349] Evaluating on the test split.
I0305 21:40:33.802853 140014092387520 workload.py:181] Translating evaluation dataset.
I0305 21:43:00.228512 140014092387520 submission_runner.py:469] Time since start: 8971.99s, 	Step: 14552, 	{'train/accuracy': 0.6277811527252197, 'train/loss': 2.080852746963501, 'train/bleu': 30.269983873014414, 'validation/accuracy': 0.64398193359375, 'validation/loss': 1.9654031991958618, 'validation/bleu': 27.25049033763671, 'validation/num_examples': 3000, 'test/accuracy': 0.6517437100410461, 'test/loss': 1.916274905204773, 'test/bleu': 26.19114597247215, 'test/num_examples': 3003, 'score': 5065.029271602631, 'total_duration': 8971.987629652023, 'accumulated_submission_time': 5065.029271602631, 'accumulated_eval_time': 3906.0160126686096, 'accumulated_logging_time': 0.10339474678039551}
I0305 21:43:00.237671 139870634698496 logging_writer.py:48] [14552] accumulated_eval_time=3906.02, accumulated_logging_time=0.103395, accumulated_submission_time=5065.03, global_step=14552, preemption_count=0, score=5065.03, test/accuracy=0.651744, test/bleu=26.1911, test/loss=1.91627, test/num_examples=3003, total_duration=8971.99, train/accuracy=0.627781, train/bleu=30.27, train/loss=2.08085, validation/accuracy=0.643982, validation/bleu=27.2505, validation/loss=1.9654, validation/num_examples=3000
I0305 21:43:17.132823 139870626305792 logging_writer.py:48] [14600] global_step=14600, grad_norm=0.19318857789039612, loss=4.1075119972229
I0305 21:43:51.665520 139870634698496 logging_writer.py:48] [14700] global_step=14700, grad_norm=0.18816369771957397, loss=4.149539947509766
I0305 21:44:26.321865 139870626305792 logging_writer.py:48] [14800] global_step=14800, grad_norm=0.17569056153297424, loss=4.1028313636779785
I0305 21:45:00.970968 139870634698496 logging_writer.py:48] [14900] global_step=14900, grad_norm=0.18213799595832825, loss=4.1206231117248535
I0305 21:45:35.605581 139870626305792 logging_writer.py:48] [15000] global_step=15000, grad_norm=0.1750897318124771, loss=4.08360481262207
I0305 21:46:10.261364 139870634698496 logging_writer.py:48] [15100] global_step=15100, grad_norm=0.15388281643390656, loss=4.030141830444336
I0305 21:46:44.911260 139870626305792 logging_writer.py:48] [15200] global_step=15200, grad_norm=0.2508524954319, loss=4.0729780197143555
I0305 21:47:19.565131 139870634698496 logging_writer.py:48] [15300] global_step=15300, grad_norm=0.16896986961364746, loss=4.062570571899414
I0305 21:47:54.212016 139870626305792 logging_writer.py:48] [15400] global_step=15400, grad_norm=0.15219217538833618, loss=4.185762405395508
I0305 21:48:28.858945 139870634698496 logging_writer.py:48] [15500] global_step=15500, grad_norm=0.16768410801887512, loss=4.200562000274658
I0305 21:49:03.435557 139870626305792 logging_writer.py:48] [15600] global_step=15600, grad_norm=0.16854369640350342, loss=4.159080505371094
I0305 21:49:38.029262 139870634698496 logging_writer.py:48] [15700] global_step=15700, grad_norm=0.15780062973499298, loss=4.121036052703857
I0305 21:50:12.633213 139870626305792 logging_writer.py:48] [15800] global_step=15800, grad_norm=0.16791193187236786, loss=4.070505142211914
I0305 21:50:47.259298 139870634698496 logging_writer.py:48] [15900] global_step=15900, grad_norm=0.18887336552143097, loss=4.051302909851074
I0305 21:51:21.866785 139870626305792 logging_writer.py:48] [16000] global_step=16000, grad_norm=0.15089140832424164, loss=4.057375907897949
I0305 21:51:56.458001 139870634698496 logging_writer.py:48] [16100] global_step=16100, grad_norm=0.16468092799186707, loss=4.102990627288818
I0305 21:52:31.102262 139870626305792 logging_writer.py:48] [16200] global_step=16200, grad_norm=0.16549627482891083, loss=4.043540000915527
I0305 21:53:05.739070 139870634698496 logging_writer.py:48] [16300] global_step=16300, grad_norm=0.16555112600326538, loss=4.059535980224609
I0305 21:53:40.366160 139870626305792 logging_writer.py:48] [16400] global_step=16400, grad_norm=0.20709256827831268, loss=4.127621173858643
I0305 21:54:15.015600 139870634698496 logging_writer.py:48] [16500] global_step=16500, grad_norm=0.15691615641117096, loss=4.036920070648193
I0305 21:54:49.650814 139870626305792 logging_writer.py:48] [16600] global_step=16600, grad_norm=0.16286256909370422, loss=4.036446571350098
I0305 21:55:24.280687 139870634698496 logging_writer.py:48] [16700] global_step=16700, grad_norm=0.15841645002365112, loss=4.068545818328857
I0305 21:55:58.898612 139870626305792 logging_writer.py:48] [16800] global_step=16800, grad_norm=0.16915802657604218, loss=4.181685447692871
I0305 21:56:33.546310 139870634698496 logging_writer.py:48] [16900] global_step=16900, grad_norm=0.16190028190612793, loss=4.042600631713867
I0305 21:57:00.565692 140014092387520 spec.py:321] Evaluating on the training split.
I0305 21:57:03.160336 140014092387520 workload.py:181] Translating evaluation dataset.
I0305 22:01:04.227512 140014092387520 spec.py:333] Evaluating on the validation split.
I0305 22:01:06.826366 140014092387520 workload.py:181] Translating evaluation dataset.
I0305 22:03:50.322719 140014092387520 spec.py:349] Evaluating on the test split.
I0305 22:03:52.910850 140014092387520 workload.py:181] Translating evaluation dataset.
I0305 22:06:18.246170 140014092387520 submission_runner.py:469] Time since start: 10370.01s, 	Step: 16979, 	{'train/accuracy': 0.6309562921524048, 'train/loss': 2.0344173908233643, 'train/bleu': 30.237332038175808, 'validation/accuracy': 0.650545060634613, 'validation/loss': 1.9043089151382446, 'validation/bleu': 27.329813303394587, 'validation/num_examples': 3000, 'test/accuracy': 0.6597844958305359, 'test/loss': 1.8375310897827148, 'test/bleu': 27.03137742347074, 'test/num_examples': 3003, 'score': 5905.220097780228, 'total_duration': 10370.005269289017, 'accumulated_submission_time': 5905.220097780228, 'accumulated_eval_time': 4463.696427345276, 'accumulated_logging_time': 0.12131905555725098}
I0305 22:06:18.256039 139870626305792 logging_writer.py:48] [16979] accumulated_eval_time=4463.7, accumulated_logging_time=0.121319, accumulated_submission_time=5905.22, global_step=16979, preemption_count=0, score=5905.22, test/accuracy=0.659784, test/bleu=27.0314, test/loss=1.83753, test/num_examples=3003, total_duration=10370, train/accuracy=0.630956, train/bleu=30.2373, train/loss=2.03442, validation/accuracy=0.650545, validation/bleu=27.3298, validation/loss=1.90431, validation/num_examples=3000
I0305 22:06:25.832366 139870634698496 logging_writer.py:48] [17000] global_step=17000, grad_norm=0.16308654844760895, loss=4.096601486206055
I0305 22:07:00.316941 139870626305792 logging_writer.py:48] [17100] global_step=17100, grad_norm=0.15608254075050354, loss=4.054485321044922
I0305 22:07:34.850622 139870634698496 logging_writer.py:48] [17200] global_step=17200, grad_norm=0.17744706571102142, loss=4.033941745758057
I0305 22:08:09.459535 139870626305792 logging_writer.py:48] [17300] global_step=17300, grad_norm=0.155928835272789, loss=4.070122718811035
I0305 22:08:44.054295 139870634698496 logging_writer.py:48] [17400] global_step=17400, grad_norm=0.15524226427078247, loss=4.02144193649292
I0305 22:09:18.670607 139870626305792 logging_writer.py:48] [17500] global_step=17500, grad_norm=0.17654940485954285, loss=4.055810451507568
I0305 22:09:53.251456 139870634698496 logging_writer.py:48] [17600] global_step=17600, grad_norm=0.16857759654521942, loss=4.095699787139893
I0305 22:10:27.864350 139870626305792 logging_writer.py:48] [17700] global_step=17700, grad_norm=0.21109411120414734, loss=4.049412250518799
I0305 22:11:02.463012 139870634698496 logging_writer.py:48] [17800] global_step=17800, grad_norm=0.17461954057216644, loss=4.0510149002075195
I0305 22:11:37.096163 139870626305792 logging_writer.py:48] [17900] global_step=17900, grad_norm=0.1791638284921646, loss=4.070907115936279
I0305 22:12:11.707045 139870634698496 logging_writer.py:48] [18000] global_step=18000, grad_norm=0.23494713008403778, loss=4.068624496459961
I0305 22:12:46.303863 139870626305792 logging_writer.py:48] [18100] global_step=18100, grad_norm=0.20450443029403687, loss=4.001544952392578
I0305 22:13:20.914487 139870634698496 logging_writer.py:48] [18200] global_step=18200, grad_norm=0.22802133858203888, loss=4.069954872131348
I0305 22:13:55.521919 139870626305792 logging_writer.py:48] [18300] global_step=18300, grad_norm=0.16634202003479004, loss=4.028279781341553
I0305 22:14:30.138403 139870634698496 logging_writer.py:48] [18400] global_step=18400, grad_norm=0.15808945894241333, loss=4.053517818450928
I0305 22:15:04.771037 139870626305792 logging_writer.py:48] [18500] global_step=18500, grad_norm=0.16210711002349854, loss=4.016324520111084
I0305 22:15:39.373714 139870634698496 logging_writer.py:48] [18600] global_step=18600, grad_norm=0.1509598344564438, loss=4.055668354034424
I0305 22:16:14.016733 139870626305792 logging_writer.py:48] [18700] global_step=18700, grad_norm=0.19882921874523163, loss=4.045555114746094
I0305 22:16:48.690054 139870634698496 logging_writer.py:48] [18800] global_step=18800, grad_norm=0.17837539315223694, loss=4.000118255615234
I0305 22:17:23.449625 139870626305792 logging_writer.py:48] [18900] global_step=18900, grad_norm=0.19194336235523224, loss=4.038488864898682
I0305 22:17:58.115156 139870634698496 logging_writer.py:48] [19000] global_step=19000, grad_norm=0.16946503520011902, loss=4.019809246063232
I0305 22:18:32.802484 139870626305792 logging_writer.py:48] [19100] global_step=19100, grad_norm=0.15977488458156586, loss=4.092731475830078
I0305 22:19:07.456672 139870634698496 logging_writer.py:48] [19200] global_step=19200, grad_norm=0.23653754591941833, loss=4.0879950523376465
I0305 22:19:42.130035 139870626305792 logging_writer.py:48] [19300] global_step=19300, grad_norm=0.20970329642295837, loss=3.9973948001861572
I0305 22:20:16.832026 139870634698496 logging_writer.py:48] [19400] global_step=19400, grad_norm=0.1601753830909729, loss=3.9875376224517822
I0305 22:20:18.571131 140014092387520 spec.py:321] Evaluating on the training split.
I0305 22:20:21.178193 140014092387520 workload.py:181] Translating evaluation dataset.
I0305 22:23:15.127350 140014092387520 spec.py:333] Evaluating on the validation split.
I0305 22:23:17.721640 140014092387520 workload.py:181] Translating evaluation dataset.
I0305 22:26:03.597116 140014092387520 spec.py:349] Evaluating on the test split.
I0305 22:26:06.197769 140014092387520 workload.py:181] Translating evaluation dataset.
I0305 22:28:32.216557 140014092387520 submission_runner.py:469] Time since start: 11703.98s, 	Step: 19406, 	{'train/accuracy': 0.6474028825759888, 'train/loss': 1.9145114421844482, 'train/bleu': 31.30485040851925, 'validation/accuracy': 0.6537092328071594, 'validation/loss': 1.868304967880249, 'validation/bleu': 27.904660301480273, 'validation/num_examples': 3000, 'test/accuracy': 0.6646391153335571, 'test/loss': 1.8058494329452515, 'test/bleu': 27.24284537224183, 'test/num_examples': 3003, 'score': 6745.396078109741, 'total_duration': 11703.975671052933, 'accumulated_submission_time': 6745.396078109741, 'accumulated_eval_time': 4957.341809988022, 'accumulated_logging_time': 0.1385819911956787}
I0305 22:28:32.227560 139870626305792 logging_writer.py:48] [19406] accumulated_eval_time=4957.34, accumulated_logging_time=0.138582, accumulated_submission_time=6745.4, global_step=19406, preemption_count=0, score=6745.4, test/accuracy=0.664639, test/bleu=27.2428, test/loss=1.80585, test/num_examples=3003, total_duration=11704, train/accuracy=0.647403, train/bleu=31.3049, train/loss=1.91451, validation/accuracy=0.653709, validation/bleu=27.9047, validation/loss=1.8683, validation/num_examples=3000
I0305 22:29:05.017961 139870634698496 logging_writer.py:48] [19500] global_step=19500, grad_norm=0.18552005290985107, loss=4.0179443359375
I0305 22:29:39.600217 139870626305792 logging_writer.py:48] [19600] global_step=19600, grad_norm=0.17407244443893433, loss=4.06030797958374
I0305 22:30:14.268484 139870634698496 logging_writer.py:48] [19700] global_step=19700, grad_norm=0.19537299871444702, loss=4.024579048156738
I0305 22:30:48.949145 139870626305792 logging_writer.py:48] [19800] global_step=19800, grad_norm=0.18145303428173065, loss=3.965097427368164
I0305 22:31:23.648400 139870634698496 logging_writer.py:48] [19900] global_step=19900, grad_norm=0.16690246760845184, loss=4.075831413269043
I0305 22:31:58.330311 139870626305792 logging_writer.py:48] [20000] global_step=20000, grad_norm=0.15914113819599152, loss=3.9940404891967773
I0305 22:32:33.000161 139870634698496 logging_writer.py:48] [20100] global_step=20100, grad_norm=0.21333345770835876, loss=3.959031820297241
I0305 22:33:07.669258 139870626305792 logging_writer.py:48] [20200] global_step=20200, grad_norm=0.16215768456459045, loss=4.0423173904418945
I0305 22:33:42.359053 139870634698496 logging_writer.py:48] [20300] global_step=20300, grad_norm=0.19530151784420013, loss=4.0337371826171875
I0305 22:34:17.033139 139870626305792 logging_writer.py:48] [20400] global_step=20400, grad_norm=0.21293506026268005, loss=4.0426530838012695
