I0306 09:43:58.236975 139870626305792 logging_writer.py:48] [91300] global_step=91300, grad_norm=0.3240358829498291, loss=3.713597297668457
I0306 09:44:32.859334 139870634698496 logging_writer.py:48] [91400] global_step=91400, grad_norm=0.33878612518310547, loss=3.7054848670959473
I0306 09:45:07.485072 139870626305792 logging_writer.py:48] [91500] global_step=91500, grad_norm=0.32358452677726746, loss=3.6728992462158203
I0306 09:45:42.083027 139870634698496 logging_writer.py:48] [91600] global_step=91600, grad_norm=0.35309872031211853, loss=3.703911542892456
I0306 09:46:16.729452 139870626305792 logging_writer.py:48] [91700] global_step=91700, grad_norm=0.3231101930141449, loss=3.6976206302642822
I0306 09:46:51.364437 139870634698496 logging_writer.py:48] [91800] global_step=91800, grad_norm=0.32578539848327637, loss=3.726073980331421
I0306 09:47:26.050493 139870626305792 logging_writer.py:48] [91900] global_step=91900, grad_norm=0.336376816034317, loss=3.663787603378296
I0306 09:48:00.677076 139870634698496 logging_writer.py:48] [92000] global_step=92000, grad_norm=0.3404392898082733, loss=3.6856026649475098
I0306 09:48:35.262019 139870626305792 logging_writer.py:48] [92100] global_step=92100, grad_norm=0.3449271321296692, loss=3.6993091106414795
I0306 09:48:59.506990 140014092387520 spec.py:321] Evaluating on the training split.
I0306 09:49:02.101663 140014092387520 workload.py:181] Translating evaluation dataset.
I0306 09:52:01.363133 140014092387520 spec.py:333] Evaluating on the validation split.
I0306 09:52:03.956551 140014092387520 workload.py:181] Translating evaluation dataset.
I0306 09:54:41.998912 140014092387520 spec.py:349] Evaluating on the test split.
I0306 09:54:44.597227 140014092387520 workload.py:181] Translating evaluation dataset.
I0306 09:57:19.547225 140014092387520 submission_runner.py:469] Time since start: 53031.31s, 	Step: 92171, 	{'train/accuracy': 0.6977658867835999, 'train/loss': 1.5735212564468384, 'train/bleu': 35.42978390408443, 'validation/accuracy': 0.6913579106330872, 'validation/loss': 1.6029143333435059, 'validation/bleu': 30.57063039128615, 'validation/num_examples': 3000, 'test/accuracy': 0.707194983959198, 'test/loss': 1.5036488771438599, 'test/bleu': 30.802846268462485, 'test/num_examples': 3003, 'score': 31946.60865879059, 'total_duration': 53031.30634570122, 'accumulated_submission_time': 31946.60865879059, 'accumulated_eval_time': 21079.04371213913, 'accumulated_logging_time': 0.8108994960784912}
I0306 09:57:19.564786 139870634698496 logging_writer.py:48] [92171] accumulated_eval_time=21079, accumulated_logging_time=0.810899, accumulated_submission_time=31946.6, global_step=92171, preemption_count=0, score=31946.6, test/accuracy=0.707195, test/bleu=30.8028, test/loss=1.50365, test/num_examples=3003, total_duration=53031.3, train/accuracy=0.697766, train/bleu=35.4298, train/loss=1.57352, validation/accuracy=0.691358, validation/bleu=30.5706, validation/loss=1.60291, validation/num_examples=3000
I0306 09:57:29.906771 139870626305792 logging_writer.py:48] [92200] global_step=92200, grad_norm=0.3336458206176758, loss=3.6868832111358643
I0306 09:58:04.374657 139870634698496 logging_writer.py:48] [92300] global_step=92300, grad_norm=0.3428554832935333, loss=3.7578253746032715
I0306 09:58:38.909689 139870626305792 logging_writer.py:48] [92400] global_step=92400, grad_norm=0.33993327617645264, loss=3.676393747329712
I0306 09:59:13.490252 139870634698496 logging_writer.py:48] [92500] global_step=92500, grad_norm=0.3392348289489746, loss=3.662757635116577
I0306 09:59:48.099160 139870626305792 logging_writer.py:48] [92600] global_step=92600, grad_norm=0.3241519629955292, loss=3.668107271194458
I0306 10:00:22.735412 139870634698496 logging_writer.py:48] [92700] global_step=92700, grad_norm=0.3489302098751068, loss=3.6976516246795654
I0306 10:00:57.332283 139870626305792 logging_writer.py:48] [92800] global_step=92800, grad_norm=0.321486234664917, loss=3.6410231590270996
I0306 10:01:31.939340 139870634698496 logging_writer.py:48] [92900] global_step=92900, grad_norm=0.34175312519073486, loss=3.6748592853546143
I0306 10:02:06.558284 139870626305792 logging_writer.py:48] [93000] global_step=93000, grad_norm=0.3397567570209503, loss=3.694648027420044
I0306 10:02:41.137187 139870634698496 logging_writer.py:48] [93100] global_step=93100, grad_norm=0.3214441239833832, loss=3.693142890930176
I0306 10:03:15.754615 139870626305792 logging_writer.py:48] [93200] global_step=93200, grad_norm=0.32606565952301025, loss=3.60634708404541
I0306 10:03:50.387585 139870634698496 logging_writer.py:48] [93300] global_step=93300, grad_norm=0.3363204896450043, loss=3.6487205028533936
I0306 10:04:25.005371 139870626305792 logging_writer.py:48] [93400] global_step=93400, grad_norm=0.35598647594451904, loss=3.6742050647735596
I0306 10:04:59.638763 139870634698496 logging_writer.py:48] [93500] global_step=93500, grad_norm=0.3294674754142761, loss=3.669647216796875
I0306 10:05:34.268640 139870626305792 logging_writer.py:48] [93600] global_step=93600, grad_norm=0.3652605414390564, loss=3.691288948059082
I0306 10:06:08.914182 139870634698496 logging_writer.py:48] [93700] global_step=93700, grad_norm=0.3404214382171631, loss=3.6468729972839355
I0306 10:06:43.522853 139870626305792 logging_writer.py:48] [93800] global_step=93800, grad_norm=0.3346792161464691, loss=3.6653964519500732
I0306 10:07:18.171774 139870634698496 logging_writer.py:48] [93900] global_step=93900, grad_norm=0.3455812335014343, loss=3.6699278354644775
I0306 10:07:52.789315 139870626305792 logging_writer.py:48] [94000] global_step=94000, grad_norm=0.33312830328941345, loss=3.6811957359313965
I0306 10:08:27.410138 139870634698496 logging_writer.py:48] [94100] global_step=94100, grad_norm=0.33257341384887695, loss=3.6541974544525146
I0306 10:09:02.060412 139870626305792 logging_writer.py:48] [94200] global_step=94200, grad_norm=0.3314684331417084, loss=3.7085628509521484
I0306 10:09:36.683597 139870634698496 logging_writer.py:48] [94300] global_step=94300, grad_norm=0.35692939162254333, loss=3.7091426849365234
I0306 10:10:11.300580 139870626305792 logging_writer.py:48] [94400] global_step=94400, grad_norm=0.34132975339889526, loss=3.639464855194092
I0306 10:10:45.899127 139870634698496 logging_writer.py:48] [94500] global_step=94500, grad_norm=0.3277287185192108, loss=3.636579990386963
I0306 10:11:19.847555 140014092387520 spec.py:321] Evaluating on the training split.
I0306 10:11:22.445367 140014092387520 workload.py:181] Translating evaluation dataset.
I0306 10:14:40.654987 140014092387520 spec.py:333] Evaluating on the validation split.
I0306 10:14:43.241917 140014092387520 workload.py:181] Translating evaluation dataset.
I0306 10:17:21.760527 140014092387520 spec.py:349] Evaluating on the test split.
I0306 10:17:24.353539 140014092387520 workload.py:181] Translating evaluation dataset.
I0306 10:20:17.213010 140014092387520 submission_runner.py:469] Time since start: 54408.97s, 	Step: 94599, 	{'train/accuracy': 0.7145909667015076, 'train/loss': 1.4945625066757202, 'train/bleu': 37.31204285384356, 'validation/accuracy': 0.6914814710617065, 'validation/loss': 1.5995135307312012, 'validation/bleu': 30.663545155943098, 'validation/num_examples': 3000, 'test/accuracy': 0.7078554034233093, 'test/loss': 1.5004310607910156, 'test/bleu': 30.582849364244517, 'test/num_examples': 3003, 'score': 32786.758513212204, 'total_duration': 54408.9720761776, 'accumulated_submission_time': 32786.758513212204, 'accumulated_eval_time': 21616.409068584442, 'accumulated_logging_time': 0.8370471000671387}
I0306 10:20:17.234569 139870626305792 logging_writer.py:48] [94599] accumulated_eval_time=21616.4, accumulated_logging_time=0.837047, accumulated_submission_time=32786.8, global_step=94599, preemption_count=0, score=32786.8, test/accuracy=0.707855, test/bleu=30.5828, test/loss=1.50043, test/num_examples=3003, total_duration=54409, train/accuracy=0.714591, train/bleu=37.312, train/loss=1.49456, validation/accuracy=0.691481, validation/bleu=30.6635, validation/loss=1.59951, validation/num_examples=3000
I0306 10:20:17.933714 139870634698496 logging_writer.py:48] [94600] global_step=94600, grad_norm=0.34225183725357056, loss=3.6946167945861816
I0306 10:20:52.379004 139870626305792 logging_writer.py:48] [94700] global_step=94700, grad_norm=0.36329385638237, loss=3.6741552352905273
I0306 10:21:26.947627 139870634698496 logging_writer.py:48] [94800] global_step=94800, grad_norm=0.33530622720718384, loss=3.6391689777374268
I0306 10:22:01.543345 139870626305792 logging_writer.py:48] [94900] global_step=94900, grad_norm=0.33254292607307434, loss=3.6366405487060547
I0306 10:22:36.125195 139870634698496 logging_writer.py:48] [95000] global_step=95000, grad_norm=0.3713104724884033, loss=3.7477223873138428
I0306 10:23:10.708231 139870626305792 logging_writer.py:48] [95100] global_step=95100, grad_norm=0.3379228115081787, loss=3.6718595027923584
I0306 10:23:45.421879 139870634698496 logging_writer.py:48] [95200] global_step=95200, grad_norm=0.3626101315021515, loss=3.6788711547851562
I0306 10:24:20.046884 139870626305792 logging_writer.py:48] [95300] global_step=95300, grad_norm=0.3544829189777374, loss=3.6252574920654297
I0306 10:24:54.646260 139870634698496 logging_writer.py:48] [95400] global_step=95400, grad_norm=0.3637215495109558, loss=3.6935620307922363
I0306 10:25:29.251200 139870626305792 logging_writer.py:48] [95500] global_step=95500, grad_norm=0.32841843366622925, loss=3.6985573768615723
I0306 10:26:03.897265 139870634698496 logging_writer.py:48] [95600] global_step=95600, grad_norm=0.3507848381996155, loss=3.7022578716278076
I0306 10:26:38.526561 139870626305792 logging_writer.py:48] [95700] global_step=95700, grad_norm=0.34533342719078064, loss=3.654393434524536
I0306 10:27:13.168048 139870634698496 logging_writer.py:48] [95800] global_step=95800, grad_norm=0.3642972409725189, loss=3.7069766521453857
I0306 10:27:47.796990 139870626305792 logging_writer.py:48] [95900] global_step=95900, grad_norm=0.3350408375263214, loss=3.7190663814544678
I0306 10:28:22.436736 139870634698496 logging_writer.py:48] [96000] global_step=96000, grad_norm=0.3353309631347656, loss=3.647031545639038
I0306 10:28:57.067283 139870626305792 logging_writer.py:48] [96100] global_step=96100, grad_norm=0.3488690257072449, loss=3.628004789352417
I0306 10:29:31.678724 139870634698496 logging_writer.py:48] [96200] global_step=96200, grad_norm=0.3446587026119232, loss=3.6545028686523438
I0306 10:30:06.304693 139870626305792 logging_writer.py:48] [96300] global_step=96300, grad_norm=0.37513938546180725, loss=3.6953635215759277
I0306 10:30:40.942178 139870634698496 logging_writer.py:48] [96400] global_step=96400, grad_norm=0.3379420340061188, loss=3.6368601322174072
I0306 10:31:15.562598 139870626305792 logging_writer.py:48] [96500] global_step=96500, grad_norm=0.3595570921897888, loss=3.677030324935913
I0306 10:31:50.216515 139870634698496 logging_writer.py:48] [96600] global_step=96600, grad_norm=0.3466617465019226, loss=3.63838529586792
I0306 10:32:24.865844 139870626305792 logging_writer.py:48] [96700] global_step=96700, grad_norm=0.33158907294273376, loss=3.6499149799346924
I0306 10:32:59.516629 139870634698496 logging_writer.py:48] [96800] global_step=96800, grad_norm=0.3500170409679413, loss=3.698681592941284
I0306 10:33:34.139935 139870626305792 logging_writer.py:48] [96900] global_step=96900, grad_norm=0.3499814569950104, loss=3.655057907104492
I0306 10:34:08.800469 139870634698496 logging_writer.py:48] [97000] global_step=97000, grad_norm=0.3740009367465973, loss=3.639049530029297
I0306 10:34:17.483772 140014092387520 spec.py:321] Evaluating on the training split.
I0306 10:34:20.097000 140014092387520 workload.py:181] Translating evaluation dataset.
I0306 10:37:23.988891 140014092387520 spec.py:333] Evaluating on the validation split.
I0306 10:37:26.571583 140014092387520 workload.py:181] Translating evaluation dataset.
I0306 10:39:58.129959 140014092387520 spec.py:349] Evaluating on the test split.
I0306 10:40:00.727849 140014092387520 workload.py:181] Translating evaluation dataset.
I0306 10:42:29.155901 140014092387520 submission_runner.py:469] Time since start: 55740.92s, 	Step: 97026, 	{'train/accuracy': 0.7064414024353027, 'train/loss': 1.5336871147155762, 'train/bleu': 36.26825426119099, 'validation/accuracy': 0.6917410492897034, 'validation/loss': 1.6006312370300293, 'validation/bleu': 30.576524362952135, 'validation/num_examples': 3000, 'test/accuracy': 0.7077511548995972, 'test/loss': 1.498480200767517, 'test/bleu': 30.46168828627666, 'test/num_examples': 3003, 'score': 33626.87296843529, 'total_duration': 55740.91502404213, 'accumulated_submission_time': 33626.87296843529, 'accumulated_eval_time': 22108.081154584885, 'accumulated_logging_time': 0.8669099807739258}
I0306 10:42:29.173885 139870626305792 logging_writer.py:48] [97026] accumulated_eval_time=22108.1, accumulated_logging_time=0.86691, accumulated_submission_time=33626.9, global_step=97026, preemption_count=0, score=33626.9, test/accuracy=0.707751, test/bleu=30.4617, test/loss=1.49848, test/num_examples=3003, total_duration=55740.9, train/accuracy=0.706441, train/bleu=36.2683, train/loss=1.53369, validation/accuracy=0.691741, validation/bleu=30.5765, validation/loss=1.60063, validation/num_examples=3000
I0306 10:42:55.026233 139870634698496 logging_writer.py:48] [97100] global_step=97100, grad_norm=0.33370137214660645, loss=3.683222770690918
I0306 10:43:29.588823 139870626305792 logging_writer.py:48] [97200] global_step=97200, grad_norm=0.3527913987636566, loss=3.6604833602905273
I0306 10:44:04.166013 139870634698496 logging_writer.py:48] [97300] global_step=97300, grad_norm=0.34135469794273376, loss=3.6930792331695557
I0306 10:44:38.797219 139870626305792 logging_writer.py:48] [97400] global_step=97400, grad_norm=0.3718455135822296, loss=3.6850759983062744
I0306 10:45:13.434233 139870634698496 logging_writer.py:48] [97500] global_step=97500, grad_norm=0.35764700174331665, loss=3.668489933013916
I0306 10:45:48.064410 139870626305792 logging_writer.py:48] [97600] global_step=97600, grad_norm=0.33899521827697754, loss=3.6476423740386963
I0306 10:46:22.705974 139870634698496 logging_writer.py:48] [97700] global_step=97700, grad_norm=0.34114301204681396, loss=3.6767547130584717
I0306 10:46:57.354225 139870626305792 logging_writer.py:48] [97800] global_step=97800, grad_norm=0.36264029145240784, loss=3.6707613468170166
I0306 10:47:31.977825 139870634698496 logging_writer.py:48] [97900] global_step=97900, grad_norm=0.36155954003334045, loss=3.6210126876831055
I0306 10:48:06.575320 139870626305792 logging_writer.py:48] [98000] global_step=98000, grad_norm=0.38666853308677673, loss=3.647076368331909
I0306 10:48:41.172759 139870634698496 logging_writer.py:48] [98100] global_step=98100, grad_norm=0.3518177568912506, loss=3.6596007347106934
I0306 10:49:15.796410 139870626305792 logging_writer.py:48] [98200] global_step=98200, grad_norm=0.36226746439933777, loss=3.696465015411377
I0306 10:49:50.441842 139870634698496 logging_writer.py:48] [98300] global_step=98300, grad_norm=0.3476064205169678, loss=3.672403335571289
I0306 10:50:25.067689 139870626305792 logging_writer.py:48] [98400] global_step=98400, grad_norm=0.355544775724411, loss=3.6689186096191406
I0306 10:50:59.725535 139870634698496 logging_writer.py:48] [98500] global_step=98500, grad_norm=0.3579242527484894, loss=3.645434617996216
I0306 10:51:34.368579 139870626305792 logging_writer.py:48] [98600] global_step=98600, grad_norm=0.36322927474975586, loss=3.6879475116729736
I0306 10:52:09.015236 139870634698496 logging_writer.py:48] [98700] global_step=98700, grad_norm=0.33379697799682617, loss=3.687044620513916
I0306 10:52:43.642012 139870626305792 logging_writer.py:48] [98800] global_step=98800, grad_norm=0.35186755657196045, loss=3.702599048614502
I0306 10:53:18.271591 139870634698496 logging_writer.py:48] [98900] global_step=98900, grad_norm=0.36632242798805237, loss=3.671963691711426
I0306 10:53:52.901418 139870626305792 logging_writer.py:48] [99000] global_step=99000, grad_norm=0.3984428346157074, loss=3.6637539863586426
I0306 10:54:27.550813 139870634698496 logging_writer.py:48] [99100] global_step=99100, grad_norm=0.3711279332637787, loss=3.683107852935791
I0306 10:55:02.188858 139870626305792 logging_writer.py:48] [99200] global_step=99200, grad_norm=0.34367477893829346, loss=3.6149685382843018
I0306 10:55:36.805118 139870634698496 logging_writer.py:48] [99300] global_step=99300, grad_norm=0.3670894503593445, loss=3.6740341186523438
I0306 10:56:11.436074 139870626305792 logging_writer.py:48] [99400] global_step=99400, grad_norm=0.36145347356796265, loss=3.684849977493286
I0306 10:56:29.453015 140014092387520 spec.py:321] Evaluating on the training split.
I0306 10:56:32.050837 140014092387520 workload.py:181] Translating evaluation dataset.
I0306 10:59:32.039892 140014092387520 spec.py:333] Evaluating on the validation split.
I0306 10:59:34.637647 140014092387520 workload.py:181] Translating evaluation dataset.
I0306 11:02:07.330895 140014092387520 spec.py:349] Evaluating on the test split.
I0306 11:02:09.917005 140014092387520 workload.py:181] Translating evaluation dataset.
I0306 11:04:43.250455 140014092387520 submission_runner.py:469] Time since start: 57075.01s, 	Step: 99453, 	{'train/accuracy': 0.706396222114563, 'train/loss': 1.5299201011657715, 'train/bleu': 35.85814231475738, 'validation/accuracy': 0.6916669011116028, 'validation/loss': 1.5949556827545166, 'validation/bleu': 30.507035768249672, 'validation/num_examples': 3000, 'test/accuracy': 0.7090488076210022, 'test/loss': 1.4936065673828125, 'test/bleu': 30.649132659897187, 'test/num_examples': 3003, 'score': 34467.01798629761, 'total_duration': 57075.00957465172, 'accumulated_submission_time': 34467.01798629761, 'accumulated_eval_time': 22601.87854719162, 'accumulated_logging_time': 0.8926870822906494}
I0306 11:04:43.268556 139870634698496 logging_writer.py:48] [99453] accumulated_eval_time=22601.9, accumulated_logging_time=0.892687, accumulated_submission_time=34467, global_step=99453, preemption_count=0, score=34467, test/accuracy=0.709049, test/bleu=30.6491, test/loss=1.49361, test/num_examples=3003, total_duration=57075, train/accuracy=0.706396, train/bleu=35.8581, train/loss=1.52992, validation/accuracy=0.691667, validation/bleu=30.507, validation/loss=1.59496, validation/num_examples=3000
I0306 11:04:59.818778 139870626305792 logging_writer.py:48] [99500] global_step=99500, grad_norm=0.35757264494895935, loss=3.641897678375244
I0306 11:05:34.398813 139870634698496 logging_writer.py:48] [99600] global_step=99600, grad_norm=0.36177825927734375, loss=3.603067636489868
I0306 11:06:09.013279 139870626305792 logging_writer.py:48] [99700] global_step=99700, grad_norm=0.34926944971084595, loss=3.6520464420318604
I0306 11:06:43.592357 139870634698496 logging_writer.py:48] [99800] global_step=99800, grad_norm=0.38788318634033203, loss=3.6657204627990723
I0306 11:07:18.192977 139870626305792 logging_writer.py:48] [99900] global_step=99900, grad_norm=0.3524487316608429, loss=3.620725154876709
I0306 11:07:52.821478 139870634698496 logging_writer.py:48] [100000] global_step=100000, grad_norm=0.35376057028770447, loss=3.6069562435150146
I0306 11:08:27.436219 139870626305792 logging_writer.py:48] [100100] global_step=100100, grad_norm=0.3423868417739868, loss=3.6307871341705322
I0306 11:09:02.048911 139870634698496 logging_writer.py:48] [100200] global_step=100200, grad_norm=0.35889923572540283, loss=3.666882276535034
I0306 11:09:36.649809 139870626305792 logging_writer.py:48] [100300] global_step=100300, grad_norm=0.351283460855484, loss=3.626368522644043
I0306 11:10:11.205802 139870634698496 logging_writer.py:48] [100400] global_step=100400, grad_norm=0.37563997507095337, loss=3.618191957473755
I0306 11:10:45.771219 139870626305792 logging_writer.py:48] [100500] global_step=100500, grad_norm=0.3648785948753357, loss=3.6523208618164062
I0306 11:11:20.313784 139870634698496 logging_writer.py:48] [100600] global_step=100600, grad_norm=0.3689256012439728, loss=3.687335968017578
I0306 11:11:54.857176 139870626305792 logging_writer.py:48] [100700] global_step=100700, grad_norm=0.35809609293937683, loss=3.675224781036377
I0306 11:12:29.423049 139870634698496 logging_writer.py:48] [100800] global_step=100800, grad_norm=0.35078445076942444, loss=3.6665585041046143
I0306 11:13:03.982833 139870626305792 logging_writer.py:48] [100900] global_step=100900, grad_norm=0.3523871600627899, loss=3.6850452423095703
I0306 11:13:38.506551 139870634698496 logging_writer.py:48] [101000] global_step=101000, grad_norm=0.3475010097026825, loss=3.6354684829711914
I0306 11:14:13.074908 139870626305792 logging_writer.py:48] [101100] global_step=101100, grad_norm=0.3543733060359955, loss=3.6483988761901855
I0306 11:14:47.658692 139870634698496 logging_writer.py:48] [101200] global_step=101200, grad_norm=0.3729071021080017, loss=3.6892285346984863
I0306 11:15:22.212457 139870626305792 logging_writer.py:48] [101300] global_step=101300, grad_norm=0.3675786852836609, loss=3.6177494525909424
I0306 11:15:56.747452 139870634698496 logging_writer.py:48] [101400] global_step=101400, grad_norm=0.34897565841674805, loss=3.643695831298828
I0306 11:16:31.276528 139870626305792 logging_writer.py:48] [101500] global_step=101500, grad_norm=0.37767425179481506, loss=3.629318952560425
I0306 11:17:05.827494 139870634698496 logging_writer.py:48] [101600] global_step=101600, grad_norm=0.36699622869491577, loss=3.6763432025909424
I0306 11:17:40.365889 139870626305792 logging_writer.py:48] [101700] global_step=101700, grad_norm=0.370439350605011, loss=3.635125160217285
I0306 11:18:14.905478 139870634698496 logging_writer.py:48] [101800] global_step=101800, grad_norm=0.3801307678222656, loss=3.64359188079834
I0306 11:18:43.560669 140014092387520 spec.py:321] Evaluating on the training split.
I0306 11:18:46.156823 140014092387520 workload.py:181] Translating evaluation dataset.
I0306 11:22:07.542608 140014092387520 spec.py:333] Evaluating on the validation split.
I0306 11:22:10.124736 140014092387520 workload.py:181] Translating evaluation dataset.
I0306 11:25:31.533237 140014092387520 spec.py:349] Evaluating on the test split.
I0306 11:25:34.121853 140014092387520 workload.py:181] Translating evaluation dataset.
I0306 11:28:48.053470 140014092387520 submission_runner.py:469] Time since start: 58519.81s, 	Step: 101884, 	{'train/accuracy': 0.7180216908454895, 'train/loss': 1.465099573135376, 'train/bleu': 36.908673009059676, 'validation/accuracy': 0.692284882068634, 'validation/loss': 1.5957337617874146, 'validation/bleu': 30.676344627889627, 'validation/num_examples': 3000, 'test/accuracy': 0.7088981866836548, 'test/loss': 1.4944958686828613, 'test/bleu': 30.507825230719238, 'test/num_examples': 3003, 'score': 35307.1790702343, 'total_duration': 58519.812579631805, 'accumulated_submission_time': 35307.1790702343, 'accumulated_eval_time': 23206.371296405792, 'accumulated_logging_time': 0.9188277721405029}
I0306 11:28:48.072950 139870626305792 logging_writer.py:48] [101884] accumulated_eval_time=23206.4, accumulated_logging_time=0.918828, accumulated_submission_time=35307.2, global_step=101884, preemption_count=0, score=35307.2, test/accuracy=0.708898, test/bleu=30.5078, test/loss=1.4945, test/num_examples=3003, total_duration=58519.8, train/accuracy=0.718022, train/bleu=36.9087, train/loss=1.4651, validation/accuracy=0.692285, validation/bleu=30.6763, validation/loss=1.59573, validation/num_examples=3000
I0306 11:28:53.919852 139870634698496 logging_writer.py:48] [101900] global_step=101900, grad_norm=0.379631370306015, loss=3.6642167568206787
I0306 11:29:28.363386 139870626305792 logging_writer.py:48] [102000] global_step=102000, grad_norm=0.3518177568912506, loss=3.668321132659912
I0306 11:30:02.871604 139870634698496 logging_writer.py:48] [102100] global_step=102100, grad_norm=0.355795294046402, loss=3.6619222164154053
I0306 11:30:37.388338 139870626305792 logging_writer.py:48] [102200] global_step=102200, grad_norm=0.3528349697589874, loss=3.625471830368042
I0306 11:31:11.939755 139870634698496 logging_writer.py:48] [102300] global_step=102300, grad_norm=0.35159754753112793, loss=3.6619536876678467
I0306 11:31:46.474330 139870626305792 logging_writer.py:48] [102400] global_step=102400, grad_norm=0.3641262650489807, loss=3.623445510864258
I0306 11:32:21.020366 139870634698496 logging_writer.py:48] [102500] global_step=102500, grad_norm=0.37698185443878174, loss=3.6488149166107178
I0306 11:32:55.576215 139870626305792 logging_writer.py:48] [102600] global_step=102600, grad_norm=0.3618012070655823, loss=3.6553032398223877
I0306 11:33:30.124407 139870634698496 logging_writer.py:48] [102700] global_step=102700, grad_norm=0.36711958050727844, loss=3.651952028274536
I0306 11:34:04.677934 139870626305792 logging_writer.py:48] [102800] global_step=102800, grad_norm=0.3712628483772278, loss=3.6047582626342773
I0306 11:34:39.182486 139870634698496 logging_writer.py:48] [102900] global_step=102900, grad_norm=0.3568897843360901, loss=3.6798789501190186
I0306 11:35:13.749066 139870626305792 logging_writer.py:48] [103000] global_step=103000, grad_norm=0.3757471740245819, loss=3.6402344703674316
I0306 11:35:48.292029 139870634698496 logging_writer.py:48] [103100] global_step=103100, grad_norm=0.3835854232311249, loss=3.657907724380493
I0306 11:36:22.817582 139870626305792 logging_writer.py:48] [103200] global_step=103200, grad_norm=0.36497920751571655, loss=3.6140754222869873
I0306 11:36:57.349313 139870634698496 logging_writer.py:48] [103300] global_step=103300, grad_norm=0.37890350818634033, loss=3.617223024368286
I0306 11:37:31.901708 139870626305792 logging_writer.py:48] [103400] global_step=103400, grad_norm=0.37380218505859375, loss=3.6478583812713623
I0306 11:38:06.436945 139870634698496 logging_writer.py:48] [103500] global_step=103500, grad_norm=0.3515739440917969, loss=3.589080810546875
I0306 11:38:40.962282 139870626305792 logging_writer.py:48] [103600] global_step=103600, grad_norm=0.3858972191810608, loss=3.6605398654937744
I0306 11:39:15.514915 139870634698496 logging_writer.py:48] [103700] global_step=103700, grad_norm=0.3757689297199249, loss=3.6849474906921387
I0306 11:39:50.041824 139870626305792 logging_writer.py:48] [103800] global_step=103800, grad_norm=0.364266037940979, loss=3.635784864425659
I0306 11:40:24.576733 139870634698496 logging_writer.py:48] [103900] global_step=103900, grad_norm=0.3677161931991577, loss=3.5990099906921387
I0306 11:40:59.109462 139870626305792 logging_writer.py:48] [104000] global_step=104000, grad_norm=0.3563231825828552, loss=3.646428346633911
I0306 11:41:33.664359 139870634698496 logging_writer.py:48] [104100] global_step=104100, grad_norm=0.37931376695632935, loss=3.646710157394409
I0306 11:42:08.253455 139870626305792 logging_writer.py:48] [104200] global_step=104200, grad_norm=0.3688422739505768, loss=3.6123294830322266
I0306 11:42:42.798577 139870634698496 logging_writer.py:48] [104300] global_step=104300, grad_norm=0.3625715672969818, loss=3.6297965049743652
I0306 11:42:48.321511 140014092387520 spec.py:321] Evaluating on the training split.
I0306 11:42:50.923922 140014092387520 workload.py:181] Translating evaluation dataset.
I0306 11:45:49.787898 140014092387520 spec.py:333] Evaluating on the validation split.
I0306 11:45:52.369232 140014092387520 workload.py:181] Translating evaluation dataset.
I0306 11:48:24.839926 140014092387520 spec.py:349] Evaluating on the test split.
I0306 11:48:27.432907 140014092387520 workload.py:181] Translating evaluation dataset.
I0306 11:51:06.371764 140014092387520 submission_runner.py:469] Time since start: 59858.13s, 	Step: 104317, 	{'train/accuracy': 0.7137287855148315, 'train/loss': 1.490756869316101, 'train/bleu': 36.84923538207688, 'validation/accuracy': 0.6928040385246277, 'validation/loss': 1.5952367782592773, 'validation/bleu': 30.84917590799016, 'validation/num_examples': 3000, 'test/accuracy': 0.7096860408782959, 'test/loss': 1.4918954372406006, 'test/bleu': 30.713737057467963, 'test/num_examples': 3003, 'score': 36147.29384422302, 'total_duration': 59858.13088798523, 'accumulated_submission_time': 36147.29384422302, 'accumulated_eval_time': 23704.42150592804, 'accumulated_logging_time': 0.9460732936859131}
I0306 11:51:06.390484 139870626305792 logging_writer.py:48] [104317] accumulated_eval_time=23704.4, accumulated_logging_time=0.946073, accumulated_submission_time=36147.3, global_step=104317, preemption_count=0, score=36147.3, test/accuracy=0.709686, test/bleu=30.7137, test/loss=1.4919, test/num_examples=3003, total_duration=59858.1, train/accuracy=0.713729, train/bleu=36.8492, train/loss=1.49076, validation/accuracy=0.692804, validation/bleu=30.8492, validation/loss=1.59524, validation/num_examples=3000
I0306 11:51:06.411084 139870634698496 logging_writer.py:48] [104317] global_step=104317, preemption_count=0, score=36147.3
I0306 11:51:06.434648 140014092387520 submission_runner.py:646] Tuning trial 2/5
I0306 11:51:06.434762 140014092387520 submission_runner.py:647] Hyperparameters: Hyperparameters(dropout_rate=0.0, label_smoothing=0.2, learning_rate=0.0008445074561975979, one_minus_beta1=0.11042418465, beta2=0.9978504782314613, weight_decay=0.08135402759553023, warmup_factor=0.05)
