python submission_runner.py --framework=jax --workload=wmt --submission_path=prize_qualification_baselines/external_tuning/jax_nadamw_full_budget.py --data_dir=/data/wmt --num_tuning_trials=1 --experiment_dir=/experiment_runs --experiment_name=submissions/rolling_leaderboard/external_tuning/baseline/study_2 --overwrite=True --save_checkpoints=False --rng_seed=-663393617 --tuning_ruleset=external --tuning_search_space=prize_qualification_baselines/external_tuning/tuning_search_space.json --num_tuning_trials=5 --hparam_start_index=0 --hparam_end_index=1 2>&1 | tee -a /logs/wmt_jax_03-05-2025-19-13-02.log
2025-03-05 19:13:03.606702: E external/local_xla/xla/stream_executor/cuda/cuda_fft.cc:477] Unable to register cuFFT factory: Attempting to register factory for plugin cuFFT when one has already been registered
WARNING: All log messages before absl::InitializeLog() is called are written to STDERR
E0000 00:00:1741201983.629079       9 cuda_dnn.cc:8310] Unable to register cuDNN factory: Attempting to register factory for plugin cuDNN when one has already been registered
E0000 00:00:1741201983.635980       9 cuda_blas.cc:1418] Unable to register cuBLAS factory: Attempting to register factory for plugin cuBLAS when one has already been registered
ERROR:root:Unable to import wandb.
Traceback (most recent call last):
  File "/algorithmic-efficiency/algoperf/logger_utils.py", line 27, in <module>
    import wandb  # pylint: disable=g-import-not-at-top
    ^^^^^^^^^^^^
ModuleNotFoundError: No module named 'wandb'
I0305 19:13:10.466695 139852506842304 logger_utils.py:81] Creating experiment directory at /experiment_runs/submissions/rolling_leaderboard/external_tuning/baseline/study_2/wmt_jax.
I0305 19:13:11.443870 139852506842304 xla_bridge.py:884] Unable to initialize backend 'rocm': NOT_FOUND: Could not find registered platform with name: "rocm". Available platform names are: CUDA
I0305 19:13:11.446964 139852506842304 xla_bridge.py:884] Unable to initialize backend 'tpu': INTERNAL: Failed to open libtpu.so: libtpu.so: cannot open shared object file: No such file or directory
I0305 19:13:11.448647 139852506842304 submission_runner.py:606] Using RNG seed -663393617
I0305 19:13:12.061324 139852506842304 submission_runner.py:615] --- Tuning run 1/5 ---
I0305 19:13:12.061506 139852506842304 submission_runner.py:620] Creating tuning directory at /experiment_runs/submissions/rolling_leaderboard/external_tuning/baseline/study_2/wmt_jax/trial_1.
I0305 19:13:12.061696 139852506842304 logger_utils.py:97] Saving hparams to /experiment_runs/submissions/rolling_leaderboard/external_tuning/baseline/study_2/wmt_jax/trial_1/hparams.json.
I0305 19:13:12.298190 139852506842304 submission_runner.py:218] Initializing dataset.
I0305 19:13:12.479605 139852506842304 dataset_info.py:690] Load dataset info from /data/wmt/wmt17_translate/de-en/1.0.0
I0305 19:13:12.510603 139852506842304 reader.py:261] Creating a tf.data.Dataset reading 16 files located in folders: /data/wmt/wmt17_translate/de-en/1.0.0.
I0305 19:13:12.586220 139852506842304 logging_logger.py:49] Constructing tf.data.Dataset wmt17_translate for split train, from /data/wmt/wmt17_translate/de-en/1.0.0
I0305 19:13:13.973865 139852506842304 submission_runner.py:229] Initializing model.
I0305 19:13:55.786754 139852506842304 submission_runner.py:272] Initializing optimizer.
I0305 19:13:56.666150 139852506842304 submission_runner.py:279] Initializing metrics bundle.
I0305 19:13:56.666414 139852506842304 submission_runner.py:301] Initializing checkpoint and logger.
I0305 19:13:56.667435 139852506842304 checkpoints.py:1101] Found no checkpoint files in /experiment_runs/submissions/rolling_leaderboard/external_tuning/baseline/study_2/wmt_jax/trial_1 with prefix checkpoint_
I0305 19:13:56.667541 139852506842304 submission_runner.py:321] Saving meta data to /experiment_runs/submissions/rolling_leaderboard/external_tuning/baseline/study_2/wmt_jax/trial_1/meta_data_0.json.
I0305 19:13:56.667759 139852506842304 logger_utils.py:262] Unable to record workload.train_mean information. Continuing without it.
I0305 19:13:56.667812 139852506842304 logger_utils.py:262] Unable to record workload.train_stddev information. Continuing without it.
I0305 19:13:56.858914 139852506842304 submission_runner.py:325] Saving flags to /experiment_runs/submissions/rolling_leaderboard/external_tuning/baseline/study_2/wmt_jax/trial_1/flags_0.json.
I0305 19:13:56.895277 139852506842304 submission_runner.py:337] Starting training loop.
I0305 19:14:22.842310 139716267493120 logging_writer.py:48] [0] global_step=0, grad_norm=5.433254241943359, loss=11.089016914367676
I0305 19:14:22.902584 139852506842304 spec.py:321] Evaluating on the training split.
I0305 19:14:22.904812 139852506842304 dataset_info.py:690] Load dataset info from /data/wmt/wmt17_translate/de-en/1.0.0
I0305 19:14:22.908617 139852506842304 reader.py:261] Creating a tf.data.Dataset reading 16 files located in folders: /data/wmt/wmt17_translate/de-en/1.0.0.
I0305 19:14:22.942407 139852506842304 logging_logger.py:49] Constructing tf.data.Dataset wmt17_translate for split train, from /data/wmt/wmt17_translate/de-en/1.0.0
I0305 19:14:29.125104 139852506842304 workload.py:181] Translating evaluation dataset.
I0305 19:19:35.032069 139852506842304 spec.py:333] Evaluating on the validation split.
I0305 19:19:35.083353 139852506842304 dataset_info.py:690] Load dataset info from /data/wmt/wmt14_translate/de-en/1.0.0
I0305 19:19:35.090201 139852506842304 reader.py:261] Creating a tf.data.Dataset reading 1 files located in folders: /data/wmt/wmt14_translate/de-en/1.0.0.
I0305 19:19:35.122238 139852506842304 logging_logger.py:49] Constructing tf.data.Dataset wmt14_translate for split validation, from /data/wmt/wmt14_translate/de-en/1.0.0
I0305 19:19:40.306394 139852506842304 workload.py:181] Translating evaluation dataset.
I0305 19:24:40.130352 139852506842304 spec.py:349] Evaluating on the test split.
I0305 19:24:40.132955 139852506842304 dataset_info.py:690] Load dataset info from /data/wmt/wmt14_translate/de-en/1.0.0
I0305 19:24:40.136637 139852506842304 reader.py:261] Creating a tf.data.Dataset reading 1 files located in folders: /data/wmt/wmt14_translate/de-en/1.0.0.
I0305 19:24:40.169912 139852506842304 logging_logger.py:49] Constructing tf.data.Dataset wmt14_translate for split test, from /data/wmt/wmt14_translate/de-en/1.0.0
I0305 19:24:42.961404 139852506842304 workload.py:181] Translating evaluation dataset.
I0305 19:29:42.678854 139852506842304 submission_runner.py:469] Time since start: 945.78s, 	Step: 1, 	{'train/accuracy': 0.0007001033518463373, 'train/loss': 11.072443962097168, 'train/bleu': 0.0, 'validation/accuracy': 0.00048204089398495853, 'validation/loss': 11.089398384094238, 'validation/bleu': 0.0, 'validation/num_examples': 3000, 'test/accuracy': 0.0007183408597484231, 'test/loss': 11.093862533569336, 'test/bleu': 0.0, 'test/num_examples': 3003, 'score': 26.007185459136963, 'total_duration': 945.7834956645966, 'accumulated_submission_time': 26.007185459136963, 'accumulated_eval_time': 919.7761988639832, 'accumulated_logging_time': 0}
I0305 19:29:42.686780 139709154051840 logging_writer.py:48] [1] accumulated_eval_time=919.776, accumulated_logging_time=0, accumulated_submission_time=26.0072, global_step=1, preemption_count=0, score=26.0072, test/accuracy=0.000718341, test/bleu=0, test/loss=11.0939, test/num_examples=3003, total_duration=945.783, train/accuracy=0.000700103, train/bleu=0, train/loss=11.0724, validation/accuracy=0.000482041, validation/bleu=0, validation/loss=11.0894, validation/num_examples=3000
I0305 19:30:17.483016 139709145659136 logging_writer.py:48] [100] global_step=100, grad_norm=0.35970228910446167, loss=8.913162231445312
I0305 19:30:52.168327 139709154051840 logging_writer.py:48] [200] global_step=200, grad_norm=0.1630987972021103, loss=8.564688682556152
I0305 19:31:26.923119 139709145659136 logging_writer.py:48] [300] global_step=300, grad_norm=0.19120700657367706, loss=8.296892166137695
I0305 19:32:01.698031 139709154051840 logging_writer.py:48] [400] global_step=400, grad_norm=0.27128732204437256, loss=7.930752277374268
I0305 19:32:36.510580 139709145659136 logging_writer.py:48] [500] global_step=500, grad_norm=0.3792567551136017, loss=7.584674835205078
I0305 19:33:11.340440 139709154051840 logging_writer.py:48] [600] global_step=600, grad_norm=0.47656702995300293, loss=7.352880477905273
I0305 19:33:46.204736 139709145659136 logging_writer.py:48] [700] global_step=700, grad_norm=0.5787357687950134, loss=7.090738296508789
I0305 19:34:21.052567 139709154051840 logging_writer.py:48] [800] global_step=800, grad_norm=1.1713463068008423, loss=6.871852397918701
I0305 19:34:55.913033 139709145659136 logging_writer.py:48] [900] global_step=900, grad_norm=0.6559244990348816, loss=6.690353870391846
I0305 19:35:30.790395 139709154051840 logging_writer.py:48] [1000] global_step=1000, grad_norm=0.5827972292900085, loss=6.484797477722168
I0305 19:36:05.647890 139709145659136 logging_writer.py:48] [1100] global_step=1100, grad_norm=0.5355781316757202, loss=6.260437965393066
I0305 19:36:40.516270 139709154051840 logging_writer.py:48] [1200] global_step=1200, grad_norm=0.5985299944877625, loss=6.093109607696533
I0305 19:37:15.391341 139709145659136 logging_writer.py:48] [1300] global_step=1300, grad_norm=0.9129658341407776, loss=6.006778240203857
I0305 19:37:50.245732 139709154051840 logging_writer.py:48] [1400] global_step=1400, grad_norm=0.6553893685340881, loss=5.865147113800049
I0305 19:38:25.107359 139709145659136 logging_writer.py:48] [1500] global_step=1500, grad_norm=0.582734227180481, loss=5.727118015289307
I0305 19:38:59.968147 139709154051840 logging_writer.py:48] [1600] global_step=1600, grad_norm=0.6030863523483276, loss=5.5525803565979
I0305 19:39:34.860997 139709145659136 logging_writer.py:48] [1700] global_step=1700, grad_norm=0.594636857509613, loss=5.43776273727417
I0305 19:40:09.775012 139709154051840 logging_writer.py:48] [1800] global_step=1800, grad_norm=0.5906246304512024, loss=5.424025535583496
I0305 19:40:44.642290 139709145659136 logging_writer.py:48] [1900] global_step=1900, grad_norm=0.5798648595809937, loss=5.259311199188232
I0305 19:41:19.524500 139709154051840 logging_writer.py:48] [2000] global_step=2000, grad_norm=0.9084556698799133, loss=5.16171932220459
I0305 19:41:54.402039 139709145659136 logging_writer.py:48] [2100] global_step=2100, grad_norm=0.9091558456420898, loss=5.033843517303467
I0305 19:42:29.281785 139709154051840 logging_writer.py:48] [2200] global_step=2200, grad_norm=1.0223917961120605, loss=4.9370293617248535
I0305 19:43:04.188793 139709145659136 logging_writer.py:48] [2300] global_step=2300, grad_norm=0.8160740733146667, loss=4.849054336547852
I0305 19:43:39.087122 139709154051840 logging_writer.py:48] [2400] global_step=2400, grad_norm=0.8333131670951843, loss=4.867983341217041
I0305 19:43:42.937639 139852506842304 spec.py:321] Evaluating on the training split.
I0305 19:43:45.596384 139852506842304 workload.py:181] Translating evaluation dataset.
I0305 19:47:17.981540 139852506842304 spec.py:333] Evaluating on the validation split.
I0305 19:47:20.623089 139852506842304 workload.py:181] Translating evaluation dataset.
I0305 19:50:30.644690 139852506842304 spec.py:349] Evaluating on the test split.
I0305 19:50:33.279735 139852506842304 workload.py:181] Translating evaluation dataset.
I0305 19:53:38.220413 139852506842304 submission_runner.py:469] Time since start: 2381.33s, 	Step: 2412, 	{'train/accuracy': 0.42491084337234497, 'train/loss': 3.8637702465057373, 'train/bleu': 15.61919232914508, 'validation/accuracy': 0.4137764871120453, 'validation/loss': 3.9510624408721924, 'validation/bleu': 10.762993728862007, 'validation/num_examples': 3000, 'test/accuracy': 0.400359183549881, 'test/loss': 4.126694679260254, 'test/bleu': 9.021694400708748, 'test/num_examples': 3003, 'score': 866.0806493759155, 'total_duration': 2381.325071334839, 'accumulated_submission_time': 866.0806493759155, 'accumulated_eval_time': 1515.0589277744293, 'accumulated_logging_time': 0.01842665672302246}
I0305 19:53:38.229477 139708944332544 logging_writer.py:48] [2412] accumulated_eval_time=1515.06, accumulated_logging_time=0.0184267, accumulated_submission_time=866.081, global_step=2412, preemption_count=0, score=866.081, test/accuracy=0.400359, test/bleu=9.02169, test/loss=4.12669, test/num_examples=3003, total_duration=2381.33, train/accuracy=0.424911, train/bleu=15.6192, train/loss=3.86377, validation/accuracy=0.413776, validation/bleu=10.763, validation/loss=3.95106, validation/num_examples=3000
I0305 19:54:09.146866 139708935939840 logging_writer.py:48] [2500] global_step=2500, grad_norm=0.6225273013114929, loss=4.748279571533203
I0305 19:54:43.986876 139708944332544 logging_writer.py:48] [2600] global_step=2600, grad_norm=1.480366587638855, loss=4.64115047454834
I0305 19:55:18.858487 139708935939840 logging_writer.py:48] [2700] global_step=2700, grad_norm=1.006533145904541, loss=4.53400182723999
I0305 19:55:53.733358 139708944332544 logging_writer.py:48] [2800] global_step=2800, grad_norm=0.7304180264472961, loss=4.566551208496094
I0305 19:56:28.610798 139708935939840 logging_writer.py:48] [2900] global_step=2900, grad_norm=0.8559765815734863, loss=4.389969348907471
I0305 19:57:03.504976 139708944332544 logging_writer.py:48] [3000] global_step=3000, grad_norm=0.8063653707504272, loss=4.406327724456787
I0305 19:57:38.431597 139708935939840 logging_writer.py:48] [3100] global_step=3100, grad_norm=0.8390734195709229, loss=4.2527265548706055
I0305 19:58:13.315964 139708944332544 logging_writer.py:48] [3200] global_step=3200, grad_norm=0.6348618268966675, loss=4.2245049476623535
I0305 19:58:48.217386 139708935939840 logging_writer.py:48] [3300] global_step=3300, grad_norm=0.6455333828926086, loss=4.195932388305664
I0305 19:59:23.084292 139708944332544 logging_writer.py:48] [3400] global_step=3400, grad_norm=0.6303609013557434, loss=4.108180046081543
I0305 19:59:58.010573 139708935939840 logging_writer.py:48] [3500] global_step=3500, grad_norm=0.6974364519119263, loss=4.125591278076172
I0305 20:00:32.921615 139708944332544 logging_writer.py:48] [3600] global_step=3600, grad_norm=0.5745992660522461, loss=4.019906997680664
I0305 20:01:07.798614 139708935939840 logging_writer.py:48] [3700] global_step=3700, grad_norm=0.697944700717926, loss=3.988227128982544
I0305 20:01:42.700800 139708944332544 logging_writer.py:48] [3800] global_step=3800, grad_norm=0.7341029047966003, loss=4.020081520080566
I0305 20:02:17.598729 139708935939840 logging_writer.py:48] [3900] global_step=3900, grad_norm=0.6194031238555908, loss=3.9138498306274414
I0305 20:02:52.530305 139708944332544 logging_writer.py:48] [4000] global_step=4000, grad_norm=0.5899437069892883, loss=3.930199384689331
I0305 20:03:27.442924 139708935939840 logging_writer.py:48] [4100] global_step=4100, grad_norm=0.5501380562782288, loss=3.8676397800445557
I0305 20:04:02.349343 139708944332544 logging_writer.py:48] [4200] global_step=4200, grad_norm=0.5942625403404236, loss=3.9428770542144775
I0305 20:04:37.247852 139708935939840 logging_writer.py:48] [4300] global_step=4300, grad_norm=0.5941837430000305, loss=3.886653184890747
I0305 20:05:12.163608 139708944332544 logging_writer.py:48] [4400] global_step=4400, grad_norm=0.5521784424781799, loss=3.780045509338379
I0305 20:05:47.063928 139708935939840 logging_writer.py:48] [4500] global_step=4500, grad_norm=0.5801642537117004, loss=3.8541009426116943
I0305 20:06:21.963332 139708944332544 logging_writer.py:48] [4600] global_step=4600, grad_norm=0.5503385066986084, loss=3.740445375442505
I0305 20:06:56.885489 139708935939840 logging_writer.py:48] [4700] global_step=4700, grad_norm=0.5157902240753174, loss=3.7606775760650635
I0305 20:07:31.827306 139708944332544 logging_writer.py:48] [4800] global_step=4800, grad_norm=0.6012564897537231, loss=3.693239688873291
I0305 20:07:38.454339 139852506842304 spec.py:321] Evaluating on the training split.
I0305 20:07:41.110270 139852506842304 workload.py:181] Translating evaluation dataset.
I0305 20:10:27.205711 139852506842304 spec.py:333] Evaluating on the validation split.
I0305 20:10:29.844141 139852506842304 workload.py:181] Translating evaluation dataset.
I0305 20:13:13.328537 139852506842304 spec.py:349] Evaluating on the test split.
I0305 20:13:15.968584 139852506842304 workload.py:181] Translating evaluation dataset.
I0305 20:15:46.547611 139852506842304 submission_runner.py:469] Time since start: 3709.65s, 	Step: 4820, 	{'train/accuracy': 0.5459850430488586, 'train/loss': 2.7041351795196533, 'train/bleu': 24.537025090133007, 'validation/accuracy': 0.5497985482215881, 'validation/loss': 2.6535212993621826, 'validation/bleu': 20.789592351663433, 'validation/num_examples': 3000, 'test/accuracy': 0.5503765344619751, 'test/loss': 2.6854612827301025, 'test/bleu': 19.508493993622434, 'test/num_examples': 3003, 'score': 1706.1331958770752, 'total_duration': 3709.652266740799, 'accumulated_submission_time': 1706.1331958770752, 'accumulated_eval_time': 2003.1521430015564, 'accumulated_logging_time': 0.03605842590332031}
I0305 20:15:46.556642 139708935939840 logging_writer.py:48] [4820] accumulated_eval_time=2003.15, accumulated_logging_time=0.0360584, accumulated_submission_time=1706.13, global_step=4820, preemption_count=0, score=1706.13, test/accuracy=0.550377, test/bleu=19.5085, test/loss=2.68546, test/num_examples=3003, total_duration=3709.65, train/accuracy=0.545985, train/bleu=24.537, train/loss=2.70414, validation/accuracy=0.549799, validation/bleu=20.7896, validation/loss=2.65352, validation/num_examples=3000
I0305 20:16:14.725707 139708944332544 logging_writer.py:48] [4900] global_step=4900, grad_norm=0.5524070262908936, loss=3.7401318550109863
I0305 20:16:49.521205 139708935939840 logging_writer.py:48] [5000] global_step=5000, grad_norm=0.5397441387176514, loss=3.670475721359253
I0305 20:17:24.395972 139708944332544 logging_writer.py:48] [5100] global_step=5100, grad_norm=0.7345094084739685, loss=3.6580259799957275
I0305 20:17:59.297542 139708935939840 logging_writer.py:48] [5200] global_step=5200, grad_norm=0.4438818693161011, loss=3.6334898471832275
I0305 20:18:34.186957 139708944332544 logging_writer.py:48] [5300] global_step=5300, grad_norm=0.4766848087310791, loss=3.726593017578125
I0305 20:19:09.046560 139708935939840 logging_writer.py:48] [5400] global_step=5400, grad_norm=0.45095211267471313, loss=3.613217830657959
I0305 20:19:43.928672 139708944332544 logging_writer.py:48] [5500] global_step=5500, grad_norm=0.5511067509651184, loss=3.680271625518799
I0305 20:20:18.833013 139708935939840 logging_writer.py:48] [5600] global_step=5600, grad_norm=0.4512489438056946, loss=3.6045637130737305
I0305 20:20:53.727863 139708944332544 logging_writer.py:48] [5700] global_step=5700, grad_norm=0.5152019262313843, loss=3.533064365386963
I0305 20:21:28.632881 139708935939840 logging_writer.py:48] [5800] global_step=5800, grad_norm=0.49622493982315063, loss=3.555025339126587
I0305 20:22:03.520916 139708944332544 logging_writer.py:48] [5900] global_step=5900, grad_norm=0.4725337028503418, loss=3.5141472816467285
I0305 20:22:38.413866 139708935939840 logging_writer.py:48] [6000] global_step=6000, grad_norm=0.4023038148880005, loss=3.461676836013794
I0305 20:23:13.319449 139708944332544 logging_writer.py:48] [6100] global_step=6100, grad_norm=0.4745039939880371, loss=3.5230205059051514
I0305 20:23:48.195731 139708935939840 logging_writer.py:48] [6200] global_step=6200, grad_norm=0.49745410680770874, loss=3.5743110179901123
I0305 20:24:23.096843 139708776544000 logging_writer.py:48] [6300] global_step=6300, grad_norm=0.4466586709022522, loss=3.6012940406799316
I0305 20:24:57.967970 139708768151296 logging_writer.py:48] [6400] global_step=6400, grad_norm=0.430327832698822, loss=3.519501209259033
I0305 20:25:32.851132 139708776544000 logging_writer.py:48] [6500] global_step=6500, grad_norm=0.48809295892715454, loss=3.4914705753326416
I0305 20:26:07.704021 139708768151296 logging_writer.py:48] [6600] global_step=6600, grad_norm=0.4745369255542755, loss=3.516721248626709
I0305 20:26:42.581246 139708776544000 logging_writer.py:48] [6700] global_step=6700, grad_norm=0.4204328656196594, loss=3.5129923820495605
I0305 20:27:17.478534 139708768151296 logging_writer.py:48] [6800] global_step=6800, grad_norm=0.4045640826225281, loss=3.4500677585601807
I0305 20:27:52.345759 139708776544000 logging_writer.py:48] [6900] global_step=6900, grad_norm=0.41773903369903564, loss=3.5431134700775146
I0305 20:28:27.218400 139708768151296 logging_writer.py:48] [7000] global_step=7000, grad_norm=0.36634182929992676, loss=3.4087939262390137
I0305 20:29:02.122896 139708776544000 logging_writer.py:48] [7100] global_step=7100, grad_norm=0.4092232584953308, loss=3.4531362056732178
I0305 20:29:36.984870 139708768151296 logging_writer.py:48] [7200] global_step=7200, grad_norm=0.4085257351398468, loss=3.324448347091675
I0305 20:29:46.760048 139852506842304 spec.py:321] Evaluating on the training split.
I0305 20:29:49.406344 139852506842304 workload.py:181] Translating evaluation dataset.
I0305 20:32:25.471542 139852506842304 spec.py:333] Evaluating on the validation split.
I0305 20:32:28.109692 139852506842304 workload.py:181] Translating evaluation dataset.
I0305 20:35:09.070951 139852506842304 spec.py:349] Evaluating on the test split.
I0305 20:35:11.714408 139852506842304 workload.py:181] Translating evaluation dataset.
I0305 20:37:42.985027 139852506842304 submission_runner.py:469] Time since start: 5026.09s, 	Step: 7229, 	{'train/accuracy': 0.5858600735664368, 'train/loss': 2.3224937915802, 'train/bleu': 27.6802262408556, 'validation/accuracy': 0.5911799073219299, 'validation/loss': 2.2754979133605957, 'validation/bleu': 23.32863177280011, 'validation/num_examples': 3000, 'test/accuracy': 0.5931178331375122, 'test/loss': 2.268697500228882, 'test/bleu': 22.097597695085067, 'test/num_examples': 3003, 'score': 2546.1659734249115, 'total_duration': 5026.089684963226, 'accumulated_submission_time': 2546.1659734249115, 'accumulated_eval_time': 2479.3770694732666, 'accumulated_logging_time': 0.0534365177154541}
I0305 20:37:42.994227 139708776544000 logging_writer.py:48] [7229] accumulated_eval_time=2479.38, accumulated_logging_time=0.0534365, accumulated_submission_time=2546.17, global_step=7229, preemption_count=0, score=2546.17, test/accuracy=0.593118, test/bleu=22.0976, test/loss=2.2687, test/num_examples=3003, total_duration=5026.09, train/accuracy=0.58586, train/bleu=27.6802, train/loss=2.32249, validation/accuracy=0.59118, validation/bleu=23.3286, validation/loss=2.2755, validation/num_examples=3000
I0305 20:38:08.008036 139708768151296 logging_writer.py:48] [7300] global_step=7300, grad_norm=0.439005047082901, loss=3.3959555625915527
I0305 20:38:42.768490 139708776544000 logging_writer.py:48] [7400] global_step=7400, grad_norm=0.38505831360816956, loss=3.52604079246521
I0305 20:39:17.589181 139708768151296 logging_writer.py:48] [7500] global_step=7500, grad_norm=0.4177456796169281, loss=3.3850693702697754
I0305 20:39:52.452426 139708776544000 logging_writer.py:48] [7600] global_step=7600, grad_norm=0.40126293897628784, loss=3.477825880050659
I0305 20:40:27.309310 139708768151296 logging_writer.py:48] [7700] global_step=7700, grad_norm=0.31990623474121094, loss=3.355193614959717
I0305 20:41:02.174360 139708776544000 logging_writer.py:48] [7800] global_step=7800, grad_norm=0.37684664130210876, loss=3.415907382965088
I0305 20:41:37.049870 139708768151296 logging_writer.py:48] [7900] global_step=7900, grad_norm=0.3752114474773407, loss=3.4385757446289062
I0305 20:42:11.912192 139708776544000 logging_writer.py:48] [8000] global_step=8000, grad_norm=0.3515909016132355, loss=3.332973003387451
I0305 20:42:46.782008 139708768151296 logging_writer.py:48] [8100] global_step=8100, grad_norm=0.33063021302223206, loss=3.4627485275268555
I0305 20:43:21.657381 139708776544000 logging_writer.py:48] [8200] global_step=8200, grad_norm=0.33187487721443176, loss=3.4046082496643066
I0305 20:43:56.510511 139708768151296 logging_writer.py:48] [8300] global_step=8300, grad_norm=0.3837997615337372, loss=3.3376424312591553
I0305 20:44:31.376258 139708776544000 logging_writer.py:48] [8400] global_step=8400, grad_norm=0.3481845557689667, loss=3.3831634521484375
I0305 20:45:06.228513 139708768151296 logging_writer.py:48] [8500] global_step=8500, grad_norm=0.34090426564216614, loss=3.3286986351013184
I0305 20:45:41.082771 139708776544000 logging_writer.py:48] [8600] global_step=8600, grad_norm=0.3127562701702118, loss=3.2829177379608154
I0305 20:46:15.936561 139708768151296 logging_writer.py:48] [8700] global_step=8700, grad_norm=0.3563091456890106, loss=3.3663675785064697
I0305 20:46:50.795445 139708776544000 logging_writer.py:48] [8800] global_step=8800, grad_norm=0.34666427969932556, loss=3.365790605545044
I0305 20:47:25.670465 139708768151296 logging_writer.py:48] [8900] global_step=8900, grad_norm=0.3508322238922119, loss=3.2984554767608643
I0305 20:48:00.535804 139708776544000 logging_writer.py:48] [9000] global_step=9000, grad_norm=0.3146514594554901, loss=3.391014337539673
I0305 20:48:35.422098 139708768151296 logging_writer.py:48] [9100] global_step=9100, grad_norm=0.33982425928115845, loss=3.2967379093170166
I0305 20:49:10.307135 139708776544000 logging_writer.py:48] [9200] global_step=9200, grad_norm=0.2990380525588989, loss=3.3278768062591553
I0305 20:49:45.174353 139708768151296 logging_writer.py:48] [9300] global_step=9300, grad_norm=0.2868722379207611, loss=3.330490827560425
I0305 20:50:20.018392 139708776544000 logging_writer.py:48] [9400] global_step=9400, grad_norm=0.29468193650245667, loss=3.351050615310669
I0305 20:50:54.897141 139708768151296 logging_writer.py:48] [9500] global_step=9500, grad_norm=0.34280019998550415, loss=3.2757956981658936
I0305 20:51:29.739212 139708776544000 logging_writer.py:48] [9600] global_step=9600, grad_norm=0.28343120217323303, loss=3.3259294033050537
I0305 20:51:42.987145 139852506842304 spec.py:321] Evaluating on the training split.
I0305 20:51:45.653676 139852506842304 workload.py:181] Translating evaluation dataset.
I0305 20:54:38.623758 139852506842304 spec.py:333] Evaluating on the validation split.
I0305 20:54:41.255486 139852506842304 workload.py:181] Translating evaluation dataset.
I0305 20:57:18.300426 139852506842304 spec.py:349] Evaluating on the test split.
I0305 20:57:20.949399 139852506842304 workload.py:181] Translating evaluation dataset.
I0305 20:59:45.192589 139852506842304 submission_runner.py:469] Time since start: 6348.30s, 	Step: 9639, 	{'train/accuracy': 0.595770001411438, 'train/loss': 2.2054076194763184, 'train/bleu': 28.391961989913796, 'validation/accuracy': 0.608953595161438, 'validation/loss': 2.1008777618408203, 'validation/bleu': 24.876423012297934, 'validation/num_examples': 3000, 'test/accuracy': 0.6161510944366455, 'test/loss': 2.0748791694641113, 'test/bleu': 23.814821639047352, 'test/num_examples': 3003, 'score': 3385.9925627708435, 'total_duration': 6348.297238826752, 'accumulated_submission_time': 3385.9925627708435, 'accumulated_eval_time': 2961.5824570655823, 'accumulated_logging_time': 0.07094693183898926}
I0305 20:59:45.202291 139708768151296 logging_writer.py:48] [9639] accumulated_eval_time=2961.58, accumulated_logging_time=0.0709469, accumulated_submission_time=3385.99, global_step=9639, preemption_count=0, score=3385.99, test/accuracy=0.616151, test/bleu=23.8148, test/loss=2.07488, test/num_examples=3003, total_duration=6348.3, train/accuracy=0.59577, train/bleu=28.392, train/loss=2.20541, validation/accuracy=0.608954, validation/bleu=24.8764, validation/loss=2.10088, validation/num_examples=3000
I0305 21:00:06.722707 139708776544000 logging_writer.py:48] [9700] global_step=9700, grad_norm=0.27059406042099, loss=3.235731363296509
I0305 21:00:41.468812 139708768151296 logging_writer.py:48] [9800] global_step=9800, grad_norm=0.32472914457321167, loss=3.276540517807007
I0305 21:01:16.262165 139708776544000 logging_writer.py:48] [9900] global_step=9900, grad_norm=0.2743571400642395, loss=3.260592460632324
I0305 21:01:51.067889 139708768151296 logging_writer.py:48] [10000] global_step=10000, grad_norm=0.29652631282806396, loss=3.239326238632202
I0305 21:02:25.910419 139708776544000 logging_writer.py:48] [10100] global_step=10100, grad_norm=0.2605210542678833, loss=3.3137996196746826
I0305 21:03:00.735590 139708768151296 logging_writer.py:48] [10200] global_step=10200, grad_norm=0.29030266404151917, loss=3.213999032974243
I0305 21:03:35.577190 139708776544000 logging_writer.py:48] [10300] global_step=10300, grad_norm=0.283451646566391, loss=3.298313856124878
I0305 21:04:10.380332 139708768151296 logging_writer.py:48] [10400] global_step=10400, grad_norm=0.33995476365089417, loss=3.29769229888916
I0305 21:04:45.235558 139708776544000 logging_writer.py:48] [10500] global_step=10500, grad_norm=0.2712898552417755, loss=3.288607358932495
I0305 21:05:20.097918 139708768151296 logging_writer.py:48] [10600] global_step=10600, grad_norm=0.2634112238883972, loss=3.2951040267944336
I0305 21:05:54.946451 139708776544000 logging_writer.py:48] [10700] global_step=10700, grad_norm=0.24911727011203766, loss=3.254828929901123
I0305 21:06:29.802814 139708768151296 logging_writer.py:48] [10800] global_step=10800, grad_norm=0.2835375964641571, loss=3.236159324645996
I0305 21:07:04.642287 139708776544000 logging_writer.py:48] [10900] global_step=10900, grad_norm=0.2723182439804077, loss=3.2272636890411377
I0305 21:07:39.478239 139708768151296 logging_writer.py:48] [11000] global_step=11000, grad_norm=0.25393959879875183, loss=3.2768664360046387
I0305 21:08:14.330017 139708776544000 logging_writer.py:48] [11100] global_step=11100, grad_norm=0.2664223909378052, loss=3.2908103466033936
I0305 21:08:49.149262 139708768151296 logging_writer.py:48] [11200] global_step=11200, grad_norm=0.2837105095386505, loss=3.2429616451263428
I0305 21:09:24.012771 139708776544000 logging_writer.py:48] [11300] global_step=11300, grad_norm=0.24704205989837646, loss=3.2345499992370605
I0305 21:09:58.853633 139708768151296 logging_writer.py:48] [11400] global_step=11400, grad_norm=0.25658902525901794, loss=3.1776835918426514
I0305 21:10:33.675334 139708776544000 logging_writer.py:48] [11500] global_step=11500, grad_norm=0.2381569743156433, loss=3.151265859603882
I0305 21:11:08.507990 139708768151296 logging_writer.py:48] [11600] global_step=11600, grad_norm=0.23766764998435974, loss=3.141540288925171
I0305 21:11:43.350618 139708776544000 logging_writer.py:48] [11700] global_step=11700, grad_norm=0.2655874490737915, loss=3.25224232673645
I0305 21:12:18.185517 139708768151296 logging_writer.py:48] [11800] global_step=11800, grad_norm=0.24769818782806396, loss=3.2363388538360596
I0305 21:12:53.022044 139708776544000 logging_writer.py:48] [11900] global_step=11900, grad_norm=0.27656036615371704, loss=3.1723473072052
I0305 21:13:27.866612 139708768151296 logging_writer.py:48] [12000] global_step=12000, grad_norm=0.24072232842445374, loss=3.2502753734588623
I0305 21:13:45.286424 139852506842304 spec.py:321] Evaluating on the training split.
I0305 21:13:47.933682 139852506842304 workload.py:181] Translating evaluation dataset.
I0305 21:16:47.233367 139852506842304 spec.py:333] Evaluating on the validation split.
I0305 21:16:49.859223 139852506842304 workload.py:181] Translating evaluation dataset.
I0305 21:19:37.845188 139852506842304 spec.py:349] Evaluating on the test split.
I0305 21:19:40.480586 139852506842304 workload.py:181] Translating evaluation dataset.
I0305 21:21:59.289584 139852506842304 submission_runner.py:469] Time since start: 7682.39s, 	Step: 12051, 	{'train/accuracy': 0.6027227640151978, 'train/loss': 2.1442761421203613, 'train/bleu': 29.44077606983374, 'validation/accuracy': 0.6228091716766357, 'validation/loss': 1.9855448007583618, 'validation/bleu': 25.74414990782134, 'validation/num_examples': 3000, 'test/accuracy': 0.6294288039207458, 'test/loss': 1.9414881467819214, 'test/bleu': 24.94115133871372, 'test/num_examples': 3003, 'score': 4225.918093442917, 'total_duration': 7682.394242525101, 'accumulated_submission_time': 4225.918093442917, 'accumulated_eval_time': 3455.5855684280396, 'accumulated_logging_time': 0.08934473991394043}
I0305 21:21:59.299430 139708776544000 logging_writer.py:48] [12051] accumulated_eval_time=3455.59, accumulated_logging_time=0.0893447, accumulated_submission_time=4225.92, global_step=12051, preemption_count=0, score=4225.92, test/accuracy=0.629429, test/bleu=24.9412, test/loss=1.94149, test/num_examples=3003, total_duration=7682.39, train/accuracy=0.602723, train/bleu=29.4408, train/loss=2.14428, validation/accuracy=0.622809, validation/bleu=25.7441, validation/loss=1.98554, validation/num_examples=3000
I0305 21:22:16.617134 139708768151296 logging_writer.py:48] [12100] global_step=12100, grad_norm=0.2446761280298233, loss=3.1722166538238525
I0305 21:22:51.306752 139708776544000 logging_writer.py:48] [12200] global_step=12200, grad_norm=0.26071903109550476, loss=3.19606876373291
I0305 21:23:26.095462 139708768151296 logging_writer.py:48] [12300] global_step=12300, grad_norm=0.22795546054840088, loss=3.1597208976745605
I0305 21:24:00.901745 139708776544000 logging_writer.py:48] [12400] global_step=12400, grad_norm=0.244897723197937, loss=3.159167528152466
I0305 21:24:35.750243 139708768151296 logging_writer.py:48] [12500] global_step=12500, grad_norm=0.23182153701782227, loss=3.16878604888916
I0305 21:25:10.516883 139708776544000 logging_writer.py:48] [12600] global_step=12600, grad_norm=0.26234135031700134, loss=3.158705472946167
I0305 21:25:45.264209 139708768151296 logging_writer.py:48] [12700] global_step=12700, grad_norm=0.22375808656215668, loss=3.154081344604492
I0305 21:26:20.008251 139708776544000 logging_writer.py:48] [12800] global_step=12800, grad_norm=0.23698076605796814, loss=3.1202378273010254
I0305 21:26:54.747865 139708768151296 logging_writer.py:48] [12900] global_step=12900, grad_norm=0.25813665986061096, loss=3.251418113708496
I0305 21:27:29.490550 139708776544000 logging_writer.py:48] [13000] global_step=13000, grad_norm=0.30074551701545715, loss=3.180124044418335
I0305 21:28:04.225045 139708768151296 logging_writer.py:48] [13100] global_step=13100, grad_norm=0.23138752579689026, loss=3.1284642219543457
I0305 21:28:38.982917 139708776544000 logging_writer.py:48] [13200] global_step=13200, grad_norm=0.24320532381534576, loss=3.1604583263397217
I0305 21:29:13.739682 139708768151296 logging_writer.py:48] [13300] global_step=13300, grad_norm=0.27313873171806335, loss=3.1831960678100586
I0305 21:29:48.483828 139708776544000 logging_writer.py:48] [13400] global_step=13400, grad_norm=0.25221309065818787, loss=3.1722524166107178
I0305 21:30:23.255981 139708768151296 logging_writer.py:48] [13500] global_step=13500, grad_norm=0.2970356047153473, loss=3.1883089542388916
I0305 21:30:58.014257 139708776544000 logging_writer.py:48] [13600] global_step=13600, grad_norm=0.24841606616973877, loss=3.1507749557495117
I0305 21:31:32.780899 139708768151296 logging_writer.py:48] [13700] global_step=13700, grad_norm=0.2657814621925354, loss=3.2240049839019775
I0305 21:32:07.518660 139708776544000 logging_writer.py:48] [13800] global_step=13800, grad_norm=0.2563017010688782, loss=3.17687726020813
I0305 21:32:42.266198 139708768151296 logging_writer.py:48] [13900] global_step=13900, grad_norm=0.24880068004131317, loss=3.191720962524414
I0305 21:33:17.025360 139708776544000 logging_writer.py:48] [14000] global_step=14000, grad_norm=0.23730073869228363, loss=3.154592752456665
I0305 21:33:51.770727 139708768151296 logging_writer.py:48] [14100] global_step=14100, grad_norm=0.3061276078224182, loss=3.0993030071258545
I0305 21:34:26.549886 139708776544000 logging_writer.py:48] [14200] global_step=14200, grad_norm=0.2752387523651123, loss=3.1126182079315186
I0305 21:35:01.315782 139708768151296 logging_writer.py:48] [14300] global_step=14300, grad_norm=0.256245493888855, loss=3.191006660461426
I0305 21:35:36.062674 139708776544000 logging_writer.py:48] [14400] global_step=14400, grad_norm=0.2654823660850525, loss=3.1931731700897217
I0305 21:35:59.354749 139852506842304 spec.py:321] Evaluating on the training split.
I0305 21:36:01.999450 139852506842304 workload.py:181] Translating evaluation dataset.
I0305 21:38:48.747945 139852506842304 spec.py:333] Evaluating on the validation split.
I0305 21:38:51.386536 139852506842304 workload.py:181] Translating evaluation dataset.
I0305 21:41:30.553452 139852506842304 spec.py:349] Evaluating on the test split.
I0305 21:41:33.192528 139852506842304 workload.py:181] Translating evaluation dataset.
I0305 21:44:03.371034 139852506842304 submission_runner.py:469] Time since start: 9006.48s, 	Step: 14468, 	{'train/accuracy': 0.6183366179466248, 'train/loss': 2.016723155975342, 'train/bleu': 29.57251553557313, 'validation/accuracy': 0.6347736716270447, 'validation/loss': 1.8878432512283325, 'validation/bleu': 26.489837441616515, 'validation/num_examples': 3000, 'test/accuracy': 0.6437492966651917, 'test/loss': 1.8373864889144897, 'test/bleu': 25.770261872530057, 'test/num_examples': 3003, 'score': 5065.820095539093, 'total_duration': 9006.475695371628, 'accumulated_submission_time': 5065.820095539093, 'accumulated_eval_time': 3939.6018047332764, 'accumulated_logging_time': 0.1076514720916748}
I0305 21:44:03.381161 139708768151296 logging_writer.py:48] [14468] accumulated_eval_time=3939.6, accumulated_logging_time=0.107651, accumulated_submission_time=5065.82, global_step=14468, preemption_count=0, score=5065.82, test/accuracy=0.643749, test/bleu=25.7703, test/loss=1.83739, test/num_examples=3003, total_duration=9006.48, train/accuracy=0.618337, train/bleu=29.5725, train/loss=2.01672, validation/accuracy=0.634774, validation/bleu=26.4898, validation/loss=1.88784, validation/num_examples=3000
I0305 21:44:14.803291 139708776544000 logging_writer.py:48] [14500] global_step=14500, grad_norm=0.28930535912513733, loss=3.1559319496154785
I0305 21:44:49.446883 139708768151296 logging_writer.py:48] [14600] global_step=14600, grad_norm=0.29675671458244324, loss=3.0999386310577393
I0305 21:45:24.193887 139708776544000 logging_writer.py:48] [14700] global_step=14700, grad_norm=0.26202672719955444, loss=3.1235382556915283
I0305 21:45:58.957065 139708768151296 logging_writer.py:48] [14800] global_step=14800, grad_norm=0.2694920301437378, loss=3.1249146461486816
I0305 21:46:33.720249 139708776544000 logging_writer.py:48] [14900] global_step=14900, grad_norm=0.3046327531337738, loss=3.16876220703125
I0305 21:47:08.449145 139708768151296 logging_writer.py:48] [15000] global_step=15000, grad_norm=0.24492190778255463, loss=3.0854668617248535
I0305 21:47:43.187297 139708776544000 logging_writer.py:48] [15100] global_step=15100, grad_norm=0.2650688588619232, loss=3.0650131702423096
I0305 21:48:17.952660 139708768151296 logging_writer.py:48] [15200] global_step=15200, grad_norm=0.35648858547210693, loss=3.12654447555542
I0305 21:48:52.705538 139708776544000 logging_writer.py:48] [15300] global_step=15300, grad_norm=0.31072813272476196, loss=3.152935028076172
I0305 21:49:27.433810 139708768151296 logging_writer.py:48] [15400] global_step=15400, grad_norm=0.3629787266254425, loss=3.1239283084869385
I0305 21:50:02.178357 139708776544000 logging_writer.py:48] [15500] global_step=15500, grad_norm=0.2955119013786316, loss=3.076275587081909
I0305 21:50:36.946409 139708768151296 logging_writer.py:48] [15600] global_step=15600, grad_norm=0.2843613624572754, loss=3.0928735733032227
I0305 21:51:11.697522 139708776544000 logging_writer.py:48] [15700] global_step=15700, grad_norm=0.2577246427536011, loss=3.063357353210449
I0305 21:51:46.427733 139708768151296 logging_writer.py:48] [15800] global_step=15800, grad_norm=0.2410232126712799, loss=3.081737756729126
I0305 21:52:21.176642 139708776544000 logging_writer.py:48] [15900] global_step=15900, grad_norm=0.28620487451553345, loss=3.1472513675689697
I0305 21:52:55.918370 139708768151296 logging_writer.py:48] [16000] global_step=16000, grad_norm=0.2889164090156555, loss=3.0939671993255615
I0305 21:53:30.673006 139708776544000 logging_writer.py:48] [16100] global_step=16100, grad_norm=0.26020318269729614, loss=3.080411434173584
I0305 21:54:05.440244 139708768151296 logging_writer.py:48] [16200] global_step=16200, grad_norm=0.37706390023231506, loss=3.026771306991577
I0305 21:54:40.181152 139708776544000 logging_writer.py:48] [16300] global_step=16300, grad_norm=0.31120073795318604, loss=3.114828586578369
I0305 21:55:14.951727 139708768151296 logging_writer.py:48] [16400] global_step=16400, grad_norm=0.27695775032043457, loss=3.1332767009735107
I0305 21:55:49.745730 139708776544000 logging_writer.py:48] [16500] global_step=16500, grad_norm=0.2903125584125519, loss=3.081127643585205
I0305 21:56:24.503889 139708768151296 logging_writer.py:48] [16600] global_step=16600, grad_norm=0.34635481238365173, loss=3.0768790245056152
I0305 21:56:59.265506 139708776544000 logging_writer.py:48] [16700] global_step=16700, grad_norm=0.25529927015304565, loss=3.1233413219451904
I0305 21:57:33.990646 139708768151296 logging_writer.py:48] [16800] global_step=16800, grad_norm=0.30082836747169495, loss=3.1296029090881348
I0305 21:58:03.529536 139852506842304 spec.py:321] Evaluating on the training split.
I0305 21:58:06.171802 139852506842304 workload.py:181] Translating evaluation dataset.
I0305 22:00:53.784652 139852506842304 spec.py:333] Evaluating on the validation split.
I0305 22:00:56.431810 139852506842304 workload.py:181] Translating evaluation dataset.
I0305 22:03:27.407159 139852506842304 spec.py:349] Evaluating on the test split.
I0305 22:03:30.043373 139852506842304 workload.py:181] Translating evaluation dataset.
I0305 22:05:59.509504 139852506842304 submission_runner.py:469] Time since start: 10322.61s, 	Step: 16886, 	{'train/accuracy': 0.6191582679748535, 'train/loss': 2.0026276111602783, 'train/bleu': 30.418952942439557, 'validation/accuracy': 0.6432403326034546, 'validation/loss': 1.8318157196044922, 'validation/bleu': 27.093489321429118, 'validation/num_examples': 3000, 'test/accuracy': 0.6507009863853455, 'test/loss': 1.784277081489563, 'test/bleu': 26.60813606557522, 'test/num_examples': 3003, 'score': 5905.813939809799, 'total_duration': 10322.614156723022, 'accumulated_submission_time': 5905.813939809799, 'accumulated_eval_time': 4415.581715583801, 'accumulated_logging_time': 0.12589430809020996}
I0305 22:05:59.519732 139708776544000 logging_writer.py:48] [16886] accumulated_eval_time=4415.58, accumulated_logging_time=0.125894, accumulated_submission_time=5905.81, global_step=16886, preemption_count=0, score=5905.81, test/accuracy=0.650701, test/bleu=26.6081, test/loss=1.78428, test/num_examples=3003, total_duration=10322.6, train/accuracy=0.619158, train/bleu=30.419, train/loss=2.00263, validation/accuracy=0.64324, validation/bleu=27.0935, validation/loss=1.83182, validation/num_examples=3000
I0305 22:06:04.723310 139708768151296 logging_writer.py:48] [16900] global_step=16900, grad_norm=0.26801154017448425, loss=3.063532829284668
I0305 22:06:39.319331 139708776544000 logging_writer.py:48] [17000] global_step=17000, grad_norm=0.42821744084358215, loss=3.1369338035583496
I0305 22:07:14.007766 139708768151296 logging_writer.py:48] [17100] global_step=17100, grad_norm=0.3572482466697693, loss=3.201382637023926
I0305 22:07:48.729578 139708776544000 logging_writer.py:48] [17200] global_step=17200, grad_norm=0.39218640327453613, loss=3.068699598312378
I0305 22:08:23.450480 139708768151296 logging_writer.py:48] [17300] global_step=17300, grad_norm=0.28707292675971985, loss=3.0541622638702393
I0305 22:08:58.177740 139708776544000 logging_writer.py:48] [17400] global_step=17400, grad_norm=0.322689950466156, loss=3.048647403717041
I0305 22:09:32.917511 139708768151296 logging_writer.py:48] [17500] global_step=17500, grad_norm=0.3510623276233673, loss=3.0206165313720703
I0305 22:10:07.692550 139708776544000 logging_writer.py:48] [17600] global_step=17600, grad_norm=0.29797378182411194, loss=3.079094648361206
I0305 22:10:42.455720 139708768151296 logging_writer.py:48] [17700] global_step=17700, grad_norm=0.31021037697792053, loss=3.132577896118164
I0305 22:11:17.211320 139708776544000 logging_writer.py:48] [17800] global_step=17800, grad_norm=0.31464844942092896, loss=3.021282434463501
I0305 22:11:51.966506 139708768151296 logging_writer.py:48] [17900] global_step=17900, grad_norm=0.3090085983276367, loss=3.0862233638763428
I0305 22:12:26.721946 139708776544000 logging_writer.py:48] [18000] global_step=18000, grad_norm=0.33449751138687134, loss=3.082409143447876
I0305 22:13:01.466825 139708768151296 logging_writer.py:48] [18100] global_step=18100, grad_norm=0.3273877203464508, loss=3.09100341796875
I0305 22:13:36.223963 139708776544000 logging_writer.py:48] [18200] global_step=18200, grad_norm=0.3134090006351471, loss=2.974151372909546
I0305 22:14:10.985991 139708768151296 logging_writer.py:48] [18300] global_step=18300, grad_norm=0.35041266679763794, loss=3.0653562545776367
I0305 22:14:45.715194 139708776544000 logging_writer.py:48] [18400] global_step=18400, grad_norm=0.29464343190193176, loss=3.029719114303589
I0305 22:15:20.490860 139708768151296 logging_writer.py:48] [18500] global_step=18500, grad_norm=0.3054300546646118, loss=2.990067720413208
I0305 22:15:55.234136 139708776544000 logging_writer.py:48] [18600] global_step=18600, grad_norm=0.3162393271923065, loss=3.0541398525238037
I0305 22:16:29.997813 139708768151296 logging_writer.py:48] [18700] global_step=18700, grad_norm=0.3024933934211731, loss=3.0234642028808594
I0305 22:17:04.732062 139708776544000 logging_writer.py:48] [18800] global_step=18800, grad_norm=0.31572067737579346, loss=3.0281929969787598
I0305 22:17:39.783093 139708768151296 logging_writer.py:48] [18900] global_step=18900, grad_norm=0.39746949076652527, loss=3.0396182537078857
I0305 22:18:14.748318 139708776544000 logging_writer.py:48] [19000] global_step=19000, grad_norm=0.3263586759567261, loss=3.0555293560028076
I0305 22:18:49.705564 139708768151296 logging_writer.py:48] [19100] global_step=19100, grad_norm=0.3985517621040344, loss=3.064546823501587
I0305 22:19:24.672247 139708776544000 logging_writer.py:48] [19200] global_step=19200, grad_norm=0.32237234711647034, loss=3.0573079586029053
I0305 22:19:59.643723 139708768151296 logging_writer.py:48] [19300] global_step=19300, grad_norm=0.38886818289756775, loss=2.9797768592834473
I0305 22:19:59.653966 139852506842304 spec.py:321] Evaluating on the training split.
I0305 22:20:02.313417 139852506842304 workload.py:181] Translating evaluation dataset.
I0305 22:24:50.307070 139852506842304 spec.py:333] Evaluating on the validation split.
I0305 22:24:52.958269 139852506842304 workload.py:181] Translating evaluation dataset.
I0305 22:29:40.661449 139852506842304 spec.py:349] Evaluating on the test split.
I0305 22:29:43.304678 139852506842304 workload.py:181] Translating evaluation dataset.
I0305 22:34:30.425565 139852506842304 submission_runner.py:469] Time since start: 12033.53s, 	Step: 19301, 	{'train/accuracy': 0.6381615400314331, 'train/loss': 1.8695921897888184, 'train/bleu': 30.90519965594945, 'validation/accuracy': 0.6470966339111328, 'validation/loss': 1.797232747077942, 'validation/bleu': 26.589907519100716, 'validation/num_examples': 3000, 'test/accuracy': 0.6560769081115723, 'test/loss': 1.7378911972045898, 'test/bleu': 26.640809227861872, 'test/num_examples': 3003, 'score': 6745.794331073761, 'total_duration': 12033.53022146225, 'accumulated_submission_time': 6745.794331073761, 'accumulated_eval_time': 5286.353251218796, 'accumulated_logging_time': 0.14536213874816895}
I0305 22:34:30.438309 139708776544000 logging_writer.py:48] [19301] accumulated_eval_time=5286.35, accumulated_logging_time=0.145362, accumulated_submission_time=6745.79, global_step=19301, preemption_count=0, score=6745.79, test/accuracy=0.656077, test/bleu=26.6408, test/loss=1.73789, test/num_examples=3003, total_duration=12033.5, train/accuracy=0.638162, train/bleu=30.9052, train/loss=1.86959, validation/accuracy=0.647097, validation/bleu=26.5899, validation/loss=1.79723, validation/num_examples=3000
I0305 22:35:05.218014 139708768151296 logging_writer.py:48] [19400] global_step=19400, grad_norm=0.29631364345550537, loss=3.085545063018799
I0305 22:35:40.120424 139708776544000 logging_writer.py:48] [19500] global_step=19500, grad_norm=0.2932561933994293, loss=3.0234062671661377
I0305 22:36:15.060214 139708768151296 logging_writer.py:48] [19600] global_step=19600, grad_norm=0.27901825308799744, loss=3.0072526931762695
I0305 22:36:49.990178 139708776544000 logging_writer.py:48] [19700] global_step=19700, grad_norm=0.3897765874862671, loss=3.0899274349212646
I0305 22:37:24.962238 139708768151296 logging_writer.py:48] [19800] global_step=19800, grad_norm=0.3096916079521179, loss=3.048258066177368
I0305 22:37:59.938385 139708776544000 logging_writer.py:48] [19900] global_step=19900, grad_norm=0.3078854978084564, loss=3.0068066120147705
I0305 22:38:34.900838 139708768151296 logging_writer.py:48] [20000] global_step=20000, grad_norm=0.31878411769866943, loss=3.047929286956787
I0305 22:39:09.870095 139708776544000 logging_writer.py:48] [20100] global_step=20100, grad_norm=0.3418503999710083, loss=3.0671141147613525
I0305 22:39:44.855673 139708768151296 logging_writer.py:48] [20200] global_step=20200, grad_norm=0.29675546288490295, loss=2.982443332672119
I0305 22:40:19.848757 139708776544000 logging_writer.py:48] [20300] global_step=20300, grad_norm=0.4026651084423065, loss=3.045257806777954
I0305 22:40:54.825814 139708768151296 logging_writer.py:48] [20400] global_step=20400, grad_norm=0.3256756365299225, loss=3.0258235931396484
