python submission_runner.py --framework=jax --workload=wmt --submission_path=prize_qualification_baselines/external_tuning/jax_nadamw_full_budget.py --data_dir=/data/wmt --num_tuning_trials=1 --experiment_dir=/experiment_runs --experiment_name=submissions/rolling_leaderboard/external_tuning/baseline/study_2 --overwrite=True --save_checkpoints=False --rng_seed=-1355215894 --tuning_ruleset=external --tuning_search_space=prize_qualification_baselines/external_tuning/tuning_search_space.json --num_tuning_trials=5 --hparam_start_index=2 --hparam_end_index=3 2>&1 | tee -a /logs/wmt_jax_03-05-2025-19-12-34.log
2025-03-05 19:12:35.494147: E external/local_xla/xla/stream_executor/cuda/cuda_fft.cc:477] Unable to register cuFFT factory: Attempting to register factory for plugin cuFFT when one has already been registered
WARNING: All log messages before absl::InitializeLog() is called are written to STDERR
E0000 00:00:1741201955.516101       9 cuda_dnn.cc:8310] Unable to register cuDNN factory: Attempting to register factory for plugin cuDNN when one has already been registered
E0000 00:00:1741201955.522549       9 cuda_blas.cc:1418] Unable to register cuBLAS factory: Attempting to register factory for plugin cuBLAS when one has already been registered
ERROR:root:Unable to import wandb.
Traceback (most recent call last):
  File "/algorithmic-efficiency/algoperf/logger_utils.py", line 27, in <module>
    import wandb  # pylint: disable=g-import-not-at-top
    ^^^^^^^^^^^^
ModuleNotFoundError: No module named 'wandb'
I0305 19:12:42.209503 139629069661376 logger_utils.py:81] Creating experiment directory at /experiment_runs/submissions/rolling_leaderboard/external_tuning/baseline/study_2/wmt_jax.
I0305 19:12:43.065225 139629069661376 xla_bridge.py:884] Unable to initialize backend 'rocm': NOT_FOUND: Could not find registered platform with name: "rocm". Available platform names are: CUDA
I0305 19:12:43.068002 139629069661376 xla_bridge.py:884] Unable to initialize backend 'tpu': INTERNAL: Failed to open libtpu.so: libtpu.so: cannot open shared object file: No such file or directory
I0305 19:12:43.069512 139629069661376 submission_runner.py:606] Using RNG seed -1355215894
I0305 19:12:43.564394 139629069661376 submission_runner.py:615] --- Tuning run 3/5 ---
I0305 19:12:43.564557 139629069661376 submission_runner.py:620] Creating tuning directory at /experiment_runs/submissions/rolling_leaderboard/external_tuning/baseline/study_2/wmt_jax/trial_3.
I0305 19:12:43.564774 139629069661376 logger_utils.py:97] Saving hparams to /experiment_runs/submissions/rolling_leaderboard/external_tuning/baseline/study_2/wmt_jax/trial_3/hparams.json.
I0305 19:12:43.812834 139629069661376 submission_runner.py:218] Initializing dataset.
I0305 19:12:43.976867 139629069661376 dataset_info.py:690] Load dataset info from /data/wmt/wmt17_translate/de-en/1.0.0
I0305 19:12:43.982259 139629069661376 reader.py:261] Creating a tf.data.Dataset reading 16 files located in folders: /data/wmt/wmt17_translate/de-en/1.0.0.
I0305 19:12:44.048293 139629069661376 logging_logger.py:49] Constructing tf.data.Dataset wmt17_translate for split train, from /data/wmt/wmt17_translate/de-en/1.0.0
I0305 19:12:45.417747 139629069661376 submission_runner.py:229] Initializing model.
I0305 19:13:24.276497 139629069661376 submission_runner.py:272] Initializing optimizer.
I0305 19:13:25.107575 139629069661376 submission_runner.py:279] Initializing metrics bundle.
I0305 19:13:25.107792 139629069661376 submission_runner.py:301] Initializing checkpoint and logger.
I0305 19:13:25.108686 139629069661376 checkpoints.py:1101] Found no checkpoint files in /experiment_runs/submissions/rolling_leaderboard/external_tuning/baseline/study_2/wmt_jax/trial_3 with prefix checkpoint_
I0305 19:13:25.108781 139629069661376 submission_runner.py:321] Saving meta data to /experiment_runs/submissions/rolling_leaderboard/external_tuning/baseline/study_2/wmt_jax/trial_3/meta_data_0.json.
I0305 19:13:25.108941 139629069661376 logger_utils.py:262] Unable to record workload.train_mean information. Continuing without it.
I0305 19:13:25.108989 139629069661376 logger_utils.py:262] Unable to record workload.train_stddev information. Continuing without it.
I0305 19:13:25.300934 139629069661376 submission_runner.py:325] Saving flags to /experiment_runs/submissions/rolling_leaderboard/external_tuning/baseline/study_2/wmt_jax/trial_3/flags_0.json.
I0305 19:13:25.335275 139629069661376 submission_runner.py:337] Starting training loop.
I0305 19:13:50.764119 139492803401472 logging_writer.py:48] [0] global_step=0, grad_norm=6.396122932434082, loss=11.220495223999023
I0305 19:13:50.821864 139629069661376 spec.py:321] Evaluating on the training split.
I0305 19:13:50.823982 139629069661376 dataset_info.py:690] Load dataset info from /data/wmt/wmt17_translate/de-en/1.0.0
I0305 19:13:50.827459 139629069661376 reader.py:261] Creating a tf.data.Dataset reading 16 files located in folders: /data/wmt/wmt17_translate/de-en/1.0.0.
I0305 19:13:50.858072 139629069661376 logging_logger.py:49] Constructing tf.data.Dataset wmt17_translate for split train, from /data/wmt/wmt17_translate/de-en/1.0.0
I0305 19:13:56.834328 139629069661376 workload.py:181] Translating evaluation dataset.
I0305 19:19:00.963548 139629069661376 spec.py:333] Evaluating on the validation split.
I0305 19:19:01.011994 139629069661376 dataset_info.py:690] Load dataset info from /data/wmt/wmt14_translate/de-en/1.0.0
I0305 19:19:01.017943 139629069661376 reader.py:261] Creating a tf.data.Dataset reading 1 files located in folders: /data/wmt/wmt14_translate/de-en/1.0.0.
I0305 19:19:01.049165 139629069661376 logging_logger.py:49] Constructing tf.data.Dataset wmt14_translate for split validation, from /data/wmt/wmt14_translate/de-en/1.0.0
I0305 19:19:06.122059 139629069661376 workload.py:181] Translating evaluation dataset.
I0305 19:24:04.015477 139629069661376 spec.py:349] Evaluating on the test split.
I0305 19:24:04.017539 139629069661376 dataset_info.py:690] Load dataset info from /data/wmt/wmt14_translate/de-en/1.0.0
I0305 19:24:04.020930 139629069661376 reader.py:261] Creating a tf.data.Dataset reading 1 files located in folders: /data/wmt/wmt14_translate/de-en/1.0.0.
I0305 19:24:04.050800 139629069661376 logging_logger.py:49] Constructing tf.data.Dataset wmt14_translate for split test, from /data/wmt/wmt14_translate/de-en/1.0.0
I0305 19:24:06.822297 139629069661376 workload.py:181] Translating evaluation dataset.
I0305 19:29:04.713649 139629069661376 submission_runner.py:469] Time since start: 939.38s, 	Step: 1, 	{'train/accuracy': 0.0006161570199765265, 'train/loss': 11.21369457244873, 'train/bleu': 0.0, 'validation/accuracy': 0.00048204089398495853, 'validation/loss': 11.19946575164795, 'validation/bleu': 0.0, 'validation/num_examples': 3000, 'test/accuracy': 0.0007183408597484231, 'test/loss': 11.181259155273438, 'test/bleu': 0.0, 'test/num_examples': 3003, 'score': 25.486480712890625, 'total_duration': 939.3783233165741, 'accumulated_submission_time': 25.486480712890625, 'accumulated_eval_time': 913.8917396068573, 'accumulated_logging_time': 0}
I0305 19:29:04.720067 139485664716544 logging_writer.py:48] [1] accumulated_eval_time=913.892, accumulated_logging_time=0, accumulated_submission_time=25.4865, global_step=1, preemption_count=0, score=25.4865, test/accuracy=0.000718341, test/bleu=0, test/loss=11.1813, test/num_examples=3003, total_duration=939.378, train/accuracy=0.000616157, train/bleu=0, train/loss=11.2137, validation/accuracy=0.000482041, validation/bleu=0, validation/loss=11.1995, validation/num_examples=3000
I0305 19:29:39.276130 139485656323840 logging_writer.py:48] [100] global_step=100, grad_norm=0.410114586353302, loss=8.729837417602539
I0305 19:30:13.797134 139485664716544 logging_writer.py:48] [200] global_step=200, grad_norm=0.17562370002269745, loss=8.332748413085938
I0305 19:30:48.269253 139485656323840 logging_writer.py:48] [300] global_step=300, grad_norm=0.1996089518070221, loss=8.054673194885254
I0305 19:31:22.836135 139485664716544 logging_writer.py:48] [400] global_step=400, grad_norm=0.2933734953403473, loss=7.595933437347412
I0305 19:31:57.416636 139485656323840 logging_writer.py:48] [500] global_step=500, grad_norm=0.3901461660861969, loss=7.222444534301758
I0305 19:32:31.987138 139485664716544 logging_writer.py:48] [600] global_step=600, grad_norm=0.6993204355239868, loss=6.895083904266357
I0305 19:33:06.599948 139485656323840 logging_writer.py:48] [700] global_step=700, grad_norm=0.47726303339004517, loss=6.588959693908691
I0305 19:33:41.185724 139485664716544 logging_writer.py:48] [800] global_step=800, grad_norm=0.6368511319160461, loss=6.329693794250488
I0305 19:34:15.766107 139485656323840 logging_writer.py:48] [900] global_step=900, grad_norm=0.7747336626052856, loss=6.1668829917907715
I0305 19:34:50.368896 139485664716544 logging_writer.py:48] [1000] global_step=1000, grad_norm=0.8075284957885742, loss=5.911403179168701
I0305 19:35:24.957609 139485656323840 logging_writer.py:48] [1100] global_step=1100, grad_norm=0.5882893800735474, loss=5.689502716064453
I0305 19:35:59.584327 139485664716544 logging_writer.py:48] [1200] global_step=1200, grad_norm=0.9362671375274658, loss=5.507638931274414
I0305 19:36:34.194841 139485656323840 logging_writer.py:48] [1300] global_step=1300, grad_norm=0.8205429315567017, loss=5.3760600090026855
I0305 19:37:08.803415 139485664716544 logging_writer.py:48] [1400] global_step=1400, grad_norm=0.7531434893608093, loss=5.219480991363525
I0305 19:37:43.415433 139485656323840 logging_writer.py:48] [1500] global_step=1500, grad_norm=0.9989650845527649, loss=4.9756364822387695
I0305 19:38:18.004081 139485664716544 logging_writer.py:48] [1600] global_step=1600, grad_norm=0.6868440508842468, loss=4.834548473358154
I0305 19:38:52.638703 139485656323840 logging_writer.py:48] [1700] global_step=1700, grad_norm=1.7326147556304932, loss=4.720107078552246
I0305 19:39:27.263679 139485664716544 logging_writer.py:48] [1800] global_step=1800, grad_norm=0.6902148723602295, loss=4.685697078704834
I0305 19:40:01.883617 139485656323840 logging_writer.py:48] [1900] global_step=1900, grad_norm=0.8494041562080383, loss=4.447993755340576
I0305 19:40:36.502094 139485664716544 logging_writer.py:48] [2000] global_step=2000, grad_norm=1.0338032245635986, loss=4.321579456329346
I0305 19:41:11.145477 139485656323840 logging_writer.py:48] [2100] global_step=2100, grad_norm=0.9639908671379089, loss=4.211021900177002
I0305 19:41:45.776977 139485664716544 logging_writer.py:48] [2200] global_step=2200, grad_norm=1.0059757232666016, loss=4.096301078796387
I0305 19:42:20.428082 139485656323840 logging_writer.py:48] [2300] global_step=2300, grad_norm=2.0252366065979004, loss=3.9556124210357666
I0305 19:42:55.144227 139485664716544 logging_writer.py:48] [2400] global_step=2400, grad_norm=0.9504470825195312, loss=3.8741025924682617
I0305 19:43:04.844650 139629069661376 spec.py:321] Evaluating on the training split.
I0305 19:43:07.461773 139629069661376 workload.py:181] Translating evaluation dataset.
I0305 19:46:50.315380 139629069661376 spec.py:333] Evaluating on the validation split.
I0305 19:46:52.916032 139629069661376 workload.py:181] Translating evaluation dataset.
I0305 19:50:14.860974 139629069661376 spec.py:349] Evaluating on the test split.
I0305 19:50:17.467157 139629069661376 workload.py:181] Translating evaluation dataset.
I0305 19:53:27.875938 139629069661376 submission_runner.py:469] Time since start: 2402.54s, 	Step: 2429, 	{'train/accuracy': 0.4288758635520935, 'train/loss': 3.7705769538879395, 'train/bleu': 15.556901193491276, 'validation/accuracy': 0.4122438430786133, 'validation/loss': 3.9038379192352295, 'validation/bleu': 10.826612800200751, 'validation/num_examples': 3000, 'test/accuracy': 0.39797243475914, 'test/loss': 4.095420837402344, 'test/bleu': 8.810905968810859, 'test/num_examples': 3003, 'score': 865.4539229869843, 'total_duration': 2402.540598630905, 'accumulated_submission_time': 865.4539229869843, 'accumulated_eval_time': 1536.922968864441, 'accumulated_logging_time': 0.014814615249633789}
I0305 19:53:27.884687 139485362775808 logging_writer.py:48] [2429] accumulated_eval_time=1536.92, accumulated_logging_time=0.0148146, accumulated_submission_time=865.454, global_step=2429, preemption_count=0, score=865.454, test/accuracy=0.397972, test/bleu=8.81091, test/loss=4.09542, test/num_examples=3003, total_duration=2402.54, train/accuracy=0.428876, train/bleu=15.5569, train/loss=3.77058, validation/accuracy=0.412244, validation/bleu=10.8266, validation/loss=3.90384, validation/num_examples=3000
I0305 19:53:52.703370 139485354383104 logging_writer.py:48] [2500] global_step=2500, grad_norm=0.8349586129188538, loss=3.7860071659088135
I0305 19:54:27.236308 139485362775808 logging_writer.py:48] [2600] global_step=2600, grad_norm=0.9004833698272705, loss=3.669816017150879
I0305 19:55:01.857133 139485354383104 logging_writer.py:48] [2700] global_step=2700, grad_norm=0.7158071994781494, loss=3.6142990589141846
I0305 19:55:36.518109 139485362775808 logging_writer.py:48] [2800] global_step=2800, grad_norm=0.9815517663955688, loss=3.597071886062622
I0305 19:56:11.151529 139485354383104 logging_writer.py:48] [2900] global_step=2900, grad_norm=0.8991832137107849, loss=3.4737675189971924
I0305 19:56:45.844984 139485362775808 logging_writer.py:48] [3000] global_step=3000, grad_norm=1.191799283027649, loss=3.4587504863739014
I0305 19:57:20.508085 139485354383104 logging_writer.py:48] [3100] global_step=3100, grad_norm=0.8660098314285278, loss=3.2928218841552734
I0305 19:57:55.162781 139485362775808 logging_writer.py:48] [3200] global_step=3200, grad_norm=1.4710618257522583, loss=3.195967674255371
I0305 19:58:29.853634 139485354383104 logging_writer.py:48] [3300] global_step=3300, grad_norm=0.8275936841964722, loss=3.1171875
I0305 19:59:04.551387 139485362775808 logging_writer.py:48] [3400] global_step=3400, grad_norm=0.790722131729126, loss=3.0840351581573486
I0305 19:59:39.192418 139485354383104 logging_writer.py:48] [3500] global_step=3500, grad_norm=0.7700667381286621, loss=3.0304903984069824
I0305 20:00:13.836258 139485362775808 logging_writer.py:48] [3600] global_step=3600, grad_norm=0.6708385348320007, loss=3.057941198348999
I0305 20:00:48.496935 139485354383104 logging_writer.py:48] [3700] global_step=3700, grad_norm=0.6581811308860779, loss=2.9167990684509277
I0305 20:01:23.169864 139485362775808 logging_writer.py:48] [3800] global_step=3800, grad_norm=0.9607077240943909, loss=2.870311737060547
I0305 20:01:57.834505 139485354383104 logging_writer.py:48] [3900] global_step=3900, grad_norm=0.756026566028595, loss=2.9627268314361572
I0305 20:02:32.469671 139485362775808 logging_writer.py:48] [4000] global_step=4000, grad_norm=0.6473998427391052, loss=2.826432704925537
I0305 20:03:07.128749 139485354383104 logging_writer.py:48] [4100] global_step=4100, grad_norm=0.6731814742088318, loss=2.802168130874634
I0305 20:03:41.788555 139485362775808 logging_writer.py:48] [4200] global_step=4200, grad_norm=0.6928496956825256, loss=2.8601319789886475
I0305 20:04:16.425552 139485354383104 logging_writer.py:48] [4300] global_step=4300, grad_norm=0.8540717959403992, loss=2.819350004196167
I0305 20:04:51.090767 139485362775808 logging_writer.py:48] [4400] global_step=4400, grad_norm=0.729555070400238, loss=2.7928364276885986
I0305 20:05:25.713991 139485354383104 logging_writer.py:48] [4500] global_step=4500, grad_norm=0.6980520486831665, loss=2.7105274200439453
I0305 20:06:00.419159 139485362775808 logging_writer.py:48] [4600] global_step=4600, grad_norm=0.9505612850189209, loss=2.7061028480529785
I0305 20:06:35.057923 139485354383104 logging_writer.py:48] [4700] global_step=4700, grad_norm=0.631261944770813, loss=2.8005199432373047
I0305 20:07:09.676847 139485362775808 logging_writer.py:48] [4800] global_step=4800, grad_norm=0.9103956818580627, loss=2.648972988128662
I0305 20:07:28.054857 139629069661376 spec.py:321] Evaluating on the training split.
I0305 20:07:30.682842 139629069661376 workload.py:181] Translating evaluation dataset.
I0305 20:10:16.296666 139629069661376 spec.py:333] Evaluating on the validation split.
I0305 20:10:18.908910 139629069661376 workload.py:181] Translating evaluation dataset.
I0305 20:13:03.153756 139629069661376 spec.py:349] Evaluating on the test split.
I0305 20:13:05.769344 139629069661376 workload.py:181] Translating evaluation dataset.
I0305 20:15:33.709180 139629069661376 submission_runner.py:469] Time since start: 3728.37s, 	Step: 4854, 	{'train/accuracy': 0.54524827003479, 'train/loss': 2.619779109954834, 'train/bleu': 25.27517063684932, 'validation/accuracy': 0.5513929724693298, 'validation/loss': 2.559023857116699, 'validation/bleu': 20.78442819427946, 'validation/num_examples': 3000, 'test/accuracy': 0.5495771169662476, 'test/loss': 2.5930731296539307, 'test/bleu': 19.194787685710793, 'test/num_examples': 3003, 'score': 1705.4736919403076, 'total_duration': 3728.3738470077515, 'accumulated_submission_time': 1705.4736919403076, 'accumulated_eval_time': 2022.577241897583, 'accumulated_logging_time': 0.03182816505432129}
I0305 20:15:33.718109 139485354383104 logging_writer.py:48] [4854] accumulated_eval_time=2022.58, accumulated_logging_time=0.0318282, accumulated_submission_time=1705.47, global_step=4854, preemption_count=0, score=1705.47, test/accuracy=0.549577, test/bleu=19.1948, test/loss=2.59307, test/num_examples=3003, total_duration=3728.37, train/accuracy=0.545248, train/bleu=25.2752, train/loss=2.61978, validation/accuracy=0.551393, validation/bleu=20.7844, validation/loss=2.55902, validation/num_examples=3000
I0305 20:15:49.958219 139485362775808 logging_writer.py:48] [4900] global_step=4900, grad_norm=0.8576439023017883, loss=2.661757230758667
I0305 20:16:24.462639 139485354383104 logging_writer.py:48] [5000] global_step=5000, grad_norm=0.6238301396369934, loss=2.495163917541504
I0305 20:16:59.072122 139485362775808 logging_writer.py:48] [5100] global_step=5100, grad_norm=0.6691578030586243, loss=2.562653064727783
I0305 20:17:33.705002 139485354383104 logging_writer.py:48] [5200] global_step=5200, grad_norm=0.5503997206687927, loss=2.550320863723755
I0305 20:18:08.372586 139485362775808 logging_writer.py:48] [5300] global_step=5300, grad_norm=0.6160078644752502, loss=2.5978379249572754
I0305 20:18:43.059079 139485354383104 logging_writer.py:48] [5400] global_step=5400, grad_norm=0.5447607636451721, loss=2.378324270248413
I0305 20:19:17.699536 139485362775808 logging_writer.py:48] [5500] global_step=5500, grad_norm=0.5408010482788086, loss=2.505352258682251
I0305 20:19:52.360042 139485354383104 logging_writer.py:48] [5600] global_step=5600, grad_norm=0.5609647631645203, loss=2.4116146564483643
I0305 20:20:27.022725 139485362775808 logging_writer.py:48] [5700] global_step=5700, grad_norm=0.5364646315574646, loss=2.4909157752990723
I0305 20:21:01.663350 139485354383104 logging_writer.py:48] [5800] global_step=5800, grad_norm=0.5825910568237305, loss=2.3579578399658203
I0305 20:21:36.327913 139485362775808 logging_writer.py:48] [5900] global_step=5900, grad_norm=0.5237250924110413, loss=2.328029155731201
I0305 20:22:10.980005 139485354383104 logging_writer.py:48] [6000] global_step=6000, grad_norm=0.5585798621177673, loss=2.33071231842041
I0305 20:22:45.628572 139485362775808 logging_writer.py:48] [6100] global_step=6100, grad_norm=0.5380414724349976, loss=2.539423942565918
I0305 20:23:20.295723 139485354383104 logging_writer.py:48] [6200] global_step=6200, grad_norm=0.5339804887771606, loss=2.322133779525757
I0305 20:23:54.927761 139485295634176 logging_writer.py:48] [6300] global_step=6300, grad_norm=0.5174865126609802, loss=2.4676551818847656
I0305 20:24:29.554703 139485287241472 logging_writer.py:48] [6400] global_step=6400, grad_norm=0.49355995655059814, loss=2.3756096363067627
I0305 20:25:04.183698 139485295634176 logging_writer.py:48] [6500] global_step=6500, grad_norm=0.47582241892814636, loss=2.456397294998169
I0305 20:25:38.786581 139485287241472 logging_writer.py:48] [6600] global_step=6600, grad_norm=0.5588399171829224, loss=2.3605947494506836
I0305 20:26:13.406789 139485295634176 logging_writer.py:48] [6700] global_step=6700, grad_norm=0.4695482850074768, loss=2.3394222259521484
I0305 20:26:48.017256 139485287241472 logging_writer.py:48] [6800] global_step=6800, grad_norm=0.4670718014240265, loss=2.4010891914367676
I0305 20:27:22.612394 139485295634176 logging_writer.py:48] [6900] global_step=6900, grad_norm=0.4748566746711731, loss=2.4047088623046875
I0305 20:27:57.217934 139485287241472 logging_writer.py:48] [7000] global_step=7000, grad_norm=0.5770893096923828, loss=2.385840892791748
I0305 20:28:31.821676 139485295634176 logging_writer.py:48] [7100] global_step=7100, grad_norm=0.4738800525665283, loss=2.3310439586639404
I0305 20:29:06.457803 139485287241472 logging_writer.py:48] [7200] global_step=7200, grad_norm=0.5364714860916138, loss=2.282379388809204
I0305 20:29:33.788796 139629069661376 spec.py:321] Evaluating on the training split.
I0305 20:29:36.410999 139629069661376 workload.py:181] Translating evaluation dataset.
I0305 20:32:04.044518 139629069661376 spec.py:333] Evaluating on the validation split.
I0305 20:32:06.652088 139629069661376 workload.py:181] Translating evaluation dataset.
I0305 20:34:39.493283 139629069661376 spec.py:349] Evaluating on the test split.
I0305 20:34:42.104038 139629069661376 workload.py:181] Translating evaluation dataset.
I0305 20:37:07.436515 139629069661376 submission_runner.py:469] Time since start: 5022.10s, 	Step: 7280, 	{'train/accuracy': 0.5875570774078369, 'train/loss': 2.212049961090088, 'train/bleu': 27.906779858640675, 'validation/accuracy': 0.5898820757865906, 'validation/loss': 2.1753923892974854, 'validation/bleu': 23.340932773479175, 'validation/num_examples': 3000, 'test/accuracy': 0.5919128656387329, 'test/loss': 2.1698529720306396, 'test/bleu': 22.152463632951903, 'test/num_examples': 3003, 'score': 2545.3964664936066, 'total_duration': 5022.101184844971, 'accumulated_submission_time': 2545.3964664936066, 'accumulated_eval_time': 2476.2249076366425, 'accumulated_logging_time': 0.04904675483703613}
I0305 20:37:07.445347 139485295634176 logging_writer.py:48] [7280] accumulated_eval_time=2476.22, accumulated_logging_time=0.0490468, accumulated_submission_time=2545.4, global_step=7280, preemption_count=0, score=2545.4, test/accuracy=0.591913, test/bleu=22.1525, test/loss=2.16985, test/num_examples=3003, total_duration=5022.1, train/accuracy=0.587557, train/bleu=27.9068, train/loss=2.21205, validation/accuracy=0.589882, validation/bleu=23.3409, validation/loss=2.17539, validation/num_examples=3000
I0305 20:37:14.671351 139485287241472 logging_writer.py:48] [7300] global_step=7300, grad_norm=0.4387883245944977, loss=2.246014356613159
I0305 20:37:49.053318 139485295634176 logging_writer.py:48] [7400] global_step=7400, grad_norm=0.4414612948894501, loss=2.324838638305664
I0305 20:38:23.560035 139485287241472 logging_writer.py:48] [7500] global_step=7500, grad_norm=0.4828549921512604, loss=2.314800500869751
I0305 20:38:58.067495 139485295634176 logging_writer.py:48] [7600] global_step=7600, grad_norm=0.45324066281318665, loss=2.2649755477905273
I0305 20:39:32.631941 139485287241472 logging_writer.py:48] [7700] global_step=7700, grad_norm=0.39410078525543213, loss=2.2119157314300537
I0305 20:40:07.204737 139485295634176 logging_writer.py:48] [7800] global_step=7800, grad_norm=0.47907885909080505, loss=2.239482879638672
I0305 20:40:41.782220 139485287241472 logging_writer.py:48] [7900] global_step=7900, grad_norm=0.4434332251548767, loss=2.294616937637329
I0305 20:41:16.388054 139485295634176 logging_writer.py:48] [8000] global_step=8000, grad_norm=0.42336079478263855, loss=2.182199716567993
I0305 20:41:50.971347 139485287241472 logging_writer.py:48] [8100] global_step=8100, grad_norm=0.38973742723464966, loss=2.2412846088409424
I0305 20:42:25.568120 139485295634176 logging_writer.py:48] [8200] global_step=8200, grad_norm=0.38436630368232727, loss=2.2178261280059814
I0305 20:43:00.190835 139485287241472 logging_writer.py:48] [8300] global_step=8300, grad_norm=0.39235547184944153, loss=2.2780921459198
I0305 20:43:34.775238 139485295634176 logging_writer.py:48] [8400] global_step=8400, grad_norm=0.3800247013568878, loss=2.172313928604126
I0305 20:44:09.403592 139485287241472 logging_writer.py:48] [8500] global_step=8500, grad_norm=0.4135310649871826, loss=2.1311399936676025
I0305 20:44:43.994667 139485295634176 logging_writer.py:48] [8600] global_step=8600, grad_norm=0.4003666043281555, loss=2.1610007286071777
I0305 20:45:18.581595 139485287241472 logging_writer.py:48] [8700] global_step=8700, grad_norm=0.3603038489818573, loss=2.1330132484436035
I0305 20:45:53.155946 139485295634176 logging_writer.py:48] [8800] global_step=8800, grad_norm=0.35197344422340393, loss=2.157381534576416
I0305 20:46:27.711178 139485287241472 logging_writer.py:48] [8900] global_step=8900, grad_norm=0.3512289226055145, loss=2.169196128845215
I0305 20:47:02.408551 139485295634176 logging_writer.py:48] [9000] global_step=9000, grad_norm=0.38558369874954224, loss=2.200894594192505
I0305 20:47:37.022316 139485287241472 logging_writer.py:48] [9100] global_step=9100, grad_norm=0.4950694441795349, loss=2.213548421859741
I0305 20:48:11.606402 139485295634176 logging_writer.py:48] [9200] global_step=9200, grad_norm=0.34295976161956787, loss=2.1582512855529785
I0305 20:48:46.162545 139485287241472 logging_writer.py:48] [9300] global_step=9300, grad_norm=0.3571166396141052, loss=2.1214213371276855
I0305 20:49:20.757134 139485295634176 logging_writer.py:48] [9400] global_step=9400, grad_norm=0.3565368354320526, loss=2.0784363746643066
I0305 20:49:55.319409 139485287241472 logging_writer.py:48] [9500] global_step=9500, grad_norm=0.3372696340084076, loss=2.1159327030181885
I0305 20:50:29.897336 139485295634176 logging_writer.py:48] [9600] global_step=9600, grad_norm=0.3817543387413025, loss=2.175015926361084
I0305 20:51:04.486303 139485287241472 logging_writer.py:48] [9700] global_step=9700, grad_norm=0.31495368480682373, loss=2.1086089611053467
I0305 20:51:07.598080 139629069661376 spec.py:321] Evaluating on the training split.
I0305 20:51:10.213535 139629069661376 workload.py:181] Translating evaluation dataset.
I0305 20:53:45.914412 139629069661376 spec.py:333] Evaluating on the validation split.
I0305 20:53:48.522675 139629069661376 workload.py:181] Translating evaluation dataset.
I0305 20:56:23.525059 139629069661376 spec.py:349] Evaluating on the test split.
I0305 20:56:26.133160 139629069661376 workload.py:181] Translating evaluation dataset.
I0305 20:58:46.016721 139629069661376 submission_runner.py:469] Time since start: 6320.68s, 	Step: 9710, 	{'train/accuracy': 0.5940812826156616, 'train/loss': 2.128690242767334, 'train/bleu': 28.688456547332986, 'validation/accuracy': 0.6115615963935852, 'validation/loss': 1.9945515394210815, 'validation/bleu': 24.638138219074122, 'validation/num_examples': 3000, 'test/accuracy': 0.6168694496154785, 'test/loss': 1.9696519374847412, 'test/bleu': 23.798854738651972, 'test/num_examples': 3003, 'score': 3385.402242898941, 'total_duration': 6320.681403398514, 'accumulated_submission_time': 3385.402242898941, 'accumulated_eval_time': 2934.643504858017, 'accumulated_logging_time': 0.0671086311340332}
I0305 20:58:46.025692 139485295634176 logging_writer.py:48] [9710] accumulated_eval_time=2934.64, accumulated_logging_time=0.0671086, accumulated_submission_time=3385.4, global_step=9710, preemption_count=0, score=3385.4, test/accuracy=0.616869, test/bleu=23.7989, test/loss=1.96965, test/num_examples=3003, total_duration=6320.68, train/accuracy=0.594081, train/bleu=28.6885, train/loss=2.12869, validation/accuracy=0.611562, validation/bleu=24.6381, validation/loss=1.99455, validation/num_examples=3000
I0305 20:59:17.358214 139485287241472 logging_writer.py:48] [9800] global_step=9800, grad_norm=0.31496530771255493, loss=2.136319875717163
I0305 20:59:51.806193 139485295634176 logging_writer.py:48] [9900] global_step=9900, grad_norm=0.34912657737731934, loss=2.126814603805542
I0305 21:00:26.293258 139485287241472 logging_writer.py:48] [10000] global_step=10000, grad_norm=0.3316504657268524, loss=2.0847811698913574
I0305 21:01:00.885327 139485295634176 logging_writer.py:48] [10100] global_step=10100, grad_norm=0.3316519260406494, loss=2.13254714012146
I0305 21:01:35.417098 139485287241472 logging_writer.py:48] [10200] global_step=10200, grad_norm=0.36833226680755615, loss=2.0942366123199463
I0305 21:02:09.957676 139485295634176 logging_writer.py:48] [10300] global_step=10300, grad_norm=0.3159430921077728, loss=2.1103596687316895
I0305 21:02:44.499083 139485287241472 logging_writer.py:48] [10400] global_step=10400, grad_norm=0.3235858380794525, loss=2.0469021797180176
I0305 21:03:19.023772 139485295634176 logging_writer.py:48] [10500] global_step=10500, grad_norm=0.34313642978668213, loss=2.0776052474975586
I0305 21:03:53.572662 139485287241472 logging_writer.py:48] [10600] global_step=10600, grad_norm=0.3022565543651581, loss=2.1091620922088623
I0305 21:04:28.109864 139485295634176 logging_writer.py:48] [10700] global_step=10700, grad_norm=0.33045315742492676, loss=2.1272494792938232
I0305 21:05:02.672358 139485287241472 logging_writer.py:48] [10800] global_step=10800, grad_norm=0.3087178170681, loss=2.083972215652466
I0305 21:05:37.213782 139485295634176 logging_writer.py:48] [10900] global_step=10900, grad_norm=0.3143315315246582, loss=2.0116961002349854
I0305 21:06:11.757496 139485287241472 logging_writer.py:48] [11000] global_step=11000, grad_norm=0.3096417486667633, loss=2.0497348308563232
I0305 21:06:46.300874 139485295634176 logging_writer.py:48] [11100] global_step=11100, grad_norm=0.3204954266548157, loss=2.027151107788086
I0305 21:07:20.847919 139485287241472 logging_writer.py:48] [11200] global_step=11200, grad_norm=0.2921431362628937, loss=2.075841188430786
I0305 21:07:55.459010 139485295634176 logging_writer.py:48] [11300] global_step=11300, grad_norm=0.2843632698059082, loss=2.1174910068511963
I0305 21:08:30.028370 139485287241472 logging_writer.py:48] [11400] global_step=11400, grad_norm=0.2856379449367523, loss=2.051126003265381
I0305 21:09:04.563790 139485295634176 logging_writer.py:48] [11500] global_step=11500, grad_norm=0.28543078899383545, loss=1.9899890422821045
I0305 21:09:39.127891 139485287241472 logging_writer.py:48] [11600] global_step=11600, grad_norm=0.3136361241340637, loss=2.047750949859619
I0305 21:10:13.685512 139485295634176 logging_writer.py:48] [11700] global_step=11700, grad_norm=0.2910510301589966, loss=2.0556869506835938
I0305 21:10:48.255589 139485287241472 logging_writer.py:48] [11800] global_step=11800, grad_norm=0.2930634319782257, loss=2.1372320652008057
I0305 21:11:22.805547 139485295634176 logging_writer.py:48] [11900] global_step=11900, grad_norm=0.27615466713905334, loss=2.096600294113159
I0305 21:11:57.357512 139485287241472 logging_writer.py:48] [12000] global_step=12000, grad_norm=0.2757808268070221, loss=2.108696222305298
I0305 21:12:31.926853 139485295634176 logging_writer.py:48] [12100] global_step=12100, grad_norm=0.30599039793014526, loss=2.083242177963257
I0305 21:12:46.101293 139629069661376 spec.py:321] Evaluating on the training split.
I0305 21:12:48.719658 139629069661376 workload.py:181] Translating evaluation dataset.
I0305 21:15:57.603342 139629069661376 spec.py:333] Evaluating on the validation split.
I0305 21:16:00.211033 139629069661376 workload.py:181] Translating evaluation dataset.
I0305 21:18:51.384715 139629069661376 spec.py:349] Evaluating on the test split.
I0305 21:18:53.989927 139629069661376 workload.py:181] Translating evaluation dataset.
I0305 21:21:13.861178 139629069661376 submission_runner.py:469] Time since start: 7668.53s, 	Step: 12142, 	{'train/accuracy': 0.6039047837257385, 'train/loss': 2.0357227325439453, 'train/bleu': 28.78666351948088, 'validation/accuracy': 0.6217833161354065, 'validation/loss': 1.885305404663086, 'validation/bleu': 25.508397903086852, 'validation/num_examples': 3000, 'test/accuracy': 0.6304020285606384, 'test/loss': 1.8356561660766602, 'test/bleu': 24.77202011508364, 'test/num_examples': 3003, 'score': 4225.338691949844, 'total_duration': 7668.525817155838, 'accumulated_submission_time': 4225.338691949844, 'accumulated_eval_time': 3442.4033029079437, 'accumulated_logging_time': 0.08451223373413086}
I0305 21:21:13.870304 139485287241472 logging_writer.py:48] [12142] accumulated_eval_time=3442.4, accumulated_logging_time=0.0845122, accumulated_submission_time=4225.34, global_step=12142, preemption_count=0, score=4225.34, test/accuracy=0.630402, test/bleu=24.772, test/loss=1.83566, test/num_examples=3003, total_duration=7668.53, train/accuracy=0.603905, train/bleu=28.7867, train/loss=2.03572, validation/accuracy=0.621783, validation/bleu=25.5084, validation/loss=1.88531, validation/num_examples=3000
I0305 21:21:34.163913 139485295634176 logging_writer.py:48] [12200] global_step=12200, grad_norm=0.27986064553260803, loss=2.0643105506896973
I0305 21:22:08.610611 139485287241472 logging_writer.py:48] [12300] global_step=12300, grad_norm=0.2701537609100342, loss=2.0206634998321533
I0305 21:22:43.123552 139485295634176 logging_writer.py:48] [12400] global_step=12400, grad_norm=0.29985734820365906, loss=1.9399772882461548
I0305 21:23:17.654703 139485287241472 logging_writer.py:48] [12500] global_step=12500, grad_norm=0.26453402638435364, loss=2.088973045349121
I0305 21:23:52.250627 139485295634176 logging_writer.py:48] [12600] global_step=12600, grad_norm=0.3331972062587738, loss=1.9665504693984985
I0305 21:24:26.895797 139485287241472 logging_writer.py:48] [12700] global_step=12700, grad_norm=0.27150759100914, loss=2.0389444828033447
I0305 21:25:01.498745 139485295634176 logging_writer.py:48] [12800] global_step=12800, grad_norm=0.250034898519516, loss=2.005396604537964
I0305 21:25:36.108440 139485287241472 logging_writer.py:48] [12900] global_step=12900, grad_norm=0.27738043665885925, loss=2.0063908100128174
I0305 21:26:10.743929 139485295634176 logging_writer.py:48] [13000] global_step=13000, grad_norm=0.31427082419395447, loss=2.0981264114379883
I0305 21:26:45.343862 139485287241472 logging_writer.py:48] [13100] global_step=13100, grad_norm=0.27846547961235046, loss=2.0631728172302246
I0305 21:27:19.966086 139485295634176 logging_writer.py:48] [13200] global_step=13200, grad_norm=0.2949063181877136, loss=1.9375096559524536
I0305 21:27:54.575767 139485287241472 logging_writer.py:48] [13300] global_step=13300, grad_norm=0.2946266829967499, loss=1.96151864528656
I0305 21:28:29.189223 139485295634176 logging_writer.py:48] [13400] global_step=13400, grad_norm=0.28653407096862793, loss=2.0579915046691895
I0305 21:29:03.752638 139485287241472 logging_writer.py:48] [13500] global_step=13500, grad_norm=0.27776026725769043, loss=2.0320539474487305
I0305 21:29:38.349204 139485295634176 logging_writer.py:48] [13600] global_step=13600, grad_norm=0.327724426984787, loss=1.9278584718704224
I0305 21:30:12.959449 139485287241472 logging_writer.py:48] [13700] global_step=13700, grad_norm=0.27392032742500305, loss=1.9664161205291748
I0305 21:30:47.573716 139485295634176 logging_writer.py:48] [13800] global_step=13800, grad_norm=0.2907007336616516, loss=1.9321374893188477
I0305 21:31:22.169007 139485287241472 logging_writer.py:48] [13900] global_step=13900, grad_norm=0.3248870372772217, loss=1.926642894744873
I0305 21:31:56.742598 139485295634176 logging_writer.py:48] [14000] global_step=14000, grad_norm=0.30165305733680725, loss=1.9987655878067017
I0305 21:32:31.321815 139485287241472 logging_writer.py:48] [14100] global_step=14100, grad_norm=0.3248050808906555, loss=2.002878427505493
I0305 21:33:05.894863 139485295634176 logging_writer.py:48] [14200] global_step=14200, grad_norm=0.27346521615982056, loss=1.955202341079712
I0305 21:33:40.465542 139485287241472 logging_writer.py:48] [14300] global_step=14300, grad_norm=0.35927510261535645, loss=1.8744961023330688
I0305 21:34:15.064068 139485295634176 logging_writer.py:48] [14400] global_step=14400, grad_norm=0.3025398552417755, loss=1.947287917137146
I0305 21:34:49.694785 139485287241472 logging_writer.py:48] [14500] global_step=14500, grad_norm=0.26548078656196594, loss=2.011920690536499
I0305 21:35:13.882948 139629069661376 spec.py:321] Evaluating on the training split.
I0305 21:35:16.499665 139629069661376 workload.py:181] Translating evaluation dataset.
I0305 21:38:11.858185 139629069661376 spec.py:333] Evaluating on the validation split.
I0305 21:38:14.453727 139629069661376 workload.py:181] Translating evaluation dataset.
I0305 21:40:49.420570 139629069661376 spec.py:349] Evaluating on the test split.
I0305 21:40:52.028035 139629069661376 workload.py:181] Translating evaluation dataset.
I0305 21:43:06.825720 139629069661376 submission_runner.py:469] Time since start: 8981.49s, 	Step: 14571, 	{'train/accuracy': 0.6147860884666443, 'train/loss': 1.9359149932861328, 'train/bleu': 29.970472072607677, 'validation/accuracy': 0.6356883645057678, 'validation/loss': 1.7836273908615112, 'validation/bleu': 26.744759991811442, 'validation/num_examples': 3000, 'test/accuracy': 0.6414899826049805, 'test/loss': 1.7355459928512573, 'test/bleu': 25.53281453509334, 'test/num_examples': 3003, 'score': 5065.210557937622, 'total_duration': 8981.490393161774, 'accumulated_submission_time': 5065.210557937622, 'accumulated_eval_time': 3915.346025943756, 'accumulated_logging_time': 0.10158371925354004}
I0305 21:43:06.835421 139485295634176 logging_writer.py:48] [14571] accumulated_eval_time=3915.35, accumulated_logging_time=0.101584, accumulated_submission_time=5065.21, global_step=14571, preemption_count=0, score=5065.21, test/accuracy=0.64149, test/bleu=25.5328, test/loss=1.73555, test/num_examples=3003, total_duration=8981.49, train/accuracy=0.614786, train/bleu=29.9705, train/loss=1.93591, validation/accuracy=0.635688, validation/bleu=26.7448, validation/loss=1.78363, validation/num_examples=3000
I0305 21:43:17.190231 139485287241472 logging_writer.py:48] [14600] global_step=14600, grad_norm=0.33277428150177, loss=1.8986294269561768
I0305 21:43:51.620693 139485295634176 logging_writer.py:48] [14700] global_step=14700, grad_norm=0.3080114424228668, loss=1.9817020893096924
I0305 21:44:26.131250 139485287241472 logging_writer.py:48] [14800] global_step=14800, grad_norm=0.31238797307014465, loss=1.8857464790344238
I0305 21:45:00.670821 139485295634176 logging_writer.py:48] [14900] global_step=14900, grad_norm=0.3386729061603546, loss=1.933784008026123
I0305 21:45:35.227311 139485287241472 logging_writer.py:48] [15000] global_step=15000, grad_norm=0.3182123005390167, loss=1.9456615447998047
I0305 21:46:09.812124 139485295634176 logging_writer.py:48] [15100] global_step=15100, grad_norm=0.3052912652492523, loss=1.8500744104385376
I0305 21:46:44.448436 139485287241472 logging_writer.py:48] [15200] global_step=15200, grad_norm=0.4241391122341156, loss=1.8803192377090454
I0305 21:47:19.054979 139485295634176 logging_writer.py:48] [15300] global_step=15300, grad_norm=0.38302215933799744, loss=1.9739432334899902
I0305 21:47:53.632005 139485287241472 logging_writer.py:48] [15400] global_step=15400, grad_norm=0.3845715820789337, loss=1.9938246011734009
I0305 21:48:28.259986 139485295634176 logging_writer.py:48] [15500] global_step=15500, grad_norm=0.3056073486804962, loss=1.9770119190216064
I0305 21:49:02.884633 139485287241472 logging_writer.py:48] [15600] global_step=15600, grad_norm=0.28690454363822937, loss=1.8918958902359009
I0305 21:49:37.487315 139485295634176 logging_writer.py:48] [15700] global_step=15700, grad_norm=0.3127574920654297, loss=1.9745991230010986
I0305 21:50:12.106699 139485287241472 logging_writer.py:48] [15800] global_step=15800, grad_norm=0.3449115753173828, loss=1.8743197917938232
I0305 21:50:46.734032 139485295634176 logging_writer.py:48] [15900] global_step=15900, grad_norm=0.3896988034248352, loss=1.8351351022720337
I0305 21:51:21.355579 139485287241472 logging_writer.py:48] [16000] global_step=16000, grad_norm=0.3460131287574768, loss=1.8816990852355957
I0305 21:51:55.975527 139485295634176 logging_writer.py:48] [16100] global_step=16100, grad_norm=0.3376322388648987, loss=1.9510290622711182
I0305 21:52:30.597584 139485287241472 logging_writer.py:48] [16200] global_step=16200, grad_norm=0.3463059961795807, loss=1.8372772932052612
I0305 21:53:05.202577 139485295634176 logging_writer.py:48] [16300] global_step=16300, grad_norm=0.2961888909339905, loss=1.8519809246063232
I0305 21:53:39.816821 139485287241472 logging_writer.py:48] [16400] global_step=16400, grad_norm=0.32478296756744385, loss=1.8962762355804443
I0305 21:54:14.454705 139485295634176 logging_writer.py:48] [16500] global_step=16500, grad_norm=0.32838624715805054, loss=1.9314098358154297
I0305 21:54:49.083165 139485287241472 logging_writer.py:48] [16600] global_step=16600, grad_norm=0.35114967823028564, loss=1.9095619916915894
I0305 21:55:23.673947 139485295634176 logging_writer.py:48] [16700] global_step=16700, grad_norm=0.40440335869789124, loss=1.9151842594146729
I0305 21:55:58.262938 139485287241472 logging_writer.py:48] [16800] global_step=16800, grad_norm=0.312597393989563, loss=1.9383220672607422
I0305 21:56:32.869231 139485295634176 logging_writer.py:48] [16900] global_step=16900, grad_norm=0.3694019019603729, loss=1.8972691297531128
I0305 21:57:07.117288 139629069661376 spec.py:321] Evaluating on the training split.
I0305 21:57:09.730610 139629069661376 workload.py:181] Translating evaluation dataset.
I0305 22:00:58.823950 139629069661376 spec.py:333] Evaluating on the validation split.
I0305 22:01:01.426496 139629069661376 workload.py:181] Translating evaluation dataset.
I0305 22:03:37.246683 139629069661376 spec.py:349] Evaluating on the test split.
I0305 22:03:39.845214 139629069661376 workload.py:181] Translating evaluation dataset.
I0305 22:06:00.169942 139629069661376 submission_runner.py:469] Time since start: 10354.83s, 	Step: 17000, 	{'train/accuracy': 0.6206833720207214, 'train/loss': 1.8909770250320435, 'train/bleu': 30.060995666829, 'validation/accuracy': 0.6413739323616028, 'validation/loss': 1.7339715957641602, 'validation/bleu': 27.08305901709383, 'validation/num_examples': 3000, 'test/accuracy': 0.6501564383506775, 'test/loss': 1.6826587915420532, 'test/bleu': 26.340757724430667, 'test/num_examples': 3003, 'score': 5905.349917650223, 'total_duration': 10354.834623336792, 'accumulated_submission_time': 5905.349917650223, 'accumulated_eval_time': 4448.398643493652, 'accumulated_logging_time': 0.11999988555908203}
I0305 22:06:00.179505 139485287241472 logging_writer.py:48] [17000] accumulated_eval_time=4448.4, accumulated_logging_time=0.12, accumulated_submission_time=5905.35, global_step=17000, preemption_count=0, score=5905.35, test/accuracy=0.650156, test/bleu=26.3408, test/loss=1.68266, test/num_examples=3003, total_duration=10354.8, train/accuracy=0.620683, train/bleu=30.061, train/loss=1.89098, validation/accuracy=0.641374, validation/bleu=27.0831, validation/loss=1.73397, validation/num_examples=3000
I0305 22:06:00.539962 139485295634176 logging_writer.py:48] [17000] global_step=17000, grad_norm=0.35790780186653137, loss=1.897923469543457
I0305 22:06:34.931164 139485287241472 logging_writer.py:48] [17100] global_step=17100, grad_norm=0.400708943605423, loss=1.9259600639343262
I0305 22:07:09.405515 139485295634176 logging_writer.py:48] [17200] global_step=17200, grad_norm=0.3631305992603302, loss=1.9057812690734863
I0305 22:07:43.995022 139485287241472 logging_writer.py:48] [17300] global_step=17300, grad_norm=0.3351609706878662, loss=1.855594515800476
I0305 22:08:18.591764 139485295634176 logging_writer.py:48] [17400] global_step=17400, grad_norm=0.49025270342826843, loss=1.8408067226409912
I0305 22:08:53.240429 139485287241472 logging_writer.py:48] [17500] global_step=17500, grad_norm=0.33969759941101074, loss=1.8863306045532227
I0305 22:09:27.851768 139485295634176 logging_writer.py:48] [17600] global_step=17600, grad_norm=0.31454193592071533, loss=1.9746644496917725
I0305 22:10:02.416674 139485287241472 logging_writer.py:48] [17700] global_step=17700, grad_norm=0.308098703622818, loss=1.8265411853790283
I0305 22:10:36.991142 139485295634176 logging_writer.py:48] [17800] global_step=17800, grad_norm=0.35079869627952576, loss=1.9185612201690674
I0305 22:11:11.612937 139485287241472 logging_writer.py:48] [17900] global_step=17900, grad_norm=0.353088915348053, loss=1.8953309059143066
I0305 22:11:46.224864 139485295634176 logging_writer.py:48] [18000] global_step=18000, grad_norm=0.3748806118965149, loss=1.9540513753890991
I0305 22:12:20.822943 139485287241472 logging_writer.py:48] [18100] global_step=18100, grad_norm=0.34036433696746826, loss=1.9686505794525146
I0305 22:12:55.453190 139485295634176 logging_writer.py:48] [18200] global_step=18200, grad_norm=0.3740488290786743, loss=1.9047266244888306
I0305 22:13:30.045995 139485287241472 logging_writer.py:48] [18300] global_step=18300, grad_norm=0.3660261631011963, loss=1.847536563873291
I0305 22:14:04.655943 139485295634176 logging_writer.py:48] [18400] global_step=18400, grad_norm=0.3565666973590851, loss=1.9285281896591187
I0305 22:14:39.223897 139485287241472 logging_writer.py:48] [18500] global_step=18500, grad_norm=0.3709603250026703, loss=1.870554804801941
I0305 22:15:13.841316 139485295634176 logging_writer.py:48] [18600] global_step=18600, grad_norm=0.3570946156978607, loss=1.7747513055801392
I0305 22:15:48.446387 139485287241472 logging_writer.py:48] [18700] global_step=18700, grad_norm=0.40686559677124023, loss=1.9120128154754639
I0305 22:16:23.046189 139485295634176 logging_writer.py:48] [18800] global_step=18800, grad_norm=0.4086557626724243, loss=1.8481210470199585
I0305 22:16:57.853088 139485287241472 logging_writer.py:48] [18900] global_step=18900, grad_norm=0.39530661702156067, loss=1.8756728172302246
I0305 22:17:32.640777 139485295634176 logging_writer.py:48] [19000] global_step=19000, grad_norm=0.40650367736816406, loss=1.8489571809768677
I0305 22:18:07.368583 139485287241472 logging_writer.py:48] [19100] global_step=19100, grad_norm=0.3352454602718353, loss=1.9107133150100708
I0305 22:18:42.114732 139485295634176 logging_writer.py:48] [19200] global_step=19200, grad_norm=0.398352712392807, loss=1.7964516878128052
I0305 22:19:16.828369 139485287241472 logging_writer.py:48] [19300] global_step=19300, grad_norm=0.36799004673957825, loss=1.8231343030929565
I0305 22:19:51.565805 139485295634176 logging_writer.py:48] [19400] global_step=19400, grad_norm=0.4038671851158142, loss=1.905351996421814
I0305 22:20:00.270062 139629069661376 spec.py:321] Evaluating on the training split.
I0305 22:20:02.896393 139629069661376 workload.py:181] Translating evaluation dataset.
I0305 22:23:39.960244 139629069661376 spec.py:333] Evaluating on the validation split.
I0305 22:23:42.565786 139629069661376 workload.py:181] Translating evaluation dataset.
I0305 22:26:28.982291 139629069661376 spec.py:349] Evaluating on the test split.
I0305 22:26:31.585435 139629069661376 workload.py:181] Translating evaluation dataset.
I0305 22:29:00.788839 139629069661376 submission_runner.py:469] Time since start: 11735.45s, 	Step: 19426, 	{'train/accuracy': 0.6344527006149292, 'train/loss': 1.7864872217178345, 'train/bleu': 30.82396650855077, 'validation/accuracy': 0.6451066732406616, 'validation/loss': 1.701812505722046, 'validation/bleu': 27.43860230083909, 'validation/num_examples': 3000, 'test/accuracy': 0.6558915376663208, 'test/loss': 1.6511059999465942, 'test/bleu': 26.37713326447981, 'test/num_examples': 3003, 'score': 6745.300940513611, 'total_duration': 11735.453484773636, 'accumulated_submission_time': 6745.300940513611, 'accumulated_eval_time': 4988.9173402786255, 'accumulated_logging_time': 0.13750410079956055}
I0305 22:29:00.801549 139485287241472 logging_writer.py:48] [19426] accumulated_eval_time=4988.92, accumulated_logging_time=0.137504, accumulated_submission_time=6745.3, global_step=19426, preemption_count=0, score=6745.3, test/accuracy=0.655892, test/bleu=26.3771, test/loss=1.65111, test/num_examples=3003, total_duration=11735.5, train/accuracy=0.634453, train/bleu=30.824, train/loss=1.78649, validation/accuracy=0.645107, validation/bleu=27.4386, validation/loss=1.70181, validation/num_examples=3000
I0305 22:29:26.780094 139485295634176 logging_writer.py:48] [19500] global_step=19500, grad_norm=0.4082534909248352, loss=1.8723994493484497
I0305 22:30:01.393091 139485287241472 logging_writer.py:48] [19600] global_step=19600, grad_norm=0.3435758054256439, loss=1.8529977798461914
I0305 22:30:36.066331 139485295634176 logging_writer.py:48] [19700] global_step=19700, grad_norm=0.3470180034637451, loss=1.884334921836853
I0305 22:31:10.768366 139485287241472 logging_writer.py:48] [19800] global_step=19800, grad_norm=0.37910738587379456, loss=1.896167516708374
I0305 22:31:45.480564 139485295634176 logging_writer.py:48] [19900] global_step=19900, grad_norm=0.39184725284576416, loss=1.961971640586853
I0305 22:32:20.177904 139485287241472 logging_writer.py:48] [20000] global_step=20000, grad_norm=0.468789279460907, loss=1.8069469928741455
I0305 22:32:54.964187 139485295634176 logging_writer.py:48] [20100] global_step=20100, grad_norm=0.3924524784088135, loss=1.7726404666900635
I0305 22:33:29.700201 139485287241472 logging_writer.py:48] [20200] global_step=20200, grad_norm=0.38491877913475037, loss=1.8622928857803345
I0305 22:34:04.437193 139485295634176 logging_writer.py:48] [20300] global_step=20300, grad_norm=0.5029070377349854, loss=1.8049167394638062
I0305 22:34:39.164630 139485287241472 logging_writer.py:48] [20400] global_step=20400, grad_norm=0.36955395340919495, loss=1.9519259929656982
