python submission_runner.py --framework=jax --workload=wmt --submission_path=prize_qualification_baselines/external_tuning/jax_nadamw_full_budget.py --data_dir=/data/wmt --num_tuning_trials=1 --experiment_dir=/experiment_runs --experiment_name=submissions/rolling_leaderboard/external_tuning/baseline/study_2 --overwrite=True --save_checkpoints=False --rng_seed=-1796777921 --tuning_ruleset=external --tuning_search_space=prize_qualification_baselines/external_tuning/tuning_search_space.json --num_tuning_trials=5 --hparam_start_index=3 --hparam_end_index=4 2>&1 | tee -a /logs/wmt_jax_03-05-2025-19-13-06.log
2025-03-05 19:13:07.597134: E external/local_xla/xla/stream_executor/cuda/cuda_fft.cc:477] Unable to register cuFFT factory: Attempting to register factory for plugin cuFFT when one has already been registered
WARNING: All log messages before absl::InitializeLog() is called are written to STDERR
E0000 00:00:1741201987.619550       9 cuda_dnn.cc:8310] Unable to register cuDNN factory: Attempting to register factory for plugin cuDNN when one has already been registered
E0000 00:00:1741201987.626398       9 cuda_blas.cc:1418] Unable to register cuBLAS factory: Attempting to register factory for plugin cuBLAS when one has already been registered
ERROR:root:Unable to import wandb.
Traceback (most recent call last):
  File "/algorithmic-efficiency/algoperf/logger_utils.py", line 27, in <module>
    import wandb  # pylint: disable=g-import-not-at-top
    ^^^^^^^^^^^^
ModuleNotFoundError: No module named 'wandb'
I0305 19:13:14.527179 140248407626944 logger_utils.py:81] Creating experiment directory at /experiment_runs/submissions/rolling_leaderboard/external_tuning/baseline/study_2/wmt_jax.
I0305 19:13:15.505518 140248407626944 xla_bridge.py:884] Unable to initialize backend 'rocm': NOT_FOUND: Could not find registered platform with name: "rocm". Available platform names are: CUDA
I0305 19:13:15.508648 140248407626944 xla_bridge.py:884] Unable to initialize backend 'tpu': INTERNAL: Failed to open libtpu.so: libtpu.so: cannot open shared object file: No such file or directory
I0305 19:13:15.510308 140248407626944 submission_runner.py:606] Using RNG seed -1796777921
I0305 19:13:16.114149 140248407626944 submission_runner.py:615] --- Tuning run 4/5 ---
I0305 19:13:16.114330 140248407626944 submission_runner.py:620] Creating tuning directory at /experiment_runs/submissions/rolling_leaderboard/external_tuning/baseline/study_2/wmt_jax/trial_4.
I0305 19:13:16.114530 140248407626944 logger_utils.py:97] Saving hparams to /experiment_runs/submissions/rolling_leaderboard/external_tuning/baseline/study_2/wmt_jax/trial_4/hparams.json.
I0305 19:13:16.353399 140248407626944 submission_runner.py:218] Initializing dataset.
I0305 19:13:16.525250 140248407626944 dataset_info.py:690] Load dataset info from /data/wmt/wmt17_translate/de-en/1.0.0
I0305 19:13:16.549795 140248407626944 reader.py:261] Creating a tf.data.Dataset reading 16 files located in folders: /data/wmt/wmt17_translate/de-en/1.0.0.
I0305 19:13:16.625442 140248407626944 logging_logger.py:49] Constructing tf.data.Dataset wmt17_translate for split train, from /data/wmt/wmt17_translate/de-en/1.0.0
I0305 19:13:17.997467 140248407626944 submission_runner.py:229] Initializing model.
I0305 19:14:00.183647 140248407626944 submission_runner.py:272] Initializing optimizer.
I0305 19:14:01.034654 140248407626944 submission_runner.py:279] Initializing metrics bundle.
I0305 19:14:01.034914 140248407626944 submission_runner.py:301] Initializing checkpoint and logger.
I0305 19:14:01.035973 140248407626944 checkpoints.py:1101] Found no checkpoint files in /experiment_runs/submissions/rolling_leaderboard/external_tuning/baseline/study_2/wmt_jax/trial_4 with prefix checkpoint_
I0305 19:14:01.036077 140248407626944 submission_runner.py:321] Saving meta data to /experiment_runs/submissions/rolling_leaderboard/external_tuning/baseline/study_2/wmt_jax/trial_4/meta_data_0.json.
I0305 19:14:01.036308 140248407626944 logger_utils.py:262] Unable to record workload.train_mean information. Continuing without it.
I0305 19:14:01.036371 140248407626944 logger_utils.py:262] Unable to record workload.train_stddev information. Continuing without it.
I0305 19:14:01.229665 140248407626944 submission_runner.py:325] Saving flags to /experiment_runs/submissions/rolling_leaderboard/external_tuning/baseline/study_2/wmt_jax/trial_4/flags_0.json.
I0305 19:14:01.264219 140248407626944 submission_runner.py:337] Starting training loop.
I0305 19:14:27.625344 140112251307776 logging_writer.py:48] [0] global_step=0, grad_norm=5.730098724365234, loss=11.058897972106934
I0305 19:14:27.686009 140248407626944 spec.py:321] Evaluating on the training split.
I0305 19:14:27.688231 140248407626944 dataset_info.py:690] Load dataset info from /data/wmt/wmt17_translate/de-en/1.0.0
I0305 19:14:27.691797 140248407626944 reader.py:261] Creating a tf.data.Dataset reading 16 files located in folders: /data/wmt/wmt17_translate/de-en/1.0.0.
I0305 19:14:27.724012 140248407626944 logging_logger.py:49] Constructing tf.data.Dataset wmt17_translate for split train, from /data/wmt/wmt17_translate/de-en/1.0.0
I0305 19:14:33.849572 140248407626944 workload.py:181] Translating evaluation dataset.
I0305 19:19:38.906021 140248407626944 spec.py:333] Evaluating on the validation split.
I0305 19:19:38.942440 140248407626944 dataset_info.py:690] Load dataset info from /data/wmt/wmt14_translate/de-en/1.0.0
I0305 19:19:38.977967 140248407626944 reader.py:261] Creating a tf.data.Dataset reading 1 files located in folders: /data/wmt/wmt14_translate/de-en/1.0.0.
I0305 19:19:39.011020 140248407626944 logging_logger.py:49] Constructing tf.data.Dataset wmt14_translate for split validation, from /data/wmt/wmt14_translate/de-en/1.0.0
I0305 19:19:44.200206 140248407626944 workload.py:181] Translating evaluation dataset.
I0305 19:24:42.706495 140248407626944 spec.py:349] Evaluating on the test split.
I0305 19:24:42.708946 140248407626944 dataset_info.py:690] Load dataset info from /data/wmt/wmt14_translate/de-en/1.0.0
I0305 19:24:42.712264 140248407626944 reader.py:261] Creating a tf.data.Dataset reading 1 files located in folders: /data/wmt/wmt14_translate/de-en/1.0.0.
I0305 19:24:42.744908 140248407626944 logging_logger.py:49] Constructing tf.data.Dataset wmt14_translate for split test, from /data/wmt/wmt14_translate/de-en/1.0.0
I0305 19:24:45.531457 140248407626944 workload.py:181] Translating evaluation dataset.
I0305 19:29:43.988645 140248407626944 submission_runner.py:469] Time since start: 942.72s, 	Step: 1, 	{'train/accuracy': 0.0005826972774229944, 'train/loss': 11.045845985412598, 'train/bleu': 0.0, 'validation/accuracy': 0.00048204089398495853, 'validation/loss': 11.047025680541992, 'validation/bleu': 0.0, 'validation/num_examples': 3000, 'test/accuracy': 0.0007183408597484231, 'test/loss': 11.040393829345703, 'test/bleu': 0.0, 'test/num_examples': 3003, 'score': 26.42166519165039, 'total_duration': 942.7243485450745, 'accumulated_submission_time': 26.42166519165039, 'accumulated_eval_time': 916.302565574646, 'accumulated_logging_time': 0}
I0305 19:29:43.995932 140105321985792 logging_writer.py:48] [1] accumulated_eval_time=916.303, accumulated_logging_time=0, accumulated_submission_time=26.4217, global_step=1, preemption_count=0, score=26.4217, test/accuracy=0.000718341, test/bleu=0, test/loss=11.0404, test/num_examples=3003, total_duration=942.724, train/accuracy=0.000582697, train/bleu=0, train/loss=11.0458, validation/accuracy=0.000482041, validation/bleu=0, validation/loss=11.047, validation/num_examples=3000
I0305 19:30:19.057989 140105313593088 logging_writer.py:48] [100] global_step=100, grad_norm=0.7115164399147034, loss=7.5423383712768555
I0305 19:30:54.015735 140105321985792 logging_writer.py:48] [200] global_step=200, grad_norm=0.7376587390899658, loss=6.528521537780762
I0305 19:31:29.009744 140105313593088 logging_writer.py:48] [300] global_step=300, grad_norm=0.47403424978256226, loss=5.820012092590332
I0305 19:32:04.014873 140105321985792 logging_writer.py:48] [400] global_step=400, grad_norm=0.4484783113002777, loss=5.368669033050537
I0305 19:32:39.048054 140105313593088 logging_writer.py:48] [500] global_step=500, grad_norm=0.480848103761673, loss=4.975229263305664
I0305 19:33:14.076249 140105321985792 logging_writer.py:48] [600] global_step=600, grad_norm=0.4783884882926941, loss=4.656709671020508
I0305 19:33:49.127215 140105313593088 logging_writer.py:48] [700] global_step=700, grad_norm=0.6655330657958984, loss=4.4443488121032715
I0305 19:34:24.167630 140105321985792 logging_writer.py:48] [800] global_step=800, grad_norm=0.4992346167564392, loss=4.140336036682129
I0305 19:34:59.222235 140105313593088 logging_writer.py:48] [900] global_step=900, grad_norm=0.445415198802948, loss=3.9546406269073486
I0305 19:35:34.269932 140105321985792 logging_writer.py:48] [1000] global_step=1000, grad_norm=0.4567277729511261, loss=3.761026382446289
I0305 19:36:09.290004 140105313593088 logging_writer.py:48] [1100] global_step=1100, grad_norm=0.500423789024353, loss=3.730581760406494
I0305 19:36:44.321683 140105321985792 logging_writer.py:48] [1200] global_step=1200, grad_norm=0.3866436183452606, loss=3.614088535308838
I0305 19:37:19.365601 140105313593088 logging_writer.py:48] [1300] global_step=1300, grad_norm=0.40226948261260986, loss=3.537330150604248
I0305 19:37:54.387926 140105321985792 logging_writer.py:48] [1400] global_step=1400, grad_norm=0.3173845410346985, loss=3.4541678428649902
I0305 19:38:29.422684 140105313593088 logging_writer.py:48] [1500] global_step=1500, grad_norm=0.3757283091545105, loss=3.3849234580993652
I0305 19:39:04.454549 140105321985792 logging_writer.py:48] [1600] global_step=1600, grad_norm=0.2928368151187897, loss=3.235163450241089
I0305 19:39:39.459397 140105313593088 logging_writer.py:48] [1700] global_step=1700, grad_norm=0.2874985933303833, loss=3.139904022216797
I0305 19:40:14.486117 140105321985792 logging_writer.py:48] [1800] global_step=1800, grad_norm=0.2090381383895874, loss=3.0983939170837402
I0305 19:40:49.492588 140105313593088 logging_writer.py:48] [1900] global_step=1900, grad_norm=0.21752069890499115, loss=3.010908842086792
I0305 19:41:24.519057 140105321985792 logging_writer.py:48] [2000] global_step=2000, grad_norm=0.18534399569034576, loss=2.8903424739837646
I0305 19:41:59.525285 140105313593088 logging_writer.py:48] [2100] global_step=2100, grad_norm=0.29779836535453796, loss=2.9069089889526367
I0305 19:42:34.572877 140105321985792 logging_writer.py:48] [2200] global_step=2200, grad_norm=0.4005890190601349, loss=2.7971999645233154
I0305 19:43:09.611110 140105313593088 logging_writer.py:48] [2300] global_step=2300, grad_norm=0.21518658101558685, loss=2.8921303749084473
I0305 19:43:44.256072 140248407626944 spec.py:321] Evaluating on the training split.
I0305 19:43:46.857057 140248407626944 workload.py:181] Translating evaluation dataset.
I0305 19:46:33.247935 140248407626944 spec.py:333] Evaluating on the validation split.
I0305 19:46:35.841528 140248407626944 workload.py:181] Translating evaluation dataset.
I0305 19:49:22.311740 140248407626944 spec.py:349] Evaluating on the test split.
I0305 19:49:24.908553 140248407626944 workload.py:181] Translating evaluation dataset.
I0305 19:51:48.397203 140248407626944 submission_runner.py:469] Time since start: 2267.13s, 	Step: 2400, 	{'train/accuracy': 0.5243012309074402, 'train/loss': 2.668487071990967, 'train/bleu': 22.06324745666449, 'validation/accuracy': 0.523582935333252, 'validation/loss': 2.6468873023986816, 'validation/bleu': 18.140998608213064, 'validation/num_examples': 3000, 'test/accuracy': 0.5218630433082581, 'test/loss': 2.682077407836914, 'test/bleu': 16.73002282967136, 'test/num_examples': 3003, 'score': 866.5041997432709, 'total_duration': 2267.132890224457, 'accumulated_submission_time': 866.5041997432709, 'accumulated_eval_time': 1400.4436326026917, 'accumulated_logging_time': 0.016210079193115234}
I0305 19:51:48.406351 140105321985792 logging_writer.py:48] [2400] accumulated_eval_time=1400.44, accumulated_logging_time=0.0162101, accumulated_submission_time=866.504, global_step=2400, preemption_count=0, score=866.504, test/accuracy=0.521863, test/bleu=16.73, test/loss=2.68208, test/num_examples=3003, total_duration=2267.13, train/accuracy=0.524301, train/bleu=22.0632, train/loss=2.66849, validation/accuracy=0.523583, validation/bleu=18.141, validation/loss=2.64689, validation/num_examples=3000
I0305 19:51:48.764206 140105313593088 logging_writer.py:48] [2400] global_step=2400, grad_norm=0.3631499111652374, loss=2.733720541000366
I0305 19:52:23.695626 140105321985792 logging_writer.py:48] [2500] global_step=2500, grad_norm=0.18582969903945923, loss=2.6876590251922607
I0305 19:52:58.671762 140105313593088 logging_writer.py:48] [2600] global_step=2600, grad_norm=0.2678320109844208, loss=2.5688881874084473
I0305 19:53:33.645544 140105321985792 logging_writer.py:48] [2700] global_step=2700, grad_norm=0.30038681626319885, loss=2.5362563133239746
I0305 19:54:08.644077 140105313593088 logging_writer.py:48] [2800] global_step=2800, grad_norm=0.321786105632782, loss=2.55204701423645
I0305 19:54:43.623075 140105321985792 logging_writer.py:48] [2900] global_step=2900, grad_norm=0.2604624629020691, loss=2.44303822517395
I0305 19:55:18.609158 140105313593088 logging_writer.py:48] [3000] global_step=3000, grad_norm=0.2054816335439682, loss=2.4708855152130127
I0305 19:55:53.602456 140105321985792 logging_writer.py:48] [3100] global_step=3100, grad_norm=0.367025226354599, loss=2.4238033294677734
I0305 19:56:28.609865 140105313593088 logging_writer.py:48] [3200] global_step=3200, grad_norm=0.4314717650413513, loss=2.3877453804016113
I0305 19:57:03.603521 140105321985792 logging_writer.py:48] [3300] global_step=3300, grad_norm=0.3262525200843811, loss=2.3113436698913574
I0305 19:57:38.606305 140105313593088 logging_writer.py:48] [3400] global_step=3400, grad_norm=0.42240938544273376, loss=2.3347268104553223
I0305 19:58:13.617974 140105321985792 logging_writer.py:48] [3500] global_step=3500, grad_norm=0.3336144983768463, loss=2.2894742488861084
I0305 19:58:48.633037 140105313593088 logging_writer.py:48] [3600] global_step=3600, grad_norm=0.2675677537918091, loss=2.4074766635894775
I0305 19:59:23.638527 140105321985792 logging_writer.py:48] [3700] global_step=3700, grad_norm=0.47711727023124695, loss=2.1901822090148926
I0305 19:59:58.630454 140105313593088 logging_writer.py:48] [3800] global_step=3800, grad_norm=0.20251280069351196, loss=2.2302331924438477
I0305 20:00:33.622250 140105321985792 logging_writer.py:48] [3900] global_step=3900, grad_norm=0.2971988618373871, loss=2.365375280380249
I0305 20:01:08.628283 140105313593088 logging_writer.py:48] [4000] global_step=4000, grad_norm=0.4186493754386902, loss=2.3768553733825684
I0305 20:01:43.636723 140105321985792 logging_writer.py:48] [4100] global_step=4100, grad_norm=0.3277311623096466, loss=2.2355222702026367
I0305 20:02:18.650696 140105313593088 logging_writer.py:48] [4200] global_step=4200, grad_norm=0.2930203378200531, loss=2.2622413635253906
I0305 20:02:53.699184 140105321985792 logging_writer.py:48] [4300] global_step=4300, grad_norm=0.7843644618988037, loss=2.2018771171569824
I0305 20:03:28.772176 140105313593088 logging_writer.py:48] [4400] global_step=4400, grad_norm=0.43507254123687744, loss=2.341951847076416
I0305 20:04:03.795081 140105321985792 logging_writer.py:48] [4500] global_step=4500, grad_norm=0.4897444546222687, loss=2.287095785140991
I0305 20:04:38.819426 140105313593088 logging_writer.py:48] [4600] global_step=4600, grad_norm=0.3948933780193329, loss=2.2365946769714355
I0305 20:05:13.849898 140105321985792 logging_writer.py:48] [4700] global_step=4700, grad_norm=0.5234207510948181, loss=2.3095192909240723
I0305 20:05:48.522785 140248407626944 spec.py:321] Evaluating on the training split.
I0305 20:05:51.121989 140248407626944 workload.py:181] Translating evaluation dataset.
I0305 20:08:58.541326 140248407626944 spec.py:333] Evaluating on the validation split.
I0305 20:09:01.142589 140248407626944 workload.py:181] Translating evaluation dataset.
I0305 20:11:28.490621 140248407626944 spec.py:349] Evaluating on the test split.
I0305 20:11:31.093957 140248407626944 workload.py:181] Translating evaluation dataset.
I0305 20:14:03.558475 140248407626944 submission_runner.py:469] Time since start: 3602.29s, 	Step: 4800, 	{'train/accuracy': 0.5761494040489197, 'train/loss': 2.251298189163208, 'train/bleu': 26.57507033736089, 'validation/accuracy': 0.595295786857605, 'validation/loss': 2.0990915298461914, 'validation/bleu': 23.169889766266664, 'validation/num_examples': 3000, 'test/accuracy': 0.5996060967445374, 'test/loss': 2.0647213459014893, 'test/bleu': 21.939725157588853, 'test/num_examples': 3003, 'score': 1706.4510326385498, 'total_duration': 3602.2941720485687, 'accumulated_submission_time': 1706.4510326385498, 'accumulated_eval_time': 1895.479255437851, 'accumulated_logging_time': 0.03408670425415039}
I0305 20:14:03.569041 140105313593088 logging_writer.py:48] [4800] accumulated_eval_time=1895.48, accumulated_logging_time=0.0340867, accumulated_submission_time=1706.45, global_step=4800, preemption_count=0, score=1706.45, test/accuracy=0.599606, test/bleu=21.9397, test/loss=2.06472, test/num_examples=3003, total_duration=3602.29, train/accuracy=0.576149, train/bleu=26.5751, train/loss=2.2513, validation/accuracy=0.595296, validation/bleu=23.1699, validation/loss=2.09909, validation/num_examples=3000
I0305 20:14:03.935213 140105321985792 logging_writer.py:48] [4800] global_step=4800, grad_norm=0.4584633708000183, loss=2.2141165733337402
I0305 20:14:38.853457 140105313593088 logging_writer.py:48] [4900] global_step=4900, grad_norm=0.47468382120132446, loss=2.1428256034851074
I0305 20:15:13.869653 140105321985792 logging_writer.py:48] [5000] global_step=5000, grad_norm=0.3961727023124695, loss=2.146749973297119
I0305 20:15:48.920223 140105313593088 logging_writer.py:48] [5100] global_step=5100, grad_norm=0.370394766330719, loss=2.282376766204834
I0305 20:16:23.973780 140105321985792 logging_writer.py:48] [5200] global_step=5200, grad_norm=0.3465195894241333, loss=2.217193365097046
I0305 20:16:59.012940 140105313593088 logging_writer.py:48] [5300] global_step=5300, grad_norm=0.635362982749939, loss=2.1741654872894287
I0305 20:17:34.035573 140105321985792 logging_writer.py:48] [5400] global_step=5400, grad_norm=0.32364919781684875, loss=2.191983938217163
I0305 20:18:09.063049 140105313593088 logging_writer.py:48] [5500] global_step=5500, grad_norm=0.4477282464504242, loss=2.14994478225708
I0305 20:18:44.103373 140105321985792 logging_writer.py:48] [5600] global_step=5600, grad_norm=0.4751460552215576, loss=2.229858875274658
I0305 20:19:19.143417 140105313593088 logging_writer.py:48] [5700] global_step=5700, grad_norm=0.5860053300857544, loss=2.2388510704040527
I0305 20:19:54.182526 140105321985792 logging_writer.py:48] [5800] global_step=5800, grad_norm=0.2933861315250397, loss=2.1957523822784424
I0305 20:20:29.220622 140105313593088 logging_writer.py:48] [5900] global_step=5900, grad_norm=0.33202192187309265, loss=2.1499717235565186
I0305 20:21:04.247390 140105321985792 logging_writer.py:48] [6000] global_step=6000, grad_norm=0.7036488056182861, loss=2.1505627632141113
I0305 20:21:39.284343 140105313593088 logging_writer.py:48] [6100] global_step=6100, grad_norm=0.2816430628299713, loss=2.1240086555480957
I0305 20:22:14.294684 140105321985792 logging_writer.py:48] [6200] global_step=6200, grad_norm=0.34734684228897095, loss=2.1338748931884766
I0305 20:22:49.294128 140104668485376 logging_writer.py:48] [6300] global_step=6300, grad_norm=0.40779924392700195, loss=2.231717586517334
I0305 20:23:24.219279 140104660092672 logging_writer.py:48] [6400] global_step=6400, grad_norm=0.9614494442939758, loss=2.215982675552368
I0305 20:23:59.147487 140104668485376 logging_writer.py:48] [6500] global_step=6500, grad_norm=0.37934327125549316, loss=2.1030452251434326
I0305 20:24:34.078338 140104660092672 logging_writer.py:48] [6600] global_step=6600, grad_norm=0.416230171918869, loss=2.134768009185791
I0305 20:25:09.037523 140104668485376 logging_writer.py:48] [6700] global_step=6700, grad_norm=0.339770644903183, loss=2.223689556121826
I0305 20:25:43.986886 140104660092672 logging_writer.py:48] [6800] global_step=6800, grad_norm=0.3379366397857666, loss=2.229361057281494
I0305 20:26:18.900637 140104668485376 logging_writer.py:48] [6900] global_step=6900, grad_norm=0.3624919652938843, loss=2.1559629440307617
I0305 20:26:53.801872 140104660092672 logging_writer.py:48] [7000] global_step=7000, grad_norm=0.4774736166000366, loss=2.1558690071105957
I0305 20:27:28.695672 140104668485376 logging_writer.py:48] [7100] global_step=7100, grad_norm=0.6340687870979309, loss=2.1951239109039307
I0305 20:28:03.576463 140104660092672 logging_writer.py:48] [7200] global_step=7200, grad_norm=0.5887355208396912, loss=2.0884127616882324
I0305 20:28:03.585082 140248407626944 spec.py:321] Evaluating on the training split.
I0305 20:28:06.191387 140248407626944 workload.py:181] Translating evaluation dataset.
I0305 20:31:08.955507 140248407626944 spec.py:333] Evaluating on the validation split.
I0305 20:31:11.555285 140248407626944 workload.py:181] Translating evaluation dataset.
I0305 20:33:51.933334 140248407626944 spec.py:349] Evaluating on the test split.
I0305 20:33:54.530011 140248407626944 workload.py:181] Translating evaluation dataset.
I0305 20:36:27.572261 140248407626944 submission_runner.py:469] Time since start: 4946.31s, 	Step: 7201, 	{'train/accuracy': 0.5885499119758606, 'train/loss': 2.1332192420959473, 'train/bleu': 27.03930457150921, 'validation/accuracy': 0.603848934173584, 'validation/loss': 2.011162042617798, 'validation/bleu': 23.893339803280817, 'validation/num_examples': 3000, 'test/accuracy': 0.6076700091362, 'test/loss': 1.981911540031433, 'test/bleu': 22.898264565142487, 'test/num_examples': 3003, 'score': 2546.297681570053, 'total_duration': 4946.307964324951, 'accumulated_submission_time': 2546.297681570053, 'accumulated_eval_time': 2399.4663529396057, 'accumulated_logging_time': 0.05392956733703613}
I0305 20:36:27.582962 140104668485376 logging_writer.py:48] [7201] accumulated_eval_time=2399.47, accumulated_logging_time=0.0539296, accumulated_submission_time=2546.3, global_step=7201, preemption_count=0, score=2546.3, test/accuracy=0.60767, test/bleu=22.8983, test/loss=1.98191, test/num_examples=3003, total_duration=4946.31, train/accuracy=0.58855, train/bleu=27.0393, train/loss=2.13322, validation/accuracy=0.603849, validation/bleu=23.8933, validation/loss=2.01116, validation/num_examples=3000
I0305 20:37:02.424917 140104660092672 logging_writer.py:48] [7300] global_step=7300, grad_norm=0.44640403985977173, loss=2.1964950561523438
I0305 20:37:37.344246 140104668485376 logging_writer.py:48] [7400] global_step=7400, grad_norm=0.5488253831863403, loss=2.118624687194824
I0305 20:38:12.227292 140104660092672 logging_writer.py:48] [7500] global_step=7500, grad_norm=0.26233726739883423, loss=2.100580930709839
I0305 20:38:47.152738 140104668485376 logging_writer.py:48] [7600] global_step=7600, grad_norm=0.3887370824813843, loss=2.1599528789520264
I0305 20:39:22.087548 140104660092672 logging_writer.py:48] [7700] global_step=7700, grad_norm=0.652729868888855, loss=2.1692233085632324
I0305 20:39:57.075585 140104668485376 logging_writer.py:48] [7800] global_step=7800, grad_norm=0.33234867453575134, loss=2.110136032104492
I0305 20:40:31.996241 140104660092672 logging_writer.py:48] [7900] global_step=7900, grad_norm=0.554000198841095, loss=1.9636707305908203
I0305 20:41:06.947071 140104668485376 logging_writer.py:48] [8000] global_step=8000, grad_norm=0.3287140727043152, loss=2.2768352031707764
I0305 20:41:41.905149 140104660092672 logging_writer.py:48] [8100] global_step=8100, grad_norm=0.3010607957839966, loss=2.108690023422241
I0305 20:42:16.830624 140104668485376 logging_writer.py:48] [8200] global_step=8200, grad_norm=0.326860249042511, loss=2.262192487716675
I0305 20:42:51.762955 140104660092672 logging_writer.py:48] [8300] global_step=8300, grad_norm=0.30647042393684387, loss=2.149676561355591
I0305 20:43:26.685348 140104668485376 logging_writer.py:48] [8400] global_step=8400, grad_norm=0.366905152797699, loss=2.0928194522857666
I0305 20:44:01.617592 140104660092672 logging_writer.py:48] [8500] global_step=8500, grad_norm=0.35008999705314636, loss=2.0330331325531006
I0305 20:44:36.571614 140104668485376 logging_writer.py:48] [8600] global_step=8600, grad_norm=0.38211286067962646, loss=2.2574641704559326
I0305 20:45:11.536908 140104660092672 logging_writer.py:48] [8700] global_step=8700, grad_norm=0.2879425585269928, loss=2.166088581085205
I0305 20:45:46.478152 140104668485376 logging_writer.py:48] [8800] global_step=8800, grad_norm=0.33041173219680786, loss=2.150297164916992
I0305 20:46:21.434356 140104660092672 logging_writer.py:48] [8900] global_step=8900, grad_norm=0.3616137206554413, loss=2.0225791931152344
I0305 20:46:56.325034 140104668485376 logging_writer.py:48] [9000] global_step=9000, grad_norm=0.5637381076812744, loss=2.167271852493286
I0305 20:47:31.247162 140104660092672 logging_writer.py:48] [9100] global_step=9100, grad_norm=0.7473936676979065, loss=2.227809190750122
I0305 20:48:06.165697 140104668485376 logging_writer.py:48] [9200] global_step=9200, grad_norm=0.3924708068370819, loss=2.146364688873291
I0305 20:48:41.102661 140104660092672 logging_writer.py:48] [9300] global_step=9300, grad_norm=0.2859046459197998, loss=2.1369683742523193
I0305 20:49:16.027527 140104668485376 logging_writer.py:48] [9400] global_step=9400, grad_norm=0.5394838452339172, loss=2.1526424884796143
I0305 20:49:50.969939 140104660092672 logging_writer.py:48] [9500] global_step=9500, grad_norm=0.40834540128707886, loss=2.130413055419922
I0305 20:50:25.918106 140104668485376 logging_writer.py:48] [9600] global_step=9600, grad_norm=0.32449570298194885, loss=2.1472203731536865
I0305 20:50:27.670756 140248407626944 spec.py:321] Evaluating on the training split.
I0305 20:50:30.275335 140248407626944 workload.py:181] Translating evaluation dataset.
I0305 20:53:41.860634 140248407626944 spec.py:333] Evaluating on the validation split.
I0305 20:53:44.472828 140248407626944 workload.py:181] Translating evaluation dataset.
I0305 20:56:39.228095 140248407626944 spec.py:349] Evaluating on the test split.
I0305 20:56:41.833877 140248407626944 workload.py:181] Translating evaluation dataset.
I0305 20:59:15.695171 140248407626944 submission_runner.py:469] Time since start: 6314.43s, 	Step: 9606, 	{'train/accuracy': 0.592634379863739, 'train/loss': 2.1329338550567627, 'train/bleu': 27.754886105412552, 'validation/accuracy': 0.6082367300987244, 'validation/loss': 1.9942150115966797, 'validation/bleu': 24.553891809431896, 'validation/num_examples': 3000, 'test/accuracy': 0.6162785291671753, 'test/loss': 1.9350523948669434, 'test/bleu': 23.53525358070045, 'test/num_examples': 3003, 'score': 3386.2254931926727, 'total_duration': 6314.430859565735, 'accumulated_submission_time': 3386.2254931926727, 'accumulated_eval_time': 2927.4906842708588, 'accumulated_logging_time': 0.07434701919555664}
I0305 20:59:15.706159 140104660092672 logging_writer.py:48] [9606] accumulated_eval_time=2927.49, accumulated_logging_time=0.074347, accumulated_submission_time=3386.23, global_step=9606, preemption_count=0, score=3386.23, test/accuracy=0.616279, test/bleu=23.5353, test/loss=1.93505, test/num_examples=3003, total_duration=6314.43, train/accuracy=0.592634, train/bleu=27.7549, train/loss=2.13293, validation/accuracy=0.608237, validation/bleu=24.5539, validation/loss=1.99422, validation/num_examples=3000
I0305 20:59:48.861368 140104668485376 logging_writer.py:48] [9700] global_step=9700, grad_norm=0.290601909160614, loss=2.0974044799804688
I0305 21:00:23.727604 140104660092672 logging_writer.py:48] [9800] global_step=9800, grad_norm=0.549081563949585, loss=2.140838623046875
I0305 21:00:58.628908 140104668485376 logging_writer.py:48] [9900] global_step=9900, grad_norm=0.3365088701248169, loss=2.042356252670288
I0305 21:01:33.597976 140104660092672 logging_writer.py:48] [10000] global_step=10000, grad_norm=0.6123021841049194, loss=2.136727809906006
I0305 21:02:08.516960 140104668485376 logging_writer.py:48] [10100] global_step=10100, grad_norm=0.266716331243515, loss=2.0988047122955322
I0305 21:02:43.408165 140104660092672 logging_writer.py:48] [10200] global_step=10200, grad_norm=0.33947861194610596, loss=2.1846749782562256
I0305 21:03:18.334749 140104668485376 logging_writer.py:48] [10300] global_step=10300, grad_norm=0.6085208654403687, loss=2.1239993572235107
I0305 21:03:53.236184 140104660092672 logging_writer.py:48] [10400] global_step=10400, grad_norm=0.7141340374946594, loss=2.2165591716766357
I0305 21:04:28.161435 140104668485376 logging_writer.py:48] [10500] global_step=10500, grad_norm=0.5334404110908508, loss=2.179316520690918
I0305 21:05:03.103792 140104660092672 logging_writer.py:48] [10600] global_step=10600, grad_norm=0.27469876408576965, loss=2.1184892654418945
I0305 21:05:38.016176 140104668485376 logging_writer.py:48] [10700] global_step=10700, grad_norm=0.3216441571712494, loss=2.1173033714294434
I0305 21:06:12.916758 140104660092672 logging_writer.py:48] [10800] global_step=10800, grad_norm=0.4063964784145355, loss=2.113556385040283
I0305 21:06:47.796096 140104668485376 logging_writer.py:48] [10900] global_step=10900, grad_norm=0.369998037815094, loss=2.1221656799316406
I0305 21:07:22.649237 140104660092672 logging_writer.py:48] [11000] global_step=11000, grad_norm=0.32363128662109375, loss=2.0565037727355957
I0305 21:07:57.548134 140104668485376 logging_writer.py:48] [11100] global_step=11100, grad_norm=0.5341132879257202, loss=2.052541971206665
I0305 21:08:32.390038 140104660092672 logging_writer.py:48] [11200] global_step=11200, grad_norm=0.3998287320137024, loss=2.151097297668457
I0305 21:09:07.309054 140104668485376 logging_writer.py:48] [11300] global_step=11300, grad_norm=0.3382916748523712, loss=2.101891040802002
I0305 21:09:42.252452 140104660092672 logging_writer.py:48] [11400] global_step=11400, grad_norm=0.35101762413978577, loss=2.0436739921569824
I0305 21:10:17.161626 140104668485376 logging_writer.py:48] [11500] global_step=11500, grad_norm=0.40242326259613037, loss=2.069535255432129
I0305 21:10:52.078045 140104660092672 logging_writer.py:48] [11600] global_step=11600, grad_norm=0.39509686827659607, loss=2.1640961170196533
I0305 21:11:27.006777 140104668485376 logging_writer.py:48] [11700] global_step=11700, grad_norm=0.46620607376098633, loss=2.0704455375671387
I0305 21:12:01.904004 140104660092672 logging_writer.py:48] [11800] global_step=11800, grad_norm=0.6013889908790588, loss=2.0810046195983887
I0305 21:12:36.838033 140104668485376 logging_writer.py:48] [11900] global_step=11900, grad_norm=0.5173302888870239, loss=2.086982011795044
I0305 21:13:11.705551 140104660092672 logging_writer.py:48] [12000] global_step=12000, grad_norm=1.0868033170700073, loss=2.203022003173828
I0305 21:13:15.900712 140248407626944 spec.py:321] Evaluating on the training split.
I0305 21:13:18.500976 140248407626944 workload.py:181] Translating evaluation dataset.
I0305 21:17:33.658731 140248407626944 spec.py:333] Evaluating on the validation split.
I0305 21:17:36.259574 140248407626944 workload.py:181] Translating evaluation dataset.
I0305 21:21:11.940301 140248407626944 spec.py:349] Evaluating on the test split.
I0305 21:21:14.534075 140248407626944 workload.py:181] Translating evaluation dataset.
I0305 21:24:10.128144 140248407626944 submission_runner.py:469] Time since start: 7808.86s, 	Step: 12013, 	{'train/accuracy': 0.5948514342308044, 'train/loss': 2.1006462574005127, 'train/bleu': 28.06506934391542, 'validation/accuracy': 0.610622227191925, 'validation/loss': 1.96293044090271, 'validation/bleu': 24.316434139255463, 'validation/num_examples': 3000, 'test/accuracy': 0.6173444390296936, 'test/loss': 1.9210034608840942, 'test/bleu': 23.64199541545895, 'test/num_examples': 3003, 'score': 4226.262289047241, 'total_duration': 7808.863825082779, 'accumulated_submission_time': 4226.262289047241, 'accumulated_eval_time': 3581.718025445938, 'accumulated_logging_time': 0.0946357250213623}
I0305 21:24:10.138737 140104668485376 logging_writer.py:48] [12013] accumulated_eval_time=3581.72, accumulated_logging_time=0.0946357, accumulated_submission_time=4226.26, global_step=12013, preemption_count=0, score=4226.26, test/accuracy=0.617344, test/bleu=23.642, test/loss=1.921, test/num_examples=3003, total_duration=7808.86, train/accuracy=0.594851, train/bleu=28.0651, train/loss=2.10065, validation/accuracy=0.610622, validation/bleu=24.3164, validation/loss=1.96293, validation/num_examples=3000
I0305 21:24:40.797027 140104660092672 logging_writer.py:48] [12100] global_step=12100, grad_norm=0.315769761800766, loss=2.046039581298828
I0305 21:25:15.662104 140104668485376 logging_writer.py:48] [12200] global_step=12200, grad_norm=0.6246486306190491, loss=2.0904452800750732
I0305 21:25:50.502821 140104660092672 logging_writer.py:48] [12300] global_step=12300, grad_norm=0.32109445333480835, loss=2.134948968887329
I0305 21:26:25.371637 140104668485376 logging_writer.py:48] [12400] global_step=12400, grad_norm=0.3635517358779907, loss=2.1664445400238037
I0305 21:27:00.224907 140104660092672 logging_writer.py:48] [12500] global_step=12500, grad_norm=0.5306106805801392, loss=2.094374179840088
I0305 21:27:35.158903 140104668485376 logging_writer.py:48] [12600] global_step=12600, grad_norm=0.6224602460861206, loss=2.083076000213623
I0305 21:28:10.079592 140104660092672 logging_writer.py:48] [12700] global_step=12700, grad_norm=0.6063125729560852, loss=2.0482003688812256
I0305 21:28:45.000632 140104668485376 logging_writer.py:48] [12800] global_step=12800, grad_norm=0.27707982063293457, loss=2.072458028793335
I0305 21:29:20.009761 140104660092672 logging_writer.py:48] [12900] global_step=12900, grad_norm=0.7205343246459961, loss=2.1568405628204346
I0305 21:29:54.995118 140104668485376 logging_writer.py:48] [13000] global_step=13000, grad_norm=0.5696350336074829, loss=2.15828800201416
I0305 21:30:29.994548 140104660092672 logging_writer.py:48] [13100] global_step=13100, grad_norm=0.36506056785583496, loss=2.0541553497314453
I0305 21:31:04.991489 140104668485376 logging_writer.py:48] [13200] global_step=13200, grad_norm=0.307267427444458, loss=2.0768420696258545
I0305 21:31:40.007318 140104660092672 logging_writer.py:48] [13300] global_step=13300, grad_norm=0.3180486559867859, loss=2.05936861038208
I0305 21:32:14.964703 140104668485376 logging_writer.py:48] [13400] global_step=13400, grad_norm=0.25382575392723083, loss=2.1496529579162598
I0305 21:32:49.948340 140104660092672 logging_writer.py:48] [13500] global_step=13500, grad_norm=0.39753374457359314, loss=2.111760139465332
I0305 21:33:24.945543 140104668485376 logging_writer.py:48] [13600] global_step=13600, grad_norm=0.4237672686576843, loss=2.078172206878662
I0305 21:33:59.939861 140104660092672 logging_writer.py:48] [13700] global_step=13700, grad_norm=0.2741256058216095, loss=2.077756643295288
I0305 21:34:34.933773 140104668485376 logging_writer.py:48] [13800] global_step=13800, grad_norm=0.3377780318260193, loss=2.0153777599334717
I0305 21:35:09.942991 140104660092672 logging_writer.py:48] [13900] global_step=13900, grad_norm=0.29449719190597534, loss=2.122255563735962
I0305 21:35:44.931995 140104668485376 logging_writer.py:48] [14000] global_step=14000, grad_norm=0.4949653446674347, loss=2.0796101093292236
I0305 21:36:19.949358 140104660092672 logging_writer.py:48] [14100] global_step=14100, grad_norm=0.3553400933742523, loss=2.210210084915161
I0305 21:36:54.984569 140104668485376 logging_writer.py:48] [14200] global_step=14200, grad_norm=0.3521592915058136, loss=2.0980634689331055
I0305 21:37:30.076114 140104660092672 logging_writer.py:48] [14300] global_step=14300, grad_norm=0.5625194311141968, loss=2.0797369480133057
I0305 21:38:05.121689 140104668485376 logging_writer.py:48] [14400] global_step=14400, grad_norm=0.7670286297798157, loss=2.158156394958496
I0305 21:38:10.384987 140248407626944 spec.py:321] Evaluating on the training split.
I0305 21:38:12.987855 140248407626944 workload.py:181] Translating evaluation dataset.
I0305 21:41:27.757156 140248407626944 spec.py:333] Evaluating on the validation split.
I0305 21:41:30.341221 140248407626944 workload.py:181] Translating evaluation dataset.
I0305 21:44:18.747856 140248407626944 spec.py:349] Evaluating on the test split.
I0305 21:44:21.332409 140248407626944 workload.py:181] Translating evaluation dataset.
I0305 21:46:55.072422 140248407626944 submission_runner.py:469] Time since start: 9173.81s, 	Step: 14416, 	{'train/accuracy': 0.5995975732803345, 'train/loss': 2.0686583518981934, 'train/bleu': 27.711498802894372, 'validation/accuracy': 0.6161718368530273, 'validation/loss': 1.9349751472473145, 'validation/bleu': 24.921011789710803, 'validation/num_examples': 3000, 'test/accuracy': 0.6221411228179932, 'test/loss': 1.8915694952011108, 'test/bleu': 24.013532325379224, 'test/num_examples': 3003, 'score': 5066.354030370712, 'total_duration': 9173.808131456375, 'accumulated_submission_time': 5066.354030370712, 'accumulated_eval_time': 4106.405398845673, 'accumulated_logging_time': 0.11338615417480469}
I0305 21:46:55.082700 140104660092672 logging_writer.py:48] [14416] accumulated_eval_time=4106.41, accumulated_logging_time=0.113386, accumulated_submission_time=5066.35, global_step=14416, preemption_count=0, score=5066.35, test/accuracy=0.622141, test/bleu=24.0135, test/loss=1.89157, test/num_examples=3003, total_duration=9173.81, train/accuracy=0.599598, train/bleu=27.7115, train/loss=2.06866, validation/accuracy=0.616172, validation/bleu=24.921, validation/loss=1.93498, validation/num_examples=3000
I0305 21:47:24.762640 140104668485376 logging_writer.py:48] [14500] global_step=14500, grad_norm=0.4445441961288452, loss=2.090336799621582
I0305 21:47:59.698316 140104660092672 logging_writer.py:48] [14600] global_step=14600, grad_norm=0.40975528955459595, loss=1.993971586227417
I0305 21:48:34.664664 140104668485376 logging_writer.py:48] [14700] global_step=14700, grad_norm=0.3722650408744812, loss=2.1703124046325684
I0305 21:49:09.656529 140104660092672 logging_writer.py:48] [14800] global_step=14800, grad_norm=0.2846912443637848, loss=1.9600118398666382
I0305 21:49:44.630700 140104668485376 logging_writer.py:48] [14900] global_step=14900, grad_norm=0.26890578866004944, loss=2.0714051723480225
I0305 21:50:19.619148 140104660092672 logging_writer.py:48] [15000] global_step=15000, grad_norm=0.46360287070274353, loss=2.044597625732422
I0305 21:50:54.630891 140104668485376 logging_writer.py:48] [15100] global_step=15100, grad_norm=0.32952260971069336, loss=2.0553736686706543
I0305 21:51:29.659935 140104660092672 logging_writer.py:48] [15200] global_step=15200, grad_norm=0.3367970585823059, loss=2.044296979904175
I0305 21:52:04.669838 140104668485376 logging_writer.py:48] [15300] global_step=15300, grad_norm=0.32362812757492065, loss=2.0565285682678223
I0305 21:52:39.681528 140104660092672 logging_writer.py:48] [15400] global_step=15400, grad_norm=0.6264040470123291, loss=2.0615932941436768
I0305 21:53:14.690484 140104668485376 logging_writer.py:48] [15500] global_step=15500, grad_norm=0.38555797934532166, loss=2.163316249847412
I0305 21:53:49.694760 140104660092672 logging_writer.py:48] [15600] global_step=15600, grad_norm=0.7840883731842041, loss=2.065553903579712
I0305 21:54:24.715642 140104668485376 logging_writer.py:48] [15700] global_step=15700, grad_norm=0.35586225986480713, loss=2.0623939037323
I0305 21:54:59.711059 140104660092672 logging_writer.py:48] [15800] global_step=15800, grad_norm=0.5597623586654663, loss=2.0141615867614746
I0305 21:55:34.722705 140104668485376 logging_writer.py:48] [15900] global_step=15900, grad_norm=0.42035359144210815, loss=2.0062246322631836
I0305 21:56:09.758456 140104660092672 logging_writer.py:48] [16000] global_step=16000, grad_norm=0.5275857448577881, loss=1.9956861734390259
I0305 21:56:44.793034 140104668485376 logging_writer.py:48] [16100] global_step=16100, grad_norm=0.34587228298187256, loss=2.17999267578125
I0305 21:57:19.815942 140104660092672 logging_writer.py:48] [16200] global_step=16200, grad_norm=0.3553723394870758, loss=2.069918632507324
I0305 21:57:54.825992 140104668485376 logging_writer.py:48] [16300] global_step=16300, grad_norm=0.5792917609214783, loss=2.0318410396575928
I0305 21:58:29.827399 140104660092672 logging_writer.py:48] [16400] global_step=16400, grad_norm=0.628183901309967, loss=2.0532643795013428
I0305 21:59:04.849619 140104668485376 logging_writer.py:48] [16500] global_step=16500, grad_norm=0.4215409457683563, loss=2.0462021827697754
I0305 21:59:39.809840 140104660092672 logging_writer.py:48] [16600] global_step=16600, grad_norm=0.3658943772315979, loss=2.087833881378174
I0305 22:00:14.815147 140104668485376 logging_writer.py:48] [16700] global_step=16700, grad_norm=0.5560032725334167, loss=2.057971715927124
I0305 22:00:49.772324 140104660092672 logging_writer.py:48] [16800] global_step=16800, grad_norm=0.2601669132709503, loss=2.1270105838775635
I0305 22:00:55.367906 140248407626944 spec.py:321] Evaluating on the training split.
I0305 22:00:57.971571 140248407626944 workload.py:181] Translating evaluation dataset.
I0305 22:04:24.312263 140248407626944 spec.py:333] Evaluating on the validation split.
I0305 22:04:26.901087 140248407626944 workload.py:181] Translating evaluation dataset.
I0305 22:07:01.102263 140248407626944 spec.py:349] Evaluating on the test split.
I0305 22:07:03.704921 140248407626944 workload.py:181] Translating evaluation dataset.
I0305 22:09:30.251726 140248407626944 submission_runner.py:469] Time since start: 10528.99s, 	Step: 16817, 	{'train/accuracy': 0.5967208743095398, 'train/loss': 2.0855557918548584, 'train/bleu': 27.791125013759444, 'validation/accuracy': 0.6140830516815186, 'validation/loss': 1.9277559518814087, 'validation/bleu': 24.711194840199852, 'validation/num_examples': 3000, 'test/accuracy': 0.6215502023696899, 'test/loss': 1.8961756229400635, 'test/bleu': 23.647379412036194, 'test/num_examples': 3003, 'score': 5906.49445939064, 'total_duration': 10528.987439870834, 'accumulated_submission_time': 5906.49445939064, 'accumulated_eval_time': 4621.289161682129, 'accumulated_logging_time': 0.13210725784301758}
I0305 22:09:30.261839 140104668485376 logging_writer.py:48] [16817] accumulated_eval_time=4621.29, accumulated_logging_time=0.132107, accumulated_submission_time=5906.49, global_step=16817, preemption_count=0, score=5906.49, test/accuracy=0.62155, test/bleu=23.6474, test/loss=1.89618, test/num_examples=3003, total_duration=10529, train/accuracy=0.596721, train/bleu=27.7911, train/loss=2.08556, validation/accuracy=0.614083, validation/bleu=24.7112, validation/loss=1.92776, validation/num_examples=3000
I0305 22:09:59.647947 140104660092672 logging_writer.py:48] [16900] global_step=16900, grad_norm=0.31136736273765564, loss=2.073550224304199
I0305 22:10:34.611995 140104668485376 logging_writer.py:48] [17000] global_step=17000, grad_norm=0.47552359104156494, loss=2.127152681350708
I0305 22:11:09.621639 140104660092672 logging_writer.py:48] [17100] global_step=17100, grad_norm=0.5425376892089844, loss=2.070645570755005
I0305 22:11:44.654248 140104668485376 logging_writer.py:48] [17200] global_step=17200, grad_norm=0.6210699677467346, loss=2.001570224761963
I0305 22:12:19.676036 140104660092672 logging_writer.py:48] [17300] global_step=17300, grad_norm=0.4953887164592743, loss=2.126843214035034
I0305 22:12:54.718368 140104668485376 logging_writer.py:48] [17400] global_step=17400, grad_norm=0.5956838726997375, loss=2.0059001445770264
I0305 22:13:29.710847 140104660092672 logging_writer.py:48] [17500] global_step=17500, grad_norm=0.34428852796554565, loss=2.130764961242676
I0305 22:14:04.727427 140104668485376 logging_writer.py:48] [17600] global_step=17600, grad_norm=0.38927948474884033, loss=2.090322256088257
I0305 22:14:39.807819 140104660092672 logging_writer.py:48] [17700] global_step=17700, grad_norm=0.2960212826728821, loss=2.0647084712982178
I0305 22:15:14.831789 140104668485376 logging_writer.py:48] [17800] global_step=17800, grad_norm=0.4009782075881958, loss=2.076228618621826
I0305 22:15:49.828087 140104660092672 logging_writer.py:48] [17900] global_step=17900, grad_norm=0.5378538370132446, loss=2.024085283279419
I0305 22:16:24.860036 140104668485376 logging_writer.py:48] [18000] global_step=18000, grad_norm=0.4532392919063568, loss=2.124081611633301
I0305 22:16:59.876331 140104660092672 logging_writer.py:48] [18100] global_step=18100, grad_norm=0.6668320894241333, loss=2.1485438346862793
I0305 22:17:34.867709 140104668485376 logging_writer.py:48] [18200] global_step=18200, grad_norm=0.2981668710708618, loss=2.1373276710510254
I0305 22:18:09.873287 140104660092672 logging_writer.py:48] [18300] global_step=18300, grad_norm=0.5984541773796082, loss=2.042818307876587
I0305 22:18:44.835181 140104668485376 logging_writer.py:48] [18400] global_step=18400, grad_norm=0.685399055480957, loss=2.1400630474090576
I0305 22:19:19.833713 140104660092672 logging_writer.py:48] [18500] global_step=18500, grad_norm=0.5085468292236328, loss=2.057795763015747
I0305 22:19:54.830377 140104668485376 logging_writer.py:48] [18600] global_step=18600, grad_norm=0.5239251255989075, loss=2.0594916343688965
I0305 22:20:29.780266 140104660092672 logging_writer.py:48] [18700] global_step=18700, grad_norm=0.3451371490955353, loss=2.0726704597473145
I0305 22:21:04.778365 140104668485376 logging_writer.py:48] [18800] global_step=18800, grad_norm=0.31319424510002136, loss=1.9941920042037964
I0305 22:21:39.982520 140104660092672 logging_writer.py:48] [18900] global_step=18900, grad_norm=0.4486369788646698, loss=2.1467909812927246
I0305 22:22:15.085098 140104668485376 logging_writer.py:48] [19000] global_step=19000, grad_norm=0.2892748713493347, loss=2.0652151107788086
I0305 22:22:50.225030 140104660092672 logging_writer.py:48] [19100] global_step=19100, grad_norm=0.5204548835754395, loss=2.0934789180755615
I0305 22:23:25.359616 140104668485376 logging_writer.py:48] [19200] global_step=19200, grad_norm=0.6232854723930359, loss=2.0250139236450195
I0305 22:23:30.285811 140248407626944 spec.py:321] Evaluating on the training split.
I0305 22:23:32.893060 140248407626944 workload.py:181] Translating evaluation dataset.
I0305 22:26:37.673217 140248407626944 spec.py:333] Evaluating on the validation split.
I0305 22:26:40.279873 140248407626944 workload.py:181] Translating evaluation dataset.
I0305 22:29:26.721286 140248407626944 spec.py:349] Evaluating on the test split.
I0305 22:29:29.317784 140248407626944 workload.py:181] Translating evaluation dataset.
I0305 22:32:01.017030 140248407626944 submission_runner.py:469] Time since start: 11879.75s, 	Step: 19215, 	{'train/accuracy': 0.6089617609977722, 'train/loss': 1.972785472869873, 'train/bleu': 29.01144004101766, 'validation/accuracy': 0.6204113364219666, 'validation/loss': 1.9081695079803467, 'validation/bleu': 24.698706358958617, 'validation/num_examples': 3000, 'test/accuracy': 0.6271694898605347, 'test/loss': 1.8622543811798096, 'test/bleu': 24.1552987499265, 'test/num_examples': 3003, 'score': 6746.372478961945, 'total_duration': 11879.752734184265, 'accumulated_submission_time': 6746.372478961945, 'accumulated_eval_time': 5132.020322084427, 'accumulated_logging_time': 0.15047740936279297}
I0305 22:32:01.029458 140104660092672 logging_writer.py:48] [19215] accumulated_eval_time=5132.02, accumulated_logging_time=0.150477, accumulated_submission_time=6746.37, global_step=19215, preemption_count=0, score=6746.37, test/accuracy=0.627169, test/bleu=24.1553, test/loss=1.86225, test/num_examples=3003, total_duration=11879.8, train/accuracy=0.608962, train/bleu=29.0114, train/loss=1.97279, validation/accuracy=0.620411, validation/bleu=24.6987, validation/loss=1.90817, validation/num_examples=3000
I0305 22:32:31.193311 140104668485376 logging_writer.py:48] [19300] global_step=19300, grad_norm=0.33707910776138306, loss=2.035160541534424
I0305 22:33:06.275617 140104660092672 logging_writer.py:48] [19400] global_step=19400, grad_norm=0.3653310239315033, loss=2.057474136352539
I0305 22:33:41.404909 140104668485376 logging_writer.py:48] [19500] global_step=19500, grad_norm=0.32451751828193665, loss=2.059410572052002
I0305 22:34:16.521169 140104660092672 logging_writer.py:48] [19600] global_step=19600, grad_norm=0.3046162724494934, loss=2.077486753463745
I0305 22:34:51.663377 140104668485376 logging_writer.py:48] [19700] global_step=19700, grad_norm=0.49334773421287537, loss=2.0070765018463135
I0305 22:35:26.764242 140104660092672 logging_writer.py:48] [19800] global_step=19800, grad_norm=0.34617242217063904, loss=2.0597336292266846
I0305 22:36:01.921353 140104668485376 logging_writer.py:48] [19900] global_step=19900, grad_norm=0.5664016008377075, loss=2.0407164096832275
I0305 22:36:37.067380 140104660092672 logging_writer.py:48] [20000] global_step=20000, grad_norm=0.38625049591064453, loss=1.991054892539978
I0305 22:37:12.197227 140104668485376 logging_writer.py:48] [20100] global_step=20100, grad_norm=0.4594222605228424, loss=1.9906790256500244
I0305 22:37:47.308769 140104660092672 logging_writer.py:48] [20200] global_step=20200, grad_norm=0.6613579988479614, loss=2.0691142082214355
I0305 22:38:22.399453 140104668485376 logging_writer.py:48] [20300] global_step=20300, grad_norm=0.2818280756473541, loss=2.0874013900756836
I0305 22:38:57.562597 140104660092672 logging_writer.py:48] [20400] global_step=20400, grad_norm=0.5530345439910889, loss=2.0881454944610596
