I0306 09:39:04.180667 139708768151296 logging_writer.py:48] [91100] global_step=91100, grad_norm=0.44636744260787964, loss=2.668696880340576
I0306 09:39:38.994777 139708776544000 logging_writer.py:48] [91200] global_step=91200, grad_norm=0.43569403886795044, loss=2.673903226852417
I0306 09:40:13.811914 139708768151296 logging_writer.py:48] [91300] global_step=91300, grad_norm=0.4562171995639801, loss=2.7335448265075684
I0306 09:40:48.658805 139708776544000 logging_writer.py:48] [91400] global_step=91400, grad_norm=0.46345773339271545, loss=2.7658333778381348
I0306 09:41:23.495913 139708768151296 logging_writer.py:48] [91500] global_step=91500, grad_norm=0.44174495339393616, loss=2.6446738243103027
I0306 09:41:58.321482 139708776544000 logging_writer.py:48] [91600] global_step=91600, grad_norm=0.4797208607196808, loss=2.7198452949523926
I0306 09:42:15.032106 139852506842304 spec.py:321] Evaluating on the training split.
I0306 09:42:17.683838 139852506842304 workload.py:181] Translating evaluation dataset.
I0306 09:45:10.720138 139852506842304 spec.py:333] Evaluating on the validation split.
I0306 09:45:13.366623 139852506842304 workload.py:181] Translating evaluation dataset.
I0306 09:47:49.738348 139852506842304 spec.py:349] Evaluating on the test split.
I0306 09:47:52.382470 139852506842304 workload.py:181] Translating evaluation dataset.
I0306 09:50:21.303852 139852506842304 submission_runner.py:469] Time since start: 52584.41s, 	Step: 91649, 	{'train/accuracy': 0.6805351972579956, 'train/loss': 1.5954099893569946, 'train/bleu': 34.06174556810005, 'validation/accuracy': 0.6886510252952576, 'validation/loss': 1.5314713716506958, 'validation/bleu': 30.390031041974947, 'validation/num_examples': 3000, 'test/accuracy': 0.7036148905754089, 'test/loss': 1.4470577239990234, 'test/bleu': 30.427888908006608, 'test/num_examples': 3003, 'score': 31945.44021844864, 'total_duration': 52584.40848445892, 'accumulated_submission_time': 31945.44021844864, 'accumulated_eval_time': 20632.76004385948, 'accumulated_logging_time': 0.8397274017333984}
I0306 09:50:21.324768 139708768151296 logging_writer.py:48] [91649] accumulated_eval_time=20632.8, accumulated_logging_time=0.839727, accumulated_submission_time=31945.4, global_step=91649, preemption_count=0, score=31945.4, test/accuracy=0.703615, test/bleu=30.4279, test/loss=1.44706, test/num_examples=3003, total_duration=52584.4, train/accuracy=0.680535, train/bleu=34.0617, train/loss=1.59541, validation/accuracy=0.688651, validation/bleu=30.39, validation/loss=1.53147, validation/num_examples=3000
I0306 09:50:39.347732 139708776544000 logging_writer.py:48] [91700] global_step=91700, grad_norm=0.4738360643386841, loss=2.7653298377990723
I0306 09:51:14.034153 139708768151296 logging_writer.py:48] [91800] global_step=91800, grad_norm=0.44370198249816895, loss=2.6674811840057373
I0306 09:51:48.805520 139708776544000 logging_writer.py:48] [91900] global_step=91900, grad_norm=0.4587479531764984, loss=2.7382876873016357
I0306 09:52:23.591200 139708768151296 logging_writer.py:48] [92000] global_step=92000, grad_norm=0.4717116355895996, loss=2.7359120845794678
I0306 09:52:58.418860 139708776544000 logging_writer.py:48] [92100] global_step=92100, grad_norm=0.49419328570365906, loss=2.6986520290374756
I0306 09:53:33.225475 139708768151296 logging_writer.py:48] [92200] global_step=92200, grad_norm=0.45968735218048096, loss=2.7681925296783447
I0306 09:54:08.046808 139708776544000 logging_writer.py:48] [92300] global_step=92300, grad_norm=0.49703317880630493, loss=2.685250997543335
I0306 09:54:42.875064 139708768151296 logging_writer.py:48] [92400] global_step=92400, grad_norm=0.47807934880256653, loss=2.636608362197876
I0306 09:55:17.692542 139708776544000 logging_writer.py:48] [92500] global_step=92500, grad_norm=0.46173232793807983, loss=2.6404013633728027
I0306 09:55:52.526266 139708768151296 logging_writer.py:48] [92600] global_step=92600, grad_norm=0.48004084825515747, loss=2.7240824699401855
I0306 09:56:27.372339 139708776544000 logging_writer.py:48] [92700] global_step=92700, grad_norm=0.46670863032341003, loss=2.760655403137207
I0306 09:57:02.199848 139708768151296 logging_writer.py:48] [92800] global_step=92800, grad_norm=0.46870702505111694, loss=2.7376015186309814
I0306 09:57:37.031895 139708776544000 logging_writer.py:48] [92900] global_step=92900, grad_norm=0.5022990703582764, loss=2.726152181625366
I0306 09:58:11.838127 139708768151296 logging_writer.py:48] [93000] global_step=93000, grad_norm=0.47087520360946655, loss=2.7216994762420654
I0306 09:58:46.658585 139708776544000 logging_writer.py:48] [93100] global_step=93100, grad_norm=0.4874950051307678, loss=2.675323724746704
I0306 09:59:21.484616 139708768151296 logging_writer.py:48] [93200] global_step=93200, grad_norm=0.47333183884620667, loss=2.697547435760498
I0306 09:59:56.321700 139708776544000 logging_writer.py:48] [93300] global_step=93300, grad_norm=0.4871755540370941, loss=2.7361066341400146
I0306 10:00:31.166315 139708768151296 logging_writer.py:48] [93400] global_step=93400, grad_norm=0.46519356966018677, loss=2.742091178894043
I0306 10:01:05.988546 139708776544000 logging_writer.py:48] [93500] global_step=93500, grad_norm=1.0450657606124878, loss=2.601266384124756
I0306 10:01:40.818577 139708768151296 logging_writer.py:48] [93600] global_step=93600, grad_norm=0.4750041663646698, loss=2.7479522228240967
I0306 10:02:15.664803 139708776544000 logging_writer.py:48] [93700] global_step=93700, grad_norm=0.47498610615730286, loss=2.700878143310547
I0306 10:02:50.479980 139708768151296 logging_writer.py:48] [93800] global_step=93800, grad_norm=0.47010868787765503, loss=2.6678919792175293
I0306 10:03:25.310014 139708776544000 logging_writer.py:48] [93900] global_step=93900, grad_norm=0.4698738157749176, loss=2.7315878868103027
I0306 10:04:00.126826 139708768151296 logging_writer.py:48] [94000] global_step=94000, grad_norm=0.45912352204322815, loss=2.7006068229675293
I0306 10:04:21.382650 139852506842304 spec.py:321] Evaluating on the training split.
I0306 10:04:24.040819 139852506842304 workload.py:181] Translating evaluation dataset.
I0306 10:07:23.374346 139852506842304 spec.py:333] Evaluating on the validation split.
I0306 10:07:26.013964 139852506842304 workload.py:181] Translating evaluation dataset.
I0306 10:10:00.405623 139852506842304 spec.py:349] Evaluating on the test split.
I0306 10:10:03.052293 139852506842304 workload.py:181] Translating evaluation dataset.
I0306 10:12:31.158429 139852506842304 submission_runner.py:469] Time since start: 53914.26s, 	Step: 94062, 	{'train/accuracy': 0.6818845868110657, 'train/loss': 1.589035153388977, 'train/bleu': 33.87692341164172, 'validation/accuracy': 0.6899241209030151, 'validation/loss': 1.5212359428405762, 'validation/bleu': 30.746544761793338, 'validation/num_examples': 3000, 'test/accuracy': 0.7048546075820923, 'test/loss': 1.4391686916351318, 'test/bleu': 30.68938342621374, 'test/num_examples': 3003, 'score': 32785.350706100464, 'total_duration': 53914.26307940483, 'accumulated_submission_time': 32785.350706100464, 'accumulated_eval_time': 21122.535757303238, 'accumulated_logging_time': 0.8692505359649658}
I0306 10:12:31.177197 139708776544000 logging_writer.py:48] [94062] accumulated_eval_time=21122.5, accumulated_logging_time=0.869251, accumulated_submission_time=32785.4, global_step=94062, preemption_count=0, score=32785.4, test/accuracy=0.704855, test/bleu=30.6894, test/loss=1.43917, test/num_examples=3003, total_duration=53914.3, train/accuracy=0.681885, train/bleu=33.8769, train/loss=1.58904, validation/accuracy=0.689924, validation/bleu=30.7465, validation/loss=1.52124, validation/num_examples=3000
I0306 10:12:44.700250 139708768151296 logging_writer.py:48] [94100] global_step=94100, grad_norm=0.4752349555492401, loss=2.7216122150421143
I0306 10:13:19.388968 139708776544000 logging_writer.py:48] [94200] global_step=94200, grad_norm=0.487251877784729, loss=2.687962293624878
I0306 10:13:54.154722 139708768151296 logging_writer.py:48] [94300] global_step=94300, grad_norm=0.4917183816432953, loss=2.749579668045044
I0306 10:14:28.971428 139708776544000 logging_writer.py:48] [94400] global_step=94400, grad_norm=0.4795641303062439, loss=2.7549943923950195
I0306 10:15:03.791067 139708768151296 logging_writer.py:48] [94500] global_step=94500, grad_norm=0.4700489938259125, loss=2.700265407562256
I0306 10:15:38.600332 139708776544000 logging_writer.py:48] [94600] global_step=94600, grad_norm=0.4828689992427826, loss=2.7455391883850098
I0306 10:16:13.426042 139708768151296 logging_writer.py:48] [94700] global_step=94700, grad_norm=0.5104812383651733, loss=2.7399799823760986
I0306 10:16:48.222832 139708776544000 logging_writer.py:48] [94800] global_step=94800, grad_norm=0.4756414294242859, loss=2.7089734077453613
I0306 10:17:23.053006 139708768151296 logging_writer.py:48] [94900] global_step=94900, grad_norm=0.4867359697818756, loss=2.6288225650787354
I0306 10:17:57.876338 139708776544000 logging_writer.py:48] [95000] global_step=95000, grad_norm=0.48041030764579773, loss=2.6488993167877197
I0306 10:18:32.737374 139708768151296 logging_writer.py:48] [95100] global_step=95100, grad_norm=0.46420004963874817, loss=2.7885396480560303
I0306 10:19:07.575484 139708776544000 logging_writer.py:48] [95200] global_step=95200, grad_norm=0.5003296732902527, loss=2.657334327697754
I0306 10:19:42.418664 139708768151296 logging_writer.py:48] [95300] global_step=95300, grad_norm=0.47505298256874084, loss=2.7196993827819824
I0306 10:20:17.255195 139708776544000 logging_writer.py:48] [95400] global_step=95400, grad_norm=0.4894874095916748, loss=2.6886465549468994
I0306 10:20:52.094883 139708768151296 logging_writer.py:48] [95500] global_step=95500, grad_norm=0.4872245788574219, loss=2.68790602684021
I0306 10:21:26.930654 139708776544000 logging_writer.py:48] [95600] global_step=95600, grad_norm=0.49410954117774963, loss=2.682741403579712
I0306 10:22:01.743489 139708768151296 logging_writer.py:48] [95700] global_step=95700, grad_norm=0.48980095982551575, loss=2.654630661010742
I0306 10:22:36.582790 139708776544000 logging_writer.py:48] [95800] global_step=95800, grad_norm=0.48236867785453796, loss=2.6374831199645996
I0306 10:23:11.389761 139708768151296 logging_writer.py:48] [95900] global_step=95900, grad_norm=0.5019971132278442, loss=2.689174175262451
I0306 10:23:46.218486 139708776544000 logging_writer.py:48] [96000] global_step=96000, grad_norm=0.48713213205337524, loss=2.6676433086395264
I0306 10:24:21.040700 139708768151296 logging_writer.py:48] [96100] global_step=96100, grad_norm=0.500723123550415, loss=2.6048080921173096
I0306 10:24:55.905886 139708776544000 logging_writer.py:48] [96200] global_step=96200, grad_norm=0.481266587972641, loss=2.677567720413208
I0306 10:25:30.856804 139708768151296 logging_writer.py:48] [96300] global_step=96300, grad_norm=0.4811565577983856, loss=2.7098543643951416
I0306 10:26:05.730451 139708776544000 logging_writer.py:48] [96400] global_step=96400, grad_norm=0.5129779577255249, loss=2.676802396774292
I0306 10:26:31.502744 139852506842304 spec.py:321] Evaluating on the training split.
I0306 10:26:34.147844 139852506842304 workload.py:181] Translating evaluation dataset.
I0306 10:29:53.025172 139852506842304 spec.py:333] Evaluating on the validation split.
I0306 10:29:55.664212 139852506842304 workload.py:181] Translating evaluation dataset.
I0306 10:32:28.113802 139852506842304 spec.py:349] Evaluating on the test split.
I0306 10:32:30.765769 139852506842304 workload.py:181] Translating evaluation dataset.
I0306 10:35:11.837109 139852506842304 submission_runner.py:469] Time since start: 55274.94s, 	Step: 96475, 	{'train/accuracy': 0.688685953617096, 'train/loss': 1.5498021841049194, 'train/bleu': 34.59552767526004, 'validation/accuracy': 0.6897263526916504, 'validation/loss': 1.5207273960113525, 'validation/bleu': 30.196592470561175, 'validation/num_examples': 3000, 'test/accuracy': 0.703649640083313, 'test/loss': 1.4389573335647583, 'test/bleu': 30.592569004955397, 'test/num_examples': 3003, 'score': 33625.52310419083, 'total_duration': 55274.94172143936, 'accumulated_submission_time': 33625.52310419083, 'accumulated_eval_time': 21642.870022773743, 'accumulated_logging_time': 0.897902250289917}
I0306 10:35:11.858330 139708768151296 logging_writer.py:48] [96475] accumulated_eval_time=21642.9, accumulated_logging_time=0.897902, accumulated_submission_time=33625.5, global_step=96475, preemption_count=0, score=33625.5, test/accuracy=0.70365, test/bleu=30.5926, test/loss=1.43896, test/num_examples=3003, total_duration=55274.9, train/accuracy=0.688686, train/bleu=34.5955, train/loss=1.5498, validation/accuracy=0.689726, validation/bleu=30.1966, validation/loss=1.52073, validation/num_examples=3000
I0306 10:35:20.877014 139708776544000 logging_writer.py:48] [96500] global_step=96500, grad_norm=0.5150019526481628, loss=2.6717443466186523
I0306 10:35:55.587291 139708768151296 logging_writer.py:48] [96600] global_step=96600, grad_norm=0.5090110301971436, loss=2.743206739425659
I0306 10:36:30.368029 139708776544000 logging_writer.py:48] [96700] global_step=96700, grad_norm=0.495756596326828, loss=2.6773641109466553
I0306 10:37:05.177739 139708768151296 logging_writer.py:48] [96800] global_step=96800, grad_norm=0.5285532474517822, loss=2.704892635345459
I0306 10:37:39.979229 139708776544000 logging_writer.py:48] [96900] global_step=96900, grad_norm=0.5148031115531921, loss=2.659411668777466
I0306 10:38:14.808542 139708768151296 logging_writer.py:48] [97000] global_step=97000, grad_norm=0.5172581076622009, loss=2.6977756023406982
I0306 10:38:49.658667 139708776544000 logging_writer.py:48] [97100] global_step=97100, grad_norm=0.5132367014884949, loss=2.636265754699707
I0306 10:39:24.468546 139708768151296 logging_writer.py:48] [97200] global_step=97200, grad_norm=0.5067253708839417, loss=2.6733670234680176
I0306 10:39:59.314120 139708776544000 logging_writer.py:48] [97300] global_step=97300, grad_norm=0.5420856475830078, loss=2.722853660583496
I0306 10:40:34.149982 139708768151296 logging_writer.py:48] [97400] global_step=97400, grad_norm=0.5096868276596069, loss=2.7522637844085693
I0306 10:41:08.979722 139708776544000 logging_writer.py:48] [97500] global_step=97500, grad_norm=0.5231978893280029, loss=2.6477303504943848
I0306 10:41:43.785130 139708768151296 logging_writer.py:48] [97600] global_step=97600, grad_norm=0.5275887250900269, loss=2.756575345993042
I0306 10:42:18.626673 139708776544000 logging_writer.py:48] [97700] global_step=97700, grad_norm=0.5214325785636902, loss=2.675969123840332
I0306 10:42:53.458407 139708768151296 logging_writer.py:48] [97800] global_step=97800, grad_norm=0.5074036717414856, loss=2.6934635639190674
I0306 10:43:28.290489 139708776544000 logging_writer.py:48] [97900] global_step=97900, grad_norm=0.5157877206802368, loss=2.644268274307251
I0306 10:44:03.088597 139708768151296 logging_writer.py:48] [98000] global_step=98000, grad_norm=0.5316381454467773, loss=2.6966958045959473
I0306 10:44:37.912711 139708776544000 logging_writer.py:48] [98100] global_step=98100, grad_norm=0.5045790076255798, loss=2.6538898944854736
I0306 10:45:12.728260 139708768151296 logging_writer.py:48] [98200] global_step=98200, grad_norm=0.5406539440155029, loss=2.629262685775757
I0306 10:45:47.551604 139708776544000 logging_writer.py:48] [98300] global_step=98300, grad_norm=0.5134485363960266, loss=2.641439437866211
I0306 10:46:22.438729 139708768151296 logging_writer.py:48] [98400] global_step=98400, grad_norm=0.4998661279678345, loss=2.58797287940979
I0306 10:46:57.258702 139708776544000 logging_writer.py:48] [98500] global_step=98500, grad_norm=0.5050820708274841, loss=2.6389760971069336
I0306 10:47:32.084801 139708768151296 logging_writer.py:48] [98600] global_step=98600, grad_norm=0.5126727819442749, loss=2.657438278198242
I0306 10:48:06.919489 139708776544000 logging_writer.py:48] [98700] global_step=98700, grad_norm=0.5187334418296814, loss=2.694380521774292
I0306 10:48:41.749819 139708768151296 logging_writer.py:48] [98800] global_step=98800, grad_norm=0.521299421787262, loss=2.6022934913635254
I0306 10:49:12.046853 139852506842304 spec.py:321] Evaluating on the training split.
I0306 10:49:14.707790 139852506842304 workload.py:181] Translating evaluation dataset.
I0306 10:52:47.650870 139852506842304 spec.py:333] Evaluating on the validation split.
I0306 10:52:50.277125 139852506842304 workload.py:181] Translating evaluation dataset.
I0306 10:55:35.526168 139852506842304 spec.py:349] Evaluating on the test split.
I0306 10:55:38.159791 139852506842304 workload.py:181] Translating evaluation dataset.
I0306 10:58:19.398658 139852506842304 submission_runner.py:469] Time since start: 56662.50s, 	Step: 98888, 	{'train/accuracy': 0.6855859756469727, 'train/loss': 1.570130705833435, 'train/bleu': 34.784487084954826, 'validation/accuracy': 0.6906657218933105, 'validation/loss': 1.512605905532837, 'validation/bleu': 30.67338966187723, 'validation/num_examples': 3000, 'test/accuracy': 0.7056192755699158, 'test/loss': 1.4315801858901978, 'test/bleu': 30.89607037139512, 'test/num_examples': 3003, 'score': 34465.56069326401, 'total_duration': 56662.50332283974, 'accumulated_submission_time': 34465.56069326401, 'accumulated_eval_time': 22190.221782445908, 'accumulated_logging_time': 0.9279346466064453}
I0306 10:58:19.417589 139708776544000 logging_writer.py:48] [98888] accumulated_eval_time=22190.2, accumulated_logging_time=0.927935, accumulated_submission_time=34465.6, global_step=98888, preemption_count=0, score=34465.6, test/accuracy=0.705619, test/bleu=30.8961, test/loss=1.43158, test/num_examples=3003, total_duration=56662.5, train/accuracy=0.685586, train/bleu=34.7845, train/loss=1.57013, validation/accuracy=0.690666, validation/bleu=30.6734, validation/loss=1.51261, validation/num_examples=3000
I0306 10:58:23.901146 139708768151296 logging_writer.py:48] [98900] global_step=98900, grad_norm=0.5203046798706055, loss=2.660621166229248
I0306 10:58:58.552239 139708776544000 logging_writer.py:48] [99000] global_step=99000, grad_norm=0.5197851657867432, loss=2.6270833015441895
I0306 10:59:33.314184 139708768151296 logging_writer.py:48] [99100] global_step=99100, grad_norm=0.5305691361427307, loss=2.568598985671997
I0306 11:00:08.093887 139708776544000 logging_writer.py:48] [99200] global_step=99200, grad_norm=0.5389984846115112, loss=2.6708028316497803
I0306 11:00:42.921900 139708768151296 logging_writer.py:48] [99300] global_step=99300, grad_norm=0.518045961856842, loss=2.670492172241211
I0306 11:01:17.744826 139708776544000 logging_writer.py:48] [99400] global_step=99400, grad_norm=0.5329251885414124, loss=2.750368595123291
I0306 11:01:52.564049 139708768151296 logging_writer.py:48] [99500] global_step=99500, grad_norm=0.5690666437149048, loss=2.763805389404297
I0306 11:02:27.391917 139708776544000 logging_writer.py:48] [99600] global_step=99600, grad_norm=0.579816460609436, loss=2.7271177768707275
I0306 11:03:02.210518 139708768151296 logging_writer.py:48] [99700] global_step=99700, grad_norm=0.5052688717842102, loss=2.629286050796509
I0306 11:03:37.030821 139708776544000 logging_writer.py:48] [99800] global_step=99800, grad_norm=0.5304633975028992, loss=2.595947265625
I0306 11:04:11.885027 139708768151296 logging_writer.py:48] [99900] global_step=99900, grad_norm=0.5404717922210693, loss=2.6722638607025146
I0306 11:04:46.687155 139708776544000 logging_writer.py:48] [100000] global_step=100000, grad_norm=0.5249759554862976, loss=2.6764025688171387
I0306 11:05:21.488558 139708768151296 logging_writer.py:48] [100100] global_step=100100, grad_norm=0.5436956882476807, loss=2.7348392009735107
I0306 11:05:56.325962 139708776544000 logging_writer.py:48] [100200] global_step=100200, grad_norm=0.5324360728263855, loss=2.630760669708252
I0306 11:06:31.159837 139708768151296 logging_writer.py:48] [100300] global_step=100300, grad_norm=0.5498784184455872, loss=2.59659481048584
I0306 11:07:05.931565 139708776544000 logging_writer.py:48] [100400] global_step=100400, grad_norm=0.5259018540382385, loss=2.5925726890563965
I0306 11:07:40.691727 139708768151296 logging_writer.py:48] [100500] global_step=100500, grad_norm=0.5575202107429504, loss=2.654277801513672
I0306 11:08:15.436619 139708776544000 logging_writer.py:48] [100600] global_step=100600, grad_norm=0.5773035287857056, loss=2.6316981315612793
I0306 11:08:50.185365 139708768151296 logging_writer.py:48] [100700] global_step=100700, grad_norm=0.5648401975631714, loss=2.606600761413574
I0306 11:09:24.933625 139708776544000 logging_writer.py:48] [100800] global_step=100800, grad_norm=0.5503460168838501, loss=2.645045518875122
I0306 11:09:59.689330 139708768151296 logging_writer.py:48] [100900] global_step=100900, grad_norm=0.5354205369949341, loss=2.6242339611053467
I0306 11:10:34.423101 139708776544000 logging_writer.py:48] [101000] global_step=101000, grad_norm=0.5909941792488098, loss=2.6774961948394775
I0306 11:11:09.170161 139708768151296 logging_writer.py:48] [101100] global_step=101100, grad_norm=0.5290181040763855, loss=2.6470842361450195
I0306 11:11:43.903018 139708776544000 logging_writer.py:48] [101200] global_step=101200, grad_norm=0.5811224579811096, loss=2.6780552864074707
I0306 11:12:18.639411 139708768151296 logging_writer.py:48] [101300] global_step=101300, grad_norm=0.5270664095878601, loss=2.5997323989868164
I0306 11:12:19.695554 139852506842304 spec.py:321] Evaluating on the training split.
I0306 11:12:22.344460 139852506842304 workload.py:181] Translating evaluation dataset.
I0306 11:15:41.810493 139852506842304 spec.py:333] Evaluating on the validation split.
I0306 11:15:44.454808 139852506842304 workload.py:181] Translating evaluation dataset.
I0306 11:18:27.311469 139852506842304 spec.py:349] Evaluating on the test split.
I0306 11:18:29.945812 139852506842304 workload.py:181] Translating evaluation dataset.
I0306 11:21:00.807546 139852506842304 submission_runner.py:469] Time since start: 58023.91s, 	Step: 101304, 	{'train/accuracy': 0.7007566094398499, 'train/loss': 1.4874826669692993, 'train/bleu': 36.06102217404117, 'validation/accuracy': 0.6931253671646118, 'validation/loss': 1.5058908462524414, 'validation/bleu': 30.69361796346096, 'validation/num_examples': 3000, 'test/accuracy': 0.7080639600753784, 'test/loss': 1.4224376678466797, 'test/bleu': 30.92272888077162, 'test/num_examples': 3003, 'score': 35305.692708969116, 'total_duration': 58023.91221046448, 'accumulated_submission_time': 35305.692708969116, 'accumulated_eval_time': 22711.333723783493, 'accumulated_logging_time': 0.9560112953186035}
I0306 11:21:00.826919 139708776544000 logging_writer.py:48] [101304] accumulated_eval_time=22711.3, accumulated_logging_time=0.956011, accumulated_submission_time=35305.7, global_step=101304, preemption_count=0, score=35305.7, test/accuracy=0.708064, test/bleu=30.9227, test/loss=1.42244, test/num_examples=3003, total_duration=58023.9, train/accuracy=0.700757, train/bleu=36.061, train/loss=1.48748, validation/accuracy=0.693125, validation/bleu=30.6936, validation/loss=1.50589, validation/num_examples=3000
I0306 11:21:34.383979 139708768151296 logging_writer.py:48] [101400] global_step=101400, grad_norm=0.5502636432647705, loss=2.66359281539917
I0306 11:22:09.085396 139708776544000 logging_writer.py:48] [101500] global_step=101500, grad_norm=0.5338436365127563, loss=2.6934359073638916
I0306 11:22:43.789345 139708768151296 logging_writer.py:48] [101600] global_step=101600, grad_norm=0.5863165855407715, loss=2.689337968826294
I0306 11:23:18.531335 139708776544000 logging_writer.py:48] [101700] global_step=101700, grad_norm=0.5770448446273804, loss=2.654346227645874
I0306 11:23:53.284159 139708768151296 logging_writer.py:48] [101800] global_step=101800, grad_norm=0.5492189526557922, loss=2.661147356033325
I0306 11:24:28.023759 139708776544000 logging_writer.py:48] [101900] global_step=101900, grad_norm=0.5746826529502869, loss=2.631175994873047
I0306 11:25:02.762357 139708768151296 logging_writer.py:48] [102000] global_step=102000, grad_norm=0.5483940243721008, loss=2.7354536056518555
I0306 11:25:37.518142 139708776544000 logging_writer.py:48] [102100] global_step=102100, grad_norm=0.5463685989379883, loss=2.6874454021453857
I0306 11:26:12.262278 139708768151296 logging_writer.py:48] [102200] global_step=102200, grad_norm=0.5818182826042175, loss=2.639808177947998
I0306 11:26:46.983883 139708776544000 logging_writer.py:48] [102300] global_step=102300, grad_norm=0.5743618607521057, loss=2.679719924926758
I0306 11:27:21.734863 139708768151296 logging_writer.py:48] [102400] global_step=102400, grad_norm=0.5667271614074707, loss=2.6727547645568848
I0306 11:27:56.494864 139708776544000 logging_writer.py:48] [102500] global_step=102500, grad_norm=0.5536430478096008, loss=2.5932259559631348
I0306 11:28:31.242021 139708768151296 logging_writer.py:48] [102600] global_step=102600, grad_norm=0.5567597150802612, loss=2.643343687057495
I0306 11:29:05.977607 139708776544000 logging_writer.py:48] [102700] global_step=102700, grad_norm=0.5599417090415955, loss=2.6506006717681885
I0306 11:29:40.744016 139708768151296 logging_writer.py:48] [102800] global_step=102800, grad_norm=0.591414213180542, loss=2.6474947929382324
I0306 11:30:15.494109 139708776544000 logging_writer.py:48] [102900] global_step=102900, grad_norm=0.5582817792892456, loss=2.6770477294921875
I0306 11:30:50.229518 139708768151296 logging_writer.py:48] [103000] global_step=103000, grad_norm=0.582200825214386, loss=2.7273175716400146
I0306 11:31:24.990074 139708776544000 logging_writer.py:48] [103100] global_step=103100, grad_norm=0.5551080703735352, loss=2.62601375579834
I0306 11:31:59.734882 139708768151296 logging_writer.py:48] [103200] global_step=103200, grad_norm=0.5812883377075195, loss=2.6338911056518555
I0306 11:32:34.468097 139708776544000 logging_writer.py:48] [103300] global_step=103300, grad_norm=0.6133714914321899, loss=2.6076223850250244
I0306 11:33:09.197667 139708768151296 logging_writer.py:48] [103400] global_step=103400, grad_norm=0.5480564832687378, loss=2.6271860599517822
I0306 11:33:43.930557 139708776544000 logging_writer.py:48] [103500] global_step=103500, grad_norm=0.5811177492141724, loss=2.6879079341888428
I0306 11:34:18.688093 139708768151296 logging_writer.py:48] [103600] global_step=103600, grad_norm=0.5815076231956482, loss=2.6917481422424316
I0306 11:34:53.453402 139708776544000 logging_writer.py:48] [103700] global_step=103700, grad_norm=0.6068824529647827, loss=2.6716690063476562
I0306 11:35:01.087494 139852506842304 spec.py:321] Evaluating on the training split.
I0306 11:35:03.741419 139852506842304 workload.py:181] Translating evaluation dataset.
I0306 11:38:42.558146 139852506842304 spec.py:333] Evaluating on the validation split.
I0306 11:38:45.201979 139852506842304 workload.py:181] Translating evaluation dataset.
I0306 11:41:31.162663 139852506842304 spec.py:349] Evaluating on the test split.
I0306 11:41:33.797642 139852506842304 workload.py:181] Translating evaluation dataset.
I0306 11:43:59.113019 139852506842304 submission_runner.py:469] Time since start: 59402.22s, 	Step: 103723, 	{'train/accuracy': 0.6987356543540955, 'train/loss': 1.4958245754241943, 'train/bleu': 35.160060051405345, 'validation/accuracy': 0.6947197914123535, 'validation/loss': 1.5008476972579956, 'validation/bleu': 30.791894049455433, 'validation/num_examples': 3000, 'test/accuracy': 0.7088981866836548, 'test/loss': 1.4161386489868164, 'test/bleu': 31.152641072411846, 'test/num_examples': 3003, 'score': 36145.80793952942, 'total_duration': 59402.21764707565, 'accumulated_submission_time': 36145.80793952942, 'accumulated_eval_time': 23249.359160900116, 'accumulated_logging_time': 0.9842977523803711}
I0306 11:43:59.135150 139708768151296 logging_writer.py:48] [103723] accumulated_eval_time=23249.4, accumulated_logging_time=0.984298, accumulated_submission_time=36145.8, global_step=103723, preemption_count=0, score=36145.8, test/accuracy=0.708898, test/bleu=31.1526, test/loss=1.41614, test/num_examples=3003, total_duration=59402.2, train/accuracy=0.698736, train/bleu=35.1601, train/loss=1.49582, validation/accuracy=0.69472, validation/bleu=30.7919, validation/loss=1.50085, validation/num_examples=3000
I0306 11:44:26.097794 139708776544000 logging_writer.py:48] [103800] global_step=103800, grad_norm=0.6112990975379944, loss=2.7427432537078857
I0306 11:45:00.792036 139708768151296 logging_writer.py:48] [103900] global_step=103900, grad_norm=0.5915130376815796, loss=2.6474552154541016
I0306 11:45:35.494656 139708776544000 logging_writer.py:48] [104000] global_step=104000, grad_norm=0.5896910429000854, loss=2.6624338626861572
I0306 11:46:10.219695 139708768151296 logging_writer.py:48] [104100] global_step=104100, grad_norm=0.5748299360275269, loss=2.657261371612549
I0306 11:46:44.955723 139708776544000 logging_writer.py:48] [104200] global_step=104200, grad_norm=0.5982386469841003, loss=2.6358892917633057
I0306 11:47:19.694391 139708768151296 logging_writer.py:48] [104300] global_step=104300, grad_norm=0.6197093725204468, loss=2.6228280067443848
I0306 11:47:54.425885 139708776544000 logging_writer.py:48] [104400] global_step=104400, grad_norm=0.6141263246536255, loss=2.6086137294769287
I0306 11:48:29.160368 139708768151296 logging_writer.py:48] [104500] global_step=104500, grad_norm=0.597660481929779, loss=2.6967713832855225
I0306 11:49:03.896190 139708776544000 logging_writer.py:48] [104600] global_step=104600, grad_norm=0.5843870639801025, loss=2.596794605255127
I0306 11:49:38.606688 139708768151296 logging_writer.py:48] [104700] global_step=104700, grad_norm=0.6190032958984375, loss=2.645235776901245
I0306 11:50:13.349514 139708776544000 logging_writer.py:48] [104800] global_step=104800, grad_norm=0.5674382448196411, loss=2.6574959754943848
I0306 11:50:48.079663 139708768151296 logging_writer.py:48] [104900] global_step=104900, grad_norm=0.5637333393096924, loss=2.5689697265625
I0306 11:51:22.794621 139708776544000 logging_writer.py:48] [105000] global_step=105000, grad_norm=0.5802536010742188, loss=2.5915565490722656
I0306 11:51:57.547845 139708768151296 logging_writer.py:48] [105100] global_step=105100, grad_norm=0.5875579714775085, loss=2.572326183319092
I0306 11:52:32.292600 139708776544000 logging_writer.py:48] [105200] global_step=105200, grad_norm=0.603705883026123, loss=2.6200027465820312
I0306 11:53:07.013875 139708768151296 logging_writer.py:48] [105300] global_step=105300, grad_norm=0.6033619046211243, loss=2.6638643741607666
I0306 11:53:41.745798 139708776544000 logging_writer.py:48] [105400] global_step=105400, grad_norm=0.5854952335357666, loss=2.6065635681152344
I0306 11:54:16.497652 139708768151296 logging_writer.py:48] [105500] global_step=105500, grad_norm=0.5990486741065979, loss=2.653651237487793
I0306 11:54:51.242566 139708776544000 logging_writer.py:48] [105600] global_step=105600, grad_norm=0.5760824084281921, loss=2.5752193927764893
I0306 11:55:25.981399 139708768151296 logging_writer.py:48] [105700] global_step=105700, grad_norm=0.5905922055244446, loss=2.6251139640808105
I0306 11:56:00.715531 139708776544000 logging_writer.py:48] [105800] global_step=105800, grad_norm=0.5803797245025635, loss=2.574500799179077
I0306 11:56:35.467413 139708768151296 logging_writer.py:48] [105900] global_step=105900, grad_norm=0.5914109349250793, loss=2.6648993492126465
I0306 11:57:10.203624 139708776544000 logging_writer.py:48] [106000] global_step=106000, grad_norm=0.5912556648254395, loss=2.6672892570495605
I0306 11:57:44.949380 139708768151296 logging_writer.py:48] [106100] global_step=106100, grad_norm=0.6022276878356934, loss=2.5933244228363037
I0306 11:57:59.199251 139852506842304 spec.py:321] Evaluating on the training split.
I0306 11:58:01.856709 139852506842304 workload.py:181] Translating evaluation dataset.
I0306 12:01:14.681824 139852506842304 spec.py:333] Evaluating on the validation split.
I0306 12:01:17.326151 139852506842304 workload.py:181] Translating evaluation dataset.
I0306 12:03:49.247843 139852506842304 spec.py:349] Evaluating on the test split.
I0306 12:03:51.888793 139852506842304 workload.py:181] Translating evaluation dataset.
I0306 12:06:11.704923 139852506842304 submission_runner.py:469] Time since start: 60734.81s, 	Step: 106142, 	{'train/accuracy': 0.6960100531578064, 'train/loss': 1.511432409286499, 'train/bleu': 35.66017449228269, 'validation/accuracy': 0.6939411163330078, 'validation/loss': 1.4963687658309937, 'validation/bleu': 30.933116003000794, 'validation/num_examples': 3000, 'test/accuracy': 0.7096049189567566, 'test/loss': 1.413786768913269, 'test/bleu': 31.19889851098314, 'test/num_examples': 3003, 'score': 36985.72701525688, 'total_duration': 60734.80958008766, 'accumulated_submission_time': 36985.72701525688, 'accumulated_eval_time': 23741.86478495598, 'accumulated_logging_time': 1.0150835514068604}
I0306 12:06:11.724836 139708776544000 logging_writer.py:48] [106142] accumulated_eval_time=23741.9, accumulated_logging_time=1.01508, accumulated_submission_time=36985.7, global_step=106142, preemption_count=0, score=36985.7, test/accuracy=0.709605, test/bleu=31.1989, test/loss=1.41379, test/num_examples=3003, total_duration=60734.8, train/accuracy=0.69601, train/bleu=35.6602, train/loss=1.51143, validation/accuracy=0.693941, validation/bleu=30.9331, validation/loss=1.49637, validation/num_examples=3000
I0306 12:06:11.745511 139708768151296 logging_writer.py:48] [106142] global_step=106142, preemption_count=0, score=36985.7
I0306 12:06:11.773283 139852506842304 submission_runner.py:646] Tuning trial 1/5
I0306 12:06:11.773463 139852506842304 submission_runner.py:647] Hyperparameters: Hyperparameters(dropout_rate=0.0, label_smoothing=0.1, learning_rate=0.001308209823469072, one_minus_beta1=0.02686663061, beta2=0.9981232922116359, weight_decay=0.16375311233774334, warmup_factor=0.1)
