torchrun --redirects 1:0,2:0,3:0 --standalone --nnodes=1 --nproc_per_node=4 submission_runner.py --framework=pytorch --workload=ogbg --submission_path=submissions_algorithms/submissions/self_tuning/ademamix_golden/submission.py --data_dir=/data/ogbg --experiment_dir=/experiment_runs --experiment_name=submissions_a100/ademamix_golden/study_2 --overwrite=True --save_checkpoints=False --rng_seed=-777571328 --torch_compile=true --tuning_ruleset=self 2>&1 | tee -a /logs/ogbg_pytorch_09-15-2026-07-17-58.log
W0915 07:18:27.131000 9 site-packages/torch/distributed/run.py:803] 
W0915 07:18:27.131000 9 site-packages/torch/distributed/run.py:803] *****************************************
W0915 07:18:27.131000 9 site-packages/torch/distributed/run.py:803] Setting OMP_NUM_THREADS environment variable for each process to be 1 in default, to avoid your system being overloaded, please further tune the variable for optimal performance in your application as needed. 
W0915 07:18:27.131000 9 site-packages/torch/distributed/run.py:803] *****************************************
2026-09-15 07:18:42.778574: E external/local_xla/xla/stream_executor/cuda/cuda_fft.cc:467] Unable to register cuFFT factory: Attempting to register factory for plugin cuFFT when one has already been registered
2026-09-15 07:18:42.778574: E external/local_xla/xla/stream_executor/cuda/cuda_fft.cc:467] Unable to register cuFFT factory: Attempting to register factory for plugin cuFFT when one has already been registered
2026-09-15 07:18:42.778574: E external/local_xla/xla/stream_executor/cuda/cuda_fft.cc:467] Unable to register cuFFT factory: Attempting to register factory for plugin cuFFT when one has already been registered
2026-09-15 07:18:42.778575: E external/local_xla/xla/stream_executor/cuda/cuda_fft.cc:467] Unable to register cuFFT factory: Attempting to register factory for plugin cuFFT when one has already been registered
WARNING: All log messages before absl::InitializeLog() is called are written to STDERR
WARNING: All log messages before absl::InitializeLog() is called are written to STDERR
WARNING: All log messages before absl::InitializeLog() is called are written to STDERR
E0000 00:00:1789456723.373839      38 cuda_dnn.cc:8579] Unable to register cuDNN factory: Attempting to register factory for plugin cuDNN when one has already been registered
E0000 00:00:1789456723.373843      41 cuda_dnn.cc:8579] Unable to register cuDNN factory: Attempting to register factory for plugin cuDNN when one has already been registered
E0000 00:00:1789456723.373839      40 cuda_dnn.cc:8579] Unable to register cuDNN factory: Attempting to register factory for plugin cuDNN when one has already been registered
WARNING: All log messages before absl::InitializeLog() is called are written to STDERR
E0000 00:00:1789456723.373842      39 cuda_dnn.cc:8579] Unable to register cuDNN factory: Attempting to register factory for plugin cuDNN when one has already been registered
E0000 00:00:1789456723.515608      38 cuda_blas.cc:1407] Unable to register cuBLAS factory: Attempting to register factory for plugin cuBLAS when one has already been registered
E0000 00:00:1789456723.515614      39 cuda_blas.cc:1407] Unable to register cuBLAS factory: Attempting to register factory for plugin cuBLAS when one has already been registered
E0000 00:00:1789456723.515621      40 cuda_blas.cc:1407] Unable to register cuBLAS factory: Attempting to register factory for plugin cuBLAS when one has already been registered
E0000 00:00:1789456723.515629      41 cuda_blas.cc:1407] Unable to register cuBLAS factory: Attempting to register factory for plugin cuBLAS when one has already been registered
W0000 00:00:1789456725.013904      38 computation_placer.cc:177] computation placer already registered. Please check linkage and avoid linking the same target more than once.
W0000 00:00:1789456725.013905      39 computation_placer.cc:177] computation placer already registered. Please check linkage and avoid linking the same target more than once.
W0000 00:00:1789456725.013905      40 computation_placer.cc:177] computation placer already registered. Please check linkage and avoid linking the same target more than once.
W0000 00:00:1789456725.013907      41 computation_placer.cc:177] computation placer already registered. Please check linkage and avoid linking the same target more than once.
W0000 00:00:1789456725.013944      41 computation_placer.cc:177] computation placer already registered. Please check linkage and avoid linking the same target more than once.
W0000 00:00:1789456725.013944      40 computation_placer.cc:177] computation placer already registered. Please check linkage and avoid linking the same target more than once.
W0000 00:00:1789456725.013947      41 computation_placer.cc:177] computation placer already registered. Please check linkage and avoid linking the same target more than once.
W0000 00:00:1789456725.013947      39 computation_placer.cc:177] computation placer already registered. Please check linkage and avoid linking the same target more than once.
W0000 00:00:1789456725.013948      40 computation_placer.cc:177] computation placer already registered. Please check linkage and avoid linking the same target more than once.
W0000 00:00:1789456725.013949      41 computation_placer.cc:177] computation placer already registered. Please check linkage and avoid linking the same target more than once.
W0000 00:00:1789456725.013949      38 computation_placer.cc:177] computation placer already registered. Please check linkage and avoid linking the same target more than once.
W0000 00:00:1789456725.013950      39 computation_placer.cc:177] computation placer already registered. Please check linkage and avoid linking the same target more than once.
W0000 00:00:1789456725.013950      40 computation_placer.cc:177] computation placer already registered. Please check linkage and avoid linking the same target more than once.
W0000 00:00:1789456725.013952      38 computation_placer.cc:177] computation placer already registered. Please check linkage and avoid linking the same target more than once.
W0000 00:00:1789456725.013952      39 computation_placer.cc:177] computation placer already registered. Please check linkage and avoid linking the same target more than once.
W0000 00:00:1789456725.013954      38 computation_placer.cc:177] computation placer already registered. Please check linkage and avoid linking the same target more than once.
W0000 00:00:1789456755.983167      40 gpu_device.cc:2341] Cannot dlopen some GPU libraries. Please make sure the missing libraries mentioned above are installed properly if you would like to use GPU. Follow the guide at https://www.tensorflow.org/install/gpu for how to download and setup the required libraries for your platform.
Skipping registering GPU devices...
W0000 00:00:1789456755.995524      38 gpu_device.cc:2341] Cannot dlopen some GPU libraries. Please make sure the missing libraries mentioned above are installed properly if you would like to use GPU. Follow the guide at https://www.tensorflow.org/install/gpu for how to download and setup the required libraries for your platform.
Skipping registering GPU devices...
W0000 00:00:1789456756.005691      39 gpu_device.cc:2341] Cannot dlopen some GPU libraries. Please make sure the missing libraries mentioned above are installed properly if you would like to use GPU. Follow the guide at https://www.tensorflow.org/install/gpu for how to download and setup the required libraries for your platform.
Skipping registering GPU devices...
W0000 00:00:1789456756.017897      41 gpu_device.cc:2341] Cannot dlopen some GPU libraries. Please make sure the missing libraries mentioned above are installed properly if you would like to use GPU. Follow the guide at https://www.tensorflow.org/install/gpu for how to download and setup the required libraries for your platform.
Skipping registering GPU devices...
/usr/local/lib/python3.11/site-packages/torch/__init__.py:1617: UserWarning: Please use the new API settings to control TF32 behavior, such as torch.backends.cudnn.conv.fp32_precision = 'tf32' or torch.backends.cuda.matmul.fp32_precision = 'ieee'. Old settings, e.g, torch.backends.cuda.matmul.allow_tf32 = True, torch.backends.cudnn.allow_tf32 = True, allowTF32CuDNN() and allowTF32CuBLAS() will be deprecated after Pytorch 2.9. Please see https://pytorch.org/docs/main/notes/cuda.html#tensorfloat-32-tf32-on-ampere-and-later-devices (Triggered internally at /pytorch/aten/src/ATen/Context.cpp:80.)
  _C._set_float32_matmul_precision(precision)
/usr/local/lib/python3.11/site-packages/torch/__init__.py:1617: UserWarning: Please use the new API settings to control TF32 behavior, such as torch.backends.cudnn.conv.fp32_precision = 'tf32' or torch.backends.cuda.matmul.fp32_precision = 'ieee'. Old settings, e.g, torch.backends.cuda.matmul.allow_tf32 = True, torch.backends.cudnn.allow_tf32 = True, allowTF32CuDNN() and allowTF32CuBLAS() will be deprecated after Pytorch 2.9. Please see https://pytorch.org/docs/main/notes/cuda.html#tensorfloat-32-tf32-on-ampere-and-later-devices (Triggered internally at /pytorch/aten/src/ATen/Context.cpp:80.)
  _C._set_float32_matmul_precision(precision)
/usr/local/lib/python3.11/site-packages/torch/__init__.py:1617: UserWarning: Please use the new API settings to control TF32 behavior, such as torch.backends.cudnn.conv.fp32_precision = 'tf32' or torch.backends.cuda.matmul.fp32_precision = 'ieee'. Old settings, e.g, torch.backends.cuda.matmul.allow_tf32 = True, torch.backends.cudnn.allow_tf32 = True, allowTF32CuDNN() and allowTF32CuBLAS() will be deprecated after Pytorch 2.9. Please see https://pytorch.org/docs/main/notes/cuda.html#tensorfloat-32-tf32-on-ampere-and-later-devices (Triggered internally at /pytorch/aten/src/ATen/Context.cpp:80.)
  _C._set_float32_matmul_precision(precision)
/usr/local/lib/python3.11/site-packages/torch/__init__.py:1617: UserWarning: Please use the new API settings to control TF32 behavior, such as torch.backends.cudnn.conv.fp32_precision = 'tf32' or torch.backends.cuda.matmul.fp32_precision = 'ieee'. Old settings, e.g, torch.backends.cuda.matmul.allow_tf32 = True, torch.backends.cudnn.allow_tf32 = True, allowTF32CuDNN() and allowTF32CuBLAS() will be deprecated after Pytorch 2.9. Please see https://pytorch.org/docs/main/notes/cuda.html#tensorfloat-32-tf32-on-ampere-and-later-devices (Triggered internally at /pytorch/aten/src/ATen/Context.cpp:80.)
  _C._set_float32_matmul_precision(precision)
/usr/local/lib/python3.11/site-packages/pydantic/_internal/_generate_schema.py:2249: UnsupportedFieldAttributeWarning: The 'repr' attribute with value False was provided to the `Field()` function, which has no effect in the context it was used. 'repr' is field-specific metadata, and can only be attached to a model field using `Annotated` metadata or by assignment. This may have happened because an `Annotated` type alias using the `type` statement was used, or if the `Field()` function was attached to a single member of a union type.
  warnings.warn(
/usr/local/lib/python3.11/site-packages/pydantic/_internal/_generate_schema.py:2249: UnsupportedFieldAttributeWarning: The 'repr' attribute with value False was provided to the `Field()` function, which has no effect in the context it was used. 'repr' is field-specific metadata, and can only be attached to a model field using `Annotated` metadata or by assignment. This may have happened because an `Annotated` type alias using the `type` statement was used, or if the `Field()` function was attached to a single member of a union type.
  warnings.warn(
/usr/local/lib/python3.11/site-packages/pydantic/_internal/_generate_schema.py:2249: UnsupportedFieldAttributeWarning: The 'repr' attribute with value False was provided to the `Field()` function, which has no effect in the context it was used. 'repr' is field-specific metadata, and can only be attached to a model field using `Annotated` metadata or by assignment. This may have happened because an `Annotated` type alias using the `type` statement was used, or if the `Field()` function was attached to a single member of a union type.
  warnings.warn(
/usr/local/lib/python3.11/site-packages/pydantic/_internal/_generate_schema.py:2249: UnsupportedFieldAttributeWarning: The 'repr' attribute with value False was provided to the `Field()` function, which has no effect in the context it was used. 'repr' is field-specific metadata, and can only be attached to a model field using `Annotated` metadata or by assignment. This may have happened because an `Annotated` type alias using the `type` statement was used, or if the `Field()` function was attached to a single member of a union type.
  warnings.warn(
/usr/local/lib/python3.11/site-packages/pydantic/_internal/_generate_schema.py:2249: UnsupportedFieldAttributeWarning: The 'frozen' attribute with value True was provided to the `Field()` function, which has no effect in the context it was used. 'frozen' is field-specific metadata, and can only be attached to a model field using `Annotated` metadata or by assignment. This may have happened because an `Annotated` type alias using the `type` statement was used, or if the `Field()` function was attached to a single member of a union type.
  warnings.warn(
/usr/local/lib/python3.11/site-packages/pydantic/_internal/_generate_schema.py:2249: UnsupportedFieldAttributeWarning: The 'frozen' attribute with value True was provided to the `Field()` function, which has no effect in the context it was used. 'frozen' is field-specific metadata, and can only be attached to a model field using `Annotated` metadata or by assignment. This may have happened because an `Annotated` type alias using the `type` statement was used, or if the `Field()` function was attached to a single member of a union type.
  warnings.warn(
/usr/local/lib/python3.11/site-packages/pydantic/_internal/_generate_schema.py:2249: UnsupportedFieldAttributeWarning: The 'frozen' attribute with value True was provided to the `Field()` function, which has no effect in the context it was used. 'frozen' is field-specific metadata, and can only be attached to a model field using `Annotated` metadata or by assignment. This may have happened because an `Annotated` type alias using the `type` statement was used, or if the `Field()` function was attached to a single member of a union type.
  warnings.warn(
/usr/local/lib/python3.11/site-packages/pydantic/_internal/_generate_schema.py:2249: UnsupportedFieldAttributeWarning: The 'frozen' attribute with value True was provided to the `Field()` function, which has no effect in the context it was used. 'frozen' is field-specific metadata, and can only be attached to a model field using `Annotated` metadata or by assignment. This may have happened because an `Annotated` type alias using the `type` statement was used, or if the `Field()` function was attached to a single member of a union type.
  warnings.warn(
/usr/local/lib/python3.11/site-packages/torch/distributed/distributed_c10d.py:4876: UserWarning: barrier(): using the device under current context. You can specify `device_id` in `init_process_group` to mute this warning.
  warnings.warn(  # warn only once
[rank0]:[W915 07:19:27.325000994 ProcessGroupNCCL.cpp:5068] Guessing device ID based on global rank. This can cause a hang if rank to GPU mapping is heterogeneous. You can specify device_id in init_process_group()
I0915 07:19:30.120566 140312702207168 logger_utils.py:84] Creating experiment directory at /experiment_runs/submissions_a100/ademamix_golden/study_2/ogbg_pytorch.
I0915 07:19:30.120564 139730382337216 logger_utils.py:84] Creating experiment directory at /experiment_runs/submissions_a100/ademamix_golden/study_2/ogbg_pytorch.
I0915 07:19:30.120564 140042820605120 logger_utils.py:84] Creating experiment directory at /experiment_runs/submissions_a100/ademamix_golden/study_2/ogbg_pytorch.
I0915 07:19:30.120594 140198333088960 logger_utils.py:84] Creating experiment directory at /experiment_runs/submissions_a100/ademamix_golden/study_2/ogbg_pytorch.
I0915 07:19:30.329825 140312702207168 submission_runner.py:741] Creating directory at /experiment_runs/submissions_a100/ademamix_golden/study_2/ogbg_pytorch/trial_1.
I0915 07:19:30.610133 140312702207168 submission_runner.py:242] Initializing dataset.
I0915 07:19:30.610306 140312702207168 submission_runner.py:251] Initializing model.
W0915 07:19:41.672774 140042820605120 submission_runner.py:273] These workloads cannot be fully compiled under current PyTorch version. Proceeding without `torch.compile`.
W0915 07:19:41.672770 140198333088960 submission_runner.py:273] These workloads cannot be fully compiled under current PyTorch version. Proceeding without `torch.compile`.
W0915 07:19:41.672772 139730382337216 submission_runner.py:273] These workloads cannot be fully compiled under current PyTorch version. Proceeding without `torch.compile`.
W0915 07:19:41.672803 140312702207168 submission_runner.py:273] These workloads cannot be fully compiled under current PyTorch version. Proceeding without `torch.compile`.
I0915 07:19:45.828102 140312702207168 submission_runner.py:294] Initializing optimizer.
I0915 07:19:45.828739 140312702207168 submission_runner.py:299] Initializing metrics bundle.
I0915 07:19:45.828892 140312702207168 submission_runner.py:321] Initializing checkpoint and logger.
I0915 07:19:45.829876 140312702207168 submission_runner.py:344] Saving meta data to /experiment_runs/submissions_a100/ademamix_golden/study_2/ogbg_pytorch/trial_1/meta_data_0.json.
I0915 07:19:45.829930 140198333088960 logger_utils.py:283] Unable to record workload.train_mean information. Continuing without it.
I0915 07:19:45.829940 139730382337216 logger_utils.py:283] Unable to record workload.train_mean information. Continuing without it.
I0915 07:19:45.829954 140042820605120 logger_utils.py:283] Unable to record workload.train_mean information. Continuing without it.
I0915 07:19:45.830069 140312702207168 logger_utils.py:283] Unable to record workload.train_mean information. Continuing without it.
I0915 07:19:45.830088 139730382337216 logger_utils.py:283] Unable to record workload.train_stddev information. Continuing without it.
I0915 07:19:45.830087 140198333088960 logger_utils.py:283] Unable to record workload.train_stddev information. Continuing without it.
I0915 07:19:45.830101 140042820605120 logger_utils.py:283] Unable to record workload.train_stddev information. Continuing without it.
I0915 07:19:45.830126 140312702207168 logger_utils.py:283] Unable to record workload.train_stddev information. Continuing without it.
I0915 07:19:46.212843 140312702207168 submission_runner.py:348] Saving flags to /experiment_runs/submissions_a100/ademamix_golden/study_2/ogbg_pytorch/trial_1/flags_0.json.
I0915 07:19:46.331853 140312702207168 submission_runner.py:359] Starting training loop.
I0915 07:19:52.514974 140312702207168 dataset_info.py:707] Load dataset info from /data/ogbg/ogbg_molpcba/0.1.3
I0915 07:19:52.544847 140312702207168 reader.py:262] Creating a tf.data.Dataset reading 8 files located in folders: /data/ogbg/ogbg_molpcba/0.1.3.
WARNING:tensorflow:From /usr/local/lib/python3.11/site-packages/tensorflow_datasets/core/reader.py:102: CounterV2 (from tensorflow.python.data.experimental.ops.counter) is deprecated and will be removed in a future version.
Instructions for updating:
Use `tf.data.Dataset.counter(...)` instead.
W0915 07:19:52.967269 140312702207168 deprecation.py:50] From /usr/local/lib/python3.11/site-packages/tensorflow_datasets/core/reader.py:102: CounterV2 (from tensorflow.python.data.experimental.ops.counter) is deprecated and will be removed in a future version.
Instructions for updating:
Use `tf.data.Dataset.counter(...)` instead.
I0915 07:19:53.474780 140312702207168 logging_logger.py:49] Constructing tf.data.Dataset ogbg_molpcba for split train, from /data/ogbg/ogbg_molpcba/0.1.3
I0915 07:20:25.493104 140287322027776 logging_writer.py:48] [0] global_step=0, grad_norm=0.5, loss=0.836981
I0915 07:20:25.818115 140312702207168 submission.py:307] 0) loss = 0.837, grad_norm = 0.500
I0915 07:20:26.238332 140312702207168 spec.py:333] Evaluating on the training split.
I0915 07:20:26.243132 140312702207168 dataset_info.py:707] Load dataset info from /data/ogbg/ogbg_molpcba/0.1.3
I0915 07:20:26.246497 140312702207168 reader.py:262] Creating a tf.data.Dataset reading 8 files located in folders: /data/ogbg/ogbg_molpcba/0.1.3.
I0915 07:20:26.310945 140312702207168 logging_logger.py:49] Constructing tf.data.Dataset ogbg_molpcba for split train, from /data/ogbg/ogbg_molpcba/0.1.3
I0915 07:21:08.704992 140312702207168 spec.py:346] Evaluating on the validation split.
I0915 07:21:08.707292 140312702207168 dataset_info.py:707] Load dataset info from /data/ogbg/ogbg_molpcba/0.1.3
I0915 07:21:08.710485 140312702207168 reader.py:262] Creating a tf.data.Dataset reading 1 files located in folders: /data/ogbg/ogbg_molpcba/0.1.3.
I0915 07:21:08.769887 140312702207168 logging_logger.py:49] Constructing tf.data.Dataset ogbg_molpcba for split validation, from /data/ogbg/ogbg_molpcba/0.1.3
I0915 07:21:27.527626 140312702207168 spec.py:363] Evaluating on the test split.
I0915 07:21:27.530133 140312702207168 dataset_info.py:707] Load dataset info from /data/ogbg/ogbg_molpcba/0.1.3
I0915 07:21:27.533377 140312702207168 reader.py:262] Creating a tf.data.Dataset reading 1 files located in folders: /data/ogbg/ogbg_molpcba/0.1.3.
I0915 07:21:27.596765 140312702207168 logging_logger.py:49] Constructing tf.data.Dataset ogbg_molpcba for split test, from /data/ogbg/ogbg_molpcba/0.1.3
I0915 07:21:46.384822 140312702207168 submission_runner.py:516] Time since start: 120.05s, 	Step: 1, 	{'train/accuracy': 0.4288207246897473, 'train/loss': 0.8422619610364236, 'train/mean_average_precision': 0.02495100353879998, 'validation/accuracy': 0.4298933798576991, 'validation/loss': 0.8421632409340811, 'validation/mean_average_precision': 0.029002724931724184, 'validation/num_examples': 43793, 'test/accuracy': 0.4335950891101118, 'test/loss': 0.8399119195882211, 'test/mean_average_precision': 0.02992468713007351, 'test/num_examples': 43793, 'score': 39.48756432533264, 'total_duration': 120.05303835868835, 'accumulated_submission_time': 39.48756432533264, 'accumulated_eval_time': 80.14644813537598, 'accumulated_logging_time': 0}
I0915 07:21:46.405251 140277943293696 logging_writer.py:48] [1] accumulated_eval_time=80.1464, accumulated_logging_time=0, accumulated_submission_time=39.4876, global_step=1, preemption_count=0, score=39.4876, test/accuracy=0.433595, test/loss=0.839912, test/mean_average_precision=0.0299247, test/num_examples=43793, total_duration=120.053, train/accuracy=0.428821, train/loss=0.842262, train/mean_average_precision=0.024951, validation/accuracy=0.429893, validation/loss=0.842163, validation/mean_average_precision=0.0290027, validation/num_examples=43793
I0915 07:21:47.148530 140277951686400 logging_writer.py:48] [1] global_step=1, grad_norm=0.5, loss=0.835538
I0915 07:21:47.151476 140312702207168 submission.py:307] 1) loss = 0.836, grad_norm = 0.500
I0915 07:21:47.393991 140277943293696 logging_writer.py:48] [2] global_step=2, grad_norm=0.5, loss=0.835827
I0915 07:21:47.396910 140312702207168 submission.py:307] 2) loss = 0.836, grad_norm = 0.500
I0915 07:21:47.638208 140277951686400 logging_writer.py:48] [3] global_step=3, grad_norm=0.5, loss=0.833384
I0915 07:21:47.641033 140312702207168 submission.py:307] 3) loss = 0.833, grad_norm = 0.500
I0915 07:21:47.884883 140277943293696 logging_writer.py:48] [4] global_step=4, grad_norm=0.5, loss=0.831172
I0915 07:21:47.887711 140312702207168 submission.py:307] 4) loss = 0.831, grad_norm = 0.500
I0915 07:21:48.131599 140277951686400 logging_writer.py:48] [5] global_step=5, grad_norm=0.5, loss=0.831098
I0915 07:21:48.134503 140312702207168 submission.py:307] 5) loss = 0.831, grad_norm = 0.500
I0915 07:21:48.377891 140277943293696 logging_writer.py:48] [6] global_step=6, grad_norm=0.5, loss=0.828567
I0915 07:21:48.380978 140312702207168 submission.py:307] 6) loss = 0.829, grad_norm = 0.500
I0915 07:21:48.624826 140277951686400 logging_writer.py:48] [7] global_step=7, grad_norm=0.5, loss=0.823987
I0915 07:21:48.627662 140312702207168 submission.py:307] 7) loss = 0.824, grad_norm = 0.500
I0915 07:21:48.873631 140277943293696 logging_writer.py:48] [8] global_step=8, grad_norm=0.5, loss=0.818522
I0915 07:21:48.876713 140312702207168 submission.py:307] 8) loss = 0.819, grad_norm = 0.500
I0915 07:21:49.121839 140277951686400 logging_writer.py:48] [9] global_step=9, grad_norm=0.5, loss=0.813848
I0915 07:21:49.124961 140312702207168 submission.py:307] 9) loss = 0.814, grad_norm = 0.500
I0915 07:21:49.363832 140277943293696 logging_writer.py:48] [10] global_step=10, grad_norm=0.5, loss=0.810885
I0915 07:21:49.366839 140312702207168 submission.py:307] 10) loss = 0.811, grad_norm = 0.500
I0915 07:21:49.611231 140277951686400 logging_writer.py:48] [11] global_step=11, grad_norm=0.5, loss=0.807572
I0915 07:21:49.614069 140312702207168 submission.py:307] 11) loss = 0.808, grad_norm = 0.500
I0915 07:21:49.855910 140277943293696 logging_writer.py:48] [12] global_step=12, grad_norm=0.5, loss=0.795764
I0915 07:21:49.858695 140312702207168 submission.py:307] 12) loss = 0.796, grad_norm = 0.500
I0915 07:21:50.102626 140277951686400 logging_writer.py:48] [13] global_step=13, grad_norm=0.5, loss=0.789721
I0915 07:21:50.105558 140312702207168 submission.py:307] 13) loss = 0.790, grad_norm = 0.500
I0915 07:21:50.349645 140277943293696 logging_writer.py:48] [14] global_step=14, grad_norm=0.5, loss=0.782695
I0915 07:21:50.352483 140312702207168 submission.py:307] 14) loss = 0.783, grad_norm = 0.500
I0915 07:21:50.596763 140277951686400 logging_writer.py:48] [15] global_step=15, grad_norm=0.5, loss=0.774531
I0915 07:21:50.599876 140312702207168 submission.py:307] 15) loss = 0.775, grad_norm = 0.500
I0915 07:21:50.841129 140277943293696 logging_writer.py:48] [16] global_step=16, grad_norm=0.5, loss=0.767392
I0915 07:21:50.843911 140312702207168 submission.py:307] 16) loss = 0.767, grad_norm = 0.500
I0915 07:21:51.085249 140277951686400 logging_writer.py:48] [17] global_step=17, grad_norm=0.5, loss=0.757034
I0915 07:21:51.088137 140312702207168 submission.py:307] 17) loss = 0.757, grad_norm = 0.500
I0915 07:21:51.331360 140277943293696 logging_writer.py:48] [18] global_step=18, grad_norm=0.5, loss=0.750407
I0915 07:21:51.334232 140312702207168 submission.py:307] 18) loss = 0.750, grad_norm = 0.500
I0915 07:21:51.578111 140277951686400 logging_writer.py:48] [19] global_step=19, grad_norm=0.5, loss=0.738774
I0915 07:21:51.580927 140312702207168 submission.py:307] 19) loss = 0.739, grad_norm = 0.500
I0915 07:21:51.824230 140277943293696 logging_writer.py:48] [20] global_step=20, grad_norm=0.5, loss=0.732378
I0915 07:21:51.827118 140312702207168 submission.py:307] 20) loss = 0.732, grad_norm = 0.500
I0915 07:21:52.069875 140277951686400 logging_writer.py:48] [21] global_step=21, grad_norm=0.5, loss=0.72064
I0915 07:21:52.072788 140312702207168 submission.py:307] 21) loss = 0.721, grad_norm = 0.500
I0915 07:21:52.312903 140277943293696 logging_writer.py:48] [22] global_step=22, grad_norm=0.5, loss=0.710185
I0915 07:21:52.315688 140312702207168 submission.py:307] 22) loss = 0.710, grad_norm = 0.500
I0915 07:21:52.553563 140277951686400 logging_writer.py:48] [23] global_step=23, grad_norm=0.5, loss=0.701896
I0915 07:21:52.556470 140312702207168 submission.py:307] 23) loss = 0.702, grad_norm = 0.500
I0915 07:21:52.796157 140277943293696 logging_writer.py:48] [24] global_step=24, grad_norm=0.5, loss=0.692307
I0915 07:21:52.799107 140312702207168 submission.py:307] 24) loss = 0.692, grad_norm = 0.500
I0915 07:21:53.039263 140277951686400 logging_writer.py:48] [25] global_step=25, grad_norm=0.5, loss=0.683326
I0915 07:21:53.042139 140312702207168 submission.py:307] 25) loss = 0.683, grad_norm = 0.500
I0915 07:21:53.281157 140277943293696 logging_writer.py:48] [26] global_step=26, grad_norm=0.5, loss=0.674155
I0915 07:21:53.283971 140312702207168 submission.py:307] 26) loss = 0.674, grad_norm = 0.500
I0915 07:21:53.524739 140277951686400 logging_writer.py:48] [27] global_step=27, grad_norm=0.5, loss=0.665888
I0915 07:21:53.527595 140312702207168 submission.py:307] 27) loss = 0.666, grad_norm = 0.500
I0915 07:21:53.768766 140277943293696 logging_writer.py:48] [28] global_step=28, grad_norm=0.5, loss=0.655889
I0915 07:21:53.771758 140312702207168 submission.py:307] 28) loss = 0.656, grad_norm = 0.500
I0915 07:21:54.017742 140277951686400 logging_writer.py:48] [29] global_step=29, grad_norm=0.5, loss=0.646958
I0915 07:21:54.020657 140312702207168 submission.py:307] 29) loss = 0.647, grad_norm = 0.500
I0915 07:21:54.264918 140277943293696 logging_writer.py:48] [30] global_step=30, grad_norm=0.5, loss=0.640619
I0915 07:21:54.267771 140312702207168 submission.py:307] 30) loss = 0.641, grad_norm = 0.500
I0915 07:21:54.512772 140277951686400 logging_writer.py:48] [31] global_step=31, grad_norm=0.5, loss=0.628566
I0915 07:21:54.515609 140312702207168 submission.py:307] 31) loss = 0.629, grad_norm = 0.500
I0915 07:21:54.759844 140277943293696 logging_writer.py:48] [32] global_step=32, grad_norm=0.5, loss=0.620792
I0915 07:21:54.762674 140312702207168 submission.py:307] 32) loss = 0.621, grad_norm = 0.500
I0915 07:21:55.006999 140277951686400 logging_writer.py:48] [33] global_step=33, grad_norm=0.5, loss=0.612059
I0915 07:21:55.009838 140312702207168 submission.py:307] 33) loss = 0.612, grad_norm = 0.500
I0915 07:21:55.253599 140277943293696 logging_writer.py:48] [34] global_step=34, grad_norm=0.5, loss=0.601812
I0915 07:21:55.256378 140312702207168 submission.py:307] 34) loss = 0.602, grad_norm = 0.500
I0915 07:21:55.501018 140277951686400 logging_writer.py:48] [35] global_step=35, grad_norm=0.5, loss=0.591924
I0915 07:21:55.503843 140312702207168 submission.py:307] 35) loss = 0.592, grad_norm = 0.500
I0915 07:21:55.749194 140277943293696 logging_writer.py:48] [36] global_step=36, grad_norm=0.5, loss=0.583994
I0915 07:21:55.752120 140312702207168 submission.py:307] 36) loss = 0.584, grad_norm = 0.500
I0915 07:21:55.998320 140277951686400 logging_writer.py:48] [37] global_step=37, grad_norm=0.5, loss=0.57771
I0915 07:21:56.001722 140312702207168 submission.py:307] 37) loss = 0.578, grad_norm = 0.500
I0915 07:21:56.247244 140277943293696 logging_writer.py:48] [38] global_step=38, grad_norm=0.499999, loss=0.570185
I0915 07:21:56.250114 140312702207168 submission.py:307] 38) loss = 0.570, grad_norm = 0.500
I0915 07:21:56.493799 140277951686400 logging_writer.py:48] [39] global_step=39, grad_norm=0.499999, loss=0.56113
I0915 07:21:56.496672 140312702207168 submission.py:307] 39) loss = 0.561, grad_norm = 0.500
I0915 07:21:56.742450 140277943293696 logging_writer.py:48] [40] global_step=40, grad_norm=0.499999, loss=0.551384
I0915 07:21:56.746091 140312702207168 submission.py:307] 40) loss = 0.551, grad_norm = 0.500
I0915 07:21:56.991933 140277951686400 logging_writer.py:48] [41] global_step=41, grad_norm=0.499999, loss=0.544543
I0915 07:21:56.994790 140312702207168 submission.py:307] 41) loss = 0.545, grad_norm = 0.500
I0915 07:21:57.243777 140277943293696 logging_writer.py:48] [42] global_step=42, grad_norm=0.499999, loss=0.53798
I0915 07:21:57.247030 140312702207168 submission.py:307] 42) loss = 0.538, grad_norm = 0.500
I0915 07:21:57.494194 140277951686400 logging_writer.py:48] [43] global_step=43, grad_norm=0.499999, loss=0.532264
I0915 07:21:57.497259 140312702207168 submission.py:307] 43) loss = 0.532, grad_norm = 0.500
I0915 07:21:57.742824 140277943293696 logging_writer.py:48] [44] global_step=44, grad_norm=0.499999, loss=0.525194
I0915 07:21:57.745730 140312702207168 submission.py:307] 44) loss = 0.525, grad_norm = 0.500
I0915 07:21:57.991776 140277951686400 logging_writer.py:48] [45] global_step=45, grad_norm=0.499999, loss=0.518136
I0915 07:21:57.995091 140312702207168 submission.py:307] 45) loss = 0.518, grad_norm = 0.500
I0915 07:21:58.238560 140277943293696 logging_writer.py:48] [46] global_step=46, grad_norm=0.499999, loss=0.510621
I0915 07:21:58.241526 140312702207168 submission.py:307] 46) loss = 0.511, grad_norm = 0.500
I0915 07:21:58.486653 140277951686400 logging_writer.py:48] [47] global_step=47, grad_norm=0.499999, loss=0.504168
I0915 07:21:58.489580 140312702207168 submission.py:307] 47) loss = 0.504, grad_norm = 0.500
I0915 07:21:58.734743 140277943293696 logging_writer.py:48] [48] global_step=48, grad_norm=0.499999, loss=0.500786
I0915 07:21:58.737725 140312702207168 submission.py:307] 48) loss = 0.501, grad_norm = 0.500
I0915 07:21:58.983758 140277951686400 logging_writer.py:48] [49] global_step=49, grad_norm=0.499999, loss=0.494561
I0915 07:21:58.986575 140312702207168 submission.py:307] 49) loss = 0.495, grad_norm = 0.500
I0915 07:21:59.232160 140277943293696 logging_writer.py:48] [50] global_step=50, grad_norm=0.499999, loss=0.486779
I0915 07:21:59.235112 140312702207168 submission.py:307] 50) loss = 0.487, grad_norm = 0.500
I0915 07:21:59.481677 140277951686400 logging_writer.py:48] [51] global_step=51, grad_norm=0.499999, loss=0.48022
I0915 07:21:59.484514 140312702207168 submission.py:307] 51) loss = 0.480, grad_norm = 0.500
I0915 07:21:59.730894 140277943293696 logging_writer.py:48] [52] global_step=52, grad_norm=0.499999, loss=0.475135
I0915 07:21:59.733830 140312702207168 submission.py:307] 52) loss = 0.475, grad_norm = 0.500
I0915 07:21:59.978356 140277951686400 logging_writer.py:48] [53] global_step=53, grad_norm=0.499999, loss=0.470266
I0915 07:21:59.981163 140312702207168 submission.py:307] 53) loss = 0.470, grad_norm = 0.500
I0915 07:22:00.224054 140277943293696 logging_writer.py:48] [54] global_step=54, grad_norm=0.499999, loss=0.465687
I0915 07:22:00.226950 140312702207168 submission.py:307] 54) loss = 0.466, grad_norm = 0.500
I0915 07:22:00.472714 140277951686400 logging_writer.py:48] [55] global_step=55, grad_norm=0.499999, loss=0.45994
I0915 07:22:00.475582 140312702207168 submission.py:307] 55) loss = 0.460, grad_norm = 0.500
I0915 07:22:00.721115 140277943293696 logging_writer.py:48] [56] global_step=56, grad_norm=0.499999, loss=0.453491
I0915 07:22:00.724023 140312702207168 submission.py:307] 56) loss = 0.453, grad_norm = 0.500
I0915 07:22:00.970198 140277951686400 logging_writer.py:48] [57] global_step=57, grad_norm=0.499999, loss=0.449453
I0915 07:22:00.973042 140312702207168 submission.py:307] 57) loss = 0.449, grad_norm = 0.500
I0915 07:22:01.215837 140277943293696 logging_writer.py:48] [58] global_step=58, grad_norm=0.499999, loss=0.446646
I0915 07:22:01.218844 140312702207168 submission.py:307] 58) loss = 0.447, grad_norm = 0.500
I0915 07:22:01.461063 140277951686400 logging_writer.py:48] [59] global_step=59, grad_norm=0.499999, loss=0.440182
I0915 07:22:01.463935 140312702207168 submission.py:307] 59) loss = 0.440, grad_norm = 0.500
I0915 07:22:01.704831 140277943293696 logging_writer.py:48] [60] global_step=60, grad_norm=0.499999, loss=0.434574
I0915 07:22:01.707683 140312702207168 submission.py:307] 60) loss = 0.435, grad_norm = 0.500
I0915 07:22:01.951884 140277951686400 logging_writer.py:48] [61] global_step=61, grad_norm=0.499999, loss=0.431182
I0915 07:22:01.954821 140312702207168 submission.py:307] 61) loss = 0.431, grad_norm = 0.500
I0915 07:22:02.198059 140277943293696 logging_writer.py:48] [62] global_step=62, grad_norm=0.496148, loss=0.429091
I0915 07:22:02.200844 140312702207168 submission.py:307] 62) loss = 0.429, grad_norm = 0.496
I0915 07:22:02.441946 140277951686400 logging_writer.py:48] [63] global_step=63, grad_norm=0.483625, loss=0.426461
I0915 07:22:02.444754 140312702207168 submission.py:307] 63) loss = 0.426, grad_norm = 0.484
I0915 07:22:02.687092 140277943293696 logging_writer.py:48] [64] global_step=64, grad_norm=0.479497, loss=0.420042
I0915 07:22:02.689979 140312702207168 submission.py:307] 64) loss = 0.420, grad_norm = 0.479
I0915 07:22:02.934065 140277951686400 logging_writer.py:48] [65] global_step=65, grad_norm=0.472093, loss=0.414567
I0915 07:22:02.936895 140312702207168 submission.py:307] 65) loss = 0.415, grad_norm = 0.472
I0915 07:22:03.182894 140277943293696 logging_writer.py:48] [66] global_step=66, grad_norm=0.472103, loss=0.412548
I0915 07:22:03.185748 140312702207168 submission.py:307] 66) loss = 0.413, grad_norm = 0.472
I0915 07:22:03.432810 140277951686400 logging_writer.py:48] [67] global_step=67, grad_norm=0.463516, loss=0.412142
I0915 07:22:03.435665 140312702207168 submission.py:307] 67) loss = 0.412, grad_norm = 0.464
I0915 07:22:03.681401 140277943293696 logging_writer.py:48] [68] global_step=68, grad_norm=0.461954, loss=0.407236
I0915 07:22:03.684259 140312702207168 submission.py:307] 68) loss = 0.407, grad_norm = 0.462
I0915 07:22:03.930345 140277951686400 logging_writer.py:48] [69] global_step=69, grad_norm=0.455518, loss=0.402544
I0915 07:22:03.933163 140312702207168 submission.py:307] 69) loss = 0.403, grad_norm = 0.456
I0915 07:22:04.179016 140277943293696 logging_writer.py:48] [70] global_step=70, grad_norm=0.452919, loss=0.397313
I0915 07:22:04.181937 140312702207168 submission.py:307] 70) loss = 0.397, grad_norm = 0.453
I0915 07:22:04.429155 140277951686400 logging_writer.py:48] [71] global_step=71, grad_norm=0.456101, loss=0.399292
I0915 07:22:04.432035 140312702207168 submission.py:307] 71) loss = 0.399, grad_norm = 0.456
I0915 07:22:04.678832 140277943293696 logging_writer.py:48] [72] global_step=72, grad_norm=0.456792, loss=0.396285
I0915 07:22:04.681766 140312702207168 submission.py:307] 72) loss = 0.396, grad_norm = 0.457
I0915 07:22:04.924959 140277951686400 logging_writer.py:48] [73] global_step=73, grad_norm=0.454279, loss=0.390801
I0915 07:22:04.927765 140312702207168 submission.py:307] 73) loss = 0.391, grad_norm = 0.454
I0915 07:22:05.173927 140277943293696 logging_writer.py:48] [74] global_step=74, grad_norm=0.446615, loss=0.388856
I0915 07:22:05.176774 140312702207168 submission.py:307] 74) loss = 0.389, grad_norm = 0.447
I0915 07:22:05.423874 140277951686400 logging_writer.py:48] [75] global_step=75, grad_norm=0.438866, loss=0.387507
I0915 07:22:05.426841 140312702207168 submission.py:307] 75) loss = 0.388, grad_norm = 0.439
I0915 07:22:05.672310 140277943293696 logging_writer.py:48] [76] global_step=76, grad_norm=0.434526, loss=0.384443
I0915 07:22:05.675170 140312702207168 submission.py:307] 76) loss = 0.384, grad_norm = 0.435
I0915 07:22:05.917672 140277951686400 logging_writer.py:48] [77] global_step=77, grad_norm=0.427372, loss=0.381069
I0915 07:22:05.920484 140312702207168 submission.py:307] 77) loss = 0.381, grad_norm = 0.427
I0915 07:22:06.165416 140277943293696 logging_writer.py:48] [78] global_step=78, grad_norm=0.419601, loss=0.380269
I0915 07:22:06.168231 140312702207168 submission.py:307] 78) loss = 0.380, grad_norm = 0.420
I0915 07:22:06.416116 140277951686400 logging_writer.py:48] [79] global_step=79, grad_norm=0.412122, loss=0.377145
I0915 07:22:06.418974 140312702207168 submission.py:307] 79) loss = 0.377, grad_norm = 0.412
I0915 07:22:06.666495 140277943293696 logging_writer.py:48] [80] global_step=80, grad_norm=0.409314, loss=0.3727
I0915 07:22:06.669350 140312702207168 submission.py:307] 80) loss = 0.373, grad_norm = 0.409
I0915 07:22:06.915106 140277951686400 logging_writer.py:48] [81] global_step=81, grad_norm=0.405152, loss=0.37364
I0915 07:22:06.917931 140312702207168 submission.py:307] 81) loss = 0.374, grad_norm = 0.405
I0915 07:22:07.163533 140277943293696 logging_writer.py:48] [82] global_step=82, grad_norm=0.40119, loss=0.369678
I0915 07:22:07.166362 140312702207168 submission.py:307] 82) loss = 0.370, grad_norm = 0.401
I0915 07:22:07.410759 140277951686400 logging_writer.py:48] [83] global_step=83, grad_norm=0.399934, loss=0.366194
I0915 07:22:07.413634 140312702207168 submission.py:307] 83) loss = 0.366, grad_norm = 0.400
I0915 07:22:07.658713 140277943293696 logging_writer.py:48] [84] global_step=84, grad_norm=0.398815, loss=0.366394
I0915 07:22:07.661553 140312702207168 submission.py:307] 84) loss = 0.366, grad_norm = 0.399
I0915 07:22:07.908260 140277951686400 logging_writer.py:48] [85] global_step=85, grad_norm=0.39415, loss=0.363832
I0915 07:22:07.911103 140312702207168 submission.py:307] 85) loss = 0.364, grad_norm = 0.394
I0915 07:22:08.155864 140277943293696 logging_writer.py:48] [86] global_step=86, grad_norm=0.391751, loss=0.363634
I0915 07:22:08.158765 140312702207168 submission.py:307] 86) loss = 0.364, grad_norm = 0.392
I0915 07:22:08.405218 140277951686400 logging_writer.py:48] [87] global_step=87, grad_norm=0.388654, loss=0.363208
I0915 07:22:08.408033 140312702207168 submission.py:307] 87) loss = 0.363, grad_norm = 0.389
I0915 07:22:08.658026 140277943293696 logging_writer.py:48] [88] global_step=88, grad_norm=0.388415, loss=0.358074
I0915 07:22:08.661082 140312702207168 submission.py:307] 88) loss = 0.358, grad_norm = 0.388
I0915 07:22:08.900249 140277951686400 logging_writer.py:48] [89] global_step=89, grad_norm=0.389688, loss=0.354866
I0915 07:22:08.903101 140312702207168 submission.py:307] 89) loss = 0.355, grad_norm = 0.390
I0915 07:22:09.143560 140277943293696 logging_writer.py:48] [90] global_step=90, grad_norm=0.383353, loss=0.353753
I0915 07:22:09.146471 140312702207168 submission.py:307] 90) loss = 0.354, grad_norm = 0.383
I0915 07:22:09.390974 140277951686400 logging_writer.py:48] [91] global_step=91, grad_norm=0.380016, loss=0.354722
I0915 07:22:09.393844 140312702207168 submission.py:307] 91) loss = 0.355, grad_norm = 0.380
I0915 07:22:09.636790 140277943293696 logging_writer.py:48] [92] global_step=92, grad_norm=0.382302, loss=0.350798
I0915 07:22:09.639726 140312702207168 submission.py:307] 92) loss = 0.351, grad_norm = 0.382
I0915 07:22:09.886827 140277951686400 logging_writer.py:48] [93] global_step=93, grad_norm=0.380965, loss=0.350499
I0915 07:22:09.889742 140312702207168 submission.py:307] 93) loss = 0.350, grad_norm = 0.381
I0915 07:22:10.132371 140277943293696 logging_writer.py:48] [94] global_step=94, grad_norm=0.375122, loss=0.349146
I0915 07:22:10.135337 140312702207168 submission.py:307] 94) loss = 0.349, grad_norm = 0.375
I0915 07:22:10.381040 140277951686400 logging_writer.py:48] [95] global_step=95, grad_norm=0.378459, loss=0.344816
I0915 07:22:10.383889 140312702207168 submission.py:307] 95) loss = 0.345, grad_norm = 0.378
I0915 07:22:10.630648 140277943293696 logging_writer.py:48] [96] global_step=96, grad_norm=0.374854, loss=0.344714
I0915 07:22:10.633527 140312702207168 submission.py:307] 96) loss = 0.345, grad_norm = 0.375
I0915 07:22:10.877471 140277951686400 logging_writer.py:48] [97] global_step=97, grad_norm=0.37343, loss=0.343883
I0915 07:22:10.880254 140312702207168 submission.py:307] 97) loss = 0.344, grad_norm = 0.373
I0915 07:22:11.123954 140277943293696 logging_writer.py:48] [98] global_step=98, grad_norm=0.37347, loss=0.340355
I0915 07:22:11.126777 140312702207168 submission.py:307] 98) loss = 0.340, grad_norm = 0.373
I0915 07:22:11.372523 140277951686400 logging_writer.py:48] [99] global_step=99, grad_norm=0.36913, loss=0.342889
I0915 07:22:11.375375 140312702207168 submission.py:307] 99) loss = 0.343, grad_norm = 0.369
I0915 07:22:11.617801 140277943293696 logging_writer.py:48] [100] global_step=100, grad_norm=0.37287, loss=0.338563
I0915 07:22:11.620662 140312702207168 submission.py:307] 100) loss = 0.339, grad_norm = 0.373
I0915 07:23:45.238884 140277951686400 logging_writer.py:48] [500] global_step=500, grad_norm=0.0325641, loss=0.0646931
I0915 07:23:45.242152 140312702207168 submission.py:307] 500) loss = 0.065, grad_norm = 0.033
I0915 07:25:41.395191 140277943293696 logging_writer.py:48] [1000] global_step=1000, grad_norm=0.0143857, loss=0.0496285
I0915 07:25:41.398471 140312702207168 submission.py:307] 1000) loss = 0.050, grad_norm = 0.014
I0915 07:27:37.121929 140277951686400 logging_writer.py:48] [1500] global_step=1500, grad_norm=0.0598499, loss=0.0498266
I0915 07:27:37.125332 140312702207168 submission.py:307] 1500) loss = 0.050, grad_norm = 0.060
I0915 07:29:19.000343 140312702207168 spec.py:333] Evaluating on the training split.
I0915 07:29:45.104977 140312702207168 spec.py:346] Evaluating on the validation split.
I0915 07:29:47.094707 140312702207168 spec.py:363] Evaluating on the test split.
I0915 07:29:49.127379 140312702207168 submission_runner.py:516] Time since start: 602.80s, 	Step: 1936, 	{'train/accuracy': 0.9874387078307416, 'train/loss': 0.046041251289779046, 'train/mean_average_precision': 0.10991815016090035, 'validation/accuracy': 0.9846562549725757, 'validation/loss': 0.05524435237173596, 'validation/mean_average_precision': 0.11032133945178922, 'validation/num_examples': 43793, 'test/accuracy': 0.983686098586721, 'test/loss': 0.05844512193837972, 'test/mean_average_precision': 0.10675829297918207, 'test/num_examples': 43793, 'score': 490.7094373703003, 'total_duration': 602.7956111431122, 'accumulated_submission_time': 490.7094373703003, 'accumulated_eval_time': 110.27350735664368, 'accumulated_logging_time': 0.030091047286987305}
I0915 07:29:49.152209 140277943293696 logging_writer.py:48] [1936] accumulated_eval_time=110.274, accumulated_logging_time=0.030091, accumulated_submission_time=490.709, global_step=1936, preemption_count=0, score=490.709, test/accuracy=0.983686, test/loss=0.0584451, test/mean_average_precision=0.106758, test/num_examples=43793, total_duration=602.796, train/accuracy=0.987439, train/loss=0.0460413, train/mean_average_precision=0.109918, validation/accuracy=0.984656, validation/loss=0.0552444, validation/mean_average_precision=0.110321, validation/num_examples=43793
I0915 07:30:04.827142 140277951686400 logging_writer.py:48] [2000] global_step=2000, grad_norm=0.0281626, loss=0.0442164
I0915 07:30:04.830179 140312702207168 submission.py:307] 2000) loss = 0.044, grad_norm = 0.028
I0915 07:32:01.832419 140277943293696 logging_writer.py:48] [2500] global_step=2500, grad_norm=0.0333439, loss=0.0416483
I0915 07:32:01.835864 140312702207168 submission.py:307] 2500) loss = 0.042, grad_norm = 0.033
I0915 07:33:59.466020 140277951686400 logging_writer.py:48] [3000] global_step=3000, grad_norm=0.0156122, loss=0.0440174
I0915 07:33:59.469787 140312702207168 submission.py:307] 3000) loss = 0.044, grad_norm = 0.016
I0915 07:35:56.406668 140277943293696 logging_writer.py:48] [3500] global_step=3500, grad_norm=0.0248397, loss=0.0414242
I0915 07:35:56.410002 140312702207168 submission.py:307] 3500) loss = 0.041, grad_norm = 0.025
I0915 07:37:21.645048 140312702207168 spec.py:333] Evaluating on the training split.
I0915 07:37:48.028112 140312702207168 spec.py:346] Evaluating on the validation split.
I0915 07:37:50.060362 140312702207168 spec.py:363] Evaluating on the test split.
I0915 07:37:52.081968 140312702207168 submission_runner.py:516] Time since start: 1085.75s, 	Step: 3864, 	{'train/accuracy': 0.9882669022075653, 'train/loss': 0.04080821941564888, 'train/mean_average_precision': 0.18901202435626965, 'validation/accuracy': 0.9853883398984864, 'validation/loss': 0.05039437853357321, 'validation/mean_average_precision': 0.16237232614094704, 'validation/num_examples': 43793, 'test/accuracy': 0.9845300735572198, 'test/loss': 0.05313986708341791, 'test/mean_average_precision': 0.16781257602087565, 'test/num_examples': 43793, 'score': 941.8389570713043, 'total_duration': 1085.7501618862152, 'accumulated_submission_time': 941.8389570713043, 'accumulated_eval_time': 140.7103328704834, 'accumulated_logging_time': 0.06471657752990723}
I0915 07:37:52.106921 140277951686400 logging_writer.py:48] [3864] accumulated_eval_time=140.71, accumulated_logging_time=0.0647166, accumulated_submission_time=941.839, global_step=3864, preemption_count=0, score=941.839, test/accuracy=0.98453, test/loss=0.0531399, test/mean_average_precision=0.167813, test/num_examples=43793, total_duration=1085.75, train/accuracy=0.988267, train/loss=0.0408082, train/mean_average_precision=0.189012, validation/accuracy=0.985388, validation/loss=0.0503944, validation/mean_average_precision=0.162372, validation/num_examples=43793
I0915 07:38:24.519899 140277943293696 logging_writer.py:48] [4000] global_step=4000, grad_norm=0.0239528, loss=0.0421222
I0915 07:38:24.523064 140312702207168 submission.py:307] 4000) loss = 0.042, grad_norm = 0.024
I0915 07:40:21.886600 140277951686400 logging_writer.py:48] [4500] global_step=4500, grad_norm=0.0258109, loss=0.0439054
I0915 07:40:21.889970 140312702207168 submission.py:307] 4500) loss = 0.044, grad_norm = 0.026
I0915 07:42:19.084382 140277943293696 logging_writer.py:48] [5000] global_step=5000, grad_norm=0.0187117, loss=0.0388878
I0915 07:42:19.087748 140312702207168 submission.py:307] 5000) loss = 0.039, grad_norm = 0.019
I0915 07:44:15.817725 140277951686400 logging_writer.py:48] [5500] global_step=5500, grad_norm=0.0210042, loss=0.0417107
I0915 07:44:15.820931 140312702207168 submission.py:307] 5500) loss = 0.042, grad_norm = 0.021
I0915 07:45:24.606806 140312702207168 spec.py:333] Evaluating on the training split.
I0915 07:45:50.795383 140312702207168 spec.py:346] Evaluating on the validation split.
I0915 07:45:52.788690 140312702207168 spec.py:363] Evaluating on the test split.
I0915 07:45:54.869020 140312702207168 submission_runner.py:516] Time since start: 1568.54s, 	Step: 5794, 	{'train/accuracy': 0.989055488586244, 'train/loss': 0.03738072198791166, 'train/mean_average_precision': 0.2414374545903787, 'validation/accuracy': 0.9858494701872773, 'validation/loss': 0.047440085029015484, 'validation/mean_average_precision': 0.19876964275093487, 'validation/num_examples': 43793, 'test/accuracy': 0.9850093367889701, 'test/loss': 0.05008736393851617, 'test/mean_average_precision': 0.20115020681102608, 'test/num_examples': 43793, 'score': 1392.9659972190857, 'total_duration': 1568.5372149944305, 'accumulated_submission_time': 1392.9659972190857, 'accumulated_eval_time': 170.97252202033997, 'accumulated_logging_time': 0.09939122200012207}
I0915 07:45:54.894287 140277943293696 logging_writer.py:48] [5794] accumulated_eval_time=170.973, accumulated_logging_time=0.0993912, accumulated_submission_time=1392.97, global_step=5794, preemption_count=0, score=1392.97, test/accuracy=0.985009, test/loss=0.0500874, test/mean_average_precision=0.20115, test/num_examples=43793, total_duration=1568.54, train/accuracy=0.989055, train/loss=0.0373807, train/mean_average_precision=0.241437, validation/accuracy=0.985849, validation/loss=0.0474401, validation/mean_average_precision=0.19877, validation/num_examples=43793
I0915 07:46:43.870328 140277951686400 logging_writer.py:48] [6000] global_step=6000, grad_norm=0.0230163, loss=0.0389812
I0915 07:46:43.873406 140312702207168 submission.py:307] 6000) loss = 0.039, grad_norm = 0.023
I0915 07:48:40.601848 140277943293696 logging_writer.py:48] [6500] global_step=6500, grad_norm=0.0313803, loss=0.0370673
I0915 07:48:40.605075 140312702207168 submission.py:307] 6500) loss = 0.037, grad_norm = 0.031
I0915 07:50:37.754621 140277951686400 logging_writer.py:48] [7000] global_step=7000, grad_norm=0.02087, loss=0.0417549
I0915 07:50:37.757972 140312702207168 submission.py:307] 7000) loss = 0.042, grad_norm = 0.021
I0915 07:52:33.405277 140277943293696 logging_writer.py:48] [7500] global_step=7500, grad_norm=0.0230512, loss=0.0393678
I0915 07:52:33.411986 140312702207168 submission.py:307] 7500) loss = 0.039, grad_norm = 0.023
I0915 07:53:27.519096 140312702207168 spec.py:333] Evaluating on the training split.
I0915 07:53:53.164480 140312702207168 spec.py:346] Evaluating on the validation split.
I0915 07:53:55.158112 140312702207168 spec.py:363] Evaluating on the test split.
I0915 07:53:57.190021 140312702207168 submission_runner.py:516] Time since start: 2050.86s, 	Step: 7737, 	{'train/accuracy': 0.9896002426085613, 'train/loss': 0.035199966950090214, 'train/mean_average_precision': 0.2977852960696569, 'validation/accuracy': 0.9863487573837676, 'validation/loss': 0.04575225709271966, 'validation/mean_average_precision': 0.23230311817155064, 'validation/num_examples': 43793, 'test/accuracy': 0.9855458757672213, 'test/loss': 0.04839842364827133, 'test/mean_average_precision': 0.2330750212756477, 'test/num_examples': 43793, 'score': 1844.2267653942108, 'total_duration': 2050.8582327365875, 'accumulated_submission_time': 1844.2267653942108, 'accumulated_eval_time': 200.64341568946838, 'accumulated_logging_time': 0.1341695785522461}
I0915 07:53:57.213748 140277951686400 logging_writer.py:48] [7737] accumulated_eval_time=200.643, accumulated_logging_time=0.13417, accumulated_submission_time=1844.23, global_step=7737, preemption_count=0, score=1844.23, test/accuracy=0.985546, test/loss=0.0483984, test/mean_average_precision=0.233075, test/num_examples=43793, total_duration=2050.86, train/accuracy=0.9896, train/loss=0.0352, train/mean_average_precision=0.297785, validation/accuracy=0.986349, validation/loss=0.0457523, validation/mean_average_precision=0.232303, validation/num_examples=43793
I0915 07:54:58.163341 140277943293696 logging_writer.py:48] [8000] global_step=8000, grad_norm=0.0199957, loss=0.0353456
I0915 07:54:58.166273 140312702207168 submission.py:307] 8000) loss = 0.035, grad_norm = 0.020
I0915 07:56:50.355641 140277951686400 logging_writer.py:48] [8500] global_step=8500, grad_norm=0.016203, loss=0.0346913
I0915 07:56:50.358907 140312702207168 submission.py:307] 8500) loss = 0.035, grad_norm = 0.016
I0915 07:58:42.671471 140277943293696 logging_writer.py:48] [9000] global_step=9000, grad_norm=0.014801, loss=0.0346018
I0915 07:58:42.674787 140312702207168 submission.py:307] 9000) loss = 0.035, grad_norm = 0.015
I0915 08:00:33.546924 140277951686400 logging_writer.py:48] [9500] global_step=9500, grad_norm=0.0206445, loss=0.0329052
I0915 08:00:33.550167 140312702207168 submission.py:307] 9500) loss = 0.033, grad_norm = 0.021
I0915 08:01:29.762273 140312702207168 spec.py:333] Evaluating on the training split.
I0915 08:01:54.634089 140312702207168 spec.py:346] Evaluating on the validation split.
I0915 08:01:56.627102 140312702207168 spec.py:363] Evaluating on the test split.
I0915 08:01:58.675853 140312702207168 submission_runner.py:516] Time since start: 2532.34s, 	Step: 9754, 	{'train/accuracy': 0.9903221802173521, 'train/loss': 0.03253789438418908, 'train/mean_average_precision': 0.35303903570077905, 'validation/accuracy': 0.9864611984841154, 'validation/loss': 0.045217572006955926, 'validation/mean_average_precision': 0.24381467199369627, 'validation/num_examples': 43793, 'test/accuracy': 0.9856402122908698, 'test/loss': 0.047726486489872724, 'test/mean_average_precision': 0.2528231426107782, 'test/num_examples': 43793, 'score': 2295.3961102962494, 'total_duration': 2532.3440577983856, 'accumulated_submission_time': 2295.3961102962494, 'accumulated_eval_time': 229.55694007873535, 'accumulated_logging_time': 0.16705751419067383}
I0915 08:01:58.698761 140277943293696 logging_writer.py:48] [9754] accumulated_eval_time=229.557, accumulated_logging_time=0.167058, accumulated_submission_time=2295.4, global_step=9754, preemption_count=0, score=2295.4, test/accuracy=0.98564, test/loss=0.0477265, test/mean_average_precision=0.252823, test/num_examples=43793, total_duration=2532.34, train/accuracy=0.990322, train/loss=0.0325379, train/mean_average_precision=0.353039, validation/accuracy=0.986461, validation/loss=0.0452176, validation/mean_average_precision=0.243815, validation/num_examples=43793
I0915 08:02:53.992845 140277951686400 logging_writer.py:48] [10000] global_step=10000, grad_norm=0.0196784, loss=0.0348735
I0915 08:02:53.995984 140312702207168 submission.py:307] 10000) loss = 0.035, grad_norm = 0.020
I0915 08:04:44.779191 140277943293696 logging_writer.py:48] [10500] global_step=10500, grad_norm=0.0182831, loss=0.034425
I0915 08:04:44.782448 140312702207168 submission.py:307] 10500) loss = 0.034, grad_norm = 0.018
I0915 08:06:35.389529 140277951686400 logging_writer.py:48] [11000] global_step=11000, grad_norm=0.0165124, loss=0.0324084
I0915 08:06:35.392707 140312702207168 submission.py:307] 11000) loss = 0.032, grad_norm = 0.017
I0915 08:08:25.981701 140277943293696 logging_writer.py:48] [11500] global_step=11500, grad_norm=0.017331, loss=0.0325642
I0915 08:08:25.984916 140312702207168 submission.py:307] 11500) loss = 0.033, grad_norm = 0.017
I0915 08:09:31.101360 140312702207168 spec.py:333] Evaluating on the training split.
I0915 08:09:56.042322 140312702207168 spec.py:346] Evaluating on the validation split.
I0915 08:09:58.001101 140312702207168 spec.py:363] Evaluating on the test split.
I0915 08:10:00.026713 140312702207168 submission_runner.py:516] Time since start: 3013.69s, 	Step: 11792, 	{'train/accuracy': 0.9906539829082384, 'train/loss': 0.031130412809663867, 'train/mean_average_precision': 0.3894310935237193, 'validation/accuracy': 0.9867177427997104, 'validation/loss': 0.044264898800980064, 'validation/mean_average_precision': 0.26252952560447534, 'validation/num_examples': 43793, 'test/accuracy': 0.9859383830888304, 'test/loss': 0.047000152507203685, 'test/mean_average_precision': 0.2628282831636894, 'test/num_examples': 43793, 'score': 2746.4137926101685, 'total_duration': 3013.6949014663696, 'accumulated_submission_time': 2746.4137926101685, 'accumulated_eval_time': 258.4821677207947, 'accumulated_logging_time': 0.19896602630615234}
I0915 08:10:00.050765 140277951686400 logging_writer.py:48] [11792] accumulated_eval_time=258.482, accumulated_logging_time=0.198966, accumulated_submission_time=2746.41, global_step=11792, preemption_count=0, score=2746.41, test/accuracy=0.985938, test/loss=0.0470002, test/mean_average_precision=0.262828, test/num_examples=43793, total_duration=3013.69, train/accuracy=0.990654, train/loss=0.0311304, train/mean_average_precision=0.389431, validation/accuracy=0.986718, validation/loss=0.0442649, validation/mean_average_precision=0.26253, validation/num_examples=43793
I0915 08:10:46.968318 140277943293696 logging_writer.py:48] [12000] global_step=12000, grad_norm=0.0179334, loss=0.0359321
I0915 08:10:46.971226 140312702207168 submission.py:307] 12000) loss = 0.036, grad_norm = 0.018
I0915 08:12:37.701017 140277951686400 logging_writer.py:48] [12500] global_step=12500, grad_norm=0.01793, loss=0.034262
I0915 08:12:37.704107 140312702207168 submission.py:307] 12500) loss = 0.034, grad_norm = 0.018
I0915 08:14:29.400343 140277943293696 logging_writer.py:48] [13000] global_step=13000, grad_norm=0.0203433, loss=0.0335464
I0915 08:14:29.406049 140312702207168 submission.py:307] 13000) loss = 0.034, grad_norm = 0.020
I0915 08:16:19.958444 140277951686400 logging_writer.py:48] [13500] global_step=13500, grad_norm=0.0204059, loss=0.0337169
I0915 08:16:19.961743 140312702207168 submission.py:307] 13500) loss = 0.034, grad_norm = 0.020
I0915 08:17:32.631020 140312702207168 spec.py:333] Evaluating on the training split.
I0915 08:17:57.338813 140312702207168 spec.py:346] Evaluating on the validation split.
I0915 08:17:59.347807 140312702207168 spec.py:363] Evaluating on the test split.
I0915 08:18:01.361110 140312702207168 submission_runner.py:516] Time since start: 3495.03s, 	Step: 13827, 	{'train/accuracy': 0.990904449564144, 'train/loss': 0.030062703453749534, 'train/mean_average_precision': 0.40850109324061173, 'validation/accuracy': 0.9865992128311126, 'validation/loss': 0.04483021216255492, 'validation/mean_average_precision': 0.25851990515393536, 'validation/num_examples': 43793, 'test/accuracy': 0.9858861610846679, 'test/loss': 0.04735655978914102, 'test/mean_average_precision': 0.25399398129500506, 'test/num_examples': 43793, 'score': 3197.621773481369, 'total_duration': 3495.029235601425, 'accumulated_submission_time': 3197.621773481369, 'accumulated_eval_time': 287.21206617355347, 'accumulated_logging_time': 0.23195123672485352}
I0915 08:18:01.388419 140277943293696 logging_writer.py:48] [13827] accumulated_eval_time=287.212, accumulated_logging_time=0.231951, accumulated_submission_time=3197.62, global_step=13827, preemption_count=0, score=3197.62, test/accuracy=0.985886, test/loss=0.0473566, test/mean_average_precision=0.253994, test/num_examples=43793, total_duration=3495.03, train/accuracy=0.990904, train/loss=0.0300627, train/mean_average_precision=0.408501, validation/accuracy=0.986599, validation/loss=0.0448302, validation/mean_average_precision=0.25852, validation/num_examples=43793
I0915 08:18:40.293416 140277951686400 logging_writer.py:48] [14000] global_step=14000, grad_norm=0.0169493, loss=0.0330674
I0915 08:18:40.296670 140312702207168 submission.py:307] 14000) loss = 0.033, grad_norm = 0.017
I0915 08:20:31.274044 140277943293696 logging_writer.py:48] [14500] global_step=14500, grad_norm=0.0170507, loss=0.0312016
I0915 08:20:31.277078 140312702207168 submission.py:307] 14500) loss = 0.031, grad_norm = 0.017
I0915 08:22:22.447635 140277951686400 logging_writer.py:48] [15000] global_step=15000, grad_norm=0.0191249, loss=0.0290721
I0915 08:22:22.450972 140312702207168 submission.py:307] 15000) loss = 0.029, grad_norm = 0.019
I0915 08:24:13.157549 140277943293696 logging_writer.py:48] [15500] global_step=15500, grad_norm=0.0231501, loss=0.0319442
I0915 08:24:13.160705 140312702207168 submission.py:307] 15500) loss = 0.032, grad_norm = 0.023
I0915 08:25:33.776433 140312702207168 spec.py:333] Evaluating on the training split.
I0915 08:25:58.666814 140312702207168 spec.py:346] Evaluating on the validation split.
I0915 08:26:00.640233 140312702207168 spec.py:363] Evaluating on the test split.
I0915 08:26:02.626125 140312702207168 submission_runner.py:516] Time since start: 3976.29s, 	Step: 15863, 	{'train/accuracy': 0.9915098901523317, 'train/loss': 0.027868761313151177, 'train/mean_average_precision': 0.4657407301065514, 'validation/accuracy': 0.9868423616365579, 'validation/loss': 0.04452365033131562, 'validation/mean_average_precision': 0.27412144806822464, 'validation/num_examples': 43793, 'test/accuracy': 0.986044511677935, 'test/loss': 0.047118303475542835, 'test/mean_average_precision': 0.26796642982629504, 'test/num_examples': 43793, 'score': 3648.6258997917175, 'total_duration': 3976.294326543808, 'accumulated_submission_time': 3648.6258997917175, 'accumulated_eval_time': 316.0617251396179, 'accumulated_logging_time': 0.27471208572387695}
I0915 08:26:02.650541 140277951686400 logging_writer.py:48] [15863] accumulated_eval_time=316.062, accumulated_logging_time=0.274712, accumulated_submission_time=3648.63, global_step=15863, preemption_count=0, score=3648.63, test/accuracy=0.986045, test/loss=0.0471183, test/mean_average_precision=0.267966, test/num_examples=43793, total_duration=3976.29, train/accuracy=0.99151, train/loss=0.0278688, train/mean_average_precision=0.465741, validation/accuracy=0.986842, validation/loss=0.0445237, validation/mean_average_precision=0.274121, validation/num_examples=43793
I0915 08:26:33.797557 140277943293696 logging_writer.py:48] [16000] global_step=16000, grad_norm=0.0188569, loss=0.0304677
I0915 08:26:33.800441 140312702207168 submission.py:307] 16000) loss = 0.030, grad_norm = 0.019
I0915 08:28:24.742512 140277951686400 logging_writer.py:48] [16500] global_step=16500, grad_norm=0.0170336, loss=0.0293014
I0915 08:28:24.745606 140312702207168 submission.py:307] 16500) loss = 0.029, grad_norm = 0.017
I0915 08:30:16.055621 140277943293696 logging_writer.py:48] [17000] global_step=17000, grad_norm=0.017321, loss=0.026329
I0915 08:30:16.059582 140312702207168 submission.py:307] 17000) loss = 0.026, grad_norm = 0.017
I0915 08:32:07.144194 140277951686400 logging_writer.py:48] [17500] global_step=17500, grad_norm=0.0180249, loss=0.0282222
I0915 08:32:07.147307 140312702207168 submission.py:307] 17500) loss = 0.028, grad_norm = 0.018
I0915 08:33:35.242670 140312702207168 spec.py:333] Evaluating on the training split.
I0915 08:34:00.058146 140312702207168 spec.py:346] Evaluating on the validation split.
I0915 08:34:02.050331 140312702207168 spec.py:363] Evaluating on the test split.
I0915 08:34:04.022743 140312702207168 submission_runner.py:516] Time since start: 4457.69s, 	Step: 17900, 	{'train/accuracy': 0.9922223546765736, 'train/loss': 0.025619514450496976, 'train/mean_average_precision': 0.5099060104916786, 'validation/accuracy': 0.9867916210678089, 'validation/loss': 0.04474032524501606, 'validation/mean_average_precision': 0.27667516709397294, 'validation/num_examples': 43793, 'test/accuracy': 0.9860301927413099, 'test/loss': 0.0473273395510508, 'test/mean_average_precision': 0.26931124195509876, 'test/num_examples': 43793, 'score': 4099.839018344879, 'total_duration': 4457.6909737586975, 'accumulated_submission_time': 4099.839018344879, 'accumulated_eval_time': 344.84174847602844, 'accumulated_logging_time': 0.308274507522583}
I0915 08:34:04.046071 140277943293696 logging_writer.py:48] [17900] accumulated_eval_time=344.842, accumulated_logging_time=0.308275, accumulated_submission_time=4099.84, global_step=17900, preemption_count=0, score=4099.84, test/accuracy=0.98603, test/loss=0.0473273, test/mean_average_precision=0.269311, test/num_examples=43793, total_duration=4457.69, train/accuracy=0.992222, train/loss=0.0256195, train/mean_average_precision=0.509906, validation/accuracy=0.986792, validation/loss=0.0447403, validation/mean_average_precision=0.276675, validation/num_examples=43793
I0915 08:34:26.829164 140277951686400 logging_writer.py:48] [18000] global_step=18000, grad_norm=0.0268105, loss=0.0282559
I0915 08:34:26.832021 140312702207168 submission.py:307] 18000) loss = 0.028, grad_norm = 0.027
I0915 08:36:17.019704 140277943293696 logging_writer.py:48] [18500] global_step=18500, grad_norm=0.0196174, loss=0.0271545
I0915 08:36:17.022821 140312702207168 submission.py:307] 18500) loss = 0.027, grad_norm = 0.020
I0915 08:38:08.547698 140277951686400 logging_writer.py:48] [19000] global_step=19000, grad_norm=0.0220597, loss=0.0283864
I0915 08:38:08.550896 140312702207168 submission.py:307] 19000) loss = 0.028, grad_norm = 0.022
I0915 08:39:58.909986 140277943293696 logging_writer.py:48] [19500] global_step=19500, grad_norm=0.0220709, loss=0.025642
I0915 08:39:58.913141 140312702207168 submission.py:307] 19500) loss = 0.026, grad_norm = 0.022
I0915 08:41:36.555740 140312702207168 spec.py:333] Evaluating on the training split.
I0915 08:42:01.464125 140312702207168 spec.py:346] Evaluating on the validation split.
I0915 08:42:03.462053 140312702207168 spec.py:363] Evaluating on the test split.
I0915 08:42:05.482775 140312702207168 submission_runner.py:516] Time since start: 4939.15s, 	Step: 19944, 	{'train/accuracy': 0.9924673468409008, 'train/loss': 0.02455019538728184, 'train/mean_average_precision': 0.5369672115837776, 'validation/accuracy': 0.9868094817480085, 'validation/loss': 0.04524322770702964, 'validation/mean_average_precision': 0.27004415497990425, 'validation/num_examples': 43793, 'test/accuracy': 0.9861186332322304, 'test/loss': 0.04769061347378245, 'test/mean_average_precision': 0.26693627059162134, 'test/num_examples': 43793, 'score': 4550.96763586998, 'total_duration': 4939.150961399078, 'accumulated_submission_time': 4550.96763586998, 'accumulated_eval_time': 373.76872181892395, 'accumulated_logging_time': 0.34072184562683105}
I0915 08:42:05.507103 140277951686400 logging_writer.py:48] [19944] accumulated_eval_time=373.769, accumulated_logging_time=0.340722, accumulated_submission_time=4550.97, global_step=19944, preemption_count=0, score=4550.97, test/accuracy=0.986119, test/loss=0.0476906, test/mean_average_precision=0.266936, test/num_examples=43793, total_duration=4939.15, train/accuracy=0.992467, train/loss=0.0245502, train/mean_average_precision=0.536967, validation/accuracy=0.986809, validation/loss=0.0452432, validation/mean_average_precision=0.270044, validation/num_examples=43793
I0915 08:42:18.645912 140277943293696 logging_writer.py:48] [20000] global_step=20000, grad_norm=0.0151982, loss=0.0267525
I0915 08:42:18.648757 140312702207168 submission.py:307] 20000) loss = 0.027, grad_norm = 0.015
I0915 08:44:10.021832 140277951686400 logging_writer.py:48] [20500] global_step=20500, grad_norm=0.019552, loss=0.0274878
I0915 08:44:10.025049 140312702207168 submission.py:307] 20500) loss = 0.027, grad_norm = 0.020
I0915 08:46:01.780130 140277943293696 logging_writer.py:48] [21000] global_step=21000, grad_norm=0.0207613, loss=0.028462
I0915 08:46:01.783164 140312702207168 submission.py:307] 21000) loss = 0.028, grad_norm = 0.021
I0915 08:47:53.379642 140277951686400 logging_writer.py:48] [21500] global_step=21500, grad_norm=0.0213205, loss=0.0291241
I0915 08:47:53.382909 140312702207168 submission.py:307] 21500) loss = 0.029, grad_norm = 0.021
I0915 08:49:38.054693 140312702207168 spec.py:333] Evaluating on the training split.
I0915 08:50:02.762875 140312702207168 spec.py:346] Evaluating on the validation split.
I0915 08:50:04.718233 140312702207168 spec.py:363] Evaluating on the test split.
I0915 08:50:06.743888 140312702207168 submission_runner.py:516] Time since start: 5420.41s, 	Step: 21971, 	{'train/accuracy': 0.9925652639004054, 'train/loss': 0.023963529338936987, 'train/mean_average_precision': 0.5399600387924857, 'validation/accuracy': 0.9868918844316569, 'validation/loss': 0.04545238667398413, 'validation/mean_average_precision': 0.2773576826036955, 'validation/num_examples': 43793, 'test/accuracy': 0.9859952376901365, 'test/loss': 0.04824379755782113, 'test/mean_average_precision': 0.2705550973973591, 'test/num_examples': 43793, 'score': 5002.144770145416, 'total_duration': 5420.412091016769, 'accumulated_submission_time': 5002.144770145416, 'accumulated_eval_time': 402.4578549861908, 'accumulated_logging_time': 0.3742103576660156}
I0915 08:50:06.768127 140277943293696 logging_writer.py:48] [21971] accumulated_eval_time=402.458, accumulated_logging_time=0.37421, accumulated_submission_time=5002.14, global_step=21971, preemption_count=0, score=5002.14, test/accuracy=0.985995, test/loss=0.0482438, test/mean_average_precision=0.270555, test/num_examples=43793, total_duration=5420.41, train/accuracy=0.992565, train/loss=0.0239635, train/mean_average_precision=0.53996, validation/accuracy=0.986892, validation/loss=0.0454524, validation/mean_average_precision=0.277358, validation/num_examples=43793
I0915 08:50:13.856668 140277951686400 logging_writer.py:48] [22000] global_step=22000, grad_norm=0.0171118, loss=0.0256811
I0915 08:50:13.859677 140312702207168 submission.py:307] 22000) loss = 0.026, grad_norm = 0.017
I0915 08:52:03.864319 140277943293696 logging_writer.py:48] [22500] global_step=22500, grad_norm=0.0253694, loss=0.0297632
I0915 08:52:03.867358 140312702207168 submission.py:307] 22500) loss = 0.030, grad_norm = 0.025
I0915 08:53:53.718806 140277951686400 logging_writer.py:48] [23000] global_step=23000, grad_norm=0.0207724, loss=0.025907
I0915 08:53:53.722016 140312702207168 submission.py:307] 23000) loss = 0.026, grad_norm = 0.021
I0915 08:55:43.513305 140277943293696 logging_writer.py:48] [23500] global_step=23500, grad_norm=0.0217918, loss=0.0261836
I0915 08:55:43.516695 140312702207168 submission.py:307] 23500) loss = 0.026, grad_norm = 0.022
I0915 08:57:33.028006 140277951686400 logging_writer.py:48] [24000] global_step=24000, grad_norm=0.0246127, loss=0.0266758
I0915 08:57:33.031247 140312702207168 submission.py:307] 24000) loss = 0.027, grad_norm = 0.025
I0915 08:57:39.366929 140312702207168 spec.py:333] Evaluating on the training split.
I0915 08:58:04.246872 140312702207168 spec.py:346] Evaluating on the validation split.
I0915 08:58:06.206056 140312702207168 spec.py:363] Evaluating on the test split.
I0915 08:58:08.201263 140312702207168 submission_runner.py:516] Time since start: 5901.87s, 	Step: 24028, 	{'train/accuracy': 0.9929287971617616, 'train/loss': 0.022862690287177863, 'train/mean_average_precision': 0.5828592682832358, 'validation/accuracy': 0.9867441278954598, 'validation/loss': 0.04624532222696703, 'validation/mean_average_precision': 0.2789765513309469, 'validation/num_examples': 43793, 'test/accuracy': 0.9860739918415753, 'test/loss': 0.04891026311888339, 'test/mean_average_precision': 0.27158141453834034, 'test/num_examples': 43793, 'score': 5453.354311943054, 'total_duration': 5901.869510173798, 'accumulated_submission_time': 5453.354311943054, 'accumulated_eval_time': 431.29218077659607, 'accumulated_logging_time': 0.4074556827545166}
I0915 08:58:08.223593 140277943293696 logging_writer.py:48] [24028] accumulated_eval_time=431.292, accumulated_logging_time=0.407456, accumulated_submission_time=5453.35, global_step=24028, preemption_count=0, score=5453.35, test/accuracy=0.986074, test/loss=0.0489103, test/mean_average_precision=0.271581, test/num_examples=43793, total_duration=5901.87, train/accuracy=0.992929, train/loss=0.0228627, train/mean_average_precision=0.582859, validation/accuracy=0.986744, validation/loss=0.0462453, validation/mean_average_precision=0.278977, validation/num_examples=43793
I0915 08:59:52.954550 140277951686400 logging_writer.py:48] [24500] global_step=24500, grad_norm=0.0206635, loss=0.0261751
I0915 08:59:52.957843 140312702207168 submission.py:307] 24500) loss = 0.026, grad_norm = 0.021
I0915 09:01:42.209677 140277943293696 logging_writer.py:48] [25000] global_step=25000, grad_norm=0.0220484, loss=0.0246489
I0915 09:01:42.212793 140312702207168 submission.py:307] 25000) loss = 0.025, grad_norm = 0.022
I0915 09:03:31.764787 140277951686400 logging_writer.py:48] [25500] global_step=25500, grad_norm=0.0215553, loss=0.0249975
I0915 09:03:31.767975 140312702207168 submission.py:307] 25500) loss = 0.025, grad_norm = 0.022
I0915 09:05:20.850482 140277943293696 logging_writer.py:48] [26000] global_step=26000, grad_norm=0.0249625, loss=0.0234744
I0915 09:05:20.853744 140312702207168 submission.py:307] 26000) loss = 0.023, grad_norm = 0.025
I0915 09:05:40.718142 140312702207168 spec.py:333] Evaluating on the training split.
I0915 09:06:05.734816 140312702207168 spec.py:346] Evaluating on the validation split.
I0915 09:06:07.723294 140312702207168 spec.py:363] Evaluating on the test split.
I0915 09:06:09.785030 140312702207168 submission_runner.py:516] Time since start: 6383.45s, 	Step: 26090, 	{'train/accuracy': 0.9933762598810584, 'train/loss': 0.021087428305450753, 'train/mean_average_precision': 0.616506450120422, 'validation/accuracy': 0.9867473752918597, 'validation/loss': 0.04698270002845531, 'validation/mean_average_precision': 0.2799395559942953, 'validation/num_examples': 43793, 'test/accuracy': 0.985984709060265, 'test/loss': 0.049807279352556647, 'test/mean_average_precision': 0.2677533639503699, 'test/num_examples': 43793, 'score': 5904.460551261902, 'total_duration': 6383.45326423645, 'accumulated_submission_time': 5904.460551261902, 'accumulated_eval_time': 460.3590455055237, 'accumulated_logging_time': 0.4385535717010498}
I0915 09:06:09.809871 140277951686400 logging_writer.py:48] [26090] accumulated_eval_time=460.359, accumulated_logging_time=0.438554, accumulated_submission_time=5904.46, global_step=26090, preemption_count=0, score=5904.46, test/accuracy=0.985985, test/loss=0.0498073, test/mean_average_precision=0.267753, test/num_examples=43793, total_duration=6383.45, train/accuracy=0.993376, train/loss=0.0210874, train/mean_average_precision=0.616506, validation/accuracy=0.986747, validation/loss=0.0469827, validation/mean_average_precision=0.27994, validation/num_examples=43793
I0915 09:07:40.080984 140277943293696 logging_writer.py:48] [26500] global_step=26500, grad_norm=0.0208718, loss=0.0239087
I0915 09:07:40.084057 140312702207168 submission.py:307] 26500) loss = 0.024, grad_norm = 0.021
I0915 09:09:29.267645 140277951686400 logging_writer.py:48] [27000] global_step=27000, grad_norm=0.0216876, loss=0.0233062
I0915 09:09:29.270886 140312702207168 submission.py:307] 27000) loss = 0.023, grad_norm = 0.022
I0915 09:11:18.072484 140277943293696 logging_writer.py:48] [27500] global_step=27500, grad_norm=0.0249716, loss=0.0241279
I0915 09:11:18.075839 140312702207168 submission.py:307] 27500) loss = 0.024, grad_norm = 0.025
I0915 09:13:06.995496 140277951686400 logging_writer.py:48] [28000] global_step=28000, grad_norm=0.0216584, loss=0.023487
I0915 09:13:06.998791 140312702207168 submission.py:307] 28000) loss = 0.023, grad_norm = 0.022
I0915 09:13:42.201676 140312702207168 spec.py:333] Evaluating on the training split.
I0915 09:14:07.026787 140312702207168 spec.py:346] Evaluating on the validation split.
I0915 09:14:08.995158 140312702207168 spec.py:363] Evaluating on the test split.
I0915 09:14:11.029709 140312702207168 submission_runner.py:516] Time since start: 6864.70s, 	Step: 28161, 	{'train/accuracy': 0.9938759347873749, 'train/loss': 0.019595363183518063, 'train/mean_average_precision': 0.6564537381256985, 'validation/accuracy': 0.9867420982727099, 'validation/loss': 0.047822139312696674, 'validation/mean_average_precision': 0.27968567955907997, 'validation/num_examples': 43793, 'test/accuracy': 0.9859790236001345, 'test/loss': 0.050509282329632026, 'test/mean_average_precision': 0.2693004772225223, 'test/num_examples': 43793, 'score': 6355.462056875229, 'total_duration': 6864.697921037674, 'accumulated_submission_time': 6355.462056875229, 'accumulated_eval_time': 489.1870641708374, 'accumulated_logging_time': 0.47249269485473633}
I0915 09:14:11.055424 140277943293696 logging_writer.py:48] [28161] accumulated_eval_time=489.187, accumulated_logging_time=0.472493, accumulated_submission_time=6355.46, global_step=28161, preemption_count=0, score=6355.46, test/accuracy=0.985979, test/loss=0.0505093, test/mean_average_precision=0.2693, test/num_examples=43793, total_duration=6864.7, train/accuracy=0.993876, train/loss=0.0195954, train/mean_average_precision=0.656454, validation/accuracy=0.986742, validation/loss=0.0478221, validation/mean_average_precision=0.279686, validation/num_examples=43793
I0915 09:15:25.731505 140277951686400 logging_writer.py:48] [28500] global_step=28500, grad_norm=0.023367, loss=0.0232377
I0915 09:15:25.734611 140312702207168 submission.py:307] 28500) loss = 0.023, grad_norm = 0.023
I0915 09:17:15.443037 140277943293696 logging_writer.py:48] [29000] global_step=29000, grad_norm=0.0243113, loss=0.0247532
I0915 09:17:15.446342 140312702207168 submission.py:307] 29000) loss = 0.025, grad_norm = 0.024
I0915 09:19:05.451516 140277951686400 logging_writer.py:48] [29500] global_step=29500, grad_norm=0.0237403, loss=0.0248026
I0915 09:19:05.454743 140312702207168 submission.py:307] 29500) loss = 0.025, grad_norm = 0.024
I0915 09:20:54.801815 140277943293696 logging_writer.py:48] [30000] global_step=30000, grad_norm=0.0235136, loss=0.023279
I0915 09:20:54.804871 140312702207168 submission.py:307] 30000) loss = 0.023, grad_norm = 0.024
I0915 09:21:43.616653 140312702207168 spec.py:333] Evaluating on the training split.
I0915 09:22:08.506850 140312702207168 spec.py:346] Evaluating on the validation split.
I0915 09:22:10.529337 140312702207168 spec.py:363] Evaluating on the test split.
I0915 09:22:12.562218 140312702207168 submission_runner.py:516] Time since start: 7346.23s, 	Step: 30223, 	{'train/accuracy': 0.994096175029288, 'train/loss': 0.018770395171369213, 'train/mean_average_precision': 0.6797509196241163, 'validation/accuracy': 0.9866631459477364, 'validation/loss': 0.0483967857676358, 'validation/mean_average_precision': 0.27737531200076043, 'validation/num_examples': 43793, 'test/accuracy': 0.9859232218618155, 'test/loss': 0.05131975322576162, 'test/mean_average_precision': 0.26714178063653554, 'test/num_examples': 43793, 'score': 6806.630153417587, 'total_duration': 7346.230459213257, 'accumulated_submission_time': 6806.630153417587, 'accumulated_eval_time': 518.1325941085815, 'accumulated_logging_time': 0.5071706771850586}
I0915 09:22:12.587544 140277951686400 logging_writer.py:48] [30223] accumulated_eval_time=518.133, accumulated_logging_time=0.507171, accumulated_submission_time=6806.63, global_step=30223, preemption_count=0, score=6806.63, test/accuracy=0.985923, test/loss=0.0513198, test/mean_average_precision=0.267142, test/num_examples=43793, total_duration=7346.23, train/accuracy=0.994096, train/loss=0.0187704, train/mean_average_precision=0.679751, validation/accuracy=0.986663, validation/loss=0.0483968, validation/mean_average_precision=0.277375, validation/num_examples=43793
I0915 09:23:13.679830 140277943293696 logging_writer.py:48] [30500] global_step=30500, grad_norm=0.0257483, loss=0.0246587
I0915 09:23:13.683124 140312702207168 submission.py:307] 30500) loss = 0.025, grad_norm = 0.026
I0915 09:25:03.286993 140277951686400 logging_writer.py:48] [31000] global_step=31000, grad_norm=0.0244895, loss=0.0216894
I0915 09:25:03.289979 140312702207168 submission.py:307] 31000) loss = 0.022, grad_norm = 0.024
I0915 09:26:52.741905 140277943293696 logging_writer.py:48] [31500] global_step=31500, grad_norm=0.0250382, loss=0.0232266
I0915 09:26:52.745398 140312702207168 submission.py:307] 31500) loss = 0.023, grad_norm = 0.025
I0915 09:28:42.116299 140277951686400 logging_writer.py:48] [32000] global_step=32000, grad_norm=0.0265271, loss=0.0232666
I0915 09:28:42.119640 140312702207168 submission.py:307] 32000) loss = 0.023, grad_norm = 0.027
I0915 09:29:45.025561 140312702207168 spec.py:333] Evaluating on the training split.
I0915 09:30:09.879477 140312702207168 spec.py:346] Evaluating on the validation split.
I0915 09:30:11.846281 140312702207168 spec.py:363] Evaluating on the test split.
I0915 09:30:13.867090 140312702207168 submission_runner.py:516] Time since start: 7827.54s, 	Step: 32287, 	{'train/accuracy': 0.9941125453466377, 'train/loss': 0.01840711206501748, 'train/mean_average_precision': 0.6897578595504239, 'validation/accuracy': 0.9867088124596105, 'validation/loss': 0.049235508341343576, 'validation/mean_average_precision': 0.28021762684262463, 'validation/num_examples': 43793, 'test/accuracy': 0.9859206949906464, 'test/loss': 0.05211511224782878, 'test/mean_average_precision': 0.27237371187706816, 'test/num_examples': 43793, 'score': 7257.683073759079, 'total_duration': 7827.535281896591, 'accumulated_submission_time': 7257.683073759079, 'accumulated_eval_time': 546.9740028381348, 'accumulated_logging_time': 0.5415818691253662}
I0915 09:30:13.895424 140277943293696 logging_writer.py:48] [32287] accumulated_eval_time=546.974, accumulated_logging_time=0.541582, accumulated_submission_time=7257.68, global_step=32287, preemption_count=0, score=7257.68, test/accuracy=0.985921, test/loss=0.0521151, test/mean_average_precision=0.272374, test/num_examples=43793, total_duration=7827.54, train/accuracy=0.994113, train/loss=0.0184071, train/mean_average_precision=0.689758, validation/accuracy=0.986709, validation/loss=0.0492355, validation/mean_average_precision=0.280218, validation/num_examples=43793
I0915 09:31:00.961650 140277951686400 logging_writer.py:48] [32500] global_step=32500, grad_norm=0.0254064, loss=0.0233024
I0915 09:31:00.964497 140312702207168 submission.py:307] 32500) loss = 0.023, grad_norm = 0.025
I0915 09:32:49.490809 140277943293696 logging_writer.py:48] [33000] global_step=33000, grad_norm=0.0272416, loss=0.0237096
I0915 09:32:49.494205 140312702207168 submission.py:307] 33000) loss = 0.024, grad_norm = 0.027
I0915 09:34:39.025581 140277951686400 logging_writer.py:48] [33500] global_step=33500, grad_norm=0.022787, loss=0.0218786
I0915 09:34:39.028716 140312702207168 submission.py:307] 33500) loss = 0.022, grad_norm = 0.023
I0915 09:36:28.276791 140277943293696 logging_writer.py:48] [34000] global_step=34000, grad_norm=0.0221849, loss=0.0198135
I0915 09:36:28.280045 140312702207168 submission.py:307] 34000) loss = 0.020, grad_norm = 0.022
I0915 09:37:46.485064 140312702207168 spec.py:333] Evaluating on the training split.
I0915 09:38:11.296739 140312702207168 spec.py:346] Evaluating on the validation split.
I0915 09:38:13.266875 140312702207168 spec.py:363] Evaluating on the test split.
I0915 09:38:15.234013 140312702207168 submission_runner.py:516] Time since start: 8308.90s, 	Step: 34360, 	{'train/accuracy': 0.9943937974800934, 'train/loss': 0.017529049207899678, 'train/mean_average_precision': 0.6996457377273805, 'validation/accuracy': 0.9866365578897119, 'validation/loss': 0.050051150298841655, 'validation/mean_average_precision': 0.27472048844387825, 'validation/num_examples': 43793, 'test/accuracy': 0.9859072183444109, 'test/loss': 0.05294910805132749, 'test/mean_average_precision': 0.2711870785630257, 'test/num_examples': 43793, 'score': 7708.8865878582, 'total_duration': 8308.902286291122, 'accumulated_submission_time': 7708.8865878582, 'accumulated_eval_time': 575.7229630947113, 'accumulated_logging_time': 0.5790755748748779}
I0915 09:38:15.259997 140277951686400 logging_writer.py:48] [34360] accumulated_eval_time=575.723, accumulated_logging_time=0.579076, accumulated_submission_time=7708.89, global_step=34360, preemption_count=0, score=7708.89, test/accuracy=0.985907, test/loss=0.0529491, test/mean_average_precision=0.271187, test/num_examples=43793, total_duration=8308.9, train/accuracy=0.994394, train/loss=0.017529, train/mean_average_precision=0.699646, validation/accuracy=0.986637, validation/loss=0.0500512, validation/mean_average_precision=0.27472, validation/num_examples=43793
I0915 09:38:46.437846 140277943293696 logging_writer.py:48] [34500] global_step=34500, grad_norm=0.0240877, loss=0.017965
I0915 09:38:46.441085 140312702207168 submission.py:307] 34500) loss = 0.018, grad_norm = 0.024
I0915 09:40:35.296383 140277951686400 logging_writer.py:48] [35000] global_step=35000, grad_norm=0.0280715, loss=0.021607
I0915 09:40:35.299681 140312702207168 submission.py:307] 35000) loss = 0.022, grad_norm = 0.028
I0915 09:42:25.166929 140277943293696 logging_writer.py:48] [35500] global_step=35500, grad_norm=0.0256688, loss=0.0206609
I0915 09:42:25.170141 140312702207168 submission.py:307] 35500) loss = 0.021, grad_norm = 0.026
I0915 09:44:14.260565 140277951686400 logging_writer.py:48] [36000] global_step=36000, grad_norm=0.0258043, loss=0.0205732
I0915 09:44:14.263663 140312702207168 submission.py:307] 36000) loss = 0.021, grad_norm = 0.026
I0915 09:45:47.650881 140312702207168 spec.py:333] Evaluating on the training split.
I0915 09:46:12.257864 140312702207168 spec.py:346] Evaluating on the validation split.
I0915 09:46:14.229900 140312702207168 spec.py:363] Evaluating on the test split.
I0915 09:46:16.254717 140312702207168 submission_runner.py:516] Time since start: 8789.92s, 	Step: 36429, 	{'train/accuracy': 0.9946867698661335, 'train/loss': 0.01641026124824217, 'train/mean_average_precision': 0.7309813972844874, 'validation/accuracy': 0.9866442704561618, 'validation/loss': 0.05097477770049425, 'validation/mean_average_precision': 0.27710463975447336, 'validation/num_examples': 43793, 'test/accuracy': 0.9858187778534904, 'test/loss': 0.05411188335394137, 'test/mean_average_precision': 0.26892242368784797, 'test/num_examples': 43793, 'score': 8159.898387432098, 'total_duration': 8789.92292046547, 'accumulated_submission_time': 8159.898387432098, 'accumulated_eval_time': 604.3266940116882, 'accumulated_logging_time': 0.6139218807220459}
I0915 09:46:16.280272 140277943293696 logging_writer.py:48] [36429] accumulated_eval_time=604.327, accumulated_logging_time=0.613922, accumulated_submission_time=8159.9, global_step=36429, preemption_count=0, score=8159.9, test/accuracy=0.985819, test/loss=0.0541119, test/mean_average_precision=0.268922, test/num_examples=43793, total_duration=8789.92, train/accuracy=0.994687, train/loss=0.0164103, train/mean_average_precision=0.730981, validation/accuracy=0.986644, validation/loss=0.0509748, validation/mean_average_precision=0.277105, validation/num_examples=43793
I0915 09:46:32.633668 140277951686400 logging_writer.py:48] [36500] global_step=36500, grad_norm=0.0257267, loss=0.020047
I0915 09:46:32.636606 140312702207168 submission.py:307] 36500) loss = 0.020, grad_norm = 0.026
I0915 09:48:21.585793 140277943293696 logging_writer.py:48] [37000] global_step=37000, grad_norm=0.0276746, loss=0.0195555
I0915 09:48:21.588962 140312702207168 submission.py:307] 37000) loss = 0.020, grad_norm = 0.028
I0915 09:50:11.523927 140277951686400 logging_writer.py:48] [37500] global_step=37500, grad_norm=0.0238782, loss=0.0173211
I0915 09:50:11.528090 140312702207168 submission.py:307] 37500) loss = 0.017, grad_norm = 0.024
I0915 09:52:00.118777 140277943293696 logging_writer.py:48] [38000] global_step=38000, grad_norm=0.0267336, loss=0.0206242
I0915 09:52:00.121922 140312702207168 submission.py:307] 38000) loss = 0.021, grad_norm = 0.027
I0915 09:53:48.819908 140312702207168 spec.py:333] Evaluating on the training split.
I0915 09:54:13.588750 140312702207168 spec.py:346] Evaluating on the validation split.
I0915 09:54:15.537718 140312702207168 spec.py:363] Evaluating on the test split.
I0915 09:54:17.492845 140312702207168 submission_runner.py:516] Time since start: 9271.16s, 	Step: 38499, 	{'train/accuracy': 0.995182106982942, 'train/loss': 0.01506322610779344, 'train/mean_average_precision': 0.7713066507784985, 'validation/accuracy': 0.9865285819594141, 'validation/loss': 0.051809748643400155, 'validation/mean_average_precision': 0.2780833643058275, 'validation/num_examples': 43793, 'test/accuracy': 0.9857585540906254, 'test/loss': 0.055032536361676127, 'test/mean_average_precision': 0.26985846816098746, 'test/num_examples': 43793, 'score': 8611.054082632065, 'total_duration': 9271.161074876785, 'accumulated_submission_time': 8611.054082632065, 'accumulated_eval_time': 632.9995555877686, 'accumulated_logging_time': 0.6483712196350098}
I0915 09:54:17.518290 140277951686400 logging_writer.py:48] [38499] accumulated_eval_time=633, accumulated_logging_time=0.648371, accumulated_submission_time=8611.05, global_step=38499, preemption_count=0, score=8611.05, test/accuracy=0.985759, test/loss=0.0550325, test/mean_average_precision=0.269858, test/num_examples=43793, total_duration=9271.16, train/accuracy=0.995182, train/loss=0.0150632, train/mean_average_precision=0.771307, validation/accuracy=0.986529, validation/loss=0.0518097, validation/mean_average_precision=0.278083, validation/num_examples=43793
I0915 09:54:18.419856 140277943293696 logging_writer.py:48] [38500] global_step=38500, grad_norm=0.0296274, loss=0.020145
I0915 09:54:18.422708 140312702207168 submission.py:307] 38500) loss = 0.020, grad_norm = 0.030
I0915 09:56:07.757311 140277951686400 logging_writer.py:48] [39000] global_step=39000, grad_norm=0.0267548, loss=0.0206569
I0915 09:56:07.760574 140312702207168 submission.py:307] 39000) loss = 0.021, grad_norm = 0.027
I0915 09:57:57.425104 140277943293696 logging_writer.py:48] [39500] global_step=39500, grad_norm=0.0288708, loss=0.0192192
I0915 09:57:57.428385 140312702207168 submission.py:307] 39500) loss = 0.019, grad_norm = 0.029
I0915 09:59:46.613585 140277951686400 logging_writer.py:48] [40000] global_step=40000, grad_norm=0.02897, loss=0.0214014
I0915 09:59:46.616600 140312702207168 submission.py:307] 40000) loss = 0.021, grad_norm = 0.029
I0915 10:01:35.025608 140277943293696 logging_writer.py:48] [40500] global_step=40500, grad_norm=0.026218, loss=0.019323
I0915 10:01:35.028786 140312702207168 submission.py:307] 40500) loss = 0.019, grad_norm = 0.026
I0915 10:01:49.985388 140312702207168 spec.py:333] Evaluating on the training split.
I0915 10:02:14.715881 140312702207168 spec.py:346] Evaluating on the validation split.
I0915 10:02:16.690908 140312702207168 spec.py:363] Evaluating on the test split.
I0915 10:02:18.731091 140312702207168 submission_runner.py:516] Time since start: 9752.40s, 	Step: 40568, 	{'train/accuracy': 0.9954051832302168, 'train/loss': 0.014298583810567056, 'train/mean_average_precision': 0.7786078554565572, 'validation/accuracy': 0.9865267552989391, 'validation/loss': 0.05242167355994207, 'validation/mean_average_precision': 0.28183505269730574, 'validation/num_examples': 43793, 'test/accuracy': 0.9857678192849123, 'test/loss': 0.05568107364018534, 'test/mean_average_precision': 0.27240996826805103, 'test/num_examples': 43793, 'score': 9062.13857460022, 'total_duration': 9752.399313926697, 'accumulated_submission_time': 9062.13857460022, 'accumulated_eval_time': 661.7452442646027, 'accumulated_logging_time': 0.6828422546386719}
I0915 10:02:18.755366 140277951686400 logging_writer.py:48] [40568] accumulated_eval_time=661.745, accumulated_logging_time=0.682842, accumulated_submission_time=9062.14, global_step=40568, preemption_count=0, score=9062.14, test/accuracy=0.985768, test/loss=0.0556811, test/mean_average_precision=0.27241, test/num_examples=43793, total_duration=9752.4, train/accuracy=0.995405, train/loss=0.0142986, train/mean_average_precision=0.778608, validation/accuracy=0.986527, validation/loss=0.0524217, validation/mean_average_precision=0.281835, validation/num_examples=43793
I0915 10:02:19.201720 140277943293696 logging_writer.py:48] [40568] global_step=40568, preemption_count=0, score=9062.14
I0915 10:02:19.301688 140312702207168 submission_runner.py:857] Final ogbg score: 9062.13857460022
