torchrun --redirects 1:0,2:0,3:0 --standalone --nnodes=1 --nproc_per_node=4 submission_runner.py --framework=pytorch --workload=criteo1tb --submission_path=submissions_algorithms/submissions/self_tuning/ademamix_golden/submission.py --data_dir=/data/criteo1tb --experiment_dir=/experiment_runs --experiment_name=submissions_a100/ademamix_golden/study_1 --overwrite=True --save_checkpoints=False --rng_seed=1213513687 --torch_compile=true --tuning_ruleset=self 2>&1 | tee -a /logs/criteo1tb_pytorch_09-15-2026-19-27-27.log
W0915 19:27:52.658000 9 site-packages/torch/distributed/run.py:803] 
W0915 19:27:52.658000 9 site-packages/torch/distributed/run.py:803] *****************************************
W0915 19:27:52.658000 9 site-packages/torch/distributed/run.py:803] Setting OMP_NUM_THREADS environment variable for each process to be 1 in default, to avoid your system being overloaded, please further tune the variable for optimal performance in your application as needed. 
W0915 19:27:52.658000 9 site-packages/torch/distributed/run.py:803] *****************************************
2026-09-15 19:28:07.197125: E external/local_xla/xla/stream_executor/cuda/cuda_fft.cc:467] Unable to register cuFFT factory: Attempting to register factory for plugin cuFFT when one has already been registered
2026-09-15 19:28:07.197112: E external/local_xla/xla/stream_executor/cuda/cuda_fft.cc:467] Unable to register cuFFT factory: Attempting to register factory for plugin cuFFT when one has already been registered
2026-09-15 19:28:07.197121: E external/local_xla/xla/stream_executor/cuda/cuda_fft.cc:467] Unable to register cuFFT factory: Attempting to register factory for plugin cuFFT when one has already been registered
2026-09-15 19:28:07.197115: E external/local_xla/xla/stream_executor/cuda/cuda_fft.cc:467] Unable to register cuFFT factory: Attempting to register factory for plugin cuFFT when one has already been registered
WARNING: All log messages before absl::InitializeLog() is called are written to STDERR
WARNING: All log messages before absl::InitializeLog() is called are written to STDERR
WARNING: All log messages before absl::InitializeLog() is called are written to STDERR
E0000 00:00:1789500487.747164      38 cuda_dnn.cc:8579] Unable to register cuDNN factory: Attempting to register factory for plugin cuDNN when one has already been registered
E0000 00:00:1789500487.747164      40 cuda_dnn.cc:8579] Unable to register cuDNN factory: Attempting to register factory for plugin cuDNN when one has already been registered
E0000 00:00:1789500487.747154      39 cuda_dnn.cc:8579] Unable to register cuDNN factory: Attempting to register factory for plugin cuDNN when one has already been registered
WARNING: All log messages before absl::InitializeLog() is called are written to STDERR
E0000 00:00:1789500487.747184      41 cuda_dnn.cc:8579] Unable to register cuDNN factory: Attempting to register factory for plugin cuDNN when one has already been registered
E0000 00:00:1789500487.807429      41 cuda_blas.cc:1407] Unable to register cuBLAS factory: Attempting to register factory for plugin cuBLAS when one has already been registered
E0000 00:00:1789500487.807431      38 cuda_blas.cc:1407] Unable to register cuBLAS factory: Attempting to register factory for plugin cuBLAS when one has already been registered
E0000 00:00:1789500487.807431      39 cuda_blas.cc:1407] Unable to register cuBLAS factory: Attempting to register factory for plugin cuBLAS when one has already been registered
E0000 00:00:1789500487.807453      40 cuda_blas.cc:1407] Unable to register cuBLAS factory: Attempting to register factory for plugin cuBLAS when one has already been registered
W0000 00:00:1789500489.216652      41 computation_placer.cc:177] computation placer already registered. Please check linkage and avoid linking the same target more than once.
W0000 00:00:1789500489.216663      38 computation_placer.cc:177] computation placer already registered. Please check linkage and avoid linking the same target more than once.
W0000 00:00:1789500489.216663      40 computation_placer.cc:177] computation placer already registered. Please check linkage and avoid linking the same target more than once.
W0000 00:00:1789500489.216671      39 computation_placer.cc:177] computation placer already registered. Please check linkage and avoid linking the same target more than once.
W0000 00:00:1789500489.216700      40 computation_placer.cc:177] computation placer already registered. Please check linkage and avoid linking the same target more than once.
W0000 00:00:1789500489.216700      38 computation_placer.cc:177] computation placer already registered. Please check linkage and avoid linking the same target more than once.
W0000 00:00:1789500489.216701      41 computation_placer.cc:177] computation placer already registered. Please check linkage and avoid linking the same target more than once.
W0000 00:00:1789500489.216703      40 computation_placer.cc:177] computation placer already registered. Please check linkage and avoid linking the same target more than once.
W0000 00:00:1789500489.216704      38 computation_placer.cc:177] computation placer already registered. Please check linkage and avoid linking the same target more than once.
W0000 00:00:1789500489.216704      41 computation_placer.cc:177] computation placer already registered. Please check linkage and avoid linking the same target more than once.
W0000 00:00:1789500489.216703      39 computation_placer.cc:177] computation placer already registered. Please check linkage and avoid linking the same target more than once.
W0000 00:00:1789500489.216705      40 computation_placer.cc:177] computation placer already registered. Please check linkage and avoid linking the same target more than once.
W0000 00:00:1789500489.216706      38 computation_placer.cc:177] computation placer already registered. Please check linkage and avoid linking the same target more than once.
W0000 00:00:1789500489.216707      41 computation_placer.cc:177] computation placer already registered. Please check linkage and avoid linking the same target more than once.
W0000 00:00:1789500489.216707      39 computation_placer.cc:177] computation placer already registered. Please check linkage and avoid linking the same target more than once.
W0000 00:00:1789500489.216709      39 computation_placer.cc:177] computation placer already registered. Please check linkage and avoid linking the same target more than once.
W0000 00:00:1789500516.234264      38 gpu_device.cc:2341] Cannot dlopen some GPU libraries. Please make sure the missing libraries mentioned above are installed properly if you would like to use GPU. Follow the guide at https://www.tensorflow.org/install/gpu for how to download and setup the required libraries for your platform.
Skipping registering GPU devices...
W0000 00:00:1789500516.234308      40 gpu_device.cc:2341] Cannot dlopen some GPU libraries. Please make sure the missing libraries mentioned above are installed properly if you would like to use GPU. Follow the guide at https://www.tensorflow.org/install/gpu for how to download and setup the required libraries for your platform.
Skipping registering GPU devices...
W0000 00:00:1789500516.234371      41 gpu_device.cc:2341] Cannot dlopen some GPU libraries. Please make sure the missing libraries mentioned above are installed properly if you would like to use GPU. Follow the guide at https://www.tensorflow.org/install/gpu for how to download and setup the required libraries for your platform.
Skipping registering GPU devices...
W0000 00:00:1789500516.272564      39 gpu_device.cc:2341] Cannot dlopen some GPU libraries. Please make sure the missing libraries mentioned above are installed properly if you would like to use GPU. Follow the guide at https://www.tensorflow.org/install/gpu for how to download and setup the required libraries for your platform.
Skipping registering GPU devices...
/usr/local/lib/python3.11/site-packages/torch/__init__.py:1617: UserWarning: Please use the new API settings to control TF32 behavior, such as torch.backends.cudnn.conv.fp32_precision = 'tf32' or torch.backends.cuda.matmul.fp32_precision = 'ieee'. Old settings, e.g, torch.backends.cuda.matmul.allow_tf32 = True, torch.backends.cudnn.allow_tf32 = True, allowTF32CuDNN() and allowTF32CuBLAS() will be deprecated after Pytorch 2.9. Please see https://pytorch.org/docs/main/notes/cuda.html#tensorfloat-32-tf32-on-ampere-and-later-devices (Triggered internally at /pytorch/aten/src/ATen/Context.cpp:80.)
  _C._set_float32_matmul_precision(precision)
/usr/local/lib/python3.11/site-packages/torch/__init__.py:1617: UserWarning: Please use the new API settings to control TF32 behavior, such as torch.backends.cudnn.conv.fp32_precision = 'tf32' or torch.backends.cuda.matmul.fp32_precision = 'ieee'. Old settings, e.g, torch.backends.cuda.matmul.allow_tf32 = True, torch.backends.cudnn.allow_tf32 = True, allowTF32CuDNN() and allowTF32CuBLAS() will be deprecated after Pytorch 2.9. Please see https://pytorch.org/docs/main/notes/cuda.html#tensorfloat-32-tf32-on-ampere-and-later-devices (Triggered internally at /pytorch/aten/src/ATen/Context.cpp:80.)
  _C._set_float32_matmul_precision(precision)
/usr/local/lib/python3.11/site-packages/torch/__init__.py:1617: UserWarning: Please use the new API settings to control TF32 behavior, such as torch.backends.cudnn.conv.fp32_precision = 'tf32' or torch.backends.cuda.matmul.fp32_precision = 'ieee'. Old settings, e.g, torch.backends.cuda.matmul.allow_tf32 = True, torch.backends.cudnn.allow_tf32 = True, allowTF32CuDNN() and allowTF32CuBLAS() will be deprecated after Pytorch 2.9. Please see https://pytorch.org/docs/main/notes/cuda.html#tensorfloat-32-tf32-on-ampere-and-later-devices (Triggered internally at /pytorch/aten/src/ATen/Context.cpp:80.)
  _C._set_float32_matmul_precision(precision)
/usr/local/lib/python3.11/site-packages/torch/__init__.py:1617: UserWarning: Please use the new API settings to control TF32 behavior, such as torch.backends.cudnn.conv.fp32_precision = 'tf32' or torch.backends.cuda.matmul.fp32_precision = 'ieee'. Old settings, e.g, torch.backends.cuda.matmul.allow_tf32 = True, torch.backends.cudnn.allow_tf32 = True, allowTF32CuDNN() and allowTF32CuBLAS() will be deprecated after Pytorch 2.9. Please see https://pytorch.org/docs/main/notes/cuda.html#tensorfloat-32-tf32-on-ampere-and-later-devices (Triggered internally at /pytorch/aten/src/ATen/Context.cpp:80.)
  _C._set_float32_matmul_precision(precision)
/usr/local/lib/python3.11/site-packages/pydantic/_internal/_generate_schema.py:2249: UnsupportedFieldAttributeWarning: The 'repr' attribute with value False was provided to the `Field()` function, which has no effect in the context it was used. 'repr' is field-specific metadata, and can only be attached to a model field using `Annotated` metadata or by assignment. This may have happened because an `Annotated` type alias using the `type` statement was used, or if the `Field()` function was attached to a single member of a union type.
  warnings.warn(
/usr/local/lib/python3.11/site-packages/pydantic/_internal/_generate_schema.py:2249: UnsupportedFieldAttributeWarning: The 'repr' attribute with value False was provided to the `Field()` function, which has no effect in the context it was used. 'repr' is field-specific metadata, and can only be attached to a model field using `Annotated` metadata or by assignment. This may have happened because an `Annotated` type alias using the `type` statement was used, or if the `Field()` function was attached to a single member of a union type.
  warnings.warn(
/usr/local/lib/python3.11/site-packages/pydantic/_internal/_generate_schema.py:2249: UnsupportedFieldAttributeWarning: The 'repr' attribute with value False was provided to the `Field()` function, which has no effect in the context it was used. 'repr' is field-specific metadata, and can only be attached to a model field using `Annotated` metadata or by assignment. This may have happened because an `Annotated` type alias using the `type` statement was used, or if the `Field()` function was attached to a single member of a union type.
  warnings.warn(
/usr/local/lib/python3.11/site-packages/pydantic/_internal/_generate_schema.py:2249: UnsupportedFieldAttributeWarning: The 'repr' attribute with value False was provided to the `Field()` function, which has no effect in the context it was used. 'repr' is field-specific metadata, and can only be attached to a model field using `Annotated` metadata or by assignment. This may have happened because an `Annotated` type alias using the `type` statement was used, or if the `Field()` function was attached to a single member of a union type.
  warnings.warn(
/usr/local/lib/python3.11/site-packages/pydantic/_internal/_generate_schema.py:2249: UnsupportedFieldAttributeWarning: The 'frozen' attribute with value True was provided to the `Field()` function, which has no effect in the context it was used. 'frozen' is field-specific metadata, and can only be attached to a model field using `Annotated` metadata or by assignment. This may have happened because an `Annotated` type alias using the `type` statement was used, or if the `Field()` function was attached to a single member of a union type.
  warnings.warn(
/usr/local/lib/python3.11/site-packages/pydantic/_internal/_generate_schema.py:2249: UnsupportedFieldAttributeWarning: The 'frozen' attribute with value True was provided to the `Field()` function, which has no effect in the context it was used. 'frozen' is field-specific metadata, and can only be attached to a model field using `Annotated` metadata or by assignment. This may have happened because an `Annotated` type alias using the `type` statement was used, or if the `Field()` function was attached to a single member of a union type.
  warnings.warn(
/usr/local/lib/python3.11/site-packages/pydantic/_internal/_generate_schema.py:2249: UnsupportedFieldAttributeWarning: The 'frozen' attribute with value True was provided to the `Field()` function, which has no effect in the context it was used. 'frozen' is field-specific metadata, and can only be attached to a model field using `Annotated` metadata or by assignment. This may have happened because an `Annotated` type alias using the `type` statement was used, or if the `Field()` function was attached to a single member of a union type.
  warnings.warn(
/usr/local/lib/python3.11/site-packages/pydantic/_internal/_generate_schema.py:2249: UnsupportedFieldAttributeWarning: The 'frozen' attribute with value True was provided to the `Field()` function, which has no effect in the context it was used. 'frozen' is field-specific metadata, and can only be attached to a model field using `Annotated` metadata or by assignment. This may have happened because an `Annotated` type alias using the `type` statement was used, or if the `Field()` function was attached to a single member of a union type.
  warnings.warn(
/usr/local/lib/python3.11/site-packages/torch/distributed/distributed_c10d.py:4876: UserWarning: barrier(): using the device under current context. You can specify `device_id` in `init_process_group` to mute this warning.
  warnings.warn(  # warn only once
[rank0]:[W915 19:28:44.803700246 ProcessGroupNCCL.cpp:5068] Guessing device ID based on global rank. This can cause a hang if rank to GPU mapping is heterogeneous. You can specify device_id in init_process_group()
I0915 19:28:46.831246 139954106807488 logger_utils.py:84] Creating experiment directory at /experiment_runs/submissions_a100/ademamix_golden/study_1/criteo1tb_pytorch.
I0915 19:28:46.831248 139868064736448 logger_utils.py:84] Creating experiment directory at /experiment_runs/submissions_a100/ademamix_golden/study_1/criteo1tb_pytorch.
I0915 19:28:46.831247 140044445967552 logger_utils.py:84] Creating experiment directory at /experiment_runs/submissions_a100/ademamix_golden/study_1/criteo1tb_pytorch.
I0915 19:28:46.831269 139751210816704 logger_utils.py:84] Creating experiment directory at /experiment_runs/submissions_a100/ademamix_golden/study_1/criteo1tb_pytorch.
I0915 19:28:47.070083 139954106807488 submission_runner.py:741] Creating directory at /experiment_runs/submissions_a100/ademamix_golden/study_1/criteo1tb_pytorch/trial_1.
I0915 19:28:47.335212 139954106807488 submission_runner.py:242] Initializing dataset.
I0915 19:28:47.335382 139954106807488 submission_runner.py:251] Initializing model.
W0915 19:29:00.720472 139751210816704 submission_runner.py:273] These workloads cannot be fully compiled under current PyTorch version. Proceeding without `torch.compile`.
W0915 19:29:00.720470 140044445967552 submission_runner.py:273] These workloads cannot be fully compiled under current PyTorch version. Proceeding without `torch.compile`.
W0915 19:29:00.720479 139868064736448 submission_runner.py:273] These workloads cannot be fully compiled under current PyTorch version. Proceeding without `torch.compile`.
W0915 19:29:00.720507 139954106807488 submission_runner.py:273] These workloads cannot be fully compiled under current PyTorch version. Proceeding without `torch.compile`.
I0915 19:29:00.720698 139954106807488 submission_runner.py:294] Initializing optimizer.
I0915 19:29:00.721112 139954106807488 submission_runner.py:299] Initializing metrics bundle.
I0915 19:29:00.721278 139954106807488 submission_runner.py:321] Initializing checkpoint and logger.
I0915 19:29:00.724020 139954106807488 submission_runner.py:344] Saving meta data to /experiment_runs/submissions_a100/ademamix_golden/study_1/criteo1tb_pytorch/trial_1/meta_data_0.json.
I0915 19:29:00.724093 139868064736448 logger_utils.py:283] Unable to record workload.train_mean information. Continuing without it.
I0915 19:29:00.724103 140044445967552 logger_utils.py:283] Unable to record workload.train_mean information. Continuing without it.
I0915 19:29:00.724134 139751210816704 logger_utils.py:283] Unable to record workload.train_mean information. Continuing without it.
I0915 19:29:00.724217 139868064736448 logger_utils.py:283] Unable to record workload.train_stddev information. Continuing without it.
I0915 19:29:00.724221 140044445967552 logger_utils.py:283] Unable to record workload.train_stddev information. Continuing without it.
I0915 19:29:00.724234 139954106807488 logger_utils.py:283] Unable to record workload.train_mean information. Continuing without it.
I0915 19:29:00.724269 139751210816704 logger_utils.py:283] Unable to record workload.train_stddev information. Continuing without it.
I0915 19:29:00.724291 139954106807488 logger_utils.py:283] Unable to record workload.train_stddev information. Continuing without it.
I0915 19:29:01.181237 139954106807488 submission_runner.py:348] Saving flags to /experiment_runs/submissions_a100/ademamix_golden/study_1/criteo1tb_pytorch/trial_1/flags_0.json.
I0915 19:29:01.299731 139954106807488 submission_runner.py:359] Starting training loop.
I0915 19:29:10.778169 139930103424768 logging_writer.py:48] [0] global_step=0, grad_norm=0.5, loss=1.34427
I0915 19:29:10.957363 139954106807488 submission.py:307] 0) loss = 1.344, grad_norm = 0.500
I0915 19:29:11.274874 139954106807488 spec.py:333] Evaluating on the training split.
I0915 19:39:01.557878 139954106807488 spec.py:346] Evaluating on the validation split.
I0915 19:48:50.243792 139954106807488 spec.py:363] Evaluating on the test split.
I0915 20:00:11.955152 139954106807488 submission_runner.py:516] Time since start: 1870.63s, 	Step: 1, 	{'train/loss': 1.3445777583756644, 'validation/loss': 1.3570842317910405, 'validation/num_examples': 83274637, 'test/loss': 1.3495619400801808, 'test/num_examples': 95000000, 'score': 9.658968210220337, 'total_duration': 1870.628292798996, 'accumulated_submission_time': 9.658968210220337, 'accumulated_eval_time': 1860.652927160263, 'accumulated_logging_time': 0}
I0915 20:00:12.003309 139910849693440 logging_writer.py:48] [1] accumulated_eval_time=1860.65, accumulated_logging_time=0, accumulated_submission_time=9.65897, global_step=1, preemption_count=0, score=9.65897, test/loss=1.34956, test/num_examples=95000000, total_duration=1870.63, train/loss=1.34458, validation/loss=1.35708, validation/num_examples=83274637
I0915 20:00:13.180682 139910841300736 logging_writer.py:48] [1] global_step=1, grad_norm=0.5, loss=1.3444
I0915 20:00:13.183721 139954106807488 submission.py:307] 1) loss = 1.344, grad_norm = 0.500
I0915 20:00:13.419177 139910849693440 logging_writer.py:48] [2] global_step=2, grad_norm=0.5, loss=1.33807
I0915 20:00:13.422201 139954106807488 submission.py:307] 2) loss = 1.338, grad_norm = 0.500
I0915 20:00:13.660265 139910841300736 logging_writer.py:48] [3] global_step=3, grad_norm=0.5, loss=1.32062
I0915 20:00:13.663316 139954106807488 submission.py:307] 3) loss = 1.321, grad_norm = 0.500
I0915 20:00:13.897544 139910849693440 logging_writer.py:48] [4] global_step=4, grad_norm=0.5, loss=1.29969
I0915 20:00:13.900515 139954106807488 submission.py:307] 4) loss = 1.300, grad_norm = 0.500
I0915 20:00:14.136694 139910841300736 logging_writer.py:48] [5] global_step=5, grad_norm=0.5, loss=1.26853
I0915 20:00:14.139666 139954106807488 submission.py:307] 5) loss = 1.269, grad_norm = 0.500
I0915 20:00:14.374011 139910849693440 logging_writer.py:48] [6] global_step=6, grad_norm=0.5, loss=1.2317
I0915 20:00:14.376937 139954106807488 submission.py:307] 6) loss = 1.232, grad_norm = 0.500
I0915 20:00:14.611555 139910841300736 logging_writer.py:48] [7] global_step=7, grad_norm=0.5, loss=1.18892
I0915 20:00:14.614563 139954106807488 submission.py:307] 7) loss = 1.189, grad_norm = 0.500
I0915 20:00:14.851361 139910849693440 logging_writer.py:48] [8] global_step=8, grad_norm=0.5, loss=1.1378
I0915 20:00:14.854482 139954106807488 submission.py:307] 8) loss = 1.138, grad_norm = 0.500
I0915 20:00:15.091191 139910841300736 logging_writer.py:48] [9] global_step=9, grad_norm=0.5, loss=1.08053
I0915 20:00:15.094295 139954106807488 submission.py:307] 9) loss = 1.081, grad_norm = 0.500
I0915 20:00:15.328712 139910849693440 logging_writer.py:48] [10] global_step=10, grad_norm=0.5, loss=1.01737
I0915 20:00:15.331699 139954106807488 submission.py:307] 10) loss = 1.017, grad_norm = 0.500
I0915 20:00:15.567795 139910841300736 logging_writer.py:48] [11] global_step=11, grad_norm=0.5, loss=0.94735
I0915 20:00:15.570892 139954106807488 submission.py:307] 11) loss = 0.947, grad_norm = 0.500
I0915 20:00:15.804484 139910849693440 logging_writer.py:48] [12] global_step=12, grad_norm=0.5, loss=0.873481
I0915 20:00:15.807484 139954106807488 submission.py:307] 12) loss = 0.873, grad_norm = 0.500
I0915 20:00:16.044326 139910841300736 logging_writer.py:48] [13] global_step=13, grad_norm=0.5, loss=0.79731
I0915 20:00:16.047355 139954106807488 submission.py:307] 13) loss = 0.797, grad_norm = 0.500
I0915 20:00:16.282538 139910849693440 logging_writer.py:48] [14] global_step=14, grad_norm=0.5, loss=0.720743
I0915 20:00:16.285498 139954106807488 submission.py:307] 14) loss = 0.721, grad_norm = 0.500
I0915 20:00:16.522302 139910841300736 logging_writer.py:48] [15] global_step=15, grad_norm=0.5, loss=0.644339
I0915 20:00:16.525396 139954106807488 submission.py:307] 15) loss = 0.644, grad_norm = 0.500
I0915 20:00:16.760443 139910849693440 logging_writer.py:48] [16] global_step=16, grad_norm=0.5, loss=0.568907
I0915 20:00:16.763464 139954106807488 submission.py:307] 16) loss = 0.569, grad_norm = 0.500
I0915 20:00:17.000788 139910841300736 logging_writer.py:48] [17] global_step=17, grad_norm=0.5, loss=0.497582
I0915 20:00:17.003853 139954106807488 submission.py:307] 17) loss = 0.498, grad_norm = 0.500
I0915 20:00:17.252676 139910849693440 logging_writer.py:48] [18] global_step=18, grad_norm=0.5, loss=0.431009
I0915 20:00:17.255660 139954106807488 submission.py:307] 18) loss = 0.431, grad_norm = 0.500
I0915 20:00:17.488158 139910841300736 logging_writer.py:48] [19] global_step=19, grad_norm=0.5, loss=0.370164
I0915 20:00:17.491168 139954106807488 submission.py:307] 19) loss = 0.370, grad_norm = 0.500
I0915 20:00:17.723843 139910849693440 logging_writer.py:48] [20] global_step=20, grad_norm=0.5, loss=0.32077
I0915 20:00:17.726865 139954106807488 submission.py:307] 20) loss = 0.321, grad_norm = 0.500
I0915 20:00:17.962052 139910841300736 logging_writer.py:48] [21] global_step=21, grad_norm=0.5, loss=0.285011
I0915 20:00:17.965160 139954106807488 submission.py:307] 21) loss = 0.285, grad_norm = 0.500
I0915 20:00:18.197441 139910849693440 logging_writer.py:48] [22] global_step=22, grad_norm=0.5, loss=0.252576
I0915 20:00:18.200402 139954106807488 submission.py:307] 22) loss = 0.253, grad_norm = 0.500
I0915 20:00:18.433627 139910841300736 logging_writer.py:48] [23] global_step=23, grad_norm=0.499999, loss=0.236988
I0915 20:00:18.436645 139954106807488 submission.py:307] 23) loss = 0.237, grad_norm = 0.500
I0915 20:00:18.670066 139910849693440 logging_writer.py:48] [24] global_step=24, grad_norm=0.390713, loss=0.224642
I0915 20:00:18.673138 139954106807488 submission.py:307] 24) loss = 0.225, grad_norm = 0.391
I0915 20:00:18.907549 139910841300736 logging_writer.py:48] [25] global_step=25, grad_norm=0.442018, loss=0.218778
I0915 20:00:18.910687 139954106807488 submission.py:307] 25) loss = 0.219, grad_norm = 0.442
I0915 20:00:19.144306 139910849693440 logging_writer.py:48] [26] global_step=26, grad_norm=0.499999, loss=0.223026
I0915 20:00:19.147397 139954106807488 submission.py:307] 26) loss = 0.223, grad_norm = 0.500
I0915 20:00:19.380154 139910841300736 logging_writer.py:48] [27] global_step=27, grad_norm=0.499999, loss=0.226404
I0915 20:00:19.383264 139954106807488 submission.py:307] 27) loss = 0.226, grad_norm = 0.500
I0915 20:00:19.617376 139910849693440 logging_writer.py:48] [28] global_step=28, grad_norm=0.499999, loss=0.221163
I0915 20:00:19.620453 139954106807488 submission.py:307] 28) loss = 0.221, grad_norm = 0.500
I0915 20:00:19.854358 139910841300736 logging_writer.py:48] [29] global_step=29, grad_norm=0.499999, loss=0.212918
I0915 20:00:19.857378 139954106807488 submission.py:307] 29) loss = 0.213, grad_norm = 0.500
I0915 20:00:21.851357 139910849693440 logging_writer.py:48] [30] global_step=30, grad_norm=0.499999, loss=0.202856
I0915 20:00:21.854455 139954106807488 submission.py:307] 30) loss = 0.203, grad_norm = 0.500
I0915 20:00:23.821696 139910841300736 logging_writer.py:48] [31] global_step=31, grad_norm=0.371407, loss=0.198789
I0915 20:00:23.824821 139954106807488 submission.py:307] 31) loss = 0.199, grad_norm = 0.371
I0915 20:00:25.904151 139910849693440 logging_writer.py:48] [32] global_step=32, grad_norm=0.24784, loss=0.19207
I0915 20:00:25.907238 139954106807488 submission.py:307] 32) loss = 0.192, grad_norm = 0.248
I0915 20:00:28.149619 139910841300736 logging_writer.py:48] [33] global_step=33, grad_norm=0.290916, loss=0.191845
I0915 20:00:28.152758 139954106807488 submission.py:307] 33) loss = 0.192, grad_norm = 0.291
I0915 20:00:30.323272 139910849693440 logging_writer.py:48] [34] global_step=34, grad_norm=0.302643, loss=0.188725
I0915 20:00:30.326359 139954106807488 submission.py:307] 34) loss = 0.189, grad_norm = 0.303
I0915 20:00:32.235526 139910841300736 logging_writer.py:48] [35] global_step=35, grad_norm=0.232693, loss=0.181207
I0915 20:00:32.238704 139954106807488 submission.py:307] 35) loss = 0.181, grad_norm = 0.233
I0915 20:00:34.545101 139910849693440 logging_writer.py:48] [36] global_step=36, grad_norm=0.177011, loss=0.179977
I0915 20:00:34.548173 139954106807488 submission.py:307] 36) loss = 0.180, grad_norm = 0.177
I0915 20:00:36.656116 139910841300736 logging_writer.py:48] [37] global_step=37, grad_norm=0.250006, loss=0.174772
I0915 20:00:36.659165 139954106807488 submission.py:307] 37) loss = 0.175, grad_norm = 0.250
I0915 20:00:38.530713 139910849693440 logging_writer.py:48] [38] global_step=38, grad_norm=0.18766, loss=0.170558
I0915 20:00:38.533754 139954106807488 submission.py:307] 38) loss = 0.171, grad_norm = 0.188
I0915 20:00:40.578042 139910841300736 logging_writer.py:48] [39] global_step=39, grad_norm=0.157715, loss=0.165008
I0915 20:00:40.581073 139954106807488 submission.py:307] 39) loss = 0.165, grad_norm = 0.158
I0915 20:00:42.709939 139910849693440 logging_writer.py:48] [40] global_step=40, grad_norm=0.133243, loss=0.162582
I0915 20:00:42.712916 139954106807488 submission.py:307] 40) loss = 0.163, grad_norm = 0.133
I0915 20:00:44.713416 139910841300736 logging_writer.py:48] [41] global_step=41, grad_norm=0.12077, loss=0.160824
I0915 20:00:44.716441 139954106807488 submission.py:307] 41) loss = 0.161, grad_norm = 0.121
I0915 20:00:46.577484 139910849693440 logging_writer.py:48] [42] global_step=42, grad_norm=0.104621, loss=0.157071
I0915 20:00:46.580537 139954106807488 submission.py:307] 42) loss = 0.157, grad_norm = 0.105
I0915 20:00:48.650842 139910841300736 logging_writer.py:48] [43] global_step=43, grad_norm=0.0982749, loss=0.154367
I0915 20:00:48.654256 139954106807488 submission.py:307] 43) loss = 0.154, grad_norm = 0.098
I0915 20:00:50.489950 139910849693440 logging_writer.py:48] [44] global_step=44, grad_norm=0.0907252, loss=0.149283
I0915 20:00:50.493050 139954106807488 submission.py:307] 44) loss = 0.149, grad_norm = 0.091
I0915 20:00:52.528755 139910841300736 logging_writer.py:48] [45] global_step=45, grad_norm=0.120149, loss=0.149617
I0915 20:00:52.531764 139954106807488 submission.py:307] 45) loss = 0.150, grad_norm = 0.120
I0915 20:00:54.881362 139910849693440 logging_writer.py:48] [46] global_step=46, grad_norm=0.116981, loss=0.149308
I0915 20:00:54.884425 139954106807488 submission.py:307] 46) loss = 0.149, grad_norm = 0.117
I0915 20:00:56.788174 139910841300736 logging_writer.py:48] [47] global_step=47, grad_norm=0.0750321, loss=0.147588
I0915 20:00:56.791188 139954106807488 submission.py:307] 47) loss = 0.148, grad_norm = 0.075
I0915 20:00:58.543730 139910849693440 logging_writer.py:48] [48] global_step=48, grad_norm=0.087141, loss=0.145498
I0915 20:00:58.546782 139954106807488 submission.py:307] 48) loss = 0.145, grad_norm = 0.087
I0915 20:01:00.596484 139910841300736 logging_writer.py:48] [49] global_step=49, grad_norm=0.0745422, loss=0.144648
I0915 20:01:00.599559 139954106807488 submission.py:307] 49) loss = 0.145, grad_norm = 0.075
I0915 20:01:02.923525 139910849693440 logging_writer.py:48] [50] global_step=50, grad_norm=0.102328, loss=0.144314
I0915 20:01:02.926530 139954106807488 submission.py:307] 50) loss = 0.144, grad_norm = 0.102
I0915 20:01:05.017790 139910841300736 logging_writer.py:48] [51] global_step=51, grad_norm=0.0892823, loss=0.142085
I0915 20:01:05.020866 139954106807488 submission.py:307] 51) loss = 0.142, grad_norm = 0.089
I0915 20:01:06.879462 139910849693440 logging_writer.py:48] [52] global_step=52, grad_norm=0.0588252, loss=0.138392
I0915 20:01:06.882518 139954106807488 submission.py:307] 52) loss = 0.138, grad_norm = 0.059
I0915 20:01:09.241557 139910841300736 logging_writer.py:48] [53] global_step=53, grad_norm=0.155145, loss=0.138671
I0915 20:01:09.244675 139954106807488 submission.py:307] 53) loss = 0.139, grad_norm = 0.155
I0915 20:01:11.329763 139910849693440 logging_writer.py:48] [54] global_step=54, grad_norm=0.107676, loss=0.138166
I0915 20:01:11.332864 139954106807488 submission.py:307] 54) loss = 0.138, grad_norm = 0.108
I0915 20:01:13.494214 139910841300736 logging_writer.py:48] [55] global_step=55, grad_norm=0.0469033, loss=0.137103
I0915 20:01:13.497316 139954106807488 submission.py:307] 55) loss = 0.137, grad_norm = 0.047
I0915 20:01:15.685633 139910849693440 logging_writer.py:48] [56] global_step=56, grad_norm=0.150599, loss=0.136517
I0915 20:01:15.688696 139954106807488 submission.py:307] 56) loss = 0.137, grad_norm = 0.151
I0915 20:01:17.546811 139910841300736 logging_writer.py:48] [57] global_step=57, grad_norm=0.185356, loss=0.136744
I0915 20:01:17.549864 139954106807488 submission.py:307] 57) loss = 0.137, grad_norm = 0.185
I0915 20:01:19.773429 139910849693440 logging_writer.py:48] [58] global_step=58, grad_norm=0.146681, loss=0.134828
I0915 20:01:19.776475 139954106807488 submission.py:307] 58) loss = 0.135, grad_norm = 0.147
I0915 20:01:21.882727 139910841300736 logging_writer.py:48] [59] global_step=59, grad_norm=0.0477874, loss=0.136687
I0915 20:01:21.885846 139954106807488 submission.py:307] 59) loss = 0.137, grad_norm = 0.048
I0915 20:01:23.999485 139910849693440 logging_writer.py:48] [60] global_step=60, grad_norm=0.139275, loss=0.133472
I0915 20:01:24.002841 139954106807488 submission.py:307] 60) loss = 0.133, grad_norm = 0.139
I0915 20:01:26.117153 139910841300736 logging_writer.py:48] [61] global_step=61, grad_norm=0.331062, loss=0.135258
I0915 20:01:26.120274 139954106807488 submission.py:307] 61) loss = 0.135, grad_norm = 0.331
I0915 20:01:28.289811 139910849693440 logging_writer.py:48] [62] global_step=62, grad_norm=0.499999, loss=0.1332
I0915 20:01:28.292922 139954106807488 submission.py:307] 62) loss = 0.133, grad_norm = 0.500
I0915 20:01:30.516544 139910841300736 logging_writer.py:48] [63] global_step=63, grad_norm=0.410707, loss=0.133623
I0915 20:01:30.519545 139954106807488 submission.py:307] 63) loss = 0.134, grad_norm = 0.411
I0915 20:01:32.627273 139910849693440 logging_writer.py:48] [64] global_step=64, grad_norm=0.0206294, loss=0.132403
I0915 20:01:32.630364 139954106807488 submission.py:307] 64) loss = 0.132, grad_norm = 0.021
I0915 20:01:34.961988 139910841300736 logging_writer.py:48] [65] global_step=65, grad_norm=0.416475, loss=0.132719
I0915 20:01:34.965083 139954106807488 submission.py:307] 65) loss = 0.133, grad_norm = 0.416
I0915 20:01:37.070353 139910849693440 logging_writer.py:48] [66] global_step=66, grad_norm=0.454462, loss=0.133467
I0915 20:01:37.073471 139954106807488 submission.py:307] 66) loss = 0.133, grad_norm = 0.454
I0915 20:01:38.969537 139910841300736 logging_writer.py:48] [67] global_step=67, grad_norm=0.0254821, loss=0.132092
I0915 20:01:38.972601 139954106807488 submission.py:307] 67) loss = 0.132, grad_norm = 0.025
I0915 20:01:41.054769 139910849693440 logging_writer.py:48] [68] global_step=68, grad_norm=0.446659, loss=0.133774
I0915 20:01:41.057808 139954106807488 submission.py:307] 68) loss = 0.134, grad_norm = 0.447
I0915 20:01:43.196160 139910841300736 logging_writer.py:48] [69] global_step=69, grad_norm=0.397115, loss=0.131018
I0915 20:01:43.199201 139954106807488 submission.py:307] 69) loss = 0.131, grad_norm = 0.397
I0915 20:01:45.277044 139910849693440 logging_writer.py:48] [70] global_step=70, grad_norm=0.121745, loss=0.131279
I0915 20:01:45.280047 139954106807488 submission.py:307] 70) loss = 0.131, grad_norm = 0.122
I0915 20:01:47.381686 139910841300736 logging_writer.py:48] [71] global_step=71, grad_norm=0.499999, loss=0.132862
I0915 20:01:47.384796 139954106807488 submission.py:307] 71) loss = 0.133, grad_norm = 0.500
I0915 20:01:49.484813 139910849693440 logging_writer.py:48] [72] global_step=72, grad_norm=0.364671, loss=0.13328
I0915 20:01:49.488131 139954106807488 submission.py:307] 72) loss = 0.133, grad_norm = 0.365
I0915 20:01:51.609153 139910841300736 logging_writer.py:48] [73] global_step=73, grad_norm=0.11777, loss=0.131091
I0915 20:01:51.612163 139954106807488 submission.py:307] 73) loss = 0.131, grad_norm = 0.118
I0915 20:01:53.453272 139910849693440 logging_writer.py:48] [74] global_step=74, grad_norm=0.443358, loss=0.132302
I0915 20:01:53.456317 139954106807488 submission.py:307] 74) loss = 0.132, grad_norm = 0.443
I0915 20:01:55.508916 139910841300736 logging_writer.py:48] [75] global_step=75, grad_norm=0.380214, loss=0.134778
I0915 20:01:55.512092 139954106807488 submission.py:307] 75) loss = 0.135, grad_norm = 0.380
I0915 20:01:57.740187 139910849693440 logging_writer.py:48] [76] global_step=76, grad_norm=0.0600906, loss=0.136137
I0915 20:01:57.743229 139954106807488 submission.py:307] 76) loss = 0.136, grad_norm = 0.060
I0915 20:02:00.018419 139910841300736 logging_writer.py:48] [77] global_step=77, grad_norm=0.475492, loss=0.138261
I0915 20:02:00.021486 139954106807488 submission.py:307] 77) loss = 0.138, grad_norm = 0.475
I0915 20:02:01.904706 139910849693440 logging_writer.py:48] [78] global_step=78, grad_norm=0.480864, loss=0.140331
I0915 20:02:01.908130 139954106807488 submission.py:307] 78) loss = 0.140, grad_norm = 0.481
I0915 20:02:04.093120 139910841300736 logging_writer.py:48] [79] global_step=79, grad_norm=0.0413328, loss=0.139891
I0915 20:02:04.096100 139954106807488 submission.py:307] 79) loss = 0.140, grad_norm = 0.041
I0915 20:02:06.136270 139910849693440 logging_writer.py:48] [80] global_step=80, grad_norm=0.455155, loss=0.14161
I0915 20:02:06.139309 139954106807488 submission.py:307] 80) loss = 0.142, grad_norm = 0.455
I0915 20:02:08.105386 139910841300736 logging_writer.py:48] [81] global_step=81, grad_norm=0.465209, loss=0.139112
I0915 20:02:08.108350 139954106807488 submission.py:307] 81) loss = 0.139, grad_norm = 0.465
I0915 20:02:10.262315 139910849693440 logging_writer.py:48] [82] global_step=82, grad_norm=0.0405145, loss=0.138972
I0915 20:02:10.265306 139954106807488 submission.py:307] 82) loss = 0.139, grad_norm = 0.041
I0915 20:02:12.242578 139910841300736 logging_writer.py:48] [83] global_step=83, grad_norm=0.499999, loss=0.137475
I0915 20:02:12.245572 139954106807488 submission.py:307] 83) loss = 0.137, grad_norm = 0.500
I0915 20:02:14.541324 139910849693440 logging_writer.py:48] [84] global_step=84, grad_norm=0.406188, loss=0.138384
I0915 20:02:14.544313 139954106807488 submission.py:307] 84) loss = 0.138, grad_norm = 0.406
I0915 20:02:16.339430 139910841300736 logging_writer.py:48] [85] global_step=85, grad_norm=0.109017, loss=0.136887
I0915 20:02:16.342435 139954106807488 submission.py:307] 85) loss = 0.137, grad_norm = 0.109
I0915 20:02:18.483224 139910849693440 logging_writer.py:48] [86] global_step=86, grad_norm=0.499999, loss=0.138066
I0915 20:02:18.486344 139954106807488 submission.py:307] 86) loss = 0.138, grad_norm = 0.500
I0915 20:02:20.479923 139910841300736 logging_writer.py:48] [87] global_step=87, grad_norm=0.388794, loss=0.136583
I0915 20:02:20.483048 139954106807488 submission.py:307] 87) loss = 0.137, grad_norm = 0.389
I0915 20:02:22.182068 139910849693440 logging_writer.py:48] [88] global_step=88, grad_norm=0.123914, loss=0.135955
I0915 20:02:22.185155 139954106807488 submission.py:307] 88) loss = 0.136, grad_norm = 0.124
I0915 20:02:24.246409 139910841300736 logging_writer.py:48] [89] global_step=89, grad_norm=0.499999, loss=0.137438
I0915 20:02:24.249548 139954106807488 submission.py:307] 89) loss = 0.137, grad_norm = 0.500
I0915 20:02:26.432579 139910849693440 logging_writer.py:48] [90] global_step=90, grad_norm=0.34474, loss=0.134689
I0915 20:02:26.435601 139954106807488 submission.py:307] 90) loss = 0.135, grad_norm = 0.345
I0915 20:02:28.559903 139910841300736 logging_writer.py:48] [91] global_step=91, grad_norm=0.164735, loss=0.134932
I0915 20:02:28.562963 139954106807488 submission.py:307] 91) loss = 0.135, grad_norm = 0.165
I0915 20:02:30.569703 139910849693440 logging_writer.py:48] [92] global_step=92, grad_norm=0.499999, loss=0.135207
I0915 20:02:30.572741 139954106807488 submission.py:307] 92) loss = 0.135, grad_norm = 0.500
I0915 20:02:32.501168 139910841300736 logging_writer.py:48] [93] global_step=93, grad_norm=0.362913, loss=0.136035
I0915 20:02:32.504206 139954106807488 submission.py:307] 93) loss = 0.136, grad_norm = 0.363
I0915 20:02:34.724279 139910849693440 logging_writer.py:48] [94] global_step=94, grad_norm=0.0733061, loss=0.133714
I0915 20:02:34.727388 139954106807488 submission.py:307] 94) loss = 0.134, grad_norm = 0.073
I0915 20:02:36.590569 139910841300736 logging_writer.py:48] [95] global_step=95, grad_norm=0.476824, loss=0.131824
I0915 20:02:36.594145 139954106807488 submission.py:307] 95) loss = 0.132, grad_norm = 0.477
I0915 20:02:38.571694 139910849693440 logging_writer.py:48] [96] global_step=96, grad_norm=0.411148, loss=0.129903
I0915 20:02:38.574717 139954106807488 submission.py:307] 96) loss = 0.130, grad_norm = 0.411
I0915 20:02:40.541096 139910841300736 logging_writer.py:48] [97] global_step=97, grad_norm=0.0902777, loss=0.128171
I0915 20:02:40.544434 139954106807488 submission.py:307] 97) loss = 0.128, grad_norm = 0.090
I0915 20:02:42.571749 139910849693440 logging_writer.py:48] [98] global_step=98, grad_norm=0.434736, loss=0.131162
I0915 20:02:42.574713 139954106807488 submission.py:307] 98) loss = 0.131, grad_norm = 0.435
I0915 20:02:44.507843 139910841300736 logging_writer.py:48] [99] global_step=99, grad_norm=0.299891, loss=0.130035
I0915 20:02:44.510845 139954106807488 submission.py:307] 99) loss = 0.130, grad_norm = 0.300
I0915 20:02:46.613850 139910849693440 logging_writer.py:48] [100] global_step=100, grad_norm=0.102488, loss=0.129593
I0915 20:02:46.616871 139954106807488 submission.py:307] 100) loss = 0.130, grad_norm = 0.102
I0915 20:06:09.638692 139954106807488 spec.py:333] Evaluating on the training split.
I0915 20:15:24.274420 139954106807488 spec.py:346] Evaluating on the validation split.
I0915 20:19:15.338068 139954106807488 spec.py:363] Evaluating on the test split.
I0915 20:23:42.903936 139954106807488 submission_runner.py:516] Time since start: 3281.60s, 	Step: 200, 	{'train/loss': 0.12686944608643472, 'validation/loss': 0.12899851849719382, 'validation/num_examples': 83274637, 'test/loss': 0.13144157489993447, 'test/num_examples': 95000000, 'score': 366.55974078178406, 'total_duration': 3281.604463815689, 'accumulated_submission_time': 366.55974078178406, 'accumulated_eval_time': 2913.9182076454163, 'accumulated_logging_time': 0.056310176849365234}
I0915 20:23:42.928286 139910841300736 logging_writer.py:48] [200] accumulated_eval_time=2913.92, accumulated_logging_time=0.0563102, accumulated_submission_time=366.56, global_step=200, preemption_count=0, score=366.56, test/loss=0.131442, test/num_examples=95000000, total_duration=3281.6, train/loss=0.126869, validation/loss=0.128999, validation/num_examples=83274637
I0915 20:29:39.976366 139954106807488 spec.py:333] Evaluating on the training split.
I0915 20:38:49.402167 139954106807488 spec.py:346] Evaluating on the validation split.
I0915 20:42:41.536019 139954106807488 spec.py:363] Evaluating on the test split.
I0915 20:47:09.263425 139954106807488 submission_runner.py:516] Time since start: 4687.96s, 	Step: 402, 	{'train/loss': 0.12923112732345268, 'validation/loss': 0.12797835231330296, 'validation/num_examples': 83274637, 'test/loss': 0.13044068226430794, 'test/num_examples': 95000000, 'score': 722.8921821117401, 'total_duration': 4687.963960409164, 'accumulated_submission_time': 722.8921821117401, 'accumulated_eval_time': 3963.20534324646, 'accumulated_logging_time': 0.08729052543640137}
I0915 20:47:09.286659 139910849693440 logging_writer.py:48] [402] accumulated_eval_time=3963.21, accumulated_logging_time=0.0872905, accumulated_submission_time=722.892, global_step=402, preemption_count=0, score=722.892, test/loss=0.130441, test/num_examples=95000000, total_duration=4687.96, train/loss=0.129231, validation/loss=0.127978, validation/num_examples=83274637
I0915 20:49:40.130976 139910841300736 logging_writer.py:48] [500] global_step=500, grad_norm=0.0453804, loss=0.12807
I0915 20:49:40.134367 139954106807488 submission.py:307] 500) loss = 0.128, grad_norm = 0.045
I0915 20:53:06.336317 139954106807488 spec.py:333] Evaluating on the training split.
I0915 21:02:12.105314 139954106807488 spec.py:346] Evaluating on the validation split.
I0915 21:06:03.814789 139954106807488 spec.py:363] Evaluating on the test split.
I0915 21:10:31.542563 139954106807488 submission_runner.py:516] Time since start: 6090.24s, 	Step: 601, 	{'train/loss': 0.12846036074903305, 'validation/loss': 0.12678148764953734, 'validation/num_examples': 83274637, 'test/loss': 0.12913297464583548, 'test/num_examples': 95000000, 'score': 1079.2291326522827, 'total_duration': 6090.243111848831, 'accumulated_submission_time': 1079.2291326522827, 'accumulated_eval_time': 5008.411679267883, 'accumulated_logging_time': 0.1173408031463623}
I0915 21:10:31.565266 139910849693440 logging_writer.py:48] [601] accumulated_eval_time=5008.41, accumulated_logging_time=0.117341, accumulated_submission_time=1079.23, global_step=601, preemption_count=0, score=1079.23, test/loss=0.129133, test/num_examples=95000000, total_duration=6090.24, train/loss=0.12846, validation/loss=0.126781, validation/num_examples=83274637
I0915 21:16:28.567254 139954106807488 spec.py:333] Evaluating on the training split.
I0915 21:25:54.849238 139954106807488 spec.py:346] Evaluating on the validation split.
I0915 21:29:46.235125 139954106807488 spec.py:363] Evaluating on the test split.
I0915 21:34:13.324264 139954106807488 submission_runner.py:516] Time since start: 7512.02s, 	Step: 802, 	{'train/loss': 0.12615643360582587, 'validation/loss': 0.12629461688197174, 'validation/num_examples': 83274637, 'test/loss': 0.12872399193227668, 'test/num_examples': 95000000, 'score': 1435.5280559062958, 'total_duration': 7512.024815559387, 'accumulated_submission_time': 1435.5280559062958, 'accumulated_eval_time': 6073.168746471405, 'accumulated_logging_time': 0.1463634967803955}
I0915 21:34:13.345931 139910841300736 logging_writer.py:48] [802] accumulated_eval_time=6073.17, accumulated_logging_time=0.146363, accumulated_submission_time=1435.53, global_step=802, preemption_count=0, score=1435.53, test/loss=0.128724, test/num_examples=95000000, total_duration=7512.02, train/loss=0.126156, validation/loss=0.126295, validation/num_examples=83274637
I0915 21:39:56.148063 139910849693440 logging_writer.py:48] [1000] global_step=1000, grad_norm=0.017373, loss=0.121045
I0915 21:39:56.151256 139954106807488 submission.py:307] 1000) loss = 0.121, grad_norm = 0.017
I0915 21:40:10.665159 139954106807488 spec.py:333] Evaluating on the training split.
I0915 21:49:18.645221 139954106807488 spec.py:346] Evaluating on the validation split.
I0915 21:52:54.732950 139954106807488 spec.py:363] Evaluating on the test split.
I0915 21:57:19.464311 139954106807488 submission_runner.py:516] Time since start: 8898.16s, 	Step: 1008, 	{'train/loss': 0.12736491135558098, 'validation/loss': 0.126224402964769, 'validation/num_examples': 83274637, 'test/loss': 0.12857006342420077, 'test/num_examples': 95000000, 'score': 1792.1379549503326, 'total_duration': 8898.164870262146, 'accumulated_submission_time': 1792.1379549503326, 'accumulated_eval_time': 7101.967989206314, 'accumulated_logging_time': 0.1746838092803955}
I0915 21:57:19.486768 139910841300736 logging_writer.py:48] [1008] accumulated_eval_time=7101.97, accumulated_logging_time=0.174684, accumulated_submission_time=1792.14, global_step=1008, preemption_count=0, score=1792.14, test/loss=0.12857, test/num_examples=95000000, total_duration=8898.16, train/loss=0.127365, validation/loss=0.126224, validation/num_examples=83274637
I0915 22:03:16.402532 139954106807488 spec.py:333] Evaluating on the training split.
I0915 22:12:17.397317 139954106807488 spec.py:346] Evaluating on the validation split.
I0915 22:15:52.425201 139954106807488 spec.py:363] Evaluating on the test split.
I0915 22:20:17.684293 139954106807488 submission_runner.py:516] Time since start: 10276.38s, 	Step: 1220, 	{'train/loss': 0.12496987565034151, 'validation/loss': 0.12579652161119198, 'validation/num_examples': 83274637, 'test/loss': 0.1281569895374499, 'test/num_examples': 95000000, 'score': 2148.3401172161102, 'total_duration': 10276.384850740433, 'accumulated_submission_time': 2148.3401172161102, 'accumulated_eval_time': 8123.249813318253, 'accumulated_logging_time': 0.2063307762145996}
I0915 22:20:17.706629 139910849693440 logging_writer.py:48] [1220] accumulated_eval_time=8123.25, accumulated_logging_time=0.206331, accumulated_submission_time=2148.34, global_step=1220, preemption_count=0, score=2148.34, test/loss=0.128157, test/num_examples=95000000, total_duration=10276.4, train/loss=0.12497, validation/loss=0.125797, validation/num_examples=83274637
I0915 22:26:14.389634 139954106807488 spec.py:333] Evaluating on the training split.
I0915 22:35:09.902994 139954106807488 spec.py:346] Evaluating on the validation split.
I0915 22:38:43.186836 139954106807488 spec.py:363] Evaluating on the test split.
I0915 22:43:05.221144 139954106807488 submission_runner.py:516] Time since start: 11643.92s, 	Step: 1434, 	{'train/loss': 0.12629988249875027, 'validation/loss': 0.12569706996930202, 'validation/num_examples': 83274637, 'test/loss': 0.1278985934318141, 'test/num_examples': 95000000, 'score': 2504.3137986660004, 'total_duration': 11643.921679496765, 'accumulated_submission_time': 2504.3137986660004, 'accumulated_eval_time': 9134.081369876862, 'accumulated_logging_time': 0.23543143272399902}
I0915 22:43:05.244324 139910841300736 logging_writer.py:48] [1434] accumulated_eval_time=9134.08, accumulated_logging_time=0.235431, accumulated_submission_time=2504.31, global_step=1434, preemption_count=0, score=2504.31, test/loss=0.127899, test/num_examples=95000000, total_duration=11643.9, train/loss=0.1263, validation/loss=0.125697, validation/num_examples=83274637
I0915 22:44:29.792066 139910849693440 logging_writer.py:48] [1500] global_step=1500, grad_norm=0.0497594, loss=0.127844
I0915 22:44:29.795058 139954106807488 submission.py:307] 1500) loss = 0.128, grad_norm = 0.050
I0915 22:49:02.442855 139954106807488 spec.py:333] Evaluating on the training split.
I0915 22:57:34.574441 139954106807488 spec.py:346] Evaluating on the validation split.
I0915 23:01:05.852151 139954106807488 spec.py:363] Evaluating on the test split.
I0915 23:05:23.988765 139954106807488 submission_runner.py:516] Time since start: 12982.69s, 	Step: 1636, 	{'train/loss': 0.12364818408796514, 'validation/loss': 0.12559302556763283, 'validation/num_examples': 83274637, 'test/loss': 0.12791898632025467, 'test/num_examples': 95000000, 'score': 2860.8038444519043, 'total_duration': 12982.689307451248, 'accumulated_submission_time': 2860.8038444519043, 'accumulated_eval_time': 10115.627338647842, 'accumulated_logging_time': 0.26520299911499023}
I0915 23:05:24.011240 139910841300736 logging_writer.py:48] [1636] accumulated_eval_time=10115.6, accumulated_logging_time=0.265203, accumulated_submission_time=2860.8, global_step=1636, preemption_count=0, score=2860.8, test/loss=0.127919, test/num_examples=95000000, total_duration=12982.7, train/loss=0.123648, validation/loss=0.125593, validation/num_examples=83274637
I0915 23:11:21.668761 139954106807488 spec.py:333] Evaluating on the training split.
I0915 23:19:36.292882 139954106807488 spec.py:346] Evaluating on the validation split.
I0915 23:23:03.478832 139954106807488 spec.py:363] Evaluating on the test split.
I0915 23:27:00.745684 139954106807488 submission_runner.py:516] Time since start: 14279.45s, 	Step: 1846, 	{'train/loss': 0.12256910663538564, 'validation/loss': 0.12554404219358498, 'validation/num_examples': 83274637, 'test/loss': 0.12794173681351512, 'test/num_examples': 95000000, 'score': 3217.747561454773, 'total_duration': 14279.446210861206, 'accumulated_submission_time': 3217.747561454773, 'accumulated_eval_time': 11054.704303264618, 'accumulated_logging_time': 0.2939579486846924}
I0915 23:27:00.768395 139910849693440 logging_writer.py:48] [1846] accumulated_eval_time=11054.7, accumulated_logging_time=0.293958, accumulated_submission_time=3217.75, global_step=1846, preemption_count=0, score=3217.75, test/loss=0.127942, test/num_examples=95000000, total_duration=14279.4, train/loss=0.122569, validation/loss=0.125544, validation/num_examples=83274637
I0915 23:31:21.298362 139910841300736 logging_writer.py:48] [2000] global_step=2000, grad_norm=0.0585377, loss=0.121602
I0915 23:31:21.301581 139954106807488 submission.py:307] 2000) loss = 0.122, grad_norm = 0.059
I0915 23:32:57.352880 139954106807488 spec.py:333] Evaluating on the training split.
I0915 23:40:55.634853 139954106807488 spec.py:346] Evaluating on the validation split.
I0915 23:44:13.519577 139954106807488 spec.py:363] Evaluating on the test split.
I0915 23:48:02.180939 139954106807488 submission_runner.py:516] Time since start: 15540.88s, 	Step: 2059, 	{'train/loss': 0.12354772736065744, 'validation/loss': 0.12530044522672135, 'validation/num_examples': 83274637, 'test/loss': 0.12782435105895995, 'test/num_examples': 95000000, 'score': 3573.622041463852, 'total_duration': 15540.881484270096, 'accumulated_submission_time': 3573.622041463852, 'accumulated_eval_time': 11959.5324447155, 'accumulated_logging_time': 0.32340550422668457}
I0915 23:48:02.204767 139910849693440 logging_writer.py:48] [2059] accumulated_eval_time=11959.5, accumulated_logging_time=0.323406, accumulated_submission_time=3573.62, global_step=2059, preemption_count=0, score=3573.62, test/loss=0.127824, test/num_examples=95000000, total_duration=15540.9, train/loss=0.123548, validation/loss=0.1253, validation/num_examples=83274637
I0915 23:53:58.545754 139954106807488 spec.py:333] Evaluating on the training split.
I0916 00:00:45.972218 139954106807488 spec.py:346] Evaluating on the validation split.
I0916 00:03:43.834305 139954106807488 spec.py:363] Evaluating on the test split.
I0916 00:07:32.273742 139954106807488 submission_runner.py:516] Time since start: 16710.97s, 	Step: 2264, 	{'train/loss': 0.12145907139490257, 'validation/loss': 0.12513493672739248, 'validation/num_examples': 83274637, 'test/loss': 0.1276238236686305, 'test/num_examples': 95000000, 'score': 3929.251423597336, 'total_duration': 16710.97428059578, 'accumulated_submission_time': 3929.251423597336, 'accumulated_eval_time': 12773.260489463806, 'accumulated_logging_time': 0.3537471294403076}
I0916 00:07:32.297275 139910841300736 logging_writer.py:48] [2264] accumulated_eval_time=12773.3, accumulated_logging_time=0.353747, accumulated_submission_time=3929.25, global_step=2264, preemption_count=0, score=3929.25, test/loss=0.127624, test/num_examples=95000000, total_duration=16711, train/loss=0.121459, validation/loss=0.125135, validation/num_examples=83274637
I0916 00:13:29.420077 139954106807488 spec.py:333] Evaluating on the training split.
I0916 00:18:52.108420 139954106807488 spec.py:346] Evaluating on the validation split.
I0916 00:21:50.411141 139954106807488 spec.py:363] Evaluating on the test split.
I0916 00:25:49.354166 139954106807488 submission_runner.py:516] Time since start: 17808.05s, 	Step: 2470, 	{'train/loss': 0.12351140907166565, 'validation/loss': 0.1252825022753245, 'validation/num_examples': 83274637, 'test/loss': 0.12774588727031508, 'test/num_examples': 95000000, 'score': 4285.6617822647095, 'total_duration': 17808.054710149765, 'accumulated_submission_time': 4285.6617822647095, 'accumulated_eval_time': 13513.194631576538, 'accumulated_logging_time': 0.3836984634399414}
I0916 00:25:49.375616 139910849693440 logging_writer.py:48] [2470] accumulated_eval_time=13513.2, accumulated_logging_time=0.383698, accumulated_submission_time=4285.66, global_step=2470, preemption_count=0, score=4285.66, test/loss=0.127746, test/num_examples=95000000, total_duration=17808.1, train/loss=0.123511, validation/loss=0.125283, validation/num_examples=83274637
I0916 00:25:56.676270 139910841300736 logging_writer.py:48] [2500] global_step=2500, grad_norm=0.00709997, loss=0.116849
I0916 00:25:56.679209 139954106807488 submission.py:307] 2500) loss = 0.117, grad_norm = 0.007
I0916 00:31:47.126991 139954106807488 spec.py:333] Evaluating on the training split.
I0916 00:35:43.206616 139954106807488 spec.py:346] Evaluating on the validation split.
I0916 00:38:40.241631 139954106807488 spec.py:363] Evaluating on the test split.
I0916 00:42:45.227618 139954106807488 submission_runner.py:516] Time since start: 18823.93s, 	Step: 2695, 	{'train/loss': 0.1228290405714404, 'validation/loss': 0.12496271531906078, 'validation/num_examples': 83274637, 'test/loss': 0.12739505892141242, 'test/num_examples': 95000000, 'score': 4642.696635723114, 'total_duration': 18823.92814230919, 'accumulated_submission_time': 4642.696635723114, 'accumulated_eval_time': 14171.295335292816, 'accumulated_logging_time': 0.41157078742980957}
I0916 00:42:45.251604 139910849693440 logging_writer.py:48] [2695] accumulated_eval_time=14171.3, accumulated_logging_time=0.411571, accumulated_submission_time=4642.7, global_step=2695, preemption_count=0, score=4642.7, test/loss=0.127395, test/num_examples=95000000, total_duration=18823.9, train/loss=0.122829, validation/loss=0.124963, validation/num_examples=83274637
I0916 00:48:41.567984 139954106807488 spec.py:333] Evaluating on the training split.
I0916 00:50:12.226345 139954106807488 spec.py:346] Evaluating on the validation split.
I0916 00:53:10.165740 139954106807488 spec.py:363] Evaluating on the test split.
I0916 00:57:15.859548 139954106807488 submission_runner.py:516] Time since start: 19694.56s, 	Step: 2915, 	{'train/loss': 0.12457669032790747, 'validation/loss': 0.12476028311265129, 'validation/num_examples': 83274637, 'test/loss': 0.12726921461808055, 'test/num_examples': 95000000, 'score': 4998.295198917389, 'total_duration': 19694.56010222435, 'accumulated_submission_time': 4998.295198917389, 'accumulated_eval_time': 14685.586983680725, 'accumulated_logging_time': 0.44234395027160645}
I0916 00:57:15.883657 139910841300736 logging_writer.py:48] [2915] accumulated_eval_time=14685.6, accumulated_logging_time=0.442344, accumulated_submission_time=4998.3, global_step=2915, preemption_count=0, score=4998.3, test/loss=0.127269, test/num_examples=95000000, total_duration=19694.6, train/loss=0.124577, validation/loss=0.12476, validation/num_examples=83274637
I0916 00:59:15.710217 139910849693440 logging_writer.py:48] [3000] global_step=3000, grad_norm=0.00769041, loss=0.124982
I0916 00:59:15.713433 139954106807488 submission.py:307] 3000) loss = 0.125, grad_norm = 0.008
I0916 01:03:13.239046 139954106807488 spec.py:333] Evaluating on the training split.
I0916 01:04:12.473790 139954106807488 spec.py:346] Evaluating on the validation split.
I0916 01:07:09.599925 139954106807488 spec.py:363] Evaluating on the test split.
I0916 01:11:16.424979 139954106807488 submission_runner.py:516] Time since start: 20535.13s, 	Step: 3144, 	{'train/loss': 0.1250313014233972, 'validation/loss': 0.12474206268480638, 'validation/num_examples': 83274637, 'test/loss': 0.12726913738290888, 'test/num_examples': 95000000, 'score': 5354.927243947983, 'total_duration': 20535.125536441803, 'accumulated_submission_time': 5354.927243947983, 'accumulated_eval_time': 15168.773005723953, 'accumulated_logging_time': 0.4729907512664795}
I0916 01:11:16.451179 139910841300736 logging_writer.py:48] [3144] accumulated_eval_time=15168.8, accumulated_logging_time=0.472991, accumulated_submission_time=5354.93, global_step=3144, preemption_count=0, score=5354.93, test/loss=0.127269, test/num_examples=95000000, total_duration=20535.1, train/loss=0.125031, validation/loss=0.124742, validation/num_examples=83274637
I0916 01:17:12.768772 139954106807488 spec.py:333] Evaluating on the training split.
I0916 01:18:11.780163 139954106807488 spec.py:346] Evaluating on the validation split.
I0916 01:21:09.218853 139954106807488 spec.py:363] Evaluating on the test split.
I0916 01:25:15.558092 139954106807488 submission_runner.py:516] Time since start: 21374.26s, 	Step: 3366, 	{'train/loss': 0.12352648760409582, 'validation/loss': 0.12489402057993244, 'validation/num_examples': 83274637, 'test/loss': 0.12717002483857806, 'test/num_examples': 95000000, 'score': 5710.522954463959, 'total_duration': 21374.258639097214, 'accumulated_submission_time': 5710.522954463959, 'accumulated_eval_time': 15651.562380552292, 'accumulated_logging_time': 0.5058600902557373}
I0916 01:25:15.581366 139910849693440 logging_writer.py:48] [3366] accumulated_eval_time=15651.6, accumulated_logging_time=0.50586, accumulated_submission_time=5710.52, global_step=3366, preemption_count=0, score=5710.52, test/loss=0.12717, test/num_examples=95000000, total_duration=21374.3, train/loss=0.123526, validation/loss=0.124894, validation/num_examples=83274637
I0916 01:28:24.736372 139910841300736 logging_writer.py:48] [3500] global_step=3500, grad_norm=0.00612072, loss=0.113878
I0916 01:28:24.739601 139954106807488 submission.py:307] 3500) loss = 0.114, grad_norm = 0.006
I0916 01:31:12.152796 139954106807488 spec.py:333] Evaluating on the training split.
I0916 01:32:11.177995 139954106807488 spec.py:346] Evaluating on the validation split.
I0916 01:35:08.933703 139954106807488 spec.py:363] Evaluating on the test split.
I0916 01:39:16.398890 139954106807488 submission_runner.py:516] Time since start: 22215.10s, 	Step: 3588, 	{'train/loss': 0.12221099068462914, 'validation/loss': 0.12477229977575673, 'validation/num_examples': 83274637, 'test/loss': 0.12706287485881604, 'test/num_examples': 95000000, 'score': 6066.370519399643, 'total_duration': 22215.099447250366, 'accumulated_submission_time': 6066.370519399643, 'accumulated_eval_time': 16135.808561325073, 'accumulated_logging_time': 0.5355989933013916}
I0916 01:39:16.421976 139910849693440 logging_writer.py:48] [3588] accumulated_eval_time=16135.8, accumulated_logging_time=0.535599, accumulated_submission_time=6066.37, global_step=3588, preemption_count=0, score=6066.37, test/loss=0.127063, test/num_examples=95000000, total_duration=22215.1, train/loss=0.122211, validation/loss=0.124772, validation/num_examples=83274637
I0916 01:45:13.575877 139954106807488 spec.py:333] Evaluating on the training split.
I0916 01:46:12.497159 139954106807488 spec.py:346] Evaluating on the validation split.
I0916 01:49:10.044254 139954106807488 spec.py:363] Evaluating on the test split.
I0916 01:53:16.181886 139954106807488 submission_runner.py:516] Time since start: 23054.88s, 	Step: 3792, 	{'train/loss': 0.12433552815660046, 'validation/loss': 0.12451742472973443, 'validation/num_examples': 83274637, 'test/loss': 0.126931378600753, 'test/num_examples': 95000000, 'score': 6422.8106808662415, 'total_duration': 23054.882437944412, 'accumulated_submission_time': 6422.8106808662415, 'accumulated_eval_time': 16618.414626598358, 'accumulated_logging_time': 0.5651638507843018}
I0916 01:53:16.204516 139910841300736 logging_writer.py:48] [3792] accumulated_eval_time=16618.4, accumulated_logging_time=0.565164, accumulated_submission_time=6422.81, global_step=3792, preemption_count=0, score=6422.81, test/loss=0.126931, test/num_examples=95000000, total_duration=23054.9, train/loss=0.124336, validation/loss=0.124517, validation/num_examples=83274637
I0916 01:59:14.130293 139954106807488 spec.py:333] Evaluating on the training split.
I0916 02:00:13.175423 139954106807488 spec.py:346] Evaluating on the validation split.
I0916 02:03:10.502968 139954106807488 spec.py:363] Evaluating on the test split.
I0916 02:07:18.513114 139954106807488 submission_runner.py:516] Time since start: 23897.21s, 	Step: 3988, 	{'train/loss': 0.12145010129290815, 'validation/loss': 0.12459337733953244, 'validation/num_examples': 83274637, 'test/loss': 0.12696915144187526, 'test/num_examples': 95000000, 'score': 6780.0280385017395, 'total_duration': 23897.213665246964, 'accumulated_submission_time': 6780.0280385017395, 'accumulated_eval_time': 17102.797516345978, 'accumulated_logging_time': 0.5944151878356934}
I0916 02:07:18.536645 139910849693440 logging_writer.py:48] [3988] accumulated_eval_time=17102.8, accumulated_logging_time=0.594415, accumulated_submission_time=6780.03, global_step=3988, preemption_count=0, score=6780.03, test/loss=0.126969, test/num_examples=95000000, total_duration=23897.2, train/loss=0.12145, validation/loss=0.124593, validation/num_examples=83274637
I0916 02:07:21.816053 139910841300736 logging_writer.py:48] [4000] global_step=4000, grad_norm=0.00842768, loss=0.126094
I0916 02:07:21.819346 139954106807488 submission.py:307] 4000) loss = 0.126, grad_norm = 0.008
I0916 02:13:15.109344 139954106807488 spec.py:333] Evaluating on the training split.
I0916 02:14:13.927597 139954106807488 spec.py:346] Evaluating on the validation split.
I0916 02:17:10.988197 139954106807488 spec.py:363] Evaluating on the test split.
I0916 02:21:17.492530 139954106807488 submission_runner.py:516] Time since start: 24736.19s, 	Step: 4189, 	{'train/loss': 0.12253452513858708, 'validation/loss': 0.12448670608560994, 'validation/num_examples': 83274637, 'test/loss': 0.12675081651514958, 'test/num_examples': 95000000, 'score': 7135.8886506557465, 'total_duration': 24736.193083524704, 'accumulated_submission_time': 7135.8886506557465, 'accumulated_eval_time': 17585.180767774582, 'accumulated_logging_time': 0.6244139671325684}
I0916 02:21:17.515845 139910849693440 logging_writer.py:48] [4189] accumulated_eval_time=17585.2, accumulated_logging_time=0.624414, accumulated_submission_time=7135.89, global_step=4189, preemption_count=0, score=7135.89, test/loss=0.126751, test/num_examples=95000000, total_duration=24736.2, train/loss=0.122535, validation/loss=0.124487, validation/num_examples=83274637
I0916 02:27:15.625508 139954106807488 spec.py:333] Evaluating on the training split.
I0916 02:28:14.451395 139954106807488 spec.py:346] Evaluating on the validation split.
I0916 02:31:11.666972 139954106807488 spec.py:363] Evaluating on the test split.
I0916 02:35:18.051645 139954106807488 submission_runner.py:516] Time since start: 25576.75s, 	Step: 4386, 	{'train/loss': 0.12288636875859389, 'validation/loss': 0.12451265883311266, 'validation/num_examples': 83274637, 'test/loss': 0.12674068756344445, 'test/num_examples': 95000000, 'score': 7493.290529727936, 'total_duration': 25576.752193450928, 'accumulated_submission_time': 7493.290529727936, 'accumulated_eval_time': 18067.606957674026, 'accumulated_logging_time': 0.6540706157684326}
I0916 02:35:18.075021 139910841300736 logging_writer.py:48] [4386] accumulated_eval_time=18067.6, accumulated_logging_time=0.654071, accumulated_submission_time=7493.29, global_step=4386, preemption_count=0, score=7493.29, test/loss=0.126741, test/num_examples=95000000, total_duration=25576.8, train/loss=0.122886, validation/loss=0.124513, validation/num_examples=83274637
I0916 02:38:26.678851 139910849693440 logging_writer.py:48] [4500] global_step=4500, grad_norm=0.0130801, loss=0.123421
I0916 02:38:26.682167 139954106807488 submission.py:307] 4500) loss = 0.123, grad_norm = 0.013
I0916 02:41:16.291760 139954106807488 spec.py:333] Evaluating on the training split.
I0916 02:42:15.285953 139954106807488 spec.py:346] Evaluating on the validation split.
I0916 02:45:13.538394 139954106807488 spec.py:363] Evaluating on the test split.
I0916 02:49:21.915838 139954106807488 submission_runner.py:516] Time since start: 26420.62s, 	Step: 4597, 	{'train/loss': 0.12418175615610662, 'validation/loss': 0.12458613103884075, 'validation/num_examples': 83274637, 'test/loss': 0.12681855282239413, 'test/num_examples': 95000000, 'score': 7850.796292304993, 'total_duration': 26420.616366624832, 'accumulated_submission_time': 7850.796292304993, 'accumulated_eval_time': 18553.23108625412, 'accumulated_logging_time': 0.6840434074401855}
I0916 02:49:21.939463 139910841300736 logging_writer.py:48] [4597] accumulated_eval_time=18553.2, accumulated_logging_time=0.684043, accumulated_submission_time=7850.8, global_step=4597, preemption_count=0, score=7850.8, test/loss=0.126819, test/num_examples=95000000, total_duration=26420.6, train/loss=0.124182, validation/loss=0.124586, validation/num_examples=83274637
I0916 02:55:19.055502 139954106807488 spec.py:333] Evaluating on the training split.
I0916 02:56:17.990623 139954106807488 spec.py:346] Evaluating on the validation split.
I0916 02:59:15.373804 139954106807488 spec.py:363] Evaluating on the test split.
I0916 03:03:22.624985 139954106807488 submission_runner.py:516] Time since start: 27261.33s, 	Step: 4811, 	{'train/loss': 0.12213991612607121, 'validation/loss': 0.12426661725722801, 'validation/num_examples': 83274637, 'test/loss': 0.1264940008418033, 'test/num_examples': 95000000, 'score': 8207.194816350937, 'total_duration': 27261.325538396835, 'accumulated_submission_time': 8207.194816350937, 'accumulated_eval_time': 19036.80064892769, 'accumulated_logging_time': 0.7143452167510986}
I0916 03:03:22.648679 139910849693440 logging_writer.py:48] [4811] accumulated_eval_time=19036.8, accumulated_logging_time=0.714345, accumulated_submission_time=8207.19, global_step=4811, preemption_count=0, score=8207.19, test/loss=0.126494, test/num_examples=95000000, total_duration=27261.3, train/loss=0.12214, validation/loss=0.124267, validation/num_examples=83274637
I0916 03:08:23.567865 139910841300736 logging_writer.py:48] [5000] global_step=5000, grad_norm=0.0129254, loss=0.122698
I0916 03:08:23.571117 139954106807488 submission.py:307] 5000) loss = 0.123, grad_norm = 0.013
I0916 03:09:20.180603 139954106807488 spec.py:333] Evaluating on the training split.
I0916 03:10:19.124136 139954106807488 spec.py:346] Evaluating on the validation split.
I0916 03:13:17.110412 139954106807488 spec.py:363] Evaluating on the test split.
I0916 03:17:24.263025 139954106807488 submission_runner.py:516] Time since start: 28102.96s, 	Step: 5029, 	{'train/loss': 0.1234449331014513, 'validation/loss': 0.12426789824103962, 'validation/num_examples': 83274637, 'test/loss': 0.12658910185611122, 'test/num_examples': 95000000, 'score': 8564.014400959015, 'total_duration': 28102.96358895302, 'accumulated_submission_time': 8564.014400959015, 'accumulated_eval_time': 19520.883132219315, 'accumulated_logging_time': 0.7445018291473389}
I0916 03:17:24.286655 139910849693440 logging_writer.py:48] [5029] accumulated_eval_time=19520.9, accumulated_logging_time=0.744502, accumulated_submission_time=8564.01, global_step=5029, preemption_count=0, score=8564.01, test/loss=0.126589, test/num_examples=95000000, total_duration=28103, train/loss=0.123445, validation/loss=0.124268, validation/num_examples=83274637
I0916 03:23:21.182968 139954106807488 spec.py:333] Evaluating on the training split.
I0916 03:24:20.057318 139954106807488 spec.py:346] Evaluating on the validation split.
I0916 03:27:17.605915 139954106807488 spec.py:363] Evaluating on the test split.
I0916 03:31:25.641960 139954106807488 submission_runner.py:516] Time since start: 28944.34s, 	Step: 5230, 	{'train/loss': 0.1241965349891888, 'validation/loss': 0.1242795916885101, 'validation/num_examples': 83274637, 'test/loss': 0.12659301345568205, 'test/num_examples': 95000000, 'score': 8920.203042268753, 'total_duration': 28944.3425180912, 'accumulated_submission_time': 8920.203042268753, 'accumulated_eval_time': 20005.3422164917, 'accumulated_logging_time': 0.7747159004211426}
I0916 03:31:25.665283 139910841300736 logging_writer.py:48] [5230] accumulated_eval_time=20005.3, accumulated_logging_time=0.774716, accumulated_submission_time=8920.2, global_step=5230, preemption_count=0, score=8920.2, test/loss=0.126593, test/num_examples=95000000, total_duration=28944.3, train/loss=0.124197, validation/loss=0.12428, validation/num_examples=83274637
I0916 03:37:23.049354 139954106807488 spec.py:333] Evaluating on the training split.
I0916 03:38:21.946346 139954106807488 spec.py:346] Evaluating on the validation split.
I0916 03:41:19.720523 139954106807488 spec.py:363] Evaluating on the test split.
I0916 03:45:26.460374 139954106807488 submission_runner.py:516] Time since start: 29785.16s, 	Step: 5455, 	{'train/loss': 0.12282474210147587, 'validation/loss': 0.12446043140474752, 'validation/num_examples': 83274637, 'test/loss': 0.12676063571215176, 'test/num_examples': 95000000, 'score': 9276.86423420906, 'total_duration': 29785.160937786102, 'accumulated_submission_time': 9276.86423420906, 'accumulated_eval_time': 20488.753309249878, 'accumulated_logging_time': 0.8045017719268799}
I0916 03:45:26.484064 139910849693440 logging_writer.py:48] [5455] accumulated_eval_time=20488.8, accumulated_logging_time=0.804502, accumulated_submission_time=9276.86, global_step=5455, preemption_count=0, score=9276.86, test/loss=0.126761, test/num_examples=95000000, total_duration=29785.2, train/loss=0.122825, validation/loss=0.12446, validation/num_examples=83274637
I0916 03:46:04.392719 139910841300736 logging_writer.py:48] [5500] global_step=5500, grad_norm=0.0203687, loss=0.127595
I0916 03:46:04.395786 139954106807488 submission.py:307] 5500) loss = 0.128, grad_norm = 0.020
I0916 03:51:23.000752 139954106807488 spec.py:333] Evaluating on the training split.
I0916 03:52:21.731760 139954106807488 spec.py:346] Evaluating on the validation split.
I0916 03:55:19.530993 139954106807488 spec.py:363] Evaluating on the test split.
I0916 03:59:26.158385 139954106807488 submission_runner.py:516] Time since start: 30624.86s, 	Step: 5688, 	{'train/loss': 0.12061818726668612, 'validation/loss': 0.12426896104309743, 'validation/num_examples': 83274637, 'test/loss': 0.12654999859924315, 'test/num_examples': 95000000, 'score': 9632.654585123062, 'total_duration': 30624.85894203186, 'accumulated_submission_time': 9632.654585123062, 'accumulated_eval_time': 20971.911014795303, 'accumulated_logging_time': 0.8349716663360596}
I0916 03:59:26.180261 139910849693440 logging_writer.py:48] [5688] accumulated_eval_time=20971.9, accumulated_logging_time=0.834972, accumulated_submission_time=9632.65, global_step=5688, preemption_count=0, score=9632.65, test/loss=0.12655, test/num_examples=95000000, total_duration=30624.9, train/loss=0.120618, validation/loss=0.124269, validation/num_examples=83274637
I0916 04:05:23.834312 139954106807488 spec.py:333] Evaluating on the training split.
I0916 04:06:22.797161 139954106807488 spec.py:346] Evaluating on the validation split.
I0916 04:09:20.332171 139954106807488 spec.py:363] Evaluating on the test split.
I0916 04:13:26.113044 139954106807488 submission_runner.py:516] Time since start: 31464.81s, 	Step: 5911, 	{'train/loss': 0.12228138900259167, 'validation/loss': 0.12427444083574461, 'validation/num_examples': 83274637, 'test/loss': 0.1266273077835886, 'test/num_examples': 95000000, 'score': 9989.594222784042, 'total_duration': 31464.81358885765, 'accumulated_submission_time': 9989.594222784042, 'accumulated_eval_time': 21454.18979382515, 'accumulated_logging_time': 0.8636422157287598}
I0916 04:13:26.136420 139910841300736 logging_writer.py:48] [5911] accumulated_eval_time=21454.2, accumulated_logging_time=0.863642, accumulated_submission_time=9989.59, global_step=5911, preemption_count=0, score=9989.59, test/loss=0.126627, test/num_examples=95000000, total_duration=31464.8, train/loss=0.122281, validation/loss=0.124274, validation/num_examples=83274637
I0916 04:15:10.173542 139910849693440 logging_writer.py:48] [6000] global_step=6000, grad_norm=0.00579653, loss=0.124401
I0916 04:15:10.176532 139954106807488 submission.py:307] 6000) loss = 0.124, grad_norm = 0.006
I0916 04:19:22.939686 139954106807488 spec.py:333] Evaluating on the training split.
I0916 04:20:21.638686 139954106807488 spec.py:346] Evaluating on the validation split.
I0916 04:23:19.076370 139954106807488 spec.py:363] Evaluating on the test split.
I0916 04:27:25.910341 139954106807488 submission_runner.py:516] Time since start: 32304.61s, 	Step: 6181, 	{'train/loss': 0.1236555678991646, 'validation/loss': 0.12430735434169013, 'validation/num_examples': 83274637, 'test/loss': 0.1266926717426501, 'test/num_examples': 95000000, 'score': 10345.668259859085, 'total_duration': 32304.610867500305, 'accumulated_submission_time': 10345.668259859085, 'accumulated_eval_time': 21937.16048359871, 'accumulated_logging_time': 0.8935234546661377}
I0916 04:27:25.935933 139910841300736 logging_writer.py:48] [6181] accumulated_eval_time=21937.2, accumulated_logging_time=0.893523, accumulated_submission_time=10345.7, global_step=6181, preemption_count=0, score=10345.7, test/loss=0.126693, test/num_examples=95000000, total_duration=32304.6, train/loss=0.123656, validation/loss=0.124307, validation/num_examples=83274637
I0916 04:33:23.228075 139954106807488 spec.py:333] Evaluating on the training split.
I0916 04:34:22.206636 139954106807488 spec.py:346] Evaluating on the validation split.
I0916 04:37:19.584939 139954106807488 spec.py:363] Evaluating on the test split.
I0916 04:41:28.682484 139954106807488 submission_runner.py:516] Time since start: 33147.38s, 	Step: 6392, 	{'train/loss': 0.12257261110970631, 'validation/loss': 0.12462830525078661, 'validation/num_examples': 83274637, 'test/loss': 0.12701918875234502, 'test/num_examples': 95000000, 'score': 10702.254277944565, 'total_duration': 33147.38299417496, 'accumulated_submission_time': 10702.254277944565, 'accumulated_eval_time': 22422.614903450012, 'accumulated_logging_time': 0.9256329536437988}
I0916 04:41:28.707011 139910849693440 logging_writer.py:48] [6392] accumulated_eval_time=22422.6, accumulated_logging_time=0.925633, accumulated_submission_time=10702.3, global_step=6392, preemption_count=0, score=10702.3, test/loss=0.127019, test/num_examples=95000000, total_duration=33147.4, train/loss=0.122573, validation/loss=0.124628, validation/num_examples=83274637
I0916 04:44:09.167636 139910841300736 logging_writer.py:48] [6500] global_step=6500, grad_norm=0.00558099, loss=0.116978
I0916 04:44:09.170842 139954106807488 submission.py:307] 6500) loss = 0.117, grad_norm = 0.006
I0916 04:47:26.503743 139954106807488 spec.py:333] Evaluating on the training split.
I0916 04:48:25.436096 139954106807488 spec.py:346] Evaluating on the validation split.
I0916 04:51:23.267867 139954106807488 spec.py:363] Evaluating on the test split.
I0916 04:55:31.106278 139954106807488 submission_runner.py:516] Time since start: 33989.81s, 	Step: 6612, 	{'train/loss': 0.12285226374716535, 'validation/loss': 0.12421706379676087, 'validation/num_examples': 83274637, 'test/loss': 0.12660717286489387, 'test/num_examples': 95000000, 'score': 11059.34743642807, 'total_duration': 33989.80683994293, 'accumulated_submission_time': 11059.34743642807, 'accumulated_eval_time': 22907.217544555664, 'accumulated_logging_time': 0.9574995040893555}
I0916 04:55:31.131070 139910849693440 logging_writer.py:48] [6612] accumulated_eval_time=22907.2, accumulated_logging_time=0.9575, accumulated_submission_time=11059.3, global_step=6612, preemption_count=0, score=11059.3, test/loss=0.126607, test/num_examples=95000000, total_duration=33989.8, train/loss=0.122852, validation/loss=0.124217, validation/num_examples=83274637
I0916 05:01:28.392152 139954106807488 spec.py:333] Evaluating on the training split.
I0916 05:02:27.401229 139954106807488 spec.py:346] Evaluating on the validation split.
I0916 05:05:24.939988 139954106807488 spec.py:363] Evaluating on the test split.
I0916 05:09:32.544740 139954106807488 submission_runner.py:516] Time since start: 34831.25s, 	Step: 6851, 	{'train/loss': 0.12415708162197589, 'validation/loss': 0.12422422161349748, 'validation/num_examples': 83274637, 'test/loss': 0.1264844068511963, 'test/num_examples': 95000000, 'score': 11415.9016726017, 'total_duration': 34831.24528861046, 'accumulated_submission_time': 11415.9016726017, 'accumulated_eval_time': 23391.370171785355, 'accumulated_logging_time': 0.9887738227844238}
I0916 05:09:32.570024 139910841300736 logging_writer.py:48] [6851] accumulated_eval_time=23391.4, accumulated_logging_time=0.988774, accumulated_submission_time=11415.9, global_step=6851, preemption_count=0, score=11415.9, test/loss=0.126484, test/num_examples=95000000, total_duration=34831.2, train/loss=0.124157, validation/loss=0.124224, validation/num_examples=83274637
I0916 05:13:32.127719 139910849693440 logging_writer.py:48] [7000] global_step=7000, grad_norm=0.0259948, loss=0.120191
I0916 05:13:32.130979 139954106807488 submission.py:307] 7000) loss = 0.120, grad_norm = 0.026
I0916 05:15:29.106900 139954106807488 spec.py:333] Evaluating on the training split.
I0916 05:16:28.041907 139954106807488 spec.py:346] Evaluating on the validation split.
I0916 05:19:25.202672 139954106807488 spec.py:363] Evaluating on the test split.
I0916 05:23:33.667465 139954106807488 submission_runner.py:516] Time since start: 35672.37s, 	Step: 7067, 	{'train/loss': 0.12408029630112555, 'validation/loss': 0.12420217021317523, 'validation/num_examples': 83274637, 'test/loss': 0.126472298812545, 'test/num_examples': 95000000, 'score': 11771.739629983902, 'total_duration': 35672.36800336838, 'accumulated_submission_time': 11771.739629983902, 'accumulated_eval_time': 23875.930784225464, 'accumulated_logging_time': 1.0206894874572754}
I0916 05:23:33.690746 139910841300736 logging_writer.py:48] [7067] accumulated_eval_time=23875.9, accumulated_logging_time=1.02069, accumulated_submission_time=11771.7, global_step=7067, preemption_count=0, score=11771.7, test/loss=0.126472, test/num_examples=95000000, total_duration=35672.4, train/loss=0.12408, validation/loss=0.124202, validation/num_examples=83274637
I0916 05:29:31.782987 139954106807488 spec.py:333] Evaluating on the training split.
I0916 05:30:30.691082 139954106807488 spec.py:346] Evaluating on the validation split.
I0916 05:33:28.528238 139954106807488 spec.py:363] Evaluating on the test split.
I0916 05:37:36.157187 139954106807488 submission_runner.py:516] Time since start: 36514.86s, 	Step: 7298, 	{'train/loss': 0.12081371002780912, 'validation/loss': 0.124043713182727, 'validation/num_examples': 83274637, 'test/loss': 0.12635201827826248, 'test/num_examples': 95000000, 'score': 12129.126768112183, 'total_duration': 36514.85768580437, 'accumulated_submission_time': 12129.126768112183, 'accumulated_eval_time': 24360.304978609085, 'accumulated_logging_time': 1.0505201816558838}
I0916 05:37:36.182031 139910849693440 logging_writer.py:48] [7298] accumulated_eval_time=24360.3, accumulated_logging_time=1.05052, accumulated_submission_time=12129.1, global_step=7298, preemption_count=0, score=12129.1, test/loss=0.126352, test/num_examples=95000000, total_duration=36514.9, train/loss=0.120814, validation/loss=0.124044, validation/num_examples=83274637
I0916 05:42:50.770550 139910841300736 logging_writer.py:48] [7500] global_step=7500, grad_norm=0.00540812, loss=0.120243
I0916 05:42:50.774267 139954106807488 submission.py:307] 7500) loss = 0.120, grad_norm = 0.005
I0916 05:43:33.421471 139954106807488 spec.py:333] Evaluating on the training split.
I0916 05:44:32.337079 139954106807488 spec.py:346] Evaluating on the validation split.
I0916 05:47:29.957145 139954106807488 spec.py:363] Evaluating on the test split.
I0916 05:51:37.193573 139954106807488 submission_runner.py:516] Time since start: 37355.89s, 	Step: 7525, 	{'train/loss': 0.12114051760387055, 'validation/loss': 0.12385989917627897, 'validation/num_examples': 83274637, 'test/loss': 0.12615459975569876, 'test/num_examples': 95000000, 'score': 12485.66578912735, 'total_duration': 37355.89405155182, 'accumulated_submission_time': 12485.66578912735, 'accumulated_eval_time': 24844.077082633972, 'accumulated_logging_time': 1.0818431377410889}
I0916 05:51:37.216840 139910849693440 logging_writer.py:48] [7525] accumulated_eval_time=24844.1, accumulated_logging_time=1.08184, accumulated_submission_time=12485.7, global_step=7525, preemption_count=0, score=12485.7, test/loss=0.126155, test/num_examples=95000000, total_duration=37355.9, train/loss=0.121141, validation/loss=0.12386, validation/num_examples=83274637
I0916 05:57:35.468314 139954106807488 spec.py:333] Evaluating on the training split.
I0916 05:58:34.213041 139954106807488 spec.py:346] Evaluating on the validation split.
I0916 06:01:31.849761 139954106807488 spec.py:363] Evaluating on the test split.
I0916 06:05:40.004461 139954106807488 submission_runner.py:516] Time since start: 38198.70s, 	Step: 7736, 	{'train/loss': 0.12135035106859121, 'validation/loss': 0.1238473428037413, 'validation/num_examples': 83274637, 'test/loss': 0.12608699735605342, 'test/num_examples': 95000000, 'score': 12843.221409320831, 'total_duration': 38198.704989910126, 'accumulated_submission_time': 12843.221409320831, 'accumulated_eval_time': 25328.61328649521, 'accumulated_logging_time': 1.111832618713379}
I0916 06:05:40.029068 139910841300736 logging_writer.py:48] [7736] accumulated_eval_time=25328.6, accumulated_logging_time=1.11183, accumulated_submission_time=12843.2, global_step=7736, preemption_count=0, score=12843.2, test/loss=0.126087, test/num_examples=95000000, total_duration=38198.7, train/loss=0.12135, validation/loss=0.123847, validation/num_examples=83274637
I0916 06:11:37.010999 139954106807488 spec.py:333] Evaluating on the training split.
I0916 06:12:35.887506 139954106807488 spec.py:346] Evaluating on the validation split.
I0916 06:15:33.616516 139954106807488 spec.py:363] Evaluating on the test split.
I0916 06:19:40.468913 139954106807488 submission_runner.py:516] Time since start: 39039.17s, 	Step: 7941, 	{'train/loss': 0.12220586679590756, 'validation/loss': 0.12397896913144073, 'validation/num_examples': 83274637, 'test/loss': 0.12629493782991108, 'test/num_examples': 95000000, 'score': 13199.509422063828, 'total_duration': 39039.16946601868, 'accumulated_submission_time': 13199.509422063828, 'accumulated_eval_time': 25812.071299791336, 'accumulated_logging_time': 1.142986536026001}
I0916 06:19:40.495650 139910849693440 logging_writer.py:48] [7941] accumulated_eval_time=25812.1, accumulated_logging_time=1.14299, accumulated_submission_time=13199.5, global_step=7941, preemption_count=0, score=13199.5, test/loss=0.126295, test/num_examples=95000000, total_duration=39039.2, train/loss=0.122206, validation/loss=0.123979, validation/num_examples=83274637
I0916 06:20:53.947676 139910841300736 logging_writer.py:48] [8000] global_step=8000, grad_norm=0.00660578, loss=0.120311
I0916 06:20:53.950664 139954106807488 submission.py:307] 8000) loss = 0.120, grad_norm = 0.007
I0916 06:25:36.618233 139910849693440 logging_writer.py:48] [8183] global_step=8183, preemption_count=0, score=13555.2
I0916 06:25:51.488634 139954106807488 submission_runner.py:857] Final criteo1tb score: 13555.211057901382
